timestamp,serial,frame,lat,lon,alt,vel_v,vel_h,heading,temp,humidity,pressure,type,freq_mhz,snr,f_error_hz,sats,batt_v,burst_timer,aux_data
2026-10-04T12:33:14.995Z,X1423210,7130,45.43732,8.90112,28572.2,6.7,5.0,154.2,-273.0,-1.0,-1.0,RS41,404.900,6.8,250,10,2.7,,
2026-10-04T12:33:17.995Z,X1423210,7133,45.43722,8.90126,28588.9,5.3,6.0,128.1,-273.0,-1.0,-1.0,RS41,404.900,7.7,250,10,2.6,,
2026-10-04T12:33:30.995Z,X1423210,7146,45.43639,8.90159,28663.7,5.6,7.2,149.1,-273.0,-1.0,-1.0,RS41,404.900,7.7,250,10,2.7,,
2026-10-04T12:33:32.995Z,X1423210,7148,45.43629,8.90171,28675.2,5.6,6.9,134.3,-273.0,-1.0,-1.0,RS41,404.900,7.6,250,10,2.6,,
2026-10-04T12:33:51.995Z,X1423210,7167,45.43547,8.90226,28783.1,6.5,5.5,151.8,-273.0,-1.0,-1.0,RS41,404.900,7.1,250,10,2.6,,
2026-10-04T12:34:03.995Z,X1423210,7179,45.43503,8.90242,28850.3,6.7,4.3,149.7,-273.0,-1.0,-1.0,RS41,404.900,7.2,250,10,2.6,,
2026-10-04T12:34:04.995Z,X1423210,7180,45.43500,8.90246,28856.5,5.6,4.4,135.1,-273.0,-1.0,-1.0,RS41,404.900,7.5,250,10,2.7,,
2026-10-04T12:34:05.995Z,X1423210,7181,45.43497,8.90250,28861.9,5.3,4.4,130.1,-273.0,-1.0,-1.0,RS41,404.900,7.9,250,10,2.7,,
2026-10-04T12:34:06.995Z,X1423210,7182,45.43495,8.90254,28867.5,6.0,4.2,134.7,-273.0,-1.0,-1.0,RS41,404.900,7.9,250,10,2.6,,
2026-10-04T12:34:07.995Z,X1423210,7183,45.43492,8.90257,28873.9,6.9,4.2,152.3,-273.0,-1.0,-1.0,RS41,404.900,7.9,250,10,2.6,,
2026-10-04T12:34:08.995Z,X1423210,7184,45.43488,8.90259,28879.8,4.9,4.5,167.8,-273.0,-1.0,-1.0,RS41,404.900,7.6,250,10,2.7,,
2026-10-04T12:34:10.995Z,X1423210,7186,45.43480,8.90259,28890.8,6.8,3.7,190.0,-273.0,-1.0,-1.0,RS41,404.900,7.2,250,10,2.6,,
2026-10-04T12:34:12.995Z,X1423210,7188,45.43476,8.90258,28903.0,4.7,1.8,179.9,-273.0,-1.0,-1.0,RS41,404.900,7.2,250,10,2.6,,
2026-10-04T12:34:13.995Z,X1423210,7189,45.43474,8.90259,28907.8,4.9,1.8,158.2,-273.0,-1.0,-1.0,RS41,404.900,7.2,250,10,2.7,,
2026-10-04T12:34:14.995Z,X1423210,7190,45.43472,8.90260,28913.3,5.9,2.5,149.6,-273.0,-1.0,-1.0,RS41,404.900,7.6,250,10,2.7,,
2026-10-04T12:34:15.995Z,X1423210,7191,45.43470,8.90262,28919.5,6.6,3.8,149.8,-273.0,-1.0,-1.0,RS41,404.900,7.6,250,10,2.7,,
2026-10-04T12:34:18.995Z,X1423210,7194,45.43460,8.90273,28937.2,6.3,5.2,131.1,-273.0,-1.0,-1.0,RS41,404.900,7.1,250,10,2.6,,
2026-10-04T12:34:19.995Z,X1423210,7195,45.43457,8.90278,28943.4,5.9,5.0,118.6,-273.0,-1.0,-1.0,RS41,404.900,8.1,250,10,2.7,,
2026-10-04T12:34:20.995Z,X1423210,7196,45.43455,8.90284,28948.7,4.7,4.8,108.9,-273.0,-1.0,-1.0,RS41,404.900,8.1,250,10,2.7,,
2026-10-04T12:34:22.995Z,X1423210,7198,45.43452,8.90294,28958.9,6.3,4.1,122.6,-51.4,-1.0,-1.0,RS41,404.900,6.7,250,10,2.6,,
2026-10-04T12:34:27.995Z,X1423210,7203,45.43436,8.90300,28987.1,6.7,2.2,197.6,-51.6,-1.0,-1.0,RS41,404.900,7.2,250,10,2.6,,
2026-10-04T12:34:32.995Z,X1423210,7208,45.43432,8.90310,29016.5,4.9,5.1,117.6,-51.4,-1.0,-1.0,RS41,404.900,6.7,250,10,2.6,,
2026-10-04T12:34:33.995Z,X1423210,7209,45.43429,8.90317,29021.4,4.9,6.2,122.4,-51.6,-1.0,-1.0,RS41,404.900,7.0,250,10,2.6,,
2026-10-04T12:34:35.995Z,X1423210,7211,45.43423,8.90330,29034.0,7.1,5.7,120.3,-51.7,-1.0,-1.0,RS41,404.900,7.6,250,10,2.7,,
2026-10-04T12:34:36.995Z,X1423210,7212,45.43421,8.90336,29040.4,5.5,4.6,118.7,-51.6,-1.0,-1.0,RS41,404.900,7.6,250,10,2.7,,
2026-10-04T12:34:37.995Z,X1423210,7213,45.43419,8.90340,29046.0,5.5,3.3,126.0,-51.6,-1.0,-1.0,RS41,404.900,7.2,250,10,2.6,,
2026-10-04T12:34:42.995Z,X1423210,7218,45.43409,8.90343,29076.5,6.7,1.0,146.9,-51.8,-1.0,-1.0,RS41,404.900,7.0,250,10,2.7,,
2026-10-04T12:34:43.995Z,X1423210,7219,45.43408,8.90344,29082.9,5.9,1.8,74.8,-51.8,-1.0,-1.0,RS41,404.900,7.1,250,10,2.7,,
2026-10-04T12:34:44.995Z,X1423210,7220,45.43409,8.90347,29088.1,4.6,3.6,66.9,-51.9,-1.0,-1.0,RS41,404.900,7.6,250,10,2.6,,
2026-10-04T12:34:45.995Z,X1423210,7221,45.43411,8.90353,29092.9,5.0,5.6,73.7,-51.9,-1.0,-1.0,RS41,404.900,7.6,250,9,2.6,,
2026-10-04T12:34:46.995Z,X1423210,7222,45.43412,8.90361,29098.5,6.2,7.3,84.7,-51.8,-1.0,-1.0,RS41,404.900,8.2,250,10,2.6,,
2026-10-04T12:34:47.995Z,X1423210,7223,45.43412,8.90371,29104.4,5.6,8.2,94.5,-51.8,-1.0,-1.0,RS41,404.900,8.2,250,10,2.7,,
2026-10-04T12:34:48.995Z,X1423210,7224,45.43411,8.90381,29109.7,5.0,8.1,101.8,-51.8,-1.0,-1.0,RS41,404.900,8.0,250,10,2.7,,
2026-10-04T12:34:49.995Z,X1423210,7225,45.43409,8.90390,29115.4,6.2,7.0,106.7,-51.9,-1.0,-1.0,RS41,404.900,8.0,250,10,2.7,,
2026-10-04T12:34:50.995Z,X1423210,7226,45.43407,8.90398,29122.2,7.3,4.9,106.9,-52.0,-1.0,-1.0,RS41-SG,404.900,7.5,250,10,2.6,,
2026-10-04T12:34:52.995Z,X1423210,7228,45.43406,8.90405,29133.9,4.6,1.5,80.1,-51.8,-1.0,-1.0,RS41-SG,404.900,7.3,250,10,2.6,,
2026-10-04T12:34:53.995Z,X1423210,7229,45.43407,8.90407,29138.7,5.1,0.9,34.1,-51.6,-1.0,-1.0,RS41-SG,404.900,7.3,250,10,2.7,,
2026-10-04T12:34:54.995Z,X1423210,7230,45.43408,8.90407,29144.6,6.5,0.8,45.2,-51.6,-1.0,-1.0,RS41-SG,404.900,7.4,250,10,2.7,,
2026-10-04T12:34:56.995Z,X1423210,7232,45.43408,8.90412,29156.8,5.7,3.3,80.0,-51.6,-1.0,-1.0,RS41-SG,404.900,7.2,250,10,2.6,,
2026-10-04T12:34:58.995Z,X1423210,7234,45.43411,8.90425,29169.1,6.5,7.2,68.7,-51.7,-1.0,-1.0,RS41-SG,404.900,6.4,250,10,2.7,,
2026-10-04T12:34:59.995Z,X1423210,7235,45.43414,8.90434,29174.9,5.0,8.4,67.0,-51.5,-1.0,-1.0,RS41-SG,404.900,7.2,250,10,2.6,,
2026-10-04T12:35:00.995Z,X1423210,7236,45.43417,8.90444,29180.2,5.3,9.2,69.1,-51.4,-1.0,-1.0,RS41-SG,404.900,7.2,250,10,2.6,,
2026-10-04T12:35:28.995Z,X1423210,7264,45.43383,8.90681,29345.3,5.7,8.8,115.6,-50.2,-1.0,-1.0,RS41-SG,404.900,7.0,250,10,2.6,,
2026-10-04T12:35:29.995Z,X1423210,7265,45.43380,8.90690,29351.8,7.0,7.8,114.1,-50.1,-1.0,-1.0,RS41-SG,404.900,7.2,250,10,2.7,,
2026-10-04T12:35:46.995Z,X1423210,7282,45.43295,8.90809,29456.5,5.1,7.1,127.6,-50.5,-1.0,-1.0,RS41-SG,404.900,7.3,250,10,2.7,,
2026-10-04T12:35:55.995Z,X1423210,7291,45.43243,8.90872,29512.2,6.6,8.6,142.6,-50.2,-1.0,-1.0,RS41-SG,404.900,7.5,250,10,2.6,,
2026-10-04T12:42:58.995Z,X1423210,7714,45.42598,8.95075,32077.0,6.5,10.8,101.8,-46.7,-1.0,-1.0,RS41-SG,404.900,7.2,250,12,2.6,,
2026-10-04T12:43:20.995Z,X1423210,7736,45.42535,8.95378,32196.2,6.6,10.7,99.3,-45.7,-1.0,-1.0,RS41,404.900,7.3,250,12,2.6,,
2026-10-04T12:43:23.995Z,X1423210,7739,45.42536,8.95413,32212.0,5.3,8.5,79.9,-45.3,-1.0,-1.0,RS41,404.900,6.5,250,12,2.7,,
2026-10-04T12:43:52.995Z,X1423210,7768,45.42562,8.95785,32373.3,6.7,11.2,85.4,-44.5,-1.0,-1.0,RS41,404.900,8.8,250,12,2.6,,
2026-10-04T12:43:56.995Z,X1423210,7772,45.42562,8.95836,32395.3,5.9,8.7,87.2,-44.2,-1.0,-1.0,RS41,404.900,8.2,250,12,2.6,,
2026-10-04T12:44:00.995Z,X1423210,7776,45.42568,8.95879,32418.6,6.6,9.5,82.1,-44.0,-1.0,-1.0,RS41,404.900,7.5,250,12,2.6,,
2026-10-04T12:44:06.995Z,X1423210,7782,45.42563,8.95962,32454.0,6.3,9.7,86.0,-44.1,-1.0,-1.0,RS41,404.900,8.1,250,12,2.6,,
2026-10-04T12:44:08.995Z,X1423210,7784,45.42566,8.95983,32466.4,5.7,7.9,67.8,-44.0,-1.0,-1.0,RS41,404.900,8.5,250,12,2.7,,
2026-10-04T12:44:17.995Z,X1423210,7793,45.42565,8.96084,32519.3,6.6,12.6,79.6,-43.6,-1.0,-1.0,RS41,404.900,7.5,250,12,2.6,,
2026-10-04T12:44:20.995Z,X1423210,7796,45.42578,8.96125,32535.8,5.3,10.6,52.7,-43.6,-1.0,-1.0,RS41,404.900,6.9,250,12,2.7,,
2026-10-04T12:44:22.995Z,X1423210,7798,45.42587,8.96142,32549.0,7.3,5.9,63.9,-43.7,-1.0,-1.0,RS41,404.900,7.2,250,12,2.6,,
2026-10-04T12:44:26.995Z,X1423210,7802,45.42583,8.96168,32570.9,7.1,6.7,112.3,-43.7,-1.0,-1.0,RS41,404.900,6.8,250,12,2.7,,
2026-10-04T12:44:30.995Z,X1423210,7806,45.42583,8.96211,32596.0,6.2,11.1,79.3,-43.9,-1.0,-1.0,RS41,404.900,7.6,250,12,2.6,,
2026-10-04T12:44:56.995Z,X1423210,7832,45.42605,8.96540,32757.0,6.7,7.6,90.2,-44.3,-1.0,-1.0,RS41,404.900,6.6,250,12,2.7,,
2026-10-04T12:45:06.995Z,X1423210,7842,45.42626,8.96723,32821.0,7.1,12.4,86.3,-44.0,-1.0,-1.0,RS41,404.900,8.8,250,12,2.6,,
2026-10-04T12:45:08.995Z,X1423210,7844,45.42630,8.96747,32833.2,5.4,7.6,66.8,-43.7,-1.0,-1.0,RS41,404.900,8.2,250,12,2.7,,
2026-10-04T12:45:14.995Z,X1423210,7850,45.42650,8.96825,32872.0,4.9,18.0,84.7,-43.5,-1.0,-1.0,RS41,404.900,7.9,250,12,2.7,,
2026-10-04T12:45:16.995Z,X1423210,7852,45.42651,8.96874,32881.9,5.9,19.2,90.3,-43.7,-1.0,-1.0,RS41,404.900,8.8,250,12,2.6,,
2026-10-04T12:45:20.995Z,X1423210,7856,45.42656,8.96948,32908.0,4.8,11.0,71.0,-43.7,-1.0,-1.0,RS41,404.900,7.8,250,12,2.7,,
2026-10-04T12:45:24.995Z,X1423210,7860,45.42673,8.97000,32932.5,7.1,13.3,68.0,-44.1,-1.0,-1.0,RS41,404.900,6.9,250,12,2.6,,
2026-10-04T12:45:26.995Z,X1423210,7862,45.42683,8.97035,32944.7,5.1,16.6,70.1,-44.0,-1.0,-1.0,RS41,404.900,7.9,250,12,2.7,,
2026-10-04T12:45:31.995Z,X1423210,7867,45.42711,8.97126,32976.2,5.8,11.5,62.9,-43.6,-1.0,-1.0,RS41,404.900,8.4,250,12,2.7,,
2026-10-04T12:45:32.995Z,X1423210,7868,45.42715,8.97138,32981.8,5.2,9.6,68.1,-43.5,-1.0,-1.0,RS41,404.900,8.4,250,12,2.7,,
2026-10-04T12:45:36.995Z,X1423210,7872,45.42717,8.97188,33006.4,6.5,12.7,92.4,-43.6,-1.0,-1.0,RS41,404.900,8.4,250,12,2.6,,
2026-10-04T12:45:37.995Z,X1423210,7873,45.42717,8.97205,33012.6,5.8,14.1,87.6,-43.6,-1.0,-1.0,RS41,404.900,8.4,250,12,2.7,,
2026-10-04T12:45:40.995Z,X1423210,7876,45.42727,8.97259,33030.6,6.3,14.7,62.9,-43.7,-1.0,-1.0,RS41,404.900,7.5,250,12,2.6,,
2026-10-04T12:45:41.995Z,X1423210,7877,45.42734,8.97275,33036.9,6.2,13.9,56.9,-43.6,-1.0,-1.0,RS41,404.900,8.2,250,12,2.6,,
2026-10-04T12:45:42.995Z,X1423210,7878,45.42740,8.97289,33042.8,5.8,12.8,54.7,-43.6,-1.0,-1.0,RS41,404.900,8.2,250,12,2.6,,
2026-10-04T12:45:45.995Z,X1423210,7881,45.42753,8.97330,33062.9,7.3,12.2,84.7,-43.1,-1.0,-1.0,RS41,404.900,7.7,250,12,2.7,,
2026-10-04T12:45:58.995Z,X1423210,7894,45.42769,8.97547,33147.0,6.7,13.4,78.1,-43.0,-1.0,-1.0,RS41,404.900,8.0,250,12,2.6,,
2026-10-04T12:46:00.995Z,X1423210,7896,45.42772,8.97577,33160.5,6.9,11.0,88.0,-43.1,-1.0,-1.0,RS41,404.900,6.5,250,12,2.6,,
2026-10-04T12:46:21.995Z,X1423210,7917,45.42751,8.97927,33049.0,-53.3,17.7,111.5,-42.9,-1.0,-1.0,RS41,404.900,7.1,250,12,2.7,,
2026-10-04T12:46:29.995Z,X1423210,7925,45.42760,8.98103,32652.4,-37.2,14.4,75.7,-44.5,-1.0,-1.0,RS41,404.900,7.8,250,11,2.6,,
2026-10-04T12:46:30.995Z,X1423210,7926,45.42763,8.98119,32616.4,-36.7,11.2,78.8,-44.4,-1.0,-1.0,RS41,404.900,7.8,250,11,2.6,,
2026-10-04T12:46:44.995Z,X1423210,7940,45.42778,8.98280,32136.1,-34.1,12.4,91.7,-45.7,-1.0,-1.0,RS41,404.900,7.3,250,12,2.7,,
2026-10-04T12:47:27.995Z,X1423210,7983,45.42712,8.98769,30751.9,-30.7,12.0,94.9,-48.1,-1.0,-1.0,RS41,404.900,7.3,250,9,2.7,,
2026-10-04T12:47:42.995Z,X1423210,7998,45.42700,8.98953,30300.1,-29.6,8.3,80.7,-48.2,-1.0,-1.0,RS41,404.900,8.5,250,10,2.6,,
2026-10-04T12:47:43.995Z,X1423210,7999,45.42701,8.98963,30271.1,-28.9,7.1,91.3,-48.5,-1.0,-1.0,RS41,404.900,8.5,250,9,2.7,,
2026-10-04T12:47:44.995Z,X1423210,8000,45.42701,8.98972,30242.4,-28.8,7.0,88.9,-48.6,-1.0,-1.0,RS41,404.900,8.6,250,10,2.7,,
2026-10-04T12:47:45.995Z,X1423210,8001,45.42700,8.98980,30213.4,-29.0,5.6,98.7,-48.6,-1.0,-1.0,RS41,404.900,8.6,250,11,2.7,,
2026-10-04T12:47:46.995Z,X1423210,8002,45.42699,8.98987,30184.2,-29.0,5.9,106.1,-48.7,-1.0,-1.0,RS41,404.900,8.5,250,12,2.6,,
2026-10-04T12:47:48.995Z,X1423210,8004,45.42695,8.98998,30126.2,-29.2,5.2,131.0,-48.9,-1.0,-1.0,RS41,404.900,8.0,250,11,2.6,,
2026-10-04T12:47:49.995Z,X1423210,8005,45.42692,8.99003,30097.5,-29.0,4.5,126.4,-48.9,-1.0,-1.0,RS41,404.900,8.0,250,11,2.7,,
2026-10-04T12:47:54.995Z,X1423210,8010,45.42679,8.99031,29956.3,-28.6,5.7,116.8,-49.0,-1.0,-1.0,RS41,404.900,7.6,250,9,2.6,,
2026-10-04T12:47:56.995Z,X1423210,8012,45.42672,8.99044,29899.4,-28.3,6.0,123.0,-48.9,-1.0,-1.0,RS41,404.900,7.7,250,10,2.7,,
2026-10-04T12:47:57.995Z,X1423210,8013,45.42669,8.99050,29871.1,-28.2,6.6,134.6,-48.8,-1.0,-1.0,RS41,404.900,7.7,250,12,2.7,,
2026-10-04T12:47:58.995Z,X1423210,8014,45.42665,8.99056,29843.3,-28.0,6.3,128.2,-48.7,-1.0,-1.0,RS41,404.900,7.7,250,12,2.6,,
2026-10-04T12:47:59.995Z,X1423210,8015,45.42661,8.99062,29815.4,-28.2,6.2,134.7,-48.8,-1.0,-1.0,RS41,404.900,7.7,250,11,2.6,,
2026-10-04T12:48:00.995Z,X1423210,8016,45.42658,8.99068,29787.5,-28.3,6.2,123.4,-49.0,-1.0,-1.0,RS41,404.900,7.8,250,10,2.6,,
2026-10-04T12:48:01.995Z,X1423210,8017,45.42655,8.99074,29760.0,-27.8,5.0,116.5,-49.1,-1.0,-1.0,RS41,404.900,7.8,250,10,2.7,,
2026-10-04T12:48:02.995Z,X1423210,8018,45.42653,8.99081,29732.0,-28.1,6.3,108.5,-49.2,-1.0,-1.0,RS41,404.900,8.3,250,9,2.7,,
2026-10-04T12:48:04.995Z,X1423210,8020,45.42651,8.99096,29676.1,-28.5,6.8,102.0,-49.3,-1.0,-1.0,RS41,404.900,8.7,250,10,2.6,,
2026-10-04T12:48:05.995Z,X1423210,8021,45.42650,8.99104,29648.3,-27.9,6.3,98.2,-49.3,-1.0,-1.0,RS41,404.900,8.7,250,12,2.6,,
2026-10-04T12:48:06.995Z,X1423210,8022,45.42648,8.99112,29620.6,-27.8,7.2,111.5,-49.5,1.1,-1.0,RS41,404.900,9.1,250,11,2.6,,
2026-10-04T12:48:07.995Z,X1423210,8023,45.42646,8.99121,29593.2,-27.6,7.3,110.4,-49.7,1.1,-1.0,RS41,404.900,9.1,250,11,2.7,,
2026-10-04T12:48:08.995Z,X1423210,8024,45.42643,8.99129,29565.4,-27.9,7.5,127.2,-49.8,1.1,-1.0,RS41,404.900,8.2,250,11,2.7,,
2026-10-04T12:48:09.995Z,X1423210,8025,45.42639,8.99137,29538.2,-27.8,8.3,129.0,-49.8,1.1,-1.0,RS41,404.900,8.2,250,9,2.7,,
2026-10-04T12:48:10.995Z,X1423210,8026,45.42633,8.99144,29510.5,-28.1,8.4,141.7,-49.8,1.1,-1.0,RS41,404.900,8.6,250,9,2.6,,
2026-10-04T12:48:11.995Z,X1423210,8027,45.42627,8.99151,29482.8,-28.0,9.2,141.9,-49.8,1.1,-1.0,RS41,404.900,8.6,250,10,2.6,,
2026-10-04T12:48:12.995Z,X1423210,8028,45.42620,8.99157,29455.3,-27.8,8.4,147.5,-50.1,1.1,-1.0,RS41,404.900,8.1,250,10,2.6,,
2026-10-04T12:48:13.995Z,X1423210,8029,45.42614,8.99163,29428.2,-27.2,9.6,147.8,-50.4,1.2,-1.0,RS41,404.900,8.1,250,12,2.7,,
2026-10-04T12:48:14.995Z,X1423210,8030,45.42607,8.99170,29401.1,-27.3,8.5,142.4,-50.5,1.1,-1.0,RS41,404.900,8.1,250,10,2.7,,
2026-10-04T12:48:15.995Z,X1423210,8031,45.42601,8.99177,29374.3,-27.0,9.0,141.6,-50.5,1.1,-1.0,RS41,404.900,8.1,250,11,2.7,,
2026-10-04T12:48:16.995Z,X1423210,8032,45.42595,8.99185,29347.6,-27.0,8.4,130.7,-50.4,1.1,-1.0,RS41,404.900,8.1,250,10,2.6,,
2026-10-04T12:48:17.995Z,X1423210,8033,45.42590,8.99193,29320.9,-27.0,8.5,130.1,-50.4,1.1,-1.0,RS41,404.900,8.3,250,11,2.6,,
2026-10-04T12:48:18.995Z,X1423210,8034,45.42586,8.99201,29293.9,-27.3,8.1,119.1,-50.3,1.1,-1.0,RS41,404.900,8.3,250,10,2.6,,
2026-10-04T12:48:20.995Z,X1423210,8036,45.42580,8.99219,29240.1,-27.2,7.8,108.2,-50.2,1.1,-1.0,RS41,404.900,7.3,250,10,2.7,,
2026-10-04T12:48:46.995Z,X1423210,8062,45.42556,8.99319,28561.0,-25.3,4.4,165.6,-50.4,1.0,-1.0,RS41,404.900,7.7,250,9,2.6,,
2026-10-04T12:48:47.995Z,X1423210,8063,45.42552,8.99321,28535.5,-25.5,4.2,156.2,-50.5,1.0,-1.0,RS41,404.900,7.7,250,8,2.6,,
