timestamp,serial,frame,lat,lon,alt,vel_v,vel_h,heading,temp,humidity,pressure,type,freq_mhz,snr,f_error_hz,sats,batt_v,burst_timer,aux_data
2026-08-03T00:32:51.000Z,W4214499,6386,47.03107,7.12172,29209.3,5.7,11.5,273.0,-273.0,-1.0,-1.0,RS41,403.500,6.9,250,12,2.5,,
2026-08-03T00:33:12.000Z,W4214499,6407,47.03141,7.11829,29323.2,4.4,14.2,280.8,-273.0,-1.0,-1.0,RS41,403.500,6.9,250,12,2.5,,
2026-08-03T00:33:24.000Z,W4214499,6419,47.03169,7.11611,29388.4,5.3,10.9,290.4,-273.0,-1.0,-1.0,RS41,403.500,6.6,250,12,2.5,,
2026-08-03T00:33:25.000Z,W4214499,6420,47.03173,7.11597,29393.5,5.1,11.3,293.5,-273.0,-1.0,-1.0,RS41,403.500,7.1,250,11,2.6,,
2026-08-03T00:33:40.000Z,W4214499,6435,47.03216,7.11331,29479.4,6.0,12.1,286.3,-273.0,-1.0,-1.0,RS41,403.500,7.2,250,12,2.5,,
2026-08-03T00:33:44.000Z,W4214499,6439,47.03231,7.11264,29502.1,5.7,15.6,284.7,-273.0,-1.0,-1.0,RS41,403.500,7.3,250,12,2.5,,
2026-08-03T00:33:45.000Z,W4214499,6440,47.03234,7.11244,29507.5,5.0,16.2,282.2,-273.0,-1.0,-1.0,RS41,403.500,7.3,250,12,2.5,,
2026-08-03T00:33:49.000Z,W4214499,6444,47.03245,7.11169,29531.8,4.9,12.4,281.6,-273.0,-1.0,-1.0,RS41,403.500,6.8,250,12,2.5,,
2026-08-03T00:33:53.000Z,W4214499,6448,47.03251,7.11105,29554.9,5.5,13.0,275.8,-273.0,-1.0,-1.0,RS41,403.500,7.2,250,12,2.6,,
2026-08-03T00:33:57.000Z,W4214499,6452,47.03262,7.11039,29578.7,5.0,13.6,291.4,-273.0,-1.0,-1.0,RS41,403.500,7.3,250,11,2.5,,
2026-08-03T00:33:58.000Z,W4214499,6453,47.03266,7.11022,29583.8,5.3,14.7,291.5,-273.0,-1.0,-1.0,RS41,403.500,7.3,250,12,2.6,,
2026-08-03T00:33:59.000Z,W4214499,6454,47.03271,7.11003,29589.6,6.0,16.0,289.1,-273.0,-1.0,-1.0,RS41,403.500,6.9,250,12,2.6,,
2026-08-03T00:34:01.000Z,W4214499,6456,47.03279,7.10960,29601.2,4.8,17.7,281.7,-273.0,-1.0,-1.0,RS41,403.500,7.2,250,12,2.5,,
2026-08-03T00:34:02.000Z,W4214499,6457,47.03282,7.10938,29606.5,5.7,17.1,278.7,-273.0,-1.0,-1.0,RS41,403.500,7.2,250,12,2.5,,
2026-08-03T00:34:05.000Z,W4214499,6460,47.03286,7.10882,29625.3,4.6,11.5,275.8,-273.0,-1.0,-1.0,RS41,403.500,6.6,250,12,2.5,,
2026-08-03T00:34:06.000Z,W4214499,6461,47.03287,7.10868,29629.8,4.4,10.1,273.7,-273.0,-1.0,-1.0,RS41-SG,403.500,7.6,250,12,2.5,,
2026-08-03T00:34:07.000Z,W4214499,6462,47.03287,7.10855,29635.0,6.0,9.6,271.1,-273.0,-1.0,-1.0,RS41-SG,403.500,7.6,250,12,2.5,,
2026-08-03T00:34:08.000Z,W4214499,6463,47.03288,7.10842,29641.3,6.6,10.3,270.0,-273.0,-1.0,-1.0,RS41-SG,403.500,7.2,250,12,2.5,,
2026-08-03T00:34:10.000Z,W4214499,6465,47.03288,7.10812,29653.6,6.2,12.4,274.8,-273.0,-1.0,-1.0,RS41-SG,403.500,7.4,250,12,2.6,,
2026-08-03T00:34:11.000Z,W4214499,6466,47.03290,7.10795,29660.2,6.8,13.2,280.7,-273.0,-1.0,-1.0,RS41-SG,403.500,7.4,250,12,2.5,,
2026-08-03T00:34:13.000Z,W4214499,6468,47.03297,7.10760,29672.4,4.9,14.7,291.2,-273.0,-1.0,-1.0,RS41-SG,403.500,7.3,250,12,2.5,,
2026-08-03T00:34:14.000Z,W4214499,6469,47.03302,7.10742,29677.2,4.7,16.0,294.1,-273.0,-1.0,-1.0,RS41-SG,403.500,7.6,250,12,2.6,,
2026-08-03T00:34:15.000Z,W4214499,6470,47.03308,7.10722,29682.4,5.5,17.4,294.3,-273.0,-1.0,-1.0,RS41-SG,403.500,7.8,250,12,2.6,,
2026-08-03T00:34:22.000Z,W4214499,6477,47.03348,7.10588,29724.0,4.6,10.5,297.9,-273.0,-1.0,-1.0,RS41-SG,403.500,7.4,250,12,2.5,,
2026-08-03T00:34:23.000Z,W4214499,6478,47.03352,7.10576,29728.9,5.2,9.7,294.8,-273.0,-1.0,-1.0,RS41-SG,403.500,7.4,250,12,2.5,,
2026-08-03T00:34:24.000Z,W4214499,6479,47.03355,7.10564,29735.0,7.0,10.3,287.9,-273.0,-1.0,-1.0,RS41-SG,403.500,7.3,250,12,2.5,,
2026-08-03T00:34:35.000Z,W4214499,6490,47.03399,7.10368,29800.1,5.3,14.6,289.3,-273.0,-1.0,-1.0,RS41-SG,403.500,7.0,250,12,2.5,,
2026-08-03T00:34:36.000Z,W4214499,6491,47.03403,7.10351,29805.7,5.8,12.8,285.7,-273.0,-1.0,-1.0,RS41-SG,403.500,7.6,250,12,2.6,,
2026-08-03T00:34:37.000Z,W4214499,6492,47.03406,7.10336,29811.7,6.1,10.8,281.8,-273.0,-1.0,-1.0,RS41-SG,403.500,7.6,250,12,2.6,,
2026-08-03T00:34:39.000Z,W4214499,6494,47.03408,7.10312,29822.8,5.1,8.8,276.8,-273.0,-1.0,-1.0,RS41-SG,403.500,7.0,250,12,2.5,,
2026-08-03T00:34:40.000Z,W4214499,6495,47.03409,7.10300,29828.3,5.9,9.5,276.8,-273.0,-1.0,-1.0,RS41-SG,403.500,7.1,250,12,2.5,,
2026-08-03T00:34:41.000Z,W4214499,6496,47.03410,7.10286,29834.5,6.5,11.5,277.0,-273.0,-1.0,-1.0,RS41-SG,403.500,7.1,250,12,2.5,,
2026-08-03T00:34:42.000Z,W4214499,6497,47.03412,7.10270,29840.8,6.0,13.9,277.3,-273.0,-1.0,-1.0,RS41-SG,403.500,7.1,250,12,2.6,,
2026-08-03T00:37:34.000Z,W4214499,6669,47.03647,7.07731,30847.4,5.4,11.9,273.3,-273.0,-1.0,-1.0,RS41-SG,403.500,6.5,250,12,2.5,,
2026-08-03T00:37:36.000Z,W4214499,6671,47.03648,7.07697,30859.5,6.8,14.1,273.0,-273.0,-1.0,-1.0,RS41-SG,403.500,6.5,250,12,2.6,,
2026-08-03T00:37:45.000Z,W4214499,6680,47.03663,7.07547,30915.1,5.3,12.6,293.1,-273.0,-1.0,-1.0,RS41-SG,403.500,7.2,250,12,2.5,,
2026-08-03T00:37:48.000Z,W4214499,6683,47.03678,7.07500,30932.3,6.9,12.4,291.6,-273.0,-1.0,-1.0,RS41-SG,403.500,6.9,250,12,2.6,,
2026-08-03T00:37:51.000Z,W4214499,6686,47.03686,7.07457,30950.6,5.5,11.0,281.1,-273.0,-1.0,-1.0,RS41-SG,403.500,7.4,250,12,2.5,,
2026-08-03T00:38:00.000Z,W4214499,6695,47.03708,7.07330,31004.7,6.5,8.4,281.1,-273.0,-1.0,-1.0,RS41-SG,403.500,7.1,250,12,2.5,,
2026-08-03T00:38:04.000Z,W4214499,6699,47.03721,7.07283,31028.6,5.9,10.4,299.3,-273.0,-1.0,-1.0,RS41-SG,403.500,7.4,250,12,2.6,,
2026-08-03T00:38:07.000Z,W4214499,6702,47.03734,7.07252,31047.1,5.5,8.5,302.8,-273.0,-1.0,-1.0,RS41-SG,403.500,6.7,250,12,2.5,,
2026-08-03T00:38:12.000Z,W4214499,6707,47.03756,7.07197,31077.8,6.6,10.1,293.4,-273.0,-1.0,-1.0,RS41-SG,403.500,7.1,250,12,2.5,,
2026-08-03T00:38:15.000Z,W4214499,6710,47.03760,7.07165,31096.9,5.0,7.2,265.8,-273.0,-1.0,-1.0,RS41-SG,403.500,7.2,250,12,2.6,,
2026-08-03T00:38:16.000Z,W4214499,6711,47.03759,7.07156,31102.3,5.5,7.3,259.1,-273.0,-1.0,-1.0,RS41-SG,403.500,7.3,250,12,2.5,,
2026-08-03T00:38:19.000Z,W4214499,6714,47.03757,7.07122,31121.2,5.7,10.0,269.6,-273.0,-1.0,-1.0,RS41-SG,403.500,6.9,250,12,2.5,,
2026-08-03T00:38:20.000Z,W4214499,6715,47.03757,7.07109,31126.8,5.5,10.4,272.6,-273.0,-1.0,-1.0,RS41-SG,403.500,6.9,250,12,2.6,,
2026-08-03T00:38:21.000Z,W4214499,6716,47.03757,7.07096,31132.5,5.8,10.0,273.7,-273.0,-1.0,-1.0,RS41-SG,403.500,6.9,250,12,2.6,,
2026-08-03T00:38:24.000Z,W4214499,6719,47.03757,7.07063,31151.4,5.9,6.7,261.8,-273.0,-1.0,-1.0,RS41-SG,403.500,7.1,250,12,2.5,,
2026-08-03T00:38:25.000Z,W4214499,6720,47.03756,7.07055,31157.2,5.5,6.6,254.4,-273.0,-1.0,-1.0,RS41-SG,403.500,7.3,250,12,2.6,,
2026-08-03T00:38:26.000Z,W4214499,6721,47.03754,7.07046,31163.0,6.1,7.6,250.7,-273.0,-1.0,-1.0,RS41-SG,403.500,7.3,250,12,2.6,,
2026-08-03T00:38:29.000Z,W4214499,6724,47.03748,7.07007,31182.1,6.1,12.8,262.3,-273.0,-1.0,-1.0,RS41-SG,403.500,7.4,250,12,2.5,,
2026-08-03T00:38:30.000Z,W4214499,6725,47.03746,7.06989,31187.8,5.4,13.6,266.3,-273.0,-1.0,-1.0,RS41-SG,403.500,7.4,250,12,2.5,,
2026-08-03T00:38:31.000Z,W4214499,6726,47.03746,7.06972,31193.3,5.6,13.2,270.7,-273.0,-1.0,-1.0,RS41-SG,403.500,7.3,250,12,2.6,,
2026-08-03T00:38:32.000Z,W4214499,6727,47.03746,7.06956,31199.3,6.3,11.6,273.0,-273.0,-1.0,-1.0,RS41-SG,403.500,7.1,250,12,2.6,,
2026-08-03T00:38:33.000Z,W4214499,6728,47.03747,7.06942,31205.7,6.4,9.4,272.7,-273.0,-1.0,-1.0,RS41-SG,403.500,7.1,250,12,2.5,,
2026-08-03T00:38:34.000Z,W4214499,6729,47.03747,7.06931,31211.9,5.7,7.5,266.3,-273.0,-1.0,-1.0,RS41-SG,403.500,6.9,250,12,2.5,,
2026-08-03T00:38:35.000Z,W4214499,6730,47.03746,7.06922,31217.4,5.3,6.7,254.0,-273.0,-1.0,-1.0,RS41-SG,403.500,7.2,250,12,2.5,,
2026-08-03T00:38:36.000Z,W4214499,6731,47.03744,7.06913,31223.0,5.8,7.5,243.9,-273.0,-1.0,-1.0,RS41-SG,403.500,8.0,250,12,2.6,,
2026-08-03T00:38:37.000Z,W4214499,6732,47.03740,7.06903,31229.2,6.5,9.4,242.4,-273.0,-1.0,-1.0,RS41-SG,403.500,8.0,250,12,2.6,,
2026-08-03T00:38:38.000Z,W4214499,6733,47.03736,7.06891,31236.0,7.0,11.9,245.7,-273.0,-1.0,-1.0,RS41-SG,403.500,7.5,250,12,2.5,,
2026-08-03T00:38:41.000Z,W4214499,6736,47.03726,7.06836,31253.3,5.1,16.1,263.5,-273.0,-1.0,-1.0,RS41-SG,403.500,7.1,250,12,2.5,,
2026-08-03T00:38:42.000Z,W4214499,6737,47.03725,7.06815,31259.0,6.4,15.6,271.2,-273.0,-1.0,-1.0,RS41-SG,403.500,7.2,250,12,2.6,,
2026-08-03T00:38:45.000Z,W4214499,6740,47.03732,7.06763,31277.6,5.2,11.6,289.6,-273.0,-1.0,-1.0,RS41-SG,403.500,6.9,250,12,2.5,,
2026-08-03T00:38:46.000Z,W4214499,6741,47.03735,7.06749,31283.3,6.2,10.9,289.2,-273.0,-1.0,-1.0,RS41-SG,403.500,8.3,250,12,2.5,,
2026-08-03T00:38:47.000Z,W4214499,6742,47.03738,7.06736,31290.0,7.4,11.0,282.5,-273.0,-1.0,-1.0,RS41-SG,403.500,8.3,250,12,2.6,,
2026-08-03T00:38:48.000Z,W4214499,6743,47.03740,7.06721,31297.1,6.7,11.8,274.8,-273.0,-1.0,-1.0,RS41-SG,403.500,8.1,250,12,2.6,,
2026-08-03T00:38:49.000Z,W4214499,6744,47.03740,7.06705,31303.0,5.2,12.7,269.1,-273.0,-1.0,-1.0,RS41-SG,403.500,8.1,250,12,2.5,,
2026-08-03T00:38:50.000Z,W4214499,6745,47.03739,7.06688,31308.2,5.1,13.5,265.4,-273.0,-1.0,-1.0,RS41-SG,403.500,7.5,250,12,2.5,,
2026-08-03T00:38:53.000Z,W4214499,6748,47.03736,7.06635,31326.7,7.0,13.1,266.2,-273.0,-1.0,-1.0,RS41-SG,403.500,7.4,250,12,2.6,,
2026-08-03T00:38:54.000Z,W4214499,6749,47.03735,7.06618,31333.2,5.9,12.7,267.8,-273.0,-1.0,-1.0,RS41-SG,403.500,7.9,250,12,2.5,,
2026-08-03T00:38:55.000Z,W4214499,6750,47.03735,7.06601,31338.8,5.3,12.7,269.0,-273.0,-1.0,-1.0,RS41-SG,403.500,8.1,250,12,2.5,,
2026-08-03T00:38:56.000Z,W4214499,6751,47.03735,7.06584,31344.4,6.0,13.0,268.6,-273.0,-1.0,-1.0,RS41-SG,403.500,8.1,250,12,2.5,,
2026-08-03T00:38:57.000Z,W4214499,6752,47.03734,7.06567,31350.8,6.8,13.6,267.3,-273.0,-1.0,-1.0,RS41-SG,403.500,8.0,250,12,2.5,,
2026-08-03T00:39:00.000Z,W4214499,6755,47.03732,7.06514,31370.0,7.1,12.6,269.8,-273.0,-1.0,-1.0,RS41-SG,403.500,7.3,250,12,2.5,,
2026-08-03T00:39:01.000Z,W4214499,6756,47.03733,7.06498,31377.0,6.9,11.0,275.2,-273.0,-1.0,-1.0,RS41-SG,403.500,7.8,250,12,2.5,,
2026-08-03T00:39:02.000Z,W4214499,6757,47.03734,7.06485,31383.5,6.2,9.6,281.9,-273.0,-1.0,-1.0,RS41-SG,403.500,8.0,250,12,2.5,,
2026-08-03T00:39:03.000Z,W4214499,6758,47.03736,7.06473,31389.3,5.3,8.8,286.8,-273.0,-1.0,-1.0,RS41-SG,403.500,8.0,250,12,2.6,,
2026-08-03T00:39:04.000Z,W4214499,6759,47.03738,7.06462,31394.8,5.6,8.6,286.4,-273.0,-1.0,-1.0,RS41-SG,403.500,8.0,250,12,2.6,,
2026-08-03T00:39:05.000Z,W4214499,6760,47.03740,7.06451,31400.7,6.2,9.0,279.3,-273.0,-1.0,-1.0,RS41-SG,403.500,8.2,250,12,2.5,,
2026-08-03T00:39:06.000Z,W4214499,6761,47.03741,7.06439,31407.4,7.1,10.2,269.8,-273.0,-1.0,-1.0,RS41-SG,403.500,8.2,250,12,2.5,,
2026-08-03T00:39:07.000Z,W4214499,6762,47.03740,7.06425,31414.1,6.3,11.6,262.5,-273.0,-1.0,-1.0,RS41-SG,403.500,7.7,250,12,2.5,,
2026-08-03T00:39:08.000Z,W4214499,6763,47.03738,7.06409,31419.8,5.1,12.6,258.6,-273.0,-1.0,-1.0,RS41-SG,403.500,7.2,250,12,2.5,,
2026-08-03T00:39:13.000Z,W4214499,6768,47.03731,7.06339,31450.5,4.5,7.4,275.3,-273.0,-1.0,-1.0,RS41-SG,403.500,7.3,250,12,2.5,,
2026-08-03T00:39:14.000Z,W4214499,6769,47.03732,7.06330,31455.2,4.9,6.5,279.6,-273.0,-1.0,-1.0,RS41-SG,403.500,7.9,250,12,2.6,,
2026-08-03T00:39:15.000Z,W4214499,6770,47.03733,7.06321,31461.0,6.5,6.4,278.1,-273.0,-1.0,-1.0,RS41-SG,403.500,8.2,250,12,2.6,,
2026-08-03T00:39:16.000Z,W4214499,6771,47.03733,7.06313,31467.8,7.2,7.0,271.6,-273.0,-1.0,-1.0,RS41-SG,403.500,8.2,250,12,2.5,,
2026-08-03T00:39:17.000Z,W4214499,6772,47.03733,7.06303,31474.4,5.9,8.0,266.7,-273.0,-1.0,-1.0,RS41-SG,403.500,8.0,250,12,2.5,,
2026-08-03T00:39:18.000Z,W4214499,6773,47.03733,7.06292,31480.2,5.6,9.0,264.6,-273.0,-1.0,-1.0,RS41-SG,403.500,7.9,250,12,2.5,,
2026-08-03T00:39:20.000Z,W4214499,6775,47.03732,7.06267,31492.0,6.6,10.2,270.2,-273.0,-1.0,-1.0,RS41-SG,403.500,6.9,250,12,2.6,,
2026-08-03T00:39:21.000Z,W4214499,6776,47.03732,7.06253,31498.7,6.9,10.5,275.1,-273.0,-1.0,-1.0,RS41-SG,403.500,7.9,250,11,2.5,,
2026-08-03T00:39:22.000Z,W4214499,6777,47.03733,7.06239,31505.1,5.7,10.7,277.9,-273.0,-1.0,-1.0,RS41-SG,403.500,8.2,250,12,2.5,,
2026-08-03T00:39:23.000Z,W4214499,6778,47.03734,7.06225,31510.6,5.5,11.3,278.5,-273.0,-1.0,-1.0,RS41-SG,403.500,8.2,250,12,2.5,,
2026-08-03T00:39:24.000Z,W4214499,6779,47.03736,7.06210,31516.5,6.3,12.2,275.3,-273.0,-1.0,-1.0,RS41-SG,403.500,7.8,250,12,2.5,,
2026-08-03T00:39:25.000Z,W4214499,6780,47.03736,7.06193,31523.2,7.0,13.1,269.9,-273.0,-1.0,-1.0,RS41-SG,403.500,7.2,250,12,2.6,,
2026-08-03T00:39:28.000Z,W4214499,6783,47.03732,7.06141,31541.0,5.8,12.9,258.9,-273.0,-1.0,-1.0,RS41-SG,403.500,6.7,250,12,2.5,,
2026-08-03T00:39:29.000Z,W4214499,6784,47.03730,7.06125,31546.9,6.0,11.3,259.8,-273.0,-1.0,-1.0,RS41-SG,403.500,7.0,250,12,2.5,,
2026-08-03T00:39:30.000Z,W4214499,6785,47.03729,7.06112,31553.2,6.6,9.4,264.0,-273.0,-1.0,-1.0,RS41-SG,403.500,7.2,250,12,2.6,,
2026-08-03T00:39:31.000Z,W4214499,6786,47.03728,7.06100,31559.7,6.3,7.9,270.4,-273.0,-1.0,-1.0,RS41-SG,403.500,7.2,250,12,2.6,,
2026-08-03T00:39:32.000Z,W4214499,6787,47.03729,7.06090,31565.5,5.3,7.3,275.8,-273.0,-1.0,-1.0,RS41-SG,403.500,7.5,250,12,2.5,,
2026-08-03T00:39:33.000Z,W4214499,6788,47.03729,7.06081,31571.0,5.9,7.8,277.1,-273.0,-1.0,-1.0,RS41-SG,403.500,7.5,250,12,2.5,,
2026-08-03T00:39:34.000Z,W4214499,6789,47.03730,7.06069,31577.5,7.0,9.5,274.3,-273.0,-1.0,-1.0,RS41-SG,403.500,7.3,250,11,2.5,,
2026-08-03T00:39:35.000Z,W4214499,6790,47.03730,7.06055,31584.3,6.6,11.8,270.5,-41.6,0.6,-1.0,RS41-SG,403.500,6.8,250,11,2.5,,
2026-08-03T00:39:36.000Z,W4214499,6791,47.03730,7.06039,31590.0,4.9,13.8,267.9,-41.5,0.6,-1.0,RS41-SG,403.500,6.9,250,11,2.6,,
2026-08-03T00:39:41.000Z,W4214499,6796,47.03727,7.05942,31619.5,5.6,12.7,269.5,-41.1,0.6,-1.0,RS41-SG,403.500,7.4,250,11,2.6,,
2026-08-03T00:39:42.000Z,W4214499,6797,47.03727,7.05926,31625.2,5.8,11.7,268.0,-41.1,0.6,-1.0,RS41-SG,403.500,7.8,250,11,2.6,,
2026-08-03T00:39:43.000Z,W4214499,6798,47.03726,7.05911,31631.4,6.7,11.1,263.9,-41.0,0.6,-1.0,RS41-SG,403.500,7.8,250,11,2.5,,
2026-08-03T00:39:44.000Z,W4214499,6799,47.03725,7.05897,31637.9,6.2,10.9,260.2,-40.9,0.6,-1.0,RS41-SG,403.500,7.3,250,11,2.5,,
2026-08-03T00:39:45.000Z,W4214499,6800,47.03723,7.05883,31643.7,5.4,10.7,257.9,-40.9,0.6,-1.0,RS41-SG,403.500,7.3,250,11,2.5,,
2026-08-03T00:39:46.000Z,W4214499,6801,47.03721,7.05870,31649.4,6.1,10.3,257.9,-40.8,0.6,-1.0,RS41-SG,403.500,6.9,250,11,2.6,,
2026-08-03T00:39:47.000Z,W4214499,6802,47.03720,7.05857,31656.0,7.1,9.6,262.3,-40.8,0.6,-1.0,RS41-SG,403.500,6.9,250,11,2.6,,
2026-08-03T00:39:51.000Z,W4214499,6806,47.03721,7.05804,31679.4,6.3,12.4,275.0,-40.6,0.6,-1.0,RS41-SG,403.500,6.7,250,11,2.5,,
2026-08-03T00:42:30.000Z,W4214499,6965,47.03405,7.03378,32600.3,6.9,7.9,247.4,-38.4,0.5,-1.0,RS41-SG,403.500,7.1,250,10,2.5,,
2026-08-03T00:42:34.000Z,W4214499,6969,47.03392,7.03325,32623.9,7.0,12.2,254.2,-38.3,0.5,-1.0,RS41-SG,403.500,6.8,250,11,2.6,,
2026-08-03T00:42:38.000Z,W4214499,6973,47.03386,7.03264,32647.7,6.1,12.2,269.0,-38.3,0.5,-1.0,RS41-SG,403.500,7.3,250,11,2.6,,
2026-08-03T00:42:39.000Z,W4214499,6974,47.03386,7.03247,32654.2,6.9,12.7,270.8,-38.3,0.5,-1.0,RS41-SG,403.500,7.3,250,11,2.6,,
2026-08-03T00:42:42.000Z,W4214499,6977,47.03386,7.03199,32672.4,6.1,10.5,268.2,-38.2,0.5,-1.0,RS41-SG,403.500,6.8,250,11,2.5,,
2026-08-03T00:42:45.000Z,W4214499,6980,47.03383,7.03170,32690.8,5.2,5.3,248.3,-38.2,0.5,-1.0,RS41-SG,403.500,6.6,250,11,2.5,,
2026-08-03T00:42:46.000Z,W4214499,6981,47.03381,7.03164,32696.5,6.0,5.4,240.3,-38.1,0.5,-1.0,RS41-SG,403.500,7.7,250,11,2.5,,
2026-08-03T00:42:47.000Z,W4214499,6982,47.03378,7.03157,32703.1,7.3,7.0,241.6,-38.2,0.5,-1.0,RS41-SG,403.500,7.7,250,11,2.5,,
2026-08-03T00:42:48.000Z,W4214499,6983,47.03375,7.03148,32710.3,7.1,9.1,247.2,-38.1,0.5,-1.0,RS41-SG,403.500,7.7,250,11,2.5,,
2026-08-03T00:42:50.000Z,W4214499,6985,47.03369,7.03120,32722.2,5.5,12.8,257.3,-38.1,0.5,-1.0,RS41-SG,403.500,7.5,250,11,2.6,,
2026-08-03T00:42:51.000Z,W4214499,6986,47.03367,7.03103,32728.3,6.5,13.4,262.3,-38.0,0.5,-1.0,RS41-SG,403.500,7.5,250,11,2.5,,
2026-08-03T00:42:54.000Z,W4214499,6989,47.03367,7.03056,32747.0,5.1,10.6,275.6,-38.0,0.5,-1.0,RS41-SG,403.500,7.0,250,11,2.6,,
2026-08-03T00:42:55.000Z,W4214499,6990,47.03368,7.03042,32752.2,5.3,9.7,279.4,-37.9,0.5,-1.0,RS41-SG,403.500,7.7,250,11,2.6,,
2026-08-03T00:42:56.000Z,W4214499,6991,47.03369,7.03030,32758.1,6.5,9.3,280.7,-37.9,0.5,-1.0,RS41-SG,403.500,7.7,250,11,2.5,,
2026-08-03T00:42:58.000Z,W4214499,6993,47.03372,7.03007,32771.5,5.9,8.8,277.9,-37.8,0.5,-1.0,RS41-SG,403.500,7.1,250,11,2.5,,
2026-08-03T00:42:59.000Z,W4214499,6994,47.03373,7.02996,32777.3,5.8,8.1,275.8,-37.8,0.5,-1.0,RS41-SG,403.500,7.9,250,11,2.6,,
2026-08-03T00:43:00.000Z,W4214499,6995,47.03373,7.02986,32783.5,6.5,7.1,272.6,-37.7,0.5,-1.0,RS41-SG,403.500,7.9,250,11,2.6,,
2026-08-03T00:43:01.000Z,W4214499,6996,47.03374,7.02977,32790.2,6.8,6.0,270.3,-37.7,0.5,-1.0,RS41-SG,403.500,7.2,250,11,2.5,,
2026-08-03T00:43:02.000Z,W4214499,6997,47.03373,7.02970,32796.6,5.9,5.4,268.6,-37.7,0.5,-1.0,RS41-SG,403.500,7.6,250,11,2.5,,
2026-08-03T00:43:03.000Z,W4214499,6998,47.03373,7.02963,32802.5,5.7,5.8,266.1,-37.6,0.5,-1.0,RS41-SG,403.500,7.6,250,11,2.5,,
2026-08-03T00:43:05.000Z,W4214499,7000,47.03372,7.02943,32815.3,6.9,9.4,264.0,-37.6,0.5,-1.0,RS41-SG,403.500,7.2,250,11,2.6,,
2026-08-03T00:43:06.000Z,W4214499,7001,47.03371,7.02930,32821.8,6.0,11.5,263.1,-37.6,0.5,-1.0,RS41-SG,403.500,7.5,250,11,2.6,,
2026-08-03T00:43:07.000Z,W4214499,7002,47.03370,7.02914,32827.5,5.4,12.8,263.0,-37.6,0.5,-1.0,RS41-SG,403.500,8.2,250,11,2.5,,
2026-08-03T00:43:08.000Z,W4214499,7003,47.03368,7.02897,32833.4,6.3,13.1,262.8,-37.6,0.5,-1.0,RS41-SG,403.500,8.2,250,11,2.5,,
2026-08-03T00:43:10.000Z,W4214499,7005,47.03366,7.02867,32847.6,7.4,10.0,262.4,-37.5,0.5,-1.0,RS41-SG,403.500,7.9,250,11,2.6,,
2026-08-03T00:43:11.000Z,W4214499,7006,47.03364,7.02855,32854.3,5.8,8.2,261.2,-37.5,0.5,-1.0,RS41-SG,403.500,8.8,250,11,2.6,,
2026-08-03T00:43:12.000Z,W4214499,7007,47.03363,7.02845,32859.7,5.0,6.7,257.3,-37.4,0.5,-1.0,RS41-SG,403.500,8.8,250,11,2.5,,
2026-08-03T00:43:13.000Z,W4214499,7008,47.03362,7.02837,32865.2,5.7,6.1,250.8,-37.3,0.5,-1.0,RS41-SG,403.500,7.7,250,11,2.5,,
2026-08-03T00:43:14.000Z,W4214499,7009,47.03359,7.02829,32871.3,6.6,6.9,244.9,-37.2,0.5,-1.0,RS41-SG,403.500,8.6,250,11,2.5,,
2026-08-03T00:43:15.000Z,W4214499,7010,47.03356,7.02820,32878.0,6.7,8.3,242.8,-37.2,0.5,-1.0,RS41-SG,403.500,8.6,250,11,2.6,,
2026-08-03T00:43:16.000Z,W4214499,7011,47.03353,7.02810,32884.3,5.9,9.9,242.3,-37.1,0.5,-1.0,RS41-SG,403.500,8.3,250,11,2.6,,
2026-08-03T00:43:17.000Z,W4214499,7012,47.03348,7.02798,32890.0,5.3,11.4,241.2,-37.1,0.5,-1.0,RS41-SG,403.500,7.9,250,11,2.5,,
2026-08-03T00:43:18.000Z,W4214499,7013,47.03343,7.02784,32895.5,5.6,12.3,239.7,-37.1,0.5,-1.0,RS41-SG,403.500,8.1,250,11,2.5,,
2026-08-03T00:43:19.000Z,W4214499,7014,47.03337,7.02770,32901.6,6.5,12.3,238.0,-37.0,0.5,-1.0,RS41-SG,403.500,8.1,250,11,2.5,,
2026-08-03T00:43:21.000Z,W4214499,7016,47.03326,7.02745,32915.4,6.8,10.6,237.0,-37.0,0.5,-1.0,RS41-SG,403.500,8.4,250,11,2.6,,
2026-08-03T00:43:22.000Z,W4214499,7017,47.03321,7.02734,32922.0,6.1,9.7,240.0,-37.0,0.5,-1.0,RS41-SG,403.500,8.4,250,11,2.5,,
2026-08-03T00:43:23.000Z,W4214499,7018,47.03317,7.02723,32927.8,5.4,9.1,246.3,-36.9,0.5,-1.0,RS41-SG,403.500,7.7,250,11,2.5,,
2026-08-03T00:43:24.000Z,W4214499,7019,47.03315,7.02711,32933.3,5.4,9.2,254.9,-36.9,0.5,-1.0,RS41-SG,403.500,7.9,250,11,2.5,,
2026-08-03T00:43:25.000Z,W4214499,7020,47.03313,7.02699,32939.2,6.3,10.1,263.2,-36.9,0.5,-1.0,RS41-SG,403.500,8.5,250,11,2.5,,
2026-08-03T00:43:26.000Z,W4214499,7021,47.03312,7.02685,32945.7,6.5,11.3,267.5,-36.9,0.5,-1.0,RS41-SG,403.500,8.5,250,11,2.6,,
2026-08-03T00:43:28.000Z,W4214499,7023,47.03311,7.02655,32958.2,6.4,11.7,265.3,-36.9,0.5,-1.0,RS41-SG,403.500,7.5,250,11,2.5,,
2026-08-03T00:43:29.000Z,W4214499,7024,47.03310,7.02640,32965.0,7.1,10.6,259.2,-36.9,0.5,-1.0,RS41-SG,403.500,8.0,250,11,2.5,,
2026-08-03T00:43:31.000Z,W4214499,7026,47.03305,7.02619,32979.0,6.1,7.2,237.6,-36.8,0.5,-1.0,RS41-SG,403.500,8.0,250,11,2.6,,
2026-08-03T00:43:32.000Z,W4214499,7027,47.03301,7.02612,32984.5,4.9,6.4,226.2,-36.8,0.5,-1.0,RS41-SG,403.500,8.8,250,11,2.6,,
2026-08-03T00:43:33.000Z,W4214499,7028,47.03297,7.02606,32989.7,5.4,6.1,220.3,-36.7,0.5,-1.0,RS41-SG,403.500,8.8,250,11,2.5,,
2026-08-03T00:43:34.000Z,W4214499,7029,47.03293,7.02600,32996.0,7.0,6.5,226.4,-36.7,0.5,-1.0,RS41-SG,403.500,8.2,250,11,2.5,,
2026-08-03T00:43:35.000Z,W4214499,7030,47.03289,7.02593,33003.2,7.3,7.8,236.9,-36.7,0.5,-1.0,RS41-SG,403.500,9.0,250,11,2.5,,
2026-08-03T00:43:36.000Z,W4214499,7031,47.03285,7.02583,33009.8,5.9,9.0,245.2,-36.7,0.5,-1.0,RS41-SG,403.500,9.0,250,11,2.6,,
2026-08-03T00:43:37.000Z,W4214499,7032,47.03282,7.02572,33015.4,5.3,10.2,251.1,-36.7,0.5,-1.0,RS41-SG,403.500,8.1,250,11,2.6,,
2026-08-03T00:43:38.000Z,W4214499,7033,47.03279,7.02559,33021.0,5.8,10.9,254.1,-36.6,0.5,-1.0,RS41-SG,403.500,8.2,250,11,2.5,,
2026-08-03T00:43:39.000Z,W4214499,7034,47.03277,7.02545,33027.1,6.3,11.0,253.7,-36.6,0.5,-1.0,RS41-SG,403.500,8.6,250,11,2.5,,
2026-08-03T00:43:40.000Z,W4214499,7035,47.03274,7.02531,33033.6,6.6,10.6,250.2,-36.6,0.5,-1.0,RS41-SG,403.500,8.6,250,11,2.5,,
2026-08-03T00:43:41.000Z,W4214499,7036,47.03270,7.02519,33040.2,6.3,10.3,244.0,-36.7,0.5,-1.0,RS41-SG,403.500,7.9,250,11,2.5,,
2026-08-03T00:43:42.000Z,W4214499,7037,47.03265,7.02507,33046.2,5.7,10.7,237.4,-36.6,0.5,-1.0,RS41-SG,403.500,9.0,250,11,2.6,,
2026-08-03T00:43:43.000Z,W4214499,7038,47.03260,7.02495,33051.9,5.6,11.6,232.2,-36.6,0.5,-1.0,RS41-SG,403.500,9.0,250,11,2.6,,
2026-08-03T00:43:44.000Z,W4214499,7039,47.03253,7.02483,33057.8,6.1,12.8,230.2,-36.5,0.5,-1.0,RS41-SG,403.500,8.2,250,11,2.6,,
2026-08-03T00:43:45.000Z,W4214499,7040,47.03245,7.02469,33064.2,6.5,14.1,231.1,-36.4,0.5,-1.0,RS41-SG,403.500,8.5,250,11,2.5,,
2026-08-03T00:43:46.000Z,W4214499,7041,47.03237,7.02454,33070.8,6.7,14.9,234.8,-36.4,0.5,-1.0,RS41-SG,403.500,8.5,250,11,2.5,,
2026-08-03T00:43:48.000Z,W4214499,7043,47.03224,7.02421,33083.8,6.3,14.2,245.7,-36.3,0.5,-1.0,RS41-SG,403.500,8.1,250,11,2.5,,
2026-08-03T00:43:49.000Z,W4214499,7044,47.03220,7.02404,33090.0,6.0,12.8,252.1,-36.3,0.5,-1.0,RS41-SG,403.500,8.2,250,11,2.6,,
2026-08-03T00:43:50.000Z,W4214499,7045,47.03217,7.02389,33096.0,5.9,11.1,257.9,-36.3,0.5,-1.0,RS41-SG,403.500,8.2,250,11,2.6,,
2026-08-03T00:43:51.000Z,W4214499,7046,47.03215,7.02376,33101.8,5.8,9.3,261.2,-36.3,0.5,-1.0,RS41-SG,403.500,7.3,250,11,2.5,,
2026-08-03T00:43:52.000Z,W4214499,7047,47.03214,7.02365,33107.9,6.2,7.9,258.2,-36.3,0.5,-1.0,RS41-SG,403.500,9.0,250,11,2.5,,
2026-08-03T00:43:53.000Z,W4214499,7048,47.03212,7.02355,33114.4,6.7,7.8,247.1,-36.3,0.5,-1.0,RS41-SG,403.500,9.0,250,11,2.5,,
2026-08-03T00:43:54.000Z,W4214499,7049,47.03208,7.02345,33121.1,6.8,9.4,236.5,-36.3,0.5,-1.0,RS41-SG,403.500,8.9,250,11,2.5,,
2026-08-03T00:43:55.000Z,W4214499,7050,47.03203,7.02334,33127.6,6.2,12.3,232.0,-36.3,0.5,-1.0,RS41-SG,403.500,8.9,250,11,2.6,,
2026-08-03T00:43:56.000Z,W4214499,7051,47.03195,7.02319,33133.7,5.8,15.6,232.6,-36.4,0.5,-1.0,RS41-SG,403.500,8.9,250,11,2.6,,
2026-08-03T00:43:57.000Z,W4214499,7052,47.03186,7.02301,33139.3,5.5,18.7,235.7,-36.4,0.5,-1.0,RS41-SG,403.500,8.8,250,11,2.6,,
2026-08-03T00:43:58.000Z,W4214499,7053,47.03177,7.02279,33144.7,5.2,20.9,240.3,-36.4,0.5,-1.0,RS41-SG,403.500,8.8,250,11,2.5,,
2026-08-03T00:43:59.000Z,W4214499,7054,47.03168,7.02254,33150.1,5.6,21.7,245.4,-36.4,0.5,-1.0,RS41-SG,403.500,8.8,250,11,2.5,,
2026-08-03T00:44:00.000Z,W4214499,7055,47.03161,7.02229,33156.2,6.5,20.8,251.0,-36.4,0.5,-1.0,RS41-SG,403.500,8.5,250,11,2.5,,
2026-08-03T00:44:02.000Z,W4214499,7057,47.03153,7.02182,33169.4,6.1,15.7,260.5,-36.3,0.5,-1.0,RS41-SG,403.500,7.6,250,11,2.6,,
2026-08-03T00:44:03.000Z,W4214499,7058,47.03151,7.02163,33174.9,4.8,12.9,262.4,-36.4,0.5,-1.0,RS41-SG,403.500,9.1,250,11,2.6,,
2026-08-03T00:44:04.000Z,W4214499,7059,47.03149,7.02148,33179.7,4.7,10.6,259.3,-36.4,0.5,-1.0,RS41-SG,403.500,9.1,250,11,2.5,,
2026-08-03T00:44:05.000Z,W4214499,7060,47.03147,7.02135,33184.8,5.5,9.6,248.5,-36.4,0.5,-1.0,RS41-SG,403.500,8.2,250,11,2.5,,
2026-08-03T00:44:06.000Z,W4214499,7061,47.03143,7.02124,33190.8,6.4,10.7,236.1,-36.4,0.5,-1.0,RS41-SG,403.500,8.6,250,10,2.5,,
2026-08-03T00:44:07.000Z,W4214499,7062,47.03136,7.02111,33197.5,6.9,13.4,230.9,-36.4,0.5,-1.0,RS41-SG,403.500,9.2,250,11,2.6,,
2026-08-03T00:44:08.000Z,W4214499,7063,47.03128,7.02096,33204.3,6.6,16.5,231.0,-36.4,0.5,-1.0,RS41-SG,403.500,9.2,250,11,2.6,,
2026-08-03T00:44:09.000Z,W4214499,7064,47.03118,7.02077,33210.7,6.2,19.3,234.3,-36.4,0.5,-1.0,RS41-SG,403.500,9.1,250,11,2.5,,
2026-08-03T00:44:10.000Z,W4214499,7065,47.03108,7.02055,33216.7,5.9,21.3,239.4,-36.4,0.5,-1.0,RS41-SG,403.500,9.0,250,11,2.5,,
2026-08-03T00:44:11.000Z,W4214499,7066,47.03099,7.02030,33222.7,5.9,22.4,245.8,-36.4,0.5,-1.0,RS41-SG,403.500,9.0,250,11,2.5,,
2026-08-03T00:44:15.000Z,W4214499,7070,47.03084,7.01925,33248.0,6.3,16.6,268.7,-36.6,0.5,-1.0,RS41-SG,403.500,8.7,250,11,2.5,,
2026-08-03T00:44:16.000Z,W4214499,7071,47.03084,7.01905,33254.1,5.9,13.9,268.0,-36.6,0.5,-1.0,RS41-SG,403.500,8.7,250,11,2.5,,
2026-08-03T00:44:17.000Z,W4214499,7072,47.03082,7.01888,33260.0,5.8,12.0,259.7,-36.6,0.5,-1.0,RS41-SG,403.500,7.9,250,11,2.5,,
2026-08-03T00:44:18.000Z,W4214499,7073,47.03079,7.01873,33266.0,6.2,12.0,246.7,-36.6,0.5,-1.0,RS41-SG,403.500,7.5,250,11,2.6,,
2026-08-03T00:44:19.000Z,W4214499,7074,47.03074,7.01859,33272.1,6.1,14.0,236.8,-36.5,0.5,-1.0,RS41-SG,403.500,8.2,250,11,2.6,,
2026-08-03T00:44:20.000Z,W4214499,7075,47.03066,7.01842,33278.2,6.1,17.0,233.1,-36.5,0.5,-1.0,RS41-SG,403.500,8.7,250,11,2.5,,
2026-08-03T00:44:21.000Z,W4214499,7076,47.03056,7.01823,33284.1,5.7,19.8,233.8,-36.5,0.5,-1.0,RS41-SG,403.500,8.7,250,11,2.5,,
2026-08-03T00:44:22.000Z,W4214499,7077,47.03045,7.01800,33289.4,4.9,21.5,236.8,-36.4,0.5,-1.0,RS41-SG,403.500,7.7,250,11,2.5,,
2026-08-03T00:44:23.000Z,W4214499,7078,47.03035,7.01776,33294.7,5.5,22.2,241.4,-36.3,0.5,-1.0,RS41-SG,403.500,7.8,250,11,2.6,,
2026-08-03T00:44:24.000Z,W4214499,7079,47.03027,7.01750,33300.8,6.7,21.3,247.3,-36.3,0.5,-1.0,RS41-SG,403.500,7.8,250,11,2.6,,
2026-08-03T00:44:27.000Z,W4214499,7082,47.03015,7.01683,33321.3,5.9,14.2,264.8,-36.2,0.5,-1.0,RS41-SG,403.500,7.5,250,11,2.5,,
2026-08-03T00:44:28.000Z,W4214499,7083,47.03014,7.01665,33326.8,5.0,12.3,269.1,-36.2,0.5,-1.0,RS41-SG,403.500,8.1,250,11,2.6,,
2026-08-03T00:44:29.000Z,W4214499,7084,47.03014,7.01650,33331.9,5.1,11.1,270.0,-36.2,0.5,-1.0,RS41-SG,403.500,8.1,250,11,2.6,,
2026-08-03T00:44:32.000Z,W4214499,7087,47.03009,7.01604,33351.3,7.2,14.4,250.6,-36.3,0.5,-1.0,RS41-SG,403.500,6.8,250,10,2.5,,
2026-08-03T00:44:33.000Z,W4214499,7088,47.03004,7.01585,33358.2,6.4,16.9,245.3,-36.3,0.5,-1.0,RS41-SG,403.500,8.3,250,11,2.5,,
2026-08-03T00:44:36.000Z,W4214499,7091,47.02978,7.01520,33373.2,5.6,20.0,234.4,-36.3,0.5,-1.0,RS41-SG,403.500,6.9,250,11,2.5,,
2026-08-03T00:44:37.000Z,W4214499,7092,47.02967,7.01500,33379.5,6.9,18.2,231.3,-36.3,0.5,-1.0,RS41-SG,403.500,7.1,250,11,2.5,,
2026-08-03T00:44:40.000Z,W4214499,7095,47.02943,7.01457,33399.7,5.3,10.4,235.0,-36.3,0.5,-1.0,RS41-SG,403.500,7.6,250,11,2.6,,
2026-08-03T00:44:41.000Z,W4214499,7096,47.02939,7.01446,33405.1,5.4,9.0,246.7,-36.3,0.5,-1.0,RS41-SG,403.500,7.9,250,11,2.5,,
2026-08-03T00:44:45.000Z,W4214499,7100,47.02937,7.01388,33429.6,5.4,14.5,270.0,-36.3,0.5,-1.0,RS41-SG,403.500,7.8,250,11,2.6,,
2026-08-03T00:44:46.000Z,W4214499,7101,47.02936,7.01368,33435.5,6.1,15.0,265.4,-36.3,0.5,-1.0,RS41-SG,403.500,7.8,250,11,2.5,,
2026-08-03T00:44:50.000Z,W4214499,7105,47.02919,7.01305,33462.0,5.0,11.5,228.6,-36.2,0.5,-1.0,RS41-SG,403.500,7.5,250,11,2.6,,
2026-08-03T00:44:53.000Z,W4214499,7108,47.02898,7.01274,33480.6,7.6,10.7,231.6,-36.2,0.5,-1.0,RS41-SG,403.500,7.4,250,11,2.5,,
2026-08-03T00:44:54.000Z,W4214499,7109,47.02893,7.01263,33487.6,6.4,10.7,240.5,-36.2,0.5,-1.0,RS41-SG,403.500,7.4,250,11,2.5,,
2026-08-03T00:44:55.000Z,W4214499,7110,47.02889,7.01250,33493.5,5.4,10.8,248.5,-36.2,0.5,-1.0,RS41-SG,403.500,7.3,250,11,2.6,,
2026-08-03T00:44:58.000Z,W4214499,7113,47.02883,7.01212,33511.7,6.9,8.6,263.3,-36.3,0.5,-1.0,RS41-SG,403.500,7.3,250,11,2.5,,
2026-08-03T00:44:59.000Z,W4214499,7114,47.02882,7.01201,33518.1,5.8,7.6,261.2,-36.3,0.5,-1.0,RS41-SG,403.500,7.5,250,11,2.5,,
2026-08-03T00:45:00.000Z,W4214499,7115,47.02881,7.01192,33523.9,5.7,7.2,256.0,-36.3,0.5,-1.0,RS41-SG,403.500,7.5,250,11,2.5,,
2026-08-03T00:45:01.000Z,W4214499,7116,47.02879,7.01183,33529.8,6.1,7.6,250.5,-36.3,0.5,-1.0,RS41-SG,403.500,6.9,250,11,2.5,,
2026-08-03T00:45:02.000Z,W4214499,7117,47.02876,7.01173,33536.1,6.4,8.6,247.9,-36.4,0.5,-1.0,RS41-SG,403.500,7.4,250,11,2.6,,
2026-08-03T00:45:03.000Z,W4214499,7118,47.02873,7.01162,33542.6,6.5,9.6,247.5,-36.4,0.5,-1.0,RS41-SG,403.500,7.4,250,11,2.6,,
2026-08-03T00:45:06.000Z,W4214499,7121,47.02863,7.01126,33561.1,6.0,9.6,244.2,-36.4,0.5,-1.0,RS41-SG,403.500,7.4,250,11,2.5,,
2026-08-03T00:45:07.000Z,W4214499,7122,47.02859,7.01115,33567.2,5.9,8.6,240.4,-36.5,0.5,-1.0,RS41-SG,403.500,7.5,250,11,2.6,,
2026-08-03T00:45:09.000Z,W4214499,7124,47.02851,7.01099,33579.0,5.8,7.5,226.3,-36.5,0.5,-1.0,RS41,403.500,7.5,250,11,2.5,,
2026-08-03T00:45:10.000Z,W4214499,7125,47.02846,7.01092,33585.0,6.0,8.0,223.3,-36.5,0.5,-1.0,RS41,403.500,7.7,250,11,2.5,,
2026-08-03T00:45:11.000Z,W4214499,7126,47.02840,7.01084,33591.3,6.6,9.3,226.0,-36.5,0.5,-1.0,RS41,403.500,7.7,250,11,2.5,,
2026-08-03T00:45:12.000Z,W4214499,7127,47.02834,7.01074,33598.1,6.9,11.1,232.3,-36.6,0.5,-1.0,RS41,403.500,7.6,250,11,2.5,,
2026-08-03T00:45:13.000Z,W4214499,7128,47.02828,7.01060,33604.7,6.5,13.2,240.1,-36.6,0.5,-1.0,RS41,403.500,7.9,250,11,2.6,,
2026-08-03T00:45:14.000Z,W4214499,7129,47.02823,7.01044,33610.8,5.9,15.0,247.4,-36.5,0.5,-1.0,RS41,403.500,7.9,250,11,2.6,,
2026-08-03T00:45:15.000Z,W4214499,7130,47.02818,7.01024,33616.5,5.3,16.3,254.0,-36.5,0.5,-1.0,RS41,403.500,7.6,250,11,2.6,,
2026-08-03T00:45:20.000Z,W4214499,7135,47.02816,7.00933,33648.4,6.4,8.9,278.0,-36.4,0.5,-1.0,RS41,403.500,7.3,250,11,2.6,,
2026-08-03T00:45:21.000Z,W4214499,7136,47.02816,7.00923,33654.7,6.2,6.6,265.6,-36.4,0.5,-1.0,RS41,403.500,7.7,250,11,2.6,,
2026-08-03T00:45:22.000Z,W4214499,7137,47.02815,7.00915,33660.9,6.0,6.3,237.4,-36.5,0.5,-1.0,RS41,403.500,7.7,250,11,2.5,,
2026-08-03T00:45:23.000Z,W4214499,7138,47.02810,7.00908,33667.0,6.0,8.9,218.8,-36.5,0.5,-1.0,RS41,403.500,8.0,250,11,2.5,,
2026-08-03T00:45:24.000Z,W4214499,7139,47.02802,7.00899,33672.9,5.8,12.4,216.6,-36.5,0.5,-1.0,RS41,403.500,8.0,250,11,2.5,,
2026-08-03T00:45:25.000Z,W4214499,7140,47.02793,7.00888,33679.0,6.4,15.8,222.0,-36.5,0.5,-1.0,RS41,403.500,8.0,250,11,2.6,,
2026-08-03T00:45:26.000Z,W4214499,7141,47.02782,7.00871,33685.6,6.7,18.5,230.6,-36.5,0.5,-1.0,RS41,403.500,7.6,250,11,2.6,,
2026-08-03T00:45:31.000Z,W4214499,7146,47.02762,7.00751,33716.6,5.5,16.6,283.1,-36.5,0.5,-1.0,RS41,403.500,7.0,250,11,2.6,,
2026-08-03T00:45:32.000Z,W4214499,7147,47.02766,7.00732,33722.0,5.4,13.4,290.8,-36.6,0.5,-1.0,RS41,403.500,7.0,250,11,2.6,,
2026-08-03T00:45:33.000Z,W4214499,7148,47.02770,7.00718,33727.6,5.5,9.9,292.3,-36.6,0.5,-1.0,RS41,403.500,7.0,250,11,2.6,,
2026-08-03T00:45:35.000Z,W4214499,7150,47.02772,7.00699,33739.0,5.7,6.5,249.4,-36.6,0.5,-1.0,RS41,403.500,7.2,250,11,2.5,,
2026-08-03T00:45:36.000Z,W4214499,7151,47.02768,7.00691,33744.6,5.5,9.0,231.6,-36.6,0.5,-1.0,RS41,403.500,7.3,250,11,2.5,,
2026-08-03T00:45:37.000Z,W4214499,7152,47.02762,7.00680,33750.2,5.5,12.3,229.7,-36.6,0.5,-1.0,RS41,403.500,7.6,250,11,2.5,,
2026-08-03T00:45:40.000Z,W4214499,7155,47.02741,7.00626,33767.6,6.0,18.5,252.2,-36.7,0.5,-1.0,RS41,403.500,7.1,250,11,2.5,,
2026-08-03T00:45:41.000Z,W4214499,7156,47.02737,7.00602,33773.5,5.8,18.5,261.5,-36.7,0.5,-1.0,RS41,403.500,7.5,250,11,2.5,,
2026-08-03T00:45:42.000Z,W4214499,7157,47.02736,7.00579,33779.2,5.6,17.5,271.0,-36.7,0.5,-1.0,RS41,403.500,7.5,250,11,2.5,,
2026-08-03T00:45:47.000Z,W4214499,7162,47.02745,7.00506,33807.8,5.4,5.9,258.7,-36.7,0.5,-1.0,RS41,403.500,7.2,250,11,2.5,,
2026-08-03T00:45:48.000Z,W4214499,7163,47.02743,7.00498,33813.1,5.1,7.1,238.1,-36.7,0.5,-1.0,RS41,403.500,7.9,250,11,2.6,,
2026-08-03T00:45:49.000Z,W4214499,7164,47.02739,7.00490,33818.3,5.3,9.2,232.6,-36.7,0.5,-1.0,RS41,403.500,7.9,250,11,2.6,,
2026-08-03T00:45:50.000Z,W4214499,7165,47.02733,7.00479,33823.7,5.5,11.3,235.8,-36.7,0.5,-1.0,RS41,403.500,7.7,250,11,2.5,,
2026-08-03T00:45:54.000Z,W4214499,7169,47.02720,7.00415,33847.2,5.7,13.3,271.4,-36.6,0.5,-1.0,RS41,403.500,6.8,250,11,2.6,,
2026-08-03T00:45:55.000Z,W4214499,7170,47.02721,7.00398,33852.7,5.4,12.6,278.5,-36.6,0.5,-1.0,RS41,403.500,7.8,250,11,2.6,,
2026-08-03T00:45:56.000Z,W4214499,7171,47.02723,7.00383,33858.1,5.3,11.5,282.2,-36.6,0.5,-1.0,RS41,403.500,7.8,250,11,2.6,,
2026-08-03T00:45:57.000Z,W4214499,7172,47.02725,7.00369,33863.7,5.9,10.4,280.1,-36.6,0.5,-1.0,RS41,403.500,8.7,250,11,2.5,,
2026-08-03T00:45:58.000Z,W4214499,7173,47.02726,7.00356,33869.7,6.1,9.7,271.5,-36.6,0.5,-1.0,RS41,403.500,8.7,250,11,2.5,,
2026-08-03T00:45:59.000Z,W4214499,7174,47.02725,7.00343,33875.5,5.6,10.1,260.4,-36.6,0.5,-1.0,RS41,403.500,8.8,250,11,2.5,,
2026-08-03T00:46:00.000Z,W4214499,7175,47.02723,7.00329,33881.0,5.4,11.6,252.3,-36.6,0.5,-1.0,RS41-SG,403.500,8.8,250,11,2.5,,
2026-08-03T00:46:01.000Z,W4214499,7176,47.02719,7.00314,33886.3,5.4,13.4,249.4,-36.5,0.5,-1.0,RS41-SG,403.500,8.8,250,11,2.6,,
2026-08-03T00:46:02.000Z,W4214499,7177,47.02715,7.00296,33892.0,5.9,15.0,251.2,-36.5,0.5,-1.0,RS41-SG,403.500,8.8,250,11,2.6,,
2026-08-03T00:46:03.000Z,W4214499,7178,47.02711,7.00277,33898.1,6.4,15.8,256.3,-36.5,0.5,-1.0,RS41-SG,403.500,9.0,250,11,2.5,,
2026-08-03T00:46:04.000Z,W4214499,7179,47.02709,7.00256,33904.6,6.6,16.1,263.0,-36.4,0.5,-1.0,RS41-SG,403.500,9.0,250,11,2.5,,
2026-08-03T00:46:06.000Z,W4214499,7181,47.02709,7.00215,33917.4,6.0,15.2,277.8,-36.3,0.5,-1.0,RS41-SG,403.500,6.6,250,11,2.6,,
2026-08-03T00:46:07.000Z,W4214499,7182,47.02711,7.00196,33923.1,5.2,14.5,283.1,-36.2,0.5,-1.0,RS41-SG,403.500,7.0,250,11,2.6,,
2026-08-03T00:46:08.000Z,W4214499,7183,47.02714,7.00178,33928.1,5.0,13.6,284.7,-36.2,0.5,-1.0,RS41-SG,403.500,7.4,250,11,2.5,,
2026-08-03T00:46:09.000Z,W4214499,7184,47.02717,7.00162,33933.6,5.9,13.0,281.2,-36.1,0.4,-1.0,RS41-SG,403.500,7.7,250,11,2.5,,
2026-08-03T00:46:10.000Z,W4214499,7185,47.02718,7.00145,33939.7,6.4,13.2,273.0,-36.0,0.4,-1.0,RS41-SG,403.500,8.1,250,11,2.5,,
2026-08-03T00:46:11.000Z,W4214499,7186,47.02718,7.00127,33946.1,6.2,14.2,265.0,-36.0,0.4,-1.0,RS41-SG,403.500,8.1,250,11,2.6,,
2026-08-03T00:46:12.000Z,W4214499,7187,47.02716,7.00107,33951.9,5.4,15.8,260.2,-35.9,0.4,-1.0,RS41-SG,403.500,7.8,250,11,2.6,,
2026-08-03T00:46:13.000Z,W4214499,7188,47.02714,7.00086,33957.3,5.3,17.3,259.5,-35.9,0.4,-1.0,RS41-SG,403.500,7.8,250,11,2.5,,
2026-08-03T00:46:17.000Z,W4214499,7192,47.02714,6.99990,33981.7,5.7,18.3,283.1,-35.7,0.4,-1.0,RS41-SG,403.500,7.3,250,11,2.6,,
2026-08-03T00:46:18.000Z,W4214499,7193,47.02718,6.99968,33987.1,5.1,17.2,288.9,-35.7,0.5,-1.0,RS41-SG,403.500,8.9,250,11,2.6,,
2026-08-03T00:46:19.000Z,W4214499,7194,47.02723,6.99948,33992.4,5.5,15.5,292.0,-35.7,0.4,-1.0,RS41-SG,403.500,8.9,250,11,2.6,,
2026-08-03T00:46:20.000Z,W4214499,7195,47.02727,6.99930,33998.3,6.3,13.2,289.3,-35.6,0.4,-1.0,RS41-SG,403.500,8.5,250,11,2.5,,
2026-08-03T00:46:21.000Z,W4214499,7196,47.02730,6.99915,34004.7,6.5,11.3,279.7,-35.6,0.4,-1.0,RS41-SG,403.500,9.1,250,11,2.5,,
2026-08-03T00:46:22.000Z,W4214499,7197,47.02731,6.99901,34011.0,6.0,10.5,265.2,-35.6,0.4,-1.0,RS41-SG,403.500,9.1,250,11,2.5,,
2026-08-03T00:46:23.000Z,W4214499,7198,47.02729,6.99887,34016.7,5.3,11.0,253.1,-35.6,0.4,-1.0,RS41-SG,403.500,8.8,250,11,2.5,,
2026-08-03T00:46:24.000Z,W4214499,7199,47.02725,6.99873,34021.8,5.0,12.1,247.7,-35.5,0.4,-1.0,RS41-SG,403.500,8.8,250,11,2.6,,
2026-08-03T00:46:25.000Z,W4214499,7200,47.02721,6.99857,34026.9,5.2,13.4,248.4,-35.5,0.4,-1.0,RS41-SG,403.500,7.9,250,11,2.6,,
2026-08-03T00:46:27.000Z,W4214499,7202,47.02714,6.99822,34038.0,5.5,14.9,261.7,-35.4,0.4,-1.0,RS41-SG,403.500,6.8,250,11,2.5,,
2026-08-03T00:46:28.000Z,W4214499,7203,47.02713,6.99802,34043.4,5.2,15.2,269.7,-35.4,0.4,-1.0,RS41-SG,403.500,6.8,250,11,2.5,,
2026-08-03T00:46:29.000Z,W4214499,7204,47.02714,6.99782,34048.8,5.6,15.0,277.2,-35.4,0.5,-1.0,RS41-SG,403.500,7.3,250,11,2.6,,
2026-08-03T00:46:30.000Z,W4214499,7205,47.02716,6.99763,34054.4,5.7,14.2,282.1,-35.3,0.5,-1.0,RS41-SG,403.500,7.4,250,11,2.6,,
2026-08-03T00:46:31.000Z,W4214499,7206,47.02719,6.99746,34060.1,5.7,13.0,282.9,-35.3,0.4,-1.0,RS41-SG,403.500,8.2,250,11,2.5,,
2026-08-03T00:46:32.000Z,W4214499,7207,47.02721,6.99730,34066.0,6.3,11.7,278.3,-35.3,0.4,-1.0,RS41-SG,403.500,8.2,250,11,2.5,,
2026-08-03T00:46:33.000Z,W4214499,7208,47.02722,6.99715,34072.4,6.6,10.9,268.6,-35.3,0.4,-1.0,RS41-SG,403.500,8.8,250,11,2.5,,
2026-08-03T00:46:34.000Z,W4214499,7209,47.02721,6.99701,34078.6,5.6,11.0,258.0,-35.2,0.4,-1.0,RS41-SG,403.500,9.1,250,11,2.6,,
2026-08-03T00:46:35.000Z,W4214499,7210,47.02718,6.99687,34083.7,4.6,11.6,250.7,-35.2,0.4,-1.0,RS41-SG,403.500,9.1,250,11,2.6,,
2026-08-03T00:46:36.000Z,W4214499,7211,47.02714,6.99672,34088.3,4.6,12.3,247.5,-35.1,0.4,-1.0,RS41-SG,403.500,8.4,250,11,2.5,,
2026-08-03T00:46:37.000Z,W4214499,7212,47.02710,6.99657,34093.4,5.7,12.5,250.4,-35.1,0.4,-1.0,RS41-SG,403.500,7.4,250,11,2.5,,
2026-08-03T00:46:38.000Z,W4214499,7213,47.02707,6.99641,34099.4,6.2,12.4,258.0,-35.0,0.4,-1.0,RS41-SG,403.500,6.9,250,11,2.5,,
2026-08-03T00:46:39.000Z,W4214499,7214,47.02706,6.99625,34105.4,6.0,12.2,268.7,-35.0,0.4,-1.0,RS41-SG,403.500,7.1,250,11,2.6,,
2026-08-03T00:46:40.000Z,W4214499,7215,47.02706,6.99609,34111.2,5.5,12.4,279.4,-35.0,0.4,-1.0,RS41-SG,403.500,7.7,250,11,2.6,,
2026-08-03T00:46:41.000Z,W4214499,7216,47.02709,6.99594,34116.7,5.4,12.6,287.8,-34.9,0.4,-1.0,RS41-SG,403.500,9.0,250,11,2.5,,
2026-08-03T00:46:42.000Z,W4214499,7217,47.02713,6.99578,34122.1,5.4,12.5,291.2,-35.0,0.4,-1.0,RS41-SG,403.500,9.0,250,11,2.5,,
2026-08-03T00:46:43.000Z,W4214499,7218,47.02717,6.99563,34127.6,5.7,12.4,288.1,-34.9,0.4,-1.0,RS41-SG,403.500,8.9,250,11,2.5,,
2026-08-03T00:46:44.000Z,W4214499,7219,47.02719,6.99547,34133.5,6.1,12.4,278.7,-34.9,0.4,-1.0,RS41-SG,403.500,8.9,250,11,2.5,,
2026-08-03T00:46:45.000Z,W4214499,7220,47.02720,6.99531,34139.5,6.1,13.0,265.9,-34.9,0.4,-1.0,RS41-SG,403.500,8.7,250,11,2.6,,
2026-08-03T00:46:46.000Z,W4214499,7221,47.02717,6.99513,34145.4,5.8,14.5,254.2,-34.9,0.4,-1.0,RS41-SG,403.500,8.5,250,11,2.6,,
2026-08-03T00:46:47.000Z,W4214499,7222,47.02713,6.99494,34150.8,5.0,16.4,246.4,-34.9,0.4,-1.0,RS41-SG,403.500,8.4,250,11,2.6,,
2026-08-03T00:46:48.000Z,W4214499,7223,47.02706,6.99474,34155.6,4.6,17.7,242.8,-34.8,0.4,-1.0,RS41-SG,403.500,7.6,250,11,2.5,,
2026-08-03T00:46:52.000Z,W4214499,7227,47.02687,6.99389,34180.8,5.9,15.6,270.2,-34.6,0.4,-1.0,RS41-SG,403.500,8.1,250,11,2.6,,
2026-08-03T00:46:53.000Z,W4214499,7228,47.02688,6.99369,34185.8,4.2,15.7,281.6,-34.6,0.4,-1.0,RS41-SG,403.500,8.7,250,11,2.6,,
2026-08-03T00:46:54.000Z,W4214499,7229,47.02692,6.99349,34189.8,3.7,16.4,290.3,-34.5,0.4,-1.0,RS41-SG,403.500,9.4,250,11,2.5,,
2026-08-03T00:46:55.000Z,W4214499,7230,47.02698,6.99328,34194.1,4.9,17.6,293.6,-34.5,0.4,-1.0,RS41-SG,403.500,9.4,250,11,2.5,,
2026-08-03T00:46:56.000Z,W4214499,7231,47.02704,6.99307,34199.8,6.5,18.5,291.1,-34.4,0.4,-1.0,RS41-SG,403.500,9.4,250,11,2.5,,
2026-08-03T00:46:57.000Z,W4214499,7232,47.02709,6.99283,34206.8,7.4,19.1,284.1,-34.4,0.4,-1.0,RS41-SG,403.500,8.5,250,11,2.6,,
2026-08-03T00:46:58.000Z,W4214499,7233,47.02712,6.99258,34214.1,7.1,19.5,275.8,-34.4,0.4,-1.0,RS41-SG,403.500,8.4,250,11,2.6,,
2026-08-03T00:46:59.000Z,W4214499,7234,47.02713,6.99233,34220.3,5.5,19.7,267.7,-34.4,0.4,-1.0,RS41-SG,403.500,8.4,250,11,2.5,,
2026-08-03T00:47:00.000Z,W4214499,7235,47.02711,6.99207,34225.2,4.5,19.7,260.3,-34.4,0.4,-1.0,RS41-SG,403.500,7.3,250,11,2.5,,
2026-08-03T00:47:01.000Z,W4214499,7236,47.02707,6.99182,34229.7,4.5,19.2,254.4,-34.4,0.4,-1.0,RS41-SG,403.500,7.0,250,11,2.5,,
2026-08-03T00:47:02.000Z,W4214499,7237,47.02702,6.99159,34234.7,5.5,17.9,251.5,-34.4,0.4,-1.0,RS41-SG,403.500,7.0,250,11,2.6,,
2026-08-03T00:47:03.000Z,W4214499,7238,47.02697,6.99138,34240.6,6.2,16.1,252.8,-34.4,0.4,-1.0,RS41-SG,403.500,7.0,250,11,2.6,,
2026-08-03T00:47:04.000Z,W4214499,7239,47.02694,6.99119,34246.8,6.2,14.5,258.9,-34.4,0.4,-1.0,RS41-SG,403.500,7.5,250,11,2.5,,
2026-08-03T00:47:05.000Z,W4214499,7240,47.02692,6.99100,34252.7,5.6,13.8,267.9,-34.4,0.4,-1.0,RS41-SG,403.500,8.7,250,11,2.5,,
2026-08-03T00:47:06.000Z,W4214499,7241,47.02693,6.99082,34257.9,4.8,14.2,276.3,-34.4,0.4,-1.0,RS41-SG,403.500,9.3,250,11,2.5,,
2026-08-03T00:47:07.000Z,W4214499,7242,47.02695,6.99063,34262.7,4.6,15.6,280.8,-34.5,0.4,-1.0,RS41-SG,403.500,9.3,250,11,2.6,,
2026-08-03T00:47:08.000Z,W4214499,7243,47.02698,6.99042,34267.6,5.0,17.3,280.3,-34.5,0.4,-1.0,RS41-SG,403.500,8.4,250,11,2.6,,
2026-08-03T00:47:09.000Z,W4214499,7244,47.02700,6.99018,34272.9,5.7,18.9,276.0,-34.5,0.4,-1.0,RS41-SG,403.500,7.9,250,11,2.5,,
2026-08-03T00:47:10.000Z,W4214499,7245,47.02701,6.98993,34278.7,5.8,20.0,269.6,-34.4,0.4,-1.0,RS41-SG,403.500,7.9,250,11,2.5,,
2026-08-03T00:47:11.000Z,W4214499,7246,47.02700,6.98967,34284.4,5.5,20.4,262.7,-34.4,0.4,-1.0,RS41-SG,403.500,7.6,250,11,2.5,,
2026-08-03T00:47:14.000Z,W4214499,7249,47.02685,6.98895,34300.6,5.7,16.9,245.3,-34.2,0.4,-1.0,RS41-SG,403.500,7.4,250,11,2.6,,
2026-08-03T00:47:15.000Z,W4214499,7250,47.02679,6.98876,34306.4,6.0,14.1,243.1,-34.2,0.4,-1.0,RS41-SG,403.500,7.5,250,11,2.6,,
2026-08-03T00:47:16.000Z,W4214499,7251,47.02674,6.98861,34312.3,5.8,11.3,246.5,-34.2,0.4,-1.0,RS41-SG,403.500,7.7,250,11,2.5,,
2026-08-03T00:47:17.000Z,W4214499,7252,47.02671,6.98848,34317.9,5.3,9.4,257.1,-34.2,0.4,-1.0,RS41-SG,403.500,8.7,250,11,2.5,,
2026-08-03T00:47:18.000Z,W4214499,7253,47.02670,6.98836,34323.1,5.0,9.5,272.0,-34.1,0.4,-1.0,RS41-SG,403.500,9.5,250,11,2.5,,
2026-08-03T00:47:19.000Z,W4214499,7254,47.02671,6.98823,34328.1,5.1,11.4,280.6,-34.2,0.4,-1.0,RS41-SG,403.500,9.5,250,11,2.5,,
2026-08-03T00:47:20.000Z,W4214499,7255,47.02674,6.98806,34333.3,5.2,14.4,281.5,-34.1,0.4,-1.0,RS41-SG,403.500,9.3,250,11,2.6,,
2026-08-03T00:47:21.000Z,W4214499,7256,47.02676,6.98786,34338.4,5.1,17.3,277.7,-34.1,0.4,-1.0,RS41-SG,403.500,9.1,250,11,2.6,,
2026-08-03T00:47:22.000Z,W4214499,7257,47.02677,6.98762,34343.4,4.8,19.8,271.7,-34.1,0.4,-1.0,RS41-SG,403.500,8.7,250,11,2.5,,
2026-08-03T00:47:23.000Z,W4214499,7258,47.02677,6.98735,34348.2,4.9,21.3,265.0,-34.0,0.4,-1.0,RS41-SG,403.500,8.0,250,11,2.5,,
2026-08-03T00:47:28.000Z,W4214499,7263,47.02649,6.98625,34375.9,5.1,11.0,234.4,-33.9,0.4,-1.0,RS41-SG,403.500,7.9,250,11,2.5,,
2026-08-03T00:47:29.000Z,W4214499,7264,47.02645,6.98615,34380.7,4.6,7.4,238.1,-33.8,0.4,-1.0,RS41-SG,403.500,9.1,250,11,2.5,,
2026-08-03T00:47:30.000Z,W4214499,7265,47.02643,6.98608,34385.4,4.8,5.2,261.9,-33.8,0.4,-1.0,RS41-SG,403.500,9.1,250,11,2.6,,
2026-08-03T00:47:31.000Z,W4214499,7266,47.02643,6.98601,34390.4,5.3,6.4,293.1,-33.8,0.4,-1.0,RS41-SG,403.500,9.1,250,11,2.6,,
2026-08-03T00:47:32.000Z,W4214499,7267,47.02647,6.98591,34396.0,5.8,9.9,301.3,-33.8,0.4,-1.0,RS41-SG,403.500,9.1,250,11,2.5,,
2026-08-03T00:47:33.000Z,W4214499,7268,47.02652,6.98578,34401.8,5.9,13.7,296.9,-33.7,0.4,-1.0,RS41-SG,403.500,8.3,250,11,2.5,,
2026-08-03T00:47:34.000Z,W4214499,7269,47.02657,6.98559,34407.5,5.4,17.0,289.2,-33.7,0.4,-1.0,RS41-SG,403.500,8.2,250,11,2.5,,
2026-08-03T00:47:35.000Z,W4214499,7270,47.02661,6.98536,34412.6,4.9,19.7,279.8,-33.7,0.4,-1.0,RS41-SG,403.500,7.3,250,11,2.6,,
2026-08-03T00:47:41.000Z,W4214499,7276,47.02626,6.98403,34444.9,5.8,11.5,214.4,-33.6,0.4,-1.0,RS41-SG,403.500,7.2,250,11,2.6,,
2026-08-03T00:47:42.000Z,W4214499,7277,47.02619,6.98397,34450.5,5.4,6.8,208.7,-33.6,0.4,-1.0,RS41-SG,403.500,7.2,250,11,2.5,,
2026-08-03T00:47:43.000Z,W4214499,7278,47.02616,6.98393,34455.6,4.9,2.4,226.9,-33.5,0.4,-1.0,RS41-SG,403.500,7.4,250,11,2.5,,
2026-08-03T00:47:44.000Z,W4214499,7279,47.02616,6.98391,34460.3,4.5,3.5,319.9,-33.5,0.4,-1.0,RS41-SG,403.500,8.6,250,11,2.5,,
2026-08-03T00:47:45.000Z,W4214499,7280,47.02620,6.98386,34464.8,4.6,7.5,321.3,-33.5,0.4,-1.0,RS41-SG,403.500,8.6,250,11,2.6,,
2026-08-03T00:47:46.000Z,W4214499,7281,47.02626,6.98377,34469.7,5.3,11.3,309.4,-33.5,0.4,-1.0,RS41-SG,403.500,7.9,250,11,2.6,,
2026-08-03T00:47:47.000Z,W4214499,7282,47.02632,6.98363,34475.4,6.0,14.6,293.4,-33.5,0.4,-1.0,RS41-SG,403.500,7.9,250,11,2.5,,
2026-08-03T00:47:49.000Z,W4214499,7284,47.02635,6.98319,34486.4,4.7,19.7,264.4,-33.3,0.4,-1.0,RS41-SG,403.500,7.0,250,11,2.5,,
2026-08-03T00:47:55.000Z,W4214499,7290,47.02592,6.98201,34514.8,5.2,8.5,237.4,-33.1,0.4,-1.0,RS41-SG,403.500,7.4,250,11,2.5,,
2026-08-03T00:47:56.000Z,W4214499,7291,47.02589,6.98192,34519.3,3.8,6.5,261.9,-33.0,0.4,-1.0,RS41-SG,403.500,8.6,250,11,2.6,,
2026-08-03T00:47:57.000Z,W4214499,7292,47.02590,6.98183,34523.0,3.8,7.6,289.5,-32.9,0.4,-1.0,RS41-SG,403.500,8.9,250,11,2.6,,
2026-08-03T00:47:58.000Z,W4214499,7293,47.02593,6.98172,34527.4,4.9,10.7,297.2,-32.8,0.4,-1.0,RS41-SG,403.500,8.9,250,11,2.6,,
2026-08-03T00:47:59.000Z,W4214499,7294,47.02598,6.98157,34532.7,5.8,14.0,293.4,-32.8,0.4,-1.0,RS41-SG,403.500,8.4,250,11,2.5,,
2026-08-03T00:48:00.000Z,W4214499,7295,47.02603,6.98138,34538.4,5.5,16.8,286.3,-32.7,0.4,-1.0,RS41-SG,403.500,8.2,250,11,2.5,,
2026-08-03T00:48:01.000Z,W4214499,7296,47.02606,6.98115,34543.5,4.6,19.1,278.7,-32.7,0.4,-1.0,RS41-SG,403.500,8.0,250,11,2.5,,
2026-08-03T00:48:02.000Z,W4214499,7297,47.02608,6.98089,34547.8,3.9,20.9,272.2,-32.7,0.4,-1.0,RS41-SG,403.500,7.6,250,11,2.5,,
2026-08-03T00:48:07.000Z,W4214499,7302,47.02597,6.97969,34573.9,5.4,12.1,258.3,-32.7,0.4,-1.0,RS41-SG,403.500,7.3,250,11,2.5,,
2026-08-03T00:48:08.000Z,W4214499,7303,47.02596,6.97955,34578.6,4.0,9.2,261.1,-32.7,0.4,-1.0,RS41-SG,403.500,8.4,250,11,2.6,,
2026-08-03T00:48:09.000Z,W4214499,7304,47.02595,6.97945,34582.3,3.4,7.2,266.4,-32.7,0.4,-1.0,RS41-SG,403.500,8.4,250,11,2.6,,
2026-08-03T00:48:10.000Z,W4214499,7305,47.02595,6.97936,34586.1,4.3,6.7,272.6,-32.8,0.4,-1.0,RS41-SG,403.500,7.7,250,11,2.5,,
2026-08-03T00:48:11.000Z,W4214499,7306,47.02595,6.97926,34591.2,5.9,8.0,272.9,-32.8,0.4,-1.0,RS41-SG,403.500,8.2,250,11,2.5,,
2026-08-03T00:48:12.000Z,W4214499,7307,47.02595,6.97914,34597.5,6.8,10.9,270.4,-32.8,0.4,-1.0,RS41-SG,403.500,8.2,250,11,2.5,,
2026-08-03T00:48:13.000Z,W4214499,7308,47.02595,6.97897,34604.0,6.2,14.6,268.1,-32.8,0.4,-1.0,RS41-SG,403.500,8.1,250,11,2.6,,
2026-08-03T00:48:14.000Z,W4214499,7309,47.02595,6.97875,34609.4,4.8,18.4,267.6,-32.9,0.4,-1.0,RS41-SG,403.500,7.7,250,11,2.6,,
2026-08-03T00:48:15.000Z,W4214499,7310,47.02594,6.97849,34613.5,3.5,21.9,268.4,-32.9,0.4,-1.0,RS41-SG,403.500,7.6,250,11,2.5,,
2026-08-03T00:48:16.000Z,W4214499,7311,47.02594,6.97819,34617.0,3.4,24.5,270.2,-33.0,0.4,-1.0,RS41-SG,403.500,7.7,250,11,2.5,,
2026-08-03T00:48:21.000Z,W4214499,7316,47.02610,6.97671,34644.8,5.4,16.8,291.9,-32.9,0.4,-1.0,RS41-SG,403.500,7.5,250,11,2.5,,
2026-08-03T00:48:22.000Z,W4214499,7317,47.02615,6.97653,34649.8,4.6,13.6,297.6,-32.9,0.4,-1.0,RS41-SG,403.500,7.5,250,11,2.5,,
2026-08-03T00:48:23.000Z,W4214499,7318,47.02621,6.97639,34654.3,4.4,10.8,300.7,-32.9,0.4,-1.0,RS41-SG,403.500,7.5,250,11,2.6,,
2026-08-03T00:48:24.000Z,W4214499,7319,47.02625,6.97628,34659.0,5.1,8.9,296.3,-32.9,0.4,-1.0,RS41-SG,403.500,8.2,250,11,2.6,,
2026-08-03T00:48:25.000Z,W4214499,7320,47.02627,6.97617,34664.7,6.4,8.9,280.6,-32.9,0.4,-1.0,RS41-SG,403.500,8.2,250,11,2.5,,
2026-08-03T00:48:26.000Z,W4214499,7321,47.02628,6.97603,34671.6,7.2,11.5,265.9,-32.9,0.4,-1.0,RS41-SG,403.500,7.8,250,11,2.5,,
2026-08-03T00:48:27.000Z,W4214499,7322,47.02626,6.97586,34678.5,6.8,15.8,260.2,-32.9,0.4,-1.0,RS41-SG,403.500,7.4,250,11,2.5,,
2026-08-03T00:48:28.000Z,W4214499,7323,47.02623,6.97562,34684.5,5.2,20.4,259.7,-32.9,0.4,-1.0,RS41-SG,403.500,8.0,250,11,2.6,,
2026-08-03T00:48:29.000Z,W4214499,7324,47.02620,6.97533,34689.0,3.8,24.6,262.0,-32.9,0.4,-1.0,RS41-SG,403.500,8.0,250,11,2.6,,
2026-08-03T00:48:39.000Z,W4214499,7334,47.02676,6.97256,34736.8,5.1,9.1,263.5,-32.8,0.4,-1.0,RS41-SG,403.500,7.0,250,11,2.6,,
2026-08-03T00:49:06.000Z,W4214499,7361,47.02721,6.96587,34870.3,4.5,12.3,255.9,-32.2,0.4,-1.0,RS41-SG,403.500,6.9,250,10,2.5,,
2026-08-03T00:49:33.000Z,W4214499,7388,47.02695,6.96043,35018.2,5.1,14.3,291.5,-31.0,0.4,-1.0,RS41-SG,403.500,6.7,250,10,2.6,,
2026-08-03T00:49:34.000Z,W4214499,7389,47.02700,6.96026,35023.4,5.3,13.8,296.3,-31.1,0.4,-1.0,RS41-SG,403.500,6.9,250,10,2.6,,
2026-08-03T00:49:38.000Z,W4214499,7393,47.02709,6.95969,35047.1,5.6,11.0,253.4,-31.0,0.3,-1.0,RS41-SG,403.500,7.0,250,10,2.6,,
2026-08-03T00:49:40.000Z,W4214499,7395,47.02699,6.95939,35056.8,4.6,14.8,238.2,-30.9,0.3,-1.0,RS41-SG,403.500,6.5,250,10,2.5,,
2026-08-03T00:49:41.000Z,W4214499,7396,47.02692,6.95921,35061.9,5.6,16.5,241.5,-30.9,0.4,-1.0,RS41-SG,403.500,6.5,250,10,2.5,,
2026-08-03T00:49:48.000Z,W4214499,7403,47.02696,6.95766,35102.0,6.5,14.2,290.3,-31.0,0.3,-1.0,RS41-SG,403.500,6.4,250,10,2.6,,
2026-08-03T00:49:51.000Z,W4214499,7406,47.02697,6.95726,35120.2,4.7,9.5,241.3,-31.0,0.4,-1.0,RS41-SG,403.500,7.0,250,10,2.5,,
2026-08-03T00:49:52.000Z,W4214499,7407,47.02692,6.95715,35124.7,4.1,11.1,229.2,-31.0,0.4,-1.0,RS41-SG,403.500,7.0,250,10,2.5,,
2026-08-03T00:49:53.000Z,W4214499,7408,47.02684,6.95703,35129.3,5.0,13.1,227.7,-31.1,0.3,-1.0,RS41-SG,403.500,6.7,250,10,2.6,,
2026-08-03T00:49:54.000Z,W4214499,7409,47.02677,6.95689,35135.1,6.6,14.7,234.9,-31.1,0.3,-1.0,RS41-SG,403.500,7.1,250,10,2.6,,
2026-08-03T00:49:57.000Z,W4214499,7412,47.02665,6.95627,35154.4,5.2,18.7,271.2,-31.1,0.3,-1.0,RS41-SG,403.500,6.7,250,10,2.5,,
2026-08-03T00:50:04.000Z,W4214499,7419,47.02681,6.95486,35194.2,4.0,9.9,239.5,-31.2,0.4,-1.0,RS41-SG,403.500,7.3,250,10,2.6,,
2026-08-03T00:50:06.000Z,W4214499,7421,47.02668,6.95466,35202.1,5.0,12.2,219.6,-31.2,0.3,-1.0,RS41-SG,403.500,7.0,250,10,2.5,,
2026-08-03T00:50:09.000Z,W4214499,7424,47.02649,6.95424,35224.2,7.0,14.5,257.3,-31.2,0.4,-1.0,RS41-SG,403.500,7.2,250,10,2.6,,
2026-08-03T00:50:12.000Z,W4214499,7427,47.02652,6.95359,35237.5,3.9,18.6,284.7,-31.2,0.3,-1.0,RS41-SG,403.500,7.3,250,10,2.5,,
2026-08-03T00:50:15.000Z,W4214499,7430,47.02662,6.95295,35257.1,7.4,14.0,275.8,-31.4,0.4,-1.0,RS41,403.500,7.4,250,10,2.5,,
2026-08-03T00:50:17.000Z,W4214499,7432,47.02661,6.95262,35268.9,4.6,11.5,252.2,-31.4,0.4,-1.0,RS41,403.500,6.7,250,10,2.5,,
2026-08-03T00:50:18.000Z,W4214499,7433,47.02657,6.95248,35273.4,4.5,11.6,242.3,-31.4,0.4,-1.0,RS41,403.500,7.4,250,10,2.6,,
2026-08-03T00:50:20.000Z,W4214499,7435,47.02646,6.95220,35285.0,6.9,13.3,242.9,-31.4,0.4,-1.0,RS41,403.500,7.5,250,10,2.5,,
2026-08-03T00:50:23.000Z,W4214499,7438,47.02634,6.95164,35302.8,5.0,16.9,262.0,-31.3,0.4,-1.0,RS41,403.500,7.2,250,10,2.6,,
2026-08-03T00:50:25.000Z,W4214499,7440,47.02632,6.95118,35313.8,6.0,17.6,267.9,-31.3,0.4,-1.0,RS41,403.500,6.7,250,10,2.5,,
2026-08-03T00:50:28.000Z,W4214499,7443,47.02630,6.95057,35332.7,6.0,13.0,265.8,-31.3,0.4,-1.0,RS41,403.500,7.0,250,10,2.6,,
2026-08-03T00:50:30.000Z,W4214499,7445,47.02629,6.95028,35343.8,5.0,9.2,264.1,-31.3,0.4,-1.0,RS41,403.500,7.3,250,10,2.5,,
2026-08-03T00:50:31.000Z,W4214499,7446,47.02628,6.95016,35349.1,5.3,8.4,266.1,-31.4,0.4,-1.0,RS41,403.500,7.3,250,10,2.5,,
2026-08-03T00:50:32.000Z,W4214499,7447,47.02628,6.95005,35355.0,6.2,8.8,268.5,-31.4,0.4,-1.0,RS41,403.500,7.2,250,10,2.5,,
2026-08-03T00:50:33.000Z,W4214499,7448,47.02627,6.94992,35361.6,6.8,10.6,270.2,-31.4,0.4,-1.0,RS41,403.500,7.2,250,10,2.6,,
2026-08-03T00:50:34.000Z,W4214499,7449,47.02627,6.94977,35368.1,6.7,13.1,269.8,-31.4,0.4,-1.0,RS41,403.500,6.9,250,10,2.6,,
2026-08-03T00:50:35.000Z,W4214499,7450,47.02627,6.94958,35374.5,5.9,15.9,267.3,-31.4,0.3,-1.0,RS41,403.500,8.0,250,10,2.5,,
2026-08-03T00:50:45.000Z,W4214499,7460,47.02595,6.94768,35431.7,5.8,7.0,288.9,-31.3,0.3,-1.0,RS41,403.500,7.3,250,10,2.5,,
2026-08-03T00:50:46.000Z,W4214499,7461,47.02597,6.94758,35438.0,6.7,9.4,293.5,-31.2,0.4,-1.0,RS41,403.500,7.1,250,10,2.5,,
2026-08-03T00:50:47.000Z,W4214499,7462,47.02601,6.94744,35445.1,7.2,12.3,287.9,-31.2,0.4,-1.0,RS41,403.500,7.2,250,10,2.5,,
2026-08-03T00:50:48.000Z,W4214499,7463,47.02604,6.94727,35452.1,6.6,15.3,280.0,-31.2,0.3,-1.0,RS41,403.500,7.2,250,10,2.6,,
2026-08-03T00:50:50.000Z,W4214499,7465,47.02604,6.94680,35463.1,4.4,20.1,262.5,-31.1,0.3,-1.0,RS41,403.500,6.8,250,10,2.5,,
2026-08-03T00:50:58.000Z,W4214499,7473,47.02568,6.94549,35509.4,5.5,7.2,306.7,-30.7,0.3,-1.0,RS41,403.500,7.1,250,10,2.6,,
2026-08-03T00:50:59.000Z,W4214499,7474,47.02573,6.94540,35515.1,5.8,10.8,310.8,-30.7,0.3,-1.0,RS41,403.500,7.1,250,10,2.6,,
2026-08-03T00:51:00.000Z,W4214499,7475,47.02580,6.94527,35521.3,6.4,14.3,304.7,-30.7,0.3,-1.0,RS41,403.500,7.1,250,10,2.5,,
2026-08-03T00:51:02.000Z,W4214499,7477,47.02592,6.94487,35534.3,6.4,19.4,283.3,-30.7,0.3,-1.0,RS41,403.500,7.1,250,10,2.5,,
2026-08-03T00:51:11.000Z,W4214499,7486,47.02544,6.94354,35586.0,6.0,0.5,270.3,-30.3,0.3,-1.0,RS41,403.500,7.2,250,10,2.5,,
2026-08-03T00:51:14.000Z,W4214499,7489,47.02552,6.94331,35605.8,6.1,13.2,287.7,-30.1,0.3,-1.0,RS41,403.500,7.2,250,10,2.6,,
2026-08-03T00:51:24.000Z,W4214499,7499,47.02491,6.94169,35660.8,4.0,1.7,142.1,-29.6,0.3,-1.0,RS41,403.500,6.6,250,10,2.6,,
2026-08-03T00:51:27.000Z,W4214499,7502,47.02498,6.94155,35678.2,6.5,11.2,290.2,-29.6,0.3,-1.0,RS41,403.500,6.9,250,10,2.5,,
2026-08-03T00:51:52.000Z,W4214499,7527,47.02351,6.93881,35809.5,6.6,2.6,158.7,-29.4,0.3,-1.0,RS41,403.500,7.0,250,10,2.5,,
2026-08-03T00:52:05.000Z,W4214499,7540,47.02266,6.93706,35881.6,5.2,4.0,236.4,-28.9,0.3,-1.0,RS41,403.500,6.7,250,10,2.5,,
2026-08-03T00:52:06.000Z,W4214499,7541,47.02263,6.93702,35887.4,6.3,4.8,227.3,-28.9,0.3,-1.0,RS41,403.500,6.7,250,10,2.5,,
2026-08-03T00:52:07.000Z,W4214499,7542,47.02259,6.93696,35894.0,6.8,7.4,222.8,-28.8,0.3,-1.0,RS41,403.500,6.8,250,10,2.5,,
2026-08-03T00:52:08.000Z,W4214499,7543,47.02253,6.93688,35900.6,6.4,11.0,221.6,-28.7,0.3,-1.0,RS41,403.500,7.2,250,10,2.6,,
2026-08-03T00:52:09.000Z,W4214499,7544,47.02245,6.93677,35906.5,5.3,14.7,222.5,-28.6,0.3,-1.0,RS41,403.500,7.2,250,10,2.6,,
2026-08-03T00:52:10.000Z,W4214499,7545,47.02234,6.93662,35911.3,4.4,18.2,223.7,-28.6,0.3,-1.0,RS41,403.500,7.2,250,10,2.5,,
2026-08-03T00:52:41.000Z,W4214499,7576,47.01972,6.93247,36076.0,3.3,19.6,248.3,-27.4,0.3,-1.0,RS41,403.500,6.4,250,10,2.6,,
2026-08-03T00:53:01.000Z,W4214499,7596,47.01849,6.92907,36179.0,3.8,11.3,208.6,-27.4,0.3,-1.0,RS41,403.500,6.3,250,10,2.5,,
2026-08-03T00:54:33.000Z,W4214499,7688,47.01546,6.90877,36625.3,1.3,21.8,293.7,-27.0,0.3,-1.0,RS41,403.500,6.6,250,10,2.5,,
2026-08-03T00:54:34.000Z,W4214499,7689,47.01555,6.90848,36626.0,0.0,26.4,297.0,-27.0,0.3,-1.0,RS41,403.500,7.4,250,10,2.6,,
2026-08-03T00:54:41.000Z,W4214499,7696,47.01596,6.90644,36655.6,-0.1,13.4,248.5,-27.0,0.3,-1.0,RS41,403.500,6.9,250,10,2.6,,
2026-08-03T00:54:51.000Z,W4214499,7706,47.01633,6.90431,36697.6,7.5,25.3,294.2,-27.0,0.3,-1.0,RS41,403.500,7.2,250,10,2.5,,
2026-08-03T00:54:56.000Z,W4214499,7711,47.01644,6.90333,36718.2,2.6,8.4,245.0,-26.9,0.3,-1.0,RS41,403.500,6.9,250,10,2.5,,
2026-08-03T00:55:02.000Z,W4214499,7717,47.01659,6.90232,36747.4,1.2,24.4,297.6,-26.8,0.3,-1.0,RS41,403.500,6.7,250,10,2.5,,
2026-08-03T00:55:03.000Z,W4214499,7718,47.01670,6.90203,36749.4,2.6,26.8,298.8,-26.8,0.3,-1.0,RS41,403.500,6.7,250,10,2.5,,
2026-08-03T00:55:09.000Z,W4214499,7724,47.01712,6.90072,36780.0,1.6,7.4,270.1,-26.7,0.3,-1.0,RS41,403.500,7.0,250,10,2.6,,
2026-08-03T00:55:10.000Z,W4214499,7725,47.01711,6.90064,36782.4,3.0,6.3,252.3,-26.7,0.3,-1.0,RS41,403.500,8.0,250,10,2.6,,
2026-08-03T00:55:11.000Z,W4214499,7726,47.01709,6.90055,36786.8,5.8,7.2,251.4,-26.7,0.3,-1.0,RS41,403.500,8.0,250,10,2.6,,
2026-08-03T00:55:12.000Z,W4214499,7727,47.01707,6.90045,36793.4,7.3,9.8,265.1,-26.7,0.2,-1.0,RS41,403.500,7.9,250,10,2.5,,
2026-08-03T00:55:13.000Z,W4214499,7728,47.01708,6.90029,36800.5,6.7,13.5,276.1,-26.7,0.2,-1.0,RS41,403.500,7.5,250,10,2.5,,
2026-08-03T00:55:14.000Z,W4214499,7729,47.01710,6.90009,36806.2,4.7,17.6,283.3,-26.6,0.3,-1.0,RS41,403.500,7.9,250,10,2.6,,
2026-08-03T00:55:15.000Z,W4214499,7730,47.01715,6.89985,36809.9,2.6,21.4,288.0,-26.6,0.2,-1.0,RS41,403.500,7.9,250,10,2.6,,
2026-08-03T00:55:23.000Z,W4214499,7738,47.01777,6.89807,36844.0,2.3,6.0,285.4,-26.4,0.3,-1.0,RS41,403.500,7.1,250,10,2.5,,
2026-08-03T00:55:24.000Z,W4214499,7739,47.01777,6.89800,36847.1,4.0,5.3,262.3,-26.4,0.3,-1.0,RS41,403.500,7.1,250,10,2.6,,
2026-08-03T00:55:25.000Z,W4214499,7740,47.01776,6.89792,36852.4,6.5,7.2,258.4,-26.4,0.2,-1.0,RS41,403.500,7.1,250,10,2.6,,
2026-08-03T00:55:26.000Z,W4214499,7741,47.01775,6.89780,36859.5,7.6,10.7,266.4,-26.4,0.2,-1.0,RS41,403.500,7.3,250,10,2.5,,
2026-08-03T00:55:27.000Z,W4214499,7742,47.01776,6.89763,36866.5,6.4,14.7,274.0,-26.4,0.2,-1.0,RS41,403.500,7.7,250,10,2.5,,
2026-08-03T00:55:28.000Z,W4214499,7743,47.01777,6.89742,36871.6,3.9,18.4,280.1,-26.4,0.2,-1.0,RS41,403.500,7.7,250,10,2.6,,
2026-08-03T00:55:29.000Z,W4214499,7744,47.01781,6.89716,36874.6,2.0,21.8,285.4,-26.4,0.2,-1.0,RS41,403.500,7.7,250,10,2.6,,
2026-08-03T00:55:34.000Z,W4214499,7749,47.01824,6.89584,36899.2,5.8,15.7,302.2,-26.5,0.3,-1.0,RS41,403.500,7.1,250,10,2.6,,
2026-08-03T00:55:37.000Z,W4214499,7752,47.01837,6.89549,36910.2,3.2,6.2,277.3,-26.4,0.3,-1.0,RS41,403.500,7.1,250,10,2.5,,
2026-08-03T00:55:38.000Z,W4214499,7753,47.01837,6.89540,36914.3,4.9,6.9,259.2,-26.4,0.3,-1.0,RS41,403.500,7.7,250,10,2.6,,
2026-08-03T00:55:39.000Z,W4214499,7754,47.01835,6.89530,36919.8,6.2,9.6,258.2,-26.4,0.2,-1.0,RS41,403.500,7.7,250,10,2.6,,
2026-08-03T00:55:40.000Z,W4214499,7755,47.01833,6.89515,36926.0,6.1,13.1,263.1,-26.4,0.3,-1.0,RS41,403.500,7.9,250,10,2.5,,
2026-08-03T00:55:41.000Z,W4214499,7756,47.01833,6.89496,36931.4,4.8,16.5,268.5,-26.3,0.3,-1.0,RS41,403.500,7.9,250,10,2.5,,
2026-08-03T00:55:42.000Z,W4214499,7757,47.01833,6.89472,36935.5,3.4,19.6,273.3,-26.3,0.3,-1.0,RS41,403.500,7.1,250,10,2.5,,
2026-08-03T00:55:49.000Z,W4214499,7764,47.01857,6.89302,36968.7,3.5,9.6,277.5,-26.1,0.3,-1.0,RS41,403.500,7.1,250,10,2.5,,
2026-08-03T00:55:50.000Z,W4214499,7765,47.01857,6.89291,36972.1,3.4,7.3,265.8,-26.1,0.3,-1.0,RS41,403.500,7.1,250,10,2.6,,
2026-08-03T00:55:52.000Z,W4214499,7767,47.01854,6.89273,36981.1,5.9,8.6,250.8,-26.1,0.2,-1.0,RS41,403.500,7.4,250,10,2.5,,
2026-08-03T00:55:55.000Z,W4214499,7770,47.01849,6.89223,36998.4,4.4,17.9,269.7,-26.0,0.3,-1.0,RS41,403.500,7.4,250,10,2.6,,
2026-08-03T00:55:56.000Z,W4214499,7771,47.01850,6.89197,37002.3,3.4,21.1,273.8,-26.0,0.2,-1.0,RS41,403.500,7.5,250,10,2.6,,
2026-08-03T00:55:59.000Z,W4214499,7774,47.01858,6.89107,37015.6,6.2,23.2,278.2,-26.0,0.2,-1.0,RS41,403.500,6.5,250,10,2.5,,
2026-08-03T00:56:02.000Z,W4214499,7777,47.01861,6.89035,37034.3,4.5,13.2,262.7,-26.0,0.3,-1.0,RS41,403.500,6.5,250,10,2.6,,
2026-08-03T00:56:04.000Z,W4214499,7779,47.01854,6.89009,37041.2,3.1,8.3,232.5,-26.0,0.3,-1.0,RS41,403.500,7.1,250,10,2.6,,
2026-08-03T00:56:05.000Z,W4214499,7780,47.01850,6.89002,37045.0,4.4,7.6,221.3,-26.0,0.2,-1.0,RS41,403.500,7.9,250,10,2.6,,
2026-08-03T00:56:06.000Z,W4214499,7781,47.01845,6.88995,37050.3,6.4,7.2,226.7,-26.0,0.2,-1.0,RS41,403.500,7.9,250,10,2.5,,
2026-08-03T00:56:07.000Z,W4214499,7782,47.01841,6.88987,37057.5,7.7,8.0,247.3,-25.9,0.2,-1.0,RS41,403.500,7.7,250,10,2.5,,
2026-08-03T00:56:09.000Z,W4214499,7784,47.01840,6.88959,37071.3,5.5,13.9,277.7,-25.9,0.2,-1.0,RS41,403.500,7.3,250,10,2.6,,
2026-08-03T00:56:10.000Z,W4214499,7785,47.01843,6.88939,37075.7,3.6,17.8,283.4,-25.9,0.2,-1.0,RS41,403.500,7.7,250,10,2.6,,
2026-08-03T00:56:13.000Z,W4214499,7788,47.01860,6.88856,37087.7,6.2,24.5,286.7,-25.8,0.2,-1.0,RS41,403.500,7.6,250,10,2.5,,
2026-08-03T00:56:18.000Z,W4214499,7793,47.01864,6.88739,37118.7,3.2,12.0,240.3,-25.8,0.2,-1.0,RS41,403.500,7.7,250,10,2.6,,
2026-08-03T00:56:20.000Z,W4214499,7795,47.01851,6.88718,37126.6,5.4,10.1,217.1,-25.9,0.2,-1.0,RS41,403.500,8.1,250,10,2.5,,
2026-08-03T00:56:22.000Z,W4214499,7797,47.01840,6.88701,37141.2,8.3,8.6,246.6,-25.9,0.3,-1.0,RS41,403.500,7.3,250,10,2.5,,
2026-08-03T00:56:23.000Z,W4214499,7798,47.01838,6.88689,37148.9,7.2,10.4,269.9,-25.9,0.3,-1.0,RS41,403.500,7.3,250,10,2.6,,
2026-08-03T00:56:25.000Z,W4214499,7800,47.01844,6.88654,37159.2,3.3,17.1,292.7,-26.0,0.2,-1.0,RS41,403.500,8.2,250,10,2.6,,
2026-08-03T00:56:26.000Z,W4214499,7801,47.01851,6.88632,37162.3,2.9,20.7,296.7,-26.0,0.2,-1.0,RS41,403.500,8.2,250,10,2.6,,
2026-08-03T00:56:27.000Z,W4214499,7802,47.01860,6.88606,37165.9,4.3,23.0,297.6,-26.0,0.2,-1.0,RS41,403.500,7.4,250,10,2.5,,
2026-08-03T00:56:28.000Z,W4214499,7803,47.01869,6.88579,37171.5,6.6,23.2,295.4,-26.0,0.2,-1.0,RS41,403.500,8.3,250,10,2.5,,
2026-08-03T00:56:30.000Z,W4214499,7805,47.01882,6.88528,37186.5,7.5,18.2,281.3,-26.0,0.3,-1.0,RS41,403.500,7.1,250,10,2.6,,
2026-08-03T00:56:31.000Z,W4214499,7806,47.01883,6.88506,37192.9,5.4,15.4,268.9,-26.0,0.2,-1.0,RS41,403.500,7.3,250,10,2.6,,
2026-08-03T00:56:32.000Z,W4214499,7807,47.01882,6.88488,37197.3,3.1,13.3,253.0,-26.0,0.2,-1.0,RS41,403.500,7.6,250,10,2.6,,
2026-08-03T00:56:33.000Z,W4214499,7808,47.01877,6.88473,37200.1,2.2,12.5,235.2,-26.0,0.2,-1.0,RS41,403.500,8.6,250,10,2.6,,
2026-08-03T00:56:34.000Z,W4214499,7809,47.01869,6.88461,37203.0,3.5,12.1,221.3,-26.0,0.2,-1.0,RS41,403.500,8.6,250,10,2.5,,
2026-08-03T00:56:35.000Z,W4214499,7810,47.01861,6.88451,37208.0,6.4,11.4,219.6,-26.0,0.3,-1.0,RS41,403.500,8.5,250,10,2.5,,
2026-08-03T00:56:37.000Z,W4214499,7812,47.01852,6.88429,37223.7,8.2,10.2,260.4,-26.0,0.2,-1.0,RS41,403.500,8.0,250,10,2.6,,
2026-08-03T00:56:39.000Z,W4214499,7814,47.01856,6.88397,37235.1,3.0,16.1,295.1,-26.0,0.2,-1.0,RS41,403.500,7.8,250,10,2.6,,
2026-08-03T00:56:40.000Z,W4214499,7815,47.01864,6.88376,37237.4,1.4,20.2,302.7,-26.0,0.2,-1.0,RS41,403.500,8.7,250,10,2.6,,
2026-08-03T00:56:41.000Z,W4214499,7816,47.01875,6.88353,37239.2,2.1,23.6,306.2,-26.0,0.2,-1.0,RS41,403.500,8.7,250,10,2.6,,
2026-08-03T00:56:42.000Z,W4214499,7817,47.01888,6.88327,37242.7,4.8,24.8,306.6,-26.0,0.2,-1.0,RS41,403.500,6.9,250,10,2.5,,
2026-08-03T00:56:43.000Z,W4214499,7818,47.01900,6.88302,37248.8,7.4,23.1,303.6,-26.1,0.2,-1.0,RS41,403.500,7.7,250,10,2.5,,
2026-08-03T00:56:45.000Z,W4214499,7820,47.01916,6.88257,37264.2,6.2,15.4,287.0,-26.0,0.2,-1.0,RS41,403.500,8.1,250,10,2.6,,
2026-08-03T00:56:47.000Z,W4214499,7822,47.01917,6.88226,37271.6,1.5,10.2,249.7,-26.0,0.2,-1.0,RS41,403.500,8.4,250,10,2.6,,
2026-08-03T00:56:48.000Z,W4214499,7823,47.01912,6.88214,37273.5,1.9,9.9,228.2,-26.0,0.2,-1.0,RS41,403.500,8.4,250,10,2.6,,
2026-08-03T00:56:49.000Z,W4214499,7824,47.01906,6.88206,37277.0,4.9,9.7,218.9,-26.0,0.2,-1.0,RS41,403.500,8.1,250,10,2.5,,
2026-08-03T00:56:51.000Z,W4214499,7826,47.01897,6.88188,37291.7,8.7,8.5,260.1,-26.0,0.2,-1.0,RS41,403.500,6.3,250,10,2.6,,
2026-08-03T00:56:52.000Z,W4214499,7827,47.01898,6.88175,37299.6,7.0,11.1,286.2,-26.0,0.2,-1.0,RS41,403.500,7.2,250,10,2.6,,
2026-08-03T00:56:54.000Z,W4214499,7829,47.01911,6.88141,37307.7,1.4,18.8,306.9,-26.0,0.2,-1.0,RS41,403.500,9.2,250,10,2.6,,
2026-08-03T00:56:55.000Z,W4214499,7830,47.01923,6.88120,37309.1,1.3,22.8,310.6,-25.9,0.2,-1.0,RS41,403.500,9.2,250,10,2.5,,
2026-08-03T00:56:56.000Z,W4214499,7831,47.01936,6.88097,37311.7,3.9,24.6,311.1,-25.9,0.3,-1.0,RS41,403.500,7.8,250,10,2.5,,
2026-08-03T00:56:57.000Z,W4214499,7832,47.01950,6.88073,37317.2,7.3,23.5,308.8,-25.9,0.2,-1.0,RS41,403.500,8.8,250,10,2.5,,
2026-08-03T00:56:59.000Z,W4214499,7834,47.01969,6.88030,37333.2,7.3,15.7,294.1,-25.9,0.2,-1.0,RS41,403.500,7.3,250,10,2.6,,
2026-08-03T00:57:00.000Z,W4214499,7835,47.01973,6.88012,37339.1,4.3,12.4,280.3,-25.9,0.2,-1.0,RS41,403.500,7.4,250,10,2.6,,
2026-08-03T00:57:01.000Z,W4214499,7836,47.01974,6.87998,37342.0,1.6,10.2,261.2,-25.9,0.2,-1.0,RS41,403.500,8.3,250,9,2.6,,
2026-08-03T00:57:02.000Z,W4214499,7837,47.01971,6.87986,37343.6,1.3,9.3,237.8,-25.9,0.2,-1.0,RS41,403.500,8.3,250,10,2.5,,
2026-08-03T00:57:03.000Z,W4214499,7838,47.01965,6.87977,37346.3,3.9,9.0,224.7,-25.9,0.2,-1.0,RS41-SG,403.500,8.3,250,10,2.5,,
2026-08-03T00:57:04.000Z,W4214499,7839,47.01960,6.87968,37351.7,7.0,8.4,231.6,-25.9,0.3,-1.0,RS41-SG,403.500,8.3,250,10,2.5,,
2026-08-03T00:57:06.000Z,W4214499,7841,47.01957,6.87947,37366.7,6.9,10.3,284.0,-25.9,0.2,-1.0,RS41-SG,403.500,8.0,250,10,2.6,,
2026-08-03T00:57:07.000Z,W4214499,7842,47.01961,6.87932,37372.4,4.4,13.9,298.1,-25.9,0.2,-1.0,RS41-SG,403.500,8.0,250,10,2.6,,
2026-08-03T00:57:08.000Z,W4214499,7843,47.01969,6.87915,37375.9,2.2,17.8,305.6,-25.9,0.2,-1.0,RS41-SG,403.500,8.4,250,10,2.6,,
2026-08-03T00:57:09.000Z,W4214499,7844,47.01980,6.87894,37377.9,1.8,21.5,308.9,-25.9,0.2,-1.0,RS41-SG,403.500,8.9,250,10,2.6,,
2026-08-03T00:57:10.000Z,W4214499,7845,47.01993,6.87872,37380.6,3.6,23.8,310.0,-25.9,0.2,-1.0,RS41-SG,403.500,8.9,250,10,2.5,,
2026-08-03T00:57:11.000Z,W4214499,7846,47.02006,6.87848,37385.6,6.5,23.1,307.5,-25.9,0.2,-1.0,RS41-SG,403.500,7.9,250,10,2.5,,
2026-08-03T00:57:14.000Z,W4214499,7849,47.02028,6.87786,37406.9,4.5,12.8,279.8,-25.9,0.2,-1.0,RS41-SG,403.500,7.9,250,10,2.6,,
2026-08-03T00:57:15.000Z,W4214499,7850,47.02028,6.87771,37410.4,2.1,10.6,259.3,-25.9,0.2,-1.0,RS41-SG,403.500,7.9,250,10,2.6,,
2026-08-03T00:57:16.000Z,W4214499,7851,47.02025,6.87759,37412.1,1.3,10.0,236.0,-25.9,0.2,-1.0,RS41-SG,403.500,9.1,250,10,2.5,,
2026-08-03T00:57:17.000Z,W4214499,7852,47.02019,6.87749,37414.4,3.3,10.1,222.1,-25.9,0.2,-1.0,RS41-SG,403.500,9.1,250,10,2.5,,
2026-08-03T00:57:18.000Z,W4214499,7853,47.02013,6.87740,37419.3,6.3,9.7,223.2,-25.9,0.3,-1.0,RS41-SG,403.500,8.4,250,10,2.5,,
2026-08-03T00:57:20.000Z,W4214499,7855,47.02006,6.87718,37434.3,7.5,10.5,269.1,-25.9,0.2,-1.0,RS41-SG,403.500,8.4,250,10,2.6,,
2026-08-03T00:57:21.000Z,W4214499,7856,47.02007,6.87703,37440.8,5.2,13.6,286.4,-25.9,0.2,-1.0,RS41-SG,403.500,8.4,250,10,2.6,,
2026-08-03T00:57:22.000Z,W4214499,7857,47.02012,6.87684,37444.7,2.5,17.2,295.9,-25.8,0.2,-1.0,RS41-SG,403.500,8.1,250,10,2.6,,
2026-08-03T00:57:23.000Z,W4214499,7858,47.02021,6.87662,37446.9,1.6,20.9,301.1,-25.8,0.2,-1.0,RS41-SG,403.500,8.9,250,10,2.6,,
2026-08-03T00:57:24.000Z,W4214499,7859,47.02031,6.87638,37449.3,3.1,23.5,303.0,-25.8,0.2,-1.0,RS41-SG,403.500,8.9,250,10,2.5,,
2026-08-03T00:57:25.000Z,W4214499,7860,47.02042,6.87612,37454.0,6.3,23.4,301.5,-25.7,0.2,-1.0,RS41-SG,403.500,7.3,250,10,2.5,,
2026-08-03T00:57:26.000Z,W4214499,7861,47.02052,6.87587,37461.2,8.2,20.7,296.2,-25.7,0.2,-1.0,RS41-SG,403.500,7.8,250,10,2.6,,
2026-08-03T00:57:28.000Z,W4214499,7863,47.02061,6.87545,37475.8,5.3,13.5,273.7,-25.7,0.2,-1.0,RS41-SG,403.500,8.0,250,10,2.6,,
2026-08-03T00:57:30.000Z,W4214499,7865,47.02055,6.87516,37481.8,1.3,11.1,230.5,-25.6,0.2,-1.0,RS41-SG,403.500,8.2,250,9,2.6,,
2026-08-03T00:57:32.000Z,W4214499,7867,47.02038,6.87498,37487.2,5.0,12.5,210.7,-25.5,0.2,-1.0,RS41-SG,403.500,8.2,250,10,2.5,,
2026-08-03T00:57:33.000Z,W4214499,7868,47.02030,6.87488,37493.3,7.3,12.0,220.0,-25.5,0.2,-1.0,RS41-SG,403.500,8.2,250,10,2.6,,
2026-08-03T00:57:34.000Z,W4214499,7869,47.02023,6.87477,37500.8,7.6,11.7,239.5,-25.5,0.2,-1.0,RS41-SG,403.500,7.3,250,10,2.6,,
2026-08-03T00:57:35.000Z,W4214499,7870,47.02019,6.87462,37507.8,6.0,12.9,259.4,-25.5,0.2,-1.0,RS41-SG,403.500,7.9,250,10,2.6,,
2026-08-03T00:57:36.000Z,W4214499,7871,47.02019,6.87444,37512.6,3.5,15.3,274.3,-25.5,0.2,-1.0,RS41-SG,403.500,7.9,250,10,2.6,,
2026-08-03T00:57:37.000Z,W4214499,7872,47.02021,6.87422,37515.5,2.0,18.2,284.7,-25.5,0.2,-1.0,RS41-SG,403.500,8.6,250,10,2.5,,
2026-08-03T00:57:38.000Z,W4214499,7873,47.02027,6.87398,37517.9,2.6,20.9,290.9,-25.5,0.2,-1.0,RS41-SG,403.500,8.6,250,10,2.5,,
2026-08-03T00:57:40.000Z,W4214499,7875,47.02041,6.87347,37528.0,7.4,20.1,291.3,-25.5,0.2,-1.0,RS41-SG,403.500,6.9,250,10,2.6,,
2026-08-03T00:57:45.000Z,W4214499,7880,47.02035,6.87268,37552.5,1.5,11.8,209.6,-25.4,0.2,-1.0,RS41-SG,403.500,7.8,250,10,2.5,,
2026-08-03T00:57:47.000Z,W4214499,7882,47.02014,6.87253,37560.2,6.7,13.6,205.9,-25.4,0.2,-1.0,RS41-SG,403.500,7.8,250,10,2.6,,
2026-08-03T00:57:49.000Z,W4214499,7884,47.01997,6.87230,37575.3,7.2,13.8,241.4,-25.3,0.2,-1.0,RS41-SG,403.500,7.3,250,10,2.6,,
2026-08-03T00:57:50.000Z,W4214499,7885,47.01992,6.87212,37581.3,4.6,15.7,258.4,-25.3,0.2,-1.0,RS41-SG,403.500,7.3,250,10,2.6,,
2026-08-03T00:57:52.000Z,W4214499,7887,47.01993,6.87164,37586.5,1.1,21.8,280.1,-25.3,0.2,-1.0,RS41-SG,403.500,7.3,250,9,2.5,,
2026-08-03T00:57:58.000Z,W4214499,7893,47.02010,6.87012,37616.8,2.7,12.0,245.8,-25.1,0.2,-1.0,RS41-SG,403.500,6.4,250,10,2.5,,
2026-08-03T00:58:00.000Z,W4214499,7895,47.01995,6.86991,37620.4,1.8,13.1,206.9,-25.1,0.2,-1.0,RS41-SG,403.500,7.3,250,10,2.5,,
2026-08-03T00:58:05.000Z,W4214499,7900,47.01950,6.86920,37649.7,3.3,19.5,260.1,-24.9,0.2,-1.0,RS41-SG,403.500,7.1,250,10,2.5,,
2026-08-03T00:58:06.000Z,W4214499,7901,47.01949,6.86892,37652.0,1.3,22.6,269.9,-24.9,0.2,-1.0,RS41-SG,403.500,7.1,250,10,2.5,,
2026-08-03T00:58:09.000Z,W4214499,7904,47.01959,6.86795,37660.7,6.4,25.0,283.0,-24.8,0.2,-1.0,RS41-SG,403.500,6.7,250,10,2.6,,
2026-08-03T00:58:14.000Z,W4214499,7909,47.01957,6.86696,37684.4,1.3,10.2,219.8,-24.5,0.2,-1.0,RS41-SG,403.500,7.3,250,10,2.5,,
2026-08-03T00:58:15.000Z,W4214499,7910,47.01949,6.86688,37686.7,3.1,11.4,207.3,-24.4,0.2,-1.0,RS41-SG,403.500,7.3,250,10,2.6,,
2026-08-03T00:58:16.000Z,W4214499,7911,47.01940,6.86681,37691.2,6.0,12.4,210.1,-24.4,0.2,-1.0,RS41-SG,403.500,7.1,250,10,2.6,,
2026-08-03T00:58:17.000Z,W4214499,7912,47.01930,6.86670,37698.1,7.7,13.6,224.8,-24.4,0.2,-1.0,RS41-SG,403.500,7.1,250,10,2.6,,
2026-08-03T00:58:20.000Z,W4214499,7915,47.01915,6.86609,37715.0,2.2,21.6,266.3,-24.2,0.2,-1.0,RS41-SG,403.500,7.1,250,10,2.5,,
2026-08-03T00:58:21.000Z,W4214499,7916,47.01915,6.86578,37716.5,0.8,25.0,273.9,-24.2,0.2,-1.0,RS41-SG,403.500,7.1,250,10,2.5,,
2026-08-03T00:58:27.000Z,W4214499,7922,47.01934,6.86406,37744.6,2.6,11.9,263.4,-24.1,0.2,-1.0,RS41-SG,403.500,7.0,250,10,2.5,,
2026-08-03T00:58:28.000Z,W4214499,7923,47.01932,6.86392,37746.5,1.1,9.4,243.2,-24.1,0.2,-1.0,RS41-SG,403.500,7.0,250,10,2.6,,
2026-08-03T00:58:29.000Z,W4214499,7924,47.01927,6.86383,37748.0,1.8,9.2,219.8,-24.1,0.2,-1.0,RS41-SG,403.500,7.3,250,10,2.6,,
2026-08-03T00:58:30.000Z,W4214499,7925,47.01919,6.86375,37751.3,4.5,10.7,212.3,-24.1,0.2,-1.0,RS41-SG,403.500,7.8,250,10,2.6,,
2026-08-03T00:58:32.000Z,W4214499,7927,47.01904,6.86353,37764.2,7.5,14.3,237.8,-24.0,0.2,-1.0,RS41-SG,403.500,7.3,250,10,2.5,,
2026-08-03T00:58:33.000Z,W4214499,7928,47.01898,6.86335,37770.9,5.7,17.4,251.4,-24.1,0.2,-1.0,RS41-SG,403.500,8.0,250,10,2.6,,
2026-08-03T00:58:34.000Z,W4214499,7929,47.01894,6.86310,37775.4,3.1,20.7,261.6,-24.0,0.2,-1.0,RS41-SG,403.500,8.0,250,10,2.6,,
2026-08-03T00:58:35.000Z,W4214499,7930,47.01893,6.86281,37777.6,1.2,24.3,269.6,-24.0,0.2,-1.0,RS41-SG,403.500,6.4,250,9,2.6,,
2026-08-03T00:58:36.000Z,W4214499,7931,47.01894,6.86247,37778.9,1.2,27.4,275.8,-24.0,0.2,-1.0,RS41-SG,403.500,7.4,250,10,2.5,,
2026-08-03T00:58:37.000Z,W4214499,7932,47.01898,6.86211,37781.1,3.1,28.9,280.2,-24.0,0.2,-1.0,RS41-SG,403.500,7.6,250,10,2.5,,
2026-08-03T00:58:43.000Z,W4214499,7938,47.01913,6.86064,37808.0,0.9,8.0,245.1,-23.9,0.2,-1.0,RS41-SG,403.500,7.2,250,10,2.5,,
2026-08-03T00:58:44.000Z,W4214499,7939,47.01909,6.86055,37810.0,2.7,7.9,223.8,-23.9,0.2,-1.0,RS41-SG,403.500,8.1,250,10,2.5,,
2026-08-03T00:58:45.000Z,W4214499,7940,47.01903,6.86048,37814.1,5.6,9.4,222.9,-23.8,0.2,-1.0,RS41-SG,403.500,8.1,250,10,2.6,,
2026-08-03T00:58:46.000Z,W4214499,7941,47.01897,6.86037,37820.6,7.3,11.8,235.7,-23.8,0.2,-1.0,RS41-SG,403.500,7.9,250,10,2.6,,
2026-08-03T00:58:47.000Z,W4214499,7942,47.01892,6.86021,37827.7,6.8,15.1,249.6,-23.8,0.2,-1.0,RS41-SG,403.500,7.9,250,10,2.6,,
2026-08-03T00:58:49.000Z,W4214499,7944,47.01886,6.85973,37836.6,1.9,22.6,267.1,-23.7,0.2,-1.0,RS41-SG,403.500,7.7,250,10,2.6,,
2026-08-03T00:58:50.000Z,W4214499,7945,47.01886,6.85941,37838.0,0.7,26.4,272.9,-23.7,0.2,-1.0,RS41-SG,403.500,7.9,250,10,2.5,,
2026-08-03T00:58:51.000Z,W4214499,7946,47.01888,6.85905,37839.3,1.7,29.2,277.7,-23.7,0.2,-1.0,RS41-SG,403.500,7.9,250,10,2.5,,
2026-08-03T00:58:58.000Z,W4214499,7953,47.01903,6.85718,37871.3,1.1,9.3,238.3,-23.7,0.2,-1.0,RS41-SG,403.500,7.1,250,10,2.5,,
2026-08-03T00:58:59.000Z,W4214499,7954,47.01897,6.85709,37873.3,2.9,9.5,222.7,-23.7,0.2,-1.0,RS41-SG,403.500,7.5,250,10,2.6,,
2026-08-03T00:59:00.000Z,W4214499,7955,47.01891,6.85700,37877.6,5.7,10.7,223.0,-23.7,0.2,-1.0,RS41-SG,403.500,7.5,250,10,2.6,,
2026-08-03T00:59:01.000Z,W4214499,7956,47.01884,6.85688,37884.3,7.6,12.7,235.3,-23.7,0.2,-1.0,RS41-SG,403.500,6.8,250,10,2.6,,
2026-08-03T00:59:02.000Z,W4214499,7957,47.01878,6.85672,37891.8,7.3,15.6,249.4,-23.7,0.2,-1.0,RS41-SG,403.500,6.8,250,10,2.6,,
2026-08-03T00:59:05.000Z,W4214499,7960,47.01873,6.85591,37903.8,0.9,26.2,273.7,-23.7,0.2,-1.0,RS41-SG,403.500,6.7,250,10,2.6,,
2026-08-03T00:59:06.000Z,W4214499,7961,47.01876,6.85555,37904.9,1.1,29.3,277.9,-23.7,0.2,-1.0,RS41-SG,403.500,7.4,250,10,2.6,,
2026-08-03T00:59:15.000Z,W4214499,7970,47.01876,6.85310,37941.4,5.1,13.8,239.1,-23.6,0.2,-1.0,RS41-SG,403.500,6.7,250,10,2.6,,
2026-08-03T00:59:16.000Z,W4214499,7971,47.01870,6.85293,37947.2,6.3,15.1,247.4,-23.6,0.2,-1.0,RS41-SG,403.500,6.8,250,10,2.6,,
2026-08-03T01:00:02.000Z,W4214499,8017,47.01919,6.84237,37945.4,-36.0,11.8,222.9,-22.6,0.2,-1.0,RS41-SG,403.500,7.0,250,9,2.5,,
2026-08-03T01:00:07.000Z,W4214499,8022,47.01891,6.84156,37800.4,-36.3,19.6,271.3,-23.1,0.2,-1.0,RS41-SG,403.500,6.9,250,10,2.5,,
2026-08-03T01:00:08.000Z,W4214499,8023,47.01891,6.84130,37760.6,-43.8,19.9,272.5,-23.0,0.2,-1.0,RS41-SG,403.500,7.4,250,10,2.5,,
2026-08-03T01:00:17.000Z,W4214499,8032,47.01901,6.83891,37410.1,-47.8,13.2,238.8,-24.4,0.2,-1.0,RS41-SG,403.500,6.7,250,10,2.6,,
2026-08-03T01:00:18.000Z,W4214499,8033,47.01895,6.83878,37362.7,-47.4,12.0,235.6,-24.6,0.2,-1.0,RS41-SG,403.500,7.0,250,10,2.6,,
2026-08-03T01:00:22.000Z,W4214499,8037,47.01890,6.83824,37180.1,-48.2,13.1,287.8,-25.0,0.2,-1.0,RS41-SG,403.500,8.0,250,10,2.5,,
2026-08-03T01:00:23.000Z,W4214499,8038,47.01893,6.83808,37129.7,-52.6,14.0,290.2,-25.0,0.2,-1.0,RS41-SG,403.500,8.1,250,9,2.6,,
2026-08-03T01:00:24.000Z,W4214499,8039,47.01898,6.83789,37076.1,-54.2,15.9,290.3,-24.9,0.2,-1.0,RS41-SG,403.500,8.1,250,10,2.6,,
2026-08-03T01:00:25.000Z,W4214499,8040,47.01903,6.83769,37023.6,-50.8,18.2,287.1,-24.9,0.2,-1.0,RS41-SG,403.500,7.9,250,10,2.5,,
2026-08-03T01:00:26.000Z,W4214499,8041,47.01908,6.83746,36973.4,-49.3,17.7,286.6,-25.0,0.2,-1.0,RS41-SG,403.500,6.4,250,10,2.5,,
2026-08-03T01:00:31.000Z,W4214499,8046,47.01912,6.83658,36700.2,-60.6,10.1,265.1,-25.4,0.2,-1.0,RS41-SG,403.500,6.6,250,10,2.5,,
2026-08-03T01:00:32.000Z,W4214499,8047,47.01911,6.83646,36640.4,-59.2,9.8,260.7,-25.5,0.2,-1.0,RS41-SG,403.500,8.0,250,9,2.6,,
2026-08-03T01:00:33.000Z,W4214499,8048,47.01910,6.83634,36584.0,-54.0,8.3,268.9,-25.6,0.2,-1.0,RS41-SG,403.500,8.0,250,10,2.6,,
2026-08-03T01:00:34.000Z,W4214499,8049,47.01911,6.83622,36529.4,-53.9,10.0,279.5,-25.6,0.2,-1.0,RS41-SG,403.500,7.6,250,9,2.5,,
2026-08-03T01:00:35.000Z,W4214499,8050,47.01913,6.83608,36474.0,-56.2,11.7,278.9,-25.5,0.2,-1.0,RS41-SG,403.500,7.5,250,9,2.5,,
2026-08-03T01:00:36.000Z,W4214499,8051,47.01915,6.83590,36419.3,-54.3,15.3,284.0,-25.3,0.2,-1.0,RS41-SG,403.500,7.5,250,9,2.5,,
2026-08-03T01:00:37.000Z,W4214499,8052,47.01919,6.83568,36365.1,-55.2,18.7,281.2,-25.1,0.2,-1.0,RS41-SG,403.500,7.5,250,9,2.6,,
2026-08-03T01:00:38.000Z,W4214499,8053,47.01921,6.83544,36309.2,-55.7,20.2,277.5,-25.2,0.2,-1.0,RS41-SG,403.500,7.5,250,10,2.6,,
2026-08-03T01:01:22.000Z,W4214499,8097,47.01847,6.82733,34219.0,-42.8,13.3,238.8,-33.2,0.4,-1.0,RS41-SG,403.500,6.9,250,10,2.5,,
2026-08-03T01:01:25.000Z,W4214499,8100,47.01834,6.82685,34092.9,-42.2,13.2,262.9,-33.8,0.4,-1.0,RS41-SG,403.500,6.9,250,10,2.6,,
2026-08-03T01:01:28.000Z,W4214499,8103,47.01837,6.82628,33968.6,-42.0,16.3,280.0,-34.3,0.4,-1.0,RS41-SG,403.500,7.3,250,10,2.5,,
2026-08-03T01:01:29.000Z,W4214499,8104,47.01840,6.82607,33927.1,-42.2,16.7,284.0,-34.5,0.4,-1.0,RS41-SG,403.500,7.3,250,10,2.5,,
2026-08-03T01:01:30.000Z,W4214499,8105,47.01843,6.82586,33885.0,-42.4,15.9,282.7,-34.6,0.4,-1.0,RS41-SG,403.500,7.2,250,10,2.5,,
2026-08-03T01:01:31.000Z,W4214499,8106,47.01846,6.82565,33842.2,-43.7,16.6,277.0,-34.8,0.5,-1.0,RS41-SG,403.500,7.1,250,10,2.5,,
2026-08-03T01:01:33.000Z,W4214499,8108,47.01848,6.82525,33757.7,-41.5,15.6,269.3,-35.3,0.5,-1.0,RS41-SG,403.500,7.4,250,9,2.6,,
2026-08-03T01:01:34.000Z,W4214499,8109,47.01848,6.82505,33717.5,-40.2,13.9,269.7,-35.5,0.5,-1.0,RS41-SG,403.500,6.7,250,10,2.6,08:28:52,
2026-08-03T01:01:39.000Z,W4214499,8114,47.01851,6.82425,33518.7,-42.9,10.4,281.9,-35.5,0.5,-1.0,RS41-SG,403.500,7.4,250,10,2.6,08:28:52,
2026-08-03T01:01:40.000Z,W4214499,8115,47.01852,6.82412,33477.5,-41.0,10.1,273.7,-35.5,0.4,-1.0,RS41-SG,403.500,7.4,250,10,2.5,08:28:52,
2026-08-03T01:01:41.000Z,W4214499,8116,47.01851,6.82398,33438.6,-38.1,11.0,258.7,-35.4,0.4,-1.0,RS41-SG,403.500,7.2,250,10,2.5,08:28:52,
2026-08-03T01:01:42.000Z,W4214499,8117,47.01849,6.82383,33399.1,-40.4,11.6,253.3,-35.4,0.5,-1.0,RS41-SG,403.500,7.4,250,8,2.5,08:28:52,
2026-08-03T01:01:47.000Z,W4214499,8122,47.01819,6.82297,33206.0,-35.2,16.8,247.4,-35.9,0.5,-1.0,RS41-SG,403.500,6.8,250,10,2.6,08:28:52,
2026-08-03T01:01:49.000Z,W4214499,8124,47.01811,6.82253,33136.2,-34.4,18.8,259.5,-36.1,0.5,-1.0,RS41-SG,403.500,7.0,250,10,2.6,08:28:52,
2026-08-03T01:04:27.000Z,W4214499,8282,47.01742,6.79890,27965.2,-28.1,4.8,279.0,-46.1,0.8,-1.0,RS41-SG,403.500,6.5,250,9,2.5,08:28:52,
2026-08-03T01:04:33.000Z,W4214499,8288,47.01740,6.79841,27775.8,-33.8,8.2,270.2,-47.0,0.9,-1.0,RS41-SG,403.500,6.5,250,10,2.5,08:28:52,
2026-08-03T01:04:35.000Z,W4214499,8290,47.01743,6.79822,27707.1,-35.0,7.9,284.4,-47.1,0.9,-1.0,RS41-SG,403.500,6.8,250,9,2.6,08:28:52,
2026-08-03T01:04:37.000Z,W4214499,8292,47.01750,6.79802,27641.8,-30.1,8.7,303.5,-47.4,0.9,-1.0,RS41-SG,403.500,7.1,250,10,2.6,08:28:52,
2026-08-03T01:04:38.000Z,W4214499,8293,47.01755,6.79792,27611.8,-29.5,9.2,299.2,-47.5,0.9,-1.0,RS41-SG,403.500,7.2,250,9,2.5,08:28:52,
2026-08-03T01:04:39.000Z,W4214499,8294,47.01759,6.79782,27583.7,-27.5,8.7,300.6,-47.7,1.0,-1.0,RS41-SG,403.500,7.8,250,9,2.5,08:28:52,
2026-08-03T01:04:40.000Z,W4214499,8295,47.01762,6.79770,27557.1,-25.9,9.9,288.3,-47.9,1.0,-1.0,RS41-SG,403.500,7.8,250,9,2.5,08:28:52,
2026-08-03T01:04:41.000Z,W4214499,8296,47.01765,6.79758,27531.6,-26.2,10.5,289.4,-48.0,1.0,-1.0,RS41-SG,403.500,7.9,250,8,2.5,08:28:52,
2026-08-03T01:04:42.000Z,W4214499,8297,47.01768,6.79744,27503.9,-28.1,11.4,286.4,-48.0,1.0,-1.0,RS41-SG,403.500,7.9,250,9,2.6,08:28:52,
2026-08-03T01:04:43.000Z,W4214499,8298,47.01771,6.79728,27476.7,-27.2,13.8,280.5,-48.0,0.9,-1.0,RS41-SG,403.500,7.2,250,8,2.6,08:28:52,
2026-08-03T01:04:45.000Z,W4214499,8300,47.01777,6.79691,27422.9,-26.4,15.6,284.4,-47.7,0.9,-1.0,RS41-SG,403.500,7.3,250,8,2.5,08:28:52,
2026-08-03T01:04:47.000Z,W4214499,8302,47.01785,6.79649,27367.8,-27.4,16.5,285.9,-47.4,0.9,-1.0,RS41-SG,403.500,6.8,250,9,2.5,08:28:52,
2026-08-03T01:04:49.000Z,W4214499,8304,47.01793,6.79611,27312.6,-28.4,14.1,284.0,-47.3,0.9,-1.0,RS41-SG,403.500,7.4,250,9,2.6,08:28:52,
2026-08-03T01:04:50.000Z,W4214499,8305,47.01795,6.79593,27283.5,-29.7,13.8,279.7,-47.3,0.8,-1.0,RS41-SG,403.500,7.4,250,10,2.6,08:28:52,
2026-08-03T01:04:51.000Z,W4214499,8306,47.01797,6.79575,27252.5,-31.6,13.6,277.9,-47.1,0.8,-1.0,RS41-SG,403.500,7.2,250,10,2.6,08:28:52,
2026-08-03T01:04:52.000Z,W4214499,8307,47.01799,6.79558,27223.2,-28.7,12.8,276.7,-47.0,0.8,-1.0,RS41-SG,403.500,7.1,250,9,2.5,08:28:52,
2026-08-03T01:04:53.000Z,W4214499,8308,47.01799,6.79542,27196.5,-26.0,11.8,266.3,-47.1,0.8,-1.0,RS41-SG,403.500,7.5,250,9,2.5,08:28:52,
2026-08-03T01:04:54.000Z,W4214499,8309,47.01798,6.79527,27171.3,-24.6,12.7,260.6,-47.2,0.8,-1.0,RS41-SG,403.500,7.5,250,10,2.5,08:28:52,
2026-08-03T01:04:55.000Z,W4214499,8310,47.01796,6.79511,27146.1,-25.6,12.4,260.7,-47.2,0.9,-1.0,RS41-SG,403.500,7.3,250,10,2.5,08:28:52,
2026-08-03T01:04:56.000Z,W4214499,8311,47.01794,6.79495,27121.0,-25.2,11.9,261.0,-47.3,0.8,-1.0,RS41-SG,403.500,7.3,250,10,2.6,08:28:52,
2026-08-03T01:04:57.000Z,W4214499,8312,47.01792,6.79480,27097.6,-23.4,11.4,259.7,-47.4,0.9,-1.0,RS41-SG,403.500,7.3,250,10,2.6,08:28:52,
2026-08-03T01:04:58.000Z,W4214499,8313,47.01790,6.79466,27073.9,-24.6,10.9,261.4,-47.5,0.9,-1.0,RS41-SG,403.500,7.9,250,10,2.6,08:25:28,
2026-08-03T01:04:59.000Z,W4214499,8314,47.01789,6.79452,27049.8,-24.9,10.6,263.0,-47.6,0.9,-1.0,RS41-SG,403.500,7.9,250,10,2.6,08:25:28,
2026-08-03T01:05:01.000Z,W4214499,8316,47.01789,6.79427,26998.8,-27.1,9.2,278.8,-47.7,0.9,-1.0,RS41-SG,403.500,6.8,250,10,2.5,08:25:28,
2026-08-03T01:05:02.000Z,W4214499,8317,47.01790,6.79416,26972.4,-25.3,9.3,288.8,-47.6,0.9,-1.0,RS41-SG,403.500,7.1,250,9,2.5,08:25:28,
2026-08-03T01:05:03.000Z,W4214499,8318,47.01793,6.79404,26947.4,-24.2,9.6,296.2,-47.6,0.9,-1.0,RS41-SG,403.500,7.7,250,9,2.6,08:25:28,
2026-08-03T01:05:04.000Z,W4214499,8319,47.01797,6.79393,26922.3,-24.4,10.0,299.5,-47.6,0.9,-1.0,RS41-SG,403.500,7.7,250,9,2.6,08:25:28,
2026-08-03T01:05:05.000Z,W4214499,8320,47.01801,6.79381,26898.6,-24.0,10.2,292.8,-47.7,0.9,-1.0,RS41-SG,403.500,7.4,250,10,2.6,08:25:28,
2026-08-03T01:05:06.000Z,W4214499,8321,47.01804,6.79369,26875.1,-24.2,10.1,287.7,-47.8,0.9,-1.0,RS41-SG,403.500,8.0,250,10,2.5,08:25:28,
2026-08-03T01:05:07.000Z,W4214499,8322,47.01807,6.79356,26850.7,-25.2,10.7,284.4,-48.0,0.9,-1.0,RS41-SG,403.500,8.0,250,10,2.5,08:25:28,
2026-08-03T01:05:08.000Z,W4214499,8323,47.01808,6.79341,26826.0,-24.6,11.4,270.8,-48.0,0.9,-1.0,RS41-SG,403.500,7.8,250,10,2.5,08:25:28,
2026-08-03T01:05:13.000Z,W4214499,8328,47.01805,6.79280,26689.5,-28.7,6.5,272.1,-48.4,0.9,-1.0,RS41-SG,403.500,6.6,250,9,2.5,08:25:28,
2026-08-03T01:05:14.000Z,W4214499,8329,47.01806,6.79272,26661.1,-29.1,5.4,285.8,-48.5,0.9,-1.0,RS41-SG,403.500,6.6,250,10,2.5,08:25:28,
2026-08-03T01:05:16.000Z,W4214499,8331,47.01810,6.79259,26608.3,-27.0,5.9,306.2,-48.5,0.9,-1.0,RS41-SG,403.500,7.0,250,10,2.5,08:25:28,
2026-08-03T01:05:17.000Z,W4214499,8332,47.01813,6.79254,26582.7,-25.2,5.0,304.9,-48.6,1.0,-1.0,RS41-SG,403.500,7.4,250,10,2.6,08:25:28,
