timestamp,serial,frame,lat,lon,alt,vel_v,vel_h,heading,temp,humidity,pressure,type,freq_mhz,snr,f_error_hz,sats,batt_v,burst_timer,aux_data
2026-09-07T13:01:38.988Z,W4111037,8847,46.84516,7.80333,32345.3,2.9,6.0,301.9,-273.0,-1.0,-1.0,RS41,403.501,7.8,-500,10,2.6,,050103F9040D2A205600
2026-09-07T13:02:02.988Z,W4111037,8871,46.84422,7.80407,32445.9,5.2,12.6,94.9,-273.0,-1.0,-1.0,RS41,403.501,7.0,-500,10,2.6,,050103F503F25A204E00
2026-09-07T13:02:04.988Z,W4111037,8873,46.84422,7.80434,32456.9,5.4,7.8,82.7,-273.0,-1.0,-1.0,RS41,403.501,9.3,-500,10,2.6,,050103F503EF3A205A00
2026-09-07T13:02:05.988Z,W4111037,8874,46.84423,7.80442,32461.7,4.2,3.8,72.9,-273.0,-1.0,-1.0,RS41,403.501,9.1,-500,10,2.6,,050103F403F8CA305700
2026-09-07T13:02:06.988Z,W4111037,8875,46.84424,7.80445,32465.5,3.4,0.8,70.8,-273.0,-1.0,-1.0,RS41,403.501,9.1,-500,10,2.6,,050103F403F80A304B00
2026-09-07T13:02:07.988Z,W4111037,8876,46.84423,7.80444,32468.4,2.6,3.3,218.8,-273.0,-1.0,-1.0,RS41,403.501,8.8,-500,10,2.6,,050103F403F92A204E00
2026-09-07T13:02:08.988Z,W4111037,8877,46.84420,7.80440,32471.4,3.2,6.3,222.0,-273.0,-1.0,-1.0,RS41,403.501,7.8,-500,10,2.5,,050103F403F80A205900
2026-09-07T13:02:14.988Z,W4111037,8883,46.84379,7.80452,32497.4,3.3,10.2,115.2,-273.0,-1.0,-1.0,RS41,403.501,8.6,-500,10,2.6,,050103F303EC0A205700
2026-09-07T13:02:15.988Z,W4111037,8884,46.84376,7.80466,32500.6,2.9,11.2,96.4,-273.0,-1.0,-1.0,RS41,403.501,8.6,-500,10,2.6,,050103F203EF1A205800
2026-09-07T13:02:17.988Z,W4111037,8886,46.84378,7.80493,32507.5,4.0,9.5,65.9,-273.0,-1.0,-1.0,RS41,403.501,8.3,-500,10,2.6,,050103F203F2CA204F00
2026-09-07T13:02:19.988Z,W4111037,8888,46.84386,7.80509,32516.6,4.8,5.1,44.8,-273.0,-1.0,-1.0,RS41,403.501,7.6,-500,10,2.6,,050103F103E9EA205400
2026-09-07T13:02:20.988Z,W4111037,8889,46.84389,7.80512,32521.3,4.6,2.4,16.6,-273.0,-1.0,-1.0,RS41,403.501,8.0,-500,10,2.6,,050103F103EBBA205700
2026-09-07T13:02:23.988Z,W4111037,8892,46.84383,7.80510,32533.6,3.7,6.9,184.5,-273.0,-1.0,-1.0,RS41,403.501,7.5,-500,10,2.6,,050103F103F41A304E00
2026-09-07T13:02:26.988Z,W4111037,8895,46.84358,7.80524,32545.1,4.5,12.7,143.5,-273.0,-1.0,-1.0,RS41,403.501,7.1,-500,10,2.6,,050103F003DC8A205800
2026-09-07T13:02:29.988Z,W4111037,8898,46.84338,7.80566,32558.4,4.5,12.1,103.7,-273.0,-1.0,-1.0,RS41,403.501,8.5,-500,10,2.5,,050103EF03DFEA304E00
2026-09-07T13:02:30.988Z,W4111037,8899,46.84337,7.80581,32562.6,3.9,11.0,89.0,-273.0,-1.0,-1.0,RS41,403.501,8.5,-500,10,2.6,,050103EF03E1BA204B00
2026-09-07T13:02:32.988Z,W4111037,8901,46.84340,7.80603,32569.9,3.3,6.1,56.6,-273.0,-1.0,-1.0,RS41,403.501,8.7,-500,10,2.6,,050103EF03E27A205000
2026-09-07T13:02:33.988Z,W4111037,8902,46.84344,7.80608,32573.3,3.5,4.3,34.5,-273.0,-1.0,-1.0,RS41,403.501,8.2,-500,10,2.6,,050103EF03E19A205200
2026-09-07T13:02:34.988Z,W4111037,8903,46.84346,7.80610,32576.9,3.7,1.4,359.2,-273.0,-1.0,-1.0,RS41,403.501,7.9,-500,10,2.6,,050103EF03E12A205500
2026-09-07T13:02:35.988Z,W4111037,8904,46.84346,7.80608,32581.0,4.4,2.0,248.3,-273.0,-1.0,-1.0,RS41,403.501,6.8,-500,10,2.6,,050103EE03DEBA305C00
2026-09-07T13:02:36.988Z,W4111037,8905,46.84344,7.80606,32585.8,5.1,3.8,199.9,-273.0,-1.0,-1.0,RS41,403.501,7.5,-500,10,2.6,,050103EE03E05A305100
2026-09-07T13:02:38.988Z,W4111037,8907,46.84332,7.80608,32595.7,4.9,9.1,161.9,-273.0,-1.0,-1.0,RS41,403.501,7.4,-500,10,2.6,,050103EE03E81A304F00
2026-09-07T13:02:39.988Z,W4111037,8908,46.84325,7.80614,32600.2,4.2,11.4,142.4,-273.0,-1.0,-1.0,RS41,403.501,7.4,-500,10,2.6,,050103EE03EFAA205000
2026-09-07T13:02:41.988Z,W4111037,8910,46.84310,7.80641,32607.9,4.0,14.9,116.9,-273.0,-1.0,-1.0,RS41,403.501,7.8,-500,10,2.6,,050103ED03E78A205200
2026-09-07T13:02:42.988Z,W4111037,8911,46.84305,7.80660,32611.8,3.8,16.0,102.6,-273.0,-1.0,-1.0,RS41,403.501,8.8,-500,10,2.6,,050103ED03E8EA205900
2026-09-07T13:02:43.988Z,W4111037,8912,46.84303,7.80681,32615.9,4.5,16.1,92.2,-273.0,-1.0,-1.0,RS41,403.501,8.8,-500,10,2.6,,050103ED03EC2A304A00
2026-09-07T13:02:44.988Z,W4111037,8913,46.84304,7.80701,32620.5,4.9,14.4,81.0,-273.0,-1.0,-1.0,RS41,403.501,9.4,-500,10,2.6,,050103ED03EF1A304B00
2026-09-07T13:02:45.988Z,W4111037,8914,46.84307,7.80718,32625.3,4.6,12.9,69.6,-273.0,-1.0,-1.0,RS41,403.501,9.4,-500,10,2.6,,050103EC03F47A204E00
2026-09-07T13:02:46.988Z,W4111037,8915,46.84311,7.80732,32629.7,4.4,10.0,65.3,-273.0,-1.0,-1.0,RS41,403.501,9.4,-500,10,2.6,,050103EC03EACA205200
2026-09-07T13:02:47.988Z,W4111037,8916,46.84314,7.80741,32634.0,4.0,6.0,57.5,-273.0,-1.0,-1.0,RS41,403.501,9.2,-500,10,2.6,,
2026-09-07T13:02:48.988Z,W4111037,8917,46.84316,7.80746,32637.8,3.7,3.0,64.1,-273.0,-1.0,-1.0,RS41,403.501,8.8,-500,10,2.6,,050103EC03E75A205000
2026-09-07T13:02:50.988Z,W4111037,8919,46.84312,7.80750,32644.5,3.3,5.7,177.4,-273.0,-1.0,-1.0,RS41,403.501,7.6,-500,10,2.6,,050103EC03E17A205D00
2026-09-07T13:02:51.988Z,W4111037,8920,46.84306,7.80751,32648.0,3.9,8.5,167.9,-273.0,-1.0,-1.0,RS41,403.501,7.8,-500,10,2.6,,050103EC03DFEA304B00
2026-09-07T13:02:56.988Z,W4111037,8925,46.84270,7.80806,32669.4,3.7,13.8,100.2,-273.0,-1.0,-1.0,RS41,403.501,7.5,-500,10,2.6,,050103EA03DD7A205C00
2026-09-07T13:02:57.988Z,W4111037,8926,46.84270,7.80824,32672.8,3.1,14.0,83.5,-273.0,-1.0,-1.0,RS41,403.501,7.7,-500,10,2.6,,050103EA03DCEA304D00
2026-09-07T13:02:58.988Z,W4111037,8927,46.84272,7.80842,32676.2,3.6,13.7,72.4,-273.0,-1.0,-1.0,RS41,403.501,8.4,-500,10,2.6,,0501W22202070000006EI
2026-09-07T13:02:59.988Z,W4111037,8928,46.84277,7.80857,32680.1,4.3,11.5,60.3,-273.0,-1.0,-1.0,RS41,403.501,8.7,-500,10,2.6,,050103EA03D65A205000
2026-09-07T13:03:00.988Z,W4111037,8929,46.84282,7.80868,32684.5,4.6,10.0,51.3,-273.0,-1.0,-1.0,RS41,403.501,9.0,-500,10,2.6,,050103EA03DADA204F00
2026-09-07T13:03:01.988Z,W4111037,8930,46.84286,7.80877,32689.3,5.0,7.0,56.9,-273.0,-1.0,-1.0,RS41,403.501,9.0,-500,10,2.6,,050103EA03DCDA205500
2026-09-07T13:03:02.988Z,W4111037,8931,46.84288,7.80883,32694.1,4.8,3.6,84.5,-273.0,-1.0,-1.0,RS41,403.501,8.5,-500,10,2.6,,050103E903E16A305000
2026-09-07T13:03:03.988Z,W4111037,8932,46.84287,7.80888,32698.7,4.4,4.6,130.5,-40.9,-1.0,-1.0,RS41,403.501,8.5,-500,10,2.6,,050103E903E11A204900
2026-09-07T13:03:04.988Z,W4111037,8933,46.84283,7.80893,32702.7,3.6,8.7,146.8,-40.9,-1.0,-1.0,RS41,403.501,8.4,-500,10,2.6,,050103E903E52A305000
2026-09-07T13:03:05.988Z,W4111037,8934,46.84275,7.80900,32706.1,3.4,12.1,150.7,-40.9,-1.0,-1.0,RS41,403.501,7.4,-500,10,2.6,,050103E903E52A205800
2026-09-07T13:03:06.988Z,W4111037,8935,46.84265,7.80910,32709.7,3.8,14.8,143.7,-41.0,-1.0,-1.0,RS41,403.501,7.6,-500,10,2.6,,050103E903E1CA205D00
2026-09-07T13:03:09.988Z,W4111037,8938,46.84234,7.80957,32722.3,4.3,16.2,119.9,-40.9,-1.0,-1.0,RS41,403.501,8.3,-500,10,2.6,,050103E803E1EA205200
2026-09-07T13:03:11.988Z,W4111037,8940,46.84225,7.80993,32730.5,3.9,12.2,99.5,-40.7,-1.0,-1.0,RS41,403.501,8.9,-500,10,2.6,,050103E803E24A304F00
2026-09-07T13:03:12.988Z,W4111037,8941,46.84225,7.81007,32734.0,3.0,10.0,81.1,-40.6,-1.0,-1.0,RS41,403.501,10.2,-500,10,2.6,,050103E803DD1A204B00
2026-09-07T13:03:13.988Z,W4111037,8942,46.84227,7.81018,32737.1,3.4,8.3,68.8,-40.6,-1.0,-1.0,RS41,403.501,10.2,-500,10,2.6,,050103E703D9AA205000
2026-09-07T13:03:14.988Z,W4111037,8943,46.84229,7.81026,32740.5,3.8,5.3,55.7,-40.5,-1.0,-1.0,RS41,403.501,9.8,-500,10,2.6,,050103E703D33A204D00
2026-09-07T13:03:15.988Z,W4111037,8944,46.84232,7.81031,32744.7,4.5,3.7,42.0,-40.5,-1.0,-1.0,RS41,403.501,9.7,-500,10,2.6,,050103E703CFBA205700
2026-09-07T13:03:16.988Z,W4111037,8945,46.84233,7.81034,32749.3,4.7,2.5,86.3,-40.6,-1.0,-1.0,RS41,403.501,9.7,-500,10,2.6,,050103E703CE8A205C00
2026-09-07T13:03:17.988Z,W4111037,8946,46.84232,7.81037,32753.9,4.6,3.6,140.1,-40.5,-1.0,-1.0,RS41,403.501,9.1,-500,10,2.6,,050103E703D68A304B00
2026-09-07T13:03:18.988Z,W4111037,8947,46.84229,7.81041,32758.2,4.1,6.1,136.9,-40.5,-1.0,-1.0,RS41,403.501,8.3,-500,10,2.6,,050103E703DAEA204C00
2026-09-07T13:03:19.988Z,W4111037,8948,46.84224,7.81049,32761.7,3.0,10.0,133.4,-40.4,-1.0,-1.0,RS41,403.501,8.3,-500,10,2.6,,050103E703DDAA205200
2026-09-07T13:03:20.988Z,W4111037,8949,46.84217,7.81060,32764.6,2.9,12.8,132.4,-40.2,-1.0,-1.0,RS41,403.501,7.8,-500,10,2.6,,050103E703E62A205300
2026-09-07T13:03:21.988Z,W4111037,8950,46.84209,7.81074,32767.4,3.0,14.5,123.6,-40.2,-1.0,-1.0,RS41,403.501,9.5,-500,10,2.6,,050103E603DF4A205B00
2026-09-07T13:03:22.988Z,W4111037,8951,46.84202,7.81091,32770.7,3.6,16.6,116.1,-40.2,-1.0,-1.0,RS41,403.501,9.5,-500,10,2.6,,050103E603DA2A305000
2026-09-07T13:03:23.988Z,W4111037,8952,46.84197,7.81111,32774.7,4.5,15.8,111.7,-40.1,-1.0,-1.0,RS41,403.501,8.5,-500,10,2.6,,050103E603D97A204900
2026-09-07T13:03:24.988Z,W4111037,8953,46.84193,7.81129,32779.2,4.6,13.9,100.8,-40.1,-1.0,-1.0,RS41,403.501,8.9,-500,10,2.6,,050103E603D77A205000
2026-09-07T13:03:25.988Z,W4111037,8954,46.84191,7.81146,32783.8,4.6,12.4,92.3,-40.1,-1.0,-1.0,RS41,403.501,9.0,-500,10,2.6,,050103E603D90A204F00
2026-09-07T13:03:26.988Z,W4111037,8955,46.84191,7.81160,32788.0,3.8,8.9,86.5,-40.0,-1.0,-1.0,RS41,403.501,9.5,-500,10,2.6,,050103E603DCFA205800
2026-09-07T13:03:27.988Z,W4111037,8956,46.84192,7.81169,32791.3,3.0,5.6,69.5,-40.1,-1.0,-1.0,RS41,403.501,9.4,-500,10,2.6,,050103E603DA2A205600
2026-09-07T13:03:28.988Z,W4111037,8957,46.84194,7.81174,32794.2,2.8,3.0,64.0,-40.1,-1.0,-1.0,RS41,403.501,9.2,-500,10,2.6,,050103E503D8CA305500
2026-09-07T13:03:29.988Z,W4111037,8958,46.84194,7.81176,32797.3,3.3,0.6,219.8,-40.1,-1.0,-1.0,RS41,403.501,8.7,-500,10,2.6,,050103E503D32A205200
2026-09-07T13:03:30.988Z,W4111037,8959,46.84193,7.81174,32800.9,4.0,2.8,226.0,-40.1,-1.0,-1.0,RS41,403.501,8.4,-500,10,2.6,,050103E503CC4A205200
2026-09-07T13:03:32.988Z,W4111037,8961,46.84185,7.81172,32809.6,4.5,7.3,177.1,-40.1,-1.0,-1.0,RS41,403.501,8.1,-500,10,2.6,,050103E503D31A205B00
2026-09-07T13:03:34.988Z,W4111037,8963,46.84171,7.81180,32818.3,3.8,10.4,141.1,-40.1,-1.0,-1.0,RS41,403.501,8.2,-500,10,2.6,,050103E503DB1A204F00
2026-09-07T13:03:35.988Z,W4111037,8964,46.84164,7.81190,32821.8,3.4,12.3,131.3,-40.0,-1.0,-1.0,RS41,403.501,8.2,-500,10,2.6,,050103E403D2AA205100
2026-09-07T13:03:36.988Z,W4111037,8965,46.84158,7.81203,32825.0,3.1,12.2,115.8,-39.9,-1.0,-1.0,RS41,403.501,8.5,-500,10,2.6,,050103E403DA7A205D00
2026-09-07T13:03:37.988Z,W4111037,8966,46.84154,7.81219,32828.1,3.1,13.2,102.3,-40.0,-1.0,-1.0,RS41,403.501,8.5,-500,10,2.6,,050103E403D35A304B00
2026-09-07T13:03:38.988Z,W4111037,8967,46.84153,7.81236,32831.6,3.9,12.4,92.5,-40.0,-1.0,-1.0,RS41,403.501,8.2,-500,10,2.6,,050103E403D34A204F00
2026-09-07T13:03:39.988Z,W4111037,8968,46.84154,7.81250,32835.5,4.0,10.5,76.6,-39.9,-1.0,-1.0,RS41,403.501,9.1,-500,10,2.6,,050103E403CEAA205100
2026-09-07T13:03:40.988Z,W4111037,8969,46.84157,7.81262,32839.7,4.2,8.9,62.2,-40.0,-1.0,-1.0,RS41,403.501,9.4,-500,10,2.6,,050103E403CFDA205400
2026-09-07T13:03:41.988Z,W4111037,8970,46.84160,7.81270,32843.9,4.3,5.8,49.5,-40.1,-1.0,-1.0,RS41,403.501,9.7,-500,10,2.6,,050103E403D08A205700
2026-09-07T13:03:42.988Z,W4111037,8971,46.84164,7.81274,32847.9,3.9,3.5,12.4,-40.1,-1.0,-1.0,RS41,403.501,9.7,-500,10,2.6,,050103E303D05A204D00
2026-09-07T13:03:48.988Z,W4111037,8977,46.84144,7.81272,32871.6,3.6,10.8,148.5,-40.1,-1.0,-1.0,RS41,403.501,8.0,-500,10,2.6,,050103E203CB2A205800
2026-09-07T13:03:49.988Z,W4111037,8978,46.84136,7.81282,32874.7,2.7,12.7,130.9,-40.1,-1.0,-1.0,RS41,403.501,8.1,-500,10,2.6,,050103E203CE9A205C00
2026-09-07T13:03:50.988Z,W4111037,8979,46.84129,7.81296,32877.3,2.6,14.5,119.6,-40.1,-1.0,-1.0,RS41,403.501,8.1,-500,10,2.6,,050103E203C8FA304C00
2026-09-07T13:03:51.988Z,W4111037,8980,46.84124,7.81313,32880.4,3.8,14.7,109.7,-40.1,-1.0,-1.0,RS41,403.501,8.5,-500,10,2.6,,050103E203CC6A204B00
2026-09-07T13:03:52.988Z,W4111037,8981,46.84121,7.81332,32884.4,4.4,14.3,97.8,-40.2,-1.0,-1.0,RS41,403.501,9.9,-500,10,2.6,,050103E203CBDA205200
2026-09-07T13:03:53.988Z,W4111037,8982,46.84120,7.81349,32889.4,5.4,12.8,90.1,-40.2,-1.0,-1.0,RS41,403.501,9.9,-500,10,2.6,,050103E203CC5A205A00
2026-09-07T13:03:54.988Z,W4111037,8983,46.84120,7.81363,32894.5,5.0,9.2,82.4,-40.2,-1.0,-1.0,RS41,403.501,9.9,-500,10,2.6,,050103E203C39A205500
2026-09-07T13:03:55.988Z,W4111037,8984,46.84122,7.81373,32899.0,4.1,6.4,66.8,-40.2,-1.0,-1.0,RS41,403.501,10.2,-500,10,2.6,,050103E103C54A304E00
2026-09-07T13:03:56.988Z,W4111037,8985,46.84124,7.81379,32902.7,3.3,3.1,57.8,-40.2,-1.0,-1.0,RS41,403.501,10.2,-500,10,2.6,,050103E103C3EA205200
2026-09-07T13:03:57.988Z,W4111037,8986,46.84125,7.81380,32905.5,2.5,1.4,274.2,-40.1,-1.0,-1.0,RS41,403.501,9.7,-500,10,2.6,,050103E103C6BA205400
2026-09-07T13:03:58.988Z,W4111037,8987,46.84124,7.81376,32908.2,3.0,3.6,254.5,-40.1,-1.0,-1.0,RS41,403.501,9.7,-500,10,2.6,,0501W22202070000006EI
2026-09-07T13:03:59.988Z,W4111037,8988,46.84122,7.81372,32911.5,3.7,5.2,225.0,-40.1,-1.0,-1.0,RS41,403.501,9.2,-500,10,2.6,,050103E103C39A205A00
2026-09-07T13:04:00.988Z,W4111037,8989,46.84118,7.81367,32915.9,5.0,6.8,209.5,-40.1,-1.0,-1.0,RS41,403.501,9.1,-500,10,2.6,,050103E103C2AA304C00
2026-09-07T13:04:01.988Z,W4111037,8990,46.84113,7.81364,32921.1,5.5,6.4,188.7,-40.1,-1.0,-1.0,RS41,403.501,8.3,-500,10,2.6,,050103E003C21A204D00
2026-09-07T13:04:04.988Z,W4111037,8993,46.84095,7.81382,32934.7,3.2,10.5,117.5,-39.9,-1.0,-1.0,RS41,403.501,8.3,-500,10,2.6,,050103E003C2DA305700
2026-09-07T13:04:06.988Z,W4111037,8995,46.84089,7.81413,32941.2,3.7,13.8,98.0,-39.9,-1.0,-1.0,RS41,403.501,7.8,-500,10,2.6,,050103E003BEAA204D00
2026-09-07T13:04:07.988Z,W4111037,8996,46.84089,7.81431,32945.2,4.6,13.2,87.0,-39.9,-1.0,-1.0,RS41,403.501,9.6,-500,10,2.6,,050103DF03BD9A205000
2026-09-07T13:04:08.988Z,W4111037,8997,46.84090,7.81447,32950.3,5.6,12.1,82.1,-40.0,-1.0,-1.0,RS41,403.501,10.2,-500,10,2.6,,050103DF03BE0A205800
2026-09-07T13:04:09.988Z,W4111037,8998,46.84091,7.81460,32955.8,5.4,8.3,80.9,-39.9,-1.0,-1.0,RS41,403.501,10.2,-500,10,2.6,,050103DF03BD0A205C00
2026-09-07T13:04:10.988Z,W4111037,8999,46.84093,7.81468,32960.4,3.9,4.7,65.7,-39.9,-1.0,-1.0,RS41,403.501,10.5,-500,10,2.6,,050103DF03BECA304A00
2026-09-07T13:04:11.988Z,W4111037,9000,46.84094,7.81472,32963.5,2.4,1.4,50.2,-39.8,-1.0,-1.0,RS41,403.501,10.5,-500,10,2.6,,050103DF03C0EA204B00
2026-09-07T13:04:12.988Z,W4111037,9001,46.84094,7.81471,32965.6,1.7,2.9,253.2,-39.8,-1.0,-1.0,RS41,403.501,10.0,-500,10,2.6,,050103DF03C08A205200
2026-09-07T13:04:13.988Z,W4111037,9002,46.84093,7.81465,32967.4,2.1,6.0,255.9,-39.8,-1.0,-1.0,RS41,403.501,10.2,-500,10,2.6,,050103DF03BAAA205200
2026-09-07T13:04:14.988Z,W4111037,9003,46.84091,7.81457,32970.3,3.6,6.4,247.2,-39.9,-1.0,-1.0,RS41,403.501,10.2,-500,10,2.6,,
2026-09-07T13:04:15.988Z,W4111037,9004,46.84088,7.81450,32974.7,5.2,6.6,232.3,-39.9,-1.0,-1.0,RS41,403.501,9.0,-500,10,2.7,,050103DF03BABA205C00
2026-09-07T13:04:20.988Z,W4111037,9009,46.84080,7.81470,32995.4,1.7,12.2,84.5,-39.7,-1.0,-1.0,RS41,403.501,8.3,-500,10,2.6,,050103DE03BF9A205700
2026-09-07T13:04:21.988Z,W4111037,9010,46.84081,7.81487,32997.7,2.9,14.0,83.2,-39.8,-1.0,-1.0,RS41,403.501,8.3,-500,10,2.6,,050103DE03BE1A305700
2026-09-07T13:04:22.988Z,W4111037,9011,46.84083,7.81505,33001.5,4.6,14.0,76.8,-39.8,-1.0,-1.0,RS41-SG,403.501,8.6,-500,10,2.6,,050103DD03BCAA204B00
2026-09-07T13:04:24.988Z,W4111037,9013,46.84088,7.81536,33012.9,6.2,9.0,76.4,-39.8,-1.0,-1.0,RS41-SG,403.501,8.6,-500,10,2.6,,050103DD03BC2A205300
2026-09-07T13:04:25.988Z,W4111037,9014,46.84090,7.81544,33018.2,4.5,5.0,68.9,-39.8,-1.0,-1.0,RS41-SG,403.501,8.9,-500,10,2.6,,050103DD03BC5A205D00
2026-09-07T13:04:26.988Z,W4111037,9015,46.84091,7.81548,33021.8,2.8,1.4,54.3,-39.8,-1.0,-1.0,RS41-SG,403.501,9.3,-500,10,2.6,,050103DD03BB6A305100
2026-09-07T13:04:27.988Z,W4111037,9016,46.84091,7.81547,33024.0,1.6,3.0,246.4,-39.7,-1.0,-1.0,RS41-SG,403.501,9.3,-500,10,2.6,,050103DC03BB8A205100
2026-09-07T13:04:28.988Z,W4111037,9017,46.84090,7.81541,33025.6,1.8,6.4,254.4,-39.7,-1.0,-1.0,RS41-SG,403.501,9.1,-500,10,2.5,,050103DC03BA2A204F00
2026-09-07T13:04:29.988Z,W4111037,9018,46.84088,7.81533,33028.3,3.8,7.4,252.0,-39.8,-1.0,-1.0,RS41-SG,403.501,9.0,-500,10,2.6,,050103DC03B84A205700
2026-09-07T13:04:36.988Z,W4111037,9025,46.84094,7.81552,33054.6,2.1,14.6,66.9,-39.8,-1.0,-1.0,RS41-SG,403.501,8.8,-500,10,2.6,,050103DB03B76A204C00
2026-09-07T13:04:37.988Z,W4111037,9026,46.84100,7.81570,33057.9,4.5,14.9,62.4,-39.8,-1.0,-1.0,RS41-SG,403.501,9.2,-500,10,2.6,,050103DB03B55A205300
2026-09-07T13:04:38.988Z,W4111037,9027,46.84106,7.81586,33063.5,6.5,13.5,60.1,-39.9,-1.0,-1.0,RS41-SG,403.501,9.2,-500,10,2.6,,050103DB03B70A205600
2026-09-07T13:04:39.988Z,W4111037,9028,46.84111,7.81599,33070.0,6.5,9.7,59.4,-39.9,-1.0,-1.0,RS41-SG,403.501,9.5,-500,10,2.6,,050103DA03AE6A205C00
2026-09-07T13:04:40.988Z,W4111037,9029,46.84115,7.81607,33075.7,4.9,5.6,46.8,-39.8,-1.0,-1.0,RS41-SG,403.501,9.5,-500,10,2.6,,050103DA03B5DA305100
2026-09-07T13:04:41.988Z,W4111037,9030,46.84118,7.81611,33079.6,3.0,2.6,19.8,-39.8,-1.0,-1.0,RS41-SG,403.501,8.9,-500,10,2.6,,050103DA03B0DA205200
2026-09-07T13:04:42.988Z,W4111037,9031,46.84119,7.81609,33081.7,1.4,2.7,261.4,-39.7,-1.0,-1.0,RS41-SG,403.501,8.9,-500,10,2.6,,050103DA03AD0A205700
2026-09-07T13:04:43.988Z,W4111037,9032,46.84118,7.81604,33083.1,1.6,6.3,253.7,-39.7,-1.0,-1.0,RS41-SG,403.501,8.2,-500,10,2.6,,050103DA03AEBA205D00
2026-09-07T13:04:44.988Z,W4111037,9033,46.84116,7.81595,33085.7,3.6,7.4,246.8,-39.8,-1.0,-1.0,RS41-SG,403.501,8.2,-500,10,2.6,,050103DA03AB4A304B00
2026-09-07T13:04:50.988Z,W4111037,9039,46.84117,7.81600,33111.6,1.0,12.7,58.3,-39.6,-1.0,-1.0,RS41-SG,403.501,7.9,-500,10,2.6,,050103D903AE7A204F00
2026-09-07T13:04:52.988Z,W4111037,9041,46.84131,7.81632,33116.7,4.6,15.4,53.2,-39.7,-1.0,-1.0,RS41-SG,403.501,8.6,-500,10,2.6,,050103D803A79A205700
2026-09-07T13:04:55.988Z,W4111037,9044,46.84151,7.81668,33134.3,4.8,5.8,47.5,-39.5,-1.0,-1.0,RS41-SG,403.501,8.2,-500,10,2.6,,050103D803AAFA304F00
2026-09-07T13:04:56.988Z,W4111037,9045,46.84153,7.81672,33138.1,2.8,2.2,45.5,-39.4,-1.0,-1.0,RS41-SG,403.501,8.4,-500,10,2.6,,050103D803AC7A204D00
2026-09-07T13:04:57.988Z,W4111037,9046,46.84153,7.81672,33140.3,1.6,2.7,207.0,-39.3,-1.0,-1.0,RS41-SG,403.501,8.4,-500,10,2.6,,050103D803B01A205200
2026-09-07T13:04:58.988Z,W4111037,9047,46.84149,7.81669,33142.0,1.9,6.3,217.6,-39.2,-1.0,-1.0,RS41-SG,403.501,7.7,-500,10,2.6,,050103D703B44A205500
2026-09-07T13:05:05.988Z,W4111037,9054,46.84131,7.81684,33169.0,1.0,11.0,57.3,-39.0,-1.0,-1.0,RS41-SG,403.501,7.5,-500,10,2.6,,050103D603A75A205200
2026-09-07T13:05:07.988Z,W4111037,9056,46.84144,7.81708,33173.7,4.3,12.0,42.3,-39.0,-1.0,-1.0,RS41-SG,403.501,7.8,-500,10,2.6,,050103D603A3AA205000
2026-09-07T13:05:08.988Z,W4111037,9057,46.84152,7.81717,33178.7,5.6,10.6,36.1,-39.1,-1.0,-1.0,RS41-SG,403.501,7.8,-500,10,2.6,,050103D603A6FA205200
2026-09-07T13:05:10.988Z,W4111037,9059,46.84162,7.81727,33189.5,4.5,3.0,22.5,-39.0,-1.0,-1.0,RS41-SG,403.501,7.9,-500,10,2.6,,050103D503A51A204900
2026-09-07T13:05:13.988Z,W4111037,9062,46.84157,7.81726,33198.2,2.7,6.7,188.1,-39.0,-1.0,-1.0,RS41,403.501,6.6,-500,10,2.6,,050103D5039BDA205A00
2026-09-07T13:05:14.988Z,W4111037,9063,46.84151,7.81726,33201.3,3.6,7.5,174.5,-39.0,-1.0,-1.0,RS41,403.501,7.1,-500,10,2.6,,050103D5039C1A305400
2026-09-07T13:05:19.988Z,W4111037,9068,46.84135,7.81765,33222.8,3.2,9.7,67.1,-38.7,-1.0,-1.0,RS41,403.501,7.3,-500,10,2.6,,050103D40395EA205B00
2026-09-07T13:05:20.988Z,W4111037,9069,46.84140,7.81776,33225.9,2.9,11.1,46.9,-38.8,-1.0,-1.0,RS41,403.501,8.2,-500,10,2.6,,050103D403961A304B00
2026-09-07T13:05:21.988Z,W4111037,9070,46.84148,7.81786,33229.2,3.8,11.1,38.2,-38.8,-1.0,-1.0,RS41,403.501,8.2,-500,10,2.6,,050103D403990A204A00
2026-09-07T13:05:22.988Z,W4111037,9071,46.84155,7.81793,33233.1,4.2,9.0,23.1,-38.8,-1.0,-1.0,RS41,403.501,8.1,-500,10,2.6,,050103D3039ABA205200
2026-09-07T13:05:25.988Z,W4111037,9074,46.84170,7.81793,33245.9,3.2,3.1,279.9,-38.8,0.3,-1.0,RS41,403.501,7.0,-500,10,2.6,,050103D3039E3A205C00
2026-09-07T13:05:26.988Z,W4111037,9075,46.84169,7.81789,33248.9,3.0,4.3,239.2,-38.8,0.3,-1.0,RS41,403.501,7.0,-500,10,2.6,,050103D30398DA205300
2026-09-07T13:05:32.988Z,W4111037,9081,46.84143,7.81800,33273.5,2.8,7.0,85.8,-38.5,0.3,-1.0,RS41,403.501,7.4,-500,10,2.6,,050103D20392AA204D00
2026-09-07T13:05:33.988Z,W4111037,9082,46.84145,7.81810,33275.9,2.0,9.4,67.5,-38.5,0.3,-1.0,RS41,403.501,7.8,-500,10,2.6,,050103D203969A205200
2026-09-07T13:05:34.988Z,W4111037,9083,46.84149,7.81821,33278.2,2.8,10.3,53.7,-38.5,0.3,-1.0,RS41,403.501,8.2,-500,10,2.6,,050103D203961A204F00
2026-09-07T13:05:35.988Z,W4111037,9084,46.84155,7.81831,33281.4,3.7,11.0,39.1,-38.5,0.3,-1.0,RS41,403.501,9.1,-500,10,2.6,,050103D103955A205600
2026-09-07T13:05:36.988Z,W4111037,9085,46.84163,7.81839,33285.7,5.1,10.5,35.4,-38.6,0.3,-1.0,RS41,403.501,9.2,-500,10,2.6,,050103D10394AA305700
2026-09-07T13:05:37.988Z,W4111037,9086,46.84170,7.81846,33291.0,5.8,7.3,29.4,-38.6,0.3,-1.0,RS41,403.501,9.2,-500,10,2.6,,050103D103953A204C00
2026-09-07T13:05:38.988Z,W4111037,9087,46.84175,7.81849,33296.7,5.7,4.5,18.9,-38.5,0.3,-1.0,RS41,403.501,9.2,-500,10,2.6,,050103D103935A204E00
2026-09-07T13:05:41.988Z,W4111037,9090,46.84172,7.81849,33308.3,2.5,6.1,193.4,-38.4,0.3,-1.0,RS41,403.501,7.6,-500,10,2.6,,
2026-09-07T13:05:47.988Z,W4111037,9096,46.84137,7.81858,33333.4,3.7,3.3,75.4,-38.3,0.3,-1.0,RS41,403.501,7.0,-500,10,2.6,,050103D003950A204B00
2026-09-07T13:05:48.988Z,W4111037,9097,46.84139,7.81863,33336.3,2.3,5.8,43.4,-38.3,0.3,-1.0,RS41,403.501,8.2,-500,10,2.6,,050103D00391BA205100
2026-09-07T13:05:50.988Z,W4111037,9099,46.84151,7.81871,33342.0,3.3,9.3,13.3,-38.3,0.3,-1.0,RS41,403.501,8.4,-500,10,2.6,,050103D003931A205200
2026-09-07T13:05:51.988Z,W4111037,9100,46.84160,7.81873,33346.0,4.6,9.7,10.0,-38.4,0.3,-1.0,RS41,403.501,8.4,-500,10,2.6,,050103CF03962A205B00
2026-09-07T13:05:57.988Z,W4111037,9106,46.84172,7.81881,33369.4,2.8,5.8,141.9,-38.0,0.3,-1.0,RS41,403.501,7.2,-500,10,2.6,,050103CF038FFA205600
2026-09-07T13:06:05.988Z,W4111037,9114,46.84183,7.81936,33400.8,4.2,8.4,10.5,-37.9,0.3,-1.0,RS41,403.501,8.1,-500,10,2.6,,050103CE038A3A204B00
2026-09-07T13:06:06.988Z,W4111037,9115,46.84190,7.81937,33405.1,4.4,7.5,6.8,-38.0,0.3,-1.0,RS41,403.501,8.2,-500,10,2.6,,050103CE038B4A205000
2026-09-07T13:06:08.988Z,W4111037,9117,46.84199,7.81939,33413.4,3.8,1.8,17.5,-37.8,0.3,-1.0,RS41,403.501,7.7,-500,10,2.6,,050103CE038ACA205C00
2026-09-07T13:06:20.988Z,W4111037,9129,46.84221,7.82029,33460.1,4.5,9.2,2.3,-37.7,0.3,-1.0,RS41,403.501,7.4,-500,10,2.6,,050103CE0381AA205400
2026-09-07T13:06:45.988Z,W4111037,9154,46.84261,7.82220,33563.2,4.0,14.3,63.8,-37.7,0.3,-1.0,RS41,403.501,7.7,-500,10,2.6,,050103CC036CAA204B00
2026-09-07T13:07:56.988Z,W4111037,9225,46.84426,7.82827,33847.0,4.3,13.3,72.7,-38.2,0.2,-1.0,RS41,403.501,7.6,-500,10,2.6,,050103DC0338AA205000
2026-09-07T13:07:59.988Z,W4111037,9228,46.84439,7.82869,33861.0,4.5,9.2,52.6,-38.3,0.3,-1.0,RS41,403.501,7.5,-500,10,2.6,,050103DD033C9A205A00
2026-09-07T13:08:25.988Z,W4111037,9254,46.84444,7.83081,33971.8,4.1,13.3,78.5,-38.4,0.3,-1.0,RS41,403.501,7.4,-500,10,2.6,,050103EA032CCA205000
2026-09-07T13:08:44.988Z,W4111037,9273,46.84451,7.83288,34054.3,4.2,6.1,71.1,-38.6,0.3,-1.0,RS41,403.501,6.8,-500,10,2.6,,050103F20320DA205600
2026-09-07T13:08:55.988Z,W4111037,9284,46.84420,7.83366,34095.6,3.9,12.0,81.5,-38.6,0.3,-1.0,RS41,403.501,7.5,-500,10,2.6,,050103F7031A6A205D00
2026-09-07T13:08:58.988Z,W4111037,9287,46.84429,7.83407,34108.6,4.5,8.3,65.6,-38.6,0.3,-1.0,RS41,403.501,7.6,-500,10,2.6,,050103F80314AA205500
2026-09-07T13:09:09.988Z,W4111037,9298,46.84419,7.83492,34144.7,3.1,11.3,71.0,-38.5,0.3,-1.0,RS41,403.501,7.3,-500,10,2.6,,050103FB03168A105A00
2026-09-07T13:09:12.988Z,W4111037,9301,46.84432,7.83527,34156.3,4.1,7.4,49.1,-38.6,0.3,-1.0,RS41,403.501,7.8,-500,10,2.6,,050103FC0315BA205500
2026-09-07T13:09:14.988Z,W4111037,9303,46.84438,7.83537,34164.0,3.4,1.5,56.3,-38.6,0.3,-1.0,RS41,403.501,7.4,-500,10,2.6,,050103FC030D6A105900
2026-09-07T13:09:26.988Z,W4111037,9315,46.84437,7.83588,34203.4,4.0,8.0,29.4,-38.8,0.3,-1.0,RS41,403.501,7.8,-500,10,2.6,,050103FE03068A204F00
2026-09-07T13:09:28.988Z,W4111037,9317,46.84447,7.83596,34211.0,3.7,3.8,20.3,-38.8,0.3,-1.0,RS41,403.501,7.4,-500,10,2.6,,050103FF03058A205000
2026-09-07T13:09:37.988Z,W4111037,9326,46.84439,7.83663,34239.9,3.3,11.2,66.0,-38.8,0.3,-1.0,RS41,403.501,8.1,-500,10,2.6,,0501040002FEBA205200
2026-09-07T13:09:39.988Z,W4111037,9328,46.84451,7.83687,34246.7,3.5,10.7,43.1,-38.7,0.3,-1.0,RS41,403.501,6.9,-500,10,2.6,,0501040002FE7A204C00
2026-09-07T13:09:52.988Z,W4111037,9341,46.84500,7.83777,34286.7,2.9,13.2,53.5,-38.2,0.2,-1.0,RS41,403.501,7.2,-500,10,2.6,,0501040102F9AA105300
2026-09-07T13:09:55.988Z,W4111037,9344,46.84524,7.83811,34296.9,3.6,10.2,35.3,-38.2,0.3,-1.0,RS41,403.501,7.2,-500,10,2.6,,0501040102F1FA105B00
2026-09-07T13:10:09.988Z,W4111037,9358,46.84566,7.83957,34341.0,3.6,10.9,35.2,-38.0,0.2,-1.0,RS41,403.501,8.4,-500,10,2.6,,0501040202F26A205300
2026-09-07T13:10:22.988Z,W4111037,9371,46.84612,7.84100,34378.6,3.5,13.1,48.6,-37.9,0.3,-1.0,RS41,403.501,8.4,-500,10,2.6,,0501040202F05A205300
2026-09-07T13:10:23.988Z,W4111037,9372,46.84620,7.84111,34382.1,3.7,11.7,43.0,-37.9,0.2,-1.0,RS41,403.501,8.4,-500,10,2.6,,0501040202F31A205200
2026-09-07T13:10:24.988Z,W4111037,9373,46.84627,7.84120,34385.7,3.5,8.8,42.2,-37.9,0.3,-1.0,RS41,403.501,7.7,-500,10,2.7,,0501040202F28A205F00
2026-09-07T13:10:25.988Z,W4111037,9374,46.84632,7.84127,34389.0,3.2,6.5,35.6,-37.9,0.2,-1.0,RS41,403.501,8.1,-500,10,2.6,,0501040202EF3A204E00
2026-09-07T13:10:33.988Z,W4111037,9382,46.84630,7.84202,34411.9,2.6,13.2,82.1,-37.9,0.3,-1.0,RS41,403.501,7.9,-500,10,2.6,,0501040102EA6A205E00
2026-09-07T13:10:34.988Z,W4111037,9383,46.84633,7.84220,34414.7,2.9,14.6,75.1,-38.0,0.2,-1.0,RS41,403.501,7.9,-500,10,2.6,,0501040102EE8A205200
2026-09-07T13:10:35.988Z,W4111037,9384,46.84637,7.84238,34417.9,3.4,13.6,68.7,-37.9,0.2,-1.0,RS41,403.501,8.0,-500,10,2.6,,0501040102EA5A205F00
2026-09-07T13:10:36.988Z,W4111037,9385,46.84642,7.84253,34421.4,3.5,12.9,59.0,-37.9,0.2,-1.0,RS41,403.501,8.0,-500,10,2.6,,0501040102EDAA204B00
2026-09-07T13:10:38.988Z,W4111037,9387,46.84654,7.84277,34428.7,3.5,9.2,48.5,-37.8,0.2,-1.0,RS41,403.501,7.9,-500,10,2.6,,0501040102E63A205400
2026-09-07T13:10:47.988Z,W4111037,9396,46.84677,7.84364,34453.7,2.3,14.2,73.5,-37.7,0.3,-1.0,RS41,403.501,8.2,-500,10,2.6,,0501040002E14A204E00
2026-09-07T13:10:48.988Z,W4111037,9397,46.84681,7.84382,34456.3,2.9,14.6,71.6,-37.7,0.2,-1.0,RS41,403.501,8.3,-500,10,2.6,,0501040002E58A105800
2026-09-07T13:10:49.988Z,W4111037,9398,46.84686,7.84400,34459.4,3.3,14.4,64.8,-37.8,0.3,-1.0,RS41,403.501,8.6,-500,10,2.6,,0501040002E53A204D00
2026-09-07T13:10:51.988Z,W4111037,9400,46.84697,7.84431,34466.8,3.9,11.5,61.3,-37.8,0.3,-1.0,RS41,403.501,8.0,-500,10,2.6,,0501040002EB4A105C00
2026-09-07T13:10:52.988Z,W4111037,9401,46.84701,7.84443,34470.5,3.6,10.1,58.5,-37.8,0.2,-1.0,RS41,403.501,8.0,-500,10,2.6,,0501040002E4FA205100
2026-09-07T13:11:01.988Z,W4111037,9410,46.84705,7.84538,34498.1,3.0,13.4,88.3,-37.8,0.2,-1.0,RS41,403.501,7.1,-500,10,2.7,,050103FF02DB3A205E00
2026-09-07T13:11:02.988Z,W4111037,9411,46.84707,7.84556,34501.1,3.1,13.8,78.9,-37.7,0.3,-1.0,RS41,403.501,9.2,-500,10,2.6,,050103FF02DA3A204B00
2026-09-07T13:11:03.988Z,W4111037,9412,46.84710,7.84574,34504.3,3.4,14.4,75.2,-37.8,0.2,-1.0,RS41,403.501,9.2,-500,10,2.6,,0501W22202070000006EI
2026-09-07T13:11:04.988Z,W4111037,9413,46.84713,7.84591,34507.8,3.7,12.8,70.8,-37.8,0.2,-1.0,RS41,403.501,8.5,-500,10,2.6,,050103FF02D82A204D00
2026-09-07T13:11:07.988Z,W4111037,9416,46.84725,7.84628,34517.6,2.9,7.4,57.2,-37.8,0.2,-1.0,RS41,403.501,6.7,-500,10,2.6,,050103FE02DCCA204F00
2026-09-07T13:11:20.988Z,W4111037,9429,46.84750,7.84770,34560.4,3.7,13.3,60.2,-37.8,0.3,-1.0,RS41,403.501,7.3,-500,10,2.6,,050103FD02D25A205300
2026-09-07T13:11:30.988Z,W4111037,9439,46.84762,7.84895,34593.1,3.4,12.3,83.6,-37.9,0.3,-1.0,RS41,403.501,7.1,-500,10,2.6,,050103FC02CEAA205300
2026-09-07T13:11:35.988Z,W4111037,9444,46.84783,7.84973,34611.1,4.2,10.9,59.3,-37.8,0.3,-1.0,RS41,403.501,7.4,-500,10,2.6,,050103FB02D30A204F00
2026-09-07T13:11:40.988Z,W4111037,9449,46.84795,7.85015,34629.5,3.6,4.8,101.8,-37.8,0.2,-1.0,RS41,403.501,7.2,-500,10,2.6,,050103FA02CD0A205800
2026-09-07T13:11:43.988Z,W4111037,9452,46.84793,7.85039,34640.6,4.0,7.3,92.6,-37.8,0.2,-1.0,RS41,403.501,7.6,-500,10,2.7,,050103FA02CCAA204C00
2026-09-07T13:11:48.988Z,W4111037,9457,46.84804,7.85102,34658.5,3.7,11.3,61.0,-37.8,0.2,-1.0,RS41,403.501,7.9,-500,10,2.6,,050103F902C9DA205300
2026-09-07T13:11:50.988Z,W4111037,9459,46.84813,7.85126,34666.4,3.9,9.0,64.8,-37.8,0.3,-1.0,RS41,403.501,8.0,-500,10,2.6,,050103F902CE4A204E00
2026-09-07T13:11:53.988Z,W4111037,9462,46.84818,7.85154,34677.0,3.0,6.1,100.4,-37.8,0.2,-1.0,RS41,403.501,7.4,-500,10,2.6,,050103F802C8CA204C00
2026-09-07T13:12:33.988Z,W4111037,9502,46.84840,7.85729,34815.6,3.8,11.7,73.9,-37.9,0.3,-1.0,RS41,403.501,7.9,-500,10,2.6,,050103F302B96A204F00
2026-09-07T13:12:35.988Z,W4111037,9504,46.84844,7.85757,34823.4,3.9,9.4,83.4,-37.8,0.2,-1.0,RS41,403.501,7.2,-500,10,2.6,,050103F302B8DA205700
2026-09-07T13:13:45.988Z,W4111037,9574,46.84846,7.86835,35068.6,3.7,11.3,67.3,-38.0,0.2,-1.0,RS41,403.501,7.9,-500,10,2.6,,050103E7029B8A105B00
2026-09-07T13:14:24.988Z,W4111037,9613,46.84915,7.87398,35205.1,3.4,12.2,78.0,-37.4,0.2,-1.0,RS41,403.501,7.5,-500,10,2.6,,050103E2028E9A204B00
2026-09-07T13:14:40.988Z,W4111037,9629,46.84955,7.87611,35259.7,3.3,13.3,62.7,-37.3,0.2,-1.0,RS41,403.501,7.1,-500,10,2.6,,050103E0028C3A204E00
2026-09-07T13:15:32.988Z,W4111037,9681,46.85111,7.88460,35434.8,3.4,15.1,84.5,-37.6,0.2,-1.0,RS41,403.501,6.7,-500,10,2.6,,050103D40276DA204D00
2026-09-07T13:15:36.988Z,W4111037,9685,46.85120,7.88546,35448.9,3.6,16.7,75.6,-37.6,0.2,-1.0,RS41,403.501,7.3,-500,10,2.6,,050103D30274DA204A00
2026-09-07T13:16:07.989Z,W4111037,9716,46.85179,7.89071,35554.4,3.2,12.6,69.7,-37.6,0.2,-1.0,RS41,403.501,7.9,-500,10,2.7,,0501W22202070000006EI
2026-09-07T13:16:39.989Z,W4111037,9748,46.85191,7.89561,35657.7,3.2,8.8,84.8,-38.0,0.2,-1.0,RS41,403.501,7.5,-500,10,2.6,,050103C70262AA205100
2026-09-07T13:16:50.989Z,W4111037,9759,46.85169,7.89716,35689.4,2.8,11.0,86.4,-37.9,0.2,-1.0,RS41,403.501,8.4,-500,10,2.6,,050103C60262BA205D00
2026-09-07T13:16:52.989Z,W4111037,9761,46.85171,7.89743,35694.8,2.7,9.0,82.4,-38.0,0.2,-1.0,RS41,403.501,8.4,-500,10,2.6,,050103C6025F3A204B00
2026-09-07T13:17:07.989Z,W4111037,9776,46.85141,7.89932,35736.2,2.7,7.6,92.9,-38.0,0.2,-1.0,RS41,403.501,7.2,-500,10,2.6,,0501W22202070000006EI
2026-09-07T13:17:09.989Z,W4111037,9778,46.85139,7.89952,35741.7,2.8,7.1,108.7,-38.0,0.2,-1.0,RS41,403.501,7.7,-500,10,2.7,,050103C4025B6A204B00
2026-09-07T13:17:11.989Z,W4111037,9780,46.85133,7.89970,35747.0,2.5,8.9,122.4,-38.1,0.2,-1.0,RS41,403.501,7.3,-500,10,2.6,,050103C402588A105400
2026-09-07T13:17:13.989Z,W4111037,9782,46.85124,7.89992,35751.7,2.5,11.0,124.1,-38.1,0.2,-1.0,RS41,403.501,7.8,-500,10,2.6,,050103C402565A204B00
2026-09-07T13:17:15.989Z,W4111037,9784,46.85113,7.90018,35756.8,2.7,11.9,118.4,-38.0,0.2,-1.0,RS41,403.501,7.8,-500,10,2.7,,050103C402550A105A00
2026-09-07T13:17:17.989Z,W4111037,9786,46.85105,7.90045,35762.3,2.7,11.0,109.3,-37.9,0.2,-1.0,RS41,403.501,7.3,-500,10,2.6,,050103C402581A105C00
2026-09-07T13:17:18.989Z,W4111037,9787,46.85103,7.90058,35764.9,2.4,9.7,100.3,-37.9,0.2,-1.0,RS41,403.501,7.7,-500,10,2.6,,050103C402554A204B00
2026-09-07T13:17:19.989Z,W4111037,9788,46.85102,7.90070,35767.4,2.5,9.1,98.5,-37.9,0.2,-1.0,RS41,403.501,8.1,-500,10,2.7,,050103C402546A105200
2026-09-07T13:17:20.989Z,W4111037,9789,46.85101,7.90081,35769.9,2.5,7.5,90.8,-37.8,0.2,-1.0,RS41,403.501,8.1,-500,10,2.7,,050103C40253BA105C00
2026-09-07T13:17:22.989Z,W4111037,9791,46.85100,7.90099,35775.0,2.7,5.7,95.6,-37.9,0.2,-1.0,RS41,403.501,7.8,-500,10,2.6,,050103C30253AA204E00
2026-09-07T13:17:23.989Z,W4111037,9792,46.85099,7.90106,35777.7,2.6,6.0,105.7,-37.9,0.2,-1.0,RS41,403.501,7.8,-500,10,2.7,,050103C30254EA105300
2026-09-07T13:17:24.989Z,W4111037,9793,46.85098,7.90114,35780.2,2.7,5.7,114.0,-37.9,0.2,-1.0,RS41,403.501,7.4,-500,10,2.7,,050103C30254DA105A00
2026-09-07T13:17:32.989Z,W4111037,9801,46.85067,7.90195,35800.0,2.5,9.0,107.6,-37.5,0.2,-1.0,RS41,403.501,8.2,-500,10,2.6,,050103C2024FDA205700
2026-09-07T13:17:34.989Z,W4111037,9803,46.85064,7.90216,35804.4,2.1,7.1,98.1,-37.4,0.2,-1.0,RS41,403.501,7.6,-500,10,2.6,,050103C202510A105100
2026-09-07T13:17:36.989Z,W4111037,9805,46.85064,7.90232,35808.9,2.4,5.3,97.9,-37.4,0.2,-1.0,RS41,403.501,8.2,-500,10,2.6,,050103C2024B6A204F00
2026-09-07T13:17:40.989Z,W4111037,9809,46.85057,7.90257,35819.0,2.4,6.6,128.9,-37.2,0.2,-1.0,RS41,403.501,7.8,-500,10,2.6,,050103C2024FBA205000
2026-09-07T13:17:42.989Z,W4111037,9811,46.85048,7.90272,35823.7,2.4,8.6,128.2,-37.1,0.2,-1.0,RS41,403.501,7.8,-500,10,2.6,,050103C2024F7A105200
2026-09-07T13:17:47.989Z,W4111037,9816,46.85030,7.90322,35836.4,2.6,7.4,105.1,-36.8,0.2,-1.0,RS41,403.501,8.2,-500,10,2.6,,050103C10245BA105700
2026-09-07T13:17:48.989Z,W4111037,9817,46.85029,7.90331,35839.1,2.5,7.2,102.0,-36.8,0.2,-1.0,RS41,403.501,8.2,-500,10,2.7,,050103C1024ADA205C00
2026-09-07T13:17:50.989Z,W4111037,9819,46.85027,7.90347,35843.9,2.4,5.3,98.8,-36.7,0.2,-1.0,RS41,403.501,8.0,-500,10,2.6,,050103C1024E9A204B00
2026-09-07T13:17:51.989Z,W4111037,9820,46.85026,7.90353,35846.4,2.5,4.0,104.9,-36.7,0.2,-1.0,RS41,403.501,8.0,-500,10,2.6,,050103C1024E0A105300
2026-09-07T13:17:53.989Z,W4111037,9822,46.85023,7.90363,35851.4,2.5,4.3,129.6,-36.6,0.2,-1.0,RS41,403.501,9.2,-500,10,2.7,,050103C1024A4A205100
2026-09-07T13:17:55.989Z,W4111037,9824,46.85017,7.90373,35856.5,2.6,6.2,139.2,-36.6,0.2,-1.0,RS41,403.501,8.6,-500,10,2.6,,050103C0024A9A105400
2026-09-07T13:17:57.989Z,W4111037,9826,46.85008,7.90387,35861.7,2.8,7.8,131.9,-36.5,0.2,-1.0,RS41,403.501,8.7,-500,10,2.6,,050103C0024B2A204F00
2026-09-07T13:17:59.989Z,W4111037,9828,46.85000,7.90404,35866.9,2.8,8.1,119.7,-36.4,0.2,-1.0,RS41,403.501,8.1,-500,10,2.6,,050103C00247FA105100
2026-09-07T13:18:01.989Z,W4111037,9830,46.84995,7.90423,35871.9,2.5,7.2,102.3,-36.3,0.2,-1.0,RS41,403.501,7.9,-500,10,2.7,,050103BF0246CA205A00
2026-09-07T13:18:02.989Z,W4111037,9831,46.84994,7.90432,35874.2,2.1,6.8,88.2,-36.4,0.2,-1.0,RS41,403.501,8.0,-500,10,2.6,,050103BF0246BA204E00
2026-09-07T13:18:03.989Z,W4111037,9832,46.84995,7.90440,35876.5,2.3,5.7,83.2,-36.3,0.2,-1.0,RS41,403.501,8.7,-500,10,2.6,,050103BF0244FA105600
2026-09-07T13:18:05.989Z,W4111037,9834,46.84997,7.90453,35880.8,2.4,4.3,70.6,-36.4,0.2,-1.0,RS41,403.501,8.7,-500,10,2.6,,050103BF0243DA205200
2026-09-07T13:18:06.989Z,W4111037,9835,46.84999,7.90458,35883.0,2.2,4.0,66.7,-36.5,0.2,-1.0,RS41,403.501,8.7,-500,10,2.7,,050103BF0242AA204900
2026-09-07T13:18:07.989Z,W4111037,9836,46.84999,7.90463,35885.1,2.2,3.3,86.8,-36.4,0.1,-1.0,RS41,403.501,8.7,-500,10,2.6,,050103BE0242BA205100
2026-09-07T13:18:09.989Z,W4111037,9838,46.84999,7.90472,35889.7,2.3,4.4,114.1,-36.4,0.2,-1.0,RS41,403.501,7.9,-500,10,2.7,,050103BE02448A105C00
2026-09-07T13:18:11.989Z,W4111037,9840,46.84995,7.90485,35894.3,2.2,6.5,118.2,-36.2,0.2,-1.0,RS41,403.501,7.7,-500,10,2.7,,050103BE02474A204B00
2026-09-07T13:18:15.989Z,W4111037,9844,46.84988,7.90520,35903.7,2.2,7.5,95.3,-35.9,0.2,-1.0,RS41,403.501,7.9,-500,10,2.6,,050103BD02479A204B00
2026-09-07T13:18:17.989Z,W4111037,9846,46.84989,7.90538,35908.4,2.3,6.5,75.9,-35.9,0.1,-1.0,RS41,403.501,8.4,-500,10,2.7,,050103BD02461A105500
2026-09-07T13:18:18.989Z,W4111037,9847,46.84991,7.90545,35910.7,2.4,5.8,61.0,-35.9,0.2,-1.0,RS41,403.501,8.4,-500,10,2.7,,050103BD02460A205100
2026-09-07T13:18:19.989Z,W4111037,9848,46.84993,7.90551,35913.1,2.3,5.4,59.6,-35.9,0.2,-1.0,RS41,403.501,8.5,-500,10,2.7,,050103BD0245EA204B00
2026-09-07T13:18:21.989Z,W4111037,9850,46.84998,7.90561,35917.9,2.4,4.0,60.3,-36.0,0.2,-1.0,RS41,403.501,7.7,-500,10,2.6,,050103BD02402A105C00
2026-09-07T13:18:24.989Z,W4111037,9853,46.85001,7.90575,35925.2,2.4,3.8,94.0,-35.9,0.2,-1.0,RS41,403.501,7.8,-500,10,2.7,,050103BC02404A105300
2026-09-07T13:18:28.989Z,W4111037,9857,46.84997,7.90604,35934.6,2.5,6.5,92.8,-35.7,0.2,-1.0,RS41,403.501,7.1,-500,10,2.6,,050103BC02430A205000
2026-09-07T13:18:32.989Z,W4111037,9861,46.85003,7.90637,35944.3,2.4,5.7,57.9,-35.7,0.2,-1.0,RS41,403.501,7.8,-500,10,2.6,,050103BB023D7A205200
2026-09-07T13:18:40.989Z,W4111037,9869,46.85018,7.90670,35964.0,2.5,3.7,91.7,-35.8,0.2,-1.0,RS41,403.501,7.2,-500,10,2.7,,050103BA0241BA205000
2026-09-07T13:18:46.989Z,W4111037,9875,46.85026,7.90711,35978.9,2.4,6.1,55.1,-35.8,0.2,-1.0,RS41,403.501,6.9,-500,10,2.7,,050103BA023C9A205100
2026-09-07T13:18:48.989Z,W4111037,9877,46.85033,7.90723,35984.1,2.6,5.6,42.7,-35.9,0.2,-1.0,RS41,403.501,7.1,-500,11,2.7,,050103BA023E6A105700
2026-09-07T13:18:54.989Z,W4111037,9883,46.85049,7.90750,35999.1,2.6,4.7,72.0,-35.9,0.1,-1.0,RS41,403.501,7.2,-500,10,2.7,,050103B80211AA204F00
2026-09-07T13:19:02.989Z,W4111037,9891,46.85073,7.90809,36019.2,2.5,6.4,43.8,-35.9,0.2,-1.0,RS41,403.501,7.2,-500,10,2.6,,050103B7013C0A205700
2026-09-07T13:19:06.989Z,W4111037,9895,46.85088,7.90828,36029.6,2.6,4.6,45.8,-35.8,0.2,-1.0,RS41,403.501,6.9,-500,10,2.7,,050103B6016E7A104D00
2026-09-07T13:19:28.989Z,W4111037,9917,46.85185,7.90953,36086.0,2.6,8.8,46.0,-35.8,0.2,-1.0,RS41,403.501,7.6,-500,10,2.6,,050103B201619A204F00
2026-09-07T13:19:31.989Z,W4111037,9920,46.85203,7.90975,36093.4,2.4,8.9,30.7,-35.9,0.2,-1.0,RS41,403.501,7.5,-500,10,2.7,,050103B1012C4A104F00
2026-09-07T13:19:33.989Z,W4111037,9922,46.85216,7.90986,36098.4,2.4,8.0,28.8,-35.9,0.2,-1.0,RS41,403.501,8.1,-500,10,2.6,,050103B101292A105B00
2026-09-07T13:19:38.989Z,W4111037,9927,46.85243,7.91016,36110.1,2.1,8.1,49.1,-35.7,0.2,-1.0,RS41,403.501,8.1,-500,10,2.7,,050103B2012EFA205200
2026-09-07T13:20:32.989Z,W4111037,9981,46.85602,7.91465,36245.1,2.5,8.5,45.0,-35.1,0.2,-1.0,RS41,403.501,7.2,-500,10,2.7,,050103B700DBCA105B00
