timestamp,serial,frame,lat,lon,alt,vel_v,vel_h,heading,temp,humidity,pressure,type,freq_mhz,snr,f_error_hz,sats,batt_v,burst_timer,aux_data
2026-08-21T00:54:39.989Z,W4214520,8241,47.30071,7.64208,32589.0,4.7,1.3,111.7,-273.0,-1.0,-1.0,RS41,403.500,7.0,250,10,2.6,,
2026-08-21T00:54:40.989Z,W4214520,8242,47.30070,7.64209,32594.0,5.2,2.0,115.5,-273.0,-1.0,-1.0,RS41,403.500,7.1,250,10,2.5,,
2026-08-21T00:54:42.989Z,W4214520,8244,47.30070,7.64213,32605.3,5.9,1.3,6.2,-273.0,-1.0,-1.0,RS41,403.500,7.5,250,10,2.5,,
2026-08-21T00:54:43.989Z,W4214520,8245,47.30072,7.64212,32611.3,5.9,3.3,343.0,-273.0,-1.0,-1.0,RS41,403.500,7.8,250,10,2.6,,
2026-08-21T00:54:45.989Z,W4214520,8247,47.30081,7.64208,32621.5,4.7,7.1,346.3,-273.0,-1.0,-1.0,RS41,403.500,7.6,250,10,2.5,,
2026-08-21T00:54:46.989Z,W4214520,8248,47.30088,7.64206,32626.5,5.2,7.7,350.7,-273.0,-1.0,-1.0,RS41,403.500,8.7,250,10,2.5,,
2026-08-21T00:54:47.989Z,W4214520,8249,47.30094,7.64205,32632.1,5.8,6.3,354.2,-273.0,-1.0,-1.0,RS41,403.500,8.7,250,10,2.5,,
2026-08-21T00:54:48.989Z,W4214520,8250,47.30098,7.64204,32637.9,5.9,3.7,356.7,-273.0,-1.0,-1.0,RS41,403.500,8.3,250,10,2.5,,
2026-08-21T00:54:49.989Z,W4214520,8251,47.30101,7.64204,32643.7,5.5,1.2,357.4,-273.0,-1.0,-1.0,RS41,403.500,8.6,250,10,2.6,,
2026-08-21T00:54:50.989Z,W4214520,8252,47.30101,7.64204,32648.9,4.9,0.7,189.7,-273.0,-1.0,-1.0,RS41,403.500,8.6,250,10,2.6,,
2026-08-21T00:54:51.989Z,W4214520,8253,47.30100,7.64204,32653.7,4.6,1.5,187.3,-273.0,-1.0,-1.0,RS41,403.500,8.2,250,10,2.5,,
2026-08-21T00:54:52.989Z,W4214520,8254,47.30099,7.64204,32658.5,5.0,1.0,179.8,-273.0,-1.0,-1.0,RS41,403.500,8.2,250,10,2.5,,
2026-08-21T00:54:53.989Z,W4214520,8255,47.30098,7.64204,32663.9,5.8,0.7,49.0,-273.0,-1.0,-1.0,RS41,403.500,7.2,250,10,2.5,,
2026-08-21T00:54:54.989Z,W4214520,8256,47.30100,7.64205,32669.8,6.0,2.6,23.0,-273.0,-1.0,-1.0,RS41,403.500,7.9,250,10,2.6,,
2026-08-21T00:54:55.989Z,W4214520,8257,47.30103,7.64206,32675.2,4.9,4.5,12.5,-273.0,-1.0,-1.0,RS41,403.500,7.9,250,10,2.6,,
2026-08-21T00:54:56.989Z,W4214520,8258,47.30107,7.64207,32679.9,4.5,6.3,0.7,-273.0,-1.0,-1.0,RS41,403.500,7.9,250,10,2.5,,
2026-08-21T00:54:57.989Z,W4214520,8259,47.30114,7.64206,32684.7,5.0,7.4,349.9,-273.0,-1.0,-1.0,RS41,403.500,9.0,250,10,2.5,,
2026-08-21T00:54:58.989Z,W4214520,8260,47.30120,7.64204,32690.2,6.0,6.6,340.2,-273.0,-1.0,-1.0,RS41,403.500,9.0,250,10,2.5,,
2026-08-21T00:55:00.989Z,W4214520,8262,47.30126,7.64199,32702.2,4.8,0.8,310.6,-273.0,-1.0,-1.0,RS41,403.500,8.6,250,10,2.6,,
2026-08-21T00:55:03.989Z,W4214520,8265,47.30120,7.64204,32716.4,6.7,2.4,153.9,-273.0,-1.0,-1.0,RS41,403.500,7.8,250,10,2.5,,
2026-08-21T00:55:04.989Z,W4214520,8266,47.30119,7.64204,32723.0,6.4,1.8,317.4,-273.0,-1.0,-1.0,RS41,403.500,7.8,250,10,2.5,,
2026-08-21T00:55:05.989Z,W4214520,8267,47.30122,7.64201,32728.5,4.5,5.8,325.9,-273.0,-1.0,-1.0,RS41,403.500,7.4,250,10,2.6,,
2026-08-21T00:55:06.989Z,W4214520,8268,47.30128,7.64196,32733.1,4.5,9.2,329.6,-273.0,-1.0,-1.0,RS41,403.500,7.2,250,10,2.6,,
2026-08-21T00:55:07.989Z,W4214520,8269,47.30135,7.64190,32738.3,6.0,9.6,331.8,-39.2,-1.0,-1.0,RS41,403.500,8.1,250,10,2.5,,
2026-08-21T00:55:08.989Z,W4214520,8270,47.30142,7.64185,32744.7,6.6,6.6,331.9,-39.2,-1.0,-1.0,RS41,403.500,8.1,250,10,2.5,,
2026-08-21T00:55:09.989Z,W4214520,8271,47.30145,7.64182,32750.6,5.0,2.9,316.6,-39.1,-1.0,-1.0,RS41,403.500,7.1,250,10,2.5,,
2026-08-21T00:55:10.989Z,W4214520,8272,47.30145,7.64179,32754.9,3.7,2.3,227.0,-39.1,-1.0,-1.0,RS41,403.500,8.9,250,10,2.6,,
2026-08-21T00:55:11.989Z,W4214520,8273,47.30143,7.64176,32758.9,4.1,4.5,212.4,-39.1,-1.0,-1.0,RS41,403.500,8.9,250,10,2.6,,
2026-08-21T00:55:14.989Z,W4214520,8276,47.30140,7.64161,32775.1,5.6,5.8,309.6,-39.0,-1.0,-1.0,RS41,403.500,7.8,250,10,2.5,,
2026-08-21T00:55:15.989Z,W4214520,8277,47.30145,7.64156,32780.5,5.0,7.2,332.2,-39.0,-1.0,-1.0,RS41,403.500,7.8,250,10,2.6,,
2026-08-21T00:55:16.989Z,W4214520,8278,47.30151,7.64152,32785.5,4.9,7.4,347.3,-39.0,-1.0,-1.0,RS41,403.500,7.0,250,10,2.6,,
2026-08-21T00:55:17.989Z,W4214520,8279,47.30157,7.64151,32790.6,5.1,6.4,355.0,-39.0,-1.0,-1.0,RS41,403.500,8.3,250,10,2.5,,
2026-08-21T00:55:18.989Z,W4214520,8280,47.30162,7.64150,32795.8,5.3,4.4,348.7,-39.0,-1.0,-1.0,RS41,403.500,8.3,250,10,2.5,,
2026-08-21T00:55:19.989Z,W4214520,8281,47.30165,7.64148,32801.2,5.4,3.5,313.2,-39.0,-1.0,-1.0,RS41,403.500,8.3,250,10,2.5,,
2026-08-21T00:55:20.989Z,W4214520,8282,47.30166,7.64143,32806.5,5.3,4.8,285.0,-39.0,-1.0,-1.0,RS41,403.500,7.9,250,10,2.5,,
2026-08-21T00:55:21.989Z,W4214520,8283,47.30167,7.64136,32811.8,5.2,6.3,280.1,-39.0,-1.0,-1.0,RS41,403.500,8.2,250,10,2.6,,
2026-08-21T00:55:22.989Z,W4214520,8284,47.30168,7.64128,32816.9,4.9,6.6,279.8,-39.0,-1.0,-1.0,RS41,403.500,8.2,250,10,2.6,,
2026-08-21T00:55:23.989Z,W4214520,8285,47.30169,7.64119,32821.8,4.8,6.1,279.3,-39.0,-1.0,-1.0,RS41,403.500,7.5,250,10,2.5,,
2026-08-21T00:55:24.989Z,W4214520,8286,47.30170,7.64112,32826.9,5.1,4.9,277.5,-39.0,-1.0,-1.0,RS41,403.500,8.3,250,10,2.5,,
2026-08-21T00:55:25.989Z,W4214520,8287,47.30170,7.64107,32832.2,5.5,3.8,274.0,-39.0,-1.0,-1.0,RS41,403.500,8.3,250,10,2.5,,
2026-08-21T00:55:26.989Z,W4214520,8288,47.30171,7.64102,32838.1,6.0,3.2,277.7,-39.0,-1.0,-1.0,RS41,403.500,7.9,250,10,2.6,,
2026-08-21T00:55:27.989Z,W4214520,8289,47.30172,7.64098,32844.0,5.7,3.3,296.9,-39.0,-1.0,-1.0,RS41,403.500,7.7,250,10,2.6,,
2026-08-21T00:55:28.989Z,W4214520,8290,47.30174,7.64094,32849.3,5.0,4.5,320.2,-39.0,-1.0,-1.0,RS41,403.500,7.8,250,10,2.5,,
2026-08-21T00:55:29.989Z,W4214520,8291,47.30178,7.64090,32854.1,4.4,6.1,332.4,-39.0,-1.0,-1.0,RS41,403.500,7.8,250,10,2.5,,
2026-08-21T00:55:30.989Z,W4214520,8292,47.30183,7.64086,32858.7,4.7,7.6,334.6,-39.0,-1.0,-1.0,RS41,403.500,7.5,250,10,2.5,,
2026-08-21T00:55:31.989Z,W4214520,8293,47.30189,7.64081,32864.2,5.9,7.6,325.5,-39.0,-1.0,-1.0,RS41,403.500,7.5,250,10,2.6,,
2026-08-21T00:55:32.989Z,W4214520,8294,47.30194,7.64075,32870.1,5.9,7.0,305.8,-39.0,-1.0,-1.0,RS41,403.500,7.4,250,10,2.6,,
2026-08-21T00:55:33.989Z,W4214520,8295,47.30196,7.64066,32875.6,5.0,7.4,279.3,-39.0,-1.0,-1.0,RS41,403.500,8.9,250,10,2.5,,
2026-08-21T00:55:34.989Z,W4214520,8296,47.30196,7.64056,32880.2,4.2,8.6,260.0,-39.0,-1.0,-1.0,RS41,403.500,8.9,250,10,2.5,,
2026-08-21T00:55:35.989Z,W4214520,8297,47.30194,7.64044,32884.8,4.9,9.3,252.9,-39.0,-1.0,-1.0,RS41-SG,403.500,7.5,250,10,2.5,,
2026-08-21T00:55:36.989Z,W4214520,8298,47.30192,7.64033,32890.2,5.8,8.3,258.5,-39.0,-1.0,-1.0,RS41-SG,403.500,7.6,250,10,2.5,,
2026-08-21T00:55:37.989Z,W4214520,8299,47.30192,7.64023,32896.1,6.0,6.7,277.4,-39.0,-1.0,-1.0,RS41-SG,403.500,7.8,250,10,2.6,,
2026-08-21T00:55:38.989Z,W4214520,8300,47.30194,7.64016,32901.9,5.4,6.2,304.4,-39.0,-1.0,-1.0,RS41-SG,403.500,7.8,250,10,2.6,,
2026-08-21T00:55:39.989Z,W4214520,8301,47.30198,7.64010,32906.8,4.5,6.7,323.6,-39.0,-1.0,-1.0,RS41-SG,403.500,7.4,250,10,2.5,,
2026-08-21T00:55:40.989Z,W4214520,8302,47.30203,7.64005,32911.7,5.0,6.8,331.7,-39.0,-1.0,-1.0,RS41-SG,403.500,8.4,250,10,2.5,,
2026-08-21T00:55:41.989Z,W4214520,8303,47.30208,7.64001,32917.3,6.2,6.0,324.8,-39.0,-1.0,-1.0,RS41-SG,403.500,8.6,250,10,2.5,,
2026-08-21T00:55:42.989Z,W4214520,8304,47.30211,7.63995,32923.7,6.4,5.3,298.6,-39.0,-1.0,-1.0,RS41-SG,403.500,8.7,250,10,2.6,,
2026-08-21T00:55:43.989Z,W4214520,8305,47.30212,7.63988,32929.5,5.1,6.7,271.1,-39.0,-1.0,-1.0,RS41-SG,403.500,8.7,250,10,2.6,,
2026-08-21T00:55:44.989Z,W4214520,8306,47.30212,7.63977,32934.1,4.1,9.6,258.5,-39.1,-1.0,-1.0,RS41-SG,403.500,9.0,250,10,2.5,,
2026-08-21T00:55:45.989Z,W4214520,8307,47.30210,7.63963,32938.7,5.0,11.8,258.0,-39.1,-1.0,-1.0,RS41-SG,403.500,9.0,250,10,2.5,,
2026-08-21T00:55:48.989Z,W4214520,8310,47.30212,7.63924,32957.0,4.7,7.5,309.4,-39.0,-1.0,-1.0,RS41-SG,403.500,7.2,250,10,2.6,,
2026-08-21T00:55:49.989Z,W4214520,8311,47.30217,7.63919,32961.4,4.0,7.2,339.2,-39.0,-1.0,-1.0,RS41-SG,403.500,7.4,250,10,2.5,,
2026-08-21T00:55:50.989Z,W4214520,8312,47.30223,7.63916,32966.3,5.9,6.6,347.0,-39.0,-1.0,-1.0,RS41-SG,403.500,7.4,250,10,2.5,,
2026-08-21T00:55:51.989Z,W4214520,8313,47.30228,7.63913,32972.6,6.6,5.5,317.3,-39.0,-1.0,-1.0,RS41-SG,403.500,8.5,250,10,2.5,,
2026-08-21T00:55:52.989Z,W4214520,8314,47.30230,7.63906,32978.5,5.2,7.3,281.2,-39.0,-1.0,-1.0,RS41-SG,403.500,8.5,250,10,2.5,,
2026-08-21T00:55:56.989Z,W4214520,8318,47.30227,7.63855,32999.0,5.0,7.6,267.1,-39.1,-1.0,-1.0,RS41-SG,403.500,7.4,250,10,2.5,,
2026-08-21T00:55:57.989Z,W4214520,8319,47.30228,7.63846,33004.1,5.2,5.8,278.1,-39.1,-1.0,-1.0,RS41-SG,403.500,7.7,250,10,2.5,,
2026-08-21T00:55:58.989Z,W4214520,8320,47.30229,7.63839,33009.5,5.7,5.3,289.0,-39.1,-1.0,-1.0,RS41-SG,403.500,9.0,250,10,2.6,,
2026-08-21T00:55:59.989Z,W4214520,8321,47.30231,7.63833,33015.1,5.3,5.5,294.3,-39.0,-1.0,-1.0,RS41-SG,403.500,9.1,250,10,2.6,,
2026-08-21T00:56:00.989Z,W4214520,8322,47.30233,7.63826,33020.2,4.8,5.9,301.4,-39.0,-1.0,-1.0,RS41-SG,403.500,9.1,250,10,2.5,,
2026-08-21T00:56:01.989Z,W4214520,8323,47.30236,7.63819,33025.0,4.7,6.3,310.6,-39.0,-1.0,-1.0,RS41-SG,403.500,8.1,250,10,2.5,,
2026-08-21T00:56:02.989Z,W4214520,8324,47.30240,7.63813,33029.9,5.1,6.8,318.6,-39.0,-1.0,-1.0,RS41-SG,403.500,8.1,250,10,2.5,,
2026-08-21T00:56:03.989Z,W4214520,8325,47.30245,7.63807,33035.5,5.9,7.1,319.5,-39.0,-1.0,-1.0,RS41-SG,403.500,8.4,250,10,2.6,,
2026-08-21T00:56:04.989Z,W4214520,8326,47.30250,7.63801,33041.6,6.3,7.2,309.6,-39.0,0.4,-1.0,RS41-SG,403.500,8.4,250,10,2.6,,
2026-08-21T00:56:05.989Z,W4214520,8327,47.30253,7.63792,33047.5,5.3,7.9,292.8,-39.0,0.4,-1.0,RS41-SG,403.500,8.8,250,10,2.5,,
2026-08-21T00:56:06.989Z,W4214520,8328,47.30255,7.63781,33052.3,4.3,9.6,278.7,-39.0,0.4,-1.0,RS41-SG,403.500,9.0,250,10,2.5,,
2026-08-21T00:56:07.989Z,W4214520,8329,47.30256,7.63768,33056.7,4.5,11.2,271.9,-39.0,0.4,-1.0,RS41-SG,403.500,9.0,250,10,2.5,,
2026-08-21T00:56:11.989Z,W4214520,8333,47.30265,7.63727,33078.5,3.7,5.8,345.1,-39.1,0.4,-1.0,RS41-SG,403.500,9.0,250,10,2.5,,
2026-08-21T00:56:12.989Z,W4214520,8334,47.30270,7.63726,33082.9,5.2,6.3,5.6,-39.1,0.4,-1.0,RS41-SG,403.500,9.3,250,10,2.5,,
2026-08-21T00:56:13.989Z,W4214520,8335,47.30275,7.63726,33089.3,7.5,5.3,348.0,-39.1,0.4,-1.0,RS41-SG,403.500,9.4,250,10,2.5,,
2026-08-21T00:56:14.989Z,W4214520,8336,47.30279,7.63722,33096.4,6.8,6.1,301.4,-39.1,0.4,-1.0,RS41-SG,403.500,9.4,250,10,2.6,,
2026-08-21T00:56:15.989Z,W4214520,8337,47.30281,7.63713,33101.8,4.1,9.1,277.5,-39.1,0.4,-1.0,RS41-SG,403.500,9.2,250,10,2.6,,
2026-08-21T00:56:20.989Z,W4214520,8342,47.30288,7.63652,33128.6,3.9,5.7,341.1,-39.0,0.4,-1.0,RS41-SG,403.500,6.8,250,10,2.6,,
2026-08-21T00:56:21.989Z,W4214520,8343,47.30293,7.63651,33132.9,4.7,5.9,8.4,-39.0,0.4,-1.0,RS41-SG,403.500,8.7,250,10,2.5,,
2026-08-21T00:56:22.989Z,W4214520,8344,47.30298,7.63651,33138.5,6.7,4.7,356.7,-39.0,0.4,-1.0,RS41-SG,403.500,9.5,250,10,2.5,,
2026-08-21T00:56:23.989Z,W4214520,8345,47.30301,7.63649,33145.3,6.7,5.0,305.4,-39.0,0.4,-1.0,RS41-SG,403.500,9.5,250,10,2.5,,
2026-08-21T00:56:24.989Z,W4214520,8346,47.30303,7.63640,33151.1,4.9,8.3,280.6,-39.0,0.4,-1.0,RS41-SG,403.500,9.3,250,10,2.5,,
2026-08-21T00:56:30.989Z,W4214520,8352,47.30317,7.63579,33182.1,4.0,7.2,5.4,-39.0,0.4,-1.0,RS41-SG,403.500,8.6,250,10,2.6,,
2026-08-21T00:56:31.989Z,W4214520,8353,47.30324,7.63580,33187.3,6.3,7.6,3.4,-39.0,0.4,-1.0,RS41-SG,403.500,9.0,250,10,2.6,,
2026-08-21T00:56:32.989Z,W4214520,8354,47.30330,7.63579,33194.0,7.0,6.6,334.4,-39.0,0.4,-1.0,RS41-SG,403.500,9.3,250,10,2.5,,
2026-08-21T00:56:33.989Z,W4214520,8355,47.30334,7.63572,33200.3,5.5,7.7,299.5,-39.0,0.4,-1.0,RS41-SG,403.500,9.3,250,10,2.5,,
2026-08-21T00:56:38.989Z,W4214520,8360,47.30342,7.63518,33227.1,5.1,5.4,332.2,-39.1,0.4,-1.0,RS41-SG,403.500,8.5,250,10,2.5,,
2026-08-21T00:56:39.989Z,W4214520,8361,47.30347,7.63517,33231.7,4.1,7.2,0.0,-39.1,0.4,-1.0,RS41-SG,403.500,8.8,250,10,2.5,,
2026-08-21T00:56:41.989Z,W4214520,8363,47.30362,7.63516,33242.8,7.0,8.4,350.0,-39.2,0.4,-1.0,RS41-SG,403.500,7.7,250,10,2.6,,
2026-08-21T00:56:42.989Z,W4214520,8364,47.30369,7.63512,33249.5,6.5,7.4,322.3,-39.2,0.4,-1.0,RS41-SG,403.500,8.7,250,10,2.6,,
2026-08-21T00:56:43.989Z,W4214520,8365,47.30373,7.63505,33255.2,4.7,7.7,293.9,-39.2,0.4,-1.0,RS41-SG,403.500,8.7,250,10,2.5,,
2026-08-21T00:56:48.989Z,W4214520,8370,47.30387,7.63460,33282.9,4.3,9.6,348.7,-39.4,0.4,-1.0,RS41-SG,403.500,8.1,250,10,2.5,,
2026-08-21T00:56:49.989Z,W4214520,8371,47.30397,7.63459,33287.5,4.9,11.4,0.6,-39.4,0.4,-1.0,RS41-SG,403.500,8.1,250,10,2.5,,
2026-08-21T00:56:50.989Z,W4214520,8372,47.30407,7.63459,33293.1,6.5,10.5,0.5,-39.5,0.4,-1.0,RS41-SG,403.500,9.6,250,10,2.5,,
2026-08-21T00:56:51.989Z,W4214520,8373,47.30415,7.63458,33299.5,6.2,7.9,347.0,-39.5,0.4,-1.0,RS41-SG,403.500,9.6,250,10,2.6,,
2026-08-21T00:56:52.989Z,W4214520,8374,47.30420,7.63455,33305.1,5.1,6.1,318.5,-39.5,0.4,-1.0,RS41-SG,403.500,8.4,250,10,2.6,,
2026-08-21T00:56:53.989Z,W4214520,8375,47.30423,7.63448,33310.4,5.4,6.5,291.9,-39.5,0.4,-1.0,RS41-SG,403.500,8.4,250,10,2.5,,
2026-08-21T00:56:55.989Z,W4214520,8377,47.30428,7.63432,33321.6,5.3,6.6,301.3,-39.7,0.4,-1.0,RS41-SG,403.500,6.9,250,10,2.5,,
2026-08-21T00:56:56.989Z,W4214520,8378,47.30432,7.63425,33327.0,5.5,6.9,322.3,-39.7,0.4,-1.0,RS41-SG,403.500,7.8,250,10,2.5,,
2026-08-21T00:56:57.989Z,W4214520,8379,47.30438,7.63421,33332.7,6.1,7.8,335.9,-39.7,0.4,-1.0,RS41-SG,403.500,9.7,250,10,2.6,,
2026-08-21T00:56:58.989Z,W4214520,8380,47.30444,7.63417,33338.8,5.8,8.2,340.8,-39.8,0.5,-1.0,RS41-SG,403.500,9.7,250,10,2.6,,
2026-08-21T00:56:59.989Z,W4214520,8381,47.30451,7.63413,33344.2,5.0,8.6,343.3,-39.9,0.4,-1.0,RS41-SG,403.500,8.0,250,10,2.5,,
2026-08-21T00:57:01.989Z,W4214520,8383,47.30467,7.63407,33354.8,5.9,9.7,348.2,-40.0,0.5,-1.0,RS41-SG,403.500,7.2,250,10,2.5,,
2026-08-21T00:57:02.989Z,W4214520,8384,47.30476,7.63405,33361.0,6.4,9.7,346.3,-40.0,0.4,-1.0,RS41-SG,403.500,7.4,250,10,2.6,,
2026-08-21T00:57:03.989Z,W4214520,8385,47.30483,7.63401,33367.2,5.9,8.9,336.4,-40.0,0.5,-1.0,RS41-SG,403.500,8.3,250,10,2.6,,
2026-08-21T00:57:04.989Z,W4214520,8386,47.30490,7.63395,33372.6,4.9,7.7,317.4,-40.0,0.4,-1.0,RS41-SG,403.500,8.3,250,10,2.5,,
2026-08-21T00:57:09.989Z,W4214520,8391,47.30516,7.63363,33400.1,3.3,12.9,358.6,-40.1,0.5,-1.0,RS41-SG,403.500,8.9,250,10,2.5,,
2026-08-21T00:57:10.989Z,W4214520,8392,47.30529,7.63364,33404.3,5.0,15.4,4.7,-40.1,0.5,-1.0,RS41-SG,403.500,9.2,250,10,2.5,,
2026-08-21T00:57:11.989Z,W4214520,8393,47.30542,7.63365,33410.6,7.6,13.8,1.0,-40.1,0.4,-1.0,RS41-SG,403.500,9.9,250,10,2.5,,
2026-08-21T00:57:12.989Z,W4214520,8394,47.30552,7.63363,33418.0,7.0,10.1,346.0,-40.1,0.4,-1.0,RS41-SG,403.500,9.9,250,10,2.5,,
2026-08-21T00:57:13.989Z,W4214520,8395,47.30559,7.63358,33423.6,4.3,7.9,319.9,-40.2,0.4,-1.0,RS41-SG,403.500,9.2,250,10,2.6,,
2026-08-21T00:57:18.989Z,W4214520,8400,47.30584,7.63324,33450.6,3.9,11.9,1.3,-40.3,0.4,-1.0,RS41-SG,403.500,7.6,250,10,2.6,,
2026-08-21T00:57:19.989Z,W4214520,8401,47.30596,7.63326,33455.1,4.9,14.6,9.6,-40.3,0.5,-1.0,RS41-SG,403.500,8.3,250,10,2.6,,
2026-08-21T00:57:20.989Z,W4214520,8402,47.30608,7.63329,33461.3,7.6,13.6,7.8,-40.3,0.4,-1.0,RS41-SG,403.500,8.3,250,10,2.5,,
2026-08-21T00:57:21.989Z,W4214520,8403,47.30619,7.63329,33468.9,7.6,10.0,353.7,-40.3,0.5,-1.0,RS41-SG,403.500,7.9,250,10,2.5,,
2026-08-21T00:57:22.989Z,W4214520,8404,47.30626,7.63326,33475.1,4.7,7.7,325.9,-40.3,0.4,-1.0,RS41-SG,403.500,9.4,250,10,2.5,,
2026-08-21T00:57:23.989Z,W4214520,8405,47.30631,7.63318,33478.9,3.0,8.2,294.2,-40.3,0.4,-1.0,RS41-SG,403.500,9.4,250,10,2.6,,
2026-08-21T00:57:26.989Z,W4214520,8408,47.30643,7.63289,33497.2,6.2,10.0,336.7,-40.3,0.4,-1.0,RS41-SG,403.500,7.9,250,10,2.5,,
2026-08-21T00:57:27.989Z,W4214520,8409,47.30653,7.63286,33502.0,3.5,12.9,356.5,-40.3,0.4,-1.0,RS41-SG,403.500,8.9,250,10,2.5,,
2026-08-21T00:57:28.989Z,W4214520,8410,47.30665,7.63286,33506.1,4.6,15.4,7.7,-40.3,0.5,-1.0,RS41-SG,403.500,9.4,250,10,2.5,,
2026-08-21T00:57:29.989Z,W4214520,8411,47.30679,7.63289,33512.3,7.9,14.2,6.5,-40.3,0.4,-1.0,RS41-SG,403.500,9.4,250,10,2.6,,
2026-08-21T00:57:30.989Z,W4214520,8412,47.30690,7.63289,33520.0,7.8,10.5,350.6,-40.3,0.4,-1.0,RS41-SG,403.500,9.2,250,10,2.6,,
2026-08-21T00:57:31.989Z,W4214520,8413,47.30697,7.63284,33526.3,4.6,8.4,322.7,-40.3,0.4,-1.0,RS41-SG,403.500,9.2,250,10,2.5,,
2026-08-21T00:57:36.989Z,W4214520,8418,47.30720,7.63251,33553.6,3.4,11.3,10.0,-40.1,0.4,-1.0,RS41-SG,403.500,7.4,250,10,2.5,,
2026-08-21T00:57:37.989Z,W4214520,8419,47.30731,7.63255,33557.5,4.4,14.5,17.0,-40.1,0.4,-1.0,RS41-SG,403.500,8.7,250,10,2.5,,
2026-08-21T00:57:38.989Z,W4214520,8420,47.30743,7.63260,33563.3,7.1,13.3,13.5,-40.1,0.4,-1.0,RS41-SG,403.500,8.7,250,10,2.5,,
2026-08-21T00:57:39.989Z,W4214520,8421,47.30753,7.63262,33570.1,6.5,9.8,359.6,-40.0,0.4,-1.0,RS41-SG,403.500,7.5,250,10,2.6,,
2026-08-21T00:57:40.989Z,W4214520,8422,47.30760,7.63260,33575.6,4.4,7.0,331.8,-40.0,0.4,-1.0,RS41-SG,403.500,8.6,250,10,2.6,,
2026-08-21T00:57:43.989Z,W4214520,8425,47.30769,7.63241,33590.1,5.6,5.2,314.8,-39.9,0.4,-1.0,RS41-SG,403.500,7.6,250,10,2.5,,
2026-08-21T00:57:44.989Z,W4214520,8426,47.30774,7.63237,33595.5,5.2,6.6,345.4,-39.9,0.4,-1.0,RS41-SG,403.500,8.3,250,10,2.5,,
2026-08-21T00:57:45.989Z,W4214520,8427,47.30781,7.63236,33600.8,5.4,9.2,355.1,-39.9,0.4,-1.0,RS41-SG,403.500,9.1,250,10,2.6,,
2026-08-21T00:57:46.989Z,W4214520,8428,47.30790,7.63234,33606.4,5.8,11.1,350.4,-40.0,0.4,-1.0,RS41-SG,403.500,9.1,250,10,2.6,,
2026-08-21T00:57:47.989Z,W4214520,8429,47.30800,7.63230,33611.9,5.2,12.0,341.3,-40.1,0.4,-1.0,RS41-SG,403.500,8.2,250,10,2.5,,
2026-08-21T00:57:50.989Z,W4214520,8432,47.30826,7.63209,33628.1,5.9,8.9,329.8,-40.0,0.4,-1.0,RS41-SG,403.500,8.7,250,10,2.6,,
2026-08-21T00:57:51.989Z,W4214520,8433,47.30833,7.63205,33633.9,5.8,7.1,346.0,-40.0,0.4,-1.0,RS41-SG,403.500,8.7,250,10,2.6,,
2026-08-21T00:57:52.989Z,W4214520,8434,47.30839,7.63204,33639.5,5.5,6.4,4.1,-40.1,0.4,-1.0,RS41-SG,403.500,8.7,250,10,2.5,,
2026-08-21T00:57:54.989Z,W4214520,8436,47.30848,7.63206,33650.3,5.1,4.4,356.7,-40.1,0.4,-1.0,RS41-SG,403.500,8.7,250,9,2.5,,
2026-08-21T00:57:55.989Z,W4214520,8437,47.30852,7.63204,33655.0,4.3,4.0,320.7,-40.0,0.4,-1.0,RS41-SG,403.500,8.7,250,10,2.6,,
2026-08-21T00:57:57.989Z,W4214520,8439,47.30857,7.63193,33664.7,5.7,6.1,304.7,-39.9,0.4,-1.0,RS41-SG,403.500,7.2,250,10,2.5,,
2026-08-21T00:57:58.989Z,W4214520,8440,47.30861,7.63187,33670.6,6.1,6.4,323.6,-39.9,0.4,-1.0,RS41-SG,403.500,8.2,250,10,2.5,,
2026-08-21T00:57:59.989Z,W4214520,8441,47.30866,7.63183,33676.6,5.7,7.0,342.6,-39.8,0.4,-1.0,RS41-SG,403.500,8.2,250,10,2.5,,
2026-08-21T00:58:00.989Z,W4214520,8442,47.30873,7.63181,33682.1,5.5,8.0,352.4,-39.8,0.4,-1.0,RS41-SG,403.500,8.6,250,10,2.5,,
2026-08-21T00:58:01.989Z,W4214520,8443,47.30880,7.63180,33687.6,5.4,8.7,350.0,-39.8,0.4,-1.0,RS41-SG,403.500,9.0,250,10,2.6,,
2026-08-21T00:58:02.989Z,W4214520,8444,47.30888,7.63177,33693.0,5.4,8.7,341.0,-39.8,0.4,-1.0,RS41-SG,403.500,9.0,250,10,2.6,,
2026-08-21T00:58:03.989Z,W4214520,8445,47.30895,7.63172,33698.2,5.4,8.3,331.8,-39.8,0.4,-1.0,RS41-SG,403.500,9.1,250,10,2.5,,
2026-08-21T00:58:05.989Z,W4214520,8447,47.30906,7.63163,33710.0,6.1,5.8,339.0,-39.7,0.4,-1.0,RS41-SG,403.500,7.0,250,10,2.5,,
2026-08-21T00:58:06.989Z,W4214520,8448,47.30911,7.63162,33715.8,5.4,4.5,3.9,-39.9,0.4,-1.0,RS41-SG,403.500,8.9,250,10,2.6,,
2026-08-21T00:58:07.989Z,W4214520,8449,47.30914,7.63164,33720.8,4.7,4.0,35.1,-39.9,0.4,-1.0,RS41-SG,403.500,8.9,250,10,2.6,,
2026-08-21T00:58:08.989Z,W4214520,8450,47.30916,7.63167,33725.9,5.3,3.1,53.2,-39.8,0.4,-1.0,RS41-SG,403.500,8.7,250,10,2.5,,
2026-08-21T00:58:09.989Z,W4214520,8451,47.30918,7.63169,33731.6,6.1,1.6,18.7,-39.7,0.4,-1.0,RS41-SG,403.500,8.6,250,10,2.5,,
2026-08-21T00:58:10.989Z,W4214520,8452,47.30919,7.63168,33737.7,5.9,3.7,305.4,-39.7,0.4,-1.0,RS41-SG,403.500,9.8,250,10,2.5,,
2026-08-21T00:58:11.989Z,W4214520,8453,47.30922,7.63162,33743.2,5.2,7.3,303.9,-39.6,0.4,-1.0,RS41-SG,403.500,9.8,250,10,2.6,,
2026-08-21T00:58:12.989Z,W4214520,8454,47.30927,7.63153,33748.0,4.5,9.9,309.5,-39.6,0.4,-1.0,RS41-SG,403.500,8.0,250,10,2.6,,
2026-08-21T00:58:13.989Z,W4214520,8455,47.30933,7.63143,33752.5,4.7,11.0,317.8,-39.6,0.4,-1.0,RS41-SG,403.500,7.7,250,10,2.5,,
2026-08-21T00:58:14.989Z,W4214520,8456,47.30941,7.63134,33757.5,5.3,10.0,327.8,-39.6,0.4,-1.0,RS41-SG,403.500,7.7,250,10,2.5,,
2026-08-21T00:58:15.989Z,W4214520,8457,47.30948,7.63129,33762.7,5.3,8.2,338.2,-39.6,0.4,-1.0,RS41-SG,403.500,9.1,250,10,2.5,,
2026-08-21T00:58:16.989Z,W4214520,8458,47.30954,7.63126,33768.0,5.4,5.9,347.3,-39.6,0.4,-1.0,RS41-SG,403.500,9.1,250,10,2.6,,
2026-08-21T00:58:17.989Z,W4214520,8459,47.30958,7.63124,33773.5,5.6,4.2,347.6,-39.6,0.4,-1.0,RS41-SG,403.500,8.5,250,10,2.6,,
2026-08-21T00:58:18.989Z,W4214520,8460,47.30962,7.63123,33779.3,5.7,3.7,336.1,-39.6,0.4,-1.0,RS41-SG,403.500,8.5,250,10,2.5,,
2026-08-21T00:58:19.989Z,W4214520,8461,47.30965,7.63120,33784.9,5.5,4.3,328.3,-39.6,0.4,-1.0,RS41-SG,403.500,8.3,250,10,2.5,,
2026-08-21T00:58:20.989Z,W4214520,8462,47.30969,7.63117,33790.3,5.3,5.4,328.3,-39.5,0.4,-1.0,RS41-SG,403.500,9.8,250,10,2.5,,
2026-08-21T00:58:21.989Z,W4214520,8463,47.30973,7.63113,33795.7,5.5,5.9,327.9,-39.5,0.4,-1.0,RS41-SG,403.500,9.8,250,10,2.5,,
2026-08-21T00:58:22.989Z,W4214520,8464,47.30977,7.63108,33801.3,5.6,5.8,319.3,-39.5,0.4,-1.0,RS41-SG,403.500,9.4,250,10,2.6,,
2026-08-21T00:58:23.989Z,W4214520,8465,47.30981,7.63103,33806.7,5.3,6.1,302.8,-39.5,0.4,-1.0,RS41-SG,403.500,9.4,250,10,2.6,,
2026-08-21T00:58:24.989Z,W4214520,8466,47.30983,7.63095,33812.0,5.1,7.5,289.1,-39.5,0.4,-1.0,RS41-SG,403.500,9.1,250,9,2.5,,
2026-08-21T00:58:25.989Z,W4214520,8467,47.30986,7.63084,33817.1,5.3,9.2,289.5,-39.5,0.4,-1.0,RS41-SG,403.500,8.5,250,10,2.5,,
2026-08-21T00:58:27.989Z,W4214520,8469,47.30995,7.63062,33828.0,5.2,11.1,315.5,-39.5,0.4,-1.0,RS41-SG,403.500,8.9,250,10,2.6,,
2026-08-21T00:58:28.989Z,W4214520,8470,47.31003,7.63053,33833.2,5.2,11.4,330.6,-39.5,0.4,-1.0,RS41-SG,403.500,8.9,250,10,2.6,,
2026-08-21T00:58:29.989Z,W4214520,8471,47.31012,7.63047,33838.4,5.4,10.4,341.6,-39.5,0.4,-1.0,RS41-SG,403.500,7.9,250,10,2.5,,
2026-08-21T00:58:30.989Z,W4214520,8472,47.31020,7.63043,33843.9,5.5,8.1,346.6,-39.5,0.4,-1.0,RS41-SG,403.500,9.8,250,10,2.5,,
2026-08-21T00:58:31.989Z,W4214520,8473,47.31026,7.63041,33849.3,5.4,5.4,340.9,-39.5,0.4,-1.0,RS41-SG,403.500,9.8,250,10,2.5,,
2026-08-21T00:58:32.989Z,W4214520,8474,47.31029,7.63038,33854.9,5.6,4.0,310.9,-39.5,0.4,-1.0,RS41-SG,403.500,9.8,250,10,2.6,,
2026-08-21T00:58:33.989Z,W4214520,8475,47.31031,7.63033,33860.4,5.5,5.2,290.8,-39.5,0.4,-1.0,RS41-SG,403.500,9.2,250,10,2.6,,
2026-08-21T00:58:34.989Z,W4214520,8476,47.31033,7.63025,33865.8,5.3,6.9,287.4,-39.5,0.4,-1.0,RS41-SG,403.500,8.6,250,10,2.5,,
2026-08-21T00:58:35.989Z,W4214520,8477,47.31035,7.63016,33870.9,5.0,8.5,292.3,-39.5,0.4,-1.0,RS41-SG,403.500,9.2,250,10,2.5,,
2026-08-21T00:58:36.989Z,W4214520,8478,47.31039,7.63005,33876.1,5.2,9.3,298.2,-39.5,0.4,-1.0,RS41-SG,403.500,9.2,250,10,2.5,,
2026-08-21T00:58:37.989Z,W4214520,8479,47.31043,7.62994,33881.4,5.3,9.4,303.6,-39.5,0.4,-1.0,RS41-SG,403.500,8.2,250,10,2.5,,
2026-08-21T00:58:39.989Z,W4214520,8481,47.31053,7.62976,33892.3,5.4,8.3,311.3,-39.5,0.4,-1.0,RS41-SG,403.500,7.9,250,10,2.6,,
2026-08-21T00:58:40.989Z,W4214520,8482,47.31058,7.62968,33897.8,5.4,8.0,314.4,-39.5,0.4,-1.0,RS41-SG,403.500,8.7,250,10,2.5,,
2026-08-21T00:58:41.989Z,W4214520,8483,47.31063,7.62961,33903.3,5.3,8.0,320.1,-39.5,0.4,-1.0,RS41-SG,403.500,8.7,250,10,2.5,,
2026-08-21T00:58:42.989Z,W4214520,8484,47.31069,7.62955,33908.6,5.2,7.8,326.5,-39.5,0.4,-1.0,RS41-SG,403.500,8.4,250,10,2.5,,
2026-08-21T00:58:43.989Z,W4214520,8485,47.31074,7.62950,33913.9,5.3,7.2,331.2,-39.5,0.4,-1.0,RS41-SG,403.500,8.7,250,10,2.6,,
2026-08-21T00:58:44.989Z,W4214520,8486,47.31080,7.62945,33919.3,5.6,5.9,331.5,-39.5,0.4,-1.0,RS41-SG,403.500,9.2,250,10,2.6,,
2026-08-21T00:58:45.989Z,W4214520,8487,47.31083,7.62942,33924.9,5.6,4.5,319.1,-39.5,0.4,-1.0,RS41-SG,403.500,9.2,250,10,2.5,,
2026-08-21T00:58:46.989Z,W4214520,8488,47.31086,7.62937,33930.5,5.4,4.5,291.1,-39.5,0.4,-1.0,RS41-SG,403.500,8.7,250,10,2.5,,
2026-08-21T00:58:47.989Z,W4214520,8489,47.31087,7.62930,33935.9,5.3,6.1,275.1,-39.4,0.4,-1.0,RS41-SG,403.500,8.5,250,10,2.5,,
2026-08-21T00:58:48.989Z,W4214520,8490,47.31087,7.62921,33941.3,5.4,8.0,276.3,-39.4,0.4,-1.0,RS41-SG,403.500,8.5,250,10,2.6,,
2026-08-21T00:58:49.989Z,W4214520,8491,47.31089,7.62910,33946.7,5.3,9.7,285.7,-39.4,0.4,-1.0,RS41-SG,403.500,8.1,250,10,2.6,,
2026-08-21T00:58:50.989Z,W4214520,8492,47.31092,7.62897,33951.8,5.0,11.1,298.0,-39.4,0.4,-1.0,RS41-SG,403.500,8.1,250,10,2.5,,
2026-08-21T00:58:52.989Z,W4214520,8494,47.31105,7.62873,33962.0,5.3,11.8,318.4,-39.3,0.4,-1.0,RS41-SG,403.500,7.7,250,10,2.5,,
2026-08-21T00:58:53.989Z,W4214520,8495,47.31113,7.62864,33967.4,5.6,10.6,324.7,-39.3,0.4,-1.0,RS41-SG,403.500,8.2,250,10,2.5,,
2026-08-21T00:58:54.989Z,W4214520,8496,47.31120,7.62857,33973.0,5.7,8.5,327.0,-39.3,0.4,-1.0,RS41-SG,403.500,8.2,250,10,2.6,,
2026-08-21T00:58:55.989Z,W4214520,8497,47.31126,7.62851,33978.6,5.5,6.2,322.3,-39.2,0.4,-1.0,RS41-SG,403.500,8.3,250,10,2.6,,
2026-08-21T00:58:56.989Z,W4214520,8498,47.31129,7.62846,33983.8,5.1,4.7,310.2,-39.2,0.4,-1.0,RS41-SG,403.500,8.6,250,10,2.5,,
2026-08-21T00:58:57.989Z,W4214520,8499,47.31132,7.62842,33988.8,4.9,4.3,294.0,-39.2,0.4,-1.0,RS41-SG,403.500,8.6,250,10,2.5,,
2026-08-21T00:58:58.989Z,W4214520,8500,47.31133,7.62836,33993.8,5.2,4.9,286.0,-39.2,0.4,-1.0,RS41-SG,403.500,8.0,250,10,2.5,,
2026-08-21T00:58:59.989Z,W4214520,8501,47.31134,7.62829,33999.1,5.5,6.0,288.6,-39.1,0.4,-1.0,RS41-SG,403.500,8.3,250,10,2.6,,
2026-08-21T00:59:00.989Z,W4214520,8502,47.31137,7.62821,34004.6,5.6,7.3,293.8,-39.1,0.4,-1.0,RS41-SG,403.500,8.3,250,10,2.6,,
2026-08-21T00:59:01.989Z,W4214520,8503,47.31139,7.62811,34010.1,5.4,8.2,294.4,-39.1,0.4,-1.0,RS41-SG,403.500,8.3,250,10,2.5,,
2026-08-21T00:59:02.989Z,W4214520,8504,47.31143,7.62801,34015.5,5.2,9.2,294.9,-39.1,0.4,-1.0,RS41-SG,403.500,8.0,250,10,2.5,,
2026-08-21T00:59:03.989Z,W4214520,8505,47.31146,7.62790,34020.8,5.3,9.7,295.0,-39.1,0.4,-1.0,RS41-SG,403.500,8.2,250,10,2.5,,
2026-08-21T00:59:04.989Z,W4214520,8506,47.31150,7.62778,34026.2,5.5,9.5,297.0,-39.1,0.4,-1.0,RS41-SG,403.500,8.2,250,10,2.6,,
2026-08-21T00:59:06.989Z,W4214520,8508,47.31158,7.62760,34037.4,5.6,7.1,311.4,-39.1,0.4,-1.0,RS41-SG,403.500,6.3,250,10,2.5,,
2026-08-21T00:59:07.989Z,W4214520,8509,47.31162,7.62754,34043.1,5.6,5.7,324.8,-39.1,0.4,-1.0,RS41-SG,403.500,8.4,250,10,2.5,,
2026-08-21T00:59:08.989Z,W4214520,8510,47.31166,7.62751,34048.5,5.4,4.3,336.3,-39.1,0.4,-1.0,RS41-SG,403.500,8.4,250,10,2.5,,
2026-08-21T00:59:09.989Z,W4214520,8511,47.31169,7.62749,34053.8,5.3,2.9,333.4,-39.1,0.4,-1.0,RS41-SG,403.500,8.3,250,10,2.5,,
2026-08-21T00:59:10.989Z,W4214520,8512,47.31171,7.62747,34059.0,5.0,2.2,291.6,-39.2,0.4,-1.0,RS41-SG,403.500,8.5,250,10,2.6,,
2026-08-21T00:59:11.989Z,W4214520,8513,47.31171,7.62743,34063.8,4.7,3.7,257.9,-39.2,0.4,-1.0,RS41-SG,403.500,8.5,250,10,2.6,,
2026-08-21T00:59:12.989Z,W4214520,8514,47.31169,7.62737,34068.6,4.8,5.7,252.3,-39.2,0.4,-1.0,RS41-SG,403.500,9.1,250,10,2.5,,
2026-08-21T00:59:13.989Z,W4214520,8515,47.31168,7.62729,34073.6,5.1,6.9,257.8,-39.2,0.4,-1.0,RS41-SG,403.500,9.1,250,10,2.5,,
2026-08-21T00:59:14.989Z,W4214520,8516,47.31167,7.62720,34078.9,5.4,7.3,267.9,-39.2,0.4,-1.0,RS41-SG,403.500,7.9,250,10,2.5,,
2026-08-21T00:59:15.989Z,W4214520,8517,47.31168,7.62710,34084.5,5.6,7.1,280.2,-39.2,0.4,-1.0,RS41-SG,403.500,7.4,250,10,2.6,,
2026-08-21T00:59:16.989Z,W4214520,8518,47.31169,7.62701,34090.0,5.5,6.9,291.0,-39.2,0.4,-1.0,RS41-SG,403.500,8.4,250,10,2.6,,
2026-08-21T00:59:17.989Z,W4214520,8519,47.31172,7.62693,34095.4,5.4,6.6,297.3,-39.2,0.4,-1.0,RS41-SG,403.500,8.4,250,10,2.5,,
2026-08-21T00:59:18.989Z,W4214520,8520,47.31174,7.62686,34100.8,5.5,6.2,297.9,-39.2,0.4,-1.0,RS41-SG,403.500,8.4,250,10,2.5,,
2026-08-21T00:59:19.989Z,W4214520,8521,47.31177,7.62679,34106.5,5.7,5.7,294.8,-39.2,0.4,-1.0,RS41-SG,403.500,8.4,250,10,2.5,,
2026-08-21T00:59:20.989Z,W4214520,8522,47.31179,7.62672,34112.2,5.6,4.9,291.5,-39.2,0.4,-1.0,RS41-SG,403.500,7.6,250,10,2.6,,
2026-08-21T00:59:21.989Z,W4214520,8523,47.31180,7.62667,34117.8,5.5,3.6,288.3,-39.2,0.4,-1.0,RS41-SG,403.500,8.0,250,10,2.6,,
2026-08-21T00:59:22.989Z,W4214520,8524,47.31181,7.62664,34123.1,5.1,2.1,276.3,-39.2,0.4,-1.0,RS41-SG,403.500,8.7,250,10,2.5,,
2026-08-21T00:59:23.989Z,W4214520,8525,47.31180,7.62661,34128.1,4.7,1.7,225.6,-39.2,0.4,-1.0,RS41-SG,403.500,8.7,250,10,2.5,,
2026-08-21T00:59:24.989Z,W4214520,8526,47.31179,7.62660,34132.8,4.8,3.0,207.1,-39.2,0.4,-1.0,RS41-SG,403.500,8.5,250,10,2.5,,
2026-08-21T00:59:25.989Z,W4214520,8527,47.31176,7.62657,34137.7,5.1,4.5,219.0,-39.2,0.4,-1.0,RS41-SG,403.500,8.5,250,10,2.5,,
2026-08-21T00:59:26.989Z,W4214520,8528,47.31173,7.62652,34142.7,5.1,6.0,235.9,-39.2,0.4,-1.0,RS41-SG,403.500,8.2,250,10,2.6,,
2026-08-21T00:59:29.989Z,W4214520,8531,47.31168,7.62625,34158.6,5.4,7.0,273.5,-39.2,0.4,-1.0,RS41-SG,403.500,6.9,250,10,2.5,,
2026-08-21T00:59:30.989Z,W4214520,8532,47.31169,7.62617,34163.8,5.0,5.6,285.2,-39.2,0.4,-1.0,RS41-SG,403.500,7.1,250,10,2.5,,
2026-08-21T00:59:31.989Z,W4214520,8533,47.31171,7.62611,34168.7,4.7,4.0,299.1,-39.2,0.4,-1.0,RS41-SG,403.500,7.8,250,10,2.5,,
2026-08-21T00:59:32.989Z,W4214520,8534,47.31172,7.62607,34173.4,4.7,2.8,314.1,-39.1,0.4,-1.0,RS41-SG,403.500,7.9,250,10,2.5,,
2026-08-21T00:59:33.989Z,W4214520,8535,47.31174,7.62605,34178.2,5.0,1.6,316.6,-39.1,0.4,-1.0,RS41-SG,403.500,8.1,250,10,2.6,,
2026-08-21T00:59:34.989Z,W4214520,8536,47.31174,7.62604,34183.3,5.1,0.9,266.1,-39.1,0.4,-1.0,RS41-SG,403.500,8.5,250,10,2.6,,
2026-08-21T00:59:35.989Z,W4214520,8537,47.31174,7.62602,34188.4,5.2,2.0,218.7,-39.1,0.4,-1.0,RS41-SG,403.500,8.5,250,10,2.5,,
2026-08-21T00:59:36.989Z,W4214520,8538,47.31172,7.62600,34193.5,5.0,3.4,213.5,-39.1,0.4,-1.0,RS41-SG,403.500,8.3,250,10,2.5,,
2026-08-21T00:59:37.989Z,W4214520,8539,47.31169,7.62597,34198.6,5.1,4.2,215.7,-39.1,0.4,-1.0,RS41-SG,403.500,8.5,250,10,2.5,,
2026-08-21T00:59:38.989Z,W4214520,8540,47.31166,7.62594,34203.8,5.2,4.6,221.8,-39.1,0.4,-1.0,RS41-SG,403.500,8.5,250,10,2.5,,
2026-08-21T00:59:39.989Z,W4214520,8541,47.31163,7.62589,34209.0,5.2,4.7,231.5,-39.1,0.4,-1.0,RS41-SG,403.500,8.4,250,10,2.6,,
2026-08-21T00:59:40.989Z,W4214520,8542,47.31161,7.62584,34214.1,5.1,4.8,244.9,-39.1,0.4,-1.0,RS41-SG,403.500,8.8,250,10,2.6,,
2026-08-21T00:59:41.989Z,W4214520,8543,47.31159,7.62578,34219.2,4.9,5.3,255.5,-39.1,0.4,-1.0,RS41-SG,403.500,8.8,250,10,2.5,,
2026-08-21T00:59:42.989Z,W4214520,8544,47.31158,7.62571,34224.1,4.8,5.5,264.6,-39.1,0.4,-1.0,RS41-SG,403.500,8.7,250,10,2.5,,
2026-08-21T00:59:43.989Z,W4214520,8545,47.31158,7.62564,34229.0,4.8,5.3,274.4,-39.2,0.4,-1.0,RS41-SG,403.500,8.4,250,10,2.5,,
2026-08-21T00:59:44.989Z,W4214520,8546,47.31159,7.62557,34233.9,5.0,4.6,283.8,-39.2,0.4,-1.0,RS41-SG,403.500,8.1,250,10,2.6,,
2026-08-21T00:59:45.989Z,W4214520,8547,47.31160,7.62552,34238.9,5.0,3.4,292.5,-39.2,0.4,-1.0,RS41-SG,403.500,8.0,250,10,2.6,,
2026-08-21T00:59:46.989Z,W4214520,8548,47.31161,7.62549,34243.9,4.9,1.9,300.6,-39.2,0.4,-1.0,RS41-SG,403.500,7.9,250,10,2.5,,
2026-08-21T00:59:47.989Z,W4214520,8549,47.31162,7.62548,34248.9,4.8,0.3,287.5,-39.2,0.4,-1.0,RS41-SG,403.500,7.9,250,10,2.5,,
2026-08-21T00:59:48.989Z,W4214520,8550,47.31161,7.62548,34253.8,4.9,1.0,168.0,-39.2,0.4,-1.0,RS41-SG,403.500,8.3,250,10,2.5,,
2026-08-21T00:59:49.989Z,W4214520,8551,47.31160,7.62548,34258.9,5.3,2.0,187.3,-39.2,0.4,-1.0,RS41-SG,403.500,8.4,250,10,2.6,,
2026-08-21T00:59:50.989Z,W4214520,8552,47.31158,7.62547,34264.4,5.5,3.1,209.0,-39.3,0.4,-1.0,RS41-SG,403.500,8.4,250,10,2.6,,
2026-08-21T00:59:51.989Z,W4214520,8553,47.31155,7.62544,34269.8,5.3,4.6,225.9,-39.3,0.4,-1.0,RS41-SG,403.500,8.4,250,10,2.5,,
2026-08-21T00:59:52.989Z,W4214520,8554,47.31152,7.62538,34275.0,5.0,6.1,235.8,-39.3,0.4,-1.0,RS41-SG,403.500,8.4,250,10,2.5,,
2026-08-21T00:59:53.989Z,W4214520,8555,47.31149,7.62531,34280.0,4.8,7.1,244.2,-39.3,0.4,-1.0,RS41-SG,403.500,8.2,250,10,2.5,,
2026-08-21T00:59:54.989Z,W4214520,8556,47.31147,7.62522,34284.8,4.8,7.5,252.9,-39.3,0.4,-1.0,RS41-SG,403.500,8.2,250,10,2.6,,
2026-08-21T00:59:58.989Z,W4214520,8560,47.31149,7.62491,34304.0,4.8,4.1,306.4,-39.3,0.4,-1.0,RS41-SG,403.500,7.6,250,10,2.5,,
2026-08-21T00:59:59.989Z,W4214520,8561,47.31151,7.62488,34308.9,5.0,2.9,306.5,-39.3,0.4,-1.0,RS41-SG,403.500,7.8,250,10,2.5,,
2026-08-21T01:00:00.989Z,W4214520,8562,47.31152,7.62485,34313.9,5.0,2.1,280.4,-39.3,0.4,-1.0,RS41-SG,403.500,8.0,250,10,2.6,,
2026-08-21T01:00:01.989Z,W4214520,8563,47.31152,7.62482,34318.8,5.0,2.5,247.3,-39.2,0.4,-1.0,RS41-SG,403.500,8.0,250,10,2.6,,
2026-08-21T01:00:02.989Z,W4214520,8564,47.31150,7.62478,34323.8,5.0,3.4,237.5,-39.3,0.4,-1.0,RS41-SG,403.500,8.9,250,10,2.5,,
2026-08-21T01:00:03.989Z,W4214520,8565,47.31148,7.62474,34328.9,5.1,4.2,236.9,-39.2,0.4,-1.0,RS41-SG,403.500,9.1,250,10,2.5,,
2026-08-21T01:00:04.989Z,W4214520,8566,47.31147,7.62469,34334.1,5.2,4.6,242.9,-39.2,0.4,-1.0,RS41-SG,403.500,9.1,250,10,2.5,,
2026-08-21T01:00:05.989Z,W4214520,8567,47.31145,7.62463,34339.3,5.2,5.1,251.4,-39.2,0.4,-1.0,RS41-SG,403.500,8.4,250,10,2.6,,
2026-08-21T01:00:06.989Z,W4214520,8568,47.31144,7.62456,34344.4,4.9,6.0,261.5,-39.2,0.4,-1.0,RS41-SG,403.500,8.2,250,10,2.6,,
2026-08-21T01:00:07.989Z,W4214520,8569,47.31143,7.62448,34349.2,4.7,7.0,270.1,-39.2,0.4,-1.0,RS41-SG,403.500,7.8,250,10,2.5,,
2026-08-21T01:00:08.989Z,W4214520,8570,47.31144,7.62438,34353.9,4.6,7.8,278.8,-39.2,0.4,-1.0,RS41-SG,403.500,7.6,250,10,2.5,,
2026-08-21T01:00:12.989Z,W4214520,8574,47.31155,7.62407,34372.9,4.5,4.2,324.7,-39.2,0.4,-1.0,RS41-SG,403.500,7.4,250,10,2.5,,
2026-08-21T01:00:14.989Z,W4214520,8576,47.31159,7.62403,34382.1,4.7,1.6,312.2,-39.1,0.4,-1.0,RS41-SG,403.500,7.5,250,10,2.5,,
2026-08-21T01:00:15.989Z,W4214520,8577,47.31160,7.62401,34386.9,4.9,2.3,270.8,-39.1,0.4,-1.0,RS41-SG,403.500,8.2,250,10,2.5,,
2026-08-21T01:00:16.989Z,W4214520,8578,47.31159,7.62397,34391.8,5.0,3.9,262.8,-39.1,0.4,-1.0,RS41-SG,403.500,8.2,250,9,2.6,,
2026-08-21T01:00:17.989Z,W4214520,8579,47.31159,7.62391,34396.8,4.9,5.5,263.0,-39.1,0.4,-1.0,RS41-SG,403.500,8.4,250,10,2.6,,
2026-08-21T01:00:18.989Z,W4214520,8580,47.31158,7.62383,34401.5,4.5,6.7,265.4,-39.1,0.4,-1.0,RS41-SG,403.500,8.4,250,10,2.5,,
2026-08-21T01:00:19.989Z,W4214520,8581,47.31158,7.62373,34406.1,4.5,7.3,268.6,-39.1,0.4,-1.0,RS41-SG,403.500,8.6,250,10,2.5,,
2026-08-21T01:00:22.989Z,W4214520,8584,47.31161,7.62346,34420.4,5.1,6.4,290.4,-39.0,0.4,-1.0,RS41-SG,403.500,6.7,250,9,2.6,,
2026-08-21T01:00:23.989Z,W4214520,8585,47.31163,7.62339,34425.5,5.2,5.7,301.0,-39.0,0.4,-1.0,RS41-SG,403.500,6.8,250,10,2.5,,
2026-08-21T01:00:24.989Z,W4214520,8586,47.31166,7.62333,34430.7,5.1,4.8,308.4,-39.0,0.4,-1.0,RS41-SG,403.500,7.6,250,10,2.5,,
2026-08-21T01:00:25.989Z,W4214520,8587,47.31168,7.62329,34435.6,4.7,3.7,313.7,-38.9,0.4,-1.0,RS41-SG,403.500,8.0,250,10,2.5,,
2026-08-21T01:00:26.989Z,W4214520,8588,47.31170,7.62326,34440.2,4.4,2.4,307.8,-38.9,0.4,-1.0,RS41-SG,403.500,8.0,250,10,2.6,,
2026-08-21T01:00:27.989Z,W4214520,8589,47.31171,7.62324,34444.4,4.3,1.6,267.5,-38.9,0.4,-1.0,RS41-SG,403.500,8.5,250,10,2.6,,
2026-08-21T01:00:28.989Z,W4214520,8590,47.31170,7.62321,34448.7,4.3,2.7,232.1,-38.9,0.4,-1.0,RS41-SG,403.500,8.8,250,10,2.5,,
2026-08-21T01:00:29.989Z,W4214520,8591,47.31168,7.62317,34453.1,4.4,4.5,232.3,-38.8,0.4,-1.0,RS41-SG,403.500,8.8,250,10,2.5,,
2026-08-21T01:00:30.989Z,W4214520,8592,47.31165,7.62311,34457.5,4.5,6.1,242.4,-38.8,0.4,-1.0,RS41-SG,403.500,7.9,250,10,2.5,,
2026-08-21T01:00:31.989Z,W4214520,8593,47.31163,7.62303,34462.0,4.5,7.5,254.4,-38.8,0.4,-1.0,RS41-SG,403.500,7.3,250,10,2.6,,
2026-08-21T01:00:33.989Z,W4214520,8595,47.31162,7.62282,34471.3,4.8,8.2,274.8,-38.7,0.4,-1.0,RS41-SG,403.500,6.7,250,10,2.5,,
2026-08-21T01:00:35.989Z,W4214520,8597,47.31165,7.62263,34480.5,4.3,6.4,289.5,-38.7,0.4,-1.0,RS41-SG,403.500,7.2,250,10,2.5,,
2026-08-21T01:00:36.989Z,W4214520,8598,47.31167,7.62256,34484.8,4.3,5.6,294.3,-38.6,0.4,-1.0,RS41-SG,403.500,7.7,250,10,2.5,,
2026-08-21T01:00:37.989Z,W4214520,8599,47.31169,7.62250,34489.2,4.5,5.1,296.2,-38.6,0.4,-1.0,RS41-SG,403.500,7.9,250,10,2.6,,
2026-08-21T01:00:38.989Z,W4214520,8600,47.31171,7.62244,34493.9,4.9,4.8,295.2,-38.6,0.4,-1.0,RS41-SG,403.500,8.4,250,10,2.6,,
2026-08-21T01:00:39.989Z,W4214520,8601,47.31172,7.62238,34498.8,4.9,4.5,289.6,-38.6,0.4,-1.0,RS41-SG,403.500,8.7,250,10,2.5,,
2026-08-21T01:00:40.989Z,W4214520,8602,47.31173,7.62233,34503.7,4.8,4.1,275.4,-38.6,0.4,-1.0,RS41-SG,403.500,8.7,250,10,2.5,,
2026-08-21T01:00:41.989Z,W4214520,8603,47.31173,7.62227,34508.4,4.5,4.0,254.6,-38.6,0.4,-1.0,RS41-SG,403.500,8.5,250,10,2.5,,
2026-08-21T01:00:42.989Z,W4214520,8604,47.31171,7.62222,34512.9,4.5,4.7,239.4,-38.6,0.4,-1.0,RS41-SG,403.500,9.0,250,10,2.6,,
2026-08-21T01:00:43.989Z,W4214520,8605,47.31169,7.62217,34517.4,4.6,5.6,238.3,-38.5,0.4,-1.0,RS41-SG,403.500,9.0,250,10,2.6,,
2026-08-21T01:00:44.989Z,W4214520,8606,47.31166,7.62209,34522.0,4.6,6.5,247.4,-38.5,0.4,-1.0,RS41-SG,403.500,8.4,250,10,2.5,,
2026-08-21T01:00:45.989Z,W4214520,8607,47.31165,7.62201,34526.6,4.5,7.6,261.5,-38.5,0.4,-1.0,RS41-SG,403.500,7.8,250,10,2.5,,
2026-08-21T01:00:46.989Z,W4214520,8608,47.31165,7.62190,34531.0,4.3,8.6,274.9,-38.5,0.4,-1.0,RS41-SG,403.500,7.8,250,10,2.5,,
2026-08-21T01:00:47.989Z,W4214520,8609,47.31166,7.62179,34535.3,4.3,9.1,285.3,-38.5,0.4,-1.0,RS41-SG,403.500,7.4,250,10,2.6,,
2026-08-21T01:00:49.989Z,W4214520,8611,47.31172,7.62158,34544.3,4.5,7.4,300.4,-38.4,0.4,-1.0,RS41-SG,403.500,7.4,250,10,2.5,,
2026-08-21T01:00:50.989Z,W4214520,8612,47.31175,7.62151,34548.8,4.4,5.5,306.4,-38.4,0.4,-1.0,RS41-SG,403.500,8.7,250,10,2.5,,
2026-08-21T01:00:51.989Z,W4214520,8613,47.31178,7.62146,34553.2,4.4,3.7,309.2,-38.4,0.4,-1.0,RS41-SG,403.500,9.3,250,10,2.5,,
2026-08-21T01:00:52.989Z,W4214520,8614,47.31179,7.62143,34557.7,4.6,2.7,296.8,-38.4,0.4,-1.0,RS41-SG,403.500,9.3,250,10,2.5,,
2026-08-21T01:00:53.989Z,W4214520,8615,47.31180,7.62139,34562.5,5.0,3.1,280.1,-38.4,0.4,-1.0,RS41-SG,403.500,8.6,250,10,2.6,,
2026-08-21T01:00:54.989Z,W4214520,8616,47.31180,7.62134,34567.5,5.0,4.3,271.4,-38.4,0.4,-1.0,RS41-SG,403.500,8.6,250,10,2.6,,
2026-08-21T01:00:55.989Z,W4214520,8617,47.31180,7.62128,34572.3,4.8,5.7,269.5,-38.3,0.4,-1.0,RS41-SG,403.500,8.1,250,10,2.5,,
2026-08-21T01:00:56.989Z,W4214520,8618,47.31180,7.62120,34576.9,4.5,6.7,267.3,-38.3,0.4,-1.0,RS41-SG,403.500,8.0,250,10,2.5,,
2026-08-21T01:00:57.989Z,W4214520,8619,47.31180,7.62110,34581.3,4.3,7.3,265.5,-38.3,0.4,-1.0,RS41-SG,403.500,8.5,250,10,2.5,,
2026-08-21T01:00:58.989Z,W4214520,8620,47.31179,7.62101,34585.6,4.2,7.8,264.8,-38.3,0.4,-1.0,RS41-SG,403.500,9.5,250,10,2.6,,
2026-08-21T01:00:59.989Z,W4214520,8621,47.31179,7.62090,34589.9,4.5,8.0,269.7,-38.3,0.4,-1.0,RS41-SG,403.500,9.5,250,10,2.6,,
2026-08-21T01:01:00.989Z,W4214520,8622,47.31179,7.62080,34594.5,4.7,8.1,279.3,-38.2,0.4,-1.0,RS41-SG,403.500,8.0,250,10,2.5,,
2026-08-21T01:01:02.989Z,W4214520,8624,47.31184,7.62061,34603.8,4.5,7.3,306.1,-38.2,0.4,-1.0,RS41-SG,403.500,6.9,250,10,2.5,,
2026-08-21T01:01:04.989Z,W4214520,8626,47.31193,7.62049,34612.5,4.3,5.2,325.6,-38.1,0.4,-1.0,RS41-SG,403.500,7.0,250,10,2.6,,
2026-08-21T01:01:05.989Z,W4214520,8627,47.31196,7.62046,34616.9,4.5,3.5,319.8,-38.1,0.4,-1.0,RS41-SG,403.500,8.9,250,10,2.5,,
2026-08-21T01:01:06.989Z,W4214520,8628,47.31197,7.62043,34621.3,4.4,2.7,291.7,-38.0,0.4,-1.0,RS41-SG,403.500,8.9,250,10,2.5,,
2026-08-21T01:01:07.989Z,W4214520,8629,47.31198,7.62039,34625.6,4.4,3.4,261.3,-38.0,0.4,-1.0,RS41-SG,403.500,8.1,250,10,2.5,,
2026-08-21T01:01:08.989Z,W4214520,8630,47.31197,7.62034,34630.1,4.6,4.5,253.2,-38.0,0.4,-1.0,RS41-SG,403.500,7.6,250,10,2.5,,
2026-08-21T01:01:09.989Z,W4214520,8631,47.31196,7.62028,34634.8,4.7,5.0,257.1,-37.9,0.4,-1.0,RS41-SG,403.500,7.7,250,10,2.6,,
2026-08-21T01:01:10.989Z,W4214520,8632,47.31195,7.62021,34639.6,4.7,5.3,266.4,-37.9,0.4,-1.0,RS41-SG,403.500,7.8,250,10,2.6,,
2026-08-21T01:01:11.989Z,W4214520,8633,47.31195,7.62014,34644.2,4.6,5.4,277.2,-37.8,0.4,-1.0,RS41-SG,403.500,8.0,250,10,2.5,,
2026-08-21T01:01:15.989Z,W4214520,8637,47.31201,7.61985,34662.5,4.9,5.8,293.3,-37.7,0.4,-1.0,RS41-SG,403.500,6.9,250,10,2.6,,
2026-08-21T01:01:19.989Z,W4214520,8641,47.31208,7.61972,34681.1,3.7,1.1,50.4,-37.5,0.3,-1.0,RS41-SG,403.500,7.1,250,10,2.6,,
2026-08-21T01:01:20.989Z,W4214520,8642,47.31208,7.61973,34685.0,4.0,1.2,106.7,-37.5,0.3,-1.0,RS41-SG,403.500,7.4,250,10,2.6,,
2026-08-21T01:01:21.989Z,W4214520,8643,47.31207,7.61974,34689.2,4.3,1.3,185.2,-37.4,0.3,-1.0,RS41-SG,403.500,7.4,250,10,2.5,,
2026-08-21T01:01:22.989Z,W4214520,8644,47.31206,7.61972,34693.7,4.5,3.0,230.1,-37.4,0.3,-1.0,RS41-SG,403.500,7.5,250,10,2.5,,
2026-08-21T01:01:23.989Z,W4214520,8645,47.31204,7.61968,34698.1,4.5,4.8,245.3,-37.4,0.3,-1.0,RS41-SG,403.500,7.5,250,10,2.5,,
2026-08-21T01:01:24.989Z,W4214520,8646,47.31203,7.61961,34702.6,4.4,6.0,251.9,-37.4,0.4,-1.0,RS41-SG,403.500,7.4,250,10,2.6,,
2026-08-21T01:01:25.989Z,W4214520,8647,47.31201,7.61954,34707.0,4.5,6.2,254.7,-37.4,0.3,-1.0,RS41-SG,403.500,7.5,250,10,2.6,,
2026-08-21T01:01:26.989Z,W4214520,8648,47.31200,7.61946,34711.5,4.5,5.5,255.7,-37.4,0.4,-1.0,RS41-SG,403.500,7.5,250,10,2.5,,
2026-08-21T01:01:27.989Z,W4214520,8649,47.31199,7.61939,34716.0,4.6,4.7,256.6,-37.3,0.3,-1.0,RS41-SG,403.500,7.4,250,10,2.5,,
2026-08-21T01:01:28.989Z,W4214520,8650,47.31198,7.61934,34720.7,4.8,3.8,257.4,-37.3,0.3,-1.0,RS41-SG,403.500,8.3,250,10,2.5,,
2026-08-21T01:01:29.989Z,W4214520,8651,47.31197,7.61929,34725.7,5.2,3.3,261.3,-37.3,0.3,-1.0,RS41-SG,403.500,8.3,250,10,2.5,,
2026-08-21T01:01:30.989Z,W4214520,8652,47.31197,7.61925,34730.8,5.0,3.0,267.1,-37.3,0.3,-1.0,RS41-SG,403.500,8.0,250,10,2.6,,
2026-08-21T01:01:31.989Z,W4214520,8653,47.31197,7.61922,34735.5,4.5,2.4,277.9,-37.4,0.3,-1.0,RS41-SG,403.500,8.0,250,10,2.6,,
2026-08-21T01:01:32.989Z,W4214520,8654,47.31197,7.61919,34739.9,4.3,1.7,293.0,-37.3,0.3,-1.0,RS41-SG,403.500,8.3,250,10,2.5,,
2026-08-21T01:01:33.989Z,W4214520,8655,47.31198,7.61918,34744.3,4.5,0.8,300.7,-37.3,0.4,-1.0,RS41-SG,403.500,8.3,250,10,2.5,,
2026-08-21T01:01:34.989Z,W4214520,8656,47.31198,7.61917,34749.0,4.9,0.6,237.1,-37.3,0.4,-1.0,RS41-SG,403.500,8.7,250,9,2.5,,
2026-08-21T01:01:35.989Z,W4214520,8657,47.31197,7.61916,34754.0,5.0,2.0,214.1,-37.3,0.3,-1.0,RS41-SG,403.500,8.8,250,9,2.6,,
2026-08-21T01:01:36.989Z,W4214520,8658,47.31195,7.61914,34758.9,4.9,4.1,216.2,-37.3,0.3,-1.0,RS41-SG,403.500,8.8,250,9,2.6,,
2026-08-21T01:01:37.989Z,W4214520,8659,47.31191,7.61909,34763.4,4.3,6.0,223.0,-37.3,0.3,-1.0,RS41-SG,403.500,8.7,250,9,2.5,,
2026-08-21T01:01:39.989Z,W4214520,8661,47.31183,7.61895,34772.1,4.6,7.7,237.4,-37.2,0.4,-1.0,RS41-SG,403.500,7.0,250,9,2.5,,
2026-08-21T01:01:41.989Z,W4214520,8663,47.31179,7.61879,34781.7,4.8,5.0,261.8,-37.2,0.3,-1.0,RS41-SG,403.500,6.8,250,9,2.6,,
2026-08-21T01:01:42.989Z,W4214520,8664,47.31179,7.61874,34786.5,4.8,3.7,281.4,-37.2,0.4,-1.0,RS41-SG,403.500,7.7,250,9,2.5,,
2026-08-21T01:01:43.989Z,W4214520,8665,47.31180,7.61870,34791.3,4.8,2.8,293.9,-37.2,0.3,-1.0,RS41-SG,403.500,7.7,250,9,2.5,,
2026-08-21T01:01:45.989Z,W4214520,8667,47.31181,7.61864,34800.7,4.6,1.6,263.0,-37.2,0.4,-1.0,RS41-SG,403.500,7.3,250,9,2.5,,
2026-08-21T01:01:46.989Z,W4214520,8668,47.31180,7.61862,34805.3,4.5,2.0,225.6,-37.2,0.4,-1.0,RS41-SG,403.500,7.4,250,9,2.6,,
2026-08-21T01:01:47.989Z,W4214520,8669,47.31178,7.61861,34809.8,4.6,3.0,209.7,-37.2,0.3,-1.0,RS41-SG,403.500,7.8,250,9,2.6,,
2026-08-21T01:01:48.989Z,W4214520,8670,47.31175,7.61859,34814.5,4.7,3.9,205.1,-37.2,0.3,-1.0,RS41-SG,403.500,7.8,250,9,2.5,,
2026-08-21T01:01:49.989Z,W4214520,8671,47.31172,7.61856,34819.2,4.6,4.9,207.9,-37.2,0.3,-1.0,RS41-SG,403.500,8.3,250,9,2.5,,
2026-08-21T01:01:53.989Z,W4214520,8675,47.31158,7.61834,34837.7,4.7,6.1,244.3,-37.2,0.3,-1.0,RS41-SG,403.500,6.7,250,9,2.5,,
2026-08-21T01:01:54.989Z,W4214520,8676,47.31156,7.61826,34842.4,4.9,5.5,251.7,-37.2,0.3,-1.0,RS41-SG,403.500,7.6,250,9,2.5,,
2026-08-21T01:01:55.989Z,W4214520,8677,47.31154,7.61820,34847.3,5.0,4.6,257.6,-37.2,0.4,-1.0,RS41-SG,403.500,8.4,250,9,2.5,,
2026-08-21T01:01:57.989Z,W4214520,8679,47.31154,7.61811,34856.8,4.5,2.7,268.1,-37.2,0.4,-1.0,RS41-SG,403.500,7.3,250,9,2.6,,
2026-08-21T01:01:59.989Z,W4214520,8681,47.31153,7.61806,34865.7,4.7,1.1,248.3,-37.2,0.4,-1.0,RS41-SG,403.500,6.7,250,9,2.5,,
2026-08-21T01:02:00.989Z,W4214520,8682,47.31152,7.61805,34870.5,4.9,1.8,207.3,-37.2,0.3,-1.0,RS41-SG,403.500,6.7,250,9,2.5,,
2026-08-21T01:02:01.989Z,W4214520,8683,47.31150,7.61803,34875.5,5.0,3.4,197.2,-37.2,0.3,-1.0,RS41-SG,403.500,6.7,250,9,2.6,,
2026-08-21T01:02:02.989Z,W4214520,8684,47.31147,7.61802,34880.4,4.7,5.1,197.4,-37.1,0.4,-1.0,RS41-SG,403.500,7.5,250,9,2.6,,
2026-08-21T01:02:03.989Z,W4214520,8685,47.31142,7.61799,34885.1,4.6,6.7,200.5,-37.1,0.3,-1.0,RS41-SG,403.500,7.6,250,9,2.5,,
2026-08-21T01:02:08.989Z,W4214520,8690,47.31118,7.61774,34909.6,4.9,4.7,241.6,-37.0,0.4,-1.0,RS41-SG,403.500,6.7,250,9,2.6,,
2026-08-21T01:02:13.989Z,W4214520,8695,47.31111,7.61748,34934.5,5.5,5.6,226.9,-36.9,0.3,-1.0,RS41-SG,403.500,7.6,250,9,2.6,,
2026-08-21T01:02:14.989Z,W4214520,8696,47.31107,7.61743,34940.0,5.4,6.5,215.2,-37.0,0.3,-1.0,RS41-SG,403.500,7.6,250,9,2.5,,
2026-08-21T01:02:18.989Z,W4214520,8700,47.31083,7.61726,34959.7,5.1,7.6,206.3,-37.0,0.4,-1.0,RS41-SG,403.500,7.7,250,9,2.6,,
2026-08-21T01:02:19.989Z,W4214520,8701,47.31077,7.61721,34964.8,5.3,7.1,215.6,-36.9,0.3,-1.0,RS41-SG,403.500,7.7,250,9,2.5,,
2026-08-21T01:02:20.989Z,W4214520,8702,47.31072,7.61715,34970.3,5.5,7.0,226.6,-36.9,0.3,-1.0,RS41-SG,403.500,7.5,250,9,2.5,,
2026-08-21T01:02:21.989Z,W4214520,8703,47.31068,7.61708,34975.8,5.5,7.2,236.3,-37.0,0.3,-1.0,RS41-SG,403.500,7.3,250,9,2.5,,
2026-08-21T01:02:22.989Z,W4214520,8704,47.31065,7.61699,34981.1,5.2,7.1,243.8,-37.1,0.4,-1.0,RS41-SG,403.500,7.6,250,9,2.5,,
2026-08-21T01:02:24.989Z,W4214520,8706,47.31061,7.61683,34990.9,4.8,6.7,250.6,-37.0,0.3,-1.0,RS41-SG,403.500,7.4,250,9,2.6,,
2026-08-21T01:02:26.989Z,W4214520,8708,47.31056,7.61667,35001.0,5.3,6.1,243.0,-37.0,0.3,-1.0,RS41-SG,403.500,7.2,250,9,2.5,,
2026-08-21T01:02:27.989Z,W4214520,8709,47.31054,7.61660,35006.4,5.6,6.0,236.1,-37.0,0.3,-1.0,RS41-SG,403.500,8.5,250,9,2.5,,
2026-08-21T01:02:28.989Z,W4214520,8710,47.31050,7.61654,35012.1,5.7,6.1,228.1,-37.0,0.3,-1.0,RS41-SG,403.500,8.5,250,9,2.6,,
2026-08-21T01:02:32.989Z,W4214520,8714,47.31032,7.61634,35034.3,5.3,6.8,210.5,-37.0,0.4,-1.0,RS41-SG,403.500,8.2,250,9,2.5,,
2026-08-21T01:02:33.989Z,W4214520,8715,47.31027,7.61629,35039.8,5.5,7.6,213.7,-37.0,0.3,-1.0,RS41-SG,403.500,8.9,250,9,2.6,,
2026-08-21T01:02:34.989Z,W4214520,8716,47.31021,7.61623,35045.3,5.6,8.6,220.4,-37.0,0.3,-1.0,RS41-SG,403.500,8.9,250,9,2.6,,
2026-08-21T01:02:36.989Z,W4214520,8718,47.31010,7.61604,35056.5,5.6,10.1,236.8,-37.0,0.3,-1.0,RS41-SG,403.500,7.6,250,9,2.5,,
2026-08-21T01:02:37.989Z,W4214520,8719,47.31005,7.61593,35062.0,5.5,10.2,244.1,-37.0,0.3,-1.0,RS41-SG,403.500,7.6,250,9,2.5,,
2026-08-21T01:02:39.989Z,W4214520,8721,47.30999,7.61570,35072.9,5.5,8.3,252.5,-37.0,0.3,-1.0,RS41-SG,403.500,7.7,250,9,2.6,,
2026-08-21T01:02:40.989Z,W4214520,8722,47.30997,7.61560,35078.4,5.6,6.9,250.4,-37.0,0.3,-1.0,RS41-SG,403.500,7.4,250,9,2.5,,
2026-08-21T01:02:42.989Z,W4214520,8724,47.30993,7.61546,35089.3,5.5,5.2,240.5,-37.0,0.3,-1.0,RS41-SG,403.500,6.8,250,9,2.5,,
2026-08-21T01:02:43.989Z,W4214520,8725,47.30991,7.61540,35094.9,5.6,5.2,236.1,-37.0,0.3,-1.0,RS41-SG,403.500,7.6,250,9,2.5,,
2026-08-21T01:02:46.989Z,W4214520,8728,47.30982,7.61520,35111.7,5.7,7.0,235.5,-36.9,0.4,-1.0,RS41-SG,403.500,7.1,250,9,2.5,,
2026-08-21T01:02:47.989Z,W4214520,8729,47.30978,7.61513,35117.5,5.9,7.6,233.3,-36.9,0.3,-1.0,RS41-SG,403.500,7.3,250,9,2.5,,
2026-08-21T01:02:50.989Z,W4214520,8732,47.30964,7.61485,35135.4,6.0,9.5,238.8,-37.0,0.4,-1.0,RS41-SG,403.500,7.8,250,9,2.6,,
2026-08-21T01:02:51.989Z,W4214520,8733,47.30960,7.61474,35141.2,5.6,10.2,246.8,-37.0,0.3,-1.0,RS41-SG,403.500,7.8,250,9,2.5,,
2026-08-21T01:02:58.989Z,W4214520,8740,47.30951,7.61392,35180.9,5.7,5.9,245.2,-37.0,0.3,-1.0,RS41-SG,403.500,7.4,250,9,2.5,,
2026-08-21T01:03:00.989Z,W4214520,8742,47.30947,7.61377,35192.3,5.7,7.0,251.4,-37.0,0.4,-1.0,RS41-SG,403.500,7.2,250,9,2.6,,
2026-08-21T01:03:01.989Z,W4214520,8743,47.30945,7.61367,35198.0,5.8,7.8,253.9,-37.0,0.3,-1.0,RS41-SG,403.500,7.3,250,9,2.6,,
2026-08-21T01:03:02.989Z,W4214520,8744,47.30943,7.61357,35204.0,6.0,8.4,252.8,-37.0,0.4,-1.0,RS41-SG,403.500,7.6,250,9,2.5,,
2026-08-21T01:03:11.989Z,W4214520,8753,47.30925,7.61255,35259.1,5.9,7.6,275.0,-37.0,0.3,-1.0,RS41-SG,403.500,6.8,250,9,2.6,,
2026-08-21T01:03:12.989Z,W4214520,8754,47.30926,7.61245,35265.1,6.0,7.0,273.6,-37.0,0.3,-1.0,RS41-SG,403.500,7.2,250,9,2.5,,
2026-08-21T01:03:13.989Z,W4214520,8755,47.30926,7.61237,35271.3,6.3,6.6,268.0,-37.0,0.3,-1.0,RS41-SG,403.500,7.5,250,9,2.5,,
2026-08-21T01:03:14.989Z,W4214520,8756,47.30925,7.61228,35277.6,6.5,6.8,260.3,-37.0,0.4,-1.0,RS41-SG,403.500,7.5,250,9,2.5,,
2026-08-21T01:03:15.989Z,W4214520,8757,47.30924,7.61219,35284.1,6.6,7.4,255.3,-37.1,0.3,-1.0,RS41-SG,403.500,7.4,250,9,2.6,,
2026-08-21T01:06:00.989Z,W4214520,8922,47.30712,7.60057,36226.6,5.2,9.8,229.5,-33.9,0.3,-1.0,RS41-SG,403.500,7.0,250,9,2.5,,
2026-08-21T01:06:47.989Z,W4214520,8969,47.30473,7.59795,36473.5,5.2,7.4,206.8,-32.8,0.3,-1.0,RS41-SG,403.500,7.3,250,9,2.5,,
2026-08-21T01:06:48.989Z,W4214520,8970,47.30467,7.59789,36478.7,5.1,8.2,211.6,-32.8,0.3,-1.0,RS41-SG,403.500,7.6,250,9,2.6,,
2026-08-21T01:06:57.989Z,W4214520,8979,47.30403,7.59739,36522.0,4.8,10.2,222.0,-32.7,0.2,-1.0,RS41-SG,403.500,6.8,250,9,2.5,,
2026-08-21T01:06:59.989Z,W4214520,8981,47.30390,7.59721,36531.8,4.8,9.2,226.8,-32.6,0.3,-1.0,RS41-SG,403.500,7.2,250,9,2.6,,
2026-08-21T01:07:00.989Z,W4214520,8982,47.30385,7.59712,36536.5,4.7,8.8,224.2,-32.6,0.2,-1.0,RS41-SG,403.500,7.3,250,9,2.5,,
2026-08-21T01:07:11.989Z,W4214520,8993,47.30296,7.59623,36588.9,4.9,9.9,209.5,-32.1,0.2,-1.0,RS41-SG,403.500,6.8,250,9,2.6,,
2026-08-21T01:07:23.989Z,W4214520,9005,47.30238,7.59532,36643.8,4.6,8.9,237.3,-31.0,0.2,-1.0,RS41-SG,403.500,6.4,250,9,2.5,,
2026-08-21T01:07:24.989Z,W4214520,9006,47.30234,7.59523,36648.3,4.5,9.2,230.8,-30.9,0.2,-1.0,RS41-SG,403.500,7.1,250,9,2.5,,
2026-08-21T01:07:25.989Z,W4214520,9007,47.30228,7.59513,36652.9,4.6,9.6,224.2,-30.8,0.2,-1.0,RS41-SG,403.500,7.3,250,9,2.5,,
2026-08-21T01:07:26.989Z,W4214520,9008,47.30221,7.59505,36657.6,4.6,10.2,220.3,-30.8,0.2,-1.0,RS41-SG,403.500,7.7,250,9,2.5,,
2026-08-21T01:07:27.989Z,W4214520,9009,47.30214,7.59496,36662.1,4.5,10.4,219.1,-30.7,0.2,-1.0,RS41-SG,403.500,7.7,250,9,2.6,,
2026-08-21T01:07:30.989Z,W4214520,9012,47.30194,7.59471,36675.7,4.5,9.1,221.3,-30.6,0.2,-1.0,RS41-SG,403.500,7.0,250,9,2.5,,
2026-08-21T01:07:38.989Z,W4214520,9020,47.30147,7.59407,36714.8,5.0,9.7,232.2,-30.5,0.2,-1.0,RS41-SG,403.500,6.2,250,9,2.5,,
2026-08-21T01:07:39.989Z,W4214520,9021,47.30142,7.59397,36719.8,5.0,10.0,231.7,-30.5,0.2,-1.0,RS41-SG,403.500,6.9,250,9,2.6,,
2026-08-21T01:07:40.989Z,W4214520,9022,47.30136,7.59387,36724.8,5.0,10.6,228.8,-30.5,0.2,-1.0,RS41-SG,403.500,7.1,250,9,2.6,,
2026-08-21T01:07:41.989Z,W4214520,9023,47.30129,7.59376,36729.9,5.0,11.3,225.5,-30.5,0.2,-1.0,RS41-SG,403.500,7.1,250,9,2.5,,
2026-08-21T01:07:42.989Z,W4214520,9024,47.30122,7.59365,36734.8,4.9,12.0,223.1,-30.4,0.2,-1.0,RS41-SG,403.500,7.2,250,9,2.5,,
2026-08-21T01:07:43.989Z,W4214520,9025,47.30114,7.59354,36739.7,4.9,12.4,221.9,-30.4,0.2,-1.0,RS41-SG,403.500,7.5,250,9,2.5,,
2026-08-21T01:07:44.989Z,W4214520,9026,47.30105,7.59343,36744.6,4.9,12.5,222.3,-30.4,0.2,-1.0,RS41-SG,403.500,7.8,250,9,2.5,,
2026-08-21T01:07:45.989Z,W4214520,9027,47.30097,7.59332,36749.5,4.9,12.5,224.1,-30.4,0.2,-1.0,RS41-SG,403.500,7.8,250,9,2.6,,
2026-08-21T01:07:46.989Z,W4214520,9028,47.30089,7.59321,36754.4,4.9,12.4,225.6,-30.4,0.2,-1.0,RS41-SG,403.500,8.1,250,9,2.6,,
2026-08-21T01:07:47.989Z,W4214520,9029,47.30082,7.59309,36759.3,5.0,12.3,226.6,-30.4,0.2,-1.0,RS41-SG,403.500,8.1,250,9,2.6,,
2026-08-21T01:07:48.989Z,W4214520,9030,47.30074,7.59297,36764.3,5.0,12.6,226.0,-30.4,0.2,-1.0,RS41-SG,403.500,7.6,250,9,2.5,,
2026-08-21T01:07:49.989Z,W4214520,9031,47.30066,7.59285,36769.3,4.9,13.1,225.1,-30.4,0.2,-1.0,RS41-SG,403.500,7.5,250,9,2.5,,
2026-08-21T01:07:50.989Z,W4214520,9032,47.30057,7.59273,36774.2,5.0,13.7,224.1,-30.3,0.2,-1.0,RS41-SG,403.500,7.0,250,9,2.5,,
2026-08-21T01:07:52.989Z,W4214520,9034,47.30039,7.59247,36784.2,5.0,14.1,223.8,-30.3,0.2,-1.0,RS41-SG,403.500,6.5,250,9,2.6,,
2026-08-21T01:07:53.989Z,W4214520,9035,47.30030,7.59235,36789.3,5.1,14.0,225.1,-30.4,0.2,-1.0,RS41-SG,403.500,7.0,250,9,2.6,,
2026-08-21T01:07:54.989Z,W4214520,9036,47.30022,7.59221,36794.3,5.0,13.6,227.3,-30.4,0.2,-1.0,RS41-SG,403.500,7.4,250,9,2.5,,
2026-08-21T01:07:57.989Z,W4214520,9039,47.29998,7.59181,36809.2,5.0,13.6,230.1,-30.3,0.2,-1.0,RS41-SG,403.500,6.7,250,9,2.6,,
2026-08-21T01:08:04.989Z,W4214520,9046,47.29946,7.59097,36844.7,5.0,11.1,228.1,-30.5,0.2,-1.0,RS41-SG,403.500,7.2,250,9,2.6,,
2026-08-21T01:08:05.989Z,W4214520,9047,47.29939,7.59086,36849.7,5.1,11.5,227.6,-30.5,0.2,-1.0,RS41-SG,403.500,7.2,250,9,2.6,,
2026-08-21T01:08:06.989Z,W4214520,9048,47.29932,7.59074,36854.8,5.0,12.0,227.6,-30.5,0.2,-1.0,RS41-SG,403.500,7.8,250,9,2.5,,
2026-08-21T01:08:07.989Z,W4214520,9049,47.29924,7.59062,36859.9,5.1,12.4,227.7,-30.5,0.2,-1.0,RS41-SG,403.500,7.8,250,9,2.5,,
2026-08-21T01:08:08.989Z,W4214520,9050,47.29917,7.59050,36865.0,5.1,12.7,228.9,-30.6,0.2,-1.0,RS41-SG,403.500,7.4,250,9,2.5,,
2026-08-21T01:08:09.989Z,W4214520,9051,47.29910,7.59037,36870.2,5.1,12.8,231.1,-30.9,0.2,-1.0,RS41-SG,403.500,7.2,250,9,2.5,,
2026-08-21T01:08:10.989Z,W4214520,9052,47.29903,7.59024,36875.3,5.1,12.7,233.9,-30.9,0.3,-1.0,RS41-SG,403.500,7.2,250,9,2.6,,
2026-08-21T01:08:11.989Z,W4214520,9053,47.29896,7.59010,36880.3,4.9,12.9,235.8,-30.8,0.2,-1.0,RS41-SG,403.500,6.9,250,9,2.6,,
2026-08-21T01:08:12.989Z,W4214520,9054,47.29890,7.58996,36885.2,4.8,13.0,237.6,-30.6,0.2,-1.0,RS41-SG,403.500,6.6,250,9,2.5,,
2026-08-21T01:08:17.989Z,W4214520,9059,47.29858,7.58923,36909.2,4.9,12.7,237.1,-30.5,0.2,-1.0,RS41-SG,403.500,7.0,250,9,2.5,,
2026-08-21T01:08:37.989Z,W4214520,9079,47.29758,7.58621,36812.6,-29.7,13.7,237.3,-30.2,0.2,-1.0,RS41-SG,403.500,7.0,250,9,2.5,,
2026-08-21T01:08:45.989Z,W4214520,9087,47.29703,7.58522,36580.8,-32.8,11.6,242.5,-30.8,0.3,-1.0,RS41-SG,403.500,6.8,250,9,2.6,,
2026-08-21T01:09:34.989Z,W4214520,9136,47.29514,7.58141,34185.5,-47.5,4.1,214.5,-37.8,0.4,-1.0,RS41-SG,403.500,7.2,250,9,2.6,,
2026-08-21T01:09:35.989Z,W4214520,9137,47.29511,7.58138,34138.3,-47.4,3.7,227.6,-37.8,0.4,-1.0,RS41-SG,403.500,7.2,250,8,2.6,,
2026-08-21T01:09:39.989Z,W4214520,9141,47.29501,7.58119,33953.9,-46.5,4.1,219.0,-38.3,0.4,-1.0,RS41-SG,403.500,6.8,250,9,2.5,,
2026-08-21T01:09:40.989Z,W4214520,9142,47.29499,7.58116,33907.3,-47.0,2.7,220.3,-38.6,0.4,-1.0,RS41-SG,403.500,7.0,250,9,2.6,,
2026-08-21T01:09:41.989Z,W4214520,9143,47.29498,7.58112,33861.2,-45.8,3.1,250.0,-38.9,0.4,-1.0,RS41-SG,403.500,8.2,250,8,2.6,,
2026-08-21T01:09:42.989Z,W4214520,9144,47.29498,7.58107,33816.2,-45.4,4.7,283.2,-39.3,0.4,-1.0,RS41-SG,403.500,8.2,250,8,2.5,,
2026-08-21T01:09:45.989Z,W4214520,9147,47.29498,7.58095,33683.5,-45.6,0.7,251.9,-40.1,0.5,-1.0,RS41-SG,403.500,7.1,250,9,2.6,,
2026-08-21T01:09:46.989Z,W4214520,9148,47.29498,7.58095,33638.3,-45.6,0.1,249.0,-40.5,0.5,-1.0,RS41-SG,403.500,7.5,250,8,2.6,,
2026-08-21T01:09:47.989Z,W4214520,9149,47.29499,7.58094,33592.7,-45.9,2.1,342.0,-40.7,0.5,-1.0,RS41-SG,403.500,7.8,250,8,2.5,,
2026-08-21T01:09:48.989Z,W4214520,9150,47.29501,7.58092,33547.0,-46.0,2.7,327.9,-40.7,0.5,-1.0,RS41-SG,403.500,8.7,250,8,2.5,,
2026-08-21T01:09:49.989Z,W4214520,9151,47.29503,7.58089,33501.0,-46.4,4.3,315.1,-40.8,0.5,-1.0,RS41-SG,403.500,8.7,250,8,2.5,,
2026-08-21T01:09:50.989Z,W4214520,9152,47.29505,7.58086,33455.4,-45.1,3.9,312.9,-40.8,0.5,-1.0,RS41-SG,403.500,7.8,250,8,2.6,,
2026-08-21T01:09:51.989Z,W4214520,9153,47.29507,7.58082,33411.3,-43.9,3.8,319.2,-40.6,0.5,-1.0,RS41-SG,403.500,8.7,250,8,2.6,,
2026-08-21T01:09:52.989Z,W4214520,9154,47.29510,7.58080,33366.8,-44.4,3.8,338.9,-40.4,0.4,-1.0,RS41-SG,403.500,9.0,250,9,2.5,,
2026-08-21T01:09:53.989Z,W4214520,9155,47.29513,7.58078,33322.9,-44.4,3.4,331.3,-40.4,0.5,-1.0,RS41-SG,403.500,9.0,250,9,2.5,,
2026-08-21T01:09:54.989Z,W4214520,9156,47.29516,7.58075,33279.1,-44.0,3.9,319.9,-40.4,0.5,-1.0,RS41-SG,403.500,9.0,250,7,2.5,,
2026-08-21T01:09:55.989Z,W4214520,9157,47.29518,7.58071,33235.4,-44.7,5.1,300.3,-40.4,0.5,-1.0,RS41-SG,403.500,9.0,250,7,2.5,,
2026-08-21T01:09:56.989Z,W4214520,9158,47.29520,7.58064,33191.0,-44.3,6.0,292.4,-40.4,0.4,-1.0,RS41-SG,403.500,9.5,250,9,2.6,,
2026-08-21T01:09:57.989Z,W4214520,9159,47.29522,7.58058,33146.7,-44.2,5.7,292.6,-40.4,0.4,-1.0,RS41-SG,403.500,9.5,250,9,2.6,,
2026-08-21T01:09:58.989Z,W4214520,9160,47.29525,7.58051,33103.2,-43.2,5.5,301.7,-40.5,0.5,-1.0,RS41-SG,403.500,9.3,250,9,2.6,,
2026-08-21T01:09:59.989Z,W4214520,9161,47.29527,7.58045,33059.9,-43.9,4.9,308.8,-40.5,0.4,-1.0,RS41-SG,403.500,8.9,250,9,2.5,,
2026-08-21T01:10:00.989Z,W4214520,9162,47.29529,7.58040,33016.8,-43.3,4.7,299.8,-40.5,0.4,-1.0,RS41-SG,403.500,8.5,250,8,2.5,,
2026-08-21T01:10:01.989Z,W4214520,9163,47.29531,7.58034,32974.1,-43.3,4.7,282.2,-40.6,0.5,-1.0,RS41-SG,403.500,8.5,250,8,2.5,,
2026-08-21T01:10:02.989Z,W4214520,9164,47.29532,7.58027,32931.2,-42.5,5.6,279.8,-40.5,0.5,-1.0,RS41-SG,403.500,8.9,250,9,2.5,,
2026-08-21T01:10:03.989Z,W4214520,9165,47.29533,7.58020,32888.8,-42.7,5.0,286.1,-40.5,0.4,-1.0,RS41-SG,403.500,8.9,250,8,2.6,,
2026-08-21T01:10:04.989Z,W4214520,9166,47.29535,7.58014,32846.6,-42.3,4.9,298.5,-40.5,0.4,-1.0,RS41-SG,403.500,8.6,250,8,2.6,,
2026-08-21T01:10:05.989Z,W4214520,9167,47.29538,7.58009,32804.3,-42.5,5.0,320.7,-40.6,0.5,-1.0,RS41-SG,403.500,8.3,250,9,2.5,,
2026-08-21T01:10:06.989Z,W4214520,9168,47.29541,7.58005,32762.0,-42.2,4.6,323.4,-40.6,0.4,-1.0,RS41-SG,403.500,8.7,250,9,2.5,,
2026-08-21T01:10:07.989Z,W4214520,9169,47.29544,7.58002,32720.1,-42.5,4.5,331.6,-40.5,0.4,-1.0,RS41-SG,403.500,8.7,250,9,2.5,,
2026-08-21T01:10:08.989Z,W4214520,9170,47.29548,7.57999,32677.5,-43.0,4.0,324.9,-40.3,0.4,-1.0,RS41-SG,403.500,8.5,250,8,2.6,,
2026-08-21T01:10:09.989Z,W4214520,9171,47.29550,7.57996,32635.0,-42.9,3.8,324.9,-40.2,0.4,-1.0,RS41-SG,403.500,8.5,250,9,2.6,,
2026-08-21T01:10:10.989Z,W4214520,9172,47.29553,7.57993,32592.7,-42.7,4.2,317.6,-40.0,0.4,-1.0,RS41-SG,403.500,8.4,250,9,2.5,,
2026-08-21T01:10:11.989Z,W4214520,9173,47.29556,7.57989,32550.9,-42.0,5.4,316.5,-39.9,0.4,-1.0,RS41-SG,403.500,9.0,250,8,2.5,,
2026-08-21T01:10:12.989Z,W4214520,9174,47.29560,7.57984,32509.1,-41.7,6.3,313.6,-39.8,0.4,-1.0,RS41-SG,403.500,9.0,250,9,2.5,,
2026-08-21T01:10:13.989Z,W4214520,9175,47.29564,7.57977,32468.0,-41.8,7.5,311.6,-39.8,0.4,-1.0,RS41-SG,403.500,8.8,250,7,2.6,,
2026-08-21T01:10:14.989Z,W4214520,9176,47.29569,7.57970,32426.5,-41.7,7.0,310.4,-39.7,0.4,-1.0,RS41-SG,403.500,8.8,250,9,2.6,,
2026-08-21T01:10:15.989Z,W4214520,9177,47.29572,7.57963,32385.4,-41.1,6.2,307.2,-39.7,0.4,-1.0,RS41-SG,403.500,8.7,250,8,2.5,,
2026-08-21T01:10:16.989Z,W4214520,9178,47.29576,7.57958,32343.9,-41.7,5.2,311.2,-39.7,0.4,-1.0,RS41-SG,403.500,8.7,250,8,2.5,,
2026-08-21T01:10:17.989Z,W4214520,9179,47.29579,7.57953,32302.8,-40.8,4.3,305.8,-39.8,0.4,-1.0,RS41-SG,403.500,7.4,250,8,2.5,,
2026-08-21T01:10:18.989Z,W4214520,9180,47.29581,7.57948,32262.2,-41.0,4.3,304.1,-39.9,0.4,-1.0,RS41-SG,403.500,7.7,250,8,2.6,08:28:42,
2026-08-21T01:10:19.989Z,W4214520,9181,47.29583,7.57943,32220.7,-41.9,3.9,292.0,-40.0,0.4,-1.0,RS41-SG,403.500,8.3,250,8,2.6,08:28:42,
2026-08-21T01:10:20.989Z,W4214520,9182,47.29584,7.57938,32179.4,-41.8,4.1,291.4,-40.0,0.4,-1.0,RS41-SG,403.500,8.3,250,8,2.5,08:28:42,
2026-08-21T01:10:21.989Z,W4214520,9183,47.29586,7.57933,32136.9,-42.8,3.7,284.7,-40.0,0.4,-1.0,RS41-SG,403.500,8.1,250,8,2.5,08:28:42,
2026-08-21T01:10:22.989Z,W4214520,9184,47.29587,7.57928,32094.7,-41.8,3.9,291.1,-40.0,0.4,-1.0,RS41-SG,403.500,7.7,250,8,2.5,08:28:42,
2026-08-21T01:10:23.989Z,W4214520,9185,47.29589,7.57924,32052.2,-42.9,3.7,297.7,-40.0,0.4,-1.0,RS41-SG,403.500,7.8,250,8,2.6,08:28:42,
2026-08-21T01:10:24.989Z,W4214520,9186,47.29590,7.57919,32009.2,-43.4,3.8,298.1,-40.1,0.4,-1.0,RS41-SG,403.500,8.0,250,8,2.6,08:28:42,
2026-08-21T01:10:27.989Z,W4214520,9189,47.29596,7.57907,31878.2,-45.3,4.2,304.0,-40.4,0.4,-1.0,RS41-SG,403.500,7.3,250,8,2.5,08:28:42,
2026-08-21T01:10:33.989Z,W4214520,9195,47.29605,7.57878,31610.1,-44.3,3.7,295.0,-41.5,0.5,-1.0,RS41-SG,403.500,7.8,250,7,2.5,08:28:42,
2026-08-21T01:10:34.989Z,W4214520,9196,47.29607,7.57872,31566.8,-43.1,4.8,303.4,-41.6,0.5,-1.0,RS41-SG,403.500,7.8,250,8,2.5,08:28:42,
2026-08-21T01:10:35.989Z,W4214520,9197,47.29609,7.57867,31522.7,-45.3,4.6,294.8,-41.6,0.5,-1.0,RS41-SG,403.500,7.6,250,8,2.5,08:28:42,
2026-08-21T01:10:36.989Z,W4214520,9198,47.29612,7.57861,31478.7,-43.1,5.8,306.8,-41.8,0.5,-1.0,RS41-SG,403.500,7.6,250,8,2.6,08:28:42,
2026-08-21T01:10:39.989Z,W4214520,9201,47.29621,7.57844,31347.1,-46.9,5.2,309.1,-42.0,0.5,-1.0,RS41-SG,403.500,6.7,250,9,2.5,08:28:42,
2026-08-21T01:10:41.989Z,W4214520,9203,47.29628,7.57836,31255.2,-47.0,4.9,331.6,-42.1,0.5,-1.0,RS41-SG,403.500,7.2,250,8,2.6,08:28:42,
2026-08-21T01:10:42.989Z,W4214520,9204,47.29632,7.57833,31208.2,-48.1,6.9,333.1,-42.0,0.5,-1.0,RS41-SG,403.500,7.2,250,9,2.6,08:28:42,
2026-08-21T01:10:45.989Z,W4214520,9207,47.29649,7.57817,31063.0,-51.5,7.5,326.3,-41.9,0.5,-1.0,RS41-SG,403.500,7.6,250,8,2.5,08:28:42,
2026-08-21T01:10:51.989Z,W4214520,9213,47.29676,7.57785,30740.5,-57.3,7.3,308.7,-41.9,0.5,-1.0,RS41-SG,403.500,7.2,250,8,2.6,08:28:42,
2026-08-21T01:10:57.989Z,W4214520,9219,47.29696,7.57743,30401.8,-55.3,6.1,295.9,-41.9,0.5,-1.0,RS41-SG,403.500,6.2,250,8,2.6,08:28:42,
