timestamp,serial,frame,lat,lon,alt,vel_v,vel_h,heading,temp,humidity,pressure,type,freq_mhz,snr,f_error_hz,sats,batt_v,burst_timer,aux_data
2026-09-23T01:15:40.990Z,W4140724,7251,46.47618,7.22375,32659.6,-44.7,17.8,122.9,-273.0,-1.0,-1.0,RS41,403.500,8.6,625,10,2.6,,
2026-09-23T01:15:41.990Z,W4140724,7252,46.47610,7.22394,32614.9,-44.7,17.2,121.7,-273.0,-1.0,-1.0,RS41,403.500,8.6,625,10,2.6,,
2026-09-23T01:15:42.990Z,W4140724,7253,46.47602,7.22412,32570.3,-44.7,15.8,117.7,-273.0,-1.0,-1.0,RS41,403.500,7.9,625,10,2.5,,
2026-09-23T01:15:43.990Z,W4140724,7254,46.47596,7.22430,32526.1,-44.2,15.9,117.2,-273.0,-1.0,-1.0,RS41,403.500,7.9,625,9,2.5,,
2026-09-23T01:15:44.990Z,W4140724,7255,46.47590,7.22448,32482.2,-44.5,15.0,113.2,-273.0,-1.0,-1.0,RS41,403.500,7.8,625,9,2.6,,
2026-09-23T01:15:45.990Z,W4140724,7256,46.47586,7.22465,32437.5,-45.2,14.2,106.4,-273.0,-1.0,-1.0,RS41,403.500,8.0,625,10,2.6,,
2026-09-23T01:15:46.990Z,W4140724,7257,46.47583,7.22483,32393.3,-44.8,13.6,100.8,-273.0,-1.0,-1.0,RS41,403.500,8.0,625,9,2.5,,
2026-09-23T01:15:47.990Z,W4140724,7258,46.47581,7.22500,32348.5,-45.1,13.5,96.5,-273.0,-1.0,-1.0,RS41,403.500,8.4,625,10,2.5,,
2026-09-23T01:15:48.990Z,W4140724,7259,46.47579,7.22517,32303.6,-44.4,13.6,102.3,-273.0,-1.0,-1.0,RS41,403.500,8.4,625,10,2.5,,
2026-09-23T01:15:49.990Z,W4140724,7260,46.47577,7.22534,32259.9,-43.8,13.0,99.1,-273.0,-1.0,-1.0,RS41,403.500,8.2,625,9,2.6,,
2026-09-23T01:15:50.990Z,W4140724,7261,46.47574,7.22549,32216.3,-44.5,12.2,102.9,-273.0,-1.0,-1.0,RS41,403.500,8.0,625,10,2.6,,
2026-09-23T01:15:51.990Z,W4140724,7262,46.47571,7.22565,32172.7,-43.5,12.2,107.8,-273.0,-1.0,-1.0,RS41,403.500,8.0,625,9,2.5,,
2026-09-23T01:15:53.990Z,W4140724,7264,46.47563,7.22597,32084.9,-44.5,14.2,110.3,-273.0,-1.0,-1.0,RS41,403.500,6.8,625,9,2.5,,
2026-09-23T01:15:54.990Z,W4140724,7265,46.47558,7.22614,32041.0,-44.2,14.4,111.2,-273.0,-1.0,-1.0,RS41,403.500,6.6,625,10,2.5,,
2026-09-23T01:16:00.990Z,W4140724,7271,46.47541,7.22739,31776.3,-43.7,16.5,88.1,-273.0,-1.0,-1.0,RS41,403.500,6.1,625,10,2.6,,
2026-09-23T01:16:03.990Z,W4140724,7274,46.47546,7.22798,31646.9,-43.0,14.0,81.6,-273.0,-1.0,-1.0,RS41,403.500,6.1,625,10,2.5,,
2026-09-23T01:16:16.990Z,W4140724,7287,46.47556,7.23018,31101.2,-42.4,13.8,66.8,-273.0,-1.0,-1.0,RS41,403.500,6.7,625,10,2.6,,
2026-09-23T01:16:17.990Z,W4140724,7288,46.47561,7.23033,31060.2,-40.1,12.5,64.7,-273.0,-1.0,-1.0,RS41,403.500,6.7,625,9,2.6,,
2026-09-23T01:16:22.990Z,W4140724,7293,46.47577,7.23088,30856.8,-40.3,8.1,72.7,-273.0,-1.0,-1.0,RS41,403.500,7.2,625,10,2.6,08:28:44,
2026-09-23T01:16:23.990Z,W4140724,7294,46.47578,7.23098,30816.6,-40.0,8.2,79.0,-273.0,-1.0,-1.0,RS41,403.500,7.2,625,10,2.5,08:28:44,
2026-09-23T01:16:25.990Z,W4140724,7296,46.47582,7.23120,30737.3,-40.3,9.5,75.2,-273.0,-1.0,-1.0,RS41,403.500,7.2,625,9,2.5,08:28:44,
2026-09-23T01:16:27.990Z,W4140724,7298,46.47588,7.23145,30658.1,-40.0,10.9,61.8,-273.0,-1.0,-1.0,RS41,403.500,7.3,625,8,2.6,08:28:44,
2026-09-23T01:16:28.990Z,W4140724,7299,46.47593,7.23158,30618.5,-39.4,12.3,62.8,-273.0,-1.0,-1.0,RS41,403.500,7.8,625,10,2.6,08:28:44,
2026-09-23T01:16:29.990Z,W4140724,7300,46.47598,7.23172,30579.3,-39.8,12.6,62.6,-273.0,-1.0,-1.0,RS41,403.500,7.8,625,9,2.5,08:28:44,
2026-09-23T01:16:30.990Z,W4140724,7301,46.47603,7.23187,30539.4,-39.7,12.7,65.0,-273.0,-1.0,-1.0,RS41,403.500,8.4,625,10,2.5,08:28:44,
2026-09-23T01:16:31.990Z,W4140724,7302,46.47607,7.23202,30500.4,-39.0,12.6,64.8,-273.0,-1.0,-1.0,RS41,403.500,8.4,625,10,2.5,08:28:44,
2026-09-23T01:16:32.990Z,W4140724,7303,46.47612,7.23217,30461.3,-39.1,13.1,61.8,-273.0,-1.0,-1.0,RS41,403.500,8.4,625,9,2.6,08:28:44,
2026-09-23T01:16:33.990Z,W4140724,7304,46.47617,7.23231,30422.6,-38.6,12.0,66.8,-273.0,-1.0,-1.0,RS41,403.500,8.4,625,9,2.6,08:28:44,
2026-09-23T01:16:34.990Z,W4140724,7305,46.47622,7.23245,30384.1,-38.8,11.6,63.2,-273.0,-1.0,-1.0,RS41,403.500,8.4,625,10,2.5,08:28:44,
2026-09-23T01:16:35.990Z,W4140724,7306,46.47627,7.23258,30345.6,-38.5,11.9,58.4,-273.0,-1.0,-1.0,RS41,403.500,8.3,625,10,2.5,08:28:44,
2026-09-23T01:16:36.990Z,W4140724,7307,46.47633,7.23271,30306.6,-39.1,12.2,54.9,-273.0,-1.0,-1.0,RS41,403.500,8.9,625,10,2.5,08:28:44,
2026-09-23T01:16:37.990Z,W4140724,7308,46.47638,7.23284,30267.7,-38.9,11.0,55.4,-273.0,-1.0,-1.0,RS41,403.500,8.9,625,10,2.6,08:28:44,
2026-09-23T01:16:38.990Z,W4140724,7309,46.47644,7.23295,30229.8,-38.2,10.8,48.6,-273.0,-1.0,-1.0,RS41,403.500,9.0,625,9,2.6,08:28:44,
2026-09-23T01:16:39.990Z,W4140724,7310,46.47650,7.23306,30191.4,-38.6,10.7,53.6,-273.0,-1.0,-1.0,RS41,403.500,9.7,625,10,2.5,08:28:44,
2026-09-23T01:16:40.990Z,W4140724,7311,46.47656,7.23317,30153.3,-38.3,10.8,52.1,-273.0,-1.0,-1.0,RS41,403.500,9.7,625,10,2.5,08:28:44,
2026-09-23T01:16:41.990Z,W4140724,7312,46.47662,7.23327,30115.5,-38.5,10.3,44.8,-273.0,-1.0,-1.0,RS41,403.500,8.9,625,9,2.5,08:28:44,
2026-09-23T01:16:42.990Z,W4140724,7313,46.47668,7.23336,30077.2,-38.5,9.4,43.9,-273.0,-1.0,-1.0,RS41,403.500,9.4,625,10,2.6,08:28:44,
2026-09-23T01:16:43.990Z,W4140724,7314,46.47673,7.23344,30039.2,-38.2,7.5,43.5,-273.0,-1.0,-1.0,RS41,403.500,9.5,625,10,2.6,08:28:44,
2026-09-23T01:16:44.990Z,W4140724,7315,46.47678,7.23350,30001.1,-38.5,7.2,42.0,-273.0,-1.0,-1.0,RS41,403.500,9.5,625,10,2.6,08:28:44,
2026-09-23T01:16:45.990Z,W4140724,7316,46.47683,7.23356,29963.2,-38.1,7.4,36.9,-273.0,-1.0,-1.0,RS41,403.500,9.1,625,10,2.5,08:28:44,
2026-09-23T01:16:46.990Z,W4140724,7317,46.47688,7.23362,29925.1,-38.2,7.0,39.0,-273.0,-1.0,-1.0,RS41,403.500,9.1,625,10,2.5,08:28:44,
2026-09-23T01:16:47.990Z,W4140724,7318,46.47692,7.23367,29887.6,-37.7,6.0,36.7,-273.0,-1.0,-1.0,RS41,403.500,8.3,625,10,2.6,08:28:44,
2026-09-23T01:16:48.990Z,W4140724,7319,46.47696,7.23372,29850.7,-37.0,6.7,45.4,-273.0,-1.0,-1.0,RS41,403.500,8.5,625,8,2.6,08:28:44,
2026-09-23T01:16:49.990Z,W4140724,7320,46.47701,7.23379,29813.7,-37.3,7.6,54.7,-273.0,-1.0,-1.0,RS41,403.500,8.6,625,10,2.5,08:28:44,
2026-09-23T01:16:50.990Z,W4140724,7321,46.47705,7.23388,29776.6,-37.2,8.1,52.4,-273.0,-1.0,-1.0,RS41,403.500,8.6,625,10,2.5,08:28:44,
2026-09-23T01:16:51.990Z,W4140724,7322,46.47709,7.23396,29740.0,-36.7,7.2,54.4,-273.0,-1.0,-1.0,RS41,403.500,8.5,625,10,2.5,08:28:44,
2026-09-23T01:16:52.990Z,W4140724,7323,46.47712,7.23404,29703.1,-37.0,7.4,57.0,-273.0,-1.0,-1.0,RS41,403.500,8.9,625,9,2.5,08:28:44,
2026-09-23T01:16:53.990Z,W4140724,7324,46.47715,7.23412,29666.8,-36.6,7.5,64.2,-273.0,-1.0,-1.0,RS41,403.500,9.0,625,8,2.6,08:28:44,
2026-09-23T01:16:54.990Z,W4140724,7325,46.47718,7.23420,29630.1,-36.5,6.9,59.8,-273.0,-1.0,-1.0,RS41,403.500,9.0,625,10,2.6,08:28:44,
2026-09-23T01:16:55.990Z,W4140724,7326,46.47722,7.23427,29593.7,-36.9,6.2,43.7,-273.0,-1.0,-1.0,RS41,403.500,8.4,625,10,2.5,08:28:44,
2026-09-23T01:16:56.990Z,W4140724,7327,46.47726,7.23432,29557.3,-36.7,5.5,39.8,-273.0,-1.0,-1.0,RS41,403.500,8.6,625,10,2.5,08:28:44,
2026-09-23T01:16:57.990Z,W4140724,7328,46.47729,7.23436,29520.9,-36.4,5.0,39.6,-273.0,-1.0,-1.0,RS41-SG,403.500,8.6,625,9,2.5,08:28:44,
2026-09-23T01:16:59.990Z,W4140724,7330,46.47737,7.23445,29448.3,-36.4,5.6,35.2,-273.0,-1.0,-1.0,RS41-SG,403.500,6.7,625,9,2.6,08:28:44,
2026-09-23T01:17:00.990Z,W4140724,7331,46.47741,7.23449,29412.4,-36.3,5.7,36.6,-273.0,-1.0,-1.0,RS41-SG,403.500,7.1,625,8,2.5,08:28:44,
2026-09-23T01:17:01.990Z,W4140724,7332,46.47744,7.23454,29376.1,-36.5,5.0,50.7,-273.0,-1.0,-1.0,RS41-SG,403.500,8.1,625,9,2.5,08:28:44,
2026-09-23T01:17:02.990Z,W4140724,7333,46.47746,7.23460,29340.3,-35.9,5.0,62.2,-273.0,-1.0,-1.0,RS41-SG,403.500,8.1,625,9,2.5,08:28:44,
2026-09-23T01:17:03.990Z,W4140724,7334,46.47747,7.23466,29304.9,-35.6,5.7,79.5,-273.0,-1.0,-1.0,RS41-SG,403.500,7.8,625,9,2.6,08:28:44,
2026-09-23T01:17:04.990Z,W4140724,7335,46.47748,7.23474,29269.1,-36.4,5.5,83.0,-273.0,-1.0,-1.0,RS41-SG,403.500,7.6,625,8,2.6,08:28:44,
2026-09-23T01:17:05.990Z,W4140724,7336,46.47748,7.23480,29233.2,-36.0,4.9,101.3,-273.0,-1.0,-1.0,RS41-SG,403.500,7.7,625,10,2.5,08:28:44,
2026-09-23T01:17:06.990Z,W4140724,7337,46.47747,7.23487,29197.7,-35.8,6.2,110.2,-273.0,-1.0,-1.0,RS41-SG,403.500,7.8,625,8,2.5,08:28:44,
2026-09-23T01:17:07.990Z,W4140724,7338,46.47745,7.23495,29162.0,-36.3,5.8,108.4,-273.0,-1.0,-1.0,RS41-SG,403.500,7.8,625,9,2.5,08:28:44,
2026-09-23T01:17:08.990Z,W4140724,7339,46.47743,7.23501,29126.5,-35.7,4.3,115.1,-273.0,-1.0,-1.0,RS41-SG,403.500,6.6,625,10,2.5,08:28:44,
2026-09-23T01:17:09.990Z,W4140724,7340,46.47742,7.23506,29091.1,-35.6,4.3,105.0,-273.0,-1.0,-1.0,RS41-SG,403.500,6.8,625,9,2.6,08:28:44,
2026-09-23T01:17:10.990Z,W4140724,7341,46.47741,7.23511,29056.4,-34.7,4.2,100.5,-273.0,-1.0,-1.0,RS41-SG,403.500,7.2,625,10,2.6,08:28:44,
2026-09-23T01:17:11.990Z,W4140724,7342,46.47741,7.23516,29021.3,-35.4,3.8,75.0,-273.0,-1.0,-1.0,RS41-SG,403.500,7.2,625,10,2.5,08:28:44,
2026-09-23T01:17:12.990Z,W4140724,7343,46.47743,7.23520,28986.7,-35.2,4.3,45.8,-273.0,-1.0,-1.0,RS41-SG,403.500,7.4,625,8,2.5,08:28:44,
2026-09-23T01:17:13.990Z,W4140724,7344,46.47746,7.23524,28952.0,-34.5,3.9,56.0,-273.0,-1.0,-1.0,RS41-SG,403.500,7.4,625,8,2.5,08:27:53,
2026-09-23T01:17:14.990Z,W4140724,7345,46.47748,7.23528,28917.0,-35.7,4.3,46.4,-273.0,-1.0,-1.0,RS41-SG,403.500,7.3,625,9,2.6,08:27:53,
2026-09-23T01:17:17.990Z,W4140724,7348,46.47754,7.23540,28815.0,-34.9,2.2,82.0,-50.8,0.6,-1.0,RS41-SG,403.500,6.8,625,9,2.5,08:27:53,
2026-09-23T01:17:19.990Z,W4140724,7350,46.47752,7.23546,28746.9,-33.4,3.2,107.2,-50.8,0.6,-1.0,RS41-SG,403.500,6.4,625,10,2.6,08:27:53,
2026-09-23T01:18:12.990Z,W4140724,7403,46.47816,7.23839,27071.2,-29.6,4.0,23.7,-51.7,0.6,-1.0,RS41-SG,403.500,7.0,625,10,2.5,08:27:53,
2026-09-23T01:18:15.990Z,W4140724,7406,46.47826,7.23841,26982.8,-29.1,5.2,358.2,-51.5,0.6,-1.0,RS41-SG,403.500,7.1,625,9,2.5,08:27:53,
2026-09-23T01:18:16.990Z,W4140724,7407,46.47830,7.23842,26953.8,-29.5,4.5,10.2,-51.5,0.7,-1.0,RS41-SG,403.500,7.2,625,8,2.5,08:27:53,
2026-09-23T01:18:20.990Z,W4140724,7411,46.47852,7.23849,26838.7,-29.6,8.0,22.7,-51.9,0.7,-1.0,RS41-SG,403.500,7.3,625,8,2.5,08:27:53,
2026-09-23T01:18:21.990Z,W4140724,7412,46.47858,7.23852,26809.4,-28.9,7.1,18.7,-51.9,0.6,-1.0,RS41-SG,403.500,7.7,625,10,2.5,08:27:53,
2026-09-23T01:18:22.990Z,W4140724,7413,46.47864,7.23855,26780.2,-29.4,6.6,27.4,-51.8,0.6,-1.0,RS41-SG,403.500,7.7,625,10,2.5,08:27:53,
2026-09-23T01:18:23.990Z,W4140724,7414,46.47869,7.23859,26751.5,-28.5,7.1,18.2,-51.8,0.6,-1.0,RS41-SG,403.500,8.6,625,10,2.6,08:27:53,
2026-09-23T01:18:24.990Z,W4140724,7415,46.47874,7.23861,26723.2,-28.0,4.5,13.9,-51.7,0.6,-1.0,RS41-SG,403.500,8.6,625,9,2.6,08:27:53,
2026-09-23T01:18:25.990Z,W4140724,7416,46.47878,7.23861,26695.5,-28.1,3.8,354.3,-51.7,0.6,-1.0,RS41-SG,403.500,8.8,625,9,2.5,08:27:53,
2026-09-23T01:18:26.990Z,W4140724,7417,46.47881,7.23859,26667.3,-28.7,4.8,324.1,-51.6,0.6,-1.0,RS41-SG,403.500,8.8,625,9,2.5,08:27:53,
2026-09-23T01:18:27.990Z,W4140724,7418,46.47884,7.23855,26638.8,-28.1,4.9,321.8,-51.6,0.7,-1.0,RS41-SG,403.500,8.1,625,8,2.5,08:27:53,
2026-09-23T01:18:28.990Z,W4140724,7419,46.47887,7.23850,26609.9,-29.3,5.4,302.6,-51.7,0.6,-1.0,RS41-SG,403.500,8.6,625,10,2.5,08:27:53,
2026-09-23T01:18:29.990Z,W4140724,7420,46.47889,7.23844,26581.1,-28.8,4.7,287.1,-51.7,0.7,-1.0,RS41-SG,403.500,8.6,625,9,2.6,08:27:53,
2026-09-23T01:18:30.990Z,W4140724,7421,46.47891,7.23838,26552.9,-28.0,5.4,297.3,-51.8,0.6,-1.0,RS41-SG,403.500,8.0,625,10,2.6,08:27:53,
2026-09-23T01:18:31.990Z,W4140724,7422,46.47893,7.23832,26525.0,-28.3,4.2,291.1,-52.0,0.7,-1.0,RS41-SG,403.500,8.2,625,9,2.5,08:27:53,
2026-09-23T01:18:32.990Z,W4140724,7423,46.47893,7.23828,26497.1,-28.4,2.9,261.1,-52.1,0.6,-1.0,RS41-SG,403.500,8.2,625,10,2.5,08:27:53,
2026-09-23T01:18:33.990Z,W4140724,7424,46.47892,7.23824,26469.4,-27.8,3.4,243.2,-52.1,0.7,-1.0,RS41-SG,403.500,7.8,625,8,2.5,08:27:53,
2026-09-23T01:18:34.990Z,W4140724,7425,46.47890,7.23820,26441.5,-27.5,2.7,219.3,-52.1,0.6,-1.0,RS41-SG,403.500,7.8,625,10,2.6,08:27:53,
2026-09-23T01:18:35.990Z,W4140724,7426,46.47888,7.23818,26414.3,-27.9,2.9,208.7,-52.0,0.6,-1.0,RS41-SG,403.500,8.5,625,10,2.6,08:27:53,
2026-09-23T01:18:36.990Z,W4140724,7427,46.47885,7.23816,26386.4,-27.9,4.3,190.6,-52.1,0.6,-1.0,RS41-SG,403.500,8.5,625,10,2.5,08:27:53,
2026-09-23T01:18:37.990Z,W4140724,7428,46.47882,7.23815,26357.8,-28.5,3.4,186.4,-52.1,0.7,-1.0,RS41-SG,403.500,8.0,625,10,2.5,08:27:53,
2026-09-23T01:18:38.990Z,W4140724,7429,46.47879,7.23814,26329.4,-28.4,3.1,189.5,-52.2,0.7,-1.0,RS41-SG,403.500,8.9,625,10,2.5,08:27:53,
2026-09-23T01:18:39.990Z,W4140724,7430,46.47876,7.23814,26301.4,-27.9,3.3,174.2,-52.3,0.7,-1.0,RS41-SG,403.500,8.9,625,10,2.6,08:27:53,
2026-09-23T01:18:40.990Z,W4140724,7431,46.47874,7.23813,26274.1,-27.7,2.1,208.9,-52.4,0.7,-1.0,RS41-SG,403.500,7.9,625,8,2.6,08:27:53,
2026-09-23T01:18:41.990Z,W4140724,7432,46.47872,7.23813,26245.8,-28.3,2.4,174.4,-52.5,0.7,-1.0,RS41-SG,403.500,8.4,625,9,2.5,08:27:53,
2026-09-23T01:18:42.990Z,W4140724,7433,46.47870,7.23813,26217.7,-27.5,2.4,163.7,-52.5,0.7,-1.0,RS41-SG,403.500,8.4,625,10,2.5,08:27:53,
2026-09-23T01:18:43.990Z,W4140724,7434,46.47868,7.23814,26190.0,-28.0,1.5,179.3,-52.6,0.7,-1.0,RS41-SG,403.500,8.1,625,9,2.5,08:27:53,
2026-09-23T01:18:44.990Z,W4140724,7435,46.47867,7.23813,26162.6,-27.0,1.2,220.3,-52.6,0.7,-1.0,RS41-SG,403.500,8.0,625,10,2.5,08:27:53,
2026-09-23T01:18:45.990Z,W4140724,7436,46.47866,7.23813,26135.2,-27.8,0.9,124.0,-52.6,0.7,-1.0,RS41-SG,403.500,8.9,625,8,2.6,08:27:53,
2026-09-23T01:18:46.990Z,W4140724,7437,46.47865,7.23814,26107.6,-27.7,2.0,166.6,-52.7,0.7,-1.0,RS41-SG,403.500,8.9,625,10,2.6,08:27:53,
2026-09-23T01:18:47.990Z,W4140724,7438,46.47864,7.23814,26080.1,-27.4,0.9,178.3,-52.8,0.7,-1.0,RS41-SG,403.500,8.0,625,10,2.5,08:27:53,
2026-09-23T01:18:48.990Z,W4140724,7439,46.47862,7.23814,26053.1,-27.0,1.8,163.6,-53.0,0.7,-1.0,RS41-SG,403.500,7.9,625,8,2.5,08:27:53,
2026-09-23T01:18:49.990Z,W4140724,7440,46.47861,7.23815,26025.7,-27.4,1.7,162.2,-53.1,0.7,-1.0,RS41-SG,403.500,7.8,625,9,2.5,08:27:53,
2026-09-23T01:18:50.990Z,W4140724,7441,46.47859,7.23816,25998.5,-27.3,1.7,154.9,-53.2,0.7,-1.0,RS41-SG,403.500,8.3,625,9,2.6,08:27:53,
2026-09-23T01:18:51.990Z,W4140724,7442,46.47858,7.23816,25971.2,-27.7,2.1,174.2,-53.2,0.7,-1.0,RS41-SG,403.500,8.3,625,9,2.6,08:27:53,
2026-09-23T01:18:52.990Z,W4140724,7443,46.47856,7.23816,25943.8,-27.4,1.9,186.9,-53.3,0.8,-1.0,RS41-SG,403.500,9.1,625,10,2.5,08:27:53,
2026-09-23T01:18:53.990Z,W4140724,7444,46.47855,7.23815,25916.8,-27.0,1.7,210.8,-53.4,0.7,-1.0,RS41-SG,403.500,9.1,625,10,2.5,08:27:53,
2026-09-23T01:18:54.990Z,W4140724,7445,46.47854,7.23813,25890.1,-27.1,1.5,247.8,-53.4,0.7,-1.0,RS41-SG,403.500,8.3,625,9,2.5,08:27:53,
2026-09-23T01:18:55.990Z,W4140724,7446,46.47854,7.23811,25863.9,-26.4,1.8,273.3,-53.4,0.7,-1.0,RS41-SG,403.500,8.3,625,9,2.5,08:26:11,
2026-09-23T01:18:56.990Z,W4140724,7447,46.47854,7.23810,25837.8,-26.3,0.9,225.7,-53.6,0.8,-1.0,RS41-SG,403.500,8.7,625,9,2.6,08:26:11,
2026-09-23T01:18:57.990Z,W4140724,7448,46.47853,7.23809,25811.2,-27.3,0.7,322.9,-53.7,0.8,-1.0,RS41-SG,403.500,8.7,625,9,2.6,08:26:11,
2026-09-23T01:18:58.990Z,W4140724,7449,46.47854,7.23808,25784.5,-27.0,0.8,290.8,-53.7,0.8,-1.0,RS41-SG,403.500,7.7,625,10,2.5,08:26:11,
2026-09-23T01:18:59.990Z,W4140724,7450,46.47854,7.23808,25758.3,-26.4,0.8,40.4,-53.6,0.8,-1.0,RS41-SG,403.500,8.7,625,8,2.5,08:26:11,
2026-09-23T01:19:00.990Z,W4140724,7451,46.47854,7.23809,25732.2,-26.2,1.0,53.7,-53.7,0.8,-1.0,RS41-SG,403.500,8.7,625,9,2.5,08:26:11,
2026-09-23T01:19:01.990Z,W4140724,7452,46.47854,7.23810,25705.8,-26.7,0.4,113.8,-53.7,0.8,-1.0,RS41-SG,403.500,8.5,625,10,2.6,08:26:11,
2026-09-23T01:19:02.990Z,W4140724,7453,46.47854,7.23810,25679.3,-26.5,0.2,282.2,-53.7,0.7,-1.0,RS41-SG,403.500,8.0,625,10,2.6,08:26:11,
2026-09-23T01:19:03.990Z,W4140724,7454,46.47854,7.23810,25653.4,-25.8,0.5,140.1,-53.7,0.7,-1.0,RS41-SG,403.500,8.6,625,9,2.5,08:26:11,
2026-09-23T01:19:04.990Z,W4140724,7455,46.47852,7.23810,25628.3,-25.1,2.5,178.6,-53.7,0.8,-1.0,RS41-SG,403.500,8.7,625,10,2.5,08:26:11,
2026-09-23T01:19:05.990Z,W4140724,7456,46.47850,7.23809,25603.1,-25.8,3.0,200.3,-53.6,0.7,-1.0,RS41-SG,403.500,8.7,625,10,2.5,08:26:11,
2026-09-23T01:19:06.990Z,W4140724,7457,46.47847,7.23808,25577.5,-25.4,2.7,210.4,-53.8,0.8,-1.0,RS41-SG,403.500,7.4,625,10,2.6,08:26:11,
2026-09-23T01:19:07.990Z,W4140724,7458,46.47846,7.23807,25552.6,-25.1,1.7,187.2,-53.9,0.8,-1.0,RS41-SG,403.500,7.2,625,9,2.6,08:26:11,
2026-09-23T01:19:08.990Z,W4140724,7459,46.47844,7.23807,25527.0,-26.0,2.3,154.1,-53.8,0.8,-1.0,RS41-SG,403.500,7.1,625,10,2.5,08:26:11,
2026-09-23T01:19:09.990Z,W4140724,7460,46.47841,7.23809,25501.0,-26.0,3.5,148.8,-53.7,0.8,-1.0,RS41-SG,403.500,7.1,625,10,2.5,08:26:11,
2026-09-23T01:19:10.990Z,W4140724,7461,46.47838,7.23812,25475.5,-25.5,4.3,143.3,-53.5,0.7,-1.0,RS41-SG,403.500,6.8,625,10,2.5,08:26:11,
2026-09-23T01:19:11.990Z,W4140724,7462,46.47835,7.23816,25449.9,-25.8,5.3,134.6,-53.4,0.7,-1.0,RS41-SG,403.500,7.2,625,10,2.5,08:26:11,
2026-09-23T01:19:12.990Z,W4140724,7463,46.47832,7.23821,25424.4,-25.6,6.3,131.5,-53.3,0.7,-1.0,RS41-SG,403.500,7.2,625,10,2.6,08:26:11,
2026-09-23T01:19:13.990Z,W4140724,7464,46.47828,7.23827,25398.9,-25.5,6.1,134.5,-53.3,0.7,-1.0,RS41-SG,403.500,7.7,625,10,2.6,08:26:11,
2026-09-23T01:19:14.990Z,W4140724,7465,46.47824,7.23832,25373.0,-26.3,5.5,135.2,-53.3,0.7,-1.0,RS41-SG,403.500,8.0,625,10,2.5,08:26:11,
2026-09-23T01:19:15.990Z,W4140724,7466,46.47821,7.23837,25347.4,-25.9,5.2,134.4,-53.5,0.7,-1.0,RS41-SG,403.500,8.0,625,8,2.5,08:26:11,
2026-09-23T01:19:16.990Z,W4140724,7467,46.47818,7.23841,25322.0,-25.7,3.3,125.1,-53.9,0.8,-1.0,RS41-SG,403.500,7.6,625,8,2.5,08:26:11,
2026-09-23T01:19:17.990Z,W4140724,7468,46.47817,7.23844,25296.0,-26.1,2.2,100.1,-54.2,0.8,-1.0,RS41-SG,403.500,7.3,625,10,2.6,08:26:11,
2026-09-23T01:19:18.990Z,W4140724,7469,46.47818,7.23847,25270.4,-25.6,2.6,71.4,-54.3,0.8,-1.0,RS41-SG,403.500,7.3,625,10,2.6,08:26:11,
2026-09-23T01:19:21.990Z,W4140724,7472,46.47822,7.23856,25194.5,-25.0,4.7,25.6,-54.3,0.8,-1.0,RS41-SG,403.500,6.8,625,9,2.5,08:26:11,
2026-09-23T01:19:22.990Z,W4140724,7473,46.47827,7.23859,25169.4,-24.9,6.0,28.8,-54.3,0.8,-1.0,RS41-SG,403.500,7.1,625,10,2.5,08:26:11,
2026-09-23T01:19:25.990Z,W4140724,7476,46.47840,7.23872,25093.7,-25.1,5.8,27.9,-54.1,0.8,-1.0,RS41-SG,403.500,7.9,625,8,2.5,08:26:11,
2026-09-23T01:19:26.990Z,W4140724,7477,46.47845,7.23875,25068.7,-24.9,6.9,24.8,-54.0,0.8,-1.0,RS41-SG,403.500,7.9,625,10,2.5,08:26:11,
2026-09-23T01:19:27.990Z,W4140724,7478,46.47850,7.23879,25044.0,-24.4,6.0,25.4,-53.9,0.8,-1.0,RS41-SG,403.500,7.9,625,10,2.5,08:26:11,
2026-09-23T01:19:28.990Z,W4140724,7479,46.47854,7.23881,25018.8,-25.9,5.1,17.1,-53.8,0.8,-1.0,RS41-SG,403.500,7.9,625,10,2.6,08:26:11,
2026-09-23T01:19:29.990Z,W4140724,7480,46.47859,7.23882,24993.3,-25.7,5.3,1.2,-53.6,0.7,-1.0,RS41-SG,403.500,8.1,625,9,2.6,08:26:11,
2026-09-23T01:19:30.990Z,W4140724,7481,46.47864,7.23881,24967.9,-25.5,5.0,355.7,-53.4,0.7,-1.0,RS41-SG,403.500,8.1,625,10,2.5,08:26:11,
2026-09-23T01:19:31.990Z,W4140724,7482,46.47868,7.23880,24943.1,-25.0,5.3,339.5,-53.3,0.7,-1.0,RS41-SG,403.500,7.7,625,10,2.5,08:26:11,
2026-09-23T01:19:32.990Z,W4140724,7483,46.47873,7.23876,24918.8,-24.7,7.4,338.6,-53.1,0.7,-1.0,RS41-SG,403.500,7.6,625,9,2.5,08:26:11,
2026-09-23T01:19:33.990Z,W4140724,7484,46.47879,7.23873,24894.2,-24.9,7.9,344.4,-53.0,0.7,-1.0,RS41-SG,403.500,7.7,625,10,2.5,08:26:11,
2026-09-23T01:19:34.990Z,W4140724,7485,46.47886,7.23871,24869.5,-24.6,7.3,348.1,-52.9,0.7,-1.0,RS41-SG,403.500,7.7,625,10,2.6,08:26:11,
2026-09-23T01:19:35.990Z,W4140724,7486,46.47892,7.23869,24844.9,-24.5,7.7,352.1,-52.8,0.7,-1.0,RS41-SG,403.500,7.4,625,10,2.6,08:26:11,
2026-09-23T01:19:36.990Z,W4140724,7487,46.47899,7.23869,24821.3,-23.6,8.1,359.2,-52.7,0.7,-1.0,RS41-SG,403.500,6.7,625,8,2.5,08:26:11,
2026-09-23T01:19:37.990Z,W4140724,7488,46.47906,7.23869,24797.8,-24.1,7.3,6.7,-52.6,0.7,-1.0,RS41-SG,403.500,7.2,625,9,2.5,08:26:11,
2026-09-23T01:19:38.990Z,W4140724,7489,46.47912,7.23870,24773.8,-24.4,5.4,8.4,-52.5,0.7,-1.0,RS41-SG,403.500,7.7,625,9,2.5,08:26:11,
2026-09-23T01:19:39.990Z,W4140724,7490,46.47916,7.23870,24749.4,-24.5,4.8,355.7,-52.3,0.6,-1.0,RS41-SG,403.500,7.7,625,10,2.6,08:26:11,
2026-09-23T01:19:40.990Z,W4140724,7491,46.47920,7.23869,24725.2,-24.3,5.0,343.7,-52.1,0.6,-1.0,RS41-SG,403.500,7.6,625,10,2.6,08:26:11,
2026-09-23T01:19:41.990Z,W4140724,7492,46.47925,7.23867,24700.8,-24.2,5.9,338.7,-52.0,0.6,-1.0,RS41-SG,403.500,7.7,625,9,2.5,08:26:11,
2026-09-23T01:19:42.990Z,W4140724,7493,46.47929,7.23863,24676.5,-24.2,6.0,319.2,-51.9,0.6,-1.0,RS41-SG,403.500,7.7,625,10,2.5,08:26:11,
2026-09-23T01:19:43.990Z,W4140724,7494,46.47934,7.23857,24652.0,-24.6,7.0,314.4,-51.8,0.6,-1.0,RS41-SG,403.500,7.4,625,9,2.5,08:26:11,
2026-09-23T01:19:44.990Z,W4140724,7495,46.47939,7.23849,24628.0,-24.6,9.4,314.2,-51.7,0.6,-1.0,RS41-SG,403.500,7.5,625,9,2.5,08:26:11,
2026-09-23T01:19:45.990Z,W4140724,7496,46.47945,7.23840,24603.9,-24.0,9.3,310.8,-51.6,0.6,-1.0,RS41-SG,403.500,8.1,625,10,2.6,08:26:11,
2026-09-23T01:19:47.990Z,W4140724,7498,46.47956,7.23821,24557.0,-23.2,11.2,309.5,-51.5,0.6,-1.0,RS41-SG,403.500,7.0,625,10,2.5,08:26:11,
2026-09-23T01:19:48.990Z,W4140724,7499,46.47962,7.23810,24533.7,-23.7,10.2,314.1,-51.5,0.6,-1.0,RS41-SG,403.500,7.0,625,8,2.5,08:26:11,
2026-09-23T01:19:49.990Z,W4140724,7500,46.47969,7.23801,24509.9,-23.9,10.4,320.6,-51.6,0.6,-1.0,RS41-SG,403.500,7.4,625,10,2.5,08:26:11,
2026-09-23T01:19:50.990Z,W4140724,7501,46.47975,7.23794,24485.7,-24.1,8.0,319.2,-51.6,0.6,-1.0,RS41-SG,403.500,7.7,625,8,2.6,08:26:11,
2026-09-23T01:19:52.990Z,W4140724,7503,46.47985,7.23780,24439.3,-22.9,7.5,320.3,-51.6,0.6,-1.0,RS41-SG,403.500,6.6,625,7,2.5,08:26:11,
2026-09-23T01:19:53.990Z,W4140724,7504,46.47989,7.23775,24415.7,-23.9,5.3,320.3,-51.7,0.6,-1.0,RS41-SG,403.500,6.6,625,9,2.5,08:26:11,
2026-09-23T01:19:54.990Z,W4140724,7505,46.47992,7.23771,24391.6,-24.3,3.7,301.0,-51.8,0.7,-1.0,RS41-SG,403.500,6.5,625,9,2.5,08:26:11,
2026-09-23T01:20:00.990Z,W4140724,7511,46.47994,7.23729,24248.5,-24.0,6.3,270.2,-51.8,0.7,-1.0,RS41-SG,403.500,6.8,625,10,2.5,08:26:11,
2026-09-23T01:20:01.990Z,W4140724,7512,46.47995,7.23722,24224.1,-24.1,5.1,276.9,-51.9,0.7,-1.0,RS41-SG,403.500,7.7,625,9,2.6,08:26:11,
2026-09-23T01:20:03.990Z,W4140724,7514,46.47994,7.23709,24177.0,-23.4,4.6,268.1,-52.0,0.7,-1.0,RS41-SG,403.500,7.1,625,8,2.5,08:26:11,
2026-09-23T01:20:04.990Z,W4140724,7515,46.47993,7.23704,24154.0,-23.0,3.2,256.2,-51.9,0.7,-1.0,RS41-SG,403.500,7.1,625,9,2.5,08:26:11,
2026-09-23T01:20:05.990Z,W4140724,7516,46.47992,7.23700,24131.2,-22.8,3.2,239.9,-51.8,0.7,-1.0,RS41-SG,403.500,7.3,625,9,2.5,08:26:11,
2026-09-23T01:20:06.990Z,W4140724,7517,46.47991,7.23696,24108.5,-23.4,3.4,245.4,-51.6,0.7,-1.0,RS41-SG,403.500,7.3,625,10,2.5,08:26:11,
2026-09-23T01:20:07.990Z,W4140724,7518,46.47990,7.23692,24085.5,-23.2,3.1,259.0,-51.4,0.7,-1.0,RS41-SG,403.500,6.8,625,10,2.6,08:26:11,
2026-09-23T01:20:08.990Z,W4140724,7519,46.47989,7.23689,24062.7,-23.3,2.0,272.0,-51.2,0.6,-1.0,RS41-SG,403.500,7.2,625,8,2.6,08:26:11,
2026-09-23T01:20:09.990Z,W4140724,7520,46.47989,7.23686,24040.0,-23.1,1.2,269.6,-51.0,0.6,-1.0,RS41-SG,403.500,7.2,625,8,2.5,08:26:11,
2026-09-23T01:20:10.990Z,W4140724,7521,46.47989,7.23685,24016.6,-23.0,1.3,267.7,-50.8,0.6,-1.0,RS41-SG,403.500,6.6,625,10,2.5,08:26:11,
2026-09-23T01:20:11.990Z,W4140724,7522,46.47989,7.23683,23993.9,-23.5,1.5,306.1,-50.7,0.6,-1.0,RS41-SG,403.500,5.9,625,9,2.5,08:26:11,
2026-09-23T01:20:12.990Z,W4140724,7523,46.47990,7.23682,23970.5,-23.9,1.5,345.3,-50.5,0.6,-1.0,RS41-SG,403.500,6.8,625,10,2.6,08:26:11,
2026-09-23T01:20:13.990Z,W4140724,7524,46.47991,7.23681,23947.0,-23.5,0.9,34.8,-50.4,0.6,-1.0,RS41-SG,403.500,7.8,625,10,2.6,08:26:11,
2026-09-23T01:20:14.990Z,W4140724,7525,46.47992,7.23681,23924.1,-22.8,1.1,358.4,-50.3,0.6,-1.0,RS41-SG,403.500,7.8,625,9,2.5,08:26:11,
2026-09-23T01:20:16.990Z,W4140724,7527,46.47996,7.23681,23878.8,-22.6,3.3,20.8,-50.3,0.6,-1.0,RS41-SG,403.500,6.1,625,9,2.5,08:26:11,
2026-09-23T01:20:17.990Z,W4140724,7528,46.47998,7.23684,23855.8,-22.9,2.9,45.9,-50.5,0.6,-1.0,RS41-SG,403.500,6.9,625,9,2.5,08:26:11,
2026-09-23T01:20:20.990Z,W4140724,7531,46.48002,7.23690,23787.3,-22.9,2.9,42.5,-50.6,0.6,-1.0,RS41-SG,403.500,7.2,625,7,2.5,08:26:11,
2026-09-23T01:20:21.990Z,W4140724,7532,46.48003,7.23693,23764.3,-22.8,2.6,58.9,-50.6,0.6,-1.0,RS41-SG,403.500,7.2,625,10,2.5,08:26:11,
2026-09-23T01:20:23.990Z,W4140724,7534,46.48006,7.23697,23718.4,-23.3,1.9,47.7,-50.8,0.6,-1.0,RS41-SG,403.500,6.4,625,10,2.6,08:26:11,
2026-09-23T01:20:24.990Z,W4140724,7535,46.48007,7.23699,23695.8,-22.7,2.2,58.3,-51.1,0.6,-1.0,RS41-SG,403.500,6.4,625,9,2.6,08:26:11,
2026-09-23T01:20:28.990Z,W4140724,7539,46.48003,7.23703,23605.1,-22.4,1.6,180.9,-52.3,0.8,-1.0,RS41-SG,403.500,6.5,625,9,2.5,08:26:11,
2026-09-23T01:20:29.990Z,W4140724,7540,46.48001,7.23703,23582.9,-22.3,2.8,177.3,-52.5,0.8,-1.0,RS41-SG,403.500,7.2,625,9,2.6,08:26:11,
2026-09-23T01:20:33.990Z,W4140724,7544,46.47989,7.23702,23493.0,-22.7,4.0,164.9,-54.4,0.9,-1.0,RS41-SG,403.500,7.0,625,9,2.5,08:26:11,
2026-09-23T01:20:35.990Z,W4140724,7546,46.47982,7.23703,23447.5,-23.0,4.3,167.5,-54.7,0.9,-1.0,RS41-SG,403.500,6.9,625,9,2.6,08:26:11,
2026-09-23T01:20:36.990Z,W4140724,7547,46.47979,7.23704,23424.5,-22.5,2.9,156.7,-54.8,0.9,-1.0,RS41-SG,403.500,6.6,625,9,2.5,08:26:11,
2026-09-23T01:20:37.990Z,W4140724,7548,46.47976,7.23705,23402.0,-22.0,4.1,165.8,-54.8,0.9,-1.0,RS41-SG,403.500,7.1,625,9,2.5,08:24:29,
2026-09-23T01:20:42.990Z,W4140724,7553,46.47958,7.23703,23293.7,-21.5,5.5,185.8,-55.2,0.9,-1.0,RS41-SG,403.500,7.1,625,10,2.5,08:24:29,
