timestamp,serial,frame,lat,lon,alt,vel_v,vel_h,heading,temp,humidity,pressure,type,freq_mhz,snr,f_error_hz,sats,batt_v,burst_timer,aux_data
2026-09-14T12:46:26.005Z,W4214314,8566,46.19939,6.80601,30841.4,3.9,5.5,74.6,-273.0,-1.0,-1.0,RS41,403.500,6.9,625,11,2.6,,050104FA049A5A404E00
2026-09-14T12:46:39.005Z,W4214314,8579,46.19894,6.80585,30907.1,3.6,3.7,80.1,-273.0,-1.0,-1.0,RS41,403.500,6.9,625,11,2.6,,050104F80495DA505300
2026-09-14T12:46:55.005Z,W4214314,8595,46.19864,6.80618,30982.6,4.6,6.3,64.5,-273.0,-1.0,-1.0,RS41,403.500,7.1,625,11,2.6,,050104F50480FA504600
2026-09-14T12:47:08.005Z,W4214314,8608,46.19838,6.80650,31046.3,5.0,8.5,67.2,-273.0,-1.0,-1.0,RS41,403.500,7.6,625,11,2.6,,050104F30484BA405200
2026-09-14T12:52:04.005Z,W4214314,8904,46.19509,6.81047,32521.4,4.1,7.8,184.8,-273.0,-1.0,-1.0,RS41,403.500,7.3,625,11,2.6,,050104BF03AE5A404F00
2026-09-14T12:52:17.005Z,W4214314,8917,46.19493,6.81072,32588.3,4.6,2.5,181.9,-273.0,-1.0,-1.0,RS41,403.500,7.7,625,11,2.6,,050104BD03A7EA404C00
2026-09-14T12:52:25.005Z,W4214314,8925,46.19449,6.81081,32629.5,3.6,4.8,6.4,-273.0,-1.0,-1.0,RS41,403.500,7.2,625,11,2.7,,050104BC03A85A404F00
2026-09-14T12:52:26.005Z,W4214314,8926,46.19455,6.81082,32632.6,2.6,8.8,6.5,-273.0,-1.0,-1.0,RS41,403.500,7.6,625,11,2.7,,050104BC03A65A405100
2026-09-14T12:52:30.005Z,W4214314,8930,46.19488,6.81085,32652.5,6.7,5.1,2.4,-273.0,-1.0,-1.0,RS41,403.500,6.8,625,11,2.7,,050104BB03A1BA405000
2026-09-14T12:52:55.005Z,W4214314,8955,46.19473,6.81079,32775.6,2.9,11.3,357.0,-273.0,-1.0,-1.0,RS41,403.500,7.5,625,11,2.6,,050104B70391CA405100
2026-09-14T12:53:12.005Z,W4214314,8972,46.19514,6.81056,32856.7,7.6,10.2,353.4,-273.0,-1.0,-1.0,RS41,403.500,7.8,625,10,2.6,,050104B503897A405700
2026-09-14T12:53:15.005Z,W4214314,8975,46.19524,6.81051,32874.3,3.4,3.9,212.6,-273.0,-1.0,-1.0,RS41,403.500,7.4,625,10,2.7,,0501W37409420000006EI
2026-09-14T12:53:16.005Z,W4214314,8976,46.19519,6.81048,32876.9,2.2,7.1,201.3,-273.0,-1.0,-1.0,RS41,403.500,8.2,625,10,2.6,,050104B403800A404B00
2026-09-14T12:53:24.005Z,W4214314,8984,46.19509,6.81020,32913.5,1.7,13.6,348.1,-273.0,-1.0,-1.0,RS41,403.500,8.1,625,10,2.6,,050104B203781A405600
2026-09-14T12:53:41.005Z,W4214314,9001,46.19581,6.80986,32992.5,7.3,11.3,0.7,-273.0,-1.0,-1.0,RS41,403.500,6.8,625,10,2.7,,050104AF0372EA405400
2026-09-14T12:53:53.005Z,W4214314,9013,46.19608,6.80988,33041.9,3.3,15.1,11.2,-273.0,-1.0,-1.0,RS41,403.500,7.3,625,10,2.6,,050104AD03607A404700
2026-09-14T12:53:54.005Z,W4214314,9014,46.19621,6.80991,33046.0,5.1,15.4,11.4,-273.0,-1.0,-1.0,RS41,403.500,7.3,625,10,2.7,,050104AD03655A404A00
2026-09-14T12:53:58.005Z,W4214314,9018,46.19650,6.81007,33067.3,3.1,1.4,93.5,-273.0,-1.0,-1.0,RS41,403.500,7.1,625,10,2.6,,050104AC03676A404500
2026-09-14T12:54:24.005Z,W4214314,9044,46.19721,6.81172,33178.3,6.5,11.9,54.3,-273.0,-1.0,-1.0,RS41,403.500,7.1,625,10,2.7,,050104A603609A404C00
2026-09-14T12:55:05.005Z,W4214314,9085,46.19656,6.81528,33346.8,4.2,14.5,77.2,-40.2,-1.0,-1.0,RS41,403.500,6.8,625,10,2.7,,0501049E0353AA404300
2026-09-14T12:55:06.005Z,W4214314,9086,46.19659,6.81545,33352.0,6.0,13.5,75.9,-40.2,-1.0,-1.0,RS41,403.500,7.2,625,10,2.7,,0501049E0353AA404400
2026-09-14T12:55:24.005Z,W4214314,9104,46.19623,6.81669,33430.0,3.0,2.2,98.5,-39.1,-1.0,-1.0,RS41,403.500,7.3,625,10,2.7,,0501049B0346CA405500
2026-09-14T12:55:36.005Z,W4214314,9116,46.19615,6.81704,33472.2,5.7,11.4,98.4,-38.6,-1.0,-1.0,RS41,403.500,7.6,625,10,2.6,,050104980341BA404E00
2026-09-14T12:55:49.005Z,W4214314,9129,46.19629,6.81732,33526.0,3.5,13.7,108.3,-38.6,-1.0,-1.0,RS41,403.500,7.8,625,10,2.6,,050104960341AA404E00
2026-09-14T12:56:18.005Z,W4214314,9158,46.19603,6.81862,33646.8,3.4,6.3,154.8,-37.9,-1.0,-1.0,RS41,403.500,7.3,625,10,2.7,,050104920327FA404F00
2026-09-14T12:56:28.005Z,W4214314,9168,46.19578,6.81879,33689.6,4.3,8.5,68.5,-37.4,-1.0,-1.0,RS41,403.500,7.3,625,10,2.6,,0501049103412A404E00
2026-09-14T12:57:24.005Z,W4214314,9224,46.19404,6.82121,33940.1,5.2,11.3,101.6,-36.6,-1.0,-1.0,RS41,403.500,7.6,625,10,2.7,,0501048A0317BA404F00
2026-09-14T12:58:08.005Z,W4214314,9268,46.19274,6.82227,34142.2,4.0,8.4,112.0,-37.1,-1.0,-1.0,RS41,403.500,7.4,625,10,2.7,,0501048302F52A405300
2026-09-14T12:58:20.005Z,W4214314,9280,46.19281,6.82256,34195.2,4.9,9.0,78.4,-37.3,-1.0,-1.0,RS41,403.500,7.1,625,10,2.7,,0501048103061A404B00
2026-09-14T12:58:21.005Z,W4214314,9281,46.19281,6.82267,34199.6,4.1,9.1,96.2,-37.4,-1.0,-1.0,RS41,403.500,8.4,625,10,2.6,,0501048103026A404B00
2026-09-14T12:58:22.005Z,W4214314,9282,46.19279,6.82279,34203.8,4.1,9.7,115.0,-37.4,-1.0,-1.0,RS41,403.500,8.4,625,10,2.6,,0501048102FFEA404B00
2026-09-14T12:58:23.005Z,W4214314,9283,46.19274,6.82289,34208.0,4.3,10.2,134.0,-37.5,-1.0,-1.0,RS41,403.500,7.8,625,10,2.7,,0501048103000A404F00
2026-09-14T12:58:24.005Z,W4214314,9284,46.19267,6.82297,34212.3,4.4,9.6,155.7,-37.5,-1.0,-1.0,RS41,403.500,7.6,625,10,2.7,,050104810301AA405500
2026-09-14T12:58:25.005Z,W4214314,9285,46.19259,6.82300,34216.9,4.8,7.9,176.2,-37.5,-1.0,-1.0,RS41,403.500,7.0,625,10,2.7,,0501048003034A404E00
2026-09-14T12:58:34.005Z,W4214314,9294,46.19287,6.82326,34258.5,5.6,13.5,69.1,-37.7,-1.0,-1.0,RS41,403.500,8.7,625,10,2.7,,0501047F02FA7A404F00
2026-09-14T12:58:35.005Z,W4214314,9295,46.19290,6.82342,34264.2,5.7,13.2,83.6,-37.8,-1.0,-1.0,RS41,403.500,8.9,625,10,2.7,,0501047F02F8CA405200
2026-09-14T12:58:36.005Z,W4214314,9296,46.19289,6.82359,34269.9,5.6,12.7,101.2,-37.9,-1.0,-1.0,RS41,403.500,8.9,625,10,2.7,,0501047E02FBEA405000
2026-09-14T12:58:38.005Z,W4214314,9298,46.19279,6.82382,34278.9,3.6,9.3,149.3,-37.8,-1.0,-1.0,RS41,403.500,7.7,625,9,2.6,,0501047E02FB0A404D00
2026-09-14T12:58:39.005Z,W4214314,9299,46.19272,6.82385,34282.1,2.9,7.6,175.0,-37.8,-1.0,-1.0,RS41,403.500,7.7,625,10,2.6,,0501047E02F9CA404C00
2026-09-14T12:58:47.005Z,W4214314,9307,46.19274,6.82372,34317.5,3.2,10.6,62.4,-37.2,-1.0,-1.0,RS41,403.500,6.7,625,10,2.7,,0501047D02F2AA404D00
2026-09-14T12:58:48.005Z,W4214314,9308,46.19278,6.82386,34320.5,3.2,12.7,74.3,-37.1,-1.0,-1.0,RS41,403.500,7.7,625,10,2.6,,0501047D02F4CA404F00
2026-09-14T12:58:49.005Z,W4214314,9309,46.19279,6.82403,34324.3,4.4,14.3,88.2,-37.1,-1.0,-1.0,RS41,403.500,8.0,625,10,2.6,,0501047C02F75A404B00
2026-09-14T12:58:51.005Z,W4214314,9311,46.19274,6.82437,34334.8,6.0,12.0,122.1,-37.0,-1.0,-1.0,RS41,403.500,7.5,625,10,2.7,,0501047C02F8AA404900
2026-09-14T12:58:52.005Z,W4214314,9312,46.19268,6.82447,34340.8,6.1,9.2,138.8,-36.9,-1.0,-1.0,RS41,403.500,7.5,625,10,2.7,,0501047C02F57A404B00
2026-09-14T12:59:01.005Z,W4214314,9321,46.19268,6.82403,34381.1,4.8,4.4,23.9,-36.5,-1.0,-1.0,RS41,403.500,7.5,625,10,2.6,,0501047A02EA1A405300
2026-09-14T12:59:02.005Z,W4214314,9322,46.19270,6.82408,34385.3,3.7,5.7,73.7,-36.4,-1.0,-1.0,RS41,403.500,8.2,625,10,2.7,,0501047A02ED0A405300
2026-09-14T12:59:03.005Z,W4214314,9323,46.19270,6.82417,34388.4,2.7,8.5,105.3,-36.4,-1.0,-1.0,RS41,403.500,8.9,625,10,2.7,,0501047A02EB6A405300
2026-09-14T12:59:04.005Z,W4214314,9324,46.19266,6.82427,34390.8,2.3,10.5,127.6,-36.4,-1.0,-1.0,RS41,403.500,8.9,625,10,2.7,,0501047A02EA2A405300
2026-09-14T12:59:05.005Z,W4214314,9325,46.19259,6.82437,34393.8,3.7,11.4,144.1,-36.3,-1.0,-1.0,RS41,403.500,8.2,625,10,2.6,,0501047A02EB5A405100
2026-09-14T12:59:06.005Z,W4214314,9326,46.19251,6.82444,34397.9,4.7,10.3,156.6,-36.3,-1.0,-1.0,RS41,403.500,7.6,625,10,2.6,,0501047902EC1A405100
2026-09-14T12:59:15.005Z,W4214314,9335,46.19261,6.82409,34436.0,5.6,7.2,4.4,-36.1,-1.0,-1.0,RS41,403.500,6.8,625,10,2.7,,0501047802E93A404E00
2026-09-14T12:59:16.005Z,W4214314,9336,46.19266,6.82412,34441.5,5.1,5.2,37.5,-36.1,-1.0,-1.0,RS41,403.500,8.0,625,10,2.7,,0501047802E6DA404D00
2026-09-14T12:59:17.005Z,W4214314,9337,46.19268,6.82417,34445.8,3.5,4.3,94.8,-36.0,-1.0,-1.0,RS41,403.500,8.2,625,9,2.6,,0501047802E55A404D00
2026-09-14T12:59:18.005Z,W4214314,9338,46.19265,6.82422,34448.6,2.1,5.8,146.0,-35.9,-1.0,-1.0,RS41,403.500,8.8,625,10,2.6,,0501W37409420000006EI
2026-09-14T12:59:19.005Z,W4214314,9339,46.19260,6.82425,34451.0,2.5,8.1,170.6,-35.8,-1.0,-1.0,RS41,403.500,8.8,625,10,2.7,,0501047702DE9A404D00
2026-09-14T12:59:20.005Z,W4214314,9340,46.19252,6.82425,34453.9,3.3,9.7,186.2,-35.8,-1.0,-1.0,RS41,403.500,8.8,625,10,2.7,,0501047702DE3A405600
2026-09-14T12:59:21.005Z,W4214314,9341,46.19243,6.82422,34457.9,4.7,10.0,198.4,-35.8,-1.0,-1.0,RS41,403.500,8.2,625,10,2.7,,0501047702DE6A405900
2026-09-14T12:59:27.005Z,W4214314,9347,46.19238,6.82380,34484.1,2.9,8.2,353.5,-35.4,-1.0,-1.0,RS41,403.500,7.7,625,10,2.6,,0501047602DC6A404800
2026-09-14T12:59:28.005Z,W4214314,9348,46.19246,6.82380,34487.3,3.6,8.8,9.9,-35.4,-1.0,-1.0,RS41,403.500,7.7,625,10,2.6,,0501047602DD7A404B00
2026-09-14T12:59:29.005Z,W4214314,9349,46.19254,6.82384,34491.3,4.5,9.0,23.5,-35.3,-1.0,-1.0,RS41,403.500,7.9,625,10,2.7,,0501047602D91A404A00
2026-09-14T12:59:30.005Z,W4214314,9350,46.19260,6.82390,34496.2,5.3,8.3,44.5,-35.3,-1.0,-1.0,RS41,403.500,8.8,625,10,2.7,,0501047602D8CA404500
2026-09-14T12:59:31.005Z,W4214314,9351,46.19264,6.82398,34501.4,5.3,6.9,71.8,-35.3,-1.0,-1.0,RS41,403.500,9.7,625,10,2.7,,0501047602D99A404300
2026-09-14T12:59:32.005Z,W4214314,9352,46.19264,6.82405,34506.0,4.2,4.8,109.4,-35.3,-1.0,-1.0,RS41,403.500,9.7,625,10,2.6,,0501047502DB2A404500
2026-09-14T12:59:33.005Z,W4214314,9353,46.19261,6.82409,34510.4,4.2,4.3,152.8,-35.2,-1.0,-1.0,RS41,403.500,9.7,625,10,2.6,,0501047502DB6A404400
2026-09-14T12:59:34.005Z,W4214314,9354,46.19258,6.82410,34514.2,3.6,5.1,193.6,-35.2,-1.0,-1.0,RS41,403.500,8.4,625,10,2.7,,0501047502DA9A404400
2026-09-14T12:59:35.005Z,W4214314,9355,46.19253,6.82406,34518.0,3.9,6.6,218.9,-35.2,-1.0,-1.0,RS41,403.500,8.3,625,10,2.7,,0501047502D7DA404300
2026-09-14T12:59:42.005Z,W4214314,9362,46.19269,6.82342,34548.4,4.8,8.0,349.1,-35.1,-1.0,-1.0,RS41,403.500,7.6,625,10,2.6,,0501047402D5DA405000
2026-09-14T12:59:43.005Z,W4214314,9363,46.19276,6.82341,34553.3,4.9,6.9,8.6,-35.1,-1.0,-1.0,RS41,403.500,8.0,625,10,2.6,,0501047402D57A405000
2026-09-14T12:59:44.005Z,W4214314,9364,46.19281,6.82344,34557.8,4.2,5.7,37.8,-35.1,-1.0,-1.0,RS41,403.500,8.0,625,9,2.7,,0501047402D3CA405300
2026-09-14T12:59:47.005Z,W4214314,9367,46.19278,6.82360,34568.8,3.7,6.3,162.6,-35.1,-1.0,-1.0,RS41,403.500,7.4,625,10,2.6,,0501047302D19A405000
2026-09-14T12:59:48.005Z,W4214314,9368,46.19273,6.82360,34572.4,3.8,6.8,188.8,-35.1,-1.0,-1.0,RS41-SG,403.500,7.7,625,10,2.6,,0501047302CEBA404C00
2026-09-14T12:59:49.005Z,W4214314,9369,46.19267,6.82357,34576.7,4.7,7.5,207.8,-35.1,-1.0,-1.0,RS41-SG,403.500,7.7,625,10,2.6,,0501047302C7DA404E00
2026-09-14T12:59:57.005Z,W4214314,9377,46.19296,6.82299,34611.4,5.0,10.7,9.3,-35.1,-1.0,-1.0,RS41-SG,403.500,7.2,625,10,2.7,,0501047202BF8A404D00
2026-09-14T12:59:58.005Z,W4214314,9378,46.19305,6.82303,34616.5,5.3,9.4,24.2,-35.1,-1.0,-1.0,RS41-SG,403.500,7.9,625,10,2.7,,0501047202C52A404D00
2026-09-14T12:59:59.005Z,W4214314,9379,46.19311,6.82309,34622.2,5.7,7.4,45.3,-35.2,-1.0,-1.0,RS41-SG,403.500,8.1,625,10,2.6,,0501047202C46A404D00
2026-09-14T13:00:02.005Z,W4214314,9382,46.19310,6.82319,34635.4,3.3,3.9,201.3,-35.1,-1.0,-1.0,RS41-SG,403.500,6.7,625,10,2.7,,0501047202C84A405400
2026-09-14T13:00:12.005Z,W4214314,9392,46.19342,6.82255,34675.4,3.7,10.2,35.6,-35.0,-1.0,-1.0,RS41-SG,403.500,7.2,625,10,2.7,,0501047102ADDA404600
2026-09-14T13:00:13.005Z,W4214314,9393,46.19348,6.82265,34679.7,4.5,10.0,57.5,-35.1,-1.0,-1.0,RS41-SG,403.500,8.7,625,10,2.7,,0501047102B2EA404600
2026-09-14T13:00:14.005Z,W4214314,9394,46.19351,6.82276,34684.3,4.9,9.0,78.3,-35.1,0.0,-1.0,RS41-SG,403.500,8.7,625,9,2.6,,0501047102B8BA404C00
2026-09-14T13:00:15.005Z,W4214314,9395,46.19351,6.82286,34689.1,4.7,6.6,101.8,-35.1,0.0,-1.0,RS41-SG,403.500,8.1,625,10,2.6,,0501047102BD5A404A00
2026-09-14T13:00:16.005Z,W4214314,9396,46.19349,6.82292,34693.9,4.6,4.1,133.1,-35.1,0.0,-1.0,RS41-SG,403.500,7.9,625,10,2.7,,0501047002C00A404A00
2026-09-14T13:00:17.005Z,W4214314,9397,46.19347,6.82293,34697.9,3.5,2.2,192.7,-35.1,0.0,-1.0,RS41-SG,403.500,7.7,625,10,2.7,,0501047002BB2A404B00
2026-09-14T13:00:22.005Z,W4214314,9402,46.19359,6.82257,34714.3,3.7,12.1,326.7,-35.1,0.0,-1.0,RS41-SG,403.500,7.9,625,10,2.7,,0501047002BD4A404C00
2026-09-14T13:00:26.005Z,W4214314,9406,46.19395,6.82256,34731.2,4.7,8.5,37.2,-35.2,0.0,-1.0,RS41-SG,403.500,7.6,625,10,2.7,,0501046F02B44A404A00
2026-09-14T13:00:27.005Z,W4214314,9407,46.19399,6.82263,34735.7,4.5,7.5,60.0,-35.2,0.0,-1.0,RS41-SG,403.500,9.1,625,10,2.7,,0501046F02B7AA404B00
2026-09-14T13:00:28.005Z,W4214314,9408,46.19401,6.82272,34740.2,4.6,6.8,87.8,-35.2,0.0,-1.0,RS41-SG,403.500,9.1,625,10,2.7,,0501046F02B7AA404C00
2026-09-14T13:00:29.005Z,W4214314,9409,46.19400,6.82279,34744.8,4.6,6.2,126.0,-35.3,0.0,-1.0,RS41-SG,403.500,9.0,625,9,2.6,,0501046F02B82A404A00
2026-09-14T13:00:30.005Z,W4214314,9410,46.19395,6.82284,34748.9,4.1,5.9,166.9,-35.3,0.0,-1.0,RS41-SG,403.500,7.7,625,9,2.6,,0501046F02B89A404800
2026-09-14T13:00:31.005Z,W4214314,9411,46.19390,6.82283,34753.2,4.3,6.1,204.4,-35.3,0.0,-1.0,RS41-SG,403.500,7.7,625,9,2.7,,0501046F02BC4A404600
2026-09-14T13:00:32.005Z,W4214314,9412,46.19386,6.82278,34757.4,4.0,7.0,234.2,-35.3,0.0,-1.0,RS41-SG,403.500,7.7,625,9,2.7,,0501046F02BD0A404A00
2026-09-14T13:00:36.005Z,W4214314,9416,46.19390,6.82235,34774.5,4.8,10.9,311.2,-35.3,0.0,-1.0,RS41-SG,403.500,7.6,625,9,2.7,,0501046E02B1CA404400
2026-09-14T13:00:37.005Z,W4214314,9417,46.19397,6.82227,34779.4,4.9,10.1,332.3,-35.3,0.0,-1.0,RS41-SG,403.500,8.0,625,9,2.7,,0501046E02B49A404500
2026-09-14T13:00:38.005Z,W4214314,9418,46.19405,6.82223,34784.2,4.7,8.5,356.2,-35.3,0.0,-1.0,RS41-SG,403.500,8.0,625,9,2.7,,0501046E02B8CA404600
2026-09-14T13:00:41.005Z,W4214314,9421,46.19417,6.82237,34795.4,3.0,6.6,88.2,-35.3,0.0,-1.0,RS41-SG,403.500,8.3,625,9,2.7,,0501046D02B77A405100
2026-09-14T13:00:42.005Z,W4214314,9422,46.19416,6.82246,34798.2,2.9,8.2,111.2,-35.4,0.0,-1.0,RS41-SG,403.500,9.5,625,9,2.7,,0501046D02B71A405300
2026-09-14T13:00:43.005Z,W4214314,9423,46.19412,6.82256,34801.7,3.8,9.5,130.0,-35.4,0.0,-1.0,RS41-SG,403.500,9.5,625,9,2.7,,0501046D02B3EA405000
2026-09-14T13:00:44.005Z,W4214314,9424,46.19405,6.82264,34805.6,4.4,10.0,150.3,-35.5,0.0,-1.0,RS41-SG,403.500,8.9,625,9,2.6,,0501046D02ADAA404F00
2026-09-14T13:00:45.005Z,W4214314,9425,46.19397,6.82268,34810.6,5.4,8.7,170.0,-35.4,0.0,-1.0,RS41-SG,403.500,8.1,625,9,2.6,,
2026-09-14T13:00:51.005Z,W4214314,9431,46.19400,6.82247,34835.6,3.6,10.1,349.5,-35.2,0.0,-1.0,RS41-SG,403.500,8.0,625,9,2.7,,0501046D029F7A405200
2026-09-14T13:00:52.005Z,W4214314,9432,46.19409,6.82247,34839.3,4.0,11.0,8.5,-35.3,0.0,-1.0,RS41-SG,403.500,8.5,625,9,2.7,,0501046D02A42A405300
2026-09-14T13:00:54.005Z,W4214314,9434,46.19426,6.82259,34848.4,4.8,9.2,46.5,-35.3,0.0,-1.0,RS41-SG,403.500,8.1,625,9,2.6,,0501046C02B68A404C00
2026-09-14T13:00:55.005Z,W4214314,9435,46.19430,6.82268,34853.5,5.2,7.8,71.0,-35.3,0.0,-1.0,RS41-SG,403.500,8.1,625,9,2.6,,0501046C02B54A404C00
2026-09-14T13:00:56.005Z,W4214314,9436,46.19430,6.82277,34858.6,5.0,7.2,96.5,-35.3,0.0,-1.0,RS41-SG,403.500,8.9,625,9,2.7,,0501046C02B40A404D00
2026-09-14T13:00:57.005Z,W4214314,9437,46.19428,6.82286,34863.2,4.4,7.5,121.8,-35.3,0.0,-1.0,RS41-SG,403.500,8.9,625,9,2.7,,0501046C02B1DA404C00
2026-09-14T13:01:04.005Z,W4214314,9444,46.19405,6.82273,34890.5,3.2,6.6,312.9,-35.2,0.0,-1.0,RS41-SG,403.500,7.3,625,9,2.6,,0501046C02B17A404B00
2026-09-14T13:01:06.005Z,W4214314,9446,46.19418,6.82264,34898.2,4.5,9.2,351.6,-35.2,0.0,-1.0,RS41-SG,403.500,8.1,625,9,2.7,,0501046C02B02A405600
2026-09-14T13:01:07.005Z,W4214314,9447,46.19426,6.82264,34903.1,5.2,8.9,14.4,-35.2,0.0,-1.0,RS41-SG,403.500,8.2,625,9,2.7,,0501046C02B15A405200
2026-09-14T13:01:10.005Z,W4214314,9450,46.19437,6.82283,34919.5,5.1,5.9,99.4,-35.2,0.0,-1.0,RS41-SG,403.500,7.9,625,9,2.6,,0501046B02AF3A405700
2026-09-14T13:01:11.005Z,W4214314,9451,46.19435,6.82290,34924.1,4.1,6.3,128.6,-35.2,0.0,-1.0,RS41-SG,403.500,7.8,625,9,2.7,,0501046B02AD1A405600
2026-09-14T13:01:12.005Z,W4214314,9452,46.19430,6.82296,34927.9,3.6,7.6,148.6,-35.2,0.0,-1.0,RS41-SG,403.500,8.6,625,9,2.7,,0501046B02A90A404C00
2026-09-14T13:01:13.005Z,W4214314,9453,46.19423,6.82300,34931.6,3.8,9.1,163.7,-35.3,0.0,-1.0,RS41-SG,403.500,8.6,625,9,2.7,,0501046B02A6EA405100
2026-09-14T13:01:15.005Z,W4214314,9455,46.19407,6.82301,34939.3,4.7,9.3,194.2,-35.3,0.0,-1.0,RS41-SG,403.500,7.3,625,9,2.6,,0501046B02A74A405400
2026-09-14T13:01:24.005Z,W4214314,9464,46.19412,6.82305,34975.7,5.0,5.3,94.8,-34.8,0.0,-1.0,RS41-SG,403.500,8.2,625,9,2.6,,0501046B02A8DA405300
2026-09-14T13:01:25.005Z,W4214314,9465,46.19410,6.82311,34980.4,4.4,5.1,135.1,-34.7,0.0,-1.0,RS41-SG,403.500,8.4,625,9,2.6,,0501046B02A7EA305200
2026-09-14T13:01:26.005Z,W4214314,9466,46.19406,6.82314,34984.3,3.5,5.5,166.3,-34.6,0.0,-1.0,RS41-SG,403.500,8.4,625,9,2.7,,0501046B02A55A305100
2026-09-14T13:01:27.005Z,W4214314,9467,46.19401,6.82314,34987.7,3.3,7.1,186.7,-34.6,0.0,-1.0,RS41-SG,403.500,8.4,625,9,2.7,,0501046B02A34A405100
2026-09-14T13:01:28.005Z,W4214314,9468,46.19394,6.82312,34991.2,3.7,8.3,200.1,-34.6,0.0,-1.0,RS41-SG,403.500,7.8,625,9,2.7,,0501046B029C8A405300
2026-09-14T13:01:36.005Z,W4214314,9476,46.19385,6.82265,35024.2,4.0,3.5,24.6,-34.2,0.0,-1.0,RS41-SG,403.500,7.8,625,9,2.7,,0501046B029E9A405300
2026-09-14T13:01:37.005Z,W4214314,9477,46.19387,6.82268,35028.3,4.2,3.5,65.7,-34.3,0.0,-1.0,RS41-SG,403.500,8.7,625,9,2.7,,0501046B029EEA405400
2026-09-14T13:01:38.005Z,W4214314,9478,46.19387,6.82273,35032.8,4.4,4.3,111.0,-34.3,0.0,-1.0,RS41-SG,403.500,9.0,625,9,2.7,,0501046B029DDA405500
2026-09-14T13:01:39.005Z,W4214314,9479,46.19384,6.82278,35037.1,4.0,6.3,151.9,-34.3,0.0,-1.0,RS41-SG,403.500,9.0,625,9,2.6,,0501046B0296CA305200
2026-09-14T13:01:40.005Z,W4214314,9480,46.19378,6.82280,35040.7,3.4,8.4,177.8,-34.2,0.0,-1.0,RS41-SG,403.500,8.6,625,9,2.6,,0501046B0299BA305200
2026-09-14T13:01:41.005Z,W4214314,9481,46.19370,6.82278,35044.3,3.8,9.6,195.4,-34.2,0.0,-1.0,RS41-SG,403.500,8.5,625,9,2.7,,0501046B02973A305100
2026-09-14T13:01:42.005Z,W4214314,9482,46.19361,6.82273,35048.1,3.9,10.9,208.4,-34.3,0.0,-1.0,RS41-SG,403.500,8.5,625,9,2.7,,0501046B029C2A405700
2026-09-14T13:01:51.005Z,W4214314,9491,46.19356,6.82218,35084.8,4.4,5.3,40.5,-34.2,0.0,-1.0,RS41-SG,403.500,8.5,625,9,2.7,,0501046B02973A405400
2026-09-14T13:01:52.005Z,W4214314,9492,46.19359,6.82222,35089.5,5.1,4.7,65.0,-34.2,0.0,-1.0,RS41-SG,403.500,8.7,625,9,2.7,,0501046B0296DA405400
2026-09-14T13:01:53.005Z,W4214314,9493,46.19360,6.82228,35095.1,5.6,4.1,101.6,-34.2,0.0,-1.0,RS41-SG,403.500,9.1,625,9,2.7,,0501046B0292FA405300
2026-09-14T13:01:54.005Z,W4214314,9494,46.19357,6.82232,35100.6,5.1,4.7,153.5,-34.2,0.0,-1.0,RS41-SG,403.500,9.1,625,9,2.6,,0501046B028E3A405100
2026-09-14T13:01:55.005Z,W4214314,9495,46.19353,6.82232,35105.0,3.9,6.4,192.6,-34.2,0.0,-1.0,RS41-SG,403.500,7.9,625,9,2.6,,0501046B028B5A404F00
2026-09-14T13:01:56.005Z,W4214314,9496,46.19347,6.82228,35108.7,3.5,8.4,217.0,-34.1,0.0,-1.0,RS41-SG,403.500,8.3,625,9,2.7,,0501046B02856A405400
2026-09-14T13:01:57.005Z,W4214314,9497,46.19341,6.82220,35111.9,3.0,10.4,231.1,-34.1,0.0,-1.0,RS41-SG,403.500,8.8,625,9,2.7,,0501046B0284DA405300
2026-09-14T13:01:58.005Z,W4214314,9498,46.19336,6.82208,35115.1,3.4,11.2,241.8,-34.1,0.0,-1.0,RS41-SG,403.500,8.8,625,9,2.7,,0501046B02817A405100
2026-09-14T13:02:01.005Z,W4214314,9501,46.19329,6.82165,35129.0,5.2,10.7,277.8,-34.1,0.0,-1.0,RS41-SG,403.500,7.0,625,9,2.7,,0501046A02845A404F00
2026-09-14T13:02:05.005Z,W4214314,9505,46.19343,6.82145,35146.0,3.8,3.7,38.9,-34.1,0.0,-1.0,RS41-SG,403.500,7.8,625,9,2.6,,0501046A02877A304E00
2026-09-14T13:02:06.005Z,W4214314,9506,46.19345,6.82149,35149.8,4.1,4.4,65.1,-34.1,0.0,-1.0,RS41-SG,403.500,8.4,625,9,2.7,,0501046A02809A404D00
2026-09-14T13:02:07.005Z,W4214314,9507,46.19346,6.82154,35154.0,4.5,4.7,88.3,-34.1,0.0,-1.0,RS41-SG,403.500,8.4,625,9,2.7,,0501046A027F9A404C00
2026-09-14T13:02:12.005Z,W4214314,9512,46.19330,6.82158,35176.2,2.8,6.6,241.5,-34.1,0.0,-1.0,RS41-SG,403.500,7.2,625,9,2.7,,0501046A027D8A404B00
2026-09-14T13:02:22.005Z,W4214314,9522,46.19334,6.82123,35210.8,3.9,5.9,157.1,-34.2,0.0,-1.0,RS41-SG,403.500,8.1,625,9,2.7,,0501046A02778A405500
2026-09-14T13:02:23.005Z,W4214314,9523,46.19328,6.82125,35214.9,4.5,7.2,170.9,-34.3,0.0,-1.0,RS41-SG,403.500,8.1,625,9,2.7,,0501046A0276DA405300
2026-09-14T13:02:32.005Z,W4214314,9532,46.19307,6.82061,35250.7,4.0,5.2,342.7,-33.9,0.0,-1.0,RS41-SG,403.500,7.5,625,9,2.7,,0501046A0286FA405500
2026-09-14T13:02:33.005Z,W4214314,9533,46.19311,6.82061,35254.8,4.2,4.2,25.3,-34.0,0.0,-1.0,RS41-SG,403.500,7.7,625,9,2.7,,0501046A028B1A305200
2026-09-14T13:02:35.005Z,W4214314,9535,46.19312,6.82070,35263.1,4.1,4.6,120.7,-34.0,0.0,-1.0,RS41-SG,403.500,8.5,625,9,2.6,,0501046A028AFA405000
2026-09-14T13:02:36.005Z,W4214314,9536,46.19309,6.82074,35267.5,4.7,5.6,148.4,-34.0,0.0,-1.0,RS41-SG,403.500,7.9,625,9,2.7,,05010469028ABA404E00
2026-09-14T13:02:37.005Z,W4214314,9537,46.19304,6.82077,35272.1,4.6,6.9,169.5,-34.0,0.0,-1.0,RS41-SG,403.500,8.3,625,9,2.7,,050104690284BA405200
2026-09-14T13:02:38.005Z,W4214314,9538,46.19297,6.82077,35276.7,4.4,8.3,185.9,-34.0,0.0,-1.0,RS41-SG,403.500,8.3,625,9,2.7,,050104690284CA405000
2026-09-14T13:03:03.005Z,W4214314,9563,46.19271,6.81934,35372.0,3.6,1.3,10.1,-33.5,0.0,-1.0,RS41-SG,403.500,7.8,625,9,2.7,,0501046802835A404B00
2026-09-14T13:03:06.005Z,W4214314,9566,46.19264,6.81936,35383.0,3.8,6.1,199.7,-33.4,0.0,-1.0,RS41-SG,403.500,7.7,625,9,2.7,,05010467027B3A405200
2026-09-14T13:03:07.005Z,W4214314,9567,46.19260,6.81931,35386.7,3.8,7.1,223.0,-33.4,0.0,-1.0,RS41-SG,403.500,7.1,625,9,2.7,,05010467027AAA404F00
2026-09-14T13:03:08.005Z,W4214314,9568,46.19255,6.81923,35390.2,3.2,8.4,240.0,-33.4,0.0,-1.0,RS41-SG,403.500,7.6,625,9,2.7,,05010467027B0A404F00
2026-09-14T13:03:17.005Z,W4214314,9577,46.19278,6.81828,35424.8,3.3,2.6,353.1,-33.3,0.0,-1.0,RS41-SG,403.500,7.2,625,9,2.7,,050104660267DA404900
2026-09-14T13:03:33.005Z,W4214314,9593,46.19309,6.81742,35481.3,2.5,1.9,293.2,-33.1,0.0,-1.0,RS41-SG,403.500,7.1,625,9,2.7,,0501046402710A404F00
2026-09-14T13:03:42.005Z,W4214314,9602,46.19301,6.81686,35512.5,2.4,8.2,322.2,-33.0,0.0,-1.0,RS41-SG,403.500,8.1,625,9,2.6,,05010463026CDA404700
2026-09-14T13:03:43.005Z,W4214314,9603,46.19308,6.81681,35515.1,2.8,8.5,340.8,-33.1,0.0,-1.0,RS41-SG,403.500,8.5,625,9,2.6,,05010463026CBA405300
2026-09-14T13:03:47.005Z,W4214314,9607,46.19327,6.81686,35529.1,4.1,2.2,57.3,-33.3,0.0,-1.0,RS41-SG,403.500,7.2,625,9,2.6,,0501046302790A405200
2026-09-14T13:03:48.005Z,W4214314,9608,46.19327,6.81688,35532.9,3.6,1.2,126.5,-33.3,0.0,-1.0,RS41-SG,403.500,7.8,625,9,2.6,,0501046202758A404A00
2026-09-14T13:03:58.005Z,W4214314,9618,46.19344,6.81632,35567.1,3.8,9.0,358.7,-33.4,0.0,-1.0,RS41-SG,403.500,7.4,625,9,2.6,,050104610283CA404800
2026-09-14T13:03:59.005Z,W4214314,9619,46.19351,6.81634,35570.8,3.8,8.2,19.5,-33.5,0.0,-1.0,RS41-SG,403.500,8.4,625,9,2.7,,05010461027FDA404600
2026-09-14T13:04:13.005Z,W4214314,9633,46.19361,6.81628,35615.6,2.5,8.8,28.6,-33.6,0.0,-1.0,RS41-SG,403.500,8.2,625,9,2.7,,0501045F0274CA404B00
2026-09-14T13:04:15.005Z,W4214314,9635,46.19373,6.81643,35621.7,3.7,8.2,53.7,-33.7,0.0,-1.0,RS41-SG,403.500,8.4,625,9,2.6,,0501045F02789A305200
2026-09-14T13:04:16.005Z,W4214314,9636,46.19377,6.81651,35625.4,3.8,6.0,60.0,-33.8,0.0,-1.0,RS41-SG,403.500,8.4,625,9,2.6,,0501045E02774A304E00
2026-09-14T13:04:17.005Z,W4214314,9637,46.19379,6.81656,35628.8,3.4,3.9,52.1,-33.7,0.0,-1.0,RS41-SG,403.500,7.7,625,9,2.7,,0501045E0278EA404900
2026-09-14T13:04:18.005Z,W4214314,9638,46.19381,6.81659,35632.1,3.1,1.8,35.3,-33.7,0.0,-1.0,RS41-SG,403.500,7.7,625,9,2.7,,0501045E02773A404A00
2026-09-14T13:04:19.005Z,W4214314,9639,46.19382,6.81659,35635.2,2.7,1.5,298.6,-33.7,0.0,-1.0,RS41-SG,403.500,7.7,625,9,2.7,,0501045E0275DA404300
2026-09-14T13:04:28.005Z,W4214314,9648,46.19416,6.81617,35662.6,2.9,6.9,35.6,-33.7,0.0,-1.0,RS41-SG,403.500,7.8,625,9,2.7,,0501045D026A0A405400
2026-09-14T13:04:33.005Z,W4214314,9653,46.19419,6.81640,35679.3,3.4,2.3,212.6,-33.8,0.0,-1.0,RS41-SG,403.500,7.2,625,9,2.7,,0501045C026E4A404B00
2026-09-14T13:04:42.005Z,W4214314,9662,46.19454,6.81579,35710.4,3.0,9.8,358.6,-33.9,0.0,-1.0,RS41-SG,403.500,7.4,625,9,2.7,,0501045A0262BA405200
2026-09-14T13:04:43.005Z,W4214314,9663,46.19463,6.81580,35713.7,3.4,9.1,11.8,-33.9,0.0,-1.0,RS41-SG,403.500,7.4,625,9,2.6,,0501045A02626A304C00
2026-09-14T13:05:52.005Z,W4214314,9732,46.19668,6.81648,35942.8,3.7,3.9,1.6,-30.8,0.0,-1.0,RS41-SG,403.500,6.8,625,10,2.6,,0501045002416A405200
2026-09-14T13:06:12.005Z,W4214314,9752,46.19693,6.81658,36014.7,3.7,2.6,43.2,-30.8,0.0,-1.0,RS41-SG,403.500,6.8,625,10,2.7,,0501044D023C1A404600
2026-09-14T13:06:31.005Z,W4214314,9771,46.19717,6.81616,36082.9,3.4,5.4,267.2,-30.8,0.0,-1.0,RS41-SG,403.500,6.8,625,10,2.7,,0501044B022BEA405800
2026-09-14T13:06:36.005Z,W4214314,9776,46.19727,6.81584,36102.6,4.1,5.8,323.7,-30.8,0.0,-1.0,RS41-SG,403.500,7.6,625,10,2.6,,0501044A01413A404A00
2026-09-14T13:06:50.005Z,W4214314,9790,46.19772,6.81549,36152.1,3.7,6.4,326.8,-30.8,0.0,-1.0,RS41-SG,403.500,7.3,625,10,2.7,,0501044801036A305400
2026-09-14T13:06:51.005Z,W4214314,9791,46.19777,6.81546,36155.6,3.3,5.8,345.9,-30.8,0.0,-1.0,RS41-SG,403.500,7.7,625,10,2.7,,0501044800E79A305500
2026-09-14T13:06:54.005Z,W4214314,9794,46.19789,6.81549,36165.1,3.6,3.7,31.7,-30.9,0.0,-1.0,RS41-SG,403.500,7.3,625,10,2.6,,0501044800B55A304E00
2026-09-14T13:07:10.005Z,W4214314,9810,46.19842,6.81513,35881.1,-47.2,8.3,42.7,-30.6,0.0,-1.0,RS41-SG,403.500,7.5,625,10,2.7,,050104480096EA305300
2026-09-14T13:07:17.005Z,W4214314,9817,46.19868,6.81492,35510.1,-58.9,5.9,5.3,-32.6,0.0,-1.0,RS41-SG,403.500,8.5,625,10,2.7,,0501044900D94A304F00
2026-09-14T13:07:18.005Z,W4214314,9818,46.19873,6.81494,35451.5,-58.4,6.3,23.6,-32.4,0.0,-1.0,RS41-SG,403.500,8.8,625,10,2.7,,050104490106BA305500
2026-09-14T13:07:19.005Z,W4214314,9819,46.19877,6.81496,35395.3,-52.8,3.7,21.2,-32.4,0.0,-1.0,RS41-SG,403.500,8.8,625,10,2.7,,0501044901339A405500
2026-09-14T13:07:20.005Z,W4214314,9820,46.19880,6.81496,35341.9,-54.1,3.4,333.8,-32.5,0.0,-1.0,RS41-SG,403.500,8.9,625,10,2.6,,0501044901260A405500
2026-09-14T13:07:21.005Z,W4214314,9821,46.19882,6.81493,35287.7,-54.5,4.2,297.9,-32.7,0.0,-1.0,RS41-SG,403.500,9.6,625,10,2.6,,05010449010A9A304C00
2026-09-14T13:07:22.005Z,W4214314,9822,46.19883,6.81486,35232.9,-54.6,6.7,272.6,-32.9,0.0,-1.0,RS41-SG,403.500,9.6,625,10,2.7,,0501W37409420000006EI
2026-09-14T13:07:26.005Z,W4214314,9826,46.19883,6.81451,35027.1,-53.1,3.2,300.3,-33.5,0.0,-1.0,RS41-SG,403.500,9.3,625,10,2.6,,0501044A015A0A305300
2026-09-14T13:07:27.005Z,W4214314,9827,46.19885,6.81450,34974.2,-52.5,2.4,41.1,-33.8,0.0,-1.0,RS41-SG,403.500,9.9,625,10,2.6,,0501044A01532A305500
2026-09-14T13:07:28.005Z,W4214314,9828,46.19886,6.81453,34922.4,-50.8,3.3,81.8,-34.1,0.0,-1.0,RS41-SG,403.500,9.9,625,10,2.6,,0501044A014DDA405500
2026-09-14T13:07:29.005Z,W4214314,9829,46.19886,6.81456,34871.2,-51.5,1.6,77.3,-34.4,0.0,-1.0,RS41-SG,403.500,8.8,625,10,2.7,,0501044A01467A405100
2026-09-14T13:07:30.005Z,W4214314,9830,46.19887,6.81456,34820.5,-50.0,1.5,317.2,-34.6,0.0,-1.0,RS41-SG,403.500,8.7,625,10,2.7,,0501044A014C8A404900
2026-09-14T13:07:32.005Z,W4214314,9832,46.19889,6.81449,34718.2,-51.6,4.7,290.8,-34.6,0.0,-1.0,RS41-SG,403.500,7.4,625,10,2.7,,0501044B015F8A404C00
2026-09-14T13:07:35.005Z,W4214314,9835,46.19900,6.81436,34559.0,-55.4,4.8,339.7,-34.3,0.0,-1.0,RS41-SG,403.500,7.4,625,10,2.7,,0501044B0139DA305B00
2026-09-14T13:07:48.005Z,W4214314,9848,46.19902,6.81440,33911.9,-44.6,3.0,133.2,-36.4,0.0,-1.0,RS41-SG,403.500,7.7,625,10,2.7,,0501044C01687A304F00
2026-09-14T13:07:57.005Z,W4214314,9857,46.19878,6.81472,33507.9,-40.2,6.6,65.8,-37.8,0.0,-1.0,RS41-SG,403.500,6.9,625,10,2.6,,0501044D01687A305500
2026-09-14T13:07:59.005Z,W4214314,9859,46.19882,6.81482,33424.2,-43.4,2.3,75.2,-37.9,0.0,-1.0,RS41-SG,403.500,7.3,625,10,2.7,,0501044D016A0A305100
2026-09-14T13:08:06.005Z,W4214314,9866,46.19866,6.81489,33111.5,-48.7,5.8,109.3,-38.7,0.0,-1.0,RS41-SG,403.500,7.8,625,10,2.7,,0501044E017BCA305800
2026-09-14T13:08:08.005Z,W4214314,9868,46.19866,6.81506,33015.7,-48.6,7.5,82.9,-38.8,0.0,-1.0,RS41-SG,403.500,8.9,625,10,2.6,,0501044E01857A304D00
2026-09-14T13:08:09.005Z,W4214314,9869,46.19868,6.81516,32967.0,-49.0,7.5,73.3,-38.9,0.0,-1.0,RS41-SG,403.500,8.9,625,10,2.6,,0501044E01869A304F00
2026-09-14T13:08:10.005Z,W4214314,9870,46.19869,6.81524,32918.8,-47.5,6.1,81.1,-39.1,0.0,-1.0,RS41-SG,403.500,8.5,625,10,2.6,,0501044E0189BA304B00
2026-09-14T13:08:11.005Z,W4214314,9871,46.19870,6.81530,32873.1,-43.9,3.9,72.1,-39.3,0.0,-1.0,RS41-SG,403.500,8.5,625,10,2.7,,0501044E018C2A305400
2026-09-14T13:08:13.005Z,W4214314,9873,46.19872,6.81539,32782.4,-46.0,2.3,44.0,-39.5,0.0,-1.0,RS41-SG,403.500,8.3,625,10,2.7,,0501044E018A4A304E00
2026-09-14T13:08:15.005Z,W4214314,9875,46.19879,6.81541,32695.4,-40.1,4.3,355.7,-39.7,0.0,-1.0,RS41-SG,403.500,8.8,625,10,2.7,,0501044E01901A305300
2026-09-14T13:08:16.005Z,W4214314,9876,46.19882,6.81540,32655.7,-39.4,4.1,350.0,-39.7,0.0,-1.0,RS41-SG,403.500,8.8,625,10,2.6,,0501044E01947A305400
2026-09-14T13:08:17.005Z,W4214314,9877,46.19885,6.81539,32616.4,-39.4,2.5,315.7,-39.8,0.0,-1.0,RS41-SG,403.500,7.7,625,10,2.6,,0501044E01964A305400
2026-09-14T13:08:19.005Z,W4214314,9879,46.19885,6.81532,32539.9,-38.0,3.0,241.7,-39.8,0.0,-1.0,RS41-SG,403.500,7.7,625,10,2.7,,0501044E01994A405200
2026-09-14T13:09:07.005Z,W4214314,9927,46.19788,6.81607,30734.0,-36.2,7.1,112.9,-43.8,0.0,-1.0,RS41-SG,403.500,7.2,625,10,2.6,,0501044E02B05A304C00
2026-09-14T13:09:35.005Z,W4214314,9955,46.19819,6.81710,29806.1,-30.9,2.5,27.4,-44.2,0.1,-1.0,RS41-SG,403.500,7.1,625,10,2.7,,0501044D02E25A305100
2026-09-14T13:09:38.005Z,W4214314,9958,46.19825,6.81708,29715.2,-29.4,3.4,307.1,-44.6,0.1,-1.0,RS41-SG,403.500,7.7,625,10,2.6,,0501044D02F76A305000
2026-09-14T13:10:27.005Z,W4214314,10007,46.19672,6.81782,28181.4,-28.7,7.4,141.5,-47.1,0.1,-1.0,RS41-SG,403.500,7.3,625,10,2.6,,0501044B03CC3A305200
2026-09-14T13:10:33.005Z,W4214314,10013,46.19651,6.81814,28007.5,-31.9,5.1,100.8,-47.6,0.1,-1.0,RS41-SG,403.500,8.4,625,10,2.6,,0501044B03E69A405300
2026-09-14T13:10:34.005Z,W4214314,10014,46.19650,6.81819,27976.4,-30.2,3.2,112.6,-47.8,0.2,-1.0,RS41-SG,403.500,8.4,625,10,2.6,,0501044C03FBDA405400
2026-09-14T13:10:35.005Z,W4214314,10015,46.19649,6.81822,27947.4,-27.8,2.1,162.3,-47.8,0.2,-1.0,RS41-SG,403.500,8.2,625,10,2.7,,0501044C040B3A405300
2026-09-14T13:10:36.005Z,W4214314,10016,46.19647,6.81822,27919.2,-28.2,3.3,178.2,-47.7,0.2,-1.0,RS41-SG,403.500,8.1,625,10,2.7,,0501044C04185A404C00
2026-09-14T13:10:39.005Z,W4214314,10019,46.19639,6.81822,27838.2,-25.9,1.9,176.1,-48.1,0.2,-1.0,RS41-SG,403.500,8.8,625,10,2.6,,0501044B04549A305500
2026-09-14T13:10:42.005Z,W4214314,10022,46.19638,6.81828,27759.0,-26.1,2.9,71.7,-48.2,0.2,-1.0,RS41-SG,403.500,7.8,625,10,2.7,,0501044B045CCA404800
2026-09-14T13:10:43.005Z,W4214314,10023,46.19639,6.81832,27732.0,-27.8,3.3,74.2,-48.2,0.2,-1.0,RS41-SG,403.500,7.8,625,10,2.7,,0501044B045D0A404800
2026-09-14T13:10:44.005Z,W4214314,10024,46.19640,6.81836,27704.0,-28.1,3.9,77.3,-48.3,0.2,-1.0,RS41-SG,403.500,7.7,625,10,2.6,,0501044B04642A404700
2026-09-14T13:10:45.005Z,W4214314,10025,46.19640,6.81840,27675.9,-28.0,2.2,84.9,-48.2,0.2,-1.0,RS41-SG,403.500,7.7,625,10,2.6,,0501044B045BFA405200
2026-09-14T13:10:48.005Z,W4214314,10028,46.19639,6.81841,27593.2,-27.0,2.5,228.8,-48.2,0.2,-1.0,RS41-SG,403.500,8.2,625,10,2.7,,0501044B0469DA404700
2026-09-14T13:10:49.005Z,W4214314,10029,46.19638,6.81839,27567.0,-24.9,2.3,256.2,-48.1,0.2,-1.0,RS41-SG,403.500,8.2,625,10,2.6,,0501044B046EFA404500
2026-09-14T13:10:54.005Z,W4214314,10034,46.19649,6.81831,27438.1,-27.5,4.4,2.7,-48.0,0.2,-1.0,RS41-SG,403.500,7.7,625,10,2.7,,0501044B04785A304800
2026-09-14T13:10:55.005Z,W4214314,10035,46.19653,6.81831,27410.7,-27.3,4.1,353.4,-47.8,0.2,-1.0,RS41-SG,403.500,7.7,625,10,2.6,,0501044B047D9A304900
2026-09-14T13:10:56.005Z,W4214314,10036,46.19656,6.81829,27383.5,-27.2,2.9,330.8,-47.6,0.2,-1.0,RS41-SG,403.500,7.0,625,10,2.6,,0501044B04816A304C00
2026-09-14T13:10:57.005Z,W4214314,10037,46.19658,6.81827,27357.0,-25.5,3.2,303.9,-47.6,0.2,-1.0,RS41-SG,403.500,8.1,625,10,2.6,,0501044A048E1A304C00
2026-09-14T13:10:58.005Z,W4214314,10038,46.19659,6.81823,27329.4,-29.7,3.1,286.6,-47.5,0.2,-1.0,RS41-SG,403.500,8.1,625,10,2.7,,0501044A048A1A304B00
2026-09-14T13:10:59.005Z,W4214314,10039,46.19660,6.81819,27300.8,-27.3,3.7,263.7,-47.2,0.2,-1.0,RS41-SG,403.500,8.5,625,10,2.7,,0501044A048B7A304B00
2026-09-14T13:11:00.005Z,W4214314,10040,46.19659,6.81814,27273.2,-27.7,4.3,246.4,-47.1,0.2,-1.0,RS41-SG,403.500,8.5,625,10,2.7,,0501044A049E4A304A00
2026-09-14T13:11:01.005Z,W4214314,10041,46.19657,6.81809,27245.8,-26.8,3.9,232.3,-47.0,0.2,-1.0,RS41-SG,403.500,7.9,625,10,2.7,,0501044A04A44A404700
2026-09-14T13:11:02.005Z,W4214314,10042,46.19655,6.81805,27218.5,-27.6,4.1,230.9,-47.0,0.2,-1.0,RS41-SG,403.500,7.8,625,10,2.6,,0501044A04B80A304600
2026-09-14T13:11:03.005Z,W4214314,10043,46.19653,6.81802,27192.1,-25.1,2.4,235.0,-47.1,0.2,-1.0,RS41-SG,403.500,7.8,625,10,2.6,,0501044A04C0FA304500
2026-09-14T13:11:04.005Z,W4214314,10044,46.19652,6.81800,27166.3,-26.8,2.6,228.5,-47.3,0.2,-1.0,RS41-SG,403.500,7.8,625,10,2.7,,0501044A04C60A304100
2026-09-14T13:12:27.005Z,W4214314,10127,46.19633,6.81251,24987.2,-27.4,4.1,10.2,-51.7,0.4,-1.0,RS41-SG,403.500,7.4,625,10,2.6,,050104430674CA304900
2026-09-14T13:13:14.005Z,W4214314,10174,46.19583,6.80922,23894.9,-23.0,4.8,180.2,-53.4,0.5,-1.0,RS41-SG,403.500,6.9,625,10,2.7,,0501043E0719CA304D00
2026-09-14T13:14:56.005Z,W4214314,10276,46.19158,6.80467,21529.0,-25.7,8.4,192.8,-56.6,0.7,-1.0,RS41-SG,403.500,7.9,625,10,2.6,,0501043007BA7A305800
2026-09-14T13:15:06.005Z,W4214314,10286,46.19118,6.80453,21275.0,-25.8,2.6,259.2,-56.6,0.8,-1.0,RS41-SG,403.500,7.8,625,10,2.6,,0501042E08032A305200
2026-09-14T13:15:12.005Z,W4214314,10292,46.19110,6.80437,21114.8,-27.0,3.1,209.8,-56.0,0.8,-1.0,RS41-SG,403.500,7.4,625,9,2.7,,0501042C07CB8A305200
2026-09-14T13:15:28.005Z,W4214314,10308,46.19060,6.80363,20683.8,-24.4,5.9,234.6,-57.4,0.9,-1.0,RS41-SG,403.500,7.5,625,10,2.6,,05010429079C2A304F00
2026-09-14T13:15:29.005Z,W4214314,10309,46.19058,6.80355,20659.4,-24.5,6.9,253.4,-57.1,0.8,-1.0,RS41-SG,403.500,7.8,625,10,2.6,,0501042907AF7A304F00
2026-09-14T13:15:39.005Z,W4214314,10319,46.19022,6.80269,20422.9,-26.0,8.8,225.3,-56.8,0.9,-1.0,RS41-SG,403.500,7.3,625,10,2.6,,05010426078D7A304F00
2026-09-14T13:15:41.005Z,W4214314,10321,46.19011,6.80253,20371.6,-26.5,8.9,220.7,-56.8,0.8,-1.0,RS41-SG,403.500,8.0,625,10,2.6,,0501042607AA4A305900
