timestamp,serial,frame,lat,lon,alt,vel_v,vel_h,heading,temp,humidity,pressure,type,freq_mhz,snr,f_error_hz,sats,batt_v,burst_timer,aux_data
2026-08-25T12:39:08.999Z,W4214307,8942,46.96101,7.51589,30712.8,5.5,4.7,4.3,-273.0,-1.0,-1.0,RS41,404.500,6.8,250,9,2.6,,
2026-08-25T12:39:14.999Z,W4214307,8948,46.96142,7.51581,30746.7,6.5,7.4,347.0,-273.0,-1.0,-1.0,RS41,404.500,7.4,250,9,2.6,,
2026-08-25T12:39:15.999Z,W4214307,8949,46.96148,7.51579,30752.9,5.9,5.6,346.4,-273.0,-1.0,-1.0,RS41,404.500,8.2,250,9,2.6,,
2026-08-25T12:39:16.999Z,W4214307,8950,46.96152,7.51578,30758.1,4.6,4.2,340.7,-273.0,-1.0,-1.0,RS41,404.500,8.2,250,9,2.7,,
2026-08-25T12:39:17.999Z,W4214307,8951,46.96155,7.51576,30762.6,4.6,3.5,324.6,-273.0,-1.0,-1.0,RS41,404.500,7.7,250,9,2.7,,
2026-08-25T12:39:18.999Z,W4214307,8952,46.96158,7.51572,30767.5,5.0,3.9,307.0,-273.0,-1.0,-1.0,RS41,404.500,8.0,250,9,2.7,,
2026-08-25T12:39:19.999Z,W4214307,8953,46.96160,7.51567,30772.8,5.7,5.3,302.1,-273.0,-1.0,-1.0,RS41,404.500,8.0,250,9,2.6,,
2026-08-25T12:39:25.999Z,W4214307,8959,46.96190,7.51542,30806.2,5.1,7.0,20.7,-273.0,-1.0,-1.0,RS41,404.500,7.8,250,9,2.6,,
2026-08-25T12:39:26.999Z,W4214307,8960,46.96195,7.51546,30811.0,4.3,7.5,32.4,-273.0,-1.0,-1.0,RS41-SG,404.500,8.5,250,9,2.7,,
2026-08-25T12:39:27.999Z,W4214307,8961,46.96201,7.51552,30816.1,5.9,7.5,35.8,-273.0,-1.0,-1.0,RS41-SG,404.500,8.5,250,9,2.7,,
2026-08-25T12:39:28.999Z,W4214307,8962,46.96206,7.51557,30822.9,7.5,7.0,25.6,-273.0,-1.0,-1.0,RS41-SG,404.500,8.2,250,9,2.6,,
2026-08-25T12:39:32.999Z,W4214307,8966,46.96231,7.51552,30844.6,5.1,8.0,329.0,-273.0,-1.0,-1.0,RS41-SG,404.500,7.4,250,9,2.6,,
2026-08-25T12:39:34.999Z,W4214307,8968,46.96242,7.51541,30856.2,5.3,6.8,324.3,-273.0,-1.0,-1.0,RS41-SG,404.500,8.2,250,9,2.7,,
2026-08-25T12:39:35.999Z,W4214307,8969,46.96247,7.51536,30861.5,5.2,6.4,329.7,-273.0,-1.0,-1.0,RS41-SG,404.500,8.2,250,9,2.7,,
2026-08-25T12:39:37.999Z,W4214307,8971,46.96258,7.51529,30873.1,6.6,7.8,342.8,-273.0,-1.0,-1.0,RS41-SG,404.500,6.8,250,9,2.6,,
2026-08-25T12:39:39.999Z,W4214307,8973,46.96273,7.51524,30884.6,5.0,8.5,348.3,-273.0,-1.0,-1.0,RS41-SG,404.500,7.1,250,9,2.7,,
2026-08-25T12:39:40.999Z,W4214307,8974,46.96280,7.51522,30890.1,5.9,8.1,354.0,-273.0,-1.0,-1.0,RS41-SG,404.500,7.9,250,9,2.6,,
2026-08-25T12:39:43.999Z,W4214307,8977,46.96298,7.51524,30907.3,5.0,5.8,12.8,-273.0,-1.0,-1.0,RS41-SG,404.500,7.8,250,9,2.7,,
2026-08-25T12:39:44.999Z,W4214307,8978,46.96303,7.51525,30913.1,6.6,5.6,3.3,-273.0,-1.0,-1.0,RS41-SG,404.500,7.6,250,9,2.6,,
2026-08-25T12:39:45.999Z,W4214307,8979,46.96309,7.51525,30920.1,7.2,6.3,346.8,-273.0,-1.0,-1.0,RS41-SG,404.500,7.4,250,9,2.6,,
2026-08-25T12:39:46.999Z,W4214307,8980,46.96314,7.51522,30926.3,5.2,7.5,337.4,-273.0,-1.0,-1.0,RS41-SG,404.500,7.4,625,9,2.7,,
2026-08-25T12:39:48.999Z,W4214307,8982,46.96328,7.51512,30935.9,5.3,9.2,333.3,-273.0,-1.0,-1.0,RS41-SG,404.500,7.5,250,9,2.6,,
2026-08-25T12:39:50.999Z,W4214307,8984,46.96343,7.51504,30948.6,6.7,8.2,348.1,-273.0,-1.0,-1.0,RS41-SG,404.500,7.2,250,9,2.6,,
2026-08-25T12:39:51.999Z,W4214307,8985,46.96350,7.51502,30954.7,5.4,8.0,355.3,-273.0,-1.0,-1.0,RS41-SG,404.500,7.2,250,9,2.7,,
2026-08-25T12:39:52.999Z,W4214307,8986,46.96357,7.51502,30960.2,5.6,8.3,1.0,-273.0,-1.0,-1.0,RS41-SG,404.500,7.9,250,9,2.7,,
2026-08-25T12:39:53.999Z,W4214307,8987,46.96365,7.51502,30966.3,6.6,8.9,0.2,-273.0,-1.0,-1.0,RS41-SG,404.500,7.9,250,9,2.7,,
2026-08-25T12:39:57.999Z,W4214307,8991,46.96399,7.51498,30990.3,6.4,9.2,353.8,-273.0,-1.0,-1.0,RS41-SG,404.500,7.4,625,9,2.7,,
2026-08-25T12:39:58.999Z,W4214307,8992,46.96407,7.51497,30996.9,6.6,8.0,358.1,-273.0,-1.0,-1.0,RS41-SG,404.500,8.3,250,9,2.7,,
2026-08-25T12:39:59.999Z,W4214307,8993,46.96414,7.51497,31003.0,5.4,7.1,2.2,-273.0,-1.0,-1.0,RS41-SG,404.500,8.4,250,9,2.7,,
2026-08-25T12:40:00.999Z,W4214307,8994,46.96420,7.51497,31008.6,5.7,6.7,2.2,-273.0,-1.0,-1.0,RS41-SG,404.500,8.4,250,9,2.6,,
2026-08-25T12:40:05.999Z,W4214307,8999,46.96457,7.51486,31038.4,5.8,10.1,346.9,-273.0,-1.0,-1.0,RS41-SG,404.500,7.1,250,9,2.7,,
2026-08-25T12:40:06.999Z,W4214307,9000,46.96465,7.51484,31044.7,6.7,9.6,353.8,-273.0,-1.0,-1.0,RS41-SG,404.500,7.8,250,9,2.6,,
2026-08-25T12:40:20.999Z,W4214307,9014,46.96546,7.51485,31130.4,5.6,7.2,3.7,-273.0,-1.0,-1.0,RS41-SG,404.500,8.3,250,9,2.6,,
2026-08-25T12:40:21.999Z,W4214307,9015,46.96552,7.51486,31135.8,5.2,8.2,8.1,-273.0,-1.0,-1.0,RS41-SG,404.500,8.3,250,9,2.7,,
2026-08-25T12:40:24.999Z,W4214307,9018,46.96574,7.51498,31154.6,5.7,8.2,33.1,-273.0,-1.0,-1.0,RS41-SG,404.500,8.7,250,9,2.6,,
2026-08-25T12:40:25.999Z,W4214307,9019,46.96579,7.51504,31160.2,5.5,7.5,37.1,-273.0,-1.0,-1.0,RS41-SG,404.500,8.7,250,9,2.6,,
2026-08-25T12:40:26.999Z,W4214307,9020,46.96584,7.51509,31166.0,6.2,6.5,33.8,-273.0,-1.0,-1.0,RS41-SG,404.500,8.3,250,9,2.6,,
2026-08-25T12:40:27.999Z,W4214307,9021,46.96589,7.51513,31172.5,6.7,5.6,19.8,-273.0,-1.0,-1.0,RS41-SG,404.500,9.1,250,9,2.7,,
2026-08-25T12:40:28.999Z,W4214307,9022,46.96594,7.51514,31179.3,6.9,5.3,0.2,-273.0,-1.0,-1.0,RS41-SG,404.500,9.1,250,9,2.7,,
2026-08-25T12:40:29.999Z,W4214307,9023,46.96598,7.51513,31185.4,5.4,5.4,347.8,-273.0,-1.0,-1.0,RS41-SG,404.500,8.9,250,9,2.7,,
2026-08-25T12:40:34.999Z,W4214307,9028,46.96612,7.51516,31215.9,5.0,3.9,79.9,-273.0,-1.0,-1.0,RS41-SG,404.500,8.1,250,9,2.7,,
2026-08-25T12:40:35.999Z,W4214307,9029,46.96612,7.51521,31221.2,5.5,4.8,75.9,-273.0,-1.0,-1.0,RS41-SG,404.500,8.1,250,9,2.7,,
2026-08-25T12:40:36.999Z,W4214307,9030,46.96614,7.51528,31227.5,7.0,5.5,58.8,-273.0,-1.0,-1.0,RS41-SG,404.500,7.5,250,9,2.6,,
2026-08-25T12:40:38.999Z,W4214307,9032,46.96623,7.51538,31241.1,5.6,7.1,24.5,-273.0,-1.0,-1.0,RS41-SG,404.500,6.9,250,9,2.6,,
2026-08-25T12:40:39.999Z,W4214307,9033,46.96629,7.51541,31246.6,5.3,7.8,15.9,-273.0,-1.0,-1.0,RS41-SG,404.500,6.9,250,9,2.7,,
2026-08-25T12:40:40.999Z,W4214307,9034,46.96636,7.51543,31252.4,6.4,7.8,12.1,-40.5,-1.0,-1.0,RS41-SG,404.500,7.7,250,9,2.7,,
2026-08-25T12:40:41.999Z,W4214307,9035,46.96642,7.51545,31259.3,7.5,6.7,14.2,-40.6,-1.0,-1.0,RS41-SG,404.500,8.6,250,9,2.7,,
2026-08-25T12:40:42.999Z,W4214307,9036,46.96647,7.51548,31266.6,6.9,5.3,21.1,-40.5,-1.0,-1.0,RS41-SG,404.500,8.6,250,9,2.6,,
2026-08-25T12:40:43.999Z,W4214307,9037,46.96651,7.51550,31272.7,5.5,4.2,31.1,-40.5,-1.0,-1.0,RS41-SG,404.500,7.4,250,9,2.6,,
2026-08-25T12:40:44.999Z,W4214307,9038,46.96654,7.51553,31278.3,5.6,3.4,41.4,-40.4,-1.0,-1.0,RS41-SG,404.500,6.9,250,9,2.6,,
2026-08-25T12:40:45.999Z,W4214307,9039,46.96656,7.51556,31284.6,6.8,3.0,40.0,-40.4,-1.0,-1.0,RS41-SG,404.500,8.7,250,9,2.7,,
2026-08-25T12:40:46.999Z,W4214307,9040,46.96658,7.51558,31291.8,7.5,3.1,24.1,-40.5,-1.0,-1.0,RS41-SG,404.500,8.7,250,9,2.7,,
2026-08-25T12:40:47.999Z,W4214307,9041,46.96661,7.51560,31298.4,5.8,3.4,15.3,-40.5,-1.0,-1.0,RS41-SG,404.500,8.5,250,9,2.7,,
2026-08-25T12:40:48.999Z,W4214307,9042,46.96664,7.51561,31304.1,5.6,3.8,15.4,-40.5,-1.0,-1.0,RS41-SG,404.500,7.0,250,9,2.6,,
2026-08-25T12:40:49.999Z,W4214307,9043,46.96667,7.51563,31310.2,6.3,4.1,26.1,-40.4,-1.0,-1.0,RS41-SG,404.500,7.6,250,9,2.6,,
2026-08-25T12:40:50.999Z,W4214307,9044,46.96670,7.51566,31316.9,7.0,4.4,42.8,-40.4,-1.0,-1.0,RS41-SG,404.500,7.8,250,9,2.6,,
2026-08-25T12:40:51.999Z,W4214307,9045,46.96673,7.51570,31323.6,6.6,4.9,54.0,-40.5,-1.0,-1.0,RS41-SG,404.500,7.8,250,9,2.7,,
2026-08-25T12:40:52.999Z,W4214307,9046,46.96676,7.51576,31329.8,5.9,5.1,56.1,-40.5,-1.0,-1.0,RS41-SG,404.500,7.6,250,9,2.7,,
2026-08-25T12:40:53.999Z,W4214307,9047,46.96679,7.51581,31336.0,6.3,5.0,49.2,-40.4,0.0,-1.0,RS41-SG,404.500,8.5,250,9,2.7,,
2026-08-25T12:40:54.999Z,W4214307,9048,46.96682,7.51585,31342.8,7.2,5.1,29.3,-40.3,0.0,-1.0,RS41-SG,404.500,8.5,250,9,2.6,,
2026-08-25T12:40:55.999Z,W4214307,9049,46.96687,7.51587,31350.1,7.3,5.8,9.0,-40.5,0.0,-1.0,RS41-SG,404.500,8.3,250,9,2.6,,
2026-08-25T12:40:56.999Z,W4214307,9050,46.96692,7.51588,31356.7,5.9,6.7,357.3,-40.4,0.0,-1.0,RS41-SG,404.500,7.9,250,9,2.6,,
2026-08-25T12:40:58.999Z,W4214307,9052,46.96704,7.51585,31368.5,6.4,6.4,351.8,-40.3,0.0,-1.0,RS41-SG,404.500,7.0,250,9,2.7,,
2026-08-25T12:40:59.999Z,W4214307,9053,46.96709,7.51585,31375.5,7.7,4.8,359.8,-40.4,0.0,-1.0,RS41-SG,404.500,7.1,250,9,2.7,,
2026-08-25T12:41:01.999Z,W4214307,9055,46.96715,7.51588,31389.2,5.4,2.9,48.2,-40.2,0.0,-1.0,RS41-SG,404.500,7.4,250,9,2.6,,
2026-08-25T12:41:02.999Z,W4214307,9056,46.96716,7.51591,31395.1,6.2,3.0,65.8,-40.2,0.0,-1.0,RS41-SG,404.500,7.8,250,9,2.6,,
2026-08-25T12:41:03.999Z,W4214307,9057,46.96718,7.51595,31402.1,7.9,3.2,59.1,-40.3,0.0,-1.0,RS41-SG,404.500,7.8,250,9,2.7,,
2026-08-25T12:41:04.999Z,W4214307,9058,46.96720,7.51598,31409.9,7.8,3.6,36.8,-40.3,0.0,-1.0,RS41-SG,404.500,7.1,250,9,2.7,,
2026-08-25T12:41:05.999Z,W4214307,9059,46.96723,7.51600,31416.7,5.7,4.4,20.4,-40.2,0.0,-1.0,RS41-SG,404.500,7.1,250,9,2.7,,
2026-08-25T12:41:08.999Z,W4214307,9062,46.96738,7.51605,31435.8,7.4,6.5,9.4,-40.1,0.0,-1.0,RS41,404.500,7.1,250,9,2.6,,
2026-08-25T12:41:09.999Z,W4214307,9063,46.96744,7.51606,31442.7,6.3,6.6,9.1,-40.1,0.0,-1.0,RS41,404.500,7.9,250,9,2.7,,
2026-08-25T12:41:10.999Z,W4214307,9064,46.96750,7.51607,31449.2,6.8,6.8,3.8,-40.0,0.0,-1.0,RS41,404.500,7.9,250,9,2.7,,
2026-08-25T12:41:11.999Z,W4214307,9065,46.96756,7.51607,31456.2,7.2,7.3,354.5,-40.0,0.0,-1.0,RS41,404.500,7.2,250,9,2.7,,
2026-08-25T12:41:12.999Z,W4214307,9066,46.96763,7.51605,31463.5,7.3,8.3,346.3,-39.9,0.0,-1.0,RS41,404.500,7.9,250,9,2.6,,
2026-08-25T12:41:14.999Z,W4214307,9068,46.96777,7.51597,31476.8,6.3,8.5,332.9,-39.8,0.0,-1.0,RS41,404.500,7.4,250,9,2.6,,
2026-08-25T12:41:15.999Z,W4214307,9069,46.96783,7.51592,31483.5,6.9,7.3,327.7,-39.8,0.0,-1.0,RS41,404.500,7.4,250,9,2.7,,
2026-08-25T12:41:19.999Z,W4214307,9073,46.96796,7.51580,31510.2,7.1,3.1,346.4,-39.8,0.0,-1.0,RS41,404.500,6.4,250,9,2.6,,
2026-08-25T12:41:21.999Z,W4214307,9075,46.96805,7.51578,31525.6,7.0,6.6,348.9,-39.8,0.0,-1.0,RS41,404.500,7.9,250,9,2.7,,
2026-08-25T12:41:24.999Z,W4214307,9078,46.96827,7.51570,31544.1,7.0,9.1,345.2,-39.9,0.0,-1.0,RS41,404.500,7.3,250,9,2.6,,
2026-08-25T12:41:34.999Z,W4214307,9088,46.96896,7.51525,31609.5,7.2,8.4,357.9,-40.0,0.0,-1.0,RS41,404.500,8.4,250,9,2.7,,
2026-08-25T12:41:35.999Z,W4214307,9089,46.96903,7.51525,31616.3,6.6,7.1,6.4,-40.1,0.0,-1.0,RS41,404.500,8.4,250,9,2.7,,
2026-08-25T12:41:36.999Z,W4214307,9090,46.96909,7.51526,31622.4,5.6,6.1,9.8,-40.1,0.0,-1.0,RS41,404.500,7.7,625,9,2.6,,
2026-08-25T12:41:37.999Z,W4214307,9091,46.96914,7.51527,31628.3,5.9,5.6,3.3,-40.0,0.0,-1.0,RS41,404.500,7.7,250,9,2.6,,
2026-08-25T12:41:39.999Z,W4214307,9093,46.96926,7.51524,31641.6,7.0,7.9,338.4,-40.1,0.0,-1.0,RS41,404.500,8.1,250,9,2.7,,
2026-08-25T12:41:41.999Z,W4214307,9095,46.96941,7.51514,31654.6,6.1,10.5,334.6,-40.1,0.0,-1.0,RS41,404.500,7.3,250,9,2.7,,
2026-08-25T12:41:45.999Z,W4214307,9099,46.96972,7.51505,31683.0,6.2,7.0,16.8,-40.1,0.0,-1.0,RS41,404.500,7.9,250,9,2.7,,
2026-08-25T12:41:46.999Z,W4214307,9100,46.96978,7.51508,31688.4,4.7,6.8,28.3,-40.0,0.0,-1.0,RS41,404.500,8.3,250,9,2.7,,
2026-08-25T12:41:47.999Z,W4214307,9101,46.96983,7.51513,31693.7,5.7,6.6,32.3,-40.1,0.0,-1.0,RS41,404.500,8.3,250,9,2.7,,
2026-08-25T12:41:48.999Z,W4214307,9102,46.96988,7.51517,31700.1,7.2,6.4,22.8,-40.0,0.0,-1.0,RS41,404.500,7.7,250,9,2.6,,
2026-08-25T12:41:49.999Z,W4214307,9103,46.96994,7.51519,31707.7,7.8,6.8,4.8,-39.9,0.0,-1.0,RS41,404.500,7.7,250,9,2.6,,
2026-08-25T12:41:50.999Z,W4214307,9104,46.97000,7.51518,31714.7,6.3,7.6,350.9,-40.0,0.0,-1.0,RS41,404.500,7.2,250,9,2.6,,
2026-08-25T12:41:51.999Z,W4214307,9105,46.97007,7.51516,31720.4,5.1,8.5,343.3,-39.9,0.0,-1.0,RS41,404.500,7.4,250,9,2.7,,
2026-08-25T12:41:52.999Z,W4214307,9106,46.97015,7.51512,31726.1,6.1,9.2,341.3,-39.9,0.0,-1.0,RS41,404.500,8.4,250,9,2.7,,
2026-08-25T12:41:55.999Z,W4214307,9109,46.97037,7.51508,31747.7,5.9,7.7,6.2,-39.9,0.0,-1.0,RS41,404.500,8.6,250,9,2.6,,
2026-08-25T12:41:56.999Z,W4214307,9110,46.97044,7.51509,31753.5,5.6,7.4,15.3,-40.0,0.0,-1.0,RS41,404.500,8.6,250,9,2.6,,
2026-08-25T12:41:57.999Z,W4214307,9111,46.97050,7.51512,31759.5,6.5,7.5,20.4,-40.1,0.0,-1.0,RS41,404.500,8.1,250,9,2.7,,
2026-08-25T12:41:58.999Z,W4214307,9112,46.97057,7.51516,31766.5,7.4,7.6,17.4,-40.0,0.0,-1.0,RS41,404.500,8.7,250,9,2.7,,
2026-08-25T12:41:59.999Z,W4214307,9113,46.97063,7.51518,31774.0,7.5,7.9,10.3,-40.1,0.0,-1.0,RS41-SG,404.500,8.7,625,9,2.7,,
2026-08-25T12:42:00.999Z,W4214307,9114,46.97070,7.51519,31780.7,6.2,8.0,6.4,-40.1,0.0,-1.0,RS41-SG,404.500,8.2,250,9,2.6,,
2026-08-25T12:42:01.999Z,W4214307,9115,46.97078,7.51521,31787.1,6.4,8.1,4.9,-40.1,0.0,-1.0,RS41-SG,404.500,7.8,250,9,2.6,,
2026-08-25T12:42:03.999Z,W4214307,9117,46.97092,7.51524,31801.0,7.7,7.9,18.7,-40.2,0.0,-1.0,RS41-SG,404.500,7.2,250,9,2.7,,
2026-08-25T12:42:04.999Z,W4214307,9118,46.97098,7.51528,31808.7,7.6,7.9,26.7,-40.1,0.0,-1.0,RS41-SG,404.500,7.5,250,9,2.7,,
2026-08-25T12:42:05.999Z,W4214307,9119,46.97104,7.51533,31815.6,6.1,7.9,30.7,-40.1,0.0,-1.0,RS41-SG,404.500,8.7,250,9,2.7,,
2026-08-25T12:42:06.999Z,W4214307,9120,46.97110,7.51538,31821.8,6.2,7.6,29.4,-40.1,0.0,-1.0,RS41-SG,404.500,8.7,250,9,2.6,,
2026-08-25T12:42:07.999Z,W4214307,9121,46.97116,7.51542,31828.4,6.9,7.2,20.0,-40.2,0.0,-1.0,RS41-SG,404.500,7.7,250,9,2.6,,
2026-08-25T12:42:08.999Z,W4214307,9122,46.97123,7.51544,31835.7,7.7,7.2,4.5,-40.1,0.0,-1.0,RS41-SG,404.500,7.7,625,9,2.6,,
2026-08-25T12:42:09.999Z,W4214307,9123,46.97129,7.51544,31843.0,6.7,7.6,352.6,-40.2,0.0,-1.0,RS41-SG,404.500,7.4,250,9,2.7,,
2026-08-25T12:42:12.999Z,W4214307,9126,46.97149,7.51539,31863.8,8.3,6.3,2.6,-40.2,0.0,-1.0,RS41-SG,404.500,7.2,250,9,2.6,,
2026-08-25T12:42:14.999Z,W4214307,9128,46.97158,7.51545,31878.3,5.5,5.8,41.0,-40.3,0.0,-1.0,RS41-SG,404.500,7.3,250,9,2.6,,
2026-08-25T12:42:15.999Z,W4214307,9129,46.97162,7.51551,31884.0,5.7,6.0,52.9,-40.2,0.0,-1.0,RS41-SG,404.500,7.5,250,9,2.7,,
2026-08-25T12:42:16.999Z,W4214307,9130,46.97165,7.51557,31890.4,7.2,6.1,54.5,-40.1,0.0,-1.0,RS41-SG,404.500,7.9,625,9,2.7,,
2026-08-25T12:42:17.999Z,W4214307,9131,46.97168,7.51563,31897.9,8.0,5.7,44.6,-40.2,0.0,-1.0,RS41-SG,404.500,7.9,250,9,2.7,,
2026-08-25T12:42:19.999Z,W4214307,9133,46.97176,7.51570,31911.7,6.3,5.0,19.2,-40.1,0.0,-1.0,RS41-SG,404.500,7.7,250,9,2.6,,
2026-08-25T12:42:20.999Z,W4214307,9134,46.97181,7.51572,31918.3,6.9,4.8,12.6,-40.0,0.0,-1.0,RS41-SG,404.500,7.9,250,9,2.6,,
2026-08-25T12:42:21.999Z,W4214307,9135,46.97184,7.51574,31925.7,7.8,4.3,16.9,-40.1,0.0,-1.0,RS41-SG,404.500,7.9,250,9,2.7,,
2026-08-25T12:42:23.999Z,W4214307,9137,46.97191,7.51578,31940.4,6.2,4.0,38.5,-40.1,0.0,-1.0,RS41-SG,404.500,8.0,250,9,2.7,,
2026-08-25T12:42:24.999Z,W4214307,9138,46.97194,7.51582,31946.6,6.1,3.9,41.8,-40.1,0.0,-1.0,RS41-SG,404.500,8.0,625,9,2.6,,
2026-08-25T12:42:25.999Z,W4214307,9139,46.97196,7.51585,31952.9,6.7,4.0,35.5,-40.1,0.0,-1.0,RS41-SG,404.500,7.8,625,9,2.6,,
2026-08-25T12:42:27.999Z,W4214307,9141,46.97203,7.51589,31967.6,7.5,4.8,10.8,-40.0,0.0,-1.0,RS41-SG,404.500,7.4,250,9,2.7,,
2026-08-25T12:42:31.999Z,W4214307,9145,46.97223,7.51602,31995.8,7.7,7.8,48.0,-39.9,0.0,-1.0,RS41-SG,404.500,7.7,250,9,2.6,,
2026-08-25T12:42:32.999Z,W4214307,9146,46.97227,7.51610,32002.7,6.2,8.4,57.5,-39.9,0.0,-1.0,RS41-SG,404.500,7.9,250,9,2.6,,
2026-08-25T12:42:33.999Z,W4214307,9147,46.97231,7.51620,32008.9,6.2,8.4,65.0,-40.0,0.0,-1.0,RS41-SG,404.500,8.2,250,9,2.7,,
2026-08-25T12:42:34.999Z,W4214307,9148,46.97234,7.51629,32015.9,7.7,7.2,67.6,-40.0,0.0,-1.0,RS41-SG,404.500,8.2,625,9,2.7,,
2026-08-25T12:42:37.999Z,W4214307,9151,46.97240,7.51643,32037.3,5.4,2.2,13.0,-40.0,0.0,-1.0,RS41-SG,404.500,8.4,250,10,2.6,,
2026-08-25T12:42:38.999Z,W4214307,9152,46.97242,7.51643,32043.4,6.6,2.2,344.0,-40.0,0.0,-1.0,RS41-SG,404.500,8.4,625,10,2.6,,
2026-08-25T12:42:40.999Z,W4214307,9154,46.97246,7.51642,32058.5,7.5,2.1,23.6,-40.0,0.0,-1.0,RS41-SG,404.500,7.2,625,10,2.7,,
2026-08-25T12:42:41.999Z,W4214307,9155,46.97247,7.51644,32065.4,6.2,2.7,45.2,-39.9,0.0,-1.0,RS41-SG,404.500,8.2,625,10,2.7,,
2026-08-25T12:42:42.999Z,W4214307,9156,46.97249,7.51647,32071.6,6.3,3.4,53.1,-40.0,0.0,-1.0,RS41-SG,404.500,8.2,625,10,2.6,,
2026-08-25T12:42:43.999Z,W4214307,9157,46.97251,7.51651,32078.4,7.3,3.7,52.0,-40.0,0.0,-1.0,RS41-SG,404.500,8.0,250,10,2.6,,
2026-08-25T12:42:44.999Z,W4214307,9158,46.97253,7.51655,32085.8,7.6,3.5,46.6,-40.0,0.0,-1.0,RS41-SG,404.500,8.0,625,10,2.6,,
2026-08-25T12:42:45.999Z,W4214307,9159,46.97256,7.51658,32092.9,6.5,3.4,42.6,-40.0,0.0,-1.0,RS41-SG,404.500,8.3,250,10,2.7,,
2026-08-25T12:42:46.999Z,W4214307,9160,46.97258,7.51661,32099.5,6.8,3.2,49.9,-40.0,0.0,-1.0,RS41-SG,404.500,8.3,625,10,2.7,,
2026-08-25T12:42:47.999Z,W4214307,9161,46.97259,7.51665,32106.4,7.0,3.6,68.3,-40.1,0.0,-1.0,RS41-SG,404.500,8.0,625,10,2.7,,
2026-08-25T12:42:48.999Z,W4214307,9162,46.97260,7.51670,32113.4,7.0,4.4,81.6,-40.0,0.0,-1.0,RS41-SG,404.500,7.1,250,10,2.6,,
2026-08-25T12:42:49.999Z,W4214307,9163,46.97260,7.51676,32120.5,7.0,5.5,90.4,-40.0,0.0,-1.0,RS41-SG,404.500,7.7,625,10,2.6,,
2026-08-25T12:42:50.999Z,W4214307,9164,46.97260,7.51684,32127.0,6.0,6.0,92.1,-39.9,0.0,-1.0,RS41-SG,404.500,8.5,625,10,2.6,,
2026-08-25T12:42:52.999Z,W4214307,9166,46.97261,7.51698,32139.8,7.4,4.6,70.0,-40.1,0.0,-1.0,RS41-SG,404.500,8.0,625,10,2.7,,
2026-08-25T12:42:53.999Z,W4214307,9167,46.97263,7.51702,32147.4,7.7,3.8,37.2,-40.0,0.0,-1.0,RS41-SG,404.500,8.2,250,10,2.7,,
2026-08-25T12:42:54.999Z,W4214307,9168,46.97266,7.51704,32154.6,6.5,4.2,5.1,-40.0,0.0,-1.0,RS41-SG,404.500,8.3,250,10,2.6,,
2026-08-25T12:42:55.999Z,W4214307,9169,46.97270,7.51704,32160.3,5.0,4.8,346.9,-40.1,0.0,-1.0,RS41-SG,404.500,8.3,625,10,2.6,,
2026-08-25T12:42:56.999Z,W4214307,9170,46.97274,7.51702,32165.7,5.7,4.6,334.8,-40.1,0.0,-1.0,RS41-SG,404.500,7.8,625,10,2.6,,
2026-08-25T12:43:01.999Z,W4214307,9175,46.97277,7.51707,32198.6,6.2,4.2,105.9,-39.9,0.0,-1.0,RS41-SG,404.500,8.5,250,10,2.6,,
2026-08-25T12:43:02.999Z,W4214307,9176,46.97277,7.51712,32205.3,7.0,4.0,92.6,-39.9,0.0,-1.0,RS41-SG,404.500,8.5,250,10,2.6,,
2026-08-25T12:43:03.999Z,W4214307,9177,46.97277,7.51717,32212.3,7.1,3.4,68.6,-40.0,0.0,-1.0,RS41-SG,404.500,8.5,625,10,2.7,,
2026-08-25T12:43:04.999Z,W4214307,9178,46.97279,7.51720,32219.2,6.6,3.0,38.6,-40.1,0.0,-1.0,RS41-SG,404.500,8.1,250,10,2.7,,
2026-08-25T12:43:05.999Z,W4214307,9179,46.97281,7.51721,32225.4,5.9,2.9,12.2,-40.0,0.0,-1.0,RS41-SG,404.500,7.8,625,10,2.7,,
2026-08-25T12:43:09.999Z,W4214307,9183,46.97283,7.51721,32252.2,7.0,2.7,155.8,-39.8,0.0,-1.0,RS41-SG,404.500,7.8,625,10,2.7,,
2026-08-25T12:43:10.999Z,W4214307,9184,46.97281,7.51723,32258.2,5.1,3.9,146.3,-39.8,0.0,-1.0,RS41-SG,404.500,8.1,625,10,2.7,,
2026-08-25T12:43:11.999Z,W4214307,9185,46.97278,7.51727,32263.5,5.5,4.6,141.7,-39.9,0.0,-1.0,RS41-SG,404.500,8.1,625,10,2.7,,
2026-08-25T12:43:12.999Z,W4214307,9186,46.97275,7.51730,32269.7,6.9,4.1,139.9,-39.9,0.0,-1.0,RS41-SG,404.500,8.1,625,10,2.6,,
2026-08-25T12:43:13.999Z,W4214307,9187,46.97272,7.51733,32276.9,7.6,2.8,140.4,-39.8,0.0,-1.0,RS41-SG,404.500,7.3,625,10,2.6,,
2026-08-25T12:43:14.999Z,W4214307,9188,46.97271,7.51735,32284.0,6.4,1.4,140.3,-39.8,0.0,-1.0,RS41-SG,404.500,7.2,625,10,2.6,,
2026-08-25T12:43:15.999Z,W4214307,9189,46.97270,7.51736,32289.8,5.3,0.3,107.9,-39.7,0.0,-1.0,RS41-SG,404.500,8.1,625,10,2.7,,
2026-08-25T12:43:16.999Z,W4214307,9190,46.97271,7.51736,32295.3,5.7,0.5,39.4,-39.8,0.0,-1.0,RS41-SG,404.500,8.1,625,10,2.7,,
2026-08-25T12:43:17.999Z,W4214307,9191,46.97271,7.51737,32301.5,6.7,1.2,79.1,-39.9,0.0,-1.0,RS41-SG,404.500,8.0,625,10,2.7,,
2026-08-25T12:43:18.999Z,W4214307,9192,46.97271,7.51739,32308.2,6.7,2.2,102.4,-39.9,0.0,-1.0,RS41-SG,404.500,7.7,625,10,2.6,,
2026-08-25T12:43:19.999Z,W4214307,9193,46.97270,7.51742,32314.3,5.5,3.1,116.7,-39.9,0.0,-1.0,RS41-SG,404.500,7.9,625,10,2.6,,
2026-08-25T12:43:20.999Z,W4214307,9194,46.97268,7.51746,32319.7,5.4,3.4,131.4,-39.8,0.0,-1.0,RS41-SG,404.500,8.7,625,10,2.6,,
2026-08-25T12:43:21.999Z,W4214307,9195,46.97266,7.51748,32325.6,6.3,3.1,155.4,-39.8,0.0,-1.0,RS41-SG,404.500,8.7,625,10,2.7,,
2026-08-25T12:43:22.999Z,W4214307,9196,46.97263,7.51749,32332.3,6.9,2.9,193.1,-39.8,0.0,-1.0,RS41-SG,404.500,8.5,625,10,2.7,,
2026-08-25T12:43:23.999Z,W4214307,9197,46.97261,7.51747,32339.1,6.7,3.4,227.8,-39.8,0.0,-1.0,RS41-SG,404.500,8.4,625,10,2.7,,
2026-08-25T12:43:24.999Z,W4214307,9198,46.97259,7.51743,32345.1,5.3,3.9,249.8,-39.7,0.0,-1.0,RS41-SG,404.500,7.8,625,10,2.6,,
2026-08-25T12:43:25.999Z,W4214307,9199,46.97259,7.51738,32350.4,5.2,3.8,270.1,-39.7,0.0,-1.0,RS41-SG,404.500,7.4,625,10,2.6,,
2026-08-25T12:43:26.999Z,W4214307,9200,46.97259,7.51733,32356.0,6.0,3.0,295.4,-39.6,0.0,-1.0,RS41-SG,404.500,7.3,625,10,2.6,,
2026-08-25T12:43:28.999Z,W4214307,9202,46.97263,7.51732,32368.3,6.1,3.1,25.9,-39.6,0.0,-1.0,RS41-SG,404.500,7.2,625,10,2.7,,
2026-08-25T12:43:29.999Z,W4214307,9203,46.97266,7.51734,32374.1,5.4,4.2,43.4,-39.6,0.0,-1.0,RS41-SG,404.500,8.3,625,10,2.7,,
2026-08-25T12:43:30.999Z,W4214307,9204,46.97269,7.51739,32379.2,4.8,4.8,48.2,-39.7,0.0,-1.0,RS41-SG,404.500,8.6,250,10,2.6,,
2026-08-25T12:43:31.999Z,W4214307,9205,46.97272,7.51743,32384.3,5.5,4.4,39.3,-39.6,0.0,-1.0,RS41-SG,404.500,8.6,625,10,2.6,,
2026-08-25T12:43:32.999Z,W4214307,9206,46.97275,7.51745,32390.4,6.5,3.3,13.8,-39.5,0.0,-1.0,RS41-SG,404.500,9.1,625,10,2.6,,
2026-08-25T12:43:33.999Z,W4214307,9207,46.97278,7.51744,32397.3,7.1,3.6,326.6,-39.4,0.0,-1.0,RS41-SG,404.500,10.1,625,10,2.7,,
2026-08-25T12:43:34.999Z,W4214307,9208,46.97280,7.51740,32403.9,5.9,5.1,301.2,-39.4,0.0,-1.0,RS41-SG,404.500,10.1,625,10,2.7,,
2026-08-25T12:43:35.999Z,W4214307,9209,46.97282,7.51733,32409.1,4.4,6.5,291.0,-39.4,0.0,-1.0,RS41-SG,404.500,8.5,625,10,2.7,,
2026-08-25T12:43:36.999Z,W4214307,9210,46.97284,7.51725,32413.7,4.9,7.1,286.4,-39.4,0.0,-1.0,RS41-SG,404.500,8.2,625,10,2.6,,
2026-08-25T12:43:37.999Z,W4214307,9211,46.97286,7.51717,32419.4,6.5,6.3,285.5,-39.4,0.0,-1.0,RS41-SG,404.500,6.7,625,10,2.6,,
2026-08-25T12:43:39.999Z,W4214307,9213,46.97289,7.51706,32432.3,5.3,2.7,312.0,-39.2,0.0,-1.0,RS41-SG,404.500,8.6,625,10,2.7,,
2026-08-25T12:43:40.999Z,W4214307,9214,46.97291,7.51705,32437.4,4.8,2.6,355.5,-39.2,0.0,-1.0,RS41-SG,404.500,8.6,625,10,2.7,,
2026-08-25T12:43:41.999Z,W4214307,9215,46.97294,7.51705,32442.4,5.2,4.0,10.2,-39.3,0.0,-1.0,RS41-SG,404.500,9.5,625,10,2.7,,
2026-08-25T12:43:42.999Z,W4214307,9216,46.97298,7.51706,32448.2,6.2,5.5,2.9,-39.3,0.0,-1.0,RS41-SG,404.500,9.5,250,10,2.6,,
2026-08-25T12:43:43.999Z,W4214307,9217,46.97303,7.51705,32454.8,6.7,6.6,350.4,-39.3,0.0,-1.0,RS41-SG,404.500,9.3,625,10,2.6,,
2026-08-25T12:43:44.999Z,W4214307,9218,46.97309,7.51703,32460.7,5.2,7.2,339.1,-39.3,0.0,-1.0,RS41-SG,404.500,9.3,250,10,2.6,,
2026-08-25T12:43:45.999Z,W4214307,9219,46.97315,7.51698,32465.8,5.1,7.5,328.3,-39.2,0.0,-1.0,RS41-SG,404.500,8.6,625,10,2.7,,
2026-08-25T12:43:46.999Z,W4214307,9220,46.97320,7.51693,32471.3,5.9,7.2,317.6,-39.2,0.0,-1.0,RS41-SG,404.500,8.6,625,10,2.7,,
2026-08-25T12:43:47.999Z,W4214307,9221,46.97325,7.51686,32477.6,6.6,6.3,309.1,-39.1,0.0,-1.0,RS41-SG,404.500,8.4,625,10,2.7,,
2026-08-25T12:43:48.999Z,W4214307,9222,46.97328,7.51680,32483.5,5.3,5.4,302.7,-39.0,0.0,-1.0,RS41-SG,404.500,8.4,625,10,2.6,,
2026-08-25T12:43:49.999Z,W4214307,9223,46.97330,7.51674,32488.6,4.8,4.6,295.6,-38.9,0.0,-1.0,RS41-SG,404.500,8.6,625,10,2.6,,
2026-08-25T12:43:50.999Z,W4214307,9224,46.97331,7.51669,32493.8,5.6,4.4,288.1,-38.8,0.0,-1.0,RS41-SG,404.500,8.8,625,10,2.6,,
2026-08-25T12:43:51.999Z,W4214307,9225,46.97332,7.51663,32499.9,6.6,4.8,284.9,-38.8,0.0,-1.0,RS41-SG,404.500,9.3,625,10,2.7,,
2026-08-25T12:43:52.999Z,W4214307,9226,46.97334,7.51657,32506.2,5.8,5.2,287.1,-38.7,0.0,-1.0,RS41-SG,404.500,9.3,625,10,2.7,,
2026-08-25T12:43:57.999Z,W4214307,9231,46.97345,7.51644,32534.8,4.9,3.6,32.7,-38.4,0.0,-1.0,RS41-SG,404.500,7.4,625,10,2.7,,
2026-08-25T12:43:58.999Z,W4214307,9232,46.97348,7.51647,32539.7,4.8,4.0,34.9,-38.2,0.0,-1.0,RS41-SG,404.500,7.4,625,10,2.7,,
2026-08-25T12:43:59.999Z,W4214307,9233,46.97351,7.51649,32544.8,5.3,4.0,21.2,-38.2,0.0,-1.0,RS41-SG,404.500,8.1,625,10,2.7,,
2026-08-25T12:44:00.999Z,W4214307,9234,46.97354,7.51650,32550.7,6.6,4.3,352.3,-38.1,0.0,-1.0,RS41-SG,404.500,8.6,625,10,2.6,,
2026-08-25T12:44:01.999Z,W4214307,9235,46.97358,7.51647,32557.3,6.3,5.5,328.3,-38.1,0.0,-1.0,RS41-SG,404.500,8.6,625,10,2.6,,
2026-08-25T12:44:02.999Z,W4214307,9236,46.97363,7.51642,32562.7,4.5,6.6,316.0,-38.1,0.0,-1.0,RS41-SG,404.500,7.9,625,10,2.6,,
2026-08-25T12:44:03.999Z,W4214307,9237,46.97367,7.51636,32567.3,4.8,7.2,306.3,-38.0,0.0,-1.0,RS41-SG,404.500,7.9,625,10,2.7,,
2026-08-25T12:44:04.999Z,W4214307,9238,46.97370,7.51628,32572.8,6.1,6.3,299.1,-38.0,0.0,-1.0,RS41-SG,404.500,7.8,625,10,2.7,,
2026-08-25T12:44:05.999Z,W4214307,9239,46.97372,7.51622,32579.1,6.5,4.2,293.9,-38.0,0.0,-1.0,RS41-SG,404.500,7.8,625,10,2.7,,
2026-08-25T12:44:06.999Z,W4214307,9240,46.97373,7.51619,32585.3,5.9,1.7,291.9,-38.0,0.0,-1.0,RS41-SG,404.500,7.9,625,10,2.6,,
2026-08-25T12:44:11.999Z,W4214307,9245,46.97377,7.51629,32609.6,6.3,4.1,14.3,-38.0,0.0,-1.0,RS41-SG,404.500,7.9,250,10,2.7,,
2026-08-25T12:44:13.999Z,W4214307,9247,46.97387,7.51627,32620.7,4.0,6.8,340.7,-38.2,0.0,-1.0,RS41-SG,404.500,6.9,625,10,2.6,,
2026-08-25T12:44:17.999Z,W4214307,9251,46.97408,7.51616,32640.2,5.6,3.2,9.0,-38.0,0.0,-1.0,RS41-SG,404.500,6.8,625,10,2.6,,
2026-08-25T12:44:18.999Z,W4214307,9252,46.97410,7.51618,32644.9,3.9,2.6,48.1,-38.1,0.0,-1.0,RS41-SG,404.500,7.3,625,10,2.7,,
2026-08-25T12:44:27.999Z,W4214307,9261,46.97420,7.51625,32688.5,4.6,4.5,27.4,-37.8,0.0,-1.0,RS41-SG,404.500,7.0,250,10,2.7,,
2026-08-25T12:44:28.999Z,W4214307,9262,46.97424,7.51628,32693.1,4.4,4.6,39.4,-37.8,0.0,-1.0,RS41-SG,404.500,7.0,625,10,2.6,,
2026-08-25T12:44:29.999Z,W4214307,9263,46.97427,7.51632,32698.0,5.4,3.8,48.3,-37.8,0.0,-1.0,RS41-SG,404.500,7.2,625,9,2.6,,
2026-08-25T12:44:31.999Z,W4214307,9265,46.97429,7.51636,32709.5,5.7,0.2,279.8,-37.8,0.0,-1.0,RS41-SG,404.500,6.5,625,10,2.7,,
2026-08-25T12:44:36.999Z,W4214307,9270,46.97423,7.51628,32733.0,5.8,1.9,145.7,-37.9,0.0,-1.0,RS41-SG,404.500,8.1,625,10,2.7,,
2026-08-25T12:44:37.999Z,W4214307,9271,46.97422,7.51631,32738.1,4.2,2.6,111.8,-37.9,0.0,-1.0,RS41-SG,404.500,8.3,625,10,2.7,,
2026-08-25T12:44:38.999Z,W4214307,9272,46.97421,7.51634,32742.6,4.7,3.2,89.9,-37.8,0.0,-1.0,RS41-SG,404.500,8.3,625,10,2.7,,
2026-08-25T12:44:39.999Z,W4214307,9273,46.97422,7.51638,32747.7,5.6,3.0,70.7,-37.8,0.0,-1.0,RS41-SG,404.500,9.4,625,10,2.6,,
2026-08-25T12:44:40.999Z,W4214307,9274,46.97423,7.51641,32753.6,6.2,2.3,36.5,-37.9,0.0,-1.0,RS41-SG,404.500,9.4,625,10,2.6,,
2026-08-25T12:44:41.999Z,W4214307,9275,46.97425,7.51642,32758.9,4.4,2.2,357.1,-37.9,0.0,-1.0,RS41-SG,404.500,8.7,625,10,2.6,,
2026-08-25T12:44:42.999Z,W4214307,9276,46.97427,7.51641,32762.9,3.5,2.6,327.8,-37.9,0.0,-1.0,RS41-SG,404.500,8.5,625,10,2.7,,
2026-08-25T12:44:43.999Z,W4214307,9277,46.97428,7.51639,32766.8,4.4,2.5,306.1,-37.8,0.0,-1.0,RS41-SG,404.500,8.5,625,10,2.7,,
2026-08-25T12:44:44.999Z,W4214307,9278,46.97429,7.51636,32771.7,5.4,1.7,282.0,-37.7,0.0,-1.0,RS41-SG,404.500,8.3,625,10,2.7,,
2026-08-25T12:44:46.999Z,W4214307,9280,46.97428,7.51634,32781.6,3.9,2.0,181.7,-37.6,0.0,-1.0,RS41-SG,404.500,8.7,625,10,2.6,,
2026-08-25T12:44:47.999Z,W4214307,9281,46.97425,7.51634,32785.6,4.1,3.0,178.5,-37.5,0.0,-1.0,RS41-SG,404.500,8.7,625,10,2.6,,
2026-08-25T12:44:48.999Z,W4214307,9282,46.97422,7.51634,32790.2,5.2,3.7,187.5,-37.5,0.0,-1.0,RS41-SG,404.500,8.2,625,10,2.7,,
2026-08-25T12:44:49.999Z,W4214307,9283,46.97419,7.51633,32795.6,5.6,4.1,201.6,-37.5,0.0,-1.0,RS41-SG,404.500,8.2,625,10,2.7,,
2026-08-25T12:44:50.999Z,W4214307,9284,46.97416,7.51630,32800.6,4.4,4.1,212.3,-37.5,0.0,-1.0,RS41-SG,404.500,7.8,625,10,2.7,,
2026-08-25T12:44:51.999Z,W4214307,9285,46.97413,7.51627,32804.7,3.9,3.5,221.4,-37.4,0.0,-1.0,RS41-SG,404.500,7.1,625,10,2.6,,
2026-08-25T12:44:53.999Z,W4214307,9287,46.97410,7.51623,32813.7,5.1,0.7,205.6,-37.4,0.0,-1.0,RS41-SG,404.500,8.0,625,10,2.6,,
2026-08-25T12:44:54.999Z,W4214307,9288,46.97410,7.51624,32818.7,4.8,1.1,94.7,-37.3,0.0,-1.0,RS41-SG,404.500,9.1,625,10,2.7,,
2026-08-25T12:44:55.999Z,W4214307,9289,46.97410,7.51626,32823.1,3.9,1.9,80.6,-37.4,0.0,-1.0,RS41-SG,404.500,9.1,625,10,2.7,,
2026-08-25T12:44:56.999Z,W4214307,9290,46.97410,7.51628,32827.4,4.7,1.7,76.3,-37.5,0.0,-1.0,RS41-SG,404.500,8.9,625,10,2.7,,
2026-08-25T12:44:57.999Z,W4214307,9291,46.97411,7.51629,32832.7,5.8,0.5,24.1,-37.5,0.0,-1.0,RS41-SG,404.500,9.0,625,10,2.6,,
2026-08-25T12:44:58.999Z,W4214307,9292,46.97411,7.51628,32838.5,5.6,1.7,276.3,-37.5,0.0,-1.0,RS41-SG,404.500,9.0,625,10,2.6,,
2026-08-25T12:44:59.999Z,W4214307,9293,46.97411,7.51625,32843.3,3.8,3.3,266.9,-37.4,0.0,-1.0,RS41-SG,404.500,8.3,625,10,2.6,,
2026-08-25T12:45:00.999Z,W4214307,9294,46.97410,7.51620,32847.1,3.9,4.3,259.7,-37.4,0.0,-1.0,RS41-SG,404.500,8.3,625,10,2.7,,
2026-08-25T12:45:01.999Z,W4214307,9295,46.97409,7.51614,32851.4,4.6,4.6,249.1,-37.5,0.0,-1.0,RS41-SG,404.500,9.0,625,10,2.7,,
2026-08-25T12:45:03.999Z,W4214307,9297,46.97405,7.51607,32861.8,5.0,3.3,208.7,-37.7,0.0,-1.0,RS41-SG,404.500,8.6,625,10,2.6,,
2026-08-25T12:45:04.999Z,W4214307,9298,46.97403,7.51605,32866.2,3.9,2.8,187.1,-37.7,0.0,-1.0,RS41-SG,404.500,8.6,625,10,2.6,,
2026-08-25T12:45:05.999Z,W4214307,9299,46.97400,7.51605,32870.3,4.3,2.2,172.9,-37.7,0.0,-1.0,RS41-SG,404.500,8.3,625,10,2.7,,
2026-08-25T12:45:06.999Z,W4214307,9300,46.97399,7.51605,32874.9,4.8,1.2,186.2,-37.6,0.0,-1.0,RS41-SG,404.500,8.5,625,10,2.7,,
2026-08-25T12:45:07.999Z,W4214307,9301,46.97398,7.51604,32879.9,5.2,1.3,261.4,-37.5,0.0,-1.0,RS41-SG,404.500,8.5,625,10,2.6,,
2026-08-25T12:45:08.999Z,W4214307,9302,46.97398,7.51602,32885.0,5.0,2.9,282.4,-37.5,0.0,-1.0,RS41-SG,404.500,7.8,625,10,2.6,,
2026-08-25T12:45:09.999Z,W4214307,9303,46.97399,7.51597,32889.7,4.5,4.2,284.8,-37.4,0.0,-1.0,RS41-SG,404.500,7.9,625,10,2.7,,
2026-08-25T12:45:10.999Z,W4214307,9304,46.97400,7.51591,32893.8,3.8,4.8,284.6,-37.4,0.0,-1.0,RS41-SG,404.500,8.5,625,10,2.7,,
2026-08-25T12:45:11.999Z,W4214307,9305,46.97401,7.51586,32897.8,4.1,4.4,282.7,-37.6,0.0,-1.0,RS41-SG,404.500,8.5,625,10,2.6,,
2026-08-25T12:45:12.999Z,W4214307,9306,46.97402,7.51581,32902.2,4.8,3.0,281.2,-37.7,0.0,-1.0,RS41-SG,404.500,7.9,625,10,2.6,,
2026-08-25T12:45:13.999Z,W4214307,9307,46.97402,7.51578,32907.2,5.1,1.1,292.0,-37.7,0.0,-1.0,RS41-SG,404.500,7.7,625,10,2.7,,
2026-08-25T12:45:14.999Z,W4214307,9308,46.97403,7.51578,32911.9,4.5,0.9,57.4,-37.8,0.0,-1.0,RS41-SG,404.500,8.2,625,10,2.7,,
2026-08-25T12:45:15.999Z,W4214307,9309,46.97403,7.51580,32916.2,4.1,1.9,66.3,-37.8,0.0,-1.0,RS41-SG,404.500,8.2,625,10,2.6,,
2026-08-25T12:45:16.999Z,W4214307,9310,46.97404,7.51582,32920.7,4.8,2.1,51.8,-37.8,0.0,-1.0,RS41-SG,404.500,7.4,625,10,2.6,,
2026-08-25T12:45:17.999Z,W4214307,9311,46.97405,7.51583,32925.8,5.4,1.8,8.9,-37.7,0.0,-1.0,RS41-SG,404.500,8.1,625,10,2.7,,
2026-08-25T12:45:18.999Z,W4214307,9312,46.97407,7.51582,32931.2,5.3,2.9,312.2,-37.6,0.0,-1.0,RS41-SG,404.500,8.4,625,10,2.7,,
2026-08-25T12:45:19.999Z,W4214307,9313,46.97409,7.51578,32936.1,4.4,4.8,289.5,-37.5,0.0,-1.0,RS41-SG,404.500,8.4,625,10,2.7,,
2026-08-25T12:45:22.999Z,W4214307,9316,46.97409,7.51553,32947.7,4.7,6.8,258.6,-37.4,0.0,-1.0,RS41-SG,404.500,7.4,625,10,2.6,,
2026-08-25T12:45:23.999Z,W4214307,9317,46.97408,7.51545,32953.0,5.9,4.9,248.8,-37.4,0.0,-1.0,RS41-SG,404.500,7.7,625,10,2.7,,
2026-08-25T12:45:24.999Z,W4214307,9318,46.97407,7.51541,32958.7,5.6,2.6,238.8,-37.4,0.0,-1.0,RS41-SG,404.500,7.8,625,10,2.7,,
2026-08-25T12:45:25.999Z,W4214307,9319,46.97406,7.51539,32963.5,4.0,0.5,237.0,-37.5,0.0,-1.0,RS41-SG,404.500,8.9,625,10,2.7,,
2026-08-25T12:45:26.999Z,W4214307,9320,46.97406,7.51539,32967.4,3.8,1.5,29.1,-37.6,0.0,-1.0,RS41-SG,404.500,8.9,625,10,2.6,,
2026-08-25T12:45:27.999Z,W4214307,9321,46.97408,7.51540,32971.5,4.3,3.1,13.3,-37.7,0.0,-1.0,RS41-SG,404.500,7.8,625,10,2.6,,
2026-08-25T12:45:28.999Z,W4214307,9322,46.97412,7.51540,32976.1,5.0,4.7,352.8,-37.7,0.0,-1.0,RS41-SG,404.500,8.5,625,10,2.6,,
2026-08-25T12:45:29.999Z,W4214307,9323,46.97416,7.51538,32981.2,5.1,6.2,335.0,-37.6,0.0,-1.0,RS41-SG,404.500,8.5,625,10,2.7,,
2026-08-25T12:45:30.999Z,W4214307,9324,46.97422,7.51533,32986.1,4.5,7.9,321.9,-37.5,0.0,-1.0,RS41-SG,404.500,8.3,625,10,2.7,,
2026-08-25T12:45:31.999Z,W4214307,9325,46.97427,7.51526,32990.2,3.7,9.1,313.6,-37.5,0.0,-1.0,RS41-SG,404.500,8.3,625,10,2.7,,
2026-08-25T12:45:32.999Z,W4214307,9326,46.97433,7.51516,32994.0,3.7,9.8,308.3,-37.6,0.0,-1.0,RS41-SG,404.500,8.0,625,10,2.6,,
2026-08-25T12:45:36.999Z,W4214307,9330,46.97450,7.51486,33015.4,5.5,4.0,325.2,-37.4,0.0,-1.0,RS41-SG,404.500,7.6,625,10,2.7,,
2026-08-25T12:45:37.999Z,W4214307,9331,46.97452,7.51484,33020.1,3.7,2.4,340.8,-37.4,0.0,-1.0,RS41-SG,404.500,7.6,625,10,2.7,,
2026-08-25T12:45:38.999Z,W4214307,9332,46.97454,7.51483,33023.8,3.7,0.8,3.5,-37.4,0.0,-1.0,RS41-SG,404.500,8.6,625,10,2.6,,
2026-08-25T12:45:39.999Z,W4214307,9333,46.97454,7.51483,33027.9,4.5,0.8,193.2,-37.4,0.0,-1.0,RS41-SG,404.500,8.6,625,10,2.6,,
2026-08-25T12:45:41.999Z,W4214307,9335,46.97451,7.51479,33038.6,5.7,4.1,231.2,-37.5,0.0,-1.0,RS41-SG,404.500,6.9,625,10,2.7,,
2026-08-25T12:45:47.999Z,W4214307,9341,46.97466,7.51440,33068.8,3.5,10.1,342.3,-37.2,0.0,-1.0,RS41-SG,404.500,8.1,625,10,2.7,,
2026-08-25T12:45:48.999Z,W4214307,9342,46.97475,7.51436,33072.9,4.9,10.0,348.8,-37.3,0.0,-1.0,RS41-SG,404.500,8.1,625,10,2.6,,
2026-08-25T12:45:49.999Z,W4214307,9343,46.97483,7.51434,33078.6,6.6,8.3,349.7,-37.3,0.0,-1.0,RS41-SG,404.500,7.6,625,10,2.6,,
2026-08-25T12:45:50.999Z,W4214307,9344,46.97489,7.51432,33085.4,7.0,5.7,342.1,-37.3,0.0,-1.0,RS41-SG,404.500,8.0,625,10,2.7,,
2026-08-25T12:45:52.999Z,W4214307,9346,46.97494,7.51426,33095.7,3.3,2.7,288.9,-37.3,0.0,-1.0,RS41-SG,404.500,7.3,625,10,2.6,,
2026-08-25T12:45:54.999Z,W4214307,9348,46.97494,7.51420,33104.3,5.8,2.5,243.5,-37.3,0.0,-1.0,RS41-SG,404.500,6.5,625,10,2.7,,
2026-08-25T12:45:57.999Z,W4214307,9351,46.97495,7.51414,33121.1,5.1,2.5,336.8,-37.1,0.0,-1.0,RS41-SG,404.500,7.2,625,10,2.6,,
2026-08-25T12:45:58.999Z,W4214307,9352,46.97497,7.51413,33126.5,5.6,3.8,336.2,-37.0,0.0,-1.0,RS41-SG,404.500,7.2,625,10,2.7,,
2026-08-25T12:45:59.999Z,W4214307,9353,46.97501,7.51410,33132.4,6.2,4.7,326.9,-37.0,0.0,-1.0,RS41-SG,404.500,7.0,625,10,2.7,,
2026-08-25T12:46:07.999Z,W4214307,9361,46.97528,7.51394,33175.5,4.9,3.2,46.1,-36.6,0.0,-1.0,RS41-SG,404.500,6.7,625,10,2.6,,
2026-08-25T12:46:08.999Z,W4214307,9362,46.97529,7.51396,33181.0,6.0,2.0,85.0,-36.6,0.0,-1.0,RS41-SG,404.500,7.3,625,10,2.6,,
2026-08-25T12:46:09.999Z,W4214307,9363,46.97528,7.51398,33187.1,6.4,1.9,158.8,-36.6,0.0,-1.0,RS41-SG,404.500,7.5,625,10,2.6,,
2026-08-25T12:46:23.999Z,W4214307,9377,46.97553,7.51351,33267.7,6.7,0.6,208.1,-36.3,0.0,-1.0,RS41-SG,404.500,6.4,625,10,2.6,,
2026-08-25T12:46:25.999Z,W4214307,9379,46.97554,7.51351,33280.4,5.8,1.4,351.5,-36.4,0.0,-1.0,RS41-SG,404.500,6.9,625,10,2.7,,
