timestamp,serial,frame,lat,lon,alt,vel_v,vel_h,heading,temp,humidity,pressure,type,freq_mhz,snr,f_error_hz,sats,batt_v,burst_timer,aux_data
2026-09-01T11:15:39.999Z,V3650241,5926,44.62522,8.66353,17362.2,4.6,16.4,89.5,-273.0,-1.0,-1.0,RS41,403.700,6.5,250,8,2.6,,
2026-09-01T11:16:26.999Z,V3650241,5973,44.62476,8.67096,17561.7,4.2,10.6,112.0,-273.0,-1.0,-1.0,RS41,403.700,6.8,250,8,2.7,,
2026-09-01T11:16:32.999Z,V3650241,5979,44.62452,8.67166,17586.0,3.2,9.2,114.7,-273.0,-1.0,-1.0,RS41,403.700,6.5,250,8,2.6,,
2026-09-01T11:16:37.999Z,V3650241,5984,44.62437,8.67216,17605.0,3.6,8.0,110.7,-273.0,-1.0,-1.0,RS41,403.700,7.9,250,8,2.7,,
2026-09-01T11:16:40.999Z,V3650241,5987,44.62428,8.67242,17616.7,3.9,8.2,121.7,-273.0,-1.0,-1.0,RS41,403.700,7.2,250,8,2.6,,
2026-09-01T11:16:41.999Z,V3650241,5988,44.62424,8.67251,17620.1,3.0,8.5,122.9,-273.0,-1.0,-1.0,RS41,403.700,7.2,250,8,2.7,,
2026-09-01T11:17:00.999Z,V3650241,6007,44.62357,8.67415,17693.7,3.6,8.7,128.7,-273.0,-1.0,-1.0,RS41,403.700,6.4,250,8,2.7,,
2026-09-01T11:17:01.999Z,V3650241,6008,44.62352,8.67424,17697.6,4.6,8.2,125.3,-273.0,-1.0,-1.0,RS41,403.700,7.5,250,8,2.7,,
2026-09-01T11:17:32.999Z,V3650241,6039,44.62248,8.67581,17820.4,4.5,4.8,138.6,-273.0,-1.0,-1.0,RS41,403.700,7.2,250,8,2.6,,
2026-09-01T11:17:34.999Z,V3650241,6041,44.62242,8.67588,17829.4,4.3,4.2,148.8,-273.0,-1.0,-1.0,RS41,403.700,7.1,250,8,2.7,,
2026-09-01T11:17:36.999Z,V3650241,6043,44.62237,8.67593,17838.9,4.5,2.7,128.3,-273.0,-1.0,-1.0,RS41,403.700,7.1,250,8,2.6,,
2026-09-01T11:17:40.999Z,V3650241,6047,44.62236,8.67599,17856.3,3.5,0.4,356.6,-273.0,-1.0,-1.0,RS41,403.700,6.9,250,8,2.6,,
2026-09-01T11:17:41.999Z,V3650241,6048,44.62237,8.67599,17859.8,3.1,0.5,326.7,-273.0,-1.0,-1.0,RS41,403.700,7.3,250,8,2.7,,
2026-09-01T11:17:42.999Z,V3650241,6049,44.62237,8.67599,17863.3,3.9,0.7,356.2,-273.0,-1.0,-1.0,RS41,403.700,8.2,250,8,2.7,,
2026-09-01T11:17:43.999Z,V3650241,6050,44.62238,8.67599,17867.8,5.0,1.5,25.2,-273.0,-1.0,-1.0,RS41,403.700,8.2,250,8,2.6,,
2026-09-01T11:17:49.999Z,V3650241,6056,44.62240,8.67609,17892.7,4.3,1.3,125.1,-273.0,-1.0,-1.0,RS41,403.700,7.3,250,8,2.6,,
2026-09-01T11:17:58.999Z,V3650241,6065,44.62244,8.67626,17930.2,3.7,2.7,69.8,-273.0,-1.0,-1.0,RS41,403.700,7.0,250,8,2.7,,
2026-09-01T11:17:59.999Z,V3650241,6066,44.62245,8.67630,17933.9,4.4,2.7,76.5,-273.0,-1.0,-1.0,RS41,403.700,7.3,250,8,2.7,,
2026-09-01T11:18:00.999Z,V3650241,6067,44.62245,8.67633,17938.5,4.6,2.4,83.0,-273.0,-1.0,-1.0,RS41,403.700,7.5,250,8,2.6,,
2026-09-01T11:18:01.999Z,V3650241,6068,44.62245,8.67636,17942.6,3.8,2.3,86.0,-273.0,-1.0,-1.0,RS41,403.700,7.5,250,8,2.6,,
2026-09-01T11:18:02.999Z,V3650241,6069,44.62246,8.67639,17946.8,4.1,2.5,82.0,-273.0,-1.0,-1.0,RS41,403.700,8.6,250,8,2.7,,
2026-09-01T11:18:03.999Z,V3650241,6070,44.62246,8.67642,17951.0,4.6,3.2,78.4,-273.0,-1.0,-1.0,RS41,403.700,8.6,250,8,2.7,,
2026-09-01T11:18:04.999Z,V3650241,6071,44.62247,8.67646,17954.8,2.8,3.5,74.1,-273.0,-1.0,-1.0,RS41,403.700,7.3,250,8,2.6,,
2026-09-01T11:18:05.999Z,V3650241,6072,44.62248,8.67651,17958.3,3.9,3.7,74.1,-273.0,-1.0,-1.0,RS41,403.700,7.3,250,8,2.6,,
2026-09-01T11:18:12.999Z,V3650241,6079,44.62254,8.67672,17987.6,4.3,2.4,62.3,-273.0,-1.0,-1.0,RS41,403.700,8.3,250,8,2.6,,
2026-09-01T11:18:13.999Z,V3650241,6080,44.62255,8.67675,17991.8,4.2,1.7,61.9,-273.0,-1.0,-1.0,RS41,403.700,8.3,250,8,2.7,,
2026-09-01T11:18:14.999Z,V3650241,6081,44.62256,8.67677,17995.4,3.2,1.5,74.3,-273.0,-1.0,-1.0,RS41,403.700,8.0,250,8,2.7,,
2026-09-01T11:18:17.999Z,V3650241,6084,44.62258,8.67685,18007.5,3.5,3.3,61.8,-273.0,-1.0,-1.0,RS41,403.700,7.4,250,8,2.6,,
2026-09-01T11:18:26.999Z,V3650241,6093,44.62273,8.67715,18047.1,4.2,2.7,79.1,-273.0,-1.0,-1.0,RS41,403.700,7.6,250,8,2.6,,
2026-09-01T11:18:32.999Z,V3650241,6099,44.62281,8.67746,18074.3,4.8,4.3,47.5,-273.0,-1.0,-1.0,RS41,403.700,6.5,250,8,2.7,,
2026-09-01T11:18:37.999Z,V3650241,6104,44.62299,8.67759,18096.3,4.0,5.0,40.4,-273.0,-1.0,-1.0,RS41,403.700,6.9,250,8,2.6,,
2026-09-01T11:18:38.999Z,V3650241,6105,44.62302,8.67764,18100.4,4.4,5.1,58.9,-273.0,-1.0,-1.0,RS41,403.700,7.8,-125,8,2.7,,
2026-09-01T11:18:39.999Z,V3650241,6106,44.62304,8.67770,18104.7,4.6,5.3,77.6,-273.0,-1.0,-1.0,RS41,403.700,7.8,250,8,2.7,,
2026-09-01T11:18:41.999Z,V3650241,6108,44.62305,8.67784,18112.2,3.7,5.6,86.5,-273.0,-1.0,-1.0,RS41,403.700,6.7,250,8,2.6,,
2026-09-01T11:18:43.999Z,V3650241,6110,44.62307,8.67798,18120.9,3.5,6.1,66.5,-273.0,-1.0,-1.0,RS41,403.700,6.7,250,8,2.6,,
2026-09-01T11:18:44.999Z,V3650241,6111,44.62310,8.67805,18124.5,4.2,6.2,56.3,-273.0,-1.0,-1.0,RS41,403.700,6.6,250,8,2.7,,
2026-09-01T11:18:59.999Z,V3650241,6126,44.62351,8.67893,18186.2,3.7,6.8,70.6,-273.0,-1.0,-1.0,RS41,403.700,7.3,250,8,2.7,,
2026-09-01T11:19:16.999Z,V3650241,6143,44.62402,8.68035,18258.8,5.3,9.8,64.4,-273.0,-1.0,-1.0,RS41,403.700,8.1,250,8,2.6,,
2026-09-01T11:19:17.999Z,V3650241,6144,44.62405,8.68046,18263.1,3.7,9.8,69.1,-273.0,-1.0,-1.0,RS41,403.700,8.1,250,8,2.7,,
2026-09-01T11:19:22.999Z,V3650241,6149,44.62422,8.68099,18284.3,5.0,8.3,63.4,-273.0,-1.0,-1.0,RS41,403.700,6.6,250,8,2.7,,
2026-09-01T11:19:23.999Z,V3650241,6150,44.62425,8.68108,18288.8,4.3,7.9,65.9,-273.0,-1.0,-1.0,RS41,403.700,8.6,250,8,2.7,,
2026-09-01T11:19:25.999Z,V3650241,6152,44.62430,8.68126,18298.2,5.3,8.1,67.0,-273.0,-1.0,-1.0,RS41,403.700,8.0,250,8,2.6,,
2026-09-01T11:19:29.999Z,V3650241,6156,44.62443,8.68170,18316.0,3.8,10.9,69.1,-273.0,-1.0,-1.0,RS41,403.700,7.6,250,8,2.7,,
2026-09-01T11:19:31.999Z,V3650241,6158,44.62451,8.68195,18325.1,4.4,10.7,62.7,-273.0,-1.0,-1.0,RS41,403.700,7.1,250,8,2.6,,
2026-09-01T11:19:32.999Z,V3650241,6159,44.62456,8.68207,18329.2,3.5,10.5,59.3,-273.0,-1.0,-1.0,RS41,403.700,7.7,250,8,2.6,,
2026-09-01T11:19:35.999Z,V3650241,6162,44.62471,8.68241,18340.5,4.2,11.5,62.1,-273.0,-1.0,-1.0,RS41,403.700,7.9,250,8,2.7,,
2026-09-01T11:19:41.999Z,V3650241,6168,44.62488,8.68320,18364.6,4.3,11.4,78.3,-273.0,-1.0,-1.0,RS41,403.700,6.6,250,8,2.6,,
2026-09-01T11:19:42.999Z,V3650241,6169,44.62491,8.68335,18368.6,3.5,12.1,77.0,-273.0,-1.0,-1.0,RS41,403.700,7.5,250,8,2.7,,
2026-09-01T11:19:43.999Z,V3650241,6170,44.62493,8.68350,18372.4,4.0,12.5,72.5,-273.0,-1.0,-1.0,RS41,403.700,7.6,250,8,2.7,,
2026-09-01T11:19:44.999Z,V3650241,6171,44.62497,8.68364,18376.7,4.7,12.4,68.1,-273.0,-1.0,-1.0,RS41,403.700,7.6,250,8,2.6,,
2026-09-01T11:19:48.999Z,V3650241,6175,44.62518,8.68422,18392.4,3.5,13.6,63.3,-273.0,-1.0,-1.0,RS41,403.700,7.1,250,8,2.7,,
2026-09-01T11:19:49.999Z,V3650241,6176,44.62523,8.68437,18395.8,3.7,13.1,66.7,-273.0,-1.0,-1.0,RS41,403.700,8.5,250,8,2.7,,
2026-09-01T11:20:00.999Z,V3650241,6187,44.62561,8.68586,18438.9,4.7,12.3,63.7,-273.0,-1.0,-1.0,RS41,403.700,7.4,250,8,2.7,,
2026-09-01T11:20:06.999Z,V3650241,6193,44.62588,8.68671,18463.1,4.5,12.2,72.0,-273.0,-1.0,-1.0,RS41,403.700,7.3,250,8,2.6,,
2026-09-01T11:20:07.999Z,V3650241,6194,44.62591,8.68686,18466.8,3.1,12.5,74.1,-273.0,-1.0,-1.0,RS41,403.700,7.6,250,8,2.7,,
2026-09-01T11:20:08.999Z,V3650241,6195,44.62594,8.68702,18470.2,3.8,12.5,75.7,-273.0,-1.0,-1.0,RS41,403.700,7.7,250,8,2.7,,
2026-09-01T11:20:11.999Z,V3650241,6198,44.62601,8.68745,18481.7,4.4,11.8,76.7,-273.0,-1.0,-1.0,RS41,403.700,7.0,250,8,2.6,,
2026-09-01T11:20:13.999Z,V3650241,6200,44.62607,8.68775,18489.8,3.5,12.6,75.1,-273.0,-1.0,-1.0,RS41,403.700,7.2,250,8,2.7,,
2026-09-01T11:20:14.999Z,V3650241,6201,44.62610,8.68790,18493.7,4.5,12.5,73.4,-273.0,-1.0,-1.0,RS41,403.700,7.4,250,8,2.7,,
2026-09-01T11:20:15.999Z,V3650241,6202,44.62613,8.68805,18498.0,4.2,12.1,71.7,-273.0,-1.0,-1.0,RS41,403.700,7.5,250,8,2.6,,
2026-09-01T11:20:16.999Z,V3650241,6203,44.62616,8.68819,18501.9,3.1,11.9,70.0,-273.0,-1.0,-1.0,RS41,403.700,7.5,250,8,2.6,,
2026-09-01T11:20:17.999Z,V3650241,6204,44.62620,8.68833,18505.8,4.2,12.3,68.2,-273.0,-1.0,-1.0,RS41,403.700,7.4,250,8,2.6,,
2026-09-01T11:20:18.999Z,V3650241,6205,44.62625,8.68848,18509.8,3.8,12.7,67.8,-273.0,-1.0,-1.0,RS41,403.700,8.2,250,8,2.7,,
2026-09-01T11:20:19.999Z,V3650241,6206,44.62629,8.68863,18513.2,3.5,13.1,68.6,-273.0,-1.0,-1.0,RS41-SG,403.700,8.2,250,8,2.7,,
2026-09-01T11:20:20.999Z,V3650241,6207,44.62633,8.68878,18517.5,4.8,13.0,69.7,-273.0,-1.0,-1.0,RS41-SG,403.700,7.4,250,8,2.7,,
2026-09-01T11:20:29.000Z,V3650241,6215,44.62648,8.69002,18548.3,3.5,11.8,88.9,-273.0,-1.0,-1.0,RS41-SG,403.700,6.8,250,8,2.7,,
2026-09-01T11:20:30.000Z,V3650241,6216,44.62649,8.69017,18551.8,3.6,11.4,85.6,-273.0,-1.0,-1.0,RS41-SG,403.700,7.5,250,8,2.7,,
2026-09-01T11:20:32.000Z,V3650241,6218,44.62653,8.69046,18560.0,3.5,12.2,73.3,-273.0,-1.0,-1.0,RS41-SG,403.700,7.9,250,8,2.6,,
2026-09-01T11:20:33.000Z,V3650241,6219,44.62657,8.69060,18563.3,2.9,12.5,68.3,-273.0,-1.0,-1.0,RS41-SG,403.700,8.0,250,8,2.7,,
2026-09-01T11:20:35.000Z,V3650241,6221,44.62665,8.69089,18571.1,4.8,11.9,65.9,-273.0,-1.0,-1.0,RS41-SG,403.700,7.2,250,8,2.6,,
2026-09-01T11:20:38.000Z,V3650241,6224,44.62675,8.69130,18583.2,4.6,11.7,79.3,-273.0,-1.0,-1.0,RS41-SG,403.700,7.4,250,8,2.7,,
2026-09-01T11:20:39.000Z,V3650241,6225,44.62676,8.69145,18587.2,3.6,12.0,84.0,-273.0,-1.0,-1.0,RS41-SG,403.700,7.9,250,8,2.7,,
2026-09-01T11:20:43.000Z,V3650241,6229,44.62675,8.69202,18603.0,4.6,10.5,91.7,-57.1,-1.0,-1.0,RS41-SG,403.700,6.6,250,8,2.6,,
2026-09-01T11:20:44.000Z,V3650241,6230,44.62676,8.69215,18607.3,4.2,10.4,85.9,-57.2,-1.0,-1.0,RS41-SG,403.700,6.8,250,8,2.7,,
2026-09-01T11:20:46.000Z,V3650241,6232,44.62678,8.69241,18615.5,4.8,10.1,78.1,-57.2,-1.0,-1.0,RS41-SG,403.700,7.0,250,8,2.7,,
2026-09-01T11:20:47.000Z,V3650241,6233,44.62680,8.69253,18620.0,3.7,9.7,78.0,-57.2,-1.0,-1.0,RS41-SG,403.700,7.4,250,8,2.6,,
2026-09-01T11:21:23.000Z,V3650241,6269,44.62667,8.69636,18778.9,6.4,5.8,88.4,-55.8,-1.0,-1.0,RS41-SG,403.700,7.3,250,8,2.7,,
2026-09-01T11:21:29.000Z,V3650241,6275,44.62655,8.69681,18810.0,6.0,5.4,113.0,-55.8,-1.0,-1.0,RS41-SG,403.700,8.1,250,8,2.7,,
2026-09-01T11:22:06.000Z,V3650241,6312,44.62765,8.69833,18985.6,4.4,7.2,26.0,-56.7,-1.0,-1.0,RS41-SG,403.700,6.5,250,8,2.7,,
2026-09-01T11:22:07.000Z,V3650241,6313,44.62770,8.69837,18989.7,3.9,6.3,28.7,-56.7,-1.0,-1.0,RS41-SG,403.700,6.9,250,8,2.6,,
2026-09-01T11:22:14.000Z,V3650241,6320,44.62797,8.69850,19020.2,4.6,5.2,27.1,-56.9,-1.0,-1.0,RS41-SG,403.700,6.4,250,8,2.7,,
2026-09-01T11:22:16.000Z,V3650241,6322,44.62808,8.69857,19029.4,3.8,8.0,20.3,-57.1,-1.0,-1.0,RS41-SG,403.700,6.6,250,8,2.6,,
2026-09-01T11:22:26.000Z,V3650241,6332,44.62875,8.69890,19070.7,3.8,4.9,25.1,-57.3,-1.0,-1.0,RS41-SG,403.700,6.6,250,8,2.7,,
2026-09-01T11:22:44.000Z,V3650241,6350,44.62975,8.69990,19145.4,3.4,5.9,47.1,-57.2,-1.0,-1.0,RS41-SG,403.700,6.8,250,8,2.7,,
2026-09-01T11:22:49.000Z,V3650241,6355,44.62995,8.70022,19166.3,5.0,6.8,53.5,-56.9,-1.0,-1.0,RS41-SG,403.700,7.4,250,8,2.7,,
2026-09-01T11:22:52.000Z,V3650241,6358,44.63004,8.70040,19179.3,4.5,4.9,45.8,-56.8,-1.0,-1.0,RS41-SG,403.700,7.0,250,8,2.6,,
2026-09-01T11:22:58.000Z,V3650241,6364,44.63025,8.70057,19203.0,4.4,4.3,34.1,-56.4,-1.0,-1.0,RS41-SG,403.700,8.1,250,8,2.6,,
2026-09-01T11:23:07.000Z,V3650241,6373,44.63052,8.70070,19242.2,5.1,3.2,12.1,-55.9,-1.0,-1.0,RS41-SG,403.700,7.0,250,8,2.6,,
2026-09-01T11:23:09.000Z,V3650241,6375,44.63057,8.70074,19250.7,4.1,3.8,37.9,-55.6,-1.0,-1.0,RS41-SG,403.700,6.6,250,8,2.7,,
2026-09-01T11:23:22.000Z,V3650241,6388,44.63089,8.70119,19305.4,4.3,2.5,57.4,-55.0,-1.0,-1.0,RS41-SG,403.700,7.1,250,8,2.6,,
2026-09-01T11:23:59.000Z,V3650241,6425,44.63141,8.70328,19473.3,4.4,6.8,81.4,-55.8,-1.0,-1.0,RS41-SG,403.700,6.7,250,8,2.6,,
2026-09-01T11:27:38.000Z,V3650241,6644,44.63286,8.70845,20440.3,4.7,3.4,343.2,-54.8,-1.0,-1.0,RS41-SG,403.700,7.4,250,9,2.6,,
2026-09-01T11:27:39.000Z,V3650241,6645,44.63289,8.70844,20444.9,4.4,3.6,347.3,-54.9,-1.0,-1.0,RS41-SG,403.700,7.5,250,9,2.7,,
2026-09-01T11:27:41.000Z,V3650241,6647,44.63295,8.70841,20454.0,4.8,3.5,329.0,-54.8,-1.0,-1.0,RS41-SG,403.700,6.9,250,9,2.6,,
2026-09-01T11:29:26.000Z,V3650241,6752,44.63433,8.70899,20910.1,4.6,5.8,61.0,-54.4,-1.0,-1.0,RS41-SG,403.700,7.1,250,9,2.7,,
2026-09-01T11:29:56.000Z,V3650241,6782,44.63461,8.71003,21046.4,4.1,2.4,58.8,-53.9,-1.0,-1.0,RS41-SG,403.700,7.1,250,9,2.6,,
2026-09-01T11:29:58.000Z,V3650241,6784,44.63464,8.71008,21055.8,4.9,3.0,49.0,-53.8,-1.0,-1.0,RS41-SG,403.700,7.2,250,9,2.7,,
2026-09-01T11:30:22.000Z,V3650241,6808,44.63495,8.71027,21165.7,4.1,3.3,343.0,-54.0,-1.0,-1.0,RS41-SG,403.700,7.9,250,9,2.7,,
2026-09-01T11:32:05.999Z,V3650241,6912,44.64171,8.70964,21634.3,5.3,8.7,33.1,-54.3,-1.0,-1.0,RS41-SG,403.700,7.1,250,9,2.7,,
2026-09-01T11:32:07.999Z,V3650241,6914,44.64182,8.70977,21643.8,4.1,7.3,45.5,-54.4,-1.0,-1.0,RS41-SG,403.700,7.4,250,9,2.6,,
2026-09-01T11:32:08.999Z,V3650241,6915,44.64186,8.70983,21648.1,4.6,6.9,44.5,-54.3,-1.0,-1.0,RS41-SG,403.700,7.9,250,8,2.6,,
2026-09-01T11:32:09.999Z,V3650241,6916,44.64191,8.70989,21653.2,5.5,6.9,37.4,-54.3,-1.0,-1.0,RS41-SG,403.700,7.9,250,9,2.7,,
2026-09-01T11:32:17.999Z,V3650241,6924,44.64236,8.71040,21689.4,3.9,9.1,41.1,-54.2,-1.0,-1.0,RS41-SG,403.700,7.1,250,8,2.6,,
2026-09-01T11:32:18.999Z,V3650241,6925,44.64242,8.71048,21693.4,3.9,9.1,42.4,-54.3,-1.0,-1.0,RS41-SG,403.700,7.1,250,9,2.6,,
2026-09-01T11:32:22.999Z,V3650241,6929,44.64259,8.71082,21710.6,3.5,7.2,66.3,-54.2,-1.0,-1.0,RS41-SG,403.700,8.0,250,9,2.7,,
2026-09-01T11:32:23.999Z,V3650241,6930,44.64262,8.71090,21714.9,4.5,6.1,67.8,-54.1,-1.0,-1.0,RS41-SG,403.700,8.0,250,9,2.6,,
2026-09-01T11:32:26.999Z,V3650241,6933,44.64269,8.71106,21728.5,4.7,5.1,48.4,-54.1,-1.0,-1.0,RS41-SG,403.700,7.0,250,9,2.7,,
2026-09-01T11:32:28.999Z,V3650241,6935,44.64276,8.71118,21738.9,4.3,6.6,57.2,-54.3,-1.0,-1.0,RS41-SG,403.700,7.5,250,9,2.7,,
2026-09-01T11:33:19.999Z,V3650241,6986,44.64271,8.71548,21977.4,4.5,3.6,127.6,-53.1,-1.0,-1.0,RS41-SG,403.700,7.2,250,9,2.7,,
2026-09-01T11:33:36.999Z,V3650241,7003,44.64233,8.71645,22057.0,4.7,6.4,139.4,-52.7,-1.0,-1.0,RS41-SG,403.700,7.5,250,9,2.7,,
2026-09-01T11:33:53.999Z,V3650241,7020,44.64169,8.71697,22135.3,4.7,4.2,165.6,-52.9,-1.0,-1.0,RS41-SG,403.700,7.4,250,9,2.6,,
2026-09-01T11:34:00.999Z,V3650241,7027,44.64144,8.71707,22168.0,5.3,4.5,168.2,-52.8,-1.0,-1.0,RS41-SG,403.700,6.7,250,9,2.6,,
2026-09-01T11:34:03.999Z,V3650241,7030,44.64130,8.71713,22182.5,4.9,6.0,162.8,-52.7,-1.0,-1.0,RS41-SG,403.700,6.2,250,9,2.7,,
2026-09-01T11:34:10.999Z,V3650241,7037,44.64093,8.71717,22215.3,5.5,5.5,182.6,-52.8,-1.0,-1.0,RS41-SG,403.700,6.8,250,9,2.7,,
2026-09-01T11:34:11.999Z,V3650241,7038,44.64088,8.71716,22220.5,4.6,5.2,191.7,-52.8,-1.0,-1.0,RS41-SG,403.700,8.0,250,9,2.7,,
2026-09-01T11:35:05.999Z,V3650241,7092,44.63931,8.71480,22466.3,3.9,4.5,220.0,-52.8,-1.0,-1.0,RS41-SG,403.700,7.1,250,9,2.6,,
2026-09-01T11:35:08.999Z,V3650241,7095,44.63922,8.71466,22480.1,3.8,5.4,234.8,-52.8,-1.0,-1.0,RS41-SG,403.700,7.0,250,9,2.7,,
2026-09-01T11:35:17.999Z,V3650241,7104,44.63905,8.71426,22522.9,4.6,4.0,259.0,-53.0,-1.0,-1.0,RS41-SG,403.700,8.3,250,9,2.7,,
2026-09-01T11:36:00.999Z,V3650241,7147,44.63917,8.71126,22725.0,5.4,5.8,289.7,-53.4,-1.0,-1.0,RS41-SG,403.700,7.5,250,9,2.7,,
2026-09-01T11:36:28.999Z,V3650241,7175,44.63991,8.70979,22853.8,5.0,5.6,321.4,-53.6,-1.0,-1.0,RS41-SG,403.700,7.1,250,9,2.7,,
2026-09-01T11:36:43.999Z,V3650241,7190,44.64041,8.70921,22922.1,4.4,6.4,326.2,-54.0,-1.0,-1.0,RS41-SG,403.700,7.0,250,9,2.6,,
2026-09-01T11:37:13.999Z,V3650241,7220,44.64139,8.70842,23060.2,4.5,4.9,333.5,-54.0,-1.0,-1.0,RS41-SG,403.700,8.2,250,9,2.7,,
2026-09-01T11:37:17.999Z,V3650241,7224,44.64149,8.70836,23077.8,4.6,2.6,346.5,-53.9,-1.0,-1.0,RS41-SG,403.700,7.4,250,9,2.7,,
2026-09-01T11:37:21.999Z,V3650241,7228,44.64159,8.70829,23096.7,5.6,2.9,321.4,-54.0,-1.0,-1.0,RS41,403.700,8.1,250,9,2.7,,
2026-09-01T11:37:22.999Z,V3650241,7229,44.64161,8.70827,23101.7,4.5,2.4,317.0,-53.9,-1.0,-1.0,RS41,403.700,7.8,250,9,2.6,,
2026-09-01T11:37:23.999Z,V3650241,7230,44.64163,8.70825,23106.3,4.5,2.2,321.1,-53.9,-1.0,-1.0,RS41,403.700,8.5,250,9,2.6,,
2026-09-01T11:37:46.999Z,V3650241,7253,44.64224,8.70822,23215.4,5.1,3.4,5.2,-53.9,-1.0,-1.0,RS41,403.700,7.3,250,9,2.6,,
2026-09-01T11:37:47.999Z,V3650241,7254,44.64227,8.70822,23220.5,5.1,3.2,350.1,-53.9,-1.0,-1.0,RS41,403.700,7.5,250,9,2.6,,
2026-09-01T11:37:48.999Z,V3650241,7255,44.64229,8.70821,23225.3,4.6,2.8,340.5,-53.9,-1.0,-1.0,RS41,403.700,7.5,250,9,2.6,,
2026-09-01T11:38:06.999Z,V3650241,7273,44.64263,8.70854,23309.6,4.2,2.3,60.3,-54.1,-1.0,-1.0,RS41,403.700,7.0,250,9,2.6,,
2026-09-01T11:38:12.999Z,V3650241,7279,44.64271,8.70859,23338.7,4.2,0.9,321.4,-54.1,-1.0,-1.0,RS41,403.700,6.9,250,9,2.6,,
2026-09-01T11:38:14.999Z,V3650241,7281,44.64272,8.70856,23347.9,5.3,2.2,293.7,-54.1,-1.0,-1.0,RS41,403.700,7.9,250,9,2.7,,
2026-09-01T11:38:15.999Z,V3650241,7282,44.64274,8.70853,23353.4,5.5,3.2,301.3,-54.1,-1.0,-1.0,RS41,403.700,7.9,250,9,2.7,,
2026-09-01T11:38:25.999Z,V3650241,7292,44.64296,8.70854,23401.4,5.3,3.4,63.4,-53.8,-1.0,-1.0,RS41,403.700,8.0,250,9,2.7,,
2026-09-01T11:38:26.999Z,V3650241,7293,44.64297,8.70858,23406.2,4.6,3.0,76.6,-53.8,-1.0,-1.0,RS41,403.700,8.0,250,9,2.7,,
2026-09-01T11:38:27.999Z,V3650241,7294,44.64298,8.70861,23410.6,4.2,2.3,85.8,-53.8,-1.0,-1.0,RS41,403.700,7.5,250,9,2.7,,
2026-09-01T11:38:28.999Z,V3650241,7295,44.64298,8.70863,23415.3,5.4,1.1,101.7,-53.9,-1.0,-1.0,RS41,403.700,7.5,250,9,2.6,,
2026-09-01T11:38:38.999Z,V3650241,7305,44.64304,8.70862,23462.8,4.7,2.5,10.5,-53.6,-1.0,-1.0,RS41,403.700,7.5,250,9,2.7,,
2026-09-01T11:38:40.999Z,V3650241,7307,44.64307,8.70863,23473.2,5.6,1.0,54.0,-53.6,-1.0,-1.0,RS41,403.700,7.8,250,9,2.6,,
2026-09-01T11:38:41.999Z,V3650241,7308,44.64308,8.70865,23478.1,4.1,1.1,98.6,-53.5,-1.0,-1.0,RS41,403.700,7.9,250,9,2.6,,
2026-09-01T11:40:01.999Z,V3650241,7388,44.64286,8.70774,23867.2,5.7,2.7,336.1,-53.2,-1.0,-1.0,RS41,403.700,6.9,250,9,2.7,,
2026-09-01T11:41:00.999Z,V3650241,7447,44.64378,8.70644,24152.0,4.6,2.9,324.4,-52.1,-1.0,-1.0,RS41,403.700,6.5,250,9,2.6,,
2026-09-01T11:43:07.999Z,V3650241,7574,44.64295,8.70473,24757.0,6.1,6.4,229.1,-51.3,-1.0,-1.0,RS41,403.700,6.8,250,9,2.7,,
2026-09-01T11:43:13.999Z,V3650241,7580,44.64285,8.70432,24786.2,5.3,4.7,281.4,-51.2,-1.0,-1.0,RS41,403.700,7.2,250,9,2.7,,
2026-09-01T11:43:27.999Z,V3650241,7594,44.64287,8.70332,24854.5,4.9,6.1,277.6,-51.0,0.9,-1.0,RS41,403.700,7.9,250,9,2.7,,
2026-09-01T11:43:31.999Z,V3650241,7598,44.64292,8.70302,24873.4,5.0,5.8,290.3,-51.1,1.0,-1.0,RS41,403.700,7.2,250,9,2.7,,
2026-09-01T11:43:36.999Z,V3650241,7603,44.64302,8.70270,24898.0,5.4,7.3,285.4,-51.3,1.0,-1.0,RS41,403.700,7.6,250,9,2.6,,
2026-09-01T11:43:48.000Z,V3650241,7614,44.64323,8.70190,24953.0,5.1,4.7,319.7,-51.2,0.9,-1.0,RS41,403.700,6.7,250,9,2.6,,
2026-09-01T11:43:52.000Z,V3650241,7618,44.64340,8.70170,24973.0,5.4,8.3,311.4,-51.2,0.9,-1.0,RS41,403.700,7.6,250,9,2.7,,
2026-09-01T11:43:56.000Z,V3650241,7622,44.64357,8.70138,24993.7,4.7,6.2,306.1,-51.1,0.9,-1.0,RS41,403.700,7.1,250,9,2.7,,
2026-09-01T11:43:58.000Z,V3650241,7624,44.64363,8.70128,25002.5,4.8,4.6,315.6,-51.0,0.9,-1.0,RS41,403.700,6.7,250,9,2.7,,
2026-09-01T11:43:59.000Z,V3650241,7625,44.64366,8.70124,25007.7,5.4,4.8,322.9,-51.0,0.9,-1.0,RS41,403.700,6.7,250,9,2.6,,
2026-09-01T11:44:14.000Z,V3650241,7640,44.64452,8.70086,25081.0,4.5,6.1,3.0,-50.9,0.9,-1.0,RS41,403.700,6.7,250,9,2.7,,
2026-09-01T11:44:16.000Z,V3650241,7642,44.64464,8.70089,25091.2,5.4,7.6,7.4,-51.0,0.9,-1.0,RS41,403.700,7.8,250,9,2.7,,
2026-09-01T11:44:19.000Z,V3650241,7645,44.64484,8.70090,25105.5,5.0,5.8,358.0,-50.7,0.9,-1.0,RS41,403.700,7.3,250,9,2.6,,
2026-09-01T11:44:20.000Z,V3650241,7646,44.64488,8.70089,25110.8,5.6,4.3,357.4,-50.7,0.9,-1.0,RS41,403.700,7.3,250,9,2.7,,
2026-09-01T11:44:39.000Z,V3650241,7665,44.64559,8.70109,25207.1,5.0,2.9,355.8,-49.8,0.8,-1.0,RS41,403.700,7.1,250,9,2.7,,
2026-09-01T11:44:50.000Z,V3650241,7676,44.64594,8.70119,25264.9,5.4,2.9,29.8,-49.4,0.9,-1.0,RS41,403.700,7.3,250,9,2.7,,
2026-09-01T11:45:33.000Z,V3650241,7719,44.64672,8.70081,25481.0,4.6,1.1,321.6,-48.5,0.8,-1.0,RS41,403.700,7.4,250,9,2.7,,
2026-09-01T11:45:34.000Z,V3650241,7720,44.64673,8.70079,25486.0,5.3,2.7,301.1,-48.6,0.8,-1.0,RS41,403.700,7.4,250,9,2.7,,
2026-09-01T11:45:56.000Z,V3650241,7742,44.64723,8.70013,25595.8,4.9,2.6,338.5,-48.4,0.8,-1.0,RS41,403.700,6.9,250,9,2.7,,
2026-09-01T11:45:59.000Z,V3650241,7745,44.64734,8.70012,25610.7,3.8,5.0,356.3,-48.3,0.8,-1.0,RS41,403.700,7.8,250,9,2.6,,
2026-09-01T11:46:01.000Z,V3650241,7747,44.64742,8.70010,25620.8,5.7,4.4,344.6,-48.3,0.8,-1.0,RS41,403.700,7.4,250,9,2.6,,
2026-09-01T11:46:02.000Z,V3650241,7748,44.64746,8.70008,25626.0,5.1,3.9,335.0,-48.3,0.8,-1.0,RS41,403.700,7.4,250,9,2.7,,
2026-09-01T11:46:04.000Z,V3650241,7750,44.64752,8.70002,25637.0,5.9,4.7,316.4,-48.3,0.8,-1.0,RS41,403.700,6.6,250,9,2.7,,
2026-09-01T11:46:07.000Z,V3650241,7753,44.64763,8.69988,25652.2,5.4,5.6,316.9,-48.2,0.8,-1.0,RS41,403.700,7.6,250,9,2.6,,
2026-09-01T11:46:09.000Z,V3650241,7755,44.64769,8.69980,25662.4,4.1,4.1,322.8,-48.1,0.8,-1.0,RS41,403.700,6.8,250,9,2.7,,
2026-09-01T11:46:17.000Z,V3650241,7763,44.64795,8.69972,25702.8,4.2,1.4,314.8,-47.8,0.8,-1.0,RS41,403.700,7.2,250,9,2.7,,
2026-09-01T11:46:29.000Z,V3650241,7775,44.64821,8.69947,25763.2,5.1,2.8,8.1,-47.3,0.8,-1.0,RS41,403.700,7.2,250,9,2.7,,
2026-09-01T11:47:41.000Z,V3650241,7847,44.64857,8.69800,26125.2,4.6,3.7,327.6,-48.1,0.8,-1.0,RS41,403.700,6.9,250,9,2.6,,
2026-09-01T11:47:42.000Z,V3650241,7848,44.64859,8.69797,26129.7,4.3,4.4,318.7,-48.1,0.8,-1.0,RS41,403.700,6.9,250,9,2.7,,
2026-09-01T11:48:38.000Z,V3650241,7904,44.65144,8.69751,26423.0,4.8,4.4,19.0,-48.3,0.8,-1.0,RS41,403.700,7.3,250,9,2.7,,
2026-09-01T11:48:41.000Z,V3650241,7907,44.65154,8.69755,26439.1,5.8,2.9,4.6,-48.4,0.8,-1.0,RS41,403.700,7.8,250,9,2.6,,
2026-09-01T11:48:46.000Z,V3650241,7912,44.65167,8.69756,26464.5,4.2,4.6,16.8,-48.4,0.8,-1.0,RS41,403.700,6.7,250,9,2.6,,
2026-09-01T11:48:56.000Z,V3650241,7922,44.65209,8.69765,26517.0,5.1,6.6,0.4,-48.5,0.8,-1.0,RS41,403.700,7.2,250,9,2.7,,
2026-09-01T11:49:31.000Z,V3650241,7957,44.65462,8.69789,26699.9,5.5,10.6,4.3,-48.4,0.8,-1.0,RS41,403.700,7.3,250,9,2.7,,
2026-09-01T11:49:41.000Z,V3650241,7967,44.65555,8.69821,26752.1,4.5,10.3,22.9,-48.3,0.8,-1.0,RS41,403.700,7.5,250,9,2.6,,
2026-09-01T11:49:42.000Z,V3650241,7968,44.65564,8.69826,26757.0,5.1,9.7,24.5,-48.3,0.8,-1.0,RS41,403.700,7.7,250,9,2.6,,
2026-09-01T11:49:46.000Z,V3650241,7972,44.65589,8.69844,26777.9,5.2,7.5,24.4,-48.2,0.8,-1.0,RS41,403.700,7.9,250,9,2.7,,
2026-09-01T11:49:47.000Z,V3650241,7973,44.65596,8.69848,26783.3,5.7,8.2,23.6,-48.1,0.8,-1.0,RS41,403.700,7.9,250,9,2.6,,
2026-09-01T11:49:49.000Z,V3650241,7975,44.65610,8.69856,26793.3,4.5,9.0,22.5,-48.0,0.8,-1.0,RS41,403.700,7.6,250,9,2.6,,
2026-09-01T11:49:54.000Z,V3650241,7980,44.65636,8.69878,26819.0,4.5,5.6,50.0,-48.0,0.8,-1.0,RS41,403.700,7.0,250,9,2.6,,
2026-09-01T11:49:56.000Z,V3650241,7982,44.65643,8.69890,26830.0,5.2,7.1,51.2,-48.0,0.8,-1.0,RS41,403.700,8.1,250,9,2.7,,
2026-09-01T11:49:57.000Z,V3650241,7983,44.65647,8.69897,26834.9,5.2,7.4,49.9,-48.0,0.8,-1.0,RS41,403.700,8.1,250,9,2.6,,
2026-09-01T11:49:58.000Z,V3650241,7984,44.65652,8.69904,26840.5,5.7,7.1,47.1,-48.0,0.8,-1.0,RS41,403.700,8.0,250,9,2.6,,
2026-09-01T11:49:59.000Z,V3650241,7985,44.65656,8.69910,26846.4,6.1,6.1,43.8,-48.0,0.8,-1.0,RS41,403.700,8.0,250,9,2.7,,
2026-09-01T11:50:06.000Z,V3650241,7992,44.65673,8.69944,26880.7,5.1,5.5,89.2,-47.9,0.8,-1.0,RS41,403.700,7.3,250,9,2.6,,
2026-09-01T11:50:07.000Z,V3650241,7993,44.65672,8.69951,26886.0,5.4,5.7,100.6,-48.0,0.8,-1.0,RS41,403.700,7.5,250,9,2.6,,
2026-09-01T11:50:08.000Z,V3650241,7994,44.65671,8.69958,26890.8,4.5,5.6,106.8,-48.1,0.8,-1.0,RS41,403.700,8.9,250,9,2.6,,
2026-09-01T11:50:09.000Z,V3650241,7995,44.65670,8.69964,26895.2,4.6,5.0,105.6,-48.1,0.8,-1.0,RS41,403.700,8.9,250,9,2.7,,
2026-09-01T11:50:11.000Z,V3650241,7997,44.65670,8.69974,26906.3,5.7,3.8,67.8,-48.0,0.8,-1.0,RS41,403.700,7.2,250,9,2.7,,
2026-09-01T11:50:12.000Z,V3650241,7998,44.65672,8.69978,26911.2,4.1,4.0,48.5,-47.8,0.7,-1.0,RS41,403.700,7.3,250,9,2.6,,
2026-09-01T11:50:13.000Z,V3650241,7999,44.65674,8.69982,26915.6,4.4,4.2,30.7,-47.7,0.7,-1.0,RS41,403.700,8.9,250,9,2.6,,
2026-09-01T11:50:14.000Z,V3650241,8000,44.65678,8.69984,26920.6,5.1,3.8,20.6,-47.6,0.7,-1.0,RS41,403.700,8.9,250,9,2.6,,
2026-09-01T11:50:16.000Z,V3650241,8002,44.65683,8.69986,26930.8,4.7,2.3,27.3,-47.2,0.7,-1.0,RS41,403.700,8.5,250,9,2.7,,
2026-09-01T11:50:18.000Z,V3650241,8004,44.65685,8.69992,26940.2,4.9,4.0,75.9,-47.0,0.7,-1.0,RS41,403.700,8.6,250,9,2.6,,
2026-09-01T11:50:19.000Z,V3650241,8005,44.65686,8.69998,26945.5,5.3,5.8,78.4,-47.0,0.7,-1.0,RS41,403.700,8.6,250,9,2.6,,
2026-09-01T11:50:20.000Z,V3650241,8006,44.65687,8.70006,26950.3,4.4,7.0,78.7,-47.0,0.7,-1.0,RS41,403.700,8.7,250,9,2.7,,
2026-09-01T11:50:21.000Z,V3650241,8007,44.65689,8.70015,26954.7,4.5,7.6,75.9,-47.0,0.7,-1.0,RS41,403.700,8.7,250,9,2.7,,
2026-09-01T11:50:22.000Z,V3650241,8008,44.65690,8.70024,26959.7,5.8,7.1,76.3,-46.9,0.7,-1.0,RS41,403.700,8.4,250,9,2.6,,
2026-09-01T11:50:23.000Z,V3650241,8009,44.65692,8.70032,26965.5,5.9,5.6,76.9,-46.8,0.7,-1.0,RS41,403.700,8.9,250,9,2.6,,
2026-09-01T11:50:24.000Z,V3650241,8010,44.65693,8.70038,26970.5,4.2,4.2,74.2,-46.8,0.7,-1.0,RS41,403.700,8.9,250,9,2.7,,
2026-09-01T11:50:26.000Z,V3650241,8012,44.65695,8.70044,26979.4,5.1,2.6,39.3,-46.9,0.7,-1.0,RS41,403.700,9.1,250,9,2.6,,
2026-09-01T11:50:29.000Z,V3650241,8015,44.65702,8.70049,26994.0,5.2,2.7,17.7,-46.8,0.7,-1.0,RS41,403.700,7.6,250,9,2.7,,
2026-09-01T11:50:43.000Z,V3650241,8029,44.65720,8.70074,27062.9,4.9,2.1,7.3,-46.6,0.7,-1.0,RS41,403.700,7.9,250,9,2.6,,
2026-09-01T11:50:44.000Z,V3650241,8030,44.65722,8.70074,27067.6,4.0,2.1,7.1,-46.7,0.7,-1.0,RS41,403.700,8.4,250,9,2.6,,
2026-09-01T11:51:01.000Z,V3650241,8047,44.65728,8.70053,27147.9,4.8,2.5,285.5,-47.1,0.8,-1.0,RS41,403.700,7.7,250,9,2.7,,
2026-09-01T11:51:06.000Z,V3650241,8052,44.65732,8.70029,27173.1,5.9,3.6,297.8,-47.1,0.8,-1.0,RS41,403.700,8.7,250,9,2.7,,
2026-09-01T11:51:07.000Z,V3650241,8053,44.65734,8.70026,27178.3,4.5,3.0,312.6,-47.2,0.7,-1.0,RS41,403.700,8.7,250,9,2.7,,
2026-09-01T11:51:08.000Z,V3650241,8054,44.65736,8.70024,27182.7,4.5,2.5,320.3,-47.1,0.7,-1.0,RS41,403.700,8.5,250,9,2.6,,
2026-09-01T11:51:09.000Z,V3650241,8055,44.65737,8.70022,27187.7,5.4,1.8,311.2,-47.1,0.7,-1.0,RS41,403.700,8.0,250,9,2.6,,
2026-09-01T11:51:12.000Z,V3650241,8058,44.65737,8.70014,27202.6,4.6,2.9,251.0,-47.0,0.7,-1.0,RS41,403.700,7.5,250,9,2.6,,
2026-09-01T11:51:40.000Z,V3650241,8086,44.65748,8.69885,27339.2,4.8,2.0,280.2,-47.2,0.8,-1.0,RS41,403.700,7.2,250,9,2.7,,
2026-09-01T11:51:45.000Z,V3650241,8091,44.65751,8.69862,27364.1,5.8,4.3,296.9,-47.2,0.8,-1.0,RS41,403.700,8.4,250,9,2.7,,
2026-09-01T11:51:47.000Z,V3650241,8093,44.65755,8.69855,27374.4,4.5,3.9,328.6,-47.3,0.7,-1.0,RS41,403.700,7.8,250,9,2.7,,
2026-09-01T11:51:48.000Z,V3650241,8094,44.65759,8.69853,27378.9,4.4,4.0,334.4,-47.2,0.7,-1.0,RS41,403.700,7.8,250,9,2.6,,
2026-09-01T11:51:49.000Z,V3650241,8095,44.65762,8.69850,27383.7,5.1,3.7,327.1,-47.3,0.7,-1.0,RS41,403.700,7.7,250,9,2.6,,
2026-09-01T11:51:52.000Z,V3650241,8098,44.65768,8.69838,27397.8,3.9,4.6,297.7,-47.3,0.7,-1.0,RS41,403.700,7.1,250,9,2.7,,
2026-09-01T11:51:53.000Z,V3650241,8099,44.65770,8.69833,27402.1,4.7,4.9,302.9,-47.2,0.7,-1.0,RS41,403.700,7.8,250,9,2.7,,
2026-09-01T11:51:54.000Z,V3650241,8100,44.65773,8.69828,27407.5,5.6,5.2,315.2,-47.2,0.7,-1.0,RS41,403.700,7.8,250,9,2.6,,
2026-09-01T11:51:55.000Z,V3650241,8101,44.65777,8.69824,27412.3,4.4,5.4,326.5,-47.2,0.7,-1.0,RS41,403.700,7.4,250,9,2.6,,
2026-09-01T11:51:56.000Z,V3650241,8102,44.65781,8.69821,27416.7,4.2,5.2,332.5,-47.2,0.8,-1.0,RS41,403.700,8.2,250,9,2.7,,
2026-09-01T11:51:57.000Z,V3650241,8103,44.65785,8.69818,27421.3,5.0,5.2,334.2,-47.3,0.7,-1.0,RS41,403.700,8.6,250,9,2.7,,
2026-09-01T11:52:03.000Z,V3650241,8109,44.65804,8.69803,27451.7,4.3,4.0,352.8,-47.3,0.7,-1.0,RS41,403.700,7.6,250,9,2.6,,
2026-09-01T11:52:04.000Z,V3650241,8110,44.65807,8.69802,27455.8,3.9,4.2,359.2,-47.3,0.7,-1.0,RS41,403.700,7.7,250,9,2.6,,
2026-09-01T11:52:05.000Z,V3650241,8111,44.65811,8.69802,27460.4,4.8,3.7,359.2,-47.2,0.7,-1.0,RS41,403.700,7.7,250,9,2.6,,
2026-09-01T11:52:06.000Z,V3650241,8112,44.65814,8.69802,27465.7,5.9,3.0,351.9,-47.3,0.8,-1.0,RS41,403.700,7.5,250,9,2.7,,
2026-09-01T11:52:07.000Z,V3650241,8113,44.65816,8.69801,27471.0,4.9,2.7,338.3,-47.3,0.7,-1.0,RS41,403.700,7.7,250,9,2.7,,
2026-09-01T11:52:08.000Z,V3650241,8114,44.65818,8.69799,27475.8,4.7,3.0,326.9,-47.3,0.7,-1.0,RS41,403.700,8.3,250,9,2.7,,
2026-09-01T11:52:09.000Z,V3650241,8115,44.65821,8.69797,27481.1,5.5,3.7,329.8,-47.3,0.7,-1.0,RS41,403.700,8.3,250,9,2.6,,
2026-09-01T11:52:11.000Z,V3650241,8117,44.65828,8.69793,27491.1,4.1,5.1,341.4,-47.3,0.8,-1.0,RS41,403.700,7.4,250,9,2.6,,
2026-09-01T11:52:15.000Z,V3650241,8121,44.65844,8.69783,27511.0,4.4,3.9,326.5,-47.5,0.8,-1.0,RS41,403.700,7.0,250,9,2.6,,
2026-09-01T11:52:16.000Z,V3650241,8122,44.65847,8.69780,27515.7,4.8,3.6,331.6,-47.4,0.7,-1.0,RS41,403.700,7.4,250,9,2.6,,
2026-09-01T11:52:17.000Z,V3650241,8123,44.65850,8.69779,27521.0,5.9,3.8,342.3,-47.4,0.8,-1.0,RS41,403.700,7.4,250,9,2.7,,
2026-09-01T11:52:20.000Z,V3650241,8126,44.65860,8.69777,27535.3,5.5,3.6,358.5,-47.3,0.7,-1.0,RS41,403.700,7.3,250,9,2.6,,
2026-09-01T11:52:28.000Z,V3650241,8134,44.65885,8.69777,27573.3,5.8,4.1,13.5,-47.2,0.8,-1.0,RS41,403.700,6.3,250,9,2.7,,
2026-09-01T11:52:29.000Z,V3650241,8135,44.65888,8.69778,27578.6,5.0,3.7,10.5,-47.2,0.7,-1.0,RS41,403.700,6.6,250,9,2.7,,
2026-09-01T11:52:31.000Z,V3650241,8137,44.65895,8.69779,27588.5,5.5,3.9,9.4,-47.3,0.7,-1.0,RS41,403.700,7.4,250,9,2.6,,
2026-09-01T11:52:32.000Z,V3650241,8138,44.65899,8.69780,27594.2,5.8,5.0,11.9,-47.4,0.8,-1.0,RS41,403.700,7.9,250,9,2.6,,
2026-09-01T11:52:33.000Z,V3650241,8139,44.65903,8.69782,27599.3,4.6,5.8,13.3,-47.5,0.7,-1.0,RS41,403.700,7.9,250,9,2.7,,
2026-09-01T11:52:34.000Z,V3650241,8140,44.65909,8.69784,27603.8,4.4,6.2,15.5,-47.4,0.7,-1.0,RS41,403.700,7.5,250,9,2.7,,
2026-09-01T11:52:35.000Z,V3650241,8141,44.65914,8.69786,27608.2,4.7,6.1,18.2,-47.4,0.8,-1.0,RS41,403.700,7.5,250,9,2.7,,
2026-09-01T11:52:38.000Z,V3650241,8144,44.65926,8.69793,27623.5,4.5,4.3,27.9,-47.3,0.7,-1.0,RS41,403.700,6.7,250,9,2.7,,
2026-09-01T11:52:39.000Z,V3650241,8145,44.65930,8.69796,27628.3,5.1,4.8,27.4,-47.2,0.7,-1.0,RS41,403.700,7.8,250,9,2.7,,
2026-09-01T11:52:43.000Z,V3650241,8149,44.65953,8.69809,27648.4,5.5,8.3,18.6,-47.0,0.7,-1.0,RS41,403.700,7.7,250,9,2.7,,
2026-09-01T11:52:44.000Z,V3650241,8150,44.65959,8.69812,27654.0,5.7,7.6,18.3,-47.0,0.7,-1.0,RS41,403.700,7.8,250,9,2.7,,
2026-09-01T11:52:47.000Z,V3650241,8153,44.65978,8.69821,27669.0,5.9,7.0,21.1,-47.1,0.8,-1.0,RS41,403.700,7.2,250,9,2.6,,
2026-09-01T11:52:48.000Z,V3650241,8154,44.65984,8.69825,27674.4,5.5,7.6,23.7,-47.1,0.7,-1.0,RS41,403.700,7.7,250,8,2.7,,
2026-09-01T11:52:49.000Z,V3650241,8155,44.65990,8.69829,27679.3,4.5,7.6,24.6,-47.0,0.7,-1.0,RS41,403.700,7.7,250,8,2.7,,
2026-09-01T11:52:50.000Z,V3650241,8156,44.65996,8.69832,27683.7,4.4,7.1,24.7,-46.9,0.7,-1.0,RS41,403.700,7.2,250,9,2.7,,
2026-09-01T11:52:52.000Z,V3650241,8158,44.66006,8.69839,27694.2,5.3,5.0,25.4,-46.8,0.7,-1.0,RS41,403.700,6.9,250,9,2.6,,
2026-09-01T11:52:53.000Z,V3650241,8159,44.66009,8.69841,27699.2,4.5,4.4,25.8,-46.8,0.7,-1.0,RS41,403.700,7.3,250,9,2.6,,
2026-09-01T11:52:54.000Z,V3650241,8160,44.66013,8.69844,27704.1,5.2,4.6,26.4,-46.8,0.7,-1.0,RS41,403.700,7.9,250,9,2.7,,
2026-09-01T11:52:55.000Z,V3650241,8161,44.66017,8.69847,27709.6,6.1,5.6,28.5,-46.9,0.7,-1.0,RS41,403.700,7.9,250,9,2.7,,
2026-09-01T11:52:56.000Z,V3650241,8162,44.66022,8.69850,27714.7,4.8,6.7,29.6,-46.8,0.7,-1.0,RS41,403.700,7.6,250,9,2.7,,
2026-09-01T11:52:57.000Z,V3650241,8163,44.66027,8.69855,27719.3,4.1,7.6,30.2,-46.8,0.7,-1.0,RS41,403.700,7.7,250,9,2.6,,
2026-09-01T11:52:58.000Z,V3650241,8164,44.66033,8.69860,27723.8,4.8,7.8,29.5,-46.8,0.7,-1.0,RS41,403.700,8.4,250,9,2.6,,
2026-09-01T11:52:59.000Z,V3650241,8165,44.66039,8.69864,27729.1,5.6,7.2,28.9,-46.8,0.7,-1.0,RS41,403.700,8.7,250,9,2.7,,
2026-09-01T11:53:00.000Z,V3650241,8166,44.66045,8.69868,27734.5,5.4,6.4,30.0,-46.8,0.7,-1.0,RS41,403.700,9.1,250,9,2.7,,
2026-09-01T11:53:01.000Z,V3650241,8167,44.66049,8.69872,27739.5,4.7,5.7,33.6,-46.8,0.7,-1.0,RS41,403.700,9.1,250,9,2.6,,
2026-09-01T11:53:02.000Z,V3650241,8168,44.66053,8.69877,27744.4,5.0,5.6,40.9,-46.8,0.7,-1.0,RS41,403.700,7.9,250,9,2.6,,
2026-09-01T11:53:03.000Z,V3650241,8169,44.66057,8.69882,27749.7,5.7,6.2,47.3,-46.8,0.7,-1.0,RS41,403.700,7.4,250,9,2.7,,
2026-09-01T11:53:04.000Z,V3650241,8170,44.66061,8.69888,27755.1,5.2,7.0,51.0,-46.9,0.7,-1.0,RS41,403.700,7.4,250,9,2.7,,
2026-09-01T11:53:05.000Z,V3650241,8171,44.66065,8.69895,27759.7,4.0,7.5,52.5,-46.9,0.7,-1.0,RS41,403.700,7.6,250,9,2.7,,
2026-09-01T11:53:06.000Z,V3650241,8172,44.66069,8.69903,27764.1,4.6,7.6,55.4,-46.9,0.7,-1.0,RS41,403.700,7.6,250,9,2.6,,
2026-09-01T11:53:07.000Z,V3650241,8173,44.66073,8.69911,27769.2,5.5,6.9,58.9,-46.9,0.7,-1.0,RS41,403.700,7.3,250,9,2.6,,
2026-09-01T11:53:18.000Z,V3650241,8184,44.66113,8.69979,27824.5,5.6,5.8,53.9,-46.7,0.7,-1.0,RS41,403.700,8.1,250,9,2.7,,
2026-09-01T11:53:19.000Z,V3650241,8185,44.66117,8.69985,27830.4,6.1,6.9,53.8,-46.7,0.7,-1.0,RS41,403.700,8.2,250,9,2.7,,
2026-09-01T11:53:20.000Z,V3650241,8186,44.66121,8.69992,27835.7,4.4,8.0,55.0,-46.7,0.7,-1.0,RS41,403.700,8.5,250,9,2.6,,
2026-09-01T11:53:21.000Z,V3650241,8187,44.66125,8.70001,27840.1,4.3,8.8,57.3,-46.7,0.7,-1.0,RS41,403.700,8.5,250,9,2.6,,
2026-09-01T11:53:22.000Z,V3650241,8188,44.66129,8.70011,27844.9,5.1,9.2,61.1,-46.8,0.7,-1.0,RS41,403.700,8.4,250,9,2.7,,
2026-09-01T11:53:23.000Z,V3650241,8189,44.66133,8.70021,27850.3,5.9,9.2,65.7,-46.8,0.7,-1.0,RS41,403.700,8.4,250,9,2.7,,
2026-09-01T11:53:24.000Z,V3650241,8190,44.66136,8.70032,27855.6,4.5,9.0,67.7,-46.8,0.7,-1.0,RS41,403.700,7.7,250,9,2.7,,
2026-09-01T11:53:27.000Z,V3650241,8193,44.66146,8.70062,27871.0,5.7,9.2,57.6,-46.6,0.7,-1.0,RS41,403.700,8.4,250,9,2.6,,
2026-09-01T11:53:29.000Z,V3650241,8195,44.66156,8.70080,27880.7,4.7,8.8,46.4,-46.4,0.7,-1.0,RS41,403.700,7.2,250,9,2.7,,
2026-09-01T11:53:30.000Z,V3650241,8196,44.66161,8.70088,27885.8,5.7,7.7,43.5,-46.4,0.7,-1.0,RS41,403.700,8.1,250,9,2.7,,
2026-09-01T11:53:32.000Z,V3650241,8198,44.66169,8.70098,27896.5,4.0,5.2,44.7,-46.5,0.7,-1.0,RS41,403.700,7.2,250,9,2.6,,
2026-09-01T11:53:33.000Z,V3650241,8199,44.66172,8.70103,27900.9,4.4,4.8,48.5,-46.4,0.7,-1.0,RS41,403.700,7.9,250,9,2.7,,
2026-09-01T11:53:35.000Z,V3650241,8201,44.66178,8.70114,27911.6,5.6,6.7,56.7,-46.2,0.7,-1.0,RS41,403.700,7.5,250,9,2.6,,
2026-09-01T11:53:36.000Z,V3650241,8202,44.66182,8.70122,27916.8,4.7,7.8,59.0,-46.1,0.7,-1.0,RS41,403.700,8.9,250,9,2.6,,
2026-09-01T11:53:37.000Z,V3650241,8203,44.66186,8.70131,27921.6,5.0,8.5,61.1,-46.1,0.7,-1.0,RS41,403.700,8.9,250,9,2.7,,
2026-09-01T11:53:38.000Z,V3650241,8204,44.66189,8.70140,27926.9,5.9,8.4,64.4,-46.1,0.7,-1.0,RS41,403.700,8.5,250,9,2.7,,
2026-09-01T11:53:39.000Z,V3650241,8205,44.66192,8.70150,27932.5,5.4,8.0,67.5,-46.2,0.7,-1.0,RS41,403.700,8.5,250,9,2.7,,
2026-09-01T11:53:40.000Z,V3650241,8206,44.66195,8.70159,27937.4,4.3,7.5,68.8,-46.3,0.7,-1.0,RS41,403.700,8.4,250,9,2.6,,
2026-09-01T11:53:41.000Z,V3650241,8207,44.66197,8.70167,27942.0,4.6,7.1,65.1,-46.4,0.7,-1.0,RS41,403.700,8.1,250,9,2.6,,
2026-09-01T11:53:42.000Z,V3650241,8208,44.66200,8.70175,27947.0,5.5,7.0,58.9,-46.4,0.7,-1.0,RS41,403.700,8.3,250,9,2.6,,
2026-09-01T11:53:44.000Z,V3650241,8210,44.66208,8.70189,27957.5,4.8,6.9,47.2,-46.4,0.7,-1.0,RS41,403.700,8.0,250,9,2.7,,
2026-09-01T11:53:46.000Z,V3650241,8212,44.66215,8.70199,27967.6,5.6,4.4,48.9,-46.4,0.7,-1.0,RS41,403.700,7.2,250,9,2.6,,
2026-09-01T11:53:52.000Z,V3650241,8218,44.66216,8.70231,27998.2,4.0,7.2,87.8,-46.6,0.7,-1.0,RS41,403.700,6.9,250,9,2.6,,
2026-09-01T11:53:55.000Z,V3650241,8221,44.66215,8.70259,28012.5,5.9,7.2,95.7,-46.8,0.7,-1.0,RS41,403.700,8.0,250,9,2.7,,
2026-09-01T11:53:56.000Z,V3650241,8222,44.66215,8.70268,28017.7,5.0,5.9,100.4,-46.8,0.7,-1.0,RS41,403.700,8.0,250,9,2.7,,
2026-09-01T11:53:57.000Z,V3650241,8223,44.66214,8.70274,28022.5,4.2,4.8,101.2,-46.8,0.7,-1.0,RS41,403.700,7.2,250,9,2.6,,
2026-09-01T11:53:59.000Z,V3650241,8225,44.66213,8.70283,28032.7,5.9,2.9,70.6,-46.7,0.7,-1.0,RS41,403.700,7.2,250,9,2.6,,
2026-09-01T11:54:01.000Z,V3650241,8227,44.66217,8.70290,28043.0,5.1,3.4,46.4,-46.8,0.7,-1.0,RS41,403.700,8.0,250,9,2.7,,
2026-09-01T11:54:03.000Z,V3650241,8229,44.66220,8.70297,28054.7,6.1,2.9,78.4,-46.8,0.7,-1.0,RS41,403.700,7.3,250,9,2.6,,
2026-09-01T11:54:16.000Z,V3650241,8242,44.66197,8.70374,28121.5,5.4,2.5,125.3,-46.9,0.7,-1.0,RS41,403.700,7.0,250,9,2.7,,
2026-09-01T11:54:17.000Z,V3650241,8243,44.66196,8.70377,28126.4,4.9,2.8,112.1,-46.9,0.7,-1.0,RS41,403.700,7.0,250,9,2.7,,
2026-09-01T11:54:49.000Z,V3650241,8275,44.66159,8.70439,28284.9,5.7,2.0,231.3,-47.0,0.8,-1.0,RS41,403.700,7.5,250,9,2.6,,
2026-09-01T11:54:56.000Z,V3650241,8282,44.66151,8.70462,28319.6,5.1,2.6,128.6,-47.2,0.7,-1.0,RS41,403.700,6.8,250,9,2.7,,
2026-09-01T11:55:01.000Z,V3650241,8287,44.66154,8.70460,28344.0,5.0,2.1,303.1,-47.0,0.7,-1.0,RS41,403.700,7.1,250,9,2.7,,
2026-09-01T11:55:21.000Z,V3650241,8307,44.66145,8.70504,28441.9,4.4,3.4,118.6,-46.3,0.7,-1.0,RS41,403.700,7.0,250,10,2.7,,
2026-09-01T11:55:32.000Z,V3650241,8318,44.66146,8.70545,28497.5,5.5,0.8,358.9,-46.1,0.7,-1.0,RS41,403.700,6.9,250,10,2.7,,
2026-09-01T11:55:33.999Z,V3650241,8320,44.66148,8.70545,28506.9,4.8,1.5,355.7,-46.2,0.7,-1.0,RS41,403.700,7.1,250,10,2.6,,
2026-09-01T11:55:43.999Z,V3650241,8330,44.66164,8.70572,28558.4,4.8,2.7,31.1,-46.1,0.7,-1.0,RS41,403.700,6.9,250,10,2.6,,
2026-09-01T11:55:53.999Z,V3650241,8340,44.66180,8.70587,28606.0,4.0,5.2,97.7,-45.5,0.7,-1.0,RS41,403.700,7.5,250,10,2.6,,
2026-09-01T11:55:55.999Z,V3650241,8342,44.66179,8.70598,28616.3,6.2,3.1,86.2,-45.4,0.6,-1.0,RS41,403.700,7.2,250,10,2.7,,
2026-09-01T11:56:03.999Z,V3650241,8350,44.66192,8.70604,28654.5,4.6,1.7,56.2,-45.3,0.6,-1.0,RS41,403.700,7.5,250,10,2.6,,
2026-09-01T11:56:08.999Z,V3650241,8355,44.66194,8.70615,28680.6,5.6,2.5,121.0,-45.4,0.7,-1.0,RS41,403.700,7.6,250,10,2.6,,
2026-09-01T11:56:09.999Z,V3650241,8356,44.66193,8.70618,28685.9,5.0,3.3,135.2,-45.4,0.7,-1.0,RS41,403.700,7.6,250,10,2.6,,
2026-09-01T11:56:10.999Z,V3650241,8357,44.66190,8.70621,28690.7,4.5,3.3,146.8,-45.4,0.7,-1.0,RS41,403.700,7.5,250,10,2.7,,
2026-09-01T11:56:20.999Z,V3650241,8367,44.66196,8.70614,28739.0,5.2,2.6,73.6,-45.4,0.7,-1.0,RS41,403.700,7.8,250,10,2.7,,
2026-09-01T11:56:21.999Z,V3650241,8368,44.66197,8.70618,28744.5,6.0,3.4,69.2,-45.4,0.7,-1.0,RS41,403.700,8.0,250,10,2.7,,
2026-09-01T11:56:22.999Z,V3650241,8369,44.66198,8.70622,28749.7,4.6,3.9,63.4,-45.5,0.7,-1.0,RS41,403.700,8.4,250,10,2.7,,
2026-09-01T11:56:23.999Z,V3650241,8370,44.66200,8.70626,28754.2,4.2,3.9,61.1,-45.4,0.7,-1.0,RS41,403.700,8.4,250,10,2.6,,
2026-09-01T11:56:25.999Z,V3650241,8372,44.66203,8.70634,28763.6,5.3,2.7,71.8,-45.3,0.7,-1.0,RS41,403.700,8.3,250,10,2.7,,
2026-09-01T11:56:26.999Z,V3650241,8373,44.66203,8.70637,28769.0,5.9,1.6,90.6,-45.3,0.6,-1.0,RS41,403.700,8.3,250,10,2.7,,
2026-09-01T11:56:27.999Z,V3650241,8374,44.66203,8.70638,28774.3,4.7,0.6,146.8,-45.3,0.7,-1.0,RS41,403.700,8.3,250,10,2.6,,
2026-09-01T11:56:28.999Z,V3650241,8375,44.66202,8.70637,28779.0,4.5,1.2,249.1,-45.2,0.7,-1.0,RS41,403.700,8.3,250,10,2.6,,
2026-09-01T11:56:29.999Z,V3650241,8376,44.66202,8.70635,28783.7,4.9,3.0,279.3,-45.2,0.7,-1.0,RS41,403.700,7.2,250,10,2.7,,
2026-09-01T11:56:31.999Z,V3650241,8378,44.66206,8.70624,28793.7,4.8,5.9,305.7,-45.2,0.7,-1.0,RS41,403.700,7.1,250,10,2.7,,
2026-09-01T11:56:32.999Z,V3650241,8379,44.66209,8.70618,28798.1,3.7,6.3,312.1,-45.2,0.7,-1.0,RS41,403.700,8.0,250,10,2.6,,
2026-09-01T11:56:33.999Z,V3650241,8380,44.66213,8.70613,28802.5,4.8,5.7,318.1,-45.2,0.7,-1.0,RS41,403.700,8.0,250,10,2.6,,
2026-09-01T11:56:34.999Z,V3650241,8381,44.66216,8.70609,28807.9,6.0,3.9,321.9,-45.2,0.6,-1.0,RS41,403.700,8.0,250,9,2.6,,
2026-09-01T11:56:37.999Z,V3650241,8384,44.66220,8.70608,28822.4,4.6,1.6,66.9,-45.0,0.6,-1.0,RS41,403.700,6.9,250,10,2.7,,
2026-09-01T11:56:38.999Z,V3650241,8385,44.66221,8.70610,28827.7,5.7,2.6,66.2,-45.0,0.6,-1.0,RS41,403.700,7.6,250,10,2.6,,
2026-09-01T11:56:39.999Z,V3650241,8386,44.66223,8.70613,28833.3,5.2,3.1,53.8,-45.0,0.6,-1.0,RS41,403.700,7.8,250,10,2.6,,
2026-09-01T11:56:40.999Z,V3650241,8387,44.66225,8.70616,28838.1,4.5,3.4,39.5,-45.1,0.7,-1.0,RS41,403.700,7.8,250,10,2.7,,
2026-09-01T11:56:41.999Z,V3650241,8388,44.66227,8.70618,28842.7,4.8,3.1,24.6,-45.1,0.6,-1.0,RS41,403.700,7.8,250,10,2.7,,
2026-09-01T11:56:42.999Z,V3650241,8389,44.66229,8.70619,28847.8,5.2,2.5,6.8,-45.0,0.6,-1.0,RS41,403.700,7.7,250,10,2.6,,
2026-09-01T11:56:45.999Z,V3650241,8392,44.66235,8.70614,28862.0,4.3,3.4,311.0,-44.8,0.6,-1.0,RS41,403.700,7.3,250,10,2.7,,
2026-09-01T11:56:46.999Z,V3650241,8393,44.66237,8.70611,28866.5,5.2,4.5,314.8,-44.9,0.6,-1.0,RS41,403.700,7.6,250,10,2.7,,
2026-09-01T11:56:47.999Z,V3650241,8394,44.66241,8.70607,28872.1,5.7,5.8,324.1,-45.1,0.6,-1.0,RS41,403.700,7.6,250,10,2.6,,
2026-09-01T11:56:48.999Z,V3650241,8395,44.66245,8.70602,28877.3,4.5,6.7,329.3,-45.1,0.7,-1.0,RS41,403.700,7.4,250,10,2.6,,
2026-09-01T11:56:50.999Z,V3650241,8397,44.66256,8.70596,28886.0,4.7,6.1,342.4,-45.1,0.6,-1.0,RS41,403.700,7.2,250,10,2.7,,
2026-09-01T11:56:51.999Z,V3650241,8398,44.66261,8.70594,28891.2,5.6,4.8,350.3,-45.1,0.6,-1.0,RS41,403.700,8.0,250,10,2.7,,
2026-09-01T11:56:52.999Z,V3650241,8399,44.66265,8.70593,28896.6,5.1,3.3,1.0,-45.1,0.6,-1.0,RS41-SG,403.700,8.5,250,10,2.7,,
2026-09-01T11:56:53.999Z,V3650241,8400,44.66267,8.70594,28901.3,4.1,2.5,6.1,-45.1,0.7,-1.0,RS41-SG,403.700,8.5,250,9,2.6,,
2026-09-01T11:56:56.999Z,V3650241,8403,44.66274,8.70592,28916.8,5.8,4.1,342.4,-44.9,0.6,-1.0,RS41-SG,403.700,7.4,250,10,2.7,,
2026-09-01T11:56:57.999Z,V3650241,8404,44.66278,8.70590,28921.7,4.0,5.2,338.8,-44.8,0.6,-1.0,RS41-SG,403.700,7.4,250,10,2.7,,
2026-09-01T11:56:58.999Z,V3650241,8405,44.66283,8.70588,28925.9,4.1,6.1,340.3,-44.7,0.6,-1.0,RS41-SG,403.700,8.2,250,10,2.6,,
2026-09-01T11:57:00.999Z,V3650241,8407,44.66293,8.70584,28935.6,5.4,5.7,350.7,-44.7,0.6,-1.0,RS41-SG,403.700,8.2,250,9,2.6,,
2026-09-01T11:57:01.999Z,V3650241,8408,44.66298,8.70583,28940.7,5.0,5.2,0.8,-44.5,0.6,-1.0,RS41-SG,403.700,8.5,250,10,2.7,,
2026-09-01T11:57:03.999Z,V3650241,8410,44.66308,8.70586,28950.3,5.0,5.8,19.7,-44.3,0.6,-1.0,RS41-SG,403.700,7.7,250,10,2.7,,
2026-09-01T11:57:05.999Z,V3650241,8412,44.66319,8.70592,28961.0,5.6,7.4,17.8,-44.3,0.6,-1.0,RS41-SG,403.700,7.6,250,10,2.6,,
2026-09-01T11:57:06.999Z,V3650241,8413,44.66325,8.70594,28966.5,5.5,7.6,12.4,-44.4,0.6,-1.0,RS41-SG,403.700,7.6,250,10,2.7,,
2026-09-01T11:57:07.999Z,V3650241,8414,44.66332,8.70595,28971.8,5.0,7.2,3.6,-44.4,0.6,-1.0,RS41-SG,403.700,7.3,250,10,2.7,,
2026-09-01T11:57:08.999Z,V3650241,8415,44.66338,8.70595,28976.7,4.6,6.3,353.1,-44.4,0.6,-1.0,RS41-SG,403.700,7.5,250,10,2.6,,
2026-09-01T11:57:10.999Z,V3650241,8417,44.66346,8.70591,28985.9,4.7,3.6,323.1,-44.3,0.6,-1.0,RS41-SG,403.700,8.7,250,10,2.7,,
2026-09-01T11:57:15.999Z,V3650241,8422,44.66357,8.70594,29010.8,4.4,6.3,32.4,-44.2,0.6,-1.0,RS41-SG,403.700,6.9,250,10,2.6,,
2026-09-01T11:57:17.999Z,V3650241,8424,44.66369,8.70602,29019.1,4.5,8.3,16.1,-44.4,0.6,-1.0,RS41-SG,403.700,7.4,250,10,2.7,,
2026-09-01T11:57:25.999Z,V3650241,8432,44.66409,8.70601,29059.7,4.8,4.5,36.7,-44.5,0.6,-1.0,RS41-SG,403.700,7.9,250,10,2.7,,
2026-09-01T11:57:26.999Z,V3650241,8433,44.66412,8.70605,29064.8,5.3,4.7,47.5,-44.6,0.6,-1.0,RS41-SG,403.700,8.0,250,10,2.7,,
2026-09-01T11:57:28.999Z,V3650241,8435,44.66418,8.70613,29075.9,4.7,4.3,45.3,-44.7,0.6,-1.0,RS41-SG,403.700,7.2,250,10,2.6,,
2026-09-01T11:57:30.999Z,V3650241,8437,44.66425,8.70621,29085.5,5.2,5.9,28.7,-44.6,0.7,-1.0,RS41-SG,403.700,7.9,250,10,2.6,,
2026-09-01T11:57:31.999Z,V3650241,8438,44.66430,8.70624,29090.7,5.6,7.5,25.0,-44.7,0.7,-1.0,RS41-SG,403.700,8.6,250,10,2.7,,
2026-09-01T11:57:32.999Z,V3650241,8439,44.66436,8.70629,29095.6,4.5,8.5,23.4,-44.9,0.6,-1.0,RS41-SG,403.700,8.6,250,10,2.7,,
2026-09-01T11:57:33.999Z,V3650241,8440,44.66444,8.70633,29100.1,4.4,8.8,22.7,-44.9,0.6,-1.0,RS41-SG,403.700,8.5,250,10,2.7,,
2026-09-01T11:57:35.999Z,V3650241,8442,44.66456,8.70641,29110.6,5.7,6.3,24.8,-44.8,0.6,-1.0,RS41-SG,403.700,8.9,250,10,2.6,,
2026-09-01T11:57:36.999Z,V3650241,8443,44.66460,8.70644,29116.2,5.4,4.3,30.4,-44.9,0.7,-1.0,RS41-SG,403.700,8.7,250,10,2.7,,
2026-09-01T11:57:37.999Z,V3650241,8444,44.66463,8.70646,29121.0,4.4,2.9,43.2,-44.9,0.7,-1.0,RS41-SG,403.700,8.0,250,10,2.7,,
2026-09-01T11:57:41.999Z,V3650241,8448,44.66469,8.70664,29140.4,5.3,6.5,58.5,-44.9,0.6,-1.0,RS41-SG,403.700,7.2,250,10,2.6,,
2026-09-01T11:57:42.999Z,V3650241,8449,44.66473,8.70671,29145.3,4.5,7.6,50.6,-44.8,0.7,-1.0,RS41-SG,403.700,8.5,250,10,2.7,,
2026-09-01T11:57:43.999Z,V3650241,8450,44.66478,8.70678,29149.7,4.9,8.0,42.9,-44.8,0.6,-1.0,RS41-SG,403.700,8.5,250,10,2.7,,
2026-09-01T11:57:45.999Z,V3650241,8452,44.66488,8.70689,29160.6,5.9,6.5,29.0,-44.8,0.6,-1.0,RS41-SG,403.700,7.2,250,10,2.6,,
2026-09-01T11:57:47.999Z,V3650241,8454,44.66498,8.70695,29170.3,4.4,4.8,14.3,-44.5,0.6,-1.0,RS41-SG,403.700,8.0,250,10,2.7,,
2026-09-01T11:57:52.999Z,V3650241,8459,44.66516,8.70705,29196.0,5.2,4.0,42.1,-44.3,0.6,-1.0,RS41-SG,403.700,7.6,250,10,2.7,,
2026-09-01T11:57:55.999Z,V3650241,8462,44.66520,8.70713,29211.9,4.5,1.6,87.6,-44.5,0.7,-1.0,RS41-SG,403.700,7.7,250,10,2.6,,
2026-09-01T11:57:57.999Z,V3650241,8464,44.66521,8.70717,29222.2,6.2,2.2,51.6,-44.5,0.6,-1.0,RS41-SG,403.700,7.9,250,10,2.7,,
2026-09-01T11:57:58.999Z,V3650241,8465,44.66523,8.70719,29228.2,5.8,3.6,32.8,-44.5,0.6,-1.0,RS41-SG,403.700,7.9,250,10,2.7,,
2026-09-01T11:58:00.999Z,V3650241,8467,44.66530,8.70725,29237.5,4.5,5.6,24.0,-44.4,0.6,-1.0,RS41-SG,403.700,8.2,250,10,2.6,,
2026-09-01T11:58:03.999Z,V3650241,8470,44.66543,8.70729,29253.2,5.3,3.8,357.1,-44.4,0.6,-1.0,RS41-SG,403.700,7.7,250,10,2.7,,
2026-09-01T11:58:07.999Z,V3650241,8474,44.66553,8.70729,29272.7,5.9,2.9,30.9,-44.3,0.6,-1.0,RS41-SG,403.700,7.5,250,10,2.6,,
2026-09-01T11:58:08.999Z,V3650241,8475,44.66555,8.70732,29278.2,4.9,3.7,46.5,-44.2,0.6,-1.0,RS41-SG,403.700,7.9,250,10,2.7,,
2026-09-01T11:58:10.999Z,V3650241,8477,44.66559,8.70740,29287.6,5.2,4.3,65.5,-44.2,0.6,-1.0,RS41-SG,403.700,8.6,250,10,2.7,,
2026-09-01T11:58:11.999Z,V3650241,8478,44.66560,8.70745,29293.2,6.0,3.5,75.7,-44.2,0.6,-1.0,RS41-SG,403.700,8.4,250,10,2.6,,
2026-09-01T11:58:13.999Z,V3650241,8480,44.66560,8.70751,29304.3,4.6,1.5,110.1,-44.2,0.6,-1.0,RS41-SG,403.700,7.5,250,10,2.7,,
2026-09-01T11:58:19.999Z,V3650241,8486,44.66570,8.70758,29334.8,5.6,4.2,16.8,-44.3,0.6,-1.0,RS41-SG,403.700,6.9,250,10,2.7,,
2026-09-01T11:58:21.999Z,V3650241,8488,44.66576,8.70760,29346.6,5.1,2.4,359.2,-44.3,0.6,-1.0,RS41-SG,403.700,7.2,250,10,2.6,,
2026-09-01T11:58:22.999Z,V3650241,8489,44.66578,8.70759,29351.3,4.2,1.9,346.7,-44.3,0.6,-1.0,RS41-SG,403.700,7.2,250,10,2.6,,
2026-09-01T11:58:23.999Z,V3650241,8490,44.66579,8.70759,29355.9,5.0,1.5,338.0,-44.3,0.6,-1.0,RS41-SG,403.700,7.2,250,10,2.7,,
2026-09-01T11:58:25.999Z,V3650241,8492,44.66582,8.70759,29366.6,5.8,2.0,18.2,-44.2,0.6,-1.0,RS41-SG,403.700,7.9,250,10,2.7,,
2026-09-01T11:58:26.999Z,V3650241,8493,44.66584,8.70760,29371.8,4.7,2.5,24.8,-44.2,0.6,-1.0,RS41-SG,403.700,7.9,250,9,2.6,,
2026-09-01T11:58:27.999Z,V3650241,8494,44.66586,8.70761,29376.4,4.4,2.7,24.9,-44.1,0.6,-1.0,RS41-SG,403.700,8.1,250,10,2.6,,
2026-09-01T11:58:28.999Z,V3650241,8495,44.66588,8.70762,29380.9,4.9,2.1,14.7,-44.0,0.6,-1.0,RS41-SG,403.700,8.1,250,10,2.7,,
2026-09-01T11:58:30.999Z,V3650241,8497,44.66590,8.70761,29391.8,5.8,1.9,275.3,-44.0,0.6,-1.0,RS41-SG,403.700,8.1,250,10,2.7,,
2026-09-01T11:58:31.999Z,V3650241,8498,44.66590,8.70758,29397.1,4.6,2.6,259.0,-43.9,0.6,-1.0,RS41-SG,403.700,7.7,250,10,2.6,,
2026-09-01T11:58:32.999Z,V3650241,8499,44.66589,8.70755,29401.7,4.3,2.9,257.8,-43.8,0.6,-1.0,RS41-SG,403.700,7.7,250,10,2.6,,
2026-09-01T11:58:33.999Z,V3650241,8500,44.66589,8.70751,29406.6,5.4,2.6,269.1,-43.8,0.6,-1.0,RS41-SG,403.700,8.1,250,10,2.6,,
2026-09-01T11:58:35.999Z,V3650241,8502,44.66591,8.70747,29417.7,4.7,2.8,338.0,-43.8,0.6,-1.0,RS41-SG,403.700,7.7,250,10,2.7,,
2026-09-01T11:58:36.999Z,V3650241,8503,44.66594,8.70746,29422.3,4.6,3.8,352.5,-43.7,0.6,-1.0,RS41-SG,403.700,7.6,250,10,2.7,,
2026-09-01T11:58:37.999Z,V3650241,8504,44.66598,8.70745,29427.5,5.5,4.3,354.5,-43.7,0.6,-1.0,RS41-SG,403.700,7.6,250,10,2.6,,
2026-09-01T11:58:44.999Z,V3650241,8511,44.66611,8.70737,29464.6,5.0,0.9,6.0,-43.1,0.6,-1.0,RS41-SG,403.700,7.7,250,10,2.7,,
2026-09-01T11:58:45.999Z,V3650241,8512,44.66611,8.70737,29469.7,5.1,0.9,9.9,-43.1,0.6,-1.0,RS41-SG,403.700,7.7,250,10,2.7,,
2026-09-01T11:58:46.999Z,V3650241,8513,44.66612,8.70737,29475.0,5.5,0.7,324.7,-43.1,0.5,-1.0,RS41-SG,403.700,7.5,250,10,2.6,,
2026-09-01T11:58:47.999Z,V3650241,8514,44.66612,8.70736,29480.9,6.0,1.4,279.3,-43.1,0.6,-1.0,RS41-SG,403.700,7.6,250,10,2.6,,
2026-09-01T11:58:54.999Z,V3650241,8521,44.66628,8.70718,29516.4,5.3,4.8,349.0,-42.8,0.6,-1.0,RS41-SG,403.700,7.6,250,10,2.7,,
2026-09-01T11:58:55.999Z,V3650241,8522,44.66632,8.70717,29522.1,5.9,3.5,340.8,-42.7,0.5,-1.0,RS41-SG,403.700,7.8,250,10,2.7,,
2026-09-01T11:58:56.999Z,V3650241,8523,44.66634,8.70716,29528.1,5.9,2.2,318.1,-42.8,0.5,-1.0,RS41-SG,403.700,7.8,250,10,2.7,,
2026-09-01T11:58:57.999Z,V3650241,8524,44.66635,8.70713,29533.5,4.6,1.9,281.9,-42.8,0.6,-1.0,RS41-SG,403.700,7.3,250,10,2.6,,
2026-09-01T11:58:58.999Z,V3650241,8525,44.66635,8.70711,29538.0,4.3,2.0,249.0,-42.8,0.5,-1.0,RS41-SG,403.700,7.2,250,10,2.6,,
2026-09-01T11:58:59.999Z,V3650241,8526,44.66634,8.70709,29542.6,5.1,1.9,242.6,-42.8,0.6,-1.0,RS41-SG,403.700,7.3,250,10,2.6,,
2026-09-01T11:59:00.999Z,V3650241,8527,44.66634,8.70707,29548.2,6.2,1.3,260.5,-42.9,0.6,-1.0,RS41-SG,403.700,7.6,250,10,2.7,,
2026-09-01T11:59:03.999Z,V3650241,8530,44.66638,8.70702,29564.2,5.1,3.9,328.9,-43.0,0.6,-1.0,RS41-SG,403.700,7.7,250,10,2.6,,
2026-09-01T11:59:06.999Z,V3650241,8533,44.66648,8.70689,29580.2,4.5,5.7,307.6,-43.0,0.6,-1.0,RS41-SG,403.700,7.4,250,10,2.7,,
2026-09-01T11:59:11.999Z,V3650241,8538,44.66662,8.70671,29606.3,5.6,2.1,334.5,-42.9,0.6,-1.0,RS41-SG,403.700,6.9,250,10,2.7,,
2026-09-01T11:59:13.999Z,V3650241,8540,44.66663,8.70668,29617.7,5.5,2.0,248.4,-42.9,0.5,-1.0,RS41-SG,403.700,7.8,250,10,2.7,,
2026-09-01T11:59:14.999Z,V3650241,8541,44.66662,8.70665,29622.8,4.4,3.0,245.8,-43.0,0.6,-1.0,RS41-SG,403.700,7.8,250,10,2.6,,
2026-09-01T11:59:15.999Z,V3650241,8542,44.66661,8.70661,29627.5,4.6,3.8,257.2,-43.0,0.6,-1.0,RS41-SG,403.700,8.1,250,10,2.6,,
2026-09-01T11:59:16.999Z,V3650241,8543,44.66661,8.70656,29632.4,5.4,4.3,277.5,-43.1,0.6,-1.0,RS41-SG,403.700,8.1,250,10,2.7,,
2026-09-01T11:59:17.999Z,V3650241,8544,44.66662,8.70651,29638.2,6.0,5.1,294.9,-43.2,0.6,-1.0,RS41-SG,403.700,8.5,250,10,2.7,,
2026-09-01T11:59:18.999Z,V3650241,8545,44.66664,8.70645,29643.6,4.9,5.8,306.5,-43.2,0.6,-1.0,RS41-SG,403.700,8.5,250,10,2.6,,
2026-09-01T11:59:19.999Z,V3650241,8546,44.66668,8.70639,29648.5,4.8,6.5,313.1,-43.1,0.5,-1.0,RS41-SG,403.700,7.3,250,10,2.6,,
2026-09-01T11:59:20.999Z,V3650241,8547,44.66672,8.70633,29653.4,5.0,6.3,313.0,-43.1,0.6,-1.0,RS41-SG,403.700,7.4,250,10,2.7,,
2026-09-01T11:59:25.999Z,V3650241,8552,44.66677,8.70607,29678.7,4.7,2.7,250.0,-43.0,0.6,-1.0,RS41-SG,403.700,7.7,250,10,2.6,,
2026-09-01T11:59:26.999Z,V3650241,8553,44.66676,8.70605,29683.8,5.8,1.5,244.6,-43.1,0.6,-1.0,RS41-SG,403.700,7.7,250,10,2.7,,
2026-09-01T11:59:28.999Z,V3650241,8555,44.66677,8.70603,29694.3,4.6,1.3,350.0,-43.1,0.6,-1.0,RS41-SG,403.700,7.0,250,10,2.7,,
2026-09-01T11:59:30.999Z,V3650241,8557,44.66679,8.70602,29704.7,6.1,1.6,314.6,-42.9,0.6,-1.0,RS41-SG,403.700,7.0,250,10,2.6,,
2026-09-01T11:59:31.999Z,V3650241,8558,44.66680,8.70600,29710.7,5.7,2.2,281.0,-43.0,0.6,-1.0,RS41-SG,403.700,7.7,250,10,2.7,,
2026-09-01T11:59:32.999Z,V3650241,8559,44.66680,8.70596,29716.0,4.7,3.3,269.1,-43.1,0.6,-1.0,RS41-SG,403.700,7.7,250,10,2.7,,
2026-09-01T11:59:33.999Z,V3650241,8560,44.66680,8.70592,29720.8,4.8,4.2,269.3,-43.1,0.6,-1.0,RS41-SG,403.700,7.1,250,10,2.7,,
2026-09-01T11:59:37.999Z,V3650241,8564,44.66684,8.70568,29741.9,5.3,4.8,290.7,-43.1,0.6,-1.0,RS41-SG,403.700,7.3,250,10,2.7,,
2026-09-01T11:59:40.999Z,V3650241,8567,44.66684,8.70554,29758.6,4.6,3.1,240.5,-43.1,0.6,-1.0,RS41-SG,403.700,8.4,250,10,2.6,,
2026-09-01T11:59:41.999Z,V3650241,8568,44.66683,8.70551,29763.3,4.7,2.8,223.8,-43.1,0.6,-1.0,RS41-SG,403.700,8.4,250,10,2.6,,
2026-09-01T11:59:45.999Z,V3650241,8572,44.66680,8.70550,29784.3,4.4,1.0,39.5,-43.2,0.6,-1.0,RS41-SG,403.700,8.4,250,10,2.6,,
2026-09-01T11:59:46.999Z,V3650241,8573,44.66681,8.70551,29789.5,5.6,0.9,1.9,-43.3,0.6,-1.0,RS41-SG,403.700,8.4,250,10,2.6,,
2026-09-01T11:59:47.999Z,V3650241,8574,44.66681,8.70550,29795.6,6.4,1.2,280.1,-43.4,0.6,-1.0,RS41-SG,403.700,8.3,250,10,2.6,,
2026-09-01T11:59:48.999Z,V3650241,8575,44.66681,8.70548,29801.0,4.9,2.5,259.9,-43.3,0.6,-1.0,RS41-SG,403.700,8.3,250,10,2.7,,
2026-09-01T11:59:49.999Z,V3650241,8576,44.66681,8.70544,29805.3,4.4,3.8,252.1,-43.3,0.6,-1.0,RS41-SG,403.700,7.9,250,10,2.7,,
2026-09-01T11:59:50.999Z,V3650241,8577,44.66679,8.70539,29809.6,4.6,4.6,253.5,-43.3,0.6,-1.0,RS41-SG,403.700,7.9,250,10,2.7,,
2026-09-01T11:59:51.999Z,V3650241,8578,44.66678,8.70533,29814.5,4.8,4.8,258.5,-43.4,0.6,-1.0,RS41-SG,403.700,7.9,250,10,2.6,,
2026-09-01T11:59:52.999Z,V3650241,8579,44.66678,8.70527,29819.7,5.4,4.7,265.3,-43.4,0.6,-1.0,RS41-SG,403.700,7.7,250,10,2.6,,
2026-09-01T11:59:53.999Z,V3650241,8580,44.66678,8.70521,29824.9,4.9,4.6,271.7,-43.3,0.6,-1.0,RS41-SG,403.700,7.1,250,10,2.7,,
2026-09-01T11:59:55.999Z,V3650241,8582,44.66678,8.70510,29834.6,5.3,4.7,269.3,-43.3,0.6,-1.0,RS41-SG,403.700,9.0,250,10,2.7,,
2026-09-01T11:59:59.999Z,V3650241,8586,44.66673,8.70484,29854.4,5.3,5.3,253.9,-43.1,0.6,-1.0,RS41-SG,403.700,7.3,250,10,2.7,,
2026-09-01T12:00:00.999Z,V3650241,8587,44.66672,8.70478,29859.7,5.6,4.6,267.4,-43.2,0.6,-1.0,RS41-SG,403.700,7.3,250,10,2.7,,
2026-09-01T12:00:01.999Z,V3650241,8588,44.66673,8.70473,29865.1,5.4,4.4,284.9,-43.2,0.5,-1.0,RS41-SG,403.700,7.1,250,10,2.7,,
2026-09-01T12:00:02.999Z,V3650241,8589,44.66674,8.70468,29870.2,4.5,4.6,296.7,-43.0,0.6,-1.0,RS41-SG,403.700,7.7,250,10,2.6,,
2026-09-01T12:00:03.999Z,V3650241,8590,44.66676,8.70462,29874.9,4.6,5.1,300.5,-42.9,0.6,-1.0,RS41-SG,403.700,7.9,250,10,2.6,,
2026-09-01T12:00:04.999Z,V3650241,8591,44.66678,8.70456,29879.7,5.1,5.4,294.0,-42.9,0.5,-1.0,RS41-SG,403.700,7.9,250,10,2.7,,
2026-09-01T12:00:05.999Z,V3650241,8592,44.66680,8.70449,29885.1,5.7,6.1,283.3,-43.0,0.6,-1.0,RS41-SG,403.700,9.0,250,10,2.7,,
2026-09-01T12:00:06.999Z,V3650241,8593,44.66681,8.70442,29890.9,5.5,6.8,273.0,-43.0,0.6,-1.0,RS41-SG,403.700,9.0,250,10,2.7,,
2026-09-01T12:00:07.999Z,V3650241,8594,44.66681,8.70433,29895.9,4.2,7.4,266.6,-42.9,0.6,-1.0,RS41-SG,403.700,8.1,250,10,2.6,,
2026-09-01T12:00:08.999Z,V3650241,8595,44.66680,8.70423,29900.2,4.3,7.8,266.0,-42.9,0.6,-1.0,RS41-SG,403.700,8.6,250,10,2.6,,
2026-09-01T12:00:09.999Z,V3650241,8596,44.66680,8.70413,29904.9,5.2,7.6,271.8,-42.8,0.6,-1.0,RS41-SG,403.700,8.6,250,10,2.6,,
2026-09-01T12:00:10.999Z,V3650241,8597,44.66681,8.70405,29910.4,5.9,6.9,285.1,-42.9,0.6,-1.0,RS41-SG,403.700,8.2,250,10,2.7,,
2026-09-01T12:00:11.999Z,V3650241,8598,44.66683,8.70397,29916.1,6.0,6.3,301.4,-43.0,0.6,-1.0,RS41-SG,403.700,8.2,250,10,2.7,,
2026-09-01T12:00:12.999Z,V3650241,8599,44.66687,8.70391,29921.7,5.2,6.3,317.7,-42.9,0.6,-1.0,RS41-SG,403.700,8.2,250,10,2.7,,
2026-09-01T12:00:13.999Z,V3650241,8600,44.66691,8.70386,29926.4,3.9,6.2,327.1,-42.8,0.6,-1.0,RS41-SG,403.700,8.3,250,10,2.6,,
2026-09-01T12:00:15.999Z,V3650241,8602,44.66700,8.70378,29936.0,6.1,5.1,321.0,-42.7,0.5,-1.0,RS41-SG,403.700,7.8,250,10,2.7,,
2026-09-01T12:00:16.999Z,V3650241,8603,44.66703,8.70374,29942.0,6.2,4.7,300.2,-42.8,0.5,-1.0,RS41-SG,403.700,8.7,250,10,2.7,,
2026-09-01T12:00:17.999Z,V3650241,8604,44.66704,8.70368,29947.5,4.7,5.4,283.2,-42.8,0.6,-1.0,RS41-SG,403.700,8.7,250,10,2.7,,
2026-09-01T12:00:19.999Z,V3650241,8606,44.66706,8.70352,29956.7,5.1,7.6,278.8,-42.7,0.5,-1.0,RS41-SG,403.700,6.9,250,10,2.6,,
2026-09-01T12:00:20.999Z,V3650241,8607,44.66707,8.70342,29962.1,5.9,8.6,286.9,-42.7,0.6,-1.0,RS41-SG,403.700,8.0,250,10,2.6,,
2026-09-01T12:00:25.999Z,V3650241,8612,44.66730,8.70291,29988.8,6.0,8.4,307.8,-42.7,0.6,-1.0,RS41-SG,403.700,6.7,250,10,2.6,,
2026-09-01T12:00:26.999Z,V3650241,8613,44.66734,8.70283,29994.2,4.4,7.3,307.5,-42.6,0.6,-1.0,RS41-SG,403.700,7.4,250,10,2.7,,
2026-09-01T12:00:28.999Z,V3650241,8615,44.66742,8.70272,30004.6,5.8,5.5,323.4,-42.6,0.6,-1.0,RS41-SG,403.700,7.6,250,10,2.7,,
2026-09-01T12:00:30.999Z,V3650241,8617,44.66751,8.70265,30016.0,4.6,6.0,339.6,-42.7,0.6,-1.0,RS41-SG,403.700,9.0,250,10,2.6,,
2026-09-01T12:00:31.999Z,V3650241,8618,44.66756,8.70263,30020.7,4.9,6.4,337.2,-42.8,0.6,-1.0,RS41-SG,403.700,8.5,250,10,2.6,,
2026-09-01T12:00:32.999Z,V3650241,8619,44.66761,8.70259,30025.9,5.6,6.6,326.7,-42.9,0.6,-1.0,RS41-SG,403.700,8.3,250,10,2.7,,
2026-09-01T12:00:33.999Z,V3650241,8620,44.66766,8.70253,30031.7,6.3,7.2,314.8,-43.0,0.6,-1.0,RS41-SG,403.700,7.6,250,10,2.7,,
2026-09-01T12:00:37.999Z,V3650241,8624,44.66786,8.70217,30053.1,6.3,11.3,311.9,-42.9,0.6,-1.0,RS41-SG,403.700,6.7,250,10,2.7,,
2026-09-01T12:00:38.999Z,V3650241,8625,44.66793,8.70207,30058.7,5.2,11.9,318.6,-42.9,0.6,-1.0,RS41-SG,403.700,8.4,250,10,2.7,,
2026-09-01T12:00:41.999Z,V3650241,8628,44.66819,8.70183,30073.5,5.6,10.4,333.7,-43.0,0.6,-1.0,RS41-SG,403.700,7.4,250,10,2.6,,
2026-09-01T12:00:46.999Z,V3650241,8633,44.66851,8.70165,30098.6,5.1,7.2,350.5,-42.9,0.6,-1.0,RS41-SG,403.700,8.2,250,10,2.6,,
2026-09-01T12:00:47.999Z,V3650241,8634,44.66858,8.70164,30104.0,5.6,8.6,352.2,-43.1,0.6,-1.0,RS41-SG,403.700,8.2,250,10,2.6,,
2026-09-01T12:00:48.999Z,V3650241,8635,44.66866,8.70162,30109.4,5.2,10.2,351.3,-43.2,0.6,-1.0,RS41-SG,403.700,7.1,250,10,2.7,,
2026-09-01T12:00:49.999Z,V3650241,8636,44.66876,8.70160,30114.2,4.5,11.6,346.5,-43.2,0.6,-1.0,RS41-SG,403.700,7.3,250,10,2.7,,
2026-09-01T12:00:51.999Z,V3650241,8638,44.66897,8.70148,30123.6,5.0,13.9,331.7,-43.0,0.6,-1.0,RS41-SG,403.700,8.5,250,10,2.6,,
2026-09-01T12:00:52.999Z,V3650241,8639,44.66908,8.70139,30128.6,5.1,14.4,324.4,-43.1,0.6,-1.0,RS41-SG,403.700,8.5,250,10,2.6,,
2026-09-01T12:00:53.999Z,V3650241,8640,44.66918,8.70128,30133.4,4.5,13.7,320.4,-43.2,0.6,-1.0,RS41-SG,403.700,8.5,250,10,2.6,,
2026-09-01T12:00:54.999Z,V3650241,8641,44.66927,8.70117,30138.2,5.1,12.0,319.6,-43.2,0.6,-1.0,RS41-SG,403.700,8.4,250,10,2.7,,
2026-09-01T12:00:58.999Z,V3650241,8645,44.66953,8.70104,30158.4,3.2,7.0,18.7,-43.1,0.6,-1.0,RS41-SG,403.700,7.2,250,10,2.6,,
2026-09-01T12:00:59.999Z,V3650241,8646,44.66959,8.70108,30162.3,4.5,7.8,24.6,-43.1,0.6,-1.0,RS41-SG,403.700,7.5,250,10,2.7,,
2026-09-01T12:01:00.999Z,V3650241,8647,44.66966,8.70111,30167.5,6.2,8.3,17.8,-43.1,0.6,-1.0,RS41-SG,403.700,7.7,250,10,2.7,,
2026-09-01T12:01:01.999Z,V3650241,8648,44.66973,8.70113,30174.0,6.8,8.9,4.5,-43.1,0.6,-1.0,RS41-SG,403.700,7.9,250,10,2.7,,
2026-09-01T12:01:07.999Z,V3650241,8654,44.67039,8.70086,30204.2,6.1,15.0,344.3,-43.1,0.6,-1.0,RS41,403.700,6.7,250,10,2.7,,
2026-09-01T12:01:13.999Z,V3650241,8660,44.67090,8.70073,30235.2,4.2,4.2,349.1,-43.3,0.6,-1.0,RS41,403.700,7.3,250,10,2.6,,
2026-09-01T12:01:14.999Z,V3650241,8661,44.67094,8.70073,30239.7,4.7,3.7,356.3,-43.3,0.6,-1.0,RS41,403.700,8.4,250,10,2.6,,
2026-09-01T12:01:15.999Z,V3650241,8662,44.67097,8.70073,30244.8,5.6,4.7,7.9,-43.4,0.6,-1.0,RS41,403.700,8.4,250,10,2.6,,
2026-09-01T12:01:16.999Z,V3650241,8663,44.67102,8.70074,30250.9,6.5,6.7,13.5,-43.5,0.6,-1.0,RS41,403.700,8.0,250,10,2.7,,
2026-09-01T12:01:17.999Z,V3650241,8664,44.67109,8.70077,30256.9,5.8,8.8,13.9,-43.5,0.6,-1.0,RS41,403.700,8.0,250,10,2.7,,
2026-09-01T12:01:18.999Z,V3650241,8665,44.67117,8.70079,30262.0,4.5,10.4,11.1,-43.5,0.6,-1.0,RS41,403.700,8.3,250,10,2.7,,
2026-09-01T12:01:20.999Z,V3650241,8667,44.67138,8.70082,30271.9,5.7,12.4,357.9,-43.3,0.6,-1.0,RS41,403.700,6.9,250,10,2.6,,
2026-09-01T12:01:25.999Z,V3650241,8672,44.67185,8.70065,30299.6,6.4,7.8,350.8,-43.6,0.6,-1.0,RS41,403.700,7.9,250,10,2.6,,
2026-09-01T12:01:26.999Z,V3650241,8673,44.67192,8.70065,30305.1,4.6,7.0,2.6,-43.6,0.6,-1.0,RS41,403.700,7.9,250,10,2.6,,
2026-09-01T12:01:30.999Z,V3650241,8677,44.67211,8.70075,30325.9,4.9,4.9,28.2,-43.5,0.6,-1.0,RS41,403.700,7.6,250,10,2.6,,
2026-09-01T12:01:31.999Z,V3650241,8678,44.67215,8.70078,30330.9,4.9,5.7,24.5,-43.5,0.6,-1.0,RS41,403.700,7.6,250,10,2.6,,
2026-09-01T12:01:32.999Z,V3650241,8679,44.67220,8.70081,30336.2,5.5,6.9,20.6,-43.5,0.6,-1.0,RS41,403.700,8.4,250,10,2.7,,
2026-09-01T12:01:33.999Z,V3650241,8680,44.67227,8.70084,30341.9,6.0,8.7,18.6,-43.5,0.6,-1.0,RS41,403.700,8.4,250,10,2.7,,
2026-09-01T12:01:36.999Z,V3650241,8683,44.67254,8.70094,30357.7,5.6,11.0,9.3,-43.6,0.6,-1.0,RS41,403.700,7.6,250,10,2.6,,
2026-09-01T12:01:41.999Z,V3650241,8688,44.67290,8.70093,30384.7,5.1,5.2,9.1,-43.6,0.6,-1.0,RS41,403.700,7.8,250,10,2.6,,
2026-09-01T12:01:42.999Z,V3650241,8689,44.67294,8.70096,30389.9,5.3,5.6,33.4,-43.6,0.6,-1.0,RS41,403.700,7.8,250,10,2.6,,
2026-09-01T12:01:43.999Z,V3650241,8690,44.67299,8.70101,30395.3,5.3,6.9,49.4,-43.7,0.6,-1.0,RS41,403.700,7.7,250,10,2.7,,
2026-09-01T12:01:44.999Z,V3650241,8691,44.67303,8.70108,30400.4,4.6,8.2,54.8,-43.7,0.6,-1.0,RS41,403.700,8.2,250,10,2.7,,
2026-09-01T12:01:45.999Z,V3650241,8692,44.67307,8.70117,30404.8,4.4,8.9,56.8,-43.8,0.6,-1.0,RS41,403.700,8.2,250,10,2.7,,
2026-09-01T12:01:46.999Z,V3650241,8693,44.67311,8.70126,30409.3,4.9,8.7,54.7,-43.7,0.6,-1.0,RS41,403.700,8.5,250,10,2.6,,
2026-09-01T12:01:47.999Z,V3650241,8694,44.67316,8.70134,30414.7,5.6,7.5,47.2,-43.8,0.6,-1.0,RS41,403.700,8.8,250,10,2.6,,
2026-09-01T12:01:48.999Z,V3650241,8695,44.67320,8.70140,30420.1,5.4,6.1,34.4,-43.8,0.6,-1.0,RS41,403.700,8.8,250,10,2.6,,
2026-09-01T12:01:50.999Z,V3650241,8697,44.67329,8.70144,30430.2,4.5,4.9,357.2,-43.8,0.6,-1.0,RS41,403.700,7.8,250,10,2.7,,
2026-09-01T12:01:51.999Z,V3650241,8698,44.67334,8.70143,30434.9,4.7,4.9,353.2,-43.8,0.6,-1.0,RS41,403.700,7.5,250,9,2.7,,
2026-09-01T12:01:52.999Z,V3650241,8699,44.67338,8.70143,30440.0,5.6,4.9,0.4,-43.8,0.6,-1.0,RS41,403.700,7.5,250,10,2.6,,
2026-09-01T12:01:54.999Z,V3650241,8701,44.67347,8.70147,30452.1,5.6,6.6,34.3,-43.8,0.6,-1.0,RS41,403.700,7.0,250,10,2.7,,
2026-09-01T12:01:55.999Z,V3650241,8702,44.67353,8.70153,30457.1,4.2,8.0,40.0,-43.8,0.6,-1.0,RS41,403.700,7.9,250,10,2.7,,
2026-09-01T12:01:57.999Z,V3650241,8704,44.67365,8.70167,30466.3,5.2,9.4,36.3,-43.7,0.6,-1.0,RS41,403.700,7.7,250,10,2.6,,
2026-09-01T12:01:58.999Z,V3650241,8705,44.67372,8.70173,30472.0,6.3,9.1,27.7,-43.8,0.6,-1.0,RS41-SG,403.700,8.5,250,10,2.6,,
2026-09-01T12:02:00.999Z,V3650241,8707,44.67386,8.70180,30483.6,4.7,7.9,8.3,-43.7,0.6,-1.0,RS41-SG,403.700,7.9,250,10,2.7,,
2026-09-01T12:02:02.999Z,V3650241,8709,44.67398,8.70180,30492.8,5.0,5.9,358.0,-43.6,0.6,-1.0,RS41-SG,403.700,7.0,250,10,2.7,,
2026-09-01T12:02:03.999Z,V3650241,8710,44.67403,8.70181,30498.3,6.0,4.8,7.1,-43.5,0.6,-1.0,RS41-SG,403.700,7.0,250,10,2.7,,
2026-09-01T12:02:04.999Z,V3650241,8711,44.67407,8.70182,30504.1,5.4,4.6,23.4,-43.4,0.5,-1.0,RS41-SG,403.700,7.0,250,10,2.6,,
2026-09-01T12:02:05.999Z,V3650241,8712,44.67411,8.70185,30509.2,4.7,5.1,34.2,-43.3,0.6,-1.0,RS41-SG,403.700,7.7,250,10,2.6,,
2026-09-01T12:02:06.999Z,V3650241,8713,44.67415,8.70189,30514.3,5.5,5.9,35.3,-43.3,0.6,-1.0,RS41-SG,403.700,9.0,250,10,2.6,,
2026-09-01T12:02:07.999Z,V3650241,8714,44.67420,8.70193,30520.0,6.0,6.8,30.4,-43.2,0.6,-1.0,RS41-SG,403.700,9.0,250,10,2.7,,
2026-09-01T12:02:08.999Z,V3650241,8715,44.67426,8.70197,30525.9,6.5,7.7,22.2,-43.2,0.6,-1.0,RS41-SG,403.700,9.2,250,10,2.7,,
2026-09-01T12:02:09.999Z,V3650241,8716,44.67433,8.70201,30531.4,4.9,8.5,16.7,-43.3,0.6,-1.0,RS41-SG,403.700,9.2,250,10,2.7,,
2026-09-01T12:02:21.999Z,V3650241,8728,44.67474,8.70241,30594.7,6.0,3.8,65.2,-42.8,0.6,-1.0,RS41-SG,403.700,6.7,250,10,2.6,,
2026-09-01T12:02:22.999Z,V3650241,8729,44.67476,8.70246,30600.2,5.1,5.1,67.1,-42.8,0.5,-1.0,RS41-SG,403.700,7.7,250,10,2.6,,
2026-09-01T12:02:29.999Z,V3650241,8736,44.67487,8.70273,30636.6,5.1,1.3,172.6,-42.4,0.5,-1.0,RS41-SG,403.700,7.6,250,10,2.7,,
2026-09-01T12:02:30.999Z,V3650241,8737,44.67485,8.70274,30641.8,6.2,2.9,159.3,-42.3,0.5,-1.0,RS41-SG,403.700,7.6,250,10,2.7,,
2026-09-01T12:02:31.999Z,V3650241,8738,44.67482,8.70276,30648.0,6.2,4.4,144.2,-42.2,0.5,-1.0,RS41-SG,403.700,7.1,250,10,2.7,,
2026-09-01T12:02:32.999Z,V3650241,8739,44.67479,8.70280,30653.6,4.9,5.6,131.6,-42.2,0.5,-1.0,RS41-SG,403.700,7.1,250,10,2.7,,
2026-09-01T12:02:33.999Z,V3650241,8740,44.67476,8.70286,30658.5,4.7,6.2,117.6,-42.1,0.5,-1.0,RS41-SG,403.700,7.0,250,10,2.6,,
2026-09-01T12:02:34.999Z,V3650241,8741,44.67474,8.70293,30663.5,5.3,6.3,104.7,-42.1,0.5,-1.0,RS41-SG,403.700,8.3,250,10,2.6,,
2026-09-01T12:02:35.999Z,V3650241,8742,44.67474,8.70301,30669.1,6.0,6.0,87.8,-42.0,0.5,-1.0,RS41-SG,403.700,9.0,250,10,2.6,,
2026-09-01T12:02:36.999Z,V3650241,8743,44.67474,8.70308,30674.7,5.7,5.5,71.2,-42.0,0.5,-1.0,RS41-SG,403.700,9.0,250,10,2.7,,
2026-09-01T12:02:37.999Z,V3650241,8744,44.67476,8.70314,30679.6,4.4,5.4,61.2,-42.0,0.5,-1.0,RS41-SG,403.700,8.9,250,9,2.7,,
2026-09-01T12:02:38.999Z,V3650241,8745,44.67479,8.70320,30684.3,5.1,5.2,57.9,-42.0,0.5,-1.0,RS41-SG,403.700,8.4,250,9,2.7,,
2026-09-01T12:02:39.999Z,V3650241,8746,44.67481,8.70325,30690.0,6.1,4.6,67.2,-42.0,0.5,-1.0,RS41-SG,403.700,8.8,250,9,2.6,,
2026-09-01T12:02:40.999Z,V3650241,8747,44.67482,8.70331,30696.1,6.4,4.6,88.9,-42.0,0.5,-1.0,RS41-SG,403.700,8.8,250,9,2.6,,
2026-09-01T12:02:41.999Z,V3650241,8748,44.67481,8.70337,30701.8,5.0,5.1,107.7,-41.9,0.5,-1.0,RS41-SG,403.700,7.8,250,9,2.7,,
2026-09-01T12:02:42.999Z,V3650241,8749,44.67479,8.70343,30706.5,4.6,5.7,122.5,-41.8,0.5,-1.0,RS41-SG,403.700,8.1,250,9,2.7,,
2026-09-01T12:02:43.999Z,V3650241,8750,44.67476,8.70349,30711.0,4.9,6.3,134.7,-41.7,0.5,-1.0,RS41-SG,403.700,8.1,250,10,2.7,,
2026-09-01T12:02:44.999Z,V3650241,8751,44.67472,8.70354,30716.4,5.9,6.0,142.4,-41.7,0.5,-1.0,RS41-SG,403.700,7.9,250,10,2.6,,
2026-09-01T12:02:45.999Z,V3650241,8752,44.67467,8.70358,30722.2,5.4,5.5,145.5,-41.6,0.5,-1.0,RS41-SG,403.700,7.9,250,10,2.6,,
2026-09-01T12:02:48.999Z,V3650241,8755,44.67457,8.70372,30739.5,6.7,5.9,120.1,-41.5,0.5,-1.0,RS41-SG,403.700,8.6,250,10,2.7,,
2026-09-01T12:02:50.999Z,V3650241,8757,44.67453,8.70388,30750.9,4.5,7.8,106.1,-41.4,0.5,-1.0,RS41-SG,403.700,8.7,250,10,2.6,,
2026-09-01T12:02:51.999Z,V3650241,8758,44.67451,8.70398,30755.6,4.6,8.2,102.4,-41.5,0.5,-1.0,RS41-SG,403.700,8.0,250,10,2.6,,
2026-09-01T12:02:52.999Z,V3650241,8759,44.67449,8.70408,30760.9,5.9,7.9,99.7,-41.5,0.5,-1.0,RS41-SG,403.700,9.1,250,10,2.7,,
2026-09-01T12:02:53.999Z,V3650241,8760,44.67448,8.70417,30766.8,6.4,7.0,100.9,-41.5,0.5,-1.0,RS41-SG,403.700,9.1,250,10,2.7,,
2026-09-01T12:02:55.999Z,V3650241,8762,44.67445,8.70432,30777.9,5.4,5.9,118.2,-41.5,0.5,-1.0,RS41-SG,403.700,8.0,250,10,2.6,,
2026-09-01T12:02:56.999Z,V3650241,8763,44.67442,8.70438,30783.6,5.9,6.6,133.5,-41.4,0.5,-1.0,RS41-SG,403.700,8.0,250,10,2.6,,
2026-09-01T12:02:57.999Z,V3650241,8764,44.67437,8.70444,30789.6,6.1,8.1,142.2,-41.4,0.5,-1.0,RS41-SG,403.700,7.9,250,10,2.6,,
2026-09-01T12:02:58.999Z,V3650241,8765,44.67430,8.70451,30795.0,4.9,9.4,145.3,-41.4,0.5,-1.0,RS41-SG,403.700,7.8,250,10,2.7,,
2026-09-01T12:03:00.999Z,V3650241,8767,44.67416,8.70464,30804.3,5.3,9.9,148.6,-41.4,0.5,-1.0,RS41-SG,403.700,8.2,250,9,2.7,,
2026-09-01T12:03:01.999Z,V3650241,8768,44.67408,8.70470,30809.9,5.8,9.0,147.2,-41.4,0.5,-1.0,RS41-SG,403.700,7.8,250,9,2.7,,
2026-09-01T12:03:03.999Z,V3650241,8770,44.67397,8.70482,30821.3,4.9,6.8,139.1,-41.4,0.5,-1.0,RS41-SG,403.700,7.4,250,10,2.6,,
2026-09-01T12:03:06.999Z,V3650241,8773,44.67385,8.70502,30835.8,5.6,8.4,125.5,-41.3,0.5,-1.0,RS41-SG,403.700,8.3,250,10,2.7,,
2026-09-01T12:03:07.999Z,V3650241,8774,44.67380,8.70512,30841.7,6.0,10.0,125.8,-41.4,0.5,-1.0,RS41-SG,403.700,8.3,250,10,2.7,,
2026-09-01T12:03:08.999Z,V3650241,8775,44.67374,8.70522,30847.2,5.0,10.9,129.2,-41.4,0.5,-1.0,RS41-SG,403.700,7.9,250,10,2.6,,
2026-09-01T12:03:10.999Z,V3650241,8777,44.67361,8.70542,30857.6,5.7,9.9,137.7,-41.3,0.5,-1.0,RS41-SG,403.700,8.3,250,10,2.7,,
2026-09-01T12:03:11.999Z,V3650241,8778,44.67355,8.70549,30863.5,6.2,8.0,144.5,-41.4,0.5,-1.0,RS41-SG,403.700,8.1,250,10,2.7,,
2026-09-01T12:03:12.999Z,V3650241,8779,44.67350,8.70553,30869.5,6.0,6.0,154.8,-41.5,0.5,-1.0,RS41-SG,403.700,8.2,250,10,2.7,,
2026-09-01T12:03:13.999Z,V3650241,8780,44.67345,8.70556,30874.8,4.4,4.5,165.5,-41.5,0.5,-1.0,RS41-SG,403.700,8.6,250,10,2.6,,
2026-09-01T12:03:14.999Z,V3650241,8781,44.67342,8.70556,30879.2,4.4,3.7,176.9,-41.4,0.5,-1.0,RS41-SG,403.700,8.6,250,10,2.6,,
2026-09-01T12:03:17.999Z,V3650241,8784,44.67331,8.70560,30895.9,6.0,5.5,153.0,-41.2,0.5,-1.0,RS41-SG,403.700,7.6,250,10,2.7,,
2026-09-01T12:03:18.999Z,V3650241,8785,44.67327,8.70563,30901.1,4.4,6.5,145.6,-41.2,0.5,-1.0,RS41-SG,403.700,8.6,250,10,2.7,,
2026-09-01T12:03:19.999Z,V3650241,8786,44.67322,8.70569,30905.6,4.3,7.2,140.1,-41.1,0.5,-1.0,RS41-SG,403.700,9.0,250,10,2.6,,
2026-09-01T12:03:20.999Z,V3650241,8787,44.67317,8.70575,30910.3,5.1,7.0,135.9,-41.2,0.5,-1.0,RS41-SG,403.700,9.2,250,10,2.6,,
2026-09-01T12:03:21.999Z,V3650241,8788,44.67313,8.70580,30916.0,6.0,6.2,134.5,-41.2,0.5,-1.0,RS41-SG,403.700,9.2,250,10,2.7,,
2026-09-01T12:03:23.999Z,V3650241,8790,44.67306,8.70590,30927.0,4.8,4.1,137.8,-41.1,0.5,-1.0,RS41-SG,403.700,7.6,250,10,2.7,,
2026-09-01T12:03:25.999Z,V3650241,8792,44.67300,8.70594,30936.9,5.3,4.1,161.6,-41.2,0.5,-1.0,RS41-SG,403.700,8.4,250,10,2.6,,
2026-09-01T12:03:26.999Z,V3650241,8793,44.67296,8.70596,30942.6,6.2,5.0,168.5,-41.2,0.5,-1.0,RS41-SG,403.700,7.5,250,10,2.6,,
2026-09-01T12:03:27.999Z,V3650241,8794,44.67292,8.70597,30948.2,5.3,5.9,170.3,-41.1,0.5,-1.0,RS41-SG,403.700,7.7,250,10,2.7,,
2026-09-01T12:03:28.999Z,V3650241,8795,44.67286,8.70598,30953.3,4.7,6.1,172.6,-41.1,0.5,-1.0,RS41-SG,403.700,7.7,250,9,2.7,,
2026-09-01T12:03:29.999Z,V3650241,8796,44.67281,8.70599,30958.4,5.5,5.7,175.7,-41.0,0.5,-1.0,RS41-SG,403.700,8.0,250,10,2.7,,
2026-09-01T12:03:30.999Z,V3650241,8797,44.67276,8.70599,30964.2,6.2,4.7,181.0,-41.1,0.5,-1.0,RS41-SG,403.700,8.0,250,10,2.7,,
2026-09-01T12:03:31.999Z,V3650241,8798,44.67273,8.70599,30970.2,5.5,3.5,188.9,-41.1,0.5,-1.0,RS41-SG,403.700,7.8,250,9,2.6,,
2026-09-01T12:03:35.999Z,V3650241,8802,44.67263,8.70600,30991.4,6.3,3.6,148.2,-40.9,0.5,-1.0,RS41-SG,403.700,7.9,250,10,2.7,,
2026-09-01T12:03:37.999Z,V3650241,8804,44.67257,8.70607,31002.0,4.9,5.6,144.0,-40.9,0.5,-1.0,RS41-SG,403.700,7.6,250,10,2.6,,
2026-09-01T12:03:39.999Z,V3650241,8806,44.67249,8.70614,31013.4,6.4,4.5,154.4,-40.8,0.5,-1.0,RS41-SG,403.700,8.3,250,10,2.7,,
2026-09-01T12:03:40.999Z,V3650241,8807,44.67245,8.70615,31019.8,6.2,3.2,167.6,-40.9,0.5,-1.0,RS41-SG,403.700,8.3,250,9,2.7,,
2026-09-01T12:03:43.999Z,V3650241,8810,44.67238,8.70613,31035.0,5.4,3.1,209.6,-40.8,0.5,-1.0,RS41-SG,403.700,6.9,250,10,2.6,,
2026-09-01T12:03:44.999Z,V3650241,8811,44.67235,8.70611,31040.8,6.3,3.5,197.8,-40.8,0.5,-1.0,RS41-SG,403.700,7.9,250,10,2.6,,
2026-09-01T12:03:47.999Z,V3650241,8814,44.67225,8.70611,31056.6,5.4,3.6,169.0,-40.8,0.5,-1.0,RS41-SG,403.700,7.4,250,10,2.7,,
2026-09-01T12:03:48.999Z,V3650241,8815,44.67223,8.70612,31062.3,6.0,2.4,161.0,-40.8,0.5,-1.0,RS41-SG,403.700,8.5,250,10,2.7,,
2026-09-01T12:03:52.999Z,V3650241,8819,44.67220,8.70612,31084.1,5.6,1.1,229.3,-40.9,0.5,-1.0,RS41-SG,403.700,7.8,250,10,2.7,,
2026-09-01T12:03:53.999Z,V3650241,8820,44.67219,8.70611,31089.8,6.1,2.1,208.6,-41.0,0.5,-1.0,RS41-SG,403.700,7.8,250,10,2.7,,
2026-09-01T12:03:55.999Z,V3650241,8822,44.67213,8.70608,31100.9,4.4,4.0,197.3,-41.0,0.5,-1.0,RS41-SG,403.700,7.1,250,10,2.6,,
2026-09-01T12:03:56.999Z,V3650241,8823,44.67210,8.70606,31105.5,4.8,4.5,205.3,-41.0,0.5,-1.0,RS41-SG,403.700,7.8,250,10,2.6,,
2026-09-01T12:03:58.999Z,V3650241,8825,44.67204,8.70599,31116.8,6.2,4.5,237.4,-41.1,0.5,-1.0,RS41-SG,403.700,7.3,250,10,2.7,,
2026-09-01T12:04:01.999Z,V3650241,8828,44.67202,8.70585,31133.2,5.4,2.8,279.6,-41.0,0.5,-1.0,RS41-SG,403.700,7.4,250,10,2.6,,
2026-09-01T12:04:02.999Z,V3650241,8829,44.67202,8.70582,31139.0,6.1,1.5,288.1,-41.1,0.5,-1.0,RS41-SG,403.700,7.5,250,10,2.6,,
2026-09-01T12:04:05.999Z,V3650241,8832,44.67201,8.70583,31154.8,4.8,1.5,126.5,-41.0,0.5,-1.0,RS41-SG,403.700,7.3,250,10,2.7,,
2026-09-01T12:04:07.999Z,V3650241,8834,44.67200,8.70584,31165.8,5.9,0.8,276.6,-41.2,0.5,-1.0,RS41-SG,403.700,7.6,250,10,2.6,,
2026-09-01T12:04:08.999Z,V3650241,8835,44.67201,8.70582,31171.8,5.8,2.5,289.1,-41.2,0.5,-1.0,RS41-SG,403.700,7.6,250,10,2.6,,
2026-09-01T12:04:10.999Z,V3650241,8837,44.67203,8.70573,31181.6,4.9,4.9,285.2,-41.2,0.5,-1.0,RS41-SG,403.700,7.5,250,9,2.7,,
2026-09-01T12:04:11.999Z,V3650241,8838,44.67203,8.70567,31187.0,5.9,5.0,277.3,-41.2,0.5,-1.0,RS41-SG,403.700,7.9,250,10,2.7,,
2026-09-01T12:04:12.999Z,V3650241,8839,44.67204,8.70561,31193.1,6.4,4.3,264.3,-41.3,0.5,-1.0,RS41-SG,403.700,7.9,250,9,2.7,,
2026-09-01T12:04:14.999Z,V3650241,8841,44.67202,8.70552,31203.7,4.5,3.2,240.5,-41.2,0.5,-1.0,RS41-SG,403.700,8.2,250,10,2.6,,
2026-09-01T12:04:15.999Z,V3650241,8842,44.67200,8.70549,31208.7,5.5,2.3,243.1,-41.2,0.5,-1.0,RS41-SG,403.700,8.2,250,10,2.7,,
2026-09-01T12:04:18.999Z,V3650241,8845,44.67203,8.70542,31226.3,4.5,3.1,328.9,-41.3,0.5,-1.0,RS41-SG,403.700,8.3,250,10,2.6,,
2026-09-01T12:04:22.999Z,V3650241,8849,44.67216,8.70538,31247.0,5.5,3.6,353.4,-41.3,0.5,-1.0,RS41-SG,403.700,7.3,250,10,2.7,,
2026-09-01T12:04:23.999Z,V3650241,8850,44.67219,8.70537,31252.3,5.2,3.3,345.8,-41.2,0.5,-1.0,RS41-SG,403.700,8.2,250,10,2.7,,
2026-09-01T12:04:31.999Z,V3650241,8858,44.67245,8.70505,31295.5,5.7,1.9,354.9,-41.3,0.5,-1.0,RS41,403.700,7.1,250,10,2.6,,
2026-09-01T12:04:33.999Z,V3650241,8860,44.67247,8.70508,31304.7,4.4,1.8,72.8,-41.2,0.5,-1.0,RS41,403.700,7.3,250,10,2.7,,
2026-09-01T12:04:34.999Z,V3650241,8861,44.67248,8.70509,31309.8,5.6,1.6,56.1,-41.1,0.5,-1.0,RS41,403.700,7.3,250,10,2.7,,
2026-09-01T12:04:36.999Z,V3650241,8863,44.67251,8.70509,31322.0,5.7,3.2,333.3,-41.1,0.5,-1.0,RS41,403.700,7.8,250,10,2.6,,
2026-09-01T12:04:37.999Z,V3650241,8864,44.67254,8.70507,31327.1,4.4,4.6,325.1,-41.2,0.5,-1.0,RS41,403.700,7.8,250,10,2.6,,
2026-09-01T12:04:38.999Z,V3650241,8865,44.67258,8.70503,31331.8,4.7,5.9,323.5,-41.3,0.5,-1.0,RS41,403.700,7.3,250,10,2.6,,
2026-09-01T12:04:41.999Z,V3650241,8868,44.67271,8.70492,31348.6,5.3,4.7,342.3,-41.4,0.5,-1.0,RS41,403.700,7.6,250,10,2.7,,
2026-09-01T12:04:43.999Z,V3650241,8870,44.67279,8.70491,31358.2,4.6,4.2,8.6,-41.3,0.5,-1.0,RS41,403.700,7.6,250,10,2.6,,
2026-09-01T12:04:44.999Z,V3650241,8871,44.67283,8.70492,31363.5,5.6,4.3,14.4,-41.3,0.5,-1.0,RS41,403.700,8.2,250,10,2.6,,
2026-09-01T12:04:45.999Z,V3650241,8872,44.67286,8.70493,31369.5,6.3,4.4,15.6,-41.4,0.5,-1.0,RS41,403.700,8.2,250,10,2.6,,
2026-09-01T12:04:46.999Z,V3650241,8873,44.67290,8.70495,31375.3,5.3,4.2,14.2,-41.3,0.5,-1.0,RS41,403.700,8.0,250,10,2.7,,
2026-09-01T12:04:47.999Z,V3650241,8874,44.67294,8.70496,31380.6,5.4,3.7,12.9,-41.2,0.5,-1.0,RS41,403.700,8.0,250,10,2.7,,
2026-09-01T12:04:48.999Z,V3650241,8875,44.67296,8.70497,31386.2,5.9,2.8,17.5,-41.1,0.5,-1.0,RS41,403.700,7.5,250,10,2.7,,
2026-09-01T12:04:49.999Z,V3650241,8876,44.67298,8.70498,31392.2,6.1,1.8,30.8,-41.0,0.5,-1.0,RS41,403.700,7.5,250,10,2.6,,
2026-09-01T12:04:51.999Z,V3650241,8878,44.67300,8.70500,31402.7,4.7,0.9,39.3,-40.9,0.5,-1.0,RS41,403.700,7.8,250,10,2.7,,
2026-09-01T12:04:52.999Z,V3650241,8879,44.67301,8.70501,31408.0,5.7,1.6,348.7,-40.9,0.5,-1.0,RS41,403.700,7.8,250,10,2.7,,
2026-09-01T12:04:53.999Z,V3650241,8880,44.67303,8.70499,31414.1,6.4,3.7,338.1,-40.9,0.5,-1.0,RS41,403.700,7.6,250,10,2.7,,
2026-09-01T12:04:54.999Z,V3650241,8881,44.67307,8.70497,31420.2,5.3,5.5,338.3,-40.8,0.5,-1.0,RS41,403.700,7.4,250,10,2.6,,
2026-09-01T12:05:00.999Z,V3650241,8887,44.67339,8.70497,31452.5,4.6,5.1,36.9,-40.8,0.5,-1.0,RS41,403.700,7.9,250,10,2.7,,
2026-09-01T12:05:01.999Z,V3650241,8888,44.67343,8.70501,31457.7,5.5,5.0,42.4,-40.8,0.5,-1.0,RS41,403.700,8.1,250,10,2.6,,
2026-09-01T12:05:02.999Z,V3650241,8889,44.67346,8.70505,31463.8,6.3,5.0,37.9,-40.9,0.5,-1.0,RS41,403.700,8.1,250,10,2.6,,
2026-09-01T12:05:03.999Z,V3650241,8890,44.67350,8.70508,31469.5,5.4,4.9,27.3,-40.9,0.5,-1.0,RS41,403.700,8.1,250,10,2.6,,
2026-09-01T12:05:05.999Z,V3650241,8892,44.67358,8.70512,31479.4,5.2,4.9,12.1,-41.0,0.5,-1.0,RS41,403.700,6.9,250,10,2.7,,
2026-09-01T12:05:06.999Z,V3650241,8893,44.67362,8.70513,31485.0,6.1,4.6,9.3,-40.9,0.5,-1.0,RS41,403.700,7.4,250,10,2.7,,
2026-09-01T12:05:07.999Z,V3650241,8894,44.67366,8.70514,31491.0,6.0,4.4,6.7,-40.9,0.5,-1.0,RS41,403.700,7.4,250,10,2.6,,
2026-09-01T12:05:18.999Z,V3650241,8905,44.67420,8.70531,31551.0,4.3,4.5,69.2,-40.5,0.5,-1.0,RS41,403.700,7.6,250,10,2.7,,
2026-09-01T12:05:19.999Z,V3650241,8906,44.67422,8.70536,31555.8,5.4,4.3,63.4,-40.5,0.5,-1.0,RS41,403.700,7.6,250,10,2.7,,
2026-09-01T12:05:20.999Z,V3650241,8907,44.67424,8.70541,31561.6,6.0,4.2,43.8,-40.5,0.5,-1.0,RS41,403.700,7.9,250,10,2.7,,
2026-09-01T12:05:21.999Z,V3650241,8908,44.67428,8.70544,31567.4,5.6,5.2,22.8,-40.7,0.5,-1.0,RS41,403.700,7.9,250,10,2.6,,
2026-09-01T12:05:22.999Z,V3650241,8909,44.67433,8.70546,31572.5,4.3,6.7,11.1,-40.8,0.5,-1.0,RS41-SG,403.700,7.9,250,10,2.6,,
2026-09-01T12:05:23.999Z,V3650241,8910,44.67439,8.70547,31576.8,4.1,8.1,7.8,-40.8,0.5,-1.0,RS41-SG,403.700,7.9,250,10,2.7,,
2026-09-01T12:05:24.999Z,V3650241,8911,44.67447,8.70549,31581.1,5.0,8.7,11.5,-40.7,0.5,-1.0,RS41-SG,403.700,7.5,250,10,2.7,,
2026-09-01T12:05:30.999Z,V3650241,8917,44.67471,8.70585,31612.8,4.8,5.1,95.3,-40.0,0.4,-1.0,RS41-SG,403.700,7.5,250,10,2.7,,
2026-09-01T12:05:32.999Z,V3650241,8919,44.67470,8.70593,31623.6,5.6,1.4,114.4,-39.8,0.4,-1.0,RS41-SG,403.700,7.4,250,10,2.7,,
2026-09-01T12:05:35.999Z,V3650241,8922,44.67474,8.70593,31639.4,4.8,3.7,1.6,-39.6,0.4,-1.0,RS41-SG,403.700,7.9,250,10,2.6,,
2026-09-01T12:05:36.999Z,V3650241,8923,44.67478,8.70595,31644.4,5.5,5.3,20.4,-39.5,0.4,-1.0,RS41-SG,403.700,7.9,250,10,2.7,,
2026-09-01T12:05:37.999Z,V3650241,8924,44.67482,8.70599,31649.8,5.6,7.1,39.0,-39.5,0.4,-1.0,RS41-SG,403.700,7.6,250,10,2.7,,
2026-09-01T12:05:40.999Z,V3650241,8927,44.67495,8.70628,31665.0,4.8,10.3,73.5,-39.6,0.5,-1.0,RS41-SG,403.700,8.5,250,10,2.6,,
2026-09-01T12:05:41.999Z,V3650241,8928,44.67497,8.70640,31670.2,5.4,9.1,83.7,-39.5,0.4,-1.0,RS41-SG,403.700,8.5,250,10,2.7,,
2026-09-01T12:05:42.999Z,V3650241,8929,44.67497,8.70650,31676.0,6.1,7.0,97.5,-39.5,0.5,-1.0,RS41-SG,403.700,8.1,250,9,2.7,,
2026-09-01T12:05:43.999Z,V3650241,8930,44.67495,8.70657,31681.9,5.8,4.6,117.7,-39.4,0.4,-1.0,RS41-SG,403.700,8.3,250,9,2.7,,
2026-09-01T12:05:45.999Z,V3650241,8932,44.67491,8.70661,31691.1,3.9,2.6,183.6,-39.3,0.4,-1.0,RS41-SG,403.700,7.4,250,10,2.6,,
2026-09-01T12:05:50.999Z,V3650241,8937,44.67491,8.70669,31718.3,4.0,5.9,64.8,-39.3,0.4,-1.0,RS41-SG,403.700,7.7,250,10,2.7,,
2026-09-01T12:05:51.999Z,V3650241,8938,44.67494,8.70677,31722.4,4.2,7.2,68.2,-39.3,0.5,-1.0,RS41-SG,403.700,8.1,250,10,2.6,,
2026-09-01T12:05:52.999Z,V3650241,8939,44.67496,8.70685,31727.4,5.4,7.4,73.2,-39.2,0.4,-1.0,RS41-SG,403.700,8.1,250,10,2.6,,
2026-09-01T12:05:53.999Z,V3650241,8940,44.67497,8.70694,31733.4,6.4,6.7,81.2,-39.3,0.4,-1.0,RS41-SG,403.700,8.1,250,10,2.6,,
2026-09-01T12:05:58.999Z,V3650241,8945,44.67488,8.70724,31759.1,5.7,6.2,137.5,-39.4,0.4,-1.0,RS41-SG,403.700,7.7,250,10,2.6,,
2026-09-01T12:06:00.999Z,V3650241,8947,44.67480,8.70736,31770.0,4.8,6.1,132.1,-39.4,0.4,-1.0,RS41-SG,403.700,7.2,250,9,2.6,,
2026-09-01T12:06:02.999Z,V3650241,8949,44.67475,8.70745,31780.1,5.6,3.5,127.5,-39.4,0.4,-1.0,RS41-SG,403.700,7.4,250,10,2.7,,
2026-09-01T12:06:03.999Z,V3650241,8950,44.67473,8.70748,31785.9,6.0,1.9,125.9,-39.5,0.5,-1.0,RS41-SG,403.700,7.4,250,10,2.7,,
2026-09-01T12:06:07.999Z,V3650241,8954,44.67474,8.70755,31807.6,5.9,3.8,80.0,-39.3,0.5,-1.0,RS41-SG,403.700,7.3,250,10,2.7,,
2026-09-01T12:06:08.999Z,V3650241,8955,44.67474,8.70761,31813.6,5.8,5.7,86.7,-39.3,0.5,-1.0,RS41-SG,403.700,7.9,250,10,2.7,,
2026-09-01T12:06:09.999Z,V3650241,8956,44.67474,8.70769,31818.6,4.2,7.2,91.5,-39.2,0.5,-1.0,RS41-SG,403.700,7.9,250,10,2.6,,
2026-09-01T12:06:10.999Z,V3650241,8957,44.67474,8.70779,31822.9,4.4,8.0,97.9,-39.2,0.4,-1.0,RS41-SG,403.700,7.8,250,10,2.6,,
2026-09-01T12:06:12.999Z,V3650241,8959,44.67470,8.70796,31833.8,6.4,6.4,119.1,-39.3,0.5,-1.0,RS41-SG,403.700,7.0,250,10,2.7,,
2026-09-01T12:06:13.999Z,V3650241,8960,44.67467,8.70802,31839.7,5.1,5.3,133.3,-39.3,0.5,-1.0,RS41-SG,403.700,7.5,250,10,2.6,,
2026-09-01T12:06:14.999Z,V3650241,8961,44.67464,8.70806,31844.4,4.4,4.2,148.1,-39.3,0.4,-1.0,RS41-SG,403.700,7.5,250,10,2.6,,
2026-09-01T12:06:15.999Z,V3650241,8962,44.67461,8.70808,31849.0,4.6,3.3,160.9,-39.3,0.5,-1.0,RS41-SG,403.700,8.0,250,9,2.7,,
2026-09-01T12:06:16.999Z,V3650241,8963,44.67458,8.70809,31853.9,5.4,2.4,165.0,-39.3,0.4,-1.0,RS41-SG,403.700,8.0,250,9,2.7,,
2026-09-01T12:06:18.999Z,V3650241,8965,44.67456,8.70812,31865.5,5.2,1.7,102.5,-39.2,0.4,-1.0,RS41-SG,403.700,7.4,250,10,2.6,,
2026-09-01T12:06:21.999Z,V3650241,8968,44.67456,8.70821,31880.4,5.8,2.2,83.3,-39.0,0.5,-1.0,RS41-SG,403.700,7.4,250,10,2.7,,
2026-09-01T12:06:25.999Z,V3650241,8972,44.67452,8.70828,31901.2,5.1,3.1,139.5,-38.9,0.4,-1.0,RS41-SG,403.700,6.8,250,10,2.6,,
2026-09-01T12:06:28.999Z,V3650241,8975,44.67446,8.70842,31917.6,4.8,5.4,117.6,-39.0,0.5,-1.0,RS41-SG,403.700,8.5,250,10,2.7,,
2026-09-01T12:06:29.999Z,V3650241,8976,44.67443,8.70848,31922.6,5.0,5.1,117.8,-39.0,0.5,-1.0,RS41-SG,403.700,8.5,250,10,2.7,,
2026-09-01T12:06:30.999Z,V3650241,8977,44.67441,8.70853,31927.8,5.3,4.3,124.6,-39.0,0.4,-1.0,RS41-SG,403.700,7.8,250,10,2.6,,
2026-09-01T12:06:31.999Z,V3650241,8978,44.67439,8.70856,31933.5,5.7,2.8,140.9,-39.0,0.5,-1.0,RS41-SG,403.700,7.7,250,10,2.6,,
2026-09-01T12:06:32.999Z,V3650241,8979,44.67437,8.70857,31938.9,5.4,1.9,179.2,-38.9,0.4,-1.0,RS41-SG,403.700,7.4,250,10,2.6,,
2026-09-01T12:06:33.999Z,V3650241,8980,44.67436,8.70857,31943.8,4.5,1.8,220.3,-38.9,0.4,-1.0,RS41-SG,403.700,8.0,250,10,2.7,,
2026-09-01T12:06:34.999Z,V3650241,8981,44.67435,8.70855,31948.3,4.8,1.7,247.7,-39.1,0.5,-1.0,RS41-SG,403.700,8.0,250,10,2.7,,
2026-09-01T12:06:42.999Z,V3650241,8989,44.67440,8.70875,31988.9,0.6,8.6,125.6,-38.9,0.4,-1.0,RS41-SG,403.700,6.8,250,10,2.6,,
2026-09-01T12:06:50.999Z,V3650241,8997,44.67431,8.70881,31764.0,-41.4,3.8,196.9,-39.1,0.4,-1.0,RS41-SG,403.700,7.3,250,10,2.6,,
2026-09-01T12:06:56.999Z,V3650241,9003,44.67422,8.70883,31559.7,-33.5,3.9,48.2,-40.7,0.5,-1.0,RS41-SG,403.700,7.7,250,11,2.6,,
2026-09-01T12:07:12.000Z,V3650241,9018,44.67489,8.70878,30988.8,-43.4,1.8,248.5,-41.2,0.5,-1.0,RS41-SG,403.700,7.1,250,11,2.6,,
2026-09-01T12:07:13.000Z,V3650241,9019,44.67488,8.70876,30947.3,-40.5,2.4,210.5,-41.3,0.5,-1.0,RS41-SG,403.700,8.5,250,11,2.7,,
2026-09-01T12:07:14.000Z,V3650241,9020,44.67485,8.70875,30908.1,-38.1,2.8,180.9,-41.4,0.5,-1.0,RS41-SG,403.700,8.5,250,11,2.7,,
2026-09-01T12:07:15.000Z,V3650241,9021,44.67483,8.70876,30871.7,-35.4,4.0,149.5,-41.7,0.5,-1.0,RS41-SG,403.700,7.6,250,11,2.7,,
2026-09-01T12:07:16.000Z,V3650241,9022,44.67479,8.70878,30837.3,-34.0,4.0,164.8,-41.8,0.5,-1.0,RS41-SG,403.700,7.6,250,11,2.6,,
2026-09-01T12:07:17.000Z,V3650241,9023,44.67476,8.70880,30803.3,-35.2,4.0,153.1,-41.8,0.5,-1.0,RS41-SG,403.700,7.8,250,11,2.6,,
2026-09-01T12:07:18.000Z,V3650241,9024,44.67472,8.70882,30768.9,-34.6,4.7,160.5,-41.9,0.5,-1.0,RS41-SG,403.700,7.8,250,11,2.7,,
2026-09-01T12:07:19.000Z,V3650241,9025,44.67469,8.70884,30734.2,-35.2,4.7,141.8,-42.0,0.5,-1.0,RS41-SG,403.700,7.5,250,11,2.7,,
2026-09-01T12:07:20.000Z,V3650241,9026,44.67466,8.70888,30699.6,-34.7,4.2,140.0,-42.2,0.5,-1.0,RS41-SG,403.700,7.5,250,11,2.7,,
2026-09-01T12:07:21.000Z,V3650241,9027,44.67463,8.70891,30665.2,-34.6,3.6,121.0,-42.5,0.5,-1.0,RS41-SG,403.700,7.4,250,11,2.6,08:29:52,
2026-09-01T12:07:22.000Z,V3650241,9028,44.67462,8.70896,30630.9,-34.9,4.3,111.3,-42.8,0.6,-1.0,RS41-SG,403.700,8.3,250,11,2.6,08:29:52,
2026-09-01T12:07:23.000Z,V3650241,9029,44.67461,8.70901,30596.5,-35.5,4.3,95.6,-43.2,0.6,-1.0,RS41-SG,403.700,8.3,250,11,2.7,08:29:52,
2026-09-01T12:07:24.000Z,V3650241,9030,44.67461,8.70907,30560.7,-36.6,5.6,86.0,-43.5,0.6,-1.0,RS41-SG,403.700,7.5,250,11,2.7,08:29:52,
2026-09-01T12:07:25.000Z,V3650241,9031,44.67462,8.70913,30524.9,-35.6,5.3,66.3,-43.8,0.6,-1.0,RS41-SG,403.700,7.5,250,11,2.7,08:29:52,
2026-09-01T12:07:26.000Z,V3650241,9032,44.67465,8.70919,30490.3,-34.7,6.6,51.5,-44.1,0.6,-1.0,RS41-SG,403.700,9.0,250,11,2.6,08:29:52,
2026-09-01T12:07:27.000Z,V3650241,9033,44.67469,8.70926,30456.0,-34.8,7.5,49.9,-44.2,0.6,-1.0,RS41-SG,403.700,9.0,250,11,2.6,08:29:52,
2026-09-01T12:07:28.000Z,V3650241,9034,44.67474,8.70932,30422.2,-33.5,7.7,35.8,-44.2,0.6,-1.0,RS41-SG,403.700,8.6,250,11,2.6,08:29:52,
2026-09-01T12:07:29.000Z,V3650241,9035,44.67480,8.70937,30390.0,-31.8,7.6,30.3,-44.1,0.6,-1.0,RS41-SG,403.700,8.4,250,11,2.7,08:29:52,
2026-09-01T12:07:30.000Z,V3650241,9036,44.67486,8.70941,30358.5,-32.4,7.0,15.8,-44.0,0.6,-1.0,RS41-SG,403.700,8.2,250,11,2.7,08:29:52,
2026-09-01T12:07:31.000Z,V3650241,9037,44.67493,8.70942,30326.0,-33.6,8.4,5.4,-43.9,0.6,-1.0,RS41-SG,403.700,8.9,250,11,2.7,08:29:52,
2026-09-01T12:07:32.000Z,V3650241,9038,44.67500,8.70943,30292.3,-34.7,7.8,3.7,-43.7,0.6,-1.0,RS41-SG,403.700,9.4,250,11,2.7,08:29:52,
2026-09-01T12:07:33.000Z,V3650241,9039,44.67507,8.70942,30258.1,-34.9,8.3,352.8,-43.6,0.6,-1.0,RS41-SG,403.700,9.4,250,11,2.6,08:29:52,
2026-09-01T12:07:34.000Z,V3650241,9040,44.67515,8.70940,30223.3,-36.2,8.9,349.0,-43.6,0.6,-1.0,RS41-SG,403.700,8.7,250,11,2.6,08:29:52,
2026-09-01T12:07:35.000Z,V3650241,9041,44.67523,8.70938,30187.9,-35.2,10.1,349.9,-43.4,0.6,-1.0,RS41-SG,403.700,8.6,250,11,2.6,08:29:52,
2026-09-01T12:07:36.000Z,V3650241,9042,44.67532,8.70936,30153.7,-34.5,9.8,351.4,-43.4,0.6,-1.0,RS41-SG,403.700,8.6,250,11,2.7,08:29:52,
2026-09-01T12:07:37.000Z,V3650241,9043,44.67540,8.70934,30119.3,-35.0,9.3,345.3,-43.4,0.5,-1.0,RS41-SG,403.700,9.2,250,11,2.7,08:29:52,
2026-09-01T12:07:38.000Z,V3650241,9044,44.67549,8.70931,30085.1,-34.0,10.8,348.5,-43.3,0.5,-1.0,RS41-SG,403.700,9.2,250,11,2.7,08:29:52,
2026-09-01T12:07:39.000Z,V3650241,9045,44.67558,8.70929,30052.6,-32.4,9.7,354.0,-43.2,0.5,-1.0,RS41-SG,403.700,8.3,250,11,2.7,08:29:52,
2026-09-01T12:07:40.000Z,V3650241,9046,44.67566,8.70927,30020.1,-33.4,9.0,351.5,-43.1,0.5,-1.0,RS41-SG,403.700,8.3,250,11,2.6,08:29:52,
2026-09-01T12:07:41.000Z,V3650241,9047,44.67574,8.70925,29987.0,-33.7,8.5,348.9,-43.1,0.5,-1.0,RS41-SG,403.700,8.6,250,11,2.6,08:29:52,
2026-09-01T12:07:42.000Z,V3650241,9048,44.67581,8.70923,29953.5,-34.5,7.7,343.6,-43.1,0.5,-1.0,RS41-SG,403.700,8.6,250,11,2.6,08:29:52,
2026-09-01T12:07:43.000Z,V3650241,9049,44.67587,8.70919,29919.8,-33.6,7.2,332.2,-43.2,0.5,-1.0,RS41-SG,403.700,8.4,250,11,2.7,08:29:52,
2026-09-01T12:07:44.000Z,V3650241,9050,44.67592,8.70915,29887.9,-31.3,6.5,322.1,-43.3,0.5,-1.0,RS41-SG,403.700,8.4,250,11,2.7,08:29:52,
2026-09-01T12:07:45.000Z,V3650241,9051,44.67597,8.70910,29856.4,-32.7,6.2,316.0,-43.5,0.5,-1.0,RS41-SG,403.700,8.3,250,11,2.7,08:29:52,
2026-09-01T12:07:46.000Z,V3650241,9052,44.67600,8.70904,29824.1,-33.1,5.9,312.2,-43.6,0.5,-1.0,RS41-SG,403.700,8.8,250,11,2.7,08:29:52,
2026-09-01T12:07:47.000Z,V3650241,9053,44.67604,8.70898,29789.7,-37.5,5.4,306.4,-43.6,0.5,-1.0,RS41-SG,403.700,8.8,250,11,2.6,08:29:52,
2026-09-01T12:07:48.000Z,V3650241,9054,44.67606,8.70893,29752.4,-38.3,5.0,301.1,-43.4,0.5,-1.0,RS41-SG,403.700,8.3,250,11,2.6,08:29:52,
2026-09-01T12:07:49.000Z,V3650241,9055,44.67608,8.70888,29714.9,-38.0,4.1,294.0,-43.4,0.6,-1.0,RS41-SG,403.700,8.2,250,11,2.6,08:29:52,
2026-09-01T12:07:50.000Z,V3650241,9056,44.67609,8.70883,29676.1,-39.7,4.4,283.3,-43.4,0.5,-1.0,RS41-SG,403.700,8.2,250,11,2.7,08:29:52,
2026-09-01T12:07:51.000Z,V3650241,9057,44.67610,8.70878,29634.4,-43.6,4.4,281.3,-43.3,0.5,-1.0,RS41-SG,403.700,8.3,250,11,2.7,08:29:52,
2026-09-01T12:07:52.000Z,V3650241,9058,44.67611,8.70873,29590.1,-45.4,4.1,286.1,-43.1,0.5,-1.0,RS41-SG,403.700,8.3,250,11,2.7,08:29:52,
2026-09-01T12:07:53.000Z,V3650241,9059,44.67612,8.70868,29544.1,-47.3,3.1,300.5,-43.0,0.5,-1.0,RS41-SG,403.700,7.5,250,11,2.6,08:29:52,
2026-09-01T12:07:54.000Z,V3650241,9060,44.67614,8.70865,29497.2,-47.9,3.4,292.6,-43.1,0.5,-1.0,RS41-SG,403.700,8.0,250,11,2.6,08:29:52,
2026-09-01T12:07:59.000Z,V3650241,9065,44.67623,8.70859,29267.0,-45.2,1.9,8.1,-44.3,0.6,-1.0,RS41-SG,403.700,7.2,250,11,2.6,08:29:52,
2026-09-01T12:08:01.000Z,V3650241,9067,44.67628,8.70861,29176.7,-46.4,2.9,13.8,-44.5,0.6,-1.0,RS41-SG,403.700,7.7,250,11,2.7,08:29:52,
2026-09-01T12:08:02.000Z,V3650241,9068,44.67631,8.70862,29131.4,-45.9,3.3,20.8,-44.7,0.6,-1.0,RS41-SG,403.700,8.1,250,11,2.7,08:29:52,
2026-09-01T12:08:03.000Z,V3650241,9069,44.67634,8.70864,29085.7,-46.5,3.8,37.3,-44.6,0.6,-1.0,RS41-SG,403.700,8.1,250,11,2.6,08:29:52,
2026-09-01T12:08:04.000Z,V3650241,9070,44.67637,8.70867,29039.5,-46.9,4.1,40.4,-44.4,0.6,-1.0,RS41-SG,403.700,7.6,250,11,2.6,08:29:52,
2026-09-01T12:08:06.000Z,V3650241,9072,44.67643,8.70873,28945.5,-46.3,4.0,31.5,-44.1,0.6,-1.0,RS41-SG,403.700,7.6,250,11,2.7,08:29:52,
2026-09-01T12:08:07.000Z,V3650241,9073,44.67647,8.70875,28898.2,-48.1,4.1,20.9,-44.3,0.6,-1.0,RS41-SG,403.700,7.6,250,11,2.7,08:29:52,
2026-09-01T12:08:08.000Z,V3650241,9074,44.67650,8.70876,28848.6,-51.2,4.2,20.3,-44.4,0.6,-1.0,RS41-SG,403.700,7.6,250,11,2.7,08:29:52,
2026-09-01T12:08:09.000Z,V3650241,9075,44.67654,8.70877,28800.4,-46.7,3.9,1.8,-44.5,0.6,-1.0,RS41-SG,403.700,8.4,250,11,2.7,08:29:52,
2026-09-01T12:08:10.000Z,V3650241,9076,44.67658,8.70877,28754.7,-45.7,4.3,4.5,-44.6,0.6,-1.0,RS41-SG,403.700,8.4,250,11,2.6,08:29:52,
2026-09-01T12:08:11.000Z,V3650241,9077,44.67661,8.70877,28709.2,-46.2,3.6,3.0,-44.8,0.6,-1.0,RS41-SG,403.700,8.5,250,11,2.6,08:29:52,
2026-09-01T12:08:17.000Z,V3650241,9083,44.67673,8.70876,28434.8,-46.0,1.5,87.4,-45.2,0.6,-1.0,RS41-SG,403.700,7.3,250,11,2.6,08:29:52,
2026-09-01T12:08:19.000Z,V3650241,9085,44.67673,8.70877,28344.3,-46.4,0.5,142.9,-45.2,0.6,-1.0,RS41-SG,403.700,6.8,250,11,2.6,08:29:52,
2026-09-01T12:08:20.000Z,V3650241,9086,44.67673,8.70878,28297.4,-47.1,0.4,98.0,-45.4,0.6,-1.0,RS41-SG,403.700,8.2,250,11,2.7,08:29:52,
2026-09-01T12:08:21.000Z,V3650241,9087,44.67672,8.70877,28251.2,-46.6,1.3,230.3,-45.8,0.7,-1.0,RS41-SG,403.700,8.2,250,11,2.7,08:29:52,
2026-09-01T12:08:22.000Z,V3650241,9088,44.67672,8.70876,28203.7,-48.9,0.5,305.6,-46.0,0.7,-1.0,RS41-SG,403.700,7.6,250,11,2.7,08:29:52,
2026-09-01T12:08:23.000Z,V3650241,9089,44.67672,8.70875,28155.5,-49.1,1.4,243.9,-46.0,0.6,-1.0,RS41-SG,403.700,7.6,250,11,2.7,08:29:52,
2026-09-01T12:08:26.000Z,V3650241,9092,44.67672,8.70875,28013.6,-48.1,1.3,94.3,-45.9,0.7,-1.0,RS41-SG,403.700,7.1,250,11,2.6,08:29:52,
2026-09-01T12:08:30.000Z,V3650241,9096,44.67671,8.70889,27826.1,-47.7,4.4,95.3,-45.6,0.6,-1.0,RS41-SG,403.700,7.5,250,11,2.7,08:29:52,
2026-09-01T12:08:32.000Z,V3650241,9098,44.67670,8.70903,27732.7,-45.3,5.7,103.4,-46.0,0.6,-1.0,RS41-SG,403.700,7.4,250,10,2.6,08:29:52,
2026-09-01T12:08:41.000Z,V3650241,9107,44.67675,8.70949,27309.3,-48.3,3.3,21.5,-46.7,0.7,-1.0,RS41-SG,403.700,7.3,250,11,2.7,08:29:52,
2026-09-01T12:08:57.000Z,V3650241,9123,44.67728,8.71019,26585.6,-41.5,13.0,19.0,-48.5,0.8,-1.0,RS41-SG,403.700,6.7,250,11,2.7,08:29:52,
2026-09-01T12:08:58.000Z,V3650241,9124,44.67740,8.71022,26544.4,-41.7,14.0,8.9,-48.5,0.7,-1.0,RS41-SG,403.700,7.3,250,11,2.7,08:29:52,
2026-09-01T12:09:18.000Z,V3650241,9144,44.67785,8.70984,25719.5,-39.7,9.0,60.5,-47.8,0.7,-1.0,RS41-SG,403.700,6.9,250,11,2.7,08:29:52,
2026-09-01T12:09:21.000Z,V3650241,9147,44.67805,8.71007,25601.9,-40.1,11.0,21.5,-48.2,0.7,-1.0,RS41-SG,403.700,7.3,250,11,2.6,08:29:52,
2026-09-01T12:11:21.000Z,V3650241,9267,44.67913,8.70806,21687.1,-29.1,13.5,52.6,-54.6,1.1,-1.0,RS41-SG,403.700,6.2,250,11,2.6,08:29:52,
2026-09-01T12:11:26.000Z,V3650241,9272,44.67969,8.70848,21546.4,-28.3,15.5,5.8,-55.4,1.2,-1.0,RS41-SG,403.700,6.3,250,11,2.6,08:29:52,
2026-09-01T12:11:27.000Z,V3650241,9273,44.67983,8.70849,21518.8,-28.3,15.3,0.4,-55.5,1.2,-1.0,RS41-SG,403.700,6.3,250,11,2.6,08:29:52,
