timestamp,serial,frame,lat,lon,alt,vel_v,vel_h,heading,temp,humidity,pressure,type,freq_mhz,snr,f_error_hz,sats,batt_v,burst_timer,aux_data
2026-08-27T01:16:13.006Z,X1423700,7088,45.75803,9.55929,32825.7,5.6,4.6,277.5,-273.0,-1.0,-1.0,RS41,402.000,6.9,250,9,2.6,,
2026-08-27T01:16:19.006Z,X1423700,7094,45.75795,9.55919,32859.6,6.6,1.9,336.7,-273.0,-1.0,-1.0,RS41,402.000,7.1,250,9,2.5,,
2026-08-27T01:16:20.006Z,X1423700,7095,45.75797,9.55917,32865.9,5.8,4.5,329.9,-273.0,-1.0,-1.0,RS41,402.000,7.1,250,9,2.5,,
2026-08-27T01:16:21.006Z,X1423700,7096,45.75802,9.55913,32870.8,4.1,6.5,325.5,-273.0,-1.0,-1.0,RS41,402.000,7.8,250,9,2.5,,
2026-08-27T01:16:22.006Z,X1423700,7097,45.75807,9.55907,32875.0,4.6,7.6,321.3,-273.0,-1.0,-1.0,RS41,402.000,7.8,250,9,2.6,,
2026-08-27T01:16:27.006Z,X1423700,7102,45.75816,9.55882,32903.5,4.6,3.6,229.0,-273.0,-1.0,-1.0,RS41,402.000,7.3,250,9,2.6,,
2026-08-27T01:16:30.006Z,X1423700,7105,45.75810,9.55869,32921.5,5.7,4.2,256.0,-273.0,-1.0,-1.0,RS41,402.000,7.5,250,9,2.5,,
2026-08-27T01:16:31.006Z,X1423700,7106,45.75810,9.55864,32927.2,5.5,4.1,280.1,-273.0,-1.0,-1.0,RS41,402.000,7.5,250,9,2.5,,
2026-08-27T01:16:32.006Z,X1423700,7107,45.75811,9.55859,32932.7,5.6,4.2,305.7,-273.0,-1.0,-1.0,RS41,402.000,7.5,250,9,2.6,,
2026-08-27T01:16:33.006Z,X1423700,7108,45.75814,9.55856,32938.5,5.8,4.5,331.2,-273.0,-1.0,-1.0,RS41,402.000,7.3,250,9,2.6,,
2026-08-27T01:16:35.006Z,X1423700,7110,45.75823,9.55853,32949.1,5.1,5.9,359.3,-273.0,-1.0,-1.0,RS41,402.000,7.0,250,9,2.5,,
2026-08-27T01:16:36.006Z,X1423700,7111,45.75829,9.55853,32954.2,5.2,6.7,1.3,-273.0,-1.0,-1.0,RS41,402.000,7.8,250,9,2.5,,
2026-08-27T01:16:37.006Z,X1423700,7112,45.75835,9.55853,32959.8,5.8,7.1,355.7,-273.0,-1.0,-1.0,RS41,402.000,7.8,250,9,2.6,,
2026-08-27T01:16:38.006Z,X1423700,7113,45.75841,9.55851,32965.7,6.1,7.2,343.8,-273.0,-1.0,-1.0,RS41,402.000,7.5,250,9,2.6,,
2026-08-27T01:16:41.006Z,X1423700,7116,45.75853,9.55833,32983.1,5.1,7.2,281.3,-273.0,-1.0,-1.0,RS41,402.000,7.1,250,9,2.5,,
2026-08-27T01:16:45.006Z,X1423700,7120,45.75846,9.55804,33004.0,6.4,3.2,218.8,-273.0,-1.0,-1.0,RS41,402.000,7.0,250,9,2.5,,
2026-08-27T01:16:47.006Z,X1423700,7122,45.75846,9.55804,33015.9,5.3,3.4,33.8,-273.0,-1.0,-1.0,RS41,402.000,6.8,250,9,2.6,,
2026-08-27T01:16:48.006Z,X1423700,7123,45.75850,9.55807,33020.8,4.5,6.3,19.5,-273.0,-1.0,-1.0,RS41,402.000,7.9,250,9,2.6,,
2026-08-27T01:16:49.006Z,X1423700,7124,45.75857,9.55809,33025.2,4.4,8.7,7.6,-273.0,-1.0,-1.0,RS41-SG,402.000,7.9,250,9,2.5,,
2026-08-27T01:16:50.006Z,X1423700,7125,45.75865,9.55809,33029.8,5.0,10.0,353.5,-273.0,-1.0,-1.0,RS41-SG,402.000,7.6,250,9,2.5,,
2026-08-27T01:16:51.006Z,X1423700,7126,45.75873,9.55805,33035.3,6.0,10.0,337.2,-273.0,-1.0,-1.0,RS41-SG,402.000,7.6,250,9,2.5,,
2026-08-27T01:16:54.006Z,X1423700,7129,45.75888,9.55781,33052.2,4.9,7.3,272.2,-273.0,-1.0,-1.0,RS41-SG,402.000,7.1,250,9,2.5,,
2026-08-27T01:17:00.006Z,X1423700,7135,45.75876,9.55769,33082.2,5.3,3.6,27.9,-273.0,-1.0,-1.0,RS41-SG,402.000,7.4,250,9,2.5,,
2026-08-27T01:17:01.006Z,X1423700,7136,45.75880,9.55770,33087.6,5.3,5.8,1.2,-273.0,-1.0,-1.0,RS41-SG,402.000,7.4,250,9,2.5,,
2026-08-27T01:17:02.006Z,X1423700,7137,45.75886,9.55769,33092.7,4.8,7.7,345.8,-273.0,-1.0,-1.0,RS41-SG,402.000,7.4,250,9,2.6,,
2026-08-27T01:17:03.006Z,X1423700,7138,45.75893,9.55765,33097.3,4.5,8.7,334.5,-273.0,-1.0,-1.0,RS41-SG,402.000,7.1,250,9,2.6,,
2026-08-27T01:17:09.006Z,X1423700,7144,45.75914,9.55742,33128.3,4.6,0.6,50.6,-39.5,-1.0,-1.0,RS41-SG,402.000,7.2,250,9,2.5,,
2026-08-27T01:17:10.006Z,X1423700,7145,45.75915,9.55743,33133.2,5.2,1.0,49.3,-39.5,-1.0,-1.0,RS41-SG,402.000,7.9,250,9,2.5,,
2026-08-27T01:17:11.006Z,X1423700,7146,45.75915,9.55743,33139.0,6.1,1.6,2.7,-39.5,-1.0,-1.0,RS41-SG,402.000,7.9,250,9,2.5,,
2026-08-27T01:17:12.006Z,X1423700,7147,45.75917,9.55742,33145.3,6.5,3.0,333.9,-39.5,-1.0,-1.0,RS41-SG,402.000,7.8,250,9,2.6,,
2026-08-27T01:17:13.006Z,X1423700,7148,45.75920,9.55740,33151.3,5.4,4.4,324.9,-39.5,-1.0,-1.0,RS41-SG,402.000,7.4,250,9,2.6,,
2026-08-27T01:17:14.006Z,X1423700,7149,45.75924,9.55736,33156.3,4.7,5.6,322.8,-39.4,-1.0,-1.0,RS41-SG,402.000,7.3,250,9,2.5,,
2026-08-27T01:17:15.006Z,X1423700,7150,45.75928,9.55732,33161.2,5.2,5.9,324.9,-39.4,-1.0,-1.0,RS41-SG,402.000,7.7,250,9,2.5,,
2026-08-27T01:17:19.006Z,X1423700,7154,45.75941,9.55728,33184.2,4.8,2.4,46.5,-39.2,-1.0,-1.0,RS41-SG,402.000,6.7,250,9,2.5,,
2026-08-27T01:17:20.006Z,X1423700,7155,45.75942,9.55730,33189.2,5.2,1.9,74.2,-39.2,-1.0,-1.0,RS41-SG,402.000,8.3,250,9,2.5,,
2026-08-27T01:17:21.006Z,X1423700,7156,45.75942,9.55732,33194.7,5.9,1.0,112.5,-39.2,-1.0,-1.0,RS41-SG,402.000,8.3,250,9,2.5,,
2026-08-27T01:17:22.006Z,X1423700,7157,45.75941,9.55732,33200.9,6.3,1.0,215.9,-39.1,-1.0,-1.0,RS41-SG,402.000,7.4,250,9,2.6,,
2026-08-27T01:17:23.006Z,X1423700,7158,45.75941,9.55731,33206.6,5.4,2.0,252.5,-39.0,-1.0,-1.0,RS41-SG,402.000,7.3,250,9,2.6,,
2026-08-27T01:17:24.006Z,X1423700,7159,45.75940,9.55728,33211.7,4.7,2.7,265.6,-39.0,-1.0,-1.0,RS41-SG,402.000,7.5,250,9,2.5,,
2026-08-27T01:17:25.006Z,X1423700,7160,45.75941,9.55724,33216.6,5.1,2.8,282.8,-38.9,-1.0,-1.0,RS41-SG,402.000,7.9,250,9,2.5,,
2026-08-27T01:17:26.006Z,X1423700,7161,45.75942,9.55722,33222.0,5.9,2.3,308.1,-38.8,-1.0,-1.0,RS41-SG,402.000,7.9,250,9,2.5,,
2026-08-27T01:17:28.006Z,X1423700,7163,45.75945,9.55720,33233.3,5.0,2.7,12.0,-38.8,-1.0,-1.0,RS41-SG,402.000,7.3,250,9,2.6,,
2026-08-27T01:17:29.006Z,X1423700,7164,45.75948,9.55721,33238.3,5.0,3.1,21.2,-38.8,-1.0,-1.0,RS41-SG,402.000,7.7,250,9,2.5,,
2026-08-27T01:17:30.006Z,X1423700,7165,45.75950,9.55722,33243.6,5.6,2.9,13.2,-38.7,-1.0,-1.0,RS41-SG,402.000,7.7,250,9,2.5,,
2026-08-27T01:17:31.006Z,X1423700,7166,45.75953,9.55722,33249.7,6.5,2.3,345.0,-38.7,-1.0,-1.0,RS41-SG,402.000,7.8,250,9,2.5,,
2026-08-27T01:17:32.006Z,X1423700,7167,45.75954,9.55721,33256.0,6.1,2.5,302.9,-38.7,-1.0,-1.0,RS41-SG,402.000,7.8,250,9,2.6,,
2026-08-27T01:17:35.006Z,X1423700,7170,45.75954,9.55709,33272.2,5.4,3.6,237.0,-38.6,-1.0,-1.0,RS41-SG,402.000,7.3,250,9,2.5,,
2026-08-27T01:17:36.006Z,X1423700,7171,45.75951,9.55706,33277.8,5.9,3.3,210.0,-38.5,-1.0,-1.0,RS41-SG,402.000,7.2,250,9,2.5,,
2026-08-27T01:17:39.006Z,X1423700,7174,45.75943,9.55707,33294.2,5.0,3.3,147.0,-38.4,-1.0,-1.0,RS41-SG,402.000,7.5,250,9,2.5,,
2026-08-27T01:17:40.006Z,X1423700,7175,45.75941,9.55710,33299.5,5.6,2.3,141.9,-38.3,-1.0,-1.0,RS41-SG,402.000,7.9,250,9,2.5,,
2026-08-27T01:17:41.006Z,X1423700,7176,45.75940,9.55710,33305.6,6.5,0.7,184.7,-38.3,-1.0,-1.0,RS41-SG,402.000,7.9,250,9,2.5,,
2026-08-27T01:17:42.006Z,X1423700,7177,45.75940,9.55709,33312.0,6.1,1.7,282.1,-38.3,-1.0,-1.0,RS41-SG,402.000,7.9,250,9,2.6,,
2026-08-27T01:17:43.006Z,X1423700,7178,45.75940,9.55706,33317.6,5.0,3.1,292.8,-38.2,-1.0,-1.0,RS41-SG,402.000,6.9,250,9,2.6,,
2026-08-27T01:17:44.006Z,X1423700,7179,45.75942,9.55702,33322.6,5.1,4.1,299.3,-38.2,-1.0,-1.0,RS41-SG,402.000,7.5,250,9,2.5,,
2026-08-27T01:17:45.006Z,X1423700,7180,45.75944,9.55698,33328.0,5.6,3.7,304.8,-38.2,-1.0,-1.0,RS41-SG,402.000,7.8,250,9,2.5,,
2026-08-27T01:17:46.006Z,X1423700,7181,45.75945,9.55695,33333.9,6.1,2.5,317.1,-38.2,-1.0,-1.0,RS41-SG,402.000,7.8,250,9,2.5,,
2026-08-27T01:17:47.006Z,X1423700,7182,45.75947,9.55694,33339.9,5.9,1.2,4.1,-38.2,-1.0,-1.0,RS41-SG,402.000,7.4,250,9,2.6,,
2026-08-27T01:17:49.006Z,X1423700,7184,45.75948,9.55698,33351.3,5.2,2.7,87.4,-38.2,-1.0,-1.0,RS41-SG,402.000,8.0,250,9,2.5,,
2026-08-27T01:17:50.006Z,X1423700,7185,45.75948,9.55701,33356.4,5.0,2.9,91.0,-38.2,-1.0,-1.0,RS41-SG,402.000,8.5,250,9,2.5,,
2026-08-27T01:17:51.006Z,X1423700,7186,45.75948,9.55705,33361.6,5.4,1.8,90.8,-38.2,-1.0,-1.0,RS41-SG,402.000,8.5,250,9,2.5,,
2026-08-27T01:17:52.006Z,X1423700,7187,45.75948,9.55706,33367.4,6.0,0.2,339.9,-38.2,-1.0,-1.0,RS41-SG,402.000,8.4,250,9,2.6,,
2026-08-27T01:17:53.006Z,X1423700,7188,45.75948,9.55704,33373.5,6.0,2.6,280.4,-38.3,-1.0,-1.0,RS41-SG,402.000,8.4,250,9,2.6,,
2026-08-27T01:17:54.006Z,X1423700,7189,45.75949,9.55699,33379.2,5.2,4.7,278.0,-38.2,-1.0,-1.0,RS41-SG,402.000,8.0,250,9,2.5,,
2026-08-27T01:17:55.006Z,X1423700,7190,45.75949,9.55692,33384.1,4.5,6.0,275.9,-38.2,-1.0,-1.0,RS41-SG,402.000,8.4,250,9,2.5,,
2026-08-27T01:17:56.006Z,X1423700,7191,45.75950,9.55685,33388.9,5.1,5.9,272.0,-38.2,-1.0,-1.0,RS41-SG,402.000,8.4,250,9,2.5,,
2026-08-27T01:17:59.006Z,X1423700,7194,45.75947,9.55673,33406.8,5.9,2.1,160.1,-38.1,-1.0,-1.0,RS41-SG,402.000,7.4,250,9,2.5,,
2026-08-27T01:18:00.006Z,X1423700,7195,45.75945,9.55676,33412.3,4.8,3.8,129.7,-38.1,-1.0,-1.0,RS41-SG,402.000,8.3,250,9,2.5,,
2026-08-27T01:18:01.006Z,X1423700,7196,45.75943,9.55680,33416.9,4.5,4.7,118.4,-38.1,-1.0,-1.0,RS41-SG,402.000,8.5,250,9,2.5,,
2026-08-27T01:18:02.006Z,X1423700,7197,45.75941,9.55686,33421.9,5.5,4.4,110.8,-38.0,-1.0,-1.0,RS41-SG,402.000,8.5,250,9,2.6,,
2026-08-27T01:18:03.006Z,X1423700,7198,45.75940,9.55690,33427.9,6.5,2.6,98.2,-38.0,-1.0,-1.0,RS41-SG,402.000,8.5,250,9,2.6,,
2026-08-27T01:18:04.006Z,X1423700,7199,45.75941,9.55692,33434.4,6.5,1.0,10.6,-38.0,-1.0,-1.0,RS41-SG,402.000,8.5,250,9,2.5,,
2026-08-27T01:18:05.006Z,X1423700,7200,45.75942,9.55690,33440.4,5.2,2.9,311.6,-38.0,-1.0,-1.0,RS41-SG,402.000,8.6,250,9,2.5,,
2026-08-27T01:18:06.006Z,X1423700,7201,45.75944,9.55686,33445.1,4.0,4.8,300.9,-38.0,-1.0,-1.0,RS41-SG,402.000,8.6,250,9,2.5,,
2026-08-27T01:18:07.006Z,X1423700,7202,45.75946,9.55681,33449.3,4.5,5.6,295.0,-37.9,-1.0,-1.0,RS41-SG,402.000,8.3,250,9,2.6,,
2026-08-27T01:18:08.006Z,X1423700,7203,45.75948,9.55674,33454.5,5.8,4.9,288.0,-37.9,-1.0,-1.0,RS41-SG,402.000,8.0,250,9,2.6,,
2026-08-27T01:18:10.006Z,X1423700,7205,45.75948,9.55667,33467.1,6.0,1.2,209.8,-37.9,-1.0,-1.0,RS41-SG,402.000,7.3,250,9,2.5,,
2026-08-27T01:18:11.006Z,X1423700,7206,45.75947,9.55668,33472.6,4.8,2.4,144.0,-37.8,-1.0,-1.0,RS41-SG,402.000,8.2,250,9,2.5,,
2026-08-27T01:18:12.006Z,X1423700,7207,45.75945,9.55671,33477.3,4.6,4.0,130.1,-37.8,-1.0,-1.0,RS41-SG,402.000,8.2,250,9,2.6,,
2026-08-27T01:18:13.006Z,X1423700,7208,45.75942,9.55675,33482.4,5.5,4.6,126.5,-37.8,-1.0,-1.0,RS41-SG,402.000,8.9,250,9,2.6,,
2026-08-27T01:18:14.006Z,X1423700,7209,45.75940,9.55679,33488.5,6.8,3.7,124.8,-37.8,-1.0,-1.0,RS41-SG,402.000,8.9,250,9,2.5,,
2026-08-27T01:18:15.006Z,X1423700,7210,45.75939,9.55682,33495.0,6.2,2.3,127.6,-37.7,-1.0,-1.0,RS41-SG,402.000,8.3,250,9,2.5,,
2026-08-27T01:18:16.006Z,X1423700,7211,45.75938,9.55684,33500.7,4.9,0.8,150.3,-37.7,-1.0,-1.0,RS41-SG,402.000,8.3,250,9,2.5,,
2026-08-27T01:18:17.006Z,X1423700,7212,45.75937,9.55683,33505.6,4.8,0.8,267.4,-37.7,-1.0,-1.0,RS41-SG,402.000,8.4,250,9,2.6,,
2026-08-27T01:18:18.006Z,X1423700,7213,45.75937,9.55682,33510.7,5.5,1.3,282.8,-37.7,-1.0,-1.0,RS41-SG,402.000,8.7,250,9,2.6,,
2026-08-27T01:18:19.006Z,X1423700,7214,45.75938,9.55681,33516.5,6.1,1.1,273.0,-37.6,-1.0,-1.0,RS41-SG,402.000,8.9,250,9,2.5,,
2026-08-27T01:18:20.006Z,X1423700,7215,45.75937,9.55680,33522.3,5.5,0.7,229.6,-37.6,-1.0,-1.0,RS41-SG,402.000,8.9,250,9,2.5,,
2026-08-27T01:18:21.006Z,X1423700,7216,45.75937,9.55679,33527.4,4.8,1.3,184.9,-37.6,-1.0,-1.0,RS41-SG,402.000,8.5,250,9,2.5,,
2026-08-27T01:18:22.006Z,X1423700,7217,45.75935,9.55679,33532.3,5.0,2.2,176.8,-37.6,-1.0,-1.0,RS41-SG,402.000,8.5,250,9,2.6,,
2026-08-27T01:18:23.006Z,X1423700,7218,45.75933,9.55679,33537.6,5.7,2.9,183.1,-37.6,-1.0,-1.0,RS41-SG,402.000,7.9,250,9,2.6,,
2026-08-27T01:18:24.006Z,X1423700,7219,45.75930,9.55679,33543.5,6.2,3.4,189.9,-37.5,-1.0,-1.0,RS41-SG,402.000,7.9,250,9,2.5,,
2026-08-27T01:18:25.006Z,X1423700,7220,45.75927,9.55678,33549.7,6.2,3.3,193.1,-37.5,-1.0,-1.0,RS41-SG,402.000,8.2,250,9,2.5,,
2026-08-27T01:18:26.006Z,X1423700,7221,45.75925,9.55677,33555.6,5.5,2.7,188.1,-37.5,-1.0,-1.0,RS41-SG,402.000,8.3,250,9,2.5,,
2026-08-27T01:18:27.006Z,X1423700,7222,45.75923,9.55678,33561.0,5.4,1.7,154.1,-37.5,-1.0,-1.0,RS41-SG,402.000,8.3,250,9,2.6,,
2026-08-27T01:18:28.006Z,X1423700,7223,45.75922,9.55680,33566.5,5.5,2.4,94.6,-37.4,-1.0,-1.0,RS41-SG,402.000,8.6,250,9,2.6,,
2026-08-27T01:18:29.006Z,X1423700,7224,45.75922,9.55684,33572.0,5.6,4.4,78.5,-37.4,-1.0,-1.0,RS41-SG,402.000,9.2,250,9,2.5,,
2026-08-27T01:18:30.006Z,X1423700,7225,45.75923,9.55691,33577.7,5.7,6.3,74.4,-37.5,-1.0,-1.0,RS41-SG,402.000,9.5,250,9,2.5,,
2026-08-27T01:18:31.006Z,X1423700,7226,45.75925,9.55699,33583.3,5.6,7.1,73.8,-37.5,-1.0,-1.0,RS41-SG,402.000,9.5,250,9,2.5,,
2026-08-27T01:18:32.006Z,X1423700,7227,45.75927,9.55707,33588.9,5.5,6.7,74.3,-37.5,-1.0,-1.0,RS41-SG,402.000,9.2,250,9,2.6,,
2026-08-27T01:18:33.006Z,X1423700,7228,45.75928,9.55714,33594.6,5.9,4.9,76.3,-37.5,-1.0,-1.0,RS41-SG,402.000,9.2,250,9,2.6,,
2026-08-27T01:18:34.006Z,X1423700,7229,45.75929,9.55719,33600.5,5.8,2.0,84.6,-37.6,-1.0,-1.0,RS41-SG,402.000,9.1,250,9,2.5,,
2026-08-27T01:18:35.006Z,X1423700,7230,45.75928,9.55719,33606.2,5.6,1.3,229.3,-37.6,-1.0,-1.0,RS41-SG,402.000,9.1,250,9,2.5,,
2026-08-27T01:18:36.006Z,X1423700,7231,45.75927,9.55717,33611.5,4.8,3.9,242.3,-37.6,-1.0,-1.0,RS41-SG,402.000,9.1,250,9,2.5,,
2026-08-27T01:18:37.006Z,X1423700,7232,45.75925,9.55711,33616.2,4.6,5.4,242.1,-37.6,-1.0,-1.0,RS41-SG,402.000,8.3,250,9,2.6,,
2026-08-27T01:18:38.006Z,X1423700,7233,45.75923,9.55705,33621.4,5.8,5.3,236.8,-37.7,-1.0,-1.0,RS41-SG,402.000,8.0,250,9,2.6,,
2026-08-27T01:18:39.006Z,X1423700,7234,45.75920,9.55701,33628.0,7.3,3.5,221.4,-37.7,0.7,-1.0,RS41-SG,402.000,8.0,250,9,2.5,,
2026-08-27T01:18:40.006Z,X1423700,7235,45.75918,9.55700,33635.2,7.2,2.2,161.7,-37.7,0.7,-1.0,RS41-SG,402.000,8.1,250,9,2.5,,
2026-08-27T01:18:41.006Z,X1423700,7236,45.75917,9.55703,33641.3,4.9,3.7,111.2,-37.7,0.7,-1.0,RS41-SG,402.000,8.7,250,9,2.5,,
2026-08-27T01:18:42.006Z,X1423700,7237,45.75916,9.55708,33645.5,3.8,5.8,92.9,-37.7,0.7,-1.0,RS41-SG,402.000,8.8,250,9,2.6,,
2026-08-27T01:18:43.006Z,X1423700,7238,45.75916,9.55717,33649.7,4.5,7.4,83.6,-37.7,0.7,-1.0,RS41-SG,402.000,8.8,250,9,2.6,,
2026-08-27T01:18:44.006Z,X1423700,7239,45.75917,9.55726,33655.1,6.3,7.3,76.8,-37.7,0.7,-1.0,RS41-SG,402.000,9.0,250,9,2.5,,
2026-08-27T01:18:45.006Z,X1423700,7240,45.75919,9.55734,33661.8,7.0,5.8,69.7,-37.8,0.7,-1.0,RS41-SG,402.000,9.0,250,9,2.5,,
2026-08-27T01:18:46.006Z,X1423700,7241,45.75920,9.55740,33668.1,5.8,3.9,61.5,-37.8,0.7,-1.0,RS41-SG,402.000,8.8,250,9,2.5,,
2026-08-27T01:18:47.006Z,X1423700,7242,45.75922,9.55743,33673.5,5.1,2.0,49.0,-37.8,0.7,-1.0,RS41-SG,402.000,8.8,250,9,2.6,,
2026-08-27T01:18:48.006Z,X1423700,7243,45.75923,9.55744,33678.7,5.3,0.4,8.7,-37.8,0.7,-1.0,RS41-SG,402.000,8.5,250,9,2.6,,
2026-08-27T01:18:49.006Z,X1423700,7244,45.75923,9.55744,33684.1,5.6,0.9,219.0,-37.8,0.7,-1.0,RS41-SG,402.000,8.1,250,9,2.5,,
2026-08-27T01:18:50.006Z,X1423700,7245,45.75921,9.55743,33689.9,6.0,1.8,190.3,-37.8,0.7,-1.0,RS41-SG,402.000,8.3,250,9,2.5,,
2026-08-27T01:18:51.006Z,X1423700,7246,45.75919,9.55743,33695.7,5.7,2.8,171.5,-37.9,0.7,-1.0,RS41-SG,402.000,8.5,250,9,2.5,,
2026-08-27T01:18:52.006Z,X1423700,7247,45.75917,9.55744,33701.2,5.2,3.6,160.1,-37.9,0.7,-1.0,RS41-SG,402.000,8.7,250,9,2.6,,
2026-08-27T01:18:53.006Z,X1423700,7248,45.75913,9.55746,33706.3,5.0,4.3,153.4,-37.9,0.7,-1.0,RS41-SG,402.000,8.7,250,9,2.6,,
2026-08-27T01:18:54.006Z,X1423700,7249,45.75910,9.55749,33711.5,5.4,4.4,151.9,-37.9,0.7,-1.0,RS41-SG,402.000,8.7,250,9,2.5,,
2026-08-27T01:18:55.006Z,X1423700,7250,45.75907,9.55751,33717.1,5.9,3.9,152.2,-37.9,0.7,-1.0,RS41-SG,402.000,8.5,250,9,2.5,,
2026-08-27T01:18:56.006Z,X1423700,7251,45.75904,9.55753,33723.2,6.3,2.7,153.8,-37.9,0.7,-1.0,RS41-SG,402.000,8.5,250,9,2.5,,
2026-08-27T01:18:57.006Z,X1423700,7252,45.75903,9.55754,33729.5,6.2,1.1,153.5,-37.9,0.7,-1.0,RS41-SG,402.000,8.0,250,9,2.6,,
2026-08-27T01:18:58.006Z,X1423700,7253,45.75902,9.55755,33735.3,5.6,0.8,12.2,-37.9,0.7,-1.0,RS41-SG,402.000,7.4,250,9,2.6,,
2026-08-27T01:19:00.006Z,X1423700,7255,45.75907,9.55756,33746.0,5.4,4.3,14.6,-38.0,0.7,-1.0,RS41-SG,402.000,7.2,250,9,2.5,,
2026-08-27T01:19:01.006Z,X1423700,7256,45.75911,9.55758,33751.7,6.1,5.4,24.9,-38.0,0.7,-1.0,RS41-SG,402.000,7.2,250,9,2.5,,
2026-08-27T01:19:02.006Z,X1423700,7257,45.75915,9.55762,33758.0,6.5,5.9,38.3,-38.0,0.7,-1.0,RS41-SG,402.000,7.9,250,9,2.6,,
2026-08-27T01:19:03.006Z,X1423700,7258,45.75919,9.55767,33764.5,6.6,5.5,56.6,-38.0,0.7,-1.0,RS41-SG,402.000,7.9,250,9,2.6,,
2026-08-27T01:19:04.006Z,X1423700,7259,45.75920,9.55773,33771.0,6.4,4.9,84.6,-38.0,0.7,-1.0,RS41-SG,402.000,8.1,250,9,2.5,,
2026-08-27T01:19:05.006Z,X1423700,7260,45.75919,9.55779,33777.1,5.8,5.0,123.6,-38.0,0.7,-1.0,RS41-SG,402.000,8.3,250,9,2.5,,
2026-08-27T01:19:06.006Z,X1423700,7261,45.75915,9.55783,33782.5,5.0,6.4,156.0,-38.0,0.7,-1.0,RS41-SG,402.000,8.3,250,9,2.5,,
2026-08-27T01:19:07.006Z,X1423700,7262,45.75909,9.55785,33787.4,4.8,8.3,176.1,-38.0,0.7,-1.0,RS41-SG,402.000,7.9,250,9,2.6,,
2026-08-27T01:19:08.006Z,X1423700,7263,45.75901,9.55785,33792.4,5.5,9.5,190.2,-38.0,0.7,-1.0,RS41-SG,402.000,7.9,250,9,2.6,,
2026-08-27T01:19:09.006Z,X1423700,7264,45.75893,9.55781,33798.2,6.3,9.2,200.6,-38.0,0.7,-1.0,RS41-SG,402.000,7.9,250,9,2.5,,
2026-08-27T01:19:13.006Z,X1423700,7268,45.75883,9.55770,33822.6,4.5,3.7,21.4,-38.0,0.7,-1.0,RS41-SG,402.000,8.0,250,9,2.6,,
2026-08-27T01:19:14.006Z,X1423700,7269,45.75887,9.55773,33826.8,3.9,6.9,40.1,-38.0,0.7,-1.0,RS41-SG,402.000,8.6,250,9,2.5,,
2026-08-27T01:19:15.006Z,X1423700,7270,45.75892,9.55781,33831.1,4.5,9.0,53.5,-38.1,0.7,-1.0,RS41-SG,402.000,8.6,250,9,2.5,,
2026-08-27T01:19:16.006Z,X1423700,7271,45.75896,9.55791,33836.2,5.8,9.3,68.2,-38.1,0.7,-1.0,RS41-SG,402.000,8.5,250,9,2.5,,
2026-08-27T01:19:17.006Z,X1423700,7272,45.75897,9.55801,33842.5,6.9,8.1,88.9,-38.1,0.7,-1.0,RS41-SG,402.000,7.6,250,9,2.6,,
2026-08-27T01:19:18.006Z,X1423700,7273,45.75896,9.55810,33849.3,6.7,6.7,119.4,-38.1,0.7,-1.0,RS41-SG,402.000,7.8,250,9,2.6,,
2026-08-27T01:19:19.006Z,X1423700,7274,45.75892,9.55816,33855.4,5.5,6.6,156.9,-38.2,0.7,-1.0,RS41-SG,402.000,8.7,250,9,2.5,,
2026-08-27T01:19:20.006Z,X1423700,7275,45.75886,9.55817,33860.1,4.0,7.8,187.3,-38.2,0.7,-1.0,RS41-SG,402.000,8.7,250,9,2.5,,
2026-08-27T01:19:21.006Z,X1423700,7276,45.75878,9.55813,33863.9,3.5,9.2,207.8,-38.2,0.7,-1.0,RS41-SG,402.000,8.4,250,9,2.5,,
2026-08-27T01:19:25.006Z,X1423700,7280,45.75864,9.55786,33885.5,6.2,2.3,304.7,-38.2,0.7,-1.0,RS41-SG,402.000,7.5,250,9,2.5,,
2026-08-27T01:19:26.006Z,X1423700,7281,45.75866,9.55786,33890.9,4.6,3.2,30.5,-38.2,0.7,-1.0,RS41-SG,402.000,9.2,250,9,2.5,,
2026-08-27T01:19:27.006Z,X1423700,7282,45.75869,9.55790,33894.9,3.4,5.8,59.1,-38.1,0.7,-1.0,RS41-SG,402.000,9.2,250,9,2.6,,
2026-08-27T01:19:28.006Z,X1423700,7283,45.75871,9.55798,33898.4,3.7,7.9,75.9,-38.1,0.7,-1.0,RS41-SG,402.000,8.4,250,9,2.6,,
2026-08-27T01:19:29.006Z,X1423700,7284,45.75872,9.55809,33902.9,5.2,8.8,91.4,-38.1,0.7,-1.0,RS41-SG,402.000,8.3,250,9,2.5,,
2026-08-27T01:19:30.006Z,X1423700,7285,45.75871,9.55819,33908.7,6.3,8.2,107.8,-38.1,0.7,-1.0,RS41-SG,402.000,8.6,250,9,2.5,,
2026-08-27T01:19:31.006Z,X1423700,7286,45.75868,9.55828,33915.0,6.3,7.0,128.1,-38.0,0.7,-1.0,RS41-SG,402.000,8.6,250,9,2.5,,
2026-08-27T01:19:32.006Z,X1423700,7287,45.75863,9.55833,33920.9,5.6,5.8,153.6,-37.9,0.7,-1.0,RS41-SG,402.000,8.6,250,9,2.6,,
2026-08-27T01:19:33.006Z,X1423700,7288,45.75859,9.55835,33926.1,4.8,5.2,183.3,-37.8,0.7,-1.0,RS41-SG,402.000,8.6,250,9,2.6,,
2026-08-27T01:19:34.006Z,X1423700,7289,45.75854,9.55833,33930.7,4.5,5.1,214.8,-37.7,0.7,-1.0,RS41-SG,402.000,8.2,250,9,2.5,,
2026-08-27T01:19:35.006Z,X1423700,7290,45.75851,9.55828,33935.3,4.7,5.3,239.2,-37.7,0.7,-1.0,RS41-SG,402.000,8.7,250,9,2.5,,
2026-08-27T01:19:36.006Z,X1423700,7291,45.75850,9.55822,33940.2,5.1,4.8,256.7,-37.6,0.7,-1.0,RS41-SG,402.000,8.7,250,9,2.5,,
2026-08-27T01:19:38.006Z,X1423700,7293,45.75849,9.55813,33951.4,5.8,1.7,275.2,-37.5,0.6,-1.0,RS41-SG,402.000,8.5,250,9,2.6,,
2026-08-27T01:19:39.006Z,X1423700,7294,45.75849,9.55812,33956.9,5.2,0.5,156.1,-37.5,0.6,-1.0,RS41-SG,402.000,8.5,250,9,2.5,,
2026-08-27T01:19:40.006Z,X1423700,7295,45.75848,9.55813,33961.6,4.4,2.3,133.1,-37.5,0.7,-1.0,RS41-SG,402.000,9.0,250,9,2.5,,
2026-08-27T01:19:41.006Z,X1423700,7296,45.75846,9.55816,33966.0,4.4,3.7,140.6,-37.5,0.6,-1.0,RS41-SG,402.000,9.1,250,9,2.5,,
2026-08-27T01:19:42.006Z,X1423700,7297,45.75843,9.55819,33970.7,5.2,4.5,152.2,-37.5,0.6,-1.0,RS41-SG,402.000,9.1,250,9,2.6,,
2026-08-27T01:19:43.006Z,X1423700,7298,45.75839,9.55821,33976.1,5.8,4.6,167.1,-37.5,0.7,-1.0,RS41-SG,402.000,8.7,250,9,2.6,,
2026-08-27T01:19:44.006Z,X1423700,7299,45.75835,9.55821,33982.0,6.0,4.2,186.4,-37.5,0.7,-1.0,RS41-SG,402.000,8.7,250,9,2.5,,
2026-08-27T01:19:45.006Z,X1423700,7300,45.75832,9.55820,33987.7,5.4,3.8,206.9,-37.5,0.6,-1.0,RS41-SG,402.000,8.1,250,9,2.5,,
2026-08-27T01:19:47.006Z,X1423700,7302,45.75828,9.55814,33997.5,4.7,3.3,237.2,-37.5,0.7,-1.0,RS41-SG,402.000,7.5,250,9,2.6,,
2026-08-27T01:19:48.006Z,X1423700,7303,45.75826,9.55811,34002.5,5.2,2.5,234.0,-37.5,0.6,-1.0,RS41-SG,402.000,8.3,250,9,2.6,,
2026-08-27T01:19:49.006Z,X1423700,7304,45.75825,9.55809,34007.9,5.6,2.0,210.3,-37.5,0.6,-1.0,RS41-SG,402.000,8.3,250,9,2.5,,
2026-08-27T01:19:50.006Z,X1423700,7305,45.75823,9.55808,34013.6,5.8,2.4,175.4,-37.5,0.7,-1.0,RS41-SG,402.000,8.3,250,9,2.5,,
2026-08-27T01:19:51.006Z,X1423700,7306,45.75820,9.55809,34019.4,5.7,3.6,163.2,-37.6,0.7,-1.0,RS41-SG,402.000,8.1,250,9,2.5,,
2026-08-27T01:19:52.006Z,X1423700,7307,45.75817,9.55810,34024.8,5.2,4.6,166.9,-37.6,0.7,-1.0,RS41-SG,402.000,8.7,250,9,2.6,,
2026-08-27T01:19:53.006Z,X1423700,7308,45.75812,9.55811,34029.9,5.1,5.2,178.5,-37.6,0.7,-1.0,RS41-SG,402.000,8.7,250,9,2.6,,
2026-08-27T01:19:54.006Z,X1423700,7309,45.75807,9.55810,34035.0,5.3,5.9,197.1,-37.6,0.7,-1.0,RS41-SG,402.000,8.7,250,9,2.5,,
2026-08-27T01:19:55.006Z,X1423700,7310,45.75802,9.55807,34040.6,5.8,6.8,216.6,-37.6,0.7,-1.0,RS41-SG,402.000,8.7,250,9,2.5,,
2026-08-27T01:19:56.006Z,X1423700,7311,45.75798,9.55800,34046.3,5.4,7.6,229.9,-37.6,0.6,-1.0,RS41-SG,402.000,8.6,250,9,2.5,,
2026-08-27T01:19:57.006Z,X1423700,7312,45.75794,9.55792,34051.4,4.8,7.9,238.3,-37.6,0.6,-1.0,RS41-SG,402.000,8.0,250,9,2.6,,
2026-08-27T01:20:01.006Z,X1423700,7316,45.75783,9.55772,34075.2,5.6,2.7,158.6,-37.7,0.7,-1.0,RS41-SG,402.000,7.2,250,9,2.5,,
2026-08-27T01:20:02.006Z,X1423700,7317,45.75781,9.55775,34080.2,4.4,4.2,124.2,-37.7,0.7,-1.0,RS41-SG,402.000,9.0,250,9,2.6,,
2026-08-27T01:20:03.006Z,X1423700,7318,45.75779,9.55780,34084.5,4.2,5.4,113.4,-37.7,0.7,-1.0,RS41-SG,402.000,9.0,250,9,2.6,,
2026-08-27T01:20:04.006Z,X1423700,7319,45.75777,9.55787,34089.2,5.2,5.5,109.1,-37.7,0.7,-1.0,RS41-SG,402.000,8.7,250,9,2.5,,
2026-08-27T01:20:05.006Z,X1423700,7320,45.75776,9.55792,34094.9,6.1,4.0,108.9,-37.7,0.7,-1.0,RS41-SG,402.000,8.7,250,9,2.5,,
2026-08-27T01:20:06.006Z,X1423700,7321,45.75775,9.55796,34101.1,6.3,1.6,120.6,-37.7,0.7,-1.0,RS41-SG,402.000,8.8,250,9,2.5,,
2026-08-27T01:20:07.006Z,X1423700,7322,45.75774,9.55796,34107.0,5.4,1.1,251.0,-37.7,0.7,-1.0,RS41-SG,402.000,8.8,250,9,2.6,,
2026-08-27T01:20:08.006Z,X1423700,7323,45.75774,9.55793,34111.9,4.5,3.1,264.4,-37.7,0.7,-1.0,RS41-SG,402.000,8.3,250,9,2.6,,
2026-08-27T01:20:09.006Z,X1423700,7324,45.75773,9.55789,34116.3,4.4,4.3,263.0,-37.7,0.7,-1.0,RS41-SG,402.000,7.9,250,9,2.5,,
2026-08-27T01:20:10.006Z,X1423700,7325,45.75773,9.55783,34121.1,5.1,4.2,253.0,-37.7,0.7,-1.0,RS41-SG,402.000,7.1,250,9,2.5,,
2026-08-27T01:20:11.006Z,X1423700,7326,45.75771,9.55779,34126.7,6.2,3.4,226.5,-37.7,0.7,-1.0,RS41-SG,402.000,7.6,250,9,2.5,,
2026-08-27T01:20:12.006Z,X1423700,7327,45.75768,9.55777,34132.8,6.1,3.4,182.7,-37.8,0.7,-1.0,RS41-SG,402.000,8.4,250,9,2.6,,
2026-08-27T01:20:13.006Z,X1423700,7328,45.75765,9.55779,34138.4,4.8,4.5,152.7,-37.8,0.7,-1.0,RS41-SG,402.000,8.4,250,9,2.6,,
2026-08-27T01:20:14.006Z,X1423700,7329,45.75762,9.55782,34143.1,4.5,5.6,136.3,-37.8,0.7,-1.0,RS41-SG,402.000,8.4,250,9,2.5,,
2026-08-27T01:20:15.006Z,X1423700,7330,45.75758,9.55788,34147.7,4.9,5.9,124.2,-37.8,0.7,-1.0,RS41-SG,402.000,8.4,250,9,2.5,,
2026-08-27T01:20:16.006Z,X1423700,7331,45.75756,9.55794,34153.1,5.9,5.0,112.2,-37.9,0.7,-1.0,RS41-SG,402.000,8.0,250,9,2.5,,
2026-08-27T01:20:17.006Z,X1423700,7332,45.75755,9.55799,34159.1,6.1,3.3,91.8,-37.9,0.7,-1.0,RS41-SG,402.000,8.6,250,9,2.6,,
2026-08-27T01:20:18.006Z,X1423700,7333,45.75756,9.55802,34165.1,5.8,2.1,43.1,-37.9,0.7,-1.0,RS41-SG,402.000,8.6,250,9,2.6,,
2026-08-27T01:20:19.006Z,X1423700,7334,45.75757,9.55803,34170.5,4.9,3.0,351.2,-37.9,0.7,-1.0,RS41-SG,402.000,8.6,250,9,2.5,,
2026-08-27T01:20:20.006Z,X1423700,7335,45.75761,9.55802,34175.2,4.3,4.2,335.4,-38.0,0.7,-1.0,RS41-SG,402.000,8.3,250,9,2.5,,
2026-08-27T01:20:21.006Z,X1423700,7336,45.75764,9.55799,34179.7,4.7,4.5,331.5,-38.0,0.7,-1.0,RS41-SG,402.000,7.8,250,9,2.5,,
2026-08-27T01:20:22.006Z,X1423700,7337,45.75767,9.55797,34185.0,5.8,3.7,338.1,-38.0,0.7,-1.0,RS41-SG,402.000,7.7,250,9,2.6,,
2026-08-27T01:20:23.006Z,X1423700,7338,45.75770,9.55796,34191.3,6.6,1.9,12.3,-38.0,0.7,-1.0,RS41-SG,402.000,8.9,250,9,2.6,,
2026-08-27T01:20:24.006Z,X1423700,7339,45.75770,9.55798,34197.7,6.2,2.4,88.4,-38.0,0.7,-1.0,RS41-SG,402.000,8.9,250,9,2.5,,
2026-08-27T01:20:25.006Z,X1423700,7340,45.75770,9.55802,34203.1,4.5,4.3,111.4,-38.0,0.7,-1.0,RS41-SG,402.000,9.3,250,9,2.5,,
2026-08-27T01:20:26.006Z,X1423700,7341,45.75768,9.55808,34207.4,4.1,5.9,123.6,-38.0,0.7,-1.0,RS41-SG,402.000,9.3,250,9,2.5,,
2026-08-27T01:20:27.006Z,X1423700,7342,45.75764,9.55814,34211.8,4.6,6.3,131.6,-38.0,0.7,-1.0,RS41-SG,402.000,8.8,250,9,2.6,,
2026-08-27T01:20:28.006Z,X1423700,7343,45.75760,9.55819,34217.0,5.7,5.5,140.3,-38.0,0.7,-1.0,RS41-SG,402.000,8.4,250,9,2.6,,
2026-08-27T01:20:29.006Z,X1423700,7344,45.75757,9.55822,34223.0,6.3,3.5,155.6,-38.1,0.7,-1.0,RS41-SG,402.000,8.3,250,9,2.5,,
2026-08-27T01:20:30.006Z,X1423700,7345,45.75755,9.55823,34229.1,5.9,1.6,198.0,-38.1,0.7,-1.0,RS41-SG,402.000,8.2,250,9,2.5,,
2026-08-27T01:20:32.006Z,X1423700,7347,45.75756,9.55819,34239.4,4.6,3.4,318.9,-38.1,0.7,-1.0,RS41-SG,402.000,8.3,250,9,2.6,,
2026-08-27T01:20:33.006Z,X1423700,7348,45.75759,9.55816,34244.0,4.9,4.7,343.7,-38.1,0.7,-1.0,RS41-SG,402.000,8.3,250,9,2.6,,
2026-08-27T01:20:35.006Z,X1423700,7350,45.75769,9.55818,34254.6,5.8,6.8,27.7,-38.1,0.7,-1.0,RS41-SG,402.000,7.8,250,9,2.5,,
2026-08-27T01:20:36.006Z,X1423700,7351,45.75774,9.55824,34260.6,6.0,7.5,48.9,-38.0,0.7,-1.0,RS41-SG,402.000,9.0,250,9,2.5,,
2026-08-27T01:20:37.006Z,X1423700,7352,45.75778,9.55832,34266.4,5.8,7.8,67.8,-38.0,0.7,-1.0,RS41-SG,402.000,9.0,250,9,2.6,,
2026-08-27T01:20:38.006Z,X1423700,7353,45.75779,9.55842,34272.0,5.6,7.6,89.6,-37.9,0.7,-1.0,RS41-SG,402.000,9.0,250,9,2.6,,
2026-08-27T01:20:39.006Z,X1423700,7354,45.75778,9.55851,34277.4,5.3,7.3,114.5,-37.8,0.7,-1.0,RS41-SG,402.000,8.5,250,9,2.5,,
2026-08-27T01:20:40.006Z,X1423700,7355,45.75774,9.55858,34282.5,4.9,7.4,142.9,-37.8,0.7,-1.0,RS41-SG,402.000,8.8,250,9,2.5,,
2026-08-27T01:20:41.006Z,X1423700,7356,45.75767,9.55862,34287.2,4.7,7.9,170.0,-37.7,0.6,-1.0,RS41-SG,402.000,8.8,250,9,2.5,,
2026-08-27T01:20:42.006Z,X1423700,7357,45.75760,9.55861,34292.0,4.9,8.9,191.6,-37.7,0.7,-1.0,RS41-SG,402.000,8.4,250,9,2.6,,
2026-08-27T01:20:43.006Z,X1423700,7358,45.75753,9.55858,34297.1,5.5,8.8,207.0,-37.7,0.6,-1.0,RS41-SG,402.000,8.0,250,9,2.6,,
2026-08-27T01:20:47.006Z,X1423700,7362,45.75743,9.55844,34320.9,5.2,3.8,38.2,-37.6,0.7,-1.0,RS41-SG,402.000,7.5,250,9,2.6,,
2026-08-27T01:20:48.006Z,X1423700,7363,45.75746,9.55849,34325.3,3.7,7.4,51.1,-37.5,0.6,-1.0,RS41-SG,402.000,9.1,250,9,2.6,,
2026-08-27T01:20:49.006Z,X1423700,7364,45.75751,9.55859,34328.7,3.2,10.2,59.0,-37.6,0.6,-1.0,RS41-SG,402.000,9.1,250,9,2.5,,
2026-08-27T01:20:50.006Z,X1423700,7365,45.75755,9.55871,34332.8,5.2,11.3,68.4,-37.5,0.6,-1.0,RS41-SG,402.000,8.6,250,9,2.5,,
2026-08-27T01:20:51.006Z,X1423700,7366,45.75757,9.55884,34339.1,7.4,10.0,81.6,-37.6,0.7,-1.0,RS41-SG,402.000,7.8,250,9,2.5,,
2026-08-27T01:20:52.006Z,X1423700,7367,45.75757,9.55895,34346.7,7.9,7.7,103.9,-37.6,0.7,-1.0,RS41-SG,402.000,8.4,250,9,2.6,,
2026-08-27T01:20:53.006Z,X1423700,7368,45.75754,9.55903,34353.7,6.0,6.4,135.2,-37.6,0.6,-1.0,RS41-SG,402.000,8.9,250,9,2.6,,
2026-08-27T01:20:54.006Z,X1423700,7369,45.75749,9.55907,34358.3,3.2,6.8,165.0,-37.6,0.7,-1.0,RS41-SG,402.000,8.9,250,9,2.5,,
2026-08-27T01:20:55.006Z,X1423700,7370,45.75743,9.55907,34361.2,2.8,8.2,187.3,-37.6,0.7,-1.0,RS41-SG,402.000,8.7,250,9,2.5,,
2026-08-27T01:20:56.006Z,X1423700,7371,45.75735,9.55905,34364.6,4.1,9.0,199.3,-37.6,0.7,-1.0,RS41-SG,402.000,8.1,250,9,2.5,,
2026-08-27T01:20:57.006Z,X1423700,7372,45.75728,9.55901,34369.9,6.3,8.2,201.8,-37.5,0.6,-1.0,RS41-SG,402.000,7.5,250,9,2.6,,
2026-08-27T01:20:58.006Z,X1423700,7373,45.75722,9.55898,34376.4,6.8,6.1,194.8,-37.6,0.7,-1.0,RS41-SG,402.000,7.9,250,9,2.6,,
2026-08-27T01:20:59.006Z,X1423700,7374,45.75718,9.55897,34382.7,5.5,4.1,174.2,-37.6,0.7,-1.0,RS41-SG,402.000,8.4,250,9,2.5,,
2026-08-27T01:21:00.006Z,X1423700,7375,45.75715,9.55899,34387.6,4.2,3.7,135.9,-37.6,0.6,-1.0,RS41-SG,402.000,9.0,250,9,2.5,,
2026-08-27T01:21:01.006Z,X1423700,7376,45.75713,9.55904,34391.7,4.0,5.0,110.1,-37.6,0.7,-1.0,RS41-SG,402.000,9.0,250,9,2.5,,
2026-08-27T01:21:02.006Z,X1423700,7377,45.75711,9.55911,34396.1,4.7,6.4,103.9,-37.5,0.7,-1.0,RS41-SG,402.000,8.8,250,9,2.6,,
2026-08-27T01:21:03.006Z,X1423700,7378,45.75709,9.55919,34401.4,5.7,7.2,108.6,-37.5,0.6,-1.0,RS41-SG,402.000,9.2,250,9,2.6,,
2026-08-27T01:21:04.006Z,X1423700,7379,45.75707,9.55928,34407.6,6.5,7.3,119.9,-37.5,0.6,-1.0,RS41-SG,402.000,9.2,250,9,2.5,,
2026-08-27T01:21:05.006Z,X1423700,7380,45.75703,9.55935,34414.1,6.5,7.1,134.8,-37.5,0.7,-1.0,RS41-SG,402.000,9.0,250,9,2.5,,
2026-08-27T01:21:09.006Z,X1423700,7384,45.75679,9.55946,34429.7,-9.6,6.9,171.8,-37.5,0.6,-1.0,RS41-SG,402.000,8.2,250,9,2.6,,
2026-08-27T01:21:10.006Z,X1423700,7385,45.75673,9.55947,34415.2,-19.0,6.7,171.3,-37.4,0.6,-1.0,RS41-SG,402.000,8.4,250,9,2.5,,
2026-08-27T01:21:11.006Z,X1423700,7386,45.75668,9.55949,34391.5,-27.8,6.4,170.1,-37.4,0.6,-1.0,RS41-SG,402.000,8.4,250,9,2.5,,
2026-08-27T01:21:13.006Z,X1423700,7388,45.75656,9.55953,34324.8,-31.0,6.5,150.5,-37.1,0.6,-1.0,RS41-SG,402.000,7.8,250,9,2.5,,
2026-08-27T01:21:14.006Z,X1423700,7389,45.75651,9.55957,34290.4,-37.4,6.7,149.9,-37.1,0.6,-1.0,RS41-SG,402.000,8.6,250,9,2.6,,
2026-08-27T01:21:15.006Z,X1423700,7390,45.75646,9.55961,34248.7,-45.1,6.8,147.4,-37.1,0.6,-1.0,RS41-SG,402.000,8.6,250,9,2.6,,
2026-08-27T01:21:16.006Z,X1423700,7391,45.75641,9.55966,34199.7,-51.9,6.0,147.8,-37.1,0.6,-1.0,RS41-SG,402.000,8.4,250,9,2.5,,
2026-08-27T01:21:17.006Z,X1423700,7392,45.75637,9.55970,34147.1,-51.8,5.6,142.3,-36.9,0.6,-1.0,RS41-SG,402.000,8.2,250,9,2.5,,
2026-08-27T01:21:18.006Z,X1423700,7393,45.75633,9.55974,34092.7,-56.1,4.8,132.4,-36.7,0.6,-1.0,RS41-SG,402.000,8.3,250,9,2.5,,
2026-08-27T01:21:19.006Z,X1423700,7394,45.75630,9.55978,34034.2,-60.0,4.6,139.1,-36.4,0.6,-1.0,RS41-SG,402.000,8.3,250,9,2.6,,
2026-08-27T01:21:20.006Z,X1423700,7395,45.75628,9.55982,33972.3,-63.1,3.5,126.0,-36.1,0.6,-1.0,RS41-SG,402.000,8.0,250,9,2.6,,
2026-08-27T01:21:21.006Z,X1423700,7396,45.75626,9.55984,33912.2,-55.9,1.4,134.9,-36.1,0.6,-1.0,RS41-SG,402.000,7.4,250,9,2.5,,
2026-08-27T01:21:22.006Z,X1423700,7397,45.75626,9.55985,33861.9,-44.4,1.0,50.2,-36.6,0.6,-1.0,RS41-SG,402.000,7.4,250,9,2.5,,
2026-08-27T01:21:23.006Z,X1423700,7398,45.75628,9.55986,33819.5,-39.5,3.1,22.0,-37.0,0.7,-1.0,RS41-SG,402.000,7.6,250,9,2.5,,
2026-08-27T01:21:24.006Z,X1423700,7399,45.75631,9.55989,33780.4,-38.2,5.7,29.4,-37.1,0.7,-1.0,RS41-SG,402.000,7.6,250,9,2.6,,
2026-08-27T01:21:25.006Z,X1423700,7400,45.75636,9.55993,33741.9,-38.9,7.3,35.1,-37.2,0.7,-1.0,RS41-SG,402.000,8.0,250,8,2.6,,
2026-08-27T01:21:26.006Z,X1423700,7401,45.75642,9.55999,33703.5,-37.4,8.2,37.4,-37.2,0.7,-1.0,RS41-SG,402.000,8.0,250,7,2.5,,
2026-08-27T01:21:27.006Z,X1423700,7402,45.75647,9.56004,33666.0,-36.0,6.8,40.1,-37.2,0.6,-1.0,RS41-SG,402.000,7.2,250,9,2.5,,
2026-08-27T01:21:29.006Z,X1423700,7404,45.75652,9.56014,33594.5,-34.3,4.1,63.8,-37.1,0.6,-1.0,RS41-SG,402.000,7.4,250,9,2.6,,
2026-08-27T01:21:30.006Z,X1423700,7405,45.75654,9.56019,33559.0,-35.7,4.2,80.5,-37.0,0.6,-1.0,RS41-SG,402.000,7.8,250,9,2.6,,
2026-08-27T01:21:31.006Z,X1423700,7406,45.75653,9.56023,33522.8,-35.9,3.3,108.0,-36.8,0.6,-1.0,RS41-SG,402.000,7.8,250,9,2.5,,
2026-08-27T01:21:32.006Z,X1423700,7407,45.75653,9.56026,33486.4,-36.6,2.4,99.1,-36.8,0.6,-1.0,RS41-SG,402.000,7.8,250,8,2.5,,
2026-08-27T01:21:33.006Z,X1423700,7408,45.75652,9.56029,33450.1,-36.0,3.2,127.3,-36.8,0.6,-1.0,RS41-SG,402.000,7.8,250,8,2.5,,
2026-08-27T01:21:35.006Z,X1423700,7410,45.75649,9.56033,33381.0,-32.9,1.9,158.0,-37.1,0.7,-1.0,RS41-SG,402.000,7.0,250,7,2.6,,
2026-08-27T01:21:49.006Z,X1423700,7424,45.75656,9.56185,32946.7,-36.5,9.7,352.0,-38.7,0.7,-1.0,RS41-SG,402.000,6.6,250,9,2.6,,
