timestamp,serial,frame,lat,lon,alt,vel_v,vel_h,heading,temp,humidity,pressure,type,freq_mhz,snr,f_error_hz,sats,batt_v,burst_timer,aux_data
2026-10-03T12:43:10.988Z,W4120375,7722,46.82620,7.11828,32907.3,5.2,14.7,85.9,-273.0,-1.0,-1.0,RS41,403.500,7.0,625,11,2.5,,
2026-10-03T12:44:29.988Z,W4120375,7801,46.82299,7.12894,33324.7,5.9,16.8,119.2,-273.0,-1.0,-1.0,RS41,403.500,7.3,625,11,2.6,,
2026-10-03T12:49:20.988Z,W4120375,8092,46.81528,7.18614,35049.2,6.5,12.6,99.2,-273.0,-1.0,-1.0,RS41,403.500,6.7,625,11,2.5,,
2026-10-03T12:49:32.988Z,W4120375,8104,46.81500,7.18807,34830.4,-45.2,22.3,107.6,-273.0,-1.0,-1.0,RS41,403.500,6.4,625,11,2.5,,
2026-10-03T12:50:05.988Z,W4120375,8137,46.81416,7.19612,33899.8,-26.2,19.5,86.1,-273.0,-1.0,-1.0,RS41,403.500,7.1,625,11,2.6,,
2026-10-03T12:50:08.988Z,W4120375,8140,46.81419,7.19680,33819.3,-29.5,15.1,85.5,-273.0,-1.0,-1.0,RS41,403.500,7.0,625,10,2.5,,
2026-10-03T12:52:12.988Z,W4120375,8264,46.80879,7.21233,29755.7,-25.0,6.8,96.4,-273.0,-1.0,-1.0,RS41,403.500,6.4,625,9,2.5,,
2026-10-03T12:52:17.988Z,W4120375,8269,46.80880,7.21282,29623.8,-26.9,8.0,76.8,-273.0,-1.0,-1.0,RS41,403.500,7.0,625,9,2.5,,
2026-10-03T12:52:22.988Z,W4120375,8274,46.80886,7.21333,29485.2,-26.8,8.6,91.1,-273.0,-1.0,-1.0,RS41,403.500,7.5,625,10,2.6,,
2026-10-03T12:52:24.988Z,W4120375,8276,46.80886,7.21354,29428.2,-29.1,7.6,91.3,-273.0,-1.0,-1.0,RS41,403.500,7.1,625,9,2.5,,
2026-10-03T12:52:25.988Z,W4120375,8277,46.80886,7.21364,29399.9,-27.6,7.4,91.5,-273.0,-1.0,-1.0,RS41,403.500,7.2,625,11,2.5,,
2026-10-03T12:52:29.988Z,W4120375,8281,46.80884,7.21401,29290.2,-27.8,6.8,85.1,-273.0,-1.0,-1.0,RS41,403.500,6.9,625,10,2.5,,
2026-10-03T12:52:46.988Z,W4120375,8298,46.80885,7.21533,28827.1,-29.6,5.8,89.0,-273.0,-1.0,-1.0,RS41,403.500,7.5,625,8,2.6,,
2026-10-03T12:52:47.988Z,W4120375,8299,46.80885,7.21541,28798.5,-27.1,6.4,84.4,-273.0,-1.0,-1.0,RS41,403.500,7.5,625,9,2.5,,
2026-10-03T12:52:48.988Z,W4120375,8300,46.80886,7.21549,28772.5,-23.4,6.6,77.1,-273.0,-1.0,-1.0,RS41,403.500,7.5,625,8,2.5,,
2026-10-03T12:52:52.988Z,W4120375,8304,46.80893,7.21579,28681.1,-26.0,5.2,68.2,-273.0,-1.0,-1.0,RS41,403.500,7.2,625,9,2.5,,
2026-10-03T12:52:53.988Z,W4120375,8305,46.80895,7.21585,28654.8,-26.2,4.8,59.5,-273.0,-1.0,-1.0,RS41,403.500,7.2,625,11,2.5,,
2026-10-03T12:52:55.988Z,W4120375,8307,46.80899,7.21595,28596.5,-31.2,3.7,52.9,-273.0,-1.0,-1.0,RS41,403.500,8.2,625,9,2.6,,
2026-10-03T12:52:56.988Z,W4120375,8308,46.80901,7.21597,28568.4,-25.1,2.0,45.3,-273.0,-1.0,-1.0,RS41,403.500,8.2,625,8,2.5,,
2026-10-03T12:52:57.988Z,W4120375,8309,46.80902,7.21599,28543.5,-24.6,1.9,48.8,-273.0,-1.0,-1.0,RS41,403.500,7.9,625,11,2.5,,
2026-10-03T12:52:58.988Z,W4120375,8310,46.80903,7.21600,28518.8,-25.1,1.7,16.2,-273.0,-1.0,-1.0,RS41,403.500,7.9,625,11,2.6,,
2026-10-03T12:53:00.988Z,W4120375,8312,46.80905,7.21601,28462.6,-31.5,1.5,349.0,-273.0,-1.0,-1.0,RS41,403.500,7.0,625,11,2.5,,
2026-10-03T12:53:01.988Z,W4120375,8313,46.80907,7.21600,28430.7,-32.4,2.0,329.2,-273.0,-1.0,-1.0,RS41,403.500,7.5,625,9,2.5,08:26:52,
2026-10-03T12:53:02.988Z,W4120375,8314,46.80908,7.21598,28397.0,-34.5,2.6,318.5,-273.0,-1.0,-1.0,RS41,403.500,7.5,625,9,2.6,08:26:52,
2026-10-03T12:53:03.988Z,W4120375,8315,46.80910,7.21595,28363.4,-32.9,3.2,315.9,-273.0,-1.0,-1.0,RS41,403.500,7.2,625,10,2.6,08:26:52,
2026-10-03T12:53:05.988Z,W4120375,8317,46.80914,7.21589,28308.7,-22.7,3.5,303.7,-273.0,-1.0,-1.0,RS41,403.500,7.0,625,9,2.5,08:26:52,
2026-10-03T12:53:06.988Z,W4120375,8318,46.80916,7.21585,28285.5,-23.5,3.6,299.5,-273.0,-1.0,-1.0,RS41,403.500,7.7,625,10,2.6,08:26:52,
2026-10-03T12:53:07.988Z,W4120375,8319,46.80917,7.21582,28261.4,-24.4,3.3,299.2,-52.5,-1.0,-1.0,RS41,403.500,7.7,625,11,2.6,08:26:52,
2026-10-03T12:54:02.988Z,W4120375,8374,46.80885,7.21414,26742.8,-21.6,3.5,295.0,-53.4,-1.0,-1.0,RS41,403.500,7.5,625,9,2.5,08:26:52,
