timestamp,serial,frame,lat,lon,alt,vel_v,vel_h,heading,temp,humidity,pressure,type,freq_mhz,snr,f_error_hz,sats,batt_v,burst_timer,aux_data
2026-08-13T11:02:47.999Z,V3221092,5186,44.46191,7.69432,16769.5,3.7,1.0,246.2,-273.0,-1.0,-1.0,RS41,403.700,6.6,250,10,2.7,,
2026-08-13T11:03:41.999Z,V3221092,5240,44.46266,7.69601,17012.0,5.2,6.6,42.9,-273.0,-1.0,-1.0,RS41,403.700,6.4,250,10,2.7,,
2026-08-13T11:36:30.999Z,V3221092,7209,44.44078,7.57637,26789.3,6.0,12.2,277.6,-273.0,-1.0,-1.0,RS41,403.700,6.2,250,10,2.6,,
2026-08-13T11:36:45.999Z,V3221092,7224,44.44099,7.57436,26869.3,5.1,12.8,288.0,-273.0,-1.0,-1.0,RS41,403.700,7.2,250,10,2.6,,
2026-08-13T11:36:46.999Z,V3221092,7225,44.44103,7.57420,26874.8,5.7,14.3,287.6,-273.0,-1.0,-1.0,RS41,403.700,7.3,250,10,2.7,,
2026-08-13T11:36:48.999Z,V3221092,7227,44.44111,7.57385,26885.3,4.7,14.2,287.2,-273.0,-1.0,-1.0,RS41,403.700,6.9,250,10,2.7,,
2026-08-13T11:38:46.999Z,V3221092,7345,44.43922,7.56060,27522.0,4.7,15.7,247.5,-273.0,-1.0,-1.0,RS41,403.700,6.6,250,10,2.6,,
2026-08-13T11:39:18.999Z,V3221092,7377,44.43856,7.55530,27699.4,6.7,11.1,261.1,-273.0,-1.0,-1.0,RS41,403.700,7.3,250,10,2.6,,
2026-08-13T11:39:19.999Z,V3221092,7378,44.43854,7.55516,27705.6,5.2,12.0,263.0,-273.0,-1.0,-1.0,RS41,403.700,7.3,250,10,2.6,,
2026-08-13T11:42:59.999Z,V3221092,7598,44.43500,7.52069,28954.1,6.6,17.3,278.0,-273.0,-1.0,-1.0,RS41,403.700,6.7,250,11,2.7,,
2026-08-13T11:43:06.999Z,V3221092,7605,44.43512,7.51904,28992.8,4.8,16.1,271.0,-273.0,-1.0,-1.0,RS41,403.700,6.8,250,11,2.7,,
2026-08-13T11:43:22.999Z,V3221092,7621,44.43560,7.51556,29082.1,5.0,15.9,286.1,-273.0,-1.0,-1.0,RS41,403.700,7.0,250,11,2.7,,
2026-08-13T11:44:50.999Z,V3221092,7709,44.43863,7.50018,29583.5,5.0,12.7,282.1,-273.0,-1.0,-1.0,RS41,403.700,7.3,250,11,2.7,,
2026-08-13T11:45:13.999Z,V3221092,7732,44.43891,7.49666,29716.3,6.3,10.4,284.7,-273.0,-1.0,-1.0,RS41,403.700,6.9,250,11,2.7,,
2026-08-13T11:45:14.999Z,V3221092,7733,44.43894,7.49653,29722.9,6.8,12.1,285.8,-273.0,-1.0,-1.0,RS41,403.700,7.5,250,11,2.7,,
2026-08-13T11:45:15.999Z,V3221092,7734,44.43897,7.49637,29728.9,4.8,13.8,287.3,-273.0,-1.0,-1.0,RS41,403.700,7.5,250,11,2.6,,
2026-08-13T11:45:20.999Z,V3221092,7739,44.43921,7.49555,29756.2,5.0,12.7,298.1,-273.0,-1.0,-1.0,RS41,403.700,6.5,250,11,2.7,,
2026-08-13T11:45:22.999Z,V3221092,7741,44.43932,7.49527,29767.8,6.6,13.3,295.8,-273.0,-1.0,-1.0,RS41,403.700,7.5,250,10,2.6,,
2026-08-13T11:45:27.999Z,V3221092,7746,44.43949,7.49449,29798.0,5.6,10.9,277.0,-273.0,-1.0,-1.0,RS41,403.700,6.7,250,11,2.6,,
2026-08-13T11:45:29.999Z,V3221092,7748,44.43952,7.49423,29809.1,6.5,10.5,283.8,-273.0,-1.0,-1.0,RS41,403.700,7.3,250,11,2.7,,
2026-08-13T11:45:36.999Z,V3221092,7755,44.43995,7.49319,29851.0,5.3,12.3,305.3,-273.0,-1.0,-1.0,RS41,403.700,6.9,250,11,2.7,,
2026-08-13T11:45:37.999Z,V3221092,7756,44.44001,7.49306,29856.3,5.0,11.3,300.0,-273.0,-1.0,-1.0,RS41,403.700,7.0,250,11,2.6,,
2026-08-13T11:45:38.999Z,V3221092,7757,44.44005,7.49293,29861.6,5.3,11.4,292.2,-273.0,-1.0,-1.0,RS41,403.700,7.0,250,11,2.6,,
2026-08-13T11:45:39.999Z,V3221092,7758,44.44009,7.49279,29867.3,6.1,12.6,285.7,-273.0,-1.0,-1.0,RS41,403.700,7.4,250,11,2.6,,
2026-08-13T11:45:40.999Z,V3221092,7759,44.44012,7.49263,29873.4,6.1,14.2,282.0,-42.3,-1.0,-1.0,RS41,403.700,7.5,250,11,2.7,,
2026-08-13T11:45:50.999Z,V3221092,7769,44.44049,7.49125,29929.8,6.0,14.2,301.3,-42.3,-1.0,-1.0,RS41,403.700,7.0,250,11,2.6,,
2026-08-13T11:45:51.999Z,V3221092,7770,44.44056,7.49108,29935.0,4.4,16.0,296.9,-42.3,-1.0,-1.0,RS41,403.700,7.4,250,11,2.7,,
2026-08-13T11:45:55.999Z,V3221092,7774,44.44074,7.49032,29957.4,4.6,14.0,280.9,-42.3,-1.0,-1.0,RS41,403.700,7.1,250,11,2.6,,
2026-08-13T11:45:57.999Z,V3221092,7776,44.44078,7.49001,29967.1,5.6,12.2,279.2,-42.2,-1.0,-1.0,RS41,403.700,7.2,250,11,2.7,,
2026-08-13T11:45:59.999Z,V3221092,7778,44.44082,7.48970,29979.4,5.8,13.2,282.9,-42.3,-1.0,-1.0,RS41,403.700,7.4,250,11,2.6,,
2026-08-13T11:46:00.999Z,V3221092,7779,44.44085,7.48953,29984.9,4.9,13.8,283.9,-42.2,-1.0,-1.0,RS41,403.700,7.4,250,11,2.6,,
2026-08-13T11:46:05.999Z,V3221092,7784,44.44097,7.48876,30013.5,5.5,11.8,279.0,-42.1,-1.0,-1.0,RS41,403.700,7.0,250,11,2.6,,
2026-08-13T11:46:07.999Z,V3221092,7786,44.44101,7.48844,30025.9,6.3,14.2,282.3,-42.1,-1.0,-1.0,RS41,403.700,7.6,250,11,2.7,,
2026-08-13T11:46:11.999Z,V3221092,7790,44.44112,7.48774,30048.7,6.6,12.3,276.9,-42.0,-1.0,-1.0,RS41,403.700,6.9,250,11,2.6,,
2026-08-13T11:46:12.999Z,V3221092,7791,44.44113,7.48760,30054.5,4.9,11.0,273.5,-42.0,-1.0,-1.0,RS41,403.700,7.4,250,11,2.6,,
2026-08-13T11:46:13.999Z,V3221092,7792,44.44113,7.48746,30059.4,4.8,10.3,271.2,-41.9,-1.0,-1.0,RS41,403.700,7.4,250,11,2.7,,
2026-08-13T11:46:15.999Z,V3221092,7794,44.44114,7.48720,30071.4,6.9,11.6,277.8,-41.9,-1.0,-1.0,RS41,403.700,7.5,250,11,2.7,,
2026-08-13T11:46:16.999Z,V3221092,7795,44.44116,7.48705,30077.4,4.8,12.9,282.6,-41.9,-1.0,-1.0,RS41,403.700,7.5,250,11,2.6,,
2026-08-13T11:46:17.999Z,V3221092,7796,44.44119,7.48688,30082.4,4.9,13.7,285.1,-41.9,-1.0,-1.0,RS41,403.700,7.0,250,11,2.6,,
2026-08-13T11:46:18.999Z,V3221092,7797,44.44123,7.48672,30088.0,6.1,13.8,287.0,-41.8,-1.0,-1.0,RS41,403.700,7.4,250,11,2.7,,
2026-08-13T11:46:19.999Z,V3221092,7798,44.44126,7.48656,30094.4,6.6,13.0,288.0,-41.9,-1.0,-1.0,RS41,403.700,7.4,250,11,2.7,,
2026-08-13T11:46:20.999Z,V3221092,7799,44.44130,7.48641,30100.2,5.1,12.4,287.8,-41.8,-1.0,-1.0,RS41,403.700,7.6,250,11,2.7,,
2026-08-13T11:46:21.999Z,V3221092,7800,44.44133,7.48626,30105.6,5.2,12.2,287.2,-41.8,-1.0,-1.0,RS41,403.700,7.6,250,11,2.6,,
2026-08-13T11:46:22.999Z,V3221092,7801,44.44136,7.48611,30111.4,6.3,12.5,287.1,-41.8,-1.0,-1.0,RS41,403.700,8.3,250,11,2.6,,
2026-08-13T11:46:23.999Z,V3221092,7802,44.44140,7.48596,30117.7,6.2,13.4,286.0,-41.8,-1.0,-1.0,RS41,403.700,8.3,250,11,2.6,,
2026-08-13T11:46:26.999Z,V3221092,7805,44.44148,7.48546,30135.3,6.4,12.7,276.6,-41.7,-1.0,-1.0,RS41,403.700,7.6,250,11,2.7,,
2026-08-13T11:46:27.999Z,V3221092,7806,44.44148,7.48531,30141.8,6.2,11.6,271.0,-41.7,-1.0,-1.0,RS41,403.700,7.6,250,11,2.6,,
2026-08-13T11:46:28.999Z,V3221092,7807,44.44148,7.48517,30147.3,4.5,11.1,266.7,-41.7,-1.0,-1.0,RS41,403.700,7.4,250,11,2.6,,
2026-08-13T11:46:30.999Z,V3221092,7809,44.44147,7.48488,30157.7,6.2,12.4,268.1,-41.8,-1.0,-1.0,RS41,403.700,8.2,250,11,2.7,,
2026-08-13T11:46:31.999Z,V3221092,7810,44.44147,7.48472,30163.9,6.4,14.1,272.7,-41.8,-1.0,-1.0,RS41,403.700,8.2,250,11,2.7,,
2026-08-13T11:46:32.999Z,V3221092,7811,44.44148,7.48453,30169.6,4.7,15.4,276.6,-41.8,-1.0,-1.0,RS41,403.700,7.9,250,11,2.6,,
2026-08-13T11:46:34.999Z,V3221092,7813,44.44152,7.48414,30179.4,5.4,15.7,279.7,-41.7,-1.0,-1.0,RS41,403.700,6.9,250,11,2.6,,
2026-08-13T11:46:36.999Z,V3221092,7815,44.44156,7.48380,30191.5,6.1,12.0,276.1,-41.8,-1.0,-1.0,RS41,403.700,7.5,250,11,2.7,,
2026-08-13T11:46:38.999Z,V3221092,7817,44.44158,7.48353,30201.1,4.3,9.7,275.1,-41.8,-1.0,-1.0,RS41,403.700,8.6,250,11,2.6,,
2026-08-13T11:46:39.999Z,V3221092,7818,44.44159,7.48341,30206.2,5.7,9.9,277.5,-41.7,-1.0,-1.0,RS41,403.700,8.6,250,11,2.6,,
2026-08-13T11:46:40.999Z,V3221092,7819,44.44160,7.48328,30212.4,6.7,11.4,282.2,-41.8,-1.0,-1.0,RS41,403.700,7.5,250,11,2.7,,
2026-08-13T11:46:46.999Z,V3221092,7825,44.44172,7.48221,30245.3,4.8,14.3,270.8,-41.7,-1.0,-1.0,RS41,403.700,7.1,250,11,2.7,,
2026-08-13T11:46:47.999Z,V3221092,7826,44.44172,7.48204,30250.8,6.3,14.0,271.6,-41.6,-1.0,-1.0,RS41,403.700,7.3,250,11,2.7,,
2026-08-13T11:46:49.999Z,V3221092,7828,44.44175,7.48169,30263.1,4.7,14.2,278.7,-41.7,-1.0,-1.0,RS41,403.700,7.4,250,11,2.6,,
2026-08-13T11:46:50.999Z,V3221092,7829,44.44177,7.48151,30267.9,4.7,13.9,282.3,-41.7,-1.0,-1.0,RS41,403.700,7.4,250,11,2.6,,
2026-08-13T11:46:51.999Z,V3221092,7830,44.44180,7.48135,30272.9,5.1,13.0,285.7,-41.7,-1.0,-1.0,RS41,403.700,7.1,250,11,2.7,,
2026-08-13T11:46:52.999Z,V3221092,7831,44.44183,7.48120,30277.9,5.0,11.8,287.3,-41.7,-1.0,-1.0,RS41,403.700,7.7,250,11,2.7,,
2026-08-13T11:46:53.999Z,V3221092,7832,44.44186,7.48107,30283.3,5.4,10.9,288.3,-41.6,-1.0,-1.0,RS41,403.700,7.7,250,11,2.7,,
2026-08-13T11:46:54.999Z,V3221092,7833,44.44189,7.48094,30288.5,4.7,10.7,289.4,-41.7,-1.0,-1.0,RS41,403.700,8.1,250,10,2.6,,
2026-08-13T11:46:55.999Z,V3221092,7834,44.44193,7.48081,30293.7,5.1,11.5,291.3,-41.6,-1.0,-1.0,RS41,403.700,8.1,250,11,2.6,,
2026-08-13T11:46:56.999Z,V3221092,7835,44.44197,7.48066,30299.3,5.9,13.6,293.1,-41.6,-1.0,-1.0,RS41,403.700,7.6,250,11,2.6,,
2026-08-13T11:46:59.999Z,V3221092,7838,44.44213,7.48009,30315.0,4.5,18.7,288.6,-41.5,-1.0,-1.0,RS41-SG,403.700,7.4,250,11,2.7,,
2026-08-13T11:47:02.999Z,V3221092,7841,44.44222,7.47945,30332.2,4.6,15.6,272.9,-41.5,-1.0,-1.0,RS41-SG,403.700,7.3,250,11,2.6,,
2026-08-13T11:47:09.999Z,V3221092,7848,44.44248,7.47831,30369.2,5.8,15.4,303.3,-41.5,-1.0,-1.0,RS41-SG,403.700,7.8,250,11,2.7,,
2026-08-13T11:47:10.999Z,V3221092,7849,44.44255,7.47815,30375.1,6.0,15.0,301.4,-41.5,-1.0,-1.0,RS41-SG,403.700,8.2,250,11,2.7,,
2026-08-13T11:47:11.999Z,V3221092,7850,44.44262,7.47799,30380.4,4.7,14.9,298.5,-41.4,-1.0,-1.0,RS41-SG,403.700,8.3,250,11,2.7,,
2026-08-13T11:47:12.999Z,V3221092,7851,44.44268,7.47782,30385.5,4.9,15.8,294.9,-41.4,-1.0,-1.0,RS41-SG,403.700,8.8,250,11,2.6,,
2026-08-13T11:47:14.999Z,V3221092,7853,44.44279,7.47742,30396.8,6.2,18.9,288.9,-41.3,-1.0,-1.0,RS41-SG,403.700,8.1,250,11,2.6,,
2026-08-13T11:47:15.999Z,V3221092,7854,44.44284,7.47719,30402.2,4.9,19.9,287.5,-41.3,-1.0,-1.0,RS41-SG,403.700,7.7,250,11,2.7,,
2026-08-13T11:47:20.999Z,V3221092,7859,44.44303,7.47614,30430.0,4.8,13.3,285.1,-41.0,-1.0,-1.0,RS41-SG,403.700,7.1,250,10,2.7,,
2026-08-13T11:47:21.999Z,V3221092,7860,44.44307,7.47598,30435.3,6.0,13.0,292.0,-40.9,-1.0,-1.0,RS41-SG,403.700,7.4,250,11,2.7,,
2026-08-13T11:47:22.999Z,V3221092,7861,44.44313,7.47583,30441.6,6.6,14.4,299.9,-40.8,-1.0,-1.0,RS41-SG,403.700,8.1,250,11,2.7,,
2026-08-13T11:47:23.999Z,V3221092,7862,44.44320,7.47567,30447.3,4.7,15.9,302.7,-40.8,-1.0,-1.0,RS41-SG,403.700,8.1,250,11,2.6,,
2026-08-13T11:47:24.999Z,V3221092,7863,44.44328,7.47549,30452.1,4.7,17.2,304.3,-40.7,-1.0,-1.0,RS41-SG,403.700,7.3,250,10,2.6,,
2026-08-13T11:47:26.999Z,V3221092,7865,44.44345,7.47512,30462.5,5.6,17.6,300.4,-40.5,-1.0,-1.0,RS41-SG,403.700,7.8,250,11,2.7,,
2026-08-13T11:47:29.999Z,V3221092,7868,44.44365,7.47457,30477.7,4.3,15.5,294.7,-40.4,-1.0,-1.0,RS41-SG,403.700,7.2,250,11,2.6,,
2026-08-13T11:47:30.999Z,V3221092,7869,44.44371,7.47440,30482.5,4.9,15.7,295.8,-40.4,-1.0,-1.0,RS41-SG,403.700,7.2,250,11,2.6,,
2026-08-13T11:47:34.999Z,V3221092,7873,44.44403,7.47368,30503.9,4.6,17.4,307.0,-40.3,-1.0,-1.0,RS41-SG,403.700,7.2,250,11,2.6,,
2026-08-13T11:47:38.999Z,V3221092,7877,44.44434,7.47311,30525.6,5.2,12.1,302.8,-40.2,-1.0,-1.0,RS41-SG,403.700,7.2,250,11,2.7,,
2026-08-13T11:47:39.999Z,V3221092,7878,44.44439,7.47297,30531.4,6.2,12.9,298.0,-40.2,-1.0,-1.0,RS41-SG,403.700,7.2,250,11,2.7,,
2026-08-13T11:47:40.999Z,V3221092,7879,44.44445,7.47282,30537.8,6.5,15.0,295.3,-40.2,-1.0,-1.0,RS41-SG,403.700,7.5,250,11,2.7,,
2026-08-13T11:47:41.999Z,V3221092,7880,44.44451,7.47264,30543.6,4.6,16.9,293.9,-40.1,-1.0,-1.0,RS41-SG,403.700,7.6,250,11,2.6,,
2026-08-13T11:47:42.999Z,V3221092,7881,44.44457,7.47243,30548.1,4.0,18.0,292.4,-40.2,-1.0,-1.0,RS41-SG,403.700,8.4,250,11,2.6,,
2026-08-13T11:47:45.999Z,V3221092,7884,44.44473,7.47180,30564.4,6.3,16.3,285.9,-40.0,-1.0,-1.0,RS41-SG,403.700,7.3,250,10,2.7,,
2026-08-13T11:47:49.999Z,V3221092,7888,44.44489,7.47111,30586.3,6.2,14.6,295.7,-39.8,-1.0,-1.0,RS41-SG,403.700,8.2,250,11,2.7,,
2026-08-13T11:47:56.999Z,V3221092,7895,44.44530,7.47000,30623.0,4.7,12.9,293.3,-39.3,-1.0,-1.0,RS41-SG,403.700,6.8,250,11,2.7,,
2026-08-13T11:47:57.999Z,V3221092,7896,44.44535,7.46984,30628.3,5.8,13.9,296.3,-39.3,-1.0,-1.0,RS41-SG,403.700,7.2,250,11,2.7,,
2026-08-13T11:47:58.999Z,V3221092,7897,44.44541,7.46968,30634.3,6.3,15.9,300.0,-39.3,-1.0,-1.0,RS41-SG,403.700,7.2,250,10,2.6,,
2026-08-13T11:48:21.999Z,V3221092,7920,44.44676,7.46562,30762.2,5.5,12.6,295.3,-38.9,-1.0,-1.0,RS41-SG,403.700,7.1,250,11,2.6,,
2026-08-13T11:48:25.999Z,V3221092,7924,44.44710,7.46505,30783.8,5.3,16.8,315.6,-38.9,-1.0,-1.0,RS41-SG,403.700,7.4,250,11,2.7,,
2026-08-13T11:51:25.999Z,V3221092,8104,44.45555,7.43996,31815.5,6.9,14.0,290.2,-36.4,-1.0,-1.0,RS41-SG,403.700,7.2,250,10,2.7,,
2026-08-13T11:51:28.999Z,V3221092,8107,44.45568,7.43943,31833.4,6.2,15.4,288.6,-36.4,-1.0,-1.0,RS41-SG,403.700,7.7,250,11,2.6,,
2026-08-13T11:51:30.999Z,V3221092,8109,44.45577,7.43908,31846.1,5.7,14.5,294.8,-36.3,-1.0,-1.0,RS41-SG,403.700,7.1,250,11,2.7,,
2026-08-13T11:51:31.999Z,V3221092,8110,44.45583,7.43892,31851.4,5.1,14.2,297.1,-36.2,-1.0,-1.0,RS41-SG,403.700,7.7,250,11,2.7,,
2026-08-13T11:51:39.999Z,V3221092,8118,44.45620,7.43752,31898.4,6.2,11.2,285.6,-35.8,-1.0,-1.0,RS41-SG,403.700,6.9,250,11,2.7,,
2026-08-13T11:51:41.999Z,V3221092,8120,44.45626,7.43726,31909.3,5.2,11.1,287.1,-35.8,-1.0,-1.0,RS41-SG,403.700,6.9,250,11,2.6,,
2026-08-13T11:51:55.999Z,V3221092,8134,44.45690,7.43505,31991.0,5.2,15.6,273.1,-36.0,-1.0,-1.0,RS41-SG,403.700,6.3,250,11,2.6,,
2026-08-13T11:52:41.999Z,V3221092,8180,44.45792,7.42675,32249.8,4.4,19.6,273.1,-36.0,0.3,-1.0,RS41-SG,403.700,6.8,250,11,2.7,,
2026-08-13T11:55:26.999Z,V3221092,8345,44.46137,7.40152,33224.5,5.6,17.7,276.9,-36.1,0.3,-1.0,RS41-SG,403.700,6.8,250,11,2.7,,
2026-08-13T11:55:32.999Z,V3221092,8351,44.46163,7.40011,33261.1,5.6,14.4,290.2,-36.0,0.3,-1.0,RS41-SG,403.700,6.9,250,11,2.7,,
2026-08-13T11:55:37.999Z,V3221092,8356,44.46167,7.39925,33290.0,5.3,18.4,262.8,-36.3,0.3,-1.0,RS41-SG,403.700,6.9,250,11,2.6,,
2026-08-13T11:55:42.999Z,V3221092,8361,44.46180,7.39802,33320.3,4.6,19.2,296.3,-36.3,0.3,-1.0,RS41-SG,403.700,7.3,250,11,2.6,,
2026-08-13T11:55:43.999Z,V3221092,8362,44.46188,7.39781,33325.0,4.4,17.8,300.5,-36.2,0.3,-1.0,RS41-SG,403.700,7.4,250,11,2.6,,
2026-08-13T11:55:46.999Z,V3221092,8365,44.46205,7.39726,33343.4,7.0,15.5,280.5,-36.3,0.3,-1.0,RS41-SG,403.700,7.0,250,11,2.7,,
2026-08-13T11:55:47.999Z,V3221092,8366,44.46207,7.39707,33349.6,5.2,16.1,272.6,-36.3,0.3,-1.0,RS41-SG,403.700,7.0,250,11,2.7,,
2026-08-13T11:55:48.999Z,V3221092,8367,44.46207,7.39686,33354.7,4.9,17.2,267.5,-36.3,0.3,-1.0,RS41-SG,403.700,7.0,250,11,2.6,,
2026-08-13T11:55:49.999Z,V3221092,8368,44.46206,7.39664,33360.1,5.9,17.7,266.3,-36.3,0.3,-1.0,RS41-SG,403.700,7.4,250,11,2.6,,
2026-08-13T11:55:50.999Z,V3221092,8369,44.46205,7.39642,33366.9,7.5,17.6,269.7,-36.3,0.3,-1.0,RS41-SG,403.700,7.5,250,11,2.7,,
2026-08-13T11:55:51.999Z,V3221092,8370,44.46206,7.39621,33374.3,7.4,17.0,276.5,-36.3,0.3,-1.0,RS41-SG,403.700,7.7,250,11,2.7,,
2026-08-13T11:55:52.999Z,V3221092,8371,44.46209,7.39600,33380.6,5.5,16.9,283.2,-36.3,0.3,-1.0,RS41-SG,403.700,7.7,250,11,2.7,,
2026-08-13T11:55:53.999Z,V3221092,8372,44.46213,7.39579,33385.8,4.9,17.6,290.1,-36.3,0.3,-1.0,RS41-SG,403.700,7.9,250,11,2.6,,
2026-08-13T11:55:54.999Z,V3221092,8373,44.46219,7.39558,33391.0,5.2,18.7,293.7,-36.3,0.3,-1.0,RS41-SG,403.700,7.9,250,11,2.6,,
2026-08-13T11:55:55.999Z,V3221092,8374,44.46226,7.39536,33396.7,6.2,20.1,293.9,-36.4,0.3,-1.0,RS41-SG,403.700,7.6,250,11,2.6,,
2026-08-13T11:56:02.999Z,V3221092,8381,44.46255,7.39386,33439.5,6.7,11.7,279.9,-36.2,0.3,-1.0,RS41-SG,403.700,7.6,250,11,2.7,,
2026-08-13T11:56:03.999Z,V3221092,8382,44.46257,7.39372,33445.6,5.7,11.5,283.2,-36.2,0.3,-1.0,RS41-SG,403.700,7.8,250,11,2.7,,
2026-08-13T11:56:04.999Z,V3221092,8383,44.46260,7.39357,33451.5,6.3,13.2,286.5,-36.3,0.3,-1.0,RS41-SG,403.700,7.8,250,11,2.7,,
2026-08-13T11:56:05.999Z,V3221092,8384,44.46263,7.39339,33458.1,6.7,15.9,285.6,-36.3,0.3,-1.0,RS41-SG,403.700,7.3,250,11,2.6,,
2026-08-13T11:56:14.999Z,V3221092,8393,44.46310,7.39128,33510.6,4.7,12.6,294.8,-36.4,0.3,-1.0,RS41-SG,403.700,7.1,250,11,2.7,,
2026-08-13T11:56:15.999Z,V3221092,8394,44.46314,7.39114,33516.1,6.3,12.1,288.2,-36.5,0.3,-1.0,RS41-SG,403.700,7.5,250,11,2.7,,
2026-08-13T11:56:16.999Z,V3221092,8395,44.46316,7.39098,33522.8,7.1,13.1,279.3,-36.6,0.3,-1.0,RS41-SG,403.700,7.5,250,11,2.7,,
2026-08-13T11:56:18.999Z,V3221092,8397,44.46319,7.39061,33534.9,5.0,16.8,272.6,-36.5,0.3,-1.0,RS41-SG,403.700,6.8,250,11,2.6,,
2026-08-13T11:56:21.999Z,V3221092,8400,44.46324,7.38994,33552.9,7.2,17.7,283.0,-36.7,0.3,-1.0,RS41-SG,403.700,7.0,250,11,2.7,,
2026-08-13T11:56:24.000Z,V3221092,8402,44.46334,7.38954,33565.0,4.8,16.3,292.4,-36.7,0.3,-1.0,RS41-SG,403.700,6.9,250,11,2.6,,
2026-08-13T11:56:25.000Z,V3221092,8403,44.46339,7.38936,33569.9,5.1,15.8,294.2,-36.6,0.3,-1.0,RS41-SG,403.700,7.5,250,11,2.6,,
2026-08-13T11:56:26.000Z,V3221092,8404,44.46345,7.38918,33575.3,6.0,15.6,292.5,-36.6,0.3,-1.0,RS41-SG,403.700,7.5,250,11,2.7,,
2026-08-13T11:56:27.000Z,V3221092,8405,44.46350,7.38899,33581.4,6.6,15.6,287.4,-36.6,0.3,-1.0,RS41-SG,403.700,7.4,250,11,2.7,,
2026-08-13T11:56:32.000Z,V3221092,8410,44.46358,7.38805,33611.7,6.1,13.0,274.3,-36.6,0.3,-1.0,RS41-SG,403.700,7.0,250,11,2.7,,
2026-08-13T11:56:33.000Z,V3221092,8411,44.46359,7.38790,33617.6,6.2,11.5,282.0,-36.7,0.3,-1.0,RS41-SG,403.700,7.6,250,11,2.7,,
2026-08-13T11:56:34.000Z,V3221092,8412,44.46362,7.38777,33623.8,6.1,11.0,295.1,-36.7,0.3,-1.0,RS41-SG,403.700,7.6,250,11,2.7,,
2026-08-13T11:56:35.000Z,V3221092,8413,44.46367,7.38764,33629.8,5.8,11.6,304.1,-36.8,0.3,-1.0,RS41-SG,403.700,7.8,250,11,2.6,,
2026-08-13T11:56:36.000Z,V3221092,8414,44.46374,7.38752,33635.5,5.5,13.2,307.4,-36.8,0.3,-1.0,RS41-SG,403.700,7.8,250,11,2.6,,
2026-08-13T11:56:37.000Z,V3221092,8415,44.46381,7.38738,33641.3,5.9,15.0,304.0,-36.8,0.3,-1.0,RS41-SG,403.700,7.7,250,11,2.7,,
2026-08-13T11:56:45.000Z,V3221092,8423,44.46393,7.38588,33689.0,5.4,6.3,266.9,-36.9,0.4,-1.0,RS41-SG,403.700,7.6,250,11,2.7,,
2026-08-13T11:56:46.000Z,V3221092,8424,44.46394,7.38582,33694.2,5.0,4.7,295.7,-36.9,0.3,-1.0,RS41-SG,403.700,7.9,250,11,2.7,,
2026-08-13T11:56:47.000Z,V3221092,8425,44.46396,7.38577,33699.5,5.4,5.7,315.0,-36.9,0.3,-1.0,RS41-SG,403.700,7.9,250,11,2.6,,
2026-08-13T11:56:48.000Z,V3221092,8426,44.46401,7.38570,33705.7,6.8,8.3,312.4,-37.0,0.3,-1.0,RS41-SG,403.700,7.5,250,11,2.6,,
2026-08-13T11:56:49.000Z,V3221092,8427,44.46406,7.38560,33712.6,7.5,11.9,302.2,-37.0,0.3,-1.0,RS41-SG,403.700,7.4,250,11,2.7,,
2026-08-13T11:56:50.000Z,V3221092,8428,44.46412,7.38545,33719.7,6.7,15.6,292.8,-37.0,0.3,-1.0,RS41-SG,403.700,7.8,250,11,2.7,,
2026-08-13T11:56:51.000Z,V3221092,8429,44.46417,7.38525,33725.0,4.0,18.5,286.5,-37.1,0.3,-1.0,RS41-SG,403.700,7.8,250,11,2.7,,
2026-08-13T11:57:01.000Z,V3221092,8439,44.46464,7.38314,33577.5,-47.3,14.2,307.5,-36.7,0.3,-1.0,RS41-SG,403.700,7.2,250,11,2.7,,
2026-08-13T11:57:02.000Z,V3221092,8440,44.46472,7.38300,33526.7,-54.4,14.4,308.0,-36.4,0.3,-1.0,RS41-SG,403.700,7.0,250,11,2.7,,
2026-08-13T11:57:07.000Z,V3221092,8445,44.46503,7.38228,33205.0,-53.0,12.7,285.6,-35.7,0.3,-1.0,RS41-SG,403.700,6.7,250,11,2.7,,
2026-08-13T11:57:17.000Z,V3221092,8455,44.46548,7.38171,32913.7,-23.6,16.7,18.3,-36.1,0.3,-1.0,RS41-SG,403.700,6.6,250,10,2.7,,
2026-08-13T11:57:18.000Z,V3221092,8456,44.46562,7.38176,32891.9,-22.4,16.9,14.4,-36.0,0.3,-1.0,RS41-SG,403.700,6.9,250,11,2.7,,
2026-08-13T11:57:19.000Z,V3221092,8457,44.46577,7.38180,32870.6,-21.0,17.2,9.0,-36.0,0.3,-1.0,RS41-SG,403.700,7.5,250,11,2.6,,
2026-08-13T11:57:20.000Z,V3221092,8458,44.46592,7.38182,32851.2,-19.5,15.8,2.5,-36.0,0.3,-1.0,RS41-SG,403.700,7.5,250,11,2.6,,
2026-08-13T11:57:21.000Z,V3221092,8459,44.46606,7.38182,32832.3,-18.8,15.8,356.5,-36.0,0.3,-1.0,RS41-SG,403.700,7.2,250,11,2.6,,
2026-08-13T11:57:23.000Z,V3221092,8461,44.46633,7.38173,32795.9,-17.9,14.8,341.8,-36.1,0.3,-1.0,RS41-SG,403.700,6.7,250,11,2.7,,
2026-08-13T11:57:41.000Z,V3221092,8479,44.46806,7.38093,32459.2,-20.1,5.1,212.2,-36.7,0.3,-1.0,RS41-SG,403.700,7.2,250,11,2.6,,
2026-08-13T11:57:42.000Z,V3221092,8480,44.46801,7.38089,32439.4,-19.9,7.4,218.2,-36.7,0.3,-1.0,RS41-SG,403.700,7.2,250,11,2.6,,
2026-08-13T11:57:43.000Z,V3221092,8481,44.46795,7.38081,32419.9,-20.2,11.3,219.0,-36.7,0.3,-1.0,RS41-SG,403.700,7.6,250,11,2.6,,
2026-08-13T11:57:44.000Z,V3221092,8482,44.46786,7.38071,32400.1,-19.7,13.7,225.8,-36.7,0.3,-1.0,RS41-SG,403.700,7.6,250,11,2.7,,
2026-08-13T11:57:45.000Z,V3221092,8483,44.46777,7.38056,32380.5,-20.3,17.6,228.7,-36.8,0.3,-1.0,RS41-SG,403.700,6.7,250,11,2.7,,
2026-08-13T11:57:46.000Z,V3221092,8484,44.46767,7.38038,32360.4,-20.5,19.9,234.6,-36.9,0.3,-1.0,RS41-SG,403.700,7.2,250,10,2.7,,
2026-08-13T11:57:47.000Z,V3221092,8485,44.46756,7.38015,32340.1,-21.0,23.3,239.8,-36.9,0.3,-1.0,RS41-SG,403.700,7.2,250,11,2.7,,
2026-08-13T11:57:48.000Z,V3221092,8486,44.46746,7.37987,32319.7,-21.1,25.6,244.9,-36.9,0.3,-1.0,RS41-SG,403.700,7.0,250,10,2.6,,
2026-08-13T11:57:49.000Z,V3221092,8487,44.46737,7.37956,32298.9,-21.6,28.6,252.1,-36.9,0.3,-1.0,RS41-SG,403.700,7.0,250,11,2.6,,
2026-08-13T11:58:49.000Z,V3221092,8547,44.47001,7.37044,30965.5,-22.4,13.5,221.4,-38.0,0.3,-1.0,RS41-SG,403.700,7.1,250,11,2.7,,
2026-08-13T11:59:08.000Z,V3221092,8566,44.47137,7.36775,30545.2,-23.2,12.0,222.3,-39.7,0.4,-1.0,RS41-SG,403.700,7.2,250,10,2.7,,
2026-08-13T11:59:09.000Z,V3221092,8567,44.47129,7.36762,30522.8,-22.9,16.3,232.5,-39.9,0.4,-1.0,RS41-SG,403.700,7.2,250,11,2.7,,
2026-08-13T11:59:26.000Z,V3221092,8584,44.47254,7.36450,30153.3,-23.0,6.4,173.7,-41.3,0.4,-1.0,RS41-SG,403.700,6.1,250,10,2.6,,
2026-08-13T11:59:27.000Z,V3221092,8585,44.47246,7.36450,30130.8,-23.1,10.8,190.5,-41.3,0.4,-1.0,RS41-SG,403.700,6.8,250,10,2.7,,
2026-08-13T11:59:28.000Z,V3221092,8586,44.47236,7.36444,30107.9,-23.1,13.8,206.0,-41.3,0.4,-1.0,RS41-SG,403.700,7.0,250,11,2.7,,
2026-08-13T11:59:29.000Z,V3221092,8587,44.47224,7.36434,30085.3,-23.2,17.6,218.2,-41.3,0.4,-1.0,RS41-SG,403.700,7.1,250,10,2.7,,
2026-08-13T11:59:30.000Z,V3221092,8588,44.47212,7.36417,30063.3,-22.1,20.3,228.1,-41.4,0.4,-1.0,RS41-SG,403.700,7.2,250,11,2.6,,
2026-08-13T12:01:55.000Z,V3221092,8733,44.47295,7.33973,27250.0,-17.8,15.7,179.2,-46.7,0.6,-1.0,RS41-SG,403.700,7.2,250,10,2.7,,
2026-08-13T12:01:56.000Z,V3221092,8734,44.47281,7.33971,27232.1,-18.4,17.1,192.8,-46.7,0.6,-1.0,RS41-SG,403.700,7.2,250,10,2.6,,
2026-08-13T12:02:09.000Z,V3221092,8747,44.47267,7.33771,27009.1,-18.1,10.6,359.1,-47.1,0.6,-1.0,RS41-SG,403.700,6.6,250,9,2.7,,
2026-08-13T12:02:13.000Z,V3221092,8751,44.47284,7.33790,26940.4,-17.5,4.1,120.2,-47.3,0.6,-1.0,RS41-SG,403.700,7.0,250,10,2.6,,
2026-08-13T12:02:15.000Z,V3221092,8753,44.47275,7.33793,26906.0,-17.5,7.3,191.1,-47.3,0.6,-1.0,RS41-SG,403.700,7.7,250,10,2.7,,
2026-08-13T12:02:16.000Z,V3221092,8754,44.47267,7.33790,26888.9,-17.3,10.8,204.3,-47.2,0.6,-1.0,RS41-SG,403.700,7.6,250,10,2.7,,
2026-08-13T12:02:17.000Z,V3221092,8755,44.47259,7.33781,26871.7,-17.9,13.2,222.3,-47.2,0.6,-1.0,RS41-SG,403.700,7.6,250,10,2.7,,
2026-08-13T12:02:18.000Z,V3221092,8756,44.47250,7.33768,26854.7,-17.5,16.0,230.7,-47.1,0.5,-1.0,RS41-SG,403.700,7.3,250,10,2.6,,
2026-08-13T12:02:19.000Z,V3221092,8757,44.47241,7.33750,26837.3,-18.3,18.9,243.0,-47.0,0.6,-1.0,RS41-SG,403.700,7.3,250,10,2.6,,
2026-08-13T12:02:27.000Z,V3221092,8765,44.47258,7.33543,26699.7,-17.2,19.4,308.7,-47.1,0.6,-1.0,RS41-SG,403.700,6.5,250,10,2.7,,
2026-08-13T12:02:30.000Z,V3221092,8768,44.47289,7.33505,26649.2,-17.4,11.3,327.8,-47.2,0.6,-1.0,RS41-SG,403.700,6.6,250,10,2.6,,
2026-08-13T12:02:34.000Z,V3221092,8772,44.47301,7.33492,26580.8,-16.9,3.6,202.3,-47.1,0.5,-1.0,RS41-SG,403.700,7.4,250,10,2.7,08:24:50,
2026-08-13T12:02:35.000Z,V3221092,8773,44.47296,7.33490,26564.8,-16.9,7.6,200.7,-47.3,0.6,-1.0,RS41-SG,403.700,8.2,250,9,2.6,08:24:50,
2026-08-13T12:02:36.000Z,V3221092,8774,44.47289,7.33485,26548.3,-16.8,11.2,205.8,-47.5,0.6,-1.0,RS41-SG,403.700,8.6,250,9,2.6,08:24:50,
2026-08-13T12:02:37.000Z,V3221092,8775,44.47279,7.33477,26532.1,-16.6,14.1,212.3,-47.5,0.6,-1.0,RS41-SG,403.700,8.6,250,9,2.6,08:24:50,
2026-08-13T12:02:38.000Z,V3221092,8776,44.47268,7.33465,26515.6,-16.3,16.8,223.5,-47.4,0.6,-1.0,RS41-SG,403.700,7.9,250,9,2.7,08:24:50,
2026-08-13T12:02:39.000Z,V3221092,8777,44.47257,7.33448,26498.7,-16.9,19.4,231.8,-47.4,0.6,-1.0,RS41-SG,403.700,7.8,250,9,2.7,08:24:50,
2026-08-13T12:02:40.000Z,V3221092,8778,44.47247,7.33426,26481.8,-17.0,22.0,240.8,-47.4,0.5,-1.0,RS41-SG,403.700,7.2,250,9,2.7,08:24:50,
2026-08-13T12:02:41.000Z,V3221092,8779,44.47239,7.33401,26465.2,-17.2,22.9,250.7,-47.4,0.5,-1.0,RS41-SG,403.700,6.8,250,9,2.7,08:24:50,
2026-08-13T12:02:43.000Z,V3221092,8781,44.47231,7.33343,26433.0,-16.5,24.1,267.6,-47.6,0.6,-1.0,RS41-SG,403.700,6.3,250,9,2.6,08:24:50,
2026-08-13T12:02:54.000Z,V3221092,8792,44.47299,7.33182,26255.5,-16.9,3.2,184.8,-47.5,0.6,-1.0,RS41-SG,403.700,7.5,250,9,2.6,08:24:50,
2026-08-13T12:02:55.000Z,V3221092,8793,44.47295,7.33181,26239.3,-17.0,6.6,190.9,-47.5,0.6,-1.0,RS41-SG,403.700,7.6,250,9,2.6,08:24:50,
2026-08-13T12:02:56.000Z,V3221092,8794,44.47287,7.33178,26223.1,-16.7,10.3,200.6,-47.5,0.5,-1.0,RS41-SG,403.700,8.0,250,9,2.7,08:24:50,
2026-08-13T12:02:57.000Z,V3221092,8795,44.47278,7.33171,26206.7,-16.7,13.8,208.6,-47.5,0.6,-1.0,RS41-SG,403.700,8.2,250,9,2.7,08:24:50,
2026-08-13T12:02:58.000Z,V3221092,8796,44.47266,7.33161,26190.2,-17.0,16.7,217.2,-47.4,0.6,-1.0,RS41-SG,403.700,8.2,250,9,2.7,08:24:50,
2026-08-13T12:02:59.000Z,V3221092,8797,44.47254,7.33146,26174.2,-16.8,19.0,225.2,-47.5,0.6,-1.0,RS41-SG,403.700,8.2,250,9,2.6,08:24:50,
2026-08-13T12:03:00.000Z,V3221092,8798,44.47243,7.33127,26158.4,-16.4,21.1,234.8,-47.6,0.6,-1.0,RS41-SG,403.700,7.9,250,9,2.6,08:24:50,
2026-08-13T12:03:01.000Z,V3221092,8799,44.47233,7.33103,26142.5,-16.5,22.8,242.9,-47.7,0.6,-1.0,RS41-SG,403.700,8.2,250,9,2.6,08:24:50,
2026-08-13T12:03:02.000Z,V3221092,8800,44.47225,7.33076,26127.1,-15.7,24.1,250.3,-47.7,0.5,-1.0,RS41-SG,403.700,8.2,250,9,2.7,08:24:50,
2026-08-13T12:03:14.000Z,V3221092,8812,44.47259,7.32910,25933.9,-16.4,4.9,144.7,-48.1,0.6,-1.0,RS41-SG,403.700,6.6,250,9,2.7,08:24:50,
2026-08-13T12:03:15.000Z,V3221092,8813,44.47254,7.32913,25918.1,-16.1,8.1,163.1,-48.2,0.6,-1.0,RS41-SG,403.700,6.4,250,9,2.7,08:24:50,
2026-08-13T12:03:17.000Z,V3221092,8815,44.47235,7.32912,25885.7,-16.7,12.6,195.4,-48.6,0.6,-1.0,RS41-SG,403.700,7.6,250,9,2.7,08:24:50,
2026-08-13T12:03:18.000Z,V3221092,8816,44.47224,7.32906,25869.3,-16.8,14.9,204.2,-48.7,0.6,-1.0,RS41-SG,403.700,7.6,250,9,2.6,08:24:50,
2026-08-13T12:03:19.000Z,V3221092,8817,44.47212,7.32896,25853.4,-16.8,16.8,218.8,-48.8,0.7,-1.0,RS41-SG,403.700,7.5,250,9,2.6,08:24:50,
2026-08-13T12:03:20.000Z,V3221092,8818,44.47201,7.32881,25836.9,-16.5,17.5,226.9,-48.9,0.6,-1.0,RS41-SG,403.700,7.5,250,9,2.7,08:24:50,
2026-08-13T12:03:21.000Z,V3221092,8819,44.47191,7.32863,25821.2,-15.9,19.2,236.5,-48.9,0.6,-1.0,RS41-SG,403.700,7.5,250,9,2.7,08:24:50,
2026-08-13T12:03:22.000Z,V3221092,8820,44.47183,7.32841,25805.1,-16.6,19.9,250.3,-49.0,0.6,-1.0,RS41-SG,403.700,6.7,250,9,2.7,08:24:50,
2026-08-13T12:03:23.000Z,V3221092,8821,44.47178,7.32818,25788.5,-17.1,19.3,257.5,-49.2,0.6,-1.0,RS41-SG,403.700,7.9,250,9,2.6,08:24:50,
2026-08-13T12:03:24.000Z,V3221092,8822,44.47176,7.32794,25772.4,-16.6,19.2,268.2,-49.4,0.6,-1.0,RS41-SG,403.700,7.9,250,9,2.6,08:24:50,
2026-08-13T12:03:32.000Z,V3221092,8830,44.47233,7.32690,25646.2,-15.7,7.0,7.9,-50.2,0.7,-1.0,RS41-SG,403.700,7.7,250,9,2.7,08:24:50,
2026-08-13T12:03:33.000Z,V3221092,8831,44.47238,7.32693,25631.1,-15.7,5.5,32.8,-50.3,0.7,-1.0,RS41-SG,403.700,7.7,250,9,2.7,08:24:50,
2026-08-13T12:03:34.000Z,V3221092,8832,44.47240,7.32697,25615.9,-15.3,3.6,71.3,-50.4,0.7,-1.0,RS41-SG,403.700,7.6,250,9,2.7,08:24:50,
2026-08-13T12:03:35.000Z,V3221092,8833,44.47240,7.32701,25601.4,-15.1,3.6,131.6,-50.4,0.7,-1.0,RS41-SG,403.700,7.5,250,9,2.6,08:24:50,
2026-08-13T12:03:36.000Z,V3221092,8834,44.47236,7.32703,25586.6,-14.9,5.7,173.0,-50.3,0.7,-1.0,RS41-SG,403.700,7.8,250,9,2.6,08:24:50,
2026-08-13T12:03:37.000Z,V3221092,8835,44.47230,7.32701,25572.0,-14.6,9.1,196.9,-50.3,0.7,-1.0,RS41-SG,403.700,7.8,250,9,2.6,08:24:50,
2026-08-13T12:03:38.000Z,V3221092,8836,44.47221,7.32696,25557.3,-14.5,11.6,210.1,-50.3,0.7,-1.0,RS41-SG,403.700,8.4,250,9,2.7,08:24:50,
2026-08-13T12:03:39.000Z,V3221092,8837,44.47212,7.32686,25542.5,-14.5,14.4,223.1,-50.2,0.7,-1.0,RS41-SG,403.700,8.4,250,9,2.7,08:24:50,
2026-08-13T12:03:40.000Z,V3221092,8838,44.47203,7.32671,25527.9,-15.2,16.9,234.3,-50.2,0.7,-1.0,RS41-SG,403.700,7.9,250,9,2.7,08:24:50,
2026-08-13T12:03:41.000Z,V3221092,8839,44.47195,7.32652,25512.8,-15.8,19.5,244.7,-50.3,0.7,-1.0,RS41-SG,403.700,8.1,250,9,2.7,08:24:50,
2026-08-13T12:03:42.000Z,V3221092,8840,44.47189,7.32628,25497.2,-16.2,21.3,253.3,-50.3,0.7,-1.0,RS41-SG,403.700,8.1,250,9,2.6,08:24:50,
2026-08-13T12:03:43.000Z,V3221092,8841,44.47185,7.32601,25481.6,-16.0,22.7,261.7,-50.3,0.7,-1.0,RS41-SG,403.700,7.4,250,9,2.6,08:24:50,
2026-08-13T12:03:44.000Z,V3221092,8842,44.47183,7.32573,25466.1,-15.7,23.2,269.6,-50.3,0.7,-1.0,RS41-SG,403.700,7.0,250,9,2.6,08:24:50,
2026-08-13T12:03:56.000Z,V3221092,8854,44.47234,7.32430,25287.6,-15.9,7.4,173.4,-50.4,0.7,-1.0,RS41-SG,403.700,8.0,250,9,2.6,08:24:50,
2026-08-13T12:03:57.000Z,V3221092,8855,44.47227,7.32430,25271.8,-16.3,9.8,186.8,-50.4,0.7,-1.0,RS41-SG,403.700,8.0,250,9,2.6,08:24:50,
2026-08-13T12:03:58.000Z,V3221092,8856,44.47217,7.32427,25255.9,-16.1,12.5,196.3,-50.4,0.7,-1.0,RS41-SG,403.700,8.2,250,9,2.6,08:24:50,
2026-08-13T12:03:59.000Z,V3221092,8857,44.47205,7.32420,25240.1,-15.8,15.0,205.9,-50.3,0.7,-1.0,RS41-SG,403.700,8.5,250,8,2.7,08:24:50,
2026-08-13T12:04:00.000Z,V3221092,8858,44.47193,7.32410,25224.9,-15.5,17.0,214.8,-50.4,0.7,-1.0,RS41-SG,403.700,8.5,250,9,2.7,08:24:50,
2026-08-13T12:04:01.000Z,V3221092,8859,44.47181,7.32396,25210.1,-15.3,18.8,224.6,-50.5,0.7,-1.0,RS41-SG,403.700,8.1,250,9,2.7,08:24:50,
2026-08-13T12:04:02.000Z,V3221092,8860,44.47169,7.32377,25195.2,-15.5,19.9,234.7,-50.5,0.7,-1.0,RS41-SG,403.700,7.4,250,9,2.7,08:24:50,
2026-08-13T12:04:03.000Z,V3221092,8861,44.47160,7.32355,25180.0,-15.8,20.5,244.4,-50.5,0.7,-1.0,RS41-SG,403.700,7.7,250,9,2.6,08:24:50,
2026-08-13T12:04:04.000Z,V3221092,8862,44.47154,7.32331,25164.7,-15.9,20.8,254.0,-50.5,0.7,-1.0,RS41-SG,403.700,7.7,250,8,2.6,08:24:50,
2026-08-13T12:04:05.000Z,V3221092,8863,44.47150,7.32306,25149.3,-15.9,20.3,261.9,-50.5,0.7,-1.0,RS41-SG,403.700,6.7,250,9,2.6,08:24:50,
2026-08-13T12:04:18.000Z,V3221092,8876,44.47175,7.32204,24959.2,-14.8,10.3,166.8,-50.2,0.7,-1.0,RS41-SG,403.700,7.0,250,9,2.6,08:24:50,
2026-08-13T12:04:19.000Z,V3221092,8877,44.47165,7.32206,24945.0,-14.9,13.0,179.1,-50.2,0.7,-1.0,RS41-SG,403.700,6.9,250,9,2.6,08:24:50,
2026-08-13T12:04:20.000Z,V3221092,8878,44.47153,7.32204,24929.9,-15.0,14.1,189.7,-50.2,0.7,-1.0,RS41-SG,403.700,7.4,250,9,2.7,08:24:50,
2026-08-13T12:04:21.000Z,V3221092,8879,44.47140,7.32199,24915.5,-14.6,15.8,199.6,-50.2,0.7,-1.0,RS41-SG,403.700,7.4,250,9,2.7,08:24:50,
2026-08-13T12:04:22.000Z,V3221092,8880,44.47128,7.32190,24900.9,-14.9,16.3,211.7,-50.3,0.7,-1.0,RS41-SG,403.700,7.1,250,9,2.7,08:24:50,
2026-08-13T12:04:25.000Z,V3221092,8883,44.47097,7.32146,24858.9,-14.4,16.9,243.6,-50.4,0.7,-1.0,RS41-SG,403.700,7.5,250,9,2.6,08:24:50,
2026-08-13T12:04:26.000Z,V3221092,8884,44.47091,7.32126,24844.4,-14.6,16.5,254.3,-50.3,0.7,-1.0,RS41-SG,403.700,7.5,250,9,2.6,08:24:50,
2026-08-13T12:04:39.000Z,V3221092,8897,44.47128,7.32036,24671.0,-12.9,9.8,173.6,-50.3,0.7,-1.0,RS41-SG,403.700,7.1,250,9,2.6,08:24:50,
2026-08-13T12:04:40.000Z,V3221092,8898,44.47118,7.32035,24658.0,-13.2,12.3,186.9,-50.4,0.7,-1.0,RS41-SG,403.700,8.0,250,9,2.6,08:24:50,
2026-08-13T12:04:41.000Z,V3221092,8899,44.47106,7.32031,24644.7,-13.2,15.0,198.6,-50.4,0.7,-1.0,RS41-SG,403.700,8.0,250,9,2.7,08:24:50,
2026-08-13T12:04:42.000Z,V3221092,8900,44.47093,7.32023,24631.4,-13.3,17.5,209.6,-50.4,0.7,-1.0,RS41-SG,403.700,7.4,250,9,2.7,08:24:50,
2026-08-13T12:04:43.000Z,V3221092,8901,44.47080,7.32010,24618.1,-13.6,18.8,219.9,-50.3,0.7,-1.0,RS41-SG,403.700,7.3,250,9,2.7,08:24:50,
2026-08-13T12:04:44.000Z,V3221092,8902,44.47068,7.31993,24605.0,-13.2,19.9,229.3,-50.2,0.7,-1.0,RS41-SG,403.700,7.1,250,9,2.7,08:24:50,
2026-08-13T12:04:45.000Z,V3221092,8903,44.47058,7.31973,24592.0,-13.1,19.8,240.0,-50.3,0.6,-1.0,RS41-SG,403.700,7.6,250,9,2.6,08:24:50,
2026-08-13T12:04:57.000Z,V3221092,8915,44.47094,7.31848,24441.3,-12.5,6.1,115.5,-50.4,0.7,-1.0,RS41-SG,403.700,6.8,250,9,2.7,08:24:50,
2026-08-13T12:04:58.000Z,V3221092,8916,44.47090,7.31854,24429.0,-12.3,8.0,145.7,-50.5,0.7,-1.0,RS41-SG,403.700,7.8,250,9,2.7,08:24:50,
2026-08-13T12:04:59.000Z,V3221092,8917,44.47083,7.31858,24416.6,-12.7,10.0,167.6,-50.6,0.7,-1.0,RS41-SG,403.700,7.8,250,8,2.6,08:24:50,
2026-08-13T12:05:00.000Z,V3221092,8918,44.47073,7.31859,24404.1,-12.7,12.2,184.4,-50.6,0.7,-1.0,RS41-SG,403.700,7.9,250,9,2.6,08:24:50,
2026-08-13T12:05:01.000Z,V3221092,8919,44.47062,7.31855,24391.5,-12.7,14.0,199.6,-50.7,0.7,-1.0,RS41-SG,403.700,7.9,250,9,2.6,08:24:50,
2026-08-13T12:05:02.000Z,V3221092,8920,44.47050,7.31847,24378.4,-13.0,15.4,213.3,-50.8,0.7,-1.0,RS41-SG,403.700,8.0,250,9,2.7,08:24:50,
2026-08-13T12:05:03.000Z,V3221092,8921,44.47039,7.31834,24365.2,-12.9,16.5,226.8,-50.8,0.7,-1.0,RS41-SG,403.700,8.8,250,9,2.7,08:24:50,
2026-08-13T12:05:04.000Z,V3221092,8922,44.47030,7.31817,24352.1,-12.9,17.2,239.7,-50.9,0.7,-1.0,RS41-SG,403.700,8.8,250,9,2.7,08:24:50,
2026-08-13T12:05:13.000Z,V3221092,8931,44.47077,7.31689,24235.9,-12.9,10.8,6.6,-51.3,0.7,-1.0,RS41-SG,403.700,6.3,250,9,2.6,08:24:50,
2026-08-13T12:05:15.000Z,V3221092,8933,44.47091,7.31698,24210.1,-13.0,7.1,46.2,-51.5,0.8,-1.0,RS41-SG,403.700,7.2,250,9,2.6,08:24:50,
2026-08-13T12:05:16.000Z,V3221092,8934,44.47094,7.31704,24196.9,-12.6,5.1,76.8,-51.5,0.8,-1.0,RS41-SG,403.700,7.2,250,9,2.7,08:24:50,
2026-08-13T12:05:18.000Z,V3221092,8936,44.47090,7.31714,24172.5,-12.1,5.8,158.5,-51.5,0.7,-1.0,RS41-SG,403.700,7.0,250,9,2.7,08:24:50,
2026-08-13T12:05:19.000Z,V3221092,8937,44.47084,7.31715,24160.1,-12.7,8.0,185.7,-51.6,0.7,-1.0,RS41-SG,403.700,7.6,250,9,2.7,08:24:50,
2026-08-13T12:05:20.000Z,V3221092,8938,44.47076,7.31711,24147.1,-13.0,10.7,205.9,-51.7,0.8,-1.0,RS41-SG,403.700,7.9,250,9,2.6,08:24:50,
2026-08-13T12:05:21.000Z,V3221092,8939,44.47068,7.31703,24133.8,-13.3,12.9,219.5,-51.7,0.8,-1.0,RS41-SG,403.700,7.9,250,9,2.6,08:24:50,
2026-08-13T12:05:22.000Z,V3221092,8940,44.47059,7.31691,24120.6,-12.9,14.9,233.0,-51.7,0.8,-1.0,RS41-SG,403.700,8.3,250,9,2.6,08:24:50,
2026-08-13T12:05:23.000Z,V3221092,8941,44.47051,7.31674,24108.1,-12.1,17.3,243.4,-51.8,0.8,-1.0,RS41-SG,403.700,8.3,250,9,2.7,08:24:50,
2026-08-13T12:05:24.000Z,V3221092,8942,44.47045,7.31653,24096.0,-12.1,19.1,252.1,-51.9,0.8,-1.0,RS41-SG,403.700,8.2,250,9,2.7,08:24:50,
2026-08-13T12:05:25.000Z,V3221092,8943,44.47041,7.31629,24083.9,-11.8,20.6,261.3,-52.0,0.8,-1.0,RS41-SG,403.700,7.4,250,9,2.7,08:24:50,
2026-08-13T12:05:36.000Z,V3221092,8954,44.47111,7.31457,23944.5,-12.6,4.1,23.0,-52.8,0.8,-1.0,RS41-SG,403.700,6.6,250,9,2.6,08:24:50,
2026-08-13T12:05:38.000Z,V3221092,8956,44.47113,7.31463,23918.1,-12.8,3.4,120.0,-52.9,0.8,-1.0,RS41-SG,403.700,7.1,250,9,2.6,08:24:50,
2026-08-13T12:05:39.000Z,V3221092,8957,44.47110,7.31467,23905.5,-12.7,5.5,157.7,-52.9,0.8,-1.0,RS41-SG,403.700,7.9,250,8,2.7,08:24:50,
2026-08-13T12:05:40.000Z,V3221092,8958,44.47104,7.31468,23892.8,-12.2,6.7,183.6,-52.9,0.8,-1.0,RS41-SG,403.700,7.9,250,9,2.7,08:24:50,
2026-08-13T12:05:41.000Z,V3221092,8959,44.47097,7.31465,23880.6,-11.9,9.0,202.0,-52.8,0.8,-1.0,RS41-SG,403.700,7.9,250,9,2.7,08:24:50,
2026-08-13T12:05:42.000Z,V3221092,8960,44.47090,7.31459,23868.7,-11.7,10.6,218.0,-52.8,0.8,-1.0,RS41-SG,403.700,7.9,250,9,2.7,08:24:50,
2026-08-13T12:05:43.000Z,V3221092,8961,44.47083,7.31449,23856.7,-12.1,12.9,231.3,-52.8,0.8,-1.0,RS41-SG,403.700,7.2,250,9,2.6,08:24:50,
2026-08-13T12:05:44.000Z,V3221092,8962,44.47076,7.31435,23845.1,-11.6,14.7,244.3,-52.8,0.8,-1.0,RS41-SG,403.700,7.2,250,9,2.6,08:24:50,
2026-08-13T12:05:45.000Z,V3221092,8963,44.47071,7.31416,23832.6,-12.0,16.9,255.3,-52.8,0.8,-1.0,RS41-SG,403.700,7.2,250,9,2.6,08:24:50,
2026-08-13T12:05:56.000Z,V3221092,8974,44.47169,7.31216,23695.8,-11.9,12.1,345.0,-52.4,0.8,-1.0,RS41-SG,403.700,7.0,250,9,2.6,08:24:50,
2026-08-13T12:05:58.000Z,V3221092,8976,44.47185,7.31211,23670.5,-12.3,5.9,345.4,-52.3,0.8,-1.0,RS41-SG,403.700,7.4,250,9,2.7,08:21:26,
2026-08-13T12:05:59.000Z,V3221092,8977,44.47189,7.31209,23657.8,-12.4,3.5,328.7,-52.3,0.8,-1.0,RS41-SG,403.700,8.2,250,9,2.7,08:21:26,
2026-08-13T12:06:00.000Z,V3221092,8978,44.47191,7.31206,23645.5,-11.8,3.1,266.6,-52.3,0.8,-1.0,RS41-SG,403.700,8.2,250,9,2.7,08:21:26,
2026-08-13T12:06:01.000Z,V3221092,8979,44.47189,7.31201,23632.8,-12.3,6.1,238.9,-52.4,0.8,-1.0,RS41-SG,403.700,7.4,250,9,2.6,08:21:26,
2026-08-13T12:06:02.000Z,V3221092,8980,44.47185,7.31192,23620.5,-11.9,10.0,233.8,-52.4,0.8,-1.0,RS41-SG,403.700,8.0,250,9,2.6,08:21:26,
2026-08-13T12:06:03.000Z,V3221092,8981,44.47179,7.31180,23608.8,-11.4,13.1,237.6,-52.4,0.8,-1.0,RS41-SG,403.700,8.3,250,9,2.6,08:21:26,
2026-08-13T12:06:04.000Z,V3221092,8982,44.47173,7.31164,23596.5,-11.8,16.6,241.2,-52.6,0.8,-1.0,RS41-SG,403.700,8.3,250,9,2.7,08:21:26,
2026-08-13T12:06:05.000Z,V3221092,8983,44.47165,7.31144,23583.7,-12.0,20.0,246.4,-52.7,0.8,-1.0,RS41-SG,403.700,8.2,250,9,2.7,08:21:26,
2026-08-13T12:06:06.000Z,V3221092,8984,44.47159,7.31119,23572.1,-11.4,22.2,251.2,-52.8,0.8,-1.0,RS41-SG,403.700,8.2,250,9,2.7,08:21:26,
2026-08-13T12:06:07.000Z,V3221092,8985,44.47153,7.31091,23560.5,-10.9,24.5,257.5,-52.8,0.8,-1.0,RS41-SG,403.700,8.1,250,9,2.7,08:21:26,
2026-08-13T12:06:08.000Z,V3221092,8986,44.47150,7.31060,23548.5,-11.6,25.9,265.0,-52.8,0.8,-1.0,RS41-SG,403.700,7.6,250,9,2.6,08:21:26,
2026-08-13T12:06:20.000Z,V3221092,8998,44.47198,7.30830,23409.2,-11.7,5.5,210.3,-53.1,0.8,-1.0,RS41-SG,403.700,7.0,250,9,2.7,08:21:26,
2026-08-13T12:06:21.000Z,V3221092,8999,44.47192,7.30826,23397.3,-11.8,8.3,200.7,-53.1,0.8,-1.0,RS41-SG,403.700,7.0,250,9,2.6,08:21:26,
2026-08-13T12:06:22.000Z,V3221092,9000,44.47184,7.30823,23385.6,-11.7,11.7,197.0,-53.0,0.8,-1.0,RS41-SG,403.700,7.0,250,9,2.6,08:21:26,
2026-08-13T12:06:23.000Z,V3221092,9001,44.47173,7.30817,23374.1,-11.3,14.8,200.4,-52.9,0.8,-1.0,RS41-SG,403.700,6.9,250,9,2.7,08:21:26,
2026-08-13T12:06:24.000Z,V3221092,9002,44.47159,7.30810,23362.7,-11.1,17.6,205.0,-52.9,0.8,-1.0,RS41-SG,403.700,7.4,250,9,2.7,08:21:26,
2026-08-13T12:06:25.000Z,V3221092,9003,44.47145,7.30799,23350.9,-11.5,19.9,210.5,-52.8,0.8,-1.0,RS41-SG,403.700,7.7,250,9,2.7,08:21:26,
2026-08-13T12:06:26.000Z,V3221092,9004,44.47129,7.30784,23339.4,-11.2,21.5,216.5,-52.8,0.8,-1.0,RS41-SG,403.700,8.0,250,9,2.6,08:21:26,
2026-08-13T12:06:27.000Z,V3221092,9005,44.47114,7.30767,23327.7,-11.5,22.7,223.1,-52.8,0.8,-1.0,RS41-SG,403.700,8.0,250,9,2.6,08:21:26,
2026-08-13T12:06:28.000Z,V3221092,9006,44.47100,7.30746,23316.0,-11.1,23.1,231.0,-52.8,0.8,-1.0,RS41-SG,403.700,7.8,250,9,2.6,08:21:26,
2026-08-13T12:06:29.000Z,V3221092,9007,44.47088,7.30723,23303.9,-11.4,22.7,237.7,-52.7,0.8,-1.0,RS41-SG,403.700,6.9,250,9,2.7,08:21:26,
2026-08-13T12:06:30.000Z,V3221092,9008,44.47078,7.30698,23292.1,-11.5,22.0,245.4,-52.7,0.8,-1.0,RS41-SG,403.700,6.5,250,9,2.7,08:21:26,
2026-08-13T12:06:43.000Z,V3221092,9021,44.47072,7.30590,23137.1,-11.8,10.0,145.6,-53.2,0.8,-1.0,RS41-SG,403.700,6.7,250,8,2.7,08:21:26,
2026-08-13T12:06:44.000Z,V3221092,9022,44.47064,7.30597,23125.9,-11.1,11.5,155.6,-53.3,0.8,-1.0,RS41-SG,403.700,7.0,250,9,2.6,08:21:26,
2026-08-13T12:06:46.000Z,V3221092,9024,44.47042,7.30603,23102.6,-11.0,13.0,179.4,-53.5,0.9,-1.0,RS41-SG,403.700,7.1,250,9,2.6,08:21:26,
2026-08-13T12:06:47.000Z,V3221092,9025,44.47031,7.30602,23091.1,-11.4,13.1,192.1,-53.5,0.8,-1.0,RS41-SG,403.700,7.1,250,9,2.7,08:21:26,
2026-08-13T12:06:48.000Z,V3221092,9026,44.47019,7.30597,23079.9,-11.0,13.3,204.6,-53.6,0.9,-1.0,RS41-SG,403.700,7.0,250,9,2.7,08:21:26,
2026-08-13T12:06:49.000Z,V3221092,9027,44.47009,7.30588,23068.8,-11.0,12.9,218.1,-53.6,0.8,-1.0,RS41-SG,403.700,7.0,250,9,2.7,08:20:35,
2026-08-13T12:07:01.000Z,V3221092,9039,44.47058,7.30474,22928.4,-11.7,10.0,21.4,-53.1,0.8,-1.0,RS41-SG,403.700,6.6,250,9,2.7,08:20:35,
2026-08-13T12:07:02.000Z,V3221092,9040,44.47065,7.30480,22916.6,-11.8,8.4,35.2,-52.9,0.8,-1.0,RS41-SG,403.700,6.9,250,9,2.6,08:20:35,
2026-08-13T12:07:03.000Z,V3221092,9041,44.47070,7.30486,22904.7,-11.6,6.7,51.7,-52.8,0.8,-1.0,RS41-SG,403.700,6.9,250,9,2.6,08:20:35,
2026-08-13T12:07:04.000Z,V3221092,9042,44.47073,7.30493,22893.0,-11.5,5.3,77.0,-52.7,0.8,-1.0,RS41-SG,403.700,7.0,250,9,2.6,08:20:35,
2026-08-13T12:07:05.000Z,V3221092,9043,44.47073,7.30499,22881.5,-11.5,4.5,106.7,-52.6,0.8,-1.0,RS41-SG,403.700,7.5,250,9,2.7,08:20:35,
2026-08-13T12:07:06.000Z,V3221092,9044,44.47071,7.30503,22869.9,-11.3,4.3,142.4,-52.6,0.8,-1.0,RS41-SG,403.700,7.5,250,9,2.7,08:20:35,
2026-08-13T12:07:07.000Z,V3221092,9045,44.47067,7.30505,22858.3,-11.7,5.2,173.9,-52.6,0.8,-1.0,RS41-SG,403.700,7.1,250,9,2.7,08:20:35,
2026-08-13T12:07:08.000Z,V3221092,9046,44.47062,7.30504,22846.4,-11.9,6.4,197.7,-52.6,0.8,-1.0,RS41-SG,403.700,7.2,250,9,2.7,08:20:35,
2026-08-13T12:07:09.000Z,V3221092,9047,44.47056,7.30500,22834.6,-12.2,7.8,215.3,-52.7,0.8,-1.0,RS41-SG,403.700,7.2,250,9,2.6,08:20:35,
2026-08-13T12:07:19.000Z,V3221092,9057,44.47075,7.30345,22717.6,-11.7,17.7,320.0,-52.2,0.7,-1.0,RS41-SG,403.700,6.6,250,9,2.7,08:20:35,
2026-08-13T12:07:20.000Z,V3221092,9058,44.47087,7.30332,22706.0,-12.0,16.9,327.3,-52.2,0.7,-1.0,RS41-SG,403.700,7.2,250,9,2.6,08:20:35,
2026-08-13T12:07:24.000Z,V3221092,9062,44.47135,7.30309,22659.7,-11.4,10.6,355.1,-52.4,0.8,-1.0,RS41,403.700,6.8,250,9,2.7,08:20:35,
2026-08-13T12:07:26.000Z,V3221092,9064,44.47150,7.30308,22636.9,-11.4,5.9,4.3,-52.4,0.8,-1.0,RS41,403.700,7.1,250,9,2.6,08:20:35,
2026-08-13T12:07:27.000Z,V3221092,9065,44.47154,7.30309,22625.4,-11.4,3.7,0.9,-52.5,0.8,-1.0,RS41,403.700,7.1,250,9,2.6,08:20:35,
2026-08-13T12:07:28.000Z,V3221092,9066,44.47156,7.30308,22613.9,-11.5,1.7,332.4,-52.6,0.9,-1.0,RS41,403.700,7.3,250,9,2.7,08:20:35,
2026-08-13T12:07:29.000Z,V3221092,9067,44.47157,7.30306,22602.9,-10.7,2.1,247.5,-52.7,0.8,-1.0,RS41,403.700,7.3,250,9,2.7,08:20:35,
2026-08-13T12:07:30.000Z,V3221092,9068,44.47155,7.30303,22591.9,-11.0,4.6,236.4,-52.8,0.9,-1.0,RS41,403.700,7.2,250,9,2.7,08:20:35,
2026-08-13T12:07:31.000Z,V3221092,9069,44.47152,7.30297,22580.8,-11.3,7.4,236.6,-52.9,0.8,-1.0,RS41,403.700,7.7,250,9,2.6,08:20:35,
2026-08-13T12:07:32.000Z,V3221092,9070,44.47148,7.30287,22569.5,-11.2,9.8,239.4,-52.8,0.9,-1.0,RS41,403.700,7.7,250,9,2.6,08:20:35,
2026-08-13T12:07:33.000Z,V3221092,9071,44.47143,7.30275,22558.2,-11.3,12.2,243.6,-53.0,0.9,-1.0,RS41,403.700,7.5,250,9,2.6,08:20:35,
2026-08-13T12:07:34.000Z,V3221092,9072,44.47139,7.30260,22547.0,-11.1,14.4,247.8,-53.1,0.9,-1.0,RS41,403.700,7.7,250,9,2.7,08:20:35,
2026-08-13T12:07:35.000Z,V3221092,9073,44.47134,7.30242,22536.0,-10.8,16.5,253.1,-53.0,0.8,-1.0,RS41,403.700,7.8,250,9,2.7,08:20:35,
2026-08-13T12:07:36.000Z,V3221092,9074,44.47130,7.30221,22525.0,-11.0,18.3,258.3,-52.9,0.8,-1.0,RS41,403.700,7.8,250,9,2.7,08:20:35,
2026-08-13T12:07:37.000Z,V3221092,9075,44.47128,7.30197,22514.1,-11.0,19.7,264.5,-52.8,0.8,-1.0,RS41,403.700,7.4,250,9,2.6,08:20:35,
2026-08-13T12:07:38.000Z,V3221092,9076,44.47127,7.30172,22503.2,-11.0,20.7,270.2,-52.8,0.8,-1.0,RS41,403.700,7.4,250,9,2.6,08:20:35,
2026-08-13T12:07:39.000Z,V3221092,9077,44.47128,7.30146,22492.2,-11.0,21.2,275.9,-52.8,0.8,-1.0,RS41,403.700,7.3,250,9,2.7,08:20:35,
2026-08-13T12:07:40.000Z,V3221092,9078,44.47131,7.30120,22481.3,-10.9,21.1,281.7,-52.8,0.8,-1.0,RS41,403.700,8.1,250,9,2.7,08:19:44,
2026-08-13T12:07:41.000Z,V3221092,9079,44.47135,7.30094,22470.4,-10.8,20.6,286.9,-52.8,0.8,-1.0,RS41,403.700,8.1,250,9,2.7,08:19:44,
2026-08-13T12:07:42.000Z,V3221092,9080,44.47141,7.30071,22459.7,-10.9,19.6,291.9,-52.8,0.8,-1.0,RS41,403.700,7.0,250,9,2.6,08:19:44,
2026-08-13T12:07:44.000Z,V3221092,9082,44.47156,7.30031,22438.4,-10.5,16.2,302.8,-52.8,0.8,-1.0,RS41,403.700,6.9,250,9,2.6,08:19:44,
2026-08-13T12:07:45.000Z,V3221092,9083,44.47164,7.30015,22427.8,-10.4,14.1,308.3,-52.8,0.8,-1.0,RS41,403.700,7.0,250,9,2.7,08:19:44,
2026-08-13T12:07:46.000Z,V3221092,9084,44.47171,7.30003,22417.3,-10.5,11.7,312.9,-52.8,0.8,-1.0,RS41,403.700,7.1,250,9,2.7,08:19:44,
2026-08-13T12:07:47.000Z,V3221092,9085,44.47178,7.29994,22406.7,-10.7,9.0,316.9,-52.9,0.8,-1.0,RS41,403.700,7.2,250,9,2.7,08:19:44,
2026-08-13T12:07:48.000Z,V3221092,9086,44.47183,7.29987,22396.0,-11.0,6.6,318.0,-52.9,0.8,-1.0,RS41,403.700,7.2,250,9,2.6,08:19:44,
2026-08-13T12:07:49.000Z,V3221092,9087,44.47187,7.29982,22385.1,-11.1,3.9,312.1,-52.9,0.8,-1.0,RS41,403.700,8.1,250,9,2.6,08:19:44,
2026-08-13T12:07:50.000Z,V3221092,9088,44.47188,7.29979,22374.0,-11.0,1.9,271.5,-52.9,0.9,-1.0,RS41,403.700,8.1,250,9,2.7,08:19:44,
2026-08-13T12:07:51.000Z,V3221092,9089,44.47187,7.29977,22363.1,-11.2,2.9,216.3,-52.9,0.8,-1.0,RS41,403.700,8.5,250,9,2.7,08:19:44,
2026-08-13T12:07:52.000Z,V3221092,9090,44.47183,7.29975,22352.1,-10.8,5.4,204.7,-52.8,0.9,-1.0,RS41,403.700,8.6,250,9,2.7,08:19:44,
2026-08-13T12:07:53.000Z,V3221092,9091,44.47178,7.29971,22341.3,-11.0,7.9,205.8,-53.0,0.8,-1.0,RS41,403.700,8.6,250,9,2.6,08:19:44,
2026-08-13T12:07:54.000Z,V3221092,9092,44.47171,7.29966,22330.6,-10.5,10.5,209.1,-53.1,0.9,-1.0,RS41,403.700,8.5,250,9,2.6,08:19:44,
2026-08-13T12:07:55.000Z,V3221092,9093,44.47162,7.29958,22320.0,-10.7,12.7,213.9,-53.3,0.9,-1.0,RS41,403.700,8.3,250,9,2.6,08:19:44,
2026-08-13T12:07:56.000Z,V3221092,9094,44.47152,7.29948,22309.0,-10.8,15.0,220.2,-53.3,0.9,-1.0,RS41,403.700,8.2,250,9,2.7,08:19:44,
2026-08-13T12:07:57.000Z,V3221092,9095,44.47142,7.29934,22298.3,-11.0,16.7,226.6,-53.3,0.9,-1.0,RS41,403.700,8.0,250,9,2.7,08:19:44,
2026-08-13T12:07:58.000Z,V3221092,9096,44.47132,7.29917,22287.6,-10.7,18.4,234.5,-53.4,0.9,-1.0,RS41,403.700,8.0,250,9,2.7,08:19:44,
2026-08-13T12:08:00.000Z,V3221092,9098,44.47116,7.29874,22265.9,-11.0,20.2,250.4,-53.4,0.9,-1.0,RS41,403.700,7.0,250,9,2.6,08:19:44,
2026-08-13T12:08:01.000Z,V3221092,9099,44.47111,7.29850,22254.9,-11.1,20.3,258.1,-53.4,0.9,-1.0,RS41,403.700,7.1,250,9,2.7,08:19:44,
2026-08-13T12:08:02.000Z,V3221092,9100,44.47109,7.29825,22243.7,-11.1,20.0,266.3,-53.5,0.8,-1.0,RS41,403.700,7.1,250,9,2.7,08:19:44,
2026-08-13T12:08:10.000Z,V3221092,9108,44.47132,7.29703,22154.8,-11.1,3.2,290.5,-54.2,0.9,-1.0,RS41,403.700,7.0,250,9,2.6,08:19:44,
2026-08-13T12:08:11.000Z,V3221092,9109,44.47132,7.29700,22143.9,-11.0,1.8,231.6,-54.3,0.9,-1.0,RS41,403.700,7.0,250,9,2.6,08:19:44,
2026-08-13T12:08:12.000Z,V3221092,9110,44.47130,7.29699,22133.1,-10.5,3.9,186.3,-54.4,1.0,-1.0,RS41,403.700,7.2,250,9,2.7,08:19:44,
2026-08-13T12:08:13.000Z,V3221092,9111,44.47125,7.29699,22122.6,-10.2,6.6,180.6,-54.5,1.0,-1.0,RS41,403.700,7.7,250,9,2.7,08:19:44,
2026-08-13T12:08:15.000Z,V3221092,9113,44.47109,7.29697,22102.2,-10.3,11.6,187.3,-54.3,0.9,-1.0,RS41,403.700,7.3,250,9,2.6,08:19:44,
2026-08-13T12:08:16.000Z,V3221092,9114,44.47098,7.29694,22092.1,-10.1,13.9,192.5,-54.2,0.9,-1.0,RS41,403.700,7.2,250,9,2.6,08:19:44,
2026-08-13T12:08:17.000Z,V3221092,9115,44.47085,7.29689,22081.7,-10.5,15.8,198.6,-54.1,1.0,-1.0,RS41,403.700,7.2,250,9,2.6,08:19:44,
2026-08-13T12:08:19.000Z,V3221092,9117,44.47057,7.29671,22060.7,-10.3,18.2,212.3,-54.2,0.9,-1.0,RS41,403.700,6.6,250,9,2.7,08:19:44,
2026-08-13T12:08:23.000Z,V3221092,9121,44.47014,7.29605,22018.4,-10.6,17.2,242.0,-54.3,0.9,-1.0,RS41,403.700,6.7,250,9,2.7,08:19:44,
2026-08-13T12:08:30.000Z,V3221092,9128,44.47009,7.29504,21946.2,-10.0,6.8,308.7,-55.1,1.0,-1.0,RS41,403.700,7.2,250,9,2.7,08:19:44,
2026-08-13T12:08:32.000Z,V3221092,9130,44.47017,7.29496,21926.1,-10.1,4.6,349.0,-55.4,1.0,-1.0,RS41,403.700,7.1,250,9,2.6,08:19:44,
2026-08-13T12:08:33.000Z,V3221092,9131,44.47021,7.29496,21916.0,-10.1,4.0,19.7,-55.6,1.0,-1.0,RS41,403.700,7.3,250,9,2.6,08:19:44,
2026-08-13T12:08:34.000Z,V3221092,9132,44.47024,7.29499,21906.0,-9.9,4.2,50.3,-55.4,1.0,-1.0,RS41,403.700,7.3,250,9,2.7,08:19:44,
2026-08-13T12:08:35.000Z,V3221092,9133,44.47025,7.29504,21896.3,-9.4,5.1,81.4,-55.3,1.0,-1.0,RS41,403.700,7.4,250,9,2.7,08:19:44,
2026-08-13T12:08:36.000Z,V3221092,9134,44.47025,7.29511,21886.6,-9.6,6.0,101.7,-55.2,1.0,-1.0,RS41,403.700,7.4,250,9,2.6,08:19:44,
2026-08-13T12:08:37.000Z,V3221092,9135,44.47023,7.29518,21876.8,-10.2,6.9,120.1,-55.1,1.0,-1.0,RS41,403.700,7.6,250,9,2.6,08:19:44,
2026-08-13T12:08:38.000Z,V3221092,9136,44.47019,7.29526,21866.6,-10.1,7.5,134.3,-55.1,1.0,-1.0,RS41,403.700,8.3,250,9,2.7,08:19:44,
2026-08-13T12:08:39.000Z,V3221092,9137,44.47013,7.29532,21856.3,-10.3,7.9,148.2,-55.1,1.0,-1.0,RS41,403.700,8.3,250,9,2.7,08:19:44,
2026-08-13T12:08:40.000Z,V3221092,9138,44.47007,7.29536,21846.0,-10.2,8.2,163.0,-55.1,0.9,-1.0,RS41,403.700,7.7,250,9,2.7,08:19:44,
2026-08-13T12:08:41.000Z,V3221092,9139,44.47000,7.29538,21835.8,-10.1,8.6,176.5,-55.2,1.0,-1.0,RS41,403.700,7.7,250,9,2.6,08:19:44,
2026-08-13T12:08:42.000Z,V3221092,9140,44.46992,7.29537,21825.7,-10.1,8.8,190.2,-55.4,1.0,-1.0,RS41,403.700,7.1,250,9,2.6,08:19:44,
2026-08-13T12:08:43.000Z,V3221092,9141,44.46984,7.29534,21815.7,-10.1,9.3,203.9,-55.6,1.0,-1.0,RS41,403.700,7.0,250,9,2.6,08:19:44,
2026-08-13T12:08:44.000Z,V3221092,9142,44.46977,7.29527,21805.7,-9.6,9.7,217.3,-55.7,1.1,-1.0,RS41,403.700,7.2,250,9,2.7,08:19:44,
2026-08-13T12:08:46.000Z,V3221092,9144,44.46965,7.29508,21786.2,-9.8,11.0,241.8,-56.3,1.1,-1.0,RS41,403.700,7.5,250,8,2.7,08:19:44,
2026-08-13T12:08:50.000Z,V3221092,9148,44.46959,7.29446,21746.4,-10.0,14.1,279.8,-56.3,1.1,-1.0,RS41,403.700,6.9,250,9,2.7,08:19:44,
2026-08-13T12:08:51.000Z,V3221092,9149,44.46962,7.29429,21736.3,-10.0,14.4,287.9,-56.3,1.1,-1.0,RS41,403.700,6.9,250,9,2.7,08:19:44,
2026-08-13T12:08:52.000Z,V3221092,9150,44.46967,7.29412,21726.5,-9.8,14.4,296.5,-56.3,1.0,-1.0,RS41,403.700,7.1,250,9,2.6,08:19:44,
2026-08-13T12:08:53.000Z,V3221092,9151,44.46974,7.29397,21716.8,-9.9,13.8,304.6,-56.3,1.0,-1.0,RS41,403.700,7.1,250,9,2.6,08:19:44,
2026-08-13T12:08:54.000Z,V3221092,9152,44.46981,7.29384,21707.1,-9.7,13.1,313.2,-56.4,1.0,-1.0,RS41,403.700,6.7,250,9,2.6,08:19:44,
2026-08-13T12:08:55.000Z,V3221092,9153,44.46990,7.29373,21697.4,-9.7,12.1,321.7,-56.5,1.1,-1.0,RS41,403.700,7.1,250,9,2.7,08:19:44,
2026-08-13T12:08:56.000Z,V3221092,9154,44.46998,7.29365,21687.7,-9.5,10.8,329.7,-56.4,1.0,-1.0,RS41,403.700,7.1,250,9,2.7,08:19:44,
2026-08-13T12:08:57.000Z,V3221092,9155,44.47006,7.29359,21678.1,-9.5,9.1,337.5,-56.4,1.0,-1.0,RS41,403.700,7.2,250,9,2.7,08:19:44,
2026-08-13T12:08:58.000Z,V3221092,9156,44.47013,7.29356,21668.6,-9.6,7.3,346.3,-56.3,1.0,-1.0,RS41,403.700,7.2,250,9,2.6,08:19:44,
2026-08-13T12:08:59.000Z,V3221092,9157,44.47018,7.29355,21659.0,-9.8,5.2,354.8,-56.3,1.0,-1.0,RS41,403.700,6.5,250,9,2.6,08:19:44,
2026-08-13T12:09:00.000Z,V3221092,9158,44.47022,7.29355,21649.2,-9.6,3.1,6.4,-56.2,1.0,-1.0,RS41,403.700,7.0,250,9,2.7,08:19:44,
2026-08-13T12:09:01.000Z,V3221092,9159,44.47024,7.29355,21639.4,-9.6,0.9,25.7,-56.2,1.0,-1.0,RS41,403.700,7.0,250,9,2.7,08:19:44,
2026-08-13T12:09:02.000Z,V3221092,9160,44.47023,7.29355,21629.6,-9.8,1.5,179.0,-56.1,1.0,-1.0,RS41,403.700,7.2,250,9,2.6,08:19:44,
2026-08-13T12:09:03.000Z,V3221092,9161,44.47021,7.29355,21619.7,-9.8,3.7,200.1,-56.1,1.0,-1.0,RS41,403.700,7.2,250,9,2.6,08:19:44,
2026-08-13T12:09:04.000Z,V3221092,9162,44.47017,7.29352,21609.7,-9.8,6.0,208.0,-56.0,1.1,-1.0,RS41,403.700,7.1,250,9,2.7,08:19:44,
2026-08-13T12:09:05.000Z,V3221092,9163,44.47012,7.29347,21599.6,-10.0,8.2,217.1,-56.1,1.1,-1.0,RS41,403.700,7.1,250,9,2.7,08:19:44,
2026-08-13T12:09:08.000Z,V3221092,9166,44.46992,7.29316,21569.6,-10.2,13.8,237.5,-56.2,1.1,-1.0,RS41,403.700,6.6,250,9,2.6,08:19:44,
2026-08-13T12:09:23.000Z,V3221092,9181,44.47035,7.29057,21421.5,-10.1,6.0,316.2,-55.7,1.0,-1.0,RS41,403.700,6.7,250,9,2.6,08:19:44,
2026-08-13T12:09:24.000Z,V3221092,9182,44.47038,7.29052,21411.6,-9.6,3.9,302.9,-55.6,1.0,-1.0,RS41,403.700,7.1,250,9,2.6,08:19:44,
2026-08-13T12:09:25.000Z,V3221092,9183,44.47039,7.29048,21401.9,-9.6,2.7,269.2,-55.7,1.0,-1.0,RS41,403.700,7.1,250,9,2.7,08:19:44,
2026-08-13T12:09:27.000Z,V3221092,9185,44.47035,7.29042,21382.7,-9.5,5.3,213.1,-55.6,1.0,-1.0,RS41,403.700,6.7,250,9,2.7,08:19:44,
2026-08-13T12:09:28.000Z,V3221092,9186,44.47030,7.29037,21373.1,-9.4,7.4,210.6,-55.6,1.0,-1.0,RS41,403.700,6.9,250,9,2.6,08:19:44,
2026-08-13T12:09:33.000Z,V3221092,9191,44.46988,7.28990,21325.7,-9.5,16.3,229.5,-55.6,1.0,-1.0,RS41,403.700,6.9,250,8,2.6,08:19:44,
2026-08-13T12:09:34.000Z,V3221092,9192,44.46978,7.28973,21316.1,-9.6,17.5,236.0,-55.6,1.0,-1.0,RS41,403.700,6.9,250,8,2.7,08:19:44,
2026-08-13T12:09:35.000Z,V3221092,9193,44.46970,7.28954,21306.5,-9.5,18.1,242.8,-55.5,1.0,-1.0,RS41,403.700,6.9,250,8,2.7,08:19:44,
2026-08-13T12:09:38.000Z,V3221092,9196,44.46956,7.28890,21278.4,-9.4,17.5,263.9,-55.4,0.9,-1.0,RS41,403.700,7.2,250,9,2.6,08:19:44,
2026-08-13T12:09:39.000Z,V3221092,9197,44.46956,7.28869,21269.0,-9.4,16.5,271.0,-55.4,0.9,-1.0,RS41,403.700,7.2,250,9,2.6,08:19:44,
2026-08-13T12:09:40.000Z,V3221092,9198,44.46957,7.28849,21259.5,-9.3,15.2,277.1,-55.4,0.9,-1.0,RS41,403.700,7.4,250,9,2.7,08:19:44,
2026-08-13T12:09:41.000Z,V3221092,9199,44.46959,7.28831,21249.9,-9.5,13.7,284.5,-55.5,1.0,-1.0,RS41,403.700,7.4,250,9,2.7,08:19:44,
2026-08-13T12:09:43.000Z,V3221092,9201,44.46966,7.28804,21230.4,-9.7,10.1,295.8,-55.6,1.0,-1.0,RS41,403.700,7.1,250,9,2.6,08:19:44,
2026-08-13T12:09:44.000Z,V3221092,9202,44.46970,7.28794,21220.8,-9.8,8.0,300.1,-55.7,1.0,-1.0,RS41,403.700,7.2,250,9,2.6,08:19:44,
2026-08-13T12:09:45.000Z,V3221092,9203,44.46973,7.28786,21210.8,-9.7,6.0,303.3,-55.7,1.0,-1.0,RS41,403.700,7.2,250,9,2.6,08:19:44,
2026-08-13T12:09:46.000Z,V3221092,9204,44.46975,7.28781,21201.2,-9.4,3.9,303.5,-55.7,1.0,-1.0,RS41,403.700,7.0,250,9,2.7,08:19:44,
2026-08-13T12:09:47.000Z,V3221092,9205,44.46977,7.28778,21191.8,-9.1,1.8,285.9,-55.7,1.0,-1.0,RS41,403.700,7.1,250,9,2.7,08:19:44,
2026-08-13T12:09:48.000Z,V3221092,9206,44.46976,7.28777,21182.6,-8.9,1.3,197.9,-55.7,1.1,-1.0,RS41,403.700,7.5,250,9,2.7,08:19:44,
2026-08-13T12:09:49.000Z,V3221092,9207,44.46974,7.28777,21173.6,-9.5,3.1,171.8,-55.7,1.0,-1.0,RS41,403.700,7.5,250,9,2.6,08:19:44,
2026-08-13T12:09:50.000Z,V3221092,9208,44.46971,7.28777,21164.0,-9.4,5.1,170.3,-55.8,1.1,-1.0,RS41,403.700,7.5,250,9,2.6,08:19:44,
2026-08-13T12:09:51.000Z,V3221092,9209,44.46965,7.28779,21154.8,-9.2,7.2,172.3,-56.0,1.1,-1.0,RS41,403.700,7.5,250,9,2.7,08:19:44,
2026-08-13T12:09:52.000Z,V3221092,9210,44.46958,7.28780,21145.3,-9.1,9.3,176.0,-55.9,1.1,-1.0,RS41,403.700,7.4,250,9,2.7,08:19:44,
2026-08-13T12:09:53.000Z,V3221092,9211,44.46949,7.28780,21136.2,-9.0,10.9,181.3,-55.8,1.1,-1.0,RS41,403.700,7.6,250,9,2.7,08:19:44,
2026-08-13T12:09:54.000Z,V3221092,9212,44.46939,7.28779,21127.0,-9.3,12.3,187.1,-55.7,1.1,-1.0,RS41,403.700,7.8,250,9,2.6,08:19:44,
2026-08-13T12:09:55.000Z,V3221092,9213,44.46927,7.28775,21118.0,-9.0,13.6,194.1,-55.7,1.1,-1.0,RS41,403.700,7.8,250,9,2.6,08:19:44,
2026-08-13T12:09:56.000Z,V3221092,9214,44.46915,7.28770,21108.8,-9.3,14.5,201.3,-55.7,1.0,-1.0,RS41,403.700,7.8,250,9,2.6,08:19:44,
2026-08-13T12:09:57.000Z,V3221092,9215,44.46903,7.28762,21099.4,-9.5,15.2,208.5,-55.6,1.0,-1.0,RS41-SG,403.700,7.2,250,9,2.7,08:19:44,
2026-08-13T12:09:58.000Z,V3221092,9216,44.46892,7.28752,21089.7,-9.7,15.3,215.2,-55.6,1.0,-1.0,RS41-SG,403.700,7.4,250,9,2.7,08:19:44,
2026-08-13T12:09:59.000Z,V3221092,9217,44.46881,7.28740,21079.9,-9.6,15.4,221.5,-55.5,1.0,-1.0,RS41-SG,403.700,7.4,250,9,2.7,08:19:44,
2026-08-13T12:10:00.000Z,V3221092,9218,44.46871,7.28727,21070.3,-9.8,15.0,228.1,-55.5,1.0,-1.0,RS41-SG,403.700,7.1,250,9,2.6,08:19:44,
2026-08-13T12:10:11.000Z,V3221092,9229,44.46866,7.28605,20969.9,-8.9,5.8,346.5,-55.4,1.0,-1.0,RS41-SG,403.700,7.1,250,9,2.6,08:19:44,
2026-08-13T12:10:13.000Z,V3221092,9231,44.46875,7.28606,20952.0,-8.8,4.7,30.9,-55.3,1.0,-1.0,RS41-SG,403.700,6.5,250,9,2.7,08:17:11,
2026-08-13T12:10:17.000Z,V3221092,9235,44.46878,7.28630,20916.6,-8.9,6.4,115.1,-55.5,1.0,-1.0,RS41-SG,403.700,6.4,250,9,2.6,08:17:11,
2026-08-13T12:10:19.000Z,V3221092,9237,44.46869,7.28643,20898.6,-9.0,7.7,147.4,-55.5,0.9,-1.0,RS41-SG,403.700,6.5,250,9,2.7,08:17:11,
2026-08-13T12:10:22.000Z,V3221092,9240,44.46847,7.28650,20871.4,-9.0,9.5,182.8,-55.4,1.0,-1.0,RS41-SG,403.700,7.0,250,9,2.6,08:17:11,
2026-08-13T12:10:24.000Z,V3221092,9242,44.46830,7.28644,20853.8,-8.7,10.2,202.4,-55.4,1.1,-1.0,RS41-SG,403.700,6.4,250,9,2.7,08:17:11,
2026-08-13T12:10:38.000Z,V3221092,9256,44.46825,7.28513,20731.0,-9.1,3.7,14.4,-54.5,0.9,-1.0,RS41-SG,403.700,7.0,250,9,2.6,08:17:11,
2026-08-13T12:10:39.000Z,V3221092,9257,44.46828,7.28515,20721.8,-8.9,3.3,53.2,-54.5,0.9,-1.0,RS41-SG,403.700,7.0,250,9,2.7,08:17:11,
2026-08-13T12:10:40.000Z,V3221092,9258,44.46829,7.28519,20712.8,-9.2,3.5,88.4,-54.6,1.0,-1.0,RS41-SG,403.700,6.9,250,9,2.7,08:17:11,
2026-08-13T12:10:41.000Z,V3221092,9259,44.46828,7.28524,20703.6,-9.0,4.6,116.9,-54.8,1.0,-1.0,RS41-SG,403.700,6.8,250,9,2.7,08:17:11,
2026-08-13T12:10:42.000Z,V3221092,9260,44.46825,7.28529,20694.6,-9.1,5.8,135.7,-54.9,1.0,-1.0,RS41-SG,403.700,6.8,250,9,2.6,08:17:11,
2026-08-13T12:10:43.000Z,V3221092,9261,44.46820,7.28534,20685.7,-8.9,7.0,150.7,-55.1,1.0,-1.0,RS41-SG,403.700,6.9,250,9,2.6,08:17:11,
2026-08-13T12:10:45.000Z,V3221092,9263,44.46806,7.28539,20667.8,-8.7,9.1,175.6,-55.2,1.0,-1.0,RS41-SG,403.700,7.2,250,9,2.7,08:17:11,
2026-08-13T12:10:57.000Z,V3221092,9275,44.46756,7.28422,20558.9,-8.9,9.0,303.1,-56.7,1.1,-1.0,RS41-SG,403.700,6.4,250,9,2.7,08:17:11,
2026-08-13T12:10:58.000Z,V3221092,9276,44.46761,7.28414,20550.0,-9.1,8.4,315.7,-56.8,1.1,-1.0,RS41-SG,403.700,7.3,250,9,2.6,08:17:11,
2026-08-13T12:10:59.000Z,V3221092,9277,44.46766,7.28408,20541.0,-8.8,7.6,331.3,-56.9,1.1,-1.0,RS41-SG,403.700,7.3,250,9,2.6,08:17:11,
2026-08-13T12:11:01.000Z,V3221092,9279,44.46778,7.28404,20523.4,-8.8,6.0,8.1,-56.8,1.2,-1.0,RS41-SG,403.700,7.5,250,9,2.7,08:17:11,
2026-08-13T12:11:02.000Z,V3221092,9280,44.46783,7.28407,20514.4,-8.6,5.6,30.6,-56.7,1.1,-1.0,RS41-SG,403.700,7.5,250,9,2.6,08:17:11,
2026-08-13T12:11:03.000Z,V3221092,9281,44.46786,7.28411,20505.2,-9.4,5.4,50.5,-56.6,1.1,-1.0,RS41-SG,403.700,7.3,250,9,2.6,08:17:11,
2026-08-13T12:11:04.000Z,V3221092,9282,44.46788,7.28417,20495.9,-9.3,5.4,73.1,-56.5,1.1,-1.0,RS41-SG,403.700,7.2,250,9,2.6,08:16:20,
2026-08-13T12:11:05.000Z,V3221092,9283,44.46789,7.28424,20486.7,-9.2,5.4,92.1,-56.5,1.1,-1.0,RS41-SG,403.700,7.5,250,9,2.7,08:16:20,
2026-08-13T12:11:06.000Z,V3221092,9284,44.46788,7.28430,20477.5,-9.1,5.5,111.7,-56.4,1.0,-1.0,RS41-SG,403.700,7.5,250,9,2.7,08:16:20,
2026-08-13T12:11:07.000Z,V3221092,9285,44.46786,7.28436,20468.1,-9.4,5.4,130.4,-56.4,1.1,-1.0,RS41-SG,403.700,7.8,250,9,2.6,08:16:20,
2026-08-13T12:11:09.000Z,V3221092,9287,44.46777,7.28443,20450.1,-9.1,6.0,167.1,-56.3,1.1,-1.0,RS41-SG,403.700,6.7,250,9,2.6,08:16:20,
2026-08-13T12:11:11.000Z,V3221092,9289,44.46765,7.28443,20432.2,-8.8,7.1,195.1,-56.3,1.1,-1.0,RS41-SG,403.700,7.0,250,9,2.7,08:16:20,
2026-08-13T12:11:26.000Z,V3221092,9304,44.46771,7.28264,20301.0,-9.0,9.9,325.7,-56.4,1.0,-1.0,RS41-SG,403.700,7.2,250,9,2.6,08:16:20,
2026-08-13T12:11:30.000Z,V3221092,9308,44.46794,7.28254,20265.8,-8.6,3.9,11.8,-57.1,1.2,-1.0,RS41-SG,403.700,7.0,250,9,2.7,08:16:20,
2026-08-13T12:11:31.000Z,V3221092,9309,44.46797,7.28255,20257.2,-8.8,2.8,35.6,-57.2,1.2,-1.0,RS41-SG,403.700,7.5,250,9,2.6,08:16:20,
2026-08-13T12:11:32.000Z,V3221092,9310,44.46798,7.28258,20248.5,-8.6,2.3,78.6,-57.2,1.1,-1.0,RS41-SG,403.700,7.5,250,9,2.6,08:16:20,
2026-08-13T12:11:33.000Z,V3221092,9311,44.46797,7.28261,20240.1,-8.3,2.9,116.5,-57.2,1.2,-1.0,RS41-SG,403.700,7.4,250,9,2.6,08:16:20,
2026-08-13T12:11:34.000Z,V3221092,9312,44.46795,7.28264,20231.6,-8.3,4.1,137.6,-57.2,1.1,-1.0,RS41-SG,403.700,7.1,250,9,2.6,08:16:20,
2026-08-13T12:11:35.000Z,V3221092,9313,44.46792,7.28268,20223.3,-8.2,5.4,148.4,-57.2,1.2,-1.0,RS41-SG,403.700,7.1,250,9,2.6,08:16:20,
2026-08-13T12:11:36.000Z,V3221092,9314,44.46787,7.28271,20215.1,-8.1,6.5,159.9,-57.1,1.2,-1.0,RS41-SG,403.700,7.7,250,9,2.6,08:16:20,
2026-08-13T12:11:37.000Z,V3221092,9315,44.46781,7.28273,20206.8,-8.2,7.6,169.9,-57.1,1.1,-1.0,RS41-SG,403.700,7.8,250,9,2.6,08:16:20,
2026-08-13T12:11:38.000Z,V3221092,9316,44.46774,7.28274,20198.6,-8.1,8.7,177.3,-57.0,1.2,-1.0,RS41-SG,403.700,7.8,250,9,2.7,08:16:20,
2026-08-13T12:11:39.000Z,V3221092,9317,44.46766,7.28274,20190.4,-8.2,9.6,186.1,-56.9,1.1,-1.0,RS41-SG,403.700,7.4,250,9,2.6,08:16:20,
2026-08-13T12:11:40.000Z,V3221092,9318,44.46757,7.28271,20182.2,-8.6,10.4,194.7,-56.9,1.2,-1.0,RS41-SG,403.700,7.0,250,9,2.6,08:16:20,
2026-08-13T12:11:42.000Z,V3221092,9320,44.46739,7.28261,20165.4,-8.2,11.2,210.9,-56.8,1.1,-1.0,RS41-SG,403.700,6.7,250,9,2.6,08:16:20,
2026-08-13T12:11:43.000Z,V3221092,9321,44.46731,7.28253,20157.2,-8.1,11.4,219.1,-56.8,1.1,-1.0,RS41-SG,403.700,6.8,250,9,2.6,08:16:20,
2026-08-13T12:12:00.000Z,V3221092,9338,44.46731,7.28170,20019.3,-8.4,6.4,118.7,-57.8,1.2,-1.0,RS41-SG,403.700,7.0,250,9,2.6,08:16:20,
2026-08-13T12:12:01.000Z,V3221092,9339,44.46728,7.28177,20011.1,-8.2,7.3,130.0,-57.8,1.2,-1.0,RS41-SG,403.700,7.3,250,9,2.6,08:16:20,
2026-08-13T12:12:02.000Z,V3221092,9340,44.46723,7.28183,20002.9,-8.2,8.0,139.8,-57.7,1.2,-1.0,RS41-SG,403.700,7.3,250,9,2.5,08:16:20,
2026-08-13T12:12:03.000Z,V3221092,9341,44.46717,7.28189,19994.7,-8.1,8.3,149.0,-57.7,1.2,-1.0,RS41-SG,403.700,7.2,250,9,2.6,08:16:20,
2026-08-13T12:12:04.000Z,V3221092,9342,44.46710,7.28194,19986.7,-7.8,8.8,158.7,-57.7,1.2,-1.0,RS41-SG,403.700,7.0,250,9,2.7,08:16:20,
2026-08-13T12:12:07.000Z,V3221092,9345,44.46686,7.28198,19963.2,-7.9,9.4,187.3,-57.8,1.2,-1.0,RS41-SG,403.700,6.9,250,9,2.6,08:16:20,
2026-08-13T12:12:08.000Z,V3221092,9346,44.46678,7.28195,19955.3,-7.8,9.6,196.9,-57.9,1.2,-1.0,RS41-SG,403.700,7.6,250,9,2.6,08:16:20,
2026-08-13T12:12:09.000Z,V3221092,9347,44.46669,7.28191,19947.4,-7.9,9.9,204.8,-58.0,1.2,-1.0,RS41-SG,403.700,7.6,250,9,2.7,08:16:20,
2026-08-13T12:12:10.000Z,V3221092,9348,44.46662,7.28185,19939.6,-7.6,10.1,213.8,-57.9,1.2,-1.0,RS41-SG,403.700,6.9,250,9,2.7,08:16:20,
2026-08-13T12:12:12.000Z,V3221092,9350,44.46648,7.28168,19924.2,-7.6,10.0,231.0,-58.1,1.2,-1.0,RS41-SG,403.700,6.7,250,9,2.6,08:16:20,
2026-08-13T12:12:13.000Z,V3221092,9351,44.46643,7.28158,19916.5,-7.7,9.9,240.2,-58.2,1.2,-1.0,RS41-SG,403.700,6.7,250,9,2.6,08:16:20,
2026-08-13T12:12:16.000Z,V3221092,9354,44.46636,7.28123,19893.5,-7.4,9.0,269.8,-58.2,1.2,-1.0,RS41-SG,403.700,6.7,250,9,2.7,08:16:20,
2026-08-13T12:12:17.000Z,V3221092,9355,44.46637,7.28113,19885.5,-7.9,8.5,280.5,-58.2,1.2,-1.0,RS41-SG,403.700,7.3,250,9,2.7,08:16:20,
2026-08-13T12:12:18.000Z,V3221092,9356,44.46639,7.28103,19877.6,-8.1,8.0,291.3,-58.2,1.2,-1.0,RS41-SG,403.700,7.3,250,9,2.6,08:16:20,
2026-08-13T12:12:19.000Z,V3221092,9357,44.46642,7.28094,19869.6,-8.1,7.4,304.6,-58.2,1.2,-1.0,RS41-SG,403.700,7.2,250,9,2.6,08:16:20,
2026-08-13T12:12:20.000Z,V3221092,9358,44.46646,7.28088,19861.6,-8.1,6.5,314.7,-58.1,1.2,-1.0,RS41-SG,403.700,7.2,250,9,2.5,08:16:20,
2026-08-13T12:12:21.000Z,V3221092,9359,44.46650,7.28083,19853.6,-7.7,5.7,329.4,-58.2,1.2,-1.0,RS41-SG,403.700,7.0,250,9,2.6,08:16:20,
2026-08-13T12:12:22.000Z,V3221092,9360,44.46655,7.28080,19845.8,-7.3,5.0,346.3,-58.2,1.2,-1.0,RS41-SG,403.700,6.9,250,9,2.7,08:16:20,
2026-08-13T12:12:23.000Z,V3221092,9361,44.46659,7.28080,19838.4,-7.5,4.3,5.3,-58.3,1.2,-1.0,RS41-SG,403.700,6.8,250,9,2.7,08:16:20,
2026-08-13T12:12:24.000Z,V3221092,9362,44.46662,7.28081,19830.8,-7.9,4.1,25.7,-58.2,1.2,-1.0,RS41-SG,403.700,7.0,250,9,2.6,08:16:20,
2026-08-13T12:12:25.000Z,V3221092,9363,44.46665,7.28084,19823.1,-7.8,4.1,51.5,-58.2,1.2,-1.0,RS41-SG,403.700,7.4,250,9,2.6,08:16:20,
2026-08-13T12:12:26.000Z,V3221092,9364,44.46667,7.28089,19815.2,-7.8,4.4,74.2,-58.2,1.3,-1.0,RS41-SG,403.700,7.4,250,9,2.5,08:16:20,
2026-08-13T12:12:27.000Z,V3221092,9365,44.46667,7.28095,19807.3,-7.6,5.2,91.8,-58.2,1.3,-1.0,RS41-SG,403.700,7.3,250,9,2.6,08:16:20,
2026-08-13T12:12:28.000Z,V3221092,9366,44.46666,7.28102,19799.7,-7.5,5.8,106.2,-58.2,1.3,-1.0,RS41-SG,403.700,7.7,250,9,2.6,08:16:20,
2026-08-13T12:12:29.000Z,V3221092,9367,44.46664,7.28109,19792.3,-7.5,6.5,118.7,-58.0,1.2,-1.0,RS41-SG,403.700,7.7,250,9,2.7,08:16:20,
2026-08-13T12:12:30.000Z,V3221092,9368,44.46661,7.28116,19784.8,-7.4,7.2,131.8,-58.0,1.2,-1.0,RS41-SG,403.700,7.1,250,9,2.6,08:16:20,
2026-08-13T12:12:31.000Z,V3221092,9369,44.46656,7.28122,19777.4,-7.5,7.7,142.3,-58.0,1.2,-1.0,RS41-SG,403.700,7.5,250,9,2.6,08:16:20,
2026-08-13T12:12:32.000Z,V3221092,9370,44.46650,7.28127,19769.9,-7.4,8.1,152.5,-57.9,1.2,-1.0,RS41-SG,403.700,7.6,250,9,2.5,08:16:20,
2026-08-13T12:12:33.000Z,V3221092,9371,44.46643,7.28131,19762.6,-7.3,8.6,163.3,-57.9,1.2,-1.0,RS41-SG,403.700,7.9,250,9,2.7,08:16:20,
2026-08-13T12:12:34.000Z,V3221092,9372,44.46635,7.28133,19755.1,-7.2,9.0,173.2,-57.9,1.2,-1.0,RS41-SG,403.700,7.9,250,9,2.7,08:16:20,
2026-08-13T12:12:35.000Z,V3221092,9373,44.46627,7.28134,19747.6,-7.7,9.4,184.1,-57.9,1.2,-1.0,RS41-SG,403.700,6.6,250,9,2.7,08:16:20,
2026-08-13T12:12:36.000Z,V3221092,9374,44.46619,7.28132,19739.8,-8.0,9.6,193.0,-57.9,1.2,-1.0,RS41-SG,403.700,6.7,250,9,2.6,08:16:20,
2026-08-13T12:12:47.000Z,V3221092,9385,44.46589,7.28041,19656.9,-7.5,6.8,311.2,-57.7,1.1,-1.0,RS41-SG,403.700,7.2,250,9,2.7,08:16:20,
2026-08-13T12:12:50.000Z,V3221092,9388,44.46602,7.28030,19634.1,-7.7,5.0,350.2,-57.6,1.1,-1.0,RS41-SG,403.700,6.4,250,9,2.5,08:16:20,
2026-08-13T12:12:56.000Z,V3221092,9394,44.46612,7.28049,19588.3,-7.6,5.4,117.0,-57.6,1.2,-1.0,RS41-SG,403.700,6.4,250,9,2.5,08:16:20,
2026-08-13T12:12:57.000Z,V3221092,9395,44.46609,7.28055,19580.8,-7.3,6.1,130.7,-57.6,1.2,-1.0,RS41-SG,403.700,7.0,250,9,2.6,08:16:20,
2026-08-13T12:12:58.000Z,V3221092,9396,44.46605,7.28061,19573.3,-7.3,7.1,140.4,-57.6,1.2,-1.0,RS41-SG,403.700,7.0,250,9,2.6,08:16:20,
2026-08-13T12:12:59.000Z,V3221092,9397,44.46599,7.28066,19566.1,-7.3,7.8,150.2,-57.5,1.2,-1.0,RS41-SG,403.700,7.0,250,9,2.7,08:16:20,
2026-08-13T12:13:01.000Z,V3221092,9399,44.46585,7.28073,19551.3,-7.4,9.3,167.2,-57.5,1.2,-1.0,RS41-SG,403.700,7.1,250,9,2.6,08:16:20,
2026-08-13T12:13:02.000Z,V3221092,9400,44.46576,7.28075,19544.0,-7.5,9.9,173.7,-57.3,1.2,-1.0,RS41-SG,403.700,7.0,250,9,2.6,08:16:20,
2026-08-13T12:13:03.000Z,V3221092,9401,44.46567,7.28076,19536.5,-7.0,10.5,182.3,-57.3,1.2,-1.0,RS41-SG,403.700,7.0,250,9,2.7,08:16:20,
2026-08-13T12:13:19.000Z,V3221092,9417,44.46513,7.27997,19416.1,-7.7,3.8,40.6,-57.7,1.2,-1.0,RS41-SG,403.700,6.5,250,9,2.5,08:16:20,
2026-08-13T12:13:21.000Z,V3221092,9419,44.46517,7.28006,19401.5,-6.9,5.2,68.9,-57.6,1.2,-1.0,RS41,403.700,7.1,250,9,2.6,08:16:20,
2026-08-13T12:13:22.000Z,V3221092,9420,44.46518,7.28013,19394.6,-6.8,6.1,79.8,-57.5,1.2,-1.0,RS41,403.700,6.7,250,9,2.6,08:16:20,
2026-08-13T12:13:23.000Z,V3221092,9421,44.46519,7.28021,19387.5,-7.2,7.0,88.5,-57.4,1.2,-1.0,RS41,403.700,6.7,250,9,2.6,08:16:20,
2026-08-13T12:13:24.000Z,V3221092,9422,44.46519,7.28030,19380.4,-7.3,7.8,95.5,-57.3,1.2,-1.0,RS41,403.700,7.2,250,9,2.6,08:16:20,
2026-08-13T12:13:25.000Z,V3221092,9423,44.46517,7.28040,19373.2,-7.4,8.6,102.5,-57.1,1.2,-1.0,RS41,403.700,7.3,250,9,2.5,08:16:20,
2026-08-13T12:13:26.000Z,V3221092,9424,44.46515,7.28051,19365.8,-7.5,9.2,108.8,-57.1,1.2,-1.0,RS41,403.700,7.3,250,9,2.5,08:16:20,
2026-08-13T12:13:27.000Z,V3221092,9425,44.46512,7.28062,19358.4,-7.1,9.6,114.5,-57.0,1.1,-1.0,RS41,403.700,7.3,250,9,2.6,08:16:20,
2026-08-13T12:13:28.000Z,V3221092,9426,44.46508,7.28073,19351.2,-7.1,9.6,121.3,-57.0,1.1,-1.0,RS41,403.700,7.5,250,9,2.6,08:16:20,
2026-08-13T12:13:29.000Z,V3221092,9427,44.46503,7.28082,19343.9,-7.2,9.4,128.0,-56.9,1.1,-1.0,RS41,403.700,7.7,250,9,2.7,08:16:20,
2026-08-13T12:13:30.000Z,V3221092,9428,44.46498,7.28091,19336.3,-7.4,9.5,134.5,-56.9,1.1,-1.0,RS41,403.700,7.9,250,9,2.6,08:16:20,
2026-08-13T12:13:31.000Z,V3221092,9429,44.46491,7.28099,19329.1,-7.3,9.4,141.1,-56.9,1.1,-1.0,RS41,403.700,7.9,250,9,2.5,08:16:20,
2026-08-13T12:13:32.000Z,V3221092,9430,44.46484,7.28106,19321.8,-7.3,9.3,147.9,-57.0,1.2,-1.0,RS41,403.700,7.3,250,9,2.5,08:16:20,
2026-08-13T12:13:33.000Z,V3221092,9431,44.46477,7.28111,19314.6,-7.1,9.2,154.9,-57.0,1.2,-1.0,RS41,403.700,7.3,250,9,2.6,08:16:20,
2026-08-13T12:13:34.000Z,V3221092,9432,44.46470,7.28116,19307.5,-7.0,8.9,161.6,-57.0,1.1,-1.0,RS41,403.700,7.2,250,9,2.6,08:16:20,
2026-08-13T12:13:35.000Z,V3221092,9433,44.46462,7.28118,19300.3,-7.0,8.9,169.2,-57.1,1.1,-1.0,RS41,403.700,7.4,250,9,2.7,08:16:20,
2026-08-13T12:13:36.000Z,V3221092,9434,44.46454,7.28120,19293.2,-7.2,8.6,176.1,-57.2,1.2,-1.0,RS41,403.700,7.8,250,9,2.6,08:16:20,
2026-08-13T12:13:37.000Z,V3221092,9435,44.46446,7.28120,19286.0,-7.3,8.5,183.6,-57.4,1.2,-1.0,RS41,403.700,7.8,250,9,2.6,08:13:47,
2026-08-13T12:13:38.000Z,V3221092,9436,44.46439,7.28118,19278.8,-7.1,8.5,191.0,-57.4,1.2,-1.0,RS41,403.700,7.2,250,9,2.6,08:13:47,
2026-08-13T12:13:43.000Z,V3221092,9441,44.46408,7.28093,19242.8,-7.1,7.8,231.5,-57.9,1.2,-1.0,RS41,403.700,7.1,250,9,2.6,08:13:47,
2026-08-13T12:13:44.000Z,V3221092,9442,44.46404,7.28085,19235.4,-7.2,7.6,239.5,-58.0,1.3,-1.0,RS41,403.700,7.1,250,9,2.5,08:13:47,
2026-08-13T12:13:47.000Z,V3221092,9445,44.46398,7.28059,19213.4,-7.2,6.8,266.9,-58.0,1.2,-1.0,RS41,403.700,6.9,250,9,2.7,08:13:47,
2026-08-13T12:13:48.000Z,V3221092,9446,44.46398,7.28051,19206.2,-7.2,6.4,275.8,-58.1,1.2,-1.0,RS41,403.700,7.0,250,9,2.6,08:13:47,
2026-08-13T12:13:49.000Z,V3221092,9447,44.46399,7.28044,19199.2,-7.0,6.0,285.0,-58.1,1.2,-1.0,RS41,403.700,7.2,250,9,2.5,08:13:47,
2026-08-13T12:13:50.000Z,V3221092,9448,44.46401,7.28037,19192.2,-7.1,5.5,296.5,-58.1,1.2,-1.0,RS41,403.700,7.8,250,9,2.5,08:13:47,
2026-08-13T12:13:51.000Z,V3221092,9449,44.46404,7.28031,19185.0,-7.0,5.1,308.0,-58.1,1.3,-1.0,RS41,403.700,7.8,250,9,2.6,08:13:47,
2026-08-13T12:13:52.000Z,V3221092,9450,44.46407,7.28027,19178.0,-6.8,4.9,321.2,-58.1,1.3,-1.0,RS41,403.700,7.6,250,9,2.6,08:13:47,
2026-08-13T12:13:53.000Z,V3221092,9451,44.46411,7.28024,19171.2,-7.0,4.7,336.5,-58.2,1.3,-1.0,RS41,403.700,7.5,250,9,2.6,08:13:47,
2026-08-13T12:13:54.000Z,V3221092,9452,44.46415,7.28022,19164.1,-7.2,4.7,352.1,-58.3,1.3,-1.0,RS41,403.700,8.4,250,9,2.6,08:13:47,
2026-08-13T12:13:55.000Z,V3221092,9453,44.46419,7.28022,19157.0,-7.3,4.7,5.0,-58.2,1.3,-1.0,RS41,403.700,8.4,250,9,2.5,08:13:47,
2026-08-13T12:13:56.000Z,V3221092,9454,44.46423,7.28024,19149.8,-7.1,4.7,21.4,-58.2,1.3,-1.0,RS41,403.700,8.1,250,9,2.5,08:13:47,
2026-08-13T12:13:57.000Z,V3221092,9455,44.46426,7.28026,19142.4,-7.0,4.7,36.5,-58.2,1.3,-1.0,RS41,403.700,7.8,250,9,2.6,08:13:47,
2026-08-13T12:13:58.000Z,V3221092,9456,44.46429,7.28031,19135.4,-6.8,4.7,53.2,-58.2,1.3,-1.0,RS41,403.700,7.8,250,9,2.6,08:13:47,
2026-08-13T12:13:59.000Z,V3221092,9457,44.46431,7.28036,19128.4,-7.0,4.8,71.8,-58.2,1.3,-1.0,RS41,403.700,7.9,250,9,2.6,08:13:47,
2026-08-13T12:14:00.000Z,V3221092,9458,44.46432,7.28042,19121.3,-7.3,5.2,87.7,-58.1,1.3,-1.0,RS41,403.700,8.2,250,9,2.6,08:13:47,
2026-08-13T12:14:01.000Z,V3221092,9459,44.46431,7.28049,19114.0,-7.3,5.8,102.0,-58.1,1.2,-1.0,RS41,403.700,8.3,250,9,2.5,08:13:47,
2026-08-13T12:14:02.000Z,V3221092,9460,44.46430,7.28056,19106.8,-7.3,6.4,114.5,-58.0,1.3,-1.0,RS41,403.700,8.3,250,9,2.5,08:13:47,
2026-08-13T12:14:03.000Z,V3221092,9461,44.46427,7.28063,19099.5,-7.0,7.1,127.1,-58.0,1.3,-1.0,RS41,403.700,8.1,250,9,2.6,08:13:47,
2026-08-13T12:14:04.000Z,V3221092,9462,44.46422,7.28070,19092.4,-7.1,7.4,137.4,-58.0,1.3,-1.0,RS41,403.700,8.2,250,9,2.6,08:13:47,
2026-08-13T12:14:05.000Z,V3221092,9463,44.46417,7.28075,19085.2,-7.0,7.8,147.7,-58.0,1.3,-1.0,RS41,403.700,8.5,250,9,2.6,08:13:47,
2026-08-13T12:14:06.000Z,V3221092,9464,44.46410,7.28080,19078.2,-7.2,8.3,157.4,-58.0,1.3,-1.0,RS41,403.700,8.5,250,9,2.5,08:13:47,
2026-08-13T12:14:07.000Z,V3221092,9465,44.46403,7.28083,19071.0,-7.2,8.7,168.3,-57.9,1.3,-1.0,RS41,403.700,8.8,250,9,2.6,08:13:47,
2026-08-13T12:14:08.000Z,V3221092,9466,44.46395,7.28084,19064.0,-6.9,9.0,178.3,-58.0,1.3,-1.0,RS41,403.700,8.8,250,9,2.6,08:13:47,
2026-08-13T12:14:09.000Z,V3221092,9467,44.46387,7.28084,19056.8,-7.3,9.2,188.0,-58.0,1.3,-1.0,RS41,403.700,8.6,250,9,2.6,08:13:47,
2026-08-13T12:14:10.000Z,V3221092,9468,44.46379,7.28081,19049.7,-7.2,9.7,197.3,-57.9,1.3,-1.0,RS41,403.700,8.6,250,9,2.5,08:13:47,
2026-08-13T12:14:11.000Z,V3221092,9469,44.46371,7.28077,19042.4,-7.1,9.8,206.7,-57.8,1.3,-1.0,RS41,403.700,8.4,250,9,2.6,08:13:47,
2026-08-13T12:14:12.000Z,V3221092,9470,44.46363,7.28070,19035.5,-7.0,9.7,216.2,-57.8,1.2,-1.0,RS41-SG,403.700,8.4,250,9,2.6,08:13:47,
2026-08-13T12:14:13.000Z,V3221092,9471,44.46357,7.28062,19028.4,-7.1,9.6,226.2,-57.7,1.2,-1.0,RS41-SG,403.700,8.0,250,9,2.6,08:13:47,
2026-08-13T12:14:14.000Z,V3221092,9472,44.46352,7.28053,19021.2,-7.3,9.0,236.6,-57.7,1.2,-1.0,RS41-SG,403.700,7.8,250,9,2.6,08:13:47,
2026-08-13T12:14:15.000Z,V3221092,9473,44.46348,7.28044,19013.9,-7.4,8.6,246.4,-57.7,1.2,-1.0,RS41-SG,403.700,7.8,250,9,2.6,08:13:47,
2026-08-13T12:14:16.000Z,V3221092,9474,44.46346,7.28034,19006.5,-7.4,7.9,256.9,-57.8,1.2,-1.0,RS41-SG,403.700,7.7,250,9,2.6,08:13:47,
2026-08-13T12:14:17.000Z,V3221092,9475,44.46345,7.28025,18999.1,-7.4,6.9,267.1,-57.8,1.2,-1.0,RS41-SG,403.700,7.7,250,9,2.5,08:13:47,
2026-08-13T12:14:18.000Z,V3221092,9476,44.46345,7.28017,18991.6,-7.7,5.7,278.2,-57.8,1.2,-1.0,RS41-SG,403.700,7.7,250,9,2.5,08:13:47,
2026-08-13T12:14:19.000Z,V3221092,9477,44.46346,7.28011,18984.0,-7.5,4.6,291.9,-57.9,1.2,-1.0,RS41-SG,403.700,7.4,250,9,2.5,08:13:47,
2026-08-13T12:14:20.000Z,V3221092,9478,44.46348,7.28007,18976.3,-7.5,3.4,310.5,-57.9,1.2,-1.0,RS41-SG,403.700,7.4,250,9,2.6,08:13:47,
2026-08-13T12:14:21.000Z,V3221092,9479,44.46350,7.28005,18968.9,-7.4,2.5,339.0,-58.1,1.3,-1.0,RS41-SG,403.700,7.3,250,9,2.6,08:13:47,
2026-08-13T12:14:22.000Z,V3221092,9480,44.46352,7.28005,18961.5,-7.5,2.2,19.9,-58.2,1.3,-1.0,RS41-SG,403.700,8.1,250,9,2.6,08:13:47,
2026-08-13T12:14:23.000Z,V3221092,9481,44.46354,7.28007,18954.2,-7.4,2.9,51.6,-58.1,1.3,-1.0,RS41-SG,403.700,8.1,250,9,2.5,08:13:47,
2026-08-13T12:14:24.000Z,V3221092,9482,44.46355,7.28010,18946.9,-7.2,4.0,76.4,-58.2,1.4,-1.0,RS41-SG,403.700,7.6,250,9,2.5,08:13:47,
2026-08-13T12:14:25.000Z,V3221092,9483,44.46355,7.28016,18939.8,-7.3,5.0,91.7,-58.3,1.4,-1.0,RS41-SG,403.700,8.5,250,9,2.5,08:13:47,
2026-08-13T12:14:26.000Z,V3221092,9484,44.46354,7.28023,18932.7,-6.9,6.2,101.7,-58.3,1.3,-1.0,RS41-SG,403.700,8.5,250,9,2.6,08:13:47,
2026-08-13T12:14:27.000Z,V3221092,9485,44.46353,7.28031,18925.5,-6.8,7.3,108.8,-58.3,1.4,-1.0,RS41-SG,403.700,8.2,250,9,2.6,08:13:47,
2026-08-13T12:14:28.000Z,V3221092,9486,44.46350,7.28040,18918.7,-6.9,8.6,117.1,-58.2,1.3,-1.0,RS41-SG,403.700,8.2,250,9,2.6,08:12:56,
2026-08-13T12:14:29.000Z,V3221092,9487,44.46346,7.28050,18912.0,-7.2,9.6,122.8,-58.1,1.4,-1.0,RS41-SG,403.700,7.4,250,9,2.5,08:12:56,
2026-08-13T12:14:30.000Z,V3221092,9488,44.46340,7.28060,18905.0,-6.9,10.4,129.1,-58.1,1.3,-1.0,RS41-SG,403.700,7.6,250,9,2.5,08:12:56,
2026-08-13T12:14:31.000Z,V3221092,9489,44.46334,7.28070,18898.2,-7.0,11.2,135.2,-58.1,1.4,-1.0,RS41-SG,403.700,7.6,250,9,2.5,08:12:56,
2026-08-13T12:14:32.000Z,V3221092,9490,44.46326,7.28080,18891.2,-6.8,11.7,141.8,-58.1,1.3,-1.0,RS41-SG,403.700,8.0,250,9,2.6,08:12:56,
2026-08-13T12:14:33.000Z,V3221092,9491,44.46318,7.28088,18884.2,-7.1,11.9,147.9,-58.1,1.3,-1.0,RS41-SG,403.700,8.0,250,9,2.6,08:12:56,
2026-08-13T12:14:34.000Z,V3221092,9492,44.46308,7.28095,18877.1,-7.0,11.8,154.5,-58.2,1.3,-1.0,RS41-SG,403.700,8.0,250,9,2.7,08:12:56,
2026-08-13T12:14:35.000Z,V3221092,9493,44.46299,7.28101,18870.0,-7.2,11.5,161.0,-58.2,1.3,-1.0,RS41-SG,403.700,7.7,250,9,2.6,08:12:56,
2026-08-13T12:14:36.000Z,V3221092,9494,44.46289,7.28104,18863.0,-7.3,10.9,168.1,-58.2,1.2,-1.0,RS41-SG,403.700,8.0,250,9,2.5,08:12:56,
2026-08-13T12:14:37.000Z,V3221092,9495,44.46279,7.28106,18855.8,-7.1,10.2,175.0,-58.2,1.3,-1.0,RS41-SG,403.700,8.0,250,9,2.5,08:12:56,
2026-08-13T12:14:38.000Z,V3221092,9496,44.46271,7.28107,18848.6,-7.2,9.4,182.6,-58.2,1.3,-1.0,RS41-SG,403.700,7.8,250,9,2.6,08:12:56,
2026-08-13T12:14:39.000Z,V3221092,9497,44.46263,7.28105,18841.3,-7.3,8.5,189.7,-58.2,1.3,-1.0,RS41-SG,403.700,7.8,250,9,2.6,08:12:56,
2026-08-13T12:14:40.000Z,V3221092,9498,44.46256,7.28103,18834.0,-7.4,7.6,196.4,-58.3,1.3,-1.0,RS41-SG,403.700,7.5,250,9,2.6,08:12:56,
2026-08-13T12:14:41.000Z,V3221092,9499,44.46250,7.28100,18826.8,-7.2,6.6,201.9,-58.3,1.3,-1.0,RS41-SG,403.700,7.5,250,9,2.6,08:12:56,
2026-08-13T12:14:42.000Z,V3221092,9500,44.46245,7.28097,18819.8,-7.1,5.6,208.4,-58.3,1.3,-1.0,RS41-SG,403.700,7.4,250,9,2.5,08:12:56,
2026-08-13T12:14:43.000Z,V3221092,9501,44.46241,7.28094,18812.8,-6.8,4.6,214.6,-58.3,1.4,-1.0,RS41-SG,403.700,7.0,250,9,2.5,08:12:56,
2026-08-13T12:14:44.000Z,V3221092,9502,44.46238,7.28091,18806.0,-6.8,3.7,221.3,-58.4,1.4,-1.0,RS41-SG,403.700,7.3,250,9,2.6,08:12:56,
2026-08-13T12:14:45.000Z,V3221092,9503,44.46236,7.28088,18799.1,-6.5,3.0,233.0,-58.3,1.4,-1.0,RS41-SG,403.700,7.3,250,9,2.6,08:12:56,
2026-08-13T12:14:46.000Z,V3221092,9504,44.46235,7.28085,18792.5,-6.7,2.3,246.3,-58.4,1.4,-1.0,RS41-SG,403.700,7.5,250,9,2.6,08:12:56,
2026-08-13T12:14:47.000Z,V3221092,9505,44.46234,7.28082,18785.8,-6.9,1.9,263.7,-58.4,1.3,-1.0,RS41-SG,403.700,7.5,250,9,2.5,08:12:56,
2026-08-13T12:14:48.000Z,V3221092,9506,44.46234,7.28080,18779.0,-6.9,1.9,285.9,-58.3,1.4,-1.0,RS41-SG,403.700,7.5,250,9,2.5,08:12:56,
2026-08-13T12:14:49.000Z,V3221092,9507,44.46235,7.28078,18772.5,-6.4,2.0,309.5,-58.3,1.4,-1.0,RS41-SG,403.700,7.2,250,9,2.5,08:12:56,
2026-08-13T12:14:50.000Z,V3221092,9508,44.46237,7.28076,18765.9,-6.4,2.3,323.7,-58.3,1.3,-1.0,RS41-SG,403.700,7.2,250,9,2.6,08:12:56,
2026-08-13T12:14:51.000Z,V3221092,9509,44.46239,7.28075,18759.3,-6.5,2.8,337.5,-58.2,1.3,-1.0,RS41-SG,403.700,7.2,250,9,2.6,08:12:56,
2026-08-13T12:14:52.000Z,V3221092,9510,44.46241,7.28074,18752.6,-6.8,3.2,349.6,-58.2,1.3,-1.0,RS41-SG,403.700,7.3,250,9,2.5,08:12:56,
2026-08-13T12:14:53.000Z,V3221092,9511,44.46244,7.28073,18745.8,-6.8,3.8,0.2,-58.3,1.3,-1.0,RS41-SG,403.700,7.7,250,9,2.5,08:12:56,
2026-08-13T12:14:54.000Z,V3221092,9512,44.46248,7.28074,18738.9,-7.1,4.4,8.4,-58.3,1.3,-1.0,RS41-SG,403.700,7.7,250,9,2.6,08:12:56,
2026-08-13T12:14:55.000Z,V3221092,9513,44.46252,7.28075,18731.8,-6.9,5.2,15.1,-58.4,1.3,-1.0,RS41-SG,403.700,7.6,250,9,2.6,08:12:56,
2026-08-13T12:14:56.000Z,V3221092,9514,44.46257,7.28077,18725.1,-6.8,5.9,21.6,-58.4,1.3,-1.0,RS41-SG,403.700,7.8,250,9,2.5,08:12:56,
2026-08-13T12:14:57.000Z,V3221092,9515,44.46262,7.28081,18718.3,-6.9,6.6,28.2,-58.4,1.3,-1.0,RS41-SG,403.700,8.1,250,9,2.5,08:12:56,
2026-08-13T12:14:58.000Z,V3221092,9516,44.46267,7.28085,18711.4,-6.8,7.2,33.9,-58.4,1.3,-1.0,RS41-SG,403.700,8.1,250,9,2.6,08:12:56,
2026-08-13T12:14:59.000Z,V3221092,9517,44.46273,7.28091,18704.5,-6.8,7.5,37.3,-58.4,1.3,-1.0,RS41-SG,403.700,8.1,250,9,2.6,08:12:56,
2026-08-13T12:15:00.000Z,V3221092,9518,44.46278,7.28097,18697.7,-6.8,7.9,44.0,-58.3,1.3,-1.0,RS41-SG,403.700,8.1,250,9,2.5,08:12:56,
2026-08-13T12:15:01.000Z,V3221092,9519,44.46283,7.28104,18691.4,-6.6,8.2,50.2,-58.1,1.3,-1.0,RS41-SG,403.700,8.0,250,9,2.5,08:12:56,
2026-08-13T12:15:02.000Z,V3221092,9520,44.46287,7.28113,18684.7,-6.5,8.6,57.9,-57.9,1.3,-1.0,RS41-SG,403.700,8.2,250,9,2.5,08:12:56,
2026-08-13T12:15:03.000Z,V3221092,9521,44.46291,7.28122,18678.1,-6.6,8.9,66.5,-57.7,1.3,-1.0,RS41-SG,403.700,8.3,250,9,2.6,08:12:56,
2026-08-13T12:15:04.000Z,V3221092,9522,44.46294,7.28133,18671.3,-6.5,9.4,75.4,-57.6,1.3,-1.0,RS41-SG,403.700,8.6,250,9,2.6,08:12:56,
2026-08-13T12:15:05.000Z,V3221092,9523,44.46295,7.28145,18664.7,-7.0,9.3,82.3,-57.6,1.2,-1.0,RS41-SG,403.700,8.6,250,9,2.6,08:12:56,
2026-08-13T12:15:06.000Z,V3221092,9524,44.46296,7.28156,18657.9,-7.0,9.2,90.1,-57.6,1.2,-1.0,RS41-SG,403.700,8.3,250,9,2.5,08:12:56,
2026-08-13T12:15:07.000Z,V3221092,9525,44.46295,7.28167,18651.2,-6.7,8.8,98.3,-57.6,1.3,-1.0,RS41-SG,403.700,8.2,250,9,2.5,08:12:56,
2026-08-13T12:15:08.000Z,V3221092,9526,44.46293,7.28178,18644.4,-6.9,8.3,106.4,-57.6,1.3,-1.0,RS41-SG,403.700,8.5,250,9,2.5,08:12:56,
2026-08-13T12:15:09.000Z,V3221092,9527,44.46291,7.28187,18637.3,-6.8,7.7,114.0,-57.6,1.3,-1.0,RS41-SG,403.700,8.5,250,9,2.6,08:12:56,
2026-08-13T12:15:10.000Z,V3221092,9528,44.46288,7.28195,18630.5,-6.7,6.9,123.4,-57.6,1.3,-1.0,RS41-SG,403.700,8.3,250,9,2.6,08:12:56,
2026-08-13T12:15:11.000Z,V3221092,9529,44.46284,7.28202,18623.9,-6.8,6.2,133.7,-57.6,1.3,-1.0,RS41-SG,403.700,8.3,250,9,2.6,08:12:56,
2026-08-13T12:15:12.000Z,V3221092,9530,44.46280,7.28206,18617.1,-7.1,5.6,147.7,-57.6,1.3,-1.0,RS41-SG,403.700,8.3,250,9,2.5,08:12:56,
2026-08-13T12:15:13.000Z,V3221092,9531,44.46276,7.28209,18610.3,-6.8,5.1,162.1,-57.7,1.3,-1.0,RS41-SG,403.700,7.7,250,9,2.5,08:12:56,
2026-08-13T12:15:14.000Z,V3221092,9532,44.46272,7.28210,18603.3,-7.1,4.7,175.4,-57.8,1.3,-1.0,RS41-SG,403.700,7.1,250,9,2.5,08:12:56,
2026-08-13T12:15:15.000Z,V3221092,9533,44.46268,7.28210,18596.4,-6.7,4.4,189.8,-57.8,1.3,-1.0,RS41-SG,403.700,7.4,250,9,2.6,08:12:56,
2026-08-13T12:15:16.000Z,V3221092,9534,44.46264,7.28209,18589.6,-6.5,4.1,204.5,-57.9,1.3,-1.0,RS41-SG,403.700,7.4,250,9,2.6,08:12:56,
2026-08-13T12:15:17.000Z,V3221092,9535,44.46261,7.28206,18583.3,-6.4,3.9,219.5,-58.0,1.3,-1.0,RS41-SG,403.700,7.3,250,9,2.6,08:12:56,
2026-08-13T12:15:18.000Z,V3221092,9536,44.46259,7.28202,18576.8,-6.6,3.8,232.8,-58.1,1.3,-1.0,RS41-SG,403.700,7.7,250,9,2.5,08:12:56,
2026-08-13T12:15:19.000Z,V3221092,9537,44.46257,7.28198,18570.1,-6.7,4.1,246.9,-58.2,1.3,-1.0,RS41-SG,403.700,7.9,250,9,2.5,08:12:05,
2026-08-13T12:15:20.000Z,V3221092,9538,44.46256,7.28193,18563.6,-6.4,4.3,261.4,-58.1,1.3,-1.0,RS41-SG,403.700,7.9,250,9,2.5,08:12:05,
2026-08-13T12:15:21.000Z,V3221092,9539,44.46256,7.28187,18556.9,-6.4,4.9,273.7,-58.1,1.3,-1.0,RS41-SG,403.700,7.6,250,9,2.6,08:12:05,
2026-08-13T12:15:22.000Z,V3221092,9540,44.46257,7.28181,18550.5,-6.4,5.4,283.9,-58.2,1.3,-1.0,RS41-SG,403.700,7.6,250,9,2.6,08:12:05,
2026-08-13T12:15:23.000Z,V3221092,9541,44.46258,7.28174,18543.8,-6.7,6.0,292.0,-58.2,1.3,-1.0,RS41-SG,403.700,7.6,250,9,2.5,08:12:05,
2026-08-13T12:15:24.000Z,V3221092,9542,44.46261,7.28167,18537.1,-7.0,6.6,300.7,-58.2,1.4,-1.0,RS41-SG,403.700,7.9,250,9,2.5,08:12:05,
2026-08-13T12:15:25.000Z,V3221092,9543,44.46264,7.28160,18530.2,-6.8,7.0,308.2,-58.2,1.3,-1.0,RS41-SG,403.700,7.9,250,9,2.6,08:12:05,
2026-08-13T12:15:26.000Z,V3221092,9544,44.46268,7.28154,18523.6,-6.6,7.3,316.4,-58.3,1.3,-1.0,RS41-SG,403.700,7.7,250,9,2.6,08:12:05,
2026-08-13T12:15:27.000Z,V3221092,9545,44.46274,7.28148,18517.0,-6.7,7.5,324.5,-58.2,1.3,-1.0,RS41-SG,403.700,7.6,250,9,2.5,08:12:05,
2026-08-13T12:15:28.000Z,V3221092,9546,44.46279,7.28143,18510.2,-6.7,7.6,332.4,-58.2,1.3,-1.0,RS41-SG,403.700,7.4,250,9,2.5,08:12:05,
2026-08-13T12:15:29.000Z,V3221092,9547,44.46285,7.28139,18503.7,-6.6,7.3,341.1,-58.2,1.3,-1.0,RS41-SG,403.700,7.3,250,9,2.6,08:12:05,
2026-08-13T12:15:30.000Z,V3221092,9548,44.46292,7.28137,18497.3,-6.5,7.1,353.2,-58.1,1.3,-1.0,RS41-SG,403.700,7.4,250,9,2.6,08:12:05,
2026-08-13T12:15:31.000Z,V3221092,9549,44.46298,7.28137,18490.8,-6.6,6.9,4.0,-58.0,1.3,-1.0,RS41-SG,403.700,7.8,250,9,2.5,08:12:05,
2026-08-13T12:15:32.000Z,V3221092,9550,44.46304,7.28138,18484.4,-6.6,6.8,15.4,-57.9,1.3,-1.0,RS41-SG,403.700,7.8,250,9,2.5,08:12:05,
2026-08-13T12:15:33.000Z,V3221092,9551,44.46310,7.28142,18477.8,-6.6,6.7,26.6,-57.9,1.3,-1.0,RS41-SG,403.700,7.8,250,9,2.5,08:12:05,
2026-08-13T12:15:34.000Z,V3221092,9552,44.46315,7.28146,18471.1,-6.7,6.5,37.8,-57.8,1.2,-1.0,RS41-SG,403.700,8.1,250,9,2.6,08:12:05,
2026-08-13T12:15:35.000Z,V3221092,9553,44.46319,7.28151,18464.1,-6.8,6.2,49.6,-57.7,1.2,-1.0,RS41-SG,403.700,8.1,250,9,2.6,08:12:05,
2026-08-13T12:15:36.000Z,V3221092,9554,44.46322,7.28157,18457.4,-6.8,5.9,57.3,-57.6,1.2,-1.0,RS41-SG,403.700,8.1,250,9,2.6,08:12:05,
2026-08-13T12:15:37.000Z,V3221092,9555,44.46324,7.28164,18450.7,-6.7,5.4,67.9,-57.6,1.2,-1.0,RS41-SG,403.700,8.0,250,9,2.5,08:12:05,
2026-08-13T12:15:38.000Z,V3221092,9556,44.46326,7.28170,18444.0,-7.0,4.9,77.1,-57.6,1.3,-1.0,RS41-SG,403.700,8.5,250,9,2.5,08:12:05,
2026-08-13T12:15:39.000Z,V3221092,9557,44.46326,7.28176,18437.3,-6.7,4.7,87.5,-57.7,1.3,-1.0,RS41-SG,403.700,8.5,250,9,2.5,08:12:05,
2026-08-13T12:15:40.000Z,V3221092,9558,44.46326,7.28181,18430.8,-6.3,4.3,98.2,-57.7,1.3,-1.0,RS41-SG,403.700,8.1,250,9,2.6,08:12:05,
2026-08-13T12:15:41.000Z,V3221092,9559,44.46325,7.28186,18424.2,-6.4,4.2,110.7,-57.8,1.3,-1.0,RS41-SG,403.700,8.4,250,9,2.6,08:12:05,
2026-08-13T12:15:42.000Z,V3221092,9560,44.46323,7.28191,18417.6,-6.7,4.2,122.1,-57.8,1.3,-1.0,RS41-SG,403.700,8.4,250,9,2.6,08:12:05,
2026-08-13T12:15:43.000Z,V3221092,9561,44.46321,7.28195,18410.9,-6.7,4.4,132.8,-57.8,1.3,-1.0,RS41-SG,403.700,8.0,250,9,2.5,08:12:05,
2026-08-13T12:15:44.000Z,V3221092,9562,44.46318,7.28199,18404.3,-6.7,4.5,140.9,-57.8,1.4,-1.0,RS41-SG,403.700,7.9,250,9,2.5,08:12:05,
2026-08-13T12:15:45.000Z,V3221092,9563,44.46315,7.28202,18397.7,-6.7,4.7,148.9,-58.0,1.3,-1.0,RS41-SG,403.700,8.2,250,9,2.5,08:12:05,
2026-08-13T12:15:46.000Z,V3221092,9564,44.46311,7.28205,18391.0,-6.4,5.0,154.5,-58.1,1.4,-1.0,RS41-SG,403.700,8.5,250,9,2.6,08:12:05,
2026-08-13T12:15:47.000Z,V3221092,9565,44.46307,7.28208,18384.4,-6.4,5.2,160.3,-58.4,1.4,-1.0,RS41-SG,403.700,8.5,250,9,2.6,08:12:05,
2026-08-13T12:15:48.000Z,V3221092,9566,44.46302,7.28210,18377.9,-6.6,5.6,165.1,-58.5,1.4,-1.0,RS41-SG,403.700,8.0,250,9,2.5,08:12:05,
2026-08-13T12:15:49.000Z,V3221092,9567,44.46297,7.28211,18371.5,-6.6,5.7,171.2,-58.5,1.4,-1.0,RS41-SG,403.700,7.9,250,9,2.5,08:12:05,
2026-08-13T12:15:50.000Z,V3221092,9568,44.46292,7.28212,18364.9,-6.5,6.1,176.3,-58.5,1.4,-1.0,RS41-SG,403.700,7.6,250,9,2.6,08:12:05,
2026-08-13T12:15:51.000Z,V3221092,9569,44.46286,7.28212,18358.4,-6.5,6.3,181.0,-58.5,1.4,-1.0,RS41-SG,403.700,7.8,250,9,2.6,08:12:05,
2026-08-13T12:15:52.000Z,V3221092,9570,44.46280,7.28212,18352.1,-6.4,6.6,186.6,-58.4,1.4,-1.0,RS41-SG,403.700,7.8,250,9,2.5,08:12:05,
2026-08-13T12:15:53.000Z,V3221092,9571,44.46275,7.28210,18345.6,-6.9,6.6,191.0,-58.4,1.4,-1.0,RS41-SG,403.700,7.4,250,9,2.5,08:12:05,
2026-08-13T12:15:54.000Z,V3221092,9572,44.46269,7.28208,18338.9,-6.3,6.7,198.0,-58.4,1.4,-1.0,RS41-SG,403.700,7.3,250,9,2.5,08:12:05,
2026-08-13T12:15:55.000Z,V3221092,9573,44.46263,7.28205,18332.7,-6.3,6.6,204.5,-58.4,1.4,-1.0,RS41-SG,403.700,7.1,250,9,2.6,08:12:05,
2026-08-13T12:15:56.000Z,V3221092,9574,44.46258,7.28201,18326.4,-6.1,6.8,213.3,-58.3,1.3,-1.0,RS41-SG,403.700,7.1,250,9,2.6,08:12:05,
2026-08-13T12:15:57.000Z,V3221092,9575,44.46253,7.28196,18320.1,-6.6,6.9,220.0,-58.3,1.3,-1.0,RS41-SG,403.700,7.0,250,9,2.6,08:12:05,
2026-08-13T12:15:58.000Z,V3221092,9576,44.46249,7.28190,18313.7,-6.2,7.2,230.0,-58.2,1.3,-1.0,RS41-SG,403.700,7.1,250,9,2.5,08:12:05,
2026-08-13T12:15:59.000Z,V3221092,9577,44.46245,7.28182,18307.3,-6.7,7.2,238.7,-58.2,1.3,-1.0,RS41-SG,403.700,7.1,250,9,2.5,08:12:05,
2026-08-13T12:16:00.000Z,V3221092,9578,44.46242,7.28174,18300.6,-6.8,7.2,248.0,-58.1,1.3,-1.0,RS41-SG,403.700,7.0,250,9,2.5,08:12:05,
2026-08-13T12:16:01.000Z,V3221092,9579,44.46240,7.28166,18294.1,-6.3,7.2,255.7,-58.1,1.3,-1.0,RS41-SG,403.700,7.0,250,9,2.6,08:12:05,
2026-08-13T12:16:02.000Z,V3221092,9580,44.46239,7.28157,18287.6,-6.4,7.1,263.1,-58.0,1.3,-1.0,RS41-SG,403.700,7.0,250,9,2.6,08:12:05,
2026-08-13T12:16:03.000Z,V3221092,9581,44.46239,7.28148,18281.3,-6.3,6.8,271.2,-58.0,1.3,-1.0,RS41-SG,403.700,7.0,250,9,2.6,08:12:05,
2026-08-13T12:16:05.000Z,V3221092,9583,44.46240,7.28132,18268.4,-6.5,6.2,287.2,-58.1,1.3,-1.0,RS41-SG,403.700,6.6,250,9,2.5,08:12:05,
2026-08-13T12:16:06.000Z,V3221092,9584,44.46242,7.28125,18261.9,-6.4,5.8,295.1,-58.2,1.3,-1.0,RS41-SG,403.700,6.8,250,9,2.5,08:12:05,
2026-08-13T12:16:07.000Z,V3221092,9585,44.46245,7.28119,18255.4,-6.4,5.3,304.9,-58.2,1.3,-1.0,RS41-SG,403.700,7.2,250,9,2.6,08:12:05,
2026-08-13T12:16:08.000Z,V3221092,9586,44.46248,7.28115,18248.9,-6.5,5.0,314.1,-58.2,1.3,-1.0,RS41-SG,403.700,7.2,250,9,2.6,08:12:05,
2026-08-13T12:16:10.000Z,V3221092,9588,44.46254,7.28108,18235.8,-6.7,4.0,331.8,-58.3,1.3,-1.0,RS41-SG,403.700,7.1,250,9,2.5,08:11:14,
2026-08-13T12:16:11.000Z,V3221092,9589,44.46257,7.28106,18229.1,-6.9,3.4,342.5,-58.4,1.3,-1.0,RS41-SG,403.700,6.9,250,9,2.6,08:11:14,
2026-08-13T12:16:12.000Z,V3221092,9590,44.46260,7.28105,18222.6,-6.4,3.0,1.0,-58.5,1.4,-1.0,RS41-SG,403.700,6.9,250,9,2.6,08:11:14,
2026-08-13T12:16:13.000Z,V3221092,9591,44.46262,7.28106,18216.2,-6.4,2.7,20.0,-58.5,1.4,-1.0,RS41-SG,403.700,6.9,250,9,2.5,08:11:14,
2026-08-13T12:16:14.000Z,V3221092,9592,44.46264,7.28108,18209.7,-6.6,2.8,44.2,-58.6,1.4,-1.0,RS41-SG,403.700,7.1,250,9,2.5,08:11:14,
2026-08-13T12:16:15.000Z,V3221092,9593,44.46266,7.28111,18203.2,-6.6,3.2,61.8,-58.7,1.4,-1.0,RS41-SG,403.700,7.1,250,9,2.5,08:11:14,
2026-08-13T12:16:16.000Z,V3221092,9594,44.46267,7.28115,18196.4,-6.5,3.8,75.1,-58.7,1.4,-1.0,RS41-SG,403.700,7.1,250,9,2.6,08:11:14,
2026-08-13T12:16:17.000Z,V3221092,9595,44.46267,7.28120,18190.0,-6.3,4.1,85.4,-58.7,1.4,-1.0,RS41-SG,403.700,6.7,250,9,2.6,08:11:14,
2026-08-13T12:16:18.000Z,V3221092,9596,44.46268,7.28125,18183.5,-6.5,4.4,92.5,-58.7,1.5,-1.0,RS41-SG,403.700,7.1,250,9,2.6,08:11:14,
2026-08-13T12:16:22.000Z,V3221092,9600,44.46262,7.28149,18158.2,-6.2,6.1,121.6,-59.1,1.5,-1.0,RS41-SG,403.700,6.9,250,9,2.6,08:11:14,
2026-08-13T12:16:23.000Z,V3221092,9601,44.46259,7.28156,18152.1,-5.9,6.7,129.6,-59.0,1.5,-1.0,RS41-SG,403.700,6.9,250,9,2.6,08:11:14,
2026-08-13T12:16:36.000Z,V3221092,9614,44.46170,7.28181,18068.2,-6.6,6.3,209.6,-58.0,1.3,-1.0,RS41-SG,403.700,6.6,250,9,2.5,08:11:14,
2026-08-13T12:16:53.000Z,V3221092,9631,44.46193,7.28158,17961.7,-6.3,6.7,35.0,-58.8,1.5,-1.0,RS41-SG,403.700,6.3,250,9,2.6,08:11:14,
2026-08-13T12:16:56.000Z,V3221092,9634,44.46207,7.28174,17943.1,-6.2,6.8,42.4,-58.9,1.5,-1.0,RS41-SG,403.700,6.6,250,9,2.5,08:11:14,
2026-08-13T12:16:57.000Z,V3221092,9635,44.46212,7.28179,17937.0,-6.2,6.8,44.3,-58.8,1.4,-1.0,RS41-SG,403.700,6.9,250,9,2.5,08:11:14,
2026-08-13T12:16:58.000Z,V3221092,9636,44.46216,7.28185,17930.8,-5.7,6.8,46.4,-58.8,1.4,-1.0,RS41-SG,403.700,6.9,250,9,2.6,08:11:14,
2026-08-13T12:17:01.000Z,V3221092,9639,44.46228,7.28206,17912.7,-6.2,7.5,56.9,-58.5,1.4,-1.0,RS41-SG,403.700,6.7,250,9,2.5,08:10:23,
2026-08-13T12:17:03.000Z,V3221092,9641,44.46234,7.28223,17900.1,-6.3,7.8,65.9,-58.5,1.4,-1.0,RS41-SG,403.700,7.1,250,9,2.5,08:10:23,
2026-08-13T12:17:05.000Z,V3221092,9643,44.46239,7.28242,17887.6,-6.1,7.9,75.7,-58.4,1.4,-1.0,RS41-SG,403.700,7.0,250,9,2.6,08:10:23,
2026-08-13T12:17:06.000Z,V3221092,9644,44.46240,7.28251,17881.2,-6.5,7.9,82.5,-58.4,1.4,-1.0,RS41-SG,403.700,7.0,250,9,2.6,08:10:23,
2026-08-13T12:17:07.000Z,V3221092,9645,44.46241,7.28261,17874.7,-6.7,7.8,88.0,-58.3,1.4,-1.0,RS41-SG,403.700,7.2,250,9,2.5,08:10:23,
2026-08-13T12:17:08.000Z,V3221092,9646,44.46241,7.28271,17868.1,-6.7,7.7,93.9,-58.3,1.4,-1.0,RS41-SG,403.700,7.2,250,9,2.5,08:10:23,
2026-08-13T12:17:09.000Z,V3221092,9647,44.46240,7.28280,17861.5,-6.4,7.5,99.4,-58.3,1.4,-1.0,RS41-SG,403.700,7.4,250,9,2.5,08:10:23,
2026-08-13T12:17:10.999Z,V3221092,9649,44.46237,7.28298,17848.7,-6.1,7.1,107.9,-58.3,1.4,-1.0,RS41-SG,403.700,7.5,250,9,2.6,08:10:23,
2026-08-13T12:17:11.999Z,V3221092,9650,44.46235,7.28306,17842.5,-6.3,6.9,112.9,-58.3,1.4,-1.0,RS41-SG,403.700,7.5,250,9,2.5,08:10:23,
2026-08-13T12:17:12.999Z,V3221092,9651,44.46232,7.28314,17836.3,-6.2,6.6,118.1,-58.4,1.4,-1.0,RS41-SG,403.700,7.0,250,9,2.5,08:10:23,
2026-08-13T12:17:13.999Z,V3221092,9652,44.46229,7.28321,17830.2,-6.1,6.4,121.5,-58.4,1.5,-1.0,RS41-SG,403.700,7.0,250,9,2.5,08:10:23,
2026-08-13T12:17:14.999Z,V3221092,9653,44.46226,7.28327,17824.1,-6.1,6.3,126.4,-58.3,1.5,-1.0,RS41-SG,403.700,7.2,250,9,2.6,08:10:23,
2026-08-13T12:17:15.999Z,V3221092,9654,44.46222,7.28334,17818.0,-6.2,6.4,131.2,-58.4,1.5,-1.0,RS41-SG,403.700,7.3,250,9,2.6,08:10:23,
2026-08-13T12:17:16.999Z,V3221092,9655,44.46218,7.28339,17811.9,-6.1,6.4,135.5,-58.3,1.5,-1.0,RS41-SG,403.700,7.3,250,9,2.6,08:10:23,
2026-08-13T12:17:17.999Z,V3221092,9656,44.46214,7.28345,17805.7,-6.2,6.5,139.8,-58.3,1.5,-1.0,RS41-SG,403.700,7.2,250,9,2.5,08:10:23,
2026-08-13T12:17:18.999Z,V3221092,9657,44.46209,7.28350,17799.6,-6.5,6.8,141.8,-58.3,1.5,-1.0,RS41-SG,403.700,7.1,250,9,2.5,08:10:23,
2026-08-13T12:17:20.999Z,V3221092,9659,44.46199,7.28360,17787.3,-6.1,7.1,144.1,-58.2,1.4,-1.0,RS41-SG,403.700,7.5,250,9,2.6,08:10:23,
2026-08-13T12:17:21.999Z,V3221092,9660,44.46194,7.28366,17781.3,-5.9,7.3,145.1,-58.2,1.4,-1.0,RS41-SG,403.700,7.5,250,9,2.6,08:10:23,
2026-08-13T12:17:22.999Z,V3221092,9661,44.46189,7.28371,17775.3,-6.1,7.5,145.3,-58.1,1.4,-1.0,RS41-SG,403.700,7.6,250,9,2.6,08:10:23,
2026-08-13T12:17:23.999Z,V3221092,9662,44.46183,7.28376,17769.4,-6.1,7.7,145.2,-58.1,1.4,-1.0,RS41-SG,403.700,7.6,250,9,2.5,08:10:23,
2026-08-13T12:17:24.999Z,V3221092,9663,44.46177,7.28382,17763.4,-6.3,7.8,147.5,-58.0,1.4,-1.0,RS41-SG,403.700,7.6,250,9,2.5,08:10:23,
2026-08-13T12:17:26.999Z,V3221092,9665,44.46165,7.28392,17751.2,-5.8,8.0,152.4,-58.0,1.4,-1.0,RS41-SG,403.700,6.6,250,9,2.6,08:10:23,
2026-08-13T12:17:27.999Z,V3221092,9666,44.46159,7.28396,17745.5,-5.6,8.0,155.9,-58.0,1.4,-1.0,RS41-SG,403.700,7.0,250,9,2.6,08:10:23,
2026-08-13T12:17:28.999Z,V3221092,9667,44.46152,7.28400,17739.8,-5.9,8.2,160.9,-58.0,1.4,-1.0,RS41-SG,403.700,7.0,250,9,2.5,08:10:23,
2026-08-13T12:17:29.999Z,V3221092,9668,44.46145,7.28403,17733.9,-6.0,8.5,166.9,-58.0,1.4,-1.0,RS41-SG,403.700,6.9,250,9,2.5,08:10:23,
2026-08-13T12:17:30.999Z,V3221092,9669,44.46137,7.28405,17727.9,-6.0,8.6,171.7,-58.0,1.4,-1.0,RS41-SG,403.700,7.0,250,9,2.5,08:10:23,
2026-08-13T12:17:31.999Z,V3221092,9670,44.46130,7.28406,17721.9,-6.1,8.8,176.8,-58.0,1.4,-1.0,RS41-SG,403.700,7.0,250,9,2.6,08:10:23,
2026-08-13T12:17:32.999Z,V3221092,9671,44.46122,7.28406,17715.7,-5.9,8.9,181.3,-58.0,1.4,-1.0,RS41-SG,403.700,7.0,250,9,2.6,08:10:23,
2026-08-13T12:17:35.999Z,V3221092,9674,44.46099,7.28401,17697.7,-6.2,8.5,197.2,-57.8,1.4,-1.0,RS41,403.700,7.0,250,9,2.5,08:10:23,
2026-08-13T12:17:36.999Z,V3221092,9675,44.46092,7.28397,17691.8,-6.1,8.0,203.6,-57.6,1.3,-1.0,RS41,403.700,7.0,250,9,2.5,08:10:23,
2026-08-13T12:17:37.999Z,V3221092,9676,44.46086,7.28393,17685.7,-5.8,7.4,211.0,-57.6,1.3,-1.0,RS41,403.700,6.8,250,9,2.6,08:10:23,
2026-08-13T12:17:39.999Z,V3221092,9678,44.46076,7.28383,17674.0,-6.0,6.2,224.3,-57.5,1.3,-1.0,RS41,403.700,6.9,250,9,2.6,08:10:23,
2026-08-13T12:17:40.999Z,V3221092,9679,44.46072,7.28377,17668.0,-6.4,5.4,230.8,-57.4,1.3,-1.0,RS41,403.700,6.9,250,9,2.5,08:10:23,
2026-08-13T12:17:41.999Z,V3221092,9680,44.46070,7.28372,17661.5,-6.5,4.6,237.1,-57.4,1.3,-1.0,RS41,403.700,6.9,250,9,2.5,08:10:23,
2026-08-13T12:17:42.999Z,V3221092,9681,44.46068,7.28368,17655.2,-6.3,3.8,240.4,-57.5,1.3,-1.0,RS41,403.700,6.4,250,9,2.5,08:10:23,
2026-08-13T12:17:43.999Z,V3221092,9682,44.46066,7.28364,17648.9,-6.1,2.7,245.7,-57.7,1.3,-1.0,RS41,403.700,7.1,250,9,2.6,08:10:23,
2026-08-13T12:17:44.999Z,V3221092,9683,44.46066,7.28362,17642.7,-6.3,1.5,247.7,-57.8,1.3,-1.0,RS41,403.700,7.1,250,9,2.6,08:10:23,
2026-08-13T12:17:45.999Z,V3221092,9684,44.46065,7.28361,17636.3,-6.3,0.5,223.2,-57.8,1.3,-1.0,RS41,403.700,7.0,250,9,2.5,08:10:23,
2026-08-13T12:17:49.999Z,V3221092,9688,44.46064,7.28370,17611.2,-6.0,3.7,95.9,-58.0,1.4,-1.0,RS41,403.700,6.4,250,9,2.6,08:10:23,
2026-08-13T12:17:50.999Z,V3221092,9689,44.46064,7.28375,17605.0,-6.2,4.6,100.0,-57.9,1.4,-1.0,RS41,403.700,7.1,250,9,2.6,08:10:23,
2026-08-13T12:17:53.999Z,V3221092,9692,44.46060,7.28394,17587.3,-6.1,6.3,114.4,-58.0,1.5,-1.0,RS41,403.700,7.1,250,9,2.5,08:10:23,
2026-08-13T12:17:54.999Z,V3221092,9693,44.46057,7.28402,17581.2,-5.7,7.2,117.4,-58.0,1.5,-1.0,RS41,403.700,6.7,250,9,2.6,08:10:23,
2026-08-13T12:17:55.999Z,V3221092,9694,44.46053,7.28410,17575.2,-5.7,7.9,120.3,-58.0,1.5,-1.0,RS41,403.700,7.2,250,9,2.6,08:10:23,
2026-08-13T12:17:56.999Z,V3221092,9695,44.46049,7.28419,17569.6,-5.8,9.3,122.3,-58.1,1.5,-1.0,RS41,403.700,7.2,250,9,2.5,08:10:23,
2026-08-13T12:17:57.999Z,V3221092,9696,44.46045,7.28429,17563.9,-5.9,10.2,124.6,-58.0,1.4,-1.0,RS41,403.700,7.1,250,9,2.5,08:10:23,
2026-08-13T12:17:58.999Z,V3221092,9697,44.46039,7.28440,17557.9,-6.0,11.1,127.3,-57.9,1.4,-1.0,RS41,403.700,7.6,250,9,2.6,08:10:23,
2026-08-13T12:17:59.999Z,V3221092,9698,44.46033,7.28451,17551.9,-5.9,11.7,130.0,-57.9,1.4,-1.0,RS41,403.700,7.6,250,9,2.6,08:10:23,
2026-08-13T12:18:00.999Z,V3221092,9699,44.46025,7.28462,17545.9,-6.1,12.2,133.1,-57.8,1.5,-1.0,RS41,403.700,6.9,250,9,2.5,08:10:23,
2026-08-13T12:18:01.999Z,V3221092,9700,44.46018,7.28473,17539.7,-6.2,12.4,136.7,-57.7,1.4,-1.0,RS41,403.700,6.6,250,9,2.5,08:10:23,
2026-08-13T12:18:02.999Z,V3221092,9701,44.46009,7.28484,17533.5,-6.1,12.6,140.7,-57.8,1.4,-1.0,RS41,403.700,6.6,250,9,2.5,08:10:23,
2026-08-13T12:18:04.999Z,V3221092,9703,44.45991,7.28502,17521.5,-5.9,12.6,149.1,-57.7,1.4,-1.0,RS41,403.700,7.0,250,9,2.6,08:10:23,
2026-08-13T12:18:17.999Z,V3221092,9716,44.45904,7.28534,17441.4,-6.2,2.7,141.1,-58.0,1.5,-1.0,RS41,403.700,6.1,250,9,2.5,08:10:23,
2026-08-13T12:18:19.999Z,V3221092,9718,44.45901,7.28539,17429.2,-5.8,2.8,111.0,-58.2,1.5,-1.0,RS41,403.700,6.6,250,9,2.6,08:10:23,
2026-08-13T12:20:37.999Z,V3221092,9856,44.46208,7.29255,16648.6,-5.6,3.9,93.0,-56.3,1.4,-1.0,RS41,403.700,6.2,250,9,2.5,08:10:23,
2026-08-13T12:20:40.999Z,V3221092,9859,44.46205,7.29270,16631.8,-5.5,4.4,114.3,-56.4,1.4,-1.0,RS41,403.700,6.4,250,9,2.6,08:10:23,
2026-08-13T12:26:57.999Z,V3221092,10236,44.45055,7.31786,14702.3,-4.7,3.3,182.0,-56.1,1.7,-1.0,RS41,403.700,6.7,250,8,2.5,08:10:23,
