timestamp,serial,frame,lat,lon,alt,vel_v,vel_h,heading,temp,humidity,pressure,type,freq_mhz,snr,f_error_hz,sats,batt_v,burst_timer,aux_data
2026-08-29T12:39:17.000Z,W4140878,7523,46.85162,7.61743,32911.4,5.6,1.9,201.3,-273.0,-1.0,-1.0,RS41,403.500,8.1,250,9,2.5,,
2026-08-29T12:39:18.000Z,W4140878,7524,46.85161,7.61742,32917.1,5.8,1.1,205.2,-273.0,-1.0,-1.0,RS41,403.500,7.7,250,9,2.7,,
2026-08-29T12:39:19.000Z,W4140878,7525,46.85160,7.61742,32923.4,6.7,0.5,127.2,-273.0,-1.0,-1.0,RS41,403.500,7.7,250,9,2.7,,
2026-08-29T12:39:20.000Z,W4140878,7526,46.85160,7.61743,32930.2,6.5,1.3,94.7,-273.0,-1.0,-1.0,RS41,403.500,9.0,250,9,2.7,,
2026-08-29T12:39:21.000Z,W4140878,7527,46.85160,7.61745,32936.1,5.3,1.8,96.4,-273.0,-1.0,-1.0,RS41,403.500,9.0,250,9,2.6,,
2026-08-29T12:39:22.000Z,W4140878,7528,46.85160,7.61747,32941.6,5.6,1.5,113.4,-273.0,-1.0,-1.0,RS41,403.500,8.4,250,9,2.5,,
2026-08-29T12:39:23.000Z,W4140878,7529,46.85159,7.61748,32947.7,6.5,1.2,181.6,-273.0,-1.0,-1.0,RS41,403.500,8.4,250,9,2.5,,
2026-08-29T12:39:24.000Z,W4140878,7530,46.85157,7.61746,32954.3,6.6,2.8,225.3,-273.0,-1.0,-1.0,RS41,403.500,7.5,250,9,2.7,,
2026-08-29T12:39:25.000Z,W4140878,7531,46.85155,7.61743,32960.4,5.6,4.4,233.2,-273.0,-1.0,-1.0,RS41,403.500,7.5,250,9,2.7,,
2026-08-29T12:39:26.000Z,W4140878,7532,46.85153,7.61738,32965.8,5.1,5.3,233.1,-273.0,-1.0,-1.0,RS41-SG,403.500,6.9,250,9,2.7,,
2026-08-29T12:39:27.000Z,W4140878,7533,46.85150,7.61732,32971.5,6.4,5.3,226.7,-273.0,-1.0,-1.0,RS41-SG,403.500,7.9,250,9,2.5,,
2026-08-29T12:39:28.000Z,W4140878,7534,46.85146,7.61729,32978.3,7.2,4.3,210.2,-273.0,-1.0,-1.0,RS41-SG,403.500,7.9,250,9,2.5,,
2026-08-29T12:39:29.000Z,W4140878,7535,46.85143,7.61727,32985.3,6.6,3.7,182.6,-273.0,-1.0,-1.0,RS41-SG,403.500,7.9,250,9,2.5,,
2026-08-29T12:39:30.000Z,W4140878,7536,46.85140,7.61728,32991.3,5.2,3.8,158.5,-273.0,-1.0,-1.0,RS41-SG,403.500,8.7,250,9,2.7,,
2026-08-29T12:39:31.000Z,W4140878,7537,46.85137,7.61730,32996.6,5.5,3.9,144.8,-273.0,-1.0,-1.0,RS41-SG,403.500,8.8,250,9,2.7,,
2026-08-29T12:39:32.000Z,W4140878,7538,46.85134,7.61733,33002.8,6.7,3.3,145.7,-273.0,-1.0,-1.0,RS41-SG,403.500,8.8,250,9,2.7,,
2026-08-29T12:39:33.000Z,W4140878,7539,46.85132,7.61734,33009.9,7.5,2.2,174.5,-273.0,-1.0,-1.0,RS41-SG,403.500,8.6,250,9,2.5,,
2026-08-29T12:39:34.000Z,W4140878,7540,46.85130,7.61733,33016.8,6.2,2.7,217.5,-273.0,-1.0,-1.0,RS41-SG,403.500,8.6,250,9,2.5,,
2026-08-29T12:39:35.000Z,W4140878,7541,46.85128,7.61730,33022.5,5.1,3.9,234.0,-273.0,-1.0,-1.0,RS41-SG,403.500,8.2,250,9,2.5,,
2026-08-29T12:39:36.000Z,W4140878,7542,46.85126,7.61725,33027.7,5.3,4.9,234.8,-273.0,-1.0,-1.0,RS41-SG,403.500,8.2,250,9,2.7,,
2026-08-29T12:39:39.000Z,W4140878,7545,46.85115,7.61712,33046.9,5.7,5.4,202.6,-273.0,-1.0,-1.0,RS41-SG,403.500,6.7,250,9,2.5,,
2026-08-29T12:39:40.000Z,W4140878,7546,46.85111,7.61710,33052.4,5.4,5.2,194.2,-273.0,-1.0,-1.0,RS41-SG,403.500,7.7,250,9,2.5,,
2026-08-29T12:39:42.000Z,W4140878,7548,46.85103,7.61707,33064.5,6.6,3.8,201.1,-273.0,-1.0,-1.0,RS41-SG,403.500,7.9,250,9,2.7,,
2026-08-29T12:39:43.000Z,W4140878,7549,46.85100,7.61705,33071.2,6.8,3.1,225.1,-273.0,-1.0,-1.0,RS41-SG,403.500,7.9,250,9,2.7,,
2026-08-29T12:39:44.000Z,W4140878,7550,46.85099,7.61702,33077.3,5.6,3.0,254.8,-273.0,-1.0,-1.0,RS41-SG,403.500,8.3,250,9,2.7,,
2026-08-29T12:39:45.000Z,W4140878,7551,46.85098,7.61698,33082.6,4.9,3.1,276.5,-273.0,-1.0,-1.0,RS41-SG,403.500,8.3,250,9,2.6,,
2026-08-29T12:39:49.000Z,W4140878,7555,46.85101,7.61693,33107.4,6.1,1.7,112.3,-273.0,-1.0,-1.0,RS41-SG,403.500,7.0,250,9,2.7,,
2026-08-29T12:39:50.000Z,W4140878,7556,46.85100,7.61695,33113.3,5.7,2.7,144.7,-273.0,-1.0,-1.0,RS41-SG,403.500,7.7,250,9,2.7,,
2026-08-29T12:39:51.000Z,W4140878,7557,46.85097,7.61696,33119.4,6.4,4.2,174.6,-273.0,-1.0,-1.0,RS41-SG,403.500,7.7,250,9,2.6,,
2026-08-29T12:39:52.000Z,W4140878,7558,46.85092,7.61695,33125.9,6.7,6.0,197.4,-273.0,-1.0,-1.0,RS41-SG,403.500,7.1,250,9,2.5,,
2026-08-29T12:39:57.000Z,W4140878,7563,46.85070,7.61665,33157.7,7.4,3.7,245.0,-273.0,-1.0,-1.0,RS41-SG,403.500,6.7,250,9,2.6,,
2026-08-29T12:39:58.000Z,W4140878,7564,46.85069,7.61661,33164.2,5.5,1.6,270.8,-273.0,-1.0,-1.0,RS41-SG,403.500,6.7,250,9,2.5,,
2026-08-29T12:39:59.000Z,W4140878,7565,46.85070,7.61660,33169.2,4.6,1.7,357.8,-273.0,-1.0,-1.0,RS41-SG,403.500,7.9,250,9,2.5,,
2026-08-29T12:40:00.000Z,W4140878,7566,46.85072,7.61661,33174.0,5.1,3.0,13.7,-273.0,-1.0,-1.0,RS41-SG,403.500,7.9,250,9,2.7,,
2026-08-29T12:40:05.000Z,W4140878,7571,46.85079,7.61655,33206.1,6.4,2.5,221.8,-273.0,-1.0,-1.0,RS41-SG,403.500,6.8,250,9,2.5,,
2026-08-29T12:40:06.000Z,W4140878,7572,46.85077,7.61654,33212.8,6.9,3.7,191.1,-273.0,-1.0,-1.0,RS41-SG,403.500,7.7,250,9,2.7,,
2026-08-29T12:40:07.000Z,W4140878,7573,46.85073,7.61654,33219.2,5.9,4.7,175.7,-273.0,-1.0,-1.0,RS41-SG,403.500,7.7,250,9,2.7,,
2026-08-29T12:40:15.000Z,W4140878,7581,46.85061,7.61653,33270.2,6.9,3.6,24.5,-273.0,-1.0,-1.0,RS41-SG,403.500,7.2,250,9,2.6,,
2026-08-29T12:40:16.000Z,W4140878,7582,46.85064,7.61655,33276.6,5.8,4.3,37.4,-273.0,-1.0,-1.0,RS41-SG,403.500,7.5,250,9,2.5,,
2026-08-29T12:40:17.000Z,W4140878,7583,46.85067,7.61659,33282.2,5.4,4.3,43.7,-273.0,-1.0,-1.0,RS41-SG,403.500,7.5,250,9,2.5,,
2026-08-29T12:40:19.000Z,W4140878,7585,46.85071,7.61665,33294.4,6.8,2.0,24.8,-273.0,-1.0,-1.0,RS41-SG,403.500,6.9,250,9,2.7,,
2026-08-29T12:40:38.000Z,W4140878,7604,46.85094,7.61646,33409.8,6.5,0.9,6.1,-273.0,-1.0,-1.0,RS41-SG,403.500,6.5,250,9,2.7,,
2026-08-29T12:40:45.000Z,W4140878,7611,46.85096,7.61630,33454.8,5.2,2.5,133.7,-273.0,-1.0,-1.0,RS41-SG,403.500,7.2,250,9,2.5,,
2026-08-29T12:40:46.000Z,W4140878,7612,46.85094,7.61633,33459.8,4.7,3.8,129.9,-273.0,-1.0,-1.0,RS41-SG,403.500,7.4,250,9,2.5,,
2026-08-29T12:40:47.000Z,W4140878,7613,46.85092,7.61637,33465.1,6.0,4.5,136.8,-273.0,-1.0,-1.0,RS41-SG,403.500,7.8,250,9,2.5,,
2026-08-29T12:40:48.000Z,W4140878,7614,46.85088,7.61640,33471.6,7.0,4.4,151.7,-273.0,-1.0,-1.0,RS41-SG,403.500,7.8,250,9,2.7,,
2026-08-29T12:40:49.000Z,W4140878,7615,46.85085,7.61642,33478.5,6.6,4.3,170.9,-273.0,-1.0,-1.0,RS41-SG,403.500,7.0,250,9,2.7,,
2026-08-29T12:40:55.000Z,W4140878,7621,46.85067,7.61641,33514.5,5.7,2.4,139.6,-273.0,-1.0,-1.0,RS41-SG,403.500,7.6,250,9,2.7,,
2026-08-29T12:40:56.000Z,W4140878,7622,46.85066,7.61643,33520.2,5.7,2.5,139.2,-273.0,-1.0,-1.0,RS41-SG,403.500,7.6,250,9,2.7,,
2026-08-29T12:40:57.000Z,W4140878,7623,46.85064,7.61644,33526.1,6.1,2.5,156.5,-273.0,-1.0,-1.0,RS41-SG,403.500,8.2,250,9,2.6,,
2026-08-29T12:40:58.000Z,W4140878,7624,46.85061,7.61645,33532.5,6.6,2.9,190.7,-273.0,-1.0,-1.0,RS41-SG,403.500,8.2,250,9,2.5,,
2026-08-29T12:41:03.000Z,W4140878,7629,46.85043,7.61630,33563.7,6.9,5.1,183.2,-273.0,-1.0,-1.0,RS41-SG,403.500,7.0,250,9,2.6,,
2026-08-29T12:41:04.000Z,W4140878,7630,46.85038,7.61631,33570.8,7.2,5.5,160.0,-273.0,-1.0,-1.0,RS41-SG,403.500,7.4,250,9,2.5,,
2026-08-29T12:41:05.000Z,W4140878,7631,46.85034,7.61634,33577.2,5.6,6.0,144.9,-273.0,-1.0,-1.0,RS41-SG,403.500,7.5,250,9,2.5,,
2026-08-29T12:41:06.000Z,W4140878,7632,46.85029,7.61639,33582.8,5.6,6.1,137.3,-273.0,-1.0,-1.0,RS41-SG,403.500,8.0,250,9,2.7,,
2026-08-29T12:41:07.000Z,W4140878,7633,46.85026,7.61644,33588.9,6.6,5.4,138.9,-273.0,-1.0,-1.0,RS41-SG,403.500,8.0,250,9,2.7,,
2026-08-29T12:41:13.000Z,W4140878,7639,46.85005,7.61631,33627.4,7.6,4.7,225.5,-273.0,-1.0,-1.0,RS41-SG,403.500,6.8,250,9,2.7,,
2026-08-29T12:41:15.000Z,W4140878,7641,46.85001,7.61626,33641.1,5.6,2.0,186.6,-273.0,-1.0,-1.0,RS41-SG,403.500,7.0,250,9,2.6,,
2026-08-29T12:41:16.000Z,W4140878,7642,46.84999,7.61626,33646.3,4.9,1.5,147.4,-273.0,-1.0,-1.0,RS41-SG,403.500,7.2,250,9,2.5,,
2026-08-29T12:41:18.000Z,W4140878,7644,46.84998,7.61628,33657.9,6.7,0.2,190.7,-273.0,-1.0,-1.0,RS41-SG,403.500,7.1,250,9,2.7,,
2026-08-29T12:41:36.000Z,W4140878,7662,46.84968,7.61608,33772.5,5.3,4.1,105.6,-273.0,-1.0,-1.0,RS41-SG,403.500,7.8,250,9,2.7,,
2026-08-29T12:41:37.000Z,W4140878,7663,46.84967,7.61613,33778.3,6.1,4.1,107.7,-273.0,-1.0,-1.0,RS41-SG,403.500,7.3,250,9,2.7,,
2026-08-29T12:41:38.000Z,W4140878,7664,46.84965,7.61617,33785.2,7.5,3.3,130.6,-273.0,-1.0,-1.0,RS41-SG,403.500,6.9,250,9,2.7,,
2026-08-29T12:41:39.000Z,W4140878,7665,46.84963,7.61619,33792.5,7.0,3.4,169.1,-273.0,-1.0,-1.0,RS41-SG,403.500,7.6,250,9,2.6,,
2026-08-29T12:41:46.000Z,W4140878,7672,46.84927,7.61610,33835.7,5.7,5.8,172.8,-273.0,-1.0,-1.0,RS41-SG,403.500,6.6,250,9,2.5,,
2026-08-29T12:42:05.000Z,W4140878,7691,46.84825,7.61552,33956.2,5.1,6.9,177.6,-273.0,-1.0,-1.0,RS41-SG,403.500,6.6,250,9,2.5,,
2026-08-29T12:42:06.000Z,W4140878,7692,46.84819,7.61553,33961.6,5.7,6.3,170.1,-273.0,-1.0,-1.0,RS41-SG,403.500,6.6,250,9,2.7,,
2026-08-29T12:46:30.000Z,W4140878,7956,46.84783,7.61346,35562.3,6.1,11.2,339.8,-273.0,-1.0,-1.0,RS41-SG,403.500,6.6,250,9,2.6,,
2026-08-29T12:46:58.000Z,W4140878,7984,46.84953,7.61283,35737.0,6.0,6.5,40.1,-273.0,-1.0,-1.0,RS41-SG,403.500,7.1,250,8,2.6,,
2026-08-29T12:46:59.000Z,W4140878,7985,46.84958,7.61287,35743.6,7.2,7.3,24.5,-273.0,-1.0,-1.0,RS41-SG,403.500,7.1,250,9,2.6,,
2026-08-29T12:48:05.000Z,W4140878,8051,46.85426,7.61551,36156.9,5.8,3.4,289.8,-273.0,-1.0,-1.0,RS41-SG,403.500,6.8,250,9,2.7,,
2026-08-29T12:48:24.000Z,W4140878,8070,46.85459,7.61563,36274.5,4.7,5.2,46.4,-273.0,-1.0,-1.0,RS41-SG,403.500,6.7,250,9,2.7,,
2026-08-29T12:48:25.000Z,W4140878,8071,46.85463,7.61569,36279.4,5.2,6.9,40.7,-273.0,-1.0,-1.0,RS41-SG,403.500,7.0,250,9,2.7,,
2026-08-29T12:48:27.000Z,W4140878,8073,46.85473,7.61579,36292.2,7.6,6.1,23.6,-273.0,-1.0,-1.0,RS41-SG,403.500,7.5,250,9,2.6,,
2026-08-29T12:48:43.000Z,W4140878,8089,46.85479,7.61588,36392.8,5.2,2.1,189.8,-273.0,-1.0,-1.0,RS41-SG,403.500,7.2,250,9,2.7,,
2026-08-29T12:48:44.000Z,W4140878,8090,46.85477,7.61587,36398.2,5.5,1.8,235.5,-273.0,-1.0,-1.0,RS41-SG,403.500,7.3,625,9,2.6,,
2026-08-29T12:48:55.000Z,W4140878,8101,46.85506,7.61621,36465.4,6.0,3.7,123.3,-273.0,-1.0,-1.0,RS41-SG,403.500,6.7,625,9,2.7,,
2026-08-29T12:50:16.000Z,W4140878,8182,46.85648,7.61729,33552.1,-32.9,10.2,123.7,-273.0,-1.0,-1.0,RS41-SG,403.500,7.6,625,9,2.7,,
2026-08-29T12:50:17.000Z,W4140878,8183,46.85641,7.61738,33519.8,-32.0,11.0,148.1,-273.0,-1.0,-1.0,RS41-SG,403.500,7.6,625,9,2.7,,
2026-08-29T12:50:18.000Z,W4140878,8184,46.85632,7.61744,33487.0,-33.7,11.3,165.8,-273.0,-1.0,-1.0,RS41-SG,403.500,7.5,625,8,2.7,,
2026-08-29T12:50:19.000Z,W4140878,8185,46.85622,7.61745,33452.3,-36.0,11.4,180.8,-273.0,-1.0,-1.0,RS41-SG,403.500,7.7,625,8,2.6,,
2026-08-29T12:50:20.000Z,W4140878,8186,46.85612,7.61743,33415.7,-37.3,11.4,196.9,-273.0,-1.0,-1.0,RS41-SG,403.500,7.7,625,9,2.5,,
2026-08-29T12:50:21.000Z,W4140878,8187,46.85603,7.61737,33378.5,-36.9,10.6,216.1,-273.0,-1.0,-1.0,RS41-SG,403.500,7.5,625,9,2.7,,
2026-08-29T12:50:30.000Z,W4140878,8196,46.85618,7.61707,33064.1,-34.5,8.5,54.3,-273.0,-1.0,-1.0,RS41-SG,403.500,7.7,625,9,2.5,,
2026-08-29T12:50:31.000Z,W4140878,8197,46.85622,7.61717,33029.8,-34.3,8.1,72.3,-273.0,-1.0,-1.0,RS41-SG,403.500,7.7,625,8,2.5,,
2026-08-29T12:50:32.000Z,W4140878,8198,46.85623,7.61727,32995.4,-34.6,7.6,93.6,-273.0,-1.0,-1.0,RS41-SG,403.500,8.1,625,9,2.5,,
2026-08-29T12:50:33.000Z,W4140878,8199,46.85621,7.61736,32959.8,-36.6,6.8,110.8,-273.0,-1.0,-1.0,RS41-SG,403.500,8.2,625,9,2.7,,
2026-08-29T12:50:34.000Z,W4140878,8200,46.85618,7.61743,32923.5,-36.3,6.0,137.0,-273.0,-1.0,-1.0,RS41-SG,403.500,8.8,625,9,2.7,,
2026-08-29T12:50:35.000Z,W4140878,8201,46.85614,7.61746,32887.0,-36.7,5.8,162.9,-273.0,-1.0,-1.0,RS41-SG,403.500,8.8,625,9,2.7,,
2026-08-29T12:50:36.000Z,W4140878,8202,46.85609,7.61747,32850.8,-35.9,6.0,194.5,-273.0,-1.0,-1.0,RS41-SG,403.500,8.6,625,9,2.5,,
2026-08-29T12:50:37.000Z,W4140878,8203,46.85604,7.61743,32814.5,-36.5,5.6,216.9,-273.0,-1.0,-1.0,RS41-SG,403.500,8.6,625,9,2.5,,
2026-08-29T12:50:38.000Z,W4140878,8204,46.85601,7.61738,32778.4,-36.2,5.5,238.4,-273.0,-1.0,-1.0,RS41-SG,403.500,7.9,625,9,2.7,,
2026-08-29T12:50:40.000Z,W4140878,8206,46.85599,7.61726,32703.2,-39.4,4.1,264.8,-273.0,-1.0,-1.0,RS41-SG,403.500,7.2,625,9,2.7,,
2026-08-29T12:50:42.000Z,W4140878,8208,46.85600,7.61719,32624.5,-39.0,2.2,321.5,-273.0,-1.0,-1.0,RS41-SG,403.500,7.9,625,9,2.5,,
2026-08-29T12:50:44.000Z,W4140878,8210,46.85604,7.61721,32545.3,-40.3,3.4,48.6,-273.0,-1.0,-1.0,RS41-SG,403.500,7.3,625,8,2.7,,
2026-08-29T12:50:47.000Z,W4140878,8213,46.85609,7.61733,32421.3,-41.9,3.9,73.2,-273.0,-1.0,-1.0,RS41-SG,403.500,7.4,625,9,2.5,,
2026-08-29T12:50:48.000Z,W4140878,8214,46.85609,7.61737,32379.7,-41.6,3.1,79.2,-273.0,-1.0,-1.0,RS41-SG,403.500,7.8,625,9,2.5,,
2026-08-29T12:50:49.000Z,W4140878,8215,46.85610,7.61741,32338.2,-41.6,2.7,70.7,-273.0,-1.0,-1.0,RS41-SG,403.500,7.8,625,9,2.7,,
2026-08-29T12:50:50.000Z,W4140878,8216,46.85611,7.61744,32296.4,-42.2,2.3,73.7,-273.0,-1.0,-1.0,RS41-SG,403.500,7.4,625,9,2.7,,
2026-08-29T12:50:52.000Z,W4140878,8218,46.85612,7.61749,32211.6,-43.3,1.1,57.9,-273.0,-1.0,-1.0,RS41-SG,403.500,7.0,625,9,2.5,,
2026-08-29T12:50:53.000Z,W4140878,8219,46.85612,7.61750,32168.4,-43.7,0.6,66.4,-273.0,-1.0,-1.0,RS41-SG,403.500,7.1,625,9,2.7,,
2026-08-29T12:50:54.000Z,W4140878,8220,46.85613,7.61750,32124.7,-43.9,0.5,40.2,-273.0,-1.0,-1.0,RS41-SG,403.500,7.6,625,9,2.7,,
2026-08-29T12:50:55.000Z,W4140878,8221,46.85613,7.61751,32081.1,-43.5,0.5,81.0,-273.0,-1.0,-1.0,RS41-SG,403.500,8.0,625,9,2.7,,
2026-08-29T12:50:57.000Z,W4140878,8223,46.85613,7.61752,31994.5,-42.1,0.7,130.5,-273.0,-1.0,-1.0,RS41-SG,403.500,7.5,625,9,2.5,,
2026-08-29T12:50:58.000Z,W4140878,8224,46.85612,7.61753,31952.4,-42.4,0.9,155.3,-273.0,-1.0,-1.0,RS41-SG,403.500,7.5,625,9,2.5,,
2026-08-29T12:50:59.000Z,W4140878,8225,46.85611,7.61753,31910.4,-41.9,1.7,206.6,-273.0,-1.0,-1.0,RS41-SG,403.500,6.7,625,9,2.7,,
2026-08-29T12:51:04.000Z,W4140878,8230,46.85601,7.61741,31705.5,-39.9,4.5,213.0,-273.0,-1.0,-1.0,RS41-SG,403.500,6.1,625,9,2.7,,
2026-08-29T12:51:31.000Z,W4140878,8257,46.85520,7.61876,30663.3,-42.5,9.1,111.1,-273.0,-1.0,-1.0,RS41-SG,403.500,6.8,625,9,2.7,,
2026-08-29T12:51:33.000Z,W4140878,8259,46.85515,7.61898,30576.6,-43.6,8.1,106.4,-273.0,-1.0,-1.0,RS41-SG,403.500,6.7,625,8,2.5,,
