timestamp,serial,frame,lat,lon,alt,vel_v,vel_h,heading,temp,humidity,pressure,type,freq_mhz,snr,f_error_hz,sats,batt_v,burst_timer,aux_data
2026-09-06T00:44:14.988Z,X1422010,7810,45.28180,9.27790,27313.1,5.9,2.3,37.4,-273.0,-1.0,-1.0,RS41,404.900,6.7,250,9,2.5,,
2026-09-06T00:44:17.988Z,X1422010,7813,45.28186,9.27791,27327.5,4.7,2.9,354.7,-273.0,-1.0,-1.0,RS41,404.900,6.8,250,9,2.5,,
2026-09-06T00:44:18.988Z,X1422010,7814,45.28188,9.27791,27332.9,5.8,3.0,13.6,-273.0,-1.0,-1.0,RS41,404.900,6.8,250,9,2.5,,
2026-09-06T00:44:22.988Z,X1422010,7818,45.28198,9.27802,27353.5,6.0,2.9,44.7,-273.0,-1.0,-1.0,RS41,404.900,6.9,250,9,2.5,,
2026-09-06T00:44:24.988Z,X1422010,7820,45.28201,9.27805,27364.2,4.5,1.4,11.2,-273.0,-1.0,-1.0,RS41,404.900,7.1,250,9,2.5,,
2026-09-06T00:44:25.988Z,X1422010,7821,45.28202,9.27805,27368.7,4.6,1.2,1.4,-273.0,-1.0,-1.0,RS41,404.900,7.1,250,9,2.6,,
2026-09-06T00:44:26.988Z,X1422010,7822,45.28203,9.27805,27373.8,5.7,1.3,21.0,-273.0,-1.0,-1.0,RS41,404.900,7.0,250,9,2.6,,
2026-09-06T00:44:27.988Z,X1422010,7823,45.28205,9.27807,27379.6,5.6,1.9,40.4,-273.0,-1.0,-1.0,RS41,404.900,7.5,-125,9,2.5,,
2026-09-06T00:44:28.988Z,X1422010,7824,45.28206,9.27808,27384.7,4.7,2.5,40.2,-273.0,-1.0,-1.0,RS41,404.900,7.5,-125,9,2.5,,
2026-09-06T00:44:29.988Z,X1422010,7825,45.28208,9.27810,27389.8,5.3,3.0,28.2,-273.0,-1.0,-1.0,RS41,404.900,7.0,-125,9,2.5,,
2026-09-06T00:44:30.988Z,X1422010,7826,45.28211,9.27812,27395.8,6.3,3.3,8.2,-273.0,-1.0,-1.0,RS41,404.900,7.5,-125,9,2.5,,
2026-09-06T00:44:33.988Z,X1422010,7829,45.28221,9.27809,27410.5,5.3,4.1,341.5,-273.0,-1.0,-1.0,RS41,404.900,7.4,-125,9,2.6,,
2026-09-06T00:44:34.988Z,X1422010,7830,45.28224,9.27808,27416.1,6.1,3.7,349.9,-273.0,-1.0,-1.0,RS41,404.900,7.4,-125,9,2.5,,
2026-09-06T00:44:35.988Z,X1422010,7831,45.28227,9.27807,27421.6,4.8,2.9,358.9,-273.0,-1.0,-1.0,RS41,404.900,7.1,250,9,2.5,,
2026-09-06T00:44:36.988Z,X1422010,7832,45.28229,9.27807,27426.5,5.0,2.1,5.0,-273.0,-1.0,-1.0,RS41,404.900,7.0,250,9,2.5,,
2026-09-06T00:44:37.988Z,X1422010,7833,45.28231,9.27807,27431.9,5.7,1.1,350.8,-273.0,-1.0,-1.0,RS41,404.900,7.0,-125,9,2.5,,
2026-09-06T00:44:38.988Z,X1422010,7834,45.28231,9.27806,27437.6,5.6,0.8,283.4,-273.0,-1.0,-1.0,RS41,404.900,7.0,250,9,2.6,,
2026-09-06T00:44:39.988Z,X1422010,7835,45.28231,9.27805,27442.5,4.2,1.2,254.3,-273.0,-1.0,-1.0,RS41,404.900,7.0,250,9,2.6,,
2026-09-06T00:44:40.988Z,X1422010,7836,45.28231,9.27804,27447.0,4.7,1.0,233.8,-273.0,-1.0,-1.0,RS41,404.900,6.8,250,9,2.5,,
2026-09-06T00:44:41.988Z,X1422010,7837,45.28230,9.27803,27452.3,5.8,0.3,180.2,-273.0,-1.0,-1.0,RS41,404.900,7.0,-125,9,2.5,,
2026-09-06T00:44:42.988Z,X1422010,7838,45.28230,9.27804,27457.9,5.4,1.1,58.8,-273.0,-1.0,-1.0,RS41-SG,404.900,7.8,-125,9,2.5,,
2026-09-06T00:44:44.988Z,X1422010,7840,45.28233,9.27807,27467.9,4.8,2.9,26.1,-273.0,-1.0,-1.0,RS41-SG,404.900,7.1,250,9,2.6,,
2026-09-06T00:44:45.988Z,X1422010,7841,45.28236,9.27808,27473.2,5.6,3.6,4.7,-273.0,-1.0,-1.0,RS41-SG,404.900,7.3,250,9,2.5,,
2026-09-06T00:44:46.988Z,X1422010,7842,45.28239,9.27808,27478.7,5.4,4.1,349.8,-273.0,-1.0,-1.0,RS41-SG,404.900,7.4,250,9,2.5,,
2026-09-06T00:44:50.988Z,X1422010,7846,45.28252,9.27804,27499.6,5.5,2.3,25.0,-273.0,-1.0,-1.0,RS41-SG,404.900,6.9,250,9,2.5,,
2026-09-06T00:44:51.988Z,X1422010,7847,45.28253,9.27806,27504.7,4.8,2.3,60.2,-273.0,-1.0,-1.0,RS41-SG,404.900,7.2,250,9,2.5,,
2026-09-06T00:44:52.988Z,X1422010,7848,45.28253,9.27808,27509.7,5.1,2.5,86.6,-273.0,-1.0,-1.0,RS41-SG,404.900,7.2,250,9,2.5,,
2026-09-06T00:44:53.988Z,X1422010,7849,45.28253,9.27811,27515.2,6.0,2.2,109.3,-273.0,-1.0,-1.0,RS41-SG,404.900,7.7,250,9,2.6,,
2026-09-06T00:44:54.988Z,X1422010,7850,45.28253,9.27814,27520.8,4.9,1.7,120.3,-273.0,-1.0,-1.0,RS41-SG,404.900,7.7,250,9,2.6,,
2026-09-06T00:44:55.988Z,X1422010,7851,45.28252,9.27815,27525.6,4.8,1.1,120.2,-273.0,-1.0,-1.0,RS41-SG,404.900,7.2,250,9,2.5,,
2026-09-06T00:44:57.988Z,X1422010,7853,45.28253,9.27818,27536.4,6.0,2.0,46.6,-273.0,-1.0,-1.0,RS41-SG,404.900,7.0,250,9,2.5,,
2026-09-06T00:44:58.988Z,X1422010,7854,45.28254,9.27820,27541.9,5.0,3.1,34.4,-273.0,-1.0,-1.0,RS41-SG,404.900,7.0,250,9,2.5,,
2026-09-06T00:45:00.988Z,X1422010,7856,45.28262,9.27824,27552.3,5.6,5.7,7.8,-273.0,-1.0,-1.0,RS41-SG,404.900,7.1,-125,9,2.6,,
2026-09-06T00:45:01.988Z,X1422010,7857,45.28267,9.27824,27558.0,5.6,6.6,358.6,-273.0,-1.0,-1.0,RS41-SG,404.900,7.1,250,9,2.6,,
2026-09-06T00:45:05.988Z,X1422010,7861,45.28285,9.27824,27580.7,6.1,2.4,45.2,-273.0,-1.0,-1.0,RS41-SG,404.900,7.2,-125,9,2.5,,
2026-09-06T00:45:06.988Z,X1422010,7862,45.28286,9.27827,27586.0,4.4,2.6,90.0,-273.0,-1.0,-1.0,RS41-SG,404.900,7.7,250,9,2.6,,
2026-09-06T00:45:08.988Z,X1422010,7864,45.28284,9.27833,27595.7,6.1,3.0,130.6,-273.0,-1.0,-1.0,RS41-SG,404.900,7.3,250,9,2.5,,
2026-09-06T00:45:09.988Z,X1422010,7865,45.28282,9.27836,27601.7,5.6,1.9,137.8,-273.0,-1.0,-1.0,RS41-SG,404.900,7.6,250,9,2.5,,
2026-09-06T00:45:10.988Z,X1422010,7866,45.28281,9.27837,27606.8,4.5,0.6,133.8,-273.0,-1.0,-1.0,RS41-SG,404.900,7.6,-125,9,2.5,,
2026-09-06T00:45:11.988Z,X1422010,7867,45.28282,9.27837,27611.7,5.2,1.0,347.0,-273.0,-1.0,-1.0,RS41-SG,404.900,7.4,250,9,2.6,,
2026-09-06T00:45:15.988Z,X1422010,7871,45.28294,9.27836,27633.1,4.8,6.1,356.5,-273.0,-1.0,-1.0,RS41-SG,404.900,7.3,-125,9,2.5,,
2026-09-06T00:45:16.988Z,X1422010,7872,45.28300,9.27835,27638.2,5.3,7.4,353.6,-273.0,-1.0,-1.0,RS41-SG,404.900,7.3,-125,9,2.6,,
2026-09-06T00:45:20.988Z,X1422010,7876,45.28325,9.27833,27659.3,5.7,4.7,15.6,-273.0,-1.0,-1.0,RS41-SG,404.900,6.5,250,8,2.5,,
2026-09-06T00:45:21.988Z,X1422010,7877,45.28328,9.27835,27664.9,5.5,3.4,46.6,-273.0,-1.0,-1.0,RS41-SG,404.900,7.7,-125,9,2.6,,
2026-09-06T00:45:22.988Z,X1422010,7878,45.28329,9.27839,27669.9,4.4,3.3,83.5,-273.0,-1.0,-1.0,RS41-SG,404.900,7.7,250,9,2.6,,
2026-09-06T00:45:23.988Z,X1422010,7879,45.28329,9.27843,27674.3,4.4,3.3,112.2,-273.0,-1.0,-1.0,RS41-SG,404.900,7.5,-125,9,2.5,,
2026-09-06T00:45:24.988Z,X1422010,7880,45.28328,9.27846,27679.4,5.8,2.6,135.3,-273.0,-1.0,-1.0,RS41-SG,404.900,7.3,250,9,2.5,,
2026-09-06T00:45:25.988Z,X1422010,7881,45.28326,9.27847,27685.4,6.3,1.4,180.4,-273.0,-1.0,-1.0,RS41-SG,404.900,7.0,250,9,2.5,,
2026-09-06T00:45:26.988Z,X1422010,7882,45.28326,9.27846,27691.1,5.0,1.5,264.2,-273.0,-1.0,-1.0,RS41-SG,404.900,7.0,-125,9,2.6,,
2026-09-06T00:45:31.988Z,X1422010,7887,45.28343,9.27836,27717.3,5.2,6.8,357.3,-273.0,-1.0,-1.0,RS41-SG,404.900,6.8,250,9,2.5,,
2026-09-06T00:45:32.988Z,X1422010,7888,45.28349,9.27835,27722.9,6.0,7.3,358.1,-273.0,-1.0,-1.0,RS41-SG,404.900,6.8,250,9,2.6,,
2026-09-06T00:45:35.988Z,X1422010,7891,45.28366,9.27834,27739.4,5.2,4.1,1.7,-273.0,-1.0,-1.0,RS41-SG,404.900,7.2,250,9,2.5,,
2026-09-06T00:45:36.988Z,X1422010,7892,45.28368,9.27835,27744.7,5.4,2.3,24.6,-273.0,-1.0,-1.0,RS41-SG,404.900,7.2,250,9,2.5,,
2026-09-06T00:45:37.988Z,X1422010,7893,45.28369,9.27837,27750.1,5.4,1.7,80.9,-273.0,-1.0,-1.0,RS41-SG,404.900,7.1,250,9,2.5,,
2026-09-06T00:45:38.988Z,X1422010,7894,45.28369,9.27839,27755.2,4.6,2.1,109.9,-273.0,-1.0,-1.0,RS41-SG,404.900,7.4,250,9,2.5,,
2026-09-06T00:45:39.988Z,X1422010,7895,45.28368,9.27841,27760.0,5.0,1.9,127.9,-273.0,-1.0,-1.0,RS41-SG,404.900,7.5,250,9,2.6,,
2026-09-06T00:45:40.988Z,X1422010,7896,45.28368,9.27842,27765.7,6.2,0.3,168.3,-273.0,-1.0,-1.0,RS41-SG,404.900,7.5,250,9,2.6,,
2026-09-06T00:45:41.988Z,X1422010,7897,45.28368,9.27841,27772.2,6.9,2.3,309.1,-273.0,-1.0,-1.0,RS41-SG,404.900,7.4,250,9,2.5,,
2026-09-06T00:45:42.988Z,X1422010,7898,45.28370,9.27838,27778.2,5.0,4.5,316.6,-273.0,-1.0,-1.0,RS41-SG,404.900,7.4,250,9,2.5,,
2026-09-06T00:45:44.988Z,X1422010,7900,45.28380,9.27829,27787.9,5.3,8.6,335.9,-273.0,-1.0,-1.0,RS41-SG,404.900,6.8,-125,9,2.6,,
2026-09-06T00:45:45.988Z,X1422010,7901,45.28388,9.27826,27793.6,5.9,9.5,348.0,-273.0,-1.0,-1.0,RS41-SG,404.900,7.5,250,9,2.6,,
2026-09-06T00:45:47.988Z,X1422010,7903,45.28405,9.27824,27803.6,4.8,9.1,5.7,-273.0,-1.0,-1.0,RS41-SG,404.900,7.0,250,9,2.5,,
2026-09-06T00:45:53.988Z,X1422010,7909,45.28428,9.27829,27834.9,4.9,1.1,359.9,-273.0,-1.0,-1.0,RS41-SG,404.900,7.7,-125,9,2.5,,
2026-09-06T00:45:54.988Z,X1422010,7910,45.28429,9.27829,27840.5,6.3,2.1,23.8,-273.0,-1.0,-1.0,RS41-SG,404.900,7.7,250,9,2.6,,
2026-09-06T00:45:55.988Z,X1422010,7911,45.28431,9.27831,27846.8,6.0,3.6,28.3,-46.7,-1.0,-1.0,RS41-SG,404.900,7.1,250,9,2.6,,
2026-09-06T00:45:56.988Z,X1422010,7912,45.28435,9.27834,27852.3,5.0,5.3,24.7,-46.7,-1.0,-1.0,RS41-SG,404.900,7.5,-125,9,2.5,,
2026-09-06T00:45:57.988Z,X1422010,7913,45.28440,9.27836,27857.4,5.2,6.9,17.0,-46.7,-1.0,-1.0,RS41-SG,404.900,7.5,-125,9,2.5,,
2026-09-06T00:45:58.988Z,X1422010,7914,45.28447,9.27838,27863.1,6.0,8.3,7.5,-46.7,-1.0,-1.0,RS41-SG,404.900,7.5,250,9,2.5,,
2026-09-06T00:45:59.988Z,X1422010,7915,45.28454,9.27839,27868.7,5.1,9.0,0.2,-46.7,-1.0,-1.0,RS41-SG,404.900,7.5,250,9,2.6,,
2026-09-06T00:46:00.988Z,X1422010,7916,45.28463,9.27839,27873.8,5.2,9.2,356.7,-46.8,-1.0,-1.0,RS41-SG,404.900,7.2,250,9,2.6,,
2026-09-06T00:46:02.988Z,X1422010,7918,45.28478,9.27838,27886.1,6.5,7.3,6.4,-46.8,-1.0,-1.0,RS41-SG,404.900,7.1,250,9,2.5,,
2026-09-06T00:46:03.988Z,X1422010,7919,45.28483,9.27840,27892.1,5.4,6.1,18.9,-46.8,-1.0,-1.0,RS41-SG,404.900,6.8,250,9,2.5,,
2026-09-06T00:46:04.988Z,X1422010,7920,45.28488,9.27843,27897.0,4.4,5.0,35.8,-46.8,-1.0,-1.0,RS41-SG,404.900,6.6,250,9,2.6,,
2026-09-06T00:46:05.988Z,X1422010,7921,45.28491,9.27847,27901.4,4.6,4.0,57.4,-46.7,1.0,-1.0,RS41-SG,404.900,7.1,250,9,2.6,,
2026-09-06T00:46:06.988Z,X1422010,7922,45.28492,9.27852,27906.7,5.9,3.3,76.1,-46.7,1.0,-1.0,RS41-SG,404.900,7.3,250,9,2.5,,
2026-09-06T00:46:07.988Z,X1422010,7923,45.28493,9.27855,27912.5,5.7,2.5,81.1,-46.7,1.0,-1.0,RS41-SG,404.900,7.6,250,9,2.5,,
2026-09-06T00:46:08.988Z,X1422010,7924,45.28493,9.27858,27918.0,5.5,2.4,63.1,-46.7,1.0,-1.0,RS41-SG,404.900,7.6,250,9,2.5,,
2026-09-06T00:46:10.988Z,X1422010,7926,45.28498,9.27864,27929.8,6.4,5.0,37.6,-46.7,1.0,-1.0,RS41-SG,404.900,7.3,250,9,2.6,,
2026-09-06T00:46:11.988Z,X1422010,7927,45.28502,9.27869,27935.7,5.3,6.6,35.5,-46.7,1.0,-1.0,RS41-SG,404.900,7.5,-125,9,2.5,,
2026-09-06T00:46:12.988Z,X1422010,7928,45.28507,9.27874,27940.4,4.2,7.7,32.6,-46.7,1.0,-1.0,RS41-SG,404.900,7.5,-125,9,2.5,,
2026-09-06T00:46:13.988Z,X1422010,7929,45.28513,9.27879,27945.1,5.3,8.3,27.7,-46.7,1.0,-1.0,RS41-SG,404.900,7.5,-125,9,2.5,,
2026-09-06T00:46:14.988Z,X1422010,7930,45.28520,9.27883,27950.9,6.4,7.9,20.3,-46.7,1.0,-1.0,RS41-SG,404.900,7.5,250,9,2.6,,
2026-09-06T00:46:15.988Z,X1422010,7931,45.28526,9.27886,27956.8,5.5,7.2,15.1,-46.7,1.0,-1.0,RS41-SG,404.900,7.1,250,9,2.6,,
2026-09-06T00:46:17.988Z,X1422010,7933,45.28537,9.27891,27968.3,6.3,5.4,22.3,-46.7,1.0,-1.0,RS41-SG,404.900,7.0,250,9,2.5,,
2026-09-06T00:46:18.988Z,X1422010,7934,45.28541,9.27894,27974.6,6.4,5.2,38.5,-46.7,1.0,-1.0,RS41-SG,404.900,7.3,-125,9,2.5,,
2026-09-06T00:46:19.988Z,X1422010,7935,45.28544,9.27899,27980.3,5.0,5.4,50.9,-46.8,1.0,-1.0,RS41-SG,404.900,7.5,-125,9,2.5,,
2026-09-06T00:46:20.988Z,X1422010,7936,45.28547,9.27904,27985.3,4.8,5.5,61.6,-46.8,1.0,-1.0,RS41-SG,404.900,7.5,250,9,2.6,,
2026-09-06T00:46:21.988Z,X1422010,7937,45.28549,9.27911,27990.5,5.6,5.3,68.9,-46.8,1.0,-1.0,RS41-SG,404.900,7.4,250,9,2.6,,
2026-09-06T00:46:22.988Z,X1422010,7938,45.28551,9.27917,27996.3,6.1,4.8,70.5,-46.8,1.0,-1.0,RS41-SG,404.900,7.4,250,9,2.6,,
2026-09-06T00:46:23.988Z,X1422010,7939,45.28552,9.27922,28002.1,5.4,4.6,67.5,-46.8,1.1,-1.0,RS41-SG,404.900,7.4,250,9,2.5,,
2026-09-06T00:46:24.988Z,X1422010,7940,45.28554,9.27928,28007.3,5.1,5.0,60.5,-46.9,1.0,-1.0,RS41-SG,404.900,7.2,250,9,2.5,,
2026-09-06T00:46:25.988Z,X1422010,7941,45.28557,9.27934,28012.5,5.3,6.1,52.2,-46.9,1.0,-1.0,RS41-SG,404.900,7.3,250,9,2.5,,
2026-09-06T00:46:26.988Z,X1422010,7942,45.28561,9.27940,28018.4,6.2,7.7,46.8,-46.9,1.0,-1.0,RS41-SG,404.900,7.3,-125,9,2.5,,
2026-09-06T00:46:27.988Z,X1422010,7943,45.28566,9.27948,28024.2,5.5,8.7,43.6,-46.9,1.0,-1.0,RS41-SG,404.900,7.2,250,9,2.6,,
2026-09-06T00:46:28.988Z,X1422010,7944,45.28572,9.27955,28029.5,5.1,9.0,40.1,-46.9,1.0,-1.0,RS41-SG,404.900,7.2,-125,9,2.6,,
2026-09-06T00:46:30.988Z,X1422010,7946,45.28584,9.27967,28041.2,6.7,6.8,30.5,-46.9,1.0,-1.0,RS41-SG,404.900,7.3,250,10,2.5,,
2026-09-06T00:46:31.988Z,X1422010,7947,45.28589,9.27971,28047.0,4.9,5.3,24.7,-46.9,1.0,-1.0,RS41-SG,404.900,7.6,250,10,2.5,,
2026-09-06T00:46:32.988Z,X1422010,7948,45.28592,9.27973,28051.7,4.5,3.9,22.4,-46.9,1.0,-1.0,RS41-SG,404.900,7.6,250,10,2.6,,
2026-09-06T00:46:35.988Z,X1422010,7951,45.28598,9.27981,28067.8,4.5,3.5,62.1,-46.8,1.0,-1.0,RS41-SG,404.900,7.3,250,10,2.5,,
2026-09-06T00:46:36.988Z,X1422010,7952,45.28600,9.27986,28072.7,5.1,4.0,68.2,-46.8,1.0,-1.0,RS41-SG,404.900,7.9,-125,10,2.5,,
2026-09-06T00:46:37.988Z,X1422010,7953,45.28601,9.27990,28078.3,6.1,4.2,69.6,-46.7,1.0,-1.0,RS41-SG,404.900,7.9,250,10,2.6,,
2026-09-06T00:46:38.988Z,X1422010,7954,45.28602,9.27995,28084.3,5.9,3.9,67.3,-46.7,1.0,-1.0,RS41-SG,404.900,7.3,-125,9,2.6,,
2026-09-06T00:46:40.988Z,X1422010,7956,45.28606,9.28004,28095.4,5.5,4.6,52.3,-46.5,1.0,-1.0,RS41-SG,404.900,7.5,250,10,2.5,,
2026-09-06T00:46:41.988Z,X1422010,7957,45.28609,9.28009,28101.2,6.1,5.8,46.6,-46.5,1.0,-1.0,RS41-SG,404.900,7.5,250,10,2.5,,
2026-09-06T00:46:42.988Z,X1422010,7958,45.28613,9.28015,28107.1,5.5,6.8,44.0,-46.5,1.0,-1.0,RS41-SG,404.900,7.5,250,10,2.6,,
2026-09-06T00:46:43.988Z,X1422010,7959,45.28618,9.28021,28112.5,5.2,7.2,40.7,-46.4,1.0,-1.0,RS41-SG,404.900,7.5,250,10,2.6,,
2026-09-06T00:46:46.988Z,X1422010,7962,45.28631,9.28032,28129.8,5.2,3.9,16.2,-46.4,1.0,-1.0,RS41-SG,404.900,7.2,250,10,2.5,,
2026-09-06T00:46:50.988Z,X1422010,7966,45.28638,9.28038,28151.4,5.7,3.1,65.9,-46.4,1.0,-1.0,RS41-SG,404.900,6.9,250,10,2.5,,
2026-09-06T00:46:52.988Z,X1422010,7968,45.28641,9.28048,28160.7,4.4,5.1,76.4,-46.4,1.0,-1.0,RS41-SG,404.900,7.1,250,10,2.6,,
2026-09-06T00:46:55.988Z,X1422010,7971,45.28643,9.28066,28177.6,5.1,4.4,78.2,-46.4,1.0,-1.0,RS41-SG,404.900,7.0,250,10,2.5,,
2026-09-06T00:47:00.988Z,X1422010,7976,45.28654,9.28092,28205.1,5.7,4.9,49.1,-46.4,1.0,-1.0,RS41-SG,404.900,7.0,250,10,2.5,,
2026-09-06T00:47:07.988Z,X1422010,7983,45.28663,9.28117,28244.5,5.1,4.9,76.9,-46.4,1.0,-1.0,RS41-SG,404.900,6.5,250,10,2.6,,
2026-09-06T00:47:08.988Z,X1422010,7984,45.28663,9.28123,28250.0,5.8,5.1,81.8,-46.4,1.0,-1.0,RS41-SG,404.900,7.5,250,10,2.6,,
2026-09-06T00:47:09.988Z,X1422010,7985,45.28664,9.28129,28256.1,6.0,4.8,88.2,-46.4,1.0,-1.0,RS41-SG,404.900,7.5,250,10,2.5,,
2026-09-06T00:47:10.988Z,X1422010,7986,45.28664,9.28135,28261.4,4.7,4.3,95.6,-46.4,1.0,-1.0,RS41-SG,404.900,7.2,250,10,2.5,,
2026-09-06T00:47:12.988Z,X1422010,7988,45.28663,9.28145,28271.8,6.0,4.1,97.7,-46.5,1.0,-1.0,RS41-SG,404.900,7.2,250,10,2.6,,
2026-09-06T00:47:13.988Z,X1422010,7989,45.28663,9.28151,28277.9,6.2,4.3,89.3,-46.5,1.0,-1.0,RS41-SG,404.900,7.2,250,10,2.6,,
2026-09-06T00:47:14.988Z,X1422010,7990,45.28663,9.28156,28283.8,5.4,4.3,85.4,-46.5,1.0,-1.0,RS41-SG,404.900,6.7,250,10,2.5,,
2026-09-06T00:47:15.988Z,X1422010,7991,45.28663,9.28161,28289.4,5.9,3.8,82.3,-46.5,1.0,-1.0,RS41-SG,404.900,6.7,250,10,2.5,,
2026-09-06T00:47:21.988Z,X1422010,7997,45.28663,9.28180,28323.1,5.1,4.0,76.6,-46.6,1.0,-1.0,RS41-SG,404.900,6.7,-125,10,2.5,,
2026-09-06T00:47:23.988Z,X1422010,7999,45.28665,9.28191,28333.9,5.8,4.4,76.3,-46.6,1.0,-1.0,RS41-SG,404.900,7.2,250,10,2.6,,
2026-09-06T00:47:25.988Z,X1422010,8001,45.28667,9.28200,28345.6,5.0,2.3,78.8,-46.5,1.0,-1.0,RS41-SG,404.900,6.8,250,10,2.5,,
2026-09-06T00:47:26.988Z,X1422010,8002,45.28667,9.28202,28350.4,4.5,1.5,67.6,-46.5,1.0,-1.0,RS41-SG,404.900,6.9,250,10,2.5,,
2026-09-06T00:47:40.988Z,X1422010,8016,45.28682,9.28237,28427.3,6.6,4.0,106.7,-46.1,1.0,-1.0,RS41-SG,404.900,6.8,250,10,2.5,,
2026-09-06T00:47:52.988Z,X1422010,8028,45.28698,9.28260,28494.2,5.6,2.9,62.9,-46.1,0.9,-1.0,RS41-SG,404.900,6.9,250,10,2.6,,
2026-09-06T00:47:54.988Z,X1422010,8030,45.28701,9.28269,28505.3,5.1,4.4,61.6,-46.1,1.0,-1.0,RS41-SG,404.900,7.0,250,10,2.5,,
2026-09-06T00:48:04.988Z,X1422010,8040,45.28716,9.28293,28558.7,4.7,6.0,75.1,-46.2,1.0,-1.0,RS41-SG,404.900,6.9,250,10,2.5,,
2026-09-06T00:48:05.988Z,X1422010,8041,45.28718,9.28300,28563.9,5.7,6.0,71.2,-46.2,1.0,-1.0,RS41-SG,404.900,7.2,250,10,2.5,,
2026-09-06T00:48:06.988Z,X1422010,8042,45.28719,9.28307,28569.9,6.4,5.2,66.3,-46.1,1.0,-1.0,RS41-SG,404.900,7.3,250,10,2.5,,
2026-09-06T00:48:08.988Z,X1422010,8044,45.28723,9.28317,28580.7,5.3,3.8,57.0,-46.1,1.0,-1.0,RS41-SG,404.900,7.1,250,10,2.6,,
2026-09-06T00:48:09.988Z,X1422010,8045,45.28725,9.28321,28586.5,6.4,3.7,57.7,-46.1,1.0,-1.0,RS41-SG,404.900,6.7,250,10,2.5,,
2026-09-06T00:48:11.988Z,X1422010,8047,45.28728,9.28330,28598.2,5.2,4.3,68.7,-46.1,1.0,-1.0,RS41-SG,404.900,6.9,250,10,2.5,,
2026-09-06T00:48:13.988Z,X1422010,8049,45.28730,9.28340,28609.2,5.8,3.4,84.1,-46.1,1.0,-1.0,RS41-SG,404.900,6.8,250,10,2.6,,
2026-09-06T00:48:15.988Z,X1422010,8051,45.28730,9.28347,28620.0,4.4,2.5,101.7,-46.1,1.0,-1.0,RS41-SG,404.900,7.0,250,10,2.5,,
2026-09-06T00:48:16.988Z,X1422010,8052,45.28729,9.28350,28624.6,4.9,2.8,94.0,-46.1,1.0,-1.0,RS41-SG,404.900,7.0,250,10,2.5,,
2026-09-06T00:48:19.988Z,X1422010,8055,45.28732,9.28366,28641.9,4.9,5.7,69.2,-46.1,1.0,-1.0,RS41-SG,404.900,7.1,250,10,2.5,,
2026-09-06T00:48:21.988Z,X1422010,8057,45.28736,9.28379,28653.0,6.5,5.3,55.1,-46.1,1.0,-1.0,RS41-SG,404.900,7.0,250,10,2.5,,
2026-09-06T00:48:22.988Z,X1422010,8058,45.28739,9.28384,28659.2,6.0,4.1,44.6,-46.1,1.0,-1.0,RS41-SG,404.900,7.2,-125,10,2.6,,
2026-09-06T00:48:24.988Z,X1422010,8060,45.28744,9.28388,28668.5,4.5,2.8,18.3,-46.0,1.0,-1.0,RS41-SG,404.900,6.8,-125,10,2.5,,
2026-09-06T00:48:25.988Z,X1422010,8061,45.28746,9.28389,28673.7,5.9,2.7,17.8,-46.0,1.0,-1.0,RS41-SG,404.900,7.1,250,10,2.5,,
2026-09-06T00:48:26.988Z,X1422010,8062,45.28749,9.28391,28679.8,6.3,2.9,28.0,-45.9,1.0,-1.0,RS41-SG,404.900,7.3,-125,10,2.5,,
2026-09-06T00:48:27.988Z,X1422010,8063,45.28751,9.28393,28685.9,5.7,3.2,37.2,-45.9,1.0,-1.0,RS41-SG,404.900,7.4,250,10,2.6,,
2026-09-06T00:48:28.988Z,X1422010,8064,45.28753,9.28396,28691.6,5.7,3.2,43.2,-45.9,0.9,-1.0,RS41-SG,404.900,7.4,250,10,2.6,,
2026-09-06T00:48:29.988Z,X1422010,8065,45.28755,9.28398,28697.7,6.4,2.7,45.7,-45.9,1.0,-1.0,RS41-SG,404.900,7.4,-125,10,2.5,,
2026-09-06T00:48:30.988Z,X1422010,8066,45.28757,9.28400,28703.7,5.7,2.3,44.7,-45.8,0.9,-1.0,RS41-SG,404.900,7.4,-125,10,2.5,,
2026-09-06T00:48:32.988Z,X1422010,8068,45.28760,9.28405,28714.2,5.4,2.6,50.5,-45.8,1.0,-1.0,RS41-SG,404.900,7.0,-125,10,2.6,,
2026-09-06T00:48:33.988Z,X1422010,8069,45.28761,9.28408,28720.0,6.3,3.7,55.8,-45.8,1.0,-1.0,RS41-SG,404.900,7.3,250,10,2.6,,
2026-09-06T00:48:34.988Z,X1422010,8070,45.28763,9.28413,28726.0,5.6,4.9,59.3,-45.8,1.0,-1.0,RS41-SG,404.900,7.3,250,10,2.5,,
2026-09-06T00:48:35.988Z,X1422010,8071,45.28766,9.28418,28731.3,5.0,5.4,61.3,-45.8,1.0,-1.0,RS41-SG,404.900,7.4,-125,10,2.5,,
2026-09-06T00:48:36.988Z,X1422010,8072,45.28768,9.28424,28736.7,5.7,5.2,61.8,-45.8,1.0,-1.0,RS41-SG,404.900,7.4,-125,10,2.5,,
2026-09-06T00:48:37.988Z,X1422010,8073,45.28770,9.28430,28742.8,6.4,4.1,61.6,-45.8,1.0,-1.0,RS41-SG,404.900,7.4,-125,10,2.6,,
2026-09-06T00:48:38.988Z,X1422010,8074,45.28771,9.28433,28748.8,5.5,2.9,61.7,-45.8,1.0,-1.0,RS41-SG,404.900,7.3,250,10,2.6,,
2026-09-06T00:48:39.988Z,X1422010,8075,45.28772,9.28436,28754.0,4.6,2.0,67.2,-45.8,0.9,-1.0,RS41-SG,404.900,7.3,-125,10,2.5,,
2026-09-06T00:48:40.988Z,X1422010,8076,45.28773,9.28438,28758.9,5.1,1.8,78.3,-45.8,1.0,-1.0,RS41-SG,404.900,7.2,-125,10,2.5,,
2026-09-06T00:48:43.988Z,X1422010,8079,45.28774,9.28450,28776.4,5.1,4.6,77.0,-45.7,1.0,-1.0,RS41-SG,404.900,7.0,250,10,2.6,,
2026-09-06T00:48:44.988Z,X1422010,8080,45.28776,9.28456,28781.4,4.9,5.0,73.5,-45.7,0.9,-1.0,RS41-SG,404.900,7.5,-125,10,2.5,,
2026-09-06T00:48:45.988Z,X1422010,8081,45.28777,9.28462,28786.7,5.7,4.6,68.7,-45.7,0.9,-1.0,RS41-SG,404.900,7.5,250,10,2.5,,
2026-09-06T00:48:46.988Z,X1422010,8082,45.28779,9.28467,28792.8,6.3,3.9,59.4,-45.7,0.9,-1.0,RS41-SG,404.900,8.0,-125,10,2.5,,
2026-09-06T00:48:48.988Z,X1422010,8084,45.28783,9.28473,28803.6,5.2,3.3,34.5,-45.6,1.0,-1.0,RS41-SG,404.900,7.6,250,10,2.6,,
2026-09-06T00:48:49.988Z,X1422010,8085,45.28785,9.28475,28809.3,6.0,4.0,30.7,-45.6,1.0,-1.0,RS41-SG,404.900,7.6,250,10,2.5,,
2026-09-06T00:48:50.988Z,X1422010,8086,45.28789,9.28478,28815.3,5.8,5.0,33.4,-45.6,0.9,-1.0,RS41-SG,404.900,7.3,250,10,2.5,,
2026-09-06T00:48:51.988Z,X1422010,8087,45.28793,9.28482,28820.7,4.8,5.9,36.9,-45.6,0.9,-1.0,RS41-SG,404.900,7.7,250,10,2.5,,
2026-09-06T00:48:52.988Z,X1422010,8088,45.28797,9.28487,28825.5,4.9,6.1,37.6,-45.6,1.0,-1.0,RS41-SG,404.900,7.7,250,10,2.6,,
2026-09-06T00:48:53.988Z,X1422010,8089,45.28801,9.28491,28830.7,5.6,5.6,37.3,-45.6,0.9,-1.0,RS41-SG,404.900,7.3,250,10,2.6,,
2026-09-06T00:48:54.988Z,X1422010,8090,45.28805,9.28495,28836.9,6.7,4.5,36.8,-45.6,1.0,-1.0,RS41-SG,404.900,7.1,250,10,2.5,,
2026-09-06T00:48:55.988Z,X1422010,8091,45.28808,9.28498,28843.2,5.8,3.4,39.0,-45.6,1.0,-1.0,RS41-SG,404.900,7.8,250,10,2.5,,
2026-09-06T00:48:56.988Z,X1422010,8092,45.28810,9.28501,28848.8,5.4,2.8,52.2,-45.6,0.9,-1.0,RS41-SG,404.900,7.8,250,9,2.5,,
2026-09-06T00:48:58.988Z,X1422010,8094,45.28811,9.28509,28859.8,5.8,4.2,88.0,-45.6,0.9,-1.0,RS41-SG,404.900,7.2,250,10,2.6,,
2026-09-06T00:48:59.988Z,X1422010,8095,45.28811,9.28515,28865.7,5.8,5.6,94.8,-45.6,0.9,-1.0,RS41-SG,404.900,8.0,250,10,2.5,,
2026-09-06T00:49:00.988Z,X1422010,8096,45.28811,9.28523,28870.9,4.5,6.4,96.0,-45.6,0.9,-1.0,RS41-SG,404.900,8.2,-125,10,2.5,,
2026-09-06T00:49:01.988Z,X1422010,8097,45.28810,9.28531,28875.7,4.9,6.5,97.8,-45.6,0.9,-1.0,RS41-SG,404.900,8.2,250,10,2.5,,
2026-09-06T00:49:02.988Z,X1422010,8098,45.28809,9.28539,28881.3,6.1,5.6,98.7,-45.6,1.0,-1.0,RS41-SG,404.900,8.5,250,10,2.6,,
2026-09-06T00:49:03.988Z,X1422010,8099,45.28809,9.28545,28887.7,6.6,4.1,94.6,-45.6,1.0,-1.0,RS41-SG,404.900,8.5,250,10,2.6,,
2026-09-06T00:49:04.988Z,X1422010,8100,45.28809,9.28549,28893.8,5.4,2.9,79.0,-45.6,1.0,-1.0,RS41-SG,404.900,7.2,250,10,2.5,,
2026-09-06T00:49:06.988Z,X1422010,8102,45.28812,9.28555,28904.4,5.5,4.4,30.6,-45.6,1.0,-1.0,RS41-SG,404.900,7.4,250,10,2.5,,
2026-09-06T00:49:07.988Z,X1422010,8103,45.28817,9.28559,28910.4,6.3,6.3,30.1,-45.6,1.0,-1.0,RS41-SG,404.900,7.4,250,10,2.6,,
2026-09-06T00:49:08.988Z,X1422010,8104,45.28822,9.28563,28916.1,5.1,7.5,33.7,-45.6,1.0,-1.0,RS41-SG,404.900,7.5,250,10,2.6,,
2026-09-06T00:49:09.988Z,X1422010,8105,45.28827,9.28569,28921.1,5.0,8.1,39.1,-45.6,0.9,-1.0,RS41-SG,404.900,7.5,250,10,2.5,,
2026-09-06T00:49:10.988Z,X1422010,8106,45.28833,9.28576,28926.5,5.9,7.8,45.3,-45.6,1.0,-1.0,RS41-SG,404.900,7.4,250,10,2.5,,
2026-09-06T00:49:11.988Z,X1422010,8107,45.28837,9.28583,28932.9,6.9,6.6,54.2,-45.6,0.9,-1.0,RS41-SG,404.900,7.3,250,10,2.5,,
2026-09-06T00:49:12.988Z,X1422010,8108,45.28840,9.28589,28939.3,5.6,5.4,65.2,-45.6,0.9,-1.0,RS41-SG,404.900,7.1,250,10,2.6,,
2026-09-06T00:49:13.988Z,X1422010,8109,45.28841,9.28596,28944.8,5.3,5.0,81.3,-45.6,1.0,-1.0,RS41-SG,404.900,7.1,250,10,2.6,,
2026-09-06T00:49:14.988Z,X1422010,8110,45.28841,9.28602,28950.4,5.9,5.5,94.9,-45.6,1.0,-1.0,RS41-SG,404.900,7.1,250,10,2.5,,
2026-09-06T00:49:15.988Z,X1422010,8111,45.28840,9.28610,28956.5,6.3,6.4,98.8,-45.7,1.0,-1.0,RS41-SG,404.900,8.3,250,10,2.5,,
2026-09-06T00:49:16.988Z,X1422010,8112,45.28840,9.28618,28962.4,5.4,7.0,96.1,-45.7,0.9,-1.0,RS41-SG,404.900,8.3,250,10,2.5,,
2026-09-06T00:49:17.988Z,X1422010,8113,45.28839,9.28627,28967.9,5.6,7.0,91.2,-45.7,1.0,-1.0,RS41-SG,404.900,7.4,250,10,2.6,,
2026-09-06T00:49:18.988Z,X1422010,8114,45.28840,9.28635,28973.8,6.2,6.3,81.9,-45.7,1.0,-1.0,RS41-SG,404.900,7.8,250,10,2.6,,
2026-09-06T00:49:19.988Z,X1422010,8115,45.28841,9.28643,28980.2,6.6,5.4,66.7,-45.7,1.0,-1.0,RS41-SG,404.900,7.8,250,10,2.5,,
2026-09-06T00:49:20.988Z,X1422010,8116,45.28843,9.28648,28986.1,5.3,5.1,50.8,-45.8,1.0,-1.0,RS41-SG,404.900,7.7,250,10,2.5,,
2026-09-06T00:49:21.988Z,X1422010,8117,45.28847,9.28653,28991.2,4.9,5.3,40.5,-45.8,1.0,-1.0,RS41-SG,404.900,7.5,250,10,2.5,,
2026-09-06T00:49:22.988Z,X1422010,8118,45.28850,9.28657,28996.5,5.6,5.8,40.3,-45.8,1.0,-1.0,RS41-SG,404.900,7.5,250,10,2.6,,
2026-09-06T00:49:23.988Z,X1422010,8119,45.28854,9.28663,29002.4,6.4,6.5,50.3,-45.8,1.0,-1.0,RS41-SG,404.900,6.9,250,10,2.6,,
2026-09-06T00:49:24.988Z,X1422010,8120,45.28857,9.28670,29008.7,6.2,7.1,62.9,-45.8,1.0,-1.0,RS41-SG,404.900,7.2,250,10,2.5,,
2026-09-06T00:49:25.988Z,X1422010,8121,45.28860,9.28679,29014.5,5.4,7.6,75.9,-45.9,1.0,-1.0,RS41-SG,404.900,7.2,250,10,2.5,,
2026-09-06T00:49:26.988Z,X1422010,8122,45.28861,9.28688,29019.7,5.0,7.8,90.6,-45.9,1.0,-1.0,RS41-SG,404.900,7.3,250,10,2.5,,
2026-09-06T00:49:27.988Z,X1422010,8123,45.28859,9.28698,29024.8,5.2,7.8,107.9,-45.8,1.0,-1.0,RS41-SG,404.900,7.3,250,10,2.6,,
2026-09-06T00:49:28.988Z,X1422010,8124,45.28856,9.28707,29030.2,5.7,7.9,124.9,-45.8,1.0,-1.0,RS41-SG,404.900,7.6,250,10,2.6,,
2026-09-06T00:49:29.988Z,X1422010,8125,45.28852,9.28714,29035.6,5.3,7.8,137.6,-45.7,1.0,-1.0,RS41-SG,404.900,7.9,250,10,2.5,,
2026-09-06T00:49:30.988Z,X1422010,8126,45.28846,9.28720,29040.6,4.7,7.3,143.0,-45.6,1.0,-1.0,RS41-SG,404.900,7.9,250,10,2.5,,
2026-09-06T00:49:31.988Z,X1422010,8127,45.28842,9.28726,29045.7,5.5,6.1,139.8,-45.6,0.9,-1.0,RS41-SG,404.900,8.3,250,10,2.5,,
2026-09-06T00:49:32.988Z,X1422010,8128,45.28839,9.28731,29051.6,6.2,5.0,120.9,-45.5,1.0,-1.0,RS41-SG,404.900,8.3,250,10,2.6,,
2026-09-06T00:49:33.988Z,X1422010,8129,45.28837,9.28737,29057.8,6.3,5.1,91.8,-45.5,1.0,-1.0,RS41-SG,404.900,8.2,250,10,2.6,,
2026-09-06T00:49:34.988Z,X1422010,8130,45.28838,9.28744,29063.3,4.7,6.4,74.4,-45.5,0.9,-1.0,RS41-SG,404.900,8.2,250,10,2.5,,
2026-09-06T00:49:35.988Z,X1422010,8131,45.28840,9.28752,29067.6,4.0,7.5,66.5,-45.5,1.0,-1.0,RS41-SG,404.900,8.2,250,10,2.5,,
2026-09-06T00:49:36.988Z,X1422010,8132,45.28843,9.28761,29072.3,5.3,7.8,67.0,-45.5,0.9,-1.0,RS41-SG,404.900,8.2,250,10,2.5,,
2026-09-06T00:49:37.988Z,X1422010,8133,45.28845,9.28770,29078.3,6.8,7.1,75.2,-45.5,1.0,-1.0,RS41-SG,404.900,7.7,250,10,2.6,,
2026-09-06T00:49:38.988Z,X1422010,8134,45.28846,9.28778,29085.0,6.8,6.1,91.3,-45.5,1.0,-1.0,RS41-SG,404.900,7.6,250,10,2.6,,
2026-09-06T00:49:39.988Z,X1422010,8135,45.28845,9.28786,29090.8,4.7,5.7,107.8,-45.5,1.0,-1.0,RS41-SG,404.900,7.6,250,10,2.5,,
2026-09-06T00:49:40.988Z,X1422010,8136,45.28843,9.28792,29095.3,4.6,5.7,124.9,-45.5,0.9,-1.0,RS41-SG,404.900,7.7,250,10,2.5,,
2026-09-06T00:49:41.988Z,X1422010,8137,45.28839,9.28798,29100.6,5.8,5.9,134.5,-45.5,0.9,-1.0,RS41-SG,404.900,7.7,250,10,2.5,,
2026-09-06T00:49:42.988Z,X1422010,8138,45.28836,9.28803,29106.5,6.2,5.9,136.3,-45.5,0.9,-1.0,RS41-SG,404.900,7.9,250,10,2.6,,
2026-09-06T00:49:43.988Z,X1422010,8139,45.28832,9.28808,29112.2,5.3,5.5,134.1,-45.5,0.9,-1.0,RS41-SG,404.900,8.3,250,10,2.6,,
2026-09-06T00:49:44.988Z,X1422010,8140,45.28829,9.28813,29118.0,6.0,5.0,133.9,-45.5,0.9,-1.0,RS41-SG,404.900,8.3,250,10,2.5,,
2026-09-06T00:49:45.988Z,X1422010,8141,45.28826,9.28817,29124.1,6.4,4.4,136.1,-45.6,0.9,-1.0,RS41-SG,404.900,7.5,250,10,2.5,,
2026-09-06T00:49:46.988Z,X1422010,8142,45.28823,9.28821,29129.9,5.3,4.0,138.3,-45.6,0.9,-1.0,RS41-SG,404.900,7.3,250,10,2.5,,
2026-09-06T00:49:48.988Z,X1422010,8144,45.28819,9.28827,29140.2,5.2,2.4,114.5,-45.6,0.9,-1.0,RS41-SG,404.900,7.4,250,10,2.6,,
2026-09-06T00:49:49.988Z,X1422010,8145,45.28819,9.28830,29145.7,5.8,2.6,75.7,-45.6,1.0,-1.0,RS41-SG,404.900,7.9,250,10,2.5,,
2026-09-06T00:49:50.988Z,X1422010,8146,45.28820,9.28833,29151.6,6.1,3.7,58.5,-45.6,1.0,-1.0,RS41-SG,404.900,7.9,250,9,2.5,,
2026-09-06T00:49:51.988Z,X1422010,8147,45.28822,9.28838,29157.5,5.6,4.6,61.6,-45.6,0.9,-1.0,RS41-SG,404.900,6.9,250,10,2.5,,
2026-09-06T00:49:52.988Z,X1422010,8148,45.28823,9.28843,29163.1,5.5,5.1,73.8,-45.5,1.0,-1.0,RS41-SG,404.900,6.8,250,10,2.6,,
2026-09-06T00:49:53.988Z,X1422010,8149,45.28824,9.28850,29169.0,6.3,5.7,95.0,-45.4,0.9,-1.0,RS41-SG,404.900,7.7,250,10,2.6,,
2026-09-06T00:49:54.988Z,X1422010,8150,45.28822,9.28857,29175.5,6.4,6.5,115.0,-45.4,0.9,-1.0,RS41-SG,404.900,8.2,250,10,2.5,,
2026-09-06T00:49:55.988Z,X1422010,8151,45.28819,9.28865,29181.1,4.7,7.3,128.5,-45.3,0.9,-1.0,RS41-SG,404.900,8.2,250,9,2.5,,
2026-09-06T00:49:56.988Z,X1422010,8152,45.28815,9.28872,29185.8,4.8,7.7,138.0,-45.3,0.9,-1.0,RS41-SG,404.900,8.1,250,9,2.5,,
2026-09-06T00:49:58.988Z,X1422010,8154,45.28805,9.28882,29198.0,7.0,5.1,141.1,-45.3,0.9,-1.0,RS41-SG,404.900,7.8,250,9,2.6,,
2026-09-06T00:49:59.988Z,X1422010,8155,45.28803,9.28886,29204.5,5.9,3.1,130.6,-45.3,0.9,-1.0,RS41-SG,404.900,8.3,250,9,2.5,,
2026-09-06T00:50:01.988Z,X1422010,8157,45.28802,9.28890,29214.3,4.6,1.3,42.0,-45.3,0.9,-1.0,RS41-SG,404.900,7.6,250,9,2.5,,
2026-09-06T00:50:02.988Z,X1422010,8158,45.28803,9.28891,29219.8,6.1,1.7,13.7,-45.3,1.0,-1.0,RS41-SG,404.900,7.6,-125,9,2.6,,
2026-09-06T00:50:03.988Z,X1422010,8159,45.28804,9.28891,29225.9,6.1,1.6,15.6,-45.3,1.0,-1.0,RS41-SG,404.900,7.2,250,9,2.6,,
2026-09-06T00:50:04.988Z,X1422010,8160,45.28806,9.28892,29231.9,5.8,1.5,33.1,-45.3,0.9,-1.0,RS41-SG,404.900,7.2,250,9,2.5,,
2026-09-06T00:50:05.988Z,X1422010,8161,45.28807,9.28894,29238.0,6.1,2.2,56.0,-45.3,1.0,-1.0,RS41-SG,404.900,7.4,250,9,2.5,,
2026-09-06T00:50:06.988Z,X1422010,8162,45.28808,9.28897,29244.3,6.5,3.3,68.5,-45.3,0.9,-1.0,RS41-SG,404.900,7.7,250,9,2.5,,
2026-09-06T00:50:07.988Z,X1422010,8163,45.28809,9.28902,29250.0,5.0,4.5,75.4,-45.3,0.9,-1.0,RS41-SG,404.900,7.7,-125,9,2.6,,
2026-09-06T00:50:08.988Z,X1422010,8164,45.28810,9.28908,29255.1,5.0,5.4,85.4,-45.3,0.9,-1.0,RS41-SG,404.900,7.5,250,9,2.6,,
2026-09-06T00:50:09.988Z,X1422010,8165,45.28809,9.28915,29260.5,5.7,6.2,99.3,-45.2,0.9,-1.0,RS41-SG,404.900,7.2,250,9,2.5,,
2026-09-06T00:50:10.988Z,X1422010,8166,45.28808,9.28923,29266.3,6.0,6.7,114.0,-45.2,0.9,-1.0,RS41-SG,404.900,8.0,250,9,2.5,,
2026-09-06T00:50:11.988Z,X1422010,8167,45.28805,9.28930,29272.2,5.7,6.7,124.1,-45.2,0.9,-1.0,RS41-SG,404.900,8.1,250,9,2.5,,
2026-09-06T00:50:12.988Z,X1422010,8168,45.28801,9.28937,29277.9,5.7,6.1,129.8,-45.1,0.9,-1.0,RS41-SG,404.900,8.1,250,9,2.6,,
2026-09-06T00:50:14.988Z,X1422010,8170,45.28796,9.28946,29290.0,6.5,2.6,108.3,-45.1,0.9,-1.0,RS41-SG,404.900,6.9,250,9,2.5,,
2026-09-06T00:50:15.988Z,X1422010,8171,45.28797,9.28948,29296.4,6.0,2.2,49.4,-45.1,0.9,-1.0,RS41-SG,404.900,7.3,250,9,2.5,,
2026-09-06T00:50:16.988Z,X1422010,8172,45.28799,9.28950,29301.5,4.1,3.3,20.1,-45.1,0.9,-1.0,RS41-SG,404.900,7.3,250,9,2.5,,
2026-09-06T00:50:19.988Z,X1422010,8175,45.28809,9.28955,29316.9,6.8,3.9,33.1,-45.0,0.9,-1.0,RS41-SG,404.900,7.2,250,9,2.5,,
2026-09-06T00:50:20.988Z,X1422010,8176,45.28812,9.28959,29323.1,5.5,3.5,57.9,-45.0,0.9,-1.0,RS41-SG,404.900,7.4,250,9,2.5,,
2026-09-06T00:50:23.988Z,X1422010,8179,45.28814,9.28977,29339.2,6.2,6.6,85.8,-44.9,0.9,-1.0,RS41-SG,404.900,7.6,250,9,2.6,,
2026-09-06T00:50:25.988Z,X1422010,8181,45.28816,9.28994,29350.7,4.8,7.4,79.1,-44.9,0.9,-1.0,RS41-SG,404.900,7.8,250,9,2.5,,
2026-09-06T00:50:26.988Z,X1422010,8182,45.28817,9.29004,29355.7,5.2,7.4,77.9,-44.9,0.9,-1.0,RS41-SG,404.900,7.8,250,9,2.5,,
2026-09-06T00:50:27.988Z,X1422010,8183,45.28818,9.29012,29361.4,6.2,6.8,80.4,-44.9,0.9,-1.0,RS41-SG,404.900,7.6,250,9,2.6,,
2026-09-06T00:50:29.988Z,X1422010,8185,45.28819,9.29027,29373.4,5.4,4.9,85.9,-44.9,0.9,-1.0,RS41-SG,404.900,7.9,250,9,2.5,,
2026-09-06T00:50:30.988Z,X1422010,8186,45.28820,9.29033,29379.0,5.7,3.9,76.8,-44.8,0.9,-1.0,RS41-SG,404.900,8.0,250,9,2.5,,
2026-09-06T00:50:31.988Z,X1422010,8187,45.28821,9.29037,29385.0,6.4,3.5,53.8,-44.8,0.9,-1.0,RS41-SG,404.900,8.0,250,9,2.5,,
2026-09-06T00:50:32.988Z,X1422010,8188,45.28824,9.29040,29391.1,5.8,4.1,34.8,-44.8,0.9,-1.0,RS41-SG,404.900,7.2,250,9,2.6,,
2026-09-06T00:50:34.988Z,X1422010,8190,45.28831,9.29047,29401.9,5.9,5.7,38.7,-44.8,0.9,-1.0,RS41-SG,404.900,7.2,250,9,2.5,,
2026-09-06T00:50:35.988Z,X1422010,8191,45.28835,9.29053,29408.1,6.6,6.2,54.4,-44.8,0.9,-1.0,RS41-SG,404.900,7.2,250,9,2.5,,
2026-09-06T00:50:36.988Z,X1422010,8192,45.28837,9.29060,29414.2,5.5,7.0,68.5,-44.8,0.9,-1.0,RS41-SG,404.900,7.2,250,9,2.5,,
2026-09-06T00:50:38.988Z,X1422010,8194,45.28841,9.29080,29424.1,5.0,8.7,82.0,-44.8,0.9,-1.0,RS41-SG,404.900,7.6,250,9,2.6,,
2026-09-06T00:50:39.988Z,X1422010,8195,45.28842,9.29091,29429.9,6.3,9.0,79.9,-44.8,0.9,-1.0,RS41-SG,404.900,7.6,250,9,2.5,,
2026-09-06T00:50:40.988Z,X1422010,8196,45.28844,9.29102,29436.3,6.6,8.7,74.0,-44.8,0.9,-1.0,RS41-SG,404.900,7.6,250,9,2.5,,
2026-09-06T00:50:41.988Z,X1422010,8197,45.28846,9.29112,29442.2,5.2,8.1,68.8,-44.8,0.9,-1.0,RS41-SG,404.900,7.1,250,9,2.5,,
2026-09-06T00:50:43.988Z,X1422010,8199,45.28851,9.29128,29453.6,6.3,5.6,64.6,-44.8,0.9,-1.0,RS41-SG,404.900,7.6,250,9,2.6,,
2026-09-06T00:50:44.988Z,X1422010,8200,45.28853,9.29133,29459.8,6.1,4.1,71.7,-44.7,0.9,-1.0,RS41-SG,404.900,7.6,250,9,2.5,,
2026-09-06T00:50:47.988Z,X1422010,8203,45.28854,9.29144,29475.1,5.8,2.1,75.7,-44.6,0.9,-1.0,RS41-SG,404.900,6.5,250,9,2.6,,
2026-09-06T00:50:48.988Z,X1422010,8204,45.28855,9.29147,29481.2,6.5,2.5,57.2,-44.5,0.9,-1.0,RS41-SG,404.900,6.8,250,9,2.6,,
2026-09-06T00:50:50.988Z,X1422010,8206,45.28858,9.29154,29493.1,5.8,4.1,58.7,-44.3,0.9,-1.0,RS41-SG,404.900,6.6,250,9,2.5,,
2026-09-06T00:50:52.988Z,X1422010,8208,45.28861,9.29166,29505.6,6.3,6.1,86.3,-44.2,0.9,-1.0,RS41-SG,404.900,6.9,250,9,2.6,,
2026-09-06T00:50:53.988Z,X1422010,8209,45.28861,9.29174,29511.2,4.8,6.9,94.8,-44.1,0.9,-1.0,RS41-SG,404.900,7.1,250,9,2.6,,
2026-09-06T00:50:55.988Z,X1422010,8211,45.28859,9.29192,29521.3,5.8,7.3,96.4,-44.1,0.9,-1.0,RS41-SG,404.900,7.8,250,9,2.5,,
2026-09-06T00:50:56.988Z,X1422010,8212,45.28859,9.29201,29527.3,6.2,6.6,90.4,-44.1,0.9,-1.0,RS41-SG,404.900,8.2,250,9,2.5,,
2026-09-06T00:50:57.988Z,X1422010,8213,45.28859,9.29209,29533.4,5.8,5.6,83.5,-44.1,0.9,-1.0,RS41-SG,404.900,8.2,250,9,2.6,,
2026-09-06T00:50:58.988Z,X1422010,8214,45.28860,9.29215,29538.7,4.9,4.6,78.4,-44.1,0.9,-1.0,RS41-SG,404.900,7.4,250,9,2.6,,
2026-09-06T00:50:59.988Z,X1422010,8215,45.28860,9.29220,29543.7,5.0,3.7,83.6,-44.1,0.9,-1.0,RS41-SG,404.900,7.5,250,9,2.5,,
2026-09-06T00:51:00.988Z,X1422010,8216,45.28860,9.29225,29549.2,5.9,3.2,103.2,-44.1,0.9,-1.0,RS41-SG,404.900,7.5,250,9,2.5,,
2026-09-06T00:51:01.988Z,X1422010,8217,45.28859,9.29229,29555.2,6.0,3.8,123.2,-44.0,0.9,-1.0,RS41-SG,404.900,7.7,250,9,2.5,,
2026-09-06T00:51:02.988Z,X1422010,8218,45.28856,9.29233,29560.6,5.0,4.6,132.2,-44.0,0.9,-1.0,RS41-SG,404.900,7.7,250,9,2.6,,
2026-09-06T00:51:03.988Z,X1422010,8219,45.28854,9.29237,29565.7,5.1,5.0,130.9,-44.0,0.9,-1.0,RS41-SG,404.900,7.5,250,9,2.6,,
2026-09-06T00:51:04.988Z,X1422010,8220,45.28851,9.29242,29571.3,6.2,5.0,123.5,-43.9,0.9,-1.0,RS41-SG,404.900,7.3,250,9,2.5,,
2026-09-06T00:51:05.988Z,X1422010,8221,45.28849,9.29248,29577.6,6.3,4.6,106.8,-43.9,0.9,-1.0,RS41-SG,404.900,7.3,250,9,2.5,,
2026-09-06T00:51:06.988Z,X1422010,8222,45.28848,9.29253,29583.1,4.9,4.7,91.4,-43.8,0.9,-1.0,RS41-SG,404.900,7.1,250,9,2.5,,
2026-09-06T00:51:08.988Z,X1422010,8224,45.28850,9.29267,29594.0,5.9,6.2,76.9,-43.8,0.9,-1.0,RS41-SG,404.900,7.1,250,9,2.6,,
2026-09-06T00:51:09.988Z,X1422010,8225,45.28851,9.29275,29599.9,5.9,6.8,79.1,-43.7,0.9,-1.0,RS41-SG,404.900,7.6,250,9,2.5,,
2026-09-06T00:51:11.988Z,X1422010,8227,45.28853,9.29292,29610.0,5.3,6.5,78.9,-43.7,0.9,-1.0,RS41-SG,404.900,8.1,250,9,2.5,,
2026-09-06T00:51:12.988Z,X1422010,8228,45.28855,9.29299,29615.6,6.1,5.5,72.2,-43.6,0.8,-1.0,RS41-SG,404.900,8.1,250,9,2.6,,
2026-09-06T00:51:13.988Z,X1422010,8229,45.28856,9.29305,29621.7,5.9,4.5,60.7,-43.6,0.9,-1.0,RS41-SG,404.900,7.8,250,9,2.6,,
2026-09-06T00:51:14.988Z,X1422010,8230,45.28858,9.29310,29627.0,4.6,3.7,50.1,-43.5,0.9,-1.0,RS41-SG,404.900,7.8,250,9,2.5,,
2026-09-06T00:51:16.988Z,X1422010,8232,45.28861,9.29314,29637.4,6.1,1.6,63.3,-43.4,0.8,-1.0,RS41-SG,404.900,7.1,250,9,2.5,,
2026-09-06T00:51:17.988Z,X1422010,8233,45.28861,9.29316,29643.6,6.3,1.7,109.6,-43.4,0.8,-1.0,RS41-SG,404.900,8.0,250,9,2.6,,
2026-09-06T00:51:18.988Z,X1422010,8234,45.28861,9.29319,29649.4,5.3,2.7,120.4,-43.4,0.8,-1.0,RS41-SG,404.900,8.0,250,9,2.6,,
2026-09-06T00:51:19.988Z,X1422010,8235,45.28859,9.29323,29654.7,5.5,3.7,112.9,-43.3,0.8,-1.0,RS41-SG,404.900,7.7,250,9,2.6,,
2026-09-06T00:51:20.988Z,X1422010,8236,45.28858,9.29328,29660.6,5.9,4.7,96.7,-43.2,0.8,-1.0,RS41-SG,404.900,7.7,250,9,2.5,,
2026-09-06T00:51:24.988Z,X1422010,8240,45.28866,9.29359,29681.9,5.2,7.9,60.9,-42.9,0.8,-1.0,RS41-SG,404.900,7.1,250,9,2.6,,
2026-09-06T00:51:25.988Z,X1422010,8241,45.28869,9.29368,29687.7,6.6,7.1,62.7,-42.9,0.8,-1.0,RS41-SG,404.900,7.1,250,9,2.6,,
2026-09-06T00:51:26.988Z,X1422010,8242,45.28872,9.29375,29694.1,6.3,5.6,68.1,-42.8,0.8,-1.0,RS41-SG,404.900,7.7,250,9,2.5,,
2026-09-06T00:51:27.988Z,X1422010,8243,45.28873,9.29381,29699.8,5.0,4.0,71.3,-42.8,0.8,-1.0,RS41-SG,404.900,7.7,250,9,2.5,,
2026-09-06T00:51:28.988Z,X1422010,8244,45.28874,9.29384,29704.9,5.4,2.3,61.2,-42.8,0.8,-1.0,RS41-SG,404.900,7.9,250,9,2.5,,
2026-09-06T00:51:29.988Z,X1422010,8245,45.28876,9.29386,29710.8,6.3,1.7,11.8,-42.8,0.8,-1.0,RS41-SG,404.900,7.9,250,9,2.6,,
2026-09-06T00:51:30.988Z,X1422010,8246,45.28877,9.29386,29716.9,5.8,2.7,347.0,-42.8,0.8,-1.0,RS41-SG,404.900,7.4,250,9,2.6,,
2026-09-06T00:51:31.988Z,X1422010,8247,45.28880,9.29385,29722.4,5.2,3.5,347.7,-42.7,0.8,-1.0,RS41-SG,404.900,7.8,250,9,2.5,,
2026-09-06T00:51:32.988Z,X1422010,8248,45.28883,9.29384,29727.7,5.5,3.8,356.6,-42.7,0.8,-1.0,RS41-SG,404.900,7.8,250,9,2.5,,
2026-09-06T00:51:35.988Z,X1422010,8251,45.28892,9.29390,29744.8,4.4,4.3,52.2,-42.6,0.8,-1.0,RS41-SG,404.900,7.7,250,9,2.6,,
2026-09-06T00:51:36.988Z,X1422010,8252,45.28894,9.29395,29749.4,4.7,5.3,56.5,-42.6,0.8,-1.0,RS41-SG,404.900,7.9,250,9,2.5,,
2026-09-06T00:51:37.988Z,X1422010,8253,45.28897,9.29401,29754.5,5.5,6.2,50.7,-42.5,0.8,-1.0,RS41-SG,404.900,8.0,250,9,2.5,,
2026-09-06T00:51:38.988Z,X1422010,8254,45.28902,9.29407,29760.4,6.2,7.2,40.3,-42.5,0.8,-1.0,RS41-SG,404.900,8.0,250,9,2.5,,
2026-09-06T00:51:40.988Z,X1422010,8256,45.28914,9.29417,29771.3,4.4,8.2,25.0,-42.4,0.8,-1.0,RS41-SG,404.900,7.8,250,9,2.6,,
2026-09-06T00:51:41.988Z,X1422010,8257,45.28920,9.29421,29775.9,4.8,7.9,22.0,-42.4,0.8,-1.0,RS41-SG,404.900,7.8,250,9,2.5,,
2026-09-06T00:51:42.988Z,X1422010,8258,45.28926,9.29425,29781.3,5.9,6.9,23.5,-42.5,0.8,-1.0,RS41-SG,404.900,7.3,250,9,2.5,,
2026-09-06T00:51:43.988Z,X1422010,8259,45.28931,9.29429,29787.3,6.1,5.9,32.1,-42.5,0.8,-1.0,RS41-SG,404.900,7.7,250,9,2.5,,
2026-09-06T00:51:44.988Z,X1422010,8260,45.28935,9.29433,29792.9,5.0,5.4,41.6,-42.6,0.8,-1.0,RS41-SG,404.900,7.7,250,9,2.6,,
2026-09-06T00:51:45.988Z,X1422010,8261,45.28939,9.29438,29798.1,5.4,5.3,49.4,-42.6,0.8,-1.0,RS41-SG,404.900,7.7,250,9,2.6,,
2026-09-06T00:51:46.988Z,X1422010,8262,45.28942,9.29443,29804.0,6.3,5.5,48.5,-42.6,0.8,-1.0,RS41-SG,404.900,7.4,250,9,2.5,,
2026-09-06T00:51:47.988Z,X1422010,8263,45.28945,9.29448,29810.3,6.1,6.2,41.9,-42.6,0.8,-1.0,RS41-SG,404.900,7.6,250,9,2.5,,
2026-09-06T00:51:48.988Z,X1422010,8264,45.28950,9.29453,29815.9,4.8,6.7,38.5,-42.6,0.8,-1.0,RS41-SG,404.900,7.6,250,9,2.5,,
2026-09-06T00:51:49.988Z,X1422010,8265,45.28955,9.29459,29820.8,4.9,7.5,38.7,-42.5,0.8,-1.0,RS41-SG,404.900,7.6,-125,9,2.6,,
2026-09-06T00:51:50.988Z,X1422010,8266,45.28960,9.29465,29826.2,5.8,8.1,42.4,-42.5,0.8,-1.0,RS41-SG,404.900,7.6,250,9,2.6,,
2026-09-06T00:51:51.988Z,X1422010,8267,45.28965,9.29473,29832.3,6.3,8.4,48.2,-42.5,0.8,-1.0,RS41-SG,404.900,7.6,250,9,2.6,,
2026-09-06T00:51:52.988Z,X1422010,8268,45.28970,9.29481,29838.0,5.2,8.3,51.8,-42.4,0.8,-1.0,RS41-SG,404.900,7.3,250,9,2.5,,
2026-09-06T00:51:53.988Z,X1422010,8269,45.28975,9.29489,29843.2,5.1,8.2,52.1,-42.4,0.8,-1.0,RS41-SG,404.900,7.6,250,9,2.5,,
2026-09-06T00:51:54.988Z,X1422010,8270,45.28979,9.29497,29848.6,5.5,7.8,47.6,-42.4,0.8,-1.0,RS41-SG,404.900,8.1,250,9,2.5,,
2026-09-06T00:51:55.988Z,X1422010,8271,45.28984,9.29503,29854.5,6.1,7.3,39.1,-42.4,0.8,-1.0,RS41-SG,404.900,8.2,250,9,2.5,,
2026-09-06T00:51:56.988Z,X1422010,8272,45.28989,9.29509,29860.6,6.0,6.9,30.7,-42.4,0.8,-1.0,RS41-SG,404.900,8.2,250,9,2.6,,
2026-09-06T00:51:57.988Z,X1422010,8273,45.28994,9.29513,29866.1,5.0,6.5,25.8,-42.4,0.8,-1.0,RS41-SG,404.900,8.2,250,9,2.6,,
2026-09-06T00:51:58.988Z,X1422010,8274,45.28999,9.29516,29871.3,5.1,5.6,27.4,-42.4,0.8,-1.0,RS41-SG,404.900,7.1,250,9,2.5,,
2026-09-06T00:52:02.988Z,X1422010,8278,45.29006,9.29539,29893.4,5.0,6.6,91.2,-42.5,0.8,-1.0,RS41-SG,404.900,7.3,250,9,2.6,,
2026-09-06T00:52:03.988Z,X1422010,8279,45.29006,9.29548,29898.7,5.5,7.4,88.1,-42.5,0.8,-1.0,RS41-SG,404.900,7.7,250,9,2.5,,
2026-09-06T00:52:05.988Z,X1422010,8281,45.29010,9.29566,29910.6,5.3,8.2,62.5,-42.5,0.8,-1.0,RS41-SG,404.900,7.1,250,9,2.5,,
2026-09-06T00:52:11.988Z,X1422010,8287,45.29035,9.29614,29943.7,4.9,6.0,69.1,-42.5,0.8,-1.0,RS41-SG,404.900,6.8,250,9,2.6,,
2026-09-06T00:52:12.988Z,X1422010,8288,45.29037,9.29621,29948.6,4.7,5.4,76.4,-42.5,0.8,-1.0,RS41-SG,404.900,7.5,-125,9,2.6,,
2026-09-06T00:52:14.988Z,X1422010,8290,45.29039,9.29633,29959.4,6.2,4.8,80.0,-42.6,0.9,-1.0,RS41-SG,404.900,7.5,250,9,2.5,,
2026-09-06T00:52:19.988Z,X1422010,8295,45.29039,9.29671,29986.4,5.5,9.0,101.4,-42.5,0.8,-1.0,RS41-SG,404.900,7.7,-125,9,2.6,,
2026-09-06T00:52:20.988Z,X1422010,8296,45.29037,9.29682,29991.9,5.4,10.2,103.8,-42.5,0.8,-1.0,RS41-SG,404.900,8.1,250,9,2.5,,
2026-09-06T00:52:21.988Z,X1422010,8297,45.29035,9.29695,29997.1,5.1,10.5,104.3,-42.5,0.8,-1.0,RS41-SG,404.900,8.2,250,9,2.5,,
2026-09-06T00:52:22.988Z,X1422010,8298,45.29033,9.29708,30002.4,5.5,9.6,102.5,-42.5,0.8,-1.0,RS41-SG,404.900,8.2,250,9,2.5,,
2026-09-06T00:52:23.988Z,X1422010,8299,45.29031,9.29719,30008.3,6.0,8.0,96.8,-42.5,0.8,-1.0,RS41-SG,404.900,7.7,250,9,2.6,,
2026-09-06T00:52:24.988Z,X1422010,8300,45.29031,9.29727,30014.3,6.1,6.0,85.3,-42.5,0.8,-1.0,RS41-SG,404.900,8.1,250,9,2.6,,
2026-09-06T00:52:25.988Z,X1422010,8301,45.29032,9.29734,30019.7,4.6,4.8,70.9,-42.5,0.8,-1.0,RS41-SG,404.900,8.1,250,8,2.5,,
2026-09-06T00:52:26.988Z,X1422010,8302,45.29034,9.29739,30024.2,4.4,4.2,56.7,-42.5,0.8,-1.0,RS41-SG,404.900,7.9,250,9,2.5,,
2026-09-06T00:52:27.988Z,X1422010,8303,45.29036,9.29744,30029.1,5.5,4.0,57.7,-42.5,0.8,-1.0,RS41-SG,404.900,7.4,250,9,2.5,,
2026-09-06T00:52:28.988Z,X1422010,8304,45.29037,9.29749,30035.2,6.5,4.8,75.0,-42.5,0.8,-1.0,RS41-SG,404.900,7.6,250,9,2.6,,
2026-09-06T00:52:29.988Z,X1422010,8305,45.29038,9.29755,30041.7,6.4,6.3,91.7,-42.4,0.8,-1.0,RS41-SG,404.900,8.0,250,9,2.6,,
2026-09-06T00:52:30.988Z,X1422010,8306,45.29037,9.29764,30047.2,4.6,7.9,99.6,-42.4,0.8,-1.0,RS41-SG,404.900,8.0,250,9,2.5,,
2026-09-06T00:52:31.988Z,X1422010,8307,45.29035,9.29775,30051.8,4.5,9.2,105.4,-42.3,0.8,-1.0,RS41-SG,404.900,8.3,250,9,2.5,,
2026-09-06T00:52:32.988Z,X1422010,8308,45.29033,9.29787,30056.8,5.4,9.7,108.0,-42.3,0.8,-1.0,RS41-SG,404.900,8.3,250,9,2.5,,
2026-09-06T00:52:33.988Z,X1422010,8309,45.29030,9.29798,30062.8,6.6,9.0,109.9,-42.3,0.8,-1.0,RS41-SG,404.900,8.5,250,8,2.6,,
2026-09-06T00:52:34.988Z,X1422010,8310,45.29028,9.29808,30068.9,5.4,7.9,109.8,-42.3,0.8,-1.0,RS41-SG,404.900,8.5,250,9,2.6,,
2026-09-06T00:52:35.988Z,X1422010,8311,45.29026,9.29817,30074.1,4.9,6.7,108.9,-42.2,0.8,-1.0,RS41-SG,404.900,8.7,250,9,2.6,,
2026-09-06T00:52:36.988Z,X1422010,8312,45.29024,9.29824,30079.0,5.0,5.7,108.5,-42.2,0.8,-1.0,RS41-SG,404.900,8.7,250,9,2.5,,
2026-09-06T00:52:37.988Z,X1422010,8313,45.29022,9.29831,30084.6,6.1,5.4,108.4,-42.1,0.8,-1.0,RS41-SG,404.900,8.5,250,9,2.5,,
2026-09-06T00:52:38.988Z,X1422010,8314,45.29021,9.29837,30090.8,6.1,5.4,106.6,-42.1,0.8,-1.0,RS41-SG,404.900,7.7,250,9,2.5,,
2026-09-06T00:52:40.988Z,X1422010,8316,45.29018,9.29851,30101.8,5.4,5.1,101.1,-42.1,0.8,-1.0,RS41-SG,404.900,7.3,250,9,2.6,,
2026-09-06T00:52:41.988Z,X1422010,8317,45.29018,9.29857,30107.4,5.9,4.6,96.6,-42.1,0.8,-1.0,RS41-SG,404.900,8.1,250,9,2.6,,
2026-09-06T00:52:42.988Z,X1422010,8318,45.29017,9.29862,30113.5,6.2,4.1,90.2,-42.1,0.8,-1.0,RS41-SG,404.900,8.1,250,9,2.5,,
2026-09-06T00:52:43.988Z,X1422010,8319,45.29017,9.29867,30119.3,5.3,4.0,90.7,-42.1,0.8,-1.0,RS41-SG,404.900,8.1,250,9,2.5,,
2026-09-06T00:52:44.988Z,X1422010,8320,45.29017,9.29873,30124.5,5.2,4.5,95.9,-42.1,0.8,-1.0,RS41-SG,404.900,8.0,250,9,2.5,,
2026-09-06T00:52:45.988Z,X1422010,8321,45.29016,9.29879,30130.0,5.7,5.8,105.0,-42.1,0.8,-1.0,RS41-SG,404.900,7.9,250,9,2.6,,
2026-09-06T00:52:46.988Z,X1422010,8322,45.29014,9.29887,30135.8,5.9,7.5,111.4,-42.1,0.8,-1.0,RS41-SG,404.900,8.0,250,9,2.6,,
2026-09-06T00:52:47.988Z,X1422010,8323,45.29012,9.29897,30141.2,4.9,8.9,113.7,-42.1,0.8,-1.0,RS41-SG,404.900,8.3,250,9,2.5,,
2026-09-06T00:52:48.988Z,X1422010,8324,45.29008,9.29907,30146.4,5.5,9.4,115.3,-42.0,0.8,-1.0,RS41-SG,404.900,8.4,250,9,2.5,,
2026-09-06T00:52:49.988Z,X1422010,8325,45.29005,9.29918,30152.6,6.6,8.7,114.6,-42.0,0.8,-1.0,RS41-SG,404.900,8.6,250,9,2.5,,
2026-09-06T00:52:50.988Z,X1422010,8326,45.29002,9.29927,30159.4,7.0,6.9,113.0,-41.9,0.8,-1.0,RS41-SG,404.900,8.6,250,9,2.6,,
2026-09-06T00:52:51.988Z,X1422010,8327,45.29000,9.29934,30165.5,5.2,5.1,109.9,-42.0,0.8,-1.0,RS41-SG,404.900,8.4,250,9,2.6,,
2026-09-06T00:52:52.988Z,X1422010,8328,45.28999,9.29939,30170.3,4.4,3.6,103.3,-41.9,0.8,-1.0,RS41-SG,404.900,8.2,250,9,2.5,,
2026-09-06T00:52:53.988Z,X1422010,8329,45.28998,9.29943,30175.3,5.4,2.5,95.1,-41.9,0.8,-1.0,RS41-SG,404.900,7.9,250,9,2.5,,
2026-09-06T00:52:54.988Z,X1422010,8330,45.28998,9.29946,30181.2,6.4,2.5,98.0,-41.9,0.8,-1.0,RS41-SG,404.900,7.7,250,9,2.5,,
2026-09-06T00:52:55.988Z,X1422010,8331,45.28998,9.29949,30187.0,5.2,3.0,102.1,-41.9,0.8,-1.0,RS41-SG,404.900,7.6,250,9,2.6,,
2026-09-06T00:52:56.988Z,X1422010,8332,45.28997,9.29953,30192.2,5.0,3.6,107.4,-41.9,0.8,-1.0,RS41-SG,404.900,8.0,250,9,2.6,,
2026-09-06T00:52:57.988Z,X1422010,8333,45.28996,9.29958,30197.6,5.7,4.1,108.5,-41.9,0.8,-1.0,RS41-SG,404.900,8.5,250,9,2.6,,
2026-09-06T00:52:58.988Z,X1422010,8334,45.28995,9.29963,30203.7,6.3,4.3,108.9,-41.9,0.8,-1.0,RS41-SG,404.900,8.5,250,9,2.5,,
2026-09-06T00:52:59.988Z,X1422010,8335,45.28993,9.29968,30209.7,5.5,4.8,107.2,-41.9,0.8,-1.0,RS41-SG,404.900,7.8,250,9,2.5,,
2026-09-06T00:53:00.988Z,X1422010,8336,45.28992,9.29975,30215.4,5.7,5.9,109.9,-41.8,0.8,-1.0,RS41-SG,404.900,7.8,250,9,2.5,,
2026-09-06T00:53:01.988Z,X1422010,8337,45.28990,9.29983,30221.4,6.1,7.4,112.7,-41.8,0.8,-1.0,RS41-SG,404.900,8.1,250,9,2.5,,
2026-09-06T00:53:02.988Z,X1422010,8338,45.28987,9.29992,30227.5,6.0,9.1,115.5,-41.7,0.8,-1.0,RS41-SG,404.900,8.4,250,9,2.6,,
2026-09-06T00:53:03.988Z,X1422010,8339,45.28983,9.30003,30233.1,5.1,10.1,117.9,-41.7,0.7,-1.0,RS41-SG,404.900,8.4,250,9,2.6,,
2026-09-06T00:53:04.988Z,X1422010,8340,45.28978,9.30014,30238.3,5.3,10.2,120.1,-41.7,0.8,-1.0,RS41-SG,404.900,8.4,250,9,2.5,,
2026-09-06T00:53:05.988Z,X1422010,8341,45.28974,9.30025,30244.0,6.3,9.1,122.4,-41.7,0.8,-1.0,RS41-SG,404.900,8.8,250,9,2.5,,
2026-09-06T00:53:06.988Z,X1422010,8342,45.28970,9.30033,30250.5,6.6,7.2,126.2,-41.6,0.8,-1.0,RS41-SG,404.900,8.8,250,9,2.5,,
2026-09-06T00:53:07.988Z,X1422010,8343,45.28966,9.30040,30256.3,4.9,5.6,131.1,-41.6,0.8,-1.0,RS41-SG,404.900,7.6,250,9,2.6,,
2026-09-06T00:53:08.988Z,X1422010,8344,45.28963,9.30044,30261.1,4.7,4.4,141.4,-41.6,0.8,-1.0,RS41-SG,404.900,7.6,250,9,2.6,,
2026-09-06T00:53:09.988Z,X1422010,8345,45.28960,9.30047,30266.2,5.5,4.2,151.5,-41.5,0.8,-1.0,RS41-SG,404.900,7.8,250,9,2.5,,
2026-09-06T00:53:10.988Z,X1422010,8346,45.28956,9.30050,30272.2,6.4,5.0,153.3,-41.5,0.7,-1.0,RS41-SG,404.900,7.8,250,9,2.5,,
2026-09-06T00:53:11.988Z,X1422010,8347,45.28952,9.30053,30278.3,5.8,6.2,150.5,-41.5,0.8,-1.0,RS41-SG,404.900,7.8,250,9,2.5,,
2026-09-06T00:53:12.988Z,X1422010,8348,45.28946,9.30057,30283.6,4.8,7.3,148.4,-41.4,0.8,-1.0,RS41-SG,404.900,8.0,250,9,2.6,,
2026-09-06T00:53:13.988Z,X1422010,8349,45.28941,9.30063,30288.5,4.9,8.2,147.1,-41.4,0.8,-1.0,RS41-SG,404.900,8.0,250,9,2.6,,
2026-09-06T00:53:14.988Z,X1422010,8350,45.28934,9.30069,30293.8,5.6,8.6,146.0,-41.4,0.8,-1.0,RS41-SG,404.900,8.3,250,9,2.6,,
2026-09-06T00:53:15.988Z,X1422010,8351,45.28928,9.30075,30299.7,6.0,8.7,144.9,-41.4,0.8,-1.0,RS41-SG,404.900,8.3,250,9,2.5,,
2026-09-06T00:53:16.988Z,X1422010,8352,45.28922,9.30081,30305.6,5.6,8.7,143.0,-41.4,0.8,-1.0,RS41-SG,404.900,8.1,250,9,2.5,,
2026-09-06T00:53:17.988Z,X1422010,8353,45.28915,9.30088,30311.0,5.2,8.9,141.4,-41.3,0.8,-1.0,RS41-SG,404.900,8.1,250,9,2.5,,
2026-09-06T00:53:18.988Z,X1422010,8354,45.28909,9.30096,30316.3,5.4,9.6,140.4,-41.4,0.8,-1.0,RS41-SG,404.900,8.1,250,9,2.5,,
2026-09-06T00:53:19.988Z,X1422010,8355,45.28902,9.30104,30322.1,6.1,10.5,138.6,-41.3,0.8,-1.0,RS41-SG,404.900,8.3,250,9,2.6,,
2026-09-06T00:53:20.988Z,X1422010,8356,45.28895,9.30113,30328.1,5.9,11.2,136.8,-41.4,0.8,-1.0,RS41-SG,404.900,8.3,250,9,2.6,,
2026-09-06T00:53:21.988Z,X1422010,8357,45.28888,9.30123,30333.6,5.0,11.5,135.1,-41.4,0.8,-1.0,RS41-SG,404.900,8.4,250,9,2.5,,
2026-09-06T00:53:22.988Z,X1422010,8358,45.28881,9.30133,30338.9,5.5,10.8,132.5,-41.4,0.8,-1.0,RS41-SG,404.900,8.9,250,9,2.5,,
2026-09-06T00:53:23.988Z,X1422010,8359,45.28875,9.30143,30344.9,6.4,9.4,130.4,-41.4,0.8,-1.0,RS41-SG,404.900,8.9,250,9,2.5,,
2026-09-06T00:53:24.988Z,X1422010,8360,45.28870,9.30151,30350.8,5.5,7.8,129.5,-41.3,0.8,-1.0,RS41-SG,404.900,8.7,250,9,2.6,,
2026-09-06T00:53:25.988Z,X1422010,8361,45.28865,9.30158,30356.0,4.9,6.6,133.1,-41.3,0.8,-1.0,RS41-SG,404.900,8.7,250,9,2.6,,
2026-09-06T00:53:26.988Z,X1422010,8362,45.28861,9.30164,30361.2,5.6,6.3,140.9,-41.4,0.8,-1.0,RS41-SG,404.900,8.7,250,9,2.6,,
2026-09-06T00:53:27.988Z,X1422010,8363,45.28856,9.30169,30367.3,6.4,7.2,149.3,-41.4,0.8,-1.0,RS41-SG,404.900,7.7,250,9,2.5,,
2026-09-06T00:53:28.988Z,X1422010,8364,45.28850,9.30173,30373.6,6.2,8.7,155.3,-41.4,0.8,-1.0,RS41-SG,404.900,8.5,250,9,2.5,,
2026-09-06T00:53:29.988Z,X1422010,8365,45.28842,9.30178,30379.0,4.7,9.9,156.7,-41.4,0.8,-1.0,RS41-SG,404.900,8.5,250,9,2.5,,
2026-09-06T00:53:30.988Z,X1422010,8366,45.28834,9.30183,30383.8,5.0,10.6,157.2,-41.4,0.8,-1.0,RS41-SG,404.900,8.5,250,9,2.5,,
2026-09-06T00:53:31.988Z,X1422010,8367,45.28825,9.30189,30389.4,6.3,10.5,156.4,-41.4,0.8,-1.0,RS41-SG,404.900,8.2,250,9,2.6,,
2026-09-06T00:53:32.988Z,X1422010,8368,45.28817,9.30194,30395.7,6.4,9.7,153.8,-41.4,0.8,-1.0,RS41-SG,404.900,7.2,250,9,2.6,,
2026-09-06T00:53:34.988Z,X1422010,8370,45.28803,9.30205,30406.6,5.2,8.2,146.2,-41.4,0.8,-1.0,RS41-SG,404.900,6.9,250,9,2.5,,
2026-09-06T00:53:35.988Z,X1422010,8371,45.28797,9.30211,30412.2,5.9,8.2,142.9,-41.4,0.8,-1.0,RS41-SG,404.900,7.9,250,9,2.5,,
2026-09-06T00:53:36.988Z,X1422010,8372,45.28791,9.30218,30418.3,6.4,8.9,140.9,-41.3,0.8,-1.0,RS41-SG,404.900,8.2,250,9,2.6,,
2026-09-06T00:53:40.988Z,X1422010,8376,45.28766,9.30248,30440.1,6.0,8.3,139.7,-41.4,0.8,-1.0,RS41-SG,404.900,8.3,250,10,2.5,,
2026-09-06T00:53:41.988Z,X1422010,8377,45.28761,9.30254,30446.2,6.3,7.2,140.1,-41.4,0.8,-1.0,RS41-SG,404.900,8.3,250,10,2.6,,
2026-09-06T00:53:42.988Z,X1422010,8378,45.28756,9.30260,30451.9,5.1,6.7,141.0,-41.5,0.8,-1.0,RS41-SG,404.900,8.1,250,10,2.6,,
2026-09-06T00:53:43.988Z,X1422010,8379,45.28751,9.30265,30457.0,5.1,6.7,145.5,-41.5,0.8,-1.0,RS41-SG,404.900,8.1,250,10,2.6,,
2026-09-06T00:53:45.988Z,X1422010,8381,45.28739,9.30275,30468.4,6.4,9.0,152.5,-41.5,0.8,-1.0,RS41-SG,404.900,7.7,250,10,2.5,,
2026-09-06T00:53:47.988Z,X1422010,8383,45.28723,9.30286,30479.0,4.8,10.7,155.3,-41.5,0.8,-1.0,RS41-SG,404.900,8.3,250,10,2.5,,
2026-09-06T00:53:48.988Z,X1422010,8384,45.28715,9.30292,30484.3,5.6,10.2,154.9,-41.5,0.8,-1.0,RS41-SG,404.900,8.7,250,10,2.6,,
2026-09-06T00:53:49.988Z,X1422010,8385,45.28707,9.30297,30490.4,6.4,8.8,153.8,-41.6,0.8,-1.0,RS41-SG,404.900,8.7,250,10,2.6,,
2026-09-06T00:53:52.988Z,X1422010,8388,45.28691,9.30310,30507.3,5.2,5.3,147.1,-41.6,0.8,-1.0,RS41-SG,404.900,7.7,250,10,2.5,,
2026-09-06T00:53:53.988Z,X1422010,8389,45.28687,9.30313,30512.9,6.0,5.5,146.8,-41.7,0.8,-1.0,RS41-SG,404.900,7.9,250,10,2.6,,
2026-09-06T00:53:54.988Z,X1422010,8390,45.28682,9.30317,30519.2,6.5,6.4,150.9,-41.7,0.8,-1.0,RS41-SG,404.900,7.9,250,10,2.6,,
2026-09-06T00:53:55.988Z,X1422010,8391,45.28677,9.30321,30524.9,5.0,7.3,153.8,-41.7,0.8,-1.0,RS41-SG,404.900,8.4,250,10,2.6,,
2026-09-06T00:53:56.988Z,X1422010,8392,45.28671,9.30325,30529.7,4.6,7.8,156.7,-41.7,0.8,-1.0,RS41-SG,404.900,8.4,250,10,2.5,,
2026-09-06T00:53:57.988Z,X1422010,8393,45.28664,9.30329,30534.7,5.3,7.9,159.1,-41.8,0.8,-1.0,RS41-SG,404.900,8.7,250,10,2.5,,
2026-09-06T00:53:58.988Z,X1422010,8394,45.28658,9.30332,30540.6,6.3,7.3,161.3,-41.8,0.8,-1.0,RS41-SG,404.900,8.7,250,10,2.5,,
2026-09-06T00:53:59.988Z,X1422010,8395,45.28652,9.30335,30546.5,5.5,6.5,162.1,-41.8,0.8,-1.0,RS41-SG,404.900,8.7,250,10,2.5,,
2026-09-06T00:54:00.988Z,X1422010,8396,45.28647,9.30338,30551.8,5.1,6.0,162.6,-41.9,0.8,-1.0,RS41-SG,404.900,8.7,250,10,2.6,,
2026-09-06T00:54:01.988Z,X1422010,8397,45.28642,9.30340,30557.2,5.7,6.2,164.2,-41.9,0.8,-1.0,RS41-SG,404.900,8.0,250,10,2.6,,
2026-09-06T00:54:02.988Z,X1422010,8398,45.28636,9.30342,30563.1,6.3,7.0,164.5,-41.9,0.8,-1.0,RS41-SG,404.900,8.0,250,10,2.5,,
2026-09-06T00:54:03.988Z,X1422010,8399,45.28629,9.30345,30569.0,5.3,7.8,164.6,-41.9,0.8,-1.0,RS41-SG,404.900,8.6,250,10,2.5,,
2026-09-06T00:54:04.988Z,X1422010,8400,45.28623,9.30347,30574.0,4.9,8.1,164.9,-42.0,0.8,-1.0,RS41-SG,404.900,8.6,250,10,2.5,,
2026-09-06T00:54:05.988Z,X1422010,8401,45.28616,9.30350,30579.3,5.6,8.0,166.5,-42.0,0.9,-1.0,RS41-SG,404.900,8.4,250,10,2.6,,
2026-09-06T00:54:06.988Z,X1422010,8402,45.28609,9.30352,30585.2,6.2,7.0,168.4,-42.0,0.8,-1.0,RS41-SG,404.900,8.3,250,10,2.6,,
2026-09-06T00:54:07.988Z,X1422010,8403,45.28603,9.30353,30591.1,5.5,6.0,172.0,-42.0,0.8,-1.0,RS41-SG,404.900,8.2,250,10,2.6,,
2026-09-06T00:54:08.988Z,X1422010,8404,45.28598,9.30354,30596.3,4.9,5.4,176.5,-42.0,0.8,-1.0,RS41-SG,404.900,8.4,250,10,2.5,,
2026-09-06T00:54:09.988Z,X1422010,8405,45.28593,9.30354,30601.5,5.5,5.6,179.1,-42.0,0.8,-1.0,RS41-SG,404.900,8.4,250,10,2.5,,
2026-09-06T00:54:10.988Z,X1422010,8406,45.28588,9.30354,30607.4,6.0,6.5,180.6,-42.0,0.8,-1.0,RS41-SG,404.900,7.8,250,10,2.5,,
2026-09-06T00:54:11.988Z,X1422010,8407,45.28581,9.30354,30613.1,5.4,7.7,179.8,-42.0,0.8,-1.0,RS41-SG,404.900,7.4,250,10,2.5,,
2026-09-06T00:54:12.988Z,X1422010,8408,45.28574,9.30354,30618.0,4.3,8.7,180.5,-42.0,0.8,-1.0,RS41-SG,404.900,8.6,250,10,2.6,,
2026-09-06T00:54:13.988Z,X1422010,8409,45.28566,9.30354,30622.5,4.8,9.0,181.5,-42.0,0.8,-1.0,RS41-SG,404.900,8.6,250,10,2.6,,
2026-09-06T00:54:14.988Z,X1422010,8410,45.28558,9.30353,30627.7,5.6,8.9,185.7,-42.0,0.8,-1.0,RS41-SG,404.900,8.3,250,10,2.5,,
2026-09-06T00:54:15.988Z,X1422010,8411,45.28551,9.30352,30633.5,6.0,8.1,191.2,-42.0,0.8,-1.0,RS41-SG,404.900,8.5,250,10,2.5,,
2026-09-06T00:54:16.988Z,X1422010,8412,45.28544,9.30350,30639.1,5.0,7.3,194.4,-42.0,0.8,-1.0,RS41-SG,404.900,8.5,250,10,2.5,,
2026-09-06T00:54:17.988Z,X1422010,8413,45.28538,9.30347,30644.3,5.1,6.8,194.5,-42.0,0.8,-1.0,RS41-SG,404.900,8.0,250,10,2.6,,
2026-09-06T00:54:18.988Z,X1422010,8414,45.28532,9.30345,30649.6,5.4,6.8,189.7,-42.0,0.8,-1.0,RS41-SG,404.900,8.4,250,10,2.6,,
2026-09-06T00:54:19.988Z,X1422010,8415,45.28525,9.30345,30655.2,5.8,7.4,182.7,-42.0,0.8,-1.0,RS41-SG,404.900,8.4,250,10,2.6,,
2026-09-06T00:54:20.988Z,X1422010,8416,45.28519,9.30344,30660.9,5.2,8.2,178.5,-42.0,0.8,-1.0,RS41-SG,404.900,8.6,250,10,2.5,,
2026-09-06T00:54:21.988Z,X1422010,8417,45.28511,9.30345,30665.8,4.4,8.8,177.0,-42.0,0.8,-1.0,RS41-SG,404.900,9.0,250,10,2.5,,
2026-09-06T00:54:22.988Z,X1422010,8418,45.28503,9.30345,30670.5,4.8,8.9,180.6,-42.0,0.8,-1.0,RS41-SG,404.900,9.0,250,10,2.5,,
2026-09-06T00:54:23.988Z,X1422010,8419,45.28495,9.30344,30675.7,5.6,8.6,188.3,-42.0,0.8,-1.0,RS41-SG,404.900,8.9,250,10,2.5,,
2026-09-06T00:54:24.988Z,X1422010,8420,45.28488,9.30342,30681.5,5.9,8.1,198.0,-42.0,0.8,-1.0,RS41-SG,404.900,8.2,250,10,2.6,,
2026-09-06T00:54:25.988Z,X1422010,8421,45.28481,9.30338,30686.7,4.6,7.7,206.1,-42.0,0.8,-1.0,RS41-SG,404.900,8.7,250,10,2.6,,
2026-09-06T00:54:26.988Z,X1422010,8422,45.28476,9.30334,30691.3,4.5,7.3,209.8,-42.0,0.8,-1.0,RS41-SG,404.900,8.7,250,10,2.5,,
2026-09-06T00:54:27.988Z,X1422010,8423,45.28470,9.30330,30696.2,5.1,6.8,205.5,-41.9,0.8,-1.0,RS41-SG,404.900,8.2,250,10,2.5,,
2026-09-06T00:54:28.988Z,X1422010,8424,45.28464,9.30327,30701.7,5.8,7.0,194.5,-41.9,0.8,-1.0,RS41-SG,404.900,8.4,250,10,2.5,,
2026-09-06T00:54:29.988Z,X1422010,8425,45.28458,9.30325,30707.6,5.7,7.6,182.4,-41.9,0.8,-1.0,RS41-SG,404.900,8.4,250,10,2.6,,
2026-09-06T00:54:30.988Z,X1422010,8426,45.28451,9.30326,30713.0,4.8,8.4,175.3,-42.0,0.8,-1.0,RS41-SG,404.900,8.4,250,10,2.6,,
2026-09-06T00:54:31.988Z,X1422010,8427,45.28443,9.30327,30717.8,4.5,9.0,173.5,-42.0,0.8,-1.0,RS41-SG,404.900,9.1,250,10,2.6,,
2026-09-06T00:54:32.988Z,X1422010,8428,45.28435,9.30328,30722.5,4.9,9.1,176.9,-42.0,0.8,-1.0,RS41-SG,404.900,9.1,250,10,2.5,,
2026-09-06T00:54:33.988Z,X1422010,8429,45.28427,9.30328,30727.9,5.7,8.5,184.2,-42.0,0.8,-1.0,RS41-SG,404.900,8.9,250,10,2.5,,
2026-09-06T00:54:34.988Z,X1422010,8430,45.28420,9.30326,30733.6,5.7,7.8,195.4,-42.0,0.8,-1.0,RS41-SG,404.900,8.9,250,10,2.5,,
2026-09-06T00:54:35.988Z,X1422010,8431,45.28414,9.30323,30738.8,4.6,7.1,205.2,-42.1,0.8,-1.0,RS41-SG,404.900,8.1,250,10,2.5,,
2026-09-06T00:54:36.988Z,X1422010,8432,45.28408,9.30319,30743.1,4.1,6.3,210.7,-42.1,0.8,-1.0,RS41-SG,404.900,8.1,250,10,2.6,,
2026-09-06T00:54:37.988Z,X1422010,8433,45.28404,9.30315,30747.5,4.9,5.4,209.3,-42.1,0.8,-1.0,RS41-SG,404.900,7.8,250,10,2.6,,
2026-09-06T00:54:38.988Z,X1422010,8434,45.28400,9.30313,30753.0,5.9,4.6,196.4,-42.1,0.8,-1.0,RS41-SG,404.900,8.0,250,10,2.5,,
2026-09-06T00:54:39.988Z,X1422010,8435,45.28396,9.30312,30758.7,5.3,4.7,180.9,-42.1,0.8,-1.0,RS41-SG,404.900,8.0,250,10,2.5,,
2026-09-06T00:54:40.988Z,X1422010,8436,45.28391,9.30312,30763.8,4.8,5.2,171.6,-42.1,0.8,-1.0,RS41-SG,404.900,8.1,250,9,2.5,,
2026-09-06T00:54:41.988Z,X1422010,8437,45.28386,9.30313,30768.7,5.0,5.7,171.2,-42.2,0.8,-1.0,RS41-SG,404.900,8.1,250,10,2.6,,
2026-09-06T00:54:42.988Z,X1422010,8438,45.28381,9.30314,30774.0,5.6,6.1,178.4,-42.2,0.8,-1.0,RS41-SG,404.900,8.0,250,10,2.6,,
2026-09-06T00:54:43.988Z,X1422010,8439,45.28376,9.30313,30779.7,5.6,6.4,190.2,-42.2,0.8,-1.0,RS41-SG,404.900,8.0,250,10,2.6,,
2026-09-06T00:54:44.988Z,X1422010,8440,45.28370,9.30311,30785.1,4.9,6.7,199.8,-42.2,0.8,-1.0,RS41-SG,404.900,8.2,250,10,2.5,,
2026-09-06T00:54:45.988Z,X1422010,8441,45.28364,9.30308,30789.8,4.3,6.7,206.0,-42.2,0.8,-1.0,RS41-SG,404.900,8.2,250,10,2.5,,
2026-09-06T00:54:46.988Z,X1422010,8442,45.28359,9.30304,30794.2,4.5,6.3,205.7,-42.2,0.8,-1.0,RS41-SG,404.900,7.8,250,10,2.5,,
2026-09-06T00:54:47.988Z,X1422010,8443,45.28354,9.30301,30799.3,5.4,5.6,198.5,-42.2,0.8,-1.0,RS41-SG,404.900,7.8,250,10,2.5,,
2026-09-06T00:54:48.988Z,X1422010,8444,45.28350,9.30300,30804.9,5.8,5.0,185.1,-42.2,0.8,-1.0,RS41-SG,404.900,7.6,250,10,2.6,,
2026-09-06T00:54:49.988Z,X1422010,8445,45.28345,9.30300,30810.3,4.9,4.9,173.5,-42.2,0.8,-1.0,RS41-SG,404.900,8.8,250,10,2.6,,
2026-09-06T00:54:50.988Z,X1422010,8446,45.28341,9.30301,30815.3,5.0,4.8,169.1,-42.2,0.8,-1.0,RS41-SG,404.900,8.8,250,10,2.5,,
2026-09-06T00:54:51.988Z,X1422010,8447,45.28337,9.30302,30820.8,5.7,4.7,173.4,-42.2,0.8,-1.0,RS41-SG,404.900,8.7,250,10,2.5,,
2026-09-06T00:54:52.988Z,X1422010,8448,45.28333,9.30302,30826.7,5.9,4.4,186.8,-42.2,0.8,-1.0,RS41-SG,404.900,8.7,250,10,2.5,,
2026-09-06T00:54:53.988Z,X1422010,8449,45.28329,9.30301,30832.1,4.8,4.5,201.8,-42.2,0.8,-1.0,RS41-SG,404.900,8.5,250,10,2.6,,
2026-09-06T00:54:54.988Z,X1422010,8450,45.28325,9.30298,30836.8,4.5,4.7,210.4,-42.2,0.8,-1.0,RS41-SG,404.900,8.3,250,10,2.6,,
2026-09-06T00:54:55.988Z,X1422010,8451,45.28322,9.30295,30841.5,5.0,4.6,212.0,-42.2,0.8,-1.0,RS41-SG,404.900,7.8,250,10,2.6,,
2026-09-06T00:54:56.988Z,X1422010,8452,45.28318,9.30292,30846.8,5.5,3.9,206.5,-42.3,0.8,-1.0,RS41-SG,404.900,7.3,250,10,2.5,,
2026-09-06T00:54:57.988Z,X1422010,8453,45.28315,9.30291,30852.5,5.9,3.2,191.4,-42.3,0.8,-1.0,RS41-SG,404.900,8.4,250,10,2.5,,
2026-09-06T00:54:58.988Z,X1422010,8454,45.28313,9.30291,30858.0,5.0,2.7,176.3,-42.3,0.8,-1.0,RS41-SG,404.900,8.4,250,10,2.5,,
2026-09-06T00:54:59.988Z,X1422010,8455,45.28310,9.30291,30862.9,4.5,2.5,169.2,-42.2,0.8,-1.0,RS41-SG,404.900,8.4,250,10,2.5,,
2026-09-06T00:55:00.988Z,X1422010,8456,45.28308,9.30291,30867.3,4.5,2.1,175.7,-42.2,0.8,-1.0,RS41-SG,404.900,8.2,250,10,2.6,,
2026-09-06T00:55:01.988Z,X1422010,8457,45.28307,9.30291,30872.2,5.3,2.1,203.6,-42.2,0.8,-1.0,RS41-SG,404.900,8.7,250,10,2.6,,
2026-09-06T00:55:02.988Z,X1422010,8458,45.28305,9.30289,30877.8,5.7,2.8,228.7,-42.1,0.8,-1.0,RS41-SG,404.900,8.7,250,10,2.5,,
2026-09-06T00:55:03.988Z,X1422010,8459,45.28303,9.30286,30883.3,5.2,3.6,239.1,-42.1,0.8,-1.0,RS41-SG,404.900,8.1,250,10,2.5,,
2026-09-06T00:55:04.988Z,X1422010,8460,45.28301,9.30281,30888.2,4.3,4.2,241.7,-42.1,0.8,-1.0,RS41-SG,404.900,8.1,250,10,2.5,,
2026-09-06T00:55:05.988Z,X1422010,8461,45.28300,9.30277,30892.8,4.8,3.7,238.4,-42.1,0.8,-1.0,RS41-SG,404.900,7.4,250,10,2.6,,
2026-09-06T00:55:06.988Z,X1422010,8462,45.28298,9.30274,30898.1,5.7,2.4,218.7,-42.1,0.8,-1.0,RS41-SG,404.900,7.4,250,10,2.6,,
2026-09-06T00:55:07.988Z,X1422010,8463,45.28296,9.30273,30904.0,5.8,1.9,165.7,-42.1,0.8,-1.0,RS41-SG,404.900,7.4,250,10,2.6,,
2026-09-06T00:55:08.988Z,X1422010,8464,45.28294,9.30275,30909.2,4.4,2.9,133.8,-42.1,0.8,-1.0,RS41-SG,404.900,7.4,250,10,2.5,,
2026-09-06T00:55:09.988Z,X1422010,8465,45.28293,9.30278,30913.4,4.0,3.9,126.9,-42.1,0.8,-1.0,RS41-SG,404.900,7.7,250,10,2.5,,
2026-09-06T00:55:10.988Z,X1422010,8466,45.28290,9.30282,30918.0,5.0,4.3,133.6,-42.1,0.8,-1.0,RS41-SG,404.900,8.2,250,10,2.5,,
2026-09-06T00:55:11.988Z,X1422010,8467,45.28287,9.30286,30923.6,6.1,4.2,150.8,-42.2,0.8,-1.0,RS41-SG,404.900,8.2,250,10,2.5,,
2026-09-06T00:55:12.988Z,X1422010,8468,45.28284,9.30287,30929.3,5.3,4.1,171.6,-42.2,0.8,-1.0,RS41-SG,404.900,8.4,250,10,2.6,,
2026-09-06T00:55:13.988Z,X1422010,8469,45.28280,9.30287,30934.1,4.4,4.2,190.4,-42.2,0.8,-1.0,RS41-SG,404.900,8.5,250,10,2.6,,
2026-09-06T00:55:16.988Z,X1422010,8472,45.28271,9.30282,30949.7,6.1,2.1,208.3,-42.3,0.8,-1.0,RS41-SG,404.900,8.3,250,10,2.5,,
2026-09-06T00:55:17.988Z,X1422010,8473,45.28270,9.30281,30955.2,4.8,1.1,198.0,-42.4,0.8,-1.0,RS41-SG,404.900,8.6,250,10,2.6,,
2026-09-06T00:55:18.988Z,X1422010,8474,45.28269,9.30281,30960.0,4.6,0.3,149.0,-42.4,0.8,-1.0,RS41-SG,404.900,8.6,250,10,2.6,,
2026-09-06T00:55:19.988Z,X1422010,8475,45.28269,9.30281,30965.0,5.4,0.3,67.6,-42.4,0.8,-1.0,RS41-SG,404.900,8.0,250,10,2.6,,
2026-09-06T00:55:20.988Z,X1422010,8476,45.28269,9.30281,30970.6,5.8,0.1,25.6,-42.5,0.8,-1.0,RS41-SG,404.900,8.2,250,10,2.5,,
2026-09-06T00:55:21.988Z,X1422010,8477,45.28269,9.30281,30975.9,4.8,0.3,207.1,-42.5,0.8,-1.0,RS41-SG,404.900,8.2,250,10,2.5,,
2026-09-06T00:55:22.988Z,X1422010,8478,45.28269,9.30281,30980.8,4.8,0.8,163.8,-42.5,0.9,-1.0,RS41-SG,404.900,8.0,250,10,2.5,,
2026-09-06T00:55:23.988Z,X1422010,8479,45.28268,9.30282,30986.0,5.5,1.7,137.1,-42.6,0.8,-1.0,RS41-SG,404.900,7.6,250,10,2.5,,
2026-09-06T00:55:24.988Z,X1422010,8480,45.28267,9.30284,30991.6,5.6,2.8,121.8,-42.6,0.8,-1.0,RS41-SG,404.900,7.8,250,10,2.6,,
2026-09-06T00:55:25.988Z,X1422010,8481,45.28265,9.30288,30996.7,4.6,3.7,116.8,-42.6,0.8,-1.0,RS41-SG,404.900,8.2,250,10,2.6,,
2026-09-06T00:55:26.988Z,X1422010,8482,45.28264,9.30292,31001.4,4.7,3.9,117.5,-42.7,0.8,-1.0,RS41-SG,404.900,8.6,250,10,2.6,,
2026-09-06T00:55:27.988Z,X1422010,8483,45.28262,9.30296,31006.4,5.4,3.1,123.3,-42.7,0.8,-1.0,RS41-SG,404.900,8.7,250,10,2.5,,
2026-09-06T00:55:28.988Z,X1422010,8484,45.28261,9.30298,31012.2,5.9,1.9,148.9,-42.8,0.8,-1.0,RS41-SG,404.900,8.7,250,10,2.5,,
2026-09-06T00:55:29.988Z,X1422010,8485,45.28259,9.30299,31017.6,4.9,1.4,201.9,-42.8,0.8,-1.0,RS41-SG,404.900,8.6,250,10,2.5,,
2026-09-06T00:55:30.988Z,X1422010,8486,45.28258,9.30297,31022.1,4.2,1.9,241.6,-42.8,0.8,-1.0,RS41-SG,404.900,8.3,250,10,2.5,,
2026-09-06T00:55:31.988Z,X1422010,8487,45.28258,9.30295,31026.4,4.5,1.9,265.4,-42.9,0.9,-1.0,RS41-SG,404.900,8.3,250,10,2.6,,
2026-09-06T00:55:32.988Z,X1422010,8488,45.28258,9.30293,31031.4,5.4,1.4,298.9,-42.9,0.9,-1.0,RS41-SG,404.900,7.8,250,10,2.6,,
2026-09-06T00:55:33.988Z,X1422010,8489,45.28259,9.30292,31037.2,6.0,1.4,7.7,-42.9,0.8,-1.0,RS41-SG,404.900,8.0,250,10,2.5,,
2026-09-06T00:55:34.988Z,X1422010,8490,45.28261,9.30293,31042.7,4.8,2.3,38.7,-42.9,0.9,-1.0,RS41-SG,404.900,8.0,250,10,2.5,,
2026-09-06T00:55:35.988Z,X1422010,8491,45.28262,9.30296,31047.1,4.0,3.1,52.9,-42.9,0.9,-1.0,RS41-SG,404.900,8.3,250,10,2.5,,
2026-09-06T00:55:36.988Z,X1422010,8492,45.28264,9.30299,31051.4,4.4,3.3,61.3,-42.9,0.9,-1.0,RS41-SG,404.900,8.3,250,10,2.6,,
2026-09-06T00:55:37.988Z,X1422010,8493,45.28265,9.30303,31056.2,5.2,2.8,65.9,-42.9,0.9,-1.0,RS41-SG,404.900,8.3,250,10,2.6,,
2026-09-06T00:55:38.988Z,X1422010,8494,45.28266,9.30305,31061.6,5.6,1.7,68.6,-42.9,0.9,-1.0,RS41-SG,404.900,8.3,250,10,2.6,,
2026-09-06T00:55:39.988Z,X1422010,8495,45.28266,9.30307,31066.8,4.7,0.7,66.4,-42.9,0.9,-1.0,RS41-SG,404.900,8.2,250,10,2.5,,
2026-09-06T00:55:40.988Z,X1422010,8496,45.28267,9.30307,31071.3,4.2,0.2,75.0,-42.9,0.8,-1.0,RS41-SG,404.900,7.4,250,10,2.5,,
2026-09-06T00:55:41.988Z,X1422010,8497,45.28267,9.30308,31075.8,4.8,0.5,85.5,-42.9,0.8,-1.0,RS41-SG,404.900,8.1,250,10,2.5,,
2026-09-06T00:55:42.988Z,X1422010,8498,45.28267,9.30309,31080.8,5.3,1.6,79.5,-43.0,0.8,-1.0,RS41-SG,404.900,8.1,250,10,2.5,,
2026-09-06T00:55:43.988Z,X1422010,8499,45.28267,9.30312,31086.2,5.5,2.9,76.9,-43.0,0.9,-1.0,RS41-SG,404.900,7.6,250,10,2.6,,
2026-09-06T00:55:44.988Z,X1422010,8500,45.28268,9.30316,31091.4,5.0,4.1,74.1,-43.0,0.8,-1.0,RS41-SG,404.900,7.6,250,10,2.6,,
2026-09-06T00:55:45.988Z,X1422010,8501,45.28269,9.30321,31096.3,4.5,4.7,67.4,-43.0,0.8,-1.0,RS41-SG,404.900,7.4,250,10,2.5,,
2026-09-06T00:55:46.988Z,X1422010,8502,45.28271,9.30327,31100.8,4.5,4.5,57.1,-43.0,0.8,-1.0,RS41-SG,404.900,7.6,250,10,2.5,,
2026-09-06T00:55:47.988Z,X1422010,8503,45.28274,9.30331,31105.6,5.1,4.0,37.1,-43.0,0.8,-1.0,RS41-SG,404.900,8.4,250,10,2.5,,
2026-09-06T00:55:48.988Z,X1422010,8504,45.28277,9.30332,31111.1,5.9,3.6,8.4,-43.0,0.8,-1.0,RS41-SG,404.900,8.4,250,10,2.6,,
2026-09-06T00:55:49.988Z,X1422010,8505,45.28280,9.30332,31116.8,5.5,3.8,343.0,-43.0,0.9,-1.0,RS41-SG,404.900,8.3,250,10,2.6,,
2026-09-06T00:55:50.988Z,X1422010,8506,45.28283,9.30330,31121.8,4.4,4.0,329.5,-43.0,0.9,-1.0,RS41-SG,404.900,8.3,250,10,2.6,,
2026-09-06T00:55:53.988Z,X1422010,8509,45.28291,9.30326,31138.3,5.9,2.5,31.5,-43.1,0.9,-1.0,RS41-SG,404.900,7.5,250,10,2.5,,
2026-09-06T00:55:54.988Z,X1422010,8510,45.28292,9.30329,31143.4,4.2,3.4,60.8,-43.1,0.9,-1.0,RS41-SG,404.900,7.8,250,10,2.5,,
2026-09-06T00:55:55.988Z,X1422010,8511,45.28294,9.30334,31147.5,4.2,4.7,73.3,-43.1,0.9,-1.0,RS41-SG,404.900,8.0,250,10,2.6,,
2026-09-06T00:55:56.988Z,X1422010,8512,45.28295,9.30340,31152.3,5.5,5.3,78.3,-43.1,0.8,-1.0,RS41-SG,404.900,8.1,250,10,2.6,,
2026-09-06T00:55:57.988Z,X1422010,8513,45.28296,9.30346,31157.9,5.6,5.0,78.4,-43.2,0.9,-1.0,RS41-SG,404.900,8.1,250,10,2.6,,
2026-09-06T00:55:58.988Z,X1422010,8514,45.28296,9.30352,31163.2,4.7,4.6,77.4,-43.2,0.8,-1.0,RS41-SG,404.900,7.8,250,10,2.5,,
2026-09-06T00:55:59.988Z,X1422010,8515,45.28297,9.30358,31168.2,5.3,4.3,74.6,-43.2,0.9,-1.0,RS41-SG,404.900,7.5,250,9,2.5,,
2026-09-06T00:56:00.988Z,X1422010,8516,45.28299,9.30363,31173.8,6.0,4.5,73.5,-43.2,0.8,-1.0,RS41-SG,404.900,8.1,250,10,2.5,,
2026-09-06T00:56:01.988Z,X1422010,8517,45.28300,9.30369,31179.9,6.0,5.0,73.1,-43.2,0.9,-1.0,RS41-SG,404.900,8.1,250,10,2.5,,
2026-09-06T00:56:02.988Z,X1422010,8518,45.28301,9.30375,31185.3,5.0,5.1,72.1,-43.2,0.9,-1.0,RS41-SG,404.900,8.1,250,10,2.6,,
2026-09-06T00:56:03.988Z,X1422010,8519,45.28302,9.30381,31190.2,4.8,4.8,71.1,-43.2,0.9,-1.0,RS41-SG,404.900,8.5,250,10,2.6,,
2026-09-06T00:56:04.988Z,X1422010,8520,45.28304,9.30386,31195.0,4.9,4.0,70.3,-43.2,0.9,-1.0,RS41-SG,404.900,8.5,250,10,2.5,,
2026-09-06T00:56:05.988Z,X1422010,8521,45.28305,9.30390,31200.2,5.5,2.9,70.2,-43.3,0.9,-1.0,RS41-SG,404.900,8.2,250,10,2.5,,
2026-09-06T00:56:06.988Z,X1422010,8522,45.28305,9.30393,31205.5,5.3,2.1,74.3,-43.3,0.9,-1.0,RS41-SG,404.900,7.9,250,10,2.5,,
2026-09-06T00:56:07.988Z,X1422010,8523,45.28306,9.30396,31210.7,4.9,2.2,87.0,-43.3,0.9,-1.0,RS41-SG,404.900,7.7,250,10,2.6,,
2026-09-06T00:56:08.988Z,X1422010,8524,45.28306,9.30400,31215.7,5.1,3.2,92.8,-43.3,0.8,-1.0,RS41-SG,404.900,7.8,250,10,2.6,,
2026-09-06T00:56:09.988Z,X1422010,8525,45.28306,9.30405,31221.2,5.7,5.2,90.6,-43.2,0.8,-1.0,RS41-SG,404.900,7.8,250,10,2.6,,
2026-09-06T00:56:10.988Z,X1422010,8526,45.28306,9.30413,31227.0,5.8,7.8,86.7,-43.1,0.8,-1.0,RS41-SG,404.900,8.2,250,10,2.5,,
2026-09-06T00:56:11.988Z,X1422010,8527,45.28306,9.30424,31232.4,4.9,9.7,83.9,-43.0,0.8,-1.0,RS41-SG,404.900,8.8,250,10,2.5,,
2026-09-06T00:56:12.988Z,X1422010,8528,45.28308,9.30437,31236.8,3.9,10.9,81.2,-43.0,0.8,-1.0,RS41-SG,404.900,8.8,250,10,2.5,,
2026-09-06T00:56:13.988Z,X1422010,8529,45.28309,9.30451,31241.3,5.0,11.2,79.2,-43.0,0.8,-1.0,RS41-SG,404.900,8.4,250,10,2.5,,
2026-09-06T00:56:14.988Z,X1422010,8530,45.28311,9.30464,31247.0,6.6,10.0,77.4,-43.0,0.8,-1.0,RS41-SG,404.900,8.4,250,10,2.6,,
2026-09-06T00:56:15.988Z,X1422010,8531,45.28313,9.30475,31253.2,5.8,8.2,75.8,-43.1,0.8,-1.0,RS41-SG,404.900,8.4,250,10,2.6,,
2026-09-06T00:56:16.988Z,X1422010,8532,45.28315,9.30484,31258.1,4.2,6.4,74.1,-43.0,0.8,-1.0,RS41-SG,404.900,8.5,250,10,2.6,,
2026-09-06T00:56:17.988Z,X1422010,8533,45.28316,9.30491,31262.6,4.5,4.7,73.4,-43.0,0.8,-1.0,RS41-SG,404.900,8.5,250,9,2.5,,
2026-09-06T00:56:18.988Z,X1422010,8534,45.28317,9.30496,31267.6,5.5,3.9,74.9,-43.0,0.8,-1.0,RS41-SG,404.900,8.2,250,9,2.5,,
2026-09-06T00:56:19.988Z,X1422010,8535,45.28318,9.30501,31273.3,5.9,3.8,80.8,-43.0,0.8,-1.0,RS41-SG,404.900,6.7,250,10,2.5,,
2026-09-06T00:56:20.988Z,X1422010,8536,45.28318,9.30506,31278.7,4.9,4.2,87.0,-42.9,0.8,-1.0,RS41-SG,404.900,8.1,250,10,2.5,,
2026-09-06T00:56:21.988Z,X1422010,8537,45.28318,9.30512,31283.6,4.8,4.5,95.5,-42.9,0.8,-1.0,RS41-SG,404.900,8.1,250,10,2.6,,
2026-09-06T00:56:22.988Z,X1422010,8538,45.28317,9.30517,31288.6,5.3,4.8,106.0,-42.9,0.8,-1.0,RS41-SG,404.900,7.8,250,10,2.6,,
2026-09-06T00:56:23.988Z,X1422010,8539,45.28316,9.30523,31294.1,6.0,5.1,114.7,-42.8,0.8,-1.0,RS41-SG,404.900,8.4,250,10,2.5,,
2026-09-06T00:56:24.988Z,X1422010,8540,45.28314,9.30529,31299.8,5.4,5.6,119.3,-42.8,0.8,-1.0,RS41-SG,404.900,8.4,250,10,2.5,,
2026-09-06T00:56:25.988Z,X1422010,8541,45.28311,9.30536,31304.9,4.9,6.4,116.8,-42.8,0.8,-1.0,RS41-SG,404.900,8.3,250,10,2.5,,
2026-09-06T00:56:26.988Z,X1422010,8542,45.28309,9.30544,31309.9,5.1,7.4,110.5,-42.7,0.8,-1.0,RS41-SG,404.900,8.2,250,10,2.6,,
2026-09-06T00:56:27.988Z,X1422010,8543,45.28307,9.30554,31315.2,5.3,8.7,102.6,-42.7,0.8,-1.0,RS41-SG,404.900,7.9,250,10,2.6,,
2026-09-06T00:56:28.988Z,X1422010,8544,45.28305,9.30565,31320.7,5.4,9.9,95.5,-42.7,0.8,-1.0,RS41-SG,404.900,8.3,250,10,2.6,,
2026-09-06T00:56:29.988Z,X1422010,8545,45.28305,9.30578,31325.8,4.7,10.6,91.8,-42.7,0.8,-1.0,RS41-SG,404.900,8.3,250,10,2.5,,
2026-09-06T00:56:30.988Z,X1422010,8546,45.28304,9.30592,31330.6,4.8,10.3,91.8,-42.7,0.8,-1.0,RS41-SG,404.900,8.3,250,10,2.5,,
2026-09-06T00:56:31.988Z,X1422010,8547,45.28304,9.30604,31335.7,5.4,8.9,95.0,-42.7,0.8,-1.0,RS41-SG,404.900,8.3,250,10,2.5,,
2026-09-06T00:56:32.988Z,X1422010,8548,45.28303,9.30614,31341.3,5.8,6.9,104.1,-42.7,0.8,-1.0,RS41-SG,404.900,8.1,250,10,2.5,,
2026-09-06T00:56:33.988Z,X1422010,8549,45.28301,9.30621,31346.9,5.4,5.3,121.6,-42.7,0.8,-1.0,RS41-SG,404.900,7.9,250,10,2.6,,
2026-09-06T00:56:34.988Z,X1422010,8550,45.28298,9.30625,31351.6,4.0,4.6,140.5,-42.7,0.8,-1.0,RS41-SG,404.900,7.9,250,10,2.6,,
2026-09-06T00:56:35.988Z,X1422010,8551,45.28295,9.30629,31355.7,4.3,4.4,152.4,-42.7,0.8,-1.0,RS41-SG,404.900,7.9,250,10,2.6,,
2026-09-06T00:56:36.988Z,X1422010,8552,45.28291,9.30631,31360.7,5.5,4.6,147.5,-42.7,0.8,-1.0,RS41-SG,404.900,7.5,250,10,2.5,,
2026-09-06T00:56:37.988Z,X1422010,8553,45.28288,9.30636,31366.8,6.7,5.1,127.8,-42.7,0.8,-1.0,RS41-SG,404.900,8.0,250,10,2.5,,
2026-09-06T00:56:38.988Z,X1422010,8554,45.28286,9.30642,31372.9,5.5,6.4,111.4,-42.7,0.8,-1.0,RS41-SG,404.900,8.0,250,10,2.5,,
2026-09-06T00:56:39.988Z,X1422010,8555,45.28284,9.30651,31377.7,4.1,7.9,100.9,-42.8,0.8,-1.0,RS41-SG,404.900,8.0,250,10,2.5,,
2026-09-06T00:56:40.988Z,X1422010,8556,45.28283,9.30661,31382.0,4.5,9.1,94.8,-42.8,0.8,-1.0,RS41-SG,404.900,7.9,250,10,2.6,,
2026-09-06T00:56:41.988Z,X1422010,8557,45.28282,9.30673,31387.1,5.8,9.6,92.9,-42.8,0.8,-1.0,RS41-SG,404.900,8.2,250,10,2.6,,
2026-09-06T00:56:42.988Z,X1422010,8558,45.28282,9.30685,31392.9,5.6,9.2,92.6,-42.8,0.8,-1.0,RS41-SG,404.900,8.3,250,10,2.6,,
2026-09-06T00:56:43.988Z,X1422010,8559,45.28281,9.30696,31398.0,4.7,8.6,93.0,-42.8,0.8,-1.0,RS41-SG,404.900,8.4,250,10,2.5,,
2026-09-06T00:56:44.988Z,X1422010,8560,45.28281,9.30707,31402.8,5.0,8.0,92.8,-42.8,0.8,-1.0,RS41-SG,404.900,8.4,250,10,2.5,,
2026-09-06T00:56:45.988Z,X1422010,8561,45.28281,9.30717,31408.0,5.4,7.6,92.0,-42.8,0.8,-1.0,RS41-SG,404.900,8.0,250,10,2.5,,
2026-09-06T00:56:46.988Z,X1422010,8562,45.28281,9.30726,31413.6,5.8,7.5,91.1,-42.7,0.8,-1.0,RS41-SG,404.900,7.9,250,10,2.5,,
2026-09-06T00:56:47.988Z,X1422010,8563,45.28280,9.30736,31419.2,5.3,7.2,91.4,-42.7,0.8,-1.0,RS41-SG,404.900,7.8,250,10,2.6,,
2026-09-06T00:56:48.988Z,X1422010,8564,45.28280,9.30745,31424.1,4.7,6.7,93.7,-42.6,0.8,-1.0,RS41-SG,404.900,7.7,250,10,2.6,,
2026-09-06T00:56:49.988Z,X1422010,8565,45.28279,9.30753,31429.0,5.0,5.9,101.6,-42.6,0.8,-1.0,RS41-SG,404.900,8.1,250,10,2.5,,
2026-09-06T00:56:50.988Z,X1422010,8566,45.28278,9.30760,31434.1,5.3,5.4,113.6,-42.6,0.8,-1.0,RS41-SG,404.900,8.1,250,10,2.5,,
2026-09-06T00:56:51.988Z,X1422010,8567,45.28275,9.30765,31439.6,5.6,5.4,128.8,-42.6,0.8,-1.0,RS41-SG,404.900,8.0,250,10,2.5,,
2026-09-06T00:56:52.988Z,X1422010,8568,45.28272,9.30771,31445.1,5.2,6.0,136.8,-42.7,0.8,-1.0,RS41-SG,404.900,7.7,250,10,2.6,,
2026-09-06T00:56:53.988Z,X1422010,8569,45.28268,9.30776,31450.1,4.9,6.9,135.7,-42.7,0.8,-1.0,RS41-SG,404.900,7.4,250,10,2.6,,
2026-09-06T00:56:54.988Z,X1422010,8570,45.28264,9.30783,31455.0,5.0,8.1,126.6,-42.7,0.8,-1.0,RS41-SG,404.900,7.5,250,10,2.6,,
2026-09-06T00:56:55.988Z,X1422010,8571,45.28259,9.30793,31460.2,5.4,9.9,115.6,-42.8,0.9,-1.0,RS41-SG,404.900,7.5,250,10,2.5,,
2026-09-06T00:56:56.988Z,X1422010,8572,45.28256,9.30806,31465.5,5.2,11.6,107.7,-42.8,0.8,-1.0,RS41-SG,404.900,7.9,250,10,2.5,,
2026-09-06T00:56:57.988Z,X1422010,8573,45.28253,9.30821,31470.3,4.6,12.7,102.7,-42.8,0.8,-1.0,RS41-SG,404.900,8.0,250,10,2.5,,
2026-09-06T00:56:58.988Z,X1422010,8574,45.28251,9.30836,31475.3,5.4,12.6,99.7,-42.7,0.8,-1.0,RS41-SG,404.900,8.0,250,10,2.5,,
2026-09-06T00:56:59.988Z,X1422010,8575,45.28249,9.30851,31481.2,6.4,11.0,99.0,-42.7,0.8,-1.0,RS41-SG,404.900,7.4,250,10,2.6,,
2026-09-06T00:57:00.988Z,X1422010,8576,45.28248,9.30863,31487.7,6.6,8.6,101.0,-42.6,0.8,-1.0,RS41-SG,404.900,8.0,250,10,2.6,,
2026-09-06T00:57:01.988Z,X1422010,8577,45.28246,9.30873,31493.4,4.9,6.2,107.2,-42.6,0.8,-1.0,RS41-SG,404.900,8.1,250,10,2.6,,
2026-09-06T00:57:02.988Z,X1422010,8578,45.28244,9.30879,31497.8,3.6,4.5,120.3,-42.6,0.8,-1.0,RS41-SG,404.900,8.1,250,10,2.5,,
2026-09-06T00:57:04.988Z,X1422010,8580,45.28239,9.30886,31506.0,5.0,4.4,147.8,-42.5,0.8,-1.0,RS41-SG,404.900,7.7,250,10,2.5,,
2026-09-06T00:57:06.988Z,X1422010,8582,45.28231,9.30895,31517.4,5.8,6.8,132.6,-42.4,0.8,-1.0,RS41-SG,404.900,7.2,250,10,2.6,,
2026-09-06T00:57:07.988Z,X1422010,8583,45.28227,9.30902,31522.6,4.6,8.2,127.4,-42.4,0.8,-1.0,RS41-SG,404.900,7.3,250,10,2.6,,
2026-09-06T00:57:08.988Z,X1422010,8584,45.28222,9.30911,31526.9,4.1,9.3,124.7,-42.4,0.8,-1.0,RS41-SG,404.900,7.5,250,10,2.6,,
2026-09-06T00:57:09.988Z,X1422010,8585,45.28218,9.30921,31531.0,4.4,9.9,124.2,-42.4,0.8,-1.0,RS41-SG,404.900,7.8,250,10,2.5,,
2026-09-06T00:57:10.988Z,X1422010,8586,45.28213,9.30931,31535.9,5.4,9.9,126.3,-42.4,0.8,-1.0,RS41-SG,404.900,8.0,250,10,2.5,,
2026-09-06T00:57:11.988Z,X1422010,8587,45.28207,9.30941,31541.7,6.0,9.2,130.9,-42.4,0.8,-1.0,RS41-SG,404.900,8.0,250,10,2.5,,
2026-09-06T00:57:12.988Z,X1422010,8588,45.28202,9.30949,31547.2,5.0,8.4,134.8,-42.4,0.8,-1.0,RS41-SG,404.900,8.0,250,10,2.5,,
2026-09-06T00:57:14.988Z,X1422010,8590,45.28192,9.30963,31556.6,5.1,7.5,137.7,-42.3,0.8,-1.0,RS41-SG,404.900,7.8,250,10,2.6,,
2026-09-06T00:57:15.988Z,X1422010,8591,45.28187,9.30969,31562.2,5.9,7.4,133.3,-42.3,0.8,-1.0,RS41-SG,404.900,8.3,250,10,2.5,,
2026-09-06T00:57:16.988Z,X1422010,8592,45.28182,9.30977,31567.5,4.9,7.6,127.5,-42.3,0.8,-1.0,RS41-SG,404.900,8.5,250,10,2.5,,
2026-09-06T00:57:17.988Z,X1422010,8593,45.28178,9.30984,31572.4,4.8,7.6,125.0,-42.3,0.8,-1.0,RS41-SG,404.900,8.5,250,10,2.5,,
2026-09-06T00:57:18.988Z,X1422010,8594,45.28175,9.30992,31577.5,5.5,7.2,126.1,-42.2,0.8,-1.0,RS41-SG,404.900,8.3,250,10,2.6,,
2026-09-06T00:57:19.988Z,X1422010,8595,45.28171,9.30999,31583.3,6.1,6.5,131.7,-42.2,0.8,-1.0,RS41-SG,404.900,8.2,250,10,2.6,,
2026-09-06T00:57:20.988Z,X1422010,8596,45.28167,9.31004,31589.1,5.4,6.0,137.9,-42.2,0.8,-1.0,RS41-SG,404.900,8.1,250,10,2.6,,
2026-09-06T00:57:21.988Z,X1422010,8597,45.28163,9.31009,31594.1,4.7,5.8,141.9,-42.2,0.8,-1.0,RS41-SG,404.900,8.1,250,10,2.5,,
2026-09-06T00:57:22.988Z,X1422010,8598,45.28159,9.31014,31599.0,5.1,6.0,140.4,-42.1,0.8,-1.0,RS41-SG,404.900,7.9,250,10,2.5,,
2026-09-06T00:57:23.988Z,X1422010,8599,45.28155,9.31019,31604.6,5.9,6.7,134.6,-42.1,0.8,-1.0,RS41-SG,404.900,7.5,250,10,2.5,,
2026-09-06T00:57:24.988Z,X1422010,8600,45.28150,9.31026,31610.4,5.6,7.5,128.8,-42.1,0.8,-1.0,RS41-SG,404.900,7.9,250,10,2.5,,
2026-09-06T00:57:25.988Z,X1422010,8601,45.28146,9.31034,31615.5,4.7,8.0,125.4,-42.1,0.8,-1.0,RS41-SG,404.900,8.8,250,10,2.6,,
2026-09-06T00:57:26.988Z,X1422010,8602,45.28142,9.31042,31620.3,4.9,8.1,125.4,-42.1,0.8,-1.0,RS41-SG,404.900,8.8,250,10,2.6,,
2026-09-06T00:57:27.988Z,X1422010,8603,45.28138,9.31050,31625.6,5.8,7.6,132.0,-42.1,0.8,-1.0,RS41-SG,404.900,8.5,250,10,2.6,,
2026-09-06T00:57:28.988Z,X1422010,8604,45.28133,9.31056,31631.4,6.0,7.0,142.1,-42.1,0.8,-1.0,RS41-SG,404.900,8.1,250,10,2.5,,
2026-09-06T00:57:29.988Z,X1422010,8605,45.28128,9.31061,31636.9,5.0,6.7,154.0,-42.1,0.8,-1.0,RS41-SG,404.900,7.7,250,10,2.5,,
2026-09-06T00:57:30.988Z,X1422010,8606,45.28122,9.31064,31641.4,4.1,6.8,161.7,-42.1,0.7,-1.0,RS41-SG,404.900,7.7,250,10,2.5,,
2026-09-06T00:57:33.988Z,X1422010,8609,45.28103,9.31075,31656.9,5.5,8.8,151.5,-42.0,0.8,-1.0,RS41-SG,404.900,6.7,250,10,2.6,,
2026-09-06T00:57:34.988Z,X1422010,8610,45.28096,9.31080,31662.0,4.6,9.6,147.3,-42.0,0.8,-1.0,RS41-SG,404.900,7.0,250,10,2.6,,
2026-09-06T00:57:35.988Z,X1422010,8611,45.28089,9.31087,31666.6,4.6,10.3,145.8,-42.0,0.8,-1.0,RS41-SG,404.900,7.0,250,10,2.5,,
2026-09-06T00:57:36.988Z,X1422010,8612,45.28081,9.31095,31671.3,4.9,10.5,148.2,-42.0,0.8,-1.0,RS41-SG,404.900,7.0,250,10,2.5,,
2026-09-06T00:57:37.988Z,X1422010,8613,45.28073,9.31101,31676.7,5.8,10.3,153.2,-42.0,0.8,-1.0,RS41-SG,404.900,6.6,250,10,2.5,,
2026-09-06T00:57:38.988Z,X1422010,8614,45.28064,9.31106,31682.5,6.0,9.9,159.3,-42.0,0.8,-1.0,RS41-SG,404.900,7.0,250,10,2.5,,
2026-09-06T00:57:43.988Z,X1422010,8619,45.28025,9.31126,31708.5,5.8,9.6,145.9,-41.9,0.8,-1.0,RS41-SG,404.900,7.0,250,11,2.5,,
2026-09-06T00:57:44.988Z,X1422010,8620,45.28018,9.31134,31713.8,4.8,10.2,141.6,-41.9,0.8,-1.0,RS41-SG,404.900,7.0,250,11,2.5,,
2026-09-06T00:57:47.988Z,X1422010,8623,45.27994,9.31157,31729.4,5.8,11.0,154.9,-41.8,0.8,-1.0,RS41-SG,404.900,6.9,250,11,2.6,,
2026-09-06T00:57:48.988Z,X1422010,8624,45.27985,9.31162,31735.2,5.8,11.2,165.9,-41.8,0.8,-1.0,RS41-SG,404.900,7.0,250,11,2.6,,
2026-09-06T00:57:55.988Z,X1422010,8631,45.27916,9.31181,31771.7,4.7,11.4,148.9,-41.8,0.7,-1.0,RS41-SG,404.900,7.2,250,11,2.6,,
2026-09-06T00:57:56.988Z,X1422010,8632,45.27907,9.31188,31776.6,5.3,11.3,147.2,-41.8,0.8,-1.0,RS41-SG,404.900,7.2,250,11,2.5,,
2026-09-06T00:57:57.988Z,X1422010,8633,45.27899,9.31196,31782.4,6.2,10.9,151.2,-41.8,0.8,-1.0,RS41-SG,404.900,7.2,250,11,2.5,,
2026-09-06T00:58:35.988Z,X1422010,8671,45.27578,9.31248,31997.2,5.7,5.4,152.9,-42.0,0.8,-1.0,RS41-SG,404.900,6.3,250,11,2.6,,
2026-09-06T00:59:08.988Z,X1422010,8704,45.27444,9.31244,32173.2,5.5,5.3,157.7,-42.6,0.8,-1.0,RS41-SG,404.900,6.5,250,11,2.5,,
2026-09-06T01:01:05.988Z,X1422010,8821,45.27041,9.31310,32791.7,4.4,4.8,186.7,-42.5,0.8,-1.0,RS41-SG,404.900,6.7,250,11,2.5,,
2026-09-06T01:01:08.988Z,X1422010,8824,45.27026,9.31305,32806.4,5.3,7.1,208.8,-42.6,0.8,-1.0,RS41-SG,404.900,7.0,250,11,2.5,,
2026-09-06T01:01:17.988Z,X1422010,8833,45.27006,9.31240,32850.8,4.5,3.0,185.5,-42.5,0.8,-1.0,RS41-SG,404.900,6.6,250,11,2.6,,
2026-09-06T01:01:18.988Z,X1422010,8834,45.27003,9.31239,32855.1,4.5,5.1,180.9,-42.5,0.8,-1.0,RS41-SG,404.900,6.6,250,11,2.6,,
2026-09-06T01:01:19.988Z,X1422010,8835,45.26998,9.31239,32859.8,4.8,6.5,187.2,-42.5,0.8,-1.0,RS41-SG,404.900,6.8,250,11,2.5,,
2026-09-06T01:01:20.988Z,X1422010,8836,45.26992,9.31237,32864.8,5.0,7.4,200.4,-42.5,0.8,-1.0,RS41-SG,404.900,6.8,250,11,2.5,,
2026-09-06T01:01:21.988Z,X1422010,8837,45.26986,9.31232,32869.9,5.1,7.8,217.5,-42.4,0.8,-1.0,RS41-SG,404.900,6.8,250,11,2.5,,
2026-09-06T01:01:31.988Z,X1422010,8847,45.26978,9.31182,32918.1,4.5,6.0,179.0,-42.5,0.8,-1.0,RS41-SG,404.900,6.6,250,11,2.6,,
2026-09-06T01:01:32.988Z,X1422010,8848,45.26972,9.31182,32922.8,4.8,7.0,192.9,-42.5,0.8,-1.0,RS41-SG,404.900,6.9,250,11,2.6,,
2026-09-06T01:01:33.988Z,X1422010,8849,45.26966,9.31178,32927.7,4.9,7.5,209.5,-42.5,0.8,-1.0,RS41-SG,404.900,7.2,250,11,2.5,,
2026-09-06T01:01:35.988Z,X1422010,8851,45.26958,9.31165,32937.3,4.5,7.2,249.4,-42.6,0.8,-1.0,RS41-SG,404.900,6.7,250,11,2.5,,
2026-09-06T01:01:51.988Z,X1422010,8867,45.26943,9.31119,33014.2,5.5,1.6,47.7,-43.2,0.8,-1.0,RS41-SG,404.900,6.3,250,11,2.6,,
2026-09-06T01:01:52.988Z,X1422010,8868,45.26944,9.31121,33019.2,4.5,2.6,70.7,-43.2,0.8,-1.0,RS41-SG,404.900,6.8,250,11,2.6,,
2026-09-06T01:01:54.988Z,X1422010,8870,45.26945,9.31128,33027.7,4.5,2.4,97.8,-43.3,0.8,-1.0,RS41-SG,404.900,7.1,250,11,2.5,,
2026-09-06T01:02:01.988Z,X1422010,8877,45.26935,9.31111,33064.2,5.7,3.5,214.2,-43.5,0.8,-1.0,RS41-SG,404.900,6.9,250,11,2.5,,
2026-09-06T01:02:02.988Z,X1422010,8878,45.26932,9.31110,33069.5,4.6,2.8,198.4,-43.5,0.8,-1.0,RS41-SG,404.900,6.9,250,11,2.5,,
2026-09-06T01:02:03.988Z,X1422010,8879,45.26930,9.31109,33074.2,4.7,1.8,173.1,-43.5,0.8,-1.0,RS41-SG,404.900,7.1,250,11,2.5,,
2026-09-06T01:02:04.988Z,X1422010,8880,45.26929,9.31110,33079.1,5.0,0.8,118.6,-43.5,0.8,-1.0,RS41-SG,404.900,7.1,250,11,2.5,,
2026-09-06T01:02:05.988Z,X1422010,8881,45.26930,9.31111,33084.3,5.4,1.5,20.8,-43.5,0.9,-1.0,RS41-SG,404.900,7.0,250,11,2.6,,
2026-09-06T01:02:12.988Z,X1422010,8888,45.26940,9.31102,33120.3,4.4,3.0,196.1,-43.5,0.9,-1.0,RS41-SG,404.900,6.5,250,11,2.6,,
2026-09-06T01:02:13.988Z,X1422010,8889,45.26937,9.31101,33124.5,4.1,4.0,192.5,-43.5,0.8,-1.0,RS41-SG,404.900,7.0,250,11,2.6,,
2026-09-06T01:02:22.988Z,X1422010,8898,45.26936,9.31089,33170.5,4.0,3.3,62.4,-43.6,0.8,-1.0,RS41-SG,404.900,7.0,250,11,2.5,,
2026-09-06T01:02:23.988Z,X1422010,8899,45.26937,9.31092,33174.9,4.8,3.2,74.8,-43.6,0.8,-1.0,RS41-SG,404.900,7.0,250,11,2.5,,
2026-09-06T01:02:24.988Z,X1422010,8900,45.26938,9.31096,33180.1,5.5,2.4,82.0,-43.6,0.8,-1.0,RS41-SG,404.900,7.1,250,11,2.5,,
2026-09-06T01:02:25.988Z,X1422010,8901,45.26938,9.31098,33185.7,5.8,0.8,75.7,-43.6,0.8,-1.0,RS41-SG,404.900,7.1,250,11,2.5,,
2026-09-06T01:02:33.988Z,X1422010,8909,45.26942,9.31066,33228.1,5.2,1.0,36.3,-43.1,0.8,-1.0,RS41-SG,404.900,6.4,250,11,2.6,,
2026-09-06T01:02:34.988Z,X1422010,8910,45.26943,9.31068,33232.8,4.1,3.2,61.5,-43.1,0.8,-1.0,RS41-SG,404.900,7.3,250,11,2.6,,
2026-09-06T01:02:35.988Z,X1422010,8911,45.26945,9.31072,33236.9,4.1,5.0,56.6,-43.1,0.8,-1.0,RS41-SG,404.900,7.5,250,11,2.6,,
2026-09-06T01:02:36.988Z,X1422010,8912,45.26948,9.31078,33241.3,4.7,5.9,45.0,-43.1,0.8,-1.0,RS41-SG,404.900,7.5,250,11,2.5,,
2026-09-06T01:02:37.988Z,X1422010,8913,45.26952,9.31082,33246.4,5.5,6.2,26.0,-43.0,0.8,-1.0,RS41-SG,404.900,7.5,250,11,2.5,,
2026-09-06T01:02:38.988Z,X1422010,8914,45.26958,9.31084,33252.1,5.7,6.4,2.5,-43.0,0.8,-1.0,RS41-SG,404.900,7.5,250,11,2.5,,
2026-09-06T01:02:39.988Z,X1422010,8915,45.26964,9.31082,33257.6,5.4,7.0,338.0,-43.0,0.8,-1.0,RS41-SG,404.900,7.4,250,11,2.5,,
2026-09-06T01:02:47.988Z,X1422010,8923,45.26977,9.31041,33296.2,4.6,4.1,72.0,-42.8,0.8,-1.0,RS41-SG,404.900,7.6,250,11,2.6,,
2026-09-06T01:02:48.988Z,X1422010,8924,45.26980,9.31046,33300.8,4.7,6.3,54.0,-42.8,0.8,-1.0,RS41-SG,404.900,7.6,250,11,2.6,,
2026-09-06T01:02:49.988Z,X1422010,8925,45.26984,9.31052,33305.8,5.2,7.8,36.5,-42.9,0.8,-1.0,RS41-SG,404.900,7.2,250,11,2.6,,
2026-09-06T01:02:50.988Z,X1422010,8926,45.26991,9.31057,33311.1,5.4,8.8,18.0,-42.9,0.8,-1.0,RS41-SG,404.900,7.3,250,11,2.5,,
2026-09-06T01:02:51.988Z,X1422010,8927,45.26999,9.31059,33316.4,5.2,9.6,359.3,-42.9,0.8,-1.0,RS41-SG,404.900,7.3,250,11,2.5,,
2026-09-06T01:02:59.988Z,X1422010,8935,45.27027,9.31025,33355.4,3.6,3.7,105.7,-42.9,0.8,-1.0,RS41-SG,404.900,8.0,250,11,2.5,,
2026-09-06T01:03:00.988Z,X1422010,8936,45.27027,9.31031,33359.0,3.7,5.3,93.8,-42.9,0.8,-1.0,RS41-SG,404.900,8.0,250,11,2.5,,
2026-09-06T01:03:01.988Z,X1422010,8937,45.27027,9.31038,33363.2,4.7,5.7,82.9,-42.9,0.8,-1.0,RS41-SG,404.900,7.9,250,11,2.6,,
2026-09-06T01:03:02.988Z,X1422010,8938,45.27028,9.31044,33368.7,6.1,5.0,65.3,-42.9,0.8,-1.0,RS41-SG,404.900,7.9,250,11,2.6,,
2026-09-06T01:03:03.988Z,X1422010,8939,45.27031,9.31048,33375.0,6.4,4.2,34.1,-42.9,0.8,-1.0,RS41-SG,404.900,7.7,250,11,2.6,,
2026-09-06T01:03:04.988Z,X1422010,8940,45.27034,9.31050,33380.7,5.0,4.6,1.5,-42.9,0.8,-1.0,RS41-SG,404.900,7.7,250,11,2.5,,
2026-09-06T01:03:05.988Z,X1422010,8941,45.27039,9.31049,33385.1,3.9,5.8,340.1,-42.8,0.8,-1.0,RS41-SG,404.900,7.6,250,11,2.5,,
2026-09-06T01:03:06.988Z,X1422010,8942,45.27044,9.31045,33388.9,3.7,7.2,330.8,-42.8,0.8,-1.0,RS41-SG,404.900,7.4,250,11,2.5,,
2026-09-06T01:03:07.988Z,X1422010,8943,45.27050,9.31040,33393.0,4.7,7.9,328.1,-42.7,0.8,-1.0,RS41-SG,404.900,7.4,250,11,2.5,,
2026-09-06T01:03:08.988Z,X1422010,8944,45.27056,9.31035,33398.4,6.0,7.4,331.3,-42.7,0.8,-1.0,RS41-SG,404.900,7.2,250,11,2.6,,
2026-09-06T01:03:09.988Z,X1422010,8945,45.27061,9.31032,33404.6,6.4,6.2,339.7,-42.7,0.8,-1.0,RS41-SG,404.900,6.8,250,11,2.6,,
2026-09-06T01:03:12.988Z,X1422010,8948,45.27071,9.31032,33419.9,4.5,1.9,74.2,-42.7,0.8,-1.0,RS41-SG,404.900,7.6,250,11,2.5,,
2026-09-06T01:03:13.988Z,X1422010,8949,45.27070,9.31034,33424.6,5.0,2.8,124.9,-42.7,0.8,-1.0,RS41-SG,404.900,7.6,250,11,2.5,,
2026-09-06T01:03:14.988Z,X1422010,8950,45.27068,9.31037,33429.8,5.3,3.8,148.1,-42.7,0.8,-1.0,RS41-SG,404.900,7.6,250,11,2.5,,
2026-09-06T01:03:15.988Z,X1422010,8951,45.27065,9.31039,33434.8,4.8,4.2,160.5,-42.7,0.8,-1.0,RS41-SG,404.900,7.6,250,11,2.6,,
2026-09-06T01:03:17.988Z,X1422010,8953,45.27059,9.31042,33444.8,5.3,1.9,158.9,-42.7,0.8,-1.0,RS41-SG,404.900,6.8,250,11,2.6,,
2026-09-06T01:03:18.988Z,X1422010,8954,45.27059,9.31043,33450.2,5.5,1.1,51.9,-42.7,0.8,-1.0,RS41-SG,404.900,6.8,250,11,2.5,,
2026-09-06T01:03:19.988Z,X1422010,8955,45.27061,9.31044,33455.6,5.4,3.4,21.8,-42.7,0.8,-1.0,RS41-SG,404.900,7.0,250,11,2.5,,
2026-09-06T01:03:21.988Z,X1422010,8957,45.27069,9.31048,33464.6,4.1,6.4,14.0,-42.7,0.8,-1.0,RS41-SG,404.900,7.6,250,11,2.5,,
2026-09-06T01:03:22.988Z,X1422010,8958,45.27075,9.31050,33469.2,5.1,6.4,10.8,-42.7,0.8,-1.0,RS41-SG,404.900,7.6,250,11,2.6,,
2026-09-06T01:03:23.988Z,X1422010,8959,45.27080,9.31051,33474.8,6.1,5.0,3.2,-42.7,0.8,-1.0,RS41-SG,404.900,7.4,250,11,2.6,,
2026-09-06T01:03:24.988Z,X1422010,8960,45.27083,9.31050,33480.9,6.0,3.1,347.6,-42.7,0.8,-1.0,RS41-SG,404.900,7.4,250,11,2.6,,
2026-09-06T01:03:29.988Z,X1422010,8965,45.27078,9.31049,33505.9,5.7,4.0,137.4,-42.8,0.8,-1.0,RS41-SG,404.900,7.6,250,11,2.6,,
2026-09-06T01:03:31.988Z,X1422010,8967,45.27074,9.31059,33515.8,4.5,4.9,102.0,-42.8,0.8,-1.0,RS41-SG,404.900,7.6,250,11,2.6,,
2026-09-06T01:03:32.988Z,X1422010,8968,45.27074,9.31065,33520.4,4.9,4.7,89.7,-42.8,0.8,-1.0,RS41-SG,404.900,7.6,250,11,2.5,,
2026-09-06T01:03:33.988Z,X1422010,8969,45.27074,9.31070,33525.6,5.5,3.7,77.3,-42.9,0.8,-1.0,RS41-SG,404.900,7.7,250,11,2.5,,
2026-09-06T01:03:34.988Z,X1422010,8970,45.27075,9.31074,33531.3,5.8,2.4,59.0,-42.9,0.8,-1.0,RS41-SG,404.900,7.7,250,11,2.5,,
2026-09-06T01:03:35.988Z,X1422010,8971,45.27076,9.31075,33536.8,5.2,1.3,24.7,-42.9,0.8,-1.0,RS41-SG,404.900,7.7,250,11,2.5,,
2026-09-06T01:03:36.988Z,X1422010,8972,45.27077,9.31075,33541.6,4.4,1.2,332.5,-42.9,0.8,-1.0,RS41-SG,404.900,7.7,250,11,2.6,,
2026-09-06T01:03:37.988Z,X1422010,8973,45.27078,9.31074,33546.0,4.4,1.4,311.9,-43.0,0.8,-1.0,RS41-SG,404.900,7.5,250,11,2.6,,
2026-09-06T01:03:41.988Z,X1422010,8977,45.27080,9.31078,33566.6,5.4,3.2,91.4,-43.0,0.8,-1.0,RS41-SG,404.900,7.0,250,11,2.5,,
2026-09-06T01:03:45.988Z,X1422010,8981,45.27074,9.31097,33586.8,5.4,4.4,144.3,-43.0,0.8,-1.0,RS41-SG,404.900,7.1,250,11,2.6,,
2026-09-06T01:03:46.988Z,X1422010,8982,45.27070,9.31099,33592.4,5.8,4.2,168.9,-43.0,0.8,-1.0,RS41-SG,404.900,7.4,250,11,2.5,,
2026-09-06T01:03:51.988Z,X1422010,8987,45.27058,9.31096,33618.2,5.6,1.5,77.9,-43.1,0.8,-1.0,RS41-SG,404.900,7.1,250,11,2.6,,
2026-09-06T01:03:52.988Z,X1422010,8988,45.27058,9.31099,33623.5,5.1,3.6,62.8,-43.1,0.8,-1.0,RS41-SG,404.900,7.1,250,11,2.6,,
2026-09-06T01:03:53.988Z,X1422010,8989,45.27060,9.31104,33628.1,4.2,5.3,61.0,-43.1,0.8,-1.0,RS41-SG,404.900,7.8,250,11,2.5,,
2026-09-06T01:03:54.988Z,X1422010,8990,45.27063,9.31110,33632.4,4.5,5.9,61.7,-43.1,0.8,-1.0,RS41-SG,404.900,7.8,250,11,2.5,,
2026-09-06T01:03:55.988Z,X1422010,8991,45.27065,9.31116,33637.2,5.2,5.3,64.7,-43.1,0.8,-1.0,RS41-SG,404.900,7.7,250,11,2.5,,
2026-09-06T01:03:56.988Z,X1422010,8992,45.27066,9.31121,33642.8,6.0,3.4,72.7,-43.1,0.8,-1.0,RS41-SG,404.900,7.7,250,11,2.5,,
2026-09-06T01:03:57.988Z,X1422010,8993,45.27067,9.31124,33648.8,5.8,1.3,117.8,-43.0,0.8,-1.0,RS41-SG,404.900,7.4,250,11,2.6,,
2026-09-06T01:03:59.988Z,X1422010,8995,45.27063,9.31123,33658.2,3.8,3.9,215.7,-43.0,0.8,-1.0,RS41-SG,404.900,7.0,250,11,2.6,,
2026-09-06T01:04:00.988Z,X1422010,8996,45.27060,9.31119,33662.4,4.5,4.9,217.0,-43.0,0.8,-1.0,RS41-SG,404.900,6.8,250,11,2.5,,
2026-09-06T01:04:02.988Z,X1422010,8998,45.27053,9.31114,33673.5,6.3,3.2,192.3,-42.9,0.8,-1.0,RS41-SG,404.900,7.0,250,11,2.5,,
2026-09-06T01:04:03.988Z,X1422010,8999,45.27051,9.31114,33679.5,5.6,2.3,154.3,-42.9,0.8,-1.0,RS41-SG,404.900,7.8,250,11,2.5,,
2026-09-06T01:04:04.988Z,X1422010,9000,45.27050,9.31116,33684.5,4.3,2.5,110.4,-42.9,0.8,-1.0,RS41-SG,404.900,7.8,250,11,2.6,,
2026-09-06T01:04:05.988Z,X1422010,9001,45.27050,9.31120,33688.8,4.3,3.1,82.6,-42.8,0.8,-1.0,RS41-SG,404.900,7.4,250,11,2.6,,
2026-09-06T01:04:06.988Z,X1422010,9002,45.27050,9.31124,33693.5,5.0,3.3,65.8,-42.8,0.8,-1.0,RS41-SG,404.900,7.4,250,11,2.6,,
2026-09-06T01:04:07.988Z,X1422010,9003,45.27052,9.31127,33698.9,5.9,2.7,46.9,-42.8,0.8,-1.0,RS41-SG,404.900,7.4,250,11,2.5,,
2026-09-06T01:04:08.988Z,X1422010,9004,45.27053,9.31128,33704.8,5.8,1.8,14.7,-42.7,0.8,-1.0,RS41-SG,404.900,7.4,250,11,2.5,,
2026-09-06T01:04:09.988Z,X1422010,9005,45.27055,9.31128,33710.0,4.8,1.7,329.7,-42.7,0.8,-1.0,RS41-SG,404.900,7.3,250,11,2.5,,
2026-09-06T01:04:10.988Z,X1422010,9006,45.27056,9.31126,33714.7,4.3,2.1,293.9,-42.6,0.8,-1.0,RS41-SG,404.900,7.3,250,11,2.5,,
2026-09-06T01:04:11.988Z,X1422010,9007,45.27056,9.31124,33719.1,4.6,2.5,274.0,-42.6,0.8,-1.0,RS41-SG,404.900,7.2,250,11,2.6,,
2026-09-06T01:04:12.988Z,X1422010,9008,45.27056,9.31121,33724.1,5.3,2.2,258.8,-42.6,0.8,-1.0,RS41-SG,404.900,7.2,250,11,2.6,,
2026-09-06T01:04:13.988Z,X1422010,9009,45.27056,9.31118,33729.5,5.6,1.5,240.8,-42.5,0.8,-1.0,RS41-SG,404.900,7.3,250,11,2.6,,
2026-09-06T01:04:14.988Z,X1422010,9010,45.27055,9.31117,33734.9,5.2,1.0,217.0,-42.5,0.7,-1.0,RS41-SG,404.900,7.3,250,11,2.5,,
2026-09-06T01:04:15.988Z,X1422010,9011,45.27054,9.31117,33739.9,4.7,0.6,190.2,-42.4,0.7,-1.0,RS41-SG,404.900,8.3,250,11,2.5,,
2026-09-06T01:04:16.988Z,X1422010,9012,45.27054,9.31117,33744.8,5.0,0.3,219.1,-42.4,0.8,-1.0,RS41-SG,404.900,8.3,250,11,2.5,,
2026-09-06T01:04:17.988Z,X1422010,9013,45.27054,9.31116,33750.0,5.5,0.8,285.8,-42.4,0.8,-1.0,RS41-SG,404.900,8.1,250,11,2.5,,
2026-09-06T01:04:18.988Z,X1422010,9014,45.27054,9.31114,33755.6,5.7,1.8,289.6,-42.3,0.8,-1.0,RS41-SG,404.900,8.1,250,11,2.6,,
2026-09-06T01:04:21.988Z,X1422010,9017,45.27057,9.31105,33770.7,5.0,2.7,300.2,-42.2,0.7,-1.0,RS41-SG,404.900,6.9,250,11,2.5,,
2026-09-06T01:04:24.988Z,X1422010,9020,45.27060,9.31103,33786.6,5.4,1.9,72.4,-42.1,0.7,-1.0,RS41-SG,404.900,7.0,250,11,2.5,,
2026-09-06T01:04:25.988Z,X1422010,9021,45.27061,9.31106,33791.7,4.8,2.6,93.9,-42.0,0.7,-1.0,RS41-SG,404.900,7.0,250,11,2.6,,
2026-09-06T01:04:26.988Z,X1422010,9022,45.27060,9.31109,33796.5,4.9,2.9,112.5,-42.0,0.7,-1.0,RS41-SG,404.900,7.5,250,11,2.6,,
2026-09-06T01:04:27.988Z,X1422010,9023,45.27059,9.31112,33801.4,5.0,2.6,136.6,-41.9,0.7,-1.0,RS41-SG,404.900,7.6,250,11,2.6,,
2026-09-06T01:04:28.988Z,X1422010,9024,45.27057,9.31113,33806.3,5.0,2.5,177.6,-41.9,0.7,-1.0,RS41-SG,404.900,7.6,250,11,2.5,,
2026-09-06T01:04:29.988Z,X1422010,9025,45.27054,9.31112,33811.4,5.2,3.4,215.3,-41.9,0.7,-1.0,RS41-SG,404.900,7.7,250,11,2.5,,
2026-09-06T01:04:30.988Z,X1422010,9026,45.27052,9.31109,33816.7,5.3,4.7,236.1,-41.9,0.8,-1.0,RS41-SG,404.900,7.7,250,11,2.5,,
2026-09-06T01:04:37.988Z,X1422010,9033,45.27059,9.31094,33851.6,4.1,6.7,55.0,-41.8,0.7,-1.0,RS41-SG,404.900,7.7,250,11,2.5,,
2026-09-06T01:04:38.988Z,X1422010,9034,45.27062,9.31101,33856.3,5.1,6.9,68.2,-41.8,0.7,-1.0,RS41-SG,404.900,7.7,250,11,2.5,,
2026-09-06T01:04:39.988Z,X1422010,9035,45.27063,9.31109,33861.8,6.1,5.8,84.7,-41.8,0.7,-1.0,RS41-SG,404.900,7.3,250,11,2.6,,
2026-09-06T01:04:40.988Z,X1422010,9036,45.27062,9.31115,33868.0,6.3,4.2,114.0,-41.9,0.7,-1.0,RS41-SG,404.900,8.3,250,11,2.6,,
2026-09-06T01:04:41.988Z,X1422010,9037,45.27060,9.31119,33873.8,5.4,4.0,157.2,-41.9,0.7,-1.0,RS41-SG,404.900,8.3,250,11,2.6,,
2026-09-06T01:04:42.988Z,X1422010,9038,45.27056,9.31119,33878.4,3.8,5.1,189.3,-41.9,0.8,-1.0,RS41-SG,404.900,8.0,250,11,2.5,,
2026-09-06T01:04:43.988Z,X1422010,9039,45.27052,9.31117,33882.1,3.7,6.2,207.5,-42.0,0.8,-1.0,RS41-SG,404.900,8.0,250,11,2.5,,
2026-09-06T01:04:47.988Z,X1422010,9043,45.27042,9.31101,33903.2,5.0,1.4,319.5,-42.1,0.8,-1.0,RS41-SG,404.900,6.8,250,11,2.5,,
2026-09-06T01:04:49.988Z,X1422010,9045,45.27046,9.31103,33911.7,3.9,4.0,41.0,-42.2,0.8,-1.0,RS41-SG,404.900,7.3,250,11,2.5,,
2026-09-06T01:04:50.988Z,X1422010,9046,45.27048,9.31107,33916.0,4.6,4.6,54.5,-42.2,0.8,-1.0,RS41-SG,404.900,7.4,250,11,2.6,,
2026-09-06T01:04:51.988Z,X1422010,9047,45.27050,9.31112,33921.0,5.4,4.2,71.9,-42.2,0.8,-1.0,RS41-SG,404.900,7.4,250,11,2.6,,
2026-09-06T01:05:13.988Z,X1422010,9069,45.27004,9.31161,34032.9,5.7,8.3,106.1,-42.6,0.8,-1.0,RS41-SG,404.900,7.2,250,11,2.5,,
2026-09-06T01:05:14.988Z,X1422010,9070,45.27003,9.31170,34038.3,5.1,6.8,83.7,-42.6,0.8,-1.0,RS41-SG,404.900,7.2,250,11,2.5,,
2026-09-06T01:05:30.988Z,X1422010,9086,45.26991,9.31190,34116.0,4.4,5.0,320.6,-42.2,0.8,-1.0,RS41-SG,404.900,7.8,250,11,2.6,,
2026-09-06T01:05:31.988Z,X1422010,9087,45.26994,9.31184,34120.2,4.0,7.2,288.2,-42.2,0.8,-1.0,RS41-SG,404.900,7.8,250,11,2.5,,
2026-09-06T01:05:36.988Z,X1422010,9092,45.26973,9.31139,34143.8,4.9,9.1,181.7,-42.3,0.8,-1.0,RS41-SG,404.900,7.0,250,11,2.5,,
2026-09-06T01:05:37.988Z,X1422010,9093,45.26965,9.31141,34148.6,4.5,8.6,154.9,-42.3,0.8,-1.0,RS41-SG,404.900,7.3,250,11,2.5,,
2026-09-06T01:05:38.988Z,X1422010,9094,45.26959,9.31148,34152.8,3.9,8.6,128.6,-42.4,0.8,-1.0,RS41-SG,404.900,8.1,250,11,2.5,,
2026-09-06T01:05:39.988Z,X1422010,9095,45.26956,9.31158,34156.7,3.9,8.5,105.5,-42.3,0.8,-1.0,RS41-SG,404.900,8.1,250,11,2.6,,
2026-09-06T01:05:40.988Z,X1422010,9096,45.26955,9.31168,34161.0,4.6,7.7,84.6,-42.3,0.8,-1.0,RS41-SG,404.900,8.0,250,11,2.6,,
2026-09-06T01:05:41.988Z,X1422010,9097,45.26957,9.31176,34166.0,5.4,5.8,60.5,-42.3,0.8,-1.0,RS41-SG,404.900,7.9,250,11,2.6,,
2026-09-06T01:05:42.988Z,X1422010,9098,45.26960,9.31180,34171.5,5.5,3.9,17.6,-42.3,0.8,-1.0,RS41-SG,404.900,7.4,250,11,2.5,,
2026-09-06T01:05:43.988Z,X1422010,9099,45.26963,9.31178,34176.7,5.0,4.3,315.4,-42.3,0.8,-1.0,RS41-SG,404.900,7.5,250,11,2.5,,
2026-09-06T01:05:44.988Z,X1422010,9100,45.26965,9.31172,34181.2,4.0,7.0,280.6,-42.3,0.8,-1.0,RS41-SG,404.900,7.5,250,11,2.5,,
2026-09-06T01:05:45.988Z,X1422010,9101,45.26965,9.31161,34185.1,3.8,10.0,262.4,-42.2,0.8,-1.0,RS41-SG,404.900,7.1,250,11,2.5,,
2026-09-06T01:05:52.988Z,X1422010,9108,45.26928,9.31113,34220.5,3.1,5.6,104.2,-42.2,0.7,-1.0,RS41-SG,404.900,7.5,250,11,2.5,,
2026-09-06T01:05:53.988Z,X1422010,9109,45.26928,9.31121,34223.7,3.2,7.4,77.0,-42.2,0.8,-1.0,RS41-SG,404.900,7.6,250,11,2.6,,
2026-09-06T01:05:54.988Z,X1422010,9110,45.26931,9.31131,34227.6,4.6,8.2,61.7,-42.2,0.8,-1.0,RS41-SG,404.900,7.6,250,11,2.6,,
2026-09-06T01:05:58.988Z,X1422010,9114,45.26939,9.31137,34252.1,4.2,6.5,249.6,-42.1,0.8,-1.0,RS41-SG,404.900,6.7,250,11,2.5,,
2026-09-06T01:05:59.988Z,X1422010,9115,45.26936,9.31127,34255.3,2.3,10.7,238.7,-42.1,0.8,-1.0,RS41-SG,404.900,7.4,250,11,2.5,,
2026-09-06T01:06:06.988Z,X1422010,9122,45.26895,9.31067,34288.7,2.0,3.8,43.6,-42.0,0.7,-1.0,RS41-SG,404.900,7.1,250,11,2.5,,
2026-09-06T01:06:07.988Z,X1422010,9123,45.26899,9.31072,34290.3,1.1,7.5,36.6,-41.9,0.7,-1.0,RS41-SG,404.900,7.1,250,11,2.6,,
2026-09-06T01:06:12.988Z,X1422010,9128,45.26922,9.31079,34316.2,4.4,5.7,249.4,-41.9,0.8,-1.0,RS41-SG,404.900,7.1,250,11,2.5,,
2026-09-06T01:06:13.988Z,X1422010,9129,45.26918,9.31071,34319.4,1.9,9.2,235.4,-42.0,0.8,-1.0,RS41-SG,404.900,7.3,250,11,2.6,,
2026-09-06T01:06:20.988Z,X1422010,9136,45.26888,9.31017,34350.6,2.1,3.1,7.1,-41.9,0.7,-1.0,RS41-SG,404.900,7.0,250,11,2.5,,
2026-09-06T01:07:12.988Z,X1422010,9188,45.26889,9.30845,34597.7,3.8,9.9,245.2,-42.0,0.8,-1.0,RS41-SG,404.900,6.2,250,11,2.5,,
2026-09-06T01:07:19.988Z,X1422010,9195,45.26883,9.30809,34629.5,3.3,5.9,35.0,-41.8,0.7,-1.0,RS41-SG,404.900,6.6,250,11,2.5,,
2026-09-06T01:07:20.988Z,X1422010,9196,45.26888,9.30813,34633.6,5.1,6.1,31.8,-41.8,0.7,-1.0,RS41-SG,404.900,7.1,250,11,2.5,,
2026-09-06T01:08:02.988Z,X1422010,9238,45.27009,9.30514,34830.8,5.4,5.6,299.4,-40.7,0.7,-1.0,RS41-SG,404.900,6.9,250,10,2.6,,
2026-09-06T01:08:25.988Z,X1422010,9261,45.27074,9.30297,34939.3,4.3,7.7,339.8,-40.3,0.7,-1.0,RS41-SG,404.900,7.1,250,10,2.5,,
2026-09-06T01:08:26.988Z,X1422010,9262,45.27080,9.30293,34944.3,5.7,7.7,332.0,-40.3,0.7,-1.0,RS41-SG,404.900,6.9,250,10,2.5,,
2026-09-06T01:09:00.988Z,X1422010,9296,45.27151,9.30094,35123.7,5.7,3.0,17.4,-39.7,0.7,-1.0,RS41-SG,404.900,6.7,250,10,2.6,,
2026-09-06T01:09:01.988Z,X1422010,9297,45.27154,9.30095,35129.5,5.9,3.7,16.9,-39.7,0.7,-1.0,RS41-SG,404.900,7.0,250,10,2.6,,
2026-09-06T01:09:03.988Z,X1422010,9299,45.27161,9.30096,35141.5,6.0,4.1,347.3,-39.7,0.7,-1.0,RS41-SG,404.900,7.0,250,10,2.5,,
2026-09-06T01:09:13.988Z,X1422010,9309,45.27160,9.30049,35195.9,4.5,3.9,75.1,-39.6,0.7,-1.0,RS41-SG,404.900,6.6,250,10,2.5,,
2026-09-06T01:09:16.988Z,X1422010,9312,45.27171,9.30065,35210.8,5.8,7.5,21.7,-39.5,0.7,-1.0,RS41-SG,404.900,6.8,250,10,2.6,,
2026-09-06T01:09:32.988Z,X1422010,9328,45.27199,9.30051,35296.9,5.1,6.1,327.9,-39.7,0.7,-1.0,RS41-SG,404.900,6.6,250,10,2.5,,
2026-09-06T01:10:19.988Z,X1422010,9375,45.27142,9.29847,34474.6,-30.0,18.3,195.5,-41.8,0.8,-1.0,RS41-SG,404.900,6.9,250,10,2.5,,
2026-09-06T01:10:37.988Z,X1422010,9393,45.27143,9.29772,33937.9,-31.3,21.5,153.9,-42.0,0.8,-1.0,RS41-SG,404.900,6.6,250,10,2.5,,
