timestamp,serial,frame,lat,lon,alt,vel_v,vel_h,heading,temp,humidity,pressure,type,freq_mhz,snr,f_error_hz,sats,batt_v,burst_timer,aux_data
2026-07-25T11:42:17.000Z,W1750383,7523,44.68278,8.17078,28175.6,3.8,9.8,284.0,-273.0,-1.0,-1.0,RS41,403.700,6.8,625,10,2.6,,
2026-07-25T11:42:19.000Z,W1750383,7525,44.68281,8.17052,28185.2,5.9,11.8,278.3,-273.0,-1.0,-1.0,RS41,403.700,6.7,625,10,2.7,,
2026-07-25T11:42:27.000Z,W1750383,7533,44.68279,8.16914,28222.0,5.5,12.7,264.5,-273.0,-1.0,-1.0,RS41,403.700,6.9,625,10,2.7,,
2026-07-25T11:42:28.000Z,W1750383,7534,44.68278,8.16898,28226.7,3.8,12.9,267.2,-273.0,-1.0,-1.0,RS41,403.700,7.0,625,10,2.6,,
2026-07-25T11:42:29.000Z,W1750383,7535,44.68278,8.16882,28230.8,4.3,12.7,269.8,-273.0,-1.0,-1.0,RS41,403.700,7.0,625,10,2.6,,
2026-07-25T11:42:30.000Z,W1750383,7536,44.68278,8.16867,28235.6,5.3,12.1,271.1,-273.0,-1.0,-1.0,RS41,403.700,6.7,625,10,2.7,,
2026-07-25T11:42:31.000Z,W1750383,7537,44.68278,8.16852,28240.6,4.8,11.2,271.2,-273.0,-1.0,-1.0,RS41,403.700,7.3,625,10,2.7,,
2026-07-25T11:42:32.000Z,W1750383,7538,44.68278,8.16838,28244.9,3.9,11.0,270.9,-273.0,-1.0,-1.0,RS41,403.700,7.3,625,10,2.6,,
2026-07-25T11:42:33.000Z,W1750383,7539,44.68278,8.16824,28249.4,5.0,11.5,270.8,-273.0,-1.0,-1.0,RS41,403.700,7.1,625,10,2.6,,
2026-07-25T11:42:39.000Z,W1750383,7545,44.68275,8.16720,28276.7,4.1,13.2,259.2,-273.0,-1.0,-1.0,RS41,403.700,6.6,625,10,2.6,,
2026-07-25T11:43:14.000Z,W1750383,7580,44.68282,8.16060,28431.1,3.4,16.8,283.8,-273.0,-1.0,-1.0,RS41,403.700,6.9,625,10,2.6,,
2026-07-25T11:43:19.000Z,W1750383,7585,44.68309,8.15958,28453.8,3.8,18.2,287.8,-273.0,-1.0,-1.0,RS41,403.700,6.6,625,10,2.6,,
2026-07-25T11:43:20.000Z,W1750383,7586,44.68314,8.15937,28458.1,4.6,17.8,283.2,-273.0,-1.0,-1.0,RS41,403.700,6.6,625,10,2.6,,
2026-07-25T11:44:36.000Z,W1750383,7662,44.68450,8.14217,28866.1,5.5,17.1,286.2,-273.0,-1.0,-1.0,RS41,403.700,7.0,625,10,2.7,,
2026-07-25T11:44:37.000Z,W1750383,7663,44.68454,8.14197,28871.6,5.8,16.8,287.5,-273.0,-1.0,-1.0,RS41,403.700,7.1,625,10,2.7,,
2026-07-25T11:44:38.000Z,W1750383,7664,44.68459,8.14176,28877.8,6.8,17.5,288.4,-273.0,-1.0,-1.0,RS41,403.700,7.1,625,10,2.6,,
2026-07-25T11:44:44.000Z,W1750383,7670,44.68485,8.14048,28914.0,5.4,16.1,284.0,-273.0,-1.0,-1.0,RS41,403.700,7.1,625,10,2.6,,
2026-07-25T11:44:45.000Z,W1750383,7671,44.68489,8.14028,28920.1,6.8,16.4,284.2,-273.0,-1.0,-1.0,RS41,403.700,7.1,625,10,2.6,,
2026-07-25T11:44:46.000Z,W1750383,7672,44.68493,8.14007,28926.9,7.1,17.3,285.0,-273.0,-1.0,-1.0,RS41,403.700,7.0,625,10,2.7,,
2026-07-25T11:44:49.000Z,W1750383,7675,44.68506,8.13943,28946.0,6.8,17.2,287.2,-273.0,-1.0,-1.0,RS41,403.700,7.4,625,10,2.6,,
2026-07-25T11:44:50.000Z,W1750383,7676,44.68510,8.13923,28952.6,6.2,16.3,288.2,-273.0,-1.0,-1.0,RS41,403.700,7.4,625,10,2.6,,
2026-07-25T11:44:52.000Z,W1750383,7678,44.68519,8.13886,28963.4,5.6,15.5,289.6,-273.0,-1.0,-1.0,RS41,403.700,6.9,625,10,2.7,,
2026-07-25T11:44:53.000Z,W1750383,7679,44.68524,8.13867,28969.2,6.2,16.2,289.2,-273.0,-1.0,-1.0,RS41,403.700,6.9,625,10,2.7,,
2026-07-25T11:44:54.000Z,W1750383,7680,44.68529,8.13847,28975.7,6.5,17.1,289.2,-273.0,-1.0,-1.0,RS41,403.700,7.5,625,10,2.7,,
2026-07-25T11:44:55.000Z,W1750383,7681,44.68534,8.13826,28981.8,5.5,17.8,288.3,-273.0,-1.0,-1.0,RS41,403.700,8.2,625,10,2.6,,
2026-07-25T11:44:56.000Z,W1750383,7682,44.68539,8.13805,28987.3,5.4,17.6,287.2,-273.0,-1.0,-1.0,RS41,403.700,8.2,625,10,2.6,,
2026-07-25T11:44:58.000Z,W1750383,7684,44.68547,8.13765,29000.1,7.1,14.8,283.0,-273.0,-1.0,-1.0,RS41,403.700,7.2,625,10,2.7,,
2026-07-25T11:44:59.000Z,W1750383,7685,44.68549,8.13748,29006.4,5.4,13.5,280.2,-273.0,-1.0,-1.0,RS41-SG,403.700,8.1,625,10,2.7,,
2026-07-25T11:45:00.000Z,W1750383,7686,44.68551,8.13732,29011.8,5.2,12.4,277.8,-273.0,-1.0,-1.0,RS41-SG,403.700,8.7,625,10,2.6,,
2026-07-25T11:45:01.000Z,W1750383,7687,44.68552,8.13717,29017.5,6.0,12.4,276.4,-273.0,-1.0,-1.0,RS41-SG,403.700,8.7,625,10,2.6,,
2026-07-25T11:45:02.000Z,W1750383,7688,44.68554,8.13700,29023.8,6.6,13.3,276.6,-273.0,-1.0,-1.0,RS41-SG,403.700,7.7,625,10,2.6,,
2026-07-25T11:45:03.000Z,W1750383,7689,44.68555,8.13683,29030.5,6.9,14.5,277.3,-273.0,-1.0,-1.0,RS41-SG,403.700,7.6,625,10,2.7,,
2026-07-25T11:45:04.000Z,W1750383,7690,44.68557,8.13665,29036.3,5.0,15.5,278.5,-273.0,-1.0,-1.0,RS41-SG,403.700,8.1,625,10,2.7,,
2026-07-25T11:45:05.000Z,W1750383,7691,44.68559,8.13645,29041.5,5.4,15.4,279.4,-273.0,-1.0,-1.0,RS41-SG,403.700,8.1,625,10,2.7,,
2026-07-25T11:45:07.000Z,W1750383,7693,44.68564,8.13610,29054.4,7.1,13.2,281.0,-273.0,-1.0,-1.0,RS41-SG,403.700,6.8,625,10,2.6,,
2026-07-25T11:45:08.000Z,W1750383,7694,44.68566,8.13594,29061.0,5.9,12.0,282.6,-273.0,-1.0,-1.0,RS41-SG,403.700,7.9,625,10,2.6,,
2026-07-25T11:45:09.000Z,W1750383,7695,44.68568,8.13580,29066.5,5.4,11.1,285.4,-273.0,-1.0,-1.0,RS41-SG,403.700,8.9,625,9,2.7,,
2026-07-25T11:45:10.000Z,W1750383,7696,44.68571,8.13567,29072.0,5.8,11.1,288.6,-273.0,-1.0,-1.0,RS41-SG,403.700,8.9,625,10,2.7,,
2026-07-25T11:45:11.000Z,W1750383,7697,44.68575,8.13553,29078.4,6.9,12.0,291.9,-273.0,-1.0,-1.0,RS41-SG,403.700,8.4,625,10,2.7,,
2026-07-25T11:45:12.000Z,W1750383,7698,44.68579,8.13539,29084.9,5.9,12.8,291.6,-273.0,-1.0,-1.0,RS41-SG,403.700,8.4,625,10,2.6,,
2026-07-25T11:45:13.000Z,W1750383,7699,44.68583,8.13523,29090.8,5.5,13.3,291.0,-273.0,-1.0,-1.0,RS41-SG,403.700,8.0,625,10,2.6,,
2026-07-25T11:45:14.000Z,W1750383,7700,44.68587,8.13508,29096.6,6.2,12.9,289.5,-273.0,-1.0,-1.0,RS41-SG,403.700,8.0,625,10,2.7,,
2026-07-25T11:45:15.000Z,W1750383,7701,44.68591,8.13493,29103.0,6.6,11.9,286.7,-273.0,-1.0,-1.0,RS41-SG,403.700,7.8,625,10,2.7,,
2026-07-25T11:45:16.000Z,W1750383,7702,44.68593,8.13480,29109.4,6.5,10.7,283.0,-273.0,-1.0,-1.0,RS41-SG,403.700,7.4,625,10,2.6,,
2026-07-25T11:45:17.000Z,W1750383,7703,44.68595,8.13467,29115.2,5.2,9.9,280.2,-273.0,-1.0,-1.0,RS41-SG,403.700,7.4,625,10,2.6,,
2026-07-25T11:45:18.000Z,W1750383,7704,44.68597,8.13455,29120.4,5.3,9.9,278.8,-273.0,-1.0,-1.0,RS41-SG,403.700,8.0,625,10,2.7,,
2026-07-25T11:45:19.000Z,W1750383,7705,44.68598,8.13442,29126.2,6.3,10.7,281.0,-273.0,-1.0,-1.0,RS41-SG,403.700,8.0,625,10,2.7,,
2026-07-25T11:45:20.000Z,W1750383,7706,44.68601,8.13428,29133.0,7.2,12.2,285.0,-273.0,-1.0,-1.0,RS41-SG,403.700,8.0,625,10,2.7,,
2026-07-25T11:45:21.000Z,W1750383,7707,44.68604,8.13412,29139.5,5.7,13.6,287.1,-273.0,-1.0,-1.0,RS41-SG,403.700,8.0,625,10,2.6,,
2026-07-25T11:45:24.000Z,W1750383,7710,44.68617,8.13363,29158.2,7.5,13.4,294.1,-273.0,-1.0,-1.0,RS41-SG,403.700,7.7,625,10,2.7,,
2026-07-25T11:45:25.000Z,W1750383,7711,44.68622,8.13348,29164.4,5.5,12.3,294.9,-273.0,-1.0,-1.0,RS41-SG,403.700,7.7,625,10,2.7,,
2026-07-25T11:45:26.000Z,W1750383,7712,44.68627,8.13334,29169.6,5.2,11.3,295.1,-273.0,-1.0,-1.0,RS41-SG,403.700,7.3,625,10,2.7,,
2026-07-25T11:45:27.000Z,W1750383,7713,44.68631,8.13322,29175.5,6.3,10.8,294.1,-273.0,-1.0,-1.0,RS41-SG,403.700,6.8,625,10,2.6,,
2026-07-25T11:45:29.000Z,W1750383,7715,44.68638,8.13296,29188.4,5.4,11.5,288.6,-273.0,-1.0,-1.0,RS41-SG,403.700,7.1,625,10,2.6,,
2026-07-25T11:45:30.000Z,W1750383,7716,44.68641,8.13282,29193.8,5.8,11.4,284.6,-273.0,-1.0,-1.0,RS41-SG,403.700,7.1,625,10,2.7,,
2026-07-25T11:45:33.000Z,W1750383,7719,44.68645,8.13242,29212.8,5.6,10.2,273.2,-273.0,-1.0,-1.0,RS41-SG,403.700,6.8,625,10,2.6,,
2026-07-25T11:45:34.000Z,W1750383,7720,44.68645,8.13229,29218.9,6.3,10.9,270.3,-273.0,-1.0,-1.0,RS41-SG,403.700,7.1,625,10,2.6,,
2026-07-25T11:45:35.000Z,W1750383,7721,44.68645,8.13214,29225.6,7.1,12.3,269.4,-273.0,-1.0,-1.0,RS41-SG,403.700,7.4,625,10,2.7,,
2026-07-25T11:45:36.000Z,W1750383,7722,44.68645,8.13198,29232.2,6.4,13.5,270.8,-273.0,-1.0,-1.0,RS41-SG,403.700,7.6,625,10,2.7,,
2026-07-25T11:45:37.000Z,W1750383,7723,44.68646,8.13180,29238.1,5.3,14.3,272.1,-273.0,-1.0,-1.0,RS41-SG,403.700,7.6,625,10,2.7,,
2026-07-25T11:45:40.000Z,W1750383,7726,44.68649,8.13130,29256.8,6.4,11.8,278.7,-273.0,-1.0,-1.0,RS41-SG,403.700,6.4,625,10,2.6,,
2026-07-25T11:45:41.000Z,W1750383,7727,44.68651,8.13116,29262.4,5.1,10.6,279.3,-273.0,-1.0,-1.0,RS41-SG,403.700,6.8,625,10,2.7,,
2026-07-25T11:45:42.000Z,W1750383,7728,44.68652,8.13103,29267.7,5.6,10.1,277.7,-273.0,-1.0,-1.0,RS41-SG,403.700,6.8,625,10,2.7,,
2026-07-25T11:45:47.000Z,W1750383,7733,44.68651,8.13028,29297.5,6.1,13.5,264.8,-273.0,-1.0,-1.0,RS41-SG,403.700,7.0,625,10,2.7,,
2026-07-25T11:45:49.000Z,W1750383,7735,44.68650,8.12995,29310.1,5.5,12.4,267.1,-273.0,-1.0,-1.0,RS41-SG,403.700,6.8,625,10,2.7,,
2026-07-25T11:45:51.000Z,W1750383,7737,44.68649,8.12964,29322.3,6.9,12.8,270.6,-273.0,-1.0,-1.0,RS41-SG,403.700,6.3,625,10,2.6,,
2026-07-25T11:45:57.000Z,W1750383,7743,44.68649,8.12862,29358.7,5.7,12.4,264.6,-273.0,-1.0,-1.0,RS41-SG,403.700,6.7,625,10,2.6,,
2026-07-25T11:45:58.000Z,W1750383,7744,44.68647,8.12847,29364.3,5.6,12.6,261.1,-273.0,-1.0,-1.0,RS41-SG,403.700,6.7,625,10,2.7,,
2026-07-25T11:46:05.000Z,W1750383,7751,44.68629,8.12724,29405.2,5.3,11.1,262.2,-273.0,-1.0,-1.0,RS41-SG,403.700,7.1,625,10,2.7,,
2026-07-25T11:46:06.000Z,W1750383,7752,44.68628,8.12711,29410.2,4.6,10.0,266.8,-273.0,-1.0,-1.0,RS41-SG,403.700,7.1,625,10,2.7,,
2026-07-25T11:46:07.000Z,W1750383,7753,44.68628,8.12699,29415.4,5.5,9.8,272.8,-273.0,-1.0,-1.0,RS41-SG,403.700,7.1,625,10,2.6,,
2026-07-25T11:46:08.000Z,W1750383,7754,44.68629,8.12686,29421.6,6.7,10.8,275.8,-273.0,-1.0,-1.0,RS41-SG,403.700,7.4,625,10,2.6,,
2026-07-25T11:46:13.000Z,W1750383,7759,44.68631,8.12605,29450.3,5.9,13.2,263.8,-43.4,-1.0,-1.0,RS41-SG,403.700,7.7,625,10,2.7,,
2026-07-25T11:46:14.000Z,W1750383,7760,44.68630,8.12588,29455.8,5.1,13.1,258.8,-43.4,-1.0,-1.0,RS41-SG,403.700,7.7,625,10,2.7,,
2026-07-25T11:46:15.000Z,W1750383,7761,44.68627,8.12572,29461.2,5.7,13.5,255.0,-43.3,-1.0,-1.0,RS41-SG,403.700,7.4,625,10,2.7,,
2026-07-25T11:46:16.000Z,W1750383,7762,44.68623,8.12555,29467.2,6.2,14.4,251.5,-43.3,-1.0,-1.0,RS41-SG,403.700,7.4,625,10,2.6,,
2026-07-25T11:46:20.000Z,W1750383,7766,44.68606,8.12484,29488.6,5.7,13.6,253.8,-43.3,-1.0,-1.0,RS41-SG,403.700,6.8,625,10,2.7,,
2026-07-25T11:46:21.000Z,W1750383,7767,44.68603,8.12469,29494.5,5.9,11.9,257.0,-43.2,-1.0,-1.0,RS41-SG,403.700,7.3,625,10,2.7,,
2026-07-25T11:46:22.000Z,W1750383,7768,44.68601,8.12455,29500.2,5.5,10.4,261.6,-43.3,-1.0,-1.0,RS41-SG,403.700,7.3,625,10,2.6,,
2026-07-25T11:46:23.000Z,W1750383,7769,44.68601,8.12442,29505.4,4.6,10.1,266.8,-43.3,0.7,-1.0,RS41-SG,403.700,7.2,625,10,2.6,,
2026-07-25T11:46:24.000Z,W1750383,7770,44.68600,8.12429,29510.0,4.7,10.8,271.1,-43.3,0.7,-1.0,RS41-SG,403.700,7.2,625,10,2.6,,
2026-07-25T11:46:25.000Z,W1750383,7771,44.68601,8.12414,29514.8,5.1,12.6,274.1,-43.3,0.7,-1.0,RS41-SG,403.700,7.2,625,10,2.7,,
2026-07-25T11:46:26.000Z,W1750383,7772,44.68602,8.12397,29520.2,5.6,15.1,274.6,-43.3,0.6,-1.0,RS41-SG,403.700,7.2,625,10,2.7,,
2026-07-25T11:46:32.000Z,W1750383,7778,44.68600,8.12270,29552.5,4.5,13.2,260.0,-43.0,0.6,-1.0,RS41-SG,403.700,6.8,625,10,2.7,,
2026-07-25T11:46:33.000Z,W1750383,7779,44.68598,8.12255,29556.8,4.0,11.2,258.4,-43.0,0.7,-1.0,RS41-SG,403.700,7.4,625,10,2.6,,
2026-07-25T11:46:34.000Z,W1750383,7780,44.68596,8.12241,29561.3,5.0,10.2,257.5,-43.0,0.7,-1.0,RS41-SG,403.700,7.4,625,10,2.6,,
2026-07-25T11:46:36.000Z,W1750383,7782,44.68593,8.12215,29572.8,5.3,11.5,262.3,-43.1,0.7,-1.0,RS41-SG,403.700,7.1,625,10,2.7,,
2026-07-25T11:46:38.000Z,W1750383,7784,44.68590,8.12184,29582.5,5.1,13.3,265.1,-42.9,0.6,-1.0,RS41-SG,403.700,6.6,625,10,2.7,,
2026-07-25T11:46:40.000Z,W1750383,7786,44.68588,8.12150,29593.8,5.1,14.1,264.5,-42.9,0.7,-1.0,RS41-SG,403.700,7.2,625,10,2.6,,
2026-07-25T11:46:41.000Z,W1750383,7787,44.68587,8.12132,29599.0,5.2,14.7,263.4,-42.9,0.7,-1.0,RS41-SG,403.700,7.4,625,10,2.6,,
2026-07-25T11:46:42.000Z,W1750383,7788,44.68585,8.12113,29604.4,5.5,15.8,261.8,-43.0,0.7,-1.0,RS41-SG,403.700,7.4,625,10,2.7,,
2026-07-25T11:46:43.000Z,W1750383,7789,44.68583,8.12093,29610.1,5.8,16.9,260.3,-43.0,0.7,-1.0,RS41-SG,403.700,7.4,625,10,2.7,,
2026-07-25T11:46:44.000Z,W1750383,7790,44.68580,8.12071,29615.4,4.8,17.6,258.6,-43.0,0.7,-1.0,RS41-SG,403.700,7.4,625,10,2.7,,
2026-07-25T11:46:45.000Z,W1750383,7791,44.68576,8.12050,29620.3,4.6,17.2,255.7,-42.9,0.6,-1.0,RS41-SG,403.700,7.2,625,10,2.6,,
2026-07-25T11:46:46.000Z,W1750383,7792,44.68572,8.12030,29625.3,5.2,16.0,252.1,-42.9,0.6,-1.0,RS41-SG,403.700,7.2,625,10,2.6,,
2026-07-25T11:46:47.000Z,W1750383,7793,44.68568,8.12012,29630.7,5.7,14.0,247.2,-42.9,0.7,-1.0,RS41-SG,403.700,6.6,625,10,2.7,,
2026-07-25T11:46:48.000Z,W1750383,7794,44.68563,8.11998,29636.2,5.4,12.1,243.4,-42.9,0.6,-1.0,RS41-SG,403.700,6.5,625,10,2.7,,
2026-07-25T11:46:49.000Z,W1750383,7795,44.68558,8.11985,29641.2,4.5,10.6,243.6,-42.9,0.7,-1.0,RS41-SG,403.700,7.3,625,10,2.6,,
2026-07-25T11:46:50.000Z,W1750383,7796,44.68555,8.11973,29646.1,5.1,9.8,249.4,-42.9,0.6,-1.0,RS41-SG,403.700,7.5,625,10,2.6,,
2026-07-25T11:46:51.000Z,W1750383,7797,44.68552,8.11961,29651.7,6.1,10.5,260.4,-42.9,0.6,-1.0,RS41-SG,403.700,7.5,625,10,2.7,,
2026-07-25T11:46:52.000Z,W1750383,7798,44.68551,8.11946,29657.7,6.2,12.4,269.5,-42.9,0.6,-1.0,RS41-SG,403.700,7.5,625,10,2.7,,
2026-07-25T11:46:53.000Z,W1750383,7799,44.68552,8.11930,29662.8,3.7,14.3,273.8,-42.8,0.7,-1.0,RS41-SG,403.700,7.4,625,10,2.7,,
2026-07-25T11:46:54.000Z,W1750383,7800,44.68553,8.11911,29666.5,3.3,15.8,275.7,-42.9,0.6,-1.0,RS41-SG,403.700,7.0,625,10,2.6,,
2026-07-25T11:46:55.000Z,W1750383,7801,44.68554,8.11891,29670.8,5.1,16.6,275.2,-42.8,0.7,-1.0,RS41-SG,403.700,6.9,625,10,2.6,,
2026-07-25T11:46:56.000Z,W1750383,7802,44.68555,8.11870,29676.4,6.2,16.1,272.9,-42.8,0.7,-1.0,RS41-SG,403.700,7.1,625,10,2.6,,
2026-07-25T11:46:57.000Z,W1750383,7803,44.68556,8.11851,29681.9,5.0,15.1,269.7,-42.7,0.6,-1.0,RS41-SG,403.700,7.1,625,10,2.7,,
2026-07-25T11:46:58.000Z,W1750383,7804,44.68555,8.11832,29686.9,4.8,14.1,266.3,-42.6,0.6,-1.0,RS41-SG,403.700,7.4,625,10,2.7,,
2026-07-25T11:46:59.000Z,W1750383,7805,44.68554,8.11815,29691.7,4.8,13.3,264.0,-42.5,0.6,-1.0,RS41-SG,403.700,8.0,625,10,2.7,,
2026-07-25T11:47:00.000Z,W1750383,7806,44.68553,8.11799,29696.9,5.4,12.9,263.1,-42.5,0.6,-1.0,RS41-SG,403.700,8.0,625,10,2.6,,
2026-07-25T11:47:01.000Z,W1750383,7807,44.68552,8.11783,29702.4,5.3,12.6,263.4,-42.5,0.6,-1.0,RS41-SG,403.700,8.0,625,10,2.6,,
2026-07-25T11:47:02.000Z,W1750383,7808,44.68551,8.11767,29707.4,4.8,12.2,265.6,-42.5,0.7,-1.0,RS41-SG,403.700,7.6,625,10,2.6,,
2026-07-25T11:47:03.000Z,W1750383,7809,44.68550,8.11752,29712.2,4.7,11.6,268.8,-42.6,0.7,-1.0,RS41-SG,403.700,7.2,625,10,2.7,,
2026-07-25T11:47:04.000Z,W1750383,7810,44.68550,8.11739,29716.8,4.6,10.6,271.8,-42.6,0.6,-1.0,RS41-SG,403.700,7.3,625,10,2.7,,
2026-07-25T11:47:05.000Z,W1750383,7811,44.68550,8.11726,29721.6,4.7,9.8,272.8,-42.6,0.6,-1.0,RS41-SG,403.700,7.9,625,10,2.7,,
2026-07-25T11:47:06.000Z,W1750383,7812,44.68551,8.11714,29726.5,4.9,9.6,270.6,-42.6,0.6,-1.0,RS41-SG,403.700,7.9,625,10,2.7,,
2026-07-25T11:47:07.000Z,W1750383,7813,44.68550,8.11701,29731.5,4.9,10.3,265.5,-42.6,0.7,-1.0,RS41-SG,403.700,7.9,625,10,2.6,,
2026-07-25T11:47:08.000Z,W1750383,7814,44.68549,8.11687,29736.6,5.0,12.1,261.1,-42.5,0.6,-1.0,RS41-SG,403.700,8.1,625,10,2.6,,
2026-07-25T11:47:09.000Z,W1750383,7815,44.68547,8.11671,29741.4,4.8,14.6,259.4,-42.5,0.6,-1.0,RS41-SG,403.700,8.1,625,10,2.6,,
2026-07-25T11:47:10.000Z,W1750383,7816,44.68545,8.11651,29745.9,4.4,16.8,260.0,-42.5,0.7,-1.0,RS41-SG,403.700,8.2,625,10,2.7,,
2026-07-25T11:47:11.000Z,W1750383,7817,44.68542,8.11630,29750.2,4.5,18.3,263.2,-42.5,0.6,-1.0,RS41-SG,403.700,8.2,625,10,2.7,,
2026-07-25T11:47:12.000Z,W1750383,7818,44.68541,8.11607,29755.0,4.7,18.6,267.1,-42.4,0.6,-1.0,RS41-SG,403.700,7.9,625,10,2.7,,
2026-07-25T11:47:13.000Z,W1750383,7819,44.68541,8.11584,29759.8,4.7,17.5,271.5,-42.4,0.6,-1.0,RS41-SG,403.700,7.4,625,10,2.6,,
2026-07-25T11:47:17.000Z,W1750383,7823,44.68545,8.11521,29778.8,3.4,8.2,272.4,-42.2,0.6,-1.0,RS41-SG,403.700,7.0,625,10,2.7,,
2026-07-25T11:47:18.000Z,W1750383,7824,44.68545,8.11511,29782.6,4.1,7.6,265.3,-42.3,0.6,-1.0,RS41-SG,403.700,7.3,625,10,2.7,,
2026-07-25T11:47:19.000Z,W1750383,7825,44.68544,8.11501,29787.7,5.6,8.5,260.7,-42.4,0.7,-1.0,RS41-SG,403.700,7.5,625,10,2.6,,
2026-07-25T11:47:20.000Z,W1750383,7826,44.68543,8.11490,29793.6,5.9,10.2,261.6,-42.4,0.6,-1.0,RS41-SG,403.700,7.5,625,10,2.6,,
2026-07-25T11:47:21.000Z,W1750383,7827,44.68542,8.11476,29798.6,4.0,11.8,262.5,-42.4,0.7,-1.0,RS41-SG,403.700,6.7,625,10,2.7,,
2026-07-25T11:47:22.000Z,W1750383,7828,44.68540,8.11460,29802.5,3.9,13.3,263.7,-42.3,0.6,-1.0,RS41-SG,403.700,7.0,625,10,2.7,,
2026-07-25T11:47:23.000Z,W1750383,7829,44.68539,8.11443,29807.0,4.9,14.2,264.1,-42.3,0.6,-1.0,RS41-SG,403.700,7.0,625,10,2.6,,
2026-07-25T11:47:26.000Z,W1750383,7832,44.68536,8.11391,29822.2,4.3,13.0,268.0,-42.3,0.6,-1.0,RS41-SG,403.700,7.0,625,10,2.7,,
2026-07-25T11:47:31.000Z,W1750383,7837,44.68545,8.11317,29847.5,5.4,10.7,282.1,-42.4,0.7,-1.0,RS41-SG,403.700,7.2,625,10,2.7,,
2026-07-25T11:47:32.000Z,W1750383,7838,44.68546,8.11305,29852.8,5.3,9.4,271.4,-42.5,0.7,-1.0,RS41-SG,403.700,7.2,625,10,2.7,,
2026-07-25T11:47:35.000Z,W1750383,7841,44.68538,8.11273,29868.0,4.4,9.7,234.3,-42.3,0.7,-1.0,RS41-SG,403.700,7.0,625,10,2.6,,
2026-07-25T11:47:36.000Z,W1750383,7842,44.68533,8.11262,29872.6,4.7,10.4,235.6,-42.4,0.6,-1.0,RS41-SG,403.700,7.7,625,10,2.6,,
2026-07-25T11:47:37.000Z,W1750383,7843,44.68528,8.11251,29877.7,5.6,11.2,244.7,-42.4,0.6,-1.0,RS41-SG,403.700,7.7,625,10,2.7,,
2026-07-25T11:47:38.000Z,W1750383,7844,44.68525,8.11237,29883.5,5.8,12.4,257.5,-42.4,0.6,-1.0,RS41-SG,403.700,6.8,625,10,2.7,,
2026-07-25T11:47:40.000Z,W1750383,7846,44.68524,8.11201,29893.1,3.3,15.8,274.7,-42.4,0.6,-1.0,RS41-SG,403.700,7.2,625,10,2.7,,
2026-07-25T11:47:41.000Z,W1750383,7847,44.68526,8.11181,29896.7,3.5,17.3,277.3,-42.4,0.7,-1.0,RS41-SG,403.700,7.5,625,10,2.6,,
2026-07-25T11:47:42.000Z,W1750383,7848,44.68527,8.11159,29901.1,5.2,17.8,276.1,-42.3,0.6,-1.0,RS41-SG,403.700,7.5,625,10,2.6,,
2026-07-25T11:47:45.000Z,W1750383,7851,44.68527,8.11098,29917.9,4.3,13.6,260.3,-42.3,0.6,-1.0,RS41-SG,403.700,6.3,625,10,2.7,,
2026-07-25T11:47:49.000Z,W1750383,7855,44.68520,8.11052,29937.2,5.7,7.0,269.4,-42.1,0.6,-1.0,RS41-SG,403.700,6.6,625,10,2.6,,
2026-07-25T11:47:53.000Z,W1750383,7859,44.68521,8.11000,29959.5,5.5,15.3,266.0,-42.0,0.6,-1.0,RS41-SG,403.700,7.5,625,10,2.6,,
2026-07-25T11:47:54.000Z,W1750383,7860,44.68520,8.10980,29964.1,3.5,17.1,263.3,-41.9,0.6,-1.0,RS41-SG,403.700,7.5,625,10,2.6,,
2026-07-25T11:47:57.000Z,W1750383,7863,44.68515,8.10908,29978.2,6.0,19.5,269.3,-41.9,0.6,-1.0,RS41-SG,403.700,6.9,625,10,2.6,,
2026-07-25T11:47:58.000Z,W1750383,7864,44.68515,8.10884,29983.7,4.9,18.8,273.6,-42.0,0.6,-1.0,RS41-SG,403.700,6.9,625,10,2.6,,
2026-07-25T11:48:03.000Z,W1750383,7869,44.68522,8.10788,30009.0,5.5,12.5,265.9,-41.7,0.6,-1.0,RS41-SG,403.700,6.9,625,10,2.6,,
2026-07-25T11:48:04.000Z,W1750383,7870,44.68521,8.10772,30013.9,4.3,12.2,261.5,-41.6,0.6,-1.0,RS41-SG,403.700,7.3,625,10,2.6,,
2026-07-25T11:48:05.000Z,W1750383,7871,44.68519,8.10757,30018.3,4.5,12.1,260.1,-41.5,0.6,-1.0,RS41-SG,403.700,7.3,625,10,2.7,,
2026-07-25T11:48:06.000Z,W1750383,7872,44.68518,8.10742,30023.5,5.8,12.3,264.2,-41.5,0.6,-1.0,RS41-SG,403.700,7.5,625,10,2.7,,
2026-07-25T11:48:07.000Z,W1750383,7873,44.68517,8.10726,30029.6,6.5,13.2,270.3,-41.6,0.6,-1.0,RS41-SG,403.700,7.5,625,10,2.7,,
2026-07-25T11:48:08.000Z,W1750383,7874,44.68518,8.10709,30035.4,4.9,14.5,275.1,-41.6,0.6,-1.0,RS41-SG,403.700,7.1,625,10,2.6,,
2026-07-25T11:48:10.000Z,W1750383,7876,44.68521,8.10668,30045.9,5.5,18.3,275.3,-41.6,0.6,-1.0,RS41-SG,403.700,6.9,625,10,2.6,,
2026-07-25T11:48:11.000Z,W1750383,7877,44.68522,8.10644,30051.6,5.8,19.8,271.8,-41.6,0.6,-1.0,RS41-SG,403.700,6.9,625,10,2.7,,
2026-07-25T11:48:21.000Z,W1750383,7887,44.68509,8.10418,30105.6,5.0,13.0,258.8,-41.2,0.6,-1.0,RS41-SG,403.700,6.8,625,10,2.6,,
2026-07-25T11:48:22.000Z,W1750383,7888,44.68507,8.10402,30110.9,5.5,13.5,257.8,-41.2,0.6,-1.0,RS41-SG,403.700,7.3,625,10,2.6,,
2026-07-25T11:48:23.000Z,W1750383,7889,44.68504,8.10385,30117.1,6.7,14.9,260.8,-41.2,0.6,-1.0,RS41-SG,403.700,7.3,625,10,2.6,,
2026-07-25T11:48:24.000Z,W1750383,7890,44.68503,8.10365,30123.9,7.0,16.8,265.8,-41.2,0.6,-1.0,RS41-SG,403.700,6.9,625,10,2.7,,
2026-07-25T11:48:36.000Z,W1750383,7902,44.68493,8.10086,30191.5,5.7,13.2,269.3,-41.2,0.6,-1.0,RS41-SG,403.700,6.7,625,10,2.6,,
2026-07-25T11:48:37.000Z,W1750383,7903,44.68493,8.10069,30197.7,6.5,13.1,266.3,-41.2,0.6,-1.0,RS41-SG,403.700,7.0,625,10,2.6,,
2026-07-25T11:48:38.000Z,W1750383,7904,44.68492,8.10053,30203.6,5.5,13.7,264.6,-41.2,0.6,-1.0,RS41-SG,403.700,7.3,625,10,2.6,,
2026-07-25T11:48:39.000Z,W1750383,7905,44.68491,8.10035,30209.1,5.7,14.9,265.7,-41.2,0.6,-1.0,RS41-SG,403.700,7.6,625,10,2.7,,
2026-07-25T11:48:40.000Z,W1750383,7906,44.68490,8.10015,30215.4,6.6,16.5,269.6,-41.3,0.6,-1.0,RS41-SG,403.700,7.6,625,10,2.7,,
2026-07-25T11:48:49.000Z,W1750383,7915,44.68500,8.09812,30269.7,6.2,15.4,271.1,-41.6,0.6,-1.0,RS41-SG,403.700,7.7,625,10,2.7,,
2026-07-25T11:48:50.000Z,W1750383,7916,44.68500,8.09793,30275.6,5.5,15.4,272.2,-41.6,0.6,-1.0,RS41-SG,403.700,8.0,625,10,2.7,,
2026-07-25T11:48:51.000Z,W1750383,7917,44.68501,8.09773,30281.4,6.0,15.6,271.0,-41.6,0.6,-1.0,RS41-SG,403.700,8.0,625,10,2.6,,
2026-07-25T11:48:52.000Z,W1750383,7918,44.68500,8.09754,30287.8,6.8,16.0,267.6,-41.7,0.7,-1.0,RS41-SG,403.700,8.2,625,10,2.6,,
2026-07-25T11:48:53.000Z,W1750383,7919,44.68499,8.09733,30294.6,7.0,16.5,264.7,-41.7,0.7,-1.0,RS41-SG,403.700,8.2,625,10,2.6,,
2026-07-25T11:48:54.000Z,W1750383,7920,44.68498,8.09712,30300.8,5.5,17.3,263.5,-41.7,0.7,-1.0,RS41-SG,403.700,8.0,625,10,2.7,,
2026-07-25T11:48:55.000Z,W1750383,7921,44.68496,8.09690,30306.4,5.7,18.5,264.6,-41.7,0.7,-1.0,RS41-SG,403.700,7.6,625,10,2.7,,
2026-07-25T11:48:56.000Z,W1750383,7922,44.68495,8.09666,30312.2,5.8,20.0,267.6,-41.8,0.6,-1.0,RS41-SG,403.700,7.5,625,10,2.7,,
2026-07-25T11:48:57.000Z,W1750383,7923,44.68495,8.09640,30318.2,5.8,21.5,271.1,-41.8,0.6,-1.0,RS41-SG,403.700,7.2,625,10,2.6,,
2026-07-25T11:48:58.000Z,W1750383,7924,44.68496,8.09612,30324.0,5.5,22.6,274.2,-41.8,0.7,-1.0,RS41-SG,403.700,6.9,625,10,2.6,,
2026-07-25T11:49:03.000Z,W1750383,7929,44.68497,8.09476,30354.9,6.0,19.1,259.8,-41.7,0.6,-1.0,RS41-SG,403.700,6.8,625,10,2.7,,
2026-07-25T11:49:04.000Z,W1750383,7930,44.68493,8.09453,30360.3,4.6,18.0,256.3,-41.7,0.6,-1.0,RS41-SG,403.700,7.6,625,10,2.6,,
2026-07-25T11:49:05.000Z,W1750383,7931,44.68490,8.09432,30365.2,5.1,16.7,255.2,-41.7,0.6,-1.0,RS41-SG,403.700,7.7,625,10,2.6,,
2026-07-25T11:49:06.000Z,W1750383,7932,44.68486,8.09412,30370.9,6.6,15.9,258.5,-41.7,0.6,-1.0,RS41-SG,403.700,7.7,625,10,2.6,,
2026-07-25T11:49:07.000Z,W1750383,7933,44.68484,8.09393,30377.9,7.5,16.1,265.8,-41.6,0.6,-1.0,RS41-SG,403.700,7.1,625,10,2.7,,
2026-07-25T11:49:08.000Z,W1750383,7934,44.68484,8.09372,30384.6,6.0,16.8,271.7,-41.6,0.6,-1.0,RS41-SG,403.700,7.1,625,10,2.7,,
2026-07-25T11:49:09.000Z,W1750383,7935,44.68485,8.09350,30390.4,5.6,18.1,274.8,-41.5,0.6,-1.0,RS41-SG,403.700,7.0,625,10,2.7,,
2026-07-25T11:49:10.000Z,W1750383,7936,44.68486,8.09327,30396.5,6.4,19.4,274.9,-41.5,0.6,-1.0,RS41-SG,403.700,6.7,625,10,2.6,,
2026-07-25T11:49:11.000Z,W1750383,7937,44.68487,8.09302,30403.4,7.2,20.4,272.2,-41.6,0.6,-1.0,RS41-SG,403.700,7.5,625,10,2.6,,
2026-07-25T11:49:12.000Z,W1750383,7938,44.68488,8.09276,30409.9,5.6,21.0,269.5,-41.6,0.6,-1.0,RS41-SG,403.700,7.7,625,10,2.6,,
2026-07-25T11:49:13.000Z,W1750383,7939,44.68487,8.09249,30415.2,5.3,21.4,266.7,-41.6,0.6,-1.0,RS41-SG,403.700,7.7,625,10,2.7,,
2026-07-25T11:49:14.000Z,W1750383,7940,44.68486,8.09222,30421.0,6.2,21.3,265.5,-41.5,0.6,-1.0,RS41-SG,403.700,7.3,625,10,2.7,,
2026-07-25T11:49:15.000Z,W1750383,7941,44.68484,8.09196,30427.7,7.2,20.5,266.6,-41.6,0.6,-1.0,RS41-SG,403.700,6.4,625,10,2.7,,
2026-07-25T11:49:16.000Z,W1750383,7942,44.68484,8.09171,30434.9,6.8,19.5,267.5,-41.6,0.6,-1.0,RS41-SG,403.700,6.7,625,10,2.6,,
2026-07-25T11:49:17.000Z,W1750383,7943,44.68483,8.09147,30441.6,6.2,17.9,267.3,-41.7,0.6,-1.0,RS41-SG,403.700,8.2,625,10,2.6,,
2026-07-25T11:49:18.000Z,W1750383,7944,44.68482,8.09126,30447.6,6.0,16.1,266.2,-41.7,0.6,-1.0,RS41-SG,403.700,8.2,625,10,2.7,,
2026-07-25T11:49:19.000Z,W1750383,7945,44.68481,8.09107,30453.9,6.5,14.4,262.5,-41.7,0.6,-1.0,RS41-SG,403.700,7.3,625,10,2.7,,
2026-07-25T11:49:20.000Z,W1750383,7946,44.68478,8.09090,30460.5,6.6,13.6,258.1,-41.8,0.6,-1.0,RS41-SG,403.700,8.1,625,10,2.7,,
2026-07-25T11:49:21.000Z,W1750383,7947,44.68476,8.09073,30466.6,5.3,13.4,255.6,-41.8,0.6,-1.0,RS41-SG,403.700,8.1,625,10,2.6,,
2026-07-25T11:49:22.000Z,W1750383,7948,44.68473,8.09057,30472.3,5.9,13.6,257.4,-41.8,0.7,-1.0,RS41-SG,403.700,8.0,625,10,2.6,,
2026-07-25T11:49:23.000Z,W1750383,7949,44.68471,8.09039,30478.7,7.2,14.4,263.5,-41.8,0.6,-1.0,RS41-SG,403.700,8.0,625,10,2.6,,
2026-07-25T11:49:24.000Z,W1750383,7950,44.68470,8.09021,30485.7,7.1,15.3,270.2,-41.9,0.6,-1.0,RS41-SG,403.700,7.9,625,10,2.6,,
2026-07-25T11:49:25.000Z,W1750383,7951,44.68471,8.09001,30491.9,5.4,16.4,274.9,-41.9,0.6,-1.0,RS41-SG,403.700,8.0,625,10,2.6,,
2026-07-25T11:49:26.000Z,W1750383,7952,44.68472,8.08980,30497.4,5.5,17.4,277.5,-41.9,0.6,-1.0,RS41-SG,403.700,8.0,625,10,2.7,,
2026-07-25T11:49:27.000Z,W1750383,7953,44.68474,8.08958,30503.5,6.6,18.1,276.1,-42.0,0.6,-1.0,RS41-SG,403.700,7.7,625,10,2.6,,
2026-07-25T11:49:29.000Z,W1750383,7955,44.68475,8.08913,30516.8,5.6,17.6,268.4,-42.0,0.7,-1.0,RS41-SG,403.700,6.9,625,10,2.6,,
2026-07-25T11:49:30.000Z,W1750383,7956,44.68475,8.08891,30522.5,5.8,16.6,265.4,-41.9,0.7,-1.0,RS41-SG,403.700,6.9,625,10,2.7,,
2026-07-25T11:49:31.000Z,W1750383,7957,44.68473,8.08871,30528.9,6.9,15.2,264.9,-41.9,0.7,-1.0,RS41-SG,403.700,6.7,625,10,2.7,,
2026-07-25T11:49:32.000Z,W1750383,7958,44.68472,8.08853,30535.9,6.9,13.8,267.1,-42.0,0.6,-1.0,RS41-SG,403.700,7.9,625,10,2.7,,
2026-07-25T11:49:33.000Z,W1750383,7959,44.68472,8.08837,30542.2,5.5,12.9,269.2,-42.0,0.6,-1.0,RS41-SG,403.700,7.9,625,10,2.7,,
2026-07-25T11:49:34.000Z,W1750383,7960,44.68472,8.08821,30547.6,5.1,12.0,269.7,-42.0,0.6,-1.0,RS41-SG,403.700,7.3,625,10,2.6,,
2026-07-25T11:49:35.000Z,W1750383,7961,44.68472,8.08806,30553.1,5.7,11.5,267.6,-42.1,0.7,-1.0,RS41-SG,403.700,7.2,625,10,2.6,,
2026-07-25T11:49:36.000Z,W1750383,7962,44.68471,8.08792,30559.4,6.8,11.6,263.7,-42.1,0.6,-1.0,RS41-SG,403.700,7.7,625,10,2.6,,
2026-07-25T11:49:37.000Z,W1750383,7963,44.68469,8.08777,30566.2,7.0,12.3,260.0,-42.1,0.7,-1.0,RS41-SG,403.700,7.8,625,10,2.7,,
2026-07-25T11:49:38.000Z,W1750383,7964,44.68467,8.08761,30572.5,5.8,13.2,259.9,-42.1,0.6,-1.0,RS41-SG,403.700,7.8,625,10,2.7,,
2026-07-25T11:49:39.000Z,W1750383,7965,44.68466,8.08744,30578.6,6.3,14.3,263.3,-42.0,0.6,-1.0,RS41-SG,403.700,7.8,625,10,2.7,,
2026-07-25T11:49:40.000Z,W1750383,7966,44.68465,8.08726,30585.2,6.8,15.4,269.9,-42.0,0.6,-1.0,RS41-SG,403.700,7.7,625,10,2.6,,
2026-07-25T11:49:41.000Z,W1750383,7967,44.68465,8.08706,30591.7,5.9,16.5,275.8,-42.0,0.6,-1.0,RS41-SG,403.700,7.5,625,10,2.6,,
2026-07-25T11:49:42.000Z,W1750383,7968,44.68467,8.08685,30597.2,5.0,16.9,279.8,-42.0,0.6,-1.0,RS41-SG,403.700,7.1,625,10,2.6,,
2026-07-25T11:49:43.000Z,W1750383,7969,44.68470,8.08664,30602.7,6.1,17.0,281.3,-42.0,0.6,-1.0,RS41-SG,403.700,7.1,625,10,2.7,,
2026-07-25T11:49:44.000Z,W1750383,7970,44.68473,8.08644,30609.5,7.5,16.0,278.6,-42.1,0.6,-1.0,RS41-SG,403.700,7.2,625,10,2.7,,
2026-07-25T11:49:45.000Z,W1750383,7971,44.68474,8.08624,30616.9,7.0,14.9,272.7,-42.1,0.6,-1.0,RS41-SG,403.700,7.7,625,10,2.7,,
2026-07-25T11:49:46.000Z,W1750383,7972,44.68474,8.08606,30623.3,5.4,13.9,267.8,-42.1,0.7,-1.0,RS41-SG,403.700,8.0,625,10,2.6,,
2026-07-25T11:49:47.000Z,W1750383,7973,44.68473,8.08590,30628.8,5.4,12.8,262.5,-42.0,0.7,-1.0,RS41-SG,403.700,8.1,625,10,2.6,,
2026-07-25T11:49:48.000Z,W1750383,7974,44.68471,8.08574,30634.8,6.6,11.7,260.4,-42.0,0.7,-1.0,RS41-SG,403.700,8.1,625,10,2.7,,
2026-07-25T11:49:49.000Z,W1750383,7975,44.68470,8.08560,30641.5,6.7,11.1,261.1,-42.0,0.7,-1.0,RS41-SG,403.700,7.5,625,10,2.7,,
2026-07-25T11:49:50.000Z,W1750383,7976,44.68468,8.08546,30647.7,5.8,10.9,261.8,-42.0,0.6,-1.0,RS41-SG,403.700,8.5,625,10,2.7,,
2026-07-25T11:49:51.000Z,W1750383,7977,44.68467,8.08533,30653.9,6.5,11.3,261.1,-42.0,0.7,-1.0,RS41-SG,403.700,8.5,625,10,2.6,,
2026-07-25T11:49:52.000Z,W1750383,7978,44.68465,8.08518,30660.7,7.0,12.0,258.7,-42.0,0.6,-1.0,RS41-SG,403.700,8.5,625,10,2.6,,
2026-07-25T11:49:53.000Z,W1750383,7979,44.68462,8.08503,30667.6,6.9,13.2,255.8,-41.9,0.7,-1.0,RS41-SG,403.700,8.4,625,10,2.6,,
2026-07-25T11:49:54.000Z,W1750383,7980,44.68459,8.08486,30673.7,5.3,14.0,254.8,-41.9,0.6,-1.0,RS41-SG,403.700,8.4,625,10,2.7,,
2026-07-25T11:49:55.000Z,W1750383,7981,44.68456,8.08469,30679.0,5.5,14.8,256.5,-41.8,0.6,-1.0,RS41-SG,403.700,8.2,625,10,2.7,,
2026-07-25T11:49:56.000Z,W1750383,7982,44.68454,8.08450,30684.8,6.0,15.5,261.5,-41.7,0.6,-1.0,RS41-SG,403.700,7.9,625,10,2.7,,
2026-07-25T11:49:57.000Z,W1750383,7983,44.68452,8.08431,30691.3,6.5,15.9,267.1,-41.7,0.6,-1.0,RS41-SG,403.700,7.5,625,10,2.6,,
2026-07-25T11:49:58.000Z,W1750383,7984,44.68452,8.08410,30697.5,5.6,16.2,271.0,-41.7,0.7,-1.0,RS41-SG,403.700,7.5,625,10,2.6,,
2026-07-25T11:49:59.000Z,W1750383,7985,44.68452,8.08390,30703.2,5.6,16.3,272.1,-41.7,0.7,-1.0,RS41-SG,403.700,7.3,625,10,2.6,,
2026-07-25T11:50:00.000Z,W1750383,7986,44.68452,8.08370,30709.5,7.0,16.1,269.5,-41.7,0.6,-1.0,RS41-SG,403.700,7.2,625,10,2.7,,
2026-07-25T11:50:01.001Z,W1750383,7987,44.68452,8.08350,30716.7,7.6,15.8,263.0,-41.7,0.6,-1.0,RS41-SG,403.700,7.6,625,10,2.7,,
2026-07-25T11:50:02.001Z,W1750383,7988,44.68449,8.08330,30723.6,5.8,15.6,257.0,-41.7,0.6,-1.0,RS41-SG,403.700,7.6,625,10,2.7,,
2026-07-25T11:50:03.001Z,W1750383,7989,44.68445,8.08312,30729.2,4.9,15.5,251.3,-41.7,0.6,-1.0,RS41-SG,403.700,7.1,625,10,2.7,,
2026-07-25T11:50:04.001Z,W1750383,7990,44.68440,8.08293,30734.5,5.6,15.4,248.7,-41.7,0.6,-1.0,RS41-SG,403.700,7.1,625,10,2.6,,
2026-07-25T11:50:05.001Z,W1750383,7991,44.68436,8.08275,30740.7,6.9,15.2,250.3,-41.7,0.6,-1.0,RS41-SG,403.700,7.3,625,10,2.6,,
2026-07-25T11:50:06.001Z,W1750383,7992,44.68432,8.08257,30747.4,6.6,14.9,254.8,-41.8,0.7,-1.0,RS41-SG,403.700,8.2,625,10,2.6,,
2026-07-25T11:50:07.001Z,W1750383,7993,44.68428,8.08239,30753.5,5.8,15.0,258.3,-41.8,0.6,-1.0,RS41-SG,403.700,8.6,625,10,2.7,,
2026-07-25T11:50:08.001Z,W1750383,7994,44.68426,8.08220,30759.4,6.1,15.6,261.6,-41.7,0.6,-1.0,RS41-SG,403.700,8.6,625,10,2.7,,
2026-07-25T11:50:09.001Z,W1750383,7995,44.68424,8.08200,30765.8,6.9,16.5,261.8,-41.7,0.6,-1.0,RS41-SG,403.700,8.1,625,10,2.7,,
2026-07-25T11:50:10.001Z,W1750383,7996,44.68422,8.08179,30772.5,6.2,17.2,261.7,-41.7,0.6,-1.0,RS41-SG,403.700,7.6,625,10,2.6,,
2026-07-25T11:50:11.001Z,W1750383,7997,44.68419,8.08158,30778.3,5.2,17.7,261.7,-41.8,0.6,-1.0,RS41-SG,403.700,7.5,625,10,2.6,,
2026-07-25T11:50:12.001Z,W1750383,7998,44.68417,8.08135,30783.9,6.0,18.0,263.2,-41.7,0.6,-1.0,RS41-SG,403.700,7.4,625,10,2.6,,
2026-07-25T11:50:13.001Z,W1750383,7999,44.68416,8.08113,30789.8,6.2,18.2,266.0,-41.7,0.7,-1.0,RS41-SG,403.700,7.5,625,10,2.7,,
2026-07-25T11:50:14.001Z,W1750383,8000,44.68415,8.08090,30795.7,5.5,18.2,268.6,-41.6,0.6,-1.0,RS41-SG,403.700,7.7,625,10,2.7,,
2026-07-25T11:50:15.001Z,W1750383,8001,44.68415,8.08067,30801.2,5.2,18.5,269.5,-41.5,0.6,-1.0,RS41-SG,403.700,8.0,625,10,2.7,,
2026-07-25T11:50:16.001Z,W1750383,8002,44.68414,8.08044,30807.0,6.0,18.6,267.5,-41.4,0.6,-1.0,RS41-SG,403.700,8.0,625,10,2.6,,
2026-07-25T11:50:17.001Z,W1750383,8003,44.68413,8.08020,30813.4,6.8,19.1,262.8,-41.4,0.6,-1.0,RS41-SG,403.700,7.6,625,10,2.6,,
2026-07-25T11:50:18.001Z,W1750383,8004,44.68410,8.07996,30819.9,6.3,19.4,258.2,-41.5,0.6,-1.0,RS41-SG,403.700,7.3,625,10,2.7,,
2026-07-25T11:50:19.001Z,W1750383,8005,44.68406,8.07972,30825.3,4.7,19.7,254.7,-41.5,0.6,-1.0,RS41-SG,403.700,7.2,625,10,2.7,,
2026-07-25T11:50:20.001Z,W1750383,8006,44.68401,8.07949,30830.2,5.2,19.4,253.0,-41.5,0.6,-1.0,RS41-SG,403.700,7.0,625,10,2.7,,
2026-07-25T11:50:21.001Z,W1750383,8007,44.68396,8.07926,30836.0,6.4,18.5,253.3,-41.5,0.6,-1.0,RS41-SG,403.700,7.6,625,10,2.6,,
2026-07-25T11:50:22.001Z,W1750383,8008,44.68392,8.07904,30842.4,6.3,17.8,256.1,-41.5,0.7,-1.0,RS41-SG,403.700,8.0,625,10,2.6,,
2026-07-25T11:50:23.001Z,W1750383,8009,44.68388,8.07883,30848.1,5.1,17.1,259.4,-41.5,0.6,-1.0,RS41-SG,403.700,8.0,625,10,2.6,,
2026-07-25T11:50:24.001Z,W1750383,8010,44.68386,8.07862,30853.5,5.7,17.0,261.6,-41.5,0.6,-1.0,RS41-SG,403.700,7.5,625,10,2.7,,
2026-07-25T11:50:25.001Z,W1750383,8011,44.68384,8.07840,30859.5,6.4,17.6,261.2,-41.5,0.6,-1.0,RS41-SG,403.700,7.1,625,10,2.7,,
2026-07-25T11:50:26.001Z,W1750383,8012,44.68381,8.07818,30865.8,6.3,18.6,260.0,-41.5,0.6,-1.0,RS41-SG,403.700,7.5,625,10,2.7,,
2026-07-25T11:50:32.001Z,W1750383,8018,44.68365,8.07658,30900.4,6.0,21.5,267.1,-41.4,0.6,-1.0,RS41-SG,403.700,6.5,625,10,2.7,,
2026-07-25T11:50:33.001Z,W1750383,8019,44.68364,8.07632,30906.6,6.1,19.3,267.8,-41.5,0.6,-1.0,RS41-SG,403.700,6.5,625,10,2.7,,
2026-07-25T11:50:35.001Z,W1750383,8021,44.68362,8.07590,30917.7,4.9,14.9,261.4,-41.5,0.6,-1.0,RS41-SG,403.700,6.9,625,10,2.6,,
2026-07-25T11:50:36.001Z,W1750383,8022,44.68359,8.07572,30922.4,4.6,14.3,255.3,-41.4,0.6,-1.0,RS41-SG,403.700,7.2,625,10,2.6,,
2026-07-25T11:50:37.001Z,W1750383,8023,44.68355,8.07554,30927.4,5.6,15.1,250.7,-41.4,0.6,-1.0,RS41-SG,403.700,7.5,625,10,2.7,,
2026-07-25T11:50:38.001Z,W1750383,8024,44.68351,8.07535,30933.2,6.2,17.3,251.4,-41.3,0.6,-1.0,RS41-SG,403.700,7.5,625,10,2.7,,
2026-07-25T11:50:39.001Z,W1750383,8025,44.68346,8.07513,30939.3,6.1,19.7,254.5,-41.3,0.6,-1.0,RS41-SG,403.700,6.7,625,10,2.7,,
2026-07-25T11:50:43.001Z,W1750383,8029,44.68339,8.07400,30960.1,5.3,23.4,274.2,-41.3,0.6,-1.0,RS41-SG,403.700,6.6,625,10,2.7,,
2026-07-25T11:50:44.001Z,W1750383,8030,44.68340,8.07372,30965.3,5.2,21.9,276.0,-41.4,0.6,-1.0,RS41-SG,403.700,6.7,625,10,2.7,,
2026-07-25T11:50:45.001Z,W1750383,8031,44.68342,8.07346,30970.5,5.1,20.3,274.8,-41.4,0.6,-1.0,RS41-SG,403.700,6.8,625,10,2.7,,
2026-07-25T11:50:46.001Z,W1750383,8032,44.68343,8.07321,30975.8,5.2,18.9,270.9,-41.3,0.6,-1.0,RS41-SG,403.700,6.9,625,10,2.7,,
2026-07-25T11:50:47.001Z,W1750383,8033,44.68342,8.07298,30981.0,5.0,18.4,265.0,-41.2,0.6,-1.0,RS41-SG,403.700,6.9,625,10,2.6,,
2026-07-25T11:50:48.001Z,W1750383,8034,44.68340,8.07275,30986.1,5.0,18.7,260.3,-41.2,0.6,-1.0,RS41-SG,403.700,7.6,625,10,2.6,,
2026-07-25T11:50:49.001Z,W1750383,8035,44.68337,8.07251,30990.9,4.8,19.3,258.2,-41.1,0.6,-1.0,RS41-SG,403.700,7.6,625,10,2.6,,
2026-07-25T11:50:54.001Z,W1750383,8040,44.68330,8.07133,31016.4,4.6,17.5,275.2,-41.1,0.6,-1.0,RS41-SG,403.700,7.1,625,10,2.6,,
2026-07-25T11:50:55.001Z,W1750383,8041,44.68331,8.07112,31021.2,5.1,16.7,276.0,-41.2,0.6,-1.0,RS41-SG,403.700,7.1,625,10,2.6,,
2026-07-25T11:50:56.001Z,W1750383,8042,44.68333,8.07091,31026.4,5.6,16.2,274.0,-41.2,0.6,-1.0,RS41-SG,403.700,7.3,625,10,2.7,,
2026-07-25T11:50:57.001Z,W1750383,8043,44.68333,8.07070,31032.1,5.7,16.5,269.0,-41.2,0.6,-1.0,RS41-SG,403.700,7.3,625,10,2.7,,
2026-07-25T11:50:58.001Z,W1750383,8044,44.68332,8.07049,31037.6,5.1,17.4,265.0,-41.1,0.6,-1.0,RS41-SG,403.700,7.0,625,10,2.7,,
2026-07-25T11:50:59.001Z,W1750383,8045,44.68331,8.07027,31042.6,4.6,18.7,263.4,-41.0,0.6,-1.0,RS41-SG,403.700,7.0,625,10,2.6,,
2026-07-25T11:51:00.001Z,W1750383,8046,44.68329,8.07003,31047.4,4.8,19.8,263.6,-41.0,0.6,-1.0,RS41-SG,403.700,7.7,625,10,2.6,,
2026-07-25T11:51:01.001Z,W1750383,8047,44.68327,8.06978,31052.5,5.5,20.3,265.3,-41.0,0.6,-1.0,RS41-SG,403.700,7.7,625,10,2.7,,
2026-07-25T11:51:05.001Z,W1750383,8051,44.68326,8.06885,31073.6,4.9,15.4,269.4,-40.8,0.6,-1.0,RS41-SG,403.700,6.4,625,10,2.6,,
2026-07-25T11:51:06.001Z,W1750383,8052,44.68325,8.06866,31078.3,4.6,14.3,266.0,-40.9,0.6,-1.0,RS41-SG,403.700,7.6,625,10,2.6,,
2026-07-25T11:51:07.001Z,W1750383,8053,44.68324,8.06848,31083.0,4.8,14.0,261.3,-40.9,0.6,-1.0,RS41-SG,403.700,7.6,625,10,2.7,,
2026-07-25T11:51:08.001Z,W1750383,8054,44.68322,8.06830,31088.0,5.2,15.0,258.7,-40.8,0.6,-1.0,RS41-SG,403.700,7.6,625,10,2.7,,
2026-07-25T11:51:09.001Z,W1750383,8055,44.68319,8.06811,31093.5,5.7,16.8,259.7,-40.8,0.6,-1.0,RS41-SG,403.700,7.5,625,10,2.7,,
2026-07-25T11:51:10.001Z,W1750383,8056,44.68317,8.06789,31099.5,6.1,18.7,262.5,-40.8,0.6,-1.0,RS41-SG,403.700,7.5,625,10,2.6,,
2026-07-25T11:51:11.001Z,W1750383,8057,44.68315,8.06765,31105.0,5.0,20.1,266.1,-40.7,0.6,-1.0,RS41-SG,403.700,7.1,625,10,2.6,,
2026-07-25T11:51:14.001Z,W1750383,8060,44.68315,8.06686,31119.4,6.0,20.5,271.7,-40.6,0.6,-1.0,RS41-SG,403.700,6.4,625,10,2.6,,
2026-07-25T11:51:15.001Z,W1750383,8061,44.68315,8.06661,31125.4,5.9,19.3,270.2,-40.6,0.6,-1.0,RS41-SG,403.700,6.8,625,10,2.6,,
2026-07-25T11:51:18.001Z,W1750383,8064,44.68314,8.06593,31140.1,5.3,17.6,269.3,-40.4,0.6,-1.0,RS41-SG,403.700,6.6,625,10,2.7,,
2026-07-25T11:51:27.001Z,W1750383,8073,44.68314,8.06385,31188.2,5.9,18.6,266.1,-40.4,0.6,-1.0,RS41-SG,403.700,6.8,625,10,2.7,,
2026-07-25T11:51:35.001Z,W1750383,8081,44.68324,8.06183,31231.0,4.9,17.9,273.6,-40.2,0.6,-1.0,RS41-SG,403.700,7.1,625,10,2.6,,
2026-07-25T11:51:36.001Z,W1750383,8082,44.68326,8.06161,31236.3,5.8,17.9,274.7,-40.3,0.6,-1.0,RS41-SG,403.700,7.7,625,10,2.6,,
2026-07-25T11:51:37.001Z,W1750383,8083,44.68327,8.06138,31242.4,6.5,18.6,276.4,-40.3,0.6,-1.0,RS41-SG,403.700,7.7,625,10,2.6,,
2026-07-25T11:51:41.001Z,W1750383,8087,44.68338,8.06041,31263.4,5.5,19.8,278.5,-40.2,0.6,-1.0,RS41-SG,403.700,6.4,625,10,2.6,,
2026-07-25T11:51:44.001Z,W1750383,8090,44.68344,8.05970,31279.3,4.4,18.4,277.3,-40.1,0.6,-1.0,RS41-SG,403.700,6.4,625,10,2.7,,
2026-07-25T11:51:45.001Z,W1750383,8091,44.68347,8.05947,31284.3,5.0,18.9,279.8,-40.1,0.6,-1.0,RS41-SG,403.700,6.8,625,10,2.6,,
2026-07-25T11:51:46.001Z,W1750383,8092,44.68350,8.05923,31289.5,5.5,20.0,283.0,-40.2,0.6,-1.0,RS41-SG,403.700,7.1,625,10,2.6,,
2026-07-25T11:52:12.001Z,W1750383,8118,44.68436,8.05405,31430.2,5.4,12.0,281.3,-40.0,0.6,-1.0,RS41-SG,403.700,6.5,625,10,2.6,,
2026-07-25T11:52:14.001Z,W1750383,8120,44.68442,8.05371,31442.3,6.1,16.1,285.6,-40.0,0.6,-1.0,RS41-SG,403.700,6.6,625,10,2.7,,
2026-07-25T11:52:55.001Z,W1750383,8161,44.68564,8.04420,31675.5,4.9,17.2,270.3,-39.4,0.5,-1.0,RS41-SG,403.700,6.5,625,10,2.7,,
2026-07-25T11:52:56.001Z,W1750383,8162,44.68564,8.04398,31680.9,5.5,17.2,271.8,-39.4,0.6,-1.0,RS41-SG,403.700,6.7,625,10,2.6,,
2026-07-25T11:53:26.001Z,W1750383,8192,44.68702,8.03705,31854.4,6.6,17.0,293.9,-38.8,0.5,-1.0,RS41-SG,403.700,6.7,625,10,2.7,,
2026-07-25T11:53:27.001Z,W1750383,8193,44.68707,8.03686,31861.0,6.5,15.6,290.4,-38.8,0.6,-1.0,RS41-SG,403.700,6.7,625,10,2.7,,
2026-07-25T11:53:31.001Z,W1750383,8197,44.68722,8.03616,31883.1,6.3,14.5,287.9,-38.6,0.5,-1.0,RS41-SG,403.700,6.4,625,10,2.6,,
2026-07-25T11:53:32.001Z,W1750383,8198,44.68726,8.03598,31889.4,6.4,15.2,291.4,-38.6,0.5,-1.0,RS41-SG,403.700,7.3,625,10,2.7,,
2026-07-25T11:53:43.001Z,W1750383,8209,44.68767,8.03357,31955.4,5.9,15.5,293.1,-38.3,0.5,-1.0,RS41-SG,403.700,6.4,625,10,2.7,,
2026-07-25T11:53:44.001Z,W1750383,8210,44.68773,8.03341,31960.8,4.9,14.1,300.7,-38.4,0.5,-1.0,RS41-SG,403.700,6.5,625,10,2.6,,
2026-07-25T11:53:45.001Z,W1750383,8211,44.68780,8.03326,31965.8,4.8,13.1,304.4,-38.4,0.5,-1.0,RS41-SG,403.700,6.6,625,10,2.6,,
2026-07-25T11:53:46.001Z,W1750383,8212,44.68786,8.03313,31971.1,6.0,12.7,301.9,-38.4,0.5,-1.0,RS41-SG,403.700,6.7,625,10,2.6,,
2026-07-25T11:53:47.001Z,W1750383,8213,44.68791,8.03298,31977.7,7.3,13.0,291.5,-38.4,0.5,-1.0,RS41-SG,403.700,6.7,625,10,2.7,,
2026-07-25T11:54:02.001Z,W1750383,8228,44.68839,8.02979,32064.7,6.4,13.5,274.0,-38.2,0.5,-1.0,RS41-SG,403.700,6.4,625,10,2.6,,
2026-07-25T11:54:03.001Z,W1750383,8229,44.68840,8.02962,32070.9,6.0,13.5,273.8,-38.2,0.5,-1.0,RS41-SG,403.700,6.4,625,10,2.7,,
2026-07-25T11:54:06.001Z,W1750383,8232,44.68844,8.02904,32089.4,6.5,18.1,277.2,-38.2,0.5,-1.0,RS41-SG,403.700,6.3,625,10,2.6,,
2026-07-25T11:54:07.001Z,W1750383,8233,44.68847,8.02880,32095.6,5.8,20.2,278.5,-38.2,0.5,-1.0,RS41-SG,403.700,10.9,625,10,2.6,,
2026-07-25T11:54:08.001Z,W1750383,8234,44.68850,8.02855,32100.9,4.8,21.5,279.8,-38.3,0.5,-1.0,RS41-SG,403.700,10.9,625,10,2.6,,
2026-07-25T11:54:09.001Z,W1750383,8235,44.68853,8.02828,32106.0,5.4,22.0,283.0,-38.3,0.5,-1.0,RS41-SG,403.700,10.8,625,10,2.7,,
2026-07-25T11:54:10.001Z,W1750383,8236,44.68859,8.02801,32111.6,5.9,21.6,287.4,-38.4,0.5,-1.0,RS41-SG,403.700,10.1,625,10,2.7,,
2026-07-25T11:54:11.001Z,W1750383,8237,44.68865,8.02777,32117.7,6.2,20.5,292.7,-38.3,0.5,-1.0,RS41-SG,403.700,10.3,625,10,2.7,,
2026-07-25T11:54:12.001Z,W1750383,8238,44.68872,8.02754,32123.6,5.4,19.3,296.8,-38.3,0.5,-1.0,RS41-SG,403.700,11.1,625,10,2.6,,
2026-07-25T11:54:13.001Z,W1750383,8239,44.68880,8.02733,32128.9,4.8,18.2,299.4,-38.3,0.5,-1.0,RS41-SG,403.700,11.9,625,10,2.6,,
2026-07-25T11:54:14.001Z,W1750383,8240,44.68888,8.02714,32134.0,5.6,17.2,297.8,-38.3,0.5,-1.0,RS41-SG,403.700,11.9,625,10,2.7,,
2026-07-25T11:54:15.001Z,W1750383,8241,44.68894,8.02694,32140.2,6.7,16.7,291.4,-38.2,0.5,-1.0,RS41-SG,403.700,11.5,625,10,2.7,,
2026-07-25T11:54:16.001Z,W1750383,8242,44.68899,8.02674,32146.7,6.5,17.3,284.3,-38.2,0.5,-1.0,RS41-SG,403.700,11.7,625,10,2.7,,
2026-07-25T11:54:17.001Z,W1750383,8243,44.68902,8.02652,32152.4,4.7,18.4,278.9,-38.1,0.5,-1.0,RS41-SG,403.700,11.7,625,10,2.6,,
2026-07-25T11:54:18.001Z,W1750383,8244,44.68904,8.02629,32156.9,4.4,19.8,276.1,-38.0,0.6,-1.0,RS41-SG,403.700,10.6,625,10,2.6,,
2026-07-25T11:54:19.001Z,W1750383,8245,44.68906,8.02603,32161.7,5.2,20.8,276.4,-38.0,0.5,-1.0,RS41-SG,403.700,10.6,625,10,2.6,,
2026-07-25T11:54:20.001Z,W1750383,8246,44.68909,8.02577,32167.4,6.2,21.4,280.6,-38.0,0.5,-1.0,RS41-SG,403.700,10.2,625,10,2.7,,
2026-07-25T11:54:21.001Z,W1750383,8247,44.68913,8.02551,32173.6,6.3,21.7,286.4,-38.0,0.5,-1.0,RS41-SG,403.700,10.2,625,10,2.7,,
2026-07-25T11:54:22.001Z,W1750383,8248,44.68920,8.02525,32179.5,5.4,21.9,291.7,-38.0,0.5,-1.0,RS41-SG,403.700,10.2,625,10,2.7,,
2026-07-25T11:54:23.001Z,W1750383,8249,44.68928,8.02499,32184.5,4.4,22.5,295.9,-38.0,0.5,-1.0,RS41-SG,403.700,10.6,625,10,2.6,,
2026-07-25T11:54:24.001Z,W1750383,8250,44.68937,8.02474,32189.1,4.6,23.1,298.9,-38.1,0.5,-1.0,RS41-SG,403.700,10.6,625,10,2.6,,
2026-07-25T11:54:25.001Z,W1750383,8251,44.68947,8.02448,32194.3,5.7,23.5,298.7,-38.1,0.5,-1.0,RS41-SG,403.700,10.1,625,10,2.7,,
2026-07-25T11:54:26.001Z,W1750383,8252,44.68957,8.02422,32200.2,6.3,23.4,296.8,-38.1,0.5,-1.0,RS41-SG,403.700,9.9,625,10,2.7,,
2026-07-25T11:54:27.001Z,W1750383,8253,44.68966,8.02396,32206.0,5.1,23.1,294.3,-38.0,0.5,-1.0,RS41-SG,403.700,9.7,625,10,2.7,,
2026-07-25T11:54:28.001Z,W1750383,8254,44.68974,8.02370,32210.8,4.2,22.4,292.3,-38.0,0.5,-1.0,RS41-SG,403.700,9.7,625,10,2.6,,
2026-07-25T11:54:29.001Z,W1750383,8255,44.68981,8.02344,32215.4,4.7,21.0,290.7,-37.9,0.5,-1.0,RS41-SG,403.700,9.8,625,10,2.6,,
2026-07-25T11:54:30.001Z,W1750383,8256,44.68988,8.02321,32220.4,5.4,19.1,291.2,-37.9,0.5,-1.0,RS41-SG,403.700,10.5,625,10,2.6,,
2026-07-25T11:54:31.001Z,W1750383,8257,44.68994,8.02300,32225.9,5.7,17.5,292.7,-37.9,0.5,-1.0,RS41-SG,403.700,10.5,625,10,2.7,,
2026-07-25T11:54:32.001Z,W1750383,8258,44.69000,8.02280,32231.4,5.2,16.7,294.1,-37.9,0.5,-1.0,RS41-SG,403.700,10.6,625,10,2.7,,
2026-07-25T11:54:33.001Z,W1750383,8259,44.69006,8.02261,32236.7,5.4,16.6,294.0,-37.8,0.5,-1.0,RS41-SG,403.700,10.6,625,10,2.7,,
2026-07-25T11:54:34.001Z,W1750383,8260,44.69012,8.02241,32242.4,5.6,17.5,293.1,-37.8,0.5,-1.0,RS41-SG,403.700,10.4,625,10,2.6,,
2026-07-25T11:54:35.001Z,W1750383,8261,44.69018,8.02220,32248.4,6.1,19.0,290.1,-37.8,0.5,-1.0,RS41-SG,403.700,10.0,625,10,2.6,,
2026-07-25T11:54:36.001Z,W1750383,8262,44.69024,8.02196,32254.2,5.6,20.7,288.0,-37.7,0.5,-1.0,RS41-SG,403.700,10.8,625,10,2.7,,
2026-07-25T11:54:37.001Z,W1750383,8263,44.69029,8.02171,32259.2,4.3,21.6,286.1,-37.6,0.5,-1.0,RS41-SG,403.700,10.8,625,10,2.7,,
2026-07-25T11:54:38.001Z,W1750383,8264,44.69035,8.02144,32263.7,4.7,22.4,287.2,-37.6,0.5,-1.0,RS41-SG,403.700,10.0,625,10,2.7,,
2026-07-25T11:54:39.001Z,W1750383,8265,44.69041,8.02118,32269.0,5.6,22.1,290.3,-37.5,0.5,-1.0,RS41-SG,403.700,9.1,625,10,2.6,,
2026-07-25T11:54:40.001Z,W1750383,8266,44.69049,8.02093,32275.0,6.1,21.2,294.9,-37.5,0.5,-1.0,RS41-SG,403.700,9.8,625,10,2.6,,
2026-07-25T11:54:41.001Z,W1750383,8267,44.69057,8.02070,32280.6,5.0,20.1,299.0,-37.5,0.5,-1.0,RS41-SG,403.700,10.6,625,10,2.6,,
2026-07-25T11:54:42.001Z,W1750383,8268,44.69066,8.02049,32285.5,4.8,19.0,302.3,-37.5,0.5,-1.0,RS41-SG,403.700,10.7,625,10,2.7,,
2026-07-25T11:54:43.001Z,W1750383,8269,44.69075,8.02029,32290.7,5.7,18.0,303.3,-37.5,0.5,-1.0,RS41-SG,403.700,10.7,625,10,2.7,,
2026-07-25T11:54:44.001Z,W1750383,8270,44.69083,8.02010,32296.7,6.1,17.5,300.8,-37.6,0.5,-1.0,RS41-SG,403.700,10.2,625,10,2.7,,
2026-07-25T11:54:45.001Z,W1750383,8271,44.69091,8.01991,32302.5,4.9,17.1,296.9,-37.6,0.5,-1.0,RS41-SG,403.700,10.3,625,10,2.6,,
2026-07-25T11:54:46.001Z,W1750383,8272,44.69097,8.01972,32307.2,4.2,17.1,293.4,-37.6,0.5,-1.0,RS41-SG,403.700,10.3,625,10,2.6,,
2026-07-25T11:54:47.001Z,W1750383,8273,44.69103,8.01952,32311.8,4.9,17.0,291.3,-37.6,0.5,-1.0,RS41-SG,403.700,9.9,625,10,2.7,,
2026-07-25T11:54:48.001Z,W1750383,8274,44.69109,8.01932,32316.9,5.4,17.2,292.4,-37.6,0.5,-1.0,RS41-SG,403.700,9.2,625,10,2.7,,
2026-07-25T11:54:49.001Z,W1750383,8275,44.69115,8.01912,32322.5,5.7,17.4,295.2,-37.6,0.5,-1.0,RS41-SG,403.700,10.1,625,10,2.7,,
2026-07-25T11:54:50.001Z,W1750383,8276,44.69122,8.01892,32328.3,5.6,17.8,298.5,-37.5,0.5,-1.0,RS41-SG,403.700,10.1,625,10,2.6,,
2026-07-25T11:54:51.001Z,W1750383,8277,44.69130,8.01873,32333.6,4.8,18.5,300.5,-37.4,0.5,-1.0,RS41-SG,403.700,9.8,625,10,2.6,,
2026-07-25T11:54:52.001Z,W1750383,8278,44.69139,8.01852,32338.0,4.2,19.3,300.8,-37.4,0.5,-1.0,RS41-SG,403.700,9.8,625,10,2.6,,
2026-07-25T11:54:53.001Z,W1750383,8279,44.69147,8.01831,32342.3,4.5,20.2,299.3,-37.3,0.5,-1.0,RS41-SG,403.700,10.4,625,10,2.7,,
2026-07-25T11:54:54.001Z,W1750383,8280,44.69156,8.01808,32347.1,5.0,21.0,296.4,-37.3,0.5,-1.0,RS41-SG,403.700,10.4,625,10,2.7,,
2026-07-25T11:54:55.001Z,W1750383,8281,44.69164,8.01784,32352.4,5.7,21.5,293.0,-37.3,0.5,-1.0,RS41-SG,403.700,9.8,625,10,2.7,,
2026-07-25T11:54:56.001Z,W1750383,8282,44.69171,8.01759,32358.1,5.2,21.3,290.0,-37.3,0.5,-1.0,RS41-SG,403.700,9.5,625,10,2.6,,
2026-07-25T11:54:57.001Z,W1750383,8283,44.69177,8.01734,32363.2,4.9,20.3,288.5,-37.3,0.5,-1.0,RS41-SG,403.700,8.0,625,10,2.6,,
2026-07-25T11:54:58.001Z,W1750383,8284,44.69183,8.01711,32368.2,5.0,18.4,288.8,-37.3,0.5,-1.0,RS41-SG,403.700,7.8,625,10,2.7,,
2026-07-25T11:54:59.001Z,W1750383,8285,44.69188,8.01690,32373.4,5.6,16.1,292.4,-37.2,0.5,-1.0,RS41-SG,403.700,8.7,625,10,2.7,,
2026-07-25T11:55:00.001Z,W1750383,8286,44.69194,8.01673,32378.9,5.3,14.1,298.3,-37.2,0.5,-1.0,RS41-SG,403.700,9.1,625,10,2.7,,
2026-07-25T11:55:01.001Z,W1750383,8287,44.69200,8.01659,32383.6,3.8,13.2,304.9,-37.2,0.5,-1.0,RS41-SG,403.700,9.1,625,10,2.6,,
2026-07-25T11:55:02.001Z,W1750383,8288,44.69207,8.01645,32387.7,4.3,13.0,308.2,-37.2,0.5,-1.0,RS41-SG,403.700,9.9,625,10,2.6,,
2026-07-25T11:55:03.001Z,W1750383,8289,44.69215,8.01632,32392.7,5.7,13.9,307.1,-37.2,0.5,-1.0,RS41-SG,403.700,9.9,625,10,2.6,,
2026-07-25T11:55:04.001Z,W1750383,8290,44.69222,8.01617,32398.7,6.4,15.5,300.6,-37.2,0.5,-1.0,RS41-SG,403.700,9.3,625,10,2.7,,
2026-07-25T11:55:05.001Z,W1750383,8291,44.69229,8.01599,32404.6,5.4,17.3,295.1,-37.2,0.5,-1.0,RS41-SG,403.700,9.7,625,10,2.7,,
2026-07-25T11:55:06.001Z,W1750383,8292,44.69235,8.01578,32409.2,3.5,18.9,290.5,-37.0,0.5,-1.0,RS41-SG,403.700,9.7,625,10,2.7,,
2026-07-25T11:55:07.001Z,W1750383,8293,44.69240,8.01554,32413.2,3.8,20.1,287.1,-36.9,0.5,-1.0,RS41-SG,403.700,8.6,625,10,2.6,,
2026-07-25T11:55:08.001Z,W1750383,8294,44.69246,8.01530,32417.7,5.1,20.3,285.7,-36.9,0.5,-1.0,RS41-SG,403.700,8.5,625,10,2.6,,
2026-07-25T11:55:09.001Z,W1750383,8295,44.69250,8.01506,32423.4,6.2,19.0,286.0,-36.9,0.5,-1.0,RS41-SG,403.700,9.4,625,10,2.7,,
2026-07-25T11:55:10.001Z,W1750383,8296,44.69255,8.01484,32429.1,5.6,17.3,287.2,-36.8,0.5,-1.0,RS41-SG,403.700,9.4,625,10,2.7,,
2026-07-25T11:55:11.001Z,W1750383,8297,44.69260,8.01465,32433.9,4.1,15.5,288.6,-36.8,0.5,-1.0,RS41-SG,403.700,9.3,625,10,2.7,,
2026-07-25T11:55:12.001Z,W1750383,8298,44.69264,8.01448,32438.1,3.7,13.5,288.4,-36.7,0.5,-1.0,RS41-SG,403.700,8.5,625,10,2.6,,
2026-07-25T11:55:13.001Z,W1750383,8299,44.69267,8.01432,32442.2,4.3,12.1,286.2,-36.6,0.5,-1.0,RS41-SG,403.700,8.9,625,10,2.6,,
2026-07-25T11:55:14.001Z,W1750383,8300,44.69269,8.01418,32446.9,5.2,11.2,281.3,-36.5,0.5,-1.0,RS41-SG,403.700,8.9,625,10,2.6,,
2026-07-25T11:55:15.001Z,W1750383,8301,44.69271,8.01404,32452.3,5.5,11.0,276.4,-36.5,0.5,-1.0,RS41-SG,403.700,9.1,625,10,2.7,,
2026-07-25T11:55:16.001Z,W1750383,8302,44.69272,8.01390,32457.3,4.5,11.6,275.0,-36.4,0.5,-1.0,RS41-SG,403.700,9.5,625,10,2.7,,
2026-07-25T11:55:17.001Z,W1750383,8303,44.69273,8.01375,32461.6,4.1,12.2,276.5,-36.4,0.5,-1.0,RS41-SG,403.700,9.5,625,10,2.7,,
2026-07-25T11:55:18.001Z,W1750383,8304,44.69275,8.01360,32466.2,4.8,12.6,281.6,-36.5,0.4,-1.0,RS41-SG,403.700,9.3,625,10,2.6,,
2026-07-25T11:55:19.001Z,W1750383,8305,44.69278,8.01344,32471.4,5.4,13.0,288.6,-36.5,0.4,-1.0,RS41-SG,403.700,9.0,625,10,2.6,,
2026-07-25T11:55:20.001Z,W1750383,8306,44.69282,8.01329,32476.6,4.8,13.4,294.5,-36.4,0.4,-1.0,RS41-SG,403.700,9.1,625,10,2.7,,
2026-07-25T11:55:21.001Z,W1750383,8307,44.69287,8.01314,32481.1,4.1,13.9,297.8,-36.4,0.5,-1.0,RS41-SG,403.700,9.1,625,10,2.7,,
2026-07-25T11:55:22.001Z,W1750383,8308,44.69293,8.01298,32485.6,4.9,14.4,297.2,-36.4,0.5,-1.0,RS41-SG,403.700,9.1,625,10,2.7,,
2026-07-25T11:55:23.001Z,W1750383,8309,44.69299,8.01281,32491.0,5.7,14.8,292.2,-36.4,0.4,-1.0,RS41-SG,403.700,9.8,625,10,2.6,,
2026-07-25T11:55:24.001Z,W1750383,8310,44.69303,8.01264,32496.6,5.5,14.9,284.9,-36.4,0.4,-1.0,RS41-SG,403.700,9.8,625,10,2.6,,
2026-07-25T11:55:25.001Z,W1750383,8311,44.69306,8.01246,32501.5,4.4,14.7,278.4,-36.4,0.5,-1.0,RS41-SG,403.700,8.8,625,10,2.6,,
2026-07-25T11:55:26.001Z,W1750383,8312,44.69307,8.01228,32505.7,4.2,13.9,272.6,-36.4,0.5,-1.0,RS41-SG,403.700,7.8,625,10,2.7,,
2026-07-25T11:55:27.001Z,W1750383,8313,44.69307,8.01211,32510.1,4.5,12.1,267.4,-36.3,0.5,-1.0,RS41-SG,403.700,9.4,625,10,2.7,,
2026-07-25T11:55:28.001Z,W1750383,8314,44.69306,8.01197,32514.8,4.8,9.9,264.7,-36.4,0.4,-1.0,RS41-SG,403.700,9.4,625,10,2.7,,
2026-07-25T11:55:29.001Z,W1750383,8315,44.69305,8.01186,32519.6,4.6,7.9,264.5,-36.4,0.5,-1.0,RS41-SG,403.700,9.1,625,10,2.6,,
2026-07-25T11:55:30.001Z,W1750383,8316,44.69305,8.01177,32523.9,3.8,6.4,268.1,-36.4,0.5,-1.0,RS41-SG,403.700,8.3,625,10,2.6,,
2026-07-25T11:55:31.001Z,W1750383,8317,44.69305,8.01170,32527.7,3.8,6.2,275.5,-36.3,0.5,-1.0,RS41-SG,403.700,8.9,625,10,2.7,,
2026-07-25T11:55:32.001Z,W1750383,8318,44.69306,8.01161,32532.0,4.6,7.0,279.3,-36.1,0.4,-1.0,RS41-SG,403.700,9.2,625,10,2.7,,
2026-07-25T11:55:33.001Z,W1750383,8319,44.69307,8.01151,32537.1,5.5,9.1,279.1,-36.1,0.4,-1.0,RS41-SG,403.700,9.2,625,10,2.7,,
2026-07-25T11:55:34.001Z,W1750383,8320,44.69308,8.01139,32542.9,5.6,11.6,278.0,-36.1,0.5,-1.0,RS41-SG,403.700,9.1,625,10,2.6,,
2026-07-25T11:55:35.001Z,W1750383,8321,44.69310,8.01123,32547.6,3.8,13.8,277.1,-36.0,0.5,-1.0,RS41-SG,403.700,9.0,625,10,2.6,,
2026-07-25T11:55:36.001Z,W1750383,8322,44.69312,8.01104,32551.4,3.6,15.5,277.6,-35.9,0.4,-1.0,RS41-SG,403.700,8.8,625,10,2.6,,
2026-07-25T11:55:37.001Z,W1750383,8323,44.69314,8.01085,32555.4,4.6,16.3,279.2,-35.9,0.4,-1.0,RS41-SG,403.700,8.9,625,10,2.7,,
2026-07-25T11:55:38.001Z,W1750383,8324,44.69316,8.01065,32560.3,5.4,16.2,282.3,-35.9,0.4,-1.0,RS41-SG,403.700,9.2,625,10,2.7,,
2026-07-25T11:55:39.001Z,W1750383,8325,44.69320,8.01046,32565.6,5.1,15.3,286.2,-35.9,0.5,-1.0,RS41-SG,403.700,9.2,625,10,2.7,,
2026-07-25T11:55:40.001Z,W1750383,8326,44.69324,8.01028,32570.2,3.9,14.3,288.7,-35.7,0.4,-1.0,RS41-SG,403.700,9.1,625,10,2.6,,
2026-07-25T11:55:41.001Z,W1750383,8327,44.69328,8.01011,32573.9,3.5,13.6,289.8,-35.6,0.4,-1.0,RS41-SG,403.700,8.4,625,10,2.6,,
2026-07-25T11:55:42.001Z,W1750383,8328,44.69332,8.00995,32577.9,4.1,13.2,287.1,-35.5,0.4,-1.0,RS41-SG,403.700,8.5,625,10,2.7,,
2026-07-25T11:55:43.001Z,W1750383,8329,44.69335,8.00979,32582.4,4.6,13.3,281.3,-35.5,0.4,-1.0,RS41-SG,403.700,9.6,625,10,2.7,,
2026-07-25T11:55:44.001Z,W1750383,8330,44.69336,8.00962,32587.3,5.1,14.0,275.4,-35.5,0.4,-1.0,RS41-SG,403.700,9.6,625,10,2.7,,
2026-07-25T11:55:45.001Z,W1750383,8331,44.69337,8.00944,32592.4,4.8,14.9,272.0,-35.4,0.4,-1.0,RS41-SG,403.700,9.5,625,10,2.6,,
2026-07-25T11:55:46.001Z,W1750383,8332,44.69337,8.00925,32596.9,4.1,15.6,270.8,-35.3,0.4,-1.0,RS41-SG,403.700,8.9,625,10,2.6,,
2026-07-25T11:55:47.001Z,W1750383,8333,44.69338,8.00906,32601.0,4.2,15.7,271.8,-35.3,0.4,-1.0,RS41-SG,403.700,8.8,625,10,2.6,,
2026-07-25T11:55:48.001Z,W1750383,8334,44.69339,8.00886,32605.4,4.8,15.2,275.4,-35.3,0.4,-1.0,RS41-SG,403.700,9.3,625,10,2.7,,
2026-07-25T11:55:49.001Z,W1750383,8335,44.69341,8.00868,32610.2,5.1,14.3,281.4,-35.3,0.5,-1.0,RS41-SG,403.700,9.3,625,10,2.7,,
2026-07-25T11:55:50.001Z,W1750383,8336,44.69344,8.00851,32615.2,4.8,13.5,288.2,-35.3,0.5,-1.0,RS41-SG,403.700,9.0,625,10,2.7,,
2026-07-25T11:55:51.001Z,W1750383,8337,44.69348,8.00836,32619.5,3.6,13.2,295.1,-35.2,0.4,-1.0,RS41-SG,403.700,9.0,625,10,2.6,,
2026-07-25T11:55:52.001Z,W1750383,8338,44.69353,8.00820,32623.6,4.0,13.4,297.1,-35.1,0.4,-1.0,RS41-SG,403.700,8.8,625,10,2.6,,
2026-07-25T11:55:53.001Z,W1750383,8339,44.69359,8.00805,32628.2,5.0,14.3,294.5,-35.1,0.4,-1.0,RS41-SG,403.700,8.8,625,10,2.7,,
2026-07-25T11:55:54.001Z,W1750383,8340,44.69364,8.00787,32633.4,5.4,15.7,288.9,-35.2,0.4,-1.0,RS41-SG,403.700,9.0,625,10,2.7,,
2026-07-25T11:55:55.001Z,W1750383,8341,44.69368,8.00767,32638.7,5.0,17.3,282.9,-35.2,0.4,-1.0,RS41-SG,403.700,9.0,625,10,2.7,,
2026-07-25T11:55:56.001Z,W1750383,8342,44.69371,8.00745,32643.2,3.9,18.8,280.0,-35.1,0.4,-1.0,RS41-SG,403.700,8.5,625,10,2.6,,
2026-07-25T11:55:57.001Z,W1750383,8343,44.69374,8.00721,32647.0,3.5,19.8,278.0,-35.0,0.4,-1.0,RS41-SG,403.700,7.7,625,10,2.6,,
2026-07-25T11:55:58.001Z,W1750383,8344,44.69376,8.00697,32650.8,4.1,20.0,279.0,-35.0,0.5,-1.0,RS41-SG,403.700,8.9,625,10,2.6,,
2026-07-25T11:55:59.001Z,W1750383,8345,44.69379,8.00673,32655.4,5.2,19.0,282.2,-35.0,0.4,-1.0,RS41-SG,403.700,8.9,625,10,2.7,,
2026-07-25T11:56:00.001Z,W1750383,8346,44.69384,8.00650,32660.5,5.3,17.7,287.8,-34.9,0.4,-1.0,RS41-SG,403.700,8.4,625,10,2.7,,
2026-07-25T11:56:01.001Z,W1750383,8347,44.69389,8.00630,32665.2,4.1,16.7,293.6,-34.8,0.4,-1.0,RS41-SG,403.700,7.6,625,10,2.7,,
2026-07-25T11:56:02.001Z,W1750383,8348,44.69396,8.00612,32669.2,3.4,16.2,298.6,-34.7,0.4,-1.0,RS41-SG,403.700,7.7,625,10,2.6,,
2026-07-25T11:56:03.001Z,W1750383,8349,44.69403,8.00594,32673.3,4.0,16.1,301.4,-34.7,0.4,-1.0,RS41-SG,403.700,7.9,625,10,2.6,,
2026-07-25T11:56:04.001Z,W1750383,8350,44.69410,8.00577,32678.0,5.3,16.3,299.2,-34.8,0.4,-1.0,RS41-SG,403.700,8.0,625,10,2.7,,
2026-07-25T11:56:05.001Z,W1750383,8351,44.69417,8.00558,32683.5,5.8,16.8,293.8,-34.8,0.4,-1.0,RS41-SG,403.700,8.3,625,10,2.7,,
2026-07-25T11:56:06.001Z,W1750383,8352,44.69422,8.00538,32688.6,4.3,17.5,289.5,-34.8,0.4,-1.0,RS41-SG,403.700,8.3,625,10,2.7,,
2026-07-25T11:56:07.001Z,W1750383,8353,44.69427,8.00516,32692.5,3.3,18.3,285.6,-34.8,0.4,-1.0,RS41-SG,403.700,7.5,625,10,2.6,,
2026-07-25T11:56:08.001Z,W1750383,8354,44.69431,8.00494,32696.2,3.9,18.9,283.7,-34.8,0.4,-1.0,RS41-SG,403.700,7.8,625,10,2.6,,
2026-07-25T11:56:09.001Z,W1750383,8355,44.69435,8.00471,32700.9,5.3,18.7,283.8,-34.8,0.4,-1.0,RS41-SG,403.700,7.8,625,10,2.6,,
2026-07-25T11:56:10.001Z,W1750383,8356,44.69440,8.00449,32706.2,5.5,18.2,286.2,-34.8,0.4,-1.0,RS41-SG,403.700,7.7,625,10,2.7,,
2026-07-25T11:56:11.001Z,W1750383,8357,44.69444,8.00427,32711.0,4.2,17.7,288.2,-34.7,0.4,-1.0,RS41-SG,403.700,7.0,625,10,2.7,,
2026-07-25T11:56:12.001Z,W1750383,8358,44.69449,8.00406,32715.4,4.4,17.5,289.3,-34.7,0.4,-1.0,RS41-SG,403.700,7.1,625,10,2.7,,
2026-07-25T11:56:13.001Z,W1750383,8359,44.69455,8.00385,32720.5,5.1,17.6,289.0,-34.7,0.4,-1.0,RS41-SG,403.700,8.0,625,10,2.6,,
2026-07-25T11:56:14.001Z,W1750383,8360,44.69460,8.00364,32725.9,5.5,18.0,287.7,-34.7,0.5,-1.0,RS41-SG,403.700,8.0,625,10,2.6,,
2026-07-25T11:56:15.001Z,W1750383,8361,44.69464,8.00342,32730.9,4.7,18.3,286.1,-34.7,0.4,-1.0,RS41-SG,403.700,7.6,625,10,2.7,,
2026-07-25T11:56:16.001Z,W1750383,8362,44.69469,8.00320,32735.3,4.0,18.6,286.0,-34.6,0.4,-1.0,RS41-SG,403.700,6.9,625,10,2.7,,
2026-07-25T11:56:17.001Z,W1750383,8363,44.69474,8.00298,32739.6,4.4,18.4,287.5,-34.6,0.4,-1.0,RS41-SG,403.700,7.2,625,10,2.7,,
2026-07-25T11:56:18.001Z,W1750383,8364,44.69479,8.00276,32744.3,5.0,18.1,290.6,-34.6,0.4,-1.0,RS41-SG,403.700,8.0,625,10,2.6,,
2026-07-25T11:56:19.001Z,W1750383,8365,44.69485,8.00255,32749.5,5.2,17.6,295.1,-34.7,0.4,-1.0,RS41-SG,403.700,8.0,625,10,2.6,,
2026-07-25T11:56:20.001Z,W1750383,8366,44.69492,8.00236,32754.1,4.2,17.3,298.2,-34.6,0.5,-1.0,RS41-SG,403.700,7.6,625,10,2.6,,
2026-07-25T11:56:21.001Z,W1750383,8367,44.69499,8.00216,32758.3,4.2,17.2,298.2,-34.5,0.4,-1.0,RS41-SG,403.700,7.2,625,10,2.7,,
2026-07-25T11:56:23.001Z,W1750383,8369,44.69512,8.00177,32768.4,5.5,17.9,289.0,-34.5,0.4,-1.0,RS41-SG,403.700,7.6,625,10,2.7,,
2026-07-25T11:56:24.001Z,W1750383,8370,44.69516,8.00155,32773.9,5.0,18.6,282.8,-34.4,0.4,-1.0,RS41-SG,403.700,8.1,625,10,2.6,,
2026-07-25T11:56:25.001Z,W1750383,8371,44.69520,8.00131,32778.5,3.8,19.1,278.2,-34.3,0.4,-1.0,RS41-SG,403.700,8.1,625,10,2.6,,
2026-07-25T11:56:27.001Z,W1750383,8373,44.69524,8.00084,32787.1,5.2,18.8,277.0,-34.2,0.4,-1.0,RS41-SG,403.700,6.9,625,10,2.7,,
2026-07-25T11:56:28.001Z,W1750383,8374,44.69526,8.00061,32792.7,6.0,17.6,281.4,-34.1,0.4,-1.0,RS41-SG,403.700,7.8,625,10,2.7,,
2026-07-25T12:05:24.001Z,W1750383,8910,44.70320,7.90088,24280.7,-30.5,6.0,292.6,-273.0,-1.0,-1.0,RS41,403.700,7.2,625,10,2.6,,
2026-07-25T12:05:26.001Z,W1750383,8912,44.70324,7.90073,24220.7,-31.2,7.0,294.4,-273.0,-1.0,-1.0,RS41,403.700,7.1,625,10,2.6,,
2026-07-25T12:05:28.001Z,W1750383,8914,44.70329,7.90056,24158.6,-30.7,7.7,294.1,-273.0,-1.0,-1.0,RS41,403.700,7.1,625,9,2.6,,
2026-07-25T12:05:29.001Z,W1750383,8915,44.70332,7.90047,24128.8,-29.4,8.0,291.9,-273.0,-1.0,-1.0,RS41,403.700,7.3,625,10,2.6,,
2026-07-25T12:05:30.001Z,W1750383,8916,44.70335,7.90037,24099.2,-29.2,8.3,291.9,-273.0,-1.0,-1.0,RS41,403.700,7.3,625,10,2.6,,
2026-07-25T12:05:31.001Z,W1750383,8917,44.70338,7.90027,24070.3,-28.6,8.7,293.8,-273.0,-1.0,-1.0,RS41,403.700,7.5,625,10,2.6,,
2026-07-25T12:05:33.001Z,W1750383,8919,44.70345,7.90008,24011.7,-29.5,8.9,298.9,-273.0,-1.0,-1.0,RS41,403.700,6.3,625,9,2.5,,
2026-07-25T12:05:34.001Z,W1750383,8920,44.70349,7.89998,23982.7,-29.1,9.0,303.0,-273.0,-1.0,-1.0,RS41,403.700,7.2,625,9,2.6,,
2026-07-25T12:05:35.001Z,W1750383,8921,44.70354,7.89989,23953.8,-28.9,9.1,310.4,-273.0,-1.0,-1.0,RS41,403.700,7.8,625,9,2.6,,
2026-07-25T12:05:36.001Z,W1750383,8922,44.70360,7.89980,23925.1,-29.5,9.2,312.9,-273.0,-1.0,-1.0,RS41,403.700,7.8,625,9,2.6,,
2026-07-25T12:05:37.001Z,W1750383,8923,44.70365,7.89972,23895.3,-30.4,9.2,314.6,-273.0,-1.0,-1.0,RS41,403.700,8.5,625,9,2.6,,
2026-07-25T12:05:38.001Z,W1750383,8924,44.70371,7.89963,23865.9,-29.4,9.8,313.4,-273.0,-1.0,-1.0,RS41,403.700,8.5,625,9,2.6,,
2026-07-25T12:05:39.001Z,W1750383,8925,44.70377,7.89954,23836.6,-29.6,10.3,312.0,-273.0,-1.0,-1.0,RS41,403.700,8.4,625,8,2.6,08:25:55,
2026-07-25T12:05:40.001Z,W1750383,8926,44.70383,7.89945,23807.5,-29.0,9.5,310.3,-273.0,-1.0,-1.0,RS41,403.700,8.4,625,7,2.5,08:25:55,
2026-07-25T12:05:41.001Z,W1750383,8927,44.70389,7.89935,23777.9,-29.2,10.0,305.1,-273.0,-1.0,-1.0,RS41,403.700,8.0,625,9,2.6,08:25:55,
2026-07-25T12:05:42.001Z,W1750383,8928,44.70394,7.89923,23749.2,-28.9,11.0,295.1,-273.0,-1.0,-1.0,RS41,403.700,8.0,625,8,2.6,08:25:55,
2026-07-25T12:05:43.001Z,W1750383,8929,44.70398,7.89910,23720.9,-27.5,11.2,292.1,-273.0,-1.0,-1.0,RS41,403.700,8.1,625,7,2.6,08:25:55,
2026-07-25T12:05:44.001Z,W1750383,8930,44.70402,7.89898,23693.0,-27.3,10.2,288.2,-273.0,-1.0,-1.0,RS41,403.700,8.1,625,8,2.6,08:25:55,
2026-07-25T12:05:45.001Z,W1750383,8931,44.70404,7.89886,23665.4,-27.6,9.9,283.4,-273.0,-1.0,-1.0,RS41,403.700,8.4,625,8,2.5,08:25:55,
2026-07-25T12:05:46.001Z,W1750383,8932,44.70406,7.89873,23637.9,-27.5,10.6,280.8,-49.4,-1.0,-1.0,RS41,403.700,8.4,625,9,2.6,08:25:55,
2026-07-25T12:05:47.001Z,W1750383,8933,44.70407,7.89861,23610.6,-26.8,8.7,272.9,-49.5,-1.0,-1.0,RS41,403.700,7.3,625,8,2.6,08:25:55,
2026-07-25T12:05:48.001Z,W1750383,8934,44.70407,7.89851,23583.4,-27.3,7.1,265.7,-49.8,-1.0,-1.0,RS41,403.700,7.1,625,8,2.6,08:25:55,
2026-07-25T12:05:49.001Z,W1750383,8935,44.70407,7.89843,23555.9,-27.6,5.9,260.3,-49.9,-1.0,-1.0,RS41,403.700,7.0,625,8,2.6,08:25:55,
2026-07-25T12:05:50.001Z,W1750383,8936,44.70406,7.89837,23528.2,-27.7,5.1,252.6,-50.1,-1.0,-1.0,RS41,403.700,7.0,625,8,2.5,08:25:55,
2026-07-25T12:05:51.001Z,W1750383,8937,44.70405,7.89831,23500.7,-27.4,4.5,252.4,-50.3,-1.0,-1.0,RS41,403.700,7.0,625,9,2.5,08:25:55,
2026-07-25T12:05:52.001Z,W1750383,8938,44.70404,7.89826,23473.8,-26.4,3.9,255.2,-50.5,-1.0,-1.0,RS41,403.700,7.2,625,8,2.6,08:25:55,
2026-07-25T12:05:55.001Z,W1750383,8941,44.70404,7.89814,23395.7,-26.9,3.6,284.5,-50.8,-1.0,-1.0,RS41,403.700,7.0,625,8,2.6,08:25:55,
2026-07-25T12:05:56.001Z,W1750383,8942,44.70405,7.89809,23368.9,-27.1,4.4,301.6,-50.8,-1.0,-1.0,RS41,403.700,7.1,625,9,2.5,08:25:55,
2026-07-25T12:05:57.001Z,W1750383,8943,44.70407,7.89805,23341.6,-27.1,4.6,308.8,-50.7,-1.0,-1.0,RS41,403.700,7.1,625,9,2.6,08:25:55,
2026-07-25T12:05:58.001Z,W1750383,8944,44.70410,7.89800,23313.5,-28.9,5.4,311.5,-50.6,-1.0,-1.0,RS41,403.700,7.1,625,7,2.6,08:25:55,
2026-07-25T12:05:59.001Z,W1750383,8945,44.70414,7.89794,23283.3,-31.3,5.9,309.8,-50.5,-1.0,-1.0,RS41,403.700,6.9,625,9,2.6,08:25:55,
2026-07-25T12:06:00.001Z,W1750383,8946,44.70417,7.89789,23252.5,-31.4,6.0,317.1,-50.3,-1.0,-1.0,RS41,403.700,7.2,625,8,2.6,08:25:55,
2026-07-25T12:06:02.001Z,W1750383,8948,44.70424,7.89778,23194.4,-27.4,5.8,305.4,-50.5,-1.0,-1.0,RS41,403.700,6.8,625,8,2.5,08:25:55,
2026-07-25T12:06:03.001Z,W1750383,8949,44.70426,7.89771,23167.5,-27.4,5.5,294.0,-50.6,-1.0,-1.0,RS41,403.700,6.9,625,8,2.6,08:25:55,
2026-07-25T12:06:04.001Z,W1750383,8950,44.70428,7.89765,23140.6,-27.0,5.2,284.8,-50.6,-1.0,-1.0,RS41,403.700,6.9,625,8,2.6,08:25:55,
2026-07-25T12:06:06.001Z,W1750383,8952,44.70430,7.89752,23086.6,-26.2,5.2,271.2,-50.6,-1.0,-1.0,RS41,403.700,7.3,625,9,2.6,08:25:55,
2026-07-25T12:06:07.001Z,W1750383,8953,44.70429,7.89746,23060.4,-26.3,5.4,258.6,-50.8,-1.0,-1.0,RS41,403.700,7.3,625,9,2.6,08:25:55,
2026-07-25T12:06:14.001Z,W1750383,8960,44.70428,7.89717,22883.5,-23.9,2.4,353.2,-51.6,-1.0,-1.0,RS41,403.700,6.6,625,8,2.5,08:25:55,
2026-07-25T12:06:20.001Z,W1750383,8966,44.70447,7.89713,22729.8,-28.3,4.6,336.5,-51.4,-1.0,-1.0,RS41,403.700,6.7,625,10,2.5,08:25:55,
2026-07-25T12:06:21.001Z,W1750383,8967,44.70451,7.89710,22701.5,-28.0,5.9,325.5,-51.6,-1.0,-1.0,RS41,403.700,6.9,625,10,2.6,08:25:55,
2026-07-25T12:06:22.001Z,W1750383,8968,44.70455,7.89705,22673.6,-27.5,6.8,319.9,-51.6,-1.0,-1.0,RS41,403.700,7.1,625,10,2.6,08:25:55,
2026-07-25T12:06:23.001Z,W1750383,8969,44.70460,7.89699,22646.2,-28.0,7.3,313.6,-51.6,-1.0,-1.0,RS41,403.700,7.1,625,9,2.6,08:25:55,
2026-07-25T12:06:24.001Z,W1750383,8970,44.70464,7.89692,22618.6,-28.0,7.8,313.7,-51.5,-1.0,-1.0,RS41,403.700,7.3,625,10,2.6,08:25:55,
2026-07-25T12:06:25.001Z,W1750383,8971,44.70469,7.89684,22590.7,-28.4,8.5,312.7,-51.4,-1.0,-1.0,RS41,403.700,7.3,625,10,2.5,08:25:55,
2026-07-25T12:06:29.001Z,W1750383,8975,44.70492,7.89650,22483.2,-26.6,10.3,313.8,-50.7,-1.0,-1.0,RS41,403.700,7.2,625,8,2.6,08:25:55,
2026-07-25T12:06:30.001Z,W1750383,8976,44.70499,7.89641,22455.1,-27.6,10.0,315.2,-50.4,-1.0,-1.0,RS41,403.700,7.5,625,8,2.5,08:25:04,
2026-07-25T12:06:31.001Z,W1750383,8977,44.70505,7.89632,22427.1,-27.8,10.0,313.9,-50.2,-1.0,-1.0,RS41,403.700,7.8,625,8,2.5,08:25:04,
2026-07-25T12:06:32.001Z,W1750383,8978,44.70512,7.89622,22398.6,-28.8,11.3,308.7,-50.0,-1.0,-1.0,RS41,403.700,7.8,625,8,2.6,08:25:04,
2026-07-25T12:06:33.001Z,W1750383,8979,44.70517,7.89610,22370.6,-28.6,11.5,303.2,-49.8,-1.0,-1.0,RS41,403.700,7.7,625,8,2.6,08:25:04,
2026-07-25T12:06:34.001Z,W1750383,8980,44.70523,7.89597,22342.0,-28.3,11.7,298.9,-49.7,-1.0,-1.0,RS41,403.700,7.7,625,9,2.6,08:25:04,
2026-07-25T12:06:35.001Z,W1750383,8981,44.70528,7.89585,22313.2,-29.5,11.2,297.4,-49.8,-1.0,-1.0,RS41,403.700,7.6,625,8,2.6,08:25:04,
2026-07-25T12:06:36.001Z,W1750383,8982,44.70532,7.89572,22284.8,-27.7,11.5,289.9,-49.9,-1.0,-1.0,RS41,403.700,7.6,625,8,2.5,08:25:04,
2026-07-25T12:06:37.001Z,W1750383,8983,44.70535,7.89559,22256.8,-27.7,11.0,287.2,-50.0,-1.0,-1.0,RS41,403.700,8.5,625,8,2.6,08:25:04,
2026-07-25T12:06:38.001Z,W1750383,8984,44.70537,7.89545,22229.9,-26.8,11.8,278.8,-50.0,-1.0,-1.0,RS41,403.700,8.5,625,8,2.6,08:25:04,
2026-07-25T12:06:39.001Z,W1750383,8985,44.70538,7.89531,22204.0,-25.8,11.5,275.7,-50.0,-1.0,-1.0,RS41,403.700,7.7,625,8,2.6,08:25:04,
2026-07-25T12:06:40.001Z,W1750383,8986,44.70539,7.89517,22179.2,-24.5,11.1,269.9,-50.0,-1.0,-1.0,RS41,403.700,7.4,625,8,2.6,08:25:04,
2026-07-25T12:06:41.001Z,W1750383,8987,44.70540,7.89503,22153.0,-25.5,10.1,271.8,-50.1,-1.0,-1.0,RS41,403.700,7.4,625,9,2.5,08:25:04,
2026-07-25T12:06:42.001Z,W1750383,8988,44.70540,7.89491,22127.3,-25.0,9.6,267.2,-50.4,-1.0,-1.0,RS41,403.700,7.4,625,9,2.5,08:25:04,
2026-07-25T12:06:43.001Z,W1750383,8989,44.70540,7.89480,22102.0,-25.2,8.5,265.5,-50.5,-1.0,-1.0,RS41,403.700,7.7,625,9,2.6,08:25:04,
2026-07-25T12:06:44.001Z,W1750383,8990,44.70539,7.89469,22076.6,-25.8,8.6,267.8,-50.8,-1.0,-1.0,RS41,403.700,7.7,625,9,2.6,08:25:04,
2026-07-25T12:06:45.001Z,W1750383,8991,44.70539,7.89459,22050.7,-26.1,8.0,266.5,-51.0,0.9,-1.0,RS41,403.700,7.1,625,9,2.6,08:25:04,
2026-07-25T12:06:46.001Z,W1750383,8992,44.70539,7.89450,22024.2,-26.7,6.5,264.8,-51.2,1.0,-1.0,RS41,403.700,6.9,625,9,2.5,08:25:04,
2026-07-25T12:06:47.001Z,W1750383,8993,44.70539,7.89442,21997.1,-27.6,5.8,267.9,-51.4,1.0,-1.0,RS41,403.700,6.9,625,9,2.5,08:25:04,
2026-07-25T12:06:48.001Z,W1750383,8994,44.70539,7.89435,21970.1,-27.0,5.1,280.0,-51.6,1.0,-1.0,RS41,403.700,6.9,625,9,2.6,08:25:04,
2026-07-25T12:06:49.001Z,W1750383,8995,44.70540,7.89429,21943.0,-27.1,5.0,286.0,-51.7,1.0,-1.0,RS41,403.700,6.8,625,10,2.6,08:25:04,
2026-07-25T12:06:51.001Z,W1750383,8997,44.70544,7.89416,21891.0,-26.1,5.7,294.6,-51.7,1.0,-1.0,RS41,403.700,6.9,625,10,2.5,08:25:04,
2026-07-25T12:06:52.001Z,W1750383,8998,44.70546,7.89409,21865.2,-25.4,6.1,295.3,-51.6,1.0,-1.0,RS41,403.700,7.2,625,10,2.5,08:25:04,
2026-07-25T12:06:53.001Z,W1750383,8999,44.70548,7.89402,21840.0,-25.5,6.7,295.0,-51.5,1.0,-1.0,RS41,403.700,7.2,625,10,2.5,08:25:04,
2026-07-25T12:06:54.001Z,W1750383,9000,44.70550,7.89393,21814.9,-26.0,7.6,285.4,-51.3,1.0,-1.0,RS41,403.700,7.5,625,8,2.6,08:25:04,
2026-07-25T12:06:56.001Z,W1750383,9002,44.70553,7.89374,21767.0,-23.3,7.9,278.2,-51.9,1.0,-1.0,RS41,403.700,7.1,625,8,2.6,08:25:04,
2026-07-25T12:06:57.001Z,W1750383,9003,44.70554,7.89364,21744.5,-22.9,7.4,275.0,-51.9,1.0,-1.0,RS41,403.700,7.1,625,8,2.5,08:25:04,
2026-07-25T12:06:58.001Z,W1750383,9004,44.70555,7.89355,21721.0,-23.3,7.3,275.3,-51.9,1.0,-1.0,RS41,403.700,7.5,625,8,2.5,08:25:04,
2026-07-25T12:06:59.001Z,W1750383,9005,44.70556,7.89347,21697.3,-22.9,6.0,268.9,-51.9,1.0,-1.0,RS41,403.700,8.3,625,8,2.6,08:25:04,
2026-07-25T12:07:00.001Z,W1750383,9006,44.70555,7.89339,21674.8,-22.8,6.4,264.0,-51.9,1.0,-1.0,RS41,403.700,8.3,625,8,2.6,08:25:04,
2026-07-25T12:07:01.001Z,W1750383,9007,44.70554,7.89332,21652.2,-22.9,6.3,258.3,-51.8,1.0,-1.0,RS41,403.700,7.6,625,8,2.6,08:25:04,
2026-07-25T12:07:02.001Z,W1750383,9008,44.70553,7.89325,21627.9,-24.0,5.2,247.2,-51.8,1.0,-1.0,RS41,403.700,8.1,625,8,2.5,08:25:04,
2026-07-25T12:07:03.001Z,W1750383,9009,44.70551,7.89319,21604.2,-23.6,5.3,243.5,-51.9,1.0,-1.0,RS41,403.700,8.1,625,8,2.6,08:25:04,
2026-07-25T12:07:04.001Z,W1750383,9010,44.70549,7.89313,21581.1,-23.0,5.8,232.9,-51.8,1.0,-1.0,RS41,403.700,8.3,625,7,2.6,08:25:04,
2026-07-25T12:07:05.001Z,W1750383,9011,44.70546,7.89308,21557.4,-22.9,4.4,235.2,-51.7,1.0,-1.0,RS41-SG,403.700,8.6,625,9,2.6,08:25:04,
2026-07-25T12:07:06.001Z,W1750383,9012,44.70544,7.89304,21534.2,-23.0,4.7,235.5,-51.5,1.0,-1.0,RS41-SG,403.700,8.6,625,8,2.5,08:25:04,
2026-07-25T12:07:07.001Z,W1750383,9013,44.70542,7.89300,21510.3,-23.2,3.6,238.9,-51.5,0.9,-1.0,RS41-SG,403.700,8.2,625,9,2.5,08:25:04,
2026-07-25T12:07:08.001Z,W1750383,9014,44.70541,7.89297,21485.5,-24.5,2.4,232.9,-51.7,1.0,-1.0,RS41-SG,403.700,9.1,625,10,2.5,08:25:04,
2026-07-25T12:07:09.001Z,W1750383,9015,44.70541,7.89294,21460.5,-24.8,2.7,267.4,-51.8,1.0,-1.0,RS41-SG,403.700,9.1,625,9,2.6,08:25:04,
2026-07-25T12:07:10.001Z,W1750383,9016,44.70541,7.89291,21435.8,-24.7,2.5,283.9,-51.7,1.0,-1.0,RS41-SG,403.700,9.0,625,9,2.6,08:25:04,
2026-07-25T12:07:11.001Z,W1750383,9017,44.70542,7.89289,21410.0,-25.3,2.4,303.3,-51.9,1.0,-1.0,RS41-SG,403.700,8.9,625,10,2.6,08:25:04,
2026-07-25T12:07:12.001Z,W1750383,9018,44.70544,7.89287,21384.4,-25.7,2.6,319.6,-51.9,0.9,-1.0,RS41-SG,403.700,8.7,625,9,2.5,08:25:04,
2026-07-25T12:07:13.001Z,W1750383,9019,44.70546,7.89285,21357.9,-26.3,3.0,348.1,-51.7,1.0,-1.0,RS41-SG,403.700,8.1,625,9,2.5,08:25:04,
2026-07-25T12:07:14.001Z,W1750383,9020,44.70549,7.89285,21331.9,-25.2,3.2,357.7,-51.7,1.0,-1.0,RS41-SG,403.700,8.1,625,8,2.6,08:25:04,
2026-07-25T12:07:15.001Z,W1750383,9021,44.70553,7.89285,21307.0,-24.9,4.0,359.9,-51.7,0.9,-1.0,RS41-SG,403.700,9.1,625,8,2.6,08:25:04,
2026-07-25T12:07:16.001Z,W1750383,9022,44.70556,7.89285,21281.5,-25.1,3.2,357.0,-51.7,0.9,-1.0,RS41-SG,403.700,9.1,625,8,2.6,08:25:04,
2026-07-25T12:07:17.001Z,W1750383,9023,44.70559,7.89283,21255.5,-26.7,4.2,337.1,-51.8,1.0,-1.0,RS41-SG,403.700,9.6,625,8,2.6,08:25:04,
2026-07-25T12:07:18.001Z,W1750383,9024,44.70563,7.89281,21228.8,-26.7,4.1,330.0,-52.0,1.0,-1.0,RS41-SG,403.700,9.6,625,9,2.5,08:25:04,
2026-07-25T12:07:19.001Z,W1750383,9025,44.70566,7.89278,21202.6,-25.7,3.8,323.8,-52.1,1.0,-1.0,RS41-SG,403.700,9.5,625,7,2.5,08:25:04,
2026-07-25T12:07:20.001Z,W1750383,9026,44.70569,7.89275,21177.1,-25.0,4.3,318.5,-52.4,1.1,-1.0,RS41-SG,403.700,9.2,625,8,2.6,08:25:04,
2026-07-25T12:07:21.001Z,W1750383,9027,44.70571,7.89271,21152.4,-24.2,4.2,308.8,-52.4,1.0,-1.0,RS41-SG,403.700,9.2,625,8,2.6,08:24:13,
2026-07-25T12:07:22.001Z,W1750383,9028,44.70574,7.89267,21128.1,-23.6,4.3,298.5,-52.3,1.0,-1.0,RS41-SG,403.700,9.2,625,7,2.6,08:24:13,
2026-07-25T12:07:23.001Z,W1750383,9029,44.70576,7.89262,21104.1,-23.7,4.7,294.8,-52.2,1.0,-1.0,RS41-SG,403.700,9.0,625,7,2.5,08:24:13,
2026-07-25T12:07:24.001Z,W1750383,9030,44.70578,7.89257,21080.3,-23.5,5.1,300.8,-52.3,1.1,-1.0,RS41-SG,403.700,9.0,625,8,2.5,08:24:13,
2026-07-25T12:07:25.001Z,W1750383,9031,44.70580,7.89252,21057.3,-22.7,4.8,297.0,-52.5,1.0,-1.0,RS41-SG,403.700,9.2,625,8,2.6,08:24:13,
2026-07-25T12:07:26.001Z,W1750383,9032,44.70582,7.89248,21034.7,-22.7,4.4,302.2,-52.6,1.1,-1.0,RS41-SG,403.700,9.2,625,8,2.6,08:24:13,
2026-07-25T12:07:27.001Z,W1750383,9033,44.70584,7.89244,21011.6,-22.7,4.6,310.5,-52.6,1.0,-1.0,RS41-SG,403.700,8.3,625,8,2.5,08:24:13,
2026-07-25T12:07:28.001Z,W1750383,9034,44.70588,7.89241,20985.9,-24.0,4.2,326.1,-52.7,1.1,-1.0,RS41-SG,403.700,8.1,625,9,2.5,08:24:13,
2026-07-25T12:07:29.001Z,W1750383,9035,44.70591,7.89240,20961.6,-22.9,3.8,346.6,-52.9,1.1,-1.0,RS41-SG,403.700,8.2,625,10,2.6,08:24:13,
2026-07-25T12:07:30.001Z,W1750383,9036,44.70595,7.89239,20937.9,-22.9,4.3,352.5,-53.1,1.1,-1.0,RS41-SG,403.700,8.6,625,10,2.6,08:24:13,
2026-07-25T12:07:31.001Z,W1750383,9037,44.70600,7.89239,20914.7,-23.2,5.9,354.8,-53.3,1.1,-1.0,RS41-SG,403.700,8.6,625,10,2.6,08:24:13,
2026-07-25T12:07:32.001Z,W1750383,9038,44.70605,7.89238,20891.8,-22.7,6.6,359.6,-53.4,1.1,-1.0,RS41-SG,403.700,8.5,625,9,2.5,08:24:13,
2026-07-25T12:07:33.001Z,W1750383,9039,44.70612,7.89238,20869.0,-23.2,7.6,352.9,-53.5,1.1,-1.0,RS41-SG,403.700,8.5,625,10,2.5,08:24:13,
2026-07-25T12:07:34.001Z,W1750383,9040,44.70619,7.89237,20845.7,-23.4,7.5,356.4,-53.4,1.1,-1.0,RS41-SG,403.700,7.9,625,10,2.5,08:24:13,
2026-07-25T12:07:35.001Z,W1750383,9041,44.70626,7.89236,20821.8,-23.9,7.8,354.0,-53.3,1.1,-1.0,RS41-SG,403.700,8.3,625,10,2.6,08:24:13,
2026-07-25T12:07:36.001Z,W1750383,9042,44.70633,7.89234,20797.4,-24.5,9.0,344.8,-53.3,1.1,-1.0,RS41-SG,403.700,8.3,625,10,2.6,08:24:13,
2026-07-25T12:07:37.001Z,W1750383,9043,44.70641,7.89231,20773.1,-24.8,8.8,343.2,-53.3,1.1,-1.0,RS41-SG,403.700,8.5,625,10,2.6,08:24:13,
2026-07-25T12:07:38.001Z,W1750383,9044,44.70649,7.89228,20747.5,-26.2,8.8,342.0,-53.2,1.1,-1.0,RS41-SG,403.700,8.5,625,10,2.5,08:24:13,
2026-07-25T12:07:39.001Z,W1750383,9045,44.70656,7.89223,20721.9,-25.7,9.4,333.4,-53.2,1.1,-1.0,RS41-SG,403.700,8.1,625,10,2.5,08:24:13,
2026-07-25T12:07:40.001Z,W1750383,9046,44.70664,7.89217,20695.8,-26.5,9.6,326.3,-53.1,1.1,-1.0,RS41-SG,403.700,8.0,625,10,2.6,08:24:13,
2026-07-25T12:07:41.001Z,W1750383,9047,44.70670,7.89210,20668.9,-27.8,8.6,320.3,-53.1,1.1,-1.0,RS41-SG,403.700,8.0,625,9,2.6,08:24:13,
2026-07-25T12:07:42.001Z,W1750383,9048,44.70676,7.89203,20640.4,-29.6,8.4,318.2,-53.1,1.1,-1.0,RS41-SG,403.700,7.9,625,10,2.5,08:24:13,
2026-07-25T12:07:43.001Z,W1750383,9049,44.70681,7.89196,20610.2,-30.9,7.6,313.3,-52.9,1.1,-1.0,RS41-SG,403.700,7.7,625,10,2.5,08:24:13,
2026-07-25T12:07:44.001Z,W1750383,9050,44.70686,7.89189,20579.2,-31.5,7.3,306.2,-52.7,1.1,-1.0,RS41-SG,403.700,7.6,625,10,2.6,08:24:13,
2026-07-25T12:07:45.001Z,W1750383,9051,44.70689,7.89181,20548.6,-30.6,6.9,300.1,-52.5,1.0,-1.0,RS41-SG,403.700,7.9,625,10,2.6,08:24:13,
2026-07-25T12:07:46.001Z,W1750383,9052,44.70692,7.89173,20518.1,-31.1,7.3,287.9,-52.4,1.0,-1.0,RS41-SG,403.700,8.2,625,10,2.6,08:24:13,
2026-07-25T12:07:47.001Z,W1750383,9053,44.70693,7.89165,20488.1,-29.9,6.8,282.9,-52.4,1.0,-1.0,RS41-SG,403.700,8.2,625,10,2.5,08:24:13,
2026-07-25T12:07:48.001Z,W1750383,9054,44.70694,7.89157,20459.0,-28.9,6.0,275.9,-52.4,1.0,-1.0,RS41-SG,403.700,8.3,625,10,2.5,08:24:13,
2026-07-25T12:07:49.001Z,W1750383,9055,44.70695,7.89149,20430.3,-29.2,6.0,267.3,-52.3,1.0,-1.0,RS41-SG,403.700,8.3,625,9,2.5,08:24:13,
2026-07-25T12:07:50.001Z,W1750383,9056,44.70694,7.89142,20401.8,-28.6,5.5,260.9,-52.2,1.0,-1.0,RS41-SG,403.700,8.7,625,9,2.6,08:24:13,
2026-07-25T12:07:51.001Z,W1750383,9057,44.70693,7.89135,20374.3,-27.6,5.8,253.2,-52.2,1.0,-1.0,RS41-SG,403.700,8.7,625,10,2.6,08:24:13,
2026-07-25T12:07:52.001Z,W1750383,9058,44.70691,7.89129,20347.5,-26.7,4.3,242.9,-52.4,1.0,-1.0,RS41-SG,403.700,7.3,625,9,2.6,08:24:13,
2026-07-25T12:07:53.001Z,W1750383,9059,44.70690,7.89124,20321.5,-26.4,3.8,232.7,-52.6,1.1,-1.0,RS41-SG,403.700,7.5,625,9,2.5,08:24:13,
2026-07-25T12:07:54.001Z,W1750383,9060,44.70687,7.89120,20295.7,-26.0,3.7,227.9,-52.6,1.0,-1.0,RS41-SG,403.700,7.5,625,10,2.5,08:24:13,
2026-07-25T12:07:55.001Z,W1750383,9061,44.70685,7.89117,20270.6,-25.0,2.6,217.0,-52.6,1.0,-1.0,RS41-SG,403.700,7.1,625,9,2.5,08:24:13,
2026-07-25T12:07:56.001Z,W1750383,9062,44.70683,7.89116,20246.7,-23.1,2.7,202.4,-52.8,1.1,-1.0,RS41-SG,403.700,7.1,625,10,2.6,08:24:13,
2026-07-25T12:07:58.001Z,W1750383,9064,44.70679,7.89114,20200.3,-23.6,1.8,169.9,-52.5,1.0,-1.0,RS41-SG,403.700,6.9,625,10,2.6,08:24:13,
2026-07-25T12:08:00.001Z,W1750383,9066,44.70676,7.89116,20150.9,-25.3,1.6,125.1,-52.6,1.0,-1.0,RS41-SG,403.700,6.9,625,10,2.5,08:24:13,
2026-07-25T12:08:02.001Z,W1750383,9068,44.70675,7.89119,20102.9,-24.0,0.4,61.1,-52.9,1.1,-1.0,RS41-SG,403.700,7.1,625,10,2.5,08:24:13,
2026-07-25T12:08:07.001Z,W1750383,9073,44.70683,7.89108,19986.4,-22.6,4.2,303.1,-53.1,1.1,-1.0,RS41-SG,403.700,6.4,625,10,2.5,08:24:13,
2026-07-25T12:08:18.001Z,W1750383,9084,44.70704,7.89046,19747.4,-21.1,5.6,270.1,-54.4,1.2,-1.0,RS41-SG,403.700,7.1,625,10,2.6,08:24:13,
2026-07-25T12:08:19.001Z,W1750383,9085,44.70704,7.89038,19726.0,-21.4,6.2,266.4,-54.4,1.2,-1.0,RS41-SG,403.700,7.1,625,9,2.6,08:24:13,
2026-07-25T12:08:23.001Z,W1750383,9089,44.70694,7.89006,19642.2,-20.6,7.0,229.9,-54.2,1.2,-1.0,RS41-SG,403.700,7.1,625,10,2.5,08:24:13,
2026-07-25T12:08:26.001Z,W1750383,9092,44.70680,7.88986,19581.5,-21.0,7.7,217.0,-54.7,1.2,-1.0,RS41-SG,403.700,7.5,625,9,2.6,08:24:13,
2026-07-25T12:08:27.001Z,W1750383,9093,44.70674,7.88981,19560.6,-21.8,7.2,210.9,-54.8,1.2,-1.0,RS41-SG,403.700,7.5,625,9,2.5,08:24:13,
2026-07-25T12:08:28.001Z,W1750383,9094,44.70669,7.88976,19538.7,-22.7,7.9,211.9,-54.8,1.2,-1.0,RS41-SG,403.700,7.5,625,9,2.5,08:24:13,
2026-07-25T12:08:29.001Z,W1750383,9095,44.70662,7.88971,19517.0,-21.4,7.9,210.1,-54.9,1.2,-1.0,RS41-SG,403.700,6.9,625,9,2.5,08:24:13,
2026-07-25T12:08:31.001Z,W1750383,9097,44.70650,7.88964,19475.3,-20.6,7.2,197.9,-55.0,1.3,-1.0,RS41-SG,403.700,7.4,625,8,2.6,08:24:13,
2026-07-25T12:08:33.001Z,W1750383,9099,44.70639,7.88959,19434.7,-20.5,6.5,197.1,-55.1,1.2,-1.0,RS41-SG,403.700,7.0,625,9,2.5,08:24:13,
2026-07-25T12:08:35.001Z,W1750383,9101,44.70628,7.88955,19393.8,-20.8,5.6,186.0,-55.1,1.3,-1.0,RS41-SG,403.700,7.1,625,8,2.6,08:24:13,
2026-07-25T12:08:36.001Z,W1750383,9102,44.70623,7.88954,19373.0,-20.7,5.4,185.1,-55.0,1.2,-1.0,RS41-SG,403.700,6.9,625,9,2.6,08:24:13,
2026-07-25T12:08:37.001Z,W1750383,9103,44.70618,7.88953,19351.9,-21.1,4.4,189.1,-54.8,1.2,-1.0,RS41-SG,403.700,6.9,625,9,2.5,08:24:13,
2026-07-25T12:09:51.001Z,W1750383,9177,44.70663,7.89035,17882.2,-21.5,0.5,192.5,-56.9,1.4,-1.0,RS41-SG,403.700,6.8,625,9,2.5,08:24:13,
2026-07-25T12:09:52.001Z,W1750383,9178,44.70662,7.89035,17861.5,-20.8,1.7,174.1,-57.0,1.4,-1.0,RS41-SG,403.700,7.2,625,10,2.6,08:24:13,
2026-07-25T12:09:53.001Z,W1750383,9179,44.70660,7.89035,17841.0,-20.5,1.8,167.7,-57.3,1.5,-1.0,RS41-SG,403.700,7.2,625,10,2.6,08:24:13,
2026-07-25T12:09:54.001Z,W1750383,9180,44.70659,7.89036,17821.5,-19.7,2.1,156.7,-57.6,1.5,-1.0,RS41-SG,403.700,7.1,625,10,2.6,08:21:40,
2026-07-25T12:09:57.001Z,W1750383,9183,44.70655,7.89038,17764.5,-19.4,2.3,133.9,-57.9,1.5,-1.0,RS41-SG,403.700,6.9,625,10,2.5,08:21:40,
2026-07-25T12:09:58.001Z,W1750383,9184,44.70654,7.89040,17745.1,-20.1,2.8,120.6,-57.9,1.5,-1.0,RS41-SG,403.700,7.0,625,9,2.6,08:21:40,
2026-07-25T12:10:02.001Z,W1750383,9188,44.70651,7.89056,17662.3,-21.3,5.2,99.5,-58.6,1.6,-1.0,RS41-SG,403.700,7.1,625,9,2.5,08:21:40,
2026-07-25T12:10:03.001Z,W1750383,9189,44.70650,7.89062,17642.2,-19.7,5.0,95.0,-58.5,1.6,-1.0,RS41-SG,403.700,7.1,625,10,2.5,08:21:40,
2026-07-25T12:10:04.001Z,W1750383,9190,44.70650,7.89068,17623.1,-19.4,5.4,94.3,-58.6,1.7,-1.0,RS41-SG,403.700,7.2,625,9,2.6,08:21:40,
2026-07-25T12:10:06.001Z,W1750383,9192,44.70648,7.89083,17585.6,-19.0,6.4,101.6,-59.0,1.8,-1.0,RS41-SG,403.700,6.7,625,9,2.6,08:21:40,
2026-07-25T12:10:07.001Z,W1750383,9193,44.70648,7.89091,17566.4,-19.5,7.2,95.0,-59.0,1.7,-1.0,RS41-SG,403.700,7.5,625,9,2.5,08:21:40,
2026-07-25T12:10:08.001Z,W1750383,9194,44.70647,7.89100,17547.4,-19.1,7.2,94.0,-58.8,1.7,-1.0,RS41-SG,403.700,7.5,625,10,2.5,08:21:40,
2026-07-25T12:10:09.001Z,W1750383,9195,44.70647,7.89109,17528.5,-18.8,6.5,96.8,-58.7,1.7,-1.0,RS41-SG,403.700,7.2,625,9,2.5,08:21:40,
2026-07-25T12:10:10.001Z,W1750383,9196,44.70645,7.89117,17510.7,-18.0,7.1,105.7,-58.6,1.6,-1.0,RS41-SG,403.700,7.2,625,9,2.6,08:21:40,
2026-07-25T12:10:11.001Z,W1750383,9197,44.70644,7.89126,17492.4,-18.0,7.7,104.9,-58.6,1.7,-1.0,RS41-SG,403.700,7.2,625,9,2.6,08:21:40,
2026-07-25T12:10:12.001Z,W1750383,9198,44.70643,7.89136,17473.5,-18.7,8.2,105.1,-58.8,1.7,-1.0,RS41-SG,403.700,7.7,625,8,2.6,08:21:40,
2026-07-25T12:10:13.001Z,W1750383,9199,44.70641,7.89145,17454.2,-19.3,8.3,106.2,-58.7,1.7,-1.0,RS41-SG,403.700,7.7,625,10,2.5,08:21:40,
2026-07-25T12:10:14.001Z,W1750383,9200,44.70639,7.89155,17434.9,-19.3,8.2,107.7,-58.6,1.7,-1.0,RS41-SG,403.700,7.7,625,10,2.5,08:21:40,
2026-07-25T12:10:15.001Z,W1750383,9201,44.70636,7.89165,17416.2,-18.9,8.0,111.0,-58.5,1.6,-1.0,RS41-SG,403.700,7.7,625,9,2.5,08:21:40,
2026-07-25T12:10:16.001Z,W1750383,9202,44.70634,7.89175,17396.9,-19.1,8.8,109.0,-58.4,1.6,-1.0,RS41-SG,403.700,7.0,625,9,2.6,08:21:40,
2026-07-25T12:10:18.001Z,W1750383,9204,44.70630,7.89198,17358.1,-19.6,9.4,105.9,-58.3,1.6,-1.0,RS41-SG,403.700,7.8,625,9,2.6,08:21:40,
2026-07-25T12:10:19.001Z,W1750383,9205,44.70628,7.89209,17338.9,-18.9,8.9,103.6,-58.3,1.6,-1.0,RS41-SG,403.700,7.9,625,10,2.5,08:21:40,
2026-07-25T12:10:20.001Z,W1750383,9206,44.70626,7.89220,17320.6,-18.4,8.5,102.2,-58.2,1.6,-1.0,RS41-SG,403.700,7.9,625,8,2.5,08:21:40,
2026-07-25T12:10:21.001Z,W1750383,9207,44.70624,7.89230,17302.8,-17.6,8.4,103.5,-58.1,1.5,-1.0,RS41-SG,403.700,7.7,625,9,2.5,08:21:40,
2026-07-25T12:10:22.001Z,W1750383,9208,44.70623,7.89240,17284.8,-17.5,8.5,96.0,-58.0,1.6,-1.0,RS41-SG,403.700,7.7,625,9,2.6,08:21:40,
2026-07-25T12:10:23.001Z,W1750383,9209,44.70623,7.89251,17265.7,-19.4,8.5,89.6,-57.8,1.6,-1.0,RS41-SG,403.700,7.7,625,8,2.6,08:21:40,
2026-07-25T12:10:24.001Z,W1750383,9210,44.70624,7.89261,17246.0,-19.5,7.7,89.6,-57.7,1.5,-1.0,RS41-SG,403.700,7.5,625,9,2.6,08:21:40,
2026-07-25T12:10:25.001Z,W1750383,9211,44.70624,7.89271,17226.1,-20.7,7.0,87.2,-57.5,1.5,-1.0,RS41-SG,403.700,8.2,625,9,2.5,08:21:40,
2026-07-25T12:10:26.001Z,W1750383,9212,44.70624,7.89280,17204.8,-21.6,7.4,87.9,-57.3,1.5,-1.0,RS41-SG,403.700,8.2,625,9,2.5,08:21:40,
2026-07-25T12:10:27.001Z,W1750383,9213,44.70625,7.89289,17183.6,-20.7,6.8,87.4,-57.2,1.4,-1.0,RS41-SG,403.700,7.4,625,9,2.5,08:21:40,
2026-07-25T12:10:28.001Z,W1750383,9214,44.70625,7.89297,17163.1,-19.8,7.4,86.4,-57.3,1.5,-1.0,RS41-SG,403.700,7.8,625,9,2.6,08:21:40,
2026-07-25T12:10:29.001Z,W1750383,9215,44.70626,7.89306,17143.4,-19.3,7.0,86.3,-57.3,1.5,-1.0,RS41-SG,403.700,8.8,625,9,2.6,08:21:40,
2026-07-25T12:10:30.001Z,W1750383,9216,44.70626,7.89314,17124.3,-19.1,6.0,89.0,-57.3,1.5,-1.0,RS41-SG,403.700,8.8,625,8,2.6,08:21:40,
2026-07-25T12:10:31.001Z,W1750383,9217,44.70626,7.89322,17105.7,-18.9,5.7,87.5,-57.3,1.5,-1.0,RS41-SG,403.700,8.6,625,9,2.5,08:21:40,
2026-07-25T12:10:32.001Z,W1750383,9218,44.70627,7.89329,17086.7,-18.8,6.1,83.6,-57.6,1.6,-1.0,RS41-SG,403.700,8.6,625,9,2.5,08:21:40,
2026-07-25T12:10:33.001Z,W1750383,9219,44.70627,7.89337,17068.7,-17.9,6.0,86.3,-57.8,1.6,-1.0,RS41-SG,403.700,8.4,625,8,2.5,08:21:40,
2026-07-25T12:10:34.001Z,W1750383,9220,44.70628,7.89344,17050.6,-18.2,5.3,80.6,-57.8,1.6,-1.0,RS41-SG,403.700,9.5,625,10,2.6,08:21:40,
2026-07-25T12:10:35.001Z,W1750383,9221,44.70629,7.89350,17032.6,-17.8,4.6,75.1,-57.7,1.6,-1.0,RS41-SG,403.700,9.5,625,9,2.6,08:21:40,
2026-07-25T12:10:36.001Z,W1750383,9222,44.70630,7.89355,17015.0,-17.7,4.7,83.3,-57.9,1.7,-1.0,RS41-SG,403.700,8.8,625,9,2.6,08:21:40,
2026-07-25T12:10:37.001Z,W1750383,9223,44.70631,7.89362,16996.3,-18.4,5.5,82.3,-58.1,1.7,-1.0,RS41-SG,403.700,9.3,625,9,2.5,08:21:40,
2026-07-25T12:10:38.001Z,W1750383,9224,44.70632,7.89369,16978.1,-18.1,5.9,79.7,-58.1,1.7,-1.0,RS41-SG,403.700,9.3,625,9,2.5,08:21:40,
2026-07-25T12:10:39.001Z,W1750383,9225,44.70633,7.89376,16960.7,-17.4,5.1,74.0,-58.2,1.7,-1.0,RS41-SG,403.700,9.0,625,9,2.5,08:21:40,
2026-07-25T12:10:40.001Z,W1750383,9226,44.70634,7.89382,16942.2,-18.3,5.6,82.7,-58.3,1.7,-1.0,RS41-SG,403.700,9.0,625,9,2.6,08:21:40,
2026-07-25T12:10:41.001Z,W1750383,9227,44.70635,7.89389,16924.7,-17.4,5.1,81.6,-58.4,1.7,-1.0,RS41-SG,403.700,8.6,625,9,2.6,08:21:40,
2026-07-25T12:10:42.001Z,W1750383,9228,44.70635,7.89396,16907.1,-17.7,5.7,94.4,-58.6,1.7,-1.0,RS41-SG,403.700,9.8,625,9,2.6,08:21:40,
2026-07-25T12:10:43.001Z,W1750383,9229,44.70634,7.89403,16889.7,-17.7,5.7,99.5,-58.7,1.8,-1.0,RS41-SG,403.700,9.8,625,8,2.5,08:21:40,
2026-07-25T12:10:44.001Z,W1750383,9230,44.70633,7.89410,16871.9,-18.2,5.8,104.5,-58.8,1.8,-1.0,RS41-SG,403.700,9.8,625,8,2.5,08:21:40,
2026-07-25T12:10:45.001Z,W1750383,9231,44.70632,7.89416,16853.2,-18.2,5.6,109.6,-58.9,1.8,-1.0,RS41-SG,403.700,9.4,625,9,2.5,08:20:49,
2026-07-25T12:10:46.001Z,W1750383,9232,44.70630,7.89423,16835.7,-17.3,5.9,122.0,-58.8,1.8,-1.0,RS41-SG,403.700,9.3,625,9,2.6,08:20:49,
2026-07-25T12:10:47.001Z,W1750383,9233,44.70627,7.89429,16818.5,-17.1,5.8,133.1,-58.8,1.8,-1.0,RS41-SG,403.700,9.2,625,9,2.6,08:20:49,
2026-07-25T12:10:48.001Z,W1750383,9234,44.70624,7.89434,16801.2,-17.1,5.9,136.8,-58.7,1.8,-1.0,RS41-SG,403.700,9.2,625,9,2.6,08:20:49,
2026-07-25T12:10:49.001Z,W1750383,9235,44.70620,7.89439,16783.6,-17.8,7.3,138.4,-58.6,1.8,-1.0,RS41-SG,403.700,8.7,625,9,2.5,08:20:49,
2026-07-25T12:10:50.001Z,W1750383,9236,44.70615,7.89445,16766.2,-17.2,6.8,149.1,-58.6,1.9,-1.0,RS41-SG,403.700,8.5,625,9,2.5,08:20:49,
2026-07-25T12:10:51.001Z,W1750383,9237,44.70609,7.89449,16748.6,-17.3,7.6,144.3,-58.6,1.8,-1.0,RS41-SG,403.700,8.7,625,9,2.5,08:20:49,
2026-07-25T12:10:52.001Z,W1750383,9238,44.70604,7.89455,16731.4,-17.3,7.5,150.4,-58.5,1.9,-1.0,RS41-SG,403.700,8.7,625,9,2.6,08:20:49,
2026-07-25T12:10:53.001Z,W1750383,9239,44.70598,7.89460,16712.9,-17.7,8.5,146.1,-58.4,1.8,-1.0,RS41-SG,403.700,9.3,625,9,2.6,08:20:49,
2026-07-25T12:10:54.001Z,W1750383,9240,44.70592,7.89466,16695.1,-17.7,7.8,146.6,-58.3,1.8,-1.0,RS41-SG,403.700,9.3,625,9,2.6,08:20:49,
2026-07-25T12:10:55.001Z,W1750383,9241,44.70586,7.89471,16678.0,-17.5,8.5,147.3,-58.1,1.8,-1.0,RS41-SG,403.700,8.9,625,9,2.5,08:20:49,
2026-07-25T12:10:56.001Z,W1750383,9242,44.70580,7.89478,16659.8,-18.0,8.9,141.5,-58.0,1.7,-1.0,RS41-SG,403.700,8.9,625,9,2.5,08:20:49,
2026-07-25T12:10:57.001Z,W1750383,9243,44.70574,7.89485,16641.6,-18.0,9.1,136.6,-57.9,1.7,-1.0,RS41-SG,403.700,8.9,625,9,2.5,08:20:49,
2026-07-25T12:10:58.001Z,W1750383,9244,44.70569,7.89493,16623.7,-17.2,9.2,137.1,-57.8,1.7,-1.0,RS41-SG,403.700,8.9,625,10,2.6,08:20:49,
2026-07-25T12:10:59.001Z,W1750383,9245,44.70563,7.89501,16606.9,-17.1,8.9,137.2,-58.0,1.8,-1.0,RS41-SG,403.700,8.7,625,9,2.6,08:20:49,
2026-07-25T12:11:00.001Z,W1750383,9246,44.70557,7.89509,16589.7,-17.5,9.4,133.4,-58.4,1.8,-1.0,RS41-SG,403.700,8.7,625,9,2.6,08:20:49,
2026-07-25T12:11:01.001Z,W1750383,9247,44.70552,7.89518,16571.1,-18.6,10.0,130.0,-58.4,1.8,-1.0,RS41-SG,403.700,9.5,625,9,2.5,08:20:49,
2026-07-25T12:11:02.001Z,W1750383,9248,44.70546,7.89528,16553.1,-17.9,9.8,126.1,-58.3,1.8,-1.0,RS41-SG,403.700,9.5,625,10,2.5,08:20:49,
2026-07-25T12:11:03.001Z,W1750383,9249,44.70542,7.89538,16534.9,-18.0,9.6,122.7,-58.1,1.7,-1.0,RS41-SG,403.700,8.6,625,10,2.5,08:20:49,
2026-07-25T12:11:04.001Z,W1750383,9250,44.70537,7.89547,16517.6,-17.5,9.4,126.0,-58.1,1.7,-1.0,RS41-SG,403.700,8.6,625,9,2.6,08:20:49,
2026-07-25T12:11:05.001Z,W1750383,9251,44.70532,7.89557,16500.3,-17.3,10.2,124.6,-58.0,1.7,-1.0,RS41-SG,403.700,8.4,625,9,2.6,08:20:49,
2026-07-25T12:11:06.001Z,W1750383,9252,44.70527,7.89568,16482.3,-17.8,10.5,118.8,-57.8,1.7,-1.0,RS41-SG,403.700,8.4,625,9,2.6,08:20:49,
2026-07-25T12:11:07.001Z,W1750383,9253,44.70523,7.89580,16464.2,-18.1,10.7,116.8,-57.7,1.7,-1.0,RS41-SG,403.700,8.3,625,9,2.5,08:20:49,
2026-07-25T12:11:08.001Z,W1750383,9254,44.70519,7.89592,16446.5,-17.5,11.3,115.5,-57.6,1.7,-1.0,RS41-SG,403.700,8.3,625,10,2.5,08:20:49,
2026-07-25T12:11:09.001Z,W1750383,9255,44.70515,7.89605,16428.8,-17.6,10.7,112.1,-57.5,1.7,-1.0,RS41-SG,403.700,8.4,625,10,2.5,08:20:49,
2026-07-25T12:11:10.001Z,W1750383,9256,44.70512,7.89617,16411.2,-17.4,10.9,110.0,-57.4,1.8,-1.0,RS41-SG,403.700,8.4,625,10,2.6,08:20:49,
2026-07-25T12:11:11.001Z,W1750383,9257,44.70508,7.89630,16394.7,-16.5,11.3,111.7,-57.5,1.8,-1.0,RS41-SG,403.700,7.8,625,9,2.6,08:20:49,
2026-07-25T12:11:12.001Z,W1750383,9258,44.70505,7.89644,16377.8,-17.1,11.5,109.8,-57.8,1.8,-1.0,RS41-SG,403.700,7.8,625,9,2.6,08:20:49,
2026-07-25T12:11:13.001Z,W1750383,9259,44.70502,7.89658,16360.3,-17.7,12.3,102.8,-57.8,1.8,-1.0,RS41-SG,403.700,7.4,625,9,2.5,08:20:49,
2026-07-25T12:11:14.001Z,W1750383,9260,44.70500,7.89673,16342.4,-18.5,13.0,103.7,-57.7,1.8,-1.0,RS41-SG,403.700,7.4,625,8,2.5,08:20:49,
2026-07-25T12:11:15.001Z,W1750383,9261,44.70497,7.89689,16324.2,-18.0,12.7,102.2,-57.7,1.8,-1.0,RS41-SG,403.700,7.3,625,9,2.5,08:20:49,
2026-07-25T12:11:16.001Z,W1750383,9262,44.70495,7.89704,16306.6,-17.7,11.8,102.1,-57.6,1.8,-1.0,RS41-SG,403.700,7.1,625,9,2.6,08:20:49,
2026-07-25T12:11:17.001Z,W1750383,9263,44.70493,7.89718,16289.3,-17.5,11.6,100.7,-57.5,1.8,-1.0,RS41-SG,403.700,7.1,625,8,2.6,08:20:49,
2026-07-25T12:11:21.001Z,W1750383,9267,44.70486,7.89779,16219.1,-18.2,12.7,95.9,-57.2,1.8,-1.0,RS41-SG,403.700,6.6,625,8,2.6,08:20:49,
2026-07-25T12:11:23.001Z,W1750383,9269,44.70484,7.89810,16183.6,-17.6,12.4,95.0,-56.9,1.7,-1.0,RS41-SG,403.700,6.6,625,9,2.5,08:20:49,
2026-07-25T12:11:24.001Z,W1750383,9270,44.70483,7.89825,16166.1,-17.4,11.5,95.5,-56.8,1.7,-1.0,RS41-SG,403.700,7.1,625,9,2.6,08:20:49,
2026-07-25T12:11:25.001Z,W1750383,9271,44.70482,7.89840,16149.1,-17.2,11.3,95.7,-56.7,1.7,-1.0,RS41-SG,403.700,7.1,625,8,2.6,08:20:49,
2026-07-25T12:11:27.001Z,W1750383,9273,44.70480,7.89868,16115.2,-17.0,11.9,95.9,-56.6,1.7,-1.0,RS41-SG,403.700,6.6,625,9,2.5,08:20:49,
2026-07-25T12:11:28.001Z,W1750383,9274,44.70479,7.89883,16098.3,-16.7,11.8,98.8,-56.6,1.7,-1.0,RS41-SG,403.700,7.4,625,9,2.5,08:20:49,
2026-07-25T12:11:29.001Z,W1750383,9275,44.70477,7.89897,16080.6,-17.8,10.7,97.2,-56.5,1.7,-1.0,RS41-SG,403.700,7.4,625,9,2.6,08:20:49,
2026-07-25T12:11:30.001Z,W1750383,9276,44.70476,7.89910,16063.1,-17.5,10.6,103.2,-56.5,1.7,-1.0,RS41-SG,403.700,6.8,625,9,2.6,08:20:49,
2026-07-25T12:11:31.001Z,W1750383,9277,44.70474,7.89923,16045.5,-17.7,11.2,103.5,-56.4,1.7,-1.0,RS41-SG,403.700,6.9,625,10,2.6,08:20:49,
2026-07-25T12:11:33.001Z,W1750383,9279,44.70469,7.89950,16011.1,-17.3,10.7,103.2,-56.2,1.7,-1.0,RS41-SG,403.700,6.8,625,9,2.5,08:20:49,
2026-07-25T12:11:34.001Z,W1750383,9280,44.70467,7.89963,15994.1,-17.1,10.7,104.7,-56.1,1.6,-1.0,RS41-SG,403.700,6.6,625,10,2.5,08:20:49,
2026-07-25T12:11:35.001Z,W1750383,9281,44.70464,7.89977,15976.9,-17.2,11.2,103.6,-56.2,1.7,-1.0,RS41-SG,403.700,6.8,625,10,2.6,08:20:49,
2026-07-25T12:11:37.001Z,W1750383,9283,44.70461,7.90004,15943.2,-17.1,10.6,95.4,-56.3,1.7,-1.0,RS41-SG,403.700,7.0,625,10,2.6,08:20:49,
2026-07-25T12:11:49.001Z,W1750383,9295,44.70468,7.90162,15737.7,-16.8,10.6,87.6,-56.4,1.8,-1.0,RS41-SG,403.700,6.5,625,10,2.5,08:20:49,
2026-07-25T12:11:53.001Z,W1750383,9299,44.70468,7.90211,15671.2,-16.7,10.1,96.1,-56.1,1.8,-1.0,RS41-SG,403.700,6.4,625,10,2.5,08:20:49,
