timestamp,serial,frame,lat,lon,alt,vel_v,vel_h,heading,temp,humidity,pressure,type,freq_mhz,snr,f_error_hz,sats,batt_v,burst_timer,aux_data
2026-09-27T12:31:36.991Z,W4140679,7061,46.89675,7.08363,29573.3,6.4,6.1,140.7,-273.0,-1.0,-1.0,RS41,403.500,7.4,250,10,2.6,,
2026-09-27T12:32:26.991Z,W4140679,7111,46.89611,7.08678,29881.0,6.7,12.4,122.2,-273.0,-1.0,-1.0,RS41,403.500,6.6,250,10,2.7,,
2026-09-27T12:32:51.991Z,W4140679,7136,46.89497,7.08849,30034.9,5.9,6.9,95.0,-273.0,-1.0,-1.0,RS41,403.500,7.5,250,10,2.7,,
2026-09-27T12:33:07.991Z,W4140679,7152,46.89409,7.08905,30137.5,7.5,7.2,157.9,-273.0,-1.0,-1.0,RS41,403.500,7.8,250,10,2.7,,
2026-09-27T12:33:08.991Z,W4140679,7153,46.89403,7.08908,30144.3,6.1,6.6,160.6,-273.0,-1.0,-1.0,RS41,403.500,7.8,250,10,2.7,,
2026-09-27T12:33:45.991Z,W4140679,7190,46.89310,7.08962,30384.3,7.5,6.3,111.0,-273.0,-1.0,-1.0,RS41,403.500,7.2,250,10,2.6,,
2026-09-27T12:33:50.991Z,W4140679,7195,46.89296,7.08993,30416.5,6.2,2.8,89.7,-273.0,-1.0,-1.0,RS41,403.500,7.5,250,10,2.6,,
2026-09-27T12:34:08.991Z,W4140679,7213,46.89247,7.09077,30535.4,5.8,4.8,114.2,-273.0,-1.0,-1.0,RS41,403.500,6.8,250,10,2.6,,
2026-09-27T12:34:11.991Z,W4140679,7216,46.89243,7.09102,30554.2,7.3,8.5,107.1,-273.0,-1.0,-1.0,RS41,403.500,7.4,250,10,2.7,,
2026-09-27T12:34:12.991Z,W4140679,7217,46.89240,7.09113,30561.1,6.4,8.8,114.2,-273.0,-1.0,-1.0,RS41,403.500,7.8,250,10,2.6,,
2026-09-27T12:34:13.991Z,W4140679,7218,46.89236,7.09123,30567.2,5.7,8.4,117.0,-273.0,-1.0,-1.0,RS41,403.500,7.8,250,10,2.6,,
2026-09-27T12:34:16.991Z,W4140679,7221,46.89231,7.09144,30586.3,6.7,3.3,88.9,-273.0,-1.0,-1.0,RS41,403.500,7.1,250,10,2.7,,
2026-09-27T12:34:17.991Z,W4140679,7222,46.89231,7.09148,30592.7,5.8,2.4,70.1,-273.0,-1.0,-1.0,RS41,403.500,7.8,250,10,2.7,,
2026-09-27T12:34:23.991Z,W4140679,7228,46.89205,7.09173,30630.9,6.7,10.6,146.9,-273.0,-1.0,-1.0,RS41,403.500,7.6,250,10,2.6,,
2026-09-27T12:34:27.991Z,W4140679,7232,46.89188,7.09207,30656.2,5.8,6.9,108.9,-273.0,-1.0,-1.0,RS41,403.500,7.2,250,10,2.7,,
2026-09-27T12:34:42.991Z,W4140679,7247,46.89110,7.09304,30755.9,5.6,4.0,105.0,-273.0,-1.0,-1.0,RS41,403.500,7.5,250,10,2.6,,
2026-09-27T12:34:54.991Z,W4140679,7259,46.89081,7.09353,30834.0,6.6,5.1,115.0,-273.0,-1.0,-1.0,RS41,403.500,7.8,250,10,2.7,,
2026-09-27T12:34:57.991Z,W4140679,7262,46.89073,7.09367,30853.0,7.6,3.4,137.5,-273.0,-1.0,-1.0,RS41,403.500,7.0,250,10,2.6,,
2026-09-27T12:36:24.991Z,W4140679,7349,46.89184,7.09953,31412.7,6.1,9.0,63.2,-273.0,-1.0,-1.0,RS41,403.500,6.7,250,10,2.6,,
2026-09-27T12:40:32.991Z,W4140679,7597,46.88256,7.11876,32901.7,4.4,11.2,139.6,-273.0,-1.0,-1.0,RS41,403.500,7.0,250,11,2.7,,
2026-09-27T12:40:45.991Z,W4140679,7610,46.88191,7.11949,32977.9,7.6,8.7,126.6,-273.0,-1.0,-1.0,RS41,403.500,7.0,250,11,2.6,,
2026-09-27T12:41:00.991Z,W4140679,7625,46.88135,7.12000,33076.3,5.0,8.6,167.8,-273.0,-1.0,-1.0,RS41,403.500,7.9,250,11,2.6,,
2026-09-27T12:41:01.991Z,W4140679,7626,46.88127,7.12001,33080.8,4.0,9.8,186.7,-273.0,-1.0,-1.0,RS41,403.500,7.0,250,11,2.7,,
2026-09-27T12:41:07.991Z,W4140679,7632,46.88112,7.11992,33118.4,5.9,6.0,63.0,-273.0,-1.0,-1.0,RS41,403.500,7.5,250,11,2.6,,
2026-09-27T12:41:11.991Z,W4140679,7636,46.88106,7.12034,33142.2,5.0,10.0,124.1,-273.0,-1.0,-1.0,RS41,403.500,7.9,250,11,2.7,,
2026-09-27T12:41:12.991Z,W4140679,7637,46.88101,7.12044,33147.7,6.1,9.0,129.3,-273.0,-1.0,-1.0,RS41,403.500,8.0,250,11,2.7,,
2026-09-27T12:41:16.991Z,W4140679,7641,46.88089,7.12070,33173.2,6.2,3.5,114.1,-273.0,-1.0,-1.0,RS41,403.500,8.0,250,11,2.7,,
2026-09-27T12:41:19.991Z,W4140679,7644,46.88082,7.12079,33193.8,5.9,4.9,153.8,-273.0,-1.0,-1.0,RS41,403.500,7.3,250,11,2.6,,
2026-09-27T12:41:23.991Z,W4140679,7648,46.88069,7.12107,33219.7,6.5,8.6,96.2,-273.0,-1.0,-1.0,RS41,403.500,7.7,250,11,2.6,,
2026-09-27T12:41:24.991Z,W4140679,7649,46.88069,7.12118,33225.8,5.7,8.9,89.2,-273.0,-1.0,-1.0,RS41,403.500,8.3,250,11,2.6,,
2026-09-27T12:41:25.991Z,W4140679,7650,46.88069,7.12129,33231.9,6.7,7.9,88.9,-273.0,-1.0,-1.0,RS41,403.500,8.5,250,11,2.7,,
2026-09-27T12:41:26.991Z,W4140679,7651,46.88069,7.12138,33239.0,7.5,5.7,98.6,-273.0,-1.0,-1.0,RS41,403.500,8.5,250,11,2.7,,
2026-09-27T12:41:27.991Z,W4140679,7652,46.88067,7.12143,33246.2,7.1,3.8,131.3,-273.0,-1.0,-1.0,RS41,403.500,8.4,250,11,2.7,,
2026-09-27T12:41:28.991Z,W4140679,7653,46.88064,7.12145,33252.6,5.6,3.8,174.7,-273.0,-1.0,-1.0,RS41,403.500,8.1,250,11,2.6,,
2026-09-27T12:41:34.991Z,W4140679,7659,46.88060,7.12158,33291.8,5.2,9.5,70.5,-273.0,-1.0,-1.0,RS41,403.500,8.2,250,11,2.6,,
2026-09-27T12:41:35.991Z,W4140679,7660,46.88062,7.12171,33297.1,5.3,11.5,80.8,-273.0,-1.0,-1.0,RS41,403.500,8.2,250,11,2.7,,
2026-09-27T12:41:36.991Z,W4140679,7661,46.88062,7.12187,33303.0,6.5,12.2,96.2,-273.0,-1.0,-1.0,RS41,403.500,8.0,250,11,2.7,,
2026-09-27T12:41:37.991Z,W4140679,7662,46.88059,7.12202,33309.8,7.1,12.3,114.7,-273.0,-1.0,-1.0,RS41,403.500,8.5,250,11,2.6,,
2026-09-27T12:41:38.991Z,W4140679,7663,46.88053,7.12215,33316.7,6.7,12.1,133.2,-273.0,-1.0,-1.0,RS41,403.500,8.7,250,11,2.6,,
2026-09-27T12:41:46.991Z,W4140679,7671,46.88033,7.12262,33367.9,8.4,10.6,85.7,-273.0,-1.0,-1.0,RS41,403.500,7.6,250,11,2.7,,
2026-09-27T12:41:47.991Z,W4140679,7672,46.88032,7.12277,33375.7,7.3,12.0,104.1,-273.0,-1.0,-1.0,RS41,403.500,7.8,250,11,2.7,,
2026-09-27T12:41:48.991Z,W4140679,7673,46.88028,7.12292,33381.6,4.6,13.1,116.9,-273.0,-1.0,-1.0,RS41,403.500,7.8,250,11,2.6,,
2026-09-27T12:41:49.991Z,W4140679,7674,46.88022,7.12307,33386.2,4.5,14.2,128.2,-273.0,-1.0,-1.0,RS41,403.500,8.0,250,10,2.6,,
2026-09-27T12:41:50.991Z,W4140679,7675,46.88013,7.12321,33391.7,6.4,14.1,134.5,-273.0,-1.0,-1.0,RS41,403.500,8.0,250,11,2.7,,
2026-09-27T12:42:04.991Z,W4140679,7689,46.87950,7.12494,33484.8,7.2,12.4,130.6,-273.0,-1.0,-1.0,RS41,403.500,7.7,250,11,2.6,,
2026-09-27T12:42:14.991Z,W4140679,7699,46.87896,7.12614,33548.3,7.7,16.9,120.9,-273.0,-1.0,-1.0,RS41,403.500,7.5,250,11,2.6,,
2026-09-27T12:42:15.991Z,W4140679,7700,46.87887,7.12631,33555.4,6.3,16.5,133.0,-273.0,-1.0,-1.0,RS41,403.500,7.5,250,11,2.6,,
2026-09-27T12:42:17.991Z,W4140679,7702,46.87865,7.12657,33565.8,4.9,15.4,148.9,-273.0,-1.0,-1.0,RS41,403.500,7.3,250,11,2.7,,
2026-09-27T12:42:21.991Z,W4140679,7706,46.87834,7.12699,33591.7,5.4,9.9,105.4,-273.0,-1.0,-1.0,RS41,403.500,7.9,250,11,2.6,,
2026-09-27T12:42:22.991Z,W4140679,7707,46.87833,7.12712,33596.5,4.3,10.0,90.6,-273.0,-1.0,-1.0,RS41,403.500,7.9,250,11,2.7,,
2026-09-27T12:42:32.991Z,W4140679,7717,46.87772,7.12824,33660.1,7.5,17.3,115.3,-273.0,-1.0,-1.0,RS41,403.500,7.8,250,11,2.6,,
2026-09-27T12:42:35.991Z,W4140679,7720,46.87768,7.12872,33680.5,5.8,7.0,68.3,-273.0,-1.0,-1.0,RS41,403.500,7.1,250,11,2.7,,
2026-09-27T12:42:36.991Z,W4140679,7721,46.87770,7.12877,33685.8,4.7,3.6,32.3,-273.0,-1.0,-1.0,RS41,403.500,8.1,250,11,2.6,,
2026-09-27T12:42:42.991Z,W4140679,7727,46.87756,7.12906,33723.2,3.0,16.0,115.6,-273.0,-1.0,-1.0,RS41,403.500,7.0,250,11,2.6,,
2026-09-27T12:42:43.991Z,W4140679,7728,46.87750,7.12927,33726.6,3.8,18.8,111.5,-273.0,-1.0,-1.0,RS41,403.500,7.9,250,11,2.7,,
2026-09-27T12:42:44.991Z,W4140679,7729,46.87744,7.12950,33732.0,6.9,18.4,109.4,-273.0,-1.0,-1.0,RS41,403.500,8.7,250,11,2.7,,
2026-09-27T12:42:45.991Z,W4140679,7730,46.87739,7.12970,33739.7,8.7,15.1,112.1,-273.0,-1.0,-1.0,RS41,403.500,8.7,250,11,2.6,,
2026-09-27T12:42:47.991Z,W4140679,7732,46.87729,7.12994,33755.0,5.5,7.2,137.5,-273.0,-1.0,-1.0,RS41,403.500,8.0,250,11,2.6,,
2026-09-27T12:42:55.991Z,W4140679,7740,46.87692,7.13060,33799.5,4.6,18.9,115.6,-273.0,-1.0,-1.0,RS41,403.500,7.1,250,11,2.7,,
2026-09-27T12:42:58.991Z,W4140679,7743,46.87663,7.13117,33820.1,7.4,16.2,141.0,-273.0,-1.0,-1.0,RS41,403.500,8.1,250,11,2.6,,
2026-09-27T12:42:59.991Z,W4140679,7744,46.87652,7.13129,33826.8,5.9,13.6,149.4,-273.0,-1.0,-1.0,RS41,403.500,8.1,250,11,2.6,,
2026-09-27T12:43:08.991Z,W4140679,7753,46.87625,7.13245,33881.3,6.6,15.0,130.0,-273.0,-1.0,-1.0,RS41,403.500,7.8,250,11,2.6,,
2026-09-27T12:43:09.991Z,W4140679,7754,46.87615,7.13259,33886.9,4.7,15.0,144.6,-273.0,-1.0,-1.0,RS41,403.500,7.8,250,11,2.7,,
2026-09-27T12:43:26.991Z,W4140679,7771,46.87515,7.13473,33989.3,5.7,12.0,101.0,-273.0,-1.0,-1.0,RS41,403.500,7.7,250,11,2.6,,
2026-09-27T12:43:27.991Z,W4140679,7772,46.87515,7.13488,33994.1,4.0,10.6,81.3,-273.0,-1.0,-1.0,RS41,403.500,8.3,250,11,2.6,,
2026-09-27T12:43:28.991Z,W4140679,7773,46.87518,7.13500,33998.0,3.8,9.5,60.1,-273.0,-1.0,-1.0,RS41,403.500,8.3,250,11,2.7,,
2026-09-27T12:48:15.991Z,W4140679,8060,46.85354,7.16932,33248.4,-39.8,8.0,130.9,-273.0,-1.0,-1.0,RS41,403.500,7.0,625,11,2.6,,
2026-09-27T12:48:19.991Z,W4140679,8064,46.85338,7.16964,33101.4,-35.8,7.8,122.2,-273.0,-1.0,-1.0,RS41,403.500,7.3,250,9,2.6,,
