timestamp,serial,frame,lat,lon,alt,vel_v,vel_h,heading,temp,humidity,pressure,type,freq_mhz,snr,f_error_hz,sats,batt_v,burst_timer,aux_data
2026-10-04T12:25:29.990Z,W4140725,6663,46.76497,7.18272,26261.4,5.1,6.8,182.0,-273.0,-1.0,-1.0,RS41,403.500,7.6,250,11,2.6,,
2026-10-04T12:25:32.990Z,W4140725,6666,46.76477,7.18272,26277.0,7.1,6.4,174.4,-273.0,-1.0,-1.0,RS41,403.500,7.7,250,11,2.7,,
2026-10-04T12:25:34.990Z,W4140725,6668,46.76469,7.18274,26288.9,5.3,3.4,167.4,-273.0,-1.0,-1.0,RS41,403.500,6.8,250,11,2.6,,
2026-10-04T12:25:35.990Z,W4140725,6669,46.76466,7.18275,26294.8,6.5,2.6,165.3,-273.0,-1.0,-1.0,RS41,403.500,7.6,250,11,2.6,,
2026-10-04T12:25:36.990Z,W4140725,6670,46.76464,7.18276,26300.7,5.4,2.7,168.1,-273.0,-1.0,-1.0,RS41,403.500,7.9,250,11,2.6,,
2026-10-04T12:25:38.990Z,W4140725,6672,46.76459,7.18276,26311.4,5.8,2.6,178.0,-273.0,-1.0,-1.0,RS41,403.500,7.9,250,11,2.7,,
2026-10-04T12:25:39.990Z,W4140725,6673,46.76457,7.18276,26317.4,6.2,2.5,186.7,-273.0,-1.0,-1.0,RS41,403.500,7.9,250,11,2.7,,
2026-10-04T12:25:40.990Z,W4140725,6674,46.76454,7.18276,26323.3,5.7,2.7,194.4,-273.0,-1.0,-1.0,RS41,403.500,7.8,250,11,2.6,,
2026-10-04T12:25:42.990Z,W4140725,6676,46.76448,7.18272,26334.7,6.0,5.7,198.8,-273.0,-1.0,-1.0,RS41,403.500,6.8,250,11,2.6,,
2026-10-04T12:25:47.990Z,W4140725,6681,46.76408,7.18264,26363.2,6.9,8.7,166.9,-273.0,-1.0,-1.0,RS41,403.500,7.1,250,11,2.6,,
2026-10-04T12:25:50.990Z,W4140725,6684,46.76392,7.18277,26378.8,5.9,5.8,135.1,-273.0,-1.0,-1.0,RS41,403.500,7.8,250,11,2.6,,
2026-10-04T12:25:51.990Z,W4140725,6685,46.76388,7.18283,26384.3,5.2,5.5,135.1,-273.0,-1.0,-1.0,RS41,403.500,7.8,250,11,2.7,,
2026-10-04T12:25:52.990Z,W4140725,6686,46.76384,7.18287,26389.2,4.6,5.3,138.4,-273.0,-1.0,-1.0,RS41,403.500,7.9,250,11,2.7,,
2026-10-04T12:25:54.990Z,W4140725,6688,46.76377,7.18297,26399.7,6.0,5.9,140.5,-273.0,-1.0,-1.0,RS41,403.500,7.3,250,11,2.6,,
2026-10-04T12:25:55.990Z,W4140725,6689,46.76373,7.18302,26406.0,6.5,6.4,142.9,-273.0,-1.0,-1.0,RS41,403.500,7.3,250,11,2.6,,
2026-10-04T12:25:56.990Z,W4140725,6690,46.76368,7.18307,26411.9,5.3,6.9,146.9,-273.0,-1.0,-1.0,RS41,403.500,7.1,250,11,2.6,,
2026-10-04T12:25:57.990Z,W4140725,6691,46.76362,7.18311,26417.1,5.1,7.8,154.4,-273.0,-1.0,-1.0,RS41,403.500,7.1,250,11,2.6,,
2026-10-04T12:26:01.990Z,W4140725,6695,46.76330,7.18322,26439.8,6.2,8.9,169.9,-273.0,-1.0,-1.0,RS41,403.500,6.8,250,11,2.6,,
2026-10-04T12:26:11.990Z,W4140725,6705,46.76288,7.18386,26498.4,5.5,9.4,139.4,-273.0,-1.0,-1.0,RS41,403.500,6.9,250,11,2.6,,
2026-10-04T12:26:12.990Z,W4140725,6706,46.76281,7.18394,26503.9,5.4,9.7,146.7,-273.0,-1.0,-1.0,RS41,403.500,6.9,250,11,2.7,,
2026-10-04T12:26:18.990Z,W4140725,6712,46.76235,7.18412,26539.1,5.0,6.5,152.7,-273.0,-1.0,-1.0,RS41,403.500,7.9,250,11,2.6,,
2026-10-04T12:26:19.990Z,W4140725,6713,46.76230,7.18417,26544.0,4.8,6.3,137.1,-273.0,-1.0,-1.0,RS41,403.500,7.9,250,11,2.7,,
2026-10-04T12:26:20.990Z,W4140725,6714,46.76226,7.18423,26549.7,6.5,6.7,129.0,-273.0,-1.0,-1.0,RS41,403.500,7.4,250,11,2.7,,
2026-10-04T12:26:24.990Z,W4140725,6718,46.76204,7.18454,26573.0,6.0,11.1,141.9,-273.0,-1.0,-1.0,RS41,403.500,7.4,250,11,2.6,,
2026-10-04T12:26:28.990Z,W4140725,6722,46.76167,7.18488,26596.7,7.1,11.5,159.8,-273.0,-1.0,-1.0,RS41,403.500,7.4,250,11,2.7,,
2026-10-04T12:26:29.990Z,W4140725,6723,46.76158,7.18492,26603.0,5.4,10.7,168.1,-273.0,-1.0,-1.0,RS41,403.500,7.4,250,11,2.6,,
2026-10-04T12:26:30.990Z,W4140725,6724,46.76149,7.18494,26608.1,4.8,9.7,174.3,-273.0,-1.0,-1.0,RS41,403.500,8.2,250,11,2.6,,
2026-10-04T12:26:31.990Z,W4140725,6725,46.76141,7.18495,26613.8,6.4,7.9,175.1,-273.0,-1.0,-1.0,RS41,403.500,8.4,250,11,2.6,,
2026-10-04T12:26:32.990Z,W4140725,6726,46.76135,7.18496,26620.4,6.7,6.3,164.9,-273.0,-1.0,-1.0,RS41,403.500,8.6,250,11,2.7,,
2026-10-04T12:26:33.990Z,W4140725,6727,46.76130,7.18499,26626.0,4.3,5.6,150.5,-273.0,-1.0,-1.0,RS41,403.500,8.6,250,11,2.7,,
2026-10-04T12:26:34.990Z,W4140725,6728,46.76126,7.18504,26630.7,5.0,5.7,134.5,-273.0,-1.0,-1.0,RS41,403.500,7.8,250,11,2.6,,
2026-10-04T12:26:36.990Z,W4140725,6730,46.76118,7.18516,26643.0,6.2,7.1,132.9,-273.0,-1.0,-1.0,RS41,403.500,7.4,250,11,2.6,,
2026-10-04T12:26:39.990Z,W4140725,6733,46.76102,7.18540,26660.7,6.4,10.0,134.7,-273.0,-1.0,-1.0,RS41,403.500,6.8,250,11,2.6,,
2026-10-04T12:26:40.990Z,W4140725,6734,46.76096,7.18549,26666.8,5.8,10.5,134.9,-273.0,-1.0,-1.0,RS41,403.500,9.0,250,11,2.6,,
2026-10-04T12:26:41.990Z,W4140725,6735,46.76089,7.18559,26672.4,5.4,10.5,138.4,-273.0,-1.0,-1.0,RS41,403.500,9.0,250,11,2.6,,
2026-10-04T12:26:42.990Z,W4140725,6736,46.76082,7.18567,26678.2,6.2,10.2,147.0,-273.0,-1.0,-1.0,RS41,403.500,8.8,250,11,2.7,,
2026-10-04T12:26:43.990Z,W4140725,6737,46.76074,7.18573,26684.8,6.8,9.8,159.4,-273.0,-1.0,-1.0,RS41,403.500,8.8,250,11,2.7,,
2026-10-04T12:26:44.990Z,W4140725,6738,46.76065,7.18576,26690.8,5.1,9.6,169.0,-50.6,-1.0,-1.0,RS41,403.500,8.5,250,11,2.7,,
2026-10-04T12:26:45.990Z,W4140725,6739,46.76057,7.18578,26696.0,5.2,9.1,175.3,-50.7,-1.0,-1.0,RS41,403.500,7.8,250,11,2.6,,
2026-10-04T12:26:47.990Z,W4140725,6741,46.76043,7.18580,26708.7,6.9,6.3,165.3,-50.6,-1.0,-1.0,RS41,403.500,8.6,250,11,2.6,,
2026-10-04T12:26:48.990Z,W4140725,6742,46.76038,7.18583,26714.7,4.8,5.8,151.4,-50.6,-1.0,-1.0,RS41,403.500,8.6,250,11,2.6,,
2026-10-04T12:26:49.990Z,W4140725,6743,46.76034,7.18588,26719.7,5.2,6.1,137.8,-50.6,-1.0,-1.0,RS41,403.500,8.1,250,11,2.7,,
2026-10-04T12:26:50.990Z,W4140725,6744,46.76030,7.18594,26725.8,7.0,7.1,134.0,-50.8,-1.0,-1.0,RS41,403.500,7.6,250,11,2.7,,
2026-10-04T12:26:51.990Z,W4140725,6745,46.76025,7.18601,26732.4,6.0,8.1,136.0,-50.8,-1.0,-1.0,RS41,403.500,7.7,250,11,2.7,,
2026-10-04T12:26:52.990Z,W4140725,6746,46.76019,7.18608,26738.1,5.4,9.1,137.9,-50.7,-1.0,-1.0,RS41,403.500,8.1,250,11,2.6,,
2026-10-04T12:26:53.990Z,W4140725,6747,46.76013,7.18617,26744.1,6.5,10.3,137.8,-50.7,-1.0,-1.0,RS41,403.500,8.6,250,11,2.6,,
2026-10-04T12:26:54.990Z,W4140725,6748,46.76006,7.18626,26750.6,6.6,11.0,136.3,-50.7,-1.0,-1.0,RS41,403.500,8.6,250,11,2.6,,
2026-10-04T12:26:55.990Z,W4140725,6749,46.75998,7.18636,26756.6,5.3,11.1,137.2,-50.7,-1.0,-1.0,RS41,403.500,7.9,250,11,2.6,,
2026-10-04T12:26:56.990Z,W4140725,6750,46.75991,7.18645,26762.6,6.8,10.9,142.7,-50.8,-1.0,-1.0,RS41,403.500,8.1,250,11,2.7,,
2026-10-04T12:26:57.990Z,W4140725,6751,46.75983,7.18653,26769.7,7.2,10.4,152.6,-51.0,-1.0,-1.0,RS41,403.500,8.5,250,11,2.7,,
2026-10-04T12:26:58.990Z,W4140725,6752,46.75975,7.18658,26776.1,5.6,9.9,162.1,-51.0,0.7,-1.0,RS41,403.500,8.5,250,11,2.7,,
2026-10-04T12:27:00.990Z,W4140725,6754,46.75959,7.18662,26787.1,6.0,7.3,174.8,-50.9,0.7,-1.0,RS41,403.500,8.4,250,11,2.6,,
2026-10-04T12:27:01.990Z,W4140725,6755,46.75953,7.18663,26793.3,6.5,5.7,172.8,-50.9,0.7,-1.0,RS41,403.500,8.4,250,11,2.6,,
2026-10-04T12:27:02.990Z,W4140725,6756,46.75949,7.18664,26799.2,5.2,4.8,163.4,-50.9,0.7,-1.0,RS41,403.500,8.3,250,11,2.6,,
2026-10-04T12:27:03.990Z,W4140725,6757,46.75945,7.18667,26804.5,5.6,4.9,155.3,-50.9,0.7,-1.0,RS41,403.500,8.3,250,11,2.7,,
2026-10-04T12:27:04.990Z,W4140725,6758,46.75940,7.18670,26810.4,6.3,5.7,153.8,-50.9,0.7,-1.0,RS41,403.500,7.5,250,11,2.7,,
2026-10-04T12:27:05.990Z,W4140725,6759,46.75935,7.18673,26817.1,6.9,7.4,156.4,-51.0,0.7,-1.0,RS41,403.500,8.0,250,11,2.7,,
2026-10-04T12:27:06.990Z,W4140725,6760,46.75928,7.18677,26823.8,6.5,9.0,159.6,-51.0,0.7,-1.0,RS41,403.500,8.0,250,11,2.6,,
2026-10-04T12:27:07.990Z,W4140725,6761,46.75920,7.18682,26829.3,4.5,10.0,160.0,-50.9,0.7,-1.0,RS41,403.500,7.4,250,11,2.6,,
2026-10-04T12:27:08.990Z,W4140725,6762,46.75912,7.18686,26833.7,4.2,10.7,158.0,-50.9,0.7,-1.0,RS41,403.500,7.8,250,11,2.6,,
2026-10-04T12:27:09.990Z,W4140725,6763,46.75903,7.18692,26838.8,5.8,10.6,153.1,-50.9,0.7,-1.0,RS41,403.500,8.2,250,11,2.6,,
2026-10-04T12:27:10.990Z,W4140725,6764,46.75895,7.18699,26845.0,6.9,10.0,146.9,-51.1,0.7,-1.0,RS41,403.500,8.2,250,11,2.7,,
2026-10-04T12:27:11.990Z,W4140725,6765,46.75888,7.18706,26851.4,6.0,9.2,142.3,-51.1,0.7,-1.0,RS41,403.500,8.1,250,11,2.7,,
2026-10-04T12:27:12.990Z,W4140725,6766,46.75882,7.18713,26857.5,6.2,8.2,142.8,-51.0,0.7,-1.0,RS41,403.500,8.2,250,11,2.7,,
2026-10-04T12:27:13.990Z,W4140725,6767,46.75876,7.18719,26864.3,7.2,7.4,151.7,-51.0,0.7,-1.0,RS41-SG,403.500,8.2,250,11,2.6,,
2026-10-04T12:27:14.990Z,W4140725,6768,46.75870,7.18722,26871.3,6.8,7.4,165.3,-51.2,0.7,-1.0,RS41-SG,403.500,8.5,250,11,2.6,,
2026-10-04T12:27:15.990Z,W4140725,6769,46.75863,7.18724,26877.1,4.9,7.8,174.8,-51.1,0.7,-1.0,RS41-SG,403.500,8.5,250,11,2.6,,
2026-10-04T12:27:16.990Z,W4140725,6770,46.75856,7.18724,26881.8,4.5,8.4,181.3,-51.1,0.7,-1.0,RS41-SG,403.500,8.5,250,11,2.7,,
2026-10-04T12:27:17.990Z,W4140725,6771,46.75848,7.18724,26887.3,6.5,8.5,182.5,-51.2,0.7,-1.0,RS41-SG,403.500,8.5,250,11,2.7,,
2026-10-04T12:27:18.990Z,W4140725,6772,46.75841,7.18724,26893.5,6.2,8.3,178.5,-51.2,0.7,-1.0,RS41-SG,403.500,8.5,250,11,2.6,,
2026-10-04T12:27:19.990Z,W4140725,6773,46.75833,7.18724,26899.4,5.6,8.6,174.1,-51.2,0.7,-1.0,RS41-SG,403.500,8.3,250,11,2.6,,
2026-10-04T12:27:20.990Z,W4140725,6774,46.75825,7.18726,26905.2,6.1,9.3,171.0,-51.3,0.7,-1.0,RS41-SG,403.500,8.3,250,11,2.6,,
2026-10-04T12:27:21.990Z,W4140725,6775,46.75816,7.18728,26911.5,6.4,10.6,170.1,-51.4,0.7,-1.0,RS41-SG,403.500,8.4,250,11,2.7,,
2026-10-04T12:27:22.990Z,W4140725,6776,46.75807,7.18730,26917.7,6.2,11.6,170.0,-51.4,0.7,-1.0,RS41-SG,403.500,8.4,250,11,2.7,,
2026-10-04T12:27:23.990Z,W4140725,6777,46.75796,7.18733,26923.4,5.1,11.7,169.7,-51.4,0.7,-1.0,RS41-SG,403.500,8.3,250,11,2.6,,
2026-10-04T12:27:24.990Z,W4140725,6778,46.75787,7.18736,26929.0,6.0,10.8,166.5,-51.5,0.7,-1.0,RS41-SG,403.500,8.0,250,11,2.6,,
2026-10-04T12:27:25.990Z,W4140725,6779,46.75778,7.18740,26935.5,7.0,9.3,161.3,-51.6,0.7,-1.0,RS41-SG,403.500,8.1,250,11,2.6,,
2026-10-04T12:27:26.990Z,W4140725,6780,46.75771,7.18744,26941.7,5.2,8.0,155.8,-51.5,0.7,-1.0,RS41-SG,403.500,8.4,250,11,2.7,,
2026-10-04T12:27:27.990Z,W4140725,6781,46.75765,7.18748,26946.8,5.1,6.8,151.4,-51.6,0.7,-1.0,RS41-SG,403.500,8.4,250,11,2.7,,
2026-10-04T12:27:28.990Z,W4140725,6782,46.75760,7.18752,26952.8,6.9,6.1,153.5,-51.6,0.7,-1.0,RS41-SG,403.500,8.9,250,11,2.7,,
2026-10-04T12:27:29.990Z,W4140725,6783,46.75755,7.18755,26959.8,7.0,6.4,164.0,-51.5,0.7,-1.0,RS41-SG,403.500,9.4,250,11,2.6,,
2026-10-04T12:27:30.990Z,W4140725,6784,46.75749,7.18757,26965.7,4.8,7.1,169.7,-51.5,0.7,-1.0,RS41-SG,403.500,9.6,250,11,2.6,,
2026-10-04T12:27:31.990Z,W4140725,6785,46.75742,7.18758,26970.8,5.4,8.0,171.6,-51.5,0.7,-1.0,RS41-SG,403.500,9.6,250,11,2.6,,
2026-10-04T12:27:32.990Z,W4140725,6786,46.75735,7.18760,26976.7,6.4,8.6,169.9,-51.5,0.7,-1.0,RS41-SG,403.500,7.4,250,11,2.6,,
2026-10-04T12:27:33.990Z,W4140725,6787,46.75727,7.18762,26982.7,5.3,8.7,167.0,-51.5,0.7,-1.0,RS41-SG,403.500,7.8,250,11,2.7,,
2026-10-04T12:27:34.990Z,W4140725,6788,46.75719,7.18765,26988.4,6.0,9.2,166.6,-51.5,0.7,-1.0,RS41-SG,403.500,8.3,250,11,2.7,,
2026-10-04T12:27:35.990Z,W4140725,6789,46.75711,7.18767,26994.7,6.7,10.0,170.6,-51.5,0.7,-1.0,RS41-SG,403.500,8.3,250,11,2.7,,
2026-10-04T12:27:38.990Z,W4140725,6792,46.75683,7.18771,27012.3,5.8,10.1,176.2,-51.5,0.7,-1.0,RS41-SG,403.500,7.6,250,11,2.6,,
2026-10-04T12:27:39.990Z,W4140725,6793,46.75675,7.18772,27018.5,6.6,8.8,170.5,-51.5,0.7,-1.0,RS41-SG,403.500,7.6,250,11,2.6,,
2026-10-04T12:27:40.990Z,W4140725,6794,46.75668,7.18775,27025.1,6.5,7.6,161.2,-51.7,0.7,-1.0,RS41-SG,403.500,8.2,250,11,2.7,,
2026-10-04T12:27:41.990Z,W4140725,6795,46.75662,7.18778,27030.7,4.8,6.8,153.4,-51.5,0.7,-1.0,RS41-SG,403.500,8.5,250,11,2.7,,
2026-10-04T12:27:42.990Z,W4140725,6796,46.75656,7.18782,27035.9,5.5,6.1,150.1,-51.5,0.7,-1.0,RS41-SG,403.500,8.8,250,11,2.7,,
2026-10-04T12:27:43.990Z,W4140725,6797,46.75652,7.18786,27042.2,7.1,5.8,158.2,-51.6,0.7,-1.0,RS41-SG,403.500,8.8,250,11,2.6,,
2026-10-04T12:27:44.990Z,W4140725,6798,46.75647,7.18788,27048.5,5.7,6.1,167.5,-51.5,0.7,-1.0,RS41-SG,403.500,7.8,250,11,2.6,,
2026-10-04T12:27:45.990Z,W4140725,6799,46.75641,7.18789,27054.0,5.2,6.5,174.4,-51.5,0.7,-1.0,RS41-SG,403.500,8.4,250,11,2.6,,
2026-10-04T12:27:46.990Z,W4140725,6800,46.75635,7.18790,27059.9,6.4,6.9,175.4,-51.5,0.7,-1.0,RS41-SG,403.500,8.8,250,11,2.7,,
2026-10-04T12:27:47.990Z,W4140725,6801,46.75629,7.18791,27066.5,6.9,7.0,169.2,-51.6,0.7,-1.0,RS41-SG,403.500,8.8,250,11,2.7,,
2026-10-04T12:27:48.990Z,W4140725,6802,46.75623,7.18793,27072.4,4.9,7.3,163.8,-51.5,0.7,-1.0,RS41-SG,403.500,7.9,250,11,2.6,,
2026-10-04T12:27:49.990Z,W4140725,6803,46.75616,7.18796,27077.7,5.6,7.9,161.2,-51.5,0.7,-1.0,RS41-SG,403.500,9.8,250,11,2.6,,
2026-10-04T12:27:50.990Z,W4140725,6804,46.75609,7.18800,27083.8,6.7,8.7,163.0,-51.6,0.7,-1.0,RS41-SG,403.500,9.8,250,11,2.6,,
2026-10-04T12:27:51.990Z,W4140725,6805,46.75601,7.18803,27090.0,5.7,9.1,165.9,-51.6,0.7,-1.0,RS41-SG,403.500,9.1,250,11,2.7,,
2026-10-04T12:27:52.990Z,W4140725,6806,46.75593,7.18806,27095.6,5.5,9.3,166.4,-51.6,0.7,-1.0,RS41-SG,403.500,8.7,250,11,2.7,,
2026-10-04T12:27:53.990Z,W4140725,6807,46.75586,7.18809,27101.6,6.4,8.5,162.9,-51.7,0.7,-1.0,RS41-SG,403.500,8.7,250,11,2.6,,
2026-10-04T12:27:54.990Z,W4140725,6808,46.75579,7.18812,27108.1,6.7,7.6,153.7,-51.7,0.7,-1.0,RS41-SG,403.500,8.3,250,11,2.6,,
2026-10-04T12:27:55.990Z,W4140725,6809,46.75574,7.18817,27114.3,5.8,6.6,143.3,-51.7,0.7,-1.0,RS41-SG,403.500,8.2,250,11,2.6,,
2026-10-04T12:27:56.990Z,W4140725,6810,46.75569,7.18822,27119.3,4.1,5.7,135.7,-51.7,0.7,-1.0,RS41-SG,403.500,8.8,250,11,2.7,,
2026-10-04T12:27:57.990Z,W4140725,6811,46.75566,7.18827,27124.1,5.5,4.5,134.8,-51.8,0.7,-1.0,RS41-SG,403.500,8.8,250,11,2.7,,
2026-10-04T12:27:58.990Z,W4140725,6812,46.75563,7.18830,27130.3,7.0,3.5,150.8,-51.7,0.7,-1.0,RS41-SG,403.500,8.0,250,11,2.7,,
2026-10-04T12:27:59.990Z,W4140725,6813,46.75560,7.18832,27136.5,5.5,3.6,171.7,-51.7,0.7,-1.0,RS41-SG,403.500,8.8,250,11,2.6,,
2026-10-04T12:28:00.990Z,W4140725,6814,46.75557,7.18832,27141.9,5.1,4.4,181.7,-51.8,0.7,-1.0,RS41-SG,403.500,8.8,250,11,2.6,,
2026-10-04T12:28:01.990Z,W4140725,6815,46.75552,7.18832,27147.4,5.9,5.5,181.8,-51.7,0.7,-1.0,RS41-SG,403.500,8.6,250,11,2.6,,
2026-10-04T12:28:02.990Z,W4140725,6816,46.75547,7.18832,27153.8,6.8,6.6,172.5,-51.7,0.7,-1.0,RS41-SG,403.500,8.2,250,10,2.6,,
2026-10-04T12:28:03.990Z,W4140725,6817,46.75541,7.18834,27159.9,5.3,7.3,164.6,-51.8,0.7,-1.0,RS41-SG,403.500,8.6,250,10,2.7,,
2026-10-04T12:28:04.990Z,W4140725,6818,46.75534,7.18837,27165.0,5.1,8.0,160.5,-51.8,0.7,-1.0,RS41-SG,403.500,8.6,250,11,2.7,,
2026-10-04T12:28:05.990Z,W4140725,6819,46.75527,7.18840,27171.0,6.8,8.3,162.1,-51.8,0.7,-1.0,RS41-SG,403.500,8.4,250,10,2.7,,
2026-10-04T12:28:06.990Z,W4140725,6820,46.75520,7.18843,27178.1,7.2,8.1,167.9,-51.8,0.7,-1.0,RS41-SG,403.500,8.9,250,11,2.6,,
2026-10-04T12:28:07.990Z,W4140725,6821,46.75513,7.18845,27184.6,5.8,7.7,172.2,-51.8,0.7,-1.0,RS41-SG,403.500,8.9,250,11,2.6,,
2026-10-04T12:28:08.990Z,W4140725,6822,46.75507,7.18846,27190.5,6.0,7.0,174.4,-51.8,0.7,-1.0,RS41-SG,403.500,8.6,250,11,2.6,,
2026-10-04T12:28:09.990Z,W4140725,6823,46.75501,7.18847,27197.0,7.0,5.9,171.5,-51.8,0.7,-1.0,RS41-SG,403.500,8.6,250,11,2.6,,
2026-10-04T12:28:10.990Z,W4140725,6824,46.75496,7.18849,27203.2,5.5,5.0,164.3,-51.9,0.7,-1.0,RS41-SG,403.500,8.0,250,11,2.7,,
2026-10-04T12:28:11.990Z,W4140725,6825,46.75492,7.18850,27208.5,5.3,4.1,159.1,-51.8,0.7,-1.0,RS41-SG,403.500,8.0,250,11,2.7,,
2026-10-04T12:28:12.990Z,W4140725,6826,46.75489,7.18852,27214.4,6.4,3.4,165.0,-51.8,0.7,-1.0,RS41-SG,403.500,8.3,250,11,2.7,,
2026-10-04T12:28:13.990Z,W4140725,6827,46.75486,7.18852,27221.0,6.8,3.2,182.8,-51.8,0.7,-1.0,RS41-SG,403.500,8.3,250,11,2.6,,
2026-10-04T12:28:14.990Z,W4140725,6828,46.75483,7.18852,27227.2,5.7,3.6,194.5,-51.9,0.7,-1.0,RS41-SG,403.500,8.3,250,11,2.6,,
2026-10-04T12:28:16.990Z,W4140725,6830,46.75476,7.18850,27238.9,6.8,4.5,184.0,-51.8,0.7,-1.0,RS41-SG,403.500,8.1,250,11,2.7,,
2026-10-04T12:28:18.990Z,W4140725,6832,46.75467,7.18852,27251.4,5.4,6.2,161.2,-51.8,0.7,-1.0,RS41-SG,403.500,7.9,250,11,2.6,,
2026-10-04T12:28:19.990Z,W4140725,6833,46.75461,7.18855,27257.0,5.8,7.5,161.1,-51.8,0.7,-1.0,RS41-SG,403.500,7.9,250,11,2.6,,
2026-10-04T12:28:20.990Z,W4140725,6834,46.75454,7.18858,27263.3,6.4,8.6,166.8,-51.8,0.7,-1.0,RS41-SG,403.500,8.8,250,11,2.6,,
2026-10-04T12:28:21.990Z,W4140725,6835,46.75446,7.18860,27269.0,5.0,9.5,172.0,-51.9,0.7,-1.0,RS41-SG,403.500,8.8,250,11,2.7,,
2026-10-04T12:28:24.990Z,W4140725,6838,46.75418,7.18864,27285.3,6.5,10.8,170.9,-51.8,0.7,-1.0,RS41-SG,403.500,6.9,250,11,2.6,,
2026-10-04T12:28:25.990Z,W4140725,6839,46.75409,7.18867,27291.3,5.6,10.2,167.8,-51.9,0.7,-1.0,RS41-SG,403.500,6.9,250,11,2.7,,
2026-10-04T12:28:30.990Z,W4140725,6844,46.75379,7.18869,27319.8,5.3,4.9,198.6,-51.5,0.6,-1.0,RS41-SG,403.500,8.0,250,11,2.7,,
2026-10-04T12:28:31.990Z,W4140725,6845,46.75374,7.18867,27325.6,6.5,5.3,187.7,-51.4,0.6,-1.0,RS41-SG,403.500,8.0,250,11,2.7,,
2026-10-04T12:28:32.990Z,W4140725,6846,46.75369,7.18867,27332.5,7.2,6.4,171.9,-51.4,0.7,-1.0,RS41-SG,403.500,7.6,250,11,2.6,,
2026-10-04T12:28:33.990Z,W4140725,6847,46.75363,7.18869,27338.4,4.7,8.0,164.4,-51.3,0.7,-1.0,RS41-SG,403.500,8.8,250,11,2.6,,
2026-10-04T12:28:34.990Z,W4140725,6848,46.75355,7.18873,27343.1,4.7,9.9,161.5,-51.4,0.7,-1.0,RS41-SG,403.500,9.0,250,11,2.6,,
2026-10-04T12:28:35.990Z,W4140725,6849,46.75346,7.18877,27348.3,5.9,11.4,163.9,-51.4,0.7,-1.0,RS41-SG,403.500,9.0,250,11,2.7,,
2026-10-04T12:28:36.990Z,W4140725,6850,46.75336,7.18880,27354.4,6.3,12.0,168.8,-51.4,0.6,-1.0,RS41-SG,403.500,8.8,250,11,2.7,,
2026-10-04T12:28:37.990Z,W4140725,6851,46.75325,7.18883,27359.9,4.5,11.9,172.5,-51.3,0.7,-1.0,RS41-SG,403.500,8.2,250,11,2.7,,
2026-10-04T12:28:44.990Z,W4140725,6858,46.75274,7.18905,27400.2,6.0,3.7,150.8,-51.2,0.6,-1.0,RS41-SG,403.500,7.3,250,11,2.7,,
2026-10-04T12:28:49.990Z,W4140725,6863,46.75248,7.18916,27429.5,5.0,10.5,162.4,-51.1,0.7,-1.0,RS41-SG,403.500,7.6,250,11,2.7,,
2026-10-04T12:28:50.990Z,W4140725,6864,46.75239,7.18920,27434.2,4.5,11.8,163.9,-51.0,0.6,-1.0,RS41-SG,403.500,6.7,250,11,2.7,,
2026-10-04T12:28:51.990Z,W4140725,6865,46.75228,7.18924,27439.4,5.6,12.2,168.0,-51.0,0.6,-1.0,RS41-SG,403.500,9.4,250,11,2.7,,
2026-10-04T12:28:52.990Z,W4140725,6866,46.75218,7.18926,27445.9,7.3,11.2,174.3,-51.0,0.7,-1.0,RS41-SG,403.500,9.4,250,11,2.6,,
2026-10-04T12:28:53.990Z,W4140725,6867,46.75208,7.18927,27452.6,6.2,9.7,180.7,-51.1,0.7,-1.0,RS41-SG,403.500,8.6,250,11,2.6,,
2026-10-04T12:28:54.990Z,W4140725,6868,46.75201,7.18926,27458.3,5.1,8.0,186.3,-51.1,0.7,-1.0,RS41-SG,403.500,8.6,250,11,2.6,,
2026-10-04T12:28:55.990Z,W4140725,6869,46.75194,7.18925,27463.5,5.2,5.8,188.3,-51.1,0.7,-1.0,RS41-SG,403.500,8.3,250,11,2.7,,
2026-10-04T12:28:56.990Z,W4140725,6870,46.75190,7.18925,27469.3,6.4,3.9,175.6,-51.2,0.7,-1.0,RS41-SG,403.500,8.0,250,11,2.7,,
2026-10-04T12:28:58.990Z,W4140725,6872,46.75185,7.18929,27480.2,4.8,3.5,136.3,-51.3,0.7,-1.0,RS41-SG,403.500,7.9,250,11,2.6,,
2026-10-04T12:28:59.990Z,W4140725,6873,46.75182,7.18932,27486.0,6.8,3.7,134.3,-51.4,0.7,-1.0,RS41-SG,403.500,8.0,250,11,2.6,,
2026-10-04T12:29:00.990Z,W4140725,6874,46.75180,7.18935,27492.9,7.0,3.4,148.9,-51.3,0.7,-1.0,RS41-SG,403.500,8.0,250,11,2.7,,
2026-10-04T12:29:01.990Z,W4140725,6875,46.75177,7.18937,27499.2,5.5,4.0,166.4,-51.3,0.7,-1.0,RS41-SG,403.500,7.3,250,11,2.7,,
2026-10-04T12:29:02.990Z,W4140725,6876,46.75173,7.18938,27505.0,6.0,5.6,174.6,-51.3,0.7,-1.0,RS41-SG,403.500,8.5,250,11,2.6,,
2026-10-04T12:29:03.990Z,W4140725,6877,46.75167,7.18938,27511.2,6.4,7.1,174.2,-51.5,0.7,-1.0,RS41-SG,403.500,8.5,250,11,2.6,,
2026-10-04T12:29:04.990Z,W4140725,6878,46.75160,7.18940,27516.7,4.8,8.0,171.8,-51.4,0.7,-1.0,RS41-SG,403.500,8.9,250,11,2.7,,
2026-10-04T12:29:05.990Z,W4140725,6879,46.75153,7.18941,27521.7,5.0,8.0,170.1,-51.4,0.7,-1.0,RS41-SG,403.500,8.9,250,11,2.7,,
2026-10-04T12:29:06.990Z,W4140725,6880,46.75147,7.18943,27527.4,6.5,6.8,171.1,-51.4,0.7,-1.0,RS41-SG,403.500,7.3,250,11,2.6,,
2026-10-04T12:29:13.990Z,W4140725,6887,46.75136,7.18957,27568.6,4.5,4.8,99.6,-51.5,0.7,-1.0,RS41-SG,403.500,7.4,250,11,2.6,,
2026-10-04T12:29:14.990Z,W4140725,6888,46.75135,7.18963,27573.5,5.3,4.9,109.0,-51.5,0.7,-1.0,RS41-SG,403.500,8.2,250,11,2.7,,
2026-10-04T12:29:15.990Z,W4140725,6889,46.75133,7.18968,27579.7,6.9,4.2,123.0,-51.4,0.7,-1.0,RS41-SG,403.500,8.2,250,11,2.7,,
2026-10-04T12:29:16.990Z,W4140725,6890,46.75131,7.18972,27586.3,6.2,3.2,141.6,-51.3,0.7,-1.0,RS41-SG,403.500,7.9,250,11,2.7,,
2026-10-04T12:29:17.990Z,W4140725,6891,46.75128,7.18974,27591.7,4.2,2.8,162.6,-51.3,0.7,-1.0,RS41-SG,403.500,9.0,250,11,2.6,,
2026-10-04T12:29:18.990Z,W4140725,6892,46.75126,7.18974,27596.2,4.8,3.0,176.0,-51.4,0.7,-1.0,RS41-SG,403.500,9.6,250,11,2.6,,
2026-10-04T12:29:19.990Z,W4140725,6893,46.75123,7.18975,27601.7,6.2,3.6,171.5,-51.4,0.6,-1.0,RS41-SG,403.500,9.6,250,11,2.6,,
2026-10-04T12:29:20.990Z,W4140725,6894,46.75120,7.18976,27607.9,6.5,4.3,161.8,-51.4,0.7,-1.0,RS41-SG,403.500,8.1,250,11,2.6,,
2026-10-04T12:29:21.990Z,W4140725,6895,46.75116,7.18978,27613.9,5.4,4.9,155.1,-51.3,0.7,-1.0,RS41-SG,403.500,8.1,250,11,2.7,,
2026-10-04T12:29:22.990Z,W4140725,6896,46.75112,7.18981,27619.4,5.4,4.9,151.7,-51.3,0.7,-1.0,RS41-SG,403.500,7.9,250,11,2.7,,
2026-10-04T12:29:23.990Z,W4140725,6897,46.75108,7.18984,27625.5,6.6,4.2,150.2,-51.4,0.6,-1.0,RS41-SG,403.500,9.6,250,11,2.7,,
2026-10-04T12:29:24.990Z,W4140725,6898,46.75105,7.18986,27632.1,6.6,2.9,147.9,-51.6,0.7,-1.0,RS41-SG,403.500,9.6,250,11,2.6,,
2026-10-04T12:29:25.990Z,W4140725,6899,46.75104,7.18988,27638.1,5.2,1.8,136.5,-51.6,0.7,-1.0,RS41-SG,403.500,8.4,250,11,2.6,,
2026-10-04T12:29:26.990Z,W4140725,6900,46.75103,7.18990,27643.3,5.3,1.5,94.4,-51.5,0.7,-1.0,RS41-SG,403.500,8.4,250,11,2.6,,
2026-10-04T12:29:30.990Z,W4140725,6904,46.75105,7.19008,27665.2,5.0,4.5,80.1,-51.6,0.7,-1.0,RS41-SG,403.500,8.2,250,11,2.6,,
2026-10-04T12:29:32.990Z,W4140725,6906,46.75107,7.19016,27677.2,6.6,2.2,62.3,-51.7,0.7,-1.0,RS41-SG,403.500,8.3,250,11,2.7,,
2026-10-04T12:29:33.990Z,W4140725,6907,46.75107,7.19018,27683.2,5.4,0.7,56.6,-51.7,0.7,-1.0,RS41-SG,403.500,8.3,250,11,2.7,,
2026-10-04T12:29:34.990Z,W4140725,6908,46.75107,7.19018,27688.5,5.0,0.8,202.3,-51.7,0.7,-1.0,RS41-SG,403.500,8.1,250,11,2.6,,
2026-10-04T12:29:36.990Z,W4140725,6910,46.75103,7.19018,27700.3,6.1,4.0,176.3,-51.9,0.7,-1.0,RS41-SG,403.500,8.3,250,11,2.7,,
2026-10-04T12:29:40.990Z,W4140725,6914,46.75089,7.19027,27724.0,5.8,3.0,116.3,-51.9,0.7,-1.0,RS41-SG,403.500,7.8,250,11,2.6,,
2026-10-04T12:29:42.990Z,W4140725,6916,46.75090,7.19035,27733.2,4.5,4.1,63.8,-52.2,0.7,-1.0,RS41-SG,403.500,8.1,250,11,2.7,,
2026-10-04T12:29:43.990Z,W4140725,6917,46.75092,7.19041,27738.4,5.9,4.9,64.7,-52.2,0.7,-1.0,RS41-SG,403.500,8.1,250,11,2.6,,
2026-10-04T12:29:44.990Z,W4140725,6918,46.75093,7.19047,27744.7,6.7,5.0,72.1,-52.2,0.7,-1.0,RS41-SG,403.500,8.1,250,11,2.6,,
2026-10-04T12:29:46.990Z,W4140725,6920,46.75094,7.19057,27756.9,5.8,3.2,98.5,-52.4,0.7,-1.0,RS41,403.500,8.0,250,11,2.7,,
2026-10-04T12:29:47.990Z,W4140725,6921,46.75093,7.19060,27763.0,6.4,1.9,133.9,-52.5,0.7,-1.0,RS41,403.500,8.3,250,11,2.7,,
2026-10-04T12:29:48.990Z,W4140725,6922,46.75092,7.19061,27769.3,6.2,1.8,196.3,-52.5,0.7,-1.0,RS41,403.500,8.3,250,11,2.7,,
2026-10-04T12:29:50.990Z,W4140725,6924,46.75089,7.19058,27779.2,4.5,2.8,217.9,-52.3,0.7,-1.0,RS41,403.500,7.9,250,11,2.6,,
2026-10-04T12:29:52.990Z,W4140725,6926,46.75084,7.19057,27791.0,6.6,3.2,155.3,-52.3,0.7,-1.0,RS41,403.500,7.8,250,11,2.6,,
2026-10-04T12:29:53.990Z,W4140725,6927,46.75081,7.19059,27797.0,5.1,4.1,134.0,-52.4,0.7,-1.0,RS41,403.500,7.8,250,11,2.7,,
2026-10-04T12:29:54.990Z,W4140725,6928,46.75079,7.19064,27802.2,5.2,4.7,116.2,-52.4,0.7,-1.0,RS41,403.500,8.6,250,11,2.7,,
2026-10-04T12:29:55.990Z,W4140725,6929,46.75078,7.19070,27808.2,6.7,4.5,97.3,-52.5,0.7,-1.0,RS41,403.500,8.6,250,11,2.7,,
2026-10-04T12:29:56.990Z,W4140725,6930,46.75078,7.19075,27814.6,6.0,4.2,78.3,-52.7,0.7,-1.0,RS41,403.500,8.3,250,11,2.6,,
2026-10-04T12:29:57.990Z,W4140725,6931,46.75079,7.19080,27819.9,4.6,3.9,59.4,-52.6,0.7,-1.0,RS41,403.500,7.9,250,11,2.6,,
2026-10-04T12:29:58.990Z,W4140725,6932,46.75081,7.19084,27824.9,5.3,3.6,46.7,-52.5,0.7,-1.0,RS41,403.500,8.5,250,10,2.6,,
2026-10-04T12:29:59.990Z,W4140725,6933,46.75083,7.19087,27831.1,6.9,2.9,48.7,-52.5,0.7,-1.0,RS41,403.500,8.5,250,11,2.7,,
2026-10-04T12:30:00.990Z,W4140725,6934,46.75085,7.19090,27837.6,5.9,2.1,69.4,-52.6,0.7,-1.0,RS41,403.500,8.9,250,11,2.7,,
2026-10-04T12:30:01.990Z,W4140725,6935,46.75085,7.19092,27843.0,5.0,1.6,110.6,-52.7,0.7,-1.0,RS41,403.500,8.9,250,11,2.6,,
2026-10-04T12:30:02.990Z,W4140725,6936,46.75084,7.19093,27848.4,5.8,1.7,162.3,-52.7,0.7,-1.0,RS41,403.500,8.6,250,11,2.6,,
2026-10-04T12:30:04.990Z,W4140725,6938,46.75080,7.19092,27860.3,5.1,2.5,209.6,-52.8,0.7,-1.0,RS41,403.500,6.8,250,11,2.7,,
2026-10-04T12:30:06.990Z,W4140725,6940,46.75076,7.19091,27872.2,7.1,2.5,161.6,-52.9,0.7,-1.0,RS41,403.500,8.1,250,11,2.6,,
2026-10-04T12:30:08.990Z,W4140725,6942,46.75072,7.19098,27884.6,4.6,4.8,113.7,-52.9,0.7,-1.0,RS41,403.500,8.0,250,11,2.7,,
2026-10-04T12:30:09.990Z,W4140725,6943,46.75071,7.19104,27889.5,5.2,5.8,98.4,-52.8,0.7,-1.0,RS41,403.500,8.6,250,11,2.7,,
2026-10-04T12:30:10.990Z,W4140725,6944,46.75071,7.19112,27895.3,6.2,5.9,82.5,-52.8,0.7,-1.0,RS41,403.500,8.6,250,11,2.6,,
2026-10-04T12:30:11.990Z,W4140725,6945,46.75072,7.19119,27901.8,6.7,5.4,66.9,-53.0,0.7,-1.0,RS41,403.500,8.1,250,11,2.6,,
2026-10-04T12:30:12.990Z,W4140725,6946,46.75074,7.19125,27907.6,5.1,4.9,52.9,-53.0,0.7,-1.0,RS41,403.500,9.6,250,11,2.6,,
2026-10-04T12:30:13.990Z,W4140725,6947,46.75077,7.19129,27912.4,4.5,3.9,43.6,-52.8,0.7,-1.0,RS41,403.500,9.6,250,11,2.7,,
2026-10-04T12:30:14.990Z,W4140725,6948,46.75079,7.19132,27917.5,5.6,2.4,41.3,-52.8,0.7,-1.0,RS41,403.500,8.5,250,11,2.7,,
2026-10-04T12:30:15.990Z,W4140725,6949,46.75080,7.19133,27923.6,6.5,1.1,89.0,-52.8,0.7,-1.0,RS41,403.500,8.9,250,11,2.6,,
2026-10-04T12:30:16.990Z,W4140725,6950,46.75079,7.19135,27929.3,4.8,1.7,135.8,-52.9,0.7,-1.0,RS41,403.500,9.0,250,11,2.6,,
2026-10-04T12:30:17.990Z,W4140725,6951,46.75078,7.19136,27934.2,5.0,2.5,152.7,-52.9,0.7,-1.0,RS41,403.500,9.0,250,11,2.6,,
2026-10-04T12:30:18.990Z,W4140725,6952,46.75076,7.19138,27939.6,6.0,2.5,156.8,-52.9,0.7,-1.0,RS41,403.500,8.3,250,11,2.7,,
2026-10-04T12:30:19.990Z,W4140725,6953,46.75074,7.19139,27945.7,6.1,1.7,158.6,-52.9,0.7,-1.0,RS41,403.500,7.9,250,11,2.7,,
2026-10-04T12:30:20.990Z,W4140725,6954,46.75073,7.19139,27951.9,6.2,0.4,127.0,-53.0,0.7,-1.0,RS41,403.500,8.9,250,11,2.7,,
2026-10-04T12:30:21.990Z,W4140725,6955,46.75073,7.19140,27957.9,5.9,1.1,32.7,-53.1,0.7,-1.0,RS41,403.500,9.1,250,11,2.6,,
2026-10-04T12:30:22.990Z,W4140725,6956,46.75074,7.19141,27963.3,4.8,1.9,34.6,-53.1,0.7,-1.0,RS41,403.500,9.1,250,11,2.6,,
2026-10-04T12:30:24.990Z,W4140725,6958,46.75077,7.19147,27973.3,5.7,3.1,79.1,-52.9,0.7,-1.0,RS41,403.500,8.3,250,11,2.6,,
2026-10-04T12:30:25.990Z,W4140725,6959,46.75076,7.19151,27979.3,6.3,3.8,104.6,-52.8,0.7,-1.0,RS41,403.500,8.3,250,11,2.7,,
2026-10-04T12:30:34.990Z,W4140725,6968,46.75070,7.19153,28029.6,6.3,0.4,187.9,-53.2,0.7,-1.0,RS41,403.500,7.2,250,11,2.6,,
2026-10-04T12:30:35.990Z,W4140725,6969,46.75070,7.19154,28035.1,4.7,1.8,144.6,-53.1,0.7,-1.0,RS41,403.500,7.7,250,11,2.6,,
2026-10-04T12:30:36.990Z,W4140725,6970,46.75068,7.19156,28040.3,5.7,3.0,135.7,-53.0,0.7,-1.0,RS41,403.500,9.0,250,11,2.7,,
2026-10-04T12:30:37.990Z,W4140725,6971,46.75066,7.19159,28046.7,7.2,3.3,123.4,-53.0,0.7,-1.0,RS41-SG,403.500,9.0,250,11,2.7,,
2026-10-04T12:30:40.990Z,W4140725,6974,46.75064,7.19170,28063.7,5.6,3.0,92.7,-53.3,0.7,-1.0,RS41-SG,403.500,8.0,250,11,2.6,,
2026-10-04T12:30:41.990Z,W4140725,6975,46.75064,7.19174,28069.7,6.2,3.0,100.3,-53.3,0.7,-1.0,RS41-SG,403.500,8.0,250,11,2.6,,
2026-10-04T12:30:42.990Z,W4140725,6976,46.75063,7.19178,28075.8,6.0,3.0,109.6,-53.3,0.7,-1.0,RS41-SG,403.500,7.5,250,11,2.6,,
2026-10-04T12:30:43.990Z,W4140725,6977,46.75062,7.19182,28081.4,5.1,2.7,109.4,-53.2,0.7,-1.0,RS41-SG,403.500,7.3,250,11,2.7,,
2026-10-04T12:30:44.990Z,W4140725,6978,46.75062,7.19185,28086.7,5.5,2.2,91.9,-53.1,0.7,-1.0,RS41-SG,403.500,7.5,250,11,2.7,,
2026-10-04T12:30:46.990Z,W4140725,6980,46.75064,7.19189,28098.9,6.3,3.1,22.5,-53.0,0.7,-1.0,RS41-SG,403.500,7.3,250,11,2.6,,
2026-10-04T12:30:47.990Z,W4140725,6981,46.75067,7.19190,28104.6,5.2,3.7,12.7,-53.0,0.7,-1.0,RS41-SG,403.500,8.7,250,11,2.6,,
2026-10-04T12:30:48.990Z,W4140725,6982,46.75070,7.19191,28109.8,5.1,3.5,9.9,-53.1,0.7,-1.0,RS41-SG,403.500,8.7,250,11,2.6,,
2026-10-04T12:30:49.990Z,W4140725,6983,46.75073,7.19192,28115.2,6.0,2.2,18.8,-53.1,0.7,-1.0,RS41-SG,403.500,8.5,250,11,2.6,,
2026-10-04T12:30:50.990Z,W4140725,6984,46.75074,7.19193,28121.6,6.7,1.2,90.7,-53.0,0.7,-1.0,RS41-SG,403.500,8.1,250,11,2.7,,
2026-10-04T12:30:51.990Z,W4140725,6985,46.75073,7.19195,28127.5,5.1,2.7,130.8,-53.0,0.7,-1.0,RS41-SG,403.500,7.5,250,11,2.7,,
2026-10-04T12:30:52.990Z,W4140725,6986,46.75071,7.19199,28132.3,4.3,4.4,130.2,-52.9,0.7,-1.0,RS41-SG,403.500,7.8,250,11,2.7,,
2026-10-04T12:30:55.990Z,W4140725,6989,46.75066,7.19220,28149.7,5.8,6.8,84.8,-52.9,0.7,-1.0,RS41-SG,403.500,8.3,250,11,2.6,,
2026-10-04T12:30:56.990Z,W4140725,6990,46.75067,7.19229,28155.1,4.9,6.8,70.9,-52.9,0.7,-1.0,RS41-SG,403.500,8.9,250,11,2.7,,
2026-10-04T12:30:57.990Z,W4140725,6991,46.75070,7.19236,28160.4,5.6,6.2,57.0,-52.9,0.7,-1.0,RS41-SG,403.500,8.9,250,11,2.7,,
2026-10-04T12:30:58.990Z,W4140725,6992,46.75073,7.19242,28166.3,6.2,5.0,43.7,-52.8,0.7,-1.0,RS41-SG,403.500,8.5,250,11,2.6,,
2026-10-04T12:31:00.990Z,W4140725,6994,46.75079,7.19248,28176.2,4.4,3.0,22.6,-52.8,0.7,-1.0,RS41-SG,403.500,8.4,250,11,2.6,,
2026-10-04T12:31:02.990Z,W4140725,6996,46.75084,7.19251,28188.0,6.9,3.6,28.2,-52.7,0.7,-1.0,RS41-SG,403.500,6.6,250,11,2.7,,
2026-10-04T12:31:03.990Z,W4140725,6997,46.75087,7.19254,28194.2,5.5,4.4,38.7,-52.7,0.7,-1.0,RS41-SG,403.500,7.3,250,10,2.7,,
2026-10-04T12:31:04.990Z,W4140725,6998,46.75090,7.19258,28199.5,5.1,4.8,51.0,-52.5,0.7,-1.0,RS41-SG,403.500,7.3,250,10,2.6,,
2026-10-04T12:31:05.990Z,W4140725,6999,46.75092,7.19263,28204.8,5.6,5.0,65.5,-52.5,0.7,-1.0,RS41-SG,403.500,7.1,250,11,2.6,,
2026-10-04T12:31:08.990Z,W4140725,7002,46.75093,7.19283,28221.8,5.6,5.3,91.1,-52.7,0.7,-1.0,RS41-SG,403.500,7.7,250,11,2.7,,
2026-10-04T12:31:09.990Z,W4140725,7003,46.75094,7.19290,28228.0,6.7,5.7,79.3,-52.9,0.7,-1.0,RS41-SG,403.500,7.7,250,11,2.7,,
2026-10-04T12:31:10.990Z,W4140725,7004,46.75095,7.19297,28234.6,6.6,6.4,65.7,-53.0,0.7,-1.0,RS41-SG,403.500,8.0,250,11,2.7,,
2026-10-04T12:31:11.990Z,W4140725,7005,46.75098,7.19305,28240.2,4.6,7.0,56.0,-53.0,0.7,-1.0,RS41-SG,403.500,8.0,250,11,2.6,,
2026-10-04T12:31:12.990Z,W4140725,7006,46.75102,7.19312,28244.9,4.9,7.1,46.6,-52.9,0.7,-1.0,RS41-SG,403.500,8.2,250,11,2.6,,
2026-10-04T12:31:13.990Z,W4140725,7007,46.75107,7.19318,28250.5,6.3,6.3,40.1,-52.8,0.7,-1.0,RS41-SG,403.500,8.3,250,11,2.6,,
2026-10-04T12:31:18.990Z,W4140725,7012,46.75122,7.19335,28281.0,5.2,4.9,42.9,-52.7,0.7,-1.0,RS41-SG,403.500,8.3,250,11,2.6,,
2026-10-04T12:31:19.990Z,W4140725,7013,46.75126,7.19340,28286.4,5.5,5.5,51.8,-52.6,0.7,-1.0,RS41-SG,403.500,8.3,250,11,2.6,,
2026-10-04T12:31:20.990Z,W4140725,7014,46.75128,7.19346,28292.2,6.2,5.6,64.5,-52.5,0.7,-1.0,RS41-SG,403.500,8.1,250,11,2.6,,
2026-10-04T12:31:25.990Z,W4140725,7019,46.75131,7.19383,28322.0,7.0,5.6,72.5,-52.6,0.7,-1.0,RS41-SG,403.500,7.5,250,11,2.6,,
2026-10-04T12:31:26.990Z,W4140725,7020,46.75133,7.19390,28328.1,5.3,5.7,59.6,-52.5,0.7,-1.0,RS41-SG,403.500,9.5,250,11,2.7,,
2026-10-04T12:31:27.990Z,W4140725,7021,46.75136,7.19395,28333.3,5.1,5.5,45.9,-52.5,0.7,-1.0,RS41-SG,403.500,9.5,250,11,2.7,,
2026-10-04T12:31:28.990Z,W4140725,7022,46.75139,7.19399,28339.0,6.1,4.5,33.7,-52.6,0.7,-1.0,RS41-SG,403.500,8.0,250,11,2.7,,
2026-10-04T12:31:30.990Z,W4140725,7024,46.75144,7.19403,28351.5,5.6,1.5,18.9,-52.6,0.7,-1.0,RS41-SG,403.500,7.5,250,11,2.6,,
2026-10-04T12:31:31.990Z,W4140725,7025,46.75145,7.19404,28356.7,4.7,0.7,47.1,-52.6,0.7,-1.0,RS41-SG,403.500,7.5,250,11,2.6,,
2026-10-04T12:31:34.990Z,W4140725,7028,46.75146,7.19413,28374.3,5.5,4.5,74.7,-52.7,0.7,-1.0,RS41-SG,403.500,7.4,250,11,2.7,,
2026-10-04T12:31:35.990Z,W4140725,7029,46.75147,7.19419,28379.5,4.8,5.7,71.2,-52.7,0.7,-1.0,RS41-SG,403.500,7.4,250,11,2.7,,
2026-10-04T12:31:36.990Z,W4140725,7030,46.75149,7.19426,28384.8,5.6,6.0,70.1,-52.7,0.7,-1.0,RS41-SG,403.500,7.3,250,11,2.6,,
2026-10-04T12:31:49.990Z,W4140725,7043,46.75140,7.19481,28461.3,6.5,5.0,122.9,-53.5,0.7,-1.0,RS41-SG,403.500,6.7,250,11,2.6,,
2026-10-04T12:31:51.990Z,W4140725,7045,46.75136,7.19495,28473.2,5.0,5.9,100.0,-53.5,0.7,-1.0,RS41-SG,403.500,7.1,250,11,2.7,,
2026-10-04T12:32:00.990Z,W4140725,7054,46.75132,7.19537,28526.2,6.4,5.1,115.6,-53.6,0.7,-1.0,RS41-SG,403.500,7.2,250,11,2.6,,
2026-10-04T12:32:23.990Z,W4140725,7077,46.75081,7.19684,28657.4,5.2,6.8,119.3,-52.7,0.7,-1.0,RS41-SG,403.500,7.5,250,11,2.7,,
2026-10-04T12:32:25.990Z,W4140725,7079,46.75072,7.19700,28668.1,5.3,9.5,139.5,-52.6,0.6,-1.0,RS41-SG,403.500,7.2,250,11,2.6,,
2026-10-04T12:32:39.990Z,W4140725,7093,46.75010,7.19729,28746.2,6.5,5.7,186.4,-52.5,0.7,-1.0,RS41-SG,403.500,7.3,250,11,2.6,,
2026-10-04T12:32:40.990Z,W4140725,7094,46.75005,7.19727,28751.7,4.4,5.1,204.7,-52.4,0.7,-1.0,RS41-SG,403.500,7.7,250,11,2.7,,
2026-10-04T12:32:42.990Z,W4140725,7096,46.74998,7.19717,28761.1,5.8,6.4,234.1,-52.3,0.6,-1.0,RS41-SG,403.500,7.3,250,11,2.6,,
2026-10-04T12:32:47.990Z,W4140725,7101,46.74981,7.19688,28792.7,5.7,3.2,219.8,-52.2,0.6,-1.0,RS41-SG,403.500,7.8,250,11,2.6,,
2026-10-04T12:32:53.990Z,W4140725,7107,46.74955,7.19697,28827.2,7.1,6.9,172.2,-52.2,0.6,-1.0,RS41-SG,403.500,7.2,250,11,2.6,,
2026-10-04T12:32:54.990Z,W4140725,7108,46.74949,7.19697,28834.3,7.1,5.6,185.1,-52.2,0.7,-1.0,RS41-SG,403.500,7.2,250,11,2.6,,
2026-10-04T12:32:55.990Z,W4140725,7109,46.74945,7.19696,28840.5,5.2,4.8,201.9,-52.2,0.6,-1.0,RS41-SG,403.500,6.9,250,11,2.6,,
2026-10-04T12:32:56.990Z,W4140725,7110,46.74941,7.19693,28845.6,5.3,5.0,219.1,-52.1,0.7,-1.0,RS41-SG,403.500,7.5,250,11,2.6,,
2026-10-04T12:33:10.990Z,W4140725,7124,46.74874,7.19656,28930.6,6.1,5.8,212.4,-51.9,0.6,-1.0,RS41,403.500,7.3,250,11,2.7,,
2026-10-04T12:33:14.990Z,W4140725,7128,46.74860,7.19636,28954.2,6.2,6.4,217.0,-52.1,0.7,-1.0,RS41,403.500,6.8,250,11,2.6,,
2026-10-04T12:33:16.990Z,W4140725,7130,46.74850,7.19627,28964.9,5.6,6.1,208.5,-51.8,0.6,-1.0,RS41,403.500,7.6,250,11,2.7,,
2026-10-04T12:33:17.990Z,W4140725,7131,46.74845,7.19624,28971.1,6.8,5.0,206.2,-51.8,0.6,-1.0,RS41,403.500,7.9,250,11,2.7,,
2026-10-04T12:33:30.990Z,W4140725,7144,46.74807,7.19587,29051.4,5.2,4.2,223.1,-51.9,0.7,-1.0,RS41,403.500,7.1,250,11,2.6,,
2026-10-04T12:34:02.990Z,W4140725,7176,46.74797,7.19583,29241.2,6.4,3.1,49.1,-52.3,0.7,-1.0,RS41,403.500,7.1,250,11,2.7,,
2026-10-04T12:34:03.990Z,W4140725,7177,46.74798,7.19585,29247.8,7.0,1.9,88.3,-52.2,0.6,-1.0,RS41,403.500,7.4,250,11,2.7,,
2026-10-04T12:34:08.990Z,W4140725,7182,46.74794,7.19597,29278.8,5.4,2.9,63.1,-51.8,0.7,-1.0,RS41,403.500,7.6,250,11,2.6,,
2026-10-04T12:34:09.990Z,W4140725,7183,46.74796,7.19600,29283.5,4.2,3.9,48.9,-51.7,0.6,-1.0,RS41,403.500,7.6,250,11,2.7,,
2026-10-04T12:34:12.990Z,W4140725,7186,46.74803,7.19613,29300.4,5.9,4.2,60.8,-52.0,0.7,-1.0,RS41,403.500,6.6,250,11,2.6,,
2026-10-04T12:34:28.990Z,W4140725,7202,46.74817,7.19703,29396.0,6.8,5.8,75.4,-51.7,0.6,-1.0,RS41,403.500,6.6,250,11,2.7,,
2026-10-04T12:34:36.990Z,W4140725,7210,46.74819,7.19778,29444.6,6.2,7.9,97.4,-51.3,0.6,-1.0,RS41,403.500,7.1,250,11,2.6,,
2026-10-04T12:34:37.990Z,W4140725,7211,46.74818,7.19787,29450.2,4.8,7.1,102.9,-51.1,0.6,-1.0,RS41,403.500,7.1,250,11,2.6,,
2026-10-04T12:34:48.990Z,W4140725,7222,46.74811,7.19837,29514.9,4.9,4.8,94.8,-49.9,0.5,-1.0,RS41,403.500,7.3,250,11,2.6,,
2026-10-04T12:34:52.990Z,W4140725,7226,46.74806,7.19856,29539.3,6.2,2.9,170.3,-50.2,0.6,-1.0,RS41,403.500,7.0,250,11,2.7,,
2026-10-04T12:34:53.990Z,W4140725,7227,46.74804,7.19856,29544.7,4.7,3.7,191.6,-50.0,0.5,-1.0,RS41,403.500,7.0,250,11,2.6,,
2026-10-04T12:35:07.990Z,W4140725,7241,46.74762,7.19855,29622.2,5.1,2.9,202.1,-49.8,0.6,-1.0,RS41,403.500,7.0,250,11,2.6,,
2026-10-04T12:57:02.989Z,W4140725,8556,46.74906,7.38851,29618.7,-27.9,3.8,98.8,-273.0,-1.0,-1.0,RS41,403.500,7.7,250,8,2.6,,
2026-10-04T12:57:16.989Z,W4140725,8570,46.74888,7.38906,29237.4,-26.5,7.1,82.5,-273.0,-1.0,-1.0,RS41,403.500,6.2,250,11,2.7,,
