timestamp,serial,frame,lat,lon,alt,vel_v,vel_h,heading,temp,humidity,pressure,type,freq_mhz,snr,f_error_hz,sats,batt_v,burst_timer,aux_data
2026-09-05T12:29:20.006Z,W4140011,6924,46.53647,7.75989,27663.2,4.8,6.6,340.4,-273.0,-1.0,-1.0,RS41,403.501,6.7,-500,9,2.6,,
2026-09-05T12:29:43.006Z,W4140011,6947,46.53716,7.75977,27792.2,6.2,1.1,145.3,-273.0,-1.0,-1.0,RS41,403.501,7.0,-500,9,2.6,,
2026-09-05T12:30:01.006Z,W4140011,6965,46.53760,7.76056,27889.7,6.0,6.3,49.2,-273.0,-1.0,-1.0,RS41,403.501,6.7,-500,9,2.7,,
2026-09-05T12:30:04.006Z,W4140011,6968,46.53776,7.76081,27903.9,5.5,10.2,51.7,-273.0,-1.0,-1.0,RS41,403.501,7.2,-500,9,2.6,,
2026-09-05T12:30:05.006Z,W4140011,6969,46.53781,7.76092,27910.1,6.9,9.3,58.3,-273.0,-1.0,-1.0,RS41,403.501,7.5,-500,9,2.6,,
2026-09-05T12:30:06.006Z,W4140011,6970,46.53785,7.76101,27916.1,5.1,8.1,65.3,-273.0,-1.0,-1.0,RS41,403.501,7.5,-500,9,2.7,,
2026-09-05T12:30:07.006Z,W4140011,6971,46.53787,7.76110,27921.1,4.8,6.7,73.3,-273.0,-1.0,-1.0,RS41-SG,403.501,7.4,-500,9,2.7,,
2026-09-05T12:30:09.006Z,W4140011,6973,46.53790,7.76124,27932.1,6.1,4.8,73.9,-273.0,-1.0,-1.0,RS41-SG,403.501,7.0,-500,9,2.6,,
2026-09-05T12:30:10.006Z,W4140011,6974,46.53791,7.76130,27937.6,4.8,4.6,64.6,-273.0,-1.0,-1.0,RS41-SG,403.501,6.9,-500,9,2.6,,
2026-09-05T12:30:19.006Z,W4140011,6983,46.53818,7.76172,27985.8,4.8,9.4,63.4,-273.0,-1.0,-1.0,RS41-SG,403.501,7.0,-500,9,2.7,,
2026-09-05T12:30:34.006Z,W4140011,6998,46.53867,7.76242,28071.3,4.7,10.5,59.4,-273.0,-1.0,-1.0,RS41-SG,403.501,7.7,-500,9,2.7,,
2026-09-05T12:30:50.006Z,W4140011,7014,46.53935,7.76327,28161.5,5.8,8.9,58.3,-273.0,-1.0,-1.0,RS41-SG,403.501,7.4,-500,9,2.7,,
2026-09-05T12:31:52.006Z,W4140011,7076,46.54142,7.76782,28509.6,5.0,6.8,38.9,-273.0,-1.0,-1.0,RS41-SG,403.501,6.8,-500,9,2.6,,
2026-09-05T12:31:57.006Z,W4140011,7081,46.54163,7.76810,28538.8,6.5,5.6,53.6,-273.0,-1.0,-1.0,RS41-SG,403.501,7.0,-500,9,2.6,,
2026-09-05T12:31:58.006Z,W4140011,7082,46.54166,7.76816,28545.0,5.7,5.2,57.3,-273.0,-1.0,-1.0,RS41-SG,403.501,7.4,-500,9,2.6,,
2026-09-05T12:31:59.006Z,W4140011,7083,46.54168,7.76822,28550.4,5.2,5.4,62.0,-273.0,-1.0,-1.0,RS41-SG,403.501,7.4,-500,9,2.6,,
2026-09-05T12:32:00.006Z,W4140011,7084,46.54170,7.76829,28556.0,5.8,6.6,65.9,-273.0,-1.0,-1.0,RS41-SG,403.501,7.7,-500,9,2.7,,
2026-09-05T12:32:02.006Z,W4140011,7086,46.54176,7.76849,28567.9,5.3,10.1,66.1,-273.0,-1.0,-1.0,RS41-SG,403.501,7.8,-500,9,2.7,,
2026-09-05T12:32:03.006Z,W4140011,7087,46.54180,7.76861,28573.1,5.0,10.9,63.6,-273.0,-1.0,-1.0,RS41-SG,403.501,7.8,-500,9,2.6,,
2026-09-05T12:32:04.006Z,W4140011,7088,46.54185,7.76874,28578.6,6.0,10.6,59.2,-273.0,-1.0,-1.0,RS41-SG,403.501,8.2,-500,9,2.6,,
2026-09-05T12:32:05.006Z,W4140011,7089,46.54190,7.76884,28585.3,7.1,9.1,52.9,-273.0,-1.0,-1.0,RS41-SG,403.501,8.2,-500,9,2.6,,
2026-09-05T12:32:06.006Z,W4140011,7090,46.54195,7.76892,28591.5,5.1,7.6,47.7,-273.0,-1.0,-1.0,RS41-SG,403.501,7.8,-500,9,2.7,,
2026-09-05T12:32:11.006Z,W4140011,7095,46.54210,7.76923,28618.6,4.6,6.7,72.3,-273.0,-1.0,-1.0,RS41-SG,403.501,6.9,-500,9,2.7,,
2026-09-05T12:32:12.007Z,W4140011,7096,46.54212,7.76932,28623.6,5.4,7.1,78.7,-273.0,-1.0,-1.0,RS41-SG,403.501,7.5,-500,9,2.6,,
2026-09-05T12:32:13.007Z,W4140011,7097,46.54213,7.76941,28629.6,6.6,6.9,81.6,-273.0,-1.0,-1.0,RS41-SG,403.501,7.5,-500,9,2.6,,
2026-09-05T12:32:31.007Z,W4140011,7115,46.54260,7.77104,28731.2,6.6,6.7,72.8,-273.0,-1.0,-1.0,RS41-SG,403.501,6.9,-500,9,2.6,,
2026-09-05T12:32:32.007Z,W4140011,7116,46.54262,7.77111,28736.8,4.6,6.0,63.0,-273.0,-1.0,-1.0,RS41-SG,403.501,7.2,-500,9,2.7,,
2026-09-05T12:32:35.007Z,W4140011,7119,46.54274,7.77132,28752.5,6.1,9.4,45.0,-273.0,-1.0,-1.0,RS41-SG,403.501,6.5,-500,9,2.6,,
2026-09-05T12:32:36.007Z,W4140011,7120,46.54280,7.77141,28758.2,5.1,10.7,47.5,-273.0,-1.0,-1.0,RS41-SG,403.501,7.0,-500,9,2.6,,
2026-09-05T12:32:37.007Z,W4140011,7121,46.54287,7.77152,28763.4,5.3,11.2,51.2,-273.0,-1.0,-1.0,RS41-SG,403.501,8.1,-500,9,2.7,,
2026-09-05T12:32:44.007Z,W4140011,7128,46.54297,7.77227,28802.2,5.0,9.7,100.9,-273.0,-1.0,-1.0,RS41-SG,403.501,7.1,-500,9,2.7,,
2026-09-05T12:32:45.007Z,W4140011,7129,46.54295,7.77240,28807.2,5.0,10.3,99.3,-273.0,-1.0,-1.0,RS41-SG,403.501,7.1,-500,8,2.6,,
2026-09-05T12:32:46.007Z,W4140011,7130,46.54294,7.77253,28812.4,5.4,10.2,97.9,-273.0,-1.0,-1.0,RS41-SG,403.501,7.0,-500,8,2.6,,
2026-09-05T12:32:47.007Z,W4140011,7131,46.54293,7.77266,28818.1,5.9,9.5,97.4,-273.0,-1.0,-1.0,RS41-SG,403.501,6.9,-500,8,2.7,,
2026-09-05T12:32:50.007Z,W4140011,7134,46.54292,7.77294,28836.3,5.5,5.2,79.3,-273.0,-1.0,-1.0,RS41-SG,403.501,6.8,-500,9,2.6,,
2026-09-05T12:32:56.007Z,W4140011,7140,46.54314,7.77339,28869.2,5.7,10.3,77.8,-273.0,-1.0,-1.0,RS41-SG,403.501,7.0,-500,9,2.6,,
2026-09-05T12:33:06.007Z,W4140011,7150,46.54308,7.77428,28919.6,5.3,7.7,64.5,-273.0,-1.0,-1.0,RS41-SG,403.501,8.1,-500,9,2.6,,
2026-09-05T12:33:07.007Z,W4140011,7151,46.54310,7.77437,28924.9,5.3,7.6,74.5,-273.0,-1.0,-1.0,RS41-SG,403.501,8.6,-500,9,2.6,,
2026-09-05T12:33:08.007Z,W4140011,7152,46.54311,7.77446,28930.4,5.7,7.0,87.0,-273.0,-1.0,-1.0,RS41-SG,403.501,8.6,-500,9,2.6,,
2026-09-05T12:33:09.007Z,W4140011,7153,46.54311,7.77455,28936.0,5.4,6.3,98.7,-273.0,-1.0,-1.0,RS41-SG,403.501,8.2,-500,9,2.7,,
2026-09-05T12:33:10.007Z,W4140011,7154,46.54310,7.77463,28941.1,4.8,5.8,109.4,-273.0,-1.0,-1.0,RS41-SG,403.501,8.5,-500,9,2.7,,
2026-09-05T12:33:11.007Z,W4140011,7155,46.54308,7.77469,28945.8,4.7,5.6,114.0,-273.0,-1.0,-1.0,RS41-SG,403.501,8.5,-500,9,2.6,,
2026-09-05T12:33:13.007Z,W4140011,7157,46.54304,7.77484,28955.8,5.5,7.0,107.6,-273.0,-1.0,-1.0,RS41-SG,403.501,7.6,-500,9,2.6,,
2026-09-05T12:33:14.007Z,W4140011,7158,46.54302,7.77494,28961.2,5.1,8.1,105.2,-273.0,-1.0,-1.0,RS41-SG,403.501,7.9,-500,9,2.7,,
2026-09-05T12:33:15.007Z,W4140011,7159,46.54300,7.77504,28966.2,4.9,8.9,105.3,-273.0,-1.0,-1.0,RS41-SG,403.501,8.9,-500,9,2.7,,
2026-09-05T12:33:16.007Z,W4140011,7160,46.54298,7.77515,28971.2,5.3,9.0,108.7,-273.0,-1.0,-1.0,RS41-SG,403.501,8.9,-500,9,2.7,,
2026-09-05T12:33:17.007Z,W4140011,7161,46.54295,7.77526,28976.8,6.0,8.1,113.5,-273.0,-1.0,-1.0,RS41-SG,403.501,8.3,-500,9,2.6,,
2026-09-05T12:33:18.007Z,W4140011,7162,46.54292,7.77534,28982.6,5.5,6.7,117.9,-273.0,-1.0,-1.0,RS41-SG,403.501,8.3,-500,9,2.6,,
2026-09-05T12:33:22.007Z,W4140011,7166,46.54290,7.77553,29003.5,5.5,3.9,49.9,-273.0,-1.0,-1.0,RS41-SG,403.501,8.0,-500,9,2.6,,
2026-09-05T12:33:23.007Z,W4140011,7167,46.54292,7.77557,29008.7,4.7,5.0,52.6,-273.0,-1.0,-1.0,RS41-SG,403.501,8.0,-500,9,2.6,,
2026-09-05T12:33:26.007Z,W4140011,7170,46.54295,7.77580,29024.4,5.9,7.3,107.5,-273.0,-1.0,-1.0,RS41-SG,403.501,7.5,-500,9,2.6,,
2026-09-05T12:33:27.007Z,W4140011,7171,46.54292,7.77589,29030.0,5.3,8.4,122.8,-273.0,-1.0,-1.0,RS41-SG,403.501,7.7,-500,9,2.6,,
2026-09-05T12:33:28.007Z,W4140011,7172,46.54287,7.77598,29034.6,4.1,9.1,131.6,-273.0,-1.0,-1.0,RS41-SG,403.501,7.7,-500,9,2.6,,
2026-09-05T12:33:29.007Z,W4140011,7173,46.54282,7.77606,29039.1,4.9,8.8,134.6,-273.0,-1.0,-1.0,RS41-SG,403.501,7.4,-500,9,2.7,,
2026-09-05T12:33:30.007Z,W4140011,7174,46.54277,7.77614,29044.9,6.5,7.5,129.6,-273.0,-1.0,-1.0,RS41-SG,403.501,7.5,-500,9,2.7,,
2026-09-05T12:33:31.007Z,W4140011,7175,46.54274,7.77621,29051.7,7.1,5.8,112.8,-273.0,-1.0,-1.0,RS41-SG,403.501,7.5,-500,9,2.7,,
2026-09-05T12:33:32.007Z,W4140011,7176,46.54273,7.77628,29057.7,4.9,4.9,88.8,-273.0,-1.0,-1.0,RS41-SG,403.501,7.3,-500,9,2.6,,
2026-09-05T12:33:33.007Z,W4140011,7177,46.54274,7.77634,29062.0,3.7,4.7,64.5,-273.0,-1.0,-1.0,RS41-SG,403.501,7.8,-500,9,2.6,,
2026-09-05T12:33:34.007Z,W4140011,7178,46.54276,7.77639,29066.3,4.7,4.7,43.7,-273.0,-1.0,-1.0,RS41-SG,403.501,7.8,-500,9,2.6,,
2026-09-05T12:33:35.007Z,W4140011,7179,46.54279,7.77642,29071.9,6.3,3.8,34.6,-273.0,-1.0,-1.0,RS41-SG,403.501,8.5,-500,9,2.7,,
2026-09-05T12:33:36.007Z,W4140011,7180,46.54282,7.77645,29078.2,6.4,2.4,39.9,-273.0,-1.0,-1.0,RS41-SG,403.501,8.5,-500,9,2.7,,
2026-09-05T12:33:42.007Z,W4140011,7186,46.54270,7.77678,29109.2,4.7,8.6,114.9,-273.0,-1.0,-1.0,RS41-SG,403.501,7.3,-500,9,2.7,,
2026-09-05T12:33:43.007Z,W4140011,7187,46.54267,7.77688,29114.5,5.8,8.1,113.8,-273.0,-1.0,-1.0,RS41-SG,403.501,8.0,-500,9,2.6,,
2026-09-05T12:33:44.007Z,W4140011,7188,46.54264,7.77697,29120.9,6.9,6.5,118.4,-273.0,-1.0,-1.0,RS41-SG,403.501,8.0,-500,9,2.6,,
2026-09-05T12:33:46.007Z,W4140011,7190,46.54259,7.77707,29132.5,4.8,3.1,128.2,-273.0,-1.0,-1.0,RS41-SG,403.501,7.6,-500,9,2.7,,
2026-09-05T12:33:55.007Z,W4140011,7199,46.54258,7.77731,29181.9,5.2,5.8,135.4,-273.0,-1.0,-1.0,RS41-SG,403.501,6.5,-500,9,2.7,,
2026-09-05T12:33:59.007Z,W4140011,7203,46.54250,7.77760,29205.3,5.6,5.2,91.0,-273.0,-1.0,-1.0,RS41-SG,403.501,7.8,-500,9,2.6,,
2026-09-05T12:34:02.007Z,W4140011,7206,46.54251,7.77770,29222.6,4.5,0.6,7.2,-273.0,-1.0,-1.0,RS41-SG,403.501,7.7,-500,9,2.7,,
2026-09-05T12:34:03.007Z,W4140011,7207,46.54252,7.77770,29227.7,5.5,1.3,315.5,-273.0,-1.0,-1.0,RS41-SG,403.501,7.7,-500,9,2.6,,
2026-09-05T12:34:06.007Z,W4140011,7210,46.54257,7.77769,29244.9,4.6,2.4,26.2,-273.0,-1.0,-1.0,RS41-SG,403.501,6.8,-500,9,2.7,,
2026-09-05T12:34:07.007Z,W4140011,7211,46.54258,7.77771,29250.2,5.8,2.3,52.6,-273.0,-1.0,-1.0,RS41-SG,403.501,7.4,-500,9,2.7,,
2026-09-05T12:34:10.007Z,W4140011,7214,46.54258,7.77779,29267.5,5.4,2.9,113.0,-273.0,-1.0,-1.0,RS41-SG,403.501,7.7,-500,9,2.6,,
2026-09-05T12:34:14.007Z,W4140011,7218,46.54258,7.77801,29290.3,4.7,5.3,75.4,-273.0,-1.0,-1.0,RS41-SG,403.501,7.9,-500,9,2.6,,
2026-09-05T12:34:15.007Z,W4140011,7219,46.54259,7.77807,29295.6,6.0,4.4,67.9,-273.0,-1.0,-1.0,RS41-SG,403.501,7.9,-500,9,2.6,,
2026-09-05T12:34:22.007Z,W4140011,7226,46.54269,7.77831,29336.1,4.3,5.8,60.6,-273.0,-1.0,-1.0,RS41,403.501,8.8,-500,9,2.7,,
2026-09-05T12:34:25.007Z,W4140011,7229,46.54276,7.77850,29352.2,6.0,4.1,60.4,-273.0,-1.0,-1.0,RS41,403.501,7.7,-500,9,2.6,,
2026-09-05T12:34:29.007Z,W4140011,7233,46.54283,7.77857,29373.0,5.7,2.9,22.6,-273.0,-1.0,-1.0,RS41,403.501,7.1,-500,9,2.6,,
2026-09-05T12:34:30.007Z,W4140011,7234,46.54286,7.77860,29379.0,6.3,4.0,38.3,-273.0,-1.0,-1.0,RS41,403.501,7.1,-500,9,2.6,,
2026-09-05T12:34:32.007Z,W4140011,7236,46.54291,7.77870,29389.4,4.5,5.8,63.1,-273.0,-1.0,-1.0,RS41,403.501,6.8,-500,9,2.7,,
2026-09-05T12:34:33.007Z,W4140011,7237,46.54293,7.77877,29394.4,5.6,6.0,77.0,-273.0,-1.0,-1.0,RS41,403.501,7.8,-500,9,2.7,,
2026-09-05T12:34:34.007Z,W4140011,7238,46.54294,7.77884,29400.6,6.7,5.6,90.2,-273.0,-1.0,-1.0,RS41,403.501,7.8,-500,9,2.7,,
2026-09-05T12:34:41.007Z,W4140011,7245,46.54307,7.77925,29438.8,3.7,8.3,30.9,-273.0,-1.0,-1.0,RS41,403.501,7.7,-500,9,2.6,,
2026-09-05T12:34:48.007Z,W4140011,7252,46.54334,7.77960,29480.4,4.5,8.0,88.6,-273.0,-1.0,-1.0,RS41,403.501,7.4,-500,9,2.7,,
2026-09-05T12:34:50.007Z,W4140011,7254,46.54335,7.77983,29490.0,5.7,9.5,87.3,-273.0,-1.0,-1.0,RS41,403.501,6.9,-500,9,2.6,,
2026-09-05T12:34:51.007Z,W4140011,7255,46.54335,7.77995,29496.0,6.2,8.7,84.7,-273.0,-1.0,-1.0,RS41,403.501,7.7,-500,9,2.6,,
2026-09-05T12:35:06.007Z,W4140011,7270,46.54372,7.78157,29581.6,4.9,11.5,81.2,-273.0,-1.0,-1.0,RS41,403.501,8.7,-500,9,2.6,,
2026-09-05T12:35:07.007Z,W4140011,7271,46.54374,7.78172,29587.1,6.2,11.4,79.3,-273.0,-1.0,-1.0,RS41,403.501,8.7,-500,9,2.6,,
2026-09-05T12:35:08.007Z,W4140011,7272,46.54376,7.78186,29593.8,7.1,10.5,78.5,-273.0,-1.0,-1.0,RS41,403.501,7.5,-500,9,2.7,,
2026-09-05T12:35:10.007Z,W4140011,7274,46.54379,7.78210,29605.5,5.4,9.0,78.6,-273.0,-1.0,-1.0,RS41,403.501,7.1,-500,9,2.6,,
2026-09-05T12:35:11.007Z,W4140011,7275,46.54381,7.78222,29611.3,6.1,9.2,78.2,-273.0,-1.0,-1.0,RS41,403.501,8.4,-500,9,2.6,,
2026-09-05T12:35:12.007Z,W4140011,7276,46.54383,7.78234,29617.5,6.3,10.2,77.9,-273.0,-1.0,-1.0,RS41,403.501,8.4,-500,9,2.6,,
2026-09-05T12:35:13.007Z,W4140011,7277,46.54385,7.78248,29623.7,6.1,11.2,79.1,-273.0,-1.0,-1.0,RS41-SG,403.501,8.0,-500,9,2.7,,
2026-09-05T12:35:14.007Z,W4140011,7278,46.54386,7.78263,29629.4,5.2,12.0,81.8,-273.0,-1.0,-1.0,RS41-SG,403.501,7.9,-500,9,2.7,,
2026-09-05T12:35:15.007Z,W4140011,7279,46.54387,7.78278,29634.5,5.0,12.3,86.6,-273.0,-1.0,-1.0,RS41-SG,403.501,7.4,-500,9,2.7,,
2026-09-05T12:35:16.007Z,W4140011,7280,46.54387,7.78294,29639.9,5.7,11.9,94.7,-273.0,-1.0,-1.0,RS41-SG,403.501,7.6,-500,9,2.6,,
2026-09-05T12:35:17.007Z,W4140011,7281,46.54385,7.78309,29646.0,6.5,11.3,105.0,-273.0,-1.0,-1.0,RS41-SG,403.501,8.1,-500,9,2.6,,
2026-09-05T12:35:18.007Z,W4140011,7282,46.54382,7.78322,29651.9,5.2,10.6,112.0,-273.0,-1.0,-1.0,RS41-SG,403.501,8.1,-500,9,2.6,,
2026-09-05T12:35:24.007Z,W4140011,7288,46.54377,7.78393,29685.2,4.7,10.6,73.9,-273.0,-1.0,-1.0,RS41-SG,403.501,7.3,-500,9,2.7,,
2026-09-05T12:35:25.007Z,W4140011,7289,46.54379,7.78406,29690.5,6.0,10.5,77.5,-273.0,-1.0,-1.0,RS41-SG,403.501,7.3,-500,9,2.6,,
2026-09-05T12:35:26.007Z,W4140011,7290,46.54380,7.78419,29697.0,7.0,10.0,87.3,-273.0,-1.0,-1.0,RS41-SG,403.501,7.4,-500,9,2.6,,
2026-09-05T12:35:27.007Z,W4140011,7291,46.54380,7.78432,29703.6,6.2,9.7,99.9,-273.0,-1.0,-1.0,RS41-SG,403.501,7.5,-500,9,2.6,,
2026-09-05T12:35:29.007Z,W4140011,7293,46.54373,7.78456,29713.6,4.4,10.7,119.1,-273.0,-1.0,-1.0,RS41-SG,403.501,7.7,-500,9,2.7,,
2026-09-05T12:35:33.007Z,W4140011,7297,46.54358,7.78509,29737.0,5.7,10.4,98.1,-273.0,-1.0,-1.0,RS41-SG,403.501,6.9,-500,9,2.6,,
2026-09-05T12:35:34.007Z,W4140011,7298,46.54358,7.78521,29742.4,5.0,9.2,89.6,-44.2,-1.0,-1.0,RS41-SG,403.501,7.6,-500,9,2.7,,
2026-09-05T12:35:35.007Z,W4140011,7299,46.54358,7.78532,29747.6,5.4,7.5,83.3,-44.1,-1.0,-1.0,RS41-SG,403.501,8.3,-500,9,2.7,,
2026-09-05T12:35:36.007Z,W4140011,7300,46.54359,7.78541,29753.4,6.2,5.6,82.2,-44.0,-1.0,-1.0,RS41-SG,403.501,8.3,-500,9,2.6,,
2026-09-05T12:35:37.007Z,W4140011,7301,46.54359,7.78547,29759.6,6.0,4.2,91.7,-44.0,-1.0,-1.0,RS41-SG,403.501,8.2,-500,9,2.6,,
2026-09-05T12:35:41.007Z,W4140011,7305,46.54352,7.78573,29782.5,7.0,8.2,109.7,-44.2,-1.0,-1.0,RS41-SG,403.501,7.2,-500,9,2.6,,
2026-09-05T12:35:43.007Z,W4140011,7307,46.54347,7.78596,29793.8,5.3,10.5,104.5,-44.2,-1.0,-1.0,RS41-SG,403.501,6.9,-500,9,2.7,,
2026-09-05T12:35:44.007Z,W4140011,7308,46.54345,7.78609,29799.8,6.7,10.7,106.7,-44.2,-1.0,-1.0,RS41-SG,403.501,7.5,-500,9,2.7,,
2026-09-05T12:35:45.007Z,W4140011,7309,46.54342,7.78622,29806.7,7.0,9.9,111.3,-44.1,-1.0,-1.0,RS41-SG,403.501,7.7,-500,9,2.7,,
2026-09-05T12:35:46.007Z,W4140011,7310,46.54338,7.78633,29812.9,5.4,8.8,116.0,-44.1,-1.0,-1.0,RS41-SG,403.501,7.7,-500,9,2.6,,
2026-09-05T12:35:47.007Z,W4140011,7311,46.54335,7.78642,29818.1,5.0,7.1,118.0,-44.0,-1.0,-1.0,RS41-SG,403.501,7.5,-500,8,2.6,,
2026-09-05T12:35:48.007Z,W4140011,7312,46.54333,7.78649,29823.5,5.7,5.3,113.4,-44.1,-1.0,-1.0,RS41-SG,403.501,7.1,-500,9,2.6,,
2026-09-05T12:35:50.007Z,W4140011,7314,46.54331,7.78660,29835.5,5.3,3.3,82.2,-44.2,-1.0,-1.0,RS41-SG,403.501,7.4,-500,9,2.7,,
2026-09-05T12:35:56.007Z,W4140011,7320,46.54318,7.78681,29871.8,5.8,8.3,144.9,-44.2,-1.0,-1.0,RS41-SG,403.501,7.4,-500,9,2.7,,
2026-09-05T12:35:57.007Z,W4140011,7321,46.54312,7.78688,29878.2,6.9,9.5,134.3,-44.2,-1.0,-1.0,RS41-SG,403.501,7.9,-500,9,2.6,,
2026-09-05T12:35:58.007Z,W4140011,7322,46.54306,7.78698,29884.5,5.5,10.2,124.6,-44.2,-1.0,-1.0,RS41-SG,403.501,7.9,-500,10,2.6,,
2026-09-05T12:35:59.007Z,W4140011,7323,46.54301,7.78710,29889.5,4.4,10.7,118.4,-44.4,-1.0,-1.0,RS41-SG,403.501,8.4,-500,10,2.6,,
2026-09-05T12:36:00.007Z,W4140011,7324,46.54297,7.78722,29894.4,5.4,10.6,114.6,-44.4,-1.0,-1.0,RS41-SG,403.501,9.3,-500,9,2.7,,
2026-09-05T12:36:01.007Z,W4140011,7325,46.54293,7.78734,29900.5,7.0,9.9,116.0,-44.3,-1.0,-1.0,RS41-SG,403.501,9.3,-500,9,2.7,,
2026-09-05T12:36:02.007Z,W4140011,7326,46.54289,7.78745,29907.3,6.6,8.7,120.4,-44.2,-1.0,-1.0,RS41-SG,403.501,8.1,-500,9,2.6,,
2026-09-05T12:36:06.007Z,W4140011,7330,46.54277,7.78772,29930.6,6.5,4.6,112.0,-44.1,-1.0,-1.0,RS41-SG,403.501,6.9,-500,9,2.6,,
2026-09-05T12:36:09.007Z,W4140011,7333,46.54271,7.78792,29948.1,6.4,7.5,122.9,-44.2,-1.0,-1.0,RS41-SG,403.501,7.4,-500,9,2.7,,
2026-09-05T12:36:10.007Z,W4140011,7334,46.54266,7.78801,29954.7,6.8,9.3,132.4,-44.2,-1.0,-1.0,RS41-SG,403.501,7.4,-500,9,2.7,,
2026-09-05T12:36:14.007Z,W4140011,7338,46.54235,7.78845,29978.4,7.0,14.0,128.5,-44.2,-1.0,-1.0,RS41-SG,403.501,7.1,-500,9,2.6,,
2026-09-05T12:36:15.007Z,W4140011,7339,46.54228,7.78860,29984.8,5.9,13.9,122.1,-44.1,-1.0,-1.0,RS41-SG,403.501,7.4,-500,9,2.7,,
2026-09-05T12:36:16.007Z,W4140011,7340,46.54222,7.78875,29990.3,5.1,13.1,116.6,-44.1,-1.0,-1.0,RS41-SG,403.501,7.4,-500,9,2.7,,
2026-09-05T12:36:17.007Z,W4140011,7341,46.54218,7.78889,29995.8,5.9,11.4,112.6,-44.1,-1.0,-1.0,RS41-SG,403.501,7.4,-500,9,2.6,,
2026-09-05T12:36:18.007Z,W4140011,7342,46.54214,7.78901,30002.2,6.8,8.9,113.0,-44.0,-1.0,-1.0,RS41-SG,403.501,7.2,-500,9,2.6,,
2026-09-05T12:36:23.007Z,W4140011,7347,46.54197,7.78932,30030.9,6.9,6.7,133.0,-43.9,-1.0,-1.0,RS41-SG,403.501,6.6,-500,9,2.6,,
2026-09-05T12:36:24.007Z,W4140011,7348,46.54193,7.78939,30036.9,5.1,7.9,127.4,-43.9,-1.0,-1.0,RS41-SG,403.501,7.4,-500,9,2.7,,
2026-09-05T12:36:26.007Z,W4140011,7350,46.54183,7.78958,30047.5,6.0,10.3,129.7,-43.8,-1.0,-1.0,RS41-SG,403.501,6.9,-500,9,2.7,,
2026-09-05T12:36:39.007Z,W4140011,7363,46.54114,7.79034,30123.7,6.1,7.2,154.9,-43.8,-1.0,-1.0,RS41-SG,403.501,7.0,-500,9,2.7,,
2026-09-05T12:36:41.007Z,W4140011,7365,46.54103,7.79046,30135.3,5.0,8.0,136.0,-43.9,-1.0,-1.0,RS41-SG,403.501,6.9,-500,9,2.7,,
2026-09-05T12:36:42.007Z,W4140011,7366,46.54098,7.79053,30140.3,4.9,7.8,133.7,-43.9,-1.0,-1.0,RS41-SG,403.501,6.9,-500,9,2.6,,
2026-09-05T12:36:43.007Z,W4140011,7367,46.54093,7.79060,30145.6,5.7,6.9,136.3,-43.8,-1.0,-1.0,RS41-SG,403.501,6.9,-500,9,2.6,,
2026-09-05T12:36:44.007Z,W4140011,7368,46.54089,7.79065,30151.7,6.6,5.8,148.4,-43.8,-1.0,-1.0,RS41-SG,403.501,7.2,-500,9,2.6,,
2026-09-05T12:36:45.007Z,W4140011,7369,46.54084,7.79068,30158.0,5.8,5.2,166.6,-43.8,-1.0,-1.0,RS41-SG,403.501,7.2,-500,9,2.7,,
2026-09-05T12:36:46.007Z,W4140011,7370,46.54080,7.79068,30163.1,4.4,5.4,178.4,-43.7,-1.0,-1.0,RS41-SG,403.501,7.2,-500,9,2.7,,
2026-09-05T12:36:51.007Z,W4140011,7375,46.54055,7.79084,30191.2,4.8,8.2,131.1,-44.0,-1.0,-1.0,RS41-SG,403.501,6.5,-500,9,2.6,,
2026-09-05T12:36:53.007Z,W4140011,7377,46.54045,7.79100,30203.0,7.0,7.8,134.2,-43.9,-1.0,-1.0,RS41-SG,403.501,7.4,-500,9,2.6,,
2026-09-05T12:36:59.007Z,W4140011,7383,46.54019,7.79125,30237.3,5.1,4.7,142.1,-43.8,-1.0,-1.0,RS41-SG,403.501,7.8,-500,9,2.6,,
2026-09-05T12:37:00.007Z,W4140011,7384,46.54016,7.79129,30242.6,5.6,4.2,144.3,-43.7,-1.0,-1.0,RS41-SG,403.501,7.8,-500,9,2.7,,
2026-09-05T12:37:01.007Z,W4140011,7385,46.54013,7.79131,30248.5,6.3,3.7,157.9,-43.7,-1.0,-1.0,RS41-SG,403.501,7.3,-500,9,2.7,,
2026-09-05T12:37:08.007Z,W4140011,7392,46.53992,7.79141,30288.2,4.9,5.1,118.4,-43.7,-1.0,-1.0,RS41-SG,403.501,7.4,-500,9,2.6,,
2026-09-05T12:37:09.007Z,W4140011,7393,46.53990,7.79146,30293.5,5.5,4.7,116.1,-43.6,-1.0,-1.0,RS41-SG,403.501,7.4,-500,9,2.7,,
2026-09-05T12:37:18.007Z,W4140011,7402,46.53970,7.79148,30344.7,4.2,3.4,110.8,-43.6,-1.0,-1.0,RS41-SG,403.501,7.0,-500,8,2.6,,
2026-09-05T12:37:28.007Z,W4140011,7412,46.53950,7.79188,30399.3,5.7,4.9,120.0,-43.2,-1.0,-1.0,RS41-SG,403.501,7.2,-500,9,2.6,,
2026-09-05T12:37:29.007Z,W4140011,7413,46.53948,7.79193,30405.5,6.5,4.2,125.9,-43.2,-1.0,-1.0,RS41-SG,403.501,7.2,-500,9,2.6,,
2026-09-05T12:37:47.007Z,W4140011,7431,46.53909,7.79236,30504.6,5.2,5.2,130.7,-42.8,-1.0,-1.0,RS41-SG,403.501,7.1,-500,9,2.7,,
2026-09-05T12:38:04.007Z,W4140011,7448,46.53866,7.79282,30599.3,5.1,4.7,157.0,-42.8,-1.0,-1.0,RS41-SG,403.501,6.9,-500,9,2.7,,
2026-09-05T12:38:06.007Z,W4140011,7450,46.53860,7.79286,30610.2,6.0,2.6,141.8,-42.7,-1.0,-1.0,RS41-SG,403.501,7.3,-500,9,2.7,,
2026-09-05T12:38:07.007Z,W4140011,7451,46.53859,7.79288,30616.5,6.4,1.6,148.4,-42.6,-1.0,-1.0,RS41-SG,403.501,7.3,-500,9,2.6,,
2026-09-05T12:38:08.007Z,W4140011,7452,46.53858,7.79289,30622.3,5.2,1.4,165.0,-42.6,-1.0,-1.0,RS41-SG,403.501,7.2,-500,9,2.6,,
2026-09-05T12:38:13.007Z,W4140011,7457,46.53848,7.79303,30651.1,5.4,5.3,132.8,-42.6,-1.0,-1.0,RS41-SG,403.501,7.3,-500,9,2.6,,
2026-09-05T12:38:15.007Z,W4140011,7459,46.53840,7.79310,30663.7,6.6,5.3,170.3,-42.6,-1.0,-1.0,RS41-SG,403.501,7.3,-500,9,2.7,,
2026-09-05T12:38:29.007Z,W4140011,7473,46.53819,7.79328,30744.1,5.7,6.0,105.2,-42.9,-1.0,-1.0,RS41-SG,403.501,7.6,-500,9,2.7,,
2026-09-05T12:38:30.007Z,W4140011,7474,46.53817,7.79335,30750.1,6.2,5.8,103.8,-42.9,-1.0,-1.0,RS41-SG,403.501,7.7,-500,9,2.7,,
2026-09-05T12:38:31.007Z,W4140011,7475,46.53816,7.79342,30756.4,6.3,4.6,102.6,-43.1,-1.0,-1.0,RS41-SG,403.501,7.7,-500,9,2.6,,
2026-09-05T12:38:32.007Z,W4140011,7476,46.53815,7.79346,30762.6,6.2,2.7,107.8,-43.1,-1.0,-1.0,RS41-SG,403.501,7.5,-500,9,2.6,,
2026-09-05T12:38:33.007Z,W4140011,7477,46.53815,7.79348,30768.6,5.7,1.0,152.2,-43.0,-1.0,-1.0,RS41-SG,403.501,7.1,-500,9,2.6,,
2026-09-05T12:38:34.007Z,W4140011,7478,46.53814,7.79348,30774.0,5.1,1.7,221.8,-43.1,-1.0,-1.0,RS41-SG,403.501,6.7,-500,9,2.7,,
2026-09-05T12:39:12.007Z,W4140011,7516,46.53868,7.79456,30985.0,5.4,7.0,34.4,-42.6,-1.0,-1.0,RS41-SG,403.501,6.9,-500,9,2.6,,
2026-09-05T12:39:32.007Z,W4140011,7536,46.53885,7.79553,31098.8,5.3,7.5,75.7,-42.0,-1.0,-1.0,RS41-SG,403.501,7.2,-500,9,2.6,,
2026-09-05T12:40:52.007Z,W4140011,7616,46.53601,7.79739,31583.5,5.9,5.2,180.5,-40.8,-1.0,-1.0,RS41-SG,403.501,7.1,-500,9,2.6,,
2026-09-05T12:40:56.007Z,W4140011,7620,46.53572,7.79726,31606.5,6.4,9.7,203.5,-40.6,-1.0,-1.0,RS41-SG,403.501,6.7,-500,9,2.6,,
2026-09-05T12:40:57.007Z,W4140011,7621,46.53564,7.79721,31612.6,5.8,8.5,207.1,-40.6,-1.0,-1.0,RS41-SG,403.501,6.9,-500,9,2.6,,
2026-09-05T12:41:05.007Z,W4140011,7629,46.53549,7.79679,31662.3,6.2,1.7,318.1,-40.8,-1.0,-1.0,RS41-SG,403.501,7.1,-500,9,2.7,,
2026-09-05T12:41:18.007Z,W4140011,7642,46.53521,7.79600,31740.1,6.6,2.7,338.7,-40.2,-1.0,-1.0,RS41-SG,403.501,7.0,-500,9,2.6,,
2026-09-05T12:41:19.007Z,W4140011,7643,46.53523,7.79597,31747.0,7.3,3.2,308.0,-40.1,-1.0,-1.0,RS41-SG,403.501,7.1,-500,9,2.7,,
2026-09-05T12:44:06.007Z,W4140011,7810,46.53316,7.79849,32720.2,5.6,8.4,59.4,-38.2,-1.0,-1.0,RS41-SG,403.501,7.5,-500,9,2.7,,
2026-09-05T12:44:27.007Z,W4140011,7831,46.53319,7.80004,32840.9,6.4,6.1,85.7,-37.7,-1.0,-1.0,RS41-SG,403.501,7.0,-500,9,2.6,,
2026-09-05T12:45:01.007Z,W4140011,7865,46.53351,7.80122,33030.1,5.6,4.2,57.0,-36.1,-1.0,-1.0,RS41-SG,403.501,7.0,-500,9,2.7,,
2026-09-05T12:46:48.007Z,W4140011,7972,46.53521,7.80326,33644.7,5.8,6.6,356.4,-36.4,-1.0,-1.0,RS41-SG,403.501,7.0,-500,9,2.7,,
2026-09-05T12:46:49.007Z,W4140011,7973,46.53526,7.80325,33650.5,5.9,4.3,341.1,-36.4,-1.0,-1.0,RS41-SG,403.501,7.3,-500,9,2.7,,
2026-09-05T12:47:18.007Z,W4140011,8002,46.53621,7.80384,33822.4,5.9,5.4,14.9,-36.2,-1.0,-1.0,RS41-SG,403.501,6.4,-500,9,2.7,,
2026-09-05T12:47:30.007Z,W4140011,8014,46.53672,7.80397,33893.2,7.1,10.0,9.5,-35.8,-1.0,-1.0,RS41-SG,403.501,6.9,-500,9,2.7,,
2026-09-05T12:47:33.007Z,W4140011,8017,46.53684,7.80407,33912.8,4.4,3.0,98.0,-35.6,-1.0,-1.0,RS41-SG,403.501,6.9,-500,9,2.6,,
2026-09-05T12:47:34.007Z,W4140011,8018,46.53683,7.80410,33916.9,3.7,3.6,140.8,-35.5,-1.0,-1.0,RS41-SG,403.501,7.0,-500,9,2.6,,
2026-09-05T12:47:40.007Z,W4140011,8024,46.53692,7.80404,33950.7,4.2,9.6,351.7,-35.4,-1.0,-1.0,RS41-SG,403.501,6.7,-500,9,2.6,,
2026-09-05T12:47:59.007Z,W4140011,8043,46.53737,7.80417,34061.6,6.9,3.0,78.8,-34.6,-1.0,-1.0,RS41-SG,403.501,7.4,-500,9,2.6,,
2026-09-05T12:48:06.007Z,W4140011,8050,46.53742,7.80418,34104.3,5.6,1.7,264.7,-34.4,-1.0,-1.0,RS41-SG,403.501,7.1,-500,9,2.7,,
2026-09-05T12:48:08.007Z,W4140011,8052,46.53744,7.80415,34116.8,6.8,3.2,350.0,-34.5,-1.0,-1.0,RS41-SG,403.501,7.1,-500,9,2.7,,
2026-09-05T12:48:41.007Z,W4140011,8085,46.53842,7.80497,34312.6,5.0,7.0,29.9,-34.8,-1.0,-1.0,RS41-SG,403.501,7.8,-500,9,2.6,,
2026-09-05T12:48:43.007Z,W4140011,8087,46.53853,7.80505,34323.9,6.5,6.0,28.0,-34.7,-1.0,-1.0,RS41-SG,403.501,8.1,-500,9,2.7,,
2026-09-05T12:48:45.007Z,W4140011,8089,46.53859,7.80512,34337.1,6.0,2.6,48.5,-34.6,-1.0,-1.0,RS41-SG,403.501,6.8,-500,9,2.6,,
2026-09-05T12:48:47.007Z,W4140011,8091,46.53860,7.80516,34347.8,5.3,1.5,90.1,-34.5,-1.0,-1.0,RS41-SG,403.501,7.0,-500,9,2.6,,
2026-09-05T12:48:49.007Z,W4140011,8093,46.53862,7.80520,34359.5,6.4,3.0,39.5,-34.6,-1.0,-1.0,RS41,403.501,7.8,-500,9,2.7,,
2026-09-05T12:48:53.007Z,W4140011,8097,46.53883,7.80536,34382.6,5.4,8.6,31.4,-34.7,-1.0,-1.0,RS41,403.501,7.4,-500,9,2.6,,
2026-09-05T12:48:55.007Z,W4140011,8099,46.53893,7.80550,34395.0,6.8,6.6,56.4,-34.8,-1.0,-1.0,RS41,403.501,6.3,-500,9,2.7,,
2026-09-05T12:48:57.007Z,W4140011,8101,46.53895,7.80563,34407.6,5.3,4.8,100.9,-34.7,-1.0,-1.0,RS41,403.501,7.1,-500,9,2.6,,
2026-09-05T12:48:58.007Z,W4140011,8102,46.53894,7.80569,34412.6,4.5,4.1,117.6,-34.6,-1.0,-1.0,RS41,403.501,7.9,-500,9,2.6,,
2026-09-05T12:49:01.007Z,W4140011,8105,46.53894,7.80574,34430.5,6.5,3.5,352.0,-34.7,-1.0,-1.0,RS41,403.501,7.5,-500,9,2.7,,
2026-09-05T12:49:08.007Z,W4140011,8112,46.53931,7.80589,34472.4,4.4,6.1,83.9,-34.7,-1.0,-1.0,RS41,403.501,7.2,-500,9,2.7,,
2026-09-05T12:49:09.007Z,W4140011,8113,46.53931,7.80597,34476.7,4.2,6.7,99.8,-34.7,-1.0,-1.0,RS41,403.501,7.2,-500,9,2.6,,
2026-09-05T12:49:10.007Z,W4140011,8114,46.53930,7.80605,34481.6,5.6,6.8,105.2,-34.8,-1.0,-1.0,RS41,403.501,7.2,-500,9,2.6,,
2026-09-05T12:49:11.007Z,W4140011,8115,46.53929,7.80613,34487.8,6.8,5.7,95.6,-34.8,-1.0,-1.0,RS41,403.501,7.2,-500,9,2.7,,
2026-09-05T12:49:14.007Z,W4140011,8118,46.53936,7.80630,34505.7,4.6,6.8,27.5,-34.8,0.0,-1.0,RS41,403.501,6.5,-500,9,2.6,,
2026-09-05T12:49:15.007Z,W4140011,8119,46.53942,7.80634,34510.3,4.8,7.9,22.5,-34.9,0.0,-1.0,RS41,403.501,7.1,-500,9,2.7,,
2026-09-05T12:49:16.007Z,W4140011,8120,46.53948,7.80638,34515.5,5.6,8.2,25.8,-35.0,0.0,-1.0,RS41,403.501,7.3,-500,9,2.7,,
2026-09-05T12:49:19.007Z,W4140011,8123,46.53962,7.80656,34534.7,6.1,6.0,69.3,-35.0,0.0,-1.0,RS41,403.501,7.2,-500,9,2.7,,
2026-09-05T12:49:20.007Z,W4140011,8124,46.53963,7.80663,34540.2,5.0,5.3,88.4,-35.0,0.0,-1.0,RS41,403.501,7.2,-500,9,2.7,,
2026-09-05T12:49:30.007Z,W4140011,8134,46.53987,7.80686,34597.8,5.1,9.0,59.0,-35.4,0.0,-1.0,RS41,403.501,7.1,-500,9,2.6,,
2026-09-05T12:49:31.007Z,W4140011,8135,46.53990,7.80697,34602.7,4.8,9.5,69.0,-35.4,0.0,-1.0,RS41,403.501,7.1,-500,9,2.7,,
2026-09-05T12:49:32.007Z,W4140011,8136,46.53993,7.80708,34608.1,5.9,9.0,73.3,-35.3,0.0,-1.0,RS41,403.501,6.8,-500,9,2.7,,
2026-09-05T12:49:33.007Z,W4140011,8137,46.53995,7.80718,34614.7,7.3,7.0,69.0,-35.2,0.0,-1.0,RS41,403.501,7.0,-500,9,2.7,,
2026-09-05T12:49:34.007Z,W4140011,8138,46.53998,7.80725,34622.1,7.4,4.7,48.7,-35.2,0.0,-1.0,RS41,403.501,7.7,-500,9,2.6,,
2026-09-05T12:49:35.007Z,W4140011,8139,46.54001,7.80727,34628.8,5.9,4.0,8.2,-35.1,0.0,-1.0,RS41,403.501,7.7,-500,9,2.6,,
2026-09-05T12:49:45.007Z,W4140011,8149,46.54045,7.80734,34683.9,6.7,8.5,27.5,-34.8,0.0,-1.0,RS41,403.501,7.5,-500,9,2.7,,
2026-09-05T12:49:49.007Z,W4140011,8153,46.54077,7.80738,34707.8,5.5,8.3,347.4,-35.1,0.0,-1.0,RS41,403.501,6.3,-500,9,2.7,,
2026-09-05T12:49:55.007Z,W4140011,8159,46.54097,7.80737,34743.1,6.6,4.4,24.6,-34.7,0.0,-1.0,RS41,403.501,7.1,-500,9,2.7,,
2026-09-05T12:49:57.007Z,W4140011,8161,46.54108,7.80740,34755.7,5.7,8.5,6.4,-34.6,0.0,-1.0,RS41,403.501,6.9,-500,9,2.7,,
2026-09-05T12:50:15.007Z,W4140011,8179,46.54195,7.80751,34860.1,5.7,5.4,34.8,-34.3,0.0,-1.0,RS41,403.501,7.1,-500,9,2.7,,
2026-09-05T12:50:16.007Z,W4140011,8180,46.54199,7.80754,34866.3,6.8,5.1,26.5,-34.4,0.0,-1.0,RS41,403.501,7.1,-500,9,2.6,,
2026-09-05T12:50:17.007Z,W4140011,8181,46.54204,7.80756,34873.1,6.6,5.1,10.2,-34.5,0.0,-1.0,RS41,403.501,6.6,-500,9,2.6,,
2026-09-05T12:50:18.007Z,W4140011,8182,46.54208,7.80756,34879.1,5.5,5.2,354.6,-34.5,0.0,-1.0,RS41,403.501,7.4,-500,9,2.7,,
2026-09-05T12:50:24.007Z,W4140011,8188,46.54223,7.80745,34914.1,5.3,0.8,340.8,-34.6,0.0,-1.0,RS41,403.501,7.6,-500,9,2.7,,
2026-09-05T12:50:26.007Z,W4140011,8190,46.54226,7.80744,34926.0,6.6,3.5,347.7,-34.6,0.0,-1.0,RS41,403.501,7.6,-500,9,2.7,,
2026-09-05T12:50:35.007Z,W4140011,8199,46.54260,7.80736,34977.9,5.5,1.4,134.7,-34.1,0.0,-1.0,RS41,403.501,7.6,-500,9,2.6,,
2026-09-05T12:50:36.007Z,W4140011,8200,46.54259,7.80736,34983.8,6.4,0.8,205.2,-34.2,0.0,-1.0,RS41,403.501,7.6,-500,9,2.7,,
2026-09-05T12:50:37.007Z,W4140011,8201,46.54259,7.80735,34990.4,7.0,2.3,285.3,-34.1,0.0,-1.0,RS41,403.501,7.4,-500,9,2.7,,
2026-09-05T12:50:44.007Z,W4140011,8208,46.54285,7.80705,35031.4,5.3,3.6,6.3,-34.2,0.0,-1.0,RS41,403.501,7.4,-500,9,2.7,,
2026-09-05T12:50:45.007Z,W4140011,8209,46.54288,7.80706,35036.5,4.8,3.2,24.1,-34.1,0.0,-1.0,RS41,403.501,7.4,-500,9,2.6,,
2026-09-05T12:50:46.007Z,W4140011,8210,46.54290,7.80708,35041.7,5.6,3.0,23.0,-34.1,0.0,-1.0,RS41,403.501,7.1,-500,9,2.6,,
2026-09-05T12:50:47.007Z,W4140011,8211,46.54293,7.80709,35047.8,6.4,3.2,357.4,-34.0,0.0,-1.0,RS41,403.501,7.7,-500,9,2.7,,
2026-09-05T12:50:48.007Z,W4140011,8212,46.54296,7.80707,35054.3,6.6,4.8,332.6,-34.0,0.0,-1.0,RS41,403.501,7.9,-500,9,2.7,,
2026-09-05T12:50:49.007Z,W4140011,8213,46.54300,7.80703,35060.9,6.3,7.1,319.6,-34.1,0.0,-1.0,RS41,403.501,8.0,-500,9,2.6,,
2026-09-05T12:50:59.007Z,W4140011,8223,46.54332,7.80648,35116.9,6.0,2.9,358.1,-34.3,0.0,-1.0,RS41,403.501,7.8,-500,9,2.7,,
2026-09-05T12:51:00.007Z,W4140011,8224,46.54335,7.80647,35123.0,6.1,5.8,341.1,-34.2,0.0,-1.0,RS41,403.501,8.0,-500,9,2.7,,
2026-09-05T12:51:01.007Z,W4140011,8225,46.54341,7.80642,35128.9,5.7,9.2,329.8,-34.2,0.0,-1.0,RS41,403.501,8.0,-500,9,2.7,,
2026-09-05T12:51:13.007Z,W4140011,8237,46.54388,7.80548,35195.8,6.3,7.2,331.0,-34.6,0.0,-1.0,RS41,403.501,7.0,-500,9,2.7,,
2026-09-05T12:51:33.007Z,W4140011,8257,46.54482,7.80360,35304.5,5.3,8.9,295.2,-34.3,0.0,-1.0,RS41,403.501,6.8,-500,9,2.6,,
2026-09-05T12:51:38.007Z,W4140011,8262,46.54508,7.80308,35333.0,5.0,10.1,323.1,-34.3,0.0,-1.0,RS41,403.501,6.9,-500,9,2.6,,
2026-09-05T12:51:41.007Z,W4140011,8265,46.54528,7.80295,35349.4,5.9,6.2,347.2,-34.4,0.0,-1.0,RS41,403.501,6.9,-500,9,2.7,,
2026-09-05T12:51:43.007Z,W4140011,8267,46.54537,7.80291,35361.4,5.8,4.4,334.6,-34.2,0.0,-1.0,RS41,403.501,7.9,-500,9,2.6,,
2026-09-05T12:51:44.007Z,W4140011,8268,46.54540,7.80287,35367.1,5.6,5.4,314.6,-34.3,0.0,-1.0,RS41,403.501,8.6,-500,9,2.6,,
2026-09-05T12:51:48.007Z,W4140011,8272,46.54560,7.80240,35388.0,4.9,15.9,302.3,-34.1,0.0,-1.0,RS41,403.501,7.1,-500,9,2.7,,
2026-09-05T12:52:19.007Z,W4140011,8303,46.54792,7.80105,35553.3,4.4,3.3,4.9,-34.5,0.0,-1.0,RS41,403.501,7.5,-500,9,2.7,,
2026-09-05T12:52:20.007Z,W4140011,8304,46.54795,7.80105,35558.3,5.5,3.2,2.2,-34.4,0.0,-1.0,RS41,403.501,7.5,-500,9,2.6,,
2026-09-05T12:52:21.007Z,W4140011,8305,46.54798,7.80105,35564.2,6.4,4.4,349.2,-34.5,0.0,-1.0,RS41,403.501,7.4,-500,9,2.6,,
2026-09-05T12:52:31.007Z,W4140011,8315,46.54895,7.80103,35617.9,4.1,5.5,39.1,-34.6,0.0,-1.0,RS41,403.501,8.2,-500,9,2.6,,
2026-09-05T12:52:33.007Z,W4140011,8317,46.54900,7.80107,35626.9,5.5,2.6,335.8,-34.7,0.0,-1.0,RS41,403.501,7.1,-500,9,2.7,,
2026-09-05T12:52:44.007Z,W4140011,8328,46.55012,7.80094,35685.6,6.4,8.6,31.8,-34.6,0.0,-1.0,RS41,403.501,6.8,-500,9,2.7,,
2026-09-05T12:52:45.007Z,W4140011,8329,46.55018,7.80098,35692.5,7.3,6.7,8.4,-34.6,0.0,-1.0,RS41,403.501,6.8,-500,9,2.6,,
2026-09-05T12:52:46.007Z,W4140011,8330,46.55024,7.80097,35699.4,6.4,7.8,340.1,-34.5,0.0,-1.0,RS41,403.501,8.3,-500,9,2.6,,
2026-09-05T12:52:47.007Z,W4140011,8331,46.55031,7.80091,35704.6,3.9,10.1,327.1,-34.5,0.0,-1.0,RS41,403.501,8.3,-500,9,2.6,,
2026-09-05T12:52:48.007Z,W4140011,8332,46.55039,7.80083,35708.1,3.1,12.6,321.7,-34.5,0.0,-1.0,RS41,403.501,7.1,-500,9,2.7,,
2026-09-05T12:53:08.007Z,W4140011,8352,46.55231,7.80035,35814.8,5.9,7.4,26.5,-33.0,0.0,-1.0,RS41,403.501,6.8,-500,9,2.7,,
2026-09-05T12:53:27.007Z,W4140011,8371,46.55419,7.80077,35529.0,-68.5,10.8,39.6,-33.5,0.0,-1.0,RS41,403.501,7.4,-500,9,2.6,,
2026-09-05T12:53:28.007Z,W4140011,8372,46.55426,7.80086,35461.4,-66.1,10.3,38.1,-33.3,0.0,-1.0,RS41,403.501,7.4,-500,9,2.7,,
2026-09-05T12:53:29.007Z,W4140011,8373,46.55432,7.80095,35397.5,-62.5,8.8,58.1,-33.3,0.0,-1.0,RS41,403.501,7.4,-500,8,2.7,,
2026-09-05T12:53:30.007Z,W4140011,8374,46.55436,7.80102,35340.6,-52.1,5.8,37.0,-33.3,0.0,-1.0,RS41,403.501,7.4,-500,9,2.7,,
2026-09-05T12:53:31.007Z,W4140011,8375,46.55441,7.80103,35290.7,-47.4,7.3,354.2,-33.6,0.0,-1.0,RS41,403.501,8.7,-500,9,2.6,,
2026-09-05T12:53:32.007Z,W4140011,8376,46.55449,7.80099,35246.7,-41.7,12.3,334.5,-33.8,0.0,-1.0,RS41,403.501,8.7,-500,9,2.6,,
2026-09-05T12:53:42.007Z,W4140011,8386,46.55534,7.79968,34901.5,-35.9,2.0,294.6,-34.0,0.0,-1.0,RS41,403.501,7.1,-500,9,2.6,,
2026-09-05T12:53:43.007Z,W4140011,8387,46.55535,7.79968,34865.3,-36.7,1.4,77.5,-34.1,0.0,-1.0,RS41,403.501,7.6,-500,9,2.7,,
2026-09-05T12:53:45.007Z,W4140011,8389,46.55537,7.79975,34792.2,-35.1,4.3,56.6,-34.2,0.0,-1.0,RS41,403.501,7.4,-500,8,2.6,,
2026-09-05T12:53:46.007Z,W4140011,8390,46.55540,7.79979,34757.3,-35.0,5.4,42.5,-34.3,0.0,-1.0,RS41,403.501,7.4,-500,8,2.6,,
2026-09-05T12:53:47.007Z,W4140011,8391,46.55544,7.79983,34722.2,-35.4,5.7,23.2,-34.4,0.0,-1.0,RS41,403.501,7.8,-500,8,2.7,,
2026-09-05T12:53:48.007Z,W4140011,8392,46.55549,7.79984,34687.1,-35.2,6.6,3.7,-34.6,0.0,-1.0,RS41,403.501,8.3,-500,9,2.7,,
2026-09-05T12:53:49.007Z,W4140011,8393,46.55556,7.79984,34651.4,-36.5,7.8,353.6,-34.7,0.0,-1.0,RS41,403.501,8.3,-500,9,2.7,,
2026-09-05T12:53:50.007Z,W4140011,8394,46.55563,7.79982,34615.1,-36.1,8.7,345.2,-34.8,0.0,-1.0,RS41,403.501,8.0,-500,9,2.6,,
2026-09-05T12:53:57.007Z,W4140011,8401,46.55597,7.79981,34368.3,-34.4,5.8,66.1,-34.9,0.0,-1.0,RS41,403.501,7.3,-500,9,2.6,,
2026-09-05T12:55:18.007Z,W4140011,8482,46.55581,7.80175,31087.6,-47.0,8.0,154.3,-40.4,0.1,-1.0,RS41,403.501,7.5,-500,8,2.7,,
2026-09-05T12:55:21.007Z,W4140011,8485,46.55570,7.80190,30946.1,-47.2,3.6,101.3,-40.9,0.1,-1.0,RS41,403.501,7.7,-500,9,2.6,,
