timestamp,serial,frame,lat,lon,alt,vel_v,vel_h,heading,temp,humidity,pressure,type,freq_mhz,snr,f_error_hz,sats,batt_v,burst_timer,aux_data
2026-09-01T00:40:48.003Z,W4140053,7455,46.86193,7.78888,31858.5,6.2,3.7,102.4,-273.0,-1.0,-1.0,RS41,403.500,7.0,250,8,2.7,,
2026-09-01T00:40:49.003Z,W4140053,7456,46.86192,7.78894,31864.4,5.7,5.0,100.6,-273.0,-1.0,-1.0,RS41,403.500,7.4,250,9,2.7,,
2026-09-01T00:40:50.003Z,W4140053,7457,46.86191,7.78901,31869.8,5.3,5.6,97.5,-273.0,-1.0,-1.0,RS41,403.500,7.5,250,9,2.6,,
2026-09-01T00:40:51.003Z,W4140053,7458,46.86191,7.78908,31875.3,5.8,5.1,92.9,-273.0,-1.0,-1.0,RS41,403.500,7.5,250,9,2.6,,
2026-09-01T00:40:52.003Z,W4140053,7459,46.86191,7.78913,31881.6,6.9,3.4,76.9,-273.0,-1.0,-1.0,RS41,403.500,7.5,250,9,2.6,,
2026-09-01T00:40:55.003Z,W4140053,7462,46.86198,7.78916,31900.1,5.0,4.4,346.6,-273.0,-1.0,-1.0,RS41,403.500,7.3,250,9,2.7,,
2026-09-01T00:41:00.003Z,W4140053,7467,46.86222,7.78932,31930.5,5.4,7.9,60.9,-273.0,-1.0,-1.0,RS41,403.500,7.7,250,9,2.7,,
2026-09-01T00:41:02.003Z,W4140053,7469,46.86225,7.78950,31941.8,6.2,6.3,88.8,-273.0,-1.0,-1.0,RS41,403.500,7.1,250,9,2.6,,
2026-09-01T00:41:03.003Z,W4140053,7470,46.86225,7.78957,31948.1,6.4,4.6,109.7,-273.0,-1.0,-1.0,RS41,403.500,7.4,250,9,2.6,,
2026-09-01T00:41:04.003Z,W4140053,7471,46.86223,7.78961,31954.2,5.7,3.5,142.9,-273.0,-1.0,-1.0,RS41,403.500,7.4,250,9,2.7,,
2026-09-01T00:41:12.003Z,W4140053,7479,46.86219,7.78986,31999.5,4.7,9.2,52.1,-273.0,-1.0,-1.0,RS41,403.500,7.6,250,9,2.6,,
2026-09-01T00:41:14.003Z,W4140053,7481,46.86231,7.79002,32010.5,6.5,8.5,32.9,-273.0,-1.0,-1.0,RS41,403.500,7.9,250,9,2.7,,
2026-09-01T00:41:15.003Z,W4140053,7482,46.86237,7.79007,32017.2,6.8,6.5,19.3,-273.0,-1.0,-1.0,RS41,403.500,7.9,250,9,2.7,,
2026-09-01T00:41:16.003Z,W4140053,7483,46.86241,7.79008,32023.8,6.2,4.2,0.8,-273.0,-1.0,-1.0,RS41,403.500,7.3,250,9,2.6,,
2026-09-01T00:41:25.003Z,W4140053,7492,46.86227,7.79060,32075.5,6.3,7.4,66.9,-273.0,-1.0,-1.0,RS41,403.500,6.9,250,9,2.7,,
2026-09-01T00:41:27.003Z,W4140053,7494,46.86235,7.79070,32087.6,5.2,5.1,11.8,-273.0,-1.0,-1.0,RS41,403.500,7.0,250,9,2.6,,
2026-09-01T00:41:47.003Z,W4140053,7514,46.86253,7.79163,32203.0,5.3,7.2,126.0,-273.0,-1.0,-1.0,RS41,403.500,7.0,250,9,2.6,,
2026-09-01T00:41:48.003Z,W4140053,7515,46.86248,7.79170,32208.1,4.7,8.4,140.4,-273.0,-1.0,-1.0,RS41,403.500,7.0,250,9,2.6,,
2026-09-01T00:41:49.003Z,W4140053,7516,46.86242,7.79177,32212.9,5.0,8.4,147.5,-273.0,-1.0,-1.0,RS41,403.500,7.2,250,9,2.6,,
2026-09-01T00:41:52.003Z,W4140053,7519,46.86232,7.79192,32232.8,7.1,4.0,76.6,-273.0,-1.0,-1.0,RS41,403.500,7.4,250,9,2.7,,
2026-09-01T00:41:53.003Z,W4140053,7520,46.86234,7.79197,32238.9,5.1,5.6,41.8,-273.0,-1.0,-1.0,RS41,403.500,7.4,250,9,2.6,,
2026-09-01T00:41:54.003Z,W4140053,7521,46.86239,7.79202,32243.7,4.4,7.7,24.7,-273.0,-1.0,-1.0,RS41,403.500,7.0,250,9,2.6,,
2026-09-01T00:41:55.003Z,W4140053,7522,46.86246,7.79205,32248.8,5.7,8.9,13.0,-273.0,-1.0,-1.0,RS41,403.500,7.3,250,9,2.6,,
2026-09-01T00:42:02.003Z,W4140053,7529,46.86265,7.79214,32291.4,4.9,4.8,120.4,-273.0,-1.0,-1.0,RS41,403.500,7.5,250,9,2.7,,
2026-09-01T00:42:03.003Z,W4140053,7530,46.86263,7.79220,32296.6,5.5,5.2,120.0,-273.0,-1.0,-1.0,RS41,403.500,7.5,250,9,2.6,,
2026-09-01T00:42:04.003Z,W4140053,7531,46.86261,7.79225,32302.6,6.4,4.4,123.2,-273.0,-1.0,-1.0,RS41,403.500,7.6,250,9,2.6,,
2026-09-01T00:42:05.003Z,W4140053,7532,46.86259,7.79229,32309.4,7.2,2.7,129.3,-273.0,-1.0,-1.0,RS41-SG,403.500,7.6,250,9,2.6,,
2026-09-01T00:42:08.003Z,W4140053,7535,46.86261,7.79226,32328.0,5.4,5.7,324.4,-273.0,-1.0,-1.0,RS41-SG,403.500,7.3,250,9,2.6,,
2026-09-01T00:42:10.003Z,W4140053,7537,46.86275,7.79215,32339.0,5.7,10.6,335.8,-273.0,-1.0,-1.0,RS41-SG,403.500,7.6,250,9,2.6,,
2026-09-01T00:42:11.003Z,W4140053,7538,46.86284,7.79210,32344.6,5.5,11.1,340.1,-273.0,-1.0,-1.0,RS41-SG,403.500,7.6,250,9,2.7,,
2026-09-01T00:42:13.003Z,W4140053,7540,46.86300,7.79203,32356.9,6.9,6.7,350.6,-273.0,-1.0,-1.0,RS41-SG,403.500,7.2,250,9,2.6,,
2026-09-01T00:42:14.003Z,W4140053,7541,46.86304,7.79203,32363.7,6.5,3.2,359.7,-273.0,-1.0,-1.0,RS41-SG,403.500,7.7,250,9,2.6,,
2026-09-01T00:42:15.003Z,W4140053,7542,46.86305,7.79203,32369.4,4.9,0.5,107.0,-273.0,-1.0,-1.0,RS41-SG,403.500,7.7,250,9,2.6,,
2026-09-01T00:42:17.003Z,W4140053,7544,46.86301,7.79204,32377.8,4.9,3.7,175.5,-273.0,-1.0,-1.0,RS41-SG,403.500,7.5,250,9,2.7,,
2026-09-01T00:42:20.003Z,W4140053,7547,46.86299,7.79201,32398.3,5.9,3.6,325.5,-273.0,-1.0,-1.0,RS41-SG,403.500,7.5,250,8,2.6,,
2026-09-01T00:42:21.003Z,W4140053,7548,46.86303,7.79198,32403.4,4.5,6.3,334.3,-273.0,-1.0,-1.0,RS41-SG,403.500,7.5,250,9,2.7,,
2026-09-01T00:42:22.003Z,W4140053,7549,46.86309,7.79194,32407.8,4.3,8.5,336.6,-273.0,-1.0,-1.0,RS41-SG,403.500,7.5,250,9,2.7,,
2026-09-01T00:42:23.003Z,W4140053,7550,46.86316,7.79189,32412.8,5.6,9.5,335.3,-273.0,-1.0,-1.0,RS41-SG,403.500,7.5,250,9,2.6,,
2026-09-01T00:42:24.003Z,W4140053,7551,46.86323,7.79184,32419.0,7.0,8.8,331.7,-273.0,-1.0,-1.0,RS41-SG,403.500,8.1,250,9,2.6,,
2026-09-01T00:42:25.003Z,W4140053,7552,46.86329,7.79178,32426.2,7.3,7.2,324.1,-273.0,-1.0,-1.0,RS41-SG,403.500,8.1,250,9,2.6,,
2026-09-01T00:42:26.003Z,W4140053,7553,46.86334,7.79173,32432.4,5.0,5.8,315.7,-273.0,-1.0,-1.0,RS41-SG,403.500,7.6,250,9,2.6,,
2026-09-01T00:42:27.003Z,W4140053,7554,46.86337,7.79168,32437.1,4.6,4.6,306.0,-273.0,-1.0,-1.0,RS41-SG,403.500,7.8,250,9,2.7,,
2026-09-01T00:42:28.003Z,W4140053,7555,46.86339,7.79163,32441.9,4.9,3.6,299.6,-37.5,-1.0,-1.0,RS41-SG,403.500,7.8,250,9,2.7,,
2026-09-01T00:42:29.003Z,W4140053,7556,46.86341,7.79160,32447.4,6.0,2.9,309.1,-37.5,-1.0,-1.0,RS41-SG,403.500,7.7,250,9,2.7,,
2026-09-01T00:42:30.003Z,W4140053,7557,46.86343,7.79157,32453.6,6.4,3.1,332.4,-37.4,-1.0,-1.0,RS41-SG,403.500,7.7,250,9,2.6,,
2026-09-01T00:42:31.003Z,W4140053,7558,46.86346,7.79156,32460.1,6.3,4.1,348.3,-37.5,-1.0,-1.0,RS41-SG,403.500,7.7,250,9,2.6,,
2026-09-01T00:42:32.003Z,W4140053,7559,46.86350,7.79155,32465.7,4.9,5.0,354.4,-37.5,-1.0,-1.0,RS41-SG,403.500,7.7,250,9,2.6,,
2026-09-01T00:42:33.003Z,W4140053,7560,46.86354,7.79154,32470.6,4.7,5.3,355.7,-37.5,-1.0,-1.0,RS41-SG,403.500,7.7,250,9,2.6,,
2026-09-01T00:42:34.003Z,W4140053,7561,46.86359,7.79154,32475.6,5.4,5.0,355.2,-37.5,-1.0,-1.0,RS41-SG,403.500,8.2,250,9,2.7,,
2026-09-01T00:42:35.003Z,W4140053,7562,46.86363,7.79153,32481.6,6.5,3.7,350.9,-37.5,-1.0,-1.0,RS41-SG,403.500,8.2,250,9,2.7,,
2026-09-01T00:42:36.003Z,W4140053,7563,46.86365,7.79152,32487.8,5.9,2.6,338.6,-37.5,-1.0,-1.0,RS41-SG,403.500,8.4,250,9,2.6,,
2026-09-01T00:42:37.003Z,W4140053,7564,46.86367,7.79150,32493.2,4.8,2.0,316.1,-37.4,-1.0,-1.0,RS41-SG,403.500,8.6,250,9,2.6,,
2026-09-01T00:42:38.003Z,W4140053,7565,46.86368,7.79148,32498.3,5.4,2.3,302.6,-37.4,-1.0,-1.0,RS41-SG,403.500,8.7,250,9,2.6,,
2026-09-01T00:42:39.003Z,W4140053,7566,46.86370,7.79145,32504.4,6.8,3.2,315.1,-37.4,-1.0,-1.0,RS41-SG,403.500,8.7,250,9,2.7,,
2026-09-01T00:42:40.003Z,W4140053,7567,46.86373,7.79143,32511.2,6.6,4.6,330.1,-37.4,-1.0,-1.0,RS41-SG,403.500,8.3,250,9,2.7,,
2026-09-01T00:42:41.003Z,W4140053,7568,46.86377,7.79140,32517.0,4.8,5.7,339.7,-37.4,0.2,-1.0,RS41-SG,403.500,8.3,250,9,2.6,,
2026-09-01T00:42:42.003Z,W4140053,7569,46.86382,7.79138,32521.9,5.1,6.6,347.8,-37.4,0.2,-1.0,RS41-SG,403.500,8.1,250,9,2.6,,
2026-09-01T00:42:43.003Z,W4140053,7570,46.86388,7.79136,32527.6,6.3,6.5,355.8,-37.4,0.3,-1.0,RS41-SG,403.500,8.4,250,9,2.6,,
2026-09-01T00:42:44.003Z,W4140053,7571,46.86393,7.79136,32534.0,6.4,5.8,4.5,-37.3,0.3,-1.0,RS41-SG,403.500,8.4,250,9,2.7,,
2026-09-01T00:42:45.003Z,W4140053,7572,46.86398,7.79137,32539.7,5.2,5.1,14.3,-37.3,0.3,-1.0,RS41-SG,403.500,8.3,250,9,2.7,,
2026-09-01T00:42:46.003Z,W4140053,7573,46.86402,7.79140,32545.0,5.4,5.0,24.8,-37.3,0.2,-1.0,RS41-SG,403.500,8.7,250,9,2.6,,
2026-09-01T00:42:47.003Z,W4140053,7574,46.86406,7.79143,32550.6,5.7,5.3,27.6,-37.2,0.3,-1.0,RS41-SG,403.500,9.0,250,9,2.6,,
2026-09-01T00:42:48.003Z,W4140053,7575,46.86411,7.79146,32556.7,6.4,6.0,24.3,-37.2,0.3,-1.0,RS41-SG,403.500,9.0,250,9,2.6,,
2026-09-01T00:42:49.003Z,W4140053,7576,46.86416,7.79149,32562.9,6.2,6.6,18.3,-37.2,0.3,-1.0,RS41-SG,403.500,8.4,250,9,2.7,,
2026-09-01T00:42:50.003Z,W4140053,7577,46.86422,7.79151,32568.6,5.1,6.7,13.3,-37.2,0.2,-1.0,RS41-SG,403.500,8.4,250,9,2.7,,
2026-09-01T00:42:51.003Z,W4140053,7578,46.86427,7.79153,32573.8,5.3,6.1,7.5,-37.2,0.3,-1.0,RS41-SG,403.500,8.4,250,9,2.6,,
2026-09-01T00:42:52.003Z,W4140053,7579,46.86432,7.79153,32579.3,5.8,4.7,359.4,-37.1,0.2,-1.0,RS41-SG,403.500,8.7,250,9,2.6,,
2026-09-01T00:42:53.003Z,W4140053,7580,46.86436,7.79153,32585.4,6.2,2.9,346.0,-37.1,0.3,-1.0,RS41-SG,403.500,9.0,250,9,2.6,,
2026-09-01T00:42:54.003Z,W4140053,7581,46.86437,7.79152,32591.2,5.5,1.6,317.6,-37.1,0.3,-1.0,RS41-SG,403.500,9.0,250,9,2.7,,
2026-09-01T00:42:55.003Z,W4140053,7582,46.86438,7.79150,32596.6,5.1,0.9,287.0,-37.0,0.3,-1.0,RS41-SG,403.500,8.4,250,9,2.7,,
2026-09-01T00:42:56.003Z,W4140053,7583,46.86438,7.79150,32602.0,5.7,0.6,339.6,-37.0,0.3,-1.0,RS41-SG,403.500,7.9,250,9,2.6,,
2026-09-01T00:42:57.003Z,W4140053,7584,46.86439,7.79150,32608.2,6.6,2.2,18.6,-37.0,0.3,-1.0,RS41-SG,403.500,8.2,250,9,2.6,,
2026-09-01T00:42:58.003Z,W4140053,7585,46.86442,7.79151,32614.7,6.5,4.6,20.7,-36.9,0.2,-1.0,RS41-SG,403.500,8.6,250,9,2.6,,
2026-09-01T00:42:59.003Z,W4140053,7586,46.86447,7.79154,32620.4,4.9,6.6,19.4,-36.8,0.3,-1.0,RS41-SG,403.500,8.6,250,9,2.6,,
2026-09-01T00:43:00.003Z,W4140053,7587,46.86453,7.79157,32625.0,4.2,8.0,18.9,-36.8,0.3,-1.0,RS41-SG,403.500,8.6,250,9,2.7,,
2026-09-01T00:43:01.003Z,W4140053,7588,46.86460,7.79161,32629.8,5.3,8.3,19.9,-36.8,0.3,-1.0,RS41-SG,403.500,8.6,250,9,2.7,,
2026-09-01T00:43:02.003Z,W4140053,7589,46.86466,7.79164,32635.7,6.6,7.1,21.0,-36.7,0.3,-1.0,RS41-SG,403.500,8.6,250,9,2.7,,
2026-09-01T00:43:03.003Z,W4140053,7590,46.86472,7.79167,32642.3,6.6,5.2,23.3,-36.7,0.2,-1.0,RS41-SG,403.500,9.1,250,9,2.6,,
2026-09-01T00:43:04.003Z,W4140053,7591,46.86475,7.79169,32648.1,4.9,3.5,25.2,-36.7,0.2,-1.0,RS41-SG,403.500,9.1,250,9,2.6,,
2026-09-01T00:43:05.003Z,W4140053,7592,46.86477,7.79171,32652.7,4.5,2.2,29.1,-36.7,0.2,-1.0,RS41-SG,403.500,8.7,250,9,2.6,,
2026-09-01T00:43:06.003Z,W4140053,7593,46.86479,7.79172,32657.7,5.4,1.9,28.5,-36.7,0.2,-1.0,RS41-SG,403.500,8.7,250,9,2.6,,
2026-09-01T00:43:07.003Z,W4140053,7594,46.86481,7.79174,32663.6,6.5,2.7,25.2,-36.7,0.2,-1.0,RS41-SG,403.500,8.3,250,9,2.7,,
2026-09-01T00:43:08.003Z,W4140053,7595,46.86484,7.79176,32669.9,6.2,4.3,25.2,-36.7,0.2,-1.0,RS41-SG,403.500,8.3,250,9,2.7,,
2026-09-01T00:43:09.003Z,W4140053,7596,46.86488,7.79178,32675.5,4.8,5.6,26.7,-36.7,0.2,-1.0,RS41-SG,403.500,8.7,250,9,2.6,,
2026-09-01T00:43:10.003Z,W4140053,7597,46.86493,7.79182,32680.2,4.8,6.6,29.8,-36.7,0.2,-1.0,RS41-SG,403.500,8.7,250,9,2.6,,
2026-09-01T00:43:11.003Z,W4140053,7598,46.86498,7.79187,32685.5,5.6,6.8,34.7,-36.6,0.2,-1.0,RS41-SG,403.500,8.7,250,9,2.6,,
2026-09-01T00:43:12.003Z,W4140053,7599,46.86502,7.79192,32691.6,6.5,6.3,41.4,-36.6,0.3,-1.0,RS41-SG,403.500,8.7,250,9,2.7,,
2026-09-01T00:43:13.003Z,W4140053,7600,46.86506,7.79197,32697.8,5.8,5.4,46.3,-36.6,0.2,-1.0,RS41-SG,403.500,8.9,250,9,2.7,,
2026-09-01T00:43:14.003Z,W4140053,7601,46.86509,7.79202,32703.2,4.9,4.5,47.2,-36.5,0.2,-1.0,RS41-SG,403.500,9.0,250,9,2.6,,
2026-09-01T00:43:15.003Z,W4140053,7602,46.86512,7.79206,32708.2,5.1,3.9,38.3,-36.5,0.2,-1.0,RS41-SG,403.500,9.0,250,9,2.6,,
2026-09-01T00:43:16.003Z,W4140053,7603,46.86515,7.79208,32713.9,6.0,3.9,17.1,-36.5,0.2,-1.0,RS41-SG,403.500,8.8,250,9,2.6,,
2026-09-01T00:43:17.003Z,W4140053,7604,46.86519,7.79209,32719.9,5.9,4.7,359.1,-36.5,0.3,-1.0,RS41-SG,403.500,9.3,250,9,2.7,,
2026-09-01T00:43:18.003Z,W4140053,7605,46.86523,7.79208,32725.4,5.0,5.3,348.3,-36.5,0.3,-1.0,RS41-SG,403.500,9.3,250,9,2.7,,
2026-09-01T00:43:19.003Z,W4140053,7606,46.86528,7.79206,32730.7,5.5,5.5,339.8,-36.5,0.2,-1.0,RS41-SG,403.500,8.9,250,9,2.6,,
2026-09-01T00:43:20.003Z,W4140053,7607,46.86532,7.79204,32736.5,6.1,4.5,331.4,-36.5,0.3,-1.0,RS41-SG,403.500,8.9,250,9,2.6,,
2026-09-01T00:43:21.003Z,W4140053,7608,46.86534,7.79201,32742.7,6.1,2.9,313.8,-36.4,0.2,-1.0,RS41-SG,403.500,8.6,250,9,2.6,,
2026-09-01T00:43:22.003Z,W4140053,7609,46.86535,7.79198,32748.9,6.1,1.6,269.9,-36.4,0.2,-1.0,RS41-SG,403.500,8.6,250,9,2.7,,
2026-09-01T00:43:23.003Z,W4140053,7610,46.86535,7.79197,32754.3,4.8,1.6,220.3,-36.4,0.2,-1.0,RS41-SG,403.500,8.1,250,9,2.7,,
2026-09-01T00:43:24.003Z,W4140053,7611,46.86534,7.79196,32759.1,4.6,1.6,200.8,-36.3,0.2,-1.0,RS41-SG,403.500,8.6,250,9,2.6,,
2026-09-01T00:43:25.003Z,W4140053,7612,46.86533,7.79195,32764.2,5.6,0.6,196.6,-36.3,0.2,-1.0,RS41-SG,403.500,9.0,250,9,2.6,,
2026-09-01T00:43:27.003Z,W4140053,7614,46.86535,7.79195,32776.3,5.9,3.3,354.3,-36.3,0.3,-1.0,RS41-SG,403.500,8.1,250,9,2.7,,
2026-09-01T00:43:28.003Z,W4140053,7615,46.86539,7.79194,32781.7,4.9,5.0,350.2,-36.2,0.2,-1.0,RS41-SG,403.500,8.6,250,9,2.7,,
2026-09-01T00:43:29.003Z,W4140053,7616,46.86543,7.79192,32786.5,4.6,5.7,344.1,-36.2,0.2,-1.0,RS41-SG,403.500,8.8,250,9,2.6,,
2026-09-01T00:43:30.003Z,W4140053,7617,46.86548,7.79190,32791.6,5.5,5.3,333.8,-36.2,0.2,-1.0,RS41-SG,403.500,8.8,250,9,2.6,,
2026-09-01T00:43:31.003Z,W4140053,7618,46.86551,7.79186,32797.6,6.4,3.9,311.7,-36.2,0.2,-1.0,RS41-SG,403.500,8.8,250,9,2.6,,
2026-09-01T00:43:32.003Z,W4140053,7619,46.86552,7.79183,32804.0,6.3,3.1,269.1,-36.2,0.2,-1.0,RS41-SG,403.500,8.9,250,9,2.7,,
2026-09-01T00:43:33.003Z,W4140053,7620,46.86551,7.79179,32809.6,4.8,3.6,234.2,-36.2,0.2,-1.0,RS41-SG,403.500,8.9,250,9,2.7,,
2026-09-01T00:43:34.003Z,W4140053,7621,46.86549,7.79175,32814.3,4.6,4.4,214.8,-36.2,0.2,-1.0,RS41-SG,403.500,8.3,250,9,2.6,,
2026-09-01T00:43:35.003Z,W4140053,7622,46.86545,7.79172,32819.5,5.8,4.4,205.7,-36.2,0.2,-1.0,RS41-SG,403.500,9.2,250,9,2.6,,
2026-09-01T00:43:36.003Z,W4140053,7623,46.86542,7.79170,32826.1,7.2,2.7,200.3,-36.2,0.2,-1.0,RS41-SG,403.500,9.2,250,9,2.6,,
2026-09-01T00:43:39.003Z,W4140053,7626,46.86543,7.79172,32843.0,4.4,3.4,33.3,-36.1,0.2,-1.0,RS41-SG,403.500,9.1,250,9,2.6,,
2026-09-01T00:43:40.003Z,W4140053,7627,46.86546,7.79175,32847.8,5.3,4.4,39.2,-36.0,0.3,-1.0,RS41-SG,403.500,9.1,250,9,2.6,,
2026-09-01T00:43:41.003Z,W4140053,7628,46.86549,7.79179,32853.6,6.0,4.5,49.7,-35.9,0.2,-1.0,RS41-SG,403.500,7.9,250,9,2.6,,
2026-09-01T00:43:42.003Z,W4140053,7629,46.86551,7.79184,32859.8,6.3,4.3,64.4,-35.9,0.2,-1.0,RS41-SG,403.500,8.0,250,9,2.7,,
2026-09-01T00:43:43.003Z,W4140053,7630,46.86552,7.79189,32865.8,5.7,4.0,77.4,-35.8,0.2,-1.0,RS41-SG,403.500,8.4,250,9,2.7,,
2026-09-01T00:43:44.003Z,W4140053,7631,46.86553,7.79194,32871.3,5.2,3.6,85.2,-35.8,0.2,-1.0,RS41-SG,403.500,8.5,250,9,2.6,,
2026-09-01T00:43:45.003Z,W4140053,7632,46.86553,7.79198,32876.5,5.2,2.9,87.2,-35.8,0.2,-1.0,RS41-SG,403.500,8.5,250,9,2.6,,
2026-09-01T00:43:48.003Z,W4140053,7635,46.86556,7.79205,32893.7,5.8,2.5,16.0,-35.7,0.2,-1.0,RS41-SG,403.500,7.6,250,9,2.7,,
2026-09-01T00:43:49.003Z,W4140053,7636,46.86558,7.79206,32899.2,5.3,2.9,12.5,-35.7,0.2,-1.0,RS41-SG,403.500,8.9,250,9,2.6,,
2026-09-01T00:43:50.003Z,W4140053,7637,46.86561,7.79207,32904.7,5.6,2.5,21.8,-35.8,0.2,-1.0,RS41-SG,403.500,8.9,250,9,2.6,,
2026-09-01T00:43:51.003Z,W4140053,7638,46.86562,7.79208,32910.5,6.0,1.9,59.5,-35.8,0.2,-1.0,RS41-SG,403.500,8.8,250,9,2.6,,
2026-09-01T00:43:52.003Z,W4140053,7639,46.86562,7.79211,32916.5,5.9,2.5,112.5,-35.8,0.2,-1.0,RS41-SG,403.500,8.8,250,9,2.7,,
2026-09-01T00:43:53.003Z,W4140053,7640,46.86560,7.79214,32922.5,6.1,4.0,132.3,-35.8,0.2,-1.0,RS41-SG,403.500,8.8,250,9,2.7,,
2026-09-01T00:43:54.003Z,W4140053,7641,46.86557,7.79219,32928.4,5.8,5.2,137.0,-35.8,0.2,-1.0,RS41-SG,403.500,8.8,250,9,2.6,,
2026-09-01T00:43:55.003Z,W4140053,7642,46.86554,7.79224,32934.0,5.4,5.4,133.7,-35.9,0.2,-1.0,RS41-SG,403.500,8.7,250,9,2.6,,
2026-09-01T00:43:56.003Z,W4140053,7643,46.86551,7.79229,32939.6,5.7,4.8,121.1,-35.9,0.2,-1.0,RS41-SG,403.500,8.7,250,9,2.6,,
2026-09-01T00:43:58.003Z,W4140053,7645,46.86551,7.79239,32951.8,6.2,4.7,54.1,-36.0,0.2,-1.0,RS41-SG,403.500,9.0,250,9,2.7,,
2026-09-01T00:43:59.003Z,W4140053,7646,46.86555,7.79244,32957.7,5.5,6.3,32.9,-36.0,0.2,-1.0,RS41-SG,403.500,9.0,250,9,2.6,,
2026-09-01T00:44:00.003Z,W4140053,7647,46.86560,7.79248,32962.8,4.4,7.5,24.2,-36.1,0.2,-1.0,RS41-SG,403.500,9.3,250,9,2.6,,
2026-09-01T00:44:01.003Z,W4140053,7648,46.86567,7.79252,32967.5,5.0,7.4,22.8,-36.1,0.2,-1.0,RS41-SG,403.500,9.3,250,9,2.6,,
2026-09-01T00:44:02.003Z,W4140053,7649,46.86572,7.79256,32973.1,6.1,5.7,30.2,-36.1,0.3,-1.0,RS41-SG,403.500,8.1,250,9,2.7,,
2026-09-01T00:44:03.003Z,W4140053,7650,46.86575,7.79260,32979.3,6.3,3.6,60.9,-36.1,0.2,-1.0,RS41-SG,403.500,9.0,250,9,2.7,,
2026-09-01T00:44:05.003Z,W4140053,7652,46.86572,7.79270,32990.4,4.4,6.3,134.6,-36.2,0.2,-1.0,RS41-SG,403.500,8.7,250,9,2.6,,
2026-09-01T00:44:06.003Z,W4140053,7653,46.86567,7.79276,32994.8,4.3,8.1,138.7,-36.2,0.2,-1.0,RS41-SG,403.500,8.7,250,9,2.6,,
2026-09-01T00:44:07.003Z,W4140053,7654,46.86562,7.79283,32999.8,5.6,8.7,135.1,-36.2,0.2,-1.0,RS41-SG,403.500,8.3,250,9,2.7,,
2026-09-01T00:44:08.003Z,W4140053,7655,46.86557,7.79292,33006.1,7.0,7.8,123.5,-36.3,0.3,-1.0,RS41-SG,403.500,8.7,250,9,2.7,,
2026-09-01T00:44:09.003Z,W4140053,7656,46.86555,7.79300,33013.3,7.4,6.4,100.4,-36.3,0.2,-1.0,RS41-SG,403.500,8.7,250,9,2.6,,
2026-09-01T00:44:10.003Z,W4140053,7657,46.86555,7.79308,33019.8,5.5,6.0,74.3,-36.3,0.2,-1.0,RS41-SG,403.500,8.6,250,9,2.6,,
2026-09-01T00:44:11.003Z,W4140053,7658,46.86557,7.79315,33024.5,3.9,6.3,51.8,-36.3,0.2,-1.0,RS41-SG,403.500,7.8,250,9,2.6,,
2026-09-01T00:44:12.003Z,W4140053,7659,46.86562,7.79321,33028.6,4.3,7.0,34.4,-36.4,0.3,-1.0,RS41-SG,403.500,7.8,250,9,2.7,,
2026-09-01T00:44:13.003Z,W4140053,7660,46.86567,7.79325,33033.8,6.2,6.2,26.4,-36.4,0.2,-1.0,RS41-SG,403.500,8.5,250,9,2.7,,
2026-09-01T00:44:14.003Z,W4140053,7661,46.86571,7.79328,33040.3,6.9,4.2,26.6,-36.4,0.2,-1.0,RS41-SG,403.500,8.5,250,9,2.6,,
2026-09-01T00:44:15.003Z,W4140053,7662,46.86573,7.79330,33047.2,6.9,1.6,50.9,-36.4,0.2,-1.0,RS41-SG,403.500,9.2,250,9,2.6,,
2026-09-01T00:44:16.003Z,W4140053,7663,46.86573,7.79331,33053.6,5.8,1.9,155.1,-36.4,0.2,-1.0,RS41-SG,403.500,9.2,250,9,2.6,,
2026-09-01T00:44:17.003Z,W4140053,7664,46.86570,7.79332,33058.9,4.7,3.9,172.2,-36.4,0.2,-1.0,RS41-SG,403.500,8.4,250,9,2.7,,
2026-09-01T00:44:18.003Z,W4140053,7665,46.86566,7.79333,33063.8,4.9,5.3,175.9,-36.3,0.2,-1.0,RS41-SG,403.500,8.6,250,9,2.7,,
2026-09-01T00:44:19.003Z,W4140053,7666,46.86561,7.79333,33069.4,6.3,5.3,178.0,-36.3,0.2,-1.0,RS41-SG,403.500,8.6,250,9,2.6,,
2026-09-01T00:44:20.003Z,W4140053,7667,46.86557,7.79334,33076.2,7.3,3.8,176.9,-36.3,0.2,-1.0,RS41-SG,403.500,8.6,250,9,2.6,,
2026-09-01T00:44:21.003Z,W4140053,7668,46.86554,7.79334,33082.9,5.9,2.0,169.6,-36.3,0.2,-1.0,RS41-SG,403.500,9.2,250,9,2.6,,
2026-09-01T00:44:22.003Z,W4140053,7669,46.86554,7.79335,33088.2,4.5,0.7,95.9,-36.3,0.3,-1.0,RS41-SG,403.500,9.2,250,9,2.7,,
2026-09-01T00:44:23.003Z,W4140053,7670,46.86554,7.79336,33092.9,4.9,1.8,39.4,-36.3,0.2,-1.0,RS41-SG,403.500,8.7,250,9,2.7,,
2026-09-01T00:44:24.003Z,W4140053,7671,46.86556,7.79338,33098.3,5.7,2.4,44.0,-36.3,0.2,-1.0,RS41-SG,403.500,8.7,250,9,2.6,,
2026-09-01T00:44:25.003Z,W4140053,7672,46.86557,7.79340,33104.3,6.3,2.4,60.5,-36.3,0.2,-1.0,RS41-SG,403.500,8.4,250,9,2.6,,
2026-09-01T00:44:27.003Z,W4140053,7674,46.86557,7.79346,33117.0,5.6,2.0,112.1,-36.3,0.2,-1.0,RS41-SG,403.500,8.7,250,9,2.7,,
2026-09-01T00:44:28.003Z,W4140053,7675,46.86556,7.79347,33122.5,5.4,1.7,144.4,-36.3,0.2,-1.0,RS41-SG,403.500,8.7,250,9,2.7,,
2026-09-01T00:44:29.003Z,W4140053,7676,46.86555,7.79348,33127.8,5.3,1.5,195.7,-36.3,0.2,-1.0,RS41-SG,403.500,8.8,250,9,2.6,,
2026-09-01T00:44:30.003Z,W4140053,7677,46.86554,7.79346,33133.2,5.5,2.1,242.3,-36.4,0.2,-1.0,RS41-SG,403.500,8.8,250,9,2.6,,
2026-09-01T00:44:31.003Z,W4140053,7678,46.86553,7.79343,33139.0,6.1,3.1,267.6,-36.4,0.2,-1.0,RS41-SG,403.500,8.4,250,9,2.6,,
2026-09-01T00:44:32.003Z,W4140053,7679,46.86553,7.79339,33145.2,6.2,3.7,278.3,-36.5,0.2,-1.0,RS41-SG,403.500,9.1,250,9,2.7,,
2026-09-01T00:44:33.003Z,W4140053,7680,46.86554,7.79334,33151.3,5.8,3.5,283.4,-36.5,0.2,-1.0,RS41-SG,403.500,9.1,250,9,2.7,,
2026-09-01T00:44:34.003Z,W4140053,7681,46.86555,7.79330,33157.2,5.9,2.4,276.4,-36.5,0.2,-1.0,RS41-SG,403.500,8.3,250,9,2.6,,
2026-09-01T00:44:35.003Z,W4140053,7682,46.86554,7.79328,33163.3,6.2,1.2,207.1,-36.5,0.3,-1.0,RS41-SG,403.500,9.1,250,9,2.6,,
2026-09-01T00:44:36.003Z,W4140053,7683,46.86552,7.79329,33169.7,6.4,3.6,149.7,-36.5,0.2,-1.0,RS41-SG,403.500,9.1,250,9,2.6,,
2026-09-01T00:44:37.003Z,W4140053,7684,46.86549,7.79333,33175.6,5.3,6.1,139.4,-36.4,0.2,-1.0,RS41-SG,403.500,8.3,250,9,2.7,,
2026-09-01T00:44:38.003Z,W4140053,7685,46.86544,7.79339,33180.5,4.5,7.9,133.0,-36.4,0.2,-1.0,RS41-SG,403.500,8.9,250,9,2.7,,
2026-09-01T00:44:39.003Z,W4140053,7686,46.86540,7.79348,33185.5,5.4,8.7,124.8,-36.4,0.2,-1.0,RS41-SG,403.500,8.9,250,9,2.6,,
2026-09-01T00:44:40.003Z,W4140053,7687,46.86536,7.79357,33191.4,6.4,8.1,113.7,-36.4,0.2,-1.0,RS41-SG,403.500,7.8,250,9,2.6,,
2026-09-01T00:44:41.003Z,W4140053,7688,46.86534,7.79366,33198.1,6.9,6.7,97.6,-36.4,0.2,-1.0,RS41-SG,403.500,7.8,250,9,2.6,,
2026-09-01T00:44:42.003Z,W4140053,7689,46.86534,7.79374,33204.8,6.4,5.2,74.8,-36.4,0.2,-1.0,RS41-SG,403.500,8.1,250,9,2.7,,
2026-09-01T00:44:43.003Z,W4140053,7690,46.86536,7.79380,33210.5,5.0,4.4,52.7,-36.4,0.2,-1.0,RS41-SG,403.500,8.1,250,9,2.7,,
2026-09-01T00:44:44.003Z,W4140053,7691,46.86539,7.79383,33215.4,4.7,3.4,27.5,-36.4,0.2,-1.0,RS41-SG,403.500,9.0,250,9,2.6,,
2026-09-01T00:44:45.003Z,W4140053,7692,46.86541,7.79384,33220.6,5.7,1.9,357.7,-36.5,0.2,-1.0,RS41-SG,403.500,9.0,250,9,2.6,,
2026-09-01T00:44:46.003Z,W4140053,7693,46.86542,7.79383,33226.8,6.6,1.2,243.7,-36.5,0.2,-1.0,RS41-SG,403.500,8.5,250,9,2.6,,
2026-09-01T00:44:47.003Z,W4140053,7694,46.86540,7.79382,33233.4,6.4,3.4,202.0,-36.5,0.2,-1.0,RS41-SG,403.500,8.9,250,9,2.7,,
2026-09-01T00:44:49.003Z,W4140053,7696,46.86531,7.79380,33244.1,4.9,6.8,179.0,-36.5,0.2,-1.0,RS41-SG,403.500,9.1,250,9,2.6,,
2026-09-01T00:44:50.003Z,W4140053,7697,46.86525,7.79381,33249.5,6.0,6.9,169.6,-36.5,0.2,-1.0,RS41-SG,403.500,9.1,250,9,2.6,,
2026-09-01T00:44:51.003Z,W4140053,7698,46.86519,7.79383,33256.1,7.1,5.9,154.8,-36.6,0.2,-1.0,RS41-SG,403.500,8.6,250,9,2.6,,
2026-09-01T00:44:52.003Z,W4140053,7699,46.86515,7.79387,33263.0,6.5,4.7,134.6,-36.6,0.2,-1.0,RS41-SG,403.500,8.9,250,9,2.7,,
2026-09-01T00:44:53.003Z,W4140053,7700,46.86513,7.79392,33268.8,5.2,4.2,110.5,-36.6,0.2,-1.0,RS41-SG,403.500,8.9,250,9,2.7,,
2026-09-01T00:44:54.003Z,W4140053,7701,46.86513,7.79397,33273.9,5.1,4.6,89.9,-36.6,0.2,-1.0,RS41-SG,403.500,8.5,250,9,2.6,,
2026-09-01T00:44:55.003Z,W4140053,7702,46.86513,7.79403,33279.3,5.7,5.0,82.5,-36.6,0.2,-1.0,RS41-SG,403.500,8.5,250,9,2.6,,
2026-09-01T00:44:56.003Z,W4140053,7703,46.86513,7.79410,33285.5,6.5,5.0,88.5,-36.5,0.2,-1.0,RS41-SG,403.500,8.0,250,9,2.6,,
2026-09-01T00:44:57.003Z,W4140053,7704,46.86513,7.79416,33292.3,7.0,4.9,102.7,-36.5,0.2,-1.0,RS41-SG,403.500,8.0,250,9,2.7,,
2026-09-01T00:44:58.003Z,W4140053,7705,46.86511,7.79422,33299.3,6.8,5.0,121.8,-36.5,0.2,-1.0,RS41-SG,403.500,8.7,250,9,2.7,,
2026-09-01T00:44:59.003Z,W4140053,7706,46.86508,7.79427,33305.7,5.9,5.3,137.3,-36.4,0.2,-1.0,RS41-SG,403.500,8.9,250,9,2.6,,
2026-09-01T00:45:00.003Z,W4140053,7707,46.86505,7.79432,33311.4,5.3,5.4,148.6,-36.4,0.2,-1.0,RS41-SG,403.500,9.0,250,9,2.6,,
2026-09-01T00:45:01.003Z,W4140053,7708,46.86501,7.79435,33316.8,5.6,4.8,156.6,-36.3,0.2,-1.0,RS41-SG,403.500,9.0,250,9,2.6,,
2026-09-01T00:45:02.003Z,W4140053,7709,46.86497,7.79437,33322.8,6.3,3.3,161.1,-36.3,0.2,-1.0,RS41-SG,403.500,7.6,250,9,2.7,,
2026-09-01T00:45:03.003Z,W4140053,7710,46.86495,7.79438,33329.3,6.6,1.5,158.0,-36.2,0.2,-1.0,RS41-SG,403.500,8.3,250,9,2.7,,
2026-09-01T00:45:04.003Z,W4140053,7711,46.86495,7.79438,33335.8,6.3,0.6,40.8,-36.1,0.2,-1.0,RS41-SG,403.500,8.3,250,9,2.6,,
2026-09-01T00:45:06.003Z,W4140053,7713,46.86497,7.79441,33347.9,6.1,2.3,52.2,-36.1,0.2,-1.0,RS41-SG,403.500,7.0,250,9,2.6,,
2026-09-01T00:45:07.003Z,W4140053,7714,46.86498,7.79444,33354.2,6.5,3.5,87.0,-36.1,0.2,-1.0,RS41-SG,403.500,8.6,250,9,2.7,,
2026-09-01T00:45:08.003Z,W4140053,7715,46.86497,7.79450,33360.6,6.2,5.9,108.4,-36.0,0.2,-1.0,RS41-SG,403.500,8.6,250,9,2.7,,
2026-09-01T00:45:09.003Z,W4140053,7716,46.86494,7.79459,33366.6,5.7,8.7,119.4,-36.0,0.2,-1.0,RS41-SG,403.500,7.8,250,9,2.6,,
2026-09-01T00:45:10.003Z,W4140053,7717,46.86490,7.79470,33372.0,5.0,10.9,124.4,-35.9,0.2,-1.0,RS41-SG,403.500,7.8,250,9,2.6,,
2026-09-01T00:45:12.003Z,W4140053,7719,46.86477,7.79494,33382.1,5.9,11.7,125.4,-35.9,0.2,-1.0,RS41-SG,403.500,7.6,250,9,2.7,,
2026-09-01T00:45:13.003Z,W4140053,7720,46.86472,7.79506,33388.9,7.5,9.6,119.6,-35.9,0.2,-1.0,RS41-SG,403.500,7.6,250,9,2.7,,
2026-09-01T00:45:15.003Z,W4140053,7722,46.86469,7.79523,33402.5,5.2,4.9,83.6,-35.9,0.2,-1.0,RS41-SG,403.500,8.4,250,9,2.6,,
2026-09-01T00:45:16.003Z,W4140053,7723,46.86470,7.79529,33407.1,4.0,4.1,53.1,-35.9,0.2,-1.0,RS41-SG,403.500,8.4,250,9,2.6,,
2026-09-01T00:45:17.003Z,W4140053,7724,46.86473,7.79532,33411.7,5.2,4.0,30.1,-35.8,0.2,-1.0,RS41-SG,403.500,8.1,250,9,2.7,,
2026-09-01T00:45:18.003Z,W4140053,7725,46.86475,7.79534,33417.7,6.8,3.2,31.6,-35.8,0.2,-1.0,RS41-SG,403.500,8.1,250,9,2.7,,
2026-09-01T00:45:19.003Z,W4140053,7726,46.86477,7.79537,33424.9,7.6,2.4,69.5,-35.9,0.2,-1.0,RS41-SG,403.500,7.3,250,9,2.6,,
2026-09-01T00:45:20.003Z,W4140053,7727,46.86477,7.79541,33432.0,6.4,3.6,107.4,-35.9,0.2,-1.0,RS41-SG,403.500,8.8,250,9,2.6,,
2026-09-01T00:45:21.003Z,W4140053,7728,46.86475,7.79546,33437.8,5.3,5.6,120.6,-35.9,0.2,-1.0,RS41-SG,403.500,8.8,250,9,2.6,,
2026-09-01T00:45:22.003Z,W4140053,7729,46.86472,7.79553,33442.9,4.8,7.3,122.0,-35.9,0.2,-1.0,RS41-SG,403.500,8.3,250,9,2.7,,
2026-09-01T00:45:23.003Z,W4140053,7730,46.86469,7.79562,33448.2,5.6,8.4,118.0,-36.0,0.2,-1.0,RS41-SG,403.500,8.3,250,9,2.7,,
2026-09-01T00:45:24.003Z,W4140053,7731,46.86466,7.79572,33454.2,6.5,8.6,110.0,-36.0,0.2,-1.0,RS41-SG,403.500,7.3,250,9,2.6,,
2026-09-01T00:45:25.003Z,W4140053,7732,46.86464,7.79583,33461.0,7.0,8.2,98.3,-36.0,0.2,-1.0,RS41-SG,403.500,7.3,250,9,2.6,,
2026-09-01T00:45:26.003Z,W4140053,7733,46.86463,7.79593,33467.9,6.7,7.7,85.8,-36.1,0.2,-1.0,RS41-SG,403.500,7.3,250,9,2.6,,
2026-09-01T00:45:27.003Z,W4140053,7734,46.86465,7.79603,33474.0,5.5,7.4,74.4,-36.2,0.2,-1.0,RS41-SG,403.500,7.3,250,9,2.7,,
2026-09-01T00:45:28.003Z,W4140053,7735,46.86467,7.79612,33479.3,5.2,7.5,67.4,-36.2,0.2,-1.0,RS41-SG,403.500,8.4,250,9,2.7,,
2026-09-01T00:45:29.003Z,W4140053,7736,46.86469,7.79621,33484.8,5.6,7.5,66.4,-36.2,0.2,-1.0,RS41-SG,403.500,8.4,250,9,2.6,,
2026-09-01T00:45:30.003Z,W4140053,7737,46.86472,7.79630,33491.0,6.6,7.8,72.5,-36.3,0.2,-1.0,RS41-SG,403.500,8.8,250,9,2.6,,
2026-09-01T00:45:31.003Z,W4140053,7738,46.86474,7.79641,33497.7,6.7,8.4,80.5,-36.3,0.2,-1.0,RS41-SG,403.500,8.8,250,9,2.6,,
2026-09-01T00:45:32.003Z,W4140053,7739,46.86474,7.79652,33504.0,5.8,8.8,87.1,-36.4,0.2,-1.0,RS41-SG,403.500,8.9,250,9,2.7,,
2026-09-01T00:45:33.003Z,W4140053,7740,46.86475,7.79664,33509.7,5.6,9.1,90.3,-36.4,0.2,-1.0,RS41-SG,403.500,8.9,250,9,2.7,,
2026-09-01T00:45:34.003Z,W4140053,7741,46.86475,7.79675,33515.5,5.9,8.7,89.2,-36.4,0.2,-1.0,RS41-SG,403.500,8.0,250,9,2.6,,
2026-09-01T00:45:35.003Z,W4140053,7742,46.86475,7.79686,33521.6,6.4,7.8,82.7,-36.5,0.2,-1.0,RS41-SG,403.500,8.4,250,9,2.6,,
2026-09-01T00:45:36.003Z,W4140053,7743,46.86477,7.79695,33528.2,6.6,7.0,71.3,-36.5,0.2,-1.0,RS41-SG,403.500,8.4,250,9,2.6,,
2026-09-01T00:45:37.003Z,W4140053,7744,46.86479,7.79703,33534.4,5.8,6.7,60.9,-36.6,0.2,-1.0,RS41-SG,403.500,7.8,250,9,2.7,,
2026-09-01T00:45:39.003Z,W4140053,7746,46.86485,7.79719,33546.1,6.2,7.2,60.1,-36.6,0.2,-1.0,RS41-SG,403.500,8.1,250,9,2.6,,
2026-09-01T00:45:40.003Z,W4140053,7747,46.86488,7.79728,33552.7,7.1,8.0,71.4,-36.5,0.2,-1.0,RS41-SG,403.500,7.5,250,9,2.6,,
2026-09-01T00:45:42.003Z,W4140053,7749,46.86490,7.79751,33566.0,5.4,10.1,89.9,-36.4,0.2,-1.0,RS41-SG,403.500,7.7,250,9,2.7,,
2026-09-01T00:45:43.003Z,W4140053,7750,46.86490,7.79765,33571.2,5.0,10.6,95.0,-36.3,0.3,-1.0,RS41-SG,403.500,7.7,250,9,2.7,,
2026-09-01T00:45:44.003Z,W4140053,7751,46.86489,7.79778,33576.9,6.3,10.1,96.1,-36.3,0.2,-1.0,RS41-SG,403.500,8.2,250,9,2.6,,
2026-09-01T00:45:45.003Z,W4140053,7752,46.86488,7.79790,33583.7,7.3,8.4,91.6,-36.3,0.2,-1.0,RS41-SG,403.500,8.2,250,9,2.6,,
2026-09-01T00:45:46.003Z,W4140053,7753,46.86489,7.79800,33590.8,6.8,6.6,80.7,-36.3,0.2,-1.0,RS41-SG,403.500,8.7,250,9,2.6,,
2026-09-01T00:45:47.003Z,W4140053,7754,46.86490,7.79807,33596.8,5.2,5.3,66.9,-36.3,0.2,-1.0,RS41-SG,403.500,8.7,250,9,2.7,,
2026-09-01T00:45:48.003Z,W4140053,7755,46.86492,7.79813,33602.2,5.3,4.4,52.3,-36.3,0.2,-1.0,RS41-SG,403.500,8.9,250,9,2.7,,
2026-09-01T00:45:49.003Z,W4140053,7756,46.86495,7.79817,33607.9,6.1,4.2,48.6,-36.3,0.2,-1.0,RS41-SG,403.500,8.9,250,9,2.6,,
2026-09-01T00:45:50.003Z,W4140053,7757,46.86497,7.79821,33614.4,6.9,4.1,61.9,-36.3,0.2,-1.0,RS41-SG,403.500,9.0,250,9,2.6,,
2026-09-01T00:45:51.003Z,W4140053,7758,46.86498,7.79827,33621.2,6.8,4.9,81.9,-36.4,0.2,-1.0,RS41-SG,403.500,9.0,250,9,2.6,,
2026-09-01T00:45:52.003Z,W4140053,7759,46.86498,7.79834,33627.5,5.7,5.9,93.6,-36.4,0.2,-1.0,RS41-SG,403.500,7.5,250,9,2.7,,
2026-09-01T00:45:53.003Z,W4140053,7760,46.86498,7.79842,33632.9,5.0,6.9,100.7,-36.4,0.2,-1.0,RS41-SG,403.500,9.3,250,9,2.7,,
2026-09-01T00:45:54.003Z,W4140053,7761,46.86496,7.79851,33638.0,5.1,7.2,104.1,-36.5,0.2,-1.0,RS41-SG,403.500,9.3,250,9,2.6,,
2026-09-01T00:45:55.003Z,W4140053,7762,46.86495,7.79860,33643.5,6.0,6.7,102.3,-36.5,0.2,-1.0,RS41-SG,403.500,8.8,250,9,2.6,,
2026-09-01T00:45:57.003Z,W4140053,7764,46.86494,7.79875,33656.7,6.5,5.1,75.8,-36.6,0.2,-1.0,RS41-SG,403.500,7.8,250,9,2.7,,
2026-09-01T00:45:59.003Z,W4140053,7766,46.86499,7.79887,33668.4,5.3,6.5,49.1,-36.6,0.2,-1.0,RS41-SG,403.500,7.9,250,9,2.6,,
2026-09-01T00:46:00.003Z,W4140053,7767,46.86504,7.79894,33674.0,6.0,7.7,49.8,-36.7,0.2,-1.0,RS41-SG,403.500,7.9,250,9,2.6,,
2026-09-01T00:46:01.003Z,W4140053,7768,46.86508,7.79903,33680.4,6.7,8.5,57.9,-36.7,0.2,-1.0,RS41-SG,403.500,8.0,250,9,2.6,,
2026-09-01T00:46:02.003Z,W4140053,7769,46.86511,7.79913,33687.1,6.7,8.8,70.2,-36.8,0.2,-1.0,RS41-SG,403.500,8.0,250,9,2.7,,
2026-09-01T00:46:03.003Z,W4140053,7770,46.86513,7.79924,33693.6,6.2,8.8,84.2,-36.8,0.2,-1.0,RS41-SG,403.500,7.2,250,9,2.7,,
2026-09-01T00:46:04.003Z,W4140053,7771,46.86512,7.79935,33699.7,5.9,8.5,100.4,-36.8,0.2,-1.0,RS41-SG,403.500,7.7,250,9,2.6,,
2026-09-01T00:46:05.003Z,W4140053,7772,46.86510,7.79945,33705.5,5.6,7.8,116.9,-36.9,0.2,-1.0,RS41-SG,403.500,7.7,250,9,2.6,,
2026-09-01T00:46:06.003Z,W4140053,7773,46.86506,7.79953,33711.1,5.7,6.9,135.8,-36.9,0.2,-1.0,RS41-SG,403.500,7.3,250,9,2.6,,
2026-09-01T00:46:07.003Z,W4140053,7774,46.86502,7.79958,33717.1,6.1,5.8,155.5,-37.0,0.3,-1.0,RS41-SG,403.500,8.8,250,9,2.7,,
2026-09-01T00:46:08.003Z,W4140053,7775,46.86498,7.79959,33723.5,6.7,4.1,172.3,-37.0,0.2,-1.0,RS41-SG,403.500,8.8,250,9,2.7,,
2026-09-01T00:46:13.003Z,W4140053,7780,46.86505,7.79976,33755.4,5.2,10.7,55.9,-37.1,0.2,-1.0,RS41-SG,403.500,6.7,250,8,2.7,,
2026-09-01T00:46:15.003Z,W4140053,7782,46.86514,7.80007,33766.4,6.1,14.1,77.8,-37.1,0.2,-1.0,RS41-SG,403.500,8.1,250,9,2.6,,
2026-09-01T00:46:16.003Z,W4140053,7783,46.86515,7.80024,33772.9,6.9,13.6,90.7,-37.2,0.3,-1.0,RS41-SG,403.500,8.1,250,9,2.6,,
2026-09-01T00:46:17.003Z,W4140053,7784,46.86513,7.80041,33779.8,7.0,11.6,107.3,-37.2,0.2,-1.0,RS41-SG,403.500,8.0,250,9,2.7,,
2026-09-01T00:46:19.003Z,W4140053,7786,46.86503,7.80060,33792.6,5.4,7.9,154.2,-37.3,0.2,-1.0,RS41-SG,403.500,7.8,250,9,2.6,,
2026-09-01T00:46:25.003Z,W4140053,7792,46.86498,7.80055,33828.2,4.5,8.2,33.6,-37.5,0.3,-1.0,RS41-SG,403.500,7.0,250,9,2.6,,
2026-09-01T00:46:26.003Z,W4140053,7793,46.86504,7.80064,33832.5,4.0,10.8,48.2,-37.5,0.2,-1.0,RS41-SG,403.500,7.8,250,9,2.6,,
2026-09-01T00:46:27.003Z,W4140053,7794,46.86510,7.80076,33837.3,5.6,12.3,62.0,-37.6,0.2,-1.0,RS41-SG,403.500,9.2,250,9,2.7,,
2026-09-01T00:46:28.003Z,W4140053,7795,46.86514,7.80091,33843.9,7.6,12.1,76.6,-37.6,0.3,-1.0,RS41-SG,403.500,9.2,250,9,2.7,,
2026-09-01T00:46:29.003Z,W4140053,7796,46.86515,7.80105,33851.6,7.6,10.9,92.7,-37.6,0.3,-1.0,RS41-SG,403.500,8.0,250,9,2.6,,
2026-09-01T00:46:30.003Z,W4140053,7797,46.86513,7.80119,33858.2,5.6,9.9,108.9,-37.7,0.2,-1.0,RS41-SG,403.500,7.5,250,9,2.6,,
2026-09-01T00:46:31.003Z,W4140053,7798,46.86510,7.80130,33863.2,4.4,9.2,126.3,-37.7,0.2,-1.0,RS41-SG,403.500,7.9,250,9,2.6,,
2026-09-01T00:46:32.003Z,W4140053,7799,46.86504,7.80138,33867.9,4.9,8.6,143.7,-37.8,0.2,-1.0,RS41-SG,403.500,9.2,250,9,2.7,,
2026-09-01T00:46:33.003Z,W4140053,7800,46.86498,7.80143,33873.6,6.7,7.7,153.7,-37.8,0.2,-1.0,RS41-SG,403.500,9.2,250,9,2.7,,
2026-09-01T00:46:34.003Z,W4140053,7801,46.86492,7.80147,33880.8,7.4,5.9,155.3,-37.8,0.3,-1.0,RS41-SG,403.500,7.6,250,9,2.6,,
2026-09-01T00:46:35.003Z,W4140053,7802,46.86488,7.80150,33887.5,6.1,4.0,148.2,-37.9,0.2,-1.0,RS41-SG,403.500,9.3,250,9,2.6,,
2026-09-01T00:46:36.003Z,W4140053,7803,46.86486,7.80153,33893.2,5.3,2.0,120.2,-37.9,0.3,-1.0,RS41-SG,403.500,9.3,250,9,2.6,,
2026-09-01T00:46:37.003Z,W4140053,7804,46.86486,7.80155,33898.5,5.2,2.0,49.0,-38.0,0.3,-1.0,RS41-SG,403.500,7.6,250,9,2.7,,
2026-09-01T00:46:38.003Z,W4140053,7805,46.86489,7.80157,33903.8,5.5,3.6,22.6,-38.0,0.2,-1.0,RS41-SG,403.500,8.1,250,9,2.7,,
2026-09-01T00:46:39.003Z,W4140053,7806,46.86492,7.80158,33909.7,6.2,4.8,19.2,-38.1,0.2,-1.0,RS41-SG,403.500,8.1,250,9,2.6,,
2026-09-01T00:46:40.003Z,W4140053,7807,46.86496,7.80161,33916.1,6.6,5.4,25.7,-38.1,0.2,-1.0,RS41-SG,403.500,7.3,250,9,2.6,,
2026-09-01T00:46:41.003Z,W4140053,7808,46.86500,7.80165,33922.5,6.2,5.7,38.9,-38.1,0.2,-1.0,RS41-SG,403.500,7.4,250,9,2.6,,
2026-09-01T00:46:42.003Z,W4140053,7809,46.86504,7.80170,33928.6,5.8,6.1,53.9,-38.2,0.3,-1.0,RS41-SG,403.500,7.7,250,9,2.7,,
2026-09-01T00:46:43.003Z,W4140053,7810,46.86507,7.80178,33934.4,5.8,7.0,68.6,-38.2,0.2,-1.0,RS41-SG,403.500,7.7,250,9,2.7,,
2026-09-01T00:46:44.003Z,W4140053,7811,46.86508,7.80187,33940.4,6.2,7.9,80.0,-38.2,0.3,-1.0,RS41-SG,403.500,7.6,250,9,2.6,,
2026-09-01T00:46:45.003Z,W4140053,7812,46.86509,7.80198,33947.0,6.8,8.6,89.1,-38.2,0.3,-1.0,RS41-SG,403.500,7.9,250,9,2.6,,
2026-09-01T00:46:46.003Z,W4140053,7813,46.86509,7.80209,33953.8,6.9,8.7,97.9,-38.3,0.2,-1.0,RS41-SG,403.500,8.2,250,9,2.6,,
2026-09-01T00:46:50.003Z,W4140053,7817,46.86495,7.80238,33978.6,6.1,5.8,176.8,-38.3,0.3,-1.0,RS41-SG,403.500,7.3,250,9,2.6,,
2026-09-01T00:46:51.003Z,W4140053,7818,46.86490,7.80237,33984.8,6.1,6.1,203.5,-38.3,0.2,-1.0,RS41-SG,403.500,8.2,250,9,2.6,,
2026-09-01T00:46:54.003Z,W4140053,7821,46.86483,7.80221,34003.7,6.8,4.6,296.0,-38.3,0.3,-1.0,RS41-SG,403.500,7.4,250,9,2.6,,
2026-09-01T00:46:56.003Z,W4140053,7823,46.86492,7.80214,34015.2,4.5,7.9,355.0,-38.3,0.2,-1.0,RS41-SG,403.500,6.9,250,9,2.6,,
2026-09-01T00:46:57.003Z,W4140053,7824,46.86500,7.80214,34019.7,4.6,9.5,7.7,-38.3,0.2,-1.0,RS41-SG,403.500,9.2,250,9,2.7,,
2026-09-01T00:46:58.003Z,W4140053,7825,46.86508,7.80217,34025.0,6.2,9.4,17.0,-38.3,0.3,-1.0,RS41-SG,403.500,9.2,250,9,2.7,,
2026-09-01T00:46:59.003Z,W4140053,7826,46.86515,7.80221,34031.8,7.5,7.7,25.7,-38.4,0.3,-1.0,RS41-SG,403.500,7.1,250,9,2.6,,
2026-09-01T00:47:00.003Z,W4140053,7827,46.86520,7.80225,34039.4,7.6,4.8,37.2,-38.4,0.3,-1.0,RS41-SG,403.500,7.3,250,9,2.6,,
2026-09-01T00:47:01.003Z,W4140053,7828,46.86522,7.80228,34046.4,6.4,1.9,70.7,-38.4,0.3,-1.0,RS41-SG,403.500,7.7,250,9,2.6,,
2026-09-01T00:47:02.003Z,W4140053,7829,46.86522,7.80230,34052.0,4.7,1.9,161.6,-38.4,0.3,-1.0,RS41-SG,403.500,8.5,250,9,2.7,,
2026-09-01T00:47:03.003Z,W4140053,7830,46.86519,7.80230,34056.2,3.8,3.6,191.7,-38.4,0.2,-1.0,RS41-SG,403.500,8.9,250,9,2.7,,
2026-09-01T00:47:04.003Z,W4140053,7831,46.86516,7.80228,34060.4,4.6,4.3,203.5,-38.4,0.3,-1.0,RS41-SG,403.500,8.9,250,9,2.6,,
2026-09-01T00:47:05.003Z,W4140053,7832,46.86513,7.80226,34065.9,6.4,3.2,218.4,-38.4,0.2,-1.0,RS41-SG,403.500,8.9,250,9,2.6,,
2026-09-01T00:47:06.003Z,W4140053,7833,46.86512,7.80223,34072.9,7.3,1.4,273.4,-38.4,0.3,-1.0,RS41-SG,403.500,8.6,250,9,2.6,,
2026-09-01T00:47:07.003Z,W4140053,7834,46.86513,7.80222,34079.9,6.7,3.1,352.3,-38.5,0.2,-1.0,RS41-SG,403.500,8.7,250,9,2.7,,
2026-09-01T00:47:08.003Z,W4140053,7835,46.86517,7.80222,34085.7,4.8,5.4,3.7,-38.5,0.2,-1.0,RS41-SG,403.500,8.7,250,9,2.7,,
2026-09-01T00:47:09.003Z,W4140053,7836,46.86523,7.80223,34090.2,4.4,7.4,7.5,-38.5,0.2,-1.0,RS41-SG,403.500,8.7,250,9,2.6,,
2026-09-01T00:47:10.003Z,W4140053,7837,46.86530,7.80224,34095.1,5.4,8.2,8.0,-38.5,0.3,-1.0,RS41-SG,403.500,8.7,250,9,2.6,,
2026-09-01T00:47:11.003Z,W4140053,7838,46.86537,7.80225,34101.3,7.0,7.4,5.1,-38.4,0.2,-1.0,RS41-SG,403.500,9.2,250,9,2.6,,
2026-09-01T00:47:12.003Z,W4140053,7839,46.86542,7.80226,34108.6,7.5,5.6,357.8,-38.3,0.3,-1.0,RS41-SG,403.500,9.2,250,9,2.7,,
2026-09-01T00:47:13.003Z,W4140053,7840,46.86546,7.80225,34115.2,5.7,3.7,343.8,-38.3,0.2,-1.0,RS41-SG,403.500,9.1,250,9,2.7,,
2026-09-01T00:47:14.003Z,W4140053,7841,46.86549,7.80223,34120.4,4.6,2.4,315.1,-38.2,0.2,-1.0,RS41-SG,403.500,8.9,250,9,2.6,,
2026-09-01T00:47:15.003Z,W4140053,7842,46.86550,7.80221,34125.3,5.0,2.0,276.5,-38.2,0.2,-1.0,RS41-SG,403.500,8.8,250,9,2.6,,
2026-09-01T00:47:16.003Z,W4140053,7843,46.86550,7.80219,34130.9,6.3,1.6,266.4,-38.1,0.2,-1.0,RS41-SG,403.500,8.7,250,9,2.6,,
2026-09-01T00:47:17.003Z,W4140053,7844,46.86550,7.80217,34137.6,7.1,0.8,306.0,-38.1,0.2,-1.0,RS41-SG,403.500,8.9,250,9,2.7,,
2026-09-01T00:47:18.003Z,W4140053,7845,46.86551,7.80217,34144.1,5.9,1.5,12.5,-38.0,0.2,-1.0,RS41-SG,403.500,9.5,250,9,2.7,,
2026-09-01T00:47:19.003Z,W4140053,7846,46.86552,7.80218,34149.7,5.3,2.6,20.5,-38.0,0.2,-1.0,RS41-SG,403.500,9.6,250,9,2.6,,
2026-09-01T00:47:20.003Z,W4140053,7847,46.86555,7.80219,34155.3,5.8,3.5,18.2,-38.0,0.2,-1.0,RS41-SG,403.500,9.6,250,9,2.6,,
2026-09-01T00:47:21.003Z,W4140053,7848,46.86558,7.80220,34161.4,6.6,3.7,8.8,-38.0,0.2,-1.0,RS41-SG,403.500,9.6,250,9,2.6,,
2026-09-01T00:47:22.003Z,W4140053,7849,46.86561,7.80221,34168.2,6.8,3.7,357.6,-38.0,0.3,-1.0,RS41-SG,403.500,9.6,250,9,2.7,,
2026-09-01T00:47:23.003Z,W4140053,7850,46.86565,7.80220,34174.3,5.4,3.8,348.0,-37.9,0.2,-1.0,RS41-SG,403.500,9.6,250,9,2.7,,
2026-09-01T00:47:24.003Z,W4140053,7851,46.86568,7.80219,34179.7,5.4,4.1,344.1,-37.8,0.2,-1.0,RS41-SG,403.500,8.9,250,9,2.6,,
2026-09-01T00:47:25.003Z,W4140053,7852,46.86572,7.80217,34185.5,6.1,4.5,347.9,-37.7,0.2,-1.0,RS41-SG,403.500,8.9,250,9,2.6,,
2026-09-01T00:47:26.003Z,W4140053,7853,46.86576,7.80217,34191.9,6.6,5.2,356.7,-37.7,0.2,-1.0,RS41-SG,403.500,8.7,250,9,2.6,,
2026-09-01T00:47:27.003Z,W4140053,7854,46.86581,7.80217,34198.4,6.1,5.8,4.3,-37.6,0.2,-1.0,RS41-SG,403.500,8.9,250,9,2.7,,
2026-09-01T00:47:28.003Z,W4140053,7855,46.86586,7.80218,34204.1,5.3,6.0,8.9,-37.6,0.2,-1.0,RS41-SG,403.500,8.9,250,9,2.7,,
2026-09-01T00:47:29.003Z,W4140053,7856,46.86592,7.80219,34209.5,5.5,5.4,11.3,-37.5,0.2,-1.0,RS41-SG,403.500,8.9,250,9,2.6,,
2026-09-01T00:47:30.003Z,W4140053,7857,46.86596,7.80220,34215.3,6.0,4.0,7.6,-37.5,0.2,-1.0,RS41-SG,403.500,9.0,250,9,2.6,,
2026-09-01T00:47:31.003Z,W4140053,7858,46.86598,7.80220,34221.5,6.3,2.2,355.1,-37.5,0.2,-1.0,RS41-SG,403.500,9.0,250,9,2.6,,
2026-09-01T00:47:32.003Z,W4140053,7859,46.86600,7.80219,34227.6,5.8,1.2,304.4,-37.5,0.2,-1.0,RS41-SG,403.500,8.9,250,9,2.7,,
2026-09-01T00:47:33.003Z,W4140053,7860,46.86600,7.80218,34233.3,5.4,1.3,267.5,-37.4,0.2,-1.0,RS41-SG,403.500,8.9,250,9,2.7,,
2026-09-01T00:47:35.003Z,W4140053,7862,46.86601,7.80216,34245.6,6.8,1.4,5.2,-37.4,0.2,-1.0,RS41-SG,403.500,7.4,250,9,2.6,,
2026-09-01T00:47:36.003Z,W4140053,7863,46.86603,7.80217,34252.4,6.6,3.5,27.1,-37.4,0.2,-1.0,RS41-SG,403.500,8.0,250,9,2.6,,
2026-09-01T00:47:37.003Z,W4140053,7864,46.86606,7.80220,34258.2,4.9,5.5,30.5,-37.3,0.2,-1.0,RS41-SG,403.500,9.0,250,9,2.7,,
2026-09-01T00:47:38.003Z,W4140053,7865,46.86611,7.80224,34263.0,4.5,7.0,32.5,-37.3,0.2,-1.0,RS41-SG,403.500,9.0,250,9,2.7,,
2026-09-01T00:47:39.003Z,W4140053,7866,46.86616,7.80229,34267.9,5.3,7.6,32.6,-37.3,0.2,-1.0,RS41-SG,403.500,8.4,250,9,2.6,,
2026-09-01T00:47:40.003Z,W4140053,7867,46.86622,7.80234,34273.7,6.2,6.8,32.3,-37.4,0.2,-1.0,RS41-SG,403.500,9.2,250,9,2.6,,
2026-09-01T00:47:41.003Z,W4140053,7868,46.86626,7.80239,34280.2,6.7,5.0,31.8,-37.4,0.2,-1.0,RS41-SG,403.500,9.2,250,9,2.6,,
2026-09-01T00:47:42.003Z,W4140053,7869,46.86629,7.80241,34286.5,5.9,3.2,31.6,-37.4,0.2,-1.0,RS41-SG,403.500,9.3,250,9,2.7,,
2026-09-01T00:47:43.003Z,W4140053,7870,46.86631,7.80243,34291.9,4.9,1.8,36.3,-37.4,0.2,-1.0,RS41-SG,403.500,9.4,250,9,2.7,,
2026-09-01T00:47:44.003Z,W4140053,7871,46.86632,7.80244,34297.0,5.2,1.2,51.0,-37.4,0.2,-1.0,RS41-SG,403.500,9.4,250,9,2.6,,
2026-09-01T00:47:45.003Z,W4140053,7872,46.86633,7.80246,34302.7,6.0,1.8,58.5,-37.4,0.2,-1.0,RS41-SG,403.500,9.4,250,9,2.6,,
2026-09-01T00:47:46.003Z,W4140053,7873,46.86634,7.80249,34309.0,6.5,3.2,52.9,-37.4,0.2,-1.0,RS41-SG,403.500,8.8,250,9,2.6,,
2026-09-01T00:47:47.003Z,W4140053,7874,46.86636,7.80253,34314.9,5.2,4.6,48.6,-37.5,0.2,-1.0,RS41-SG,403.500,8.9,250,9,2.7,,
2026-09-01T00:47:48.003Z,W4140053,7875,46.86640,7.80258,34320.1,4.8,5.8,45.8,-37.5,0.2,-1.0,RS41-SG,403.500,8.9,250,9,2.7,,
2026-09-01T00:47:49.003Z,W4140053,7876,46.86643,7.80263,34325.2,5.5,6.2,44.5,-37.5,0.2,-1.0,RS41-SG,403.500,8.7,250,9,2.6,,
2026-09-01T00:47:50.003Z,W4140053,7877,46.86647,7.80268,34331.2,6.4,5.6,43.1,-37.5,0.2,-1.0,RS41-SG,403.500,9.0,250,9,2.6,,
2026-09-01T00:47:51.003Z,W4140053,7878,46.86650,7.80273,34337.7,6.5,4.2,43.0,-37.5,0.2,-1.0,RS41-SG,403.500,9.0,250,9,2.6,,
2026-09-01T00:47:52.003Z,W4140053,7879,46.86653,7.80276,34343.7,5.4,2.9,43.0,-37.5,0.2,-1.0,RS41-SG,403.500,8.4,250,9,2.7,,
2026-09-01T00:47:53.003Z,W4140053,7880,46.86654,7.80278,34348.8,4.9,2.0,42.5,-37.5,0.2,-1.0,RS41-SG,403.500,8.3,250,9,2.7,,
2026-09-01T00:47:54.003Z,W4140053,7881,46.86656,7.80280,34353.8,5.0,1.9,38.7,-37.5,0.2,-1.0,RS41-SG,403.500,8.3,250,9,2.6,,
2026-09-01T00:47:55.003Z,W4140053,7882,46.86657,7.80282,34359.2,5.7,2.6,38.1,-37.5,0.2,-1.0,RS41-SG,403.500,8.5,250,9,2.6,,
2026-09-01T00:47:56.003Z,W4140053,7883,46.86659,7.80284,34365.1,6.0,3.7,38.0,-37.5,0.2,-1.0,RS41-SG,403.500,9.2,250,9,2.6,,
2026-09-01T00:47:57.003Z,W4140053,7884,46.86662,7.80288,34371.2,6.0,5.0,40.0,-37.5,0.2,-1.0,RS41-SG,403.500,9.2,250,9,2.7,,
2026-09-01T00:47:58.003Z,W4140053,7885,46.86666,7.80292,34376.9,5.5,5.8,43.5,-37.5,0.2,-1.0,RS41-SG,403.500,9.2,250,9,2.7,,
2026-09-01T00:47:59.003Z,W4140053,7886,46.86670,7.80298,34382.2,5.1,6.0,49.8,-37.5,0.2,-1.0,RS41-SG,403.500,9.2,250,9,2.6,,
2026-09-01T00:48:00.003Z,W4140053,7887,46.86672,7.80304,34387.4,5.2,5.5,60.9,-37.5,0.2,-1.0,RS41-SG,403.500,9.2,250,9,2.6,,
2026-09-01T00:48:01.003Z,W4140053,7888,46.86674,7.80310,34392.8,5.5,4.6,80.5,-37.5,0.2,-1.0,RS41-SG,403.500,9.2,250,9,2.6,,
2026-09-01T00:48:02.003Z,W4140053,7889,46.86674,7.80316,34398.3,5.5,4.1,109.1,-37.5,0.2,-1.0,RS41-SG,403.500,9.2,250,9,2.7,,
2026-09-01T00:48:03.003Z,W4140053,7890,46.86672,7.80320,34403.8,5.4,4.3,136.6,-37.4,0.2,-1.0,RS41-SG,403.500,9.2,250,9,2.7,,
2026-09-01T00:48:04.003Z,W4140053,7891,46.86668,7.80324,34409.4,5.7,4.7,152.4,-37.4,0.3,-1.0,RS41-SG,403.500,9.4,250,9,2.6,,
2026-09-01T00:48:05.003Z,W4140053,7892,46.86665,7.80326,34415.2,5.8,4.3,157.0,-37.4,0.2,-1.0,RS41-SG,403.500,9.4,250,9,2.6,,
2026-09-01T00:48:06.003Z,W4140053,7893,46.86662,7.80328,34421.1,6.0,2.9,146.0,-37.4,0.2,-1.0,RS41-SG,403.500,8.7,250,9,2.6,,
2026-09-01T00:48:07.003Z,W4140053,7894,46.86661,7.80331,34427.1,6.0,2.2,85.3,-37.4,0.3,-1.0,RS41-SG,403.500,8.3,250,9,2.7,,
2026-09-01T00:48:08.003Z,W4140053,7895,46.86662,7.80334,34432.9,5.6,4.3,43.4,-37.4,0.2,-1.0,RS41-SG,403.500,9.0,250,9,2.7,,
2026-09-01T00:48:09.003Z,W4140053,7896,46.86666,7.80339,34438.1,5.0,7.3,34.4,-37.3,0.2,-1.0,RS41-SG,403.500,9.8,250,9,2.6,,
2026-09-01T00:48:10.003Z,W4140053,7897,46.86673,7.80345,34442.8,4.3,9.3,33.4,-37.3,0.2,-1.0,RS41-SG,403.500,9.8,250,9,2.6,,
2026-09-01T00:48:11.003Z,W4140053,7898,46.86680,7.80352,34447.4,5.0,9.9,36.3,-37.3,0.2,-1.0,RS41-SG,403.500,9.7,250,9,2.6,,
2026-09-01T00:48:12.003Z,W4140053,7899,46.86686,7.80360,34453.2,6.6,8.6,44.1,-37.3,0.2,-1.0,RS41-SG,403.500,9.7,250,9,2.7,,
2026-09-01T00:48:13.003Z,W4140053,7900,46.86690,7.80367,34459.9,6.9,6.1,61.7,-37.2,0.2,-1.0,RS41-SG,403.500,9.2,250,9,2.7,,
2026-09-01T00:48:14.003Z,W4140053,7901,46.86691,7.80373,34466.3,5.9,4.5,102.0,-37.2,0.2,-1.0,RS41-SG,403.500,9.2,250,9,2.6,,
2026-09-01T00:48:15.003Z,W4140053,7902,46.86689,7.80378,34471.5,4.6,5.5,145.1,-37.2,0.2,-1.0,RS41-SG,403.500,9.0,250,9,2.6,,
2026-09-01T00:48:16.003Z,W4140053,7903,46.86683,7.80382,34475.4,3.4,7.4,164.0,-37.2,0.2,-1.0,RS41-SG,403.500,9.0,250,9,2.6,,
2026-09-01T00:48:17.003Z,W4140053,7904,46.86676,7.80384,34479.2,4.1,8.3,172.6,-37.2,0.2,-1.0,RS41-SG,403.500,8.9,250,9,2.7,,
2026-09-01T00:48:18.003Z,W4140053,7905,46.86670,7.80385,34484.1,5.9,7.0,175.6,-37.2,0.2,-1.0,RS41-SG,403.500,9.1,250,9,2.7,,
2026-09-01T00:48:19.003Z,W4140053,7906,46.86665,7.80385,34490.5,7.0,3.9,172.7,-37.2,0.2,-1.0,RS41-SG,403.500,9.1,250,9,2.6,,
2026-09-01T00:48:20.003Z,W4140053,7907,46.86663,7.80386,34497.1,6.3,0.8,86.8,-37.2,0.2,-1.0,RS41-SG,403.500,8.9,250,9,2.6,,
2026-09-01T00:48:21.003Z,W4140053,7908,46.86665,7.80387,34502.5,4.3,3.9,17.1,-37.2,0.2,-1.0,RS41-SG,403.500,8.9,250,9,2.6,,
2026-09-01T00:48:22.003Z,W4140053,7909,46.86669,7.80389,34506.1,3.0,7.0,11.4,-37.1,0.2,-1.0,RS41-SG,403.500,10.0,250,9,2.7,,
2026-09-01T00:48:23.003Z,W4140053,7910,46.86677,7.80391,34509.4,3.6,9.0,8.1,-37.1,0.2,-1.0,RS41-SG,403.500,10.2,250,9,2.7,,
2026-09-01T00:48:24.003Z,W4140053,7911,46.86684,7.80392,34513.9,5.5,8.7,6.2,-37.1,0.2,-1.0,RS41-SG,403.500,10.2,250,9,2.6,,
2026-09-01T00:48:25.003Z,W4140053,7912,46.86691,7.80393,34520.4,7.3,6.0,3.7,-37.1,0.2,-1.0,RS41-SG,403.500,9.5,250,9,2.6,,
2026-09-01T00:48:26.003Z,W4140053,7913,46.86694,7.80393,34527.7,7.5,2.0,358.5,-37.0,0.2,-1.0,RS41-SG,403.500,8.8,250,9,2.6,,
2026-09-01T00:48:27.003Z,W4140053,7914,46.86694,7.80393,34534.2,5.6,2.0,188.1,-37.0,0.2,-1.0,RS41-SG,403.500,9.0,250,9,2.7,,
2026-09-01T00:48:28.003Z,W4140053,7915,46.86691,7.80393,34538.6,3.2,5.3,181.8,-37.0,0.2,-1.0,RS41-SG,403.500,9.8,250,9,2.7,,
2026-09-01T00:48:29.003Z,W4140053,7916,46.86685,7.80393,34541.6,2.7,8.1,177.6,-37.0,0.2,-1.0,RS41-SG,403.500,9.8,250,9,2.6,,
2026-09-01T00:48:30.003Z,W4140053,7917,46.86677,7.80394,34545.3,4.7,9.4,173.3,-37.0,0.2,-1.0,RS41-SG,403.500,9.4,250,9,2.6,,
2026-09-01T00:48:32.003Z,W4140053,7919,46.86664,7.80399,34558.7,7.7,5.2,152.8,-36.9,0.2,-1.0,RS41-SG,403.500,8.3,250,9,2.7,,
2026-09-01T00:48:33.003Z,W4140053,7920,46.86661,7.80402,34565.4,5.7,2.7,121.1,-36.9,0.2,-1.0,RS41-SG,403.500,9.5,250,9,2.7,,
2026-09-01T00:48:34.003Z,W4140053,7921,46.86662,7.80404,34570.4,4.2,2.5,43.0,-36.9,0.2,-1.0,RS41-SG,403.500,9.7,250,9,2.6,,
2026-09-01T00:48:35.003Z,W4140053,7922,46.86665,7.80406,34574.4,3.9,4.8,2.0,-36.9,0.2,-1.0,RS41-SG,403.500,9.7,250,9,2.6,,
2026-09-01T00:48:36.003Z,W4140053,7923,46.86670,7.80404,34578.9,4.9,6.9,343.1,-36.9,0.2,-1.0,RS41-SG,403.500,9.7,250,9,2.6,,
2026-09-01T00:48:37.003Z,W4140053,7924,46.86676,7.80400,34584.0,5.4,8.0,328.4,-36.9,0.2,-1.0,RS41-SG,403.500,9.7,250,9,2.7,,
2026-09-01T00:48:38.003Z,W4140053,7925,46.86681,7.80394,34589.2,4.9,8.4,315.6,-36.9,0.2,-1.0,RS41-SG,403.500,9.7,250,9,2.7,,
2026-09-01T00:48:39.003Z,W4140053,7926,46.86686,7.80385,34593.9,4.5,8.1,303.4,-36.9,0.2,-1.0,RS41-SG,403.500,9.1,250,9,2.6,,
2026-09-01T00:48:40.003Z,W4140053,7927,46.86689,7.80377,34598.5,4.6,7.4,293.7,-36.8,0.2,-1.0,RS41-SG,403.500,9.4,250,9,2.6,,
2026-09-01T00:48:41.003Z,W4140053,7928,46.86691,7.80368,34603.3,5.1,6.2,283.5,-36.8,0.2,-1.0,RS41-SG,403.500,9.4,250,9,2.6,,
2026-09-01T00:48:42.003Z,W4140053,7929,46.86692,7.80361,34608.6,5.6,4.4,275.3,-36.7,0.2,-1.0,RS41-SG,403.500,9.3,250,9,2.7,,
2026-09-01T00:48:43.003Z,W4140053,7930,46.86692,7.80357,34614.2,5.6,2.8,270.0,-36.7,0.2,-1.0,RS41-SG,403.500,8.9,250,9,2.7,,
2026-09-01T00:48:44.003Z,W4140053,7931,46.86692,7.80354,34619.5,5.1,1.3,261.0,-36.6,0.2,-1.0,RS41-SG,403.500,9.2,250,9,2.7,,
2026-09-01T00:48:45.003Z,W4140053,7932,46.86692,7.80353,34624.3,4.5,0.5,227.0,-36.6,0.2,-1.0,RS41-SG,403.500,9.6,250,9,2.6,,
2026-09-01T00:48:46.003Z,W4140053,7933,46.86692,7.80353,34628.9,4.7,0.5,178.6,-36.6,0.2,-1.0,RS41-SG,403.500,9.6,250,9,2.6,,
2026-09-01T00:48:47.003Z,W4140053,7934,46.86691,7.80352,34633.8,5.2,0.8,205.8,-36.6,0.2,-1.0,RS41-SG,403.500,8.9,250,9,2.6,,
2026-09-01T00:48:48.003Z,W4140053,7935,46.86691,7.80351,34639.2,5.8,1.5,246.1,-36.5,0.2,-1.0,RS41-SG,403.500,8.8,250,9,2.6,,
2026-09-01T00:48:49.003Z,W4140053,7936,46.86690,7.80349,34645.2,6.3,2.8,263.7,-36.5,0.2,-1.0,RS41-SG,403.500,9.6,250,9,2.7,,
2026-09-01T00:48:50.003Z,W4140053,7937,46.86690,7.80344,34651.2,5.8,4.0,278.6,-36.5,0.2,-1.0,RS41-SG,403.500,9.6,250,9,2.7,,
2026-09-01T00:48:51.003Z,W4140053,7938,46.86692,7.80338,34656.5,4.9,5.4,293.1,-36.5,0.2,-1.0,RS41-SG,403.500,9.4,250,9,2.6,,
2026-09-01T00:48:53.003Z,W4140053,7940,46.86699,7.80324,34665.7,4.4,8.6,321.5,-36.4,0.2,-1.0,RS41,403.500,8.4,250,9,2.6,,
2026-09-01T00:48:54.003Z,W4140053,7941,46.86706,7.80318,34670.3,4.7,10.1,332.6,-36.4,0.2,-1.0,RS41,403.500,8.4,250,9,2.7,,
2026-09-01T00:48:55.003Z,W4140053,7942,46.86715,7.80313,34675.3,5.3,10.9,342.4,-36.4,0.2,-1.0,RS41,403.500,8.5,250,9,2.7,,
2026-09-01T00:48:56.003Z,W4140053,7943,46.86724,7.80309,34680.8,5.8,10.5,350.6,-36.3,0.2,-1.0,RS41,403.500,9.4,250,9,2.6,,
2026-09-01T00:48:57.003Z,W4140053,7944,46.86733,7.80308,34686.9,6.1,8.8,0.1,-36.3,0.2,-1.0,RS41,403.500,9.4,250,9,2.6,,
2026-09-01T00:48:58.003Z,W4140053,7945,46.86740,7.80309,34692.9,5.9,6.2,13.3,-36.2,0.2,-1.0,RS41,403.500,9.3,250,9,2.6,,
2026-09-01T00:48:59.003Z,W4140053,7946,46.86743,7.80312,34698.4,5.2,3.4,43.0,-36.2,0.2,-1.0,RS41,403.500,9.3,250,9,2.7,,
2026-09-01T00:49:00.003Z,W4140053,7947,46.86744,7.80315,34703.3,4.5,2.7,112.9,-36.2,0.2,-1.0,RS41,403.500,9.5,250,9,2.7,,
2026-09-01T00:49:01.003Z,W4140053,7948,46.86742,7.80318,34707.6,4.2,4.4,155.3,-36.2,0.2,-1.0,RS41,403.500,9.7,250,9,2.6,,
2026-09-01T00:49:02.003Z,W4140053,7949,46.86738,7.80319,34712.1,4.8,5.4,179.5,-36.2,0.2,-1.0,RS41,403.500,9.7,250,9,2.6,,
2026-09-01T00:49:03.003Z,W4140053,7950,46.86733,7.80317,34717.5,6.0,5.4,209.5,-36.2,0.2,-1.0,RS41,403.500,9.0,250,9,2.6,,
2026-09-01T00:49:04.003Z,W4140053,7951,46.86730,7.80312,34723.8,6.6,5.5,250.6,-36.2,0.2,-1.0,RS41,403.500,8.6,250,9,2.7,,
2026-09-01T00:49:05.003Z,W4140053,7952,46.86730,7.80304,34730.2,5.9,7.3,288.3,-36.2,0.2,-1.0,RS41,403.500,8.7,250,9,2.7,,
2026-09-01T00:49:06.003Z,W4140053,7953,46.86734,7.80295,34735.4,4.4,9.9,311.6,-36.2,0.2,-1.0,RS41,403.500,8.7,250,9,2.6,,
2026-09-01T00:49:07.003Z,W4140053,7954,46.86742,7.80286,34739.1,3.1,12.4,327.1,-36.2,0.2,-1.0,RS41,403.500,8.6,250,9,2.6,,
2026-09-01T00:49:08.003Z,W4140053,7955,46.86752,7.80278,34742.6,3.8,13.9,341.3,-36.2,0.2,-1.0,RS41,403.500,8.6,250,9,2.6,,
2026-09-01T00:49:09.003Z,W4140053,7956,46.86764,7.80275,34747.2,5.4,13.8,355.8,-36.1,0.2,-1.0,RS41,403.500,7.9,250,9,2.7,,
2026-09-01T00:49:11.003Z,W4140053,7958,46.86785,7.80281,34759.1,5.8,10.2,32.3,-36.1,0.2,-1.0,RS41,403.500,8.4,250,9,2.6,,
2026-09-01T00:49:12.003Z,W4140053,7959,46.86791,7.80289,34764.3,4.5,8.7,56.8,-36.1,0.2,-1.0,RS41,403.500,9.1,250,9,2.6,,
2026-09-01T00:49:13.003Z,W4140053,7960,46.86794,7.80299,34768.3,3.3,7.9,83.0,-36.1,0.2,-1.0,RS41,403.500,9.2,250,9,2.6,,
2026-09-01T00:49:14.003Z,W4140053,7961,46.86793,7.80309,34771.7,3.6,7.5,107.2,-36.1,0.2,-1.0,RS41,403.500,9.6,250,9,2.7,,
2026-09-01T00:49:15.003Z,W4140053,7962,46.86790,7.80317,34776.1,5.1,6.4,127.2,-36.1,0.2,-1.0,RS41,403.500,9.6,250,9,2.7,,
2026-09-01T00:49:16.003Z,W4140053,7963,46.86787,7.80322,34782.0,6.5,3.7,148.2,-36.1,0.2,-1.0,RS41,403.500,9.0,250,9,2.6,,
2026-09-01T00:49:17.003Z,W4140053,7964,46.86785,7.80322,34788.6,6.8,1.3,229.6,-36.1,0.2,-1.0,RS41,403.500,9.1,250,9,2.6,,
2026-09-01T00:49:18.003Z,W4140053,7965,46.86786,7.80319,34794.8,5.6,4.2,302.8,-36.1,0.2,-1.0,RS41,403.500,9.1,250,9,2.6,,
2026-09-01T00:49:19.003Z,W4140053,7966,46.86790,7.80314,34799.8,4.4,7.7,316.6,-36.0,0.2,-1.0,RS41,403.500,8.1,250,9,2.7,,
2026-09-01T00:49:20.003Z,W4140053,7967,46.86796,7.80306,34803.8,3.6,10.3,324.1,-36.0,0.2,-1.0,RS41,403.500,7.9,250,9,2.7,,
2026-09-01T00:49:21.003Z,W4140053,7968,46.86804,7.80299,34807.9,4.5,11.5,331.5,-36.0,0.2,-1.0,RS41,403.500,7.9,250,9,2.6,,
2026-09-01T00:49:23.003Z,W4140053,7970,46.86821,7.80289,34819.8,6.9,7.9,352.4,-36.0,0.2,-1.0,RS41,403.500,8.1,250,9,2.6,,
2026-09-01T00:49:24.003Z,W4140053,7971,46.86827,7.80290,34826.5,6.4,4.7,20.1,-36.0,0.2,-1.0,RS41,403.500,8.1,250,9,2.7,,
2026-09-01T00:49:25.003Z,W4140053,7972,46.86829,7.80293,34832.0,4.6,4.0,77.6,-36.0,0.2,-1.0,RS41,403.500,9.3,250,9,2.7,,
2026-09-01T00:49:26.003Z,W4140053,7973,46.86828,7.80300,34835.8,2.9,6.1,111.9,-36.0,0.2,-1.0,RS41,403.500,9.3,250,9,2.6,,
2026-09-01T00:49:27.003Z,W4140053,7974,46.86825,7.80308,34838.6,2.9,8.2,124.2,-36.0,0.2,-1.0,RS41,403.500,8.6,250,9,2.6,,
2026-09-01T00:49:29.003Z,W4140053,7976,46.86817,7.80324,34848.6,7.1,6.3,121.6,-36.0,0.2,-1.0,RS41,403.500,8.3,250,9,2.7,,
2026-09-01T00:49:30.003Z,W4140053,7977,46.86816,7.80330,34855.9,7.4,3.1,92.4,-36.0,0.2,-1.0,RS41,403.500,8.8,250,9,2.7,,
2026-09-01T00:49:31.003Z,W4140053,7978,46.86817,7.80332,34862.5,5.9,3.4,12.3,-36.0,0.2,-1.0,RS41,403.500,8.8,250,9,2.7,,
2026-09-01T00:49:38.003Z,W4140053,7985,46.86860,7.80315,34776.6,-32.4,4.0,94.1,-35.8,0.2,-1.0,RS41,403.500,9.0,250,9,2.6,,
2026-09-01T00:49:39.003Z,W4140053,7986,46.86859,7.80322,34742.3,-35.9,7.4,116.9,-35.7,0.2,-1.0,RS41,403.500,9.0,250,9,2.6,,
2026-09-01T00:49:40.003Z,W4140053,7987,46.86855,7.80331,34702.9,-42.7,7.5,116.7,-35.5,0.2,-1.0,RS41,403.500,8.8,250,9,2.6,,
2026-09-01T00:49:41.003Z,W4140053,7988,46.86852,7.80340,34661.9,-38.8,9.2,123.2,-35.4,0.2,-1.0,RS41,403.500,8.8,250,9,2.6,,
2026-09-01T00:49:42.003Z,W4140053,7989,46.86847,7.80350,34624.8,-34.5,8.6,126.2,-35.5,0.2,-1.0,RS41,403.500,9.8,250,9,2.7,,
2026-09-01T00:49:43.003Z,W4140053,7990,46.86843,7.80357,34590.3,-33.9,5.8,129.7,-35.6,0.2,-1.0,RS41,403.500,9.8,250,9,2.6,,
2026-09-01T00:49:44.003Z,W4140053,7991,46.86841,7.80361,34555.8,-34.6,2.1,145.0,-35.7,0.2,-1.0,RS41-SG,403.500,8.8,250,9,2.6,,
2026-09-01T00:49:45.003Z,W4140053,7992,46.86840,7.80361,34520.0,-36.6,1.6,267.9,-35.9,0.2,-1.0,RS41-SG,403.500,9.3,250,9,2.6,,
2026-09-01T00:49:46.003Z,W4140053,7993,46.86841,7.80357,34482.7,-37.3,5.1,297.4,-35.9,0.2,-1.0,RS41-SG,403.500,9.3,250,9,2.7,,
2026-09-01T00:49:47.003Z,W4140053,7994,46.86844,7.80350,34445.3,-37.3,7.7,302.0,-36.0,0.2,-1.0,RS41-SG,403.500,8.6,250,9,2.7,,
2026-09-01T00:49:49.003Z,W4140053,7996,46.86852,7.80334,34373.4,-33.1,6.3,313.3,-36.2,0.2,-1.0,RS41-SG,403.500,8.7,250,9,2.6,,
2026-09-01T00:49:50.003Z,W4140053,7997,46.86855,7.80330,34340.4,-32.6,3.8,336.3,-36.3,0.2,-1.0,RS41-SG,403.500,7.9,250,9,2.6,,
2026-09-01T00:49:51.003Z,W4140053,7998,46.86858,7.80330,34306.8,-34.3,2.8,35.0,-36.4,0.2,-1.0,RS41-SG,403.500,7.9,250,9,2.6,,
2026-09-01T00:49:52.003Z,W4140053,7999,46.86859,7.80334,34271.2,-36.8,4.2,79.0,-36.4,0.2,-1.0,RS41-SG,403.500,8.6,250,9,2.7,,
2026-09-01T00:49:53.003Z,W4140053,8000,46.86860,7.80341,34233.5,-38.3,6.1,91.7,-36.4,0.2,-1.0,RS41-SG,403.500,8.7,250,9,2.6,,
2026-09-01T00:49:54.003Z,W4140053,8001,46.86859,7.80349,34193.5,-41.3,7.6,96.4,-36.3,0.2,-1.0,RS41-SG,403.500,8.7,250,8,2.6,,
2026-09-01T00:49:55.003Z,W4140053,8002,46.86858,7.80360,34152.3,-40.3,8.6,98.2,-36.2,0.2,-1.0,RS41-SG,403.500,9.4,250,9,2.6,,
2026-09-01T00:49:56.003Z,W4140053,8003,46.86857,7.80371,34111.0,-41.7,7.8,95.0,-36.3,0.2,-1.0,RS41-SG,403.500,9.5,250,8,2.6,,
2026-09-01T00:49:57.003Z,W4140053,8004,46.86857,7.80379,34068.2,-43.4,5.6,87.8,-36.6,0.2,-1.0,RS41-SG,403.500,9.5,250,9,2.7,,
2026-09-01T00:49:58.003Z,W4140053,8005,46.86858,7.80385,34023.3,-45.9,4.0,63.4,-36.9,0.2,-1.0,RS41-SG,403.500,9.1,250,8,2.6,,
2026-09-01T00:49:59.003Z,W4140053,8006,46.86860,7.80388,33977.7,-45.1,2.9,17.0,-37.1,0.2,-1.0,RS41-SG,403.500,9.1,250,8,2.6,,
2026-09-01T00:50:00.003Z,W4140053,8007,46.86862,7.80388,33931.0,-48.0,3.7,340.1,-37.1,0.2,-1.0,RS41-SG,403.500,9.0,250,8,2.6,,
2026-09-01T00:50:01.003Z,W4140053,8008,46.86866,7.80386,33884.1,-46.0,5.4,329.7,-37.1,0.2,-1.0,RS41-SG,403.500,8.6,250,9,2.6,,
2026-09-01T00:50:03.003Z,W4140053,8010,46.86875,7.80378,33799.5,-41.2,5.5,344.3,-36.9,0.2,-1.0,RS41-SG,403.500,7.3,250,9,2.7,,
2026-09-01T00:50:05.003Z,W4140053,8012,46.86883,7.80378,33711.2,-46.2,3.9,28.8,-36.5,0.2,-1.0,RS41-SG,403.500,7.2,250,9,2.6,,
2026-09-01T00:50:06.003Z,W4140053,8013,46.86885,7.80383,33663.3,-48.8,5.4,65.9,-36.3,0.2,-1.0,RS41-SG,403.500,7.3,250,8,2.6,,
2026-09-01T00:50:07.003Z,W4140053,8014,46.86886,7.80390,33613.4,-50.4,5.8,77.2,-36.0,0.2,-1.0,RS41-SG,403.500,7.5,250,9,2.6,,
2026-09-01T00:50:08.003Z,W4140053,8015,46.86887,7.80398,33562.8,-50.6,7.5,92.5,-35.7,0.2,-1.0,RS41-SG,403.500,7.8,250,9,2.6,,
2026-09-01T00:50:09.003Z,W4140053,8016,46.86886,7.80408,33512.6,-49.3,8.6,99.0,-35.7,0.2,-1.0,RS41-SG,403.500,8.5,250,9,2.7,,
2026-09-01T00:50:10.003Z,W4140053,8017,46.86885,7.80419,33464.1,-47.4,8.2,91.8,-35.6,0.2,-1.0,RS41-SG,403.500,8.5,250,9,2.6,,
2026-09-01T00:50:11.003Z,W4140053,8018,46.86885,7.80429,33415.7,-48.8,7.2,82.1,-35.5,0.2,-1.0,RS41-SG,403.500,8.2,250,9,2.6,,
2026-09-01T00:50:12.003Z,W4140053,8019,46.86886,7.80437,33365.4,-50.9,5.5,67.7,-35.5,0.2,-1.0,RS41-SG,403.500,7.9,250,8,2.6,,
2026-09-01T00:50:13.003Z,W4140053,8020,46.86889,7.80441,33314.9,-50.1,3.8,31.4,-35.8,0.2,-1.0,RS41-SG,403.500,8.1,250,9,2.6,,
2026-09-01T00:50:14.003Z,W4140053,8021,46.86891,7.80443,33266.7,-46.6,3.2,3.3,-35.9,0.2,-1.0,RS41-SG,403.500,8.6,250,8,2.7,,
2026-09-01T00:50:16.003Z,W4140053,8023,46.86895,7.80440,33178.0,-41.3,1.7,303.3,-36.1,0.2,-1.0,RS41-SG,403.500,7.4,250,8,2.6,,
2026-09-01T00:50:17.003Z,W4140053,8024,46.86895,7.80439,33137.4,-40.3,1.1,209.1,-36.2,0.2,-1.0,RS41-SG,403.500,7.4,250,8,2.6,,
2026-09-01T00:50:19.003Z,W4140053,8026,46.86891,7.80441,33058.3,-39.5,3.7,139.0,-36.3,0.2,-1.0,RS41-SG,403.500,7.2,250,9,2.7,,
2026-09-01T00:50:23.003Z,W4140053,8030,46.86883,7.80465,32896.9,-41.7,6.1,91.5,-35.8,0.2,-1.0,RS41-SG,403.500,7.8,250,9,2.6,,
2026-09-01T00:50:24.003Z,W4140053,8031,46.86883,7.80472,32856.0,-40.8,5.9,84.5,-36.0,0.2,-1.0,RS41-SG,403.500,8.1,250,8,2.7,,
2026-09-01T00:50:25.003Z,W4140053,8032,46.86884,7.80479,32815.3,-40.7,5.0,77.8,-36.1,0.2,-1.0,RS41-SG,403.500,8.1,250,9,2.6,,
2026-09-01T00:50:26.003Z,W4140053,8033,46.86885,7.80484,32773.7,-42.7,4.2,58.0,-36.2,0.2,-1.0,RS41-SG,403.500,7.6,250,9,2.6,,
2026-09-01T00:50:28.003Z,W4140053,8035,46.86888,7.80489,32687.9,-45.4,2.3,25.7,-36.3,0.2,-1.0,RS41-SG,403.500,7.5,250,8,2.6,,
2026-09-01T00:50:29.003Z,W4140053,8036,46.86890,7.80489,32642.8,-45.6,2.7,342.3,-36.4,0.2,-1.0,RS41-SG,403.500,7.5,250,8,2.7,,
2026-09-01T00:50:30.003Z,W4140053,8037,46.86893,7.80487,32599.2,-42.5,4.1,341.7,-36.6,0.2,-1.0,RS41-SG,403.500,7.0,250,7,2.6,,
2026-09-01T00:50:35.003Z,W4140053,8042,46.86917,7.80476,32389.6,-42.1,6.7,357.1,-37.4,0.2,-1.0,RS41,403.500,6.8,250,9,2.6,,
