timestamp,serial,frame,lat,lon,alt,vel_v,vel_h,heading,temp,humidity,pressure,type,freq_mhz,snr,f_error_hz,sats,batt_v,burst_timer,aux_data
2026-09-25T12:49:20.005Z,Y1212224,8056,45.05704,8.62163,33473.7,-25.5,18.3,99.2,-273.0,-1.0,-1.0,RS41,404.901,8.1,-500,11,2.7,,
2026-09-25T12:49:21.005Z,Y1212224,8057,45.05703,8.62185,33448.5,-25.3,16.9,85.1,-273.0,-1.0,-1.0,RS41,404.901,8.1,-500,11,2.7,,
2026-09-25T12:49:22.005Z,Y1212224,8058,45.05706,8.62206,33422.7,-26.5,17.2,73.1,-273.0,-1.0,-1.0,RS41,404.901,7.8,-500,11,2.7,08:29:46,
2026-09-25T12:49:23.005Z,Y1212224,8059,45.05712,8.62225,33396.5,-26.3,16.3,59.5,-273.0,-1.0,-1.0,RS41,404.901,7.9,-500,11,2.6,08:29:46,
2026-09-25T12:49:24.005Z,Y1212224,8060,45.05720,8.62242,33369.9,-26.8,17.0,49.3,-273.0,-1.0,-1.0,RS41,404.901,8.1,-500,11,2.5,08:29:46,
2026-09-25T12:49:25.005Z,Y1212224,8061,45.05731,8.62256,33343.3,-26.6,16.3,35.3,-273.0,-1.0,-1.0,RS41,404.901,8.6,-500,11,2.5,08:29:46,
2026-09-25T12:49:26.005Z,Y1212224,8062,45.05743,8.62267,33317.1,-26.2,16.3,27.4,-273.0,-1.0,-1.0,RS41,404.901,8.6,-500,11,2.7,08:29:46,
2026-09-25T12:49:27.005Z,Y1212224,8063,45.05756,8.62274,33291.2,-25.8,15.4,14.8,-273.0,-1.0,-1.0,RS41,404.901,8.0,-500,11,2.7,08:29:46,
2026-09-25T12:49:28.005Z,Y1212224,8064,45.05769,8.62278,33265.7,-25.2,14.2,6.3,-273.0,-1.0,-1.0,RS41,404.901,8.0,-500,11,2.7,08:29:46,
2026-09-25T12:49:29.006Z,Y1212224,8065,45.05782,8.62278,33241.1,-24.5,14.0,353.7,-42.4,-1.0,-1.0,RS41,404.901,8.0,-500,11,2.7,08:29:46,
2026-09-25T12:49:30.006Z,Y1212224,8066,45.05793,8.62274,33216.5,-24.6,12.5,339.1,-42.4,-1.0,-1.0,RS41,404.901,8.0,-500,11,2.6,08:29:46,
2026-09-25T12:49:37.006Z,Y1212224,8073,45.05829,8.62184,33054.1,-23.0,13.6,271.6,-43.5,-1.0,-1.0,RS41,404.901,7.4,-500,11,2.6,08:29:46,
2026-09-25T12:49:56.006Z,Y1212224,8092,45.05929,8.62080,32611.1,-23.2,12.4,98.6,-43.5,-1.0,-1.0,RS41,404.901,7.7,-500,9,2.7,08:29:46,
2026-09-25T12:49:57.006Z,Y1212224,8093,45.05925,8.62094,32586.4,-24.7,12.3,122.0,-43.4,-1.0,-1.0,RS41-SG,404.901,7.7,-500,9,2.7,08:29:46,
2026-09-25T12:49:59.006Z,Y1212224,8095,45.05905,8.62115,32538.1,-24.2,15.8,159.7,-43.3,-1.0,-1.0,RS41-SG,404.901,7.3,-500,10,2.7,08:29:46,
2026-09-25T12:50:00.006Z,Y1212224,8096,45.05890,8.62120,32512.9,-25.3,19.4,175.4,-43.3,-1.0,-1.0,RS41-SG,404.901,8.2,-500,11,2.6,08:29:46,
2026-09-25T12:50:03.006Z,Y1212224,8099,45.05833,8.62097,32435.1,-26.5,25.3,210.3,-43.3,-1.0,-1.0,RS41-SG,404.901,7.4,-500,10,2.7,08:29:46,
2026-09-25T12:50:38.006Z,Y1212224,8134,45.05570,8.61896,31560.6,-24.3,22.4,139.0,-45.7,-1.0,-1.0,RS41-SG,404.901,7.0,-500,11,2.5,08:29:46,
2026-09-25T12:51:19.006Z,Y1212224,8175,45.05294,8.62094,30616.7,-22.8,25.0,139.1,-46.0,-1.0,-1.0,RS41-SG,404.901,7.9,-500,11,2.6,08:29:46,
2026-09-25T12:52:46.006Z,Y1212224,8262,45.05216,8.62559,28796.6,-19.1,25.6,91.4,-49.8,-1.0,-1.0,RS41-SG,404.901,8.7,-500,10,2.6,08:26:22,
2026-09-25T12:52:47.006Z,Y1212224,8263,45.05213,8.62592,28778.3,-18.7,27.3,105.5,-49.7,-1.0,-1.0,RS41-SG,404.901,8.7,-500,10,2.7,08:26:22,
2026-09-25T12:52:48.006Z,Y1212224,8264,45.05204,8.62624,28758.3,-20.0,28.1,118.0,-49.6,-1.0,-1.0,RS41-SG,404.901,8.6,-500,10,2.7,08:26:22,
2026-09-25T12:52:49.006Z,Y1212224,8265,45.05190,8.62653,28738.7,-19.8,27.9,129.9,-49.5,-1.0,-1.0,RS41-SG,404.901,8.6,-500,10,2.6,08:26:22,
2026-09-25T12:52:50.006Z,Y1212224,8266,45.05172,8.62676,28719.4,-18.8,27.1,143.1,-49.3,-1.0,-1.0,RS41-SG,404.901,8.7,-500,11,2.6,08:26:22,
2026-09-25T12:52:51.006Z,Y1212224,8267,45.05152,8.62693,28701.0,-18.1,25.0,156.3,-49.2,-1.0,-1.0,RS41-SG,404.901,9.6,-500,11,2.6,08:26:22,
2026-09-25T12:52:52.006Z,Y1212224,8268,45.05132,8.62702,28682.9,-18.2,22.2,168.5,-49.1,-1.0,-1.0,RS41-SG,404.901,9.6,-500,11,2.7,08:26:22,
2026-09-25T12:52:53.006Z,Y1212224,8269,45.05114,8.62704,28665.3,-17.6,18.5,182.9,-49.0,-1.0,-1.0,RS41-SG,404.901,8.9,-500,9,2.7,08:26:22,
2026-09-25T12:53:03.006Z,Y1212224,8279,45.05161,8.62743,28476.4,-19.5,26.8,70.8,-49.6,-1.0,-1.0,RS41-SG,404.901,7.3,-500,10,2.7,08:26:22,
2026-09-25T12:53:04.006Z,Y1212224,8280,45.05166,8.62777,28456.7,-19.8,27.7,84.0,-49.7,-1.0,-1.0,RS41-SG,404.901,8.7,-500,11,2.6,08:26:22,
2026-09-25T12:53:05.006Z,Y1212224,8281,45.05166,8.62812,28437.9,-18.9,28.0,98.2,-49.8,-1.0,-1.0,RS41-SG,404.901,8.7,-500,11,2.6,08:26:22,
2026-09-25T12:53:06.006Z,Y1212224,8282,45.05159,8.62845,28418.8,-19.3,27.3,111.9,-49.9,-1.0,-1.0,RS41-SG,404.901,8.0,-500,11,2.5,08:26:22,
2026-09-25T12:53:07.006Z,Y1212224,8283,45.05148,8.62874,28399.8,-19.2,25.1,124.5,-49.9,-1.0,-1.0,RS41-SG,404.901,8.4,-500,10,2.7,08:26:22,
2026-09-25T12:53:09.006Z,Y1212224,8285,45.05119,8.62910,28362.4,-18.7,18.4,155.8,-50.0,-1.0,-1.0,RS41-SG,404.901,8.7,-500,10,2.7,08:26:22,
2026-09-25T12:53:10.006Z,Y1212224,8286,45.05106,8.62915,28343.6,-19.4,14.6,176.2,-49.9,-1.0,-1.0,RS41-SG,404.901,8.8,-500,11,2.6,08:26:22,
2026-09-25T12:53:22.006Z,Y1212224,8298,45.05189,8.62959,28126.9,-17.5,22.1,91.6,-49.8,-1.0,-1.0,RS41-SG,404.901,8.2,-500,11,2.7,08:26:22,
2026-09-25T12:53:23.006Z,Y1212224,8299,45.05185,8.62986,28108.5,-18.9,21.6,110.0,-50.0,-1.0,-1.0,RS41-SG,404.901,8.5,-500,11,2.6,08:26:22,
2026-09-25T12:53:24.006Z,Y1212224,8300,45.05176,8.63009,28090.5,-18.1,20.9,125.4,-50.2,-1.0,-1.0,RS41-SG,404.901,8.9,-500,11,2.6,08:26:22,
2026-09-25T12:53:40.006Z,Y1212224,8316,45.05192,8.63081,27804.6,-17.6,26.3,91.0,-49.1,-1.0,-1.0,RS41-SG,404.901,8.4,-500,11,2.5,08:26:22,
2026-09-25T12:53:41.006Z,Y1212224,8317,45.05189,8.63113,27786.8,-17.9,25.0,103.4,-49.4,-1.0,-1.0,RS41-SG,404.901,8.4,-500,11,2.7,08:26:22,
2026-09-25T12:53:43.006Z,Y1212224,8319,45.05172,8.63164,27751.2,-17.2,20.1,130.9,-49.8,-1.0,-1.0,RS41-SG,404.901,8.9,-500,11,2.7,08:26:22,
2026-09-25T12:53:45.006Z,Y1212224,8321,45.05147,8.63186,27718.1,-16.4,13.4,169.4,-50.1,-1.0,-1.0,RS41-SG,404.901,8.4,-500,11,2.6,08:26:22,
2026-09-25T12:54:36.006Z,Y1212224,8372,45.05240,8.63346,26869.1,-15.9,17.1,150.8,-53.5,-1.0,-1.0,RS41-SG,404.901,7.9,-500,9,2.7,08:26:22,
2026-09-25T12:54:39.006Z,Y1212224,8375,45.05200,8.63345,26821.2,-15.5,15.1,213.6,-53.6,-1.0,-1.0,RS41-SG,404.901,7.6,-500,11,2.6,08:26:22,
2026-09-25T12:55:11.006Z,Y1212224,8407,45.05349,8.63374,26333.9,-15.1,12.8,106.8,-53.7,-1.0,-1.0,RS41-SG,404.901,8.2,-500,10,2.5,08:26:22,
2026-09-25T12:55:13.006Z,Y1212224,8409,45.05335,8.63397,26304.9,-15.5,12.5,158.4,-53.7,-1.0,-1.0,RS41-SG,404.901,8.2,-500,11,2.7,08:26:22,
2026-09-25T12:55:14.006Z,Y1212224,8410,45.05324,8.63399,26289.4,-15.9,12.7,184.1,-53.7,-1.0,-1.0,RS41-SG,404.901,8.2,-500,10,2.7,08:26:22,
2026-09-25T12:55:16.006Z,Y1212224,8412,45.05303,8.63385,26258.3,-15.5,15.0,226.4,-53.7,-1.0,-1.0,RS41-SG,404.901,8.1,-500,10,2.6,08:26:22,
2026-09-25T12:55:24.006Z,Y1212224,8420,45.05349,8.63291,26140.0,-15.1,16.1,24.3,-53.6,-1.0,-1.0,RS41-SG,404.901,8.6,-500,11,2.7,08:26:22,
2026-09-25T12:55:26.006Z,Y1212224,8422,45.05370,8.63321,26109.8,-14.8,17.6,64.1,-53.7,-1.0,-1.0,RS41-SG,404.901,7.5,-500,10,2.5,08:26:22,
2026-09-25T12:55:27.006Z,Y1212224,8423,45.05375,8.63343,26095.2,-14.3,18.9,83.9,-53.6,-1.0,-1.0,RS41-SG,404.901,7.5,-500,8,2.5,08:26:22,
2026-09-25T12:55:28.006Z,Y1212224,8424,45.05374,8.63366,26081.3,-13.8,19.1,99.8,-53.6,-1.0,-1.0,RS41-SG,404.901,8.1,-500,11,2.6,08:26:22,
2026-09-25T12:55:29.006Z,Y1212224,8425,45.05369,8.63389,26066.5,-15.0,19.4,116.6,-53.5,-1.0,-1.0,RS41-SG,404.901,8.1,-500,9,2.7,08:26:22,
2026-09-25T12:55:30.006Z,Y1212224,8426,45.05359,8.63410,26052.3,-14.1,20.3,133.5,-53.4,-1.0,-1.0,RS41-SG,404.901,8.1,-500,11,2.7,08:26:22,
2026-09-25T12:55:47.006Z,Y1212224,8443,45.05360,8.63495,25807.6,-14.7,20.4,97.7,-53.0,-1.0,-1.0,RS41-SG,404.901,8.3,-500,10,2.7,08:26:22,
2026-09-25T12:55:49.006Z,Y1212224,8445,45.05349,8.63539,25779.2,-14.3,16.5,125.0,-53.1,-1.0,-1.0,RS41-SG,404.901,7.6,-500,9,2.6,08:26:22,
2026-09-25T12:55:50.006Z,Y1212224,8446,45.05340,8.63553,25765.5,-13.5,13.4,142.6,-53.2,-1.0,-1.0,RS41-SG,404.901,7.6,-500,9,2.6,08:26:22,
2026-09-25T12:55:51.006Z,Y1212224,8447,45.05331,8.63560,25752.0,-14.0,10.0,161.9,-53.2,-1.0,-1.0,RS41-SG,404.901,7.7,-500,11,2.7,08:26:22,
2026-09-25T12:56:04.006Z,Y1212224,8460,45.05467,8.63607,25572.6,-12.6,22.5,65.2,-53.1,-1.0,-1.0,RS41-SG,404.901,8.8,-500,10,2.5,08:26:22,
2026-09-25T12:56:05.006Z,Y1212224,8461,45.05474,8.63632,25558.8,-14.2,19.8,76.1,-53.0,-1.0,-1.0,RS41-SG,404.901,8.8,-500,10,2.6,08:26:22,
2026-09-25T12:56:08.006Z,Y1212224,8464,45.05471,8.63685,25520.2,-13.3,8.6,125.8,-52.9,-1.0,-1.0,RS41-SG,404.901,7.8,-500,11,2.6,08:26:22,
2026-09-25T12:56:09.006Z,Y1212224,8465,45.05466,8.63690,25506.9,-13.4,5.5,163.1,-52.9,-1.0,-1.0,RS41-SG,404.901,8.1,-500,11,2.6,08:26:22,
2026-09-25T12:57:04.006Z,Y1212224,8520,45.05928,8.63455,24774.6,-13.1,10.1,174.7,-52.8,-1.0,-1.0,RS41-SG,404.901,7.5,-500,11,2.6,08:26:22,
2026-09-25T12:57:05.006Z,Y1212224,8521,45.05919,8.63453,24761.3,-13.2,11.9,198.2,-52.8,-1.0,-1.0,RS41-SG,404.901,8.1,-500,11,2.7,08:26:22,
2026-09-25T12:57:06.006Z,Y1212224,8522,45.05909,8.63445,24747.8,-13.5,13.9,216.8,-52.8,-1.0,-1.0,RS41-SG,404.901,8.1,-500,11,2.7,08:26:22,
2026-09-25T12:57:08.006Z,Y1212224,8524,45.05893,8.63414,24721.5,-12.9,16.9,249.3,-52.8,-1.0,-1.0,RS41-SG,404.901,7.7,-500,11,2.6,08:26:22,
2026-09-25T12:57:24.006Z,Y1212224,8540,45.05976,8.63331,24509.4,-12.7,13.0,189.0,-53.4,-1.0,-1.0,RS41-SG,404.901,7.9,-500,10,2.7,08:26:22,
2026-09-25T12:57:25.006Z,Y1212224,8541,45.05964,8.63326,24497.0,-12.1,15.0,203.9,-53.4,-1.0,-1.0,RS41-SG,404.901,7.9,-500,10,2.6,08:26:22,
2026-09-25T12:57:26.006Z,Y1212224,8542,45.05953,8.63315,24484.3,-13.1,16.2,220.3,-53.5,-1.0,-1.0,RS41-SG,404.901,7.8,-500,10,2.6,08:26:22,
2026-09-25T12:57:44.006Z,Y1212224,8560,45.05941,8.63192,24255.6,-12.7,16.7,189.6,-54.6,-1.0,-1.0,RS41-SG,404.901,7.3,-500,10,2.5,08:26:22,
2026-09-25T12:57:59.006Z,Y1212224,8575,45.05896,8.63071,24073.0,-13.0,11.7,110.4,-53.9,-1.0,-1.0,RS41-SG,404.901,7.5,-500,11,2.6,08:26:22,
2026-09-25T12:58:02.006Z,Y1212224,8578,45.05869,8.63114,24037.5,-11.9,17.7,149.0,-53.7,-1.0,-1.0,RS41-SG,404.901,7.4,-500,10,2.5,08:26:22,
2026-09-25T12:58:04.006Z,Y1212224,8580,45.05837,8.63130,24013.3,-12.0,20.1,173.0,-53.5,-1.0,-1.0,RS41-SG,404.901,7.8,-500,10,2.6,08:26:22,
2026-09-25T12:58:27.006Z,Y1212224,8603,45.05730,8.63228,23740.9,-10.8,10.4,202.0,-54.5,-1.0,-1.0,RS41,404.901,7.3,-500,11,2.5,08:26:22,
2026-09-25T12:58:46.006Z,Y1212224,8622,45.05735,8.63291,23518.4,-11.2,12.8,199.3,-54.5,-1.0,-1.0,RS41,404.901,7.6,-500,11,2.6,08:26:22,
2026-09-25T12:59:19.006Z,Y1212224,8655,45.05664,8.63187,23145.9,-11.3,11.9,77.0,-54.7,-1.0,-1.0,RS41,404.901,7.1,-500,11,2.5,08:26:22,
2026-09-25T12:59:24.006Z,Y1212224,8660,45.05638,8.63259,23090.3,-11.3,14.6,152.5,-54.2,-1.0,-1.0,RS41,404.901,7.0,-500,11,2.7,08:26:22,
2026-09-25T12:59:27.006Z,Y1212224,8663,45.05602,8.63264,23057.2,-11.3,13.2,199.5,-54.2,-1.0,-1.0,RS41,404.901,6.7,-500,11,2.5,08:26:22,
2026-09-25T13:00:28.006Z,Y1212224,8724,45.05473,8.63336,22402.4,-10.0,13.5,158.7,-55.6,-1.0,-1.0,RS41,404.901,6.8,-500,11,2.6,08:26:22,
2026-09-25T13:01:26.006Z,Y1212224,8782,45.05300,8.63553,21817.8,-9.8,15.4,108.2,-57.4,-1.0,-1.0,RS41,404.901,7.2,-500,11,2.6,08:26:22,
