timestamp,serial,frame,lat,lon,alt,vel_v,vel_h,heading,temp,humidity,pressure,type,freq_mhz,snr,f_error_hz,sats,batt_v,burst_timer,aux_data
2026-08-12T12:33:24.993Z,X1432500,7154,45.47337,8.54349,28002.1,4.8,7.1,298.9,-273.0,-1.0,-1.0,RS41,404.900,6.1,625,8,2.6,,
2026-08-12T12:33:39.993Z,X1432500,7169,45.47304,8.54235,28085.2,5.0,5.7,269.1,-273.0,-1.0,-1.0,RS41,404.900,6.2,625,8,2.7,,
2026-08-12T12:33:40.993Z,X1432500,7170,45.47304,8.54228,28090.2,4.7,5.8,268.7,-273.0,-1.0,-1.0,RS41,404.900,7.1,625,8,2.6,,
2026-08-12T12:33:41.993Z,X1432500,7171,45.47303,8.54220,28095.4,5.8,6.6,261.9,-273.0,-1.0,-1.0,RS41,404.900,7.1,625,8,2.6,,
2026-08-12T12:33:42.993Z,X1432500,7172,45.47302,8.54211,28101.6,6.6,8.2,253.7,-273.0,-1.0,-1.0,RS41,404.900,6.9,625,8,2.6,,
2026-08-12T12:33:47.993Z,X1432500,7177,45.47285,8.54153,28128.2,5.2,8.7,247.3,-273.0,-1.0,-1.0,RS41,404.900,7.1,250,8,2.7,,
2026-08-12T12:33:48.993Z,X1432500,7178,45.47282,8.54143,28133.4,5.1,8.1,250.8,-273.0,-1.0,-1.0,RS41,404.900,7.1,250,8,2.7,,
2026-08-12T12:33:54.993Z,X1432500,7184,45.47269,8.54076,28167.2,5.5,9.1,256.3,-273.0,-1.0,-1.0,RS41,404.900,6.9,625,8,2.7,,
2026-08-12T12:33:55.993Z,X1432500,7185,45.47267,8.54065,28172.3,4.9,9.1,255.3,-273.0,-1.0,-1.0,RS41,404.900,6.9,250,8,2.6,,
2026-08-12T12:34:03.993Z,X1432500,7193,45.47242,8.53952,28218.4,4.8,10.3,257.1,-273.0,-1.0,-1.0,RS41,404.900,6.5,625,8,2.7,,
2026-08-12T12:34:04.993Z,X1432500,7194,45.47240,8.53939,28223.8,6.1,10.7,260.5,-273.0,-1.0,-1.0,RS41,404.900,7.3,625,8,2.7,,
2026-08-12T12:34:10.993Z,X1432500,7200,45.47236,8.53843,28256.4,5.4,11.9,273.3,-273.0,-1.0,-1.0,RS41,404.900,6.6,625,8,2.7,,
2026-08-12T12:34:11.993Z,X1432500,7201,45.47237,8.53828,28261.6,4.8,11.5,276.1,-273.0,-1.0,-1.0,RS41,404.900,7.0,250,8,2.7,,
2026-08-12T12:34:20.993Z,X1432500,7210,45.47242,8.53691,28310.7,5.2,9.2,270.4,-273.0,-1.0,-1.0,RS41,404.900,6.1,625,8,2.6,,
2026-08-12T12:37:36.993Z,X1432500,7406,45.47509,8.51577,29512.9,5.1,6.8,288.4,-273.0,-1.0,-1.0,RS41,404.900,6.5,625,8,2.6,,
2026-08-12T12:38:10.993Z,X1432500,7440,45.47484,8.51101,29713.1,6.7,13.1,272.3,-273.0,-1.0,-1.0,RS41,404.900,6.5,625,8,2.7,,
2026-08-12T12:38:11.993Z,X1432500,7441,45.47484,8.51085,29719.5,6.1,12.5,272.9,-273.0,-1.0,-1.0,RS41,404.900,6.9,625,8,2.6,,
2026-08-12T12:39:02.993Z,X1432500,7492,45.47452,8.50264,30032.6,6.3,9.6,261.3,-273.0,-1.0,-1.0,RS41,404.900,7.3,625,8,2.7,,
2026-08-12T12:39:04.993Z,X1432500,7494,45.47449,8.50241,30043.5,5.5,8.9,259.9,-273.0,-1.0,-1.0,RS41,404.900,6.9,625,8,2.6,,
2026-08-12T12:39:08.993Z,X1432500,7498,45.47448,8.50183,30068.5,5.5,14.1,279.1,-273.0,-1.0,-1.0,RS41,404.900,6.8,625,8,2.6,,
2026-08-12T12:39:16.993Z,X1432500,7506,45.47482,8.50069,30118.2,5.2,9.6,266.9,-273.0,-1.0,-1.0,RS41,404.900,7.0,625,8,2.6,,
2026-08-12T12:39:18.993Z,X1432500,7508,45.47479,8.50047,30130.3,6.4,8.6,249.1,-273.0,-1.0,-1.0,RS41,404.900,6.4,625,8,2.7,,
2026-08-12T12:39:19.993Z,X1432500,7509,45.47476,8.50036,30136.3,5.6,8.4,249.6,-273.0,-1.0,-1.0,RS41,404.900,6.4,625,8,2.7,,
2026-08-12T12:39:22.993Z,X1432500,7512,45.47471,8.50001,30156.2,5.4,11.1,266.0,-273.0,-1.0,-1.0,RS41,404.900,6.7,625,8,2.6,,
2026-08-12T12:39:26.993Z,X1432500,7516,45.47478,8.49945,30180.0,5.2,10.0,293.3,-273.0,-1.0,-1.0,RS41,404.900,6.8,625,8,2.6,,
2026-08-12T12:39:29.993Z,X1432500,7519,45.47485,8.49913,30197.3,6.8,8.7,273.7,-273.0,-1.0,-1.0,RS41,404.900,6.3,625,8,2.6,,
2026-08-12T12:40:10.993Z,X1432500,7560,45.47457,8.49323,30446.9,6.2,13.4,262.3,-273.0,-1.0,-1.0,RS41,404.900,6.4,625,8,2.7,,
2026-08-12T12:40:16.993Z,X1432500,7566,45.47426,8.49217,30483.4,5.4,14.9,236.0,-273.0,-1.0,-1.0,RS41,404.900,6.5,625,8,2.7,,
2026-08-12T12:40:26.993Z,X1432500,7576,45.47404,8.49024,30543.0,5.9,14.7,265.5,-273.0,-1.0,-1.0,RS41,404.900,7.0,625,8,2.7,,
2026-08-12T12:40:27.993Z,X1432500,7577,45.47402,8.49005,30548.9,6.1,15.6,259.9,-273.0,-1.0,-1.0,RS41,404.900,7.0,625,8,2.6,,
2026-08-12T12:40:42.993Z,X1432500,7592,45.47360,8.48727,30634.6,5.3,13.6,274.3,-273.0,-1.0,-1.0,RS41,404.900,6.5,625,8,2.7,,
2026-08-12T12:40:58.993Z,X1432500,7608,45.47336,8.48449,30729.7,6.2,13.5,274.1,-273.0,-1.0,-1.0,RS41,404.900,6.3,625,8,2.7,,
2026-08-12T12:43:22.993Z,X1432500,7752,45.47070,8.45636,31591.1,5.8,21.0,264.8,-273.0,-1.0,-1.0,RS41,404.900,7.0,625,8,2.6,,
2026-08-12T12:43:28.993Z,X1432500,7758,45.47068,8.45469,31625.9,5.1,20.7,275.6,-273.0,-1.0,-1.0,RS41,404.900,7.0,625,8,2.6,,
2026-08-12T12:43:31.993Z,X1432500,7761,45.47078,8.45387,31643.3,6.6,23.7,283.2,-273.0,-1.0,-1.0,RS41,404.900,7.2,625,8,2.7,,
2026-08-12T12:43:32.993Z,X1432500,7762,45.47083,8.45357,31649.4,5.4,24.7,283.1,-273.0,-1.0,-1.0,RS41,404.900,7.2,625,8,2.7,,
2026-08-12T12:43:36.993Z,X1432500,7766,45.47097,8.45238,31673.9,6.0,20.8,274.0,-273.0,-1.0,-1.0,RS41,404.900,7.1,625,8,2.6,,
2026-08-12T12:43:37.993Z,X1432500,7767,45.47098,8.45212,31679.2,4.6,19.6,272.2,-273.0,-1.0,-1.0,RS41,404.900,7.1,625,8,2.7,,
2026-08-12T12:43:40.993Z,X1432500,7770,45.47101,8.45137,31697.6,7.0,21.4,276.5,-273.0,-1.0,-1.0,RS41,404.900,7.4,625,8,2.6,,
2026-08-12T12:43:41.993Z,X1432500,7771,45.47104,8.45109,31703.8,5.3,22.7,279.3,-273.0,-1.0,-1.0,RS41,404.900,7.4,625,8,2.6,,
2026-08-12T12:43:42.993Z,X1432500,7772,45.47108,8.45080,31709.1,5.1,23.7,281.5,-273.0,-1.0,-1.0,RS41,404.900,7.9,625,8,2.6,,
2026-08-12T12:43:45.993Z,X1432500,7775,45.47122,8.44993,31727.8,6.5,22.3,284.5,-273.0,-1.0,-1.0,RS41,404.900,6.7,625,8,2.7,,
2026-08-12T12:43:46.993Z,X1432500,7776,45.47127,8.44966,31733.7,5.1,21.6,285.0,-273.0,-1.0,-1.0,RS41,404.900,7.2,625,8,2.6,,
2026-08-12T12:43:47.993Z,X1432500,7777,45.47132,8.44940,31739.0,5.1,21.4,286.0,-273.0,-1.0,-1.0,RS41,404.900,7.6,625,8,2.6,,
2026-08-12T12:43:48.993Z,X1432500,7778,45.47138,8.44913,31744.6,6.1,21.8,287.2,-273.0,-1.0,-1.0,RS41,404.900,7.6,625,8,2.6,,
2026-08-12T12:43:49.993Z,X1432500,7779,45.47144,8.44887,31751.1,7.0,22.6,287.7,-273.0,-1.0,-1.0,RS41,404.900,7.5,625,8,2.7,,
2026-08-12T12:43:53.993Z,X1432500,7783,45.47166,8.44776,31777.3,7.2,21.0,282.7,-273.0,-1.0,-1.0,RS41,404.900,7.4,625,8,2.6,,
2026-08-12T12:43:54.993Z,X1432500,7784,45.47170,8.44750,31783.8,5.8,19.7,280.8,-273.0,-1.0,-1.0,RS41,404.900,7.6,625,8,2.6,,
2026-08-12T12:43:55.993Z,X1432500,7785,45.47173,8.44726,31789.1,4.9,18.8,279.3,-273.0,-1.0,-1.0,RS41,404.900,7.6,625,8,2.7,,
2026-08-12T12:43:56.993Z,X1432500,7786,45.47176,8.44702,31794.4,5.7,18.7,279.3,-273.0,-1.0,-1.0,RS41,404.900,7.2,625,8,2.7,,
2026-08-12T12:43:57.993Z,X1432500,7787,45.47179,8.44679,31800.6,6.5,19.7,281.6,-273.0,-1.0,-1.0,RS41-SG,404.900,7.5,625,8,2.7,,
2026-08-12T12:43:58.993Z,X1432500,7788,45.47183,8.44653,31807.2,6.7,21.1,284.5,-273.0,-1.0,-1.0,RS41-SG,404.900,7.5,625,8,2.6,,
2026-08-12T12:43:59.993Z,X1432500,7789,45.47189,8.44627,31813.4,5.4,22.3,287.2,-273.0,-1.0,-1.0,RS41-SG,404.900,7.2,625,8,2.6,,
2026-08-12T12:44:00.993Z,X1432500,7790,45.47195,8.44599,31818.5,5.1,22.8,289.8,-273.0,-1.0,-1.0,RS41-SG,404.900,7.3,625,8,2.6,,
2026-08-12T12:44:02.993Z,X1432500,7792,45.47210,8.44547,31830.1,6.6,21.4,294.5,-273.0,-1.0,-1.0,RS41-SG,404.900,6.9,625,8,2.7,,
2026-08-12T12:44:03.993Z,X1432500,7793,45.47218,8.44523,31836.9,6.8,20.1,295.2,-273.0,-1.0,-1.0,RS41-SG,404.900,6.8,625,8,2.7,,
2026-08-12T12:44:04.993Z,X1432500,7794,45.47225,8.44500,31843.1,5.3,19.2,295.0,-273.0,-1.0,-1.0,RS41-SG,404.900,7.4,625,8,2.6,,
2026-08-12T12:44:05.993Z,X1432500,7795,45.47232,8.44478,31848.4,5.0,19.0,293.5,-273.0,-1.0,-1.0,RS41-SG,404.900,7.4,625,8,2.6,,
2026-08-12T12:44:06.993Z,X1432500,7796,45.47239,8.44455,31853.8,5.8,19.7,291.5,-273.0,-1.0,-1.0,RS41-SG,404.900,7.4,625,8,2.6,,
2026-08-12T12:44:07.993Z,X1432500,7797,45.47245,8.44431,31860.2,6.8,21.1,289.4,-273.0,-1.0,-1.0,RS41-SG,404.900,8.0,625,8,2.7,,
2026-08-12T12:44:08.993Z,X1432500,7798,45.47252,8.44405,31866.5,6.0,22.5,288.4,-273.0,-1.0,-1.0,RS41-SG,404.900,8.0,625,8,2.7,,
2026-08-12T12:44:10.993Z,X1432500,7800,45.47264,8.44349,31877.6,6.0,22.8,287.1,-273.0,-1.0,-1.0,RS41-SG,404.900,7.0,625,8,2.6,,
2026-08-12T12:44:11.993Z,X1432500,7801,45.47270,8.44322,31884.2,6.9,21.5,287.6,-273.0,-1.0,-1.0,RS41-SG,404.900,7.0,625,8,2.6,,
2026-08-12T12:44:12.993Z,X1432500,7802,45.47276,8.44297,31891.1,6.9,19.6,288.4,-273.0,-1.0,-1.0,RS41-SG,404.900,7.0,625,8,2.6,,
2026-08-12T12:44:13.993Z,X1432500,7803,45.47281,8.44275,31897.4,5.6,18.0,290.3,-273.0,-1.0,-1.0,RS41-SG,404.900,6.6,625,8,2.7,,
2026-08-12T12:44:14.993Z,X1432500,7804,45.47287,8.44254,31902.7,4.9,17.1,292.6,-273.0,-1.0,-1.0,RS41-SG,404.900,6.7,625,8,2.7,,
2026-08-12T12:44:15.993Z,X1432500,7805,45.47293,8.44234,31908.0,5.6,17.1,296.0,-273.0,-1.0,-1.0,RS41-SG,404.900,7.4,625,8,2.7,,
2026-08-12T12:44:16.993Z,X1432500,7806,45.47300,8.44214,31914.3,6.8,18.3,298.7,-273.0,-1.0,-1.0,RS41-SG,404.900,7.4,625,8,2.6,,
2026-08-12T12:44:17.993Z,X1432500,7807,45.47309,8.44193,31920.8,6.0,19.6,300.1,-273.0,-1.0,-1.0,RS41-SG,404.900,7.6,625,8,2.6,,
2026-08-12T12:44:18.993Z,X1432500,7808,45.47318,8.44171,31926.6,5.6,20.6,300.1,-273.0,-1.0,-1.0,RS41-SG,404.900,7.6,625,8,2.6,,
2026-08-12T12:44:23.993Z,X1432500,7813,45.47358,8.44060,31957.3,5.3,17.6,294.6,-273.0,-1.0,-1.0,RS41-SG,404.900,7.2,625,8,2.6,,
2026-08-12T12:44:25.993Z,X1432500,7815,45.47372,8.44019,31969.1,6.6,18.1,297.5,-273.0,-1.0,-1.0,RS41-SG,404.900,6.7,625,8,2.7,,
2026-08-12T12:44:27.993Z,X1432500,7817,45.47389,8.43978,31981.9,5.6,19.3,303.0,-273.0,-1.0,-1.0,RS41-SG,404.900,7.2,625,8,2.7,,
2026-08-12T12:44:28.993Z,X1432500,7818,45.47399,8.43958,31987.1,5.0,19.0,306.2,-273.0,-1.0,-1.0,RS41-SG,404.900,7.2,625,8,2.6,,
2026-08-12T12:44:31.993Z,X1432500,7821,45.47427,8.43908,32005.3,6.0,14.0,310.2,-273.0,-1.0,-1.0,RS41-SG,404.900,7.1,625,8,2.7,,
2026-08-12T12:44:32.993Z,X1432500,7822,45.47434,8.43895,32011.1,5.5,13.0,306.8,-273.0,-1.0,-1.0,RS41-SG,404.900,7.4,625,8,2.7,,
2026-08-12T12:44:33.993Z,X1432500,7823,45.47441,8.43881,32017.1,6.4,13.2,299.7,-273.0,-1.0,-1.0,RS41-SG,404.900,7.4,625,8,2.7,,
2026-08-12T12:44:34.993Z,X1432500,7824,45.47446,8.43865,32023.9,7.2,15.0,293.6,-273.0,-1.0,-1.0,RS41-SG,404.900,7.1,625,8,2.6,,
2026-08-12T12:44:48.993Z,X1432500,7838,45.47545,8.43579,32108.6,5.9,15.1,300.5,-273.0,-1.0,-1.0,RS41,404.900,7.0,625,8,2.6,,
2026-08-12T12:45:26.993Z,X1432500,7876,45.47905,8.42805,32335.2,5.0,13.7,311.4,-273.0,-1.0,-1.0,RS41,404.900,7.0,625,8,2.7,,
2026-08-12T12:45:27.993Z,X1432500,7877,45.47914,8.42792,32340.8,6.1,14.8,314.2,-273.0,-1.0,-1.0,RS41,404.900,7.0,625,8,2.7,,
2026-08-12T12:45:28.993Z,X1432500,7878,45.47923,8.42777,32347.1,6.5,16.7,314.2,-273.0,-1.0,-1.0,RS41,404.900,7.0,625,8,2.6,,
2026-08-12T12:46:19.993Z,X1432500,7929,45.48343,8.42050,32645.6,4.7,13.3,283.2,-273.0,-1.0,-1.0,RS41,404.900,6.7,625,8,2.7,,
2026-08-12T12:46:22.993Z,X1432500,7932,45.48355,8.42001,32664.3,5.8,14.3,296.8,-273.0,-1.0,-1.0,RS41,404.900,6.9,625,8,2.6,,
2026-08-12T12:46:24.993Z,X1432500,7934,45.48368,8.41970,32675.5,6.0,14.2,304.3,-273.0,-1.0,-1.0,RS41,404.900,6.8,250,8,2.6,,
2026-08-12T12:46:25.993Z,X1432500,7935,45.48375,8.41955,32681.8,6.6,13.7,304.8,-273.0,-1.0,-1.0,RS41,404.900,6.8,625,8,2.7,,
2026-08-12T12:46:27.993Z,X1432500,7937,45.48388,8.41927,32693.6,5.6,13.2,302.7,-273.0,-1.0,-1.0,RS41,404.900,6.7,625,8,2.7,,
2026-08-12T12:46:28.993Z,X1432500,7938,45.48395,8.41912,32699.1,5.5,13.8,302.6,-273.0,-1.0,-1.0,RS41,404.900,6.8,625,8,2.6,,
2026-08-12T12:46:29.993Z,X1432500,7939,45.48402,8.41897,32705.0,6.3,15.2,302.8,-273.0,-1.0,-1.0,RS41,404.900,6.8,625,8,2.6,,
2026-08-12T12:46:30.993Z,X1432500,7940,45.48410,8.41880,32711.4,6.5,16.5,302.7,-273.0,-1.0,-1.0,RS41-SG,404.900,7.0,625,8,2.6,,
2026-08-12T12:46:31.993Z,X1432500,7941,45.48418,8.41861,32717.6,5.7,17.4,300.9,-273.0,-1.0,-1.0,RS41-SG,404.900,7.0,625,8,2.7,,
2026-08-12T12:46:32.993Z,X1432500,7942,45.48425,8.41842,32723.4,5.9,17.7,297.2,-273.0,-1.0,-1.0,RS41-SG,404.900,6.9,625,8,2.7,,
2026-08-12T12:46:34.993Z,X1432500,7944,45.48437,8.41801,32736.1,6.6,16.9,285.2,-273.0,-1.0,-1.0,RS41-SG,404.900,7.3,625,8,2.6,,
2026-08-12T12:46:35.993Z,X1432500,7945,45.48440,8.41780,32742.2,5.4,16.5,281.0,-273.0,-1.0,-1.0,RS41-SG,404.900,7.3,625,8,2.6,,
2026-08-12T12:46:37.993Z,X1432500,7947,45.48445,8.41740,32752.5,5.8,15.5,281.6,-273.0,-1.0,-1.0,RS41-SG,404.900,7.2,625,8,2.7,,
2026-08-12T12:46:40.993Z,X1432500,7950,45.48461,8.41686,32771.2,5.3,16.1,302.6,-273.0,-1.0,-1.0,RS41-SG,404.900,6.7,625,8,2.6,,
2026-08-12T12:46:41.993Z,X1432500,7951,45.48469,8.41669,32776.3,4.8,16.2,306.7,-273.0,-1.0,-1.0,RS41-SG,404.900,7.1,250,8,2.6,,
2026-08-12T12:46:42.993Z,X1432500,7952,45.48478,8.41653,32781.8,6.1,15.2,307.1,-273.0,-1.0,-1.0,RS41-SG,404.900,7.1,625,8,2.6,,
2026-08-12T12:46:44.993Z,X1432500,7954,45.48491,8.41623,32794.8,5.8,12.6,296.6,-273.0,-1.0,-1.0,RS41-SG,404.900,6.6,625,8,2.7,,
2026-08-12T12:46:46.993Z,X1432500,7956,45.48499,8.41595,32805.3,5.3,11.2,285.6,-273.0,-1.0,-1.0,RS41-SG,404.900,7.3,625,8,2.6,,
2026-08-12T12:46:49.993Z,X1432500,7959,45.48509,8.41552,32823.8,6.5,13.4,293.7,-273.0,-1.0,-1.0,RS41-SG,404.900,7.1,625,8,2.7,,
2026-08-12T12:46:50.993Z,X1432500,7960,45.48514,8.41536,32829.6,4.9,14.4,296.8,-273.0,-1.0,-1.0,RS41-SG,404.900,7.1,625,8,2.7,,
2026-08-12T12:46:51.993Z,X1432500,7961,45.48520,8.41519,32834.7,5.4,15.0,297.0,-273.0,-1.0,-1.0,RS41-SG,404.900,7.0,625,8,2.7,,
2026-08-12T12:46:57.993Z,X1432500,7967,45.48547,8.41422,32870.2,6.2,11.5,293.9,-273.0,-1.0,-1.0,RS41-SG,404.900,6.9,625,8,2.7,,
2026-08-12T12:47:03.993Z,X1432500,7973,45.48575,8.41356,32906.2,7.1,9.0,286.5,-273.0,-1.0,-1.0,RS41-SG,404.900,7.2,625,8,2.7,,
2026-08-12T12:47:05.993Z,X1432500,7975,45.48578,8.41332,32918.2,5.4,10.6,275.0,-273.0,-1.0,-1.0,RS41-SG,404.900,7.0,625,8,2.6,,
2026-08-12T12:47:16.993Z,X1432500,7986,45.48626,8.41194,32983.6,6.1,5.6,296.7,-273.0,-1.0,-1.0,RS41-SG,404.900,6.6,625,8,2.6,,
2026-08-12T12:47:19.993Z,X1432500,7989,45.48631,8.41175,33001.1,5.4,6.1,280.3,-273.0,-1.0,-1.0,RS41-SG,404.900,6.7,625,8,2.7,,
2026-08-12T12:48:16.993Z,X1432500,8046,45.48890,8.40277,33349.0,6.5,15.5,322.5,-273.0,-1.0,-1.0,RS41-SG,404.900,6.8,625,8,2.6,,
2026-08-12T12:48:36.994Z,X1432500,8066,45.49048,8.39978,33098.8,-52.4,19.3,282.9,-273.0,-1.0,-1.0,RS41-SG,404.900,7.4,625,8,2.6,,
2026-08-12T12:48:44.994Z,X1432500,8074,45.49050,8.39821,32875.0,-26.0,7.0,318.5,-273.0,-1.0,-1.0,RS41-SG,404.900,7.3,625,8,2.7,,
2026-08-12T12:48:45.994Z,X1432500,8075,45.49055,8.39816,32850.4,-22.9,7.8,340.2,-273.0,-1.0,-1.0,RS41-SG,404.900,7.3,625,9,2.7,,
2026-08-12T12:48:46.994Z,X1432500,8076,45.49063,8.39813,32827.9,-22.2,9.0,345.6,-273.0,-1.0,-1.0,RS41-SG,404.900,7.3,625,9,2.6,,
2026-08-12T12:48:48.994Z,X1432500,8078,45.49079,8.39804,32782.1,-23.6,11.3,328.2,-273.0,-1.0,-1.0,RS41-SG,404.900,7.1,625,9,2.6,,
2026-08-12T12:48:49.994Z,X1432500,8079,45.49087,8.39794,32757.4,-24.9,12.4,311.0,-273.0,-1.0,-1.0,RS41-SG,404.900,6.8,625,9,2.7,,
2026-08-12T12:48:50.994Z,X1432500,8080,45.49093,8.39781,32731.2,-25.9,13.4,296.9,-273.0,-1.0,-1.0,RS41-SG,404.900,6.8,625,8,2.7,,
2026-08-12T12:48:51.994Z,X1432500,8081,45.49098,8.39764,32705.3,-26.2,14.8,290.1,-273.0,-1.0,-1.0,RS41-SG,404.900,6.8,625,8,2.7,,
2026-08-12T12:48:58.994Z,X1432500,8088,45.49126,8.39632,32508.6,-33.4,11.7,300.0,-273.0,-1.0,-1.0,RS41-SG,404.900,6.5,625,9,2.6,,
2026-08-12T12:48:59.994Z,X1432500,8089,45.49131,8.39620,32474.6,-34.0,11.5,310.4,-273.0,-1.0,-1.0,RS41-SG,404.900,7.7,625,9,2.6,,
2026-08-12T12:49:00.994Z,X1432500,8090,45.49139,8.39611,32440.9,-33.5,10.7,324.6,-273.0,-1.0,-1.0,RS41-SG,404.900,7.7,625,9,2.6,,
2026-08-12T12:49:01.994Z,X1432500,8091,45.49147,8.39603,32408.4,-31.6,11.1,327.5,-273.0,-1.0,-1.0,RS41-SG,404.900,8.0,625,9,2.7,,
2026-08-12T12:49:02.994Z,X1432500,8092,45.49155,8.39595,32377.8,-29.9,12.1,325.6,-273.0,-1.0,-1.0,RS41-SG,404.900,8.0,625,8,2.7,,
2026-08-12T12:49:03.994Z,X1432500,8093,45.49165,8.39586,32347.1,-31.7,12.9,322.2,-273.0,-1.0,-1.0,RS41-SG,404.900,8.4,625,8,2.7,,
2026-08-12T12:49:04.994Z,X1432500,8094,45.49174,8.39574,32316.9,-28.7,14.5,315.4,-273.0,-1.0,-1.0,RS41-SG,404.900,8.4,625,8,2.6,,
2026-08-12T12:49:05.994Z,X1432500,8095,45.49183,8.39560,32288.1,-28.4,16.0,310.1,-273.0,-1.0,-1.0,RS41-SG,404.900,8.4,625,7,2.6,,
2026-08-12T12:49:06.994Z,X1432500,8096,45.49192,8.39543,32259.8,-28.4,17.4,305.6,-273.0,-1.0,-1.0,RS41-SG,404.900,8.7,625,8,2.6,,
2026-08-12T12:49:07.994Z,X1432500,8097,45.49201,8.39524,32230.7,-31.3,18.0,303.1,-273.0,-1.0,-1.0,RS41-SG,404.900,8.7,625,7,2.7,,
2026-08-12T12:49:08.994Z,X1432500,8098,45.49210,8.39504,32200.0,-30.6,18.6,301.6,-273.0,-1.0,-1.0,RS41-SG,404.900,8.1,625,8,2.7,,
2026-08-12T12:49:09.994Z,X1432500,8099,45.49219,8.39484,32168.9,-31.3,19.0,299.9,-273.0,-1.0,-1.0,RS41-SG,404.900,8.4,625,8,2.7,,
2026-08-12T12:49:10.994Z,X1432500,8100,45.49228,8.39463,32138.1,-30.2,18.6,301.5,-273.0,-1.0,-1.0,RS41-SG,404.900,8.4,625,8,2.6,,
2026-08-12T12:49:11.994Z,X1432500,8101,45.49237,8.39442,32107.1,-30.9,18.8,302.3,-273.0,-1.0,-1.0,RS41-SG,404.900,8.0,625,9,2.6,,
2026-08-12T12:49:12.994Z,X1432500,8102,45.49246,8.39422,32076.3,-30.6,18.5,303.8,-273.0,-1.0,-1.0,RS41-SG,404.900,8.0,625,8,2.6,,
2026-08-12T12:49:13.994Z,X1432500,8103,45.49255,8.39403,32044.9,-32.8,18.2,304.8,-273.0,-1.0,-1.0,RS41-SG,404.900,8.2,625,7,2.7,,
2026-08-12T12:49:14.994Z,X1432500,8104,45.49265,8.39384,32013.5,-30.0,18.4,306.4,-273.0,-1.0,-1.0,RS41-SG,404.900,8.2,625,8,2.7,,
2026-08-12T12:49:15.994Z,X1432500,8105,45.49274,8.39365,31984.7,-28.3,18.1,303.4,-273.0,-1.0,-1.0,RS41-SG,404.900,7.7,625,8,2.7,,
2026-08-12T12:49:16.994Z,X1432500,8106,45.49283,8.39345,31956.6,-28.2,17.8,305.1,-273.0,-1.0,-1.0,RS41-SG,404.900,7.5,625,9,2.6,,
2026-08-12T12:49:17.994Z,X1432500,8107,45.49292,8.39326,31926.9,-30.1,18.7,302.4,-273.0,-1.0,-1.0,RS41-SG,404.900,7.5,625,8,2.6,,
2026-08-12T12:49:18.994Z,X1432500,8108,45.49301,8.39306,31897.5,-29.5,18.1,299.6,-273.0,-1.0,-1.0,RS41-SG,404.900,7.5,625,8,2.7,,
2026-08-12T12:49:19.994Z,X1432500,8109,45.49309,8.39285,31867.4,-31.2,19.0,299.7,-273.0,-1.0,-1.0,RS41-SG,404.900,7.7,625,8,2.7,08:29:38,
2026-08-12T12:49:20.994Z,X1432500,8110,45.49317,8.39264,31836.6,-31.1,18.4,294.5,-273.0,-1.0,-1.0,RS41-SG,404.900,7.7,625,8,2.6,08:29:38,
2026-08-12T12:49:21.994Z,X1432500,8111,45.49324,8.39242,31803.8,-35.3,19.2,296.3,-273.0,-1.0,-1.0,RS41-SG,404.900,7.3,625,8,2.6,08:29:38,
2026-08-12T12:49:22.994Z,X1432500,8112,45.49331,8.39219,31767.2,-37.3,19.5,292.5,-273.0,-1.0,-1.0,RS41-SG,404.900,7.1,625,8,2.7,08:29:38,
2026-08-12T12:49:23.994Z,X1432500,8113,45.49338,8.39195,31731.1,-35.2,20.1,289.1,-273.0,-1.0,-1.0,RS41-SG,404.900,6.8,625,9,2.7,08:29:38,
2026-08-12T12:51:55.994Z,X1432500,8265,45.49258,8.36968,27175.6,-28.3,11.1,227.7,-273.0,-1.0,-1.0,RS41-SG,404.900,6.8,625,7,2.6,08:29:38,
2026-08-12T12:51:57.994Z,X1432500,8267,45.49246,8.36948,27117.2,-29.1,9.2,224.2,-273.0,-1.0,-1.0,RS41-SG,404.900,6.9,625,7,2.7,08:29:38,
2026-08-12T12:51:58.994Z,X1432500,8268,45.49240,8.36940,27088.0,-29.2,8.7,229.6,-273.0,-1.0,-1.0,RS41-SG,404.900,6.9,625,8,2.7,08:29:38,
2026-08-12T12:52:00.994Z,X1432500,8270,45.49230,8.36924,27027.9,-30.4,8.0,223.8,-273.0,-1.0,-1.0,RS41-SG,404.900,7.4,625,8,2.6,08:29:38,
2026-08-12T12:52:02.994Z,X1432500,8272,45.49222,8.36911,26966.4,-29.7,6.1,232.2,-273.0,-1.0,-1.0,RS41-SG,404.900,7.1,625,8,2.7,08:29:38,
2026-08-12T12:52:04.994Z,X1432500,8274,45.49216,8.36901,26906.9,-27.5,4.5,224.3,-273.0,-1.0,-1.0,RS41-SG,404.900,7.1,625,8,2.7,08:29:38,
2026-08-12T12:52:05.994Z,X1432500,8275,45.49214,8.36897,26879.8,-27.3,3.0,230.9,-273.0,-1.0,-1.0,RS41-SG,404.900,7.1,625,8,2.6,08:29:38,
2026-08-12T12:52:06.994Z,X1432500,8276,45.49212,8.36894,26851.0,-27.3,3.1,242.0,-273.0,-1.0,-1.0,RS41-SG,404.900,7.4,625,8,2.6,08:29:38,
2026-08-12T12:52:07.994Z,X1432500,8277,45.49211,8.36892,26824.1,-27.9,2.0,229.5,-273.0,-1.0,-1.0,RS41-SG,404.900,7.4,625,8,2.6,08:29:38,
2026-08-12T12:52:08.994Z,X1432500,8278,45.49210,8.36890,26796.2,-28.5,2.2,230.5,-273.0,-1.0,-1.0,RS41-SG,404.900,7.0,625,7,2.7,08:29:38,
2026-08-12T12:52:09.994Z,X1432500,8279,45.49209,8.36887,26767.5,-29.2,2.4,272.7,-273.0,-1.0,-1.0,RS41-SG,404.900,6.8,625,8,2.7,08:29:38,
2026-08-12T12:52:11.994Z,X1432500,8281,45.49209,8.36882,26709.8,-29.6,2.5,300.7,-273.0,-1.0,-1.0,RS41-SG,404.900,7.1,625,7,2.6,08:29:38,
2026-08-12T12:52:12.994Z,X1432500,8282,45.49211,8.36878,26680.3,-29.7,3.9,299.8,-273.0,-1.0,-1.0,RS41-SG,404.900,7.1,625,8,2.6,08:29:38,
2026-08-12T12:52:13.994Z,X1432500,8283,45.49213,8.36874,26651.7,-27.9,4.5,303.1,-273.0,-1.0,-1.0,RS41-SG,404.900,7.1,625,8,2.6,08:29:38,
2026-08-12T12:52:15.994Z,X1432500,8285,45.49217,8.36863,26594.8,-29.3,5.3,303.8,-273.0,-1.0,-1.0,RS41-SG,404.900,6.8,625,9,2.7,08:29:38,
2026-08-12T12:52:16.994Z,X1432500,8286,45.49220,8.36856,26566.0,-29.8,6.3,297.1,-273.0,-1.0,-1.0,RS41-SG,404.900,7.3,625,7,2.7,08:29:38,
2026-08-12T12:52:17.994Z,X1432500,8287,45.49221,8.36849,26538.6,-26.4,5.8,287.0,-273.0,-1.0,-1.0,RS41-SG,404.900,7.3,625,8,2.6,08:29:38,
2026-08-12T12:52:18.994Z,X1432500,8288,45.49223,8.36842,26511.9,-27.7,6.1,279.9,-273.0,-1.0,-1.0,RS41-SG,404.900,7.1,625,7,2.6,08:29:38,
2026-08-12T12:52:19.994Z,X1432500,8289,45.49224,8.36834,26483.3,-29.7,6.7,284.7,-273.0,-1.0,-1.0,RS41-SG,404.900,6.9,625,8,2.6,08:29:38,
2026-08-12T12:52:20.994Z,X1432500,8290,45.49225,8.36827,26455.3,-27.0,5.7,290.4,-273.0,-1.0,-1.0,RS41-SG,404.900,7.3,625,8,2.7,08:29:38,
2026-08-12T12:52:24.994Z,X1432500,8294,45.49233,8.36799,26347.8,-24.2,5.5,296.7,-273.0,-1.0,-1.0,RS41-SG,404.900,7.1,625,7,2.6,08:29:38,
2026-08-12T12:52:25.994Z,X1432500,8295,45.49235,8.36793,26323.7,-24.8,6.7,305.2,-273.0,-1.0,-1.0,RS41-SG,404.900,7.1,625,9,2.6,08:29:38,
2026-08-12T12:52:26.994Z,X1432500,8296,45.49238,8.36785,26299.0,-24.8,7.1,294.1,-273.0,-1.0,-1.0,RS41-SG,404.900,7.3,625,9,2.7,08:29:38,
2026-08-12T12:52:27.994Z,X1432500,8297,45.49241,8.36777,26274.7,-25.1,7.6,298.4,-273.0,-1.0,-1.0,RS41-SG,404.900,7.3,625,9,2.7,08:29:38,
2026-08-12T12:52:29.994Z,X1432500,8299,45.49246,8.36758,26224.3,-25.3,7.9,286.6,-273.0,-1.0,-1.0,RS41-SG,404.900,7.5,625,9,2.6,08:29:38,
2026-08-12T12:52:31.994Z,X1432500,8301,45.49248,8.36736,26171.9,-23.7,8.5,270.7,-273.0,-1.0,-1.0,RS41-SG,404.900,7.2,625,7,2.6,08:29:38,
2026-08-12T12:52:33.994Z,X1432500,8303,45.49247,8.36717,26125.4,-22.4,6.8,255.3,-273.0,-1.0,-1.0,RS41-SG,404.900,7.0,625,8,2.7,08:29:38,
2026-08-12T12:52:34.994Z,X1432500,8304,45.49246,8.36709,26101.7,-24.1,6.7,259.6,-273.0,-1.0,-1.0,RS41-SG,404.900,7.5,625,8,2.7,08:29:38,
2026-08-12T12:52:35.994Z,X1432500,8305,45.49245,8.36702,26076.9,-25.3,4.9,261.7,-273.0,-1.0,-1.0,RS41-SG,404.900,7.7,625,7,2.6,08:29:38,
2026-08-12T12:52:36.994Z,X1432500,8306,45.49244,8.36696,26051.4,-25.3,4.9,270.2,-273.0,-1.0,-1.0,RS41-SG,404.900,7.7,625,7,2.6,08:29:38,
2026-08-12T12:52:38.994Z,X1432500,8308,45.49245,8.36687,25999.9,-27.3,3.3,293.9,-273.0,-1.0,-1.0,RS41-SG,404.900,7.9,625,8,2.7,08:29:38,
2026-08-12T12:52:39.994Z,X1432500,8309,45.49246,8.36682,25971.8,-28.1,4.9,302.9,-273.0,-1.0,-1.0,RS41-SG,404.900,7.9,625,7,2.7,08:29:38,
2026-08-12T12:52:40.994Z,X1432500,8310,45.49249,8.36677,25945.5,-24.2,6.0,306.7,-273.0,-1.0,-1.0,RS41-SG,404.900,7.9,625,7,2.7,08:29:38,
2026-08-12T12:52:41.994Z,X1432500,8311,45.49252,8.36671,25920.6,-25.1,5.8,302.2,-273.0,-1.0,-1.0,RS41-SG,404.900,7.8,625,9,2.6,08:29:38,
2026-08-12T12:52:42.994Z,X1432500,8312,45.49255,8.36665,25896.4,-23.7,6.2,308.4,-273.0,-1.0,-1.0,RS41-SG,404.900,7.8,625,8,2.6,08:29:38,
2026-08-12T12:52:43.994Z,X1432500,8313,45.49258,8.36658,25872.8,-23.1,7.1,298.2,-273.0,-1.0,-1.0,RS41-SG,404.900,7.4,625,8,2.6,08:26:14,
2026-08-12T12:52:44.994Z,X1432500,8314,45.49261,8.36650,25851.9,-20.3,6.5,292.7,-273.0,-1.0,-1.0,RS41-SG,404.900,7.4,625,8,2.7,08:26:14,
2026-08-12T12:52:45.994Z,X1432500,8315,45.49263,8.36642,25830.7,-21.6,7.7,289.4,-273.0,-1.0,-1.0,RS41-SG,404.900,7.3,625,8,2.7,08:26:14,
2026-08-12T12:52:57.994Z,X1432500,8327,45.49277,8.36593,25556.8,-26.6,5.5,0.3,-273.0,-1.0,-1.0,RS41-SG,404.900,7.2,625,8,2.7,08:26:14,
2026-08-12T12:52:58.994Z,X1432500,8328,45.49282,8.36593,25532.5,-23.0,5.7,356.7,-273.0,-1.0,-1.0,RS41-SG,404.900,6.9,625,7,2.7,08:26:14,
2026-08-12T12:52:59.994Z,X1432500,8329,45.49288,8.36592,25509.2,-23.5,7.8,352.5,-273.0,-1.0,-1.0,RS41-SG,404.900,7.0,625,7,2.6,08:26:14,
2026-08-12T12:53:00.994Z,X1432500,8330,45.49295,8.36591,25488.6,-18.6,8.3,358.4,-273.0,-1.0,-1.0,RS41-SG,404.900,7.4,625,7,2.6,08:26:14,
2026-08-12T12:53:01.994Z,X1432500,8331,45.49302,8.36590,25470.8,-17.4,8.5,352.4,-273.0,-1.0,-1.0,RS41-SG,404.900,7.4,625,7,2.6,08:26:14,
2026-08-12T12:53:02.994Z,X1432500,8332,45.49310,8.36588,25453.2,-18.1,8.6,350.4,-273.0,-1.0,-1.0,RS41-SG,404.900,7.0,625,8,2.7,08:26:14,
2026-08-12T12:53:06.994Z,X1432500,8336,45.49342,8.36574,25378.5,-21.8,8.7,332.9,-273.0,-1.0,-1.0,RS41-SG,404.900,6.5,625,7,2.6,08:26:14,
2026-08-12T12:53:08.994Z,X1432500,8338,45.49356,8.36563,25336.5,-19.5,9.7,325.1,-273.0,-1.0,-1.0,RS41-SG,404.900,6.7,625,8,2.7,08:26:14,
2026-08-12T12:53:22.994Z,X1432500,8352,45.49454,8.36417,25022.7,-25.5,10.4,307.3,-273.0,-1.0,-1.0,RS41-SG,404.900,6.9,625,7,2.7,08:26:14,
2026-08-12T12:53:24.994Z,X1432500,8354,45.49465,8.36395,24975.7,-21.4,10.3,305.8,-273.0,-1.0,-1.0,RS41-SG,404.900,6.9,625,9,2.6,08:26:14,
2026-08-12T12:53:25.994Z,X1432500,8355,45.49471,8.36384,24955.0,-19.7,11.4,307.4,-273.0,-1.0,-1.0,RS41-SG,404.900,6.9,625,8,2.6,08:26:14,
2026-08-12T12:53:29.994Z,X1432500,8359,45.49492,8.36338,24895.0,-10.7,10.4,298.5,-273.0,-1.0,-1.0,RS41-SG,404.900,7.4,625,9,2.6,08:26:14,
2026-08-12T12:53:30.994Z,X1432500,8360,45.49496,8.36327,24884.3,-10.5,9.8,292.9,-273.0,-1.0,-1.0,RS41-SG,404.900,7.8,625,8,2.6,08:26:14,
2026-08-12T12:53:31.994Z,X1432500,8361,45.49499,8.36315,24873.8,-10.5,9.7,290.4,-273.0,-1.0,-1.0,RS41-SG,404.900,7.8,625,7,2.6,08:26:14,
2026-08-12T12:53:32.994Z,X1432500,8362,45.49502,8.36303,24863.6,-10.2,9.6,287.5,-273.0,-1.0,-1.0,RS41-SG,404.900,7.0,625,9,2.7,08:26:14,
2026-08-12T12:53:34.994Z,X1432500,8364,45.49508,8.36280,24842.2,-9.9,9.8,292.2,-273.0,-1.0,-1.0,RS41-SG,404.900,6.9,625,9,2.7,08:25:23,
2026-08-12T12:53:35.994Z,X1432500,8365,45.49511,8.36269,24830.9,-11.1,9.5,295.8,-273.0,-1.0,-1.0,RS41-SG,404.900,7.0,625,9,2.6,08:25:23,
