timestamp,serial,frame,lat,lon,alt,vel_v,vel_h,heading,temp,humidity,pressure,type,freq_mhz,snr,f_error_hz,sats,batt_v,burst_timer,aux_data
2026-09-12T12:49:44.999Z,W4215025,8148,46.39029,6.91525,30114.5,-39.0,4.2,202.1,-273.0,-1.0,-1.0,RS41,403.501,8.6,-500,10,2.7,,
2026-09-12T12:49:45.999Z,W4215025,8149,46.39025,6.91523,30075.9,-39.1,4.3,184.6,-273.0,-1.0,-1.0,RS41,403.501,9.0,-500,7,2.7,,
2026-09-12T12:49:46.999Z,W4215025,8150,46.39022,6.91523,30036.6,-39.6,4.1,177.7,-273.0,-1.0,-1.0,RS41,403.501,9.0,-500,10,2.7,,
2026-09-12T12:49:47.999Z,W4215025,8151,46.39018,6.91524,29996.8,-39.8,4.1,159.0,-273.0,-1.0,-1.0,RS41,403.501,7.3,-500,9,2.6,,
2026-09-12T12:49:48.999Z,W4215025,8152,46.39015,6.91526,29957.6,-39.7,4.3,150.1,-273.0,-1.0,-1.0,RS41,403.501,8.1,-500,9,2.5,,
2026-09-12T12:49:49.999Z,W4215025,8153,46.39011,6.91529,29919.1,-38.8,4.2,144.8,-273.0,-1.0,-1.0,RS41,403.501,8.9,-500,9,2.5,,
2026-09-12T12:49:50.999Z,W4215025,8154,46.39009,6.91532,29880.9,-38.4,2.9,145.5,-273.0,-1.0,-1.0,RS41,403.501,8.9,-500,9,2.7,,
2026-09-12T12:49:51.999Z,W4215025,8155,46.39007,6.91533,29842.9,-38.1,2.1,142.3,-273.0,-1.0,-1.0,RS41,403.501,9.4,-500,10,2.7,,
2026-09-12T12:49:52.999Z,W4215025,8156,46.39006,6.91535,29804.2,-38.7,0.9,127.8,-273.0,-1.0,-1.0,RS41,403.501,9.4,-500,8,2.7,,
2026-09-12T12:49:53.999Z,W4215025,8157,46.39006,6.91535,29764.9,-39.1,0.3,30.0,-273.0,-1.0,-1.0,RS41,403.501,9.2,-500,9,2.5,,
2026-09-12T12:49:54.999Z,W4215025,8158,46.39006,6.91535,29726.0,-39.1,0.4,332.6,-273.0,-1.0,-1.0,RS41,403.501,9.5,-500,10,2.5,,
2026-09-12T12:49:55.999Z,W4215025,8159,46.39006,6.91534,29687.5,-38.8,0.6,295.6,-273.0,-1.0,-1.0,RS41,403.501,9.5,-500,8,2.7,,
2026-09-12T12:49:57.999Z,W4215025,8161,46.39005,6.91531,29611.5,-38.4,1.7,241.2,-273.0,-1.0,-1.0,RS41,403.501,7.5,-500,9,2.6,,
2026-09-12T12:50:00.999Z,W4215025,8164,46.39002,6.91527,29495.7,-38.5,1.6,196.0,-273.0,-1.0,-1.0,RS41,403.501,7.9,-500,9,2.7,,
2026-09-12T12:50:01.999Z,W4215025,8165,46.39001,6.91526,29456.9,-39.4,1.1,173.9,-273.0,-1.0,-1.0,RS41,403.501,7.9,-500,10,2.7,,
2026-09-12T12:50:02.999Z,W4215025,8166,46.39000,6.91527,29419.5,-35.4,1.3,132.4,-273.0,-1.0,-1.0,RS41,403.501,7.8,-500,8,2.6,,
2026-09-12T12:50:05.999Z,W4215025,8169,46.39000,6.91533,29316.6,-33.0,3.2,68.6,-273.0,-1.0,-1.0,RS41,403.501,7.4,-500,9,2.7,,
2026-09-12T12:50:06.999Z,W4215025,8170,46.39001,6.91536,29283.3,-33.9,3.0,70.8,-273.0,-1.0,-1.0,RS41,403.501,7.7,-500,10,2.7,,
2026-09-12T12:50:07.999Z,W4215025,8171,46.39002,6.91539,29249.7,-33.2,2.6,76.6,-273.0,-1.0,-1.0,RS41,403.501,7.7,-500,9,2.7,,
2026-09-12T12:50:08.999Z,W4215025,8172,46.39002,6.91542,29216.3,-34.0,2.1,102.3,-273.0,-1.0,-1.0,RS41,403.501,7.7,-500,7,2.5,,
2026-09-12T12:50:09.999Z,W4215025,8173,46.39001,6.91544,29181.2,-35.8,1.0,85.7,-273.0,-1.0,-1.0,RS41,403.501,8.0,-500,9,2.5,,
2026-09-12T12:50:12.999Z,W4215025,8176,46.38999,6.91542,29075.6,-34.7,1.8,224.2,-273.0,-1.0,-1.0,RS41,403.501,6.8,-500,8,2.7,,
2026-09-12T12:50:17.999Z,W4215025,8181,46.38991,6.91537,28905.4,-34.4,1.3,174.0,-273.0,-1.0,-1.0,RS41,403.501,7.4,-500,9,2.7,,
2026-09-12T12:50:20.999Z,W4215025,8184,46.38988,6.91539,28803.8,-32.2,0.9,198.1,-273.0,-1.0,-1.0,RS41,403.501,6.7,-500,9,2.7,,
2026-09-12T12:50:30.999Z,W4215025,8194,46.38982,6.91506,28475.8,-32.4,1.0,203.3,-273.0,-1.0,-1.0,RS41,403.501,6.2,-500,8,2.5,,
2026-09-12T12:51:09.999Z,W4215025,8233,46.38881,6.91562,27292.3,-28.2,7.6,115.8,-273.0,-1.0,-1.0,RS41,403.501,7.4,-500,9,2.7,,
2026-09-12T12:51:10.999Z,W4215025,8234,46.38879,6.91571,27263.3,-29.5,7.1,106.8,-273.0,-1.0,-1.0,RS41,403.501,7.8,-500,9,2.7,,
2026-09-12T12:51:12.999Z,W4215025,8236,46.38876,6.91589,27204.9,-27.9,7.6,96.9,-273.0,-1.0,-1.0,RS41,403.501,6.7,-500,9,2.5,,
2026-09-12T12:51:13.999Z,W4215025,8237,46.38875,6.91599,27175.0,-31.1,6.8,95.6,-273.0,-1.0,-1.0,RS41,403.501,7.2,-500,9,2.5,,
2026-09-12T12:51:14.999Z,W4215025,8238,46.38875,6.91607,27143.2,-32.3,6.1,93.6,-273.0,-1.0,-1.0,RS41,403.501,8.2,-500,9,2.7,,
2026-09-12T12:51:15.999Z,W4215025,8239,46.38875,6.91614,27111.1,-30.7,5.4,94.0,-273.0,-1.0,-1.0,RS41,403.501,8.2,-500,9,2.7,,
2026-09-12T12:51:16.999Z,W4215025,8240,46.38874,6.91620,27081.3,-29.3,3.9,103.5,-273.0,-1.0,-1.0,RS41,403.501,8.1,-500,7,2.7,,
2026-09-12T12:51:17.999Z,W4215025,8241,46.38874,6.91624,27051.8,-29.2,2.2,101.1,-273.0,-1.0,-1.0,RS41,403.501,8.4,-500,8,2.6,,
2026-09-12T12:51:18.999Z,W4215025,8242,46.38873,6.91627,27023.1,-28.1,2.4,93.7,-273.0,-1.0,-1.0,RS41,403.501,8.4,-500,9,2.5,,
2026-09-12T12:51:19.999Z,W4215025,8243,46.38873,6.91630,26994.3,-29.7,2.1,113.0,-273.0,-1.0,-1.0,RS41,403.501,7.8,-500,9,2.5,,
2026-09-12T12:51:20.999Z,W4215025,8244,46.38872,6.91632,26965.4,-27.6,1.4,119.2,-273.0,-1.0,-1.0,RS41,403.501,7.0,-500,7,2.7,,
2026-09-12T12:51:22.999Z,W4215025,8246,46.38871,6.91637,26908.6,-28.6,2.2,132.3,-273.0,-1.0,-1.0,RS41-SG,403.501,7.7,-500,8,2.7,,
2026-09-12T12:51:23.999Z,W4215025,8247,46.38869,6.91639,26879.1,-29.5,1.9,128.2,-273.0,-1.0,-1.0,RS41-SG,403.501,7.7,-500,9,2.6,,
2026-09-12T12:51:26.999Z,W4215025,8250,46.38864,6.91646,26791.8,-27.8,2.9,170.4,-273.0,-1.0,-1.0,RS41-SG,403.501,6.7,-500,7,2.7,,
2026-09-12T12:51:27.999Z,W4215025,8251,46.38861,6.91646,26763.8,-28.0,3.3,170.7,-273.0,-1.0,-1.0,RS41-SG,403.501,8.2,-500,9,2.7,,
2026-09-12T12:51:28.999Z,W4215025,8252,46.38858,6.91646,26735.9,-27.4,3.9,187.1,-273.0,-1.0,-1.0,RS41-SG,403.501,8.2,-500,8,2.7,,
2026-09-12T12:51:29.999Z,W4215025,8253,46.38854,6.91645,26708.8,-26.5,4.5,200.9,-273.0,-1.0,-1.0,RS41-SG,403.501,8.0,-500,8,2.5,,
2026-09-12T12:51:31.999Z,W4215025,8255,46.38846,6.91639,26657.4,-25.3,5.7,209.5,-273.0,-1.0,-1.0,RS41-SG,403.501,8.9,-500,10,2.7,,
2026-09-12T12:51:32.999Z,W4215025,8256,46.38841,6.91636,26631.4,-26.5,5.9,199.6,-273.0,-1.0,-1.0,RS41-SG,403.501,8.9,-500,9,2.7,,
2026-09-12T12:51:33.999Z,W4215025,8257,46.38836,6.91633,26604.1,-27.9,5.8,191.2,-273.0,-1.0,-1.0,RS41-SG,403.501,7.9,-500,10,2.5,,
2026-09-12T12:51:36.999Z,W4215025,8260,46.38822,6.91638,26519.6,-27.4,5.9,146.8,-273.0,-1.0,-1.0,RS41-SG,403.501,7.2,-500,10,2.7,,
2026-09-12T12:51:40.999Z,W4215025,8264,46.38808,6.91662,26409.1,-25.3,5.7,108.8,-273.0,-1.0,-1.0,RS41-SG,403.501,7.0,-500,7,2.7,,
2026-09-12T12:51:43.999Z,W4215025,8267,46.38809,6.91677,26326.4,-27.0,2.9,32.0,-273.0,-1.0,-1.0,RS41-SG,403.501,7.3,-500,9,2.5,,
2026-09-12T12:51:44.999Z,W4215025,8268,46.38811,6.91678,26298.6,-28.2,3.7,2.4,-273.0,-1.0,-1.0,RS41-SG,403.501,7.4,-500,9,2.5,,
2026-09-12T12:51:45.999Z,W4215025,8269,46.38815,6.91678,26270.0,-28.4,4.9,347.4,-50.8,-1.0,-1.0,RS41-SG,403.501,7.4,-500,9,2.7,,
2026-09-12T12:51:46.999Z,W4215025,8270,46.38820,6.91675,26241.4,-28.1,6.5,332.2,-50.9,-1.0,-1.0,RS41-SG,403.501,7.7,-500,11,2.7,,
2026-09-12T12:51:49.999Z,W4215025,8273,46.38835,6.91662,26157.7,-27.9,6.5,329.7,-50.7,-1.0,-1.0,RS41-SG,403.501,7.0,-500,9,2.5,,
2026-09-12T12:51:50.999Z,W4215025,8274,46.38839,6.91657,26130.0,-27.6,5.7,318.0,-50.6,-1.0,-1.0,RS41-SG,403.501,7.4,-500,9,2.5,,
2026-09-12T12:51:56.999Z,W4215025,8280,46.38847,6.91638,25962.3,-27.5,2.9,252.1,-50.0,-1.0,-1.0,RS41-SG,403.501,7.9,-500,9,2.5,,
2026-09-12T12:51:58.999Z,W4215025,8282,46.38846,6.91629,25905.3,-28.1,4.2,251.5,-49.9,-1.0,-1.0,RS41-SG,403.501,7.6,-500,9,2.7,,
2026-09-12T12:51:59.999Z,W4215025,8283,46.38844,6.91622,25876.2,-29.9,5.9,258.8,-50.0,-1.0,-1.0,RS41-SG,403.501,7.9,-500,8,2.7,,
2026-09-12T12:52:00.999Z,W4215025,8284,46.38843,6.91615,25847.2,-28.6,5.8,251.6,-50.0,-1.0,-1.0,RS41-SG,403.501,7.9,-500,9,2.5,,
2026-09-12T12:52:01.999Z,W4215025,8285,46.38841,6.91607,25820.1,-26.1,7.3,249.9,-50.0,-1.0,-1.0,RS41-SG,403.501,7.9,-500,10,2.5,,
2026-09-12T12:52:02.999Z,W4215025,8286,46.38838,6.91598,25794.1,-26.3,7.1,242.9,-49.9,-1.0,-1.0,RS41-SG,403.501,7.6,-500,9,2.5,,
2026-09-12T12:52:04.999Z,W4215025,8288,46.38830,6.91581,25744.6,-23.6,8.8,234.9,-50.0,-1.0,-1.0,RS41-SG,403.501,6.9,-500,7,2.7,,
2026-09-12T12:52:05.999Z,W4215025,8289,46.38825,6.91572,25720.0,-25.5,9.0,229.4,-50.1,-1.0,-1.0,RS41-SG,403.501,6.9,-500,7,2.7,,
2026-09-12T12:52:06.999Z,W4215025,8290,46.38820,6.91564,25694.1,-26.3,7.9,221.8,-50.2,-1.0,-1.0,RS41-SG,403.501,7.6,-500,7,2.5,,
2026-09-12T12:52:07.999Z,W4215025,8291,46.38814,6.91558,25667.3,-27.3,6.7,211.8,-50.4,-1.0,-1.0,RS41-SG,403.501,7.6,-500,9,2.5,,
2026-09-12T12:52:32.999Z,W4215025,8316,46.38792,6.91581,25027.2,-25.2,1.4,305.5,-52.1,-1.0,-1.0,RS41-SG,403.501,6.7,-500,9,2.7,,
2026-09-12T12:52:33.999Z,W4215025,8317,46.38792,6.91579,25002.2,-24.4,2.5,285.9,-52.1,-1.0,-1.0,RS41-SG,403.501,6.8,-500,8,2.7,,
2026-09-12T12:52:39.999Z,W4215025,8323,46.38789,6.91561,24858.3,-23.8,1.9,251.9,-52.5,-1.0,-1.0,RS41-SG,403.501,7.2,-500,8,2.7,,
2026-09-12T12:52:42.999Z,W4215025,8326,46.38787,6.91551,24787.9,-23.4,2.2,242.5,-52.3,-1.0,-1.0,RS41-SG,403.501,7.1,-500,9,2.5,,
2026-09-12T12:52:43.999Z,W4215025,8327,46.38786,6.91548,24764.9,-22.7,3.1,251.5,-52.3,-1.0,-1.0,RS41-SG,403.501,7.2,-500,10,2.5,,
2026-09-12T12:52:49.999Z,W4215025,8333,46.38783,6.91531,24620.8,-25.4,2.4,288.4,-52.9,-1.0,-1.0,RS41-SG,403.501,7.0,-500,10,2.5,,
2026-09-12T12:52:55.999Z,W4215025,8339,46.38788,6.91507,24472.3,-25.9,3.3,266.6,-53.4,-1.0,-1.0,RS41-SG,403.501,7.7,-500,9,2.5,,
2026-09-12T12:52:58.999Z,W4215025,8342,46.38789,6.91501,24396.5,-23.9,0.4,86.7,-53.7,-1.0,-1.0,RS41-SG,403.501,6.8,-500,9,2.7,,
2026-09-12T12:52:59.999Z,W4215025,8343,46.38789,6.91502,24371.8,-25.2,2.2,74.6,-53.8,-1.0,-1.0,RS41-SG,403.501,7.1,-500,8,2.5,,
2026-09-12T12:53:01.999Z,W4215025,8345,46.38791,6.91510,24322.0,-24.6,3.6,78.2,-54.0,-1.0,-1.0,RS41-SG,403.501,7.6,-500,9,2.5,,
2026-09-12T12:53:02.999Z,W4215025,8346,46.38791,6.91515,24298.0,-23.3,3.3,76.9,-54.0,-1.0,-1.0,RS41-SG,403.501,7.9,-500,9,2.7,,
2026-09-12T12:53:03.999Z,W4215025,8347,46.38792,6.91518,24275.0,-22.2,2.6,63.6,-54.0,-1.0,-1.0,RS41-SG,403.501,7.9,-500,8,2.7,,
2026-09-12T12:53:04.999Z,W4215025,8348,46.38793,6.91520,24251.2,-23.8,2.2,38.6,-53.9,-1.0,-1.0,RS41-SG,403.501,8.1,-500,8,2.7,,
2026-09-12T12:53:05.999Z,W4215025,8349,46.38795,6.91521,24226.0,-25.2,2.3,8.1,-53.9,-1.0,-1.0,RS41-SG,403.501,8.1,-500,9,2.5,,
2026-09-12T12:53:06.999Z,W4215025,8350,46.38798,6.91520,24201.6,-21.9,3.2,336.3,-53.8,-1.0,-1.0,RS41-SG,403.501,7.6,-500,9,2.5,,
2026-09-12T12:53:07.999Z,W4215025,8351,46.38800,6.91517,24179.0,-22.7,4.2,323.5,-53.8,-1.0,-1.0,RS41-SG,403.501,6.9,-500,9,2.5,,
2026-09-12T12:53:09.999Z,W4215025,8353,46.38807,6.91508,24132.9,-23.5,5.8,318.4,-53.8,-1.0,-1.0,RS41-SG,403.501,6.9,-500,8,2.7,,
2026-09-12T12:53:11.999Z,W4215025,8355,46.38815,6.91499,24086.1,-23.2,5.3,328.5,-53.7,-1.0,-1.0,RS41-SG,403.501,7.0,-500,9,2.5,,
2026-09-12T12:53:12.999Z,W4215025,8356,46.38819,6.91496,24062.3,-24.3,4.1,336.3,-53.6,-1.0,-1.0,RS41-SG,403.501,7.1,-500,9,2.5,,
2026-09-12T12:53:13.999Z,W4215025,8357,46.38822,6.91495,24037.7,-24.5,4.2,347.0,-53.6,-1.0,-1.0,RS41-SG,403.501,7.6,-500,9,2.5,,
2026-09-12T12:53:14.999Z,W4215025,8358,46.38826,6.91495,24013.5,-24.4,3.9,7.6,-53.5,-1.0,-1.0,RS41-SG,403.501,7.6,-500,9,2.7,,
2026-09-12T12:53:15.999Z,W4215025,8359,46.38829,6.91495,23988.3,-26.3,2.9,3.5,-53.5,-1.0,-1.0,RS41-SG,403.501,7.5,-500,9,2.7,,
2026-09-12T12:53:16.999Z,W4215025,8360,46.38831,6.91496,23961.5,-27.5,2.8,16.1,-53.3,-1.0,-1.0,RS41-SG,403.501,7.8,-500,10,2.7,,
2026-09-12T12:53:17.999Z,W4215025,8361,46.38833,6.91497,23933.9,-28.1,2.4,18.9,-53.2,-1.0,-1.0,RS41-SG,403.501,7.8,-500,9,2.5,,
2026-09-12T12:53:18.999Z,W4215025,8362,46.38835,6.91497,23907.2,-25.6,2.0,346.5,-53.3,-1.0,-1.0,RS41-SG,403.501,7.7,-500,8,2.5,,
2026-09-12T12:53:19.999Z,W4215025,8363,46.38837,6.91496,23882.6,-23.1,2.0,335.2,-53.4,-1.0,-1.0,RS41-SG,403.501,7.8,-500,7,2.5,,
2026-09-12T12:53:20.999Z,W4215025,8364,46.38838,6.91495,23860.8,-20.8,1.2,306.6,-53.6,-1.0,-1.0,RS41-SG,403.501,7.8,-500,8,2.7,08:24:52,
2026-09-12T12:53:21.999Z,W4215025,8365,46.38838,6.91493,23839.5,-22.0,1.6,276.7,-53.9,-1.0,-1.0,RS41-SG,403.501,7.7,-500,8,2.7,08:24:52,
2026-09-12T12:53:22.999Z,W4215025,8366,46.38839,6.91490,23816.8,-22.8,2.3,281.2,-54.0,-1.0,-1.0,RS41-SG,403.501,7.6,-500,10,2.7,08:24:52,
2026-09-12T12:53:23.999Z,W4215025,8367,46.38839,6.91488,23794.4,-21.6,2.0,265.3,-53.9,-1.0,-1.0,RS41-SG,403.501,8.6,-500,10,2.5,08:24:52,
2026-09-12T12:53:24.999Z,W4215025,8368,46.38839,6.91485,23771.9,-23.1,1.8,251.4,-53.9,-1.0,-1.0,RS41-SG,403.501,8.6,-500,8,2.5,08:24:52,
2026-09-12T12:53:25.999Z,W4215025,8369,46.38838,6.91483,23749.0,-23.0,2.1,239.8,-53.9,-1.0,-1.0,RS41-SG,403.501,8.1,-500,8,2.5,08:24:52,
2026-09-12T12:53:26.999Z,W4215025,8370,46.38837,6.91481,23726.1,-23.1,2.1,221.9,-53.9,-1.0,-1.0,RS41-SG,403.501,8.1,-500,8,2.7,08:24:52,
2026-09-12T12:53:28.999Z,W4215025,8372,46.38833,6.91478,23680.5,-22.3,3.3,198.6,-54.2,-1.0,-1.0,RS41-SG,403.501,7.9,-500,8,2.7,08:24:52,
2026-09-12T12:53:29.999Z,W4215025,8373,46.38830,6.91476,23658.1,-22.1,3.4,198.7,-54.3,-1.0,-1.0,RS41-SG,403.501,8.3,-500,9,2.5,08:24:52,
2026-09-12T12:53:30.999Z,W4215025,8374,46.38827,6.91474,23636.2,-21.2,3.4,204.0,-54.4,-1.0,-1.0,RS41-SG,403.501,8.3,-500,8,2.5,08:24:52,
2026-09-12T12:53:31.999Z,W4215025,8375,46.38824,6.91473,23614.4,-22.4,3.3,180.2,-54.4,-1.0,-1.0,RS41-SG,403.501,8.1,-500,9,2.5,08:24:52,
2026-09-12T12:53:32.999Z,W4215025,8376,46.38821,6.91474,23592.1,-22.4,4.1,174.7,-54.3,-1.0,-1.0,RS41-SG,403.501,8.1,-500,9,2.7,08:24:52,
2026-09-12T12:53:33.999Z,W4215025,8377,46.38817,6.91474,23570.6,-20.6,4.3,170.6,-54.3,-1.0,-1.0,RS41-SG,403.501,8.0,-500,7,2.7,08:24:52,
2026-09-12T12:53:34.999Z,W4215025,8378,46.38813,6.91475,23549.0,-22.3,4.2,171.5,-54.3,-1.0,-1.0,RS41-SG,403.501,8.4,-500,8,2.7,08:24:52,
2026-09-12T12:53:35.999Z,W4215025,8379,46.38810,6.91475,23526.3,-23.0,3.3,175.0,-54.4,-1.0,-1.0,RS41-SG,403.501,8.4,-500,8,2.5,08:24:52,
2026-09-12T12:53:36.999Z,W4215025,8380,46.38807,6.91476,23504.0,-21.5,3.1,164.5,-54.5,-1.0,-1.0,RS41-SG,403.501,8.3,-500,7,2.5,08:24:52,
2026-09-12T12:53:37.999Z,W4215025,8381,46.38805,6.91477,23482.1,-22.6,2.8,157.4,-54.6,-1.0,-1.0,RS41-SG,403.501,8.7,-500,8,2.5,08:24:52,
2026-09-12T12:53:38.999Z,W4215025,8382,46.38803,6.91478,23459.7,-22.1,2.1,154.1,-54.6,-1.0,-1.0,RS41-SG,403.501,8.7,-500,8,2.7,08:24:52,
2026-09-12T12:53:41.999Z,W4215025,8385,46.38800,6.91481,23391.0,-22.5,1.2,147.5,-54.7,-1.0,-1.0,RS41-SG,403.501,6.4,-500,10,2.5,08:24:52,
2026-09-12T12:53:43.999Z,W4215025,8387,46.38797,6.91482,23347.2,-21.3,2.0,163.6,-54.7,-1.0,-1.0,RS41-SG,403.501,7.3,-500,8,2.5,08:24:52,
2026-09-12T12:53:44.999Z,W4215025,8388,46.38796,6.91483,23325.5,-22.0,2.2,162.7,-54.7,-1.0,-1.0,RS41-SG,403.501,7.3,-500,9,2.7,08:24:52,
2026-09-12T12:53:45.999Z,W4215025,8389,46.38794,6.91484,23303.8,-21.5,2.5,159.8,-54.8,-1.0,-1.0,RS41-SG,403.501,8.4,-500,8,2.7,08:24:52,
2026-09-12T12:53:46.999Z,W4215025,8390,46.38792,6.91485,23281.8,-22.3,2.4,156.7,-54.9,-1.0,-1.0,RS41-SG,403.501,9.3,-500,9,2.7,08:24:52,
2026-09-12T12:53:47.999Z,W4215025,8391,46.38789,6.91487,23260.6,-20.2,3.1,151.6,-55.1,-1.0,-1.0,RS41-SG,403.501,9.3,-500,7,2.5,08:24:52,
2026-09-12T12:53:48.999Z,W4215025,8392,46.38787,6.91489,23240.5,-19.9,2.5,135.0,-55.2,-1.0,-1.0,RS41-SG,403.501,9.1,-500,9,2.5,08:24:52,
2026-09-12T12:53:50.999Z,W4215025,8394,46.38787,6.91492,23195.6,-21.8,1.3,23.5,-55.1,-1.0,-1.0,RS41-SG,403.501,7.5,-500,9,2.7,08:24:52,
2026-09-12T12:53:51.999Z,W4215025,8395,46.38789,6.91492,23173.5,-20.7,3.1,0.5,-55.1,-1.0,-1.0,RS41-SG,403.501,9.1,-500,10,2.7,08:24:52,
2026-09-12T12:53:52.999Z,W4215025,8396,46.38792,6.91492,23151.7,-21.1,3.9,356.9,-55.1,-1.0,-1.0,RS41-SG,403.501,9.1,-500,11,2.7,08:24:52,
2026-09-12T12:53:53.999Z,W4215025,8397,46.38796,6.91492,23131.4,-19.6,4.9,3.0,-55.0,-1.0,-1.0,RS41-SG,403.501,8.8,-500,9,2.5,08:24:52,
2026-09-12T12:53:54.999Z,W4215025,8398,46.38800,6.91492,23111.3,-20.4,4.6,354.0,-54.9,-1.0,-1.0,RS41-SG,403.501,8.8,-500,11,2.5,08:24:52,
2026-09-12T12:53:55.999Z,W4215025,8399,46.38804,6.91492,23091.9,-18.7,3.4,357.4,-54.9,-1.0,-1.0,RS41-SG,403.501,8.9,-500,7,2.5,08:24:52,
2026-09-12T12:53:56.999Z,W4215025,8400,46.38807,6.91491,23073.2,-18.5,3.2,347.2,-54.8,-1.0,-1.0,RS41-SG,403.501,8.9,-500,10,2.7,08:24:52,
2026-09-12T12:53:57.999Z,W4215025,8401,46.38809,6.91491,23053.8,-20.4,2.3,2.7,-54.7,-1.0,-1.0,RS41-SG,403.501,8.9,-500,8,2.7,08:24:52,
2026-09-12T12:53:58.999Z,W4215025,8402,46.38811,6.91491,23032.7,-21.3,1.4,329.4,-54.6,-1.0,-1.0,RS41-SG,403.501,8.7,-500,9,2.7,08:24:52,
2026-09-12T12:53:59.999Z,W4215025,8403,46.38812,6.91489,23010.3,-23.2,2.2,310.5,-54.4,-1.0,-1.0,RS41-SG,403.501,8.7,-500,8,2.5,08:24:52,
2026-09-12T12:54:00.999Z,W4215025,8404,46.38813,6.91487,22987.5,-22.2,1.9,303.1,-54.3,-1.0,-1.0,RS41-SG,403.501,8.5,-500,10,2.5,08:24:52,
2026-09-12T12:54:01.999Z,W4215025,8405,46.38814,6.91485,22965.4,-21.9,2.7,304.2,-54.2,-1.0,-1.0,RS41-SG,403.501,8.5,-500,9,2.5,08:24:52,
2026-09-12T12:54:02.999Z,W4215025,8406,46.38815,6.91482,22943.1,-22.8,2.0,304.6,-54.1,-1.0,-1.0,RS41-SG,403.501,8.4,-500,8,2.7,08:24:52,
2026-09-12T12:54:03.999Z,W4215025,8407,46.38816,6.91480,22920.6,-21.5,3.0,305.2,-54.1,-1.0,-1.0,RS41-SG,403.501,9.2,-500,8,2.7,08:24:52,
2026-09-12T12:54:04.999Z,W4215025,8408,46.38818,6.91476,22899.3,-20.9,3.1,297.4,-54.1,-1.0,-1.0,RS41-SG,403.501,9.2,-500,10,2.7,08:24:52,
2026-09-12T12:54:05.999Z,W4215025,8409,46.38819,6.91473,22878.6,-20.3,2.4,295.2,-54.0,-1.0,-1.0,RS41-SG,403.501,8.2,-500,8,2.5,08:24:52,
2026-09-12T12:54:06.999Z,W4215025,8410,46.38820,6.91470,22857.9,-20.8,3.2,287.0,-53.9,-1.0,-1.0,RS41-SG,403.501,8.2,-500,8,2.5,08:24:52,
2026-09-12T12:54:07.999Z,W4215025,8411,46.38820,6.91466,22837.5,-19.9,2.5,263.4,-53.9,-1.0,-1.0,RS41-SG,403.501,8.2,-500,8,2.5,08:24:52,
2026-09-12T12:54:08.999Z,W4215025,8412,46.38819,6.91462,22816.3,-21.7,3.8,260.2,-53.9,-1.0,-1.0,RS41-SG,403.501,8.2,-500,8,2.7,08:24:52,
2026-09-12T12:54:09.999Z,W4215025,8413,46.38819,6.91457,22794.3,-22.0,4.0,257.4,-54.0,-1.0,-1.0,RS41-SG,403.501,8.2,-500,10,2.7,08:24:52,
2026-09-12T12:54:10.999Z,W4215025,8414,46.38818,6.91453,22772.8,-21.0,4.1,244.4,-54.0,-1.0,-1.0,RS41-SG,403.501,8.3,-500,9,2.7,08:24:52,
2026-09-12T12:54:11.999Z,W4215025,8415,46.38816,6.91448,22751.0,-22.5,3.6,250.4,-54.0,-1.0,-1.0,RS41-SG,403.501,8.5,-500,8,2.5,08:24:01,
2026-09-12T12:54:12.999Z,W4215025,8416,46.38815,6.91444,22727.9,-23.5,3.4,253.5,-54.0,-1.0,-1.0,RS41-SG,403.501,8.6,-500,9,2.5,08:24:01,
2026-09-12T12:54:13.999Z,W4215025,8417,46.38814,6.91440,22704.5,-22.9,3.1,257.3,-54.0,-1.0,-1.0,RS41-SG,403.501,8.6,-500,9,2.5,08:24:01,
2026-09-12T12:54:14.999Z,W4215025,8418,46.38814,6.91436,22680.8,-24.0,2.8,259.0,-53.9,-1.0,-1.0,RS41-SG,403.501,8.9,-500,10,2.7,08:24:01,
2026-09-12T12:54:15.999Z,W4215025,8419,46.38813,6.91432,22657.0,-23.6,2.4,252.2,-54.0,-1.0,-1.0,RS41-SG,403.501,8.9,-500,9,2.7,08:24:01,
2026-09-12T12:54:16.999Z,W4215025,8420,46.38812,6.91429,22634.0,-22.2,3.1,245.7,-54.0,-1.0,-1.0,RS41-SG,403.501,8.1,-500,9,2.7,08:24:01,
2026-09-12T12:54:17.999Z,W4215025,8421,46.38811,6.91426,22611.6,-21.8,2.4,244.2,-53.8,-1.0,-1.0,RS41-SG,403.501,7.6,-500,10,2.5,08:24:01,
2026-09-12T12:54:18.999Z,W4215025,8422,46.38810,6.91423,22589.7,-21.9,1.9,221.3,-53.7,-1.0,-1.0,RS41-SG,403.501,7.9,-500,9,2.5,08:24:01,
2026-09-12T12:54:19.999Z,W4215025,8423,46.38809,6.91422,22568.1,-21.2,2.3,190.8,-53.7,-1.0,-1.0,RS41-SG,403.501,8.2,-500,8,2.5,08:24:01,
2026-09-12T12:54:20.999Z,W4215025,8424,46.38806,6.91422,22547.3,-20.1,3.0,183.0,-53.6,-1.0,-1.0,RS41-SG,403.501,8.9,-500,8,2.7,08:24:01,
2026-09-12T12:54:21.999Z,W4215025,8425,46.38803,6.91421,22526.5,-21.3,3.8,179.6,-53.6,-1.0,-1.0,RS41-SG,403.501,8.9,-500,8,2.7,08:24:01,
2026-09-12T12:54:22.999Z,W4215025,8426,46.38799,6.91421,22505.4,-20.7,4.6,180.2,-53.5,-1.0,-1.0,RS41-SG,403.501,8.3,-500,9,2.7,08:24:01,
2026-09-12T12:54:23.999Z,W4215025,8427,46.38795,6.91421,22485.5,-18.8,5.3,179.4,-53.7,-1.0,-1.0,RS41-SG,403.501,8.4,-500,9,2.5,08:24:01,
2026-09-12T12:54:24.999Z,W4215025,8428,46.38790,6.91421,22467.0,-17.9,5.8,174.9,-53.9,-1.0,-1.0,RS41-SG,403.501,8.4,-500,8,2.5,08:24:01,
2026-09-12T12:54:25.999Z,W4215025,8429,46.38785,6.91422,22448.6,-18.5,5.8,169.0,-54.2,-1.0,-1.0,RS41-SG,403.501,8.2,-500,7,2.5,08:24:01,
2026-09-12T12:54:26.999Z,W4215025,8430,46.38780,6.91424,22428.7,-20.5,5.6,156.8,-54.4,-1.0,-1.0,RS41-SG,403.501,8.2,-500,9,2.7,08:24:01,
2026-09-12T12:54:27.999Z,W4215025,8431,46.38776,6.91427,22407.7,-20.8,5.7,147.9,-54.5,-1.0,-1.0,RS41-SG,403.501,6.7,-500,9,2.7,08:24:01,
2026-09-12T12:54:28.999Z,W4215025,8432,46.38772,6.91432,22386.6,-20.5,5.7,135.5,-54.5,-1.0,-1.0,RS41-SG,403.501,7.8,-500,11,2.7,08:24:01,
2026-09-12T12:54:29.999Z,W4215025,8433,46.38768,6.91437,22364.6,-21.8,6.0,126.6,-54.5,-1.0,-1.0,RS41-SG,403.501,7.8,-500,10,2.5,08:24:01,
2026-09-12T12:54:31.999Z,W4215025,8435,46.38763,6.91449,22321.2,-20.6,5.7,115.6,-54.3,-1.0,-1.0,RS41-SG,403.501,7.8,-500,10,2.5,08:24:01,
2026-09-12T12:54:32.999Z,W4215025,8436,46.38761,6.91456,22300.3,-21.2,6.0,112.2,-54.6,-1.0,-1.0,RS41-SG,403.501,8.6,-500,8,2.7,08:24:01,
2026-09-12T12:54:33.999Z,W4215025,8437,46.38759,6.91463,22279.6,-20.4,5.6,109.4,-54.7,-1.0,-1.0,RS41-SG,403.501,8.6,-500,8,2.7,08:24:01,
2026-09-12T12:54:34.999Z,W4215025,8438,46.38758,6.91469,22256.9,-20.5,4.1,102.7,-54.8,-1.0,-1.0,RS41-SG,403.501,8.9,-500,10,2.5,08:24:01,
2026-09-12T12:54:36.999Z,W4215025,8440,46.38759,6.91476,22214.5,-20.9,2.6,67.1,-54.8,-1.0,-1.0,RS41-SG,403.501,8.2,-500,10,2.7,08:24:01,
2026-09-12T12:54:37.999Z,W4215025,8441,46.38760,6.91478,22194.3,-19.9,2.2,37.3,-54.7,-1.0,-1.0,RS41-SG,403.501,8.2,-500,8,2.7,08:24:01,
2026-09-12T12:54:38.999Z,W4215025,8442,46.38762,6.91479,22174.0,-20.8,2.1,1.0,-54.6,-1.0,-1.0,RS41-SG,403.501,7.5,-500,7,2.5,08:24:01,
2026-09-12T12:54:43.999Z,W4215025,8447,46.38771,6.91480,22073.0,-20.4,1.9,347.8,-55.0,-1.0,-1.0,RS41-SG,403.501,7.1,-500,9,2.5,08:24:01,
2026-09-12T12:54:45.999Z,W4215025,8449,46.38773,6.91479,22032.8,-20.4,1.2,336.8,-54.8,-1.0,-1.0,RS41-SG,403.501,7.6,-500,10,2.7,08:24:01,
2026-09-12T12:54:47.999Z,W4215025,8451,46.38774,6.91479,21994.3,-19.4,0.5,30.8,-55.0,-1.0,-1.0,RS41-SG,403.501,7.4,-500,10,2.5,08:24:01,
2026-09-12T12:54:48.999Z,W4215025,8452,46.38773,6.91479,21974.4,-20.1,1.0,190.7,-55.0,-1.0,-1.0,RS41-SG,403.501,7.7,-500,9,2.5,08:24:01,
2026-09-12T12:54:52.999Z,W4215025,8456,46.38765,6.91483,21893.9,-20.7,3.9,151.4,-55.1,-1.0,-1.0,RS41-SG,403.501,7.4,-500,8,2.5,08:24:01,
2026-09-12T12:54:53.999Z,W4215025,8457,46.38762,6.91486,21873.6,-20.0,4.6,132.5,-55.2,-1.0,-1.0,RS41-SG,403.501,7.4,-500,10,2.5,08:24:01,
2026-09-12T12:54:54.999Z,W4215025,8458,46.38760,6.91491,21853.8,-19.8,4.7,130.7,-55.2,-1.0,-1.0,RS41-SG,403.501,7.2,-500,8,2.5,08:24:01,
2026-09-12T12:54:56.999Z,W4215025,8460,46.38756,6.91499,21814.0,-20.6,3.3,94.8,-55.4,-1.0,-1.0,RS41-SG,403.501,7.6,-500,8,2.7,08:24:01,
2026-09-12T12:54:57.999Z,W4215025,8461,46.38757,6.91503,21793.0,-20.5,3.2,63.5,-55.5,-1.0,-1.0,RS41-SG,403.501,8.0,-500,9,2.7,08:24:01,
2026-09-12T12:54:58.999Z,W4215025,8462,46.38759,6.91506,21771.0,-20.9,3.3,42.8,-55.4,-1.0,-1.0,RS41-SG,403.501,8.0,-500,11,2.5,08:24:01,
2026-09-12T12:54:59.999Z,W4215025,8463,46.38762,6.91509,21749.5,-20.7,4.1,26.3,-55.4,-1.0,-1.0,RS41-SG,403.501,7.9,-500,11,2.5,08:24:01,
2026-09-12T12:55:00.999Z,W4215025,8464,46.38765,6.91511,21728.6,-21.2,4.6,15.8,-55.3,-1.0,-1.0,RS41-SG,403.501,7.0,-500,8,2.5,08:24:01,
2026-09-12T12:55:01.999Z,W4215025,8465,46.38769,6.91512,21706.6,-21.5,4.2,0.7,-55.1,-1.0,-1.0,RS41-SG,403.501,7.0,-500,9,2.7,08:24:01,
2026-09-12T12:55:02.999Z,W4215025,8466,46.38773,6.91511,21685.4,-20.9,4.9,352.1,-55.0,-1.0,-1.0,RS41-SG,403.501,7.3,-500,10,2.7,08:23:10,
2026-09-12T12:55:03.999Z,W4215025,8467,46.38777,6.91510,21665.3,-19.5,4.0,350.9,-55.0,-1.0,-1.0,RS41-SG,403.501,7.6,-500,9,2.7,08:23:10,
2026-09-12T12:55:06.999Z,W4215025,8470,46.38783,6.91507,21610.1,-19.6,1.2,278.2,-55.3,-1.0,-1.0,RS41-SG,403.501,7.4,-500,9,2.5,08:23:10,
2026-09-12T12:55:08.999Z,W4215025,8472,46.38782,6.91504,21570.7,-20.1,1.6,218.5,-55.7,-1.0,-1.0,RS41-SG,403.501,6.7,-500,8,2.7,08:23:10,
2026-09-12T12:55:12.999Z,W4215025,8476,46.38774,6.91508,21489.6,-18.8,3.1,122.8,-55.7,-1.0,-1.0,RS41-SG,403.501,6.3,-500,10,2.7,08:23:10,
