timestamp,serial,frame,lat,lon,alt,vel_v,vel_h,heading,temp,humidity,pressure,type,freq_mhz,snr,f_error_hz,sats,batt_v,burst_timer,aux_data
2026-08-30T00:39:40.002Z,W4131357,7535,46.92163,7.73742,31146.0,5.6,3.5,103.5,-273.0,-1.0,-1.0,RS41,403.500,7.3,250,9,2.5,,
2026-08-30T00:39:44.002Z,W4131357,7539,46.92166,7.73769,31169.0,5.8,8.1,62.2,-273.0,-1.0,-1.0,RS41,403.500,7.1,250,9,2.5,,
2026-08-30T00:39:45.002Z,W4131357,7540,46.92170,7.73778,31174.4,5.1,8.6,55.3,-273.0,-1.0,-1.0,RS41,403.500,7.3,250,9,2.5,,
2026-08-30T00:39:49.002Z,W4131357,7544,46.92181,7.73800,31198.4,5.1,1.1,123.5,-273.0,-1.0,-1.0,RS41,403.500,7.7,250,9,2.5,,
2026-08-30T00:39:50.002Z,W4131357,7545,46.92180,7.73801,31203.1,4.1,2.2,176.5,-273.0,-1.0,-1.0,RS41,403.500,7.7,250,9,2.5,,
2026-08-30T00:39:51.002Z,W4131357,7546,46.92177,7.73801,31207.5,4.9,3.0,178.3,-273.0,-1.0,-1.0,RS41,403.500,7.3,250,9,2.6,,
2026-08-30T00:39:55.002Z,W4131357,7550,46.92174,7.73819,31231.3,4.1,7.1,77.2,-273.0,-1.0,-1.0,RS41,403.500,7.4,250,9,2.5,,
2026-08-30T00:39:56.002Z,W4131357,7551,46.92176,7.73829,31235.3,4.0,8.4,73.4,-273.0,-1.0,-1.0,RS41,403.500,7.5,250,9,2.6,,
2026-08-30T00:39:57.002Z,W4131357,7552,46.92178,7.73839,31240.1,5.7,8.4,75.0,-273.0,-1.0,-1.0,RS41,403.500,7.6,250,9,2.6,,
2026-08-30T00:39:58.002Z,W4131357,7553,46.92179,7.73849,31246.5,7.1,7.1,81.5,-273.0,-1.0,-1.0,RS41,403.500,7.7,250,9,2.5,,
2026-08-30T00:39:59.002Z,W4131357,7554,46.92179,7.73857,31253.6,7.0,5.2,92.6,-273.0,-1.0,-1.0,RS41,403.500,7.7,250,9,2.5,,
2026-08-30T00:40:00.002Z,W4131357,7555,46.92179,7.73863,31259.7,5.2,3.5,106.9,-44.5,-1.0,-1.0,RS41,403.500,7.3,250,9,2.5,,
2026-08-30T00:40:02.002Z,W4131357,7557,46.92177,7.73866,31270.6,6.2,0.9,248.3,-44.4,-1.0,-1.0,RS41,403.500,7.0,250,9,2.6,,
2026-08-30T00:40:03.002Z,W4131357,7558,46.92177,7.73864,31276.8,6.3,2.2,295.7,-44.4,-1.0,-1.0,RS41,403.500,6.9,250,9,2.5,,
2026-08-30T00:40:05.002Z,W4131357,7560,46.92181,7.73858,31287.5,4.9,3.2,322.8,-44.4,-1.0,-1.0,RS41,403.500,7.4,250,9,2.5,,
2026-08-30T00:40:06.002Z,W4131357,7561,46.92183,7.73856,31293.1,6.2,2.5,327.0,-44.4,-1.0,-1.0,RS41,403.500,7.4,250,9,2.6,,
2026-08-30T00:40:07.002Z,W4131357,7562,46.92184,7.73855,31299.7,7.1,1.0,329.4,-44.4,-1.0,-1.0,RS41,403.500,7.9,250,9,2.6,,
2026-08-30T00:40:09.002Z,W4131357,7564,46.92184,7.73856,31312.1,5.3,2.0,128.3,-44.5,-1.0,-1.0,RS41,403.500,7.7,250,9,2.5,,
2026-08-30T00:40:12.002Z,W4131357,7567,46.92182,7.73870,31330.2,5.5,4.9,88.1,-44.6,-1.0,-1.0,RS41,403.500,7.4,250,9,2.6,,
2026-08-30T00:40:13.002Z,W4131357,7568,46.92182,7.73876,31335.5,5.2,5.0,82.2,-44.6,-1.0,-1.0,RS41,403.500,7.4,250,9,2.5,,
2026-08-30T00:40:15.002Z,W4131357,7570,46.92182,7.73887,31347.7,6.8,3.1,98.3,-44.7,-1.0,-1.0,RS41,403.500,7.4,250,9,2.5,,
2026-08-30T00:40:16.002Z,W4131357,7571,46.92182,7.73890,31354.1,5.8,2.5,125.6,-44.7,-1.0,-1.0,RS41,403.500,7.4,250,9,2.6,,
2026-08-30T00:40:17.002Z,W4131357,7572,46.92180,7.73892,31359.5,5.3,2.3,144.9,-44.7,-1.0,-1.0,RS41,403.500,7.4,250,9,2.6,,
2026-08-30T00:40:18.002Z,W4131357,7573,46.92178,7.73894,31365.1,5.9,2.1,146.6,-44.6,-1.0,-1.0,RS41,403.500,6.9,250,9,2.5,,
2026-08-30T00:40:22.002Z,W4131357,7577,46.92180,7.73907,31389.5,5.5,4.3,66.4,-44.5,-1.0,-1.0,RS41,403.500,6.8,250,9,2.6,,
2026-08-30T00:40:30.002Z,W4131357,7585,46.92176,7.73961,31436.6,5.6,6.9,97.6,-44.4,-1.0,-1.0,RS41,403.500,6.9,250,9,2.5,,
2026-08-30T00:40:31.002Z,W4131357,7586,46.92175,7.73970,31442.4,5.9,6.5,104.6,-44.3,-1.0,-1.0,RS41,403.500,7.8,250,9,2.6,,
2026-08-30T00:40:32.002Z,W4131357,7587,46.92173,7.73977,31448.5,6.2,5.8,117.4,-44.3,-1.0,-1.0,RS41,403.500,7.8,250,10,2.6,,
2026-08-30T00:40:39.002Z,W4131357,7594,46.92160,7.74018,31489.5,4.6,7.6,70.2,-43.8,-1.0,-1.0,RS41,403.500,7.6,250,10,2.5,,
2026-08-30T00:40:40.002Z,W4131357,7595,46.92163,7.74028,31494.5,5.3,8.1,68.4,-43.8,-1.0,-1.0,RS41,403.500,7.6,250,10,2.5,,
2026-08-30T00:40:41.002Z,W4131357,7596,46.92165,7.74038,31500.5,6.9,7.5,73.9,-43.8,-1.0,-1.0,RS41,403.500,8.1,250,10,2.6,,
2026-08-30T00:40:42.002Z,W4131357,7597,46.92166,7.74046,31507.5,7.1,6.4,87.6,-43.8,-1.0,-1.0,RS41,403.500,8.1,250,10,2.6,,
2026-08-30T00:40:43.002Z,W4131357,7598,46.92166,7.74054,31513.7,5.2,5.8,104.2,-43.7,-1.0,-1.0,RS41,403.500,7.1,250,10,2.5,,
2026-08-30T00:40:44.002Z,W4131357,7599,46.92164,7.74061,31518.9,5.1,5.8,119.6,-43.7,-1.0,-1.0,RS41,403.500,7.0,250,10,2.5,,
2026-08-30T00:40:45.002Z,W4131357,7600,46.92161,7.74068,31524.6,6.1,6.2,126.4,-43.7,-1.0,-1.0,RS41,403.500,7.6,250,10,2.5,,
2026-08-30T00:40:46.002Z,W4131357,7601,46.92158,7.74075,31531.1,6.9,6.4,123.6,-43.7,-1.0,-1.0,RS41,403.500,7.7,250,10,2.6,,
2026-08-30T00:40:47.002Z,W4131357,7602,46.92155,7.74082,31537.3,5.5,6.6,118.4,-43.7,-1.0,-1.0,RS41,403.500,7.7,250,10,2.6,,
2026-08-30T00:40:48.002Z,W4131357,7603,46.92152,7.74090,31542.6,5.2,6.8,115.2,-43.6,-1.0,-1.0,RS41,403.500,8.0,250,10,2.5,,
2026-08-30T00:40:49.002Z,W4131357,7604,46.92149,7.74098,31548.1,5.8,6.9,115.5,-43.6,-1.0,-1.0,RS41,403.500,8.0,250,10,2.5,,
2026-08-30T00:40:51.002Z,W4131357,7606,46.92144,7.74113,31560.8,6.5,6.4,121.9,-43.5,-1.0,-1.0,RS41,403.500,7.4,250,10,2.6,,
2026-08-30T00:40:52.002Z,W4131357,7607,46.92141,7.74120,31566.8,5.5,6.3,121.8,-43.4,-1.0,-1.0,RS41,403.500,7.6,250,10,2.6,,
2026-08-30T00:40:53.002Z,W4131357,7608,46.92138,7.74127,31572.4,5.7,6.0,114.5,-43.4,-1.0,-1.0,RS41,403.500,7.6,250,10,2.5,,
2026-08-30T00:40:54.002Z,W4131357,7609,46.92136,7.74135,31578.6,6.6,6.1,100.5,-43.3,-1.0,-1.0,RS41,403.500,7.6,250,10,2.5,,
2026-08-30T00:40:55.002Z,W4131357,7610,46.92136,7.74143,31585.0,6.3,6.5,88.3,-43.3,-1.0,-1.0,RS41,403.500,7.4,250,10,2.5,,
2026-08-30T00:40:56.002Z,W4131357,7611,46.92136,7.74152,31590.8,5.2,7.0,83.6,-43.4,-1.0,-1.0,RS41,403.500,7.8,250,10,2.6,,
2026-08-30T00:40:57.002Z,W4131357,7612,46.92137,7.74161,31596.4,6.0,7.2,87.8,-43.3,-1.0,-1.0,RS41,403.500,7.8,250,10,2.6,,
2026-08-30T00:40:58.002Z,W4131357,7613,46.92136,7.74170,31603.1,7.3,7.0,102.3,-43.3,-1.0,-1.0,RS41,403.500,7.4,250,10,2.5,,
2026-08-30T00:40:59.002Z,W4131357,7614,46.92134,7.74179,31610.3,7.0,7.3,122.1,-43.3,-1.0,-1.0,RS41,403.500,7.7,250,10,2.5,,
2026-08-30T00:41:00.002Z,W4131357,7615,46.92129,7.74186,31616.3,4.9,8.1,136.4,-43.3,-1.0,-1.0,RS41,403.500,7.7,250,10,2.5,,
2026-08-30T00:41:01.002Z,W4131357,7616,46.92124,7.74193,31621.1,4.6,8.9,145.8,-43.3,-1.0,-1.0,RS41,403.500,7.6,250,10,2.6,,
2026-08-30T00:41:02.002Z,W4131357,7617,46.92117,7.74200,31626.3,5.8,9.1,148.7,-43.3,-1.0,-1.0,RS41,403.500,7.6,250,10,2.6,,
2026-08-30T00:41:03.002Z,W4131357,7618,46.92110,7.74206,31632.6,6.7,8.4,145.1,-43.2,-1.0,-1.0,RS41,403.500,7.1,250,10,2.5,,
2026-08-30T00:41:07.002Z,W4131357,7622,46.92095,7.74230,31655.4,5.7,4.7,123.7,-43.1,-1.0,-1.0,RS41,403.500,6.6,250,10,2.6,,
2026-08-30T00:41:13.002Z,W4131357,7628,46.92067,7.74260,31694.0,6.8,8.5,136.7,-43.0,-1.0,-1.0,RS41,403.500,7.2,250,10,2.5,,
2026-08-30T00:41:14.002Z,W4131357,7629,46.92062,7.74268,31700.1,5.2,9.1,132.1,-43.0,-1.0,-1.0,RS41,403.500,8.1,250,10,2.5,,
2026-08-30T00:41:15.002Z,W4131357,7630,46.92056,7.74277,31705.5,5.7,10.0,132.3,-43.0,-1.0,-1.0,RS41,403.500,8.1,250,10,2.5,,
2026-08-30T00:41:16.002Z,W4131357,7631,46.92049,7.74287,31711.8,6.9,11.1,138.2,-43.0,-1.0,-1.0,RS41,403.500,7.9,250,10,2.6,,
2026-08-30T00:41:17.002Z,W4131357,7632,46.92041,7.74296,31718.7,6.9,11.9,145.1,-43.0,-1.0,-1.0,RS41,403.500,7.2,250,10,2.6,,
2026-08-30T00:41:21.002Z,W4131357,7636,46.92006,7.74321,31743.9,7.0,8.1,159.6,-43.0,-1.0,-1.0,RS41,403.500,7.3,250,10,2.6,,
2026-08-30T00:41:22.002Z,W4131357,7637,46.92000,7.74324,31750.0,5.1,6.7,158.9,-43.0,-1.0,-1.0,RS41,403.500,7.3,250,10,2.6,,
2026-08-30T00:41:23.002Z,W4131357,7638,46.91995,7.74327,31755.3,5.6,6.0,159.5,-43.0,-1.0,-1.0,RS41,403.500,7.8,250,10,2.5,,
2026-08-30T00:41:24.002Z,W4131357,7639,46.91989,7.74330,31761.6,6.9,6.5,163.1,-43.0,-1.0,-1.0,RS41,403.500,7.8,250,10,2.5,,
2026-08-30T00:41:27.002Z,W4131357,7642,46.91966,7.74339,31781.2,5.1,12.0,163.2,-43.1,-1.0,-1.0,RS41,403.500,7.5,250,10,2.6,,
2026-08-30T00:41:28.002Z,W4131357,7643,46.91955,7.74345,31786.5,5.4,13.6,158.2,-43.1,-1.0,-1.0,RS41,403.500,7.6,250,10,2.5,,
2026-08-30T00:41:31.002Z,W4131357,7646,46.91922,7.74372,31805.1,6.2,14.0,145.2,-43.0,-1.0,-1.0,RS41,403.500,7.5,250,10,2.6,,
2026-08-30T00:41:32.002Z,W4131357,7647,46.91912,7.74382,31811.4,6.5,13.1,147.5,-42.9,-1.0,-1.0,RS41,403.500,7.6,250,10,2.6,,
2026-08-30T00:41:33.002Z,W4131357,7648,46.91902,7.74390,31818.1,6.9,12.0,155.4,-42.9,-1.0,-1.0,RS41,403.500,7.6,250,10,2.5,,
2026-08-30T00:41:34.002Z,W4131357,7649,46.91892,7.74395,31825.2,7.1,11.5,168.2,-42.9,-1.0,-1.0,RS41,403.500,7.6,250,10,2.5,,
2026-08-30T00:41:36.002Z,W4131357,7651,46.91871,7.74396,31836.9,4.8,11.5,186.7,-42.7,-1.0,-1.0,RS41,403.500,6.7,250,10,2.6,,
2026-08-30T00:41:37.002Z,W4131357,7652,46.91862,7.74394,31842.1,5.6,10.6,191.4,-42.6,-1.0,-1.0,RS41,403.500,7.3,250,10,2.6,,
2026-08-30T00:41:43.002Z,W4131357,7658,46.91821,7.74410,31879.8,7.1,10.4,147.5,-42.5,-1.0,-1.0,RS41,403.500,7.9,250,10,2.6,,
2026-08-30T00:41:45.002Z,W4131357,7660,46.91803,7.74422,31893.4,5.6,12.3,163.0,-42.5,-1.0,-1.0,RS41,403.500,7.0,250,10,2.5,,
2026-08-30T00:41:46.002Z,W4131357,7661,46.91792,7.74426,31898.9,5.4,12.2,171.1,-42.6,-1.0,-1.0,RS41,403.500,7.7,250,10,2.5,,
2026-08-30T00:41:49.002Z,W4131357,7664,46.91765,7.74425,31918.4,6.3,7.3,194.3,-42.7,-1.0,-1.0,RS41,403.500,7.5,250,10,2.6,,
2026-08-30T00:41:51.002Z,W4131357,7666,46.91755,7.74419,31929.6,5.6,5.2,210.4,-42.7,-1.0,-1.0,RS41,403.500,6.9,250,10,2.5,,
2026-08-30T00:41:54.002Z,W4131357,7669,46.91740,7.74410,31949.5,6.6,7.6,191.2,-42.7,-1.0,-1.0,RS41,403.500,7.3,250,10,2.6,,
2026-08-30T00:41:56.002Z,W4131357,7671,46.91725,7.74408,31960.9,5.3,8.8,180.0,-42.7,-1.0,-1.0,RS41,403.500,7.4,250,10,2.5,,
2026-08-30T00:41:59.002Z,W4131357,7674,46.91705,7.74413,31979.9,6.3,6.1,160.9,-42.6,-1.0,-1.0,RS41,403.500,8.1,250,10,2.6,,
2026-08-30T00:42:00.002Z,W4131357,7675,46.91701,7.74415,31986.0,5.9,5.5,161.9,-42.6,-1.0,-1.0,RS41,403.500,8.1,250,10,2.5,,
2026-08-30T00:42:04.002Z,W4131357,7679,46.91674,7.74413,32012.3,5.4,10.9,193.2,-42.5,-1.0,-1.0,RS41,403.500,7.4,250,10,2.6,,
2026-08-30T00:42:05.002Z,W4131357,7680,46.91664,7.74409,32017.8,5.5,12.0,195.0,-42.5,-1.0,-1.0,RS41,403.500,7.5,250,10,2.5,,
2026-08-30T00:42:08.002Z,W4131357,7683,46.91636,7.74396,32038.3,6.9,9.0,203.1,-42.6,-1.0,-1.0,RS41,403.500,7.8,250,10,2.6,,
2026-08-30T00:42:11.002Z,W4131357,7686,46.91619,7.74385,32055.4,6.3,5.8,193.3,-42.6,-1.0,-1.0,RS41,403.500,8.4,250,10,2.5,,
2026-08-30T00:42:12.002Z,W4131357,7687,46.91614,7.74384,32062.1,7.1,6.4,184.5,-42.6,-1.0,-1.0,RS41,403.500,8.4,250,10,2.5,,
2026-08-30T00:42:13.002Z,W4131357,7688,46.91608,7.74384,32068.8,6.4,7.2,180.8,-42.6,-1.0,-1.0,RS41,403.500,7.2,250,10,2.6,,
2026-08-30T00:42:14.002Z,W4131357,7689,46.91601,7.74384,32074.8,5.5,7.6,180.9,-42.6,-1.0,-1.0,RS41,403.500,8.0,250,10,2.6,,
2026-08-30T00:42:16.002Z,W4131357,7691,46.91588,7.74382,32087.6,7.3,6.3,191.9,-42.6,-1.0,-1.0,RS41,403.500,7.6,250,10,2.5,,
2026-08-30T00:42:17.002Z,W4131357,7692,46.91583,7.74380,32094.7,6.9,5.2,203.4,-42.5,-1.0,-1.0,RS41,403.500,7.6,250,10,2.5,,
2026-08-30T00:42:19.002Z,W4131357,7694,46.91576,7.74373,32106.4,5.5,4.8,222.3,-42.5,-1.0,-1.0,RS41,403.500,7.1,250,10,2.5,,
2026-08-30T00:42:20.002Z,W4131357,7695,46.91573,7.74369,32112.3,6.6,5.4,220.2,-42.6,0.3,-1.0,RS41,403.500,7.1,250,10,2.6,,
2026-08-30T00:42:22.002Z,W4131357,7697,46.91563,7.74360,32126.4,6.4,7.3,200.6,-42.5,0.2,-1.0,RS41,403.500,7.3,250,10,2.5,,
2026-08-30T00:42:25.002Z,W4131357,7700,46.91544,7.74357,32146.0,7.4,5.9,173.1,-42.5,0.2,-1.0,RS41,403.500,7.5,250,10,2.6,,
2026-08-30T00:42:26.002Z,W4131357,7701,46.91539,7.74358,32152.9,6.3,4.7,162.6,-42.6,0.3,-1.0,RS41,403.500,7.5,250,10,2.6,,
2026-08-30T00:42:28.002Z,W4131357,7703,46.91533,7.74362,32164.6,6.2,3.8,150.7,-42.6,0.3,-1.0,RS41,403.500,7.9,250,10,2.5,,
2026-08-30T00:42:29.002Z,W4131357,7704,46.91529,7.74365,32171.5,7.5,4.4,162.1,-42.6,0.3,-1.0,RS41,403.500,8.1,250,10,2.5,,
2026-08-30T00:42:30.002Z,W4131357,7705,46.91525,7.74366,32178.6,6.8,5.4,174.3,-42.6,0.3,-1.0,RS41,403.500,8.1,250,10,2.6,,
2026-08-30T00:42:31.002Z,W4131357,7706,46.91520,7.74366,32184.9,5.9,6.1,186.0,-42.6,0.3,-1.0,RS41,403.500,8.1,250,10,2.6,,
2026-08-30T00:42:32.002Z,W4131357,7707,46.91514,7.74364,32191.0,6.3,6.6,197.7,-42.7,0.3,-1.0,RS41,403.500,8.1,250,10,2.5,,
2026-08-30T00:42:33.002Z,W4131357,7708,46.91509,7.74360,32197.8,7.1,6.4,211.8,-42.7,0.3,-1.0,RS41,403.500,7.9,250,10,2.5,,
2026-08-30T00:42:36.002Z,W4131357,7711,46.91499,7.74345,32217.0,6.2,4.3,234.8,-42.8,0.3,-1.0,RS41,403.500,7.7,250,10,2.6,,
2026-08-30T00:42:37.002Z,W4131357,7712,46.91497,7.74341,32223.8,7.4,3.8,216.9,-42.8,0.3,-1.0,RS41,403.500,7.7,250,10,2.5,,
2026-08-30T00:42:38.002Z,W4131357,7713,46.91494,7.74339,32231.0,7.1,4.1,192.4,-42.8,0.3,-1.0,RS41,403.500,7.5,250,10,2.5,,
2026-08-30T00:42:39.002Z,W4131357,7714,46.91490,7.74339,32237.4,5.7,4.9,177.7,-42.8,0.3,-1.0,RS41,403.500,8.2,250,10,2.5,,
2026-08-30T00:42:40.002Z,W4131357,7715,46.91485,7.74340,32243.1,5.8,5.3,167.6,-42.8,0.3,-1.0,RS41,403.500,8.2,250,10,2.6,,
2026-08-30T00:42:41.002Z,W4131357,7716,46.91481,7.74341,32249.2,6.6,4.9,163.2,-42.9,0.3,-1.0,RS41,403.500,7.8,250,10,2.6,,
2026-08-30T00:42:42.002Z,W4131357,7717,46.91477,7.74343,32256.1,7.1,3.6,163.0,-42.9,0.3,-1.0,RS41,403.500,8.1,250,10,2.6,,
2026-08-30T00:42:43.002Z,W4131357,7718,46.91475,7.74344,32263.0,6.9,2.1,178.0,-42.9,0.3,-1.0,RS41,403.500,8.1,250,10,2.5,,
2026-08-30T00:42:45.002Z,W4131357,7720,46.91472,7.74341,32274.9,5.6,2.8,231.4,-43.0,0.3,-1.0,RS41,403.500,7.7,250,10,2.5,,
2026-08-30T00:42:47.002Z,W4131357,7722,46.91466,7.74334,32287.5,7.1,5.6,211.6,-43.0,0.3,-1.0,RS41,403.500,7.3,250,10,2.6,,
2026-08-30T00:42:48.002Z,W4131357,7723,46.91461,7.74330,32294.2,6.3,6.8,202.9,-43.1,0.2,-1.0,RS41,403.500,7.3,250,10,2.6,,
2026-08-30T00:42:49.002Z,W4131357,7724,46.91455,7.74327,32300.1,5.6,7.5,196.2,-43.1,0.3,-1.0,RS41,403.500,7.2,250,10,2.5,,
2026-08-30T00:42:50.002Z,W4131357,7725,46.91449,7.74325,32306.2,6.6,7.1,192.9,-43.1,0.3,-1.0,RS41,403.500,7.2,250,10,2.5,,
2026-08-30T00:42:52.002Z,W4131357,7727,46.91440,7.74321,32321.1,7.3,3.0,197.4,-43.1,0.3,-1.0,RS41,403.500,7.4,250,10,2.6,,
2026-08-30T00:42:53.002Z,W4131357,7728,46.91438,7.74321,32327.6,5.4,0.8,219.0,-43.1,0.3,-1.0,RS41,403.500,7.9,250,10,2.6,,
2026-08-30T00:42:54.002Z,W4131357,7729,46.91439,7.74320,32332.5,4.5,1.4,7.1,-43.1,0.3,-1.0,RS41,403.500,7.9,250,10,2.5,,
2026-08-30T00:42:56.002Z,W4131357,7731,46.91442,7.74323,32344.1,7.2,2.8,47.2,-43.0,0.3,-1.0,RS41,403.500,8.3,250,10,2.5,,
2026-08-30T00:42:57.002Z,W4131357,7732,46.91443,7.74326,32351.1,6.7,2.4,75.6,-43.0,0.3,-1.0,RS41,403.500,8.5,250,10,2.6,,
2026-08-30T00:42:58.002Z,W4131357,7733,46.91443,7.74329,32357.6,6.2,2.1,122.0,-42.9,0.3,-1.0,RS41,403.500,8.9,250,10,2.6,,
2026-08-30T00:42:59.002Z,W4131357,7734,46.91441,7.74330,32363.9,6.3,2.5,171.4,-42.9,0.3,-1.0,RS41,403.500,9.1,250,10,2.5,,
2026-08-30T00:43:00.002Z,W4131357,7735,46.91439,7.74329,32370.3,6.7,3.6,207.6,-42.9,0.3,-1.0,RS41,403.500,9.3,250,10,2.5,,
2026-08-30T00:43:01.002Z,W4131357,7736,46.91436,7.74326,32377.1,6.7,5.1,230.6,-42.9,0.3,-1.0,RS41-SG,403.500,9.5,250,10,2.5,,
2026-08-30T00:43:02.002Z,W4131357,7737,46.91433,7.74319,32383.7,6.5,6.3,244.4,-42.8,0.2,-1.0,RS41-SG,403.500,9.5,250,10,2.6,,
2026-08-30T00:43:03.002Z,W4131357,7738,46.91431,7.74311,32390.1,6.1,7.1,253.2,-42.8,0.3,-1.0,RS41-SG,403.500,8.0,250,10,2.6,,
2026-08-30T00:43:04.002Z,W4131357,7739,46.91430,7.74302,32396.0,5.9,7.0,258.7,-42.8,0.3,-1.0,RS41-SG,403.500,8.6,250,10,2.6,,
2026-08-30T00:43:05.002Z,W4131357,7740,46.91429,7.74294,32402.3,6.6,5.8,261.1,-42.7,0.2,-1.0,RS41-SG,403.500,8.6,250,10,2.5,,
2026-08-30T00:43:07.002Z,W4131357,7742,46.91427,7.74285,32416.8,7.1,1.6,238.1,-42.6,0.2,-1.0,RS41-SG,403.500,8.1,250,10,2.5,,
2026-08-30T00:43:08.002Z,W4131357,7743,46.91426,7.74284,32422.9,5.1,1.0,147.9,-42.6,0.3,-1.0,RS41-SG,403.500,8.6,250,10,2.5,,
2026-08-30T00:43:09.002Z,W4131357,7744,46.91426,7.74286,32427.9,5.0,2.0,98.9,-42.5,0.2,-1.0,RS41-SG,403.500,9.3,250,10,2.6,,
2026-08-30T00:43:10.002Z,W4131357,7745,46.91426,7.74289,32433.7,6.6,2.5,67.8,-42.5,0.3,-1.0,RS41-SG,403.500,9.3,250,10,2.6,,
2026-08-30T00:43:11.002Z,W4131357,7746,46.91428,7.74291,32440.7,7.5,2.8,28.8,-42.5,0.2,-1.0,RS41-SG,403.500,9.7,250,10,2.5,,
2026-08-30T00:43:12.002Z,W4131357,7747,46.91430,7.74292,32447.9,6.7,3.6,356.4,-42.5,0.3,-1.0,RS41-SG,403.500,9.7,250,10,2.5,,
2026-08-30T00:43:13.002Z,W4131357,7748,46.91434,7.74291,32454.4,6.2,4.3,329.4,-42.5,0.3,-1.0,RS41-SG,403.500,9.4,250,10,2.5,,
2026-08-30T00:43:14.002Z,W4131357,7749,46.91437,7.74286,32460.9,6.7,5.0,303.0,-42.5,0.3,-1.0,RS41-SG,403.500,8.7,250,10,2.6,,
2026-08-30T00:43:15.002Z,W4131357,7750,46.91438,7.74280,32467.8,7.2,5.8,276.9,-42.5,0.3,-1.0,RS41-SG,403.500,8.7,250,10,2.6,,
2026-08-30T00:43:16.002Z,W4131357,7751,46.91438,7.74272,32474.9,6.8,6.6,255.1,-42.5,0.3,-1.0,RS41-SG,403.500,8.7,250,10,2.5,,
2026-08-30T00:43:17.002Z,W4131357,7752,46.91435,7.74263,32481.0,5.2,7.5,242.4,-42.5,0.3,-1.0,RS41-SG,403.500,9.3,250,10,2.5,,
2026-08-30T00:43:18.002Z,W4131357,7753,46.91432,7.74255,32486.4,5.5,7.9,234.6,-42.5,0.3,-1.0,RS41-SG,403.500,9.3,250,10,2.5,,
2026-08-30T00:43:19.002Z,W4131357,7754,46.91428,7.74247,32492.7,6.9,7.5,233.6,-42.5,0.3,-1.0,RS41-SG,403.500,8.5,250,10,2.6,,
2026-08-30T00:43:20.002Z,W4131357,7755,46.91424,7.74239,32500.1,8.0,6.4,242.1,-42.5,0.2,-1.0,RS41-SG,403.500,8.5,250,10,2.6,,
2026-08-30T00:43:22.002Z,W4131357,7757,46.91422,7.74226,32513.5,5.5,4.2,270.8,-42.5,0.3,-1.0,RS41-SG,403.500,6.8,250,10,2.5,,
2026-08-30T00:43:23.002Z,W4131357,7758,46.91422,7.74222,32519.2,5.8,3.1,295.2,-42.5,0.2,-1.0,RS41-SG,403.500,8.3,250,10,2.5,,
2026-08-30T00:43:24.002Z,W4131357,7759,46.91424,7.74219,32525.4,6.5,2.1,326.0,-42.5,0.2,-1.0,RS41-SG,403.500,8.3,250,10,2.6,,
2026-08-30T00:43:25.002Z,W4131357,7760,46.91425,7.74218,32532.1,6.9,1.4,7.5,-42.4,0.2,-1.0,RS41-SG,403.500,8.6,250,10,2.6,,
2026-08-30T00:43:26.002Z,W4131357,7761,46.91426,7.74219,32538.9,6.6,1.0,42.3,-42.4,0.2,-1.0,RS41-SG,403.500,8.6,250,10,2.6,,
2026-08-30T00:43:27.002Z,W4131357,7762,46.91426,7.74219,32545.4,6.3,0.0,160.9,-42.4,0.2,-1.0,RS41-SG,403.500,8.4,250,10,2.5,,
2026-08-30T00:43:28.002Z,W4131357,7763,46.91426,7.74218,32552.1,6.8,1.9,252.4,-42.4,0.2,-1.0,RS41-SG,403.500,8.8,250,10,2.5,,
2026-08-30T00:43:29.002Z,W4131357,7764,46.91426,7.74214,32559.1,7.3,4.5,260.2,-42.4,0.3,-1.0,RS41-SG,403.500,8.8,250,10,2.5,,
2026-08-30T00:43:30.002Z,W4131357,7765,46.91425,7.74207,32566.0,6.3,6.6,262.4,-42.4,0.2,-1.0,RS41-SG,403.500,8.8,250,10,2.5,,
2026-08-30T00:43:31.002Z,W4131357,7766,46.91424,7.74197,32571.9,5.5,8.3,262.0,-42.4,0.2,-1.0,RS41-SG,403.500,8.5,250,10,2.6,,
2026-08-30T00:43:32.002Z,W4131357,7767,46.91422,7.74186,32577.8,6.2,9.1,257.4,-42.4,0.3,-1.0,RS41-SG,403.500,7.8,250,10,2.6,,
2026-08-30T00:43:35.002Z,W4131357,7770,46.91412,7.74159,32599.7,6.0,6.8,216.7,-42.4,0.3,-1.0,RS41-SG,403.500,8.5,250,10,2.5,,
2026-08-30T00:43:37.002Z,W4131357,7772,46.91403,7.74154,32611.3,6.0,4.3,181.0,-42.5,0.3,-1.0,RS41-SG,403.500,8.2,250,10,2.6,,
2026-08-30T00:43:38.002Z,W4131357,7773,46.91400,7.74155,32617.7,6.8,2.4,165.2,-42.5,0.2,-1.0,RS41-SG,403.500,8.8,250,10,2.5,,
2026-08-30T00:43:39.002Z,W4131357,7774,46.91399,7.74155,32624.7,7.0,0.5,136.3,-42.5,0.2,-1.0,RS41-SG,403.500,8.8,250,9,2.5,,
2026-08-30T00:43:40.002Z,W4131357,7775,46.91399,7.74155,32631.2,6.0,1.0,333.4,-42.5,0.2,-1.0,RS41-SG,403.500,8.1,250,10,2.5,,
2026-08-30T00:43:41.002Z,W4131357,7776,46.91400,7.74154,32637.0,5.6,1.8,309.4,-42.5,0.3,-1.0,RS41-SG,403.500,7.7,250,10,2.6,,
2026-08-30T00:43:42.002Z,W4131357,7777,46.91400,7.74152,32642.8,6.0,2.5,281.6,-42.5,0.3,-1.0,RS41-SG,403.500,8.0,250,10,2.6,,
2026-08-30T00:43:43.002Z,W4131357,7778,46.91400,7.74148,32649.3,6.9,3.4,249.0,-42.5,0.3,-1.0,RS41-SG,403.500,8.0,250,10,2.6,,
2026-08-30T00:43:44.002Z,W4131357,7779,46.91398,7.74144,32656.3,7.0,4.8,226.2,-42.6,0.3,-1.0,RS41-SG,403.500,8.4,250,10,2.5,,
2026-08-30T00:43:45.002Z,W4131357,7780,46.91394,7.74139,32662.7,5.7,6.1,216.8,-42.6,0.3,-1.0,RS41-SG,403.500,8.4,250,10,2.5,,
2026-08-30T00:43:46.002Z,W4131357,7781,46.91390,7.74134,32668.1,5.2,6.9,213.8,-42.5,0.3,-1.0,RS41-SG,403.500,7.5,250,10,2.5,,
2026-08-30T00:43:47.002Z,W4131357,7782,46.91385,7.74129,32673.9,6.2,6.9,217.5,-42.5,0.2,-1.0,RS41-SG,403.500,8.6,250,10,2.5,,
2026-08-30T00:43:48.002Z,W4131357,7783,46.91381,7.74123,32680.7,7.4,6.0,231.2,-42.6,0.2,-1.0,RS41-SG,403.500,8.7,250,10,2.6,,
2026-08-30T00:43:49.002Z,W4131357,7784,46.91378,7.74117,32687.8,6.8,5.3,250.0,-42.6,0.3,-1.0,RS41-SG,403.500,8.7,250,10,2.6,,
2026-08-30T00:43:50.002Z,W4131357,7785,46.91377,7.74111,32694.0,5.6,4.8,268.2,-42.6,0.2,-1.0,RS41-SG,403.500,7.4,250,10,2.5,,
2026-08-30T00:43:51.002Z,W4131357,7786,46.91378,7.74105,32699.9,6.0,4.4,284.2,-42.6,0.3,-1.0,RS41-SG,403.500,8.0,250,10,2.5,,
2026-08-30T00:43:52.002Z,W4131357,7787,46.91379,7.74100,32706.5,7.1,3.1,291.6,-42.6,0.3,-1.0,RS41-SG,403.500,8.0,250,10,2.5,,
2026-08-30T00:43:53.002Z,W4131357,7788,46.91379,7.74097,32713.7,7.2,1.5,290.3,-42.6,0.2,-1.0,RS41-SG,403.500,7.8,250,10,2.6,,
2026-08-30T00:43:54.002Z,W4131357,7789,46.91379,7.74096,32720.1,5.6,0.6,230.1,-42.6,0.3,-1.0,RS41-SG,403.500,7.6,250,10,2.6,,
2026-08-30T00:43:55.002Z,W4131357,7790,46.91379,7.74096,32725.8,5.7,1.1,188.0,-42.6,0.2,-1.0,RS41-SG,403.500,8.6,250,10,2.5,,
2026-08-30T00:43:56.002Z,W4131357,7791,46.91378,7.74095,32732.1,6.7,1.5,209.7,-42.6,0.3,-1.0,RS41-SG,403.500,8.6,250,9,2.5,,
2026-08-30T00:43:57.002Z,W4131357,7792,46.91377,7.74093,32739.2,7.4,2.3,248.5,-42.6,0.3,-1.0,RS41-SG,403.500,8.4,250,10,2.5,,
2026-08-30T00:43:58.002Z,W4131357,7793,46.91376,7.74090,32746.2,6.5,3.6,269.5,-42.5,0.3,-1.0,RS41-SG,403.500,8.7,250,10,2.6,,
2026-08-30T00:43:59.002Z,W4131357,7794,46.91377,7.74084,32752.3,5.5,4.7,276.4,-42.5,0.3,-1.0,RS41-SG,403.500,8.7,250,10,2.6,,
2026-08-30T00:44:00.002Z,W4131357,7795,46.91377,7.74078,32757.9,5.8,5.3,278.3,-42.5,0.3,-1.0,RS41-SG,403.500,8.3,250,10,2.5,,
2026-08-30T00:44:01.002Z,W4131357,7796,46.91378,7.74071,32764.2,6.6,5.0,274.3,-42.5,0.3,-1.0,RS41-SG,403.500,7.3,250,10,2.5,,
2026-08-30T00:44:02.002Z,W4131357,7797,46.91378,7.74065,32771.2,7.2,3.9,264.6,-42.5,0.3,-1.0,RS41-SG,403.500,7.7,250,10,2.5,,
2026-08-30T00:44:03.002Z,W4131357,7798,46.91377,7.74061,32778.2,6.7,2.7,250.2,-42.5,0.2,-1.0,RS41-SG,403.500,7.8,250,10,2.6,,
2026-08-30T00:44:04.002Z,W4131357,7799,46.91376,7.74059,32784.4,5.7,1.7,224.5,-42.4,0.2,-1.0,RS41-SG,403.500,7.8,250,10,2.6,,
2026-08-30T00:44:05.002Z,W4131357,7800,46.91375,7.74058,32789.9,5.3,0.9,187.5,-42.4,0.3,-1.0,RS41-SG,403.500,8.0,250,10,2.6,,
2026-08-30T00:44:06.002Z,W4131357,7801,46.91375,7.74058,32795.5,5.8,0.3,101.8,-42.4,0.3,-1.0,RS41-SG,403.500,8.6,250,10,2.5,,
2026-08-30T00:44:07.002Z,W4131357,7802,46.91375,7.74058,32801.5,6.2,0.7,352.9,-42.3,0.2,-1.0,RS41-SG,403.500,8.6,250,10,2.5,,
2026-08-30T00:44:08.002Z,W4131357,7803,46.91376,7.74057,32807.9,6.5,1.6,308.3,-42.3,0.3,-1.0,RS41-SG,403.500,8.6,250,10,2.5,,
2026-08-30T00:44:09.002Z,W4131357,7804,46.91377,7.74055,32814.3,6.2,2.7,278.9,-42.3,0.3,-1.0,RS41-SG,403.500,8.3,250,10,2.5,,
2026-08-30T00:44:10.002Z,W4131357,7805,46.91376,7.74050,32820.3,5.8,4.0,253.7,-42.3,0.3,-1.0,RS41-SG,403.500,8.8,250,10,2.6,,
2026-08-30T00:44:11.002Z,W4131357,7806,46.91374,7.74045,32826.1,5.7,5.5,232.1,-42.2,0.2,-1.0,RS41-SG,403.500,8.8,250,10,2.6,,
2026-08-30T00:44:12.002Z,W4131357,7807,46.91370,7.74040,32831.9,5.8,7.1,215.0,-42.2,0.2,-1.0,RS41-SG,403.500,7.4,250,10,2.5,,
2026-08-30T00:44:13.002Z,W4131357,7808,46.91364,7.74035,32837.8,6.2,8.3,200.2,-42.2,0.2,-1.0,RS41-SG,403.500,7.8,250,9,2.5,,
2026-08-30T00:44:14.002Z,W4131357,7809,46.91357,7.74032,32844.1,6.3,8.7,187.2,-42.1,0.2,-1.0,RS41-SG,403.500,8.0,250,10,2.5,,
2026-08-30T00:44:16.002Z,W4131357,7811,46.91343,7.74034,32856.6,6.3,6.3,158.3,-42.0,0.2,-1.0,RS41-SG,403.500,7.1,250,10,2.6,,
2026-08-30T00:44:17.002Z,W4131357,7812,46.91339,7.74038,32863.0,6.3,4.1,129.6,-41.9,0.2,-1.0,RS41-SG,403.500,8.6,250,10,2.5,,
2026-08-30T00:44:18.002Z,W4131357,7813,46.91338,7.74042,32869.2,6.1,3.4,77.5,-41.9,0.2,-1.0,RS41-SG,403.500,8.7,250,10,2.5,,
2026-08-30T00:44:19.002Z,W4131357,7814,46.91340,7.74046,32874.5,4.6,4.3,40.2,-41.9,0.3,-1.0,RS41-SG,403.500,8.7,250,10,2.5,,
2026-08-30T00:44:20.002Z,W4131357,7815,46.91344,7.74049,32878.7,3.7,5.2,24.3,-41.9,0.2,-1.0,RS41-SG,403.500,8.4,250,10,2.6,,
2026-08-30T00:44:23.002Z,W4131357,7818,46.91352,7.74054,32898.3,8.2,1.1,133.5,-41.9,0.2,-1.0,RS41-SG,403.500,8.5,250,10,2.5,,
2026-08-30T00:44:24.002Z,W4131357,7819,46.91350,7.74055,32905.5,6.2,3.7,171.4,-42.0,0.2,-1.0,RS41-SG,403.500,8.5,250,10,2.5,,
2026-08-30T00:44:25.002Z,W4131357,7820,46.91345,7.74056,32910.9,4.7,6.5,181.2,-42.0,0.2,-1.0,RS41-SG,403.500,8.2,250,10,2.5,,
2026-08-30T00:44:26.002Z,W4131357,7821,46.91338,7.74055,32915.6,4.7,8.7,188.9,-42.0,0.2,-1.0,RS41-SG,403.500,8.3,250,10,2.5,,
2026-08-30T00:44:30.002Z,W4131357,7825,46.91309,7.74039,32940.5,6.4,5.9,205.3,-42.0,0.2,-1.0,RS41-SG,403.500,7.5,250,10,2.5,,
2026-08-30T00:44:33.002Z,W4131357,7828,46.91302,7.74043,32959.5,5.1,4.5,100.0,-42.0,0.2,-1.0,RS41-SG,403.500,8.3,250,10,2.6,,
2026-08-30T00:44:34.002Z,W4131357,7829,46.91301,7.74049,32964.5,4.8,5.7,89.7,-42.1,0.3,-1.0,RS41-SG,403.500,8.3,250,10,2.5,,
2026-08-30T00:44:35.002Z,W4131357,7830,46.91302,7.74057,32970.0,6.1,5.7,85.0,-42.1,0.2,-1.0,RS41-SG,403.500,8.5,250,10,2.5,,
2026-08-30T00:44:37.002Z,W4131357,7832,46.91302,7.74067,32983.7,6.7,2.0,95.2,-42.2,0.2,-1.0,RS41-SG,403.500,8.3,250,10,2.6,,
2026-08-30T00:44:38.002Z,W4131357,7833,46.91301,7.74068,32990.0,5.7,1.3,181.0,-42.2,0.2,-1.0,RS41-SG,403.500,8.3,250,10,2.6,,
2026-08-30T00:44:39.002Z,W4131357,7834,46.91299,7.74067,32995.8,5.9,3.6,206.1,-42.3,0.2,-1.0,RS41-SG,403.500,8.3,250,10,2.6,,
2026-08-30T00:44:41.002Z,W4131357,7836,46.91289,7.74063,33008.2,6.5,8.4,190.4,-42.3,0.2,-1.0,RS41-SG,403.500,7.3,250,10,2.5,,
2026-08-30T00:44:42.002Z,W4131357,7837,46.91281,7.74061,33014.5,6.0,10.0,182.2,-42.4,0.3,-1.0,RS41-SG,403.500,7.8,250,10,2.5,,
2026-08-30T00:44:43.002Z,W4131357,7838,46.91272,7.74062,33020.2,5.3,10.7,175.9,-42.4,0.3,-1.0,RS41-SG,403.500,7.9,250,10,2.5,,
2026-08-30T00:44:45.002Z,W4131357,7840,46.91254,7.74065,33032.5,6.9,8.4,168.1,-42.4,0.2,-1.0,RS41-SG,403.500,7.2,250,10,2.6,,
2026-08-30T00:44:46.002Z,W4131357,7841,46.91248,7.74067,33039.3,6.7,6.2,168.5,-42.4,0.2,-1.0,RS41-SG,403.500,8.3,250,10,2.5,,
2026-08-30T00:44:47.002Z,W4131357,7842,46.91243,7.74069,33045.2,5.0,4.3,172.1,-42.4,0.3,-1.0,RS41-SG,403.500,8.3,250,10,2.5,,
2026-08-30T00:44:48.002Z,W4131357,7843,46.91240,7.74069,33050.2,4.8,3.0,178.5,-42.4,0.2,-1.0,RS41-SG,403.500,7.6,250,10,2.5,,
2026-08-30T00:44:51.002Z,W4131357,7846,46.91231,7.74071,33069.4,7.1,5.3,166.2,-42.4,0.2,-1.0,RS41-SG,403.500,7.9,250,10,2.5,,
2026-08-30T00:44:52.002Z,W4131357,7847,46.91225,7.74073,33075.7,5.6,7.0,166.3,-42.4,0.2,-1.0,RS41-SG,403.500,7.9,250,10,2.5,,
2026-08-30T00:44:53.002Z,W4131357,7848,46.91219,7.74075,33081.3,5.4,8.4,170.6,-42.4,0.3,-1.0,RS41-SG,403.500,7.7,250,10,2.5,,
2026-08-30T00:44:54.002Z,W4131357,7849,46.91211,7.74076,33087.1,6.1,9.3,177.9,-42.4,0.3,-1.0,RS41-SG,403.500,7.4,250,10,2.6,,
2026-08-30T00:44:59.002Z,W4131357,7854,46.91170,7.74061,33117.0,6.5,9.1,193.9,-42.1,0.2,-1.0,RS41-SG,403.500,7.5,250,10,2.5,,
2026-08-30T00:45:03.002Z,W4131357,7858,46.91138,7.74063,33142.3,6.5,8.1,170.1,-41.9,0.2,-1.0,RS41-SG,403.500,7.6,250,10,2.5,,
2026-08-30T00:45:04.002Z,W4131357,7859,46.91131,7.74064,33149.0,7.0,6.6,174.0,-41.9,0.2,-1.0,RS41-SG,403.500,7.6,250,10,2.5,,
2026-08-30T00:45:07.002Z,W4131357,7862,46.91118,7.74062,33166.6,5.5,4.8,201.1,-41.8,0.2,-1.0,RS41-SG,403.500,7.1,250,10,2.6,,
2026-08-30T00:45:08.002Z,W4131357,7863,46.91113,7.74059,33172.8,6.9,5.7,196.2,-41.8,0.2,-1.0,RS41-SG,403.500,7.4,250,10,2.6,,
2026-08-30T00:45:10.002Z,W4131357,7865,46.91101,7.74057,33186.0,5.3,8.4,181.0,-41.9,0.2,-1.0,RS41-SG,403.500,7.3,250,10,2.5,,
2026-08-30T00:45:11.002Z,W4131357,7866,46.91093,7.74057,33191.3,5.3,9.4,178.5,-41.8,0.2,-1.0,RS41-SG,403.500,7.4,250,10,2.5,,
2026-08-30T00:45:12.002Z,W4131357,7867,46.91084,7.74058,33197.1,6.2,9.5,179.9,-41.8,0.2,-1.0,RS41-SG,403.500,7.4,250,10,2.5,,
2026-08-30T00:45:13.002Z,W4131357,7868,46.91076,7.74057,33203.7,7.0,8.7,184.7,-41.8,0.2,-1.0,RS41-SG,403.500,7.2,250,10,2.6,,
2026-08-30T00:45:19.002Z,W4131357,7874,46.91042,7.74046,33241.4,6.1,6.2,173.9,-41.7,0.2,-1.0,RS41-SG,403.500,6.5,250,10,2.6,,
2026-08-30T00:45:20.002Z,W4131357,7875,46.91036,7.74048,33247.0,5.2,6.8,167.4,-41.7,0.2,-1.0,RS41-SG,403.500,7.2,250,10,2.6,,
2026-08-30T00:45:21.002Z,W4131357,7876,46.91030,7.74050,33252.5,5.8,6.9,164.7,-41.7,0.2,-1.0,RS41-SG,403.500,7.4,250,10,2.5,,
2026-08-30T00:45:22.002Z,W4131357,7877,46.91025,7.74052,33258.9,7.0,6.1,169.0,-41.7,0.2,-1.0,RS41-SG,403.500,7.4,250,10,2.5,,
2026-08-30T00:45:25.002Z,W4131357,7880,46.91011,7.74050,33277.0,5.5,5.1,201.5,-41.8,0.2,-1.0,RS41-SG,403.500,7.7,250,10,2.6,,
2026-08-30T00:45:26.002Z,W4131357,7881,46.91006,7.74047,33283.0,6.4,5.7,200.9,-41.8,0.2,-1.0,RS41-SG,403.500,8.1,250,10,2.6,,
2026-08-30T00:45:28.002Z,W4131357,7883,46.90995,7.74044,33295.9,5.7,7.2,186.4,-41.9,0.2,-1.0,RS41-SG,403.500,7.2,250,10,2.5,,
2026-08-30T00:45:29.002Z,W4131357,7884,46.90989,7.74043,33301.6,5.6,7.4,183.9,-42.0,0.2,-1.0,RS41-SG,403.500,7.7,250,10,2.5,,
2026-08-30T00:45:30.002Z,W4131357,7885,46.90982,7.74042,33307.7,6.3,6.8,186.0,-42.0,0.2,-1.0,RS41-SG,403.500,7.7,250,10,2.6,,
2026-08-30T00:45:34.002Z,W4131357,7889,46.90968,7.74033,33332.2,5.2,2.7,240.0,-41.9,0.3,-1.0,RS41,403.500,8.3,250,10,2.5,,
2026-08-30T00:45:36.002Z,W4131357,7891,46.90966,7.74029,33343.9,6.7,2.0,194.4,-41.8,0.2,-1.0,RS41,403.500,7.1,250,10,2.5,,
2026-08-30T00:45:37.002Z,W4131357,7892,46.90963,7.74029,33350.6,6.6,3.4,171.7,-41.7,0.3,-1.0,RS41,403.500,7.5,250,10,2.6,,
2026-08-30T00:45:38.002Z,W4131357,7893,46.90960,7.74030,33356.5,5.4,4.9,170.3,-41.7,0.2,-1.0,RS41,403.500,7.5,250,10,2.6,,
2026-08-30T00:45:39.002Z,W4131357,7894,46.90955,7.74030,33361.9,5.2,6.1,177.6,-41.6,0.2,-1.0,RS41,403.500,8.0,250,10,2.5,,
2026-08-30T00:45:40.002Z,W4131357,7895,46.90949,7.74030,33367.5,5.9,7.1,191.4,-41.6,0.2,-1.0,RS41,403.500,8.0,250,10,2.5,,
2026-08-30T00:45:41.002Z,W4131357,7896,46.90943,7.74026,33373.7,6.5,7.7,209.2,-41.6,0.2,-1.0,RS41,403.500,8.0,250,10,2.5,,
2026-08-30T00:45:42.002Z,W4131357,7897,46.90937,7.74020,33380.2,6.5,8.2,227.0,-41.5,0.2,-1.0,RS41,403.500,8.5,250,10,2.6,,
2026-08-30T00:45:43.002Z,W4131357,7898,46.90933,7.74011,33386.2,5.4,8.5,239.7,-41.5,0.2,-1.0,RS41,403.500,8.5,250,10,2.6,,
2026-08-30T00:45:44.002Z,W4131357,7899,46.90930,7.74002,33391.6,5.5,8.1,248.6,-41.5,0.2,-1.0,RS41,403.500,7.8,250,10,2.6,,
2026-08-30T00:45:48.002Z,W4131357,7903,46.90923,7.73982,33416.9,4.8,2.0,146.1,-41.5,0.2,-1.0,RS41,403.500,7.2,250,10,2.5,,
2026-08-30T00:45:49.002Z,W4131357,7904,46.90922,7.73985,33421.5,4.4,3.4,121.9,-41.5,0.2,-1.0,RS41,403.500,8.1,250,10,2.6,,
2026-08-30T00:45:50.002Z,W4131357,7905,46.90920,7.73989,33426.6,5.9,3.8,116.7,-41.5,0.2,-1.0,RS41,403.500,8.1,250,10,2.6,,
2026-08-30T00:45:51.002Z,W4131357,7906,46.90919,7.73993,33433.4,7.5,2.7,123.6,-41.5,0.2,-1.0,RS41,403.500,8.1,250,10,2.5,,
2026-08-30T00:45:52.002Z,W4131357,7907,46.90917,7.73994,33440.5,6.7,1.3,165.9,-41.5,0.2,-1.0,RS41,403.500,8.1,250,10,2.5,,
2026-08-30T00:45:53.002Z,W4131357,7908,46.90916,7.73993,33446.8,5.6,2.4,227.3,-41.5,0.2,-1.0,RS41,403.500,7.9,250,10,2.5,,
2026-08-30T00:45:55.002Z,W4131357,7910,46.90911,7.73984,33458.6,6.5,6.4,232.9,-41.4,0.2,-1.0,RS41,403.500,8.1,250,10,2.6,,
2026-08-30T00:45:59.002Z,W4131357,7914,46.90890,7.73955,33481.9,5.9,8.7,221.4,-41.4,0.2,-1.0,RS41,403.500,8.4,250,10,2.5,,
2026-08-30T00:46:00.002Z,W4131357,7915,46.90885,7.73947,33488.2,6.6,8.1,228.0,-41.4,0.2,-1.0,RS41,403.500,8.4,250,10,2.5,,
2026-08-30T00:46:02.002Z,W4131357,7917,46.90877,7.73932,33501.5,5.9,6.1,241.5,-41.3,0.2,-1.0,RS41,403.500,7.6,250,10,2.6,,
2026-08-30T00:46:03.002Z,W4131357,7918,46.90875,7.73926,33507.4,5.8,4.7,239.8,-41.3,0.2,-1.0,RS41,403.500,8.6,250,10,2.5,,
2026-08-30T00:46:04.002Z,W4131357,7919,46.90873,7.73922,33513.5,6.2,3.1,220.0,-41.4,0.2,-1.0,RS41,403.500,8.6,250,10,2.5,,
2026-08-30T00:46:06.002Z,W4131357,7921,46.90867,7.73923,33525.9,5.8,4.5,150.5,-41.3,0.2,-1.0,RS41,403.500,8.4,250,10,2.6,,
2026-08-30T00:46:07.002Z,W4131357,7922,46.90863,7.73926,33531.5,5.2,5.9,148.5,-41.3,0.2,-1.0,RS41,403.500,9.1,250,10,2.6,,
2026-08-30T00:46:08.002Z,W4131357,7923,46.90858,7.73930,33537.2,6.2,6.6,157.8,-41.4,0.2,-1.0,RS41,403.500,9.1,250,10,2.6,,
2026-08-30T00:46:09.002Z,W4131357,7924,46.90853,7.73932,33544.0,7.3,6.7,177.5,-41.4,0.2,-1.0,RS41,403.500,8.3,250,10,2.5,,
2026-08-30T00:46:10.002Z,W4131357,7925,46.90847,7.73930,33551.2,7.1,7.2,202.1,-41.4,0.2,-1.0,RS41,403.500,8.9,250,10,2.5,,
2026-08-30T00:46:11.002Z,W4131357,7926,46.90841,7.73925,33557.4,5.2,8.2,220.1,-41.4,0.2,-1.0,RS41,403.500,8.9,250,10,2.5,,
2026-08-30T00:46:15.002Z,W4131357,7930,46.90824,7.73889,33581.2,7.4,5.5,241.0,-41.5,0.2,-1.0,RS41,403.500,8.2,250,10,2.5,,
2026-08-30T00:46:16.002Z,W4131357,7931,46.90822,7.73884,33587.8,5.8,3.2,234.8,-41.5,0.2,-1.0,RS41,403.500,8.8,250,10,2.5,,
2026-08-30T00:46:17.002Z,W4131357,7932,46.90821,7.73882,33593.1,4.8,1.0,218.1,-41.5,0.2,-1.0,RS41,403.500,8.8,250,10,2.5,,
2026-08-30T00:46:18.002Z,W4131357,7933,46.90821,7.73882,33598.0,5.0,0.9,75.0,-41.5,0.2,-1.0,RS41,403.500,8.7,250,10,2.6,,
2026-08-30T00:46:19.002Z,W4131357,7934,46.90821,7.73884,33603.4,5.8,1.6,46.0,-41.5,0.2,-1.0,RS41,403.500,8.7,250,10,2.6,,
2026-08-30T00:46:20.002Z,W4131357,7935,46.90822,7.73885,33609.5,6.5,1.8,19.9,-41.5,0.2,-1.0,RS41,403.500,8.8,250,10,2.6,,
2026-08-30T00:46:21.002Z,W4131357,7936,46.90824,7.73885,33616.0,6.5,1.8,344.2,-41.5,0.2,-1.0,RS41,403.500,8.8,250,10,2.5,,
2026-08-30T00:46:22.002Z,W4131357,7937,46.90825,7.73884,33622.3,6.0,1.8,304.8,-41.5,0.2,-1.0,RS41,403.500,9.0,250,10,2.5,,
2026-08-30T00:46:23.002Z,W4131357,7938,46.90826,7.73881,33628.4,5.9,2.1,259.4,-41.5,0.2,-1.0,RS41,403.500,9.0,250,10,2.5,,
2026-08-30T00:46:24.002Z,W4131357,7939,46.90824,7.73879,33634.4,6.0,3.4,220.9,-41.4,0.2,-1.0,RS41,403.500,8.4,250,10,2.5,,
2026-08-30T00:46:25.002Z,W4131357,7940,46.90821,7.73876,33640.5,6.3,5.6,200.8,-41.4,0.2,-1.0,RS41-SG,403.500,8.5,250,10,2.6,,
2026-08-30T00:46:26.002Z,W4131357,7941,46.90815,7.73873,33646.8,6.0,7.8,192.2,-41.4,0.2,-1.0,RS41-SG,403.500,8.5,250,10,2.6,,
2026-08-30T00:46:27.002Z,W4131357,7942,46.90807,7.73871,33652.3,5.1,9.3,189.6,-41.4,0.2,-1.0,RS41-SG,403.500,8.4,250,10,2.5,,
2026-08-30T00:46:28.002Z,W4131357,7943,46.90799,7.73869,33657.7,5.8,9.9,192.2,-41.4,0.2,-1.0,RS41-SG,403.500,8.5,250,10,2.5,,
2026-08-30T00:46:30.002Z,W4131357,7945,46.90784,7.73861,33671.0,7.0,7.6,216.0,-41.4,0.2,-1.0,RS41-SG,403.500,7.2,250,10,2.6,,
2026-08-30T00:46:31.002Z,W4131357,7946,46.90780,7.73854,33677.4,5.7,6.9,236.5,-41.4,0.2,-1.0,RS41-SG,403.500,7.3,250,10,2.6,,
2026-08-30T00:46:32.002Z,W4131357,7947,46.90777,7.73846,33682.5,4.6,7.0,253.6,-41.3,0.2,-1.0,RS41-SG,403.500,8.4,250,10,2.6,,
2026-08-30T00:46:33.002Z,W4131357,7948,46.90776,7.73837,33687.2,4.8,7.1,263.7,-41.3,0.2,-1.0,RS41-SG,403.500,8.9,250,10,2.5,,
2026-08-30T00:46:34.002Z,W4131357,7949,46.90775,7.73828,33692.8,6.4,6.5,262.3,-41.3,0.2,-1.0,RS41-SG,403.500,8.9,250,10,2.5,,
2026-08-30T00:46:35.002Z,W4131357,7950,46.90774,7.73821,33699.8,7.6,5.2,247.3,-41.3,0.2,-1.0,RS41-SG,403.500,8.4,250,10,2.5,,
2026-08-30T00:46:36.002Z,W4131357,7951,46.90772,7.73815,33706.9,6.6,4.7,222.4,-41.4,0.2,-1.0,RS41-SG,403.500,8.5,250,10,2.5,,
2026-08-30T00:46:37.002Z,W4131357,7952,46.90768,7.73812,33712.7,5.0,5.4,200.3,-41.4,0.2,-1.0,RS41-SG,403.500,8.5,250,10,2.6,,
2026-08-30T00:46:38.002Z,W4131357,7953,46.90763,7.73810,33717.6,4.8,6.2,188.8,-41.4,0.2,-1.0,RS41-SG,403.500,8.8,250,10,2.6,,
2026-08-30T00:46:39.002Z,W4131357,7954,46.90757,7.73809,33723.1,6.0,6.6,187.4,-41.5,0.2,-1.0,RS41-SG,403.500,8.8,250,10,2.5,,
2026-08-30T00:46:40.002Z,W4131357,7955,46.90752,7.73807,33729.8,7.4,6.1,195.7,-41.5,0.2,-1.0,RS41-SG,403.500,8.6,250,10,2.5,,
2026-08-30T00:46:41.002Z,W4131357,7956,46.90747,7.73804,33736.7,6.4,5.7,209.5,-41.6,0.2,-1.0,RS41-SG,403.500,8.6,250,10,2.5,,
2026-08-30T00:46:42.002Z,W4131357,7957,46.90743,7.73800,33742.7,5.5,5.7,224.5,-41.6,0.2,-1.0,RS41-SG,403.500,8.6,250,10,2.6,,
2026-08-30T00:46:43.002Z,W4131357,7958,46.90739,7.73794,33748.2,5.7,6.3,235.6,-41.6,0.2,-1.0,RS41-SG,403.500,8.4,250,10,2.6,,
2026-08-30T00:46:44.002Z,W4131357,7959,46.90736,7.73787,33754.2,6.2,7.1,236.9,-41.7,0.2,-1.0,RS41-SG,403.500,8.9,250,10,2.6,,
2026-08-30T00:46:45.002Z,W4131357,7960,46.90732,7.73779,33760.5,6.4,7.7,233.7,-41.7,0.2,-1.0,RS41-SG,403.500,9.0,250,10,2.5,,
2026-08-30T00:46:46.002Z,W4131357,7961,46.90728,7.73771,33766.9,6.4,8.0,229.3,-41.7,0.2,-1.0,RS41-SG,403.500,9.3,250,10,2.5,,
2026-08-30T00:46:47.002Z,W4131357,7962,46.90723,7.73763,33773.2,6.0,8.1,227.1,-41.7,0.2,-1.0,RS41-SG,403.500,9.3,250,10,2.5,,
2026-08-30T00:46:48.002Z,W4131357,7963,46.90718,7.73755,33779.0,5.7,7.8,228.3,-41.7,0.2,-1.0,RS41-SG,403.500,9.1,250,10,2.5,,
2026-08-30T00:46:49.002Z,W4131357,7964,46.90714,7.73748,33784.7,5.7,7.2,235.1,-41.6,0.2,-1.0,RS41-SG,403.500,9.1,250,10,2.6,,
2026-08-30T00:46:50.002Z,W4131357,7965,46.90711,7.73740,33790.7,6.2,6.6,247.4,-41.6,0.2,-1.0,RS41-SG,403.500,8.8,250,10,2.6,,
2026-08-30T00:46:51.002Z,W4131357,7966,46.90710,7.73732,33797.1,6.7,6.3,264.1,-41.6,0.2,-1.0,RS41-SG,403.500,8.6,250,10,2.5,,
2026-08-30T00:46:52.002Z,W4131357,7967,46.90710,7.73724,33803.5,6.1,6.3,276.9,-41.6,0.2,-1.0,RS41-SG,403.500,8.6,250,10,2.5,,
2026-08-30T00:46:53.002Z,W4131357,7968,46.90711,7.73716,33809.2,5.5,5.8,284.0,-41.6,0.2,-1.0,RS41-SG,403.500,9.0,250,10,2.5,,
2026-08-30T00:46:54.002Z,W4131357,7969,46.90712,7.73709,33815.0,6.2,4.5,283.6,-41.6,0.2,-1.0,RS41-SG,403.500,9.0,250,10,2.6,,
2026-08-30T00:46:55.002Z,W4131357,7970,46.90712,7.73705,33821.5,6.9,2.7,259.4,-41.6,0.2,-1.0,RS41-SG,403.500,9.0,250,10,2.6,,
2026-08-30T00:46:56.002Z,W4131357,7971,46.90711,7.73702,33828.2,6.6,2.8,200.9,-41.6,0.2,-1.0,RS41-SG,403.500,9.4,250,10,2.6,,
2026-08-30T00:46:57.002Z,W4131357,7972,46.90707,7.73702,33834.1,5.3,4.5,181.3,-41.5,0.2,-1.0,RS41-SG,403.500,9.4,250,10,2.5,,
2026-08-30T00:46:58.002Z,W4131357,7973,46.90703,7.73702,33839.5,5.5,6.0,180.7,-41.5,0.2,-1.0,RS41-SG,403.500,9.3,250,10,2.5,,
2026-08-30T00:46:59.002Z,W4131357,7974,46.90697,7.73701,33845.5,6.5,6.6,191.8,-41.5,0.2,-1.0,RS41-SG,403.500,8.7,250,10,2.5,,
2026-08-30T00:47:00.002Z,W4131357,7975,46.90692,7.73698,33852.4,7.3,6.8,211.6,-41.5,0.2,-1.0,RS41-SG,403.500,8.5,250,10,2.5,,
2026-08-30T00:47:01.002Z,W4131357,7976,46.90687,7.73691,33859.4,6.9,7.5,234.9,-41.4,0.2,-1.0,RS41-SG,403.500,8.5,250,10,2.6,,
2026-08-30T00:47:02.002Z,W4131357,7977,46.90684,7.73682,33865.9,6.0,9.0,252.7,-41.4,0.2,-1.0,RS41-SG,403.500,8.4,250,10,2.6,,
2026-08-30T00:47:05.002Z,W4131357,7980,46.90682,7.73641,33881.9,6.0,10.3,270.5,-41.3,0.2,-1.0,RS41-SG,403.500,7.6,250,10,2.5,,
2026-08-30T00:47:06.002Z,W4131357,7981,46.90681,7.73629,33888.6,7.3,7.8,265.9,-41.3,0.2,-1.0,RS41-SG,403.500,7.6,250,10,2.6,,
2026-08-30T00:47:07.002Z,W4131357,7982,46.90680,7.73621,33895.9,7.2,4.9,249.6,-41.3,0.2,-1.0,RS41-SG,403.500,7.3,250,9,2.6,,
2026-08-30T00:47:08.002Z,W4131357,7983,46.90678,7.73617,33902.1,5.3,3.2,210.5,-41.2,0.2,-1.0,RS41-SG,403.500,8.1,250,9,2.6,,
2026-08-30T00:47:09.002Z,W4131357,7984,46.90675,7.73616,33906.9,4.2,3.8,169.5,-41.2,0.2,-1.0,RS41-SG,403.500,8.9,250,9,2.5,,
2026-08-30T00:47:10.002Z,W4131357,7985,46.90672,7.73618,33911.6,5.2,4.7,154.9,-41.1,0.2,-1.0,RS41-SG,403.500,9.0,250,9,2.5,,
2026-08-30T00:47:11.002Z,W4131357,7986,46.90668,7.73620,33917.7,6.9,4.4,161.2,-41.1,0.2,-1.0,RS41-SG,403.500,9.1,250,9,2.5,,
2026-08-30T00:47:12.002Z,W4131357,7987,46.90665,7.73621,33925.0,7.6,3.7,190.1,-41.1,0.2,-1.0,RS41-SG,403.500,9.1,250,9,2.5,,
2026-08-30T00:47:13.002Z,W4131357,7988,46.90662,7.73619,33932.0,6.5,4.4,226.5,-41.0,0.2,-1.0,RS41-SG,403.500,8.8,250,9,2.6,,
2026-08-30T00:47:14.002Z,W4131357,7989,46.90659,7.73613,33937.8,5.0,6.1,244.5,-41.0,0.2,-1.0,RS41-SG,403.500,9.9,250,9,2.6,,
2026-08-30T00:47:15.002Z,W4131357,7990,46.90657,7.73604,33942.7,4.8,7.9,250.3,-41.0,0.2,-1.0,RS41-SG,403.500,9.9,250,9,2.5,,
2026-08-30T00:47:16.002Z,W4131357,7991,46.90654,7.73594,33947.9,5.5,8.9,250.4,-40.9,0.2,-1.0,RS41-SG,403.500,9.3,250,9,2.5,,
2026-08-30T00:47:17.002Z,W4131357,7992,46.90651,7.73583,33954.0,6.8,8.8,245.0,-40.9,0.2,-1.0,RS41-SG,403.500,9.3,250,9,2.5,,
2026-08-30T00:47:18.002Z,W4131357,7993,46.90648,7.73574,33961.0,7.3,7.8,236.2,-40.9,0.2,-1.0,RS41-SG,403.500,8.5,250,9,2.6,,
2026-08-30T00:47:20.002Z,W4131357,7995,46.90639,7.73562,33974.6,5.9,5.2,208.6,-40.7,0.2,-1.0,RS41-SG,403.500,7.6,250,9,2.6,,
2026-08-30T00:47:22.002Z,W4131357,7997,46.90632,7.73560,33985.3,5.2,3.3,179.1,-40.6,0.2,-1.0,RS41-SG,403.500,9.1,250,9,2.5,,
2026-08-30T00:47:23.002Z,W4131357,7998,46.90630,7.73559,33990.9,5.9,2.7,185.0,-40.6,0.2,-1.0,RS41-SG,403.500,9.1,250,9,2.5,,
2026-08-30T00:47:24.002Z,W4131357,7999,46.90627,7.73558,33997.1,6.5,3.2,209.1,-40.5,0.2,-1.0,RS41-SG,403.500,9.1,250,9,2.5,,
2026-08-30T00:47:25.002Z,W4131357,8000,46.90624,7.73555,34003.6,6.4,5.0,221.1,-40.5,0.2,-1.0,RS41-SG,403.500,8.7,250,9,2.6,,
2026-08-30T00:47:26.002Z,W4131357,8001,46.90620,7.73550,34009.6,5.7,7.2,221.4,-40.4,0.2,-1.0,RS41-SG,403.500,8.5,250,9,2.6,,
2026-08-30T00:47:27.002Z,W4131357,8002,46.90614,7.73543,34015.1,5.4,9.3,216.5,-40.4,0.2,-1.0,RS41-SG,403.500,8.3,250,9,2.6,,
2026-08-30T00:47:28.002Z,W4131357,8003,46.90607,7.73536,34020.7,5.6,10.9,209.7,-40.4,0.2,-1.0,RS41-SG,403.500,8.3,250,9,2.5,,
2026-08-30T00:47:29.002Z,W4131357,8004,46.90598,7.73530,34026.7,6.2,11.6,201.7,-40.3,0.2,-1.0,RS41-SG,403.500,8.2,250,9,2.5,,
2026-08-30T00:47:33.002Z,W4131357,8008,46.90564,7.73522,34051.3,5.5,5.9,178.8,-40.1,0.2,-1.0,RS41-SG,403.500,7.1,250,9,2.6,,
2026-08-30T00:47:34.002Z,W4131357,8009,46.90560,7.73521,34056.7,5.3,3.4,189.4,-40.0,0.2,-1.0,RS41-SG,403.500,7.8,250,9,2.5,,
2026-08-30T00:47:35.002Z,W4131357,8010,46.90558,7.73520,34061.8,5.1,2.4,234.2,-40.0,0.2,-1.0,RS41-SG,403.500,8.1,250,9,2.5,,
2026-08-30T00:47:36.002Z,W4131357,8011,46.90557,7.73516,34067.2,5.6,3.7,256.2,-40.0,0.2,-1.0,RS41-SG,403.500,8.1,250,9,2.5,,
2026-08-30T00:47:37.002Z,W4131357,8012,46.90555,7.73510,34073.1,6.3,5.4,248.5,-39.9,0.2,-1.0,RS41-SG,403.500,8.4,250,9,2.6,,
2026-08-30T00:47:38.002Z,W4131357,8013,46.90552,7.73504,34079.6,6.7,7.0,231.2,-39.9,0.2,-1.0,RS41-SG,403.500,8.4,250,9,2.6,,
2026-08-30T00:47:39.002Z,W4131357,8014,46.90547,7.73497,34086.2,6.5,8.8,212.7,-39.8,0.2,-1.0,RS41-SG,403.500,8.4,250,9,2.6,,
2026-08-30T00:47:40.002Z,W4131357,8015,46.90539,7.73492,34092.4,5.8,10.7,196.9,-39.8,0.2,-1.0,RS41-SG,403.500,8.4,250,9,2.5,,
2026-08-30T00:47:44.002Z,W4131357,8019,46.90496,7.73497,34114.0,6.4,11.1,157.9,-39.7,0.2,-1.0,RS41-SG,403.500,8.0,250,9,2.6,,
2026-08-30T00:47:45.002Z,W4131357,8020,46.90488,7.73503,34120.7,6.9,8.1,152.0,-39.7,0.2,-1.0,RS41-SG,403.500,8.1,250,9,2.6,,
2026-08-30T00:47:46.002Z,W4131357,8021,46.90483,7.73507,34127.3,6.3,4.8,150.8,-39.8,0.2,-1.0,RS41-SG,403.500,9.1,250,9,2.5,,
2026-08-30T00:47:47.002Z,W4131357,8022,46.90480,7.73508,34133.1,5.3,2.0,179.4,-39.8,0.2,-1.0,RS41-SG,403.500,9.2,250,9,2.5,,
2026-08-30T00:47:48.002Z,W4131357,8023,46.90479,7.73506,34138.2,4.9,2.9,249.0,-39.8,0.2,-1.0,RS41-SG,403.500,9.2,250,9,2.6,,
2026-08-30T00:47:49.002Z,W4131357,8024,46.90478,7.73501,34143.4,5.4,5.6,251.9,-39.9,0.2,-1.0,RS41-SG,403.500,8.6,250,9,2.6,,
2026-08-30T00:47:50.002Z,W4131357,8025,46.90475,7.73493,34149.1,6.1,8.0,240.1,-39.9,0.2,-1.0,RS41-SG,403.500,8.4,250,9,2.5,,
2026-08-30T00:47:52.002Z,W4131357,8027,46.90463,7.73475,34161.3,5.5,11.3,212.9,-39.9,0.2,-1.0,RS41-SG,403.500,7.1,250,9,2.5,,
2026-08-30T00:47:53.002Z,W4131357,8028,46.90454,7.73469,34166.6,5.2,12.0,199.4,-39.9,0.2,-1.0,RS41-SG,403.500,7.1,250,9,2.6,,
2026-08-30T00:47:55.002Z,W4131357,8030,46.90433,7.73465,34177.5,5.8,10.6,172.1,-39.9,0.2,-1.0,RS41-SG,403.500,8.1,250,9,2.5,,
2026-08-30T00:47:56.002Z,W4131357,8031,46.90425,7.73468,34183.3,5.8,8.6,158.2,-39.8,0.2,-1.0,RS41-SG,403.500,9.5,250,9,2.5,,
2026-08-30T00:47:57.002Z,W4131357,8032,46.90419,7.73473,34189.1,5.8,6.0,144.1,-39.8,0.2,-1.0,RS41-SG,403.500,9.5,250,9,2.5,,
2026-08-30T00:47:58.002Z,W4131357,8033,46.90416,7.73477,34195.0,6.0,3.2,128.8,-39.8,0.2,-1.0,RS41-SG,403.500,9.5,250,9,2.6,,
2026-08-30T00:47:59.002Z,W4131357,8034,46.90415,7.73478,34200.9,5.9,0.1,101.2,-39.8,0.1,-1.0,RS41-SG,403.500,9.3,250,9,2.6,,
2026-08-30T00:48:00.002Z,W4131357,8035,46.90416,7.73477,34206.6,5.6,3.0,283.2,-39.8,0.1,-1.0,RS41-SG,403.500,9.3,250,9,2.5,,
2026-08-30T00:48:01.002Z,W4131357,8036,46.90416,7.73471,34212.0,5.1,5.6,268.1,-39.8,0.2,-1.0,RS41-SG,403.500,8.6,250,9,2.5,,
2026-08-30T00:48:04.002Z,W4131357,8039,46.90405,7.73442,34227.3,5.4,10.9,221.8,-39.8,0.2,-1.0,RS41-SG,403.500,7.5,250,9,2.6,,
2026-08-30T00:48:07.002Z,W4131357,8042,46.90379,7.73426,34243.8,5.4,9.9,182.9,-39.8,0.2,-1.0,RS41,403.500,7.8,250,9,2.5,,
2026-08-30T00:48:08.002Z,W4131357,8043,46.90371,7.73427,34249.3,5.6,7.5,174.1,-39.8,0.2,-1.0,RS41,403.500,8.6,250,9,2.6,,
2026-08-30T00:48:09.002Z,W4131357,8044,46.90365,7.73428,34254.9,5.7,4.5,168.8,-39.8,0.2,-1.0,RS41,403.500,9.6,250,9,2.6,,
2026-08-30T00:48:10.002Z,W4131357,8045,46.90363,7.73428,34260.8,6.0,1.2,197.6,-39.8,0.1,-1.0,RS41,403.500,9.6,250,9,2.6,,
2026-08-30T00:48:11.002Z,W4131357,8046,46.90363,7.73426,34266.8,5.9,2.8,297.4,-39.8,0.2,-1.0,RS41,403.500,9.2,250,9,2.5,,
2026-08-30T00:48:12.002Z,W4131357,8047,46.90365,7.73421,34272.2,4.7,5.2,295.9,-39.8,0.2,-1.0,RS41,403.500,9.2,250,9,2.5,,
2026-08-30T00:48:13.002Z,W4131357,8048,46.90366,7.73414,34277.0,4.9,6.8,285.5,-39.9,0.2,-1.0,RS41,403.500,8.6,250,9,2.5,,
2026-08-30T00:48:15.002Z,W4131357,8050,46.90366,7.73395,34288.7,6.7,8.0,245.6,-39.9,0.2,-1.0,RS41,403.500,7.0,250,9,2.6,,
2026-08-30T00:48:16.002Z,W4131357,8051,46.90361,7.73386,34295.1,6.1,9.1,222.8,-39.9,0.2,-1.0,RS41,403.500,7.1,250,9,2.6,,
2026-08-30T00:48:17.002Z,W4131357,8052,46.90354,7.73379,34300.6,4.9,10.4,206.5,-39.9,0.2,-1.0,RS41,403.500,7.8,250,9,2.5,,
2026-08-30T00:48:18.002Z,W4131357,8053,46.90345,7.73374,34305.0,3.8,11.6,196.5,-40.0,0.2,-1.0,RS41,403.500,8.3,250,9,2.5,,
2026-08-30T00:48:19.002Z,W4131357,8054,46.90335,7.73371,34309.3,4.9,11.6,191.9,-40.0,0.2,-1.0,RS41,403.500,8.9,250,9,2.5,,
2026-08-30T00:48:20.002Z,W4131357,8055,46.90325,7.73367,34315.2,6.9,10.0,193.3,-40.0,0.2,-1.0,RS41,403.500,8.9,250,9,2.6,,
2026-08-30T00:48:21.002Z,W4131357,8056,46.90318,7.73364,34322.5,7.9,7.2,205.3,-40.0,0.2,-1.0,RS41,403.500,7.9,250,9,2.6,,
2026-08-30T00:48:22.002Z,W4131357,8057,46.90314,7.73359,34329.8,6.5,5.4,232.1,-40.0,0.2,-1.0,RS41,403.500,7.8,250,9,2.6,,
2026-08-30T00:48:23.002Z,W4131357,8058,46.90312,7.73353,34335.1,4.1,5.4,264.6,-40.0,0.2,-1.0,RS41,403.500,7.9,250,9,2.5,,
2026-08-30T00:48:24.002Z,W4131357,8059,46.90313,7.73345,34338.6,3.0,6.7,287.1,-39.9,0.2,-1.0,RS41,403.500,8.6,250,9,2.5,,
2026-08-30T00:48:25.002Z,W4131357,8060,46.90315,7.73337,34342.2,4.2,7.7,296.8,-39.9,0.2,-1.0,RS41,403.500,8.6,250,9,2.5,,
2026-08-30T00:48:26.002Z,W4131357,8061,46.90318,7.73328,34347.5,6.5,7.3,297.7,-39.9,0.2,-1.0,RS41,403.500,9.2,250,9,2.5,,
2026-08-30T00:48:27.002Z,W4131357,8062,46.90321,7.73320,34354.0,6.5,6.0,292.5,-39.8,0.2,-1.0,RS41,403.500,9.2,250,9,2.6,,
2026-08-30T00:48:28.002Z,W4131357,8063,46.90322,7.73313,34360.0,5.5,4.7,279.6,-39.8,0.2,-1.0,RS41,403.500,8.2,250,9,2.6,,
2026-08-30T00:48:29.002Z,W4131357,8064,46.90322,7.73308,34365.5,5.6,4.2,257.5,-39.7,0.2,-1.0,RS41,403.500,8.0,250,9,2.6,,
2026-08-30T00:48:30.002Z,W4131357,8065,46.90320,7.73302,34371.3,5.9,4.8,240.2,-39.7,0.1,-1.0,RS41,403.500,8.3,250,9,2.5,,
2026-08-30T00:48:31.002Z,W4131357,8066,46.90318,7.73296,34377.2,5.9,5.6,235.8,-39.6,0.2,-1.0,RS41,403.500,8.4,250,9,2.5,,
2026-08-30T00:48:32.002Z,W4131357,8067,46.90315,7.73290,34383.1,5.8,6.3,235.7,-39.6,0.2,-1.0,RS41,403.500,8.4,250,9,2.5,,
2026-08-30T00:48:34.002Z,W4131357,8069,46.90309,7.73276,34393.5,4.8,6.0,243.6,-39.5,0.2,-1.0,RS41,403.500,8.3,250,9,2.6,,
2026-08-30T00:48:35.002Z,W4131357,8070,46.90307,7.73269,34398.4,5.1,5.2,250.5,-39.4,0.1,-1.0,RS41,403.500,8.3,250,9,2.6,,
2026-08-30T00:48:36.002Z,W4131357,8071,46.90306,7.73264,34403.7,5.5,4.2,259.3,-39.4,0.2,-1.0,RS41,403.500,7.8,250,9,2.5,,
2026-08-30T00:48:37.002Z,W4131357,8072,46.90306,7.73259,34409.4,5.9,3.4,270.1,-39.4,0.2,-1.0,RS41,403.500,8.3,250,9,2.5,,
2026-08-30T00:48:38.002Z,W4131357,8073,46.90306,7.73254,34415.4,6.2,3.2,277.5,-39.4,0.1,-1.0,RS41,403.500,9.2,250,9,2.6,,
2026-08-30T00:48:39.002Z,W4131357,8074,46.90307,7.73250,34421.6,6.1,3.7,279.9,-39.3,0.2,-1.0,RS41,403.500,9.2,250,9,2.6,,
2026-08-30T00:48:40.002Z,W4131357,8075,46.90307,7.73244,34427.5,5.8,4.9,279.0,-39.3,0.2,-1.0,RS41,403.500,8.6,250,9,2.5,,
2026-08-30T00:48:41.002Z,W4131357,8076,46.90308,7.73237,34433.0,5.3,6.8,280.1,-39.3,0.1,-1.0,RS41,403.500,8.8,250,9,2.5,,
2026-08-30T00:48:42.002Z,W4131357,8077,46.90310,7.73227,34438.0,4.7,8.7,282.6,-39.3,0.2,-1.0,RS41,403.500,8.8,250,9,2.5,,
2026-08-30T00:48:43.002Z,W4131357,8078,46.90312,7.73215,34442.7,4.8,10.4,285.8,-39.2,0.1,-1.0,RS41,403.500,8.4,250,9,2.6,,
2026-08-30T00:48:44.002Z,W4131357,8079,46.90315,7.73201,34447.9,5.6,11.2,289.5,-39.2,0.2,-1.0,RS41,403.500,7.5,250,9,2.6,,
2026-08-30T00:48:45.002Z,W4131357,8080,46.90318,7.73188,34453.8,6.1,10.7,293.6,-39.1,0.2,-1.0,RS41,403.500,7.7,250,9,2.5,,
2026-08-30T00:48:48.002Z,W4131357,8083,46.90327,7.73163,34471.5,5.3,2.9,289.1,-39.0,0.2,-1.0,RS41,403.500,7.9,250,9,2.6,,
2026-08-30T00:48:49.002Z,W4131357,8084,46.90327,7.73161,34476.3,4.5,1.3,196.2,-39.0,0.2,-1.0,RS41,403.500,7.9,250,9,2.6,,
2026-08-30T00:48:50.002Z,W4131357,8085,46.90324,7.73161,34480.7,4.2,3.5,164.1,-38.9,0.1,-1.0,RS41,403.500,9.1,250,9,2.5,,
2026-08-30T00:48:51.002Z,W4131357,8086,46.90321,7.73162,34485.2,4.7,5.0,169.1,-38.9,0.2,-1.0,RS41,403.500,9.1,250,9,2.5,,
2026-08-30T00:48:52.002Z,W4131357,8087,46.90316,7.73162,34490.4,5.8,5.3,186.3,-38.8,0.2,-1.0,RS41,403.500,9.1,250,9,2.5,,
2026-08-30T00:48:53.002Z,W4131357,8088,46.90312,7.73160,34496.7,6.8,5.3,219.9,-38.8,0.1,-1.0,RS41,403.500,9.1,250,9,2.6,,
2026-08-30T00:48:54.002Z,W4131357,8089,46.90309,7.73153,34503.3,6.4,6.8,255.4,-38.8,0.1,-1.0,RS41,403.500,8.8,250,9,2.6,,
2026-08-30T00:48:56.002Z,W4131357,8091,46.90310,7.73130,34513.2,3.1,11.1,284.7,-38.7,0.1,-1.0,RS41,403.500,8.0,250,9,2.5,,
2026-08-30T00:48:59.002Z,W4131357,8094,46.90322,7.73090,34528.9,7.8,8.5,298.5,-38.5,0.1,-1.0,RS41,403.500,7.1,250,9,2.5,,
2026-08-30T00:49:01.002Z,W4131357,8096,46.90326,7.73078,34541.6,4.1,2.2,279.8,-38.3,0.1,-1.0,RS41,403.500,8.0,250,9,2.6,,
2026-08-30T00:49:02.002Z,W4131357,8097,46.90326,7.73077,34545.3,3.3,1.3,170.5,-38.2,0.1,-1.0,RS41,403.500,8.5,250,9,2.6,,
2026-08-30T00:49:03.002Z,W4131357,8098,46.90324,7.73078,34549.0,4.0,3.1,147.5,-38.1,0.1,-1.0,RS41,403.500,9.2,250,9,2.5,,
2026-08-30T00:49:04.002Z,W4131357,8099,46.90322,7.73080,34553.8,5.6,3.2,153.5,-37.9,0.1,-1.0,RS41,403.500,9.2,250,9,2.5,,
2026-08-30T00:49:05.002Z,W4131357,8100,46.90319,7.73081,34559.9,6.5,2.4,179.6,-37.8,0.1,-1.0,RS41,403.500,9.1,250,9,2.5,,
2026-08-30T00:49:06.002Z,W4131357,8101,46.90317,7.73079,34566.1,6.1,3.0,231.7,-37.7,0.1,-1.0,RS41,403.500,9.0,250,9,2.5,,
2026-08-30T00:49:07.002Z,W4131357,8102,46.90316,7.73075,34571.6,4.9,5.0,256.1,-37.6,0.1,-1.0,RS41,403.500,8.8,250,9,2.6,,
2026-08-30T00:49:08.002Z,W4131357,8103,46.90315,7.73067,34576.1,3.9,7.2,261.0,-37.6,0.1,-1.0,RS41,403.500,8.8,250,9,2.6,,
2026-08-30T00:49:09.002Z,W4131357,8104,46.90314,7.73056,34580.1,4.1,9.1,260.2,-37.5,0.1,-1.0,RS41,403.500,9.1,250,9,2.6,,
2026-08-30T00:49:11.002Z,W4131357,8106,46.90310,7.73032,34589.9,5.9,9.1,250.0,-37.4,0.1,-1.0,RS41,403.500,7.2,250,9,2.5,,
2026-08-30T00:49:14.002Z,W4131357,8109,46.90301,7.73014,34608.1,5.3,2.8,188.8,-37.3,0.1,-1.0,RS41,403.500,8.0,250,9,2.6,,
2026-08-30T00:49:15.002Z,W4131357,8110,46.90299,7.73015,34613.0,4.5,2.3,118.9,-37.2,0.1,-1.0,RS41,403.500,8.0,250,9,2.6,,
2026-08-30T00:49:16.002Z,W4131357,8111,46.90299,7.73019,34617.5,4.5,3.7,74.9,-37.1,0.1,-1.0,RS41,403.500,8.8,250,9,2.5,,
2026-08-30T00:49:17.002Z,W4131357,8112,46.90301,7.73023,34622.2,5.0,4.7,48.9,-37.0,0.1,-1.0,RS41,403.500,8.8,250,9,2.5,,
2026-08-30T00:49:18.002Z,W4131357,8113,46.90304,7.73027,34627.6,5.7,5.1,21.7,-37.0,0.1,-1.0,RS41,403.500,8.6,250,9,2.6,,
2026-08-30T00:49:19.002Z,W4131357,8114,46.90309,7.73027,34633.3,5.9,5.3,348.0,-36.9,0.1,-1.0,RS41,403.500,7.8,250,9,2.6,,
2026-08-30T00:49:21.002Z,W4131357,8116,46.90316,7.73016,34644.2,4.8,7.6,285.5,-36.8,0.1,-1.0,RS41,403.500,7.3,250,9,2.5,,
2026-08-30T00:49:27.002Z,W4131357,8122,46.90291,7.72972,34675.4,5.3,4.9,153.2,-36.6,0.1,-1.0,RS41,403.500,7.9,250,9,2.5,,
2026-08-30T00:49:28.002Z,W4131357,8123,46.90289,7.72976,34680.4,4.6,4.4,105.2,-36.6,0.1,-1.0,RS41,403.500,8.0,250,9,2.6,,
2026-08-30T00:49:29.002Z,W4131357,8124,46.90289,7.72982,34684.8,4.1,5.5,62.8,-36.6,0.1,-1.0,RS41,403.500,8.5,250,8,2.6,,
2026-08-30T00:49:30.002Z,W4131357,8125,46.90293,7.72987,34689.0,4.4,6.8,34.5,-36.6,0.1,-1.0,RS41,403.500,8.5,250,9,2.5,,
2026-08-30T00:49:31.002Z,W4131357,8126,46.90299,7.72991,34693.4,4.4,7.4,12.1,-36.7,0.1,-1.0,RS41,403.500,8.6,250,9,2.5,,
2026-08-30T00:49:32.002Z,W4131357,8127,46.90305,7.72991,34698.2,5.3,6.6,347.0,-36.7,0.1,-1.0,RS41,403.500,8.6,250,9,2.5,,
2026-08-30T00:49:41.002Z,W4131357,8136,46.90276,7.72975,34745.8,4.8,6.4,98.6,-36.8,0.1,-1.0,RS41,403.500,8.4,250,9,2.6,,
2026-08-30T00:49:42.002Z,W4131357,8137,46.90276,7.72983,34750.3,4.2,6.4,65.7,-36.7,0.1,-1.0,RS41,403.500,8.4,250,9,2.6,,
2026-08-30T00:49:43.002Z,W4131357,8138,46.90280,7.72989,34754.7,4.5,6.7,37.8,-36.7,0.1,-1.0,RS41,403.500,8.3,250,9,2.5,,
2026-08-30T00:49:44.002Z,W4131357,8139,46.90285,7.72993,34759.6,5.2,6.7,11.1,-36.6,0.1,-1.0,RS41,403.500,8.3,250,9,2.5,,
2026-08-30T00:49:45.002Z,W4131357,8140,46.90291,7.72992,34765.4,6.3,5.6,342.3,-36.5,0.1,-1.0,RS41,403.500,8.3,250,9,2.5,,
2026-08-30T00:49:53.002Z,W4131357,8148,46.90256,7.72988,34805.8,5.4,7.1,126.7,-35.9,0.1,-1.0,RS41,403.500,7.7,250,9,2.5,,
2026-08-30T00:49:55.002Z,W4131357,8150,46.90255,7.72999,34816.7,5.3,2.8,49.3,-35.7,0.1,-1.0,RS41,403.500,8.8,250,9,2.6,,
2026-08-30T00:49:57.002Z,W4131357,8152,46.90260,7.72997,34826.7,5.0,5.3,308.7,-35.6,0.1,-1.0,RS41,403.500,7.8,250,9,2.5,,
2026-08-30T00:50:05.002Z,W4131357,8160,46.90233,7.72961,34867.1,5.1,4.9,136.6,-35.2,0.1,-1.0,RS41,403.500,8.5,250,9,2.5,,
2026-08-30T00:50:06.002Z,W4131357,8161,46.90231,7.72964,34872.5,5.6,2.6,102.2,-35.2,0.1,-1.0,RS41,403.500,8.5,250,9,2.5,,
2026-08-30T00:50:07.002Z,W4131357,8162,46.90231,7.72966,34878.2,5.7,1.9,10.7,-35.1,0.1,-1.0,RS41,403.500,8.5,250,9,2.5,,
2026-08-30T00:50:11.002Z,W4131357,8166,46.90240,7.72941,34899.1,5.4,8.9,268.6,-35.0,0.1,-1.0,RS41,403.500,7.9,250,9,2.5,,
2026-08-30T00:50:16.002Z,W4131357,8171,46.90214,7.72907,34925.3,4.8,7.5,176.1,-34.9,0.1,-1.0,RS41,403.500,8.0,250,9,2.6,,
2026-08-30T00:50:18.002Z,W4131357,8173,46.90205,7.72910,34936.2,5.8,2.2,160.4,-34.9,0.1,-1.0,RS41,403.500,7.7,250,9,2.5,,
2026-08-30T00:50:19.002Z,W4131357,8174,46.90204,7.72909,34941.8,5.4,1.6,304.7,-34.9,0.1,-1.0,RS41,403.500,8.3,250,9,2.5,,
2026-08-30T00:50:20.002Z,W4131357,8175,46.90206,7.72906,34947.2,5.1,4.8,301.3,-34.9,0.1,-1.0,RS41,403.500,8.3,250,9,2.5,,
2026-08-30T00:50:28.002Z,W4131357,8183,46.90191,7.72832,34988.5,4.8,6.5,184.8,-35.1,0.1,-1.0,RS41,403.500,7.7,250,9,2.5,,
2026-08-30T00:50:30.002Z,W4131357,8185,46.90183,7.72833,34999.3,5.9,2.0,178.8,-35.2,0.1,-1.0,RS41,403.500,7.6,250,9,2.6,,
2026-08-30T00:50:31.002Z,W4131357,8186,46.90182,7.72831,35005.3,5.9,1.9,281.3,-35.2,0.1,-1.0,RS41,403.500,7.7,250,9,2.6,,
2026-08-30T00:50:32.002Z,W4131357,8187,46.90183,7.72827,35010.8,5.2,4.9,290.8,-35.2,0.1,-1.0,RS41,403.500,7.8,250,9,2.5,,
2026-08-30T00:50:33.002Z,W4131357,8188,46.90185,7.72819,35015.8,4.6,8.2,288.1,-35.3,0.1,-1.0,RS41,403.500,7.8,250,9,2.5,,
2026-08-30T00:50:40.002Z,W4131357,8195,46.90166,7.72728,35053.3,5.1,6.0,214.0,-35.5,0.1,-1.0,RS41,403.500,6.9,250,9,2.5,,
2026-08-30T00:50:42.002Z,W4131357,8197,46.90161,7.72724,35063.7,5.3,0.3,335.9,-35.5,0.1,-1.0,RS41,403.500,7.8,250,9,2.5,,
2026-08-30T00:50:52.002Z,W4131357,8207,46.90148,7.72655,35119.0,6.4,7.9,228.8,-35.2,0.1,-1.0,RS41,403.500,7.8,250,9,2.6,,
2026-08-30T00:50:57.002Z,W4131357,8212,46.90146,7.72623,35148.2,6.7,4.3,284.3,-34.8,0.1,-1.0,RS41,403.500,7.7,250,9,2.6,,
2026-08-30T00:51:00.002Z,W4131357,8215,46.90140,7.72608,35168.3,5.1,6.6,214.8,-34.6,0.1,-1.0,RS41,403.500,7.9,250,9,2.5,,
2026-08-30T00:51:02.002Z,W4131357,8217,46.90128,7.72597,35177.9,5.3,8.8,210.2,-34.5,0.1,-1.0,RS41,403.500,7.9,250,9,2.5,,
2026-08-30T00:51:05.002Z,W4131357,8220,46.90112,7.72576,35196.9,5.6,6.8,240.2,-34.2,0.1,-1.0,RS41,403.500,7.4,250,9,2.6,,
2026-08-30T00:51:07.002Z,W4131357,8222,46.90109,7.72561,35207.9,5.6,5.5,254.1,-34.1,0.1,-1.0,RS41,403.500,7.7,250,9,2.5,,
2026-08-30T00:51:09.002Z,W4131357,8224,46.90105,7.72549,35220.6,6.8,5.1,228.6,-34.0,0.1,-1.0,RS41,403.500,7.3,250,9,2.5,,
2026-08-30T00:51:12.002Z,W4131357,8227,46.90091,7.72537,35239.1,5.4,7.2,203.2,-34.0,0.1,-1.0,RS41,403.500,7.8,250,9,2.6,,
2026-08-30T00:51:13.002Z,W4131357,8228,46.90085,7.72533,35244.8,5.9,7.4,209.3,-34.1,0.1,-1.0,RS41,403.500,7.8,250,9,2.6,,
2026-08-30T00:51:15.002Z,W4131357,8230,46.90075,7.72520,35257.4,6.5,7.3,238.6,-34.1,0.1,-1.0,RS41,403.500,7.5,250,9,2.5,,
2026-08-30T00:51:17.002Z,W4131357,8232,46.90071,7.72501,35269.2,5.2,8.0,260.2,-34.1,0.1,-1.0,RS41,403.500,7.2,250,9,2.5,,
2026-08-30T00:51:25.002Z,W4131357,8240,46.90025,7.72456,35316.1,6.6,8.5,188.8,-34.1,0.1,-1.0,RS41,403.500,7.1,250,9,2.6,,
2026-08-30T00:51:27.002Z,W4131357,8242,46.90015,7.72449,35329.5,6.4,4.8,228.5,-34.1,0.1,-1.0,RS41,403.500,7.5,250,9,2.6,,
2026-08-30T00:51:28.002Z,W4131357,8243,46.90013,7.72444,35335.2,4.9,5.1,258.3,-34.1,0.1,-1.0,RS41,403.500,7.8,250,9,2.5,,
2026-08-30T00:51:30.002Z,W4131357,8245,46.90013,7.72428,35345.5,5.8,7.2,271.7,-34.1,0.1,-1.0,RS41,403.500,7.9,250,9,2.5,,
2026-08-30T00:51:32.002Z,W4131357,8247,46.90009,7.72408,35358.8,6.9,8.7,239.9,-34.3,0.1,-1.0,RS41,403.500,7.2,250,9,2.6,,
2026-08-30T00:51:40.002Z,W4131357,8255,46.89963,7.72348,35407.2,5.0,5.6,271.8,-34.4,0.1,-1.0,RS41,403.500,7.0,250,9,2.6,,
2026-08-30T00:51:42.002Z,W4131357,8257,46.89965,7.72332,35417.6,5.8,6.7,279.9,-34.4,0.1,-1.0,RS41,403.500,7.4,250,9,2.5,,
2026-08-30T00:51:45.002Z,W4131357,8260,46.89958,7.72305,35436.8,5.7,9.9,228.5,-34.5,0.1,-1.0,RS41,403.500,8.5,250,9,2.5,,
2026-08-30T00:51:47.002Z,W4131357,8262,46.89943,7.72284,35446.9,5.1,13.0,218.8,-34.6,0.1,-1.0,RS41,403.500,7.6,250,9,2.6,,
2026-08-30T00:51:57.002Z,W4131357,8272,46.89924,7.72188,35507.7,5.4,1.7,226.2,-34.8,0.1,-1.0,RS41,403.500,8.0,250,9,2.5,,
2026-08-30T00:51:58.002Z,W4131357,8273,46.89922,7.72187,35513.1,5.1,2.8,187.9,-34.7,0.1,-1.0,RS41,403.500,8.0,250,9,2.5,,
2026-08-30T00:52:01.002Z,W4131357,8276,46.89912,7.72184,35531.4,7.1,4.3,217.5,-34.4,0.1,-1.0,RS41,403.500,7.5,250,9,2.6,,
2026-08-30T00:52:02.002Z,W4131357,8277,46.89910,7.72179,35538.6,7.1,4.8,245.6,-34.2,0.1,-1.0,RS41,403.500,7.5,250,9,2.6,,
2026-08-30T00:52:04.002Z,W4131357,8279,46.89909,7.72163,35551.8,6.1,8.1,278.0,-34.1,0.1,-1.0,RS41,403.500,7.7,250,9,2.5,,
2026-08-30T00:52:08.002Z,W4131357,8283,46.89915,7.72115,35577.7,7.2,8.1,267.0,-33.9,0.1,-1.0,RS41,403.500,7.5,250,9,2.5,,
2026-08-30T00:52:13.002Z,W4131357,8288,46.89899,7.72098,35609.5,6.9,3.8,149.3,-33.9,0.1,-1.0,RS41,403.500,7.4,250,9,2.5,,
2026-08-30T00:52:15.002Z,W4131357,8290,46.89899,7.72102,35623.9,6.9,3.5,358.5,-33.9,0.1,-1.0,RS41,403.500,7.3,250,9,2.5,,
2026-08-30T00:52:17.002Z,W4131357,8292,46.89911,7.72095,35636.0,5.2,11.1,329.1,-33.9,0.0,-1.0,RS41,403.500,8.1,250,9,2.6,,
2026-08-30T00:52:18.002Z,W4131357,8293,46.89920,7.72085,35641.2,5.2,14.0,320.3,-33.9,0.1,-1.0,RS41,403.500,8.1,250,9,2.6,,
2026-08-30T00:52:31.002Z,W4131357,8306,46.89956,7.72000,35722.2,3.4,17.6,328.3,-34.0,0.1,-1.0,RS41,403.500,8.0,250,9,2.6,,
2026-08-30T00:55:01.002Z,W4131357,8456,46.91132,7.71762,36574.3,4.1,13.0,349.3,-32.8,0.0,-1.0,RS41,403.500,7.2,250,9,2.6,,
2026-08-30T00:55:14.002Z,W4131357,8469,46.91212,7.71805,36647.2,4.2,9.8,0.2,-32.4,0.0,-1.0,RS41,403.500,7.5,250,9,2.6,,
2026-08-30T00:55:27.002Z,W4131357,8482,46.91282,7.71835,36717.1,4.8,7.0,7.0,-32.3,0.0,-1.0,RS41,403.500,7.2,250,9,2.6,,
2026-08-30T00:55:39.002Z,W4131357,8494,46.91328,7.71860,36782.1,5.8,5.3,57.8,-32.1,0.0,-1.0,RS41,403.500,6.8,250,9,2.5,,
2026-08-30T00:56:00.002Z,W4131357,8515,46.91340,7.71947,36896.7,5.8,6.5,111.7,-31.6,0.0,-1.0,RS41,403.500,6.7,250,9,2.5,,
2026-08-30T00:56:03.002Z,W4131357,8518,46.91333,7.71957,36913.4,5.0,2.6,218.1,-31.6,0.0,-1.0,RS41,403.500,6.9,250,9,2.6,,
2026-08-30T00:56:13.002Z,W4131357,8528,46.91315,7.71960,36968.7,6.5,10.3,128.4,-31.6,0.0,-1.0,RS41,403.500,7.1,250,9,2.6,,
2026-08-30T00:56:25.002Z,W4131357,8540,46.91316,7.71906,37041.1,2.9,5.3,121.8,-31.0,0.0,-1.0,RS41,403.500,7.0,250,9,2.6,,
2026-08-30T00:56:26.002Z,W4131357,8541,46.91312,7.71914,37043.9,2.6,9.4,126.2,-31.0,0.0,-1.0,RS41,403.500,7.0,250,9,2.5,,
2026-08-30T00:56:41.002Z,W4131357,8556,46.91323,7.71870,37126.4,1.5,11.6,127.2,-30.2,0.0,-1.0,RS41,403.500,7.8,250,9,2.6,,
2026-08-30T00:56:42.002Z,W4131357,8557,46.91315,7.71882,37129.9,5.5,12.7,137.5,-30.2,0.0,-1.0,RS41,403.500,8.0,250,9,2.6,,
2026-08-30T00:56:43.002Z,W4131357,8558,46.91307,7.71891,37137.3,9.3,9.8,151.0,-30.2,0.0,-1.0,RS41,403.500,8.0,250,9,2.6,,
2026-08-30T00:56:53.002Z,W4131357,8568,46.91360,7.71826,37194.3,3.6,5.9,53.2,-30.1,0.0,-1.0,RS41,403.500,7.0,250,9,2.6,,
2026-08-30T00:56:54.002Z,W4131357,8569,46.91361,7.71834,37196.8,1.4,7.2,95.7,-30.1,0.0,-1.0,RS41,403.500,8.1,250,9,2.6,,
2026-08-30T00:56:55.002Z,W4131357,8570,46.91358,7.71844,37198.6,2.1,9.5,120.5,-30.1,0.0,-1.0,RS41,403.500,8.4,250,9,2.5,,
2026-08-30T00:56:56.002Z,W4131357,8571,46.91353,7.71854,37202.5,5.8,9.8,137.5,-30.1,0.0,-1.0,RS41,403.500,8.4,250,9,2.5,,
2026-08-30T00:56:58.002Z,W4131357,8573,46.91343,7.71861,37218.8,9.0,3.6,208.7,-30.2,0.0,-1.0,RS41,403.500,7.5,250,9,2.5,,
2026-08-30T00:56:59.002Z,W4131357,8574,46.91341,7.71856,37226.7,6.7,5.4,277.3,-30.2,0.0,-1.0,RS41,403.500,7.7,250,9,2.6,,
2026-08-30T00:57:04.002Z,W4131357,8579,46.91389,7.71805,37246.0,7.4,16.5,349.2,-30.2,0.0,-1.0,RS41,403.500,7.8,250,9,2.5,,
2026-08-30T00:57:05.002Z,W4131357,8580,46.91402,7.71804,37253.3,7.2,13.8,4.8,-30.2,0.0,-1.0,RS41,403.500,7.8,250,9,2.6,,
2026-08-30T00:57:06.002Z,W4131357,8581,46.91413,7.71807,37259.5,5.3,11.1,24.2,-30.2,0.0,-1.0,RS41,403.500,7.5,250,9,2.6,,
2026-08-30T00:57:07.002Z,W4131357,8582,46.91420,7.71815,37263.7,3.1,9.3,48.1,-30.2,0.0,-1.0,RS41,403.500,8.3,250,9,2.5,,
2026-08-30T00:57:08.002Z,W4131357,8583,46.91424,7.71825,37266.5,2.3,8.5,75.1,-30.2,0.0,-1.0,RS41,403.500,8.6,250,9,2.5,,
2026-08-30T00:57:09.002Z,W4131357,8584,46.91424,7.71835,37269.6,3.7,7.6,99.2,-30.2,0.0,-1.0,RS41,403.500,8.6,250,9,2.5,,
2026-08-30T00:57:10.002Z,W4131357,8585,46.91422,7.71843,37274.4,6.0,5.4,119.0,-30.2,0.0,-1.0,RS41,403.500,8.1,250,9,2.6,,
2026-08-30T00:57:15.002Z,W4131357,8590,46.91440,7.71816,37299.7,3.0,16.3,323.3,-30.2,0.0,-1.0,RS41,403.500,7.3,250,9,2.5,,
2026-08-30T00:57:16.002Z,W4131357,8591,46.91453,7.71804,37303.4,4.4,18.3,332.0,-30.2,0.0,-1.0,RS41,403.500,8.0,250,9,2.6,,
2026-08-30T00:57:17.002Z,W4131357,8592,46.91468,7.71795,37308.9,6.5,17.8,342.2,-30.3,0.0,-1.0,RS41,403.500,8.0,250,9,2.6,,
2026-08-30T00:57:18.002Z,W4131357,8593,46.91482,7.71790,37315.9,7.4,15.3,354.8,-30.3,0.0,-1.0,RS41,403.500,7.9,250,9,2.5,,
2026-08-30T00:57:21.002Z,W4131357,8596,46.91509,7.71805,37331.4,2.4,8.7,61.3,-30.4,0.0,-1.0,RS41,403.500,7.2,250,9,2.6,,
2026-08-30T00:57:22.002Z,W4131357,8597,46.91511,7.71815,37333.7,2.4,8.5,87.4,-30.4,0.0,-1.0,RS41,403.500,8.7,250,9,2.6,,
2026-08-30T00:57:23.002Z,W4131357,8598,46.91510,7.71826,37337.4,4.9,7.7,104.7,-30.4,0.0,-1.0,RS41,403.500,9.2,250,9,2.6,,
2026-08-30T00:57:24.002Z,W4131357,8599,46.91509,7.71833,37343.6,7.4,4.8,107.8,-30.4,0.0,-1.0,RS41,403.500,9.2,250,9,2.5,,
2026-08-30T00:57:26.002Z,W4131357,8601,46.91511,7.71836,37358.7,6.5,5.7,336.6,-30.5,0.0,-1.0,RS41,403.500,7.6,250,9,2.5,,
2026-08-30T00:57:27.002Z,W4131357,8602,46.91518,7.71832,37363.8,3.8,10.6,332.5,-30.5,0.0,-1.0,RS41,403.500,8.1,250,9,2.6,,
2026-08-30T00:57:28.002Z,W4131357,8603,46.91528,7.71824,37366.7,2.0,15.4,333.9,-30.5,0.0,-1.0,RS41-SG,403.500,8.8,250,9,2.6,,
2026-08-30T00:57:29.002Z,W4131357,8604,46.91542,7.71815,37368.7,2.1,19.5,337.2,-30.5,0.0,-1.0,RS41-SG,403.500,8.8,250,9,2.5,,
2026-08-30T00:57:32.002Z,W4131357,8607,46.91594,7.71797,37385.4,8.2,17.0,0.5,-30.6,0.0,-1.0,RS41-SG,403.500,6.8,250,9,2.6,,
2026-08-30T00:57:33.002Z,W4131357,8608,46.91608,7.71799,37392.9,6.7,13.1,14.5,-30.6,0.0,-1.0,RS41-SG,403.500,7.3,250,9,2.6,,
2026-08-30T00:57:35.002Z,W4131357,8610,46.91622,7.71814,37401.0,1.6,8.5,64.6,-30.7,0.0,-1.0,RS41-SG,403.500,9.0,250,9,2.6,,
2026-08-30T00:57:36.002Z,W4131357,8611,46.91624,7.71824,37402.5,1.4,8.6,93.1,-30.7,0.0,-1.0,RS41-SG,403.500,10.2,250,9,2.5,,
2026-08-30T00:57:37.002Z,W4131357,8612,46.91622,7.71835,37405.2,4.1,8.6,108.7,-30.7,0.0,-1.0,RS41-SG,403.500,10.2,250,9,2.5,,
2026-08-30T00:57:38.002Z,W4131357,8613,46.91620,7.71845,37411.1,7.5,6.3,106.2,-30.7,0.0,-1.0,RS41-SG,403.500,9.1,250,9,2.6,,
2026-08-30T00:57:39.002Z,W4131357,8614,46.91620,7.71851,37419.1,8.4,3.8,60.4,-30.7,0.0,-1.0,RS41-SG,403.500,9.1,250,9,2.6,,
2026-08-30T00:57:42.002Z,W4131357,8617,46.91643,7.71851,37434.4,1.5,15.7,350.5,-30.6,0.0,-1.0,RS41-SG,403.500,9.4,250,9,2.5,,
2026-08-30T00:57:43.002Z,W4131357,8618,46.91659,7.71847,37435.8,1.5,19.8,350.5,-30.5,0.0,-1.0,RS41-SG,403.500,9.8,250,9,2.6,,
2026-08-30T00:57:44.002Z,W4131357,8619,46.91677,7.71843,37438.8,4.4,21.7,353.6,-30.5,0.0,-1.0,RS41-SG,403.500,9.8,250,9,2.6,,
2026-08-30T00:57:48.002Z,W4131357,8623,46.91731,7.71856,37468.3,3.7,9.1,48.1,-30.1,0.0,-1.0,RS41-SG,403.500,8.7,250,9,2.5,,
2026-08-30T00:57:49.002Z,W4131357,8624,46.91735,7.71866,37470.5,0.7,8.3,80.2,-30.1,0.0,-1.0,RS41-SG,403.500,8.8,250,9,2.6,,
2026-08-30T00:57:50.002Z,W4131357,8625,46.91734,7.71877,37471.0,0.3,9.6,107.9,-30.0,0.0,-1.0,RS41-SG,403.500,8.8,250,9,2.6,,
2026-08-30T00:57:51.002Z,W4131357,8626,46.91730,7.71889,37472.8,3.5,10.5,119.8,-30.0,0.0,-1.0,RS41-SG,403.500,8.8,250,9,2.5,,
2026-08-30T00:57:52.002Z,W4131357,8627,46.91726,7.71900,37478.2,7.3,8.7,116.0,-29.9,0.0,-1.0,RS41-SG,403.500,8.7,250,9,2.5,,
2026-08-30T00:57:53.002Z,W4131357,8628,46.91725,7.71909,37486.1,8.5,6.2,87.1,-29.8,0.0,-1.0,RS41-SG,403.500,8.7,250,9,2.5,,
2026-08-30T00:57:54.002Z,W4131357,8629,46.91727,7.71916,37493.8,6.8,7.0,42.4,-29.7,0.0,-1.0,RS41-SG,403.500,8.1,250,9,2.6,,
2026-08-30T00:57:55.002Z,W4131357,8630,46.91734,7.71922,37499.2,3.8,10.4,19.7,-29.7,0.0,-1.0,RS41-SG,403.500,7.9,250,9,2.6,,
2026-08-30T00:57:56.002Z,W4131357,8631,46.91745,7.71926,37501.8,1.6,14.7,10.9,-29.6,0.0,-1.0,RS41-SG,403.500,8.0,250,9,2.6,,
2026-08-30T00:57:57.002Z,W4131357,8632,46.91760,7.71929,37503.2,1.4,18.9,7.3,-29.6,0.0,-1.0,RS41-SG,403.500,8.5,250,9,2.6,,
2026-08-30T00:57:58.002Z,W4131357,8633,46.91777,7.71932,37505.8,3.8,21.3,7.7,-29.5,0.0,-1.0,RS41-SG,403.500,8.5,250,9,2.5,,
2026-08-30T00:57:59.002Z,W4131357,8634,46.91796,7.71937,37511.3,7.1,20.5,11.6,-29.5,0.0,-1.0,RS41-SG,403.500,8.5,250,9,2.5,,
2026-08-30T00:58:00.002Z,W4131357,8635,46.91812,7.71943,37519.1,8.6,17.2,19.7,-29.4,0.0,-1.0,RS41-SG,403.500,8.5,250,9,2.6,,
2026-08-30T00:58:03.002Z,W4131357,8638,46.91835,7.71973,37535.4,1.3,8.8,82.9,-29.4,0.0,-1.0,RS41-SG,403.500,7.7,250,9,2.5,,
2026-08-30T00:58:04.002Z,W4131357,8639,46.91834,7.71984,37536.6,1.0,9.6,112.5,-29.4,0.0,-1.0,RS41-SG,403.500,8.3,250,9,2.5,,
2026-08-30T00:58:05.002Z,W4131357,8640,46.91829,7.71995,37538.8,3.5,10.7,129.3,-29.4,0.0,-1.0,RS41-SG,403.500,8.8,250,9,2.6,,
2026-08-30T00:58:06.002Z,W4131357,8641,46.91823,7.72006,37544.1,7.2,9.6,132.3,-29.3,0.0,-1.0,RS41-SG,403.500,8.8,250,9,2.6,,
2026-08-30T00:58:07.002Z,W4131357,8642,46.91819,7.72014,37552.4,9.3,6.5,117.5,-29.3,0.0,-1.0,RS41-SG,403.500,8.4,250,9,2.6,,
2026-08-30T00:58:11.002Z,W4131357,8646,46.91844,7.72036,37573.4,0.1,17.5,11.4,-29.4,0.0,-1.0,RS41-SG,403.500,9.0,250,9,2.6,,
2026-08-30T00:58:12.002Z,W4131357,8647,46.91861,7.72041,37574.0,1.3,21.9,10.0,-29.5,0.0,-1.0,RS41-SG,403.500,9.0,250,9,2.6,,
2026-08-30T00:58:13.002Z,W4131357,8648,46.91881,7.72046,37577.3,5.4,23.7,11.7,-29.5,0.0,-1.0,RS41-SG,403.500,8.8,250,9,2.5,,
2026-08-30T00:58:16.002Z,W4131357,8651,46.91928,7.72072,37602.6,7.3,12.3,39.7,-29.5,0.0,-1.0,RS41-SG,403.500,7.8,250,9,2.6,,
2026-08-30T00:58:17.002Z,W4131357,8652,46.91934,7.72082,37608.0,3.5,9.2,64.3,-29.6,0.0,-1.0,RS41-SG,403.500,9.2,250,9,2.6,,
2026-08-30T00:58:18.002Z,W4131357,8653,46.91935,7.72093,37610.1,0.7,8.6,100.0,-29.6,0.0,-1.0,RS41-SG,403.500,9.7,250,9,2.6,,
2026-08-30T00:58:19.002Z,W4131357,8654,46.91931,7.72104,37610.5,0.1,10.6,127.8,-29.6,0.0,-1.0,RS41-SG,403.500,9.7,250,9,2.6,,
2026-08-30T00:58:25.002Z,W4131357,8660,46.91927,7.72155,37642.3,0.5,14.8,23.8,-29.7,0.0,-1.0,RS41-SG,403.500,7.9,250,9,2.5,,
2026-08-30T00:58:26.002Z,W4131357,8661,46.91941,7.72164,37642.6,0.2,19.7,20.3,-29.7,0.0,-1.0,RS41-SG,403.500,7.9,250,9,2.5,,
2026-08-30T00:58:30.002Z,W4131357,8665,46.92004,7.72211,37671.0,9.9,13.4,50.9,-29.8,0.0,-1.0,RS41-SG,403.500,6.6,250,9,2.6,,
2026-08-30T00:58:33.002Z,W4131357,8668,46.92006,7.72248,37681.4,-1.6,10.7,132.0,-29.1,0.0,-1.0,RS41-SG,403.500,7.3,250,9,2.6,,
2026-08-30T00:58:40.002Z,W4131357,8675,46.91994,7.72288,37711.6,-0.2,14.9,19.9,-28.5,0.0,-1.0,RS41-SG,403.500,7.9,250,9,2.6,,
2026-08-30T00:58:41.002Z,W4131357,8676,46.92008,7.72295,37712.2,1.5,18.8,19.1,-28.4,0.0,-1.0,RS41-SG,403.500,7.9,250,9,2.6,,
2026-08-30T00:58:50.002Z,W4131357,8685,46.92112,7.72393,37585.1,-45.9,15.8,59.5,-28.8,0.0,-1.0,RS41-SG,403.500,7.5,250,9,2.6,,
2026-08-30T00:58:51.002Z,W4131357,8686,46.92119,7.72411,37536.2,-52.2,16.0,62.5,-28.6,0.0,-1.0,RS41-SG,403.500,7.9,250,9,2.6,,
2026-08-30T00:58:55.002Z,W4131357,8690,46.92144,7.72484,37279.0,-73.5,14.6,61.4,-28.4,0.0,-1.0,RS41-SG,403.500,7.8,250,9,2.6,,
2026-08-30T00:58:57.002Z,W4131357,8692,46.92154,7.72513,37150.8,-55.2,9.4,55.6,-28.6,0.0,-1.0,RS41-SG,403.500,7.4,250,8,2.5,,
2026-08-30T00:59:12.002Z,W4131357,8707,46.92213,7.72573,36435.5,-45.4,16.3,18.4,-31.3,0.0,-1.0,RS41-SG,403.500,7.4,250,9,2.6,,
2026-08-30T00:59:14.002Z,W4131357,8709,46.92244,7.72577,36346.3,-45.0,17.8,356.5,-31.6,0.0,-1.0,RS41-SG,403.500,7.1,250,9,2.5,,
2026-08-30T00:59:43.002Z,W4131357,8738,46.92399,7.72432,35120.9,-41.5,3.1,236.4,-33.6,0.0,-1.0,RS41-SG,403.500,7.1,250,8,2.5,,
2026-08-30T00:59:48.002Z,W4131357,8743,46.92397,7.72409,34916.0,-40.1,5.1,279.9,-34.5,0.1,-1.0,RS41-SG,403.500,7.2,250,9,2.5,,
2026-08-30T00:59:55.002Z,W4131357,8750,46.92397,7.72361,34627.9,-41.6,2.5,217.9,-35.6,0.1,-1.0,RS41-SG,403.500,7.7,250,9,2.6,,
2026-08-30T00:59:56.002Z,W4131357,8751,46.92395,7.72361,34586.1,-41.6,2.7,169.7,-35.8,0.0,-1.0,RS41-SG,403.500,7.7,250,8,2.5,,
2026-08-30T00:59:57.002Z,W4131357,8752,46.92393,7.72362,34544.0,-42.6,1.7,142.6,-36.0,0.1,-1.0,RS41-SG,403.500,8.7,250,8,2.5,,
2026-08-30T00:59:58.002Z,W4131357,8753,46.92393,7.72364,34503.0,-40.1,2.1,97.2,-36.4,0.1,-1.0,RS41-SG,403.500,8.7,250,9,2.5,,
2026-08-30T00:59:59.002Z,W4131357,8754,46.92394,7.72366,34462.8,-40.0,2.4,35.2,-36.9,0.1,-1.0,RS41-SG,403.500,9.1,250,8,2.6,,
2026-08-30T01:00:00.002Z,W4131357,8755,46.92396,7.72367,34423.0,-40.5,3.8,359.1,-37.4,0.1,-1.0,RS41-SG,403.500,9.1,250,8,2.6,,
2026-08-30T01:00:01.002Z,W4131357,8756,46.92400,7.72364,34383.4,-39.4,7.0,335.4,-37.8,0.1,-1.0,RS41-SG,403.500,9.8,250,8,2.6,,
2026-08-30T01:00:02.002Z,W4131357,8757,46.92406,7.72359,34344.5,-39.1,7.2,318.9,-38.1,0.1,-1.0,RS41-SG,403.500,9.8,250,9,2.5,,
2026-08-30T01:00:03.002Z,W4131357,8758,46.92411,7.72353,34304.6,-40.3,8.3,315.2,-38.3,0.1,-1.0,RS41-SG,403.500,9.8,250,8,2.5,,
2026-08-30T01:00:04.002Z,W4131357,8759,46.92415,7.72344,34266.1,-37.5,8.4,295.8,-38.6,0.1,-1.0,RS41-SG,403.500,8.8,250,8,2.5,,
2026-08-30T01:00:05.002Z,W4131357,8760,46.92417,7.72334,34227.8,-39.3,7.3,286.9,-38.8,0.1,-1.0,RS41-SG,403.500,8.5,250,9,2.6,,
2026-08-30T01:00:06.002Z,W4131357,8761,46.92418,7.72324,34188.7,-39.5,8.5,265.9,-38.8,0.1,-1.0,RS41-SG,403.500,8.5,250,8,2.6,,
2026-08-30T01:00:07.002Z,W4131357,8762,46.92417,7.72314,34149.8,-38.7,7.5,254.4,-38.8,0.1,-1.0,RS41-SG,403.500,8.3,250,9,2.5,,
2026-08-30T01:00:08.002Z,W4131357,8763,46.92414,7.72305,34111.0,-39.4,8.3,235.9,-38.8,0.1,-1.0,RS41-SG,403.500,8.3,250,8,2.5,,
2026-08-30T01:00:10.002Z,W4131357,8765,46.92402,7.72288,34033.6,-39.4,10.4,216.6,-38.7,0.1,-1.0,RS41-SG,403.500,8.6,250,8,2.6,,
2026-08-30T01:00:11.002Z,W4131357,8766,46.92394,7.72281,33994.0,-40.5,10.9,207.9,-38.8,0.1,-1.0,RS41-SG,403.500,8.5,250,8,2.6,,
2026-08-30T01:00:12.002Z,W4131357,8767,46.92385,7.72275,33954.4,-39.6,11.3,203.1,-38.9,0.1,-1.0,RS41-SG,403.500,8.5,250,9,2.6,,
2026-08-30T01:00:13.002Z,W4131357,8768,46.92377,7.72269,33915.0,-38.9,10.0,201.2,-39.2,0.1,-1.0,RS41-SG,403.500,8.5,250,9,2.5,,
2026-08-30T01:00:14.002Z,W4131357,8769,46.92369,7.72265,33876.9,-37.7,9.1,200.1,-39.5,0.1,-1.0,RS41-SG,403.500,8.5,250,9,2.5,,
2026-08-30T01:00:15.002Z,W4131357,8770,46.92363,7.72261,33838.0,-39.7,6.9,203.7,-39.8,0.2,-1.0,RS41-SG,403.500,8.7,250,9,2.5,,
2026-08-30T01:00:16.002Z,W4131357,8771,46.92358,7.72257,33799.4,-38.4,5.6,219.5,-40.1,0.1,-1.0,RS41-SG,403.500,8.7,250,8,2.6,,
2026-08-30T01:00:17.002Z,W4131357,8772,46.92356,7.72252,33761.1,-38.4,4.4,239.3,-40.3,0.1,-1.0,RS41-SG,403.500,8.7,250,7,2.6,08:28:57,
2026-08-30T01:00:18.002Z,W4131357,8773,46.92354,7.72246,33724.9,-35.3,5.7,266.6,-40.5,0.1,-1.0,RS41-SG,403.500,8.7,250,7,2.5,08:28:57,
2026-08-30T01:00:19.002Z,W4131357,8774,46.92355,7.72238,33688.5,-37.1,7.0,276.5,-40.6,0.1,-1.0,RS41-SG,403.500,9.0,250,8,2.5,08:28:57,
2026-08-30T01:00:20.002Z,W4131357,8775,46.92355,7.72227,33651.6,-37.6,8.7,271.4,-40.6,0.1,-1.0,RS41-SG,403.500,9.0,250,8,2.5,08:28:57,
2026-08-30T01:00:21.002Z,W4131357,8776,46.92355,7.72215,33613.6,-38.2,10.4,269.9,-40.5,0.1,-1.0,RS41-SG,403.500,8.5,250,8,2.6,08:28:57,
2026-08-30T01:00:22.002Z,W4131357,8777,46.92355,7.72201,33575.8,-37.5,10.8,265.9,-40.4,0.1,-1.0,RS41-SG,403.500,8.5,250,9,2.6,08:28:57,
2026-08-30T01:00:24.002Z,W4131357,8779,46.92350,7.72176,33503.9,-37.2,9.4,244.1,-40.4,0.1,-1.0,RS41-SG,403.500,7.7,250,7,2.5,08:28:57,
2026-08-30T01:00:25.002Z,W4131357,8780,46.92346,7.72166,33466.3,-38.1,7.7,231.6,-40.2,0.1,-1.0,RS41-SG,403.500,7.7,250,8,2.5,08:28:57,
2026-08-30T01:00:27.002Z,W4131357,8782,46.92338,7.72157,33388.1,-40.0,4.9,193.7,-40.2,0.1,-1.0,RS41-SG,403.500,8.3,250,9,2.6,08:28:57,
2026-08-30T01:00:28.002Z,W4131357,8783,46.92334,7.72157,33348.4,-39.6,4.4,175.3,-40.3,0.1,-1.0,RS41-SG,403.500,9.4,250,8,2.6,08:28:57,
2026-08-30T01:00:29.002Z,W4131357,8784,46.92331,7.72157,33309.3,-39.0,3.9,180.7,-40.4,0.1,-1.0,RS41-SG,403.500,9.4,250,8,2.5,08:28:57,
2026-08-30T01:00:30.002Z,W4131357,8785,46.92327,7.72157,33270.3,-39.2,2.7,174.6,-40.5,0.1,-1.0,RS41-SG,403.500,9.1,250,8,2.5,08:28:57,
2026-08-30T01:00:31.002Z,W4131357,8786,46.92324,7.72156,33231.5,-39.2,4.2,205.6,-40.6,0.2,-1.0,RS41-SG,403.500,9.0,250,8,2.5,08:28:57,
2026-08-30T01:00:32.002Z,W4131357,8787,46.92321,7.72152,33192.3,-39.3,4.3,227.6,-40.6,0.2,-1.0,RS41-SG,403.500,8.8,250,9,2.6,08:28:57,
2026-08-30T01:00:33.002Z,W4131357,8788,46.92318,7.72147,33153.7,-38.4,6.2,226.9,-40.6,0.2,-1.0,RS41-SG,403.500,8.8,250,8,2.6,08:28:57,
2026-08-30T01:00:34.002Z,W4131357,8789,46.92314,7.72141,33115.6,-37.5,7.1,229.8,-40.6,0.1,-1.0,RS41-SG,403.500,8.4,250,9,2.6,08:28:57,
2026-08-30T01:00:35.002Z,W4131357,8790,46.92309,7.72134,33078.1,-37.9,7.6,218.9,-40.7,0.1,-1.0,RS41-SG,403.500,8.4,250,8,2.5,08:28:57,
2026-08-30T01:00:36.002Z,W4131357,8791,46.92303,7.72128,33041.0,-36.6,8.1,216.0,-40.8,0.1,-1.0,RS41-SG,403.500,8.2,250,9,2.5,08:28:57,
2026-08-30T01:00:37.002Z,W4131357,8792,46.92297,7.72122,33005.0,-35.2,8.3,204.3,-41.0,0.2,-1.0,RS41-SG,403.500,8.2,250,8,2.5,08:28:57,
2026-08-30T01:00:38.002Z,W4131357,8793,46.92291,7.72119,32970.0,-34.6,7.4,199.5,-41.2,0.2,-1.0,RS41-SG,403.500,8.6,250,9,2.6,08:28:57,
2026-08-30T01:00:39.002Z,W4131357,8794,46.92286,7.72116,32936.3,-33.5,5.5,203.4,-41.2,0.2,-1.0,RS41-SG,403.500,8.9,250,7,2.6,08:28:57,
2026-08-30T01:00:40.002Z,W4131357,8795,46.92282,7.72114,32901.6,-35.9,3.8,199.6,-41.1,0.2,-1.0,RS41-SG,403.500,8.9,250,8,2.5,08:28:57,
2026-08-30T01:00:41.002Z,W4131357,8796,46.92279,7.72112,32865.4,-37.2,3.0,197.6,-41.0,0.2,-1.0,RS41-SG,403.500,9.1,250,7,2.5,08:28:57,
2026-08-30T01:00:42.002Z,W4131357,8797,46.92277,7.72111,32829.2,-36.2,1.6,189.5,-41.0,0.2,-1.0,RS41-SG,403.500,9.1,250,7,2.6,08:28:57,
2026-08-30T01:00:43.002Z,W4131357,8798,46.92275,7.72111,32793.6,-35.6,1.3,175.4,-41.2,0.1,-1.0,RS41-SG,403.500,9.0,250,8,2.6,08:28:57,
2026-08-30T01:00:44.002Z,W4131357,8799,46.92274,7.72111,32758.3,-35.9,1.1,214.6,-41.5,0.2,-1.0,RS41-SG,403.500,9.3,250,7,2.5,08:28:57,
2026-08-30T01:00:45.002Z,W4131357,8800,46.92273,7.72110,32722.2,-36.5,1.5,194.4,-41.9,0.2,-1.0,RS41-SG,403.500,9.3,250,9,2.5,08:28:57,
2026-08-30T01:00:46.002Z,W4131357,8801,46.92271,7.72109,32686.2,-35.4,2.4,203.1,-42.2,0.2,-1.0,RS41-SG,403.500,8.9,250,9,2.5,08:28:57,
2026-08-30T01:00:47.002Z,W4131357,8802,46.92269,7.72107,32652.1,-33.3,4.0,227.2,-42.3,0.2,-1.0,RS41-SG,403.500,8.9,250,9,2.6,08:28:57,
2026-08-30T01:00:53.002Z,W4131357,8808,46.92295,7.72079,32462.2,-34.5,11.0,2.4,-42.7,0.2,-1.0,RS41-SG,403.500,7.3,250,9,2.6,08:28:57,
2026-08-30T01:00:54.002Z,W4131357,8809,46.92305,7.72080,32427.1,-36.3,11.1,9.0,-42.8,0.2,-1.0,RS41-SG,403.500,7.6,250,8,2.6,08:28:57,
2026-08-30T01:00:56.002Z,W4131357,8811,46.92324,7.72085,32358.1,-34.2,9.5,9.2,-43.3,0.2,-1.0,RS41-SG,403.500,7.5,250,8,2.5,08:28:57,
2026-08-30T01:00:58.002Z,W4131357,8813,46.92335,7.72088,32287.7,-36.9,2.8,354.0,-43.2,0.2,-1.0,RS41-SG,403.500,7.8,250,8,2.6,08:28:57,
2026-08-30T01:01:00.002Z,W4131357,8815,46.92335,7.72085,32213.0,-37.0,3.5,212.0,-43.1,0.2,-1.0,RS41-SG,403.500,8.0,250,9,2.6,08:28:57,
2026-08-30T01:01:01.002Z,W4131357,8816,46.92331,7.72082,32176.9,-35.5,6.9,210.0,-43.2,0.2,-1.0,RS41-SG,403.500,8.0,250,9,2.5,08:28:57,
2026-08-30T01:01:02.002Z,W4131357,8817,46.92325,7.72077,32142.0,-34.5,7.9,208.8,-43.3,0.2,-1.0,RS41-SG,403.500,7.9,250,9,2.5,08:28:57,
2026-08-30T01:01:03.002Z,W4131357,8818,46.92318,7.72072,32108.1,-33.6,9.7,208.2,-43.4,0.2,-1.0,RS41-SG,403.500,7.7,250,9,2.5,08:28:57,
2026-08-30T01:01:09.002Z,W4131357,8824,46.92284,7.72043,31914.0,-32.7,5.0,186.4,-43.3,0.2,-1.0,RS41-SG,403.500,7.2,250,9,2.6,08:28:57,
2026-08-30T01:01:10.002Z,W4131357,8825,46.92280,7.72044,31880.7,-34.5,4.3,159.1,-43.3,0.2,-1.0,RS41-SG,403.500,7.4,250,8,2.6,08:28:57,
2026-08-30T01:01:13.002Z,W4131357,8828,46.92265,7.72065,31777.8,-34.7,10.6,134.5,-43.2,0.2,-1.0,RS41-SG,403.500,8.1,250,7,2.5,08:28:57,
2026-08-30T01:01:17.002Z,W4131357,8832,46.92234,7.72110,31642.5,-32.1,11.2,136.3,-42.9,0.2,-1.0,RS41-SG,403.500,7.3,250,8,2.5,08:28:57,
2026-08-30T01:01:18.002Z,W4131357,8833,46.92227,7.72120,31610.3,-32.2,10.4,128.5,-43.0,0.2,-1.0,RS41-SG,403.500,7.2,250,8,2.5,08:28:57,
2026-08-30T01:01:19.002Z,W4131357,8834,46.92222,7.72131,31577.9,-33.0,9.8,122.4,-43.1,0.2,-1.0,RS41-SG,403.500,7.9,250,9,2.6,08:28:57,
2026-08-30T01:01:27.002Z,W4131357,8842,46.92225,7.72239,31336.8,-29.1,14.9,86.2,-44.2,0.2,-1.0,RS41-SG,403.500,7.9,250,9,2.5,08:28:57,
2026-08-30T01:01:28.002Z,W4131357,8843,46.92224,7.72258,31307.6,-29.5,15.0,93.7,-44.2,0.2,-1.0,RS41-SG,403.500,7.8,250,9,2.5,08:28:57,
2026-08-30T01:01:29.002Z,W4131357,8844,46.92223,7.72277,31277.3,-30.9,14.5,100.8,-44.1,0.2,-1.0,RS41-SG,403.500,7.7,250,9,2.5,08:28:57,
