timestamp,serial,frame,lat,lon,alt,vel_v,vel_h,heading,temp,humidity,pressure,type,freq_mhz,snr,f_error_hz,sats,batt_v,burst_timer,aux_data
2026-08-14T10:58:52.999Z,V3221124,4946,44.49817,7.75358,15423.8,3.7,3.9,127.8,-273.0,-1.0,-1.0,RS41,403.700,6.1,625,10,2.7,,
2026-08-14T11:01:06.999Z,V3221124,5080,44.49611,7.75917,16001.0,4.4,4.7,134.1,-273.0,-1.0,-1.0,RS41,403.700,7.0,250,9,2.6,,
2026-08-14T11:01:37.999Z,V3221124,5111,44.49537,7.76083,16127.4,4.5,4.2,118.6,-273.0,-1.0,-1.0,RS41,403.700,7.2,625,9,2.7,,
2026-08-14T11:01:38.999Z,V3221124,5112,44.49535,7.76087,16131.6,3.8,4.0,126.8,-273.0,-1.0,-1.0,RS41,403.700,7.2,250,9,2.7,,
2026-08-14T11:01:45.999Z,V3221124,5119,44.49517,7.76121,16162.4,4.4,5.8,125.1,-273.0,-1.0,-1.0,RS41,403.700,6.9,250,9,2.7,,
2026-08-14T11:01:53.999Z,V3221124,5127,44.49493,7.76162,16196.6,4.9,4.7,131.4,-273.0,-1.0,-1.0,RS41,403.700,7.4,250,9,2.6,,
2026-08-14T11:01:54.999Z,V3221124,5128,44.49490,7.76166,16200.9,3.8,5.2,136.5,-273.0,-1.0,-1.0,RS41,403.700,7.4,250,9,2.6,,
2026-08-14T11:01:55.999Z,V3221124,5129,44.49487,7.76171,16204.9,4.2,5.2,135.6,-273.0,-1.0,-1.0,RS41,403.700,7.0,250,9,2.6,,
2026-08-14T11:02:10.999Z,V3221124,5144,44.49436,7.76268,16270.8,5.2,6.3,131.9,-273.0,-1.0,-1.0,RS41,403.700,6.4,250,10,2.6,,
2026-08-14T11:02:26.999Z,V3221124,5160,44.49372,7.76363,16342.1,5.2,6.3,134.4,-273.0,-1.0,-1.0,RS41,403.700,7.1,250,10,2.6,,
2026-08-14T11:02:49.999Z,V3221124,5183,44.49258,7.76522,16447.3,5.0,9.1,137.7,-273.0,-1.0,-1.0,RS41,403.700,6.7,250,10,2.7,,
2026-08-14T11:05:02.999Z,V3221124,5316,44.49217,7.77450,17039.5,5.1,9.3,94.3,-273.0,-1.0,-1.0,RS41,403.700,6.8,250,10,2.7,,
2026-08-14T11:06:08.999Z,V3221124,5382,44.48868,7.77967,17330.9,3.4,8.1,136.4,-273.0,-1.0,-1.0,RS41,403.700,6.2,250,10,2.6,,
2026-08-14T11:10:52.999Z,V3221124,5666,44.48240,7.78100,18600.2,5.1,4.0,159.9,-273.0,-1.0,-1.0,RS41,403.700,6.6,250,11,2.7,,
2026-08-14T11:24:18.000Z,V3221124,6471,44.46409,7.73027,22366.9,4.2,9.1,257.7,-273.0,-1.0,-1.0,RS41,403.700,6.2,250,9,2.6,,
2026-08-14T11:28:46.000Z,V3221124,6739,44.46265,7.70611,23691.1,5.7,6.9,281.9,-273.0,-1.0,-1.0,RS41,403.700,6.5,250,10,2.6,,
2026-08-14T11:28:56.000Z,V3221124,6749,44.46271,7.70498,23741.9,4.5,10.1,268.8,-273.0,-1.0,-1.0,RS41,403.700,6.5,250,10,2.6,,
2026-08-14T11:30:14.000Z,V3221124,6827,44.46387,7.69466,24162.8,5.2,8.4,297.1,-273.0,-1.0,-1.0,RS41,403.700,6.7,250,10,2.7,,
2026-08-14T11:30:54.000Z,V3221124,6867,44.46489,7.69004,24384.7,6.0,8.7,264.2,-273.0,-1.0,-1.0,RS41,403.700,6.7,250,10,2.6,,
2026-08-14T11:35:24.000Z,V3221124,7137,44.46731,7.65642,25787.7,5.9,9.7,291.4,-273.0,-1.0,-1.0,RS41,403.700,6.9,250,10,2.6,,
2026-08-14T11:35:25.000Z,V3221124,7138,44.46734,7.65630,25793.7,5.9,10.5,286.4,-273.0,-1.0,-1.0,RS41,403.700,7.1,250,10,2.6,,
2026-08-14T11:35:26.000Z,V3221124,7139,44.46736,7.65617,25799.0,4.9,11.3,283.6,-273.0,-1.0,-1.0,RS41,403.700,7.1,250,10,2.7,,
2026-08-14T11:35:27.000Z,V3221124,7140,44.46739,7.65603,25804.0,5.3,12.2,284.1,-273.0,-1.0,-1.0,RS41,403.700,7.4,250,10,2.7,,
2026-08-14T11:35:28.000Z,V3221124,7141,44.46742,7.65588,25809.7,6.1,12.8,288.2,-273.0,-1.0,-1.0,RS41,403.700,7.4,250,10,2.7,,
2026-08-14T11:35:29.000Z,V3221124,7142,44.46746,7.65572,25815.5,5.6,13.1,293.7,-273.0,-1.0,-1.0,RS41,403.700,7.6,250,10,2.6,,
2026-08-14T11:35:40.000Z,V3221124,7153,44.46793,7.65450,25874.8,6.2,9.1,310.9,-273.0,-1.0,-1.0,RS41,403.700,6.8,250,10,2.6,,
2026-08-14T11:35:44.000Z,V3221124,7157,44.46814,7.65415,25896.9,6.0,10.0,313.1,-273.0,-1.0,-1.0,RS41,403.700,7.0,250,10,2.6,,
2026-08-14T11:35:45.000Z,V3221124,7158,44.46820,7.65406,25902.5,5.0,10.6,314.4,-273.0,-1.0,-1.0,RS41,403.700,8.8,250,10,2.6,,
2026-08-14T11:35:46.000Z,V3221124,7159,44.46827,7.65397,25907.7,5.3,10.5,314.9,-273.0,-1.0,-1.0,RS41,403.700,8.8,250,10,2.6,,
2026-08-14T11:36:00.000Z,V3221124,7173,44.46896,7.65281,25983.2,5.3,8.1,312.2,-273.0,-1.0,-1.0,RS41,403.700,6.6,250,10,2.6,,
2026-08-14T11:36:01.000Z,V3221124,7174,44.46901,7.65273,25988.3,4.5,8.8,315.0,-273.0,-1.0,-1.0,RS41,403.700,6.7,250,10,2.6,,
2026-08-14T11:36:02.000Z,V3221124,7175,44.46907,7.65265,25993.4,5.8,9.2,313.3,-273.0,-1.0,-1.0,RS41-SG,403.700,8.7,250,10,2.7,,
2026-08-14T11:36:03.000Z,V3221124,7176,44.46912,7.65256,25999.2,6.4,9.4,308.6,-273.0,-1.0,-1.0,RS41-SG,403.700,8.7,250,10,2.7,,
2026-08-14T11:36:08.000Z,V3221124,7181,44.46939,7.65203,26027.2,5.2,10.9,309.1,-273.0,-1.0,-1.0,RS41-SG,403.700,6.8,250,10,2.7,,
2026-08-14T11:36:10.000Z,V3221124,7183,44.46950,7.65183,26038.8,6.6,9.0,306.7,-273.0,-1.0,-1.0,RS41-SG,403.700,7.7,250,10,2.7,,
2026-08-14T11:36:16.000Z,V3221124,7189,44.46973,7.65141,26071.6,5.2,6.5,318.7,-273.0,-1.0,-1.0,RS41-SG,403.700,7.0,250,11,2.7,,
2026-08-14T11:36:18.000Z,V3221124,7191,44.46981,7.65130,26083.5,6.2,5.8,300.9,-273.0,-1.0,-1.0,RS41-SG,403.700,7.5,250,11,2.6,,
2026-08-14T11:36:19.000Z,V3221124,7192,44.46983,7.65123,26088.8,4.5,6.3,291.4,-273.0,-1.0,-1.0,RS41-SG,403.700,7.5,250,11,2.7,,
2026-08-14T11:36:20.000Z,V3221124,7193,44.46985,7.65115,26093.4,4.8,7.5,285.4,-273.0,-1.0,-1.0,RS41-SG,403.700,7.3,250,11,2.7,,
2026-08-14T11:36:22.000Z,V3221124,7195,44.46990,7.65093,26104.5,5.2,10.2,289.0,-273.0,-1.0,-1.0,RS41-SG,403.700,7.0,250,11,2.6,,
2026-08-14T11:36:23.000Z,V3221124,7196,44.46993,7.65081,26109.7,4.9,10.9,290.2,-273.0,-1.0,-1.0,RS41-SG,403.700,7.0,250,11,2.6,,
2026-08-14T11:36:26.000Z,V3221124,7199,44.47001,7.65044,26127.2,4.8,8.9,283.7,-273.0,-1.0,-1.0,RS41-SG,403.700,7.2,250,11,2.7,,
2026-08-14T11:36:30.000Z,V3221124,7203,44.47009,7.65011,26149.7,5.7,5.7,299.5,-273.0,-1.0,-1.0,RS41-SG,403.700,6.4,250,11,2.6,,
2026-08-14T11:36:31.000Z,V3221124,7204,44.47011,7.65006,26155.6,6.6,4.9,298.0,-273.0,-1.0,-1.0,RS41-SG,403.700,6.9,250,11,2.7,,
2026-08-14T11:36:33.000Z,V3221124,7206,44.47014,7.64995,26167.5,4.8,4.6,278.0,-273.0,-1.0,-1.0,RS41-SG,403.700,7.2,250,11,2.7,,
2026-08-14T11:36:34.000Z,V3221124,7207,44.47014,7.64988,26172.4,4.8,5.4,272.3,-273.0,-1.0,-1.0,RS41-SG,403.700,7.3,250,11,2.6,,
2026-08-14T11:36:41.000Z,V3221124,7214,44.47017,7.64912,26211.4,5.0,8.0,261.8,-273.0,-1.0,-1.0,RS41-SG,403.700,8.0,250,11,2.7,,
2026-08-14T11:36:42.000Z,V3221124,7215,44.47016,7.64903,26216.5,5.3,6.6,262.3,-273.0,-1.0,-1.0,RS41-SG,403.700,8.0,250,11,2.7,,
2026-08-14T11:36:43.000Z,V3221124,7216,44.47016,7.64895,26222.1,5.6,5.5,270.9,-273.0,-1.0,-1.0,RS41-SG,403.700,7.0,250,11,2.6,,
2026-08-14T11:36:44.000Z,V3221124,7217,44.47016,7.64889,26228.1,6.2,5.3,286.3,-273.0,-1.0,-1.0,RS41-SG,403.700,7.7,250,11,2.6,,
2026-08-14T11:36:45.000Z,V3221124,7218,44.47018,7.64883,26233.8,5.0,5.4,298.6,-273.0,-1.0,-1.0,RS41-SG,403.700,7.7,250,11,2.6,,
2026-08-14T11:36:48.000Z,V3221124,7221,44.47025,7.64865,26248.7,5.8,5.1,283.5,-273.0,-1.0,-1.0,RS41-SG,403.700,6.7,250,11,2.7,,
2026-08-14T11:36:49.000Z,V3221124,7222,44.47025,7.64858,26254.7,6.1,5.4,265.8,-273.0,-1.0,-1.0,RS41-SG,403.700,6.7,250,11,2.6,,
2026-08-14T11:36:50.000Z,V3221124,7223,44.47024,7.64851,26260.3,4.9,6.3,255.0,-273.0,-1.0,-1.0,RS41-SG,403.700,7.0,250,11,2.6,,
2026-08-14T11:36:52.000Z,V3221124,7225,44.47020,7.64833,26270.0,5.7,9.1,256.5,-273.0,-1.0,-1.0,RS41-SG,403.700,7.6,250,11,2.7,,
2026-08-14T11:36:59.000Z,V3221124,7232,44.47027,7.64756,26308.9,6.0,6.0,293.1,-273.0,-1.0,-1.0,RS41-SG,403.700,7.6,250,11,2.7,,
2026-08-14T11:37:00.000Z,V3221124,7233,44.47029,7.64749,26315.2,6.4,6.1,294.8,-273.0,-1.0,-1.0,RS41-SG,403.700,7.6,250,11,2.6,,
2026-08-14T11:37:01.000Z,V3221124,7234,44.47031,7.64742,26320.9,5.0,6.3,293.2,-273.0,-1.0,-1.0,RS41-SG,403.700,7.7,250,11,2.6,,
2026-08-14T11:37:02.000Z,V3221124,7235,44.47033,7.64734,26325.9,5.0,6.5,286.8,-273.0,-1.0,-1.0,RS41-SG,403.700,7.7,250,11,2.6,,
2026-08-14T11:37:03.000Z,V3221124,7236,44.47034,7.64726,26331.3,6.1,6.3,276.1,-273.0,-1.0,-1.0,RS41-SG,403.700,7.8,250,11,2.7,,
2026-08-14T11:37:04.000Z,V3221124,7237,44.47035,7.64718,26337.5,6.5,6.6,265.1,-273.0,-1.0,-1.0,RS41-SG,403.700,7.8,250,11,2.7,,
2026-08-14T11:37:07.000Z,V3221124,7240,44.47032,7.64690,26354.7,6.3,9.0,268.2,-273.0,-1.0,-1.0,RS41-SG,403.700,7.8,625,11,2.6,,
2026-08-14T11:37:08.000Z,V3221124,7241,44.47032,7.64678,26360.8,5.9,10.4,275.2,-273.0,-1.0,-1.0,RS41-SG,403.700,7.8,250,11,2.6,,
2026-08-14T11:37:13.000Z,V3221124,7246,44.47042,7.64610,26388.2,5.1,9.5,283.5,-273.0,-1.0,-1.0,RS41-SG,403.700,7.0,250,11,2.6,,
2026-08-14T11:38:45.000Z,V3221124,7338,44.47225,7.63446,26891.9,6.4,6.9,312.5,-273.0,-1.0,-1.0,RS41-SG,403.700,7.0,250,11,2.7,,
2026-08-14T11:38:53.000Z,V3221124,7346,44.47253,7.63369,26935.1,5.0,10.9,291.1,-273.0,-1.0,-1.0,RS41-SG,403.700,6.8,250,11,2.7,,
2026-08-14T11:39:00.000Z,V3221124,7353,44.47278,7.63319,26971.0,5.9,4.8,329.5,-273.0,-1.0,-1.0,RS41-SG,403.700,6.6,250,11,2.6,,
2026-08-14T11:39:29.000Z,V3221124,7382,44.47334,7.63038,27124.9,4.4,6.6,287.6,-273.0,-1.0,-1.0,RS41-SG,403.700,7.3,625,11,2.6,,
2026-08-14T11:39:30.000Z,V3221124,7383,44.47336,7.63030,27130.1,5.6,6.8,286.7,-273.0,-1.0,-1.0,RS41-SG,403.700,7.7,625,11,2.6,,
2026-08-14T11:39:31.000Z,V3221124,7384,44.47338,7.63022,27135.8,5.9,7.3,288.0,-273.0,-1.0,-1.0,RS41-SG,403.700,7.7,625,11,2.6,,
2026-08-14T11:39:35.000Z,V3221124,7388,44.47342,7.62979,27158.5,5.2,10.0,265.9,-273.0,-1.0,-1.0,RS41-SG,403.700,6.0,625,11,2.6,,
2026-08-14T11:39:41.000Z,V3221124,7394,44.47345,7.62902,27188.4,5.2,9.7,286.1,-273.0,-1.0,-1.0,RS41-SG,403.700,7.0,250,11,2.6,,
2026-08-14T11:39:43.000Z,V3221124,7396,44.47349,7.62880,27199.6,4.6,8.5,280.5,-273.0,-1.0,-1.0,RS41-SG,403.700,7.1,625,11,2.7,,
2026-08-14T11:40:01.000Z,V3221124,7414,44.47371,7.62694,27295.7,4.7,7.9,284.8,-273.0,-1.0,-1.0,RS41-SG,403.700,6.8,250,11,2.6,,
2026-08-14T11:40:02.000Z,V3221124,7415,44.47373,7.62685,27300.3,4.7,8.2,285.0,-273.0,-1.0,-1.0,RS41-SG,403.700,7.1,625,11,2.7,,
2026-08-14T11:40:03.000Z,V3221124,7416,44.47375,7.62675,27305.6,6.0,8.4,278.3,-273.0,-1.0,-1.0,RS41-SG,403.700,7.1,250,11,2.7,,
2026-08-14T11:40:04.000Z,V3221124,7417,44.47375,7.62664,27311.5,5.6,8.6,270.5,-273.0,-1.0,-1.0,RS41-SG,403.700,7.1,250,11,2.7,,
2026-08-14T11:40:10.000Z,V3221124,7423,44.47379,7.62607,27342.4,4.7,6.4,291.4,-273.0,-1.0,-1.0,RS41-SG,403.700,7.2,250,10,2.7,,
2026-08-14T11:40:16.000Z,V3221124,7429,44.47381,7.62556,27374.4,5.4,7.5,272.1,-273.0,-1.0,-1.0,RS41-SG,403.700,7.1,250,11,2.6,,
2026-08-14T11:40:21.000Z,V3221124,7434,44.47382,7.62506,27401.4,4.8,8.4,266.9,-273.0,-1.0,-1.0,RS41-SG,403.700,6.9,250,11,2.7,,
2026-08-14T11:40:29.000Z,V3221124,7442,44.47388,7.62429,27442.4,4.1,9.1,261.7,-273.0,-1.0,-1.0,RS41-SG,403.700,7.4,625,11,2.6,,
2026-08-14T11:40:37.000Z,V3221124,7450,44.47385,7.62339,27482.8,3.9,7.7,260.4,-273.0,-1.0,-1.0,RS41-SG,403.700,7.4,250,11,2.6,,
2026-08-14T11:40:42.000Z,V3221124,7455,44.47386,7.62288,27508.1,5.5,8.9,275.2,-273.0,-1.0,-1.0,RS41-SG,403.700,6.6,625,11,2.6,,
2026-08-14T11:40:43.000Z,V3221124,7456,44.47386,7.62277,27513.9,5.8,9.0,268.4,-273.0,-1.0,-1.0,RS41-SG,403.700,7.1,625,11,2.6,,
2026-08-14T11:40:44.000Z,V3221124,7457,44.47385,7.62265,27518.8,4.1,9.1,262.9,-273.0,-1.0,-1.0,RS41-SG,403.700,7.1,625,11,2.6,,
2026-08-14T11:40:45.000Z,V3221124,7458,44.47384,7.62254,27523.4,5.4,9.5,260.5,-273.0,-1.0,-1.0,RS41-SG,403.700,7.9,625,11,2.7,,
2026-08-14T11:40:46.000Z,V3221124,7459,44.47383,7.62242,27529.3,6.5,9.9,264.7,-273.0,-1.0,-1.0,RS41-SG,403.700,8.3,625,11,2.7,,
2026-08-14T11:40:47.000Z,V3221124,7460,44.47382,7.62229,27535.1,5.0,10.3,267.6,-273.0,-1.0,-1.0,RS41-SG,403.700,8.6,625,11,2.7,,
2026-08-14T11:40:48.000Z,V3221124,7461,44.47382,7.62216,27539.6,4.0,10.9,270.6,-273.0,-1.0,-1.0,RS41-SG,403.700,8.6,250,11,2.6,,
2026-08-14T11:40:50.000Z,V3221124,7463,44.47382,7.62187,27549.6,6.1,12.1,267.6,-273.0,-1.0,-1.0,RS41-SG,403.700,7.0,625,11,2.6,,
2026-08-14T11:40:55.000Z,V3221124,7468,44.47383,7.62111,27578.0,4.5,11.6,284.0,-273.0,-1.0,-1.0,RS41-SG,403.700,6.6,250,11,2.6,,
2026-08-14T11:40:57.000Z,V3221124,7470,44.47389,7.62084,27586.5,5.2,11.5,290.1,-273.0,-1.0,-1.0,RS41-SG,403.700,6.7,625,10,2.7,,
2026-08-14T11:41:00.000Z,V3221124,7473,44.47397,7.62042,27602.9,5.2,11.9,278.0,-273.0,-1.0,-1.0,RS41-SG,403.700,6.7,625,11,2.6,,
2026-08-14T11:41:01.000Z,V3221124,7474,44.47398,7.62027,27608.6,6.0,12.5,277.4,-273.0,-1.0,-1.0,RS41-SG,403.700,6.8,625,11,2.6,,
2026-08-14T11:41:02.000Z,V3221124,7475,44.47400,7.62011,27614.0,4.9,12.9,278.0,-273.0,-1.0,-1.0,RS41-SG,403.700,7.6,625,11,2.7,,
2026-08-14T11:41:06.000Z,V3221124,7479,44.47404,7.61947,27634.6,4.6,12.2,273.4,-273.0,-1.0,-1.0,RS41-SG,403.700,6.5,625,11,2.6,,
2026-08-14T11:41:07.000Z,V3221124,7480,44.47405,7.61933,27639.7,5.3,11.4,276.2,-273.0,-1.0,-1.0,RS41-SG,403.700,6.6,625,11,2.7,,
2026-08-14T11:41:10.000Z,V3221124,7483,44.47414,7.61895,27655.7,3.8,10.4,300.4,-273.0,-1.0,-1.0,RS41-SG,403.700,7.0,250,11,2.6,,
2026-08-14T11:41:15.000Z,V3221124,7488,44.47433,7.61841,27680.0,4.7,9.6,282.2,-273.0,-1.0,-1.0,RS41-SG,403.700,7.1,250,11,2.6,,
2026-08-14T11:41:16.000Z,V3221124,7489,44.47435,7.61829,27685.1,5.4,9.9,283.2,-273.0,-1.0,-1.0,RS41-SG,403.700,7.1,625,11,2.6,,
2026-08-14T11:41:17.000Z,V3221124,7490,44.47437,7.61817,27690.5,5.4,10.2,286.1,-273.0,-1.0,-1.0,RS41-SG,403.700,6.9,625,11,2.7,,
2026-08-14T11:41:24.999Z,V3221124,7498,44.47459,7.61725,27730.3,5.5,9.5,301.3,-273.0,-1.0,-1.0,RS41-SG,403.700,6.4,625,11,2.6,,
2026-08-14T11:41:25.999Z,V3221124,7499,44.47464,7.61715,27735.9,5.3,9.9,307.6,-273.0,-1.0,-1.0,RS41-SG,403.700,7.7,250,10,2.7,,
2026-08-14T11:41:30.999Z,V3221124,7504,44.47485,7.61667,27760.5,4.4,8.0,280.6,-273.0,-1.0,-1.0,RS41-SG,403.700,6.7,625,11,2.6,,
2026-08-14T11:41:39.999Z,V3221124,7513,44.47511,7.61567,27805.1,5.2,9.0,299.4,-273.0,-1.0,-1.0,RS41-SG,403.700,6.7,625,11,2.6,,
2026-08-14T11:41:48.999Z,V3221124,7522,44.47545,7.61458,27852.1,6.5,10.5,292.4,-273.0,-1.0,-1.0,RS41-SG,403.700,7.0,625,11,2.7,,
2026-08-14T11:41:52.999Z,V3221124,7526,44.47568,7.61412,27873.0,6.0,11.2,311.4,-273.0,-1.0,-1.0,RS41-SG,403.700,7.3,625,10,2.6,,
2026-08-14T11:41:53.999Z,V3221124,7527,44.47574,7.61401,27878.3,4.4,10.6,310.0,-273.0,-1.0,-1.0,RS41-SG,403.700,7.7,625,11,2.6,,
2026-08-14T11:41:54.999Z,V3221124,7528,44.47580,7.61391,27882.9,4.8,10.3,308.4,-273.0,-1.0,-1.0,RS41-SG,403.700,7.7,625,11,2.6,,
2026-08-14T11:41:55.999Z,V3221124,7529,44.47586,7.61381,27888.2,5.9,10.8,307.3,-273.0,-1.0,-1.0,RS41-SG,403.700,7.2,625,11,2.7,,
2026-08-14T11:41:56.999Z,V3221124,7530,44.47592,7.61370,27893.8,5.5,11.4,307.3,-273.0,-1.0,-1.0,RS41-SG,403.700,7.2,625,10,2.7,,
2026-08-14T11:42:00.999Z,V3221124,7534,44.47616,7.61324,27913.8,5.8,10.5,304.4,-273.0,-1.0,-1.0,RS41-SG,403.700,8.3,625,11,2.6,,
2026-08-14T11:42:06.999Z,V3221124,7540,44.47655,7.61255,27945.4,5.6,13.4,312.2,-273.0,-1.0,-1.0,RS41-SG,403.700,7.0,625,11,2.6,,
2026-08-14T11:42:08.999Z,V3221124,7542,44.47670,7.61232,27957.0,4.8,11.3,310.7,-273.0,-1.0,-1.0,RS41-SG,403.700,7.3,250,11,2.7,,
2026-08-14T11:42:11.999Z,V3221124,7545,44.47688,7.61203,27972.0,6.0,9.9,314.8,-273.0,-1.0,-1.0,RS41-SG,403.700,7.0,625,11,2.6,,
2026-08-14T11:42:13.999Z,V3221124,7547,44.47701,7.61186,27982.0,4.8,10.2,315.3,-273.0,-1.0,-1.0,RS41-SG,403.700,7.0,625,11,2.6,,
2026-08-14T11:42:14.999Z,V3221124,7548,44.47708,7.61177,27987.1,5.5,9.7,313.9,-273.0,-1.0,-1.0,RS41-SG,403.700,7.4,625,11,2.7,,
2026-08-14T11:42:15.999Z,V3221124,7549,44.47713,7.61168,27993.0,6.2,9.0,309.2,-273.0,-1.0,-1.0,RS41-SG,403.700,7.4,250,11,2.7,,
2026-08-14T11:42:18.999Z,V3221124,7552,44.47727,7.61141,28008.6,5.0,9.6,304.8,-273.0,-1.0,-1.0,RS41-SG,403.700,8.3,250,11,2.6,,
2026-08-14T11:42:19.999Z,V3221124,7553,44.47732,7.61131,28013.7,5.2,11.0,307.4,-273.0,-1.0,-1.0,RS41-SG,403.700,8.3,625,11,2.6,,
2026-08-14T11:42:21.999Z,V3221124,7555,44.47747,7.61107,28024.4,4.9,13.5,314.4,-273.0,-1.0,-1.0,RS41-SG,403.700,7.0,625,11,2.7,,
2026-08-14T11:42:26.999Z,V3221124,7560,44.47782,7.61063,28049.7,5.0,5.7,316.1,-273.0,-1.0,-1.0,RS41-SG,403.700,7.9,250,11,2.6,,
2026-08-14T11:42:28.999Z,V3221124,7562,44.47788,7.61055,28059.4,5.3,4.6,314.6,-273.0,-1.0,-1.0,RS41-SG,403.700,7.1,250,11,2.7,,
2026-08-14T11:42:29.999Z,V3221124,7563,44.47791,7.61050,28065.2,6.2,5.9,316.9,-273.0,-1.0,-1.0,RS41-SG,403.700,6.9,250,11,2.7,,
2026-08-14T11:42:30.999Z,V3221124,7564,44.47796,7.61044,28071.6,6.4,8.5,318.4,-273.0,-1.0,-1.0,RS41-SG,403.700,7.7,250,11,2.7,,
2026-08-14T11:42:31.999Z,V3221124,7565,44.47803,7.61036,28077.5,5.2,10.8,318.5,-273.0,-1.0,-1.0,RS41-SG,403.700,7.7,250,10,2.6,,
2026-08-14T11:42:34.999Z,V3221124,7568,44.47827,7.61002,28091.1,5.4,13.4,310.0,-273.0,-1.0,-1.0,RS41-SG,403.700,7.3,250,11,2.7,,
2026-08-14T11:42:35.999Z,V3221124,7569,44.47834,7.60990,28096.7,5.9,11.8,308.1,-273.0,-1.0,-1.0,RS41-SG,403.700,7.3,250,11,2.7,,
2026-08-14T11:42:36.999Z,V3221124,7570,44.47840,7.60979,28102.4,5.7,9.7,309.2,-273.0,-1.0,-1.0,RS41-SG,403.700,7.1,625,11,2.7,,
2026-08-14T11:42:37.999Z,V3221124,7571,44.47845,7.60971,28107.8,4.9,7.6,315.7,-273.0,-1.0,-1.0,RS41-SG,403.700,7.1,250,11,2.6,,
2026-08-14T11:42:38.999Z,V3221124,7572,44.47850,7.60966,28112.6,4.4,6.2,329.9,-273.0,-1.0,-1.0,RS41-SG,403.700,7.6,250,11,2.6,,
2026-08-14T11:42:39.999Z,V3221124,7573,44.47855,7.60963,28116.9,4.3,6.0,344.0,-273.0,-1.0,-1.0,RS41-SG,403.700,7.6,250,11,2.6,,
2026-08-14T11:42:40.999Z,V3221124,7574,44.47860,7.60961,28121.4,4.9,6.2,347.1,-273.0,-1.0,-1.0,RS41-SG,403.700,7.1,250,11,2.7,,
2026-08-14T11:42:41.999Z,V3221124,7575,44.47865,7.60959,28126.6,5.6,6.3,340.2,-273.0,-1.0,-1.0,RS41-SG,403.700,7.2,250,11,2.7,,
2026-08-14T11:42:42.999Z,V3221124,7576,44.47870,7.60955,28132.2,5.4,6.4,325.7,-273.0,-1.0,-1.0,RS41-SG,403.700,8.0,250,11,2.7,,
2026-08-14T11:42:43.999Z,V3221124,7577,44.47875,7.60950,28137.4,4.7,6.7,314.6,-273.0,-1.0,-1.0,RS41-SG,403.700,8.0,625,11,2.7,,
2026-08-14T11:42:48.999Z,V3221124,7582,44.47895,7.60918,28162.9,4.5,7.3,327.7,-273.0,-1.0,-1.0,RS41-SG,403.700,7.0,625,11,2.7,,
2026-08-14T11:42:49.999Z,V3221124,7583,44.47901,7.60913,28167.4,4.6,8.0,328.9,-273.0,-1.0,-1.0,RS41-SG,403.700,7.0,250,11,2.7,,
2026-08-14T11:42:50.999Z,V3221124,7584,44.47907,7.60908,28172.3,5.2,8.3,325.2,-273.0,-1.0,-1.0,RS41-SG,403.700,7.0,625,11,2.6,,
2026-08-14T11:42:58.999Z,V3221124,7592,44.47941,7.60864,28215.3,5.1,3.0,334.6,-273.0,-1.0,-1.0,RS41-SG,403.700,8.1,250,11,2.6,,
2026-08-14T11:43:00.999Z,V3221124,7594,44.47944,7.60859,28226.8,6.0,3.5,282.8,-273.0,-1.0,-1.0,RS41-SG,403.700,7.0,625,11,2.7,,
2026-08-14T11:43:05.999Z,V3221124,7599,44.47951,7.60828,28253.9,4.6,5.6,304.0,-273.0,-1.0,-1.0,RS41-SG,403.700,7.2,625,11,2.6,,
2026-08-14T11:43:06.999Z,V3221124,7600,44.47954,7.60822,28258.7,5.1,5.2,304.6,-273.0,-1.0,-1.0,RS41-SG,403.700,7.2,250,11,2.7,,
2026-08-14T11:43:13.999Z,V3221124,7607,44.47957,7.60786,28297.4,6.1,2.0,294.4,-273.0,-1.0,-1.0,RS41-SG,403.700,7.4,250,11,2.7,,
2026-08-14T11:43:14.999Z,V3221124,7608,44.47958,7.60784,28302.8,4.9,1.6,320.3,-273.0,-1.0,-1.0,RS41-SG,403.700,8.2,625,11,2.7,,
2026-08-14T11:43:15.999Z,V3221124,7609,44.47960,7.60783,28307.6,4.7,1.8,316.7,-273.0,-1.0,-1.0,RS41-SG,403.700,8.2,625,11,2.7,,
2026-08-14T11:43:16.999Z,V3221124,7610,44.47960,7.60781,28312.8,5.5,2.4,290.0,-273.0,-1.0,-1.0,RS41-SG,403.700,7.9,625,11,2.6,,
2026-08-14T11:43:18.999Z,V3221124,7612,44.47960,7.60771,28324.6,5.7,5.8,261.0,-273.0,-1.0,-1.0,RS41-SG,403.700,6.8,625,11,2.6,,
2026-08-14T11:43:19.999Z,V3221124,7613,44.47959,7.60763,28329.7,4.7,7.0,258.1,-273.0,-1.0,-1.0,RS41-SG,403.700,6.9,625,11,2.7,,
2026-08-14T11:43:21.999Z,V3221124,7615,44.47956,7.60746,28340.7,6.7,6.4,254.1,-273.0,-1.0,-1.0,RS41-SG,403.700,6.8,625,11,2.7,,
2026-08-14T11:43:22.999Z,V3221124,7616,44.47955,7.60739,28347.0,5.9,5.0,256.2,-273.0,-1.0,-1.0,RS41-SG,403.700,6.9,625,11,2.7,,
2026-08-14T11:43:23.999Z,V3221124,7617,44.47954,7.60734,28352.4,4.4,3.7,259.4,-273.0,-1.0,-1.0,RS41-SG,403.700,6.9,250,11,2.6,,
2026-08-14T11:43:28.999Z,V3221124,7622,44.47953,7.60714,28379.7,5.7,3.9,265.8,-273.0,-1.0,-1.0,RS41-SG,403.700,6.8,625,11,2.7,,
2026-08-14T11:43:31.999Z,V3221124,7625,44.47952,7.60698,28397.1,5.7,5.0,263.7,-273.0,-1.0,-1.0,RS41-SG,403.700,7.1,625,11,2.7,,
2026-08-14T11:43:32.999Z,V3221124,7626,44.47951,7.60691,28403.0,6.0,6.5,258.1,-273.0,-1.0,-1.0,RS41-SG,403.700,7.0,625,11,2.7,,
2026-08-14T11:43:33.999Z,V3221124,7627,44.47950,7.60682,28409.0,6.0,8.2,254.6,-273.0,-1.0,-1.0,RS41-SG,403.700,7.0,625,11,2.6,,
2026-08-14T11:43:34.999Z,V3221124,7628,44.47947,7.60671,28414.7,5.3,9.6,254.0,-273.0,-1.0,-1.0,RS41-SG,403.700,6.7,625,11,2.6,,
2026-08-14T11:43:38.999Z,V3221124,7632,44.47940,7.60627,28436.7,6.0,6.5,265.6,-273.0,-1.0,-1.0,RS41-SG,403.700,7.5,625,11,2.6,,
2026-08-14T11:43:39.999Z,V3221124,7633,44.47940,7.60620,28442.1,4.6,5.2,270.6,-273.0,-1.0,-1.0,RS41-SG,403.700,7.9,625,11,2.6,,
2026-08-14T11:43:40.999Z,V3221124,7634,44.47941,7.60614,28447.0,5.5,4.6,277.2,-273.0,-1.0,-1.0,RS41-SG,403.700,8.2,625,11,2.6,,
2026-08-14T11:43:41.999Z,V3221124,7635,44.47941,7.60608,28453.2,7.1,5.1,273.9,-273.0,-1.0,-1.0,RS41-SG,403.700,8.2,625,11,2.7,,
2026-08-14T11:43:43.999Z,V3221124,7637,44.47941,7.60593,28464.6,4.9,7.0,265.8,-273.0,-1.0,-1.0,RS41-SG,403.700,6.8,625,11,2.7,,
2026-08-14T11:43:44.999Z,V3221124,7638,44.47940,7.60584,28470.0,5.6,7.8,263.7,-273.0,-1.0,-1.0,RS41-SG,403.700,7.2,625,11,2.7,,
2026-08-14T11:43:45.999Z,V3221124,7639,44.47939,7.60574,28476.0,6.2,8.0,261.7,-273.0,-1.0,-1.0,RS41-SG,403.700,7.3,625,11,2.6,,
2026-08-14T11:43:46.999Z,V3221124,7640,44.47938,7.60564,28481.7,5.0,8.3,260.1,-273.0,-1.0,-1.0,RS41-SG,403.700,8.1,625,11,2.6,,
2026-08-14T11:43:47.999Z,V3221124,7641,44.47937,7.60553,28486.7,5.3,8.9,259.4,-273.0,-1.0,-1.0,RS41-SG,403.700,8.2,625,11,2.6,,
2026-08-14T11:43:48.999Z,V3221124,7642,44.47935,7.60542,28492.4,6.3,9.9,259.5,-273.0,-1.0,-1.0,RS41-SG,403.700,8.2,625,11,2.7,,
2026-08-14T11:43:52.999Z,V3221124,7646,44.47930,7.60489,28516.1,6.7,9.1,269.8,-273.0,-1.0,-1.0,RS41-SG,403.700,7.2,625,11,2.6,,
2026-08-14T11:43:53.999Z,V3221124,7647,44.47931,7.60479,28522.1,5.6,7.5,276.3,-273.0,-1.0,-1.0,RS41-SG,403.700,7.5,625,11,2.6,,
2026-08-14T11:43:54.999Z,V3221124,7648,44.47932,7.60470,28527.3,4.8,6.5,285.6,-273.0,-1.0,-1.0,RS41-SG,403.700,7.8,625,11,2.7,,
2026-08-14T11:43:55.999Z,V3221124,7649,44.47934,7.60463,28532.3,5.5,6.4,292.6,-273.0,-1.0,-1.0,RS41-SG,403.700,7.8,625,11,2.7,,
2026-08-14T11:43:56.999Z,V3221124,7650,44.47936,7.60455,28538.5,6.7,7.1,293.1,-273.0,-1.0,-1.0,RS41-SG,403.700,7.1,625,11,2.7,,
2026-08-14T11:43:57.999Z,V3221124,7651,44.47938,7.60446,28544.9,5.8,8.0,290.7,-273.0,-1.0,-1.0,RS41-SG,403.700,7.5,625,11,2.7,,
2026-08-14T11:43:58.999Z,V3221124,7652,44.47941,7.60436,28550.5,5.0,8.7,285.7,-273.0,-1.0,-1.0,RS41-SG,403.700,7.5,625,11,2.6,,
2026-08-14T11:43:59.999Z,V3221124,7653,44.47943,7.60426,28556.0,5.7,8.9,279.9,-273.0,-1.0,-1.0,RS41-SG,403.700,7.1,625,11,2.6,,
2026-08-14T11:44:00.999Z,V3221124,7654,44.47944,7.60415,28562.2,6.8,8.5,275.1,-273.0,-1.0,-1.0,RS41-SG,403.700,6.4,625,10,2.6,,
2026-08-14T11:44:01.999Z,V3221124,7655,44.47944,7.60404,28568.3,5.4,8.1,270.1,-273.0,-1.0,-1.0,RS41-SG,403.700,7.2,625,11,2.7,,
2026-08-14T11:44:03.999Z,V3221124,7657,44.47942,7.60384,28579.3,5.8,8.5,257.8,-44.9,0.6,-1.0,RS41-SG,403.700,7.6,625,11,2.7,,
2026-08-14T11:44:04.999Z,V3221124,7658,44.47940,7.60373,28585.4,6.2,9.5,254.0,-44.9,0.5,-1.0,RS41-SG,403.700,7.5,625,11,2.6,,
2026-08-14T11:44:05.999Z,V3221124,7659,44.47938,7.60361,28591.2,5.2,10.2,252.1,-44.9,0.6,-1.0,RS41-SG,403.700,7.5,625,11,2.6,,
2026-08-14T11:44:06.999Z,V3221124,7660,44.47935,7.60349,28596.4,5.2,10.2,252.8,-44.9,0.6,-1.0,RS41-SG,403.700,7.5,625,11,2.7,,
2026-08-14T11:44:08.999Z,V3221124,7662,44.47931,7.60328,28608.5,6.6,7.2,257.0,-44.9,0.6,-1.0,RS41-SG,403.700,6.8,625,11,2.6,,
2026-08-14T11:44:09.999Z,V3221124,7663,44.47930,7.60320,28614.3,5.0,5.9,263.3,-44.9,0.6,-1.0,RS41-SG,403.700,8.0,625,11,2.6,,
2026-08-14T11:44:11.999Z,V3221124,7665,44.47930,7.60306,28625.2,6.3,5.8,280.1,-44.7,0.5,-1.0,RS41-SG,403.700,7.7,250,11,2.7,,
2026-08-14T11:44:12.999Z,V3221124,7666,44.47931,7.60298,28631.8,6.7,7.1,279.3,-44.7,0.5,-1.0,RS41-SG,403.700,8.0,625,11,2.7,,
2026-08-14T11:44:13.999Z,V3221124,7667,44.47932,7.60289,28637.7,5.1,8.2,275.8,-44.6,0.5,-1.0,RS41-SG,403.700,8.0,625,11,2.6,,
2026-08-14T11:44:14.999Z,V3221124,7668,44.47932,7.60278,28642.9,5.0,9.0,271.8,-44.5,0.6,-1.0,RS41-SG,403.700,7.6,625,11,2.6,,
2026-08-14T11:44:16.999Z,V3221124,7670,44.47931,7.60256,28654.9,6.8,8.8,261.6,-44.5,0.5,-1.0,RS41-SG,403.700,7.2,625,11,2.7,,
2026-08-14T11:44:17.999Z,V3221124,7671,44.47930,7.60245,28661.0,5.5,8.6,256.4,-44.5,0.5,-1.0,RS41-SG,403.700,7.0,625,11,2.7,,
2026-08-14T11:44:25.999Z,V3221124,7679,44.47902,7.60160,28705.9,5.7,6.5,244.9,-44.5,0.5,-1.0,RS41-SG,403.700,7.7,625,11,2.6,,
2026-08-14T11:44:26.999Z,V3221124,7680,44.47900,7.60153,28711.4,5.3,5.7,250.4,-44.5,0.6,-1.0,RS41-SG,403.700,8.3,625,10,2.6,,
2026-08-14T11:44:28.999Z,V3221124,7682,44.47897,7.60137,28723.4,7.1,7.6,263.9,-44.6,0.6,-1.0,RS41-SG,403.700,8.9,625,11,2.7,,
2026-08-14T11:44:29.999Z,V3221124,7683,44.47897,7.60127,28730.1,6.2,9.6,264.3,-44.7,0.6,-1.0,RS41-SG,403.700,7.8,625,11,2.7,,
2026-08-14T11:44:35.999Z,V3221124,7689,44.47884,7.60038,28763.0,4.6,11.5,253.6,-44.6,0.5,-1.0,RS41-SG,403.700,7.3,625,11,2.6,,
2026-08-14T11:44:44.999Z,V3221124,7698,44.47854,7.59914,28814.1,5.9,10.9,255.3,-44.3,0.6,-1.0,RS41-SG,403.700,6.7,625,11,2.7,,
2026-08-14T11:44:45.999Z,V3221124,7699,44.47852,7.59900,28820.7,6.8,12.5,257.6,-44.3,0.6,-1.0,RS41-SG,403.700,8.2,625,11,2.7,,
2026-08-14T11:44:52.999Z,V3221124,7706,44.47839,7.59779,28860.1,4.9,11.5,264.3,-44.3,0.5,-1.0,RS41-SG,403.700,6.3,625,11,2.6,,
2026-08-14T11:44:53.999Z,V3221124,7707,44.47838,7.59765,28865.8,6.1,11.2,263.0,-44.3,0.5,-1.0,RS41-SG,403.700,6.4,250,11,2.6,,
2026-08-14T11:45:01.999Z,V3221124,7715,44.47810,7.59660,28912.6,6.4,11.4,251.1,-44.4,0.6,-1.0,RS41-SG,403.700,7.7,625,11,2.7,,
2026-08-14T11:45:02.999Z,V3221124,7716,44.47808,7.59645,28919.0,6.5,13.0,261.2,-44.5,0.5,-1.0,RS41-SG,403.700,7.7,625,11,2.7,,
2026-08-14T11:45:03.999Z,V3221124,7717,44.47807,7.59628,28925.1,5.3,14.4,268.4,-44.4,0.6,-1.0,RS41-SG,403.700,7.7,625,11,2.6,,
2026-08-14T11:45:04.999Z,V3221124,7718,44.47807,7.59609,28930.0,4.2,15.5,273.3,-44.4,0.6,-1.0,RS41-SG,403.700,7.1,625,11,2.6,,
2026-08-14T11:45:09.999Z,V3221124,7723,44.47811,7.59526,28958.7,4.7,10.0,263.9,-44.5,0.6,-1.0,RS41-SG,403.700,7.4,625,11,2.6,,
2026-08-14T11:45:10.999Z,V3221124,7724,44.47810,7.59514,28963.6,5.2,10.1,256.1,-44.5,0.5,-1.0,RS41-SG,403.700,7.4,625,11,2.6,,
2026-08-14T11:45:11.999Z,V3221124,7725,44.47807,7.59501,28969.4,6.3,11.0,252.4,-44.5,0.6,-1.0,RS41-SG,403.700,7.4,625,11,2.7,,
2026-08-14T11:45:12.999Z,V3221124,7726,44.47804,7.59487,28975.8,6.5,12.5,251.8,-44.6,0.6,-1.0,RS41-SG,403.700,7.4,625,11,2.7,,
2026-08-14T11:45:17.999Z,V3221124,7731,44.47785,7.59404,29004.7,6.3,13.3,253.9,-44.7,0.6,-1.0,RS41-SG,403.700,7.6,625,11,2.7,,
2026-08-14T11:45:36.999Z,V3221124,7750,44.47764,7.59065,29116.9,4.8,13.6,279.2,-45.3,0.6,-1.0,RS41-SG,403.700,6.8,625,10,2.6,,
2026-08-14T11:45:43.999Z,V3221124,7757,44.47765,7.58936,29160.6,4.4,14.9,251.8,-45.2,0.6,-1.0,RS41-SG,403.700,6.8,625,10,2.6,,
2026-08-14T11:46:00.999Z,V3221124,7774,44.47729,7.58648,29263.6,5.3,14.3,252.3,-45.4,0.6,-1.0,RS41-SG,403.700,7.2,625,11,2.7,,
2026-08-14T11:46:18.999Z,V3221124,7792,44.47714,7.58352,29374.7,6.7,11.6,265.6,-45.5,0.6,-1.0,RS41-SG,403.700,6.8,625,11,2.7,,
2026-08-14T11:46:21.999Z,V3221124,7795,44.47715,7.58303,29393.1,5.1,13.9,276.1,-45.5,0.6,-1.0,RS41-SG,403.700,7.6,625,11,2.6,,
2026-08-14T11:46:24.999Z,V3221124,7798,44.47717,7.58254,29411.6,5.7,12.3,269.0,-45.5,0.6,-1.0,RS41-SG,403.700,6.7,625,11,2.7,,
2026-08-14T11:46:27.999Z,V3221124,7801,44.47717,7.58207,29430.9,6.5,13.1,270.9,-45.6,0.6,-1.0,RS41-SG,403.700,6.9,625,11,2.6,,
2026-08-14T11:46:28.999Z,V3221124,7802,44.47717,7.58191,29437.0,5.0,13.6,273.0,-45.7,0.6,-1.0,RS41-SG,403.700,7.4,625,11,2.6,,
2026-08-14T11:46:40.999Z,V3221124,7814,44.47731,7.57988,29510.4,5.5,13.3,268.0,-45.8,0.6,-1.0,RS41-SG,403.700,6.8,625,11,2.6,,
2026-08-14T11:46:43.999Z,V3221124,7817,44.47730,7.57938,29529.4,6.3,13.9,271.0,-45.9,0.6,-1.0,RS41-SG,403.700,6.4,625,11,2.7,,
2026-08-14T11:46:49.999Z,V3221124,7823,44.47736,7.57837,29565.7,5.8,12.9,272.4,-45.9,0.6,-1.0,RS41-SG,403.700,7.1,625,11,2.7,,
2026-08-14T11:46:50.999Z,V3221124,7824,44.47737,7.57820,29571.6,6.0,13.9,272.2,-45.9,0.6,-1.0,RS41-SG,403.700,7.1,625,11,2.6,,
2026-08-14T11:46:57.999Z,V3221124,7831,44.47733,7.57692,29614.6,4.9,11.5,257.1,-45.7,0.6,-1.0,RS41-SG,403.700,6.9,625,11,2.6,,
2026-08-14T11:46:58.999Z,V3221124,7832,44.47730,7.57678,29619.8,5.3,10.7,256.7,-45.7,0.6,-1.0,RS41-SG,403.700,7.9,625,11,2.7,,
2026-08-14T11:46:59.999Z,V3221124,7833,44.47728,7.57665,29625.3,6.1,10.7,260.4,-45.7,0.6,-1.0,RS41-SG,403.700,8.1,625,11,2.7,,
2026-08-14T11:47:00.999Z,V3221124,7834,44.47727,7.57651,29631.8,6.7,11.7,265.6,-45.7,0.6,-1.0,RS41-SG,403.700,8.6,625,11,2.7,,
2026-08-14T11:47:01.999Z,V3221124,7835,44.47727,7.57636,29638.4,6.1,12.8,269.8,-45.6,0.6,-1.0,RS41-SG,403.700,9.1,625,11,2.6,,
2026-08-14T11:47:02.999Z,V3221124,7836,44.47727,7.57619,29644.1,4.8,13.7,270.9,-45.7,0.6,-1.0,RS41-SG,403.700,9.1,625,11,2.6,,
2026-08-14T11:47:05.999Z,V3221124,7839,44.47725,7.57566,29662.4,6.7,14.3,260.3,-45.5,0.6,-1.0,RS41-SG,403.700,7.1,625,11,2.7,,
2026-08-14T11:47:06.999Z,V3221124,7840,44.47722,7.57549,29668.5,5.1,14.0,255.7,-45.5,0.6,-1.0,RS41-SG,403.700,7.1,625,11,2.7,,
2026-08-14T11:47:07.999Z,V3221124,7841,44.47719,7.57532,29673.7,5.2,13.8,253.5,-45.5,0.6,-1.0,RS41-SG,403.700,6.8,625,11,2.7,,
2026-08-14T11:47:08.999Z,V3221124,7842,44.47715,7.57515,29679.7,6.5,14.1,253.8,-45.4,0.6,-1.0,RS41-SG,403.700,6.8,625,11,2.6,,
2026-08-14T11:47:09.999Z,V3221124,7843,44.47712,7.57498,29686.4,6.6,14.4,257.3,-45.4,0.6,-1.0,RS41-SG,403.700,7.1,625,11,2.6,,
2026-08-14T11:47:10.999Z,V3221124,7844,44.47710,7.57480,29692.4,5.5,14.6,260.0,-45.4,0.6,-1.0,RS41-SG,403.700,7.1,625,11,2.6,,
2026-08-14T11:47:11.999Z,V3221124,7845,44.47708,7.57462,29697.8,5.7,14.4,262.7,-45.4,0.6,-1.0,RS41-SG,403.700,7.0,625,11,2.7,,
2026-08-14T11:47:15.999Z,V3221124,7849,44.47701,7.57395,29723.5,5.9,13.0,261.9,-45.1,0.5,-1.0,RS41-SG,403.700,7.3,625,11,2.6,,
2026-08-14T11:47:16.999Z,V3221124,7850,44.47699,7.57379,29729.7,6.3,13.6,265.5,-45.1,0.6,-1.0,RS41-SG,403.700,7.4,625,11,2.7,,
2026-08-14T11:47:17.999Z,V3221124,7851,44.47699,7.57361,29736.2,6.8,14.7,270.4,-45.2,0.6,-1.0,RS41-SG,403.700,7.4,625,11,2.7,,
2026-08-14T11:47:18.999Z,V3221124,7852,44.47699,7.57342,29742.7,5.8,15.9,273.2,-45.2,0.6,-1.0,RS41-SG,403.700,7.3,625,11,2.7,,
2026-08-14T11:47:20.999Z,V3221124,7854,44.47701,7.57301,29753.5,5.8,16.9,272.1,-45.0,0.5,-1.0,RS41-SG,403.700,6.7,625,11,2.6,,
2026-08-14T11:47:29.999Z,V3221124,7863,44.47692,7.57123,29807.9,6.1,14.8,273.5,-45.0,0.6,-1.0,RS41-SG,403.700,6.4,625,11,2.7,,
2026-08-14T11:47:31.999Z,V3221124,7865,44.47692,7.57087,29820.1,5.6,14.2,270.2,-45.0,0.5,-1.0,RS41-SG,403.700,7.0,625,11,2.6,,
2026-08-14T11:47:36.999Z,V3221124,7870,44.47691,7.56987,29848.3,5.6,17.7,271.6,-44.8,0.6,-1.0,RS41-SG,403.700,6.5,625,10,2.7,,
2026-08-14T11:47:40.999Z,V3221124,7874,44.47696,7.56913,29871.8,5.3,11.2,276.5,-44.9,0.5,-1.0,RS41-SG,403.700,7.2,625,11,2.7,,
2026-08-14T11:47:41.999Z,V3221124,7875,44.47697,7.56900,29877.0,5.1,9.7,270.1,-44.8,0.5,-1.0,RS41-SG,403.700,7.2,625,11,2.7,,
2026-08-14T11:47:42.999Z,V3221124,7876,44.47696,7.56888,29882.4,5.6,9.6,262.2,-44.8,0.5,-1.0,RS41-SG,403.700,7.3,625,11,2.7,,
2026-08-14T11:47:43.999Z,V3221124,7877,44.47694,7.56875,29888.2,5.9,10.9,257.5,-44.7,0.5,-1.0,RS41-SG,403.700,7.6,625,11,2.6,,
2026-08-14T11:47:44.999Z,V3221124,7878,44.47692,7.56861,29893.9,5.3,12.8,258.5,-44.7,0.5,-1.0,RS41-SG,403.700,7.6,625,11,2.6,,
2026-08-14T11:47:49.999Z,V3221124,7883,44.47697,7.56762,29920.3,4.6,16.2,285.8,-44.8,0.6,-1.0,RS41-SG,403.700,7.0,625,11,2.6,,
2026-08-14T11:48:08.999Z,V3221124,7902,44.47716,7.56472,30024.1,4.8,13.9,278.0,-44.8,0.6,-1.0,RS41-SG,403.700,7.4,625,11,2.6,,
2026-08-14T11:48:09.999Z,V3221124,7903,44.47718,7.56454,30029.0,5.3,14.7,279.7,-44.7,0.6,-1.0,RS41-SG,403.700,7.3,625,11,2.7,,
2026-08-14T11:48:10.999Z,V3221124,7904,44.47720,7.56435,30034.4,5.9,15.6,278.8,-44.7,0.5,-1.0,RS41-SG,403.700,6.9,625,11,2.7,,
2026-08-14T11:48:18.999Z,V3221124,7912,44.47733,7.56286,30078.9,4.7,10.2,287.3,-44.7,0.6,-1.0,RS41-SG,403.700,7.7,625,10,2.6,,
2026-08-14T11:48:19.999Z,V3221124,7913,44.47736,7.56275,30083.6,4.7,8.6,285.0,-44.7,0.5,-1.0,RS41-SG,403.700,7.8,625,10,2.6,,
2026-08-14T11:48:20.999Z,V3221124,7914,44.47737,7.56265,30088.5,5.1,7.8,275.2,-44.6,0.5,-1.0,RS41-SG,403.700,7.8,625,10,2.7,,
2026-08-14T11:48:21.999Z,V3221124,7915,44.47737,7.56255,30093.6,5.2,8.6,265.4,-44.6,0.5,-1.0,RS41-SG,403.700,7.7,625,11,2.7,,
2026-08-14T11:48:22.999Z,V3221124,7916,44.47736,7.56243,30098.8,5.2,10.4,261.3,-44.5,0.5,-1.0,RS41-SG,403.700,7.7,625,11,2.7,,
2026-08-14T11:48:23.999Z,V3221124,7917,44.47735,7.56228,30104.0,5.0,12.7,263.3,-44.4,0.5,-1.0,RS41-SG,403.700,7.5,625,11,2.7,,
2026-08-14T11:48:25.999Z,V3221124,7919,44.47734,7.56192,30113.9,4.6,15.9,273.6,-44.3,0.5,-1.0,RS41-SG,403.700,7.1,625,11,2.6,,
2026-08-14T11:48:26.999Z,V3221124,7920,44.47735,7.56172,30118.5,4.6,16.3,279.4,-44.2,0.5,-1.0,RS41-SG,403.700,7.5,625,11,2.6,,
2026-08-14T11:48:28.999Z,V3221124,7922,44.47742,7.56135,30128.1,5.2,13.8,285.9,-44.3,0.5,-1.0,RS41-SG,403.700,7.4,625,11,2.7,,
2026-08-14T11:48:29.999Z,V3221124,7923,44.47745,7.56119,30133.1,5.0,12.0,283.6,-44.3,0.5,-1.0,RS41-SG,403.700,7.4,625,11,2.7,,
2026-08-14T11:48:30.999Z,V3221124,7924,44.47746,7.56105,30138.0,4.5,10.7,277.5,-44.3,0.5,-1.0,RS41-SG,403.700,7.2,625,11,2.6,,
2026-08-14T11:48:31.999Z,V3221124,7925,44.47747,7.56092,30142.8,4.7,10.5,269.4,-44.2,0.5,-1.0,RS41-SG,403.700,7.8,625,11,2.6,,
2026-08-14T11:48:32.999Z,V3221124,7926,44.47746,7.56079,30147.9,5.3,11.3,261.9,-44.2,0.5,-1.0,RS41-SG,403.700,7.8,625,10,2.7,,
2026-08-14T11:48:33.999Z,V3221124,7927,44.47745,7.56064,30153.3,5.7,12.6,260.3,-44.2,0.5,-1.0,RS41-SG,403.700,7.3,625,10,2.7,,
2026-08-14T11:48:34.999Z,V3221124,7928,44.47743,7.56048,30158.5,4.8,13.9,261.8,-44.2,0.5,-1.0,RS41-SG,403.700,7.1,625,10,2.7,,
2026-08-14T11:48:35.999Z,V3221124,7929,44.47741,7.56030,30163.0,3.9,14.9,265.2,-44.1,0.5,-1.0,RS41-SG,403.700,7.4,625,11,2.6,,
2026-08-14T11:48:38.999Z,V3221124,7932,44.47741,7.55973,30176.3,4.9,14.8,273.5,-44.0,0.5,-1.0,RS41-SG,403.700,7.3,625,11,2.7,,
2026-08-14T11:48:39.999Z,V3221124,7933,44.47742,7.55954,30181.2,5.0,14.6,272.3,-43.9,0.5,-1.0,RS41-SG,403.700,7.3,625,11,2.7,,
2026-08-14T11:48:40.999Z,V3221124,7934,44.47742,7.55936,30186.2,5.0,14.7,269.2,-43.9,0.5,-1.0,RS41-SG,403.700,7.3,625,11,2.7,,
2026-08-14T11:48:41.999Z,V3221124,7935,44.47742,7.55917,30191.4,5.1,15.3,265.6,-43.9,0.5,-1.0,RS41-SG,403.700,7.4,625,11,2.7,,
2026-08-14T11:48:47.999Z,V3221124,7941,44.47741,7.55805,30220.8,4.1,12.7,280.6,-43.7,0.5,-1.0,RS41-SG,403.700,7.2,625,11,2.7,,
2026-08-14T11:48:48.999Z,V3221124,7942,44.47743,7.55790,30225.0,4.4,11.9,280.9,-43.8,0.5,-1.0,RS41-SG,403.700,7.2,625,11,2.6,,
2026-08-14T11:48:49.999Z,V3221124,7943,44.47744,7.55775,30230.2,5.6,11.4,275.2,-43.8,0.5,-1.0,RS41-SG,403.700,6.4,625,11,2.6,,
2026-08-14T11:48:55.999Z,V3221124,7949,44.47733,7.55688,30261.3,4.5,11.3,260.0,-43.6,0.5,-1.0,RS41-SG,403.700,7.1,625,11,2.6,,
2026-08-14T11:48:56.999Z,V3221124,7950,44.47731,7.55674,30265.5,4.4,11.1,263.5,-43.5,0.5,-1.0,RS41-SG,403.700,7.4,625,11,2.7,,
2026-08-14T11:48:57.999Z,V3221124,7951,44.47730,7.55660,30270.3,5.3,11.3,265.1,-43.6,0.5,-1.0,RS41-SG,403.700,7.4,625,11,2.7,,
2026-08-14T11:48:59.999Z,V3221124,7953,44.47729,7.55631,30283.4,-0.5,11.7,265.2,-43.7,0.5,-1.0,RS41-SG,403.700,7.2,625,11,2.7,,
2026-08-14T11:49:06.999Z,V3221124,7960,44.47722,7.55536,30150.4,-12.4,11.5,258.9,-44.0,0.5,-1.0,RS41-SG,403.700,6.9,625,10,2.6,,
2026-08-14T11:49:13.999Z,V3221124,7967,44.47723,7.55407,30021.7,-16.8,13.1,280.4,-44.5,0.5,-1.0,RS41-SG,403.700,6.9,625,10,2.6,,
2026-08-14T11:49:16.999Z,V3221124,7970,44.47727,7.55361,29969.1,-17.0,11.2,269.8,-44.8,0.5,-1.0,RS41-SG,403.700,7.1,625,9,2.7,,
2026-08-14T11:49:19.999Z,V3221124,7973,44.47724,7.55319,29911.6,-22.3,11.4,259.5,-44.9,0.5,-1.0,RS41-SG,403.700,7.0,625,9,2.6,,
2026-08-14T11:49:20.999Z,V3221124,7974,44.47722,7.55304,29889.3,-21.7,11.2,262.0,-44.8,0.5,-1.0,RS41-SG,403.700,7.3,625,10,2.6,,
2026-08-14T11:49:21.999Z,V3221124,7975,44.47721,7.55289,29866.0,-23.6,12.0,265.0,-44.8,0.5,-1.0,RS41-SG,403.700,7.8,625,10,2.7,,
2026-08-14T11:49:24.999Z,V3221124,7978,44.47719,7.55239,29788.4,-27.4,14.4,269.7,-45.0,0.6,-1.0,RS41-SG,403.700,7.4,625,11,2.6,,
2026-08-14T11:49:25.999Z,V3221124,7979,44.47719,7.55220,29760.6,-27.9,15.1,268.7,-45.1,0.5,-1.0,RS41-SG,403.700,7.2,625,11,2.6,,
2026-08-14T11:49:26.999Z,V3221124,7980,44.47718,7.55201,29732.4,-27.7,15.9,267.9,-45.2,0.5,-1.0,RS41-SG,403.700,7.0,625,11,2.7,,
2026-08-14T11:49:28.999Z,V3221124,7982,44.47716,7.55160,29682.5,-22.3,16.4,263.2,-45.5,0.6,-1.0,RS41-SG,403.700,7.0,625,11,2.7,,
2026-08-14T11:49:29.999Z,V3221124,7983,44.47714,7.55140,29661.0,-20.6,16.0,259.2,-45.7,0.6,-1.0,RS41-SG,403.700,7.0,625,11,2.6,,
2026-08-14T11:49:31.999Z,V3221124,7985,44.47708,7.55102,29619.4,-22.1,14.7,254.3,-46.0,0.6,-1.0,RS41-SG,403.700,7.0,625,11,2.6,,
2026-08-14T11:49:32.999Z,V3221124,7986,44.47704,7.55085,29595.8,-24.9,13.5,253.8,-46.2,0.6,-1.0,RS41-SG,403.700,7.6,625,11,2.7,,
2026-08-14T11:49:33.999Z,V3221124,7987,44.47701,7.55070,29571.3,-23.7,12.4,251.3,-46.3,0.6,-1.0,RS41-SG,403.700,7.6,625,11,2.7,,
2026-08-14T11:49:34.999Z,V3221124,7988,44.47698,7.55055,29546.1,-26.8,11.8,253.0,-46.4,0.6,-1.0,RS41-SG,403.700,7.5,625,11,2.7,,
2026-08-14T11:49:35.999Z,V3221124,7989,44.47695,7.55041,29518.4,-28.5,11.9,254.5,-46.3,0.6,-1.0,RS41-SG,403.700,8.1,625,11,2.7,,
2026-08-14T11:49:36.999Z,V3221124,7990,44.47693,7.55026,29488.9,-30.8,12.1,259.4,-46.3,0.6,-1.0,RS41-SG,403.700,8.1,625,11,2.6,,
2026-08-14T11:49:37.999Z,V3221124,7991,44.47691,7.55011,29458.2,-30.4,12.6,261.9,-46.3,0.6,-1.0,RS41-SG,403.700,7.9,625,11,2.6,,
2026-08-14T11:49:38.999Z,V3221124,7992,44.47690,7.54994,29427.7,-30.9,13.4,266.8,-46.2,0.6,-1.0,RS41-SG,403.700,7.7,625,11,2.6,,
2026-08-14T11:49:39.999Z,V3221124,7993,44.47690,7.54977,29397.8,-28.7,13.4,269.9,-46.3,0.6,-1.0,RS41-SG,403.700,7.4,625,11,2.7,,
2026-08-14T11:49:40.999Z,V3221124,7994,44.47690,7.54960,29369.3,-28.7,14.4,267.1,-46.3,0.6,-1.0,RS41-SG,403.700,7.0,625,11,2.7,,
2026-08-14T11:49:41.999Z,V3221124,7995,44.47689,7.54942,29339.3,-31.6,14.7,265.1,-46.3,0.6,-1.0,RS41-SG,403.700,7.1,625,11,2.7,,
2026-08-14T11:49:42.999Z,V3221124,7996,44.47687,7.54924,29308.9,-29.6,13.5,262.7,-46.2,0.6,-1.0,RS41-SG,403.700,7.5,625,11,2.6,,
2026-08-14T11:49:43.999Z,V3221124,7997,44.47685,7.54907,29278.0,-32.5,13.5,258.0,-46.1,0.6,-1.0,RS41-SG,403.700,7.5,625,11,2.6,,
2026-08-14T11:49:44.999Z,V3221124,7998,44.47682,7.54890,29248.2,-27.9,14.4,252.9,-46.1,0.6,-1.0,RS41-SG,403.700,7.1,625,11,2.7,,
2026-08-14T11:49:46.999Z,V3221124,8000,44.47675,7.54857,29194.1,-25.6,14.2,248.3,-46.1,0.6,-1.0,RS41-SG,403.700,6.9,625,11,2.7,,
2026-08-14T11:49:47.999Z,V3221124,8001,44.47670,7.54841,29167.6,-27.8,13.5,250.9,-46.1,0.6,-1.0,RS41-SG,403.700,7.7,625,11,2.6,,
2026-08-14T11:49:48.999Z,V3221124,8002,44.47667,7.54825,29139.9,-28.2,13.8,252.1,-46.1,0.6,-1.0,RS41-SG,403.700,7.7,625,11,2.6,,
2026-08-14T11:49:49.999Z,V3221124,8003,44.47663,7.54808,29111.6,-28.9,14.4,255.4,-46.0,0.6,-1.0,RS41-SG,403.700,7.4,625,11,2.6,,
2026-08-14T11:49:50.999Z,V3221124,8004,44.47660,7.54790,29083.8,-27.1,14.4,257.7,-45.9,0.6,-1.0,RS41-SG,403.700,7.4,625,11,2.7,,
2026-08-14T11:49:51.999Z,V3221124,8005,44.47658,7.54772,29055.5,-29.0,14.1,260.8,-45.8,0.6,-1.0,RS41-SG,403.700,7.0,625,11,2.7,,
2026-08-14T11:49:52.999Z,V3221124,8006,44.47656,7.54755,29027.0,-28.4,14.8,260.9,-45.7,0.5,-1.0,RS41-SG,403.700,7.0,625,11,2.7,,
2026-08-14T11:49:54.999Z,V3221124,8008,44.47653,7.54720,28972.2,-24.6,13.8,263.0,-45.6,0.5,-1.0,RS41-SG,403.700,6.5,625,11,2.6,,
2026-08-14T11:49:56.999Z,V3221124,8010,44.47648,7.54686,28920.3,-28.6,13.2,258.6,-45.6,0.6,-1.0,RS41-SG,403.700,7.2,625,11,2.6,,
2026-08-14T11:49:57.999Z,V3221124,8011,44.47645,7.54671,28891.7,-28.7,12.5,252.4,-45.6,0.5,-1.0,RS41-SG,403.700,6.8,625,11,2.7,,
2026-08-14T11:49:59.999Z,V3221124,8013,44.47637,7.54640,28835.2,-26.1,12.9,246.7,-45.8,0.5,-1.0,RS41-SG,403.700,7.8,625,11,2.7,,
2026-08-14T11:50:00.999Z,V3221124,8014,44.47633,7.54626,28811.0,-23.9,12.0,246.1,-45.8,0.5,-1.0,RS41-SG,403.700,7.8,625,11,2.6,,
2026-08-14T11:50:01.999Z,V3221124,8015,44.47628,7.54612,28786.2,-26.5,12.6,245.8,-45.9,0.6,-1.0,RS41-SG,403.700,6.9,625,11,2.6,,
2026-08-14T11:50:03.999Z,V3221124,8017,44.47619,7.54586,28734.3,-25.3,11.2,243.8,-46.0,0.6,-1.0,RS41-SG,403.700,7.6,625,11,2.7,,
2026-08-14T11:50:04.999Z,V3221124,8018,44.47615,7.54574,28708.6,-26.1,10.2,247.6,-46.2,0.6,-1.0,RS41-SG,403.700,7.6,625,11,2.7,,
2026-08-14T11:50:05.999Z,V3221124,8019,44.47612,7.54562,28681.3,-29.0,9.9,249.3,-46.3,0.6,-1.0,RS41-SG,403.700,7.6,625,11,2.6,,
2026-08-14T11:50:06.999Z,V3221124,8020,44.47610,7.54551,28653.1,-28.0,9.2,258.8,-46.3,0.6,-1.0,RS41-SG,403.700,7.6,625,11,2.6,,
2026-08-14T11:50:07.999Z,V3221124,8021,44.47608,7.54540,28625.6,-28.0,7.8,258.7,-46.4,0.6,-1.0,RS41-SG,403.700,7.1,625,11,2.6,,
2026-08-14T11:50:10.999Z,V3221124,8024,44.47607,7.54510,28551.2,-21.9,8.5,271.7,-46.6,0.6,-1.0,RS41-SG,403.700,7.1,625,11,2.7,,
2026-08-14T11:50:24.999Z,V3221124,8038,44.47611,7.54418,28258.9,-21.4,8.7,332.3,-47.2,0.6,-1.0,RS41-SG,403.700,6.8,625,11,2.6,,
2026-08-14T11:50:25.999Z,V3221124,8039,44.47619,7.54413,28237.8,-21.1,9.8,328.8,-47.2,0.6,-1.0,RS41-SG,403.700,6.7,625,11,2.6,,
2026-08-14T11:50:29.999Z,V3221124,8043,44.47653,7.54375,28155.4,-20.8,14.9,316.1,-47.3,0.6,-1.0,RS41-SG,403.700,6.5,625,11,2.7,,
2026-08-14T11:51:11.999Z,V3221124,8085,44.47831,7.53904,27299.6,-21.1,3.4,259.7,-47.3,0.6,-1.0,RS41-SG,403.700,7.1,625,11,2.7,,
2026-08-14T11:51:12.999Z,V3221124,8086,44.47830,7.53898,27279.4,-20.5,6.1,258.5,-47.4,0.6,-1.0,RS41-SG,403.700,7.1,625,11,2.6,,
2026-08-14T11:51:13.999Z,V3221124,8087,44.47829,7.53889,27259.3,-20.9,8.3,260.7,-47.4,0.6,-1.0,RS41-SG,403.700,6.7,625,11,2.6,,
2026-08-14T11:51:23.999Z,V3221124,8097,44.47858,7.53773,27040.6,-25.2,6.4,317.9,-48.8,0.7,-1.0,RS41-SG,403.700,7.0,625,11,2.7,,
2026-08-14T11:51:24.999Z,V3221124,8098,44.47862,7.53768,27014.7,-27.6,6.1,318.7,-48.9,0.7,-1.0,RS41-SG,403.700,7.4,625,11,2.6,,
2026-08-14T11:51:25.999Z,V3221124,8099,44.47866,7.53763,26988.3,-26.2,6.3,312.5,-48.8,0.7,-1.0,RS41-SG,403.700,7.4,625,11,2.6,,
2026-08-14T11:51:26.999Z,V3221124,8100,44.47870,7.53757,26964.0,-22.5,6.9,320.2,-48.7,0.7,-1.0,RS41-SG,403.700,7.3,625,11,2.6,,
2026-08-14T11:51:27.999Z,V3221124,8101,44.47875,7.53751,26941.3,-22.7,7.4,309.7,-48.5,0.6,-1.0,RS41-SG,403.700,7.3,625,11,2.7,,
2026-08-14T11:51:28.999Z,V3221124,8102,44.47880,7.53743,26917.9,-24.4,8.8,313.4,-48.4,0.6,-1.0,RS41-SG,403.700,7.1,625,11,2.7,,
2026-08-14T11:51:29.999Z,V3221124,8103,44.47885,7.53735,26893.5,-25.2,8.8,313.8,-48.3,0.6,-1.0,RS41-SG,403.700,7.1,625,11,2.7,,
2026-08-14T11:51:30.999Z,V3221124,8104,44.47891,7.53726,26869.0,-24.5,10.8,313.1,-48.1,0.6,-1.0,RS41-SG,403.700,7.8,625,11,2.6,,
2026-08-14T11:51:31.999Z,V3221124,8105,44.47898,7.53716,26844.7,-24.8,10.7,314.4,-48.0,0.6,-1.0,RS41-SG,403.700,7.8,625,11,2.6,,
2026-08-14T11:51:32.999Z,V3221124,8106,44.47904,7.53705,26820.0,-25.3,11.6,310.9,-47.8,0.6,-1.0,RS41-SG,403.700,7.2,625,11,2.7,,
2026-08-14T11:51:33.999Z,V3221124,8107,44.47911,7.53694,26794.5,-25.9,11.8,309.6,-47.6,0.6,-1.0,RS41-SG,403.700,7.2,625,11,2.7,,
2026-08-14T11:51:34.999Z,V3221124,8108,44.47917,7.53682,26769.6,-24.3,11.6,301.5,-47.5,0.5,-1.0,RS41-SG,403.700,7.3,625,11,2.7,,
2026-08-14T11:51:35.999Z,V3221124,8109,44.47923,7.53670,26746.5,-22.3,11.6,303.5,-47.5,0.6,-1.0,RS41-SG,403.700,7.4,625,11,2.6,08:28:00,
2026-08-14T11:51:36.999Z,V3221124,8110,44.47928,7.53657,26726.9,-17.7,11.9,296.2,-47.5,0.6,-1.0,RS41-SG,403.700,7.5,625,11,2.6,08:28:00,
2026-08-14T11:51:37.999Z,V3221124,8111,44.47933,7.53643,26710.4,-15.8,12.2,293.8,-47.6,0.6,-1.0,RS41-SG,403.700,7.5,625,11,2.6,08:28:00,
2026-08-14T11:51:39.999Z,V3221124,8113,44.47941,7.53614,26676.9,-18.5,12.7,291.3,-47.6,0.6,-1.0,RS41-SG,403.700,7.6,625,11,2.7,08:28:00,
2026-08-14T11:51:40.999Z,V3221124,8114,44.47945,7.53599,26658.1,-20.2,13.0,291.7,-47.6,0.6,-1.0,RS41-SG,403.700,7.6,625,11,2.7,08:28:00,
2026-08-14T11:51:41.999Z,V3221124,8115,44.47949,7.53583,26637.0,-22.5,12.9,291.9,-47.6,0.6,-1.0,RS41-SG,403.700,7.2,625,11,2.7,08:28:00,
2026-08-14T11:51:51.999Z,V3221124,8125,44.47983,7.53454,26426.5,-21.2,8.1,280.2,-47.4,0.6,-1.0,RS41-SG,403.700,7.3,625,11,2.7,08:28:00,
2026-08-14T11:51:52.999Z,V3221124,8126,44.47984,7.53444,26405.4,-21.2,8.5,283.5,-47.4,0.6,-1.0,RS41-SG,403.700,7.3,625,11,2.7,08:28:00,
2026-08-14T11:51:54.999Z,V3221124,8128,44.47990,7.53423,26361.7,-24.1,9.1,291.9,-47.4,0.6,-1.0,RS41-SG,403.700,6.7,625,11,2.6,08:28:00,
2026-08-14T11:51:55.999Z,V3221124,8129,44.47993,7.53412,26339.0,-22.2,10.1,296.8,-47.3,0.6,-1.0,RS41-SG,403.700,6.4,625,11,2.6,08:28:00,
2026-08-14T11:51:56.999Z,V3221124,8130,44.47998,7.53400,26317.4,-21.9,10.9,299.2,-47.2,0.6,-1.0,RS41-SG,403.700,6.9,625,11,2.7,08:28:00,
2026-08-14T11:51:57.999Z,V3221124,8131,44.48002,7.53388,26295.5,-23.0,11.2,299.4,-47.2,0.5,-1.0,RS41-SG,403.700,7.1,625,11,2.7,08:28:00,
2026-08-14T11:51:59.999Z,V3221124,8133,44.48013,7.53364,26251.0,-23.8,10.9,299.9,-47.2,0.6,-1.0,RS41-SG,403.700,7.2,625,11,2.7,08:28:00,
2026-08-14T11:52:01.999Z,V3221124,8135,44.48021,7.53342,26208.1,-20.5,9.2,294.1,-47.4,0.6,-1.0,RS41-SG,403.700,6.6,625,11,2.6,08:28:00,
2026-08-14T11:52:03.999Z,V3221124,8137,44.48026,7.53323,26166.2,-20.3,7.2,288.9,-47.7,0.6,-1.0,RS41-SG,403.700,7.2,625,11,2.7,08:28:00,
2026-08-14T11:52:04.999Z,V3221124,8138,44.48028,7.53315,26145.1,-22.2,6.9,288.0,-47.8,0.6,-1.0,RS41-SG,403.700,7.2,625,11,2.7,08:28:00,
2026-08-14T11:52:05.999Z,V3221124,8139,44.48030,7.53307,26122.1,-24.2,6.5,286.9,-47.8,0.6,-1.0,RS41-SG,403.700,7.2,625,11,2.7,08:28:00,
2026-08-14T11:52:06.999Z,V3221124,8140,44.48032,7.53299,26097.9,-24.8,6.2,289.4,-47.8,0.6,-1.0,RS41-SG,403.700,7.5,625,11,2.6,08:28:00,
2026-08-14T11:52:07.999Z,V3221124,8141,44.48034,7.53292,26072.8,-26.2,5.5,291.6,-47.8,0.6,-1.0,RS41-SG,403.700,7.5,625,11,2.6,08:28:00,
2026-08-14T11:52:08.999Z,V3221124,8142,44.48035,7.53286,26046.3,-27.9,5.4,294.0,-47.8,0.6,-1.0,RS41-SG,403.700,7.4,625,11,2.7,08:28:00,
2026-08-14T11:52:09.999Z,V3221124,8143,44.48037,7.53279,26020.6,-24.5,6.6,293.5,-47.8,0.6,-1.0,RS41-SG,403.700,7.6,625,11,2.7,08:28:00,
2026-08-14T11:52:10.999Z,V3221124,8144,44.48040,7.53272,25997.2,-22.3,7.3,300.1,-47.8,0.6,-1.0,RS41-SG,403.700,7.6,625,11,2.7,08:28:00,
2026-08-14T11:52:11.999Z,V3221124,8145,44.48044,7.53264,25975.0,-22.9,8.0,302.4,-47.8,0.6,-1.0,RS41-SG,403.700,6.9,625,11,2.6,08:28:00,
2026-08-14T11:52:13.999Z,V3221124,8147,44.48053,7.53246,25931.9,-22.0,9.5,309.4,-47.8,0.6,-1.0,RS41-SG,403.700,7.3,625,11,2.6,08:28:00,
2026-08-14T11:52:14.999Z,V3221124,8148,44.48059,7.53238,25909.8,-22.4,9.7,315.5,-47.7,0.6,-1.0,RS41-SG,403.700,7.3,625,11,2.7,08:28:00,
2026-08-14T11:52:15.999Z,V3221124,8149,44.48066,7.53229,25887.6,-23.0,10.1,319.8,-47.7,0.6,-1.0,RS41-SG,403.700,7.3,625,11,2.7,08:28:00,
2026-08-14T11:52:16.999Z,V3221124,8150,44.48073,7.53221,25863.9,-25.1,10.7,323.1,-47.8,0.6,-1.0,RS41-SG,403.700,7.3,625,11,2.7,08:28:00,
2026-08-14T11:52:17.999Z,V3221124,8151,44.48081,7.53214,25839.9,-24.2,9.6,327.5,-47.9,0.6,-1.0,RS41-SG,403.700,7.8,625,11,2.7,08:28:00,
2026-08-14T11:52:18.999Z,V3221124,8152,44.48088,7.53208,25816.9,-23.3,9.3,323.6,-48.0,0.6,-1.0,RS41-SG,403.700,7.8,625,11,2.6,08:28:00,
2026-08-14T11:52:19.999Z,V3221124,8153,44.48095,7.53201,25794.0,-23.5,9.6,328.2,-48.0,0.6,-1.0,RS41-SG,403.700,7.8,625,11,2.6,08:28:00,
2026-08-14T11:52:20.999Z,V3221124,8154,44.48101,7.53194,25771.8,-22.4,9.1,320.6,-48.0,0.6,-1.0,RS41-SG,403.700,7.9,625,11,2.6,08:28:00,
2026-08-14T11:52:21.999Z,V3221124,8155,44.48107,7.53187,25749.9,-22.3,8.3,318.1,-48.0,0.6,-1.0,RS41-SG,403.700,7.9,625,11,2.7,08:28:00,
2026-08-14T11:52:22.999Z,V3221124,8156,44.48113,7.53180,25727.2,-23.4,9.0,309.7,-48.0,0.6,-1.0,RS41-SG,403.700,7.3,625,11,2.7,08:28:00,
2026-08-14T11:52:23.999Z,V3221124,8157,44.48117,7.53171,25704.0,-23.4,8.4,306.5,-48.2,0.6,-1.0,RS41-SG,403.700,7.2,625,11,2.7,08:28:00,
2026-08-14T11:52:24.999Z,V3221124,8158,44.48121,7.53162,25680.9,-23.1,9.2,296.9,-48.4,0.7,-1.0,RS41-SG,403.700,7.3,625,11,2.6,08:28:00,
2026-08-14T11:52:25.999Z,V3221124,8159,44.48124,7.53151,25658.5,-23.4,9.4,289.1,-48.6,0.7,-1.0,RS41-SG,403.700,7.3,625,11,2.6,08:28:00,
2026-08-14T11:52:26.999Z,V3221124,8160,44.48127,7.53139,25636.7,-21.5,10.0,283.9,-48.6,0.7,-1.0,RS41-SG,403.700,7.0,625,11,2.7,08:27:09,
2026-08-14T11:52:27.999Z,V3221124,8161,44.48129,7.53127,25614.4,-23.8,10.7,283.1,-48.7,0.6,-1.0,RS41-SG,403.700,7.0,625,11,2.7,08:27:09,
2026-08-14T11:52:28.999Z,V3221124,8162,44.48131,7.53113,25590.7,-24.9,10.9,281.0,-48.7,0.6,-1.0,RS41-SG,403.700,7.1,625,11,2.7,08:27:09,
2026-08-14T11:52:29.999Z,V3221124,8163,44.48132,7.53100,25566.8,-23.8,10.4,276.8,-48.6,0.6,-1.0,RS41-SG,403.700,7.1,625,11,2.6,08:27:09,
2026-08-14T11:52:30.999Z,V3221124,8164,44.48133,7.53087,25544.9,-21.4,11.0,274.4,-48.5,0.6,-1.0,RS41-SG,403.700,7.1,625,11,2.6,08:27:09,
2026-08-14T11:52:34.999Z,V3221124,8168,44.48136,7.53033,25456.7,-24.4,10.8,276.6,-48.3,0.6,-1.0,RS41-SG,403.700,7.2,625,11,2.7,08:27:09,
2026-08-14T11:52:35.999Z,V3221124,8169,44.48138,7.53019,25432.6,-25.4,11.1,280.7,-48.4,0.6,-1.0,RS41-SG,403.700,8.2,625,11,2.7,08:27:09,
2026-08-14T11:52:36.999Z,V3221124,8170,44.48139,7.53006,25408.7,-23.3,10.4,278.3,-48.4,0.6,-1.0,RS41-SG,403.700,8.2,625,11,2.6,08:27:09,
2026-08-14T11:52:37.999Z,V3221124,8171,44.48140,7.52993,25386.0,-23.3,10.9,277.9,-48.5,0.6,-1.0,RS41-SG,403.700,7.5,625,11,2.6,08:27:09,
2026-08-14T11:52:38.999Z,V3221124,8172,44.48141,7.52980,25363.6,-22.4,11.1,273.9,-48.6,0.7,-1.0,RS41-SG,403.700,7.5,625,11,2.6,08:27:09,
2026-08-14T11:52:39.999Z,V3221124,8173,44.48142,7.52966,25341.9,-21.7,10.9,269.4,-48.7,0.7,-1.0,RS41-SG,403.700,7.0,625,11,2.7,08:27:09,
2026-08-14T11:52:41.999Z,V3221124,8175,44.48141,7.52938,25298.5,-24.9,11.3,266.0,-48.7,0.6,-1.0,RS41-SG,403.700,7.3,625,11,2.7,08:27:09,
2026-08-14T11:52:42.999Z,V3221124,8176,44.48140,7.52924,25274.4,-24.5,11.0,262.8,-48.7,0.6,-1.0,RS41-SG,403.700,7.3,625,11,2.6,08:27:09,
2026-08-14T11:52:43.999Z,V3221124,8177,44.48138,7.52911,25250.1,-25.1,10.3,261.4,-48.7,0.6,-1.0,RS41-SG,403.700,6.9,625,11,2.6,08:27:09,
2026-08-14T11:52:44.999Z,V3221124,8178,44.48137,7.52898,25225.2,-25.5,10.4,263.3,-48.7,0.6,-1.0,RS41-SG,403.700,7.1,625,11,2.7,08:27:09,
2026-08-14T11:52:45.999Z,V3221124,8179,44.48136,7.52885,25199.5,-27.0,10.4,260.8,-48.8,0.6,-1.0,RS41-SG,403.700,7.2,625,11,2.7,08:27:09,
2026-08-14T11:52:46.999Z,V3221124,8180,44.48135,7.52873,25173.9,-24.9,9.1,270.2,-48.9,0.6,-1.0,RS41-SG,403.700,7.2,625,11,2.7,08:27:09,
2026-08-14T11:52:48.999Z,V3221124,8182,44.48136,7.52851,25121.9,-27.8,8.8,275.5,-49.0,0.7,-1.0,RS41-SG,403.700,7.0,625,11,2.6,08:27:09,
2026-08-14T11:52:51.999Z,V3221124,8185,44.48141,7.52820,25043.3,-25.4,8.6,289.4,-49.1,0.7,-1.0,RS41-SG,403.700,7.2,625,11,2.7,08:27:09,
2026-08-14T11:52:52.999Z,V3221124,8186,44.48144,7.52809,25019.1,-24.4,9.3,286.0,-49.2,0.7,-1.0,RS41-SG,403.700,7.2,625,11,2.7,08:27:09,
2026-08-14T11:53:04.999Z,V3221124,8198,44.48157,7.52677,24759.0,-24.3,8.9,270.4,-50.1,0.7,-1.0,RS41-SG,403.700,6.8,625,11,2.7,08:27:09,
2026-08-14T11:53:05.999Z,V3221124,8199,44.48157,7.52666,24735.3,-24.1,8.8,278.7,-50.2,0.7,-1.0,RS41-SG,403.700,6.8,625,11,2.6,08:27:09,
2026-08-14T11:53:06.999Z,V3221124,8200,44.48158,7.52654,24711.5,-25.4,9.5,273.7,-50.2,0.7,-1.0,RS41-SG,403.700,7.3,625,11,2.6,08:27:09,
2026-08-14T11:53:07.999Z,V3221124,8201,44.48159,7.52643,24685.9,-26.0,8.9,278.7,-50.2,0.7,-1.0,RS41-SG,403.700,7.3,625,11,2.6,08:27:09,
2026-08-14T11:53:09.999Z,V3221124,8203,44.48160,7.52620,24636.9,-24.8,8.8,268.8,-50.2,0.7,-1.0,RS41-SG,403.700,8.1,625,11,2.7,08:27:09,
2026-08-14T11:53:10.999Z,V3221124,8204,44.48160,7.52609,24614.5,-20.9,8.3,266.0,-50.3,0.7,-1.0,RS41-SG,403.700,8.1,625,11,2.7,08:27:09,
2026-08-14T11:53:11.999Z,V3221124,8205,44.48159,7.52599,24594.0,-21.3,8.4,255.1,-50.3,0.7,-1.0,RS41-SG,403.700,7.6,625,11,2.7,08:27:09,
2026-08-14T11:53:12.999Z,V3221124,8206,44.48157,7.52590,24573.9,-21.5,7.4,256.5,-50.4,0.7,-1.0,RS41-SG,403.700,7.6,625,11,2.6,08:27:09,
2026-08-14T11:53:13.999Z,V3221124,8207,44.48155,7.52581,24553.1,-21.3,7.5,250.7,-50.4,0.7,-1.0,RS41-SG,403.700,7.3,625,11,2.6,08:27:09,
2026-08-14T11:53:14.999Z,V3221124,8208,44.48153,7.52572,24532.1,-21.9,7.6,254.0,-50.4,0.7,-1.0,RS41-SG,403.700,7.3,625,11,2.6,08:27:09,
2026-08-14T11:53:15.999Z,V3221124,8209,44.48151,7.52563,24510.3,-22.3,6.6,256.6,-50.5,0.7,-1.0,RS41-SG,403.700,7.3,625,11,2.7,08:27:09,
2026-08-14T11:53:16.999Z,V3221124,8210,44.48150,7.52555,24488.7,-21.6,6.8,261.2,-50.5,0.7,-1.0,RS41-SG,403.700,6.9,625,11,2.7,08:27:09,
2026-08-14T11:53:17.999Z,V3221124,8211,44.48150,7.52546,24467.4,-22.0,7.0,265.6,-50.5,0.8,-1.0,RS41-SG,403.700,6.8,625,11,2.7,08:26:18,
2026-08-14T11:53:18.999Z,V3221124,8212,44.48150,7.52538,24445.8,-22.0,6.7,278.0,-50.3,0.7,-1.0,RS41-SG,403.700,7.3,625,11,2.6,08:26:18,
2026-08-14T11:53:19.999Z,V3221124,8213,44.48151,7.52530,24424.3,-21.3,6.4,286.1,-50.2,0.7,-1.0,RS41-SG,403.700,7.7,625,11,2.6,08:26:18,
2026-08-14T11:53:20.999Z,V3221124,8214,44.48153,7.52522,24404.0,-20.4,6.5,293.4,-50.0,0.7,-1.0,RS41-SG,403.700,7.8,625,11,2.7,08:26:18,
2026-08-14T11:53:21.999Z,V3221124,8215,44.48155,7.52515,24382.8,-22.7,6.0,295.8,-50.0,0.7,-1.0,RS41-SG,403.700,7.8,625,11,2.7,08:26:18,
2026-08-14T11:53:23.999Z,V3221124,8217,44.48160,7.52499,24340.6,-20.9,7.5,290.4,-50.6,0.7,-1.0,RS41-SG,403.700,6.5,625,11,2.6,08:26:18,
2026-08-14T11:53:24.999Z,V3221124,8218,44.48163,7.52490,24319.5,-22.4,7.6,293.7,-50.9,0.8,-1.0,RS41-SG,403.700,6.8,625,11,2.6,08:26:18,
2026-08-14T11:53:25.999Z,V3221124,8219,44.48166,7.52481,24297.1,-23.2,8.2,294.6,-51.0,0.8,-1.0,RS41-SG,403.700,7.6,625,11,2.6,08:26:18,
2026-08-14T11:53:26.999Z,V3221124,8220,44.48169,7.52472,24273.5,-24.3,7.7,292.5,-51.1,0.8,-1.0,RS41-SG,403.700,7.6,625,11,2.7,08:26:18,
2026-08-14T11:53:27.999Z,V3221124,8221,44.48171,7.52463,24250.3,-22.4,8.4,285.1,-51.1,0.8,-1.0,RS41-SG,403.700,7.5,625,11,2.7,08:26:18,
2026-08-14T11:53:28.999Z,V3221124,8222,44.48173,7.52452,24228.5,-21.8,8.9,287.6,-51.1,0.7,-1.0,RS41-SG,403.700,7.2,625,11,2.7,08:26:18,
2026-08-14T11:53:29.999Z,V3221124,8223,44.48176,7.52442,24207.0,-21.9,8.7,291.6,-51.1,0.8,-1.0,RS41-SG,403.700,7.3,625,11,2.7,08:26:18,
2026-08-14T11:53:30.999Z,V3221124,8224,44.48179,7.52431,24185.6,-21.7,8.8,287.8,-51.1,0.7,-1.0,RS41-SG,403.700,7.4,625,11,2.6,08:26:18,
2026-08-14T11:53:31.999Z,V3221124,8225,44.48181,7.52420,24164.4,-21.8,9.5,287.6,-51.1,0.8,-1.0,RS41-SG,403.700,7.4,625,11,2.6,08:26:18,
2026-08-14T11:53:33.999Z,V3221124,8227,44.48185,7.52397,24120.9,-21.7,9.9,281.5,-50.8,0.7,-1.0,RS41-SG,403.700,6.9,625,11,2.7,08:26:18,
2026-08-14T11:53:34.999Z,V3221124,8228,44.48187,7.52385,24100.3,-20.0,9.8,284.7,-50.7,0.7,-1.0,RS41-SG,403.700,7.1,625,11,2.7,08:26:18,
2026-08-14T11:53:35.999Z,V3221124,8229,44.48190,7.52373,24079.7,-22.6,9.6,287.6,-50.6,0.7,-1.0,RS41-SG,403.700,7.1,625,11,2.7,08:26:18,
2026-08-14T11:53:36.999Z,V3221124,8230,44.48193,7.52362,24056.8,-24.5,10.0,290.1,-50.6,0.7,-1.0,RS41-SG,403.700,7.1,625,11,2.6,08:26:18,
2026-08-14T11:53:37.999Z,V3221124,8231,44.48196,7.52350,24034.9,-19.6,9.2,295.9,-50.5,0.7,-1.0,RS41-SG,403.700,7.8,625,11,2.6,08:26:18,
2026-08-14T11:53:38.999Z,V3221124,8232,44.48200,7.52340,24015.3,-20.5,8.9,295.1,-50.3,0.7,-1.0,RS41-SG,403.700,8.1,625,11,2.7,08:26:18,
2026-08-14T11:53:39.999Z,V3221124,8233,44.48204,7.52330,23995.6,-20.0,9.6,294.4,-50.2,0.7,-1.0,RS41-SG,403.700,8.1,625,11,2.7,08:26:18,
2026-08-14T11:53:40.999Z,V3221124,8234,44.48207,7.52318,23975.0,-22.5,10.0,294.5,-50.1,0.7,-1.0,RS41-SG,403.700,7.5,625,11,2.7,08:26:18,
2026-08-14T11:53:43.999Z,V3221124,8237,44.48218,7.52280,23918.2,-18.5,11.7,289.5,-50.5,0.7,-1.0,RS41-SG,403.700,6.7,625,11,2.6,08:26:18,
2026-08-14T11:53:47.999Z,V3221124,8241,44.48229,7.52220,23837.0,-20.5,11.9,276.8,-50.6,0.7,-1.0,RS41-SG,403.700,6.6,625,11,2.6,08:26:18,
2026-08-14T11:53:48.999Z,V3221124,8242,44.48230,7.52206,23817.9,-18.5,11.3,272.3,-50.6,0.7,-1.0,RS41-SG,403.700,6.8,625,11,2.6,08:26:18,
2026-08-14T11:53:51.999Z,V3221124,8245,44.48228,7.52166,23759.6,-21.6,10.3,263.2,-50.7,0.7,-1.0,RS41-SG,403.700,7.7,625,11,2.7,08:26:18,
2026-08-14T11:53:52.999Z,V3221124,8246,44.48227,7.52153,23737.9,-22.5,10.0,262.1,-50.7,0.7,-1.0,RS41-SG,403.700,7.7,625,11,2.6,08:26:18,
2026-08-14T11:53:53.999Z,V3221124,8247,44.48226,7.52141,23715.6,-22.5,9.7,264.0,-50.7,0.7,-1.0,RS41-SG,403.700,7.7,625,11,2.6,08:26:18,
2026-08-14T11:53:54.999Z,V3221124,8248,44.48225,7.52129,23695.7,-17.6,9.4,267.7,-50.6,0.7,-1.0,RS41-SG,403.700,7.6,625,11,2.6,08:26:18,
2026-08-14T11:53:55.999Z,V3221124,8249,44.48225,7.52118,23677.4,-19.5,8.6,266.9,-50.5,0.7,-1.0,RS41-SG,403.700,7.6,625,11,2.7,08:26:18,
2026-08-14T11:53:56.999Z,V3221124,8250,44.48225,7.52107,23658.5,-18.4,8.7,274.6,-50.4,0.7,-1.0,RS41-SG,403.700,7.7,625,11,2.7,08:26:18,
2026-08-14T11:53:57.999Z,V3221124,8251,44.48225,7.52096,23640.0,-19.9,9.1,272.5,-50.3,0.7,-1.0,RS41-SG,403.700,7.7,625,11,2.7,08:26:18,
2026-08-14T11:53:59.999Z,V3221124,8253,44.48226,7.52073,23599.4,-21.4,8.8,273.6,-50.0,0.7,-1.0,RS41-SG,403.700,7.5,625,11,2.6,08:26:18,
2026-08-14T11:54:00.999Z,V3221124,8254,44.48227,7.52062,23577.7,-22.5,8.9,272.7,-49.9,0.7,-1.0,RS41-SG,403.700,7.5,625,11,2.6,08:26:18,
2026-08-14T11:54:01.999Z,V3221124,8255,44.48227,7.52051,23555.9,-21.7,9.1,270.3,-49.8,0.7,-1.0,RS41-SG,403.700,7.5,625,11,2.6,08:26:18,
2026-08-14T11:54:02.999Z,V3221124,8256,44.48227,7.52039,23535.8,-19.3,9.2,267.5,-49.7,0.7,-1.0,RS41-SG,403.700,7.4,625,11,2.7,08:26:18,
2026-08-14T11:54:03.999Z,V3221124,8257,44.48226,7.52027,23517.6,-17.4,9.8,263.6,-49.6,0.7,-1.0,RS41-SG,403.700,7.7,625,11,2.7,08:26:18,
2026-08-14T11:54:04.999Z,V3221124,8258,44.48225,7.52015,23500.0,-18.7,9.6,260.4,-49.6,0.7,-1.0,RS41-SG,403.700,7.7,625,11,2.7,08:26:18,
2026-08-14T11:54:05.999Z,V3221124,8259,44.48223,7.52002,23482.2,-18.1,10.0,260.7,-49.6,0.7,-1.0,RS41-SG,403.700,7.5,625,11,2.6,08:26:18,
2026-08-14T11:54:06.999Z,V3221124,8260,44.48222,7.51990,23465.4,-16.5,10.0,260.6,-49.5,0.7,-1.0,RS41-SG,403.700,7.6,625,11,2.6,08:26:18,
2026-08-14T11:54:18.999Z,V3221124,8272,44.48202,7.51845,23224.9,-19.9,10.5,242.9,-49.7,0.7,-1.0,RS41-SG,403.700,7.0,625,11,2.7,08:26:18,
2026-08-14T11:54:21.999Z,V3221124,8275,44.48185,7.51812,23164.7,-20.7,11.0,227.5,-50.3,0.7,-1.0,RS41-SG,403.700,7.1,625,11,2.6,08:26:18,
2026-08-14T11:54:23.999Z,V3221124,8277,44.48173,7.51794,23123.3,-21.3,8.7,219.4,-50.4,0.7,-1.0,RS41-SG,403.700,7.2,625,11,2.6,08:26:18,
2026-08-14T11:54:24.999Z,V3221124,8278,44.48166,7.51788,23102.6,-20.8,8.2,209.8,-50.4,0.7,-1.0,RS41-SG,403.700,7.2,625,11,2.7,08:26:18,
2026-08-14T11:54:26.999Z,V3221124,8280,44.48154,7.51780,23059.6,-21.7,6.6,203.2,-50.6,0.7,-1.0,RS41-SG,403.700,6.8,625,11,2.7,08:26:18,
2026-08-14T11:54:27.999Z,V3221124,8281,44.48149,7.51776,23037.9,-22.5,5.7,203.4,-50.9,0.8,-1.0,RS41-SG,403.700,7.4,625,11,2.6,08:26:18,
2026-08-14T11:54:28.999Z,V3221124,8282,44.48145,7.51774,23015.3,-23.7,5.0,205.7,-51.1,0.8,-1.0,RS41-SG,403.700,7.8,625,11,2.6,08:26:18,
2026-08-14T11:54:29.999Z,V3221124,8283,44.48141,7.51771,22991.8,-24.0,3.6,205.5,-51.3,0.8,-1.0,RS41-SG,403.700,7.8,625,11,2.7,08:26:18,
2026-08-14T11:54:30.999Z,V3221124,8284,44.48139,7.51769,22968.3,-22.9,2.6,202.7,-51.4,0.8,-1.0,RS41-SG,403.700,7.6,625,11,2.7,08:26:18,
2026-08-14T11:54:31.999Z,V3221124,8285,44.48137,7.51767,22945.2,-23.9,2.2,229.7,-51.6,0.8,-1.0,RS41-SG,403.700,7.4,625,11,2.7,08:26:18,
2026-08-14T11:54:32.999Z,V3221124,8286,44.48136,7.51765,22921.9,-23.6,2.8,247.6,-51.9,0.8,-1.0,RS41-SG,403.700,7.4,625,11,2.6,08:26:18,
2026-08-14T11:54:33.999Z,V3221124,8287,44.48135,7.51761,22898.8,-23.3,2.9,276.8,-52.2,0.9,-1.0,RS41-SG,403.700,7.2,625,11,2.6,08:26:18,
2026-08-14T11:54:34.999Z,V3221124,8288,44.48136,7.51758,22876.5,-22.1,2.6,275.8,-52.5,0.9,-1.0,RS41-SG,403.700,7.2,625,11,2.6,08:26:18,
2026-08-14T11:54:35.999Z,V3221124,8289,44.48136,7.51754,22854.9,-21.4,3.6,273.0,-52.7,0.9,-1.0,RS41-SG,403.700,7.1,625,11,2.6,08:26:18,
2026-08-14T11:54:36.999Z,V3221124,8290,44.48137,7.51749,22833.2,-22.4,4.5,285.4,-52.8,0.9,-1.0,RS41-SG,403.700,7.3,625,11,2.7,08:26:18,
2026-08-14T11:54:37.999Z,V3221124,8291,44.48138,7.51743,22810.5,-23.7,4.3,287.3,-53.0,0.9,-1.0,RS41-SG,403.700,7.3,625,11,2.7,08:26:18,
2026-08-14T11:54:38.999Z,V3221124,8292,44.48139,7.51738,22787.8,-22.8,5.1,276.8,-53.2,0.9,-1.0,RS41-SG,403.700,6.9,625,11,2.6,08:26:18,
2026-08-14T11:54:51.999Z,V3221124,8305,44.48129,7.51640,22526.0,-21.1,4.8,227.7,-53.6,0.9,-1.0,RS41-SG,403.700,7.3,625,11,2.7,08:26:18,
2026-08-14T11:54:52.999Z,V3221124,8306,44.48127,7.51635,22504.6,-21.8,4.1,232.7,-53.7,0.9,-1.0,RS41-SG,403.700,7.3,625,11,2.7,08:26:18,
2026-08-14T11:54:53.999Z,V3221124,8307,44.48124,7.51631,22482.5,-23.2,4.2,232.1,-53.8,0.9,-1.0,RS41-SG,403.700,7.0,625,11,2.7,08:26:18,
2026-08-14T11:54:54.999Z,V3221124,8308,44.48122,7.51626,22460.2,-22.3,4.9,252.3,-53.8,0.9,-1.0,RS41-SG,403.700,7.0,625,11,2.6,08:26:18,
2026-08-14T11:54:55.999Z,V3221124,8309,44.48121,7.51619,22438.0,-22.9,5.4,262.2,-53.7,0.9,-1.0,RS41-SG,403.700,6.9,625,11,2.6,08:26:18,
2026-08-14T11:55:02.999Z,V3221124,8316,44.48123,7.51555,22312.5,-17.3,7.6,267.8,-53.5,0.9,-1.0,RS41-SG,403.700,7.3,625,11,2.7,08:26:18,
2026-08-14T11:55:03.999Z,V3221124,8317,44.48123,7.51545,22294.2,-19.7,8.1,265.5,-53.6,0.9,-1.0,RS41-SG,403.700,7.5,625,11,2.7,08:26:18,
2026-08-14T11:55:04.999Z,V3221124,8318,44.48122,7.51535,22274.7,-20.3,8.0,260.3,-53.6,0.9,-1.0,RS41-SG,403.700,7.5,625,11,2.7,08:26:18,
2026-08-14T11:55:05.999Z,V3221124,8319,44.48120,7.51526,22254.8,-20.6,7.6,258.7,-53.6,0.9,-1.0,RS41-SG,403.700,7.5,625,11,2.6,08:26:18,
2026-08-14T11:55:06.999Z,V3221124,8320,44.48119,7.51516,22236.0,-17.4,7.8,257.8,-53.7,0.9,-1.0,RS41-SG,403.700,7.5,625,11,2.6,08:26:18,
2026-08-14T11:55:08.999Z,V3221124,8322,44.48114,7.51497,22202.4,-17.4,7.8,250.6,-54.1,0.9,-1.0,RS41-SG,403.700,7.2,625,11,2.7,08:26:18,
2026-08-14T11:55:09.999Z,V3221124,8323,44.48112,7.51488,22185.3,-16.8,8.2,247.6,-54.2,0.9,-1.0,RS41-SG,403.700,7.6,625,11,2.7,08:26:18,
2026-08-14T11:55:10.999Z,V3221124,8324,44.48109,7.51478,22169.4,-15.3,8.0,249.3,-54.2,0.9,-1.0,RS41-SG,403.700,7.6,625,10,2.7,08:26:18,
2026-08-14T11:55:11.999Z,V3221124,8325,44.48107,7.51469,22153.8,-16.8,7.8,248.7,-54.1,0.9,-1.0,RS41-SG,403.700,7.3,625,11,2.6,08:26:18,
2026-08-14T11:55:13.999Z,V3221124,8327,44.48102,7.51451,22119.1,-19.5,7.5,253.6,-54.1,0.9,-1.0,RS41-SG,403.700,6.9,625,11,2.7,08:26:18,
2026-08-14T11:57:37.999Z,V3221124,8471,44.47863,7.50320,19508.4,-17.6,5.6,214.2,-57.8,1.3,-1.0,RS41-SG,403.700,6.6,625,10,2.6,08:26:18,
2026-08-14T12:01:13.999Z,V3221124,8687,44.47536,7.50700,16224.1,-15.5,7.2,151.7,-57.1,1.5,-1.0,RS41-SG,403.700,6.3,250,9,2.6,08:26:18,
2026-08-14T12:01:18.999Z,V3221124,8692,44.47510,7.50726,16145.2,-15.1,6.8,139.9,-56.7,1.5,-1.0,RS41-SG,403.700,6.8,250,9,2.6,08:26:18,
