timestamp,serial,frame,lat,lon,alt,vel_v,vel_h,heading,temp,humidity,pressure,type,freq_mhz,snr,f_error_hz,sats,batt_v,burst_timer,aux_data
2026-10-06T00:11:54.993Z,W4140722,5802,46.62571,6.58652,22751.8,4.3,2.9,153.4,-273.0,-1.0,-1.0,RS41,403.500,7.1,250,10,2.5,,
2026-10-06T00:13:16.993Z,W4140722,5884,46.62473,6.58474,23168.5,5.3,0.9,225.8,-273.0,-1.0,-1.0,RS41,403.500,6.4,250,10,2.5,,
2026-10-06T00:13:58.993Z,W4140722,5926,46.62432,6.58442,23388.2,6.2,0.9,220.4,-273.0,-1.0,-1.0,RS41,403.500,7.2,250,10,2.6,,
2026-10-06T00:14:58.993Z,W4140722,5986,46.62288,6.58403,23700.1,3.8,2.8,208.8,-273.0,-1.0,-1.0,RS41,403.500,7.1,250,10,2.6,,
2026-10-06T00:15:57.993Z,W4140722,6045,46.62237,6.58346,24006.6,6.3,2.6,17.3,-273.0,-1.0,-1.0,RS41,403.500,6.5,250,10,2.6,,
2026-10-06T00:16:23.993Z,W4140722,6071,46.62278,6.58351,24147.9,4.7,2.7,24.7,-273.0,-1.0,-1.0,RS41,403.500,6.9,250,10,2.6,,
2026-10-06T00:51:22.993Z,W4140722,8170,46.57304,6.80998,32703.6,-54.2,10.9,104.7,-273.0,-1.0,-1.0,RS41,403.501,9.1,-500,10,2.6,,
2026-10-06T00:51:23.993Z,W4140722,8171,46.57302,6.81012,32648.9,-55.5,11.3,101.8,-273.0,-1.0,-1.0,RS41,403.501,8.6,-500,10,2.5,,
2026-10-06T00:51:24.993Z,W4140722,8172,46.57301,6.81027,32592.8,-56.5,11.6,91.8,-273.0,-1.0,-1.0,RS41,403.501,8.3,-500,8,2.5,,
2026-10-06T00:51:25.993Z,W4140722,8173,46.57301,6.81041,32537.1,-56.3,11.1,86.1,-273.0,-1.0,-1.0,RS41,403.501,8.3,-500,10,2.5,,
2026-10-06T00:51:26.993Z,W4140722,8174,46.57302,6.81057,32480.0,-58.3,12.3,84.6,-273.0,-1.0,-1.0,RS41,403.501,9.1,-500,8,2.5,,
2026-10-06T00:51:27.993Z,W4140722,8175,46.57303,6.81072,32422.6,-57.6,12.3,81.9,-273.0,-1.0,-1.0,RS41,403.501,9.1,-500,9,2.6,,
2026-10-06T00:51:28.993Z,W4140722,8176,46.57304,6.81088,32366.1,-56.4,12.5,87.3,-273.0,-1.0,-1.0,RS41,403.501,10.2,-500,9,2.6,,
2026-10-06T00:51:29.993Z,W4140722,8177,46.57305,6.81104,32308.5,-59.2,11.7,82.3,-273.0,-1.0,-1.0,RS41,403.501,10.2,-500,9,2.6,,
2026-10-06T00:51:30.993Z,W4140722,8178,46.57306,6.81119,32249.8,-58.9,11.9,89.2,-273.0,-1.0,-1.0,RS41,403.501,9.9,-500,10,2.5,,
2026-10-06T00:51:31.993Z,W4140722,8179,46.57307,6.81134,32190.4,-60.7,11.1,84.7,-273.0,-1.0,-1.0,RS41,403.501,9.9,-500,9,2.5,,
2026-10-06T00:51:32.993Z,W4140722,8180,46.57307,6.81149,32130.4,-60.9,11.6,92.1,-273.0,-1.0,-1.0,RS41,403.501,9.4,-500,9,2.5,,
2026-10-06T00:51:33.993Z,W4140722,8181,46.57307,6.81163,32069.3,-61.2,10.6,88.2,-273.0,-1.0,-1.0,RS41,403.501,9.4,-500,9,2.5,,
2026-10-06T00:51:34.993Z,W4140722,8182,46.57306,6.81177,32008.5,-61.0,10.8,92.2,-273.0,-1.0,-1.0,RS41,403.501,8.5,-500,9,2.6,,
2026-10-06T00:51:35.993Z,W4140722,8183,46.57306,6.81190,31946.6,-63.2,9.5,96.8,-273.0,-1.0,-1.0,RS41,403.501,8.5,-500,10,2.6,,
2026-10-06T00:51:36.993Z,W4140722,8184,46.57305,6.81202,31883.5,-64.2,9.8,97.4,-273.0,-1.0,-1.0,RS41,403.501,8.2,-500,9,2.6,,
2026-10-06T00:51:37.993Z,W4140722,8185,46.57304,6.81214,31819.7,-65.0,8.8,94.1,-273.0,-1.0,-1.0,RS41,403.501,8.8,-500,9,2.5,,
2026-10-06T00:51:38.993Z,W4140722,8186,46.57303,6.81225,31755.7,-64.0,9.1,97.2,-273.0,-1.0,-1.0,RS41,403.501,8.8,-500,10,2.5,,
2026-10-06T00:51:39.993Z,W4140722,8187,46.57301,6.81237,31693.8,-61.1,9.1,107.1,-273.0,-1.0,-1.0,RS41,403.501,8.6,-500,9,2.5,,
2026-10-06T00:51:40.993Z,W4140722,8188,46.57298,6.81248,31634.9,-57.9,9.2,104.6,-273.0,-1.0,-1.0,RS41,403.501,8.2,-500,8,2.5,,
2026-10-06T00:51:41.993Z,W4140722,8189,46.57296,6.81259,31579.1,-54.8,8.6,110.5,-273.0,-1.0,-1.0,RS41,403.501,8.2,-500,8,2.6,,
2026-10-06T00:51:42.993Z,W4140722,8190,46.57293,6.81269,31524.9,-54.6,8.6,111.8,-273.0,-1.0,-1.0,RS41,403.501,8.5,-500,9,2.6,,
2026-10-06T00:51:43.993Z,W4140722,8191,46.57290,6.81280,31470.3,-55.2,9.3,116.2,-273.0,-1.0,-1.0,RS41,403.501,9.2,-500,9,2.6,,
2026-10-06T00:51:44.993Z,W4140722,8192,46.57286,6.81290,31414.7,-58.0,8.7,111.4,-273.0,-1.0,-1.0,RS41,403.501,9.4,-500,7,2.5,,
2026-10-06T00:51:45.993Z,W4140722,8193,46.57283,6.81301,31356.9,-58.9,9.3,118.1,-273.0,-1.0,-1.0,RS41,403.501,9.4,-500,8,2.5,,
2026-10-06T00:51:46.993Z,W4140722,8194,46.57279,6.81312,31298.0,-58.8,8.8,114.7,-273.0,-1.0,-1.0,RS41,403.501,9.6,-500,9,2.5,,
2026-10-06T00:51:47.993Z,W4140722,8195,46.57276,6.81322,31239.6,-59.5,8.6,116.5,-273.0,-1.0,-1.0,RS41-SG,403.501,9.6,-500,8,2.5,,
2026-10-06T00:51:48.993Z,W4140722,8196,46.57272,6.81333,31179.5,-60.6,9.8,118.1,-273.0,-1.0,-1.0,RS41-SG,403.501,8.3,-500,9,2.6,,
2026-10-06T00:51:49.993Z,W4140722,8197,46.57268,6.81344,31119.3,-60.8,9.6,119.2,-273.0,-1.0,-1.0,RS41-SG,403.501,8.2,-500,7,2.6,,
2026-10-06T00:51:50.993Z,W4140722,8198,46.57264,6.81355,31058.9,-60.3,9.4,120.2,-273.0,-1.0,-1.0,RS41-SG,403.501,8.1,-500,9,2.6,,
2026-10-06T00:51:53.993Z,W4140722,8201,46.57248,6.81386,30886.2,-58.8,9.8,127.1,-273.0,-1.0,-1.0,RS41-SG,403.501,7.4,-500,9,2.5,,
2026-10-06T00:51:54.993Z,W4140722,8202,46.57242,6.81396,30828.6,-58.1,10.4,126.8,-273.0,-1.0,-1.0,RS41-SG,403.501,8.4,-500,8,2.5,,
2026-10-06T00:51:55.993Z,W4140722,8203,46.57236,6.81407,30770.9,-58.3,11.4,125.3,-273.0,-1.0,-1.0,RS41-SG,403.501,8.4,-500,7,2.6,,
2026-10-06T00:51:57.993Z,W4140722,8205,46.57223,6.81431,30658.2,-55.3,10.7,130.1,-273.0,-1.0,-1.0,RS41-SG,403.501,8.0,-500,9,2.6,,
2026-10-06T00:52:00.993Z,W4140722,8208,46.57204,6.81464,30495.5,-55.4,11.1,132.9,-273.0,-1.0,-1.0,RS41-SG,403.501,7.9,-500,7,2.5,,
2026-10-06T00:52:12.993Z,W4140722,8220,46.57131,6.81592,29806.6,-50.4,8.2,130.4,-273.0,-1.0,-1.0,RS41-SG,403.501,6.4,-500,9,2.5,,
2026-10-06T00:52:15.993Z,W4140722,8223,46.57115,6.81614,29654.1,-49.4,10.5,146.8,-273.0,-1.0,-1.0,RS41-SG,403.501,7.2,-500,8,2.5,,
2026-10-06T00:52:16.993Z,W4140722,8224,46.57107,6.81622,29602.9,-51.9,10.0,145.7,-273.0,-1.0,-1.0,RS41-SG,403.501,7.6,-500,8,2.6,,
2026-10-06T00:52:17.993Z,W4140722,8225,46.57099,6.81630,29549.8,-53.3,11.7,144.0,-273.0,-1.0,-1.0,RS41-SG,403.501,7.6,-500,9,2.6,,
2026-10-06T00:52:18.993Z,W4140722,8226,46.57091,6.81640,29495.6,-54.3,11.8,143.1,-273.0,-1.0,-1.0,RS41-SG,403.501,8.2,-500,9,2.6,,
2026-10-06T00:52:21.993Z,W4140722,8229,46.57066,6.81671,29338.0,-51.6,12.3,133.7,-273.0,-1.0,-1.0,RS41-SG,403.501,8.1,-500,9,2.5,,
2026-10-06T00:52:22.993Z,W4140722,8230,46.57059,6.81682,29286.7,-52.1,11.8,128.3,-273.0,-1.0,-1.0,RS41-SG,403.501,8.1,-500,9,2.5,,
2026-10-06T00:52:23.993Z,W4140722,8231,46.57053,6.81693,29235.7,-51.8,10.6,126.2,-273.0,-1.0,-1.0,RS41-SG,403.501,9.5,-500,8,2.6,,
2026-10-06T00:52:24.993Z,W4140722,8232,46.57048,6.81704,29184.8,-51.5,10.3,120.5,-273.0,-1.0,-1.0,RS41-SG,403.501,10.2,-500,8,2.6,,
2026-10-06T00:52:25.993Z,W4140722,8233,46.57043,6.81715,29135.3,-50.4,10.0,116.3,-273.0,-1.0,-1.0,RS41-SG,403.501,10.2,-500,9,2.6,,
2026-10-06T00:52:26.993Z,W4140722,8234,46.57039,6.81727,29086.7,-49.0,10.5,113.7,-273.0,-1.0,-1.0,RS41-SG,403.501,10.2,-500,8,2.5,,
2026-10-06T00:52:27.993Z,W4140722,8235,46.57035,6.81739,29038.4,-49.1,10.5,109.6,-273.0,-1.0,-1.0,RS41-SG,403.501,10.5,-500,8,2.5,,
2026-10-06T00:52:28.993Z,W4140722,8236,46.57033,6.81752,28989.2,-50.0,9.9,104.5,-273.0,-1.0,-1.0,RS41-SG,403.501,10.7,-500,8,2.5,,
2026-10-06T00:52:29.993Z,W4140722,8237,46.57030,6.81763,28940.3,-49.0,9.2,103.6,-273.0,-1.0,-1.0,RS41-SG,403.501,11.1,-500,8,2.5,,
2026-10-06T00:52:30.993Z,W4140722,8238,46.57028,6.81774,28891.1,-51.0,7.7,101.9,-273.0,-1.0,-1.0,RS41-SG,403.501,11.8,-500,8,2.6,,
2026-10-06T00:52:31.993Z,W4140722,8239,46.57026,6.81784,28842.5,-47.6,8.1,107.0,-273.0,-1.0,-1.0,RS41-SG,403.501,11.8,-500,8,2.6,,
2026-10-06T00:52:32.993Z,W4140722,8240,46.57024,6.81793,28795.4,-46.7,7.6,102.2,-273.0,-1.0,-1.0,RS41-SG,403.501,11.1,-500,8,2.6,,
2026-10-06T00:52:33.993Z,W4140722,8241,46.57023,6.81802,28748.8,-47.9,6.3,94.6,-273.0,-1.0,-1.0,RS41-SG,403.501,11.1,-500,8,2.5,,
2026-10-06T00:52:34.993Z,W4140722,8242,46.57022,6.81810,28701.3,-49.3,6.1,95.9,-273.0,-1.0,-1.0,RS41-SG,403.501,11.0,-500,8,2.5,,
2026-10-06T00:52:35.993Z,W4140722,8243,46.57022,6.81818,28652.1,-49.4,6.5,96.0,-273.0,-1.0,-1.0,RS41-SG,403.501,11.0,-500,8,2.5,,
2026-10-06T00:52:36.993Z,W4140722,8244,46.57021,6.81827,28604.1,-48.7,6.7,96.4,-273.0,-1.0,-1.0,RS41-SG,403.501,10.9,-500,8,2.5,,
2026-10-06T00:52:37.993Z,W4140722,8245,46.57020,6.81835,28556.5,-47.2,6.2,88.5,-273.0,-1.0,-1.0,RS41-SG,403.501,11.1,-500,8,2.6,,
2026-10-06T00:52:38.993Z,W4140722,8246,46.57020,6.81843,28511.3,-44.7,7.3,96.0,-273.0,-1.0,-1.0,RS41-SG,403.501,11.1,-500,7,2.6,,
2026-10-06T00:52:39.993Z,W4140722,8247,46.57019,6.81853,28466.4,-45.1,7.1,98.2,-273.0,-1.0,-1.0,RS41-SG,403.501,11.9,-500,8,2.6,,
2026-10-06T00:52:40.993Z,W4140722,8248,46.57019,6.81861,28420.3,-47.9,5.9,91.7,-273.0,-1.0,-1.0,RS41-SG,403.501,11.9,-500,8,2.5,,
2026-10-06T00:52:41.993Z,W4140722,8249,46.57018,6.81869,28373.0,-47.9,7.1,103.9,-273.0,-1.0,-1.0,RS41-SG,403.501,10.5,-500,8,2.5,,
2026-10-06T00:52:42.993Z,W4140722,8250,46.57016,6.81878,28325.4,-48.3,7.1,105.2,-273.0,-1.0,-1.0,RS41-SG,403.501,10.5,-500,7,2.5,,
2026-10-06T00:52:43.993Z,W4140722,8251,46.57015,6.81887,28277.5,-48.5,6.6,98.6,-273.0,-1.0,-1.0,RS41-SG,403.501,11.0,-500,7,2.5,,
2026-10-06T00:52:44.993Z,W4140722,8252,46.57014,6.81895,28228.8,-48.5,6.3,101.7,-273.0,-1.0,-1.0,RS41-SG,403.501,11.0,-500,8,2.6,,
2026-10-06T00:52:45.993Z,W4140722,8253,46.57013,6.81903,28181.2,-46.4,6.4,102.3,-273.0,-1.0,-1.0,RS41-SG,403.501,10.2,-500,8,2.6,,
2026-10-06T00:52:46.993Z,W4140722,8254,46.57011,6.81912,28135.5,-45.3,6.7,103.6,-273.0,-1.0,-1.0,RS41-SG,403.501,10.4,-500,7,2.6,,
2026-10-06T00:52:47.993Z,W4140722,8255,46.57010,6.81920,28090.8,-44.4,6.8,103.5,-273.0,-1.0,-1.0,RS41-SG,403.501,10.6,-500,8,2.5,,
2026-10-06T00:52:48.993Z,W4140722,8256,46.57008,6.81929,28048.1,-42.7,6.3,109.8,-273.0,-1.0,-1.0,RS41-SG,403.501,10.6,-500,7,2.5,,
2026-10-06T00:52:49.993Z,W4140722,8257,46.57006,6.81936,28006.9,-41.5,5.3,107.2,-273.0,-1.0,-1.0,RS41-SG,403.501,9.6,-500,7,2.5,,
2026-10-06T00:52:50.993Z,W4140722,8258,46.57005,6.81941,27966.3,-40.9,3.8,88.0,-273.0,-1.0,-1.0,RS41-SG,403.501,9.1,-500,7,2.5,,
2026-10-06T00:52:51.993Z,W4140722,8259,46.57006,6.81946,27925.3,-40.9,4.2,74.1,-273.0,-1.0,-1.0,RS41-SG,403.501,9.1,-500,7,2.6,,
2026-10-06T00:52:52.993Z,W4140722,8260,46.57007,6.81952,27884.4,-40.7,4.9,65.0,-273.0,-1.0,-1.0,RS41-SG,403.501,10.0,-500,8,2.6,,
2026-10-06T00:52:53.993Z,W4140722,8261,46.57009,6.81958,27844.5,-39.6,5.3,60.9,-273.0,-1.0,-1.0,RS41-SG,403.501,10.0,-500,8,2.6,,
2026-10-06T00:52:54.993Z,W4140722,8262,46.57012,6.81963,27805.9,-38.9,5.1,54.3,-273.0,-1.0,-1.0,RS41-SG,403.501,9.5,-500,8,2.5,08:27:54,
2026-10-06T00:52:56.993Z,W4140722,8264,46.57017,6.81974,27729.6,-38.0,5.1,47.5,-273.0,-1.0,-1.0,RS41-SG,403.501,9.2,-500,7,2.5,08:27:54,
2026-10-06T00:52:57.993Z,W4140722,8265,46.57021,6.81978,27691.9,-38.4,5.4,40.8,-273.0,-1.0,-1.0,RS41-SG,403.501,9.2,-500,7,2.5,08:27:54,
2026-10-06T00:52:58.993Z,W4140722,8266,46.57024,6.81983,27654.1,-37.8,5.1,56.8,-273.0,-1.0,-1.0,RS41-SG,403.501,8.9,-500,8,2.6,08:27:54,
2026-10-06T00:53:00.993Z,W4140722,8268,46.57028,6.81994,27578.7,-37.9,4.6,62.0,-273.0,-1.0,-1.0,RS41-SG,403.501,8.5,-500,7,2.6,08:27:54,
2026-10-06T00:53:01.993Z,W4140722,8269,46.57030,6.81999,27540.3,-38.6,3.1,57.4,-273.0,-1.0,-1.0,RS41-SG,403.501,8.5,-500,7,2.5,08:27:54,
2026-10-06T00:53:02.993Z,W4140722,8270,46.57031,6.82002,27502.6,-37.5,3.0,100.5,-273.0,-1.0,-1.0,RS41-SG,403.501,7.7,-500,7,2.5,08:27:54,
2026-10-06T00:53:03.993Z,W4140722,8271,46.57031,6.82006,27465.0,-38.2,2.5,86.4,-273.0,-1.0,-1.0,RS41-SG,403.501,7.3,-500,8,2.5,08:27:54,
2026-10-06T00:53:05.993Z,W4140722,8273,46.57030,6.82010,27388.4,-37.7,1.1,126.3,-273.0,-1.0,-1.0,RS41-SG,403.501,8.4,-500,8,2.6,08:27:54,
2026-10-06T00:53:53.993Z,W4140722,8321,46.56981,6.82076,25724.1,-31.8,4.1,193.6,-273.0,-1.0,-1.0,RS41-SG,403.501,7.8,-500,8,2.5,08:27:54,
2026-10-06T00:54:01.993Z,W4140722,8329,46.56952,6.82081,25468.2,-31.5,5.1,148.3,-273.0,-1.0,-1.0,RS41-SG,403.501,9.1,-500,8,2.6,08:27:54,
2026-10-06T00:54:02.993Z,W4140722,8330,46.56948,6.82085,25437.1,-31.1,6.6,142.8,-273.0,-1.0,-1.0,RS41-SG,403.501,9.1,-500,8,2.6,08:27:54,
2026-10-06T00:54:03.993Z,W4140722,8331,46.56944,6.82091,25405.6,-31.9,6.6,134.2,-273.0,-1.0,-1.0,RS41-SG,403.501,8.6,-500,7,2.5,08:27:54,
2026-10-06T00:54:04.993Z,W4140722,8332,46.56940,6.82097,25374.1,-31.2,6.3,139.1,-273.0,-1.0,-1.0,RS41-SG,403.501,8.1,-500,8,2.5,08:27:54,
2026-10-06T00:54:05.993Z,W4140722,8333,46.56935,6.82103,25343.1,-30.9,8.0,139.2,-273.0,-1.0,-1.0,RS41-SG,403.501,9.0,-500,8,2.5,08:27:54,
2026-10-06T00:54:06.993Z,W4140722,8334,46.56930,6.82110,25311.6,-31.5,7.4,133.3,-273.0,-1.0,-1.0,RS41-SG,403.501,9.3,-500,8,2.6,08:27:54,
2026-10-06T00:54:07.993Z,W4140722,8335,46.56925,6.82116,25280.3,-31.3,6.8,139.0,-273.0,-1.0,-1.0,RS41-SG,403.501,9.5,-500,8,2.6,08:27:54,
2026-10-06T00:54:08.993Z,W4140722,8336,46.56920,6.82122,25249.2,-31.1,8.3,141.0,-273.0,-1.0,-1.0,RS41-SG,403.501,9.5,-500,8,2.6,08:27:54,
2026-10-06T00:54:09.993Z,W4140722,8337,46.56915,6.82129,25218.0,-31.5,7.5,135.3,-273.0,-1.0,-1.0,RS41-SG,403.501,9.0,-500,7,2.5,08:27:54,
2026-10-06T00:54:12.993Z,W4140722,8340,46.56901,6.82148,25124.8,-31.4,6.7,130.2,-273.0,-1.0,-1.0,RS41-SG,403.501,6.6,-500,8,2.5,08:27:54,
2026-10-06T00:54:13.993Z,W4140722,8341,46.56897,6.82154,25093.9,-31.0,5.7,132.0,-273.0,-1.0,-1.0,RS41-SG,403.501,8.0,-500,8,2.6,08:27:54,
2026-10-06T00:54:14.993Z,W4140722,8342,46.56893,6.82160,25063.7,-30.3,6.4,127.3,-273.0,-1.0,-1.0,RS41-SG,403.501,9.1,-500,8,2.6,08:27:54,
2026-10-06T00:54:15.993Z,W4140722,8343,46.56891,6.82167,25032.3,-31.8,5.8,115.1,-273.0,-1.0,-1.0,RS41-SG,403.501,9.6,-500,8,2.6,08:27:54,
2026-10-06T00:54:16.993Z,W4140722,8344,46.56889,6.82173,25001.3,-30.9,4.7,110.2,-273.0,-1.0,-1.0,RS41-SG,403.501,9.9,-500,8,2.5,08:27:54,
2026-10-06T00:54:17.993Z,W4140722,8345,46.56887,6.82179,24971.1,-30.3,5.7,108.0,-273.0,-1.0,-1.0,RS41-SG,403.501,9.9,-500,8,2.5,08:27:54,
2026-10-06T00:54:18.993Z,W4140722,8346,46.56886,6.82186,24940.4,-31.0,5.2,94.9,-273.0,-1.0,-1.0,RS41-SG,403.501,9.4,-500,8,2.5,08:27:54,
2026-10-06T00:54:19.993Z,W4140722,8347,46.56886,6.82192,24909.9,-30.5,4.5,98.3,-273.0,-1.0,-1.0,RS41-SG,403.501,9.8,-500,8,2.5,08:27:54,
2026-10-06T00:54:20.993Z,W4140722,8348,46.56885,6.82199,24879.8,-29.9,5.5,110.9,-273.0,-1.0,-1.0,RS41-SG,403.501,9.8,-500,8,2.6,08:27:54,
2026-10-06T00:54:21.993Z,W4140722,8349,46.56883,6.82205,24849.8,-30.1,5.2,107.6,-273.0,-1.0,-1.0,RS41-SG,403.501,10.2,-500,8,2.6,08:27:54,
2026-10-06T00:54:22.993Z,W4140722,8350,46.56881,6.82211,24819.6,-30.0,4.2,124.6,-273.0,-1.0,-1.0,RS41-SG,403.501,10.2,-500,8,2.5,08:27:54,
2026-10-06T00:54:23.993Z,W4140722,8351,46.56879,6.82215,24789.9,-29.6,5.8,134.7,-273.0,-1.0,-1.0,RS41-SG,403.501,9.8,-500,7,2.5,08:27:54,
2026-10-06T00:54:24.993Z,W4140722,8352,46.56875,6.82220,24760.2,-30.0,4.7,139.7,-273.0,-1.0,-1.0,RS41-SG,403.501,9.5,-500,7,2.5,08:27:54,
2026-10-06T00:54:25.993Z,W4140722,8353,46.56872,6.82223,24730.2,-30.1,4.5,155.1,-273.0,-1.0,-1.0,RS41-SG,403.501,9.5,-500,8,2.6,08:27:54,
2026-10-06T00:54:26.993Z,W4140722,8354,46.56867,6.82226,24700.7,-29.4,6.4,158.9,-273.0,-1.0,-1.0,RS41-SG,403.501,9.0,-500,8,2.6,08:27:54,
2026-10-06T00:54:27.993Z,W4140722,8355,46.56862,6.82228,24671.0,-29.1,5.2,160.6,-273.0,-1.0,-1.0,RS41-SG,403.501,9.0,-500,8,2.6,08:27:54,
2026-10-06T00:54:28.993Z,W4140722,8356,46.56858,6.82230,24642.3,-28.7,5.1,172.7,-273.0,-1.0,-1.0,RS41-SG,403.501,8.8,-500,8,2.5,08:27:54,
2026-10-06T00:54:29.993Z,W4140722,8357,46.56853,6.82231,24613.5,-28.9,6.2,163.3,-273.0,-1.0,-1.0,RS41-SG,403.501,8.2,-500,8,2.5,08:27:54,
2026-10-06T00:54:30.993Z,W4140722,8358,46.56848,6.82233,24584.0,-29.9,4.9,161.2,-273.0,-1.0,-1.0,RS41-SG,403.501,9.4,-500,8,2.5,08:27:54,
2026-10-06T00:54:31.993Z,W4140722,8359,46.56844,6.82235,24554.4,-29.5,4.3,167.0,-273.0,-1.0,-1.0,RS41-SG,403.501,9.4,-500,8,2.5,08:27:54,
2026-10-06T00:54:32.993Z,W4140722,8360,46.56840,6.82237,24525.1,-29.2,5.0,154.4,-273.0,-1.0,-1.0,RS41-SG,403.501,7.8,-500,8,2.6,08:27:54,
2026-10-06T00:54:33.993Z,W4140722,8361,46.56837,6.82240,24495.4,-29.8,3.7,147.9,-273.0,-1.0,-1.0,RS41-SG,403.501,7.8,-500,8,2.6,08:27:54,
2026-10-06T00:54:34.993Z,W4140722,8362,46.56834,6.82242,24466.4,-29.0,3.2,150.9,-273.0,-1.0,-1.0,RS41-SG,403.501,9.4,-500,8,2.5,08:27:54,
2026-10-06T00:54:35.993Z,W4140722,8363,46.56832,6.82245,24437.8,-28.6,4.0,139.1,-273.0,-1.0,-1.0,RS41-SG,403.501,9.4,-500,8,2.5,08:27:54,
2026-10-06T00:54:36.993Z,W4140722,8364,46.56830,6.82248,24409.3,-28.4,2.7,119.9,-273.0,-1.0,-1.0,RS41-SG,403.501,9.5,-500,8,2.5,08:26:12,
2026-10-06T00:54:37.993Z,W4140722,8365,46.56829,6.82251,24380.8,-29.1,1.3,119.2,-273.0,-1.0,-1.0,RS41-SG,403.501,9.5,-500,7,2.6,08:26:12,
2026-10-06T00:54:38.993Z,W4140722,8366,46.56828,6.82252,24352.0,-28.1,2.2,129.7,-273.0,-1.0,-1.0,RS41-SG,403.501,9.3,-500,8,2.6,08:26:12,
2026-10-06T00:54:39.993Z,W4140722,8367,46.56828,6.82254,24322.6,-29.2,1.5,103.5,-273.0,-1.0,-1.0,RS41-SG,403.501,10.0,-500,8,2.6,08:26:12,
2026-10-06T00:54:40.993Z,W4140722,8368,46.56828,6.82256,24293.9,-28.8,0.3,26.6,-273.0,-1.0,-1.0,RS41-SG,403.501,10.0,-500,8,2.5,08:26:12,
2026-10-06T00:54:41.993Z,W4140722,8369,46.56827,6.82256,24265.4,-28.2,0.8,140.0,-56.7,0.8,-1.0,RS41-SG,403.501,9.7,-500,8,2.5,08:26:12,
2026-10-06T00:54:42.993Z,W4140722,8370,46.56827,6.82257,24237.0,-29.1,1.0,62.0,-56.6,0.8,-1.0,RS41-SG,403.501,8.8,-500,7,2.5,08:26:12,
2026-10-06T00:54:43.993Z,W4140722,8371,46.56828,6.82258,24208.4,-28.8,0.7,16.0,-56.6,0.8,-1.0,RS41-SG,403.501,9.3,-500,8,2.5,08:26:12,
2026-10-06T00:54:44.993Z,W4140722,8372,46.56828,6.82258,24180.7,-27.7,0.8,93.1,-56.8,0.8,-1.0,RS41-SG,403.501,9.3,-500,8,2.6,08:26:12,
2026-10-06T00:54:45.993Z,W4140722,8373,46.56829,6.82260,24152.3,-28.4,1.9,68.1,-56.8,0.8,-1.0,RS41-SG,403.501,9.1,-500,8,2.6,08:26:12,
2026-10-06T00:54:46.993Z,W4140722,8374,46.56829,6.82262,24124.0,-28.3,1.6,46.0,-56.7,0.8,-1.0,RS41-SG,403.501,9.7,-500,8,2.5,08:26:12,
2026-10-06T00:54:47.993Z,W4140722,8375,46.56830,6.82264,24096.4,-27.3,1.6,82.6,-56.7,0.8,-1.0,RS41-SG,403.501,9.7,-500,8,2.5,08:26:12,
2026-10-06T00:54:48.993Z,W4140722,8376,46.56830,6.82266,24068.7,-28.4,2.5,65.9,-56.6,0.8,-1.0,RS41-SG,403.501,10.0,-500,8,2.5,08:26:12,
2026-10-06T00:54:49.993Z,W4140722,8377,46.56831,6.82268,24041.0,-28.0,1.8,45.9,-56.6,0.8,-1.0,RS41-SG,403.501,10.0,-500,7,2.6,08:26:12,
2026-10-06T00:54:50.993Z,W4140722,8378,46.56832,6.82270,24013.1,-27.9,1.7,86.7,-56.5,0.8,-1.0,RS41-SG,403.501,9.2,-500,8,2.6,08:26:12,
2026-10-06T00:54:51.993Z,W4140722,8379,46.56832,6.82272,23984.9,-28.2,2.1,72.6,-56.5,0.8,-1.0,RS41-SG,403.501,10.3,-500,8,2.6,08:26:12,
2026-10-06T00:54:52.993Z,W4140722,8380,46.56833,6.82274,23957.1,-27.9,0.9,43.8,-56.5,0.8,-1.0,RS41-SG,403.501,10.3,-500,8,2.5,08:26:12,
2026-10-06T00:54:53.993Z,W4140722,8381,46.56833,6.82275,23930.0,-27.6,1.6,134.5,-56.6,0.8,-1.0,RS41-SG,403.501,9.8,-500,8,2.5,08:26:12,
2026-10-06T00:54:54.993Z,W4140722,8382,46.56832,6.82277,23902.6,-27.6,1.5,126.1,-56.6,0.8,-1.0,RS41-SG,403.501,9.3,-500,8,2.5,08:26:12,
2026-10-06T00:54:55.993Z,W4140722,8383,46.56831,6.82277,23875.4,-27.6,0.9,209.1,-56.6,0.8,-1.0,RS41-SG,403.501,9.4,-500,7,2.5,08:26:12,
2026-10-06T00:54:56.993Z,W4140722,8384,46.56829,6.82277,23848.4,-27.1,2.7,175.8,-56.5,0.8,-1.0,RS41-SG,403.501,9.4,-500,7,2.6,08:26:12,
2026-10-06T00:54:57.993Z,W4140722,8385,46.56827,6.82277,23820.8,-28.0,2.2,177.3,-56.5,0.8,-1.0,RS41-SG,403.501,10.1,-500,7,2.6,08:26:12,
2026-10-06T00:54:58.993Z,W4140722,8386,46.56825,6.82276,23793.4,-27.7,2.7,210.4,-56.6,0.8,-1.0,RS41-SG,403.501,10.1,-500,7,2.5,08:26:12,
2026-10-06T00:54:59.993Z,W4140722,8387,46.56822,6.82275,23766.2,-27.6,4.3,189.4,-56.6,0.8,-1.0,RS41-SG,403.501,9.5,-500,7,2.5,08:26:12,
2026-10-06T00:55:00.993Z,W4140722,8388,46.56819,6.82274,23738.9,-27.6,3.6,190.5,-56.7,0.8,-1.0,RS41-SG,403.501,9.0,-500,7,2.5,08:26:12,
2026-10-06T00:55:01.993Z,W4140722,8389,46.56815,6.82272,23711.5,-27.5,4.1,203.5,-56.8,0.8,-1.0,RS41-SG,403.501,9.0,-500,8,2.6,08:26:12,
2026-10-06T00:55:02.993Z,W4140722,8390,46.56811,6.82271,23685.0,-26.7,5.4,185.5,-56.9,0.8,-1.0,RS41-SG,403.501,8.6,-500,7,2.6,08:26:12,
2026-10-06T00:55:03.993Z,W4140722,8391,46.56807,6.82271,23657.2,-27.9,4.5,183.2,-57.1,0.8,-1.0,RS41-SG,403.501,9.2,-500,8,2.6,08:26:12,
2026-10-06T00:55:04.993Z,W4140722,8392,46.56802,6.82270,23629.8,-27.3,4.7,191.0,-57.3,0.9,-1.0,RS41-SG,403.501,9.2,-500,8,2.5,08:26:12,
2026-10-06T00:55:05.993Z,W4140722,8393,46.56798,6.82270,23602.8,-26.9,5.9,177.7,-57.4,0.9,-1.0,RS41-SG,403.501,8.5,-500,8,2.5,08:26:12,
2026-10-06T00:55:06.993Z,W4140722,8394,46.56793,6.82270,23575.3,-27.7,4.9,173.5,-57.4,0.9,-1.0,RS41-SG,403.501,9.2,-500,8,2.5,08:26:12,
2026-10-06T00:55:07.993Z,W4140722,8395,46.56788,6.82271,23548.6,-26.8,5.0,179.4,-57.5,0.9,-1.0,RS41-SG,403.501,9.2,-500,8,2.5,08:26:12,
2026-10-06T00:55:08.993Z,W4140722,8396,46.56783,6.82272,23522.2,-26.5,5.7,167.5,-57.6,0.9,-1.0,RS41-SG,403.501,8.6,-500,8,2.6,08:26:12,
2026-10-06T00:55:09.993Z,W4140722,8397,46.56779,6.82273,23495.2,-27.3,4.3,162.0,-57.6,0.9,-1.0,RS41-SG,403.501,8.6,-500,8,2.6,08:26:12,
2026-10-06T00:55:10.993Z,W4140722,8398,46.56776,6.82275,23468.5,-26.7,3.8,167.6,-57.6,0.9,-1.0,RS41-SG,403.501,8.5,-500,8,2.5,08:26:12,
2026-10-06T00:55:11.993Z,W4140722,8399,46.56772,6.82276,23442.4,-26.4,4.1,152.9,-57.6,0.9,-1.0,RS41-SG,403.501,9.0,-500,7,2.5,08:26:12,
2026-10-06T00:55:12.993Z,W4140722,8400,46.56770,6.82278,23415.5,-27.3,2.7,147.8,-57.7,0.9,-1.0,RS41-SG,403.501,9.3,-500,8,2.5,08:26:12,
2026-10-06T00:55:13.993Z,W4140722,8401,46.56768,6.82280,23389.2,-26.5,2.6,158.1,-57.7,0.9,-1.0,RS41-SG,403.501,9.3,-500,8,2.6,08:26:12,
2026-10-06T00:55:14.993Z,W4140722,8402,46.56766,6.82282,23362.2,-27.1,2.5,133.1,-57.8,0.9,-1.0,RS41-SG,403.501,9.6,-500,7,2.6,08:26:12,
2026-10-06T00:55:15.993Z,W4140722,8403,46.56764,6.82283,23335.3,-27.0,0.9,150.9,-58.0,0.9,-1.0,RS41-SG,403.501,9.6,-500,8,2.5,08:26:12,
2026-10-06T00:55:16.993Z,W4140722,8404,46.56763,6.82284,23309.0,-26.4,1.7,160.7,-58.1,1.0,-1.0,RS41-SG,403.501,8.8,-500,8,2.5,08:26:12,
2026-10-06T00:55:17.993Z,W4140722,8405,46.56762,6.82285,23282.2,-26.8,0.9,123.5,-58.2,1.0,-1.0,RS41-SG,403.501,9.6,-500,8,2.5,08:26:12,
2026-10-06T00:55:18.993Z,W4140722,8406,46.56762,6.82285,23255.4,-27.0,0.6,280.5,-58.3,1.0,-1.0,RS41-SG,403.501,9.6,-500,8,2.6,08:26:12,
2026-10-06T00:55:19.993Z,W4140722,8407,46.56762,6.82285,23229.4,-26.2,1.3,172.3,-58.4,1.0,-1.0,RS41-SG,403.501,8.5,-500,7,2.6,08:26:12,
2026-10-06T00:55:20.993Z,W4140722,8408,46.56761,6.82285,23202.8,-27.0,0.1,153.1,-58.4,1.0,-1.0,RS41-SG,403.501,9.1,-500,8,2.6,08:26:12,
2026-10-06T00:55:21.993Z,W4140722,8409,46.56761,6.82285,23176.1,-26.8,0.8,271.5,-58.4,0.9,-1.0,RS41-SG,403.501,9.1,-500,8,2.5,08:26:12,
2026-10-06T00:55:22.993Z,W4140722,8410,46.56760,6.82284,23149.8,-26.2,1.0,165.9,-58.3,0.9,-1.0,RS41-SG,403.501,8.2,-500,8,2.5,08:26:12,
2026-10-06T00:55:24.993Z,W4140722,8412,46.56760,6.82284,23096.8,-26.2,0.5,270.3,-58.2,0.9,-1.0,RS41-SG,403.501,8.7,-500,8,2.5,08:26:12,
2026-10-06T00:55:25.993Z,W4140722,8413,46.56760,6.82284,23070.1,-26.8,0.4,47.2,-58.4,1.0,-1.0,RS41-SG,403.501,8.8,-500,7,2.6,08:26:12,
2026-10-06T00:55:26.993Z,W4140722,8414,46.56761,6.82284,23043.3,-27.1,1.3,323.9,-58.5,1.0,-1.0,RS41-SG,403.501,9.0,-500,7,2.6,08:26:12,
2026-10-06T00:55:28.993Z,W4140722,8416,46.56762,6.82281,22989.6,-26.6,1.4,327.6,-58.5,1.0,-1.0,RS41-SG,403.501,8.9,-500,7,2.5,08:26:12,
2026-10-06T00:55:29.993Z,W4140722,8417,46.56764,6.82280,22962.7,-27.2,2.6,306.5,-58.5,0.9,-1.0,RS41-SG,403.501,8.9,-500,7,2.5,08:26:12,
2026-10-06T00:55:30.993Z,W4140722,8418,46.56764,6.82277,22936.3,-26.2,1.4,277.7,-58.5,1.0,-1.0,RS41-SG,403.501,8.8,-500,8,2.6,08:26:12,
2026-10-06T00:55:31.993Z,W4140722,8419,46.56765,6.82275,22909.8,-27.2,1.8,299.8,-58.5,1.0,-1.0,RS41-SG,403.501,8.8,-500,8,2.6,08:26:12,
2026-10-06T00:55:33.993Z,W4140722,8421,46.56765,6.82270,22856.5,-27.1,1.2,242.2,-58.4,0.9,-1.0,RS41-SG,403.501,8.4,-500,8,2.5,08:26:12,
2026-10-06T00:55:35.993Z,W4140722,8423,46.56763,6.82267,22803.7,-26.3,2.6,193.3,-58.3,0.9,-1.0,RS41-SG,403.501,7.0,-500,7,2.6,08:26:12,
2026-10-06T00:55:36.993Z,W4140722,8424,46.56761,6.82266,22777.3,-26.6,2.1,168.9,-58.4,0.9,-1.0,RS41-SG,403.501,7.5,-500,8,2.6,08:26:12,
2026-10-06T00:55:40.993Z,W4140722,8428,46.56750,6.82273,22672.0,-25.8,4.0,149.9,-58.5,1.0,-1.0,RS41-SG,403.501,7.0,-500,8,2.6,08:26:12,
2026-10-06T00:55:41.993Z,W4140722,8429,46.56748,6.82276,22646.2,-26.5,3.9,134.7,-58.6,1.0,-1.0,RS41-SG,403.501,7.5,-500,7,2.6,08:26:12,
2026-10-06T00:55:42.993Z,W4140722,8430,46.56746,6.82279,22619.8,-26.5,2.6,135.1,-58.6,1.0,-1.0,RS41-SG,403.501,8.0,-500,8,2.5,08:26:12,
2026-10-06T00:55:43.993Z,W4140722,8431,46.56744,6.82281,22594.3,-26.0,2.7,146.5,-58.7,1.0,-1.0,RS41-SG,403.501,8.0,-500,8,2.5,08:26:12,
2026-10-06T00:55:44.993Z,W4140722,8432,46.56742,6.82283,22568.4,-26.0,2.3,127.4,-58.8,1.0,-1.0,RS41-SG,403.501,8.0,-500,8,2.5,08:26:12,
2026-10-06T00:55:45.993Z,W4140722,8433,46.56741,6.82284,22542.8,-26.2,0.4,168.3,-58.9,1.0,-1.0,RS41-SG,403.501,8.0,-500,8,2.6,08:26:12,
2026-10-06T00:55:46.993Z,W4140722,8434,46.56741,6.82285,22517.4,-25.3,1.7,149.7,-59.0,1.0,-1.0,RS41-SG,403.501,7.4,-500,8,2.6,08:26:12,
2026-10-06T00:55:47.993Z,W4140722,8435,46.56740,6.82286,22491.3,-26.5,0.6,137.9,-59.0,1.0,-1.0,RS41-SG,403.501,8.0,-500,8,2.5,08:26:12,
2026-10-06T00:55:50.993Z,W4140722,8438,46.56738,6.82284,22414.6,-25.9,1.3,247.4,-59.3,1.1,-1.0,RS41-SG,403.501,7.6,-500,8,2.6,08:26:12,
