timestamp,serial,frame,lat,lon,alt,vel_v,vel_h,heading,temp,humidity,pressure,type,freq_mhz,snr,f_error_hz,sats,batt_v,burst_timer,aux_data
2026-09-04T01:09:07.991Z,X1423240,9312,45.06352,9.18811,34275.8,5.4,2.4,111.7,-273.0,-1.0,-1.0,RS41,404.900,11.4,250,11,2.6,,
2026-09-04T01:09:08.991Z,X1423240,9313,45.06351,9.18812,34281.2,5.3,1.6,208.3,-273.0,-1.0,-1.0,RS41,404.900,11.4,250,11,2.6,,
2026-09-04T01:09:09.991Z,X1423240,9314,45.06350,9.18809,34286.2,4.6,4.3,244.6,-273.0,-1.0,-1.0,RS41,404.900,9.6,250,10,2.5,,
2026-09-04T01:09:10.991Z,X1423240,9315,45.06348,9.18803,34290.6,3.7,6.8,252.2,-273.0,-1.0,-1.0,RS41,404.900,11.0,250,11,2.5,,
2026-09-04T01:09:11.991Z,X1423240,9316,45.06346,9.18794,34294.2,3.5,8.5,254.4,-273.0,-1.0,-1.0,RS41,404.900,11.0,250,11,2.5,,
2026-09-04T01:09:12.991Z,X1423240,9317,45.06344,9.18783,34298.1,4.3,8.8,256.9,-273.0,-1.0,-1.0,RS41-SG,404.900,9.8,250,11,2.6,,
2026-09-04T01:09:13.991Z,X1423240,9318,45.06342,9.18773,34302.9,5.3,7.5,258.6,-273.0,-1.0,-1.0,RS41-SG,404.900,10.1,250,11,2.6,,
2026-09-04T01:09:14.991Z,X1423240,9319,45.06341,9.18765,34308.5,5.7,4.8,258.3,-273.0,-1.0,-1.0,RS41-SG,404.900,10.1,250,11,2.5,,
2026-09-04T01:09:15.991Z,X1423240,9320,45.06341,9.18761,34313.9,5.0,1.7,255.5,-273.0,-1.0,-1.0,RS41-SG,404.900,9.1,250,11,2.5,,
2026-09-04T01:09:16.991Z,X1423240,9321,45.06341,9.18761,34318.3,3.8,1.2,86.3,-273.0,-1.0,-1.0,RS41-SG,404.900,10.5,250,11,2.5,,
2026-09-04T01:09:17.991Z,X1423240,9322,45.06341,9.18764,34321.7,2.9,3.4,85.9,-273.0,-1.0,-1.0,RS41-SG,404.900,11.1,250,11,2.6,,
2026-09-04T01:09:18.991Z,X1423240,9323,45.06341,9.18769,34325.0,3.7,4.6,87.9,-273.0,-1.0,-1.0,RS41-SG,404.900,11.1,250,11,2.6,,
2026-09-04T01:09:19.991Z,X1423240,9324,45.06341,9.18774,34329.3,4.9,4.2,93.3,-273.0,-1.0,-1.0,RS41-SG,404.900,11.1,250,11,2.5,,
2026-09-04T01:09:20.991Z,X1423240,9325,45.06340,9.18778,34334.4,5.4,2.3,108.9,-273.0,-1.0,-1.0,RS41-SG,404.900,11.0,250,11,2.5,,
2026-09-04T01:09:21.991Z,X1423240,9326,45.06340,9.18779,34339.8,5.3,1.4,209.6,-273.0,-1.0,-1.0,RS41-SG,404.900,11.0,250,11,2.5,,
2026-09-04T01:09:22.991Z,X1423240,9327,45.06338,9.18777,34344.6,4.4,3.9,246.9,-273.0,-1.0,-1.0,RS41-SG,404.900,11.0,250,11,2.6,,
2026-09-04T01:09:23.991Z,X1423240,9328,45.06337,9.18770,34348.6,3.6,6.5,255.9,-273.0,-1.0,-1.0,RS41-SG,404.900,10.7,250,11,2.6,,
2026-09-04T01:09:24.991Z,X1423240,9329,45.06336,9.18761,34352.1,3.4,8.2,261.2,-273.0,-1.0,-1.0,RS41-SG,404.900,10.4,250,11,2.5,,
2026-09-04T01:09:25.991Z,X1423240,9330,45.06335,9.18751,34355.9,4.2,8.5,269.3,-273.0,-1.0,-1.0,RS41-SG,404.900,10.1,250,11,2.5,,
2026-09-04T01:09:26.991Z,X1423240,9331,45.06336,9.18741,34360.6,5.3,7.3,280.9,-273.0,-1.0,-1.0,RS41-SG,404.900,9.8,250,11,2.5,,
2026-09-04T01:09:27.991Z,X1423240,9332,45.06337,9.18734,34366.0,5.5,5.4,302.8,-273.0,-1.0,-1.0,RS41-SG,404.900,9.2,250,11,2.6,,
2026-09-04T01:09:28.991Z,X1423240,9333,45.06341,9.18730,34371.2,4.7,4.1,338.0,-273.0,-1.0,-1.0,RS41-SG,404.900,9.3,250,11,2.6,,
2026-09-04T01:09:29.991Z,X1423240,9334,45.06344,9.18730,34375.3,3.5,4.5,17.1,-273.0,-1.0,-1.0,RS41-SG,404.900,9.7,250,11,2.5,,
2026-09-04T01:09:30.991Z,X1423240,9335,45.06348,9.18733,34378.7,3.2,5.5,43.8,-273.0,-1.0,-1.0,RS41-SG,404.900,10.6,250,11,2.5,,
2026-09-04T01:09:31.991Z,X1423240,9336,45.06351,9.18739,34382.2,3.8,6.0,60.6,-273.0,-1.0,-1.0,RS41-SG,404.900,10.6,250,11,2.5,,
2026-09-04T01:09:32.991Z,X1423240,9337,45.06353,9.18745,34386.5,4.8,5.3,77.0,-273.0,-1.0,-1.0,RS41-SG,404.900,10.7,250,11,2.6,,
2026-09-04T01:09:33.991Z,X1423240,9338,45.06353,9.18751,34391.7,5.5,3.9,100.8,-273.0,-1.0,-1.0,RS41-SG,404.900,10.7,250,11,2.6,,
2026-09-04T01:09:34.991Z,X1423240,9339,45.06352,9.18754,34396.9,5.0,2.8,142.8,-273.0,-1.0,-1.0,RS41-SG,404.900,10.6,250,11,2.5,,
2026-09-04T01:09:35.991Z,X1423240,9340,45.06349,9.18755,34401.4,3.9,3.1,188.7,-37.0,-1.0,-1.0,RS41-SG,404.900,10.5,250,11,2.5,,
2026-09-04T01:09:36.991Z,X1423240,9341,45.06346,9.18753,34405.3,3.7,4.1,218.4,-37.0,-1.0,-1.0,RS41-SG,404.900,10.8,250,11,2.5,,
2026-09-04T01:09:37.991Z,X1423240,9342,45.06344,9.18749,34409.3,4.3,4.4,241.0,-37.0,-1.0,-1.0,RS41-SG,404.900,10.8,250,11,2.6,,
2026-09-04T01:09:38.991Z,X1423240,9343,45.06343,9.18744,34414.1,5.2,4.1,265.0,-37.0,-1.0,-1.0,RS41-SG,404.900,10.7,250,11,2.6,,
2026-09-04T01:09:39.991Z,X1423240,9344,45.06344,9.18740,34419.5,5.5,3.6,302.5,-37.0,-1.0,-1.0,RS41-SG,404.900,9.2,250,11,2.5,,
2026-09-04T01:09:40.991Z,X1423240,9345,45.06346,9.18737,34424.7,5.0,4.3,340.3,-37.0,-1.0,-1.0,RS41-SG,404.900,9.4,250,11,2.5,,
2026-09-04T01:09:41.991Z,X1423240,9346,45.06351,9.18736,34429.3,4.0,5.7,3.5,-37.0,-1.0,-1.0,RS41-SG,404.900,9.5,250,11,2.5,,
2026-09-04T01:09:42.991Z,X1423240,9347,45.06356,9.18738,34433.1,3.5,7.1,17.6,-37.0,-1.0,-1.0,RS41-SG,404.900,10.2,250,11,2.6,,
2026-09-04T01:09:43.991Z,X1423240,9348,45.06362,9.18741,34436.8,3.9,7.6,26.7,-37.0,-1.0,-1.0,RS41-SG,404.900,10.9,250,11,2.6,,
2026-09-04T01:09:44.991Z,X1423240,9349,45.06368,9.18746,34441.1,4.7,7.0,34.6,-37.0,-1.0,-1.0,RS41-SG,404.900,10.9,250,11,2.5,,
2026-09-04T01:09:45.991Z,X1423240,9350,45.06372,9.18751,34445.9,5.0,5.5,40.2,-36.9,-1.0,-1.0,RS41-SG,404.900,10.7,250,11,2.5,,
2026-09-04T01:09:46.991Z,X1423240,9351,45.06375,9.18754,34450.8,4.7,3.4,44.9,-36.9,-1.0,-1.0,RS41-SG,404.900,10.7,250,11,2.5,,
2026-09-04T01:09:47.991Z,X1423240,9352,45.06377,9.18757,34455.3,4.3,1.4,39.4,-36.9,-1.0,-1.0,RS41-SG,404.900,10.9,250,11,2.6,,
2026-09-04T01:09:48.991Z,X1423240,9353,45.06378,9.18757,34459.5,3.9,0.8,309.9,-36.9,0.6,-1.0,RS41-SG,404.900,10.9,250,11,2.6,,
2026-09-04T01:09:49.991Z,X1423240,9354,45.06378,9.18755,34463.5,3.9,2.0,292.8,-36.9,0.6,-1.0,RS41-SG,404.900,10.0,250,11,2.5,,
2026-09-04T01:09:50.991Z,X1423240,9355,45.06379,9.18752,34467.7,4.4,3.3,309.5,-36.8,0.6,-1.0,RS41-SG,404.900,9.5,250,11,2.5,,
2026-09-04T01:09:51.991Z,X1423240,9356,45.06382,9.18749,34472.4,4.9,4.7,328.8,-36.8,0.6,-1.0,RS41-SG,404.900,9.6,250,11,2.5,,
2026-09-04T01:09:52.991Z,X1423240,9357,45.06387,9.18747,34477.2,4.8,6.3,346.0,-36.8,0.6,-1.0,RS41-SG,404.900,9.6,250,11,2.6,,
2026-09-04T01:09:53.991Z,X1423240,9358,45.06393,9.18746,34482.0,4.7,7.9,359.6,-36.8,0.6,-1.0,RS41-SG,404.900,9.1,250,11,2.6,,
2026-09-04T01:09:54.991Z,X1423240,9359,45.06400,9.18747,34486.4,4.2,9.0,10.4,-36.8,0.6,-1.0,RS41-SG,404.900,9.5,250,11,2.5,,
2026-09-04T01:09:55.991Z,X1423240,9360,45.06408,9.18750,34490.5,4.0,9.2,19.7,-36.8,0.6,-1.0,RS41-SG,404.900,9.5,250,11,2.5,,
2026-09-04T01:09:56.991Z,X1423240,9361,45.06415,9.18754,34494.8,4.5,8.3,30.4,-36.8,0.6,-1.0,RS41-SG,404.900,8.9,250,11,2.5,,
2026-09-04T01:09:57.991Z,X1423240,9362,45.06421,9.18760,34499.5,4.8,6.6,44.5,-36.9,0.6,-1.0,RS41-SG,404.900,8.9,250,11,2.6,,
2026-09-04T01:09:58.991Z,X1423240,9363,45.06424,9.18766,34504.3,4.7,4.7,67.5,-36.9,0.6,-1.0,RS41-SG,404.900,9.7,250,11,2.6,,
2026-09-04T01:09:59.991Z,X1423240,9364,45.06424,9.18771,34508.7,4.2,3.6,106.6,-36.8,0.6,-1.0,RS41-SG,404.900,9.7,250,11,2.5,,
2026-09-04T01:10:00.991Z,X1423240,9365,45.06422,9.18774,34512.7,3.6,3.6,144.7,-36.9,0.6,-1.0,RS41-SG,404.900,10.4,250,11,2.5,,
2026-09-04T01:10:01.991Z,X1423240,9366,45.06419,9.18776,34516.3,3.7,3.6,170.9,-36.9,0.6,-1.0,RS41-SG,404.900,10.6,250,11,2.5,,
2026-09-04T01:10:02.991Z,X1423240,9367,45.06416,9.18776,34520.5,4.7,2.9,195.3,-36.9,0.6,-1.0,RS41-SG,404.900,10.6,250,11,2.6,,
2026-09-04T01:10:03.991Z,X1423240,9368,45.06415,9.18774,34525.5,5.3,1.7,253.6,-36.9,0.6,-1.0,RS41-SG,404.900,9.6,250,11,2.6,,
2026-09-04T01:10:04.991Z,X1423240,9369,45.06416,9.18772,34530.8,5.2,3.2,325.9,-36.9,0.6,-1.0,RS41-SG,404.900,9.9,250,11,2.5,,
2026-09-04T01:10:05.991Z,X1423240,9370,45.06420,9.18770,34535.5,4.3,6.0,346.9,-36.9,0.6,-1.0,RS41-SG,404.900,10.2,250,11,2.5,,
2026-09-04T01:10:06.991Z,X1423240,9371,45.06426,9.18769,34539.2,3.2,8.5,356.3,-36.9,0.6,-1.0,RS41-SG,404.900,10.5,250,11,2.5,,
2026-09-04T01:10:07.991Z,X1423240,9372,45.06434,9.18769,34542.5,3.3,10.2,3.3,-36.8,0.6,-1.0,RS41-SG,404.900,10.5,250,11,2.6,,
2026-09-04T01:10:08.991Z,X1423240,9373,45.06444,9.18770,34546.3,4.3,10.5,9.8,-36.8,0.6,-1.0,RS41-SG,404.900,9.5,250,11,2.6,,
2026-09-04T01:10:09.991Z,X1423240,9374,45.06452,9.18773,34551.0,5.2,9.2,17.8,-36.8,0.6,-1.0,RS41-SG,404.900,9.0,250,11,2.5,,
2026-09-04T01:10:10.991Z,X1423240,9375,45.06459,9.18777,34556.5,5.6,7.0,29.4,-36.8,0.6,-1.0,RS41-SG,404.900,9.7,250,11,2.5,,
2026-09-04T01:10:11.991Z,X1423240,9376,45.06463,9.18782,34561.7,4.8,4.8,49.2,-36.8,0.6,-1.0,RS41-SG,404.900,10.2,250,11,2.5,,
2026-09-04T01:10:12.991Z,X1423240,9377,45.06465,9.18786,34565.8,3.5,3.5,82.4,-36.7,0.6,-1.0,RS41-SG,404.900,10.5,250,11,2.6,,
2026-09-04T01:10:13.991Z,X1423240,9378,45.06464,9.18790,34569.2,3.1,3.4,116.8,-36.7,0.6,-1.0,RS41-SG,404.900,10.5,250,11,2.6,,
2026-09-04T01:10:14.991Z,X1423240,9379,45.06462,9.18794,34572.7,3.8,3.3,135.3,-36.7,0.6,-1.0,RS41-SG,404.900,11.2,250,11,2.5,,
2026-09-04T01:10:15.991Z,X1423240,9380,45.06461,9.18796,34577.1,5.0,2.2,133.0,-36.7,0.6,-1.0,RS41-SG,404.900,11.2,250,11,2.5,,
2026-09-04T01:10:16.991Z,X1423240,9381,45.06460,9.18798,34582.4,5.5,1.3,53.8,-36.7,0.6,-1.0,RS41-SG,404.900,10.7,250,11,2.5,,
2026-09-04T01:10:17.991Z,X1423240,9382,45.06462,9.18799,34587.5,5.1,3.6,9.8,-36.7,0.6,-1.0,RS41-SG,404.900,10.4,250,11,2.6,,
2026-09-04T01:10:18.991Z,X1423240,9383,45.06467,9.18800,34591.9,3.7,6.3,4.1,-36.6,0.6,-1.0,RS41-SG,404.900,10.7,250,11,2.6,,
2026-09-04T01:10:19.991Z,X1423240,9384,45.06473,9.18800,34595.2,3.0,8.5,2.5,-36.6,0.6,-1.0,RS41-SG,404.900,10.7,250,11,2.5,,
2026-09-04T01:10:20.991Z,X1423240,9385,45.06481,9.18801,34598.5,3.4,9.7,2.2,-36.6,0.6,-1.0,RS41-SG,404.900,10.1,250,11,2.5,,
2026-09-04T01:10:21.991Z,X1423240,9386,45.06490,9.18801,34602.5,4.5,9.5,2.9,-36.6,0.6,-1.0,RS41-SG,404.900,9.9,250,11,2.5,,
2026-09-04T01:10:22.991Z,X1423240,9387,45.06498,9.18802,34607.4,5.3,7.8,4.4,-36.6,0.6,-1.0,RS41-SG,404.900,9.5,250,11,2.6,,
2026-09-04T01:10:23.991Z,X1423240,9388,45.06504,9.18803,34612.8,5.2,5.3,7.5,-36.6,0.6,-1.0,RS41-SG,404.900,9.1,250,11,2.6,,
2026-09-04T01:10:24.991Z,X1423240,9389,45.06507,9.18804,34617.6,4.3,2.7,15.7,-36.5,0.6,-1.0,RS41-SG,404.900,9.4,250,11,2.5,,
2026-09-04T01:10:25.991Z,X1423240,9390,45.06509,9.18805,34621.5,3.2,0.8,66.2,-36.5,0.6,-1.0,RS41-SG,404.900,10.3,250,11,2.5,,
2026-09-04T01:10:26.991Z,X1423240,9391,45.06508,9.18805,34624.7,3.2,1.5,149.7,-36.5,0.6,-1.0,RS41-SG,404.900,10.8,250,11,2.5,,
2026-09-04T01:10:27.991Z,X1423240,9392,45.06507,9.18806,34628.2,3.8,1.9,155.4,-36.4,0.6,-1.0,RS41-SG,404.900,10.8,250,11,2.6,,
2026-09-04T01:10:28.991Z,X1423240,9393,45.06506,9.18808,34632.5,4.8,1.2,131.0,-36.3,0.6,-1.0,RS41-SG,404.900,10.1,250,11,2.6,,
2026-09-04T01:10:29.991Z,X1423240,9394,45.06506,9.18809,34637.5,5.1,1.6,38.6,-36.3,0.6,-1.0,RS41-SG,404.900,10.5,250,11,2.6,,
2026-09-04T01:10:30.991Z,X1423240,9395,45.06508,9.18810,34642.5,4.8,3.8,16.1,-36.2,0.6,-1.0,RS41-SG,404.900,11.0,250,11,2.5,,
2026-09-04T01:10:31.991Z,X1423240,9396,45.06512,9.18811,34646.9,3.8,6.0,11.0,-36.2,0.6,-1.0,RS41-SG,404.900,11.0,250,11,2.5,,
2026-09-04T01:10:32.991Z,X1423240,9397,45.06518,9.18813,34650.4,3.3,7.6,9.2,-36.1,0.6,-1.0,RS41-SG,404.900,10.7,250,11,2.5,,
2026-09-04T01:10:33.991Z,X1423240,9398,45.06525,9.18815,34654.1,3.9,8.4,9.0,-36.1,0.6,-1.0,RS41-SG,404.900,10.4,250,11,2.5,,
2026-09-04T01:10:34.991Z,X1423240,9399,45.06532,9.18816,34658.6,4.9,7.6,9.6,-36.1,0.5,-1.0,RS41-SG,404.900,10.2,250,11,2.6,,
2026-09-04T01:10:35.991Z,X1423240,9400,45.06538,9.18818,34663.7,5.3,5.9,10.8,-36.0,0.6,-1.0,RS41-SG,404.900,9.5,250,11,2.6,,
2026-09-04T01:10:36.991Z,X1423240,9401,45.06542,9.18819,34668.8,4.8,3.6,12.6,-36.0,0.5,-1.0,RS41-SG,404.900,9.8,250,11,2.5,,
2026-09-04T01:10:37.991Z,X1423240,9402,45.06545,9.18820,34673.0,3.7,1.4,13.3,-36.0,0.5,-1.0,RS41-SG,404.900,11.0,250,11,2.5,,
2026-09-04T01:10:38.991Z,X1423240,9403,45.06545,9.18819,34676.7,3.4,0.6,219.0,-35.9,0.5,-1.0,RS41-SG,404.900,11.0,250,11,2.5,,
2026-09-04T01:10:39.991Z,X1423240,9404,45.06544,9.18818,34680.3,3.8,1.9,223.5,-35.9,0.5,-1.0,RS41-SG,404.900,10.3,250,11,2.6,,
2026-09-04T01:10:40.991Z,X1423240,9405,45.06543,9.18816,34684.3,4.3,2.4,244.5,-35.9,0.6,-1.0,RS41-SG,404.900,10.3,250,11,2.6,,
2026-09-04T01:10:41.991Z,X1423240,9406,45.06543,9.18813,34688.7,4.5,3.0,274.1,-35.9,0.6,-1.0,RS41-SG,404.900,10.3,250,11,2.5,,
2026-09-04T01:10:42.991Z,X1423240,9407,45.06544,9.18809,34693.1,4.3,4.1,297.2,-35.8,0.6,-1.0,RS41-SG,404.900,11.0,250,11,2.5,,
2026-09-04T01:10:43.991Z,X1423240,9408,45.06546,9.18804,34697.3,3.9,5.4,312.7,-35.8,0.6,-1.0,RS41-SG,404.900,11.0,250,11,2.5,,
2026-09-04T01:10:44.991Z,X1423240,9409,45.06550,9.18799,34701.2,3.8,6.5,322.0,-35.8,0.6,-1.0,RS41-SG,404.900,10.4,250,11,2.6,,
2026-09-04T01:10:45.991Z,X1423240,9410,45.06555,9.18794,34705.2,4.1,6.9,327.8,-35.7,0.5,-1.0,RS41-SG,404.900,10.4,250,11,2.6,,
2026-09-04T01:10:46.991Z,X1423240,9411,45.06560,9.18790,34709.5,4.4,6.3,331.0,-35.7,0.6,-1.0,RS41-SG,404.900,9.6,250,11,2.5,,
2026-09-04T01:10:47.991Z,X1423240,9412,45.06564,9.18786,34713.9,4.5,4.7,334.4,-35.6,0.5,-1.0,RS41-SG,404.900,9.1,250,11,2.5,,
2026-09-04T01:10:48.991Z,X1423240,9413,45.06567,9.18785,34718.4,4.3,2.4,341.0,-35.6,0.6,-1.0,RS41-SG,404.900,10.1,250,11,2.5,,
2026-09-04T01:10:49.991Z,X1423240,9414,45.06568,9.18784,34722.5,4.0,0.5,80.7,-35.6,0.5,-1.0,RS41-SG,404.900,10.1,250,11,2.6,,
2026-09-04T01:10:50.991Z,X1423240,9415,45.06568,9.18786,34726.4,3.7,2.4,142.2,-35.5,0.5,-1.0,RS41-SG,404.900,9.9,250,11,2.6,,
2026-09-04T01:10:51.991Z,X1423240,9416,45.06565,9.18788,34730.1,3.7,3.9,146.7,-35.5,0.5,-1.0,RS41-SG,404.900,9.9,250,11,2.6,,
2026-09-04T01:10:52.991Z,X1423240,9417,45.06562,9.18791,34734.1,4.3,4.1,150.4,-35.5,0.5,-1.0,RS41-SG,404.900,10.4,250,11,2.5,,
2026-09-04T01:10:53.991Z,X1423240,9418,45.06560,9.18793,34738.8,4.9,2.9,153.7,-35.5,0.5,-1.0,RS41-SG,404.900,10.5,250,11,2.5,,
2026-09-04T01:10:54.991Z,X1423240,9419,45.06558,9.18793,34743.8,5.0,0.7,198.3,-35.5,0.5,-1.0,RS41-SG,404.900,10.5,250,11,2.5,,
2026-09-04T01:10:55.991Z,X1423240,9420,45.06559,9.18792,34748.6,4.4,2.7,314.8,-35.5,0.5,-1.0,RS41-SG,404.900,10.1,250,11,2.5,,
2026-09-04T01:10:56.991Z,X1423240,9421,45.06562,9.18788,34752.7,3.6,5.9,320.8,-35.5,0.5,-1.0,RS41-SG,404.900,9.3,250,11,2.6,,
2026-09-04T01:10:57.991Z,X1423240,9422,45.06567,9.18783,34756.2,3.3,8.7,322.1,-35.5,0.5,-1.0,RS41-SG,404.900,9.3,250,11,2.6,,
2026-09-04T01:10:58.991Z,X1423240,9423,45.06573,9.18775,34759.7,3.6,10.3,322.7,-35.5,0.5,-1.0,RS41-SG,404.900,9.2,250,11,2.5,,
2026-09-04T01:10:59.991Z,X1423240,9424,45.06581,9.18767,34763.8,4.4,10.4,322.7,-35.7,0.5,-1.0,RS41-SG,404.900,8.3,250,11,2.5,,
2026-09-04T01:11:00.991Z,X1423240,9425,45.06588,9.18760,34768.7,5.3,8.7,322.7,-35.7,0.6,-1.0,RS41-SG,404.900,7.5,250,11,2.5,,
2026-09-04T01:11:02.991Z,X1423240,9427,45.06595,9.18752,34779.0,4.4,2.2,318.2,-35.6,0.6,-1.0,RS41-SG,404.900,7.5,250,11,2.6,,
2026-09-04T01:11:03.991Z,X1423240,9428,45.06596,9.18751,34782.8,3.3,1.3,152.6,-35.5,0.5,-1.0,RS41-SG,404.900,8.1,250,11,2.5,,
2026-09-04T01:11:04.991Z,X1423240,9429,45.06593,9.18753,34786.0,2.9,4.3,145.9,-35.4,0.5,-1.0,RS41-SG,404.900,9.3,250,11,2.5,,
2026-09-04T01:11:05.991Z,X1423240,9430,45.06590,9.18757,34789.4,3.8,6.0,142.7,-35.4,0.5,-1.0,RS41-SG,404.900,9.3,250,11,2.5,,
2026-09-04T01:11:06.991Z,X1423240,9431,45.06586,9.18761,34794.0,5.2,5.8,139.5,-35.3,0.6,-1.0,RS41-SG,404.900,9.6,250,11,2.6,,
2026-09-04T01:11:07.991Z,X1423240,9432,45.06583,9.18766,34799.6,6.1,3.7,129.8,-35.3,0.5,-1.0,RS41-SG,404.900,9.6,250,11,2.6,,
2026-09-04T01:11:08.991Z,X1423240,9433,45.06582,9.18768,34805.7,5.8,1.4,55.0,-35.3,0.5,-1.0,RS41-SG,404.900,9.5,250,11,2.5,,
2026-09-04T01:11:09.991Z,X1423240,9434,45.06584,9.18768,34810.8,4.4,4.3,346.9,-35.2,0.6,-1.0,RS41-SG,404.900,9.6,250,11,2.5,,
2026-09-04T01:11:10.991Z,X1423240,9435,45.06589,9.18766,34814.5,2.8,8.1,337.0,-35.2,0.6,-1.0,RS41-SG,404.900,9.6,250,10,2.5,,
2026-09-04T01:11:11.991Z,X1423240,9436,45.06597,9.18760,34817.1,2.2,11.5,333.2,-35.2,0.6,-1.0,RS41-SG,404.900,9.3,250,11,2.6,,
2026-09-04T01:11:12.991Z,X1423240,9437,45.06607,9.18753,34819.8,3.3,13.6,329.6,-35.1,0.5,-1.0,RS41-SG,404.900,8.9,250,11,2.6,,
2026-09-04T01:11:15.991Z,X1423240,9440,45.06632,9.18727,34835.9,5.9,7.0,313.2,-35.1,0.5,-1.0,RS41-SG,404.900,7.2,250,11,2.5,,
2026-09-04T01:11:17.991Z,X1423240,9442,45.06630,9.18722,34853.9,3.3,3.2,201.2,-35.0,0.5,-1.0,RS41-SG,404.900,9.4,250,11,2.6,,
2026-09-04T01:11:18.991Z,X1423240,9443,45.06628,9.18720,34852.3,-6.6,3.4,201.0,-34.9,0.5,-1.0,RS41-SG,404.900,9.4,250,11,2.6,,
2026-09-04T01:11:19.991Z,X1423240,9444,45.06625,9.18719,34840.9,-16.0,3.1,203.3,-34.9,0.5,-1.0,RS41-SG,404.900,8.6,250,10,2.5,,
2026-09-04T01:11:20.991Z,X1423240,9445,45.06622,9.18717,34820.5,-25.0,3.1,205.8,-34.9,0.5,-1.0,RS41-SG,404.900,10.1,250,11,2.5,,
2026-09-04T01:11:21.991Z,X1423240,9446,45.06620,9.18715,34790.8,-34.2,3.2,208.3,-34.9,0.5,-1.0,RS41-SG,404.900,10.3,250,11,2.5,,
2026-09-04T01:11:22.991Z,X1423240,9447,45.06617,9.18714,34752.4,-42.7,2.8,203.0,-34.8,0.5,-1.0,RS41-SG,404.900,10.3,250,11,2.5,,
2026-09-04T01:11:23.991Z,X1423240,9448,45.06615,9.18712,34706.0,-50.0,2.8,203.3,-34.7,0.5,-1.0,RS41-SG,404.900,9.7,250,10,2.6,,
2026-09-04T01:11:24.991Z,X1423240,9449,45.06612,9.18709,34661.1,-39.4,5.6,238.2,-34.8,0.5,-1.0,RS41-SG,404.900,9.4,250,11,2.6,,
2026-09-04T01:11:25.991Z,X1423240,9450,45.06613,9.18702,34632.7,-21.6,6.8,287.7,-35.1,0.5,-1.0,RS41-SG,404.900,9.9,250,10,2.5,,
2026-09-04T01:11:26.991Z,X1423240,9451,45.06615,9.18694,34613.4,-23.1,6.0,295.1,-35.3,0.5,-1.0,RS41-SG,404.900,9.9,250,10,2.5,,
2026-09-04T01:11:27.991Z,X1423240,9452,45.06618,9.18688,34590.2,-23.9,4.7,310.4,-35.6,0.6,-1.0,RS41-SG,404.900,9.6,250,11,2.5,,
2026-09-04T01:11:28.991Z,X1423240,9453,45.06621,9.18686,34568.7,-19.9,3.2,346.3,-35.8,0.6,-1.0,RS41-SG,404.900,9.6,250,11,2.6,,
2026-09-04T01:11:29.991Z,X1423240,9454,45.06624,9.18687,34549.6,-19.1,4.0,31.5,-36.0,0.6,-1.0,RS41-SG,404.900,9.3,250,11,2.6,,
2026-09-04T01:11:30.991Z,X1423240,9455,45.06627,9.18690,34528.0,-23.1,5.0,44.6,-36.1,0.6,-1.0,RS41-SG,404.900,10.4,250,11,2.6,,
2026-09-04T01:11:31.991Z,X1423240,9456,45.06630,9.18696,34504.2,-23.9,6.3,50.5,-36.2,0.6,-1.0,RS41-SG,404.900,10.4,250,11,2.5,,
2026-09-04T01:11:32.991Z,X1423240,9457,45.06634,9.18702,34479.9,-24.5,7.0,53.6,-36.3,0.6,-1.0,RS41-SG,404.900,10.7,250,11,2.5,,
2026-09-04T01:11:33.991Z,X1423240,9458,45.06638,9.18710,34455.2,-24.6,7.1,54.6,-36.3,0.6,-1.0,RS41-SG,404.900,10.8,250,11,2.5,,
2026-09-04T01:11:34.991Z,X1423240,9459,45.06642,9.18716,34427.7,-30.0,6.7,49.3,-36.3,0.6,-1.0,RS41-SG,404.900,10.8,250,11,2.5,,
2026-09-04T01:11:35.991Z,X1423240,9460,45.06645,9.18721,34398.6,-27.6,4.7,34.3,-36.3,0.6,-1.0,RS41-SG,404.900,11.6,250,11,2.6,,
2026-09-04T01:11:36.991Z,X1423240,9461,45.06648,9.18723,34369.6,-29.8,3.3,11.4,-36.3,0.6,-1.0,RS41-SG,404.900,11.6,250,11,2.6,,
2026-09-04T01:11:37.991Z,X1423240,9462,45.06651,9.18723,34337.5,-34.0,3.0,346.4,-36.4,0.6,-1.0,RS41-SG,404.900,11.0,250,11,2.5,,
2026-09-04T01:11:38.991Z,X1423240,9463,45.06653,9.18721,34302.5,-35.7,3.0,312.1,-36.5,0.6,-1.0,RS41-SG,404.900,11.0,250,11,2.5,,
2026-09-04T01:11:39.991Z,X1423240,9464,45.06655,9.18718,34264.0,-41.1,3.4,303.0,-36.6,0.6,-1.0,RS41-SG,404.900,11.0,250,11,2.5,,
2026-09-04T01:11:40.991Z,X1423240,9465,45.06656,9.18714,34220.4,-45.7,3.5,293.4,-36.9,0.6,-1.0,RS41-SG,404.900,10.9,250,11,2.6,,
2026-09-04T01:11:41.991Z,X1423240,9466,45.06657,9.18710,34173.0,-49.1,3.0,289.2,-37.0,0.6,-1.0,RS41-SG,404.900,10.1,250,11,2.6,,
2026-09-04T01:11:42.991Z,X1423240,9467,45.06658,9.18707,34122.0,-52.6,2.9,280.6,-37.2,0.6,-1.0,RS41-SG,404.900,10.2,250,11,2.5,,
2026-09-04T01:11:43.991Z,X1423240,9468,45.06659,9.18703,34067.4,-56.1,2.2,283.2,-37.0,0.6,-1.0,RS41-SG,404.900,10.4,250,11,2.5,,
2026-09-04T01:11:44.991Z,X1423240,9469,45.06659,9.18701,34011.1,-56.2,1.3,294.2,-36.7,0.6,-1.0,RS41-SG,404.900,10.4,250,11,2.5,,
2026-09-04T01:11:45.991Z,X1423240,9470,45.06660,9.18700,33954.5,-57.2,1.2,324.6,-36.6,0.6,-1.0,RS41-SG,404.900,11.7,250,11,2.6,,
2026-09-04T01:11:46.991Z,X1423240,9471,45.06660,9.18700,33896.0,-59.5,0.7,341.5,-36.4,0.6,-1.0,RS41-SG,404.900,11.7,250,11,2.6,,
2026-09-04T01:11:47.991Z,X1423240,9472,45.06661,9.18699,33837.1,-58.6,0.8,342.3,-36.4,0.6,-1.0,RS41-SG,404.900,11.3,250,11,2.6,,
2026-09-04T01:11:48.991Z,X1423240,9473,45.06662,9.18699,33779.7,-56.0,1.6,348.9,-36.5,0.6,-1.0,RS41-SG,404.900,11.3,250,11,2.5,,
2026-09-04T01:11:49.991Z,X1423240,9474,45.06663,9.18698,33723.6,-56.1,1.1,274.6,-36.7,0.6,-1.0,RS41-SG,404.900,11.0,250,10,2.5,,
2026-09-04T01:11:50.991Z,X1423240,9475,45.06663,9.18697,33667.9,-55.5,1.7,292.8,-36.9,0.6,-1.0,RS41-SG,404.900,11.1,250,10,2.5,,
2026-09-04T01:11:51.991Z,X1423240,9476,45.06663,9.18694,33612.4,-55.8,4.0,258.8,-37.1,0.6,-1.0,RS41-SG,404.900,11.1,250,10,2.5,,
2026-09-04T01:11:52.991Z,X1423240,9477,45.06662,9.18688,33556.3,-56.1,5.1,249.8,-37.4,0.6,-1.0,RS41-SG,404.900,10.9,250,10,2.6,,
2026-09-04T01:11:53.991Z,X1423240,9478,45.06660,9.18681,33500.3,-55.2,6.4,248.1,-37.7,0.6,-1.0,RS41-SG,404.900,11.2,250,10,2.6,,
2026-09-04T01:11:54.991Z,X1423240,9479,45.06658,9.18674,33446.6,-52.7,6.9,240.9,-37.9,0.7,-1.0,RS41-SG,404.900,11.2,250,9,2.5,,
2026-09-04T01:11:55.991Z,X1423240,9480,45.06654,9.18665,33394.6,-51.1,8.6,239.6,-38.0,0.6,-1.0,RS41-SG,404.900,10.0,250,8,2.5,,
2026-09-04T01:11:56.991Z,X1423240,9481,45.06650,9.18656,33344.0,-51.0,8.6,240.5,-38.1,0.7,-1.0,RS41-SG,404.900,10.0,250,10,2.5,,
2026-09-04T01:11:57.991Z,X1423240,9482,45.06647,9.18648,33298.9,-39.7,5.6,241.5,-38.3,0.7,-1.0,RS41-SG,404.900,9.3,250,9,2.6,,
2026-09-04T01:11:58.991Z,X1423240,9483,45.06645,9.18642,33258.9,-41.0,5.1,243.2,-38.3,0.7,-1.0,RS41-SG,404.900,9.7,250,9,2.6,,
2026-09-04T01:11:59.991Z,X1423240,9484,45.06643,9.18636,33218.3,-41.1,5.1,255.2,-38.3,0.7,-1.0,RS41-SG,404.900,9.7,250,9,2.5,,
2026-09-04T01:12:00.991Z,X1423240,9485,45.06642,9.18630,33178.5,-38.5,4.7,249.7,-38.4,0.7,-1.0,RS41-SG,404.900,9.6,250,9,2.5,,
2026-09-04T01:12:01.991Z,X1423240,9486,45.06641,9.18625,33140.6,-37.7,4.5,260.2,-38.5,0.7,-1.0,RS41-SG,404.900,9.6,250,10,2.5,08:29:46,
2026-09-04T01:12:02.991Z,X1423240,9487,45.06641,9.18619,33102.6,-37.0,4.6,263.8,-38.6,0.7,-1.0,RS41-SG,404.900,9.7,250,10,2.6,08:29:46,
2026-09-04T01:12:03.991Z,X1423240,9488,45.06640,9.18614,33065.6,-34.9,3.8,250.2,-38.6,0.7,-1.0,RS41-SG,404.900,9.7,250,10,2.6,08:29:46,
2026-09-04T01:12:04.991Z,X1423240,9489,45.06638,9.18610,33029.7,-36.5,3.7,233.8,-38.6,0.7,-1.0,RS41-SG,404.900,9.7,250,10,2.5,08:29:46,
2026-09-04T01:12:05.991Z,X1423240,9490,45.06636,9.18607,32993.4,-35.7,3.3,222.5,-38.6,0.7,-1.0,RS41-SG,404.900,9.6,250,11,2.5,08:29:46,
2026-09-04T01:12:06.991Z,X1423240,9491,45.06634,9.18604,32957.0,-37.7,2.5,222.6,-38.5,0.7,-1.0,RS41-SG,404.900,9.9,250,9,2.5,08:29:46,
2026-09-04T01:12:07.991Z,X1423240,9492,45.06633,9.18602,32921.2,-34.2,1.3,248.4,-38.5,0.7,-1.0,RS41-SG,404.900,9.9,250,9,2.6,08:29:46,
2026-09-04T01:12:08.991Z,X1423240,9493,45.06633,9.18601,32885.7,-36.6,1.6,299.7,-38.5,0.7,-1.0,RS41-SG,404.900,9.5,250,11,2.6,08:29:46,
2026-09-04T01:12:09.991Z,X1423240,9494,45.06635,9.18599,32849.4,-35.9,2.6,334.0,-38.5,0.6,-1.0,RS41-SG,404.900,9.9,250,11,2.6,08:29:46,
2026-09-04T01:12:10.991Z,X1423240,9495,45.06637,9.18598,32812.5,-37.3,2.6,358.9,-38.6,0.6,-1.0,RS41-SG,404.900,9.9,250,11,2.5,08:29:46,
2026-09-04T01:12:11.991Z,X1423240,9496,45.06639,9.18598,32776.2,-35.6,1.7,11.2,-38.6,0.7,-1.0,RS41-SG,404.900,10.0,250,11,2.5,08:29:46,
2026-09-04T01:12:12.991Z,X1423240,9497,45.06639,9.18599,32741.1,-35.1,0.1,235.2,-38.7,0.7,-1.0,RS41-SG,404.900,10.0,250,11,2.5,08:29:46,
2026-09-04T01:12:13.991Z,X1423240,9498,45.06639,9.18597,32705.8,-35.7,2.8,228.3,-38.8,0.7,-1.0,RS41-SG,404.900,9.7,250,11,2.5,08:29:46,
2026-09-04T01:12:14.991Z,X1423240,9499,45.06636,9.18593,32670.1,-36.3,5.0,232.8,-38.8,0.7,-1.0,RS41-SG,404.900,9.8,250,10,2.6,08:29:46,
2026-09-04T01:12:15.991Z,X1423240,9500,45.06633,9.18588,32633.2,-37.8,5.8,231.5,-38.9,0.7,-1.0,RS41-SG,404.900,9.8,250,9,2.6,08:29:46,
2026-09-04T01:12:16.991Z,X1423240,9501,45.06629,9.18580,32595.7,-37.7,9.1,232.4,-39.0,0.7,-1.0,RS41-SG,404.900,9.7,250,9,2.5,08:29:46,
2026-09-04T01:12:17.991Z,X1423240,9502,45.06625,9.18570,32558.1,-37.4,10.2,242.3,-39.2,0.7,-1.0,RS41-SG,404.900,9.6,250,11,2.5,08:29:46,
2026-09-04T01:12:18.991Z,X1423240,9503,45.06621,9.18558,32522.1,-35.1,10.8,255.8,-39.2,0.7,-1.0,RS41-SG,404.900,9.6,250,10,2.5,08:29:46,
2026-09-04T01:12:19.991Z,X1423240,9504,45.06620,9.18545,32487.2,-35.8,9.2,265.7,-39.3,0.7,-1.0,RS41-SG,404.900,9.1,250,8,2.6,08:29:46,
2026-09-04T01:12:20.991Z,X1423240,9505,45.06620,9.18535,32452.1,-34.2,7.2,283.1,-39.4,0.7,-1.0,RS41-SG,404.900,9.0,250,10,2.6,08:29:46,
2026-09-04T01:12:21.991Z,X1423240,9506,45.06622,9.18527,32418.7,-33.5,5.7,302.5,-39.5,0.7,-1.0,RS41-SG,404.900,9.0,250,11,2.5,08:29:46,
2026-09-04T01:12:22.991Z,X1423240,9507,45.06625,9.18522,32385.2,-34.4,4.7,315.6,-39.5,0.7,-1.0,RS41-SG,404.900,8.3,250,11,2.5,08:29:46,
2026-09-04T01:12:23.991Z,X1423240,9508,45.06628,9.18519,32351.3,-33.6,4.0,333.1,-39.3,0.7,-1.0,RS41-SG,404.900,8.9,250,11,2.5,08:29:46,
2026-09-04T01:12:24.991Z,X1423240,9509,45.06631,9.18518,32319.9,-30.7,2.2,359.1,-39.2,0.7,-1.0,RS41-SG,404.900,8.9,250,11,2.6,08:29:46,
2026-09-04T01:12:25.991Z,X1423240,9510,45.06631,9.18518,32289.5,-30.9,1.4,197.5,-39.0,0.7,-1.0,RS41-SG,404.900,8.1,250,11,2.6,08:29:46,
2026-09-04T01:12:26.991Z,X1423240,9511,45.06629,9.18517,32259.5,-30.0,4.3,198.0,-38.8,0.6,-1.0,RS41-SG,404.900,9.0,250,11,2.6,08:29:46,
2026-09-04T01:12:27.991Z,X1423240,9512,45.06624,9.18513,32229.4,-31.0,8.2,208.2,-38.7,0.6,-1.0,RS41-SG,404.900,9.0,250,10,2.5,08:29:46,
2026-09-04T01:12:28.991Z,X1423240,9513,45.06615,9.18508,32198.3,-32.3,11.9,203.8,-38.6,0.6,-1.0,RS41-SG,404.900,9.4,250,11,2.5,08:29:46,
2026-09-04T01:12:29.991Z,X1423240,9514,45.06605,9.18501,32165.7,-33.7,13.0,206.4,-38.5,0.6,-1.0,RS41-SG,404.900,10.4,250,11,2.5,08:29:46,
2026-09-04T01:12:30.991Z,X1423240,9515,45.06594,9.18493,32132.8,-32.7,14.3,209.2,-38.6,0.6,-1.0,RS41-SG,404.900,10.4,250,10,2.5,08:29:46,
2026-09-04T01:12:31.991Z,X1423240,9516,45.06584,9.18485,32101.6,-29.3,13.4,212.6,-38.7,0.6,-1.0,RS41-SG,404.900,9.9,250,11,2.6,08:29:46,
2026-09-04T01:12:32.991Z,X1423240,9517,45.06575,9.18476,32072.2,-29.5,11.4,218.5,-39.0,0.6,-1.0,RS41-SG,404.900,9.4,250,10,2.6,08:29:46,
2026-09-04T01:12:33.991Z,X1423240,9518,45.06568,9.18467,32044.1,-27.6,8.2,228.8,-39.3,0.6,-1.0,RS41-SG,404.900,9.9,250,11,2.5,08:29:46,
2026-09-04T01:12:34.991Z,X1423240,9519,45.06564,9.18460,32015.3,-30.0,5.9,240.7,-39.5,0.7,-1.0,RS41-SG,404.900,9.9,250,11,2.5,08:29:46,
2026-09-04T01:12:35.991Z,X1423240,9520,45.06563,9.18454,31985.4,-30.5,4.5,273.8,-39.6,0.7,-1.0,RS41-SG,404.900,8.9,250,9,2.5,08:29:46,
2026-09-04T01:12:36.991Z,X1423240,9521,45.06564,9.18449,31954.8,-30.8,4.7,304.3,-39.6,0.7,-1.0,RS41-SG,404.900,8.6,250,10,2.6,08:29:46,
2026-09-04T01:12:37.991Z,X1423240,9522,45.06566,9.18444,31923.8,-30.9,5.2,311.2,-39.8,0.7,-1.0,RS41-SG,404.900,8.6,250,10,2.6,08:29:46,
2026-09-04T01:12:38.991Z,X1423240,9523,45.06569,9.18441,31893.0,-30.5,4.8,321.0,-40.0,0.7,-1.0,RS41-SG,404.900,8.4,250,10,2.6,08:29:46,
2026-09-04T01:12:39.991Z,X1423240,9524,45.06572,9.18437,31863.6,-29.3,4.4,315.5,-40.0,0.7,-1.0,RS41-SG,404.900,8.4,250,10,2.5,08:29:46,
2026-09-04T01:12:40.991Z,X1423240,9525,45.06575,9.18432,31833.7,-30.6,5.2,296.0,-40.0,0.7,-1.0,RS41-SG,404.900,9.6,250,11,2.5,08:29:46,
2026-09-04T01:12:41.991Z,X1423240,9526,45.06575,9.18426,31802.1,-32.7,5.6,270.2,-40.0,0.7,-1.0,RS41-SG,404.900,9.6,250,10,2.5,08:29:46,
2026-09-04T01:12:42.991Z,X1423240,9527,45.06575,9.18419,31769.4,-33.4,6.3,257.8,-40.0,0.7,-1.0,RS41-SG,404.900,9.6,250,11,2.5,08:29:46,
2026-09-04T01:12:43.991Z,X1423240,9528,45.06573,9.18410,31737.4,-31.0,8.2,251.2,-40.0,0.7,-1.0,RS41-SG,404.900,9.5,250,11,2.6,08:29:46,
2026-09-04T01:12:44.991Z,X1423240,9529,45.06570,9.18400,31708.4,-27.6,8.6,250.5,-40.0,0.7,-1.0,RS41-SG,404.900,10.0,250,11,2.6,08:29:46,
2026-09-04T01:12:45.991Z,X1423240,9530,45.06568,9.18390,31680.9,-27.9,8.5,248.7,-39.9,0.7,-1.0,RS41-SG,404.900,10.0,250,10,2.5,08:29:46,
2026-09-04T01:12:46.991Z,X1423240,9531,45.06566,9.18381,31653.8,-27.3,7.2,260.2,-39.8,0.7,-1.0,RS41-SG,404.900,10.0,250,11,2.5,08:29:46,
2026-09-04T01:12:47.991Z,X1423240,9532,45.06565,9.18371,31624.6,-30.7,8.0,266.4,-39.7,0.7,-1.0,RS41-SG,404.900,10.6,250,11,2.5,08:29:46,
2026-09-04T01:12:48.991Z,X1423240,9533,45.06564,9.18361,31593.8,-31.2,8.0,265.3,-39.6,0.7,-1.0,RS41-SG,404.900,10.6,250,11,2.6,08:29:46,
2026-09-04T01:12:49.991Z,X1423240,9534,45.06564,9.18351,31563.8,-28.9,8.3,270.1,-39.5,0.7,-1.0,RS41-SG,404.900,10.5,250,10,2.6,08:29:46,
2026-09-04T01:12:50.991Z,X1423240,9535,45.06563,9.18341,31534.2,-30.1,8.5,260.6,-39.3,0.7,-1.0,RS41-SG,404.900,10.5,250,11,2.5,08:29:46,
2026-09-04T01:12:51.991Z,X1423240,9536,45.06562,9.18331,31505.0,-28.8,7.3,254.3,-39.2,0.6,-1.0,RS41-SG,404.900,9.4,250,11,2.5,08:29:46,
2026-09-04T01:12:52.991Z,X1423240,9537,45.06559,9.18322,31475.5,-29.7,7.6,242.5,-39.1,0.6,-1.0,RS41-SG,404.900,9.4,250,10,2.5,08:28:55,
2026-09-04T01:12:53.991Z,X1423240,9538,45.06555,9.18315,31444.2,-32.7,8.3,223.4,-39.1,0.6,-1.0,RS41-SG,404.900,10.0,250,11,2.6,08:28:55,
2026-09-04T01:12:54.991Z,X1423240,9539,45.06549,9.18308,31413.0,-30.1,9.1,209.2,-39.2,0.7,-1.0,RS41-SG,404.900,10.6,250,10,2.6,08:28:55,
2026-09-04T01:12:55.991Z,X1423240,9540,45.06540,9.18303,31383.1,-30.1,11.6,199.7,-39.4,0.7,-1.0,RS41-SG,404.900,10.6,250,10,2.6,08:28:55,
2026-09-04T01:12:56.991Z,X1423240,9541,45.06530,9.18299,31353.7,-28.6,12.5,196.6,-39.5,0.7,-1.0,RS41-SG,404.900,11.2,250,11,2.5,08:28:55,
2026-09-04T01:12:57.991Z,X1423240,9542,45.06519,9.18293,31323.6,-31.7,14.4,198.1,-39.6,0.7,-1.0,RS41-SG,404.900,11.2,250,11,2.5,08:28:55,
2026-09-04T01:12:58.991Z,X1423240,9543,45.06506,9.18288,31292.9,-30.4,14.4,197.3,-39.6,0.7,-1.0,RS41-SG,404.900,10.7,250,11,2.5,08:28:55,
2026-09-04T01:12:59.991Z,X1423240,9544,45.06494,9.18282,31263.4,-29.5,14.9,200.6,-39.6,0.7,-1.0,RS41-SG,404.900,10.7,250,11,2.5,08:28:55,
2026-09-04T01:13:00.991Z,X1423240,9545,45.06481,9.18276,31233.5,-30.5,15.2,194.8,-39.6,0.7,-1.0,RS41-SG,404.900,10.5,250,11,2.6,08:28:55,
2026-09-04T01:13:01.991Z,X1423240,9546,45.06469,9.18272,31204.3,-29.3,13.6,188.8,-39.6,0.6,-1.0,RS41-SG,404.900,10.0,250,11,2.6,08:28:55,
2026-09-04T01:13:02.991Z,X1423240,9547,45.06457,9.18271,31175.7,-28.6,12.7,182.8,-39.7,0.6,-1.0,RS41-SG,404.900,10.2,250,11,2.5,08:28:55,
2026-09-04T01:13:03.991Z,X1423240,9548,45.06445,9.18271,31145.5,-32.5,12.8,177.5,-39.8,0.7,-1.0,RS41-SG,404.900,10.5,250,11,2.5,08:28:55,
2026-09-04T01:13:04.991Z,X1423240,9549,45.06435,9.18273,31114.0,-31.2,10.9,166.9,-39.9,0.7,-1.0,RS41-SG,404.900,10.5,250,11,2.5,08:28:55,
2026-09-04T01:13:05.991Z,X1423240,9550,45.06426,9.18276,31082.7,-31.2,10.1,161.6,-40.1,0.7,-1.0,RS41-SG,404.900,11.0,250,10,2.6,08:28:55,
2026-09-04T01:13:06.991Z,X1423240,9551,45.06418,9.18281,31052.6,-30.3,9.9,158.3,-40.3,0.7,-1.0,RS41-SG,404.900,11.0,250,11,2.6,08:28:55,
2026-09-04T01:13:07.991Z,X1423240,9552,45.06410,9.18285,31023.3,-29.3,8.0,161.4,-40.4,0.7,-1.0,RS41-SG,404.900,10.8,250,10,2.6,08:28:55,
2026-09-04T01:13:08.991Z,X1423240,9553,45.06403,9.18287,30994.1,-29.9,7.7,170.1,-40.4,0.7,-1.0,RS41-SG,404.900,10.7,250,10,2.5,08:28:55,
2026-09-04T01:13:09.991Z,X1423240,9554,45.06397,9.18288,30964.5,-29.9,6.7,181.0,-40.4,0.7,-1.0,RS41-SG,404.900,10.7,250,11,2.5,08:28:55,
2026-09-04T01:13:10.991Z,X1423240,9555,45.06391,9.18287,30934.9,-30.1,8.1,194.8,-40.5,0.7,-1.0,RS41-SG,404.900,10.8,250,10,2.5,08:28:55,
2026-09-04T01:13:11.991Z,X1423240,9556,45.06384,9.18284,30905.1,-30.4,8.1,200.1,-40.5,0.7,-1.0,RS41-SG,404.900,10.8,250,11,2.5,08:28:55,
2026-09-04T01:13:12.991Z,X1423240,9557,45.06377,9.18279,30875.0,-30.9,9.1,208.7,-40.6,0.7,-1.0,RS41-SG,404.900,10.8,250,10,2.6,08:28:55,
2026-09-04T01:13:13.991Z,X1423240,9558,45.06370,9.18274,30845.0,-29.7,8.7,204.5,-40.7,0.7,-1.0,RS41-SG,404.900,10.8,250,10,2.6,08:28:55,
2026-09-04T01:13:14.991Z,X1423240,9559,45.06363,9.18270,30817.0,-27.3,6.9,209.8,-40.8,0.7,-1.0,RS41-SG,404.900,10.7,250,11,2.5,08:28:55,
2026-09-04T01:13:15.991Z,X1423240,9560,45.06359,9.18266,30790.1,-27.1,5.0,213.2,-41.0,0.8,-1.0,RS41-SG,404.900,10.7,250,10,2.5,08:28:55,
2026-09-04T01:13:16.991Z,X1423240,9561,45.06356,9.18264,30763.4,-26.9,1.9,204.7,-41.2,0.7,-1.0,RS41-SG,404.900,11.1,250,11,2.5,08:28:55,
2026-09-04T01:13:17.991Z,X1423240,9562,45.06356,9.18263,30735.6,-28.4,0.5,356.2,-41.6,0.8,-1.0,RS41-SG,404.900,11.1,250,11,2.6,08:28:55,
2026-09-04T01:13:18.991Z,X1423240,9563,45.06356,9.18263,30707.2,-28.4,1.3,347.3,-42.0,0.8,-1.0,RS41-SG,404.900,10.9,250,11,2.6,08:28:55,
2026-09-04T01:13:19.991Z,X1423240,9564,45.06358,9.18263,30679.2,-27.7,1.8,8.5,-42.4,0.8,-1.0,RS41-SG,404.900,10.9,250,11,2.6,08:28:55,
2026-09-04T01:13:20.991Z,X1423240,9565,45.06359,9.18263,30651.7,-27.7,1.7,336.1,-42.5,0.8,-1.0,RS41-SG,404.900,10.1,250,11,2.5,08:28:55,
2026-09-04T01:13:21.991Z,X1423240,9566,45.06360,9.18262,30624.4,-27.7,0.9,263.4,-42.6,0.9,-1.0,RS41-SG,404.900,10.8,250,11,2.5,08:28:55,
2026-09-04T01:13:22.991Z,X1423240,9567,45.06360,9.18260,30597.1,-27.3,1.9,245.6,-42.8,0.9,-1.0,RS41-SG,404.900,10.8,250,10,2.5,08:28:55,
2026-09-04T01:13:23.991Z,X1423240,9568,45.06358,9.18258,30569.8,-28.6,2.0,216.7,-43.1,0.9,-1.0,RS41-SG,404.900,10.9,250,11,2.5,08:28:55,
2026-09-04T01:13:24.991Z,X1423240,9569,45.06356,9.18257,30541.7,-27.8,3.4,200.3,-43.3,0.9,-1.0,RS41-SG,404.900,10.9,250,10,2.6,08:28:55,
2026-09-04T01:13:25.991Z,X1423240,9570,45.06353,9.18256,30514.4,-27.7,3.2,195.8,-43.6,0.9,-1.0,RS41-SG,404.900,10.6,250,11,2.6,08:28:55,
2026-09-04T01:13:26.991Z,X1423240,9571,45.06351,9.18255,30486.6,-28.4,2.8,183.7,-43.9,0.9,-1.0,RS41-SG,404.900,10.8,250,11,2.5,08:28:55,
2026-09-04T01:13:27.991Z,X1423240,9572,45.06348,9.18255,30458.1,-28.9,2.9,173.5,-44.1,0.9,-1.0,RS41-SG,404.900,10.8,250,10,2.5,08:28:55,
2026-09-04T01:13:28.991Z,X1423240,9573,45.06346,9.18256,30431.3,-26.0,1.5,137.4,-44.2,0.9,-1.0,RS41-SG,404.900,10.6,250,11,2.5,08:28:55,
2026-09-04T01:13:29.991Z,X1423240,9574,45.06346,9.18258,30405.2,-26.5,1.5,84.1,-44.2,0.9,-1.0,RS41-SG,404.900,11.2,250,11,2.6,08:28:55,
2026-09-04T01:13:30.991Z,X1423240,9575,45.06346,9.18259,30379.2,-26.2,1.3,31.2,-44.2,0.9,-1.0,RS41-SG,404.900,11.2,250,11,2.6,08:28:55,
2026-09-04T01:13:31.991Z,X1423240,9576,45.06348,9.18259,30353.3,-26.3,2.5,321.4,-44.3,0.9,-1.0,RS41-SG,404.900,10.8,250,11,2.6,08:28:55,
2026-09-04T01:13:32.991Z,X1423240,9577,45.06349,9.18256,30325.9,-28.4,3.2,321.4,-44.5,0.9,-1.0,RS41-SG,404.900,10.2,250,11,2.5,08:28:55,
2026-09-04T01:13:33.991Z,X1423240,9578,45.06351,9.18254,30298.1,-27.8,3.3,304.2,-44.7,0.9,-1.0,RS41-SG,404.900,10.1,250,11,2.5,08:28:55,
2026-09-04T01:13:34.991Z,X1423240,9579,45.06352,9.18250,30270.2,-27.9,3.4,290.1,-44.7,0.9,-1.0,RS41-SG,404.900,10.1,250,11,2.5,08:28:55,
2026-09-04T01:13:35.991Z,X1423240,9580,45.06353,9.18246,30242.6,-27.5,2.6,263.6,-44.7,0.9,-1.0,RS41-SG,404.900,9.2,250,11,2.5,08:28:55,
2026-09-04T01:13:36.991Z,X1423240,9581,45.06351,9.18244,30215.7,-26.6,2.7,213.2,-44.7,0.9,-1.0,RS41-SG,404.900,9.1,250,11,2.6,08:28:55,
2026-09-04T01:13:37.991Z,X1423240,9582,45.06349,9.18243,30189.9,-25.8,3.5,178.5,-44.7,0.9,-1.0,RS41-SG,404.900,9.6,250,11,2.6,08:28:55,
2026-09-04T01:13:38.991Z,X1423240,9583,45.06345,9.18244,30164.4,-25.9,4.8,156.5,-44.6,0.9,-1.0,RS41-SG,404.900,9.7,250,11,2.5,08:28:55,
2026-09-04T01:13:39.991Z,X1423240,9584,45.06340,9.18248,30139.1,-25.0,7.2,143.0,-44.5,0.9,-1.0,RS41-SG,404.900,9.7,250,11,2.5,08:28:55,
2026-09-04T01:13:40.991Z,X1423240,9585,45.06335,9.18254,30112.5,-28.1,8.4,143.0,-44.4,0.9,-1.0,RS41-SG,404.900,10.6,250,11,2.5,08:28:55,
2026-09-04T01:13:41.991Z,X1423240,9586,45.06329,9.18261,30085.1,-27.6,8.5,140.4,-44.4,0.9,-1.0,RS41-SG,404.900,10.6,250,11,2.6,08:28:55,
2026-09-04T01:13:42.991Z,X1423240,9587,45.06323,9.18269,30058.5,-26.3,8.7,130.3,-44.3,0.9,-1.0,RS41-SG,404.900,10.4,250,11,2.6,08:28:55,
2026-09-04T01:13:43.991Z,X1423240,9588,45.06319,9.18277,30032.0,-27.0,7.4,130.3,-44.3,0.9,-1.0,RS41-SG,404.900,10.4,250,11,2.6,08:28:04,
2026-09-04T01:13:44.991Z,X1423240,9589,45.06315,9.18283,30005.5,-26.8,5.2,114.1,-44.3,0.8,-1.0,RS41-SG,404.900,10.7,250,11,2.5,08:28:04,
2026-09-04T01:13:45.991Z,X1423240,9590,45.06314,9.18289,29978.3,-28.2,4.1,95.5,-44.4,0.8,-1.0,RS41-SG,404.900,10.7,250,11,2.5,08:28:04,
2026-09-04T01:13:46.991Z,X1423240,9591,45.06315,9.18293,29950.7,-27.2,3.6,56.3,-44.4,0.9,-1.0,RS41-SG,404.900,10.5,250,11,2.5,08:28:04,
2026-09-04T01:13:47.991Z,X1423240,9592,45.06317,9.18297,29923.5,-26.9,3.3,31.2,-44.6,0.9,-1.0,RS41-SG,404.900,10.5,250,11,2.5,08:28:04,
2026-09-04T01:13:48.991Z,X1423240,9593,45.06320,9.18298,29896.8,-26.2,3.4,13.7,-44.8,0.9,-1.0,RS41-SG,404.900,10.0,250,10,2.6,08:28:04,
2026-09-04T01:13:49.991Z,X1423240,9594,45.06323,9.18299,29870.5,-25.6,3.2,11.4,-45.0,0.9,-1.0,RS41-SG,404.900,10.0,250,11,2.6,08:28:04,
2026-09-04T01:13:50.991Z,X1423240,9595,45.06325,9.18300,29844.0,-27.3,2.4,27.3,-45.1,0.9,-1.0,RS41-SG,404.900,9.5,250,11,2.5,08:28:04,
2026-09-04T01:13:51.991Z,X1423240,9596,45.06326,9.18302,29817.0,-26.9,1.2,92.2,-45.2,0.9,-1.0,RS41-SG,404.900,9.5,250,11,2.5,08:28:04,
2026-09-04T01:13:52.991Z,X1423240,9597,45.06325,9.18303,29790.1,-27.9,2.2,140.1,-45.3,0.9,-1.0,RS41-SG,404.900,9.8,250,11,2.5,08:28:04,
2026-09-04T01:13:53.991Z,X1423240,9598,45.06323,9.18305,29762.3,-28.5,2.9,153.3,-45.4,0.9,-1.0,RS41-SG,404.900,9.8,250,11,2.6,08:28:04,
2026-09-04T01:13:54.991Z,X1423240,9599,45.06320,9.18307,29734.6,-27.5,3.3,157.6,-45.3,0.9,-1.0,RS41-SG,404.900,9.6,250,10,2.6,08:28:04,
2026-09-04T01:13:55.991Z,X1423240,9600,45.06318,9.18308,29707.2,-28.5,3.0,154.2,-45.2,0.9,-1.0,RS41-SG,404.900,9.8,250,11,2.6,08:28:04,
2026-09-04T01:13:56.991Z,X1423240,9601,45.06316,9.18310,29679.8,-27.2,1.6,125.4,-45.1,0.9,-1.0,RS41-SG,404.900,9.8,250,11,2.5,08:28:04,
2026-09-04T01:13:57.991Z,X1423240,9602,45.06316,9.18312,29652.5,-28.2,1.4,74.1,-45.0,0.9,-1.0,RS41-SG,404.900,10.3,250,10,2.5,08:28:04,
2026-09-04T01:13:58.991Z,X1423240,9603,45.06316,9.18314,29624.8,-27.9,2.1,60.5,-45.1,0.9,-1.0,RS41-SG,404.900,10.3,250,11,2.5,08:28:04,
2026-09-04T01:13:59.991Z,X1423240,9604,45.06318,9.18317,29597.2,-28.6,3.0,54.2,-45.2,0.9,-1.0,RS41-SG,404.900,9.1,250,11,2.5,08:28:04,
2026-09-04T01:14:00.991Z,X1423240,9605,45.06319,9.18321,29569.4,-27.8,3.6,81.0,-45.1,0.9,-1.0,RS41-SG,404.900,8.5,250,11,2.6,08:28:04,
2026-09-04T01:14:01.991Z,X1423240,9606,45.06319,9.18326,29543.5,-25.7,4.9,103.2,-45.0,0.9,-1.0,RS41-SG,404.900,8.9,250,11,2.6,08:28:04,
2026-09-04T01:14:02.991Z,X1423240,9607,45.06317,9.18333,29517.8,-27.1,6.7,112.8,-44.9,0.9,-1.0,RS41-SG,404.900,8.9,250,11,2.5,08:28:04,
2026-09-04T01:14:03.991Z,X1423240,9608,45.06314,9.18342,29491.4,-27.1,9.1,117.6,-44.8,0.9,-1.0,RS41-SG,404.900,9.4,250,11,2.5,08:28:04,
2026-09-04T01:14:04.991Z,X1423240,9609,45.06309,9.18353,29464.6,-27.5,11.1,122.7,-44.7,0.8,-1.0,RS41-SG,404.900,10.3,250,11,2.5,08:28:04,
2026-09-04T01:14:05.991Z,X1423240,9610,45.06303,9.18365,29437.4,-27.7,11.7,130.2,-44.6,0.8,-1.0,RS41-SG,404.900,10.7,250,11,2.6,08:28:04,
2026-09-04T01:14:06.991Z,X1423240,9611,45.06297,9.18376,29410.4,-27.1,11.1,131.9,-44.5,0.8,-1.0,RS41-SG,404.900,10.7,250,10,2.6,08:28:04,
2026-09-04T01:14:07.991Z,X1423240,9612,45.06290,9.18386,29384.1,-26.1,9.7,132.8,-44.5,0.8,-1.0,RS41-SG,404.900,10.6,250,11,2.6,08:28:04,
2026-09-04T01:14:08.991Z,X1423240,9613,45.06285,9.18394,29358.8,-25.0,7.6,126.3,-44.6,0.8,-1.0,RS41-SG,404.900,10.1,250,11,2.5,08:28:04,
2026-09-04T01:14:09.991Z,X1423240,9614,45.06282,9.18401,29332.9,-27.4,5.4,123.9,-44.5,0.8,-1.0,RS41-SG,404.900,10.9,250,11,2.5,08:28:04,
2026-09-04T01:14:10.991Z,X1423240,9615,45.06281,9.18406,29306.1,-26.3,3.2,75.5,-44.5,0.8,-1.0,RS41-SG,404.900,10.9,250,11,2.5,08:28:04,
2026-09-04T01:14:11.991Z,X1423240,9616,45.06282,9.18409,29279.5,-27.3,3.7,40.3,-44.5,0.8,-1.0,RS41-SG,404.900,11.1,250,11,2.5,08:28:04,
2026-09-04T01:14:12.991Z,X1423240,9617,45.06286,9.18411,29252.4,-27.5,4.4,12.4,-44.4,0.8,-1.0,RS41-SG,404.900,11.1,250,11,2.6,08:28:04,
2026-09-04T01:14:13.991Z,X1423240,9618,45.06290,9.18412,29224.9,-28.2,6.0,4.9,-44.4,0.8,-1.0,RS41-SG,404.900,10.6,250,11,2.6,08:28:04,
2026-09-04T01:14:14.991Z,X1423240,9619,45.06295,9.18413,29197.3,-27.9,6.1,5.9,-44.4,0.8,-1.0,RS41-SG,404.900,10.6,250,11,2.5,08:28:04,
2026-09-04T01:14:15.991Z,X1423240,9620,45.06300,9.18414,29170.6,-26.1,5.4,5.0,-44.3,0.8,-1.0,RS41-SG,404.900,10.2,250,10,2.5,08:28:04,
2026-09-04T01:14:16.991Z,X1423240,9621,45.06305,9.18415,29144.6,-26.6,4.8,14.7,-44.2,0.8,-1.0,RS41-SG,404.900,10.2,250,11,2.5,08:28:04,
2026-09-04T01:14:17.991Z,X1423240,9622,45.06308,9.18416,29117.7,-27.3,3.8,31.5,-44.1,0.8,-1.0,RS41-SG,404.900,10.8,250,11,2.6,08:28:04,
2026-09-04T01:14:18.991Z,X1423240,9623,45.06311,9.18419,29091.0,-26.7,2.8,40.9,-44.0,0.8,-1.0,RS41-SG,404.900,11.1,250,11,2.6,08:28:04,
2026-09-04T01:14:19.991Z,X1423240,9624,45.06313,9.18421,29064.4,-27.0,2.7,39.9,-43.9,0.8,-1.0,RS41-SG,404.900,11.1,250,11,2.6,08:28:04,
2026-09-04T01:14:20.991Z,X1423240,9625,45.06314,9.18423,29038.8,-25.6,2.2,51.8,-43.8,0.8,-1.0,RS41-SG,404.900,11.2,250,11,2.5,08:28:04,
2026-09-04T01:14:21.991Z,X1423240,9626,45.06315,9.18425,29014.0,-25.2,1.0,8.3,-43.7,0.8,-1.0,RS41-SG,404.900,11.3,250,11,2.5,08:28:04,
2026-09-04T01:14:22.991Z,X1423240,9627,45.06316,9.18424,28990.2,-23.2,2.1,305.0,-43.7,0.8,-1.0,RS41-SG,404.900,11.3,250,11,2.5,08:28:04,
2026-09-04T01:14:23.991Z,X1423240,9628,45.06317,9.18421,28965.9,-25.7,2.5,300.8,-43.8,0.8,-1.0,RS41-SG,404.900,11.0,250,11,2.5,08:28:04,
2026-09-04T01:14:24.991Z,X1423240,9629,45.06318,9.18418,28940.1,-26.3,3.0,284.8,-43.8,0.8,-1.0,RS41-SG,404.900,11.0,250,10,2.6,08:28:04,
2026-09-04T01:14:25.991Z,X1423240,9630,45.06319,9.18414,28915.3,-24.5,3.7,288.5,-43.9,0.8,-1.0,RS41-SG,404.900,11.8,250,10,2.6,08:28:04,
2026-09-04T01:14:26.991Z,X1423240,9631,45.06320,9.18409,28891.1,-24.5,4.2,293.6,-44.1,0.8,-1.0,RS41-SG,404.900,11.9,250,11,2.5,08:28:04,
2026-09-04T01:14:27.991Z,X1423240,9632,45.06322,9.18404,28866.6,-25.0,4.4,299.3,-44.2,0.8,-1.0,RS41-SG,404.900,11.9,250,9,2.5,08:28:04,
2026-09-04T01:14:28.991Z,X1423240,9633,45.06324,9.18400,28841.7,-24.8,4.4,303.3,-44.4,0.8,-1.0,RS41-SG,404.900,10.9,250,10,2.5,08:28:04,
2026-09-04T01:14:29.991Z,X1423240,9634,45.06326,9.18395,28817.5,-23.9,4.3,301.5,-44.5,0.8,-1.0,RS41-SG,404.900,11.3,250,10,2.6,08:28:04,
2026-09-04T01:14:30.991Z,X1423240,9635,45.06328,9.18390,28794.3,-22.6,4.5,285.0,-44.5,0.8,-1.0,RS41-SG,404.900,11.3,250,9,2.6,08:28:04,
2026-09-04T01:14:31.991Z,X1423240,9636,45.06328,9.18384,28770.9,-24.6,4.8,274.1,-44.5,0.8,-1.0,RS41-SG,404.900,11.3,250,11,2.6,08:28:04,
2026-09-04T01:14:32.991Z,X1423240,9637,45.06328,9.18378,28746.1,-25.3,5.1,266.8,-44.5,0.8,-1.0,RS41-SG,404.900,11.2,250,10,2.5,08:28:04,
2026-09-04T01:14:33.991Z,X1423240,9638,45.06328,9.18372,28720.8,-25.7,4.8,267.5,-44.5,0.9,-1.0,RS41-SG,404.900,11.2,250,10,2.5,08:28:04,
2026-09-04T01:14:34.991Z,X1423240,9639,45.06328,9.18366,28695.3,-25.7,4.0,277.4,-44.6,0.9,-1.0,RS41-SG,404.900,11.1,250,11,2.5,08:27:13,
2026-09-04T01:14:35.991Z,X1423240,9640,45.06329,9.18362,28670.0,-25.3,2.5,303.5,-44.7,0.9,-1.0,RS41-SG,404.900,11.1,250,11,2.5,08:27:13,
2026-09-04T01:14:36.991Z,X1423240,9641,45.06331,9.18362,28645.1,-24.7,2.2,26.0,-44.9,0.9,-1.0,RS41-SG,404.900,10.7,250,11,2.6,08:27:13,
2026-09-04T01:14:37.991Z,X1423240,9642,45.06333,9.18365,28620.8,-24.1,5.0,57.2,-45.0,0.9,-1.0,RS41-SG,404.900,10.5,250,11,2.6,08:27:13,
2026-09-04T01:14:38.991Z,X1423240,9643,45.06336,9.18372,28596.2,-25.3,7.4,63.8,-45.1,0.9,-1.0,RS41-SG,404.900,11.4,250,11,2.5,08:27:13,
2026-09-04T01:14:39.991Z,X1423240,9644,45.06339,9.18381,28570.9,-25.6,9.4,67.3,-45.2,0.9,-1.0,RS41-SG,404.900,11.4,250,11,2.5,08:27:13,
2026-09-04T01:14:40.991Z,X1423240,9645,45.06342,9.18393,28546.6,-23.9,9.5,71.3,-45.2,0.9,-1.0,RS41-SG,404.900,11.9,250,10,2.5,08:27:13,
2026-09-04T01:14:41.991Z,X1423240,9646,45.06344,9.18403,28522.3,-24.1,8.2,74.5,-45.3,0.9,-1.0,RS41-SG,404.900,12.4,250,10,2.6,08:27:13,
2026-09-04T01:14:42.991Z,X1423240,9647,45.06345,9.18412,28498.7,-22.9,6.0,82.3,-45.3,0.9,-1.0,RS41-SG,404.900,12.4,250,11,2.6,08:27:13,
2026-09-04T01:14:43.991Z,X1423240,9648,45.06346,9.18418,28474.7,-25.6,4.4,89.0,-45.4,0.9,-1.0,RS41-SG,404.900,11.9,250,11,2.6,08:27:13,
2026-09-04T01:14:44.991Z,X1423240,9649,45.06345,9.18423,28449.1,-26.2,2.8,102.7,-45.4,0.9,-1.0,RS41-SG,404.900,12.3,250,11,2.5,08:27:13,
2026-09-04T01:14:45.991Z,X1423240,9650,45.06344,9.18424,28424.9,-22.5,1.5,192.2,-45.4,0.9,-1.0,RS41-SG,404.900,12.3,250,11,2.5,08:27:13,
2026-09-04T01:14:46.991Z,X1423240,9651,45.06343,9.18422,28402.7,-22.7,1.8,248.2,-45.5,0.9,-1.0,RS41-SG,404.900,11.9,250,11,2.5,08:27:13,
2026-09-04T01:14:47.991Z,X1423240,9652,45.06343,9.18420,28379.5,-25.1,1.9,292.9,-45.7,0.9,-1.0,RS41-SG,404.900,11.9,250,11,2.5,08:27:13,
2026-09-04T01:14:48.991Z,X1423240,9653,45.06345,9.18418,28355.6,-23.5,4.0,329.9,-46.0,0.9,-1.0,RS41-SG,404.900,10.9,250,11,2.6,08:27:13,
2026-09-04T01:14:49.991Z,X1423240,9654,45.06349,9.18415,28331.9,-24.6,5.1,346.4,-46.3,1.0,-1.0,RS41-SG,404.900,10.9,250,11,2.6,08:27:13,
2026-09-04T01:14:50.991Z,X1423240,9655,45.06354,9.18415,28308.3,-23.1,6.0,7.4,-46.6,1.0,-1.0,RS41-SG,404.900,10.1,250,11,2.5,08:27:13,
2026-09-04T01:14:51.991Z,X1423240,9656,45.06359,9.18417,28284.5,-25.5,6.8,18.2,-46.8,1.0,-1.0,RS41-SG,404.900,9.3,250,11,2.5,08:27:13,
2026-09-04T01:14:52.991Z,X1423240,9657,45.06365,9.18421,28259.8,-23.8,8.1,35.7,-47.0,1.0,-1.0,RS41-SG,404.900,11.3,250,11,2.5,08:27:13,
2026-09-04T01:14:53.991Z,X1423240,9658,45.06371,9.18427,28235.0,-26.0,8.9,41.2,-47.1,1.0,-1.0,RS41-SG,404.900,11.3,250,11,2.6,08:27:13,
2026-09-04T01:14:54.991Z,X1423240,9659,45.06377,9.18435,28209.7,-25.6,9.1,44.9,-47.3,1.0,-1.0,RS41-SG,404.900,10.9,250,11,2.6,08:27:13,
2026-09-04T01:14:55.991Z,X1423240,9660,45.06383,9.18444,28184.8,-24.6,9.5,51.0,-47.5,1.0,-1.0,RS41-SG,404.900,10.9,250,11,2.6,08:27:13,
2026-09-04T01:14:56.991Z,X1423240,9661,45.06388,9.18453,28160.3,-25.0,9.7,49.3,-47.6,1.1,-1.0,RS41-SG,404.900,10.9,250,11,2.5,08:27:13,
2026-09-04T01:14:57.991Z,X1423240,9662,45.06394,9.18462,28135.9,-24.1,10.0,43.4,-47.7,1.1,-1.0,RS41-SG,404.900,10.8,250,11,2.5,08:27:13,
2026-09-04T01:14:58.991Z,X1423240,9663,45.06401,9.18470,28112.4,-23.5,9.6,38.8,-47.7,1.0,-1.0,RS41-SG,404.900,10.8,250,10,2.5,08:27:13,
2026-09-04T01:14:59.991Z,X1423240,9664,45.06407,9.18477,28089.3,-23.5,9.2,32.6,-47.7,1.1,-1.0,RS41-SG,404.900,10.9,250,11,2.5,08:27:13,
2026-09-04T01:15:00.991Z,X1423240,9665,45.06415,9.18483,28065.5,-24.5,9.3,28.9,-47.8,1.1,-1.0,RS41-SG,404.900,10.9,250,11,2.6,08:27:13,
2026-09-04T01:15:01.991Z,X1423240,9666,45.06422,9.18488,28041.3,-24.7,8.3,25.3,-47.8,1.0,-1.0,RS41-SG,404.900,11.1,250,11,2.6,08:27:13,
2026-09-04T01:15:02.991Z,X1423240,9667,45.06428,9.18492,28016.9,-24.8,6.8,20.2,-47.8,1.0,-1.0,RS41-SG,404.900,11.1,250,11,2.5,08:27:13,
2026-09-04T01:15:03.991Z,X1423240,9668,45.06433,9.18494,27993.2,-23.7,5.0,16.7,-47.7,1.0,-1.0,RS41-SG,404.900,9.9,250,11,2.5,08:27:13,
2026-09-04T01:15:04.991Z,X1423240,9669,45.06436,9.18495,27969.6,-24.3,3.5,13.2,-47.6,1.0,-1.0,RS41-SG,404.900,10.4,250,11,2.5,08:27:13,
2026-09-04T01:15:05.991Z,X1423240,9670,45.06439,9.18496,27945.3,-24.8,2.8,19.5,-47.6,1.0,-1.0,RS41-SG,404.900,11.4,250,11,2.6,08:27:13,
2026-09-04T01:15:06.991Z,X1423240,9671,45.06441,9.18497,27921.1,-24.2,1.7,21.6,-47.5,1.0,-1.0,RS41-SG,404.900,11.4,250,11,2.6,08:27:13,
2026-09-04T01:15:07.991Z,X1423240,9672,45.06442,9.18498,27897.5,-23.7,1.2,29.9,-47.4,1.0,-1.0,RS41-SG,404.900,11.7,250,10,2.6,08:27:13,
2026-09-04T01:15:08.991Z,X1423240,9673,45.06442,9.18499,27874.9,-23.2,0.7,29.7,-47.4,1.0,-1.0,RS41-SG,404.900,11.7,250,10,2.5,08:27:13,
2026-09-04T01:15:09.991Z,X1423240,9674,45.06443,9.18499,27852.6,-21.9,1.0,327.0,-47.3,0.9,-1.0,RS41-SG,404.900,11.2,250,11,2.5,08:27:13,
2026-09-04T01:15:10.991Z,X1423240,9675,45.06444,9.18497,27829.7,-24.1,1.7,304.0,-47.2,0.9,-1.0,RS41-SG,404.900,10.7,250,11,2.5,08:27:13,
2026-09-04T01:15:11.991Z,X1423240,9676,45.06445,9.18496,27806.2,-23.3,1.5,313.2,-47.1,0.9,-1.0,RS41-SG,404.900,11.8,250,10,2.5,08:27:13,
2026-09-04T01:15:12.991Z,X1423240,9677,45.06446,9.18494,27782.9,-23.8,1.5,336.3,-47.1,0.9,-1.0,RS41-SG,404.900,11.8,250,11,2.6,08:27:13,
2026-09-04T01:15:13.991Z,X1423240,9678,45.06447,9.18494,27759.1,-24.4,1.6,342.8,-47.0,0.9,-1.0,RS41-SG,404.900,11.4,250,11,2.6,08:27:13,
2026-09-04T01:15:14.991Z,X1423240,9679,45.06448,9.18494,27736.1,-22.3,1.5,7.4,-46.9,0.9,-1.0,RS41-SG,404.900,11.3,250,10,2.5,08:27:13,
2026-09-04T01:15:15.991Z,X1423240,9680,45.06450,9.18494,27713.1,-24.0,1.8,3.1,-46.8,0.9,-1.0,RS41-SG,404.900,11.3,250,11,2.5,08:27:13,
2026-09-04T01:15:16.991Z,X1423240,9681,45.06451,9.18495,27689.0,-25.4,2.0,20.3,-46.7,0.9,-1.0,RS41-SG,404.900,11.7,250,11,2.5,08:27:13,
2026-09-04T01:15:17.991Z,X1423240,9682,45.06453,9.18496,27665.7,-21.8,2.7,32.4,-46.6,0.9,-1.0,RS41-SG,404.900,11.7,250,11,2.6,08:27:13,
2026-09-04T01:15:18.991Z,X1423240,9683,45.06455,9.18498,27644.0,-22.4,2.6,28.7,-46.6,0.9,-1.0,RS41-SG,404.900,11.7,250,11,2.6,08:27:13,
2026-09-04T01:15:19.991Z,X1423240,9684,45.06457,9.18499,27621.2,-24.2,2.7,18.8,-46.7,0.9,-1.0,RS41-SG,404.900,11.7,250,11,2.5,08:27:13,
2026-09-04T01:15:20.991Z,X1423240,9685,45.06460,9.18499,27598.8,-21.8,3.3,353.0,-46.7,0.9,-1.0,RS41-SG,404.900,11.3,250,11,2.5,08:27:13,
2026-09-04T01:15:21.991Z,X1423240,9686,45.06463,9.18499,27575.7,-25.6,4.0,356.3,-46.6,0.9,-1.0,RS41-SG,404.900,11.3,250,11,2.5,08:27:13,
2026-09-04T01:15:22.991Z,X1423240,9687,45.06467,9.18498,27551.7,-23.8,4.5,346.6,-46.6,0.9,-1.0,RS41-SG,404.900,11.3,250,11,2.6,08:27:13,
2026-09-04T01:15:23.991Z,X1423240,9688,45.06471,9.18497,27529.1,-22.7,4.9,341.4,-46.6,0.9,-1.0,RS41-SG,404.900,11.2,250,11,2.6,08:27:13,
2026-09-04T01:15:24.991Z,X1423240,9689,45.06475,9.18495,27506.6,-23.3,4.5,341.0,-46.7,0.9,-1.0,RS41-SG,404.900,11.0,250,11,2.6,08:27:13,
2026-09-04T01:15:25.991Z,X1423240,9690,45.06478,9.18494,27484.9,-21.0,3.5,356.0,-46.7,0.9,-1.0,RS41-SG,404.900,11.0,250,11,2.5,08:26:22,
2026-09-04T01:15:26.991Z,X1423240,9691,45.06481,9.18494,27464.7,-20.5,2.5,33.3,-46.8,0.9,-1.0,RS41-SG,404.900,9.8,250,11,2.5,08:26:22,
2026-09-04T01:15:27.991Z,X1423240,9692,45.06482,9.18497,27442.6,-24.9,3.1,56.9,-46.8,0.9,-1.0,RS41-SG,404.900,11.4,250,10,2.5,08:26:22,
2026-09-04T01:15:28.991Z,X1423240,9693,45.06483,9.18502,27419.4,-22.5,5.1,92.4,-46.9,0.9,-1.0,RS41-SG,404.900,11.4,250,10,2.5,08:26:22,
2026-09-04T01:15:29.991Z,X1423240,9694,45.06483,9.18509,27397.1,-23.1,6.0,91.7,-47.1,0.9,-1.0,RS41-SG,404.900,11.4,250,11,2.6,08:26:22,
2026-09-04T01:15:30.991Z,X1423240,9695,45.06483,9.18517,27375.0,-22.2,6.5,92.0,-47.2,0.9,-1.0,RS41-SG,404.900,11.5,250,11,2.6,08:26:22,
2026-09-04T01:15:31.991Z,X1423240,9696,45.06483,9.18524,27353.5,-22.2,5.5,80.6,-47.2,0.9,-1.0,RS41-SG,404.900,11.5,250,11,2.5,08:26:22,
2026-09-04T01:15:32.991Z,X1423240,9697,45.06484,9.18530,27332.0,-21.5,4.3,71.6,-47.2,1.0,-1.0,RS41-SG,404.900,11.3,250,11,2.5,08:26:22,
2026-09-04T01:15:33.991Z,X1423240,9698,45.06485,9.18534,27310.0,-23.4,3.0,41.9,-47.3,1.0,-1.0,RS41-SG,404.900,11.2,250,10,2.5,08:26:22,
2026-09-04T01:15:34.991Z,X1423240,9699,45.06487,9.18535,27287.0,-23.5,1.6,2.2,-47.4,1.0,-1.0,RS41-SG,404.900,11.1,250,11,2.6,08:26:22,
2026-09-04T01:15:35.991Z,X1423240,9700,45.06488,9.18534,27263.9,-23.6,2.4,309.0,-47.5,1.0,-1.0,RS41-SG,404.900,11.1,250,11,2.6,08:26:22,
2026-09-04T01:15:36.991Z,X1423240,9701,45.06489,9.18532,27240.6,-23.6,2.4,272.7,-47.6,1.0,-1.0,RS41-SG,404.900,11.1,250,11,2.5,08:26:22,
2026-09-04T01:15:37.991Z,X1423240,9702,45.06489,9.18528,27219.1,-20.3,2.7,247.6,-47.7,1.0,-1.0,RS41-SG,404.900,9.6,250,11,2.5,08:26:22,
2026-09-04T01:15:38.991Z,X1423240,9703,45.06487,9.18526,27197.3,-23.9,2.6,213.8,-47.8,1.0,-1.0,RS41-SG,404.900,9.5,250,11,2.5,08:26:22,
2026-09-04T01:15:39.991Z,X1423240,9704,45.06485,9.18525,27174.8,-21.6,2.3,161.0,-48.1,1.0,-1.0,RS41-SG,404.900,10.6,250,11,2.6,08:26:22,
2026-09-04T01:15:40.991Z,X1423240,9705,45.06483,9.18527,27153.1,-22.9,3.1,138.6,-48.3,1.0,-1.0,RS41-SG,404.900,10.8,250,11,2.6,08:26:22,
2026-09-04T01:15:41.991Z,X1423240,9706,45.06481,9.18531,27130.4,-23.1,4.3,108.9,-48.4,1.0,-1.0,RS41-SG,404.900,10.8,250,11,2.6,08:26:22,
2026-09-04T01:15:42.991Z,X1423240,9707,45.06481,9.18537,27108.7,-21.0,4.6,93.2,-48.5,1.1,-1.0,RS41-SG,404.900,10.8,250,11,2.5,08:26:22,
2026-09-04T01:15:43.991Z,X1423240,9708,45.06480,9.18542,27088.4,-19.9,4.0,90.1,-48.6,1.1,-1.0,RS41-SG,404.900,10.9,250,11,2.5,08:26:22,
2026-09-04T01:15:44.991Z,X1423240,9709,45.06481,9.18547,27068.0,-21.4,3.1,82.1,-48.6,1.0,-1.0,RS41-SG,404.900,10.9,250,11,2.5,08:26:22,
2026-09-04T01:15:45.991Z,X1423240,9710,45.06481,9.18550,27046.8,-21.7,1.7,88.5,-48.7,1.0,-1.0,RS41-SG,404.900,10.8,250,11,2.5,08:26:22,
2026-09-04T01:15:46.991Z,X1423240,9711,45.06481,9.18551,27024.6,-23.1,0.7,106.7,-48.8,1.1,-1.0,RS41-SG,404.900,11.0,250,11,2.6,08:26:22,
2026-09-04T01:15:47.991Z,X1423240,9712,45.06480,9.18551,27001.7,-22.9,1.6,220.5,-48.9,1.1,-1.0,RS41-SG,404.900,11.0,250,11,2.6,08:26:22,
2026-09-04T01:15:48.991Z,X1423240,9713,45.06479,9.18550,26979.5,-21.5,2.4,214.2,-49.0,1.0,-1.0,RS41-SG,404.900,10.5,250,11,2.5,08:26:22,
2026-09-04T01:15:49.991Z,X1423240,9714,45.06477,9.18548,26958.3,-21.3,2.9,216.5,-49.1,1.1,-1.0,RS41-SG,404.900,10.3,250,11,2.5,08:26:22,
2026-09-04T01:15:50.991Z,X1423240,9715,45.06475,9.18546,26936.1,-22.7,2.6,200.7,-49.1,1.1,-1.0,RS41-SG,404.900,10.1,250,11,2.5,08:26:22,
2026-09-04T01:15:51.991Z,X1423240,9716,45.06473,9.18546,26914.6,-21.1,1.9,170.9,-49.2,1.1,-1.0,RS41-SG,404.900,10.6,250,11,2.6,08:26:22,
2026-09-04T01:15:52.991Z,X1423240,9717,45.06471,9.18547,26893.5,-21.2,2.1,147.9,-49.2,1.1,-1.0,RS41-SG,404.900,10.6,250,10,2.6,08:26:22,
2026-09-04T01:15:53.991Z,X1423240,9718,45.06469,9.18548,26871.3,-23.5,2.6,147.8,-49.1,1.0,-1.0,RS41-SG,404.900,10.2,250,11,2.5,08:26:22,
2026-09-04T01:15:54.991Z,X1423240,9719,45.06467,9.18550,26848.2,-23.0,2.2,146.4,-49.2,1.1,-1.0,RS41-SG,404.900,10.2,250,11,2.5,08:26:22,
2026-09-04T01:15:55.991Z,X1423240,9720,45.06466,9.18551,26825.1,-23.4,1.4,152.2,-49.2,1.1,-1.0,RS41-SG,404.900,11.1,250,11,2.5,08:26:22,
2026-09-04T01:15:56.991Z,X1423240,9721,45.06465,9.18552,26803.3,-20.6,0.5,157.8,-49.2,1.1,-1.0,RS41-SG,404.900,11.1,250,10,2.6,08:26:22,
2026-09-04T01:15:57.991Z,X1423240,9722,45.06465,9.18551,26781.8,-22.4,0.6,221.0,-49.3,1.1,-1.0,RS41-SG,404.900,11.2,250,11,2.6,08:26:22,
2026-09-04T01:15:58.991Z,X1423240,9723,45.06465,9.18551,26760.2,-21.2,0.8,293.1,-49.3,1.1,-1.0,RS41-SG,404.900,11.2,250,11,2.6,08:26:22,
2026-09-04T01:15:59.991Z,X1423240,9724,45.06465,9.18549,26739.2,-21.0,1.6,296.5,-49.3,1.1,-1.0,RS41-SG,404.900,10.9,250,11,2.5,08:26:22,
2026-09-04T01:16:00.991Z,X1423240,9725,45.06466,9.18547,26718.4,-20.7,2.2,313.8,-49.4,1.1,-1.0,RS41-SG,404.900,10.8,250,11,2.5,08:26:22,
2026-09-04T01:16:01.991Z,X1423240,9726,45.06467,9.18545,26699.0,-18.5,2.0,304.8,-49.4,1.1,-1.0,RS41-SG,404.900,10.7,250,10,2.5,08:26:22,
2026-09-04T01:16:02.991Z,X1423240,9727,45.06468,9.18543,26680.5,-17.9,1.9,312.1,-49.6,1.1,-1.0,RS41-SG,404.900,10.6,250,10,2.5,08:26:22,
2026-09-04T01:16:03.991Z,X1423240,9728,45.06469,9.18541,26659.8,-22.2,1.9,306.2,-49.7,1.1,-1.0,RS41-SG,404.900,10.6,250,11,2.6,08:26:22,
2026-09-04T01:16:04.991Z,X1423240,9729,45.06470,9.18540,26639.1,-19.3,1.4,313.9,-49.8,1.1,-1.0,RS41-SG,404.900,10.5,250,11,2.6,08:26:22,
2026-09-04T01:16:05.991Z,X1423240,9730,45.06471,9.18539,26619.0,-20.1,0.5,8.6,-50.0,1.1,-1.0,RS41-SG,404.900,10.5,250,11,2.5,08:26:22,
2026-09-04T01:16:06.991Z,X1423240,9731,45.06471,9.18540,26598.5,-20.3,1.2,116.6,-50.2,1.1,-1.0,RS41-SG,404.900,10.6,250,11,2.5,08:26:22,
2026-09-04T01:16:07.991Z,X1423240,9732,45.06470,9.18542,26577.8,-20.3,2.6,113.8,-50.2,1.2,-1.0,RS41-SG,404.900,10.6,250,11,2.5,08:26:22,
2026-09-04T01:16:08.991Z,X1423240,9733,45.06469,9.18546,26556.9,-21.5,3.6,116.9,-50.2,1.1,-1.0,RS41-SG,404.900,10.7,250,10,2.6,08:26:22,
2026-09-04T01:16:09.991Z,X1423240,9734,45.06467,9.18550,26537.4,-17.4,4.2,117.8,-50.2,1.1,-1.0,RS41-SG,404.900,10.7,250,10,2.6,08:26:22,
2026-09-04T01:16:10.991Z,X1423240,9735,45.06465,9.18555,26518.7,-19.2,3.6,118.5,-50.1,1.1,-1.0,RS41-SG,404.900,9.9,250,10,2.5,08:26:22,
2026-09-04T01:16:11.991Z,X1423240,9736,45.06464,9.18558,26499.0,-18.9,1.8,108.3,-50.1,1.1,-1.0,RS41-SG,404.900,10.4,250,11,2.5,08:26:22,
2026-09-04T01:16:12.991Z,X1423240,9737,45.06465,9.18559,26479.1,-20.6,1.4,11.6,-50.1,1.1,-1.0,RS41-SG,404.900,10.5,250,11,2.5,08:26:22,
2026-09-04T01:16:13.991Z,X1423240,9738,45.06467,9.18558,26458.0,-21.4,4.4,327.0,-50.0,1.1,-1.0,RS41-SG,404.900,10.5,250,11,2.6,08:26:22,
2026-09-04T01:16:14.991Z,X1423240,9739,45.06471,9.18553,26436.2,-21.9,7.4,323.0,-50.0,1.1,-1.0,RS41-SG,404.900,10.1,250,11,2.6,08:26:22,
2026-09-04T01:16:15.991Z,X1423240,9740,45.06477,9.18547,26413.6,-22.9,8.7,317.7,-50.0,1.1,-1.0,RS41-SG,404.900,10.3,250,11,2.6,08:26:22,
2026-09-04T01:16:16.991Z,X1423240,9741,45.06482,9.18539,26392.2,-20.3,9.8,314.8,-50.0,1.1,-1.0,RS41-SG,404.900,10.3,250,10,2.5,08:25:31,
2026-09-04T01:16:17.991Z,X1423240,9742,45.06488,9.18530,26371.6,-20.9,10.2,311.3,-50.0,1.1,-1.0,RS41-SG,404.900,10.3,250,11,2.5,08:25:31,
2026-09-04T01:16:18.991Z,X1423240,9743,45.06493,9.18520,26350.9,-20.8,8.9,302.5,-49.9,1.0,-1.0,RS41-SG,404.900,8.3,250,11,2.5,08:25:31,
2026-09-04T01:16:19.991Z,X1423240,9744,45.06497,9.18511,26329.8,-22.1,7.5,291.9,-49.9,1.1,-1.0,RS41-SG,404.900,8.7,250,11,2.5,08:25:31,
2026-09-04T01:16:20.991Z,X1423240,9745,45.06498,9.18503,26308.4,-21.0,5.9,270.1,-49.8,1.0,-1.0,RS41-SG,404.900,9.4,250,11,2.6,08:25:31,
2026-09-04T01:16:21.991Z,X1423240,9746,45.06497,9.18496,26287.6,-21.3,5.4,249.2,-49.7,1.0,-1.0,RS41-SG,404.900,9.8,250,10,2.6,08:25:31,
2026-09-04T01:16:22.991Z,X1423240,9747,45.06495,9.18489,26266.3,-21.3,5.8,237.7,-49.6,1.0,-1.0,RS41-SG,404.900,9.8,250,11,2.5,08:25:31,
2026-09-04T01:16:23.991Z,X1423240,9748,45.06492,9.18483,26245.1,-21.5,6.1,238.6,-49.6,1.0,-1.0,RS41-SG,404.900,9.5,250,11,2.5,08:25:31,
2026-09-04T01:16:24.991Z,X1423240,9749,45.06489,9.18476,26223.8,-21.2,6.4,244.9,-49.7,1.0,-1.0,RS41-SG,404.900,9.5,250,11,2.5,08:25:31,
2026-09-04T01:16:25.991Z,X1423240,9750,45.06487,9.18469,26203.3,-20.3,6.2,255.7,-49.8,1.0,-1.0,RS41-SG,404.900,9.5,250,11,2.6,08:25:31,
2026-09-04T01:16:26.991Z,X1423240,9751,45.06486,9.18460,26182.8,-21.2,7.1,264.7,-49.9,1.1,-1.0,RS41-SG,404.900,9.4,250,11,2.6,08:25:31,
2026-09-04T01:16:27.991Z,X1423240,9752,45.06486,9.18451,26162.3,-20.6,7.4,271.6,-49.9,1.1,-1.0,RS41-SG,404.900,9.4,250,11,2.5,08:25:31,
2026-09-04T01:16:28.991Z,X1423240,9753,45.06486,9.18442,26142.0,-20.5,8.2,278.1,-49.8,1.0,-1.0,RS41-SG,404.900,8.8,250,11,2.5,08:25:31,
2026-09-04T01:16:29.991Z,X1423240,9754,45.06487,9.18431,26122.1,-19.7,8.1,273.5,-49.8,1.0,-1.0,RS41-SG,404.900,8.8,250,11,2.5,08:25:31,
2026-09-04T01:16:30.991Z,X1423240,9755,45.06487,9.18422,26101.9,-20.8,7.4,266.3,-49.7,1.0,-1.0,RS41-SG,404.900,8.7,250,11,2.6,08:25:31,
2026-09-04T01:16:31.991Z,X1423240,9756,45.06486,9.18413,26082.5,-18.1,6.6,245.6,-49.6,1.0,-1.0,RS41-SG,404.900,8.5,250,11,2.6,08:25:31,
2026-09-04T01:16:32.991Z,X1423240,9757,45.06482,9.18407,26063.8,-19.8,6.3,224.9,-49.5,1.0,-1.0,RS41-SG,404.900,8.5,250,11,2.6,08:25:31,
2026-09-04T01:16:33.991Z,X1423240,9758,45.06478,9.18402,26043.9,-20.5,6.0,208.2,-49.4,1.0,-1.0,RS41-SG,404.900,9.0,250,10,2.5,08:25:31,
2026-09-04T01:16:34.991Z,X1423240,9759,45.06473,9.18399,26024.3,-18.7,6.6,194.9,-49.3,1.0,-1.0,RS41-SG,404.900,9.4,250,11,2.5,08:25:31,
2026-09-04T01:16:35.991Z,X1423240,9760,45.06467,9.18397,26005.7,-19.5,6.0,194.2,-49.2,1.0,-1.0,RS41-SG,404.900,9.4,250,11,2.5,08:25:31,
2026-09-04T01:16:36.991Z,X1423240,9761,45.06462,9.18395,25985.5,-20.9,6.2,196.9,-49.1,1.0,-1.0,RS41-SG,404.900,9.4,250,11,2.5,08:25:31,
2026-09-04T01:16:37.991Z,X1423240,9762,45.06457,9.18393,25965.7,-20.0,5.1,207.2,-49.0,1.0,-1.0,RS41-SG,404.900,9.1,250,10,2.6,08:25:31,
2026-09-04T01:16:38.991Z,X1423240,9763,45.06454,9.18390,25945.3,-21.0,4.5,213.3,-48.9,1.0,-1.0,RS41-SG,404.900,9.3,250,10,2.6,08:25:31,
2026-09-04T01:16:39.991Z,X1423240,9764,45.06451,9.18386,25924.1,-22.4,3.6,227.3,-48.9,1.0,-1.0,RS41-SG,404.900,9.3,250,10,2.5,08:25:31,
2026-09-04T01:16:40.991Z,X1423240,9765,45.06449,9.18383,25903.2,-20.5,3.3,252.2,-48.9,1.0,-1.0,RS41-SG,404.900,9.1,250,10,2.5,08:25:31,
2026-09-04T01:16:41.991Z,X1423240,9766,45.06449,9.18379,25882.3,-22.2,3.0,261.9,-48.9,1.0,-1.0,RS41-SG,404.900,9.1,250,10,2.5,08:25:31,
2026-09-04T01:16:42.991Z,X1423240,9767,45.06449,9.18375,25861.9,-19.6,3.3,285.6,-48.9,1.0,-1.0,RS41-SG,404.900,7.9,250,9,2.6,08:25:31,
2026-09-04T01:16:43.991Z,X1423240,9768,45.06450,9.18372,25842.7,-19.6,3.0,298.9,-48.9,1.0,-1.0,RS41-SG,404.900,7.2,250,10,2.6,08:25:31,
2026-09-04T01:16:44.991Z,X1423240,9769,45.06451,9.18369,25822.7,-20.7,1.8,326.4,-48.9,1.0,-1.0,RS41-SG,404.900,8.4,250,10,2.5,08:25:31,
2026-09-04T01:16:45.991Z,X1423240,9770,45.06453,9.18369,25801.9,-21.9,1.7,28.6,-49.0,1.0,-1.0,RS41-SG,404.900,8.4,250,10,2.5,08:25:31,
2026-09-04T01:16:46.991Z,X1423240,9771,45.06454,9.18371,25780.8,-20.4,2.3,85.4,-49.1,1.0,-1.0,RS41-SG,404.900,7.8,250,10,2.5,08:25:31,
2026-09-04T01:16:48.991Z,X1423240,9773,45.06452,9.18378,25738.7,-21.4,3.7,124.7,-49.2,1.0,-1.0,RS41-SG,404.900,7.9,250,10,2.6,08:25:31,
2026-09-04T01:16:49.991Z,X1423240,9774,45.06449,9.18381,25719.5,-17.5,3.7,149.8,-49.3,1.0,-1.0,RS41-SG,404.900,8.5,250,10,2.5,08:25:31,
2026-09-04T01:16:50.991Z,X1423240,9775,45.06447,9.18383,25700.9,-20.0,3.0,151.5,-49.4,1.0,-1.0,RS41-SG,404.900,8.5,250,10,2.5,08:25:31,
2026-09-04T01:16:51.991Z,X1423240,9776,45.06445,9.18385,25681.5,-19.8,2.5,153.8,-49.5,1.0,-1.0,RS41-SG,404.900,8.6,250,10,2.5,08:25:31,
2026-09-04T01:16:52.991Z,X1423240,9777,45.06443,9.18387,25661.7,-20.9,2.0,137.9,-49.6,1.1,-1.0,RS41-SG,404.900,8.6,250,10,2.6,08:25:31,
2026-09-04T01:16:53.991Z,X1423240,9778,45.06442,9.18388,25641.3,-20.8,1.1,128.0,-49.8,1.1,-1.0,RS41-SG,404.900,8.3,250,10,2.6,08:25:31,
2026-09-04T01:16:54.991Z,X1423240,9779,45.06442,9.18389,25621.9,-19.2,0.5,27.8,-50.1,1.1,-1.0,RS41-SG,404.900,8.3,250,10,2.6,08:25:31,
2026-09-04T01:16:55.991Z,X1423240,9780,45.06443,9.18389,25602.9,-20.2,1.3,297.0,-50.3,1.1,-1.0,RS41-SG,404.900,8.2,250,8,2.5,08:25:31,
2026-09-04T01:16:56.991Z,X1423240,9781,45.06443,9.18386,25583.7,-18.9,2.9,282.0,-50.4,1.1,-1.0,RS41-SG,404.900,7.9,250,9,2.5,08:25:31,
2026-09-04T01:16:57.991Z,X1423240,9782,45.06444,9.18382,25565.9,-16.8,4.2,268.5,-50.5,1.1,-1.0,RS41-SG,404.900,7.8,250,10,2.5,08:25:31,
2026-09-04T01:16:58.991Z,X1423240,9783,45.06443,9.18377,25548.6,-18.4,4.2,254.9,-50.5,1.2,-1.0,RS41-SG,404.900,7.7,250,10,2.5,08:25:31,
2026-09-04T01:17:01.991Z,X1423240,9786,45.06435,9.18368,25492.5,-20.2,5.6,187.4,-50.6,1.2,-1.0,RS41-SG,404.900,7.6,250,10,2.5,08:25:31,
2026-09-04T01:17:02.991Z,X1423240,9787,45.06430,9.18368,25472.6,-19.7,6.7,173.4,-50.5,1.1,-1.0,RS41-SG,404.900,7.9,250,10,2.5,08:25:31,
2026-09-04T01:17:03.991Z,X1423240,9788,45.06424,9.18369,25453.3,-19.6,6.7,167.3,-50.6,1.1,-1.0,RS41-SG,404.900,8.2,250,8,2.5,08:25:31,
2026-09-04T01:17:04.991Z,X1423240,9789,45.06418,9.18371,25433.8,-20.2,6.6,163.8,-50.7,1.1,-1.0,RS41-SG,404.900,8.2,250,9,2.6,08:25:31,
2026-09-04T01:17:05.991Z,X1423240,9790,45.06413,9.18374,25414.5,-18.3,5.3,159.6,-50.7,1.1,-1.0,RS41-SG,404.900,7.7,250,10,2.6,08:25:31,
2026-09-04T01:17:06.991Z,X1423240,9791,45.06409,9.18375,25396.6,-17.5,3.7,160.9,-50.8,1.1,-1.0,RS41-SG,404.900,8.0,250,10,2.5,08:25:31,
2026-09-04T01:17:07.991Z,X1423240,9792,45.06406,9.18376,25378.9,-17.6,2.8,168.0,-50.8,1.1,-1.0,RS41-SG,404.900,8.0,250,10,2.5,08:24:40,
2026-09-04T01:17:08.991Z,X1423240,9793,45.06404,9.18376,25360.7,-18.9,2.4,190.5,-50.8,1.1,-1.0,RS41-SG,404.900,7.8,250,9,2.5,08:24:40,
2026-09-04T01:17:09.991Z,X1423240,9794,45.06402,9.18375,25340.8,-20.7,2.1,211.2,-50.8,1.1,-1.0,RS41-SG,404.900,7.8,250,10,2.6,08:24:40,
2026-09-04T01:17:10.991Z,X1423240,9795,45.06401,9.18374,25321.3,-19.2,1.4,240.3,-50.9,1.1,-1.0,RS41-SG,404.900,7.7,250,10,2.6,08:24:40,
2026-09-04T01:17:15.991Z,X1423240,9800,45.06408,9.18384,25227.2,-19.2,6.0,60.0,-51.5,1.2,-1.0,RS41-SG,404.900,6.9,250,9,2.6,08:24:40,
2026-09-04T01:17:16.991Z,X1423240,9801,45.06411,9.18391,25207.7,-19.2,6.7,61.2,-51.5,1.2,-1.0,RS41-SG,404.900,7.3,250,9,2.5,08:24:40,
2026-09-04T01:17:17.991Z,X1423240,9802,45.06414,9.18398,25187.8,-20.3,6.5,62.6,-51.6,1.2,-1.0,RS41-SG,404.900,7.3,250,10,2.5,08:24:40,
2026-09-04T01:17:19.991Z,X1423240,9804,45.06420,9.18411,25148.6,-19.5,5.7,51.4,-51.8,1.2,-1.0,RS41-SG,404.900,7.3,250,10,2.6,08:24:40,
2026-09-04T01:17:20.991Z,X1423240,9805,45.06423,9.18417,25129.0,-19.9,5.5,44.8,-52.0,1.2,-1.0,RS41-SG,404.900,7.3,250,10,2.6,08:24:40,
2026-09-04T01:17:21.991Z,X1423240,9806,45.06426,9.18420,25108.8,-20.9,3.6,24.4,-52.0,1.2,-1.0,RS41-SG,404.900,7.3,250,10,2.5,08:24:40,
2026-09-04T01:17:24.991Z,X1423240,9809,45.06437,9.18412,25054.3,-18.8,6.5,320.4,-52.1,1.2,-1.0,RS41-SG,404.900,6.8,250,10,2.6,08:24:40,
