timestamp,serial,frame,lat,lon,alt,vel_v,vel_h,heading,temp,humidity,pressure,type,freq_mhz,snr,f_error_hz,sats,batt_v,burst_timer,aux_data
2026-08-15T10:57:33.999Z,V3632161,4839,44.52600,7.77711,16277.3,4.6,7.7,112.1,-273.0,-1.0,-1.0,RS41,403.700,6.9,250,9,2.6,,
2026-08-15T10:58:21.999Z,V3632161,4887,44.52476,7.78042,16496.8,4.3,8.0,136.4,-273.0,-1.0,-1.0,RS41,403.700,6.4,250,10,2.7,,
2026-08-15T10:58:45.999Z,V3632161,4911,44.52383,7.78221,16601.5,4.5,6.7,129.5,-273.0,-1.0,-1.0,RS41,403.700,6.7,250,10,2.7,,
2026-08-15T10:59:07.999Z,V3632161,4933,44.52314,7.78364,16696.2,4.2,6.9,138.8,-273.0,-1.0,-1.0,RS41,403.700,7.2,250,10,2.6,,
2026-08-15T11:00:35.000Z,V3632161,5020,44.52048,7.78720,17072.0,4.5,5.8,102.1,-273.0,-1.0,-1.0,RS41,403.700,6.7,250,10,2.7,,
2026-08-15T11:01:43.000Z,V3632161,5088,44.52068,7.79170,17369.6,5.4,5.1,81.9,-273.0,-1.0,-1.0,RS41,403.700,6.9,250,10,2.6,,
2026-08-15T11:01:44.000Z,V3632161,5089,44.52069,7.79176,17374.1,3.8,5.2,81.0,-273.0,-1.0,-1.0,RS41,403.700,7.3,250,10,2.7,,
2026-08-15T11:01:45.000Z,V3632161,5090,44.52069,7.79183,17378.3,4.8,5.2,84.5,-273.0,-1.0,-1.0,RS41,403.700,7.3,250,10,2.7,,
2026-08-15T11:03:02.000Z,V3632161,5167,44.51900,7.79598,17727.1,4.4,2.6,164.5,-273.0,-1.0,-1.0,RS41,403.700,6.8,250,10,2.7,,
2026-08-15T11:03:09.000Z,V3632161,5174,44.51886,7.79604,17757.4,4.0,3.5,145.9,-273.0,-1.0,-1.0,RS41,403.700,6.8,250,10,2.7,,
2026-08-15T11:03:10.000Z,V3632161,5175,44.51883,7.79607,17762.0,5.2,3.5,139.2,-273.0,-1.0,-1.0,RS41,403.700,6.5,250,10,2.7,,
2026-08-15T11:03:11.000Z,V3632161,5176,44.51881,7.79610,17766.9,4.5,3.3,135.4,-273.0,-1.0,-1.0,RS41,403.700,6.5,250,9,2.6,,
2026-08-15T11:03:13.000Z,V3632161,5178,44.51877,7.79615,17776.5,5.3,2.6,147.1,-273.0,-1.0,-1.0,RS41,403.700,6.9,250,9,2.6,,
2026-08-15T11:03:14.000Z,V3632161,5179,44.51875,7.79616,17781.1,3.7,2.8,163.4,-273.0,-1.0,-1.0,RS41,403.700,7.4,250,10,2.7,,
2026-08-15T11:03:15.000Z,V3632161,5180,44.51873,7.79617,17785.1,4.6,2.6,172.6,-273.0,-1.0,-1.0,RS41,403.700,7.4,250,10,2.7,,
2026-08-15T11:03:17.000Z,V3632161,5182,44.51869,7.79617,17794.3,3.6,2.0,172.7,-273.0,-1.0,-1.0,RS41,403.700,6.8,250,10,2.6,,
2026-08-15T11:03:18.000Z,V3632161,5183,44.51867,7.79618,17798.6,4.5,2.1,169.3,-273.0,-1.0,-1.0,RS41,403.700,8.8,250,10,2.6,,
2026-08-15T11:03:19.000Z,V3632161,5184,44.51865,7.79618,17803.2,4.7,2.6,171.8,-273.0,-1.0,-1.0,RS41,403.700,8.8,250,10,2.6,,
2026-08-15T11:03:22.000Z,V3632161,5187,44.51858,7.79621,17817.0,3.9,2.5,142.1,-273.0,-1.0,-1.0,RS41,403.700,7.3,250,10,2.7,,
2026-08-15T11:03:23.000Z,V3632161,5188,44.51856,7.79624,17821.2,4.2,2.5,133.9,-273.0,-1.0,-1.0,RS41,403.700,7.3,250,9,2.6,,
2026-08-15T11:03:25.000Z,V3632161,5190,44.51853,7.79627,17830.6,3.8,1.9,144.8,-273.0,-1.0,-1.0,RS41,403.700,7.3,250,10,2.6,,
2026-08-15T11:03:26.000Z,V3632161,5191,44.51852,7.79629,17835.0,5.0,1.2,146.2,-273.0,-1.0,-1.0,RS41,403.700,9.0,250,10,2.7,,
2026-08-15T11:03:27.000Z,V3632161,5192,44.51851,7.79629,17840.1,5.1,0.5,124.8,-273.0,-1.0,-1.0,RS41,403.700,9.0,250,9,2.7,,
2026-08-15T11:03:28.000Z,V3632161,5193,44.51851,7.79630,17844.9,4.6,0.4,53.7,-273.0,-1.0,-1.0,RS41,403.700,7.7,250,10,2.7,,
2026-08-15T11:03:31.000Z,V3632161,5196,44.51851,7.79631,17858.7,4.3,0.9,135.6,-273.0,-1.0,-1.0,RS41,403.700,7.9,250,10,2.6,,
2026-08-15T11:03:32.000Z,V3632161,5197,44.51850,7.79632,17863.4,5.0,1.2,111.4,-273.0,-1.0,-1.0,RS41,403.700,7.9,250,10,2.7,,
2026-08-15T11:03:34.000Z,V3632161,5199,44.51850,7.79636,17872.4,4.6,2.0,101.8,-273.0,-1.0,-1.0,RS41,403.700,7.3,250,10,2.7,,
2026-08-15T11:03:35.000Z,V3632161,5200,44.51849,7.79638,17877.5,5.4,1.9,116.9,-273.0,-1.0,-1.0,RS41,403.700,7.3,250,10,2.6,,
2026-08-15T11:03:36.000Z,V3632161,5201,44.51848,7.79640,17882.4,4.0,1.9,134.7,-273.0,-1.0,-1.0,RS41,403.700,7.2,250,10,2.6,,
2026-08-15T11:03:37.000Z,V3632161,5202,44.51847,7.79641,17886.9,5.1,1.8,147.1,-273.0,-1.0,-1.0,RS41,403.700,7.3,250,10,2.6,,
2026-08-15T11:03:38.000Z,V3632161,5203,44.51846,7.79643,17892.0,5.4,1.6,128.3,-273.0,-1.0,-1.0,RS41,403.700,7.5,250,10,2.7,,
2026-08-15T11:03:40.000Z,V3632161,5205,44.51845,7.79646,17901.4,5.4,1.6,105.5,-273.0,-1.0,-1.0,RS41,403.700,7.1,250,10,2.7,,
2026-08-15T11:03:42.000Z,V3632161,5207,44.51844,7.79650,17910.5,4.6,1.7,108.2,-273.0,-1.0,-1.0,RS41,403.700,7.6,250,10,2.6,,
2026-08-15T11:03:43.000Z,V3632161,5208,44.51843,7.79652,17915.6,5.7,2.1,92.3,-273.0,-1.0,-1.0,RS41,403.700,7.6,250,10,2.6,,
2026-08-15T11:03:44.000Z,V3632161,5209,44.51843,7.79655,17920.5,4.0,2.7,86.6,-273.0,-1.0,-1.0,RS41,403.700,7.0,250,10,2.7,,
2026-08-15T11:03:46.000Z,V3632161,5211,44.51844,7.79662,17929.9,5.4,2.3,88.1,-273.0,-1.0,-1.0,RS41,403.700,6.5,250,10,2.7,,
2026-08-15T11:03:47.000Z,V3632161,5212,44.51844,7.79665,17934.6,3.9,2.0,93.1,-273.0,-1.0,-1.0,RS41,403.700,7.1,250,10,2.6,,
2026-08-15T11:03:49.000Z,V3632161,5214,44.51844,7.79670,17944.5,5.7,2.5,71.1,-273.0,-1.0,-1.0,RS41,403.700,6.8,250,10,2.6,,
2026-08-15T11:03:51.000Z,V3632161,5216,44.51846,7.79676,17953.5,4.8,2.8,68.8,-273.0,-1.0,-1.0,RS41,403.700,6.9,250,10,2.7,,
2026-08-15T11:03:53.000Z,V3632161,5218,44.51847,7.79682,17963.6,3.9,1.9,71.7,-273.0,-1.0,-1.0,RS41,403.700,7.3,250,10,2.6,,
2026-08-15T11:03:54.000Z,V3632161,5219,44.51848,7.79684,17967.8,4.4,1.9,64.4,-273.0,-1.0,-1.0,RS41,403.700,7.3,250,9,2.6,,
2026-08-15T11:03:55.000Z,V3632161,5220,44.51849,7.79686,17973.1,6.0,2.5,51.6,-273.0,-1.0,-1.0,RS41,403.700,6.7,250,10,2.6,,
2026-08-15T11:03:57.000Z,V3632161,5222,44.51853,7.79692,17982.5,4.4,3.8,45.0,-273.0,-1.0,-1.0,RS41,403.700,7.6,250,11,2.7,,
2026-08-15T11:03:58.000Z,V3632161,5223,44.51855,7.79696,17987.1,5.1,3.7,42.5,-273.0,-1.0,-1.0,RS41,403.700,7.6,250,11,2.7,,
2026-08-15T11:04:00.000Z,V3632161,5225,44.51860,7.79701,17995.5,3.8,3.5,39.6,-273.0,-1.0,-1.0,RS41,403.700,7.1,250,11,2.6,,
2026-08-15T11:04:01.000Z,V3632161,5226,44.51863,7.79704,18000.2,5.1,4.1,38.7,-273.0,-1.0,-1.0,RS41,403.700,7.1,250,10,2.6,,
2026-08-15T11:04:13.000Z,V3632161,5238,44.51882,7.79739,18056.4,4.9,2.2,71.5,-273.0,-1.0,-1.0,RS41,403.700,6.7,250,11,2.6,,
2026-08-15T11:04:14.000Z,V3632161,5239,44.51883,7.79742,18061.4,5.2,2.6,65.1,-273.0,-1.0,-1.0,RS41,403.700,6.8,250,11,2.7,,
2026-08-15T11:04:15.000Z,V3632161,5240,44.51884,7.79745,18066.1,4.1,2.8,58.8,-273.0,-1.0,-1.0,RS41,403.700,7.0,250,10,2.7,,
2026-08-15T11:04:16.000Z,V3632161,5241,44.51885,7.79748,18070.6,5.2,2.6,60.2,-273.0,-1.0,-1.0,RS41,403.700,7.2,250,10,2.7,,
2026-08-15T11:04:22.000Z,V3632161,5247,44.51889,7.79766,18099.2,5.0,2.5,65.7,-273.0,-1.0,-1.0,RS41,403.700,6.9,250,10,2.7,,
2026-08-15T11:04:23.000Z,V3632161,5248,44.51890,7.79768,18104.1,4.6,1.7,62.7,-273.0,-1.0,-1.0,RS41,403.700,6.9,250,10,2.6,,
2026-08-15T11:04:25.000Z,V3632161,5250,44.51891,7.79771,18113.6,5.5,1.2,51.1,-273.0,-1.0,-1.0,RS41,403.700,6.9,250,11,2.6,,
2026-08-15T11:04:26.000Z,V3632161,5251,44.51892,7.79773,18118.2,3.9,1.6,59.7,-273.0,-1.0,-1.0,RS41,403.700,7.3,250,11,2.7,,
2026-08-15T11:04:28.000Z,V3632161,5253,44.51892,7.79777,18127.9,5.8,1.9,95.9,-273.0,-1.0,-1.0,RS41,403.700,6.5,250,11,2.7,,
2026-08-15T11:04:31.000Z,V3632161,5256,44.51891,7.79786,18142.7,5.4,3.4,102.9,-273.0,-1.0,-1.0,RS41,403.700,6.6,250,11,2.6,,
2026-08-15T11:04:33.000Z,V3632161,5258,44.51890,7.79795,18151.7,5.2,3.7,94.4,-273.0,-1.0,-1.0,RS41,403.700,7.0,250,11,2.7,,
2026-08-15T11:04:34.000Z,V3632161,5259,44.51890,7.79800,18156.7,4.8,3.1,101.6,-273.0,-1.0,-1.0,RS41,403.700,7.0,250,11,2.7,,
2026-08-15T11:04:35.000Z,V3632161,5260,44.51889,7.79803,18161.5,4.5,2.6,110.5,-273.0,-1.0,-1.0,RS41,403.700,7.4,250,11,2.6,,
2026-08-15T11:04:36.000Z,V3632161,5261,44.51888,7.79806,18166.5,5.3,2.2,110.9,-273.0,-1.0,-1.0,RS41,403.700,7.4,250,11,2.6,,
2026-08-15T11:04:38.000Z,V3632161,5263,44.51887,7.79811,18175.3,4.4,1.6,101.6,-273.0,-1.0,-1.0,RS41,403.700,7.3,250,11,2.7,,
2026-08-15T11:04:42.000Z,V3632161,5267,44.51885,7.79814,18194.9,5.3,0.9,144.2,-273.0,-1.0,-1.0,RS41,403.700,6.9,250,11,2.6,,
2026-08-15T11:04:43.000Z,V3632161,5268,44.51884,7.79815,18199.7,4.5,1.2,107.5,-273.0,-1.0,-1.0,RS41,403.700,7.7,250,11,2.6,,
2026-08-15T11:04:46.000Z,V3632161,5271,44.51883,7.79820,18213.2,4.0,1.5,135.8,-273.0,-1.0,-1.0,RS41,403.700,7.3,250,11,2.7,,
2026-08-15T11:04:47.000Z,V3632161,5272,44.51882,7.79822,18217.7,4.5,1.7,146.0,-273.0,-1.0,-1.0,RS41,403.700,8.0,250,11,2.6,,
2026-08-15T11:04:48.000Z,V3632161,5273,44.51880,7.79823,18222.7,5.3,2.0,141.5,-273.0,-1.0,-1.0,RS41,403.700,8.1,250,11,2.6,,
2026-08-15T11:04:49.000Z,V3632161,5274,44.51879,7.79825,18227.5,4.2,2.4,134.6,-273.0,-1.0,-1.0,RS41,403.700,8.1,250,11,2.6,,
2026-08-15T11:04:50.000Z,V3632161,5275,44.51877,7.79827,18232.0,4.7,2.8,139.4,-273.0,-1.0,-1.0,RS41,403.700,8.0,250,11,2.7,,
2026-08-15T11:04:54.000Z,V3632161,5279,44.51867,7.79836,18250.7,5.4,3.4,138.9,-273.0,-1.0,-1.0,RS41,403.700,7.2,250,11,2.6,,
2026-08-15T11:04:55.000Z,V3632161,5280,44.51865,7.79839,18255.5,4.1,3.4,129.1,-273.0,-1.0,-1.0,RS41,403.700,7.2,250,11,2.6,,
2026-08-15T11:04:56.000Z,V3632161,5281,44.51863,7.79842,18259.9,4.6,3.2,125.1,-273.0,-1.0,-1.0,RS41,403.700,7.1,250,11,2.7,,
2026-08-15T11:05:05.000Z,V3632161,5290,44.51844,7.79875,18302.4,4.9,3.6,126.5,-273.0,-1.0,-1.0,RS41,403.700,6.8,250,11,2.6,,
2026-08-15T11:05:06.000Z,V3632161,5291,44.51843,7.79879,18307.3,4.7,3.1,118.1,-273.0,-1.0,-1.0,RS41,403.700,6.8,250,11,2.6,,
2026-08-15T11:05:07.000Z,V3632161,5292,44.51841,7.79882,18311.7,4.2,2.7,112.5,-273.0,-1.0,-1.0,RS41,403.700,7.5,250,11,2.6,,
2026-08-15T11:05:08.000Z,V3632161,5293,44.51840,7.79885,18316.3,5.0,2.4,122.3,-273.0,-1.0,-1.0,RS41,403.700,7.5,250,11,2.7,,
2026-08-15T11:05:09.000Z,V3632161,5294,44.51839,7.79887,18321.4,5.3,2.6,142.9,-273.0,-1.0,-1.0,RS41,403.700,7.3,250,11,2.7,,
2026-08-15T11:05:10.000Z,V3632161,5295,44.51837,7.79889,18326.1,4.0,3.0,151.5,-273.0,-1.0,-1.0,RS41,403.700,6.9,250,11,2.7,,
2026-08-15T11:05:13.000Z,V3632161,5298,44.51829,7.79897,18340.6,5.0,4.2,131.9,-273.0,-1.0,-1.0,RS41,403.700,7.4,250,11,2.6,,
2026-08-15T11:05:14.000Z,V3632161,5299,44.51826,7.79901,18345.7,5.4,4.8,131.9,-273.0,-1.0,-1.0,RS41,403.700,7.4,250,11,2.7,,
2026-08-15T11:05:15.000Z,V3632161,5300,44.51823,7.79906,18350.3,3.8,5.2,136.2,-273.0,-1.0,-1.0,RS41,403.700,7.1,250,11,2.7,,
2026-08-15T11:05:16.000Z,V3632161,5301,44.51820,7.79910,18354.6,5.0,5.1,134.3,-273.0,-1.0,-1.0,RS41,403.700,7.1,250,11,2.7,,
2026-08-15T11:05:19.000Z,V3632161,5304,44.51812,7.79925,18369.6,4.8,4.5,127.5,-273.0,-1.0,-1.0,RS41,403.700,6.6,250,11,2.6,,
2026-08-15T11:05:20.000Z,V3632161,5305,44.51809,7.79929,18374.5,5.0,4.5,137.4,-273.0,-1.0,-1.0,RS41,403.700,6.8,250,11,2.7,,
2026-08-15T11:05:21.000Z,V3632161,5306,44.51806,7.79932,18378.9,3.9,4.7,146.9,-273.0,-1.0,-1.0,RS41,403.700,7.0,250,11,2.7,,
2026-08-15T11:05:22.000Z,V3632161,5307,44.51802,7.79935,18383.2,4.7,4.5,151.4,-273.0,-1.0,-1.0,RS41,403.700,8.1,250,11,2.7,,
2026-08-15T11:05:23.000Z,V3632161,5308,44.51799,7.79938,18388.1,4.8,4.1,150.3,-58.6,-1.0,-1.0,RS41,403.700,8.1,250,11,2.6,,
2026-08-15T11:05:26.000Z,V3632161,5311,44.51790,7.79945,18402.0,4.9,3.9,155.9,-58.7,-1.0,-1.0,RS41,403.700,6.9,250,11,2.7,,
2026-08-15T11:05:27.000Z,V3632161,5312,44.51786,7.79947,18406.5,4.2,4.3,159.1,-58.8,-1.0,-1.0,RS41,403.700,7.4,250,11,2.7,,
2026-08-15T11:05:28.000Z,V3632161,5313,44.51783,7.79949,18411.2,5.3,4.4,155.9,-58.8,-1.0,-1.0,RS41,403.700,8.2,250,10,2.7,,
2026-08-15T11:05:29.000Z,V3632161,5314,44.51779,7.79952,18415.9,4.2,4.3,150.7,-58.8,-1.0,-1.0,RS41,403.700,8.7,250,11,2.6,,
2026-08-15T11:05:30.000Z,V3632161,5315,44.51776,7.79954,18420.5,4.5,4.0,149.5,-58.7,-1.0,-1.0,RS41,403.700,8.7,250,11,2.6,,
2026-08-15T11:05:32.000Z,V3632161,5317,44.51770,7.79958,18430.3,4.6,3.8,173.5,-58.7,-1.0,-1.0,RS41,403.700,6.7,250,11,2.7,,
2026-08-15T11:05:33.000Z,V3632161,5318,44.51766,7.79958,18434.6,4.1,3.5,182.9,-58.8,-1.0,-1.0,RS41,403.700,6.7,250,11,2.7,,
2026-08-15T11:05:36.000Z,V3632161,5321,44.51759,7.79958,18448.4,3.9,2.0,162.0,-58.8,-1.0,-1.0,RS41,403.700,7.4,250,11,2.6,,
2026-08-15T11:05:37.000Z,V3632161,5322,44.51758,7.79959,18452.9,5.1,2.0,157.1,-58.8,-1.0,-1.0,RS41,403.700,8.6,250,11,2.6,,
2026-08-15T11:05:38.000Z,V3632161,5323,44.51756,7.79960,18457.7,4.3,2.4,164.8,-58.7,-1.0,-1.0,RS41,403.700,8.6,250,10,2.7,,
2026-08-15T11:05:39.000Z,V3632161,5324,44.51753,7.79961,18462.0,4.5,2.8,167.1,-58.7,-1.0,-1.0,RS41,403.700,8.3,250,11,2.7,,
2026-08-15T11:05:40.000Z,V3632161,5325,44.51751,7.79962,18466.9,5.1,3.3,161.5,-58.7,-1.0,-1.0,RS41,403.700,8.6,250,11,2.7,,
2026-08-15T11:05:41.000Z,V3632161,5326,44.51748,7.79963,18471.3,3.9,3.5,155.0,-58.7,-1.0,-1.0,RS41,403.700,8.6,250,11,2.6,,
2026-08-15T11:05:42.000Z,V3632161,5327,44.51745,7.79965,18475.3,4.3,3.4,156.7,-58.7,-1.0,-1.0,RS41,403.700,8.2,250,11,2.6,,
2026-08-15T11:05:43.000Z,V3632161,5328,44.51742,7.79966,18480.1,5.5,3.2,171.7,-58.7,-1.0,-1.0,RS41,403.700,8.4,250,11,2.6,,
2026-08-15T11:05:44.000Z,V3632161,5329,44.51739,7.79966,18484.9,4.2,3.1,189.9,-58.8,-1.0,-1.0,RS41,403.700,8.4,250,11,2.7,,
2026-08-15T11:05:45.000Z,V3632161,5330,44.51737,7.79965,18489.0,4.2,2.9,204.2,-58.8,-1.0,-1.0,RS41,403.700,7.7,250,11,2.7,,
2026-08-15T11:05:46.000Z,V3632161,5331,44.51735,7.79964,18493.7,5.0,2.4,214.3,-58.8,-1.0,-1.0,RS41,403.700,7.7,250,11,2.7,,
2026-08-15T11:05:48.000Z,V3632161,5333,44.51732,7.79961,18502.2,3.9,2.2,210.2,-58.7,-1.0,-1.0,RS41,403.700,6.8,250,11,2.6,,
2026-08-15T11:05:52.000Z,V3632161,5337,44.51718,7.79953,18520.3,4.7,5.7,186.6,-58.8,-1.0,-1.0,RS41,403.700,7.7,250,11,2.7,,
2026-08-15T11:05:53.000Z,V3632161,5338,44.51713,7.79953,18525.0,4.7,5.9,175.0,-58.8,-1.0,-1.0,RS41,403.700,8.4,250,11,2.6,,
2026-08-15T11:05:54.000Z,V3632161,5339,44.51707,7.79954,18528.9,2.6,6.0,169.3,-58.8,-1.0,-1.0,RS41-SG,403.700,8.4,250,11,2.6,,
2026-08-15T11:05:55.000Z,V3632161,5340,44.51702,7.79956,18532.3,4.2,6.2,168.1,-58.8,-1.0,-1.0,RS41-SG,403.700,7.5,250,11,2.6,,
2026-08-15T11:06:00.000Z,V3632161,5345,44.51679,7.79955,18556.5,3.5,3.1,193.3,-58.3,-1.0,-1.0,RS41-SG,403.700,7.0,250,11,2.6,,
2026-08-15T11:06:01.000Z,V3632161,5346,44.51676,7.79954,18560.7,4.9,3.0,205.4,-58.2,-1.0,-1.0,RS41-SG,403.700,7.4,250,11,2.6,,
2026-08-15T11:06:02.000Z,V3632161,5347,44.51674,7.79952,18565.4,4.7,3.4,215.2,-58.2,-1.0,-1.0,RS41-SG,403.700,7.4,250,10,2.7,,
2026-08-15T11:06:03.000Z,V3632161,5348,44.51671,7.79949,18569.8,4.0,3.7,217.1,-58.2,1.6,-1.0,RS41-SG,403.700,7.3,250,10,2.7,,
2026-08-15T11:06:04.000Z,V3632161,5349,44.51669,7.79946,18574.1,4.6,3.5,218.1,-58.2,1.6,-1.0,RS41-SG,403.700,7.7,250,11,2.7,,
2026-08-15T11:06:05.000Z,V3632161,5350,44.51666,7.79944,18579.0,4.9,3.2,213.5,-58.2,1.6,-1.0,RS41-SG,403.700,7.7,250,11,2.6,,
2026-08-15T11:06:06.000Z,V3632161,5351,44.51664,7.79942,18583.3,3.4,2.7,209.5,-58.1,1.7,-1.0,RS41-SG,403.700,7.4,250,11,2.6,,
2026-08-15T11:06:07.000Z,V3632161,5352,44.51662,7.79940,18587.0,4.0,2.6,210.7,-58.0,1.6,-1.0,RS41-SG,403.700,7.2,250,11,2.6,,
2026-08-15T11:06:08.000Z,V3632161,5353,44.51660,7.79938,18591.5,5.3,3.3,216.4,-58.0,1.6,-1.0,RS41-SG,403.700,7.2,250,11,2.7,,
2026-08-15T11:06:10.000Z,V3632161,5355,44.51654,7.79933,18600.4,4.5,4.1,216.0,-58.0,1.6,-1.0,RS41-SG,403.700,8.0,250,11,2.7,,
2026-08-15T11:06:11.000Z,V3632161,5356,44.51651,7.79930,18605.1,4.8,3.8,210.5,-58.0,1.6,-1.0,RS41-SG,403.700,8.0,250,11,2.6,,
2026-08-15T11:06:12.000Z,V3632161,5357,44.51649,7.79927,18609.5,3.9,3.5,208.8,-57.9,1.5,-1.0,RS41-SG,403.700,7.7,250,10,2.6,,
2026-08-15T11:06:13.000Z,V3632161,5358,44.51646,7.79925,18613.8,4.5,3.3,215.4,-57.8,1.5,-1.0,RS41-SG,403.700,8.3,250,11,2.6,,
2026-08-15T11:06:14.000Z,V3632161,5359,44.51644,7.79922,18618.4,5.0,3.6,230.9,-57.8,1.5,-1.0,RS41-SG,403.700,8.3,250,11,2.7,,
2026-08-15T11:06:15.000Z,V3632161,5360,44.51642,7.79918,18622.9,4.1,4.0,240.3,-57.8,1.5,-1.0,RS41-SG,403.700,7.6,250,11,2.7,,
2026-08-15T11:06:16.000Z,V3632161,5361,44.51640,7.79914,18626.9,3.5,4.1,249.9,-57.8,1.6,-1.0,RS41-SG,403.700,7.1,250,11,2.7,,
2026-08-15T11:06:17.000Z,V3632161,5362,44.51639,7.79909,18631.0,4.8,3.9,259.1,-57.8,1.6,-1.0,RS41-SG,403.700,7.7,250,11,2.6,,
2026-08-15T11:06:18.000Z,V3632161,5363,44.51639,7.79904,18635.8,4.8,3.2,262.8,-57.8,1.6,-1.0,RS41-SG,403.700,8.4,250,11,2.6,,
2026-08-15T11:06:19.000Z,V3632161,5364,44.51638,7.79901,18640.4,4.0,2.8,258.7,-57.7,1.6,-1.0,RS41-SG,403.700,8.4,250,11,2.6,,
2026-08-15T11:06:20.000Z,V3632161,5365,44.51638,7.79897,18645.1,5.4,2.8,248.3,-57.8,1.6,-1.0,RS41-SG,403.700,7.1,250,11,2.7,,
2026-08-15T11:06:21.000Z,V3632161,5366,44.51636,7.79894,18650.0,4.6,3.5,239.5,-57.9,1.6,-1.0,RS41-SG,403.700,8.0,250,11,2.7,,
2026-08-15T11:06:22.000Z,V3632161,5367,44.51635,7.79890,18654.3,4.1,4.0,236.2,-57.9,1.6,-1.0,RS41-SG,403.700,8.0,250,11,2.7,,
2026-08-15T11:06:23.000Z,V3632161,5368,44.51633,7.79886,18658.9,4.8,3.9,236.3,-57.8,1.6,-1.0,RS41-SG,403.700,7.2,250,11,2.6,,
2026-08-15T11:06:24.000Z,V3632161,5369,44.51631,7.79882,18663.5,4.2,3.6,242.4,-57.7,1.6,-1.0,RS41-SG,403.700,7.6,250,11,2.6,,
2026-08-15T11:06:26.000Z,V3632161,5371,44.51629,7.79873,18671.9,4.5,4.1,265.1,-57.8,1.6,-1.0,RS41-SG,403.700,7.0,250,10,2.7,,
2026-08-15T11:06:30.000Z,V3632161,5375,44.51631,7.79848,18688.6,5.1,4.7,278.2,-57.8,1.5,-1.0,RS41-SG,403.700,7.0,250,11,2.6,,
2026-08-15T11:06:31.000Z,V3632161,5376,44.51632,7.79842,18693.0,3.7,3.6,281.1,-57.9,1.6,-1.0,RS41-SG,403.700,7.1,250,10,2.6,,
2026-08-15T11:06:32.000Z,V3632161,5377,44.51632,7.79839,18696.9,4.1,2.8,281.2,-57.9,1.6,-1.0,RS41-SG,403.700,8.1,250,11,2.7,,
2026-08-15T11:06:33.000Z,V3632161,5378,44.51633,7.79835,18701.5,5.3,2.6,275.0,-57.9,1.6,-1.0,RS41-SG,403.700,8.1,250,10,2.7,,
2026-08-15T11:06:34.000Z,V3632161,5379,44.51633,7.79832,18706.0,3.8,2.8,268.6,-57.9,1.6,-1.0,RS41-SG,403.700,8.4,250,11,2.7,,
2026-08-15T11:06:35.000Z,V3632161,5380,44.51633,7.79829,18709.8,4.2,2.6,270.2,-57.8,1.6,-1.0,RS41-SG,403.700,8.4,250,11,2.6,,
2026-08-15T11:06:36.000Z,V3632161,5381,44.51633,7.79826,18714.7,4.9,2.3,275.1,-57.8,1.6,-1.0,RS41-SG,403.700,8.1,250,11,2.6,,
2026-08-15T11:06:37.000Z,V3632161,5382,44.51633,7.79823,18719.2,4.1,2.2,282.1,-57.8,1.6,-1.0,RS41-SG,403.700,8.3,250,11,2.6,,
2026-08-15T11:06:38.000Z,V3632161,5383,44.51634,7.79820,18723.4,4.4,2.6,287.2,-57.8,1.6,-1.0,RS41-SG,403.700,8.3,250,11,2.7,,
2026-08-15T11:06:39.000Z,V3632161,5384,44.51635,7.79816,18728.1,5.2,3.9,290.6,-57.8,1.6,-1.0,RS41-SG,403.700,7.6,250,11,2.7,,
2026-08-15T11:06:40.000Z,V3632161,5385,44.51636,7.79811,18732.8,4.3,5.1,287.7,-57.9,1.6,-1.0,RS41-SG,403.700,8.1,250,11,2.6,,
2026-08-15T11:06:42.000Z,V3632161,5387,44.51639,7.79797,18741.2,5.2,5.6,285.2,-57.8,1.6,-1.0,RS41-SG,403.700,7.2,250,11,2.7,,
2026-08-15T11:06:44.000Z,V3632161,5389,44.51641,7.79786,18750.2,4.3,4.0,278.3,-57.7,1.6,-1.0,RS41-SG,403.700,7.4,250,11,2.6,,
2026-08-15T11:06:49.000Z,V3632161,5394,44.51637,7.79769,18772.8,4.0,1.5,195.5,-57.3,1.5,-1.0,RS41-SG,403.700,6.9,250,11,2.6,,
2026-08-15T11:06:50.000Z,V3632161,5395,44.51636,7.79769,18776.5,3.3,0.9,176.0,-57.3,1.5,-1.0,RS41-SG,403.700,6.7,250,11,2.7,,
2026-08-15T11:06:51.000Z,V3632161,5396,44.51636,7.79769,18780.5,4.7,0.4,253.3,-57.3,1.5,-1.0,RS41-SG,403.700,6.8,250,11,2.7,,
2026-08-15T11:06:54.000Z,V3632161,5399,44.51638,7.79762,18793.4,3.6,3.4,306.0,-57.4,1.5,-1.0,RS41-SG,403.700,6.7,250,10,2.7,,
2026-08-15T11:06:55.000Z,V3632161,5400,44.51640,7.79759,18797.3,4.3,3.6,310.3,-57.4,1.5,-1.0,RS41-SG,403.700,7.5,250,11,2.7,,
2026-08-15T11:06:56.000Z,V3632161,5401,44.51642,7.79756,18802.0,4.8,3.3,316.1,-57.4,1.5,-1.0,RS41-SG,403.700,7.5,250,11,2.6,,
2026-08-15T11:06:57.000Z,V3632161,5402,44.51644,7.79753,18806.2,3.6,2.6,315.9,-57.3,1.6,-1.0,RS41-SG,403.700,7.1,250,11,2.6,,
2026-08-15T11:06:58.000Z,V3632161,5403,44.51646,7.79751,18810.1,4.1,2.0,290.7,-57.3,1.5,-1.0,RS41-SG,403.700,7.6,250,11,2.6,,
2026-08-15T11:06:59.000Z,V3632161,5404,44.51646,7.79748,18814.5,4.9,2.4,262.6,-57.2,1.5,-1.0,RS41-SG,403.700,7.7,250,11,2.7,,
2026-08-15T11:07:00.000Z,V3632161,5405,44.51645,7.79745,18818.8,4.1,3.3,252.7,-57.2,1.5,-1.0,RS41-SG,403.700,7.7,250,11,2.7,,
2026-08-15T11:07:01.000Z,V3632161,5406,44.51644,7.79741,18822.6,3.4,3.5,254.4,-57.1,1.5,-1.0,RS41-SG,403.700,7.5,250,11,2.7,,
2026-08-15T11:07:02.000Z,V3632161,5407,44.51644,7.79737,18826.7,4.8,2.8,262.9,-57.1,1.5,-1.0,RS41-SG,403.700,7.5,250,11,2.6,,
2026-08-15T11:07:03.000Z,V3632161,5408,44.51644,7.79734,18831.5,4.5,2.1,280.9,-57.1,1.5,-1.0,RS41-SG,403.700,8.0,250,11,2.6,,
2026-08-15T11:07:04.000Z,V3632161,5409,44.51645,7.79731,18835.6,3.6,1.8,315.7,-57.1,1.5,-1.0,RS41-SG,403.700,8.0,250,11,2.6,,
2026-08-15T11:07:05.000Z,V3632161,5410,44.51646,7.79730,18839.6,4.5,2.2,330.5,-57.1,1.5,-1.0,RS41-SG,403.700,7.5,250,11,2.7,,
2026-08-15T11:07:09.000Z,V3632161,5414,44.51655,7.79723,18856.4,4.9,3.1,340.4,-57.3,1.5,-1.0,RS41-SG,403.700,7.2,250,10,2.6,,
2026-08-15T11:07:10.000Z,V3632161,5415,44.51657,7.79722,18860.8,3.8,3.0,344.2,-57.2,1.5,-1.0,RS41-SG,403.700,7.2,250,11,2.6,,
2026-08-15T11:07:15.000Z,V3632161,5420,44.51665,7.79711,18883.5,5.1,2.8,297.3,-57.2,1.5,-1.0,RS41-SG,403.700,7.3,250,11,2.6,,
2026-08-15T11:07:16.000Z,V3632161,5421,44.51667,7.79708,18888.0,3.8,3.0,307.9,-57.2,1.5,-1.0,RS41-SG,403.700,7.3,250,11,2.6,,
2026-08-15T11:07:17.000Z,V3632161,5422,44.51669,7.79705,18891.8,3.8,3.3,315.0,-57.1,1.6,-1.0,RS41-SG,403.700,6.9,250,11,2.7,,
2026-08-15T11:07:32.000Z,V3632161,5437,44.51708,7.79669,18956.4,4.2,2.5,325.0,-57.3,1.5,-1.0,RS41-SG,403.700,6.2,250,11,2.6,,
2026-08-15T11:07:54.000Z,V3632161,5459,44.51723,7.79658,19055.3,4.0,1.3,214.2,-57.2,1.5,-1.0,RS41-SG,403.700,6.9,250,11,2.7,,
2026-08-15T11:08:01.000Z,V3632161,5466,44.51716,7.79643,19087.2,5.2,1.2,267.7,-57.2,1.5,-1.0,RS41-SG,403.700,6.8,250,11,2.6,,
2026-08-15T11:08:08.000Z,V3632161,5473,44.51716,7.79636,19119.0,4.0,1.6,224.9,-57.0,1.4,-1.0,RS41-SG,403.700,6.9,250,11,2.7,,
2026-08-15T11:08:10.000Z,V3632161,5475,44.51713,7.79633,19128.2,4.6,2.1,212.4,-56.9,1.4,-1.0,RS41-SG,403.700,6.7,250,11,2.7,,
2026-08-15T11:08:12.000Z,V3632161,5477,44.51710,7.79629,19137.1,4.8,2.5,227.0,-56.9,1.4,-1.0,RS41-SG,403.700,7.1,250,11,2.6,,
2026-08-15T11:08:18.000Z,V3632161,5483,44.51703,7.79613,19164.1,4.4,1.7,228.9,-56.8,1.5,-1.0,RS41-SG,403.700,7.0,250,11,2.6,,
2026-08-15T11:08:28.000Z,V3632161,5493,44.51684,7.79604,19208.0,4.1,2.1,209.6,-56.7,1.4,-1.0,RS41-SG,403.700,7.0,250,11,2.7,,
2026-08-15T11:08:29.000Z,V3632161,5494,44.51682,7.79603,19212.1,3.5,2.1,203.9,-56.7,1.4,-1.0,RS41-SG,403.700,7.0,250,11,2.6,,
2026-08-15T11:08:31.000Z,V3632161,5496,44.51678,7.79600,19220.8,4.9,3.1,210.2,-56.8,1.4,-1.0,RS41-SG,403.700,7.3,250,11,2.6,,
2026-08-15T11:08:33.000Z,V3632161,5498,44.51672,7.79594,19229.5,3.7,4.0,218.7,-56.8,1.4,-1.0,RS41-SG,403.700,7.3,250,11,2.7,,
2026-08-15T11:08:38.000Z,V3632161,5503,44.51663,7.79582,19251.9,3.9,3.3,241.8,-56.8,1.4,-1.0,RS41-SG,403.700,7.5,250,11,2.6,,
2026-08-15T11:08:41.000Z,V3632161,5506,44.51659,7.79568,19265.1,4.3,4.0,246.5,-56.7,1.4,-1.0,RS41-SG,403.700,7.0,250,11,2.7,,
2026-08-15T11:08:43.000Z,V3632161,5508,44.51655,7.79559,19274.2,5.1,4.8,234.6,-56.5,1.4,-1.0,RS41-SG,403.700,7.4,250,11,2.6,,
2026-08-15T11:08:44.000Z,V3632161,5509,44.51652,7.79554,19278.6,3.4,5.5,231.3,-56.5,1.4,-1.0,RS41-SG,403.700,7.4,250,11,2.7,,
2026-08-15T11:08:46.000Z,V3632161,5511,44.51645,7.79543,19286.9,4.8,5.4,225.1,-56.4,1.4,-1.0,RS41-SG,403.700,6.7,250,11,2.6,,
2026-08-15T11:08:49.000Z,V3632161,5514,44.51636,7.79531,19299.5,4.7,4.2,227.3,-56.2,1.4,-1.0,RS41-SG,403.700,6.8,250,11,2.7,,
2026-08-15T11:08:51.000Z,V3632161,5516,44.51631,7.79521,19309.0,4.2,5.5,240.6,-56.1,1.4,-1.0,RS41-SG,403.700,7.0,250,11,2.7,,
2026-08-15T11:08:52.000Z,V3632161,5517,44.51629,7.79515,19313.7,4.9,5.8,249.7,-56.1,1.3,-1.0,RS41-SG,403.700,7.3,250,11,2.6,,
2026-08-15T11:08:55.000Z,V3632161,5520,44.51624,7.79494,19327.4,5.4,6.3,252.8,-56.1,1.4,-1.0,RS41-SG,403.700,6.5,250,11,2.7,,
2026-08-15T11:08:56.000Z,V3632161,5521,44.51622,7.79486,19332.1,3.8,6.8,246.5,-56.1,1.4,-1.0,RS41-SG,403.700,7.4,250,11,2.7,,
2026-08-15T11:08:58.000Z,V3632161,5523,44.51617,7.79471,19341.2,4.7,6.3,237.5,-56.1,1.4,-1.0,RS41-SG,403.700,6.4,250,11,2.6,,
2026-08-15T11:08:59.000Z,V3632161,5524,44.51614,7.79465,19346.0,4.3,6.0,233.6,-56.2,1.4,-1.0,RS41-SG,403.700,6.8,250,11,2.6,,
2026-08-15T11:09:00.000Z,V3632161,5525,44.51610,7.79459,19350.5,4.8,6.1,228.9,-56.2,1.4,-1.0,RS41-SG,403.700,7.3,250,11,2.6,,
2026-08-15T11:09:01.000Z,V3632161,5526,44.51606,7.79453,19355.2,4.7,6.9,227.3,-56.2,1.4,-1.0,RS41-SG,403.700,7.7,250,11,2.7,,
2026-08-15T11:09:02.000Z,V3632161,5527,44.51602,7.79446,19359.3,3.7,7.2,228.6,-56.2,1.4,-1.0,RS41-SG,403.700,7.7,250,11,2.7,,
2026-08-15T11:09:07.000Z,V3632161,5532,44.51589,7.79405,19381.9,5.2,8.6,258.2,-56.3,1.4,-1.0,RS41-SG,403.700,7.9,250,10,2.7,,
2026-08-15T11:09:11.000Z,V3632161,5536,44.51582,7.79363,19401.1,3.9,7.7,255.8,-56.2,1.4,-1.0,RS41-SG,403.700,8.1,250,10,2.6,,
2026-08-15T11:09:14.000Z,V3632161,5539,44.51575,7.79337,19414.6,4.6,7.3,244.6,-56.2,1.4,-1.0,RS41-SG,403.700,6.5,250,10,2.7,,
2026-08-15T11:09:15.000Z,V3632161,5540,44.51572,7.79329,19419.5,5.5,6.6,246.0,-56.2,1.4,-1.0,RS41-SG,403.700,7.7,250,9,2.7,,
2026-08-15T11:09:16.000Z,V3632161,5541,44.51570,7.79322,19424.2,4.0,5.9,250.0,-56.2,1.4,-1.0,RS41-SG,403.700,7.7,250,9,2.6,,
2026-08-15T11:09:17.000Z,V3632161,5542,44.51569,7.79314,19428.6,4.3,6.1,257.5,-56.1,1.3,-1.0,RS41-SG,403.700,7.9,250,10,2.6,,
2026-08-15T11:09:18.000Z,V3632161,5543,44.51568,7.79306,19433.5,5.1,6.9,262.5,-56.0,1.3,-1.0,RS41-SG,403.700,7.9,250,10,2.6,,
2026-08-15T11:09:23.000Z,V3632161,5548,44.51567,7.79261,19455.4,4.7,6.4,271.1,-55.7,1.3,-1.0,RS41-SG,403.700,6.5,250,10,2.6,,
2026-08-15T11:09:24.000Z,V3632161,5549,44.51567,7.79253,19460.3,4.9,6.3,266.6,-55.7,1.3,-1.0,RS41-SG,403.700,7.1,250,10,2.6,,
2026-08-15T11:09:35.000Z,V3632161,5560,44.51572,7.79179,19512.8,4.6,4.3,284.2,-55.1,1.3,-1.0,RS41-SG,403.700,6.4,250,10,2.6,,
2026-08-15T11:09:40.000Z,V3632161,5565,44.51578,7.79149,19536.8,4.9,4.0,297.1,-55.1,1.3,-1.0,RS41-SG,403.700,6.6,250,10,2.6,,
2026-08-15T11:09:43.000Z,V3632161,5568,44.51581,7.79139,19550.3,5.1,2.5,278.3,-55.2,1.3,-1.0,RS41-SG,403.700,7.1,250,10,2.7,,
2026-08-15T11:09:46.000Z,V3632161,5571,44.51582,7.79127,19563.3,4.4,4.3,286.9,-55.1,1.3,-1.0,RS41-SG,403.700,7.2,250,10,2.6,,
2026-08-15T11:09:47.000Z,V3632161,5572,44.51584,7.79122,19568.1,5.0,4.7,304.4,-55.2,1.3,-1.0,RS41-SG,403.700,7.2,250,10,2.6,,
2026-08-15T11:09:52.000Z,V3632161,5577,44.51597,7.79109,19590.0,3.7,1.4,332.8,-55.0,1.3,-1.0,RS41-SG,403.700,6.6,250,10,2.6,,
2026-08-15T11:09:53.000Z,V3632161,5578,44.51598,7.79108,19594.6,5.1,1.3,327.0,-55.1,1.3,-1.0,RS41-SG,403.700,6.5,250,10,2.6,,
2026-08-15T11:09:54.000Z,V3632161,5579,44.51599,7.79107,19599.4,4.5,1.6,331.5,-55.3,1.3,-1.0,RS41-SG,403.700,6.7,250,10,2.7,,
2026-08-15T11:09:55.000Z,V3632161,5580,44.51600,7.79106,19603.6,4.2,1.9,324.0,-55.3,1.3,-1.0,RS41-SG,403.700,6.7,250,10,2.7,,
2026-08-15T11:09:56.000Z,V3632161,5581,44.51601,7.79104,19608.1,4.8,2.0,300.9,-55.2,1.3,-1.0,RS41-SG,403.700,6.8,250,10,2.7,,
2026-08-15T11:10:02.000Z,V3632161,5587,44.51604,7.79096,19634.6,3.7,2.2,4.9,-55.2,1.3,-1.0,RS41-SG,403.700,6.9,250,10,2.7,,
2026-08-15T11:10:03.000Z,V3632161,5588,44.51606,7.79096,19639.3,5.2,2.4,353.1,-55.2,1.3,-1.0,RS41-SG,403.700,7.1,250,10,2.6,,
2026-08-15T11:10:04.000Z,V3632161,5589,44.51609,7.79095,19644.0,4.1,2.5,337.4,-55.4,1.3,-1.0,RS41-SG,403.700,7.1,250,10,2.6,,
2026-08-15T11:10:05.000Z,V3632161,5590,44.51611,7.79094,19648.3,4.3,2.6,327.7,-55.4,1.3,-1.0,RS41-SG,403.700,7.4,250,10,2.6,,
2026-08-15T11:10:06.000Z,V3632161,5591,44.51612,7.79092,19653.4,5.7,2.3,326.1,-55.4,1.3,-1.0,RS41-SG,403.700,7.4,250,9,2.7,,
2026-08-15T11:10:07.000Z,V3632161,5592,44.51614,7.79091,19658.6,4.7,1.9,332.5,-55.3,1.3,-1.0,RS41-SG,403.700,6.7,250,10,2.7,,
2026-08-15T11:10:08.000Z,V3632161,5593,44.51615,7.79090,19663.2,4.5,1.2,334.1,-55.3,1.3,-1.0,RS41-SG,403.700,6.5,250,9,2.7,,
2026-08-15T11:10:11.000Z,V3632161,5596,44.51614,7.79086,19677.6,4.0,2.0,215.8,-55.4,1.3,-1.0,RS41-SG,403.700,7.0,250,10,2.6,,
2026-08-15T11:10:13.000Z,V3632161,5598,44.51611,7.79084,19687.3,5.7,1.1,194.9,-55.5,1.3,-1.0,RS41-SG,403.700,6.6,250,10,2.7,,
2026-08-15T11:10:14.000Z,V3632161,5599,44.51610,7.79084,19692.3,4.3,0.4,153.7,-55.5,1.3,-1.0,RS41-SG,403.700,7.1,250,10,2.6,,
2026-08-15T11:10:15.000Z,V3632161,5600,44.51610,7.79084,19697.3,5.3,0.1,158.1,-55.5,1.3,-1.0,RS41-SG,403.700,7.2,250,10,2.6,,
2026-08-15T11:10:16.000Z,V3632161,5601,44.51610,7.79084,19702.6,5.3,0.6,261.3,-55.6,1.3,-1.0,RS41-SG,403.700,7.2,250,10,2.7,,
2026-08-15T11:10:18.000Z,V3632161,5603,44.51610,7.79081,19711.3,4.9,1.4,261.8,-55.5,1.3,-1.0,RS41-SG,403.700,7.5,250,10,2.6,,
2026-08-15T11:10:19.000Z,V3632161,5604,44.51610,7.79079,19716.6,5.4,1.2,267.1,-55.5,1.3,-1.0,RS41-SG,403.700,7.5,250,10,2.6,,
2026-08-15T11:10:22.000Z,V3632161,5607,44.51609,7.79075,19731.6,5.7,1.8,242.8,-55.6,1.3,-1.0,RS41-SG,403.700,6.9,250,9,2.6,,
2026-08-15T11:10:23.000Z,V3632161,5608,44.51608,7.79073,19736.5,3.7,2.5,240.2,-55.6,1.3,-1.0,RS41-SG,403.700,6.9,250,10,2.6,,
2026-08-15T11:10:24.000Z,V3632161,5609,44.51607,7.79070,19740.6,4.3,2.2,237.5,-55.5,1.3,-1.0,RS41-SG,403.700,7.1,250,10,2.7,,
2026-08-15T11:10:25.000Z,V3632161,5610,44.51606,7.79068,19745.5,5.5,1.7,227.7,-55.5,1.3,-1.0,RS41-SG,403.700,7.1,250,10,2.7,,
2026-08-15T11:10:27.000Z,V3632161,5612,44.51604,7.79067,19754.5,3.6,1.1,183.6,-55.6,1.4,-1.0,RS41-SG,403.700,6.7,250,10,2.6,,
2026-08-15T11:10:28.000Z,V3632161,5613,44.51603,7.79067,19759.0,5.3,1.5,186.8,-55.6,1.3,-1.0,RS41-SG,403.700,7.0,250,10,2.6,,
2026-08-15T11:10:29.000Z,V3632161,5614,44.51601,7.79066,19764.0,4.8,2.3,204.9,-55.6,1.3,-1.0,RS41-SG,403.700,7.0,250,10,2.7,,
2026-08-15T11:10:30.000Z,V3632161,5615,44.51599,7.79064,19768.4,4.2,2.9,218.8,-55.6,1.3,-1.0,RS41-SG,403.700,7.4,250,10,2.7,,
2026-08-15T11:10:31.000Z,V3632161,5616,44.51597,7.79062,19773.2,5.3,3.0,226.7,-55.7,1.3,-1.0,RS41-SG,403.700,7.4,250,10,2.7,,
2026-08-15T11:10:32.000Z,V3632161,5617,44.51596,7.79059,19778.3,4.7,2.7,238.3,-55.8,1.3,-1.0,RS41-SG,403.700,7.0,250,10,2.6,,
2026-08-15T11:10:33.000Z,V3632161,5618,44.51595,7.79056,19782.7,3.6,2.8,254.9,-55.9,1.4,-1.0,RS41-SG,403.700,7.4,250,10,2.6,,
2026-08-15T11:10:36.000Z,V3632161,5621,44.51596,7.79041,19797.0,4.2,5.1,282.4,-55.9,1.3,-1.0,RS41-SG,403.700,6.8,250,10,2.7,,
2026-08-15T11:10:38.000Z,V3632161,5623,44.51598,7.79030,19806.8,5.5,3.6,288.0,-55.9,1.3,-1.0,RS41-SG,403.700,7.0,250,10,2.6,,
2026-08-15T11:10:39.000Z,V3632161,5624,44.51599,7.79026,19811.8,4.4,2.6,300.7,-55.8,1.3,-1.0,RS41-SG,403.700,7.4,250,10,2.6,,
2026-08-15T11:10:40.000Z,V3632161,5625,44.51600,7.79024,19816.2,4.2,1.9,304.6,-55.8,1.3,-1.0,RS41-SG,403.700,7.4,250,10,2.6,,
2026-08-15T11:10:41.000Z,V3632161,5626,44.51601,7.79022,19821.0,5.6,2.0,293.3,-55.7,1.3,-1.0,RS41-SG,403.700,8.2,250,10,2.7,,
2026-08-15T11:10:42.000Z,V3632161,5627,44.51601,7.79019,19826.6,5.7,2.7,276.1,-55.6,1.3,-1.0,RS41-SG,403.700,8.2,250,10,2.7,,
2026-08-15T11:10:43.000Z,V3632161,5628,44.51601,7.79015,19831.5,4.1,3.6,267.2,-55.6,1.3,-1.0,RS41-SG,403.700,7.2,250,10,2.7,,
2026-08-15T11:10:44.000Z,V3632161,5629,44.51601,7.79010,19835.7,4.2,4.0,260.6,-55.6,1.3,-1.0,RS41-SG,403.700,7.0,250,10,2.6,,
2026-08-15T11:10:45.000Z,V3632161,5630,44.51600,7.79005,19840.7,5.6,4.0,253.5,-55.6,1.4,-1.0,RS41-SG,403.700,6.6,250,10,2.6,,
2026-08-15T11:10:47.000Z,V3632161,5632,44.51598,7.78996,19850.2,4.7,3.9,260.5,-55.7,1.4,-1.0,RS41-SG,403.700,6.9,250,10,2.7,,
2026-08-15T11:10:48.000Z,V3632161,5633,44.51598,7.78991,19855.3,5.8,4.7,272.4,-55.8,1.3,-1.0,RS41-SG,403.700,7.4,250,10,2.7,,
2026-08-15T11:10:52.000Z,V3632161,5637,44.51603,7.78964,19874.9,4.9,4.7,294.3,-56.0,1.3,-1.0,RS41-SG,403.700,7.5,250,10,2.6,,
2026-08-15T11:10:53.000Z,V3632161,5638,44.51604,7.78959,19879.5,4.3,4.0,292.3,-56.0,1.3,-1.0,RS41-SG,403.700,7.5,250,10,2.7,,
2026-08-15T11:10:54.000Z,V3632161,5639,44.51605,7.78955,19884.5,5.6,3.8,282.3,-56.1,1.4,-1.0,RS41-SG,403.700,7.5,250,10,2.7,,
2026-08-15T11:10:55.000Z,V3632161,5640,44.51606,7.78950,19889.6,5.0,4.2,268.6,-56.1,1.4,-1.0,RS41-SG,403.700,6.8,250,10,2.6,,
2026-08-15T11:10:56.000Z,V3632161,5641,44.51605,7.78945,19894.1,3.8,4.5,261.5,-56.1,1.3,-1.0,RS41-SG,403.700,7.4,250,10,2.6,,
2026-08-15T11:10:57.000Z,V3632161,5642,44.51605,7.78939,19898.3,4.9,4.6,256.0,-56.1,1.3,-1.0,RS41-SG,403.700,7.4,250,10,2.7,,
2026-08-15T11:10:58.000Z,V3632161,5643,44.51603,7.78934,19903.6,5.8,4.3,251.6,-56.1,1.4,-1.0,RS41-SG,403.700,7.3,250,10,2.7,,
2026-08-15T11:10:59.000Z,V3632161,5644,44.51602,7.78928,19908.9,4.6,4.2,253.0,-56.1,1.4,-1.0,RS41-SG,403.700,7.5,250,10,2.6,,
2026-08-15T11:11:00.000Z,V3632161,5645,44.51601,7.78923,19913.3,4.2,4.6,258.3,-56.1,1.3,-1.0,RS41-SG,403.700,7.5,250,10,2.6,,
2026-08-15T11:11:01.000Z,V3632161,5646,44.51601,7.78917,19918.2,5.6,5.8,263.2,-56.2,1.4,-1.0,RS41-SG,403.700,7.0,250,10,2.7,,
2026-08-15T11:11:02.000Z,V3632161,5647,44.51600,7.78909,19923.3,4.5,6.7,265.9,-56.3,1.4,-1.0,RS41-SG,403.700,7.1,250,10,2.7,,
2026-08-15T11:11:05.000Z,V3632161,5650,44.51600,7.78882,19937.2,4.8,6.7,273.4,-56.5,1.4,-1.0,RS41-SG,403.700,6.9,250,10,2.7,,
2026-08-15T11:11:06.000Z,V3632161,5651,44.51600,7.78874,19941.6,4.0,6.2,275.1,-56.4,1.4,-1.0,RS41-SG,403.700,7.4,250,10,2.7,,
2026-08-15T11:11:07.000Z,V3632161,5652,44.51601,7.78866,19946.3,5.3,6.3,276.7,-56.4,1.4,-1.0,RS41-SG,403.700,7.4,250,10,2.6,,
2026-08-15T11:11:10.000Z,V3632161,5655,44.51602,7.78842,19961.9,5.6,6.4,275.6,-56.6,1.4,-1.0,RS41-SG,403.700,6.2,250,10,2.7,,
2026-08-15T11:11:11.000Z,V3632161,5656,44.51603,7.78834,19967.2,5.2,5.6,275.5,-56.6,1.4,-1.0,RS41-SG,403.700,7.2,250,10,2.7,,
2026-08-15T11:11:12.000Z,V3632161,5657,44.51604,7.78827,19971.9,4.0,5.3,278.1,-56.5,1.4,-1.0,RS41-SG,403.700,7.2,250,10,2.7,,
2026-08-15T11:11:16.000Z,V3632161,5661,44.51609,7.78798,19991.6,5.5,6.5,288.1,-56.6,1.4,-1.0,RS41-SG,403.700,7.3,250,10,2.7,,
2026-08-15T11:11:17.000Z,V3632161,5662,44.51611,7.78791,19997.1,5.8,5.9,291.2,-56.5,1.3,-1.0,RS41-SG,403.700,7.3,250,9,2.7,,
2026-08-15T11:11:18.000Z,V3632161,5663,44.51613,7.78784,20002.4,4.6,5.4,293.9,-56.4,1.3,-1.0,RS41-SG,403.700,7.2,250,10,2.7,,
2026-08-15T11:11:19.000Z,V3632161,5664,44.51615,7.78778,20007.4,5.2,5.2,296.6,-56.3,1.3,-1.0,RS41-SG,403.700,6.8,250,10,2.6,,
2026-08-15T11:11:20.000Z,V3632161,5665,44.51617,7.78772,20012.4,5.0,5.6,294.7,-56.4,1.3,-1.0,RS41-SG,403.700,7.2,250,10,2.6,,
2026-08-15T11:11:21.000Z,V3632161,5666,44.51619,7.78765,20017.2,4.5,5.5,292.5,-56.3,1.3,-1.0,RS41-SG,403.700,7.2,250,10,2.6,,
2026-08-15T11:11:22.000Z,V3632161,5667,44.51621,7.78759,20022.3,5.9,4.8,289.6,-56.3,1.3,-1.0,RS41-SG,403.700,7.1,250,10,2.7,,
2026-08-15T11:11:23.000Z,V3632161,5668,44.51622,7.78754,20027.4,4.5,3.9,289.6,-56.3,1.3,-1.0,RS41-SG,403.700,7.1,250,9,2.7,,
2026-08-15T11:11:24.000Z,V3632161,5669,44.51623,7.78750,20031.9,4.6,3.5,286.2,-56.3,1.3,-1.0,RS41-SG,403.700,7.4,250,9,2.7,,
2026-08-15T11:11:25.000Z,V3632161,5670,44.51624,7.78746,20037.3,5.8,3.7,281.2,-56.4,1.3,-1.0,RS41-SG,403.700,7.5,250,10,2.6,,
2026-08-15T11:11:26.000Z,V3632161,5671,44.51624,7.78741,20042.5,4.4,4.3,278.4,-56.4,1.4,-1.0,RS41-SG,403.700,7.5,250,10,2.6,,
2026-08-15T11:11:27.000Z,V3632161,5672,44.51625,7.78735,20047.3,5.1,4.3,275.4,-56.4,1.4,-1.0,RS41-SG,403.700,7.7,250,10,2.6,,
2026-08-15T11:11:28.000Z,V3632161,5673,44.51625,7.78730,20052.2,5.0,3.9,274.0,-56.4,1.4,-1.0,RS41-SG,403.700,7.7,250,10,2.7,,
2026-08-15T11:11:29.000Z,V3632161,5674,44.51625,7.78726,20056.7,4.2,3.5,273.8,-56.3,1.4,-1.0,RS41-SG,403.700,7.0,250,10,2.7,,
2026-08-15T11:11:30.000Z,V3632161,5675,44.51625,7.78721,20061.1,4.4,3.4,276.1,-56.3,1.4,-1.0,RS41-SG,403.700,7.8,250,10,2.7,,
2026-08-15T11:11:31.000Z,V3632161,5676,44.51626,7.78717,20066.1,5.1,4.1,276.9,-56.2,1.3,-1.0,RS41-SG,403.700,7.8,250,10,2.6,,
2026-08-15T11:11:32.000Z,V3632161,5677,44.51626,7.78711,20071.3,5.2,4.9,281.8,-56.2,1.3,-1.0,RS41-SG,403.700,6.7,250,10,2.6,,
2026-08-15T11:11:36.000Z,V3632161,5681,44.51630,7.78688,20090.2,3.6,3.5,273.9,-56.1,1.3,-1.0,RS41-SG,403.700,6.5,250,10,2.7,,
2026-08-15T11:11:37.000Z,V3632161,5682,44.51630,7.78684,20094.3,4.3,2.8,269.9,-56.2,1.3,-1.0,RS41-SG,403.700,7.0,250,10,2.6,,
2026-08-15T11:11:43.000Z,V3632161,5688,44.51629,7.78666,20123.5,3.9,1.5,269.5,-56.4,1.4,-1.0,RS41-SG,403.700,7.4,250,10,2.6,,
2026-08-15T11:11:44.000Z,V3632161,5689,44.51630,7.78664,20128.2,5.3,1.9,291.7,-56.4,1.3,-1.0,RS41-SG,403.700,7.8,250,10,2.7,,
2026-08-15T11:11:46.000Z,V3632161,5691,44.51633,7.78659,20137.8,4.4,3.0,318.3,-56.4,1.4,-1.0,RS41-SG,403.700,6.9,250,10,2.6,,
2026-08-15T11:11:47.000Z,V3632161,5692,44.51635,7.78657,20143.0,5.7,2.7,326.9,-56.5,1.4,-1.0,RS41-SG,403.700,6.8,250,10,2.6,,
2026-08-15T11:11:52.000Z,V3632161,5697,44.51636,7.78649,20168.7,5.0,2.2,235.1,-56.4,1.4,-1.0,RS41-SG,403.700,6.6,250,10,2.7,,
2026-08-15T11:11:57.000Z,V3632161,5702,44.51628,7.78642,20193.9,5.0,1.3,252.9,-56.1,1.3,-1.0,RS41-SG,403.700,7.4,250,10,2.7,,
2026-08-15T11:12:00.000Z,V3632161,5705,44.51629,7.78639,20209.0,4.7,1.1,353.1,-56.1,1.3,-1.0,RS41-SG,403.700,6.9,250,10,2.6,,
2026-08-15T11:12:02.000Z,V3632161,5707,44.51631,7.78639,20218.9,5.5,1.3,358.5,-56.1,1.3,-1.0,RS41-SG,403.700,6.7,250,10,2.6,,
2026-08-15T11:12:23.000Z,V3632161,5728,44.51627,7.78588,20322.3,5.8,5.7,271.2,-56.3,1.4,-1.0,RS41-SG,403.700,7.1,250,10,2.7,,
2026-08-15T11:15:32.999Z,V3632161,5918,44.51698,7.78008,21252.9,5.4,4.1,353.8,-55.6,1.3,-1.0,RS41-SG,403.700,8.0,250,9,2.7,,
2026-08-15T11:15:40.999Z,V3632161,5926,44.51710,7.78006,21291.0,4.4,1.0,299.2,-55.5,1.3,-1.0,RS41-SG,403.700,6.7,250,9,2.6,,
2026-08-15T11:15:48.999Z,V3632161,5934,44.51727,7.78001,21330.0,5.4,5.7,9.9,-55.3,1.3,-1.0,RS41-SG,403.700,6.7,250,9,2.7,,
2026-08-15T11:18:58.999Z,V3632161,6124,44.51494,7.76901,22230.1,4.6,6.5,234.5,-54.0,1.1,-1.0,RS41-SG,403.700,7.4,250,10,2.6,,
2026-08-15T11:19:00.999Z,V3632161,6126,44.51486,7.76888,22238.6,4.6,7.4,229.8,-53.9,1.2,-1.0,RS41-SG,403.700,6.8,250,10,2.7,,
2026-08-15T11:19:06.999Z,V3632161,6132,44.51466,7.76847,22267.3,5.0,4.3,252.7,-53.9,1.1,-1.0,RS41-SG,403.700,7.4,250,10,2.6,,
2026-08-15T11:19:31.999Z,V3632161,6157,44.51455,7.76658,22384.6,5.8,6.6,263.3,-52.7,1.1,-1.0,RS41-SG,403.700,7.6,250,10,2.7,,
2026-08-15T11:19:32.999Z,V3632161,6158,44.51454,7.76650,22389.8,4.5,5.1,257.7,-52.7,1.1,-1.0,RS41-SG,403.700,7.6,250,9,2.6,,
2026-08-15T11:19:33.999Z,V3632161,6159,44.51453,7.76645,22394.0,3.7,4.0,251.8,-52.6,1.0,-1.0,RS41-SG,403.700,6.5,250,10,2.6,,
2026-08-15T11:19:46.999Z,V3632161,6172,44.51443,7.76582,22458.4,4.8,3.6,232.4,-52.5,1.1,-1.0,RS41-SG,403.700,6.7,250,10,2.6,,
2026-08-15T11:20:06.999Z,V3632161,6192,44.51409,7.76478,22557.5,5.4,6.0,227.7,-52.1,1.0,-1.0,RS41-SG,403.700,6.8,250,10,2.7,,
2026-08-15T11:20:10.999Z,V3632161,6196,44.51390,7.76448,22576.9,6.0,8.8,230.1,-52.2,1.1,-1.0,RS41-SG,403.700,7.1,250,10,2.6,,
2026-08-15T11:20:17.999Z,V3632161,6203,44.51366,7.76388,22613.3,6.0,7.3,246.7,-52.1,1.1,-1.0,RS41-SG,403.700,6.9,250,10,2.6,,
2026-08-15T11:20:38.999Z,V3632161,6224,44.51304,7.76180,22721.5,4.1,8.1,253.5,-51.5,1.0,-1.0,RS41-SG,403.700,6.8,250,10,2.7,,
2026-08-15T11:20:52.999Z,V3632161,6238,44.51291,7.76009,22793.4,5.9,8.9,265.6,-51.5,1.0,-1.0,RS41-SG,403.700,7.1,250,10,2.6,,
2026-08-15T11:21:48.999Z,V3632161,6294,44.51364,7.75216,23079.7,4.8,10.5,293.8,-51.8,1.0,-1.0,RS41-SG,403.700,6.3,250,10,2.7,,
2026-08-15T11:21:51.999Z,V3632161,6297,44.51374,7.75181,23095.2,4.7,9.1,292.3,-51.8,1.1,-1.0,RS41-SG,403.700,8.0,250,10,2.6,,
2026-08-15T11:21:58.999Z,V3632161,6304,44.51396,7.75116,23130.5,4.3,8.5,311.5,-51.7,1.0,-1.0,RS41-SG,403.700,7.2,250,10,2.6,,
2026-08-15T11:23:26.999Z,V3632161,6392,44.51602,7.74320,23566.3,6.0,10.6,287.9,-49.8,0.9,-1.0,RS41-SG,403.700,6.7,250,10,2.7,,
2026-08-15T11:23:48.999Z,V3632161,6414,44.51691,7.74107,23678.0,5.1,8.9,297.3,-49.6,0.9,-1.0,RS41-SG,403.700,7.5,250,10,2.7,,
2026-08-15T11:24:14.999Z,V3632161,6440,44.51719,7.73879,23812.1,6.0,7.1,265.8,-49.8,0.9,-1.0,RS41-SG,403.700,6.3,250,10,2.7,,
2026-08-15T11:24:50.999Z,V3632161,6476,44.51785,7.73549,24006.5,5.5,7.7,294.7,-50.6,1.0,-1.0,RS41-SG,403.700,6.8,250,10,2.7,,
2026-08-15T11:24:52.999Z,V3632161,6478,44.51791,7.73534,24017.4,4.6,5.6,302.6,-50.6,1.0,-1.0,RS41-SG,403.700,7.3,250,10,2.6,,
2026-08-15T11:25:06.999Z,V3632161,6492,44.51816,7.73432,24092.1,4.8,6.4,276.1,-50.6,0.9,-1.0,RS41-SG,403.700,6.8,250,10,2.7,,
2026-08-15T11:25:09.999Z,V3632161,6495,44.51819,7.73408,24107.5,6.0,7.7,283.7,-50.5,0.9,-1.0,RS41-SG,403.700,7.2,250,10,2.6,,
2026-08-15T11:25:16.999Z,V3632161,6502,44.51821,7.73347,24143.1,4.9,6.6,244.9,-50.5,1.0,-1.0,RS41-SG,403.700,6.8,250,10,2.6,,
2026-08-15T11:25:17.999Z,V3632161,6503,44.51818,7.73339,24148.2,5.1,7.4,245.8,-50.5,1.0,-1.0,RS41-SG,403.700,7.1,250,10,2.6,,
2026-08-15T11:25:31.999Z,V3632161,6517,44.51801,7.73208,24219.2,4.8,9.1,272.8,-50.4,0.9,-1.0,RS41-SG,403.700,7.2,250,10,2.7,,
2026-08-15T11:25:41.999Z,V3632161,6527,44.51807,7.73101,24271.1,5.5,8.5,275.2,-50.0,0.9,-1.0,RS41-SG,403.700,7.2,250,10,2.6,,
2026-08-15T11:27:39.999Z,V3632161,6645,44.52038,7.72198,24864.7,5.4,6.7,273.1,-49.1,0.9,-1.0,RS41-SG,403.700,6.9,250,10,2.6,,
2026-08-15T11:27:46.999Z,V3632161,6652,44.52036,7.72150,24899.6,5.6,4.9,284.0,-48.9,0.8,-1.0,RS41-SG,403.700,7.0,250,10,2.6,,
2026-08-15T11:27:48.999Z,V3632161,6654,44.52038,7.72139,24909.0,4.9,4.6,291.4,-48.9,0.9,-1.0,RS41-SG,403.700,7.1,250,10,2.7,,
2026-08-15T11:27:55.999Z,V3632161,6661,44.52048,7.72086,24943.4,4.7,6.4,261.7,-49.1,0.9,-1.0,RS41-SG,403.700,7.0,250,10,2.7,,
2026-08-15T11:28:03.999Z,V3632161,6669,44.52039,7.72015,24983.3,5.9,6.8,276.6,-49.1,0.8,-1.0,RS41-SG,403.700,6.6,250,10,2.7,,
2026-08-15T11:28:09.999Z,V3632161,6675,44.52050,7.71957,25011.7,4.8,7.5,282.7,-49.2,0.9,-1.0,RS41-SG,403.700,6.9,250,10,2.6,,
2026-08-15T11:28:17.999Z,V3632161,6683,44.52060,7.71881,25051.5,5.7,7.6,288.5,-49.2,0.8,-1.0,RS41-SG,403.700,6.6,250,10,2.7,,
2026-08-15T11:28:48.999Z,V3632161,6714,44.52164,7.71559,25211.0,6.3,8.6,302.9,-49.6,0.9,-1.0,RS41-SG,403.700,7.1,250,10,2.6,,
2026-08-15T11:29:03.999Z,V3632161,6729,44.52213,7.71438,25289.5,4.4,6.6,311.4,-49.4,0.9,-1.0,RS41-SG,403.700,6.9,250,10,2.7,,
2026-08-15T11:29:11.999Z,V3632161,6737,44.52244,7.71387,25331.4,4.2,4.7,315.2,-49.6,0.9,-1.0,RS41-SG,403.700,7.5,250,10,2.6,,
2026-08-15T11:29:15.999Z,V3632161,6741,44.52257,7.71364,25352.7,4.7,6.8,299.4,-49.7,0.9,-1.0,RS41-SG,403.700,6.9,250,10,2.6,,
2026-08-15T11:29:19.999Z,V3632161,6745,44.52262,7.71336,25373.9,4.9,5.4,269.7,-49.7,0.9,-1.0,RS41-SG,403.700,7.8,250,10,2.6,,
2026-08-15T11:29:29.000Z,V3632161,6754,44.52279,7.71274,25422.6,5.3,6.2,296.7,-49.3,0.8,-1.0,RS41-SG,403.700,6.6,250,10,2.7,,
2026-08-15T11:29:34.000Z,V3632161,6759,44.52283,7.71238,25449.4,5.0,5.7,260.2,-49.2,0.8,-1.0,RS41-SG,403.700,7.1,250,10,2.7,,
2026-08-15T11:29:39.000Z,V3632161,6764,44.52289,7.71196,25477.2,6.5,7.5,293.7,-49.2,0.8,-1.0,RS41-SG,403.700,7.5,250,10,2.7,,
2026-08-15T11:29:40.000Z,V3632161,6765,44.52292,7.71188,25483.1,5.3,7.2,291.9,-49.2,0.8,-1.0,RS41-SG,403.700,7.5,250,10,2.7,,
2026-08-15T11:29:42.000Z,V3632161,6767,44.52297,7.71171,25494.1,6.0,7.9,292.2,-49.1,0.8,-1.0,RS41,403.700,6.5,250,10,2.6,,
2026-08-15T11:29:43.000Z,V3632161,6768,44.52299,7.71161,25500.3,5.9,8.6,292.7,-49.1,0.9,-1.0,RS41,403.700,8.3,250,10,2.6,,
2026-08-15T11:29:44.000Z,V3632161,6769,44.52302,7.71151,25505.7,4.8,9.2,291.5,-49.2,0.8,-1.0,RS41,403.700,8.6,250,10,2.6,,
2026-08-15T11:29:45.000Z,V3632161,6770,44.52305,7.71140,25510.9,5.8,9.2,287.6,-49.2,0.8,-1.0,RS41,403.700,8.6,250,10,2.7,,
2026-08-15T11:29:46.000Z,V3632161,6771,44.52307,7.71129,25516.9,6.5,8.4,281.8,-49.1,0.9,-1.0,RS41,403.700,8.5,250,10,2.7,,
2026-08-15T11:30:24.000Z,V3632161,6809,44.52384,7.70854,25727.0,5.3,4.3,262.0,-49.2,0.9,-1.0,RS41,403.700,6.9,250,10,2.6,,
2026-08-15T11:30:32.000Z,V3632161,6817,44.52387,7.70822,25771.9,6.1,3.9,256.0,-49.2,0.9,-1.0,RS41,403.700,7.5,250,10,2.7,,
2026-08-15T11:30:33.000Z,V3632161,6818,44.52386,7.70818,25777.8,6.0,4.2,261.7,-49.2,0.8,-1.0,RS41-SG,403.700,7.5,250,10,2.7,,
2026-08-15T11:30:41.000Z,V3632161,6826,44.52372,7.70772,25822.3,5.0,3.2,258.6,-49.2,0.9,-1.0,RS41-SG,403.700,6.7,250,10,2.7,,
2026-08-15T11:30:42.000Z,V3632161,6827,44.52372,7.70768,25827.7,6.1,3.6,265.5,-49.2,0.9,-1.0,RS41-SG,403.700,7.0,250,10,2.7,,
2026-08-15T11:30:43.000Z,V3632161,6828,44.52372,7.70763,25834.1,6.9,4.4,263.3,-49.2,0.8,-1.0,RS41-SG,403.700,7.2,250,10,2.6,,
2026-08-15T11:30:45.000Z,V3632161,6830,44.52370,7.70749,25845.3,5.4,6.4,262.2,-49.1,0.9,-1.0,RS41-SG,403.700,7.0,250,10,2.7,,
2026-08-15T11:30:46.000Z,V3632161,6831,44.52370,7.70741,25851.2,6.4,7.2,266.2,-49.2,0.8,-1.0,RS41-SG,403.700,7.0,250,10,2.7,,
2026-08-15T11:30:47.000Z,V3632161,6832,44.52369,7.70732,25857.0,5.2,7.5,270.0,-49.3,0.9,-1.0,RS41-SG,403.700,7.2,250,10,2.7,,
2026-08-15T11:30:48.000Z,V3632161,6833,44.52369,7.70722,25862.4,5.3,7.9,270.2,-49.2,0.8,-1.0,RS41-SG,403.700,7.4,250,10,2.6,,
2026-08-15T11:30:49.000Z,V3632161,6834,44.52369,7.70712,25868.1,6.0,8.3,265.9,-49.0,0.8,-1.0,RS41-SG,403.700,7.4,250,10,2.6,,
2026-08-15T11:30:50.000Z,V3632161,6835,44.52368,7.70701,25874.0,5.9,8.9,260.3,-49.0,0.8,-1.0,RS41-SG,403.700,7.3,250,10,2.6,,
2026-08-15T11:30:51.000Z,V3632161,6836,44.52367,7.70690,25879.1,4.5,9.1,257.0,-48.9,0.8,-1.0,RS41-SG,403.700,7.3,250,10,2.7,,
2026-08-15T11:30:52.000Z,V3632161,6837,44.52365,7.70679,25883.9,5.2,9.0,256.5,-49.0,0.8,-1.0,RS41-SG,403.700,7.1,250,10,2.7,,
2026-08-15T11:30:57.000Z,V3632161,6842,44.52365,7.70634,25911.9,6.8,6.1,274.1,-49.2,0.8,-1.0,RS41-SG,403.700,7.2,250,10,2.7,,
2026-08-15T11:30:58.000Z,V3632161,6843,44.52365,7.70626,25918.0,5.8,6.4,267.6,-49.2,0.8,-1.0,RS41-SG,403.700,7.8,250,10,2.7,,
2026-08-15T11:31:53.000Z,V3632161,6898,44.52442,7.69964,26223.1,5.1,8.6,267.5,-48.6,0.8,-1.0,RS41-SG,403.700,7.6,250,11,2.6,,
2026-08-15T11:32:16.000Z,V3632161,6921,44.52520,7.69663,26349.0,4.9,13.3,293.6,-48.3,0.8,-1.0,RS41-SG,403.700,7.0,250,11,2.6,,
2026-08-15T11:33:05.000Z,V3632161,6970,44.52731,7.69117,26623.3,4.8,8.1,310.0,-48.2,0.8,-1.0,RS41-SG,403.700,7.4,250,11,2.6,,
2026-08-15T11:34:54.000Z,V3632161,7079,44.53010,7.68230,27225.9,4.7,11.4,290.0,-48.3,0.8,-1.0,RS41-SG,403.700,7.0,250,11,2.7,,
2026-08-15T11:34:55.000Z,V3632161,7080,44.53014,7.68217,27230.8,5.0,11.3,295.4,-48.2,0.8,-1.0,RS41-SG,403.700,7.2,250,11,2.7,,
2026-08-15T11:34:56.000Z,V3632161,7081,44.53018,7.68205,27236.4,6.3,10.5,297.3,-48.1,0.8,-1.0,RS41-SG,403.700,7.2,250,11,2.7,,
2026-08-15T11:34:57.000Z,V3632161,7082,44.53022,7.68194,27242.5,6.1,9.2,296.3,-48.1,0.8,-1.0,RS41-SG,403.700,7.2,250,11,2.6,,
2026-08-15T11:35:29.000Z,V3632161,7114,44.53163,7.67835,27421.2,6.2,8.5,296.8,-48.0,0.8,-1.0,RS41-SG,403.700,6.5,250,11,2.6,,
2026-08-15T11:36:34.000Z,V3632161,7179,44.53303,7.67246,27795.0,5.7,13.6,251.7,-48.6,0.8,-1.0,RS41-SG,403.700,6.7,250,11,2.6,,
2026-08-15T11:36:37.000Z,V3632161,7182,44.53294,7.67199,27812.9,5.9,11.5,256.8,-48.7,0.7,-1.0,RS41-SG,403.700,7.0,250,11,2.7,,
2026-08-15T11:36:40.000Z,V3632161,7185,44.53287,7.67167,27831.1,4.8,7.2,252.5,-48.5,0.8,-1.0,RS41-SG,403.700,6.8,250,11,2.6,,
2026-08-15T11:36:45.000Z,V3632161,7190,44.53286,7.67111,27860.5,5.7,12.5,269.3,-48.6,0.8,-1.0,RS41-SG,403.700,6.6,250,11,2.7,,
2026-08-15T11:36:53.000Z,V3632161,7198,44.53269,7.66970,27907.1,5.2,12.4,272.3,-48.4,0.8,-1.0,RS41-SG,403.700,6.8,250,11,2.6,,
2026-08-15T11:36:55.000Z,V3632161,7200,44.53272,7.66944,27918.5,5.8,8.8,281.9,-48.5,0.8,-1.0,RS41-SG,403.700,7.1,250,11,2.7,,
2026-08-15T11:36:56.000Z,V3632161,7201,44.53273,7.66934,27923.8,5.1,8.1,281.1,-48.5,0.8,-1.0,RS41-SG,403.700,7.1,250,11,2.7,,
2026-08-15T11:36:57.000Z,V3632161,7202,44.53274,7.66923,27929.7,6.7,9.1,276.4,-48.5,0.8,-1.0,RS41-SG,403.700,7.1,250,11,2.7,,
2026-08-15T11:36:58.000Z,V3632161,7203,44.53275,7.66910,27937.1,7.3,11.3,270.6,-48.5,0.8,-1.0,RS41-SG,403.700,6.9,250,11,2.6,,
2026-08-15T11:37:28.000Z,V3632161,7233,44.53326,7.66560,27303.3,-24.4,9.1,286.8,-48.7,0.8,-1.0,RS41-SG,403.700,6.7,250,11,2.7,,
2026-08-15T11:37:31.000Z,V3632161,7236,44.53334,7.66523,27238.6,-19.3,11.3,284.1,-48.5,0.8,-1.0,RS41-SG,403.700,7.2,250,11,2.7,,
2026-08-15T11:37:32.000Z,V3632161,7237,44.53336,7.66510,27217.5,-23.1,11.6,285.6,-48.5,0.8,-1.0,RS41-SG,403.700,8.0,250,11,2.7,,
2026-08-15T11:37:33.000Z,V3632161,7238,44.53339,7.66496,27195.6,-21.8,11.6,291.1,-48.5,0.8,-1.0,RS41-SG,403.700,8.0,250,11,2.6,,
2026-08-15T11:37:35.000Z,V3632161,7240,44.53346,7.66470,27150.2,-22.1,9.9,288.2,-48.5,0.8,-1.0,RS41-SG,403.700,7.5,250,11,2.7,,
2026-08-15T11:37:36.000Z,V3632161,7241,44.53348,7.66458,27128.0,-23.0,9.7,286.7,-48.5,0.8,-1.0,RS41-SG,403.700,7.5,250,11,2.7,,
2026-08-15T11:37:57.000Z,V3632161,7262,44.53423,7.66317,26619.0,-25.4,7.1,296.4,-47.9,0.7,-1.0,RS41-SG,403.700,6.8,250,11,2.7,,
2026-08-15T11:38:00.000Z,V3632161,7265,44.53430,7.66289,26545.9,-25.6,8.1,289.6,-47.9,0.7,-1.0,RS41-SG,403.700,7.1,250,11,2.6,,
2026-08-15T11:38:01.000Z,V3632161,7266,44.53432,7.66279,26520.8,-24.5,8.9,285.1,-47.9,0.7,-1.0,RS41-SG,403.700,7.1,250,11,2.6,,
2026-08-15T11:38:11.000Z,V3632161,7276,44.53476,7.66183,26272.6,-24.8,11.9,307.5,-47.7,0.7,-1.0,RS41-SG,403.700,6.1,250,11,2.6,,
2026-08-15T11:38:28.000Z,V3632161,7293,44.53517,7.65996,25886.9,-24.2,7.3,278.2,-48.8,0.8,-1.0,RS41-SG,403.700,8.0,250,11,2.6,08:29:02,
2026-08-15T11:39:10.000Z,V3632161,7335,44.53555,7.65660,25097.5,-13.5,10.0,292.8,-49.7,0.8,-1.0,RS41-SG,403.700,6.7,250,11,2.7,08:29:02,
2026-08-15T11:39:12.000Z,V3632161,7337,44.53564,7.65639,25070.3,-13.7,9.8,304.0,-49.6,0.8,-1.0,RS41-SG,403.700,7.3,250,11,2.6,08:29:02,
2026-08-15T11:39:17.000Z,V3632161,7342,44.53575,7.65592,25010.7,-13.6,6.9,266.4,-49.6,0.8,-1.0,RS41-SG,403.700,8.0,250,11,2.7,08:29:02,
2026-08-15T11:39:18.000Z,V3632161,7343,44.53574,7.65584,24997.6,-13.3,7.1,266.0,-49.5,0.8,-1.0,RS41-SG,403.700,8.0,250,11,2.6,08:29:02,
2026-08-15T11:39:25.000Z,V3632161,7350,44.53573,7.65511,24910.9,-14.2,7.8,276.4,-49.3,0.8,-1.0,RS41-SG,403.700,7.4,250,11,2.7,08:29:02,
2026-08-15T11:39:56.000Z,V3632161,7381,44.53599,7.65305,24516.7,-13.9,6.6,309.7,-49.7,0.9,-1.0,RS41-SG,403.700,7.3,250,11,2.6,08:29:02,
