timestamp,serial,frame,lat,lon,alt,vel_v,vel_h,heading,temp,humidity,pressure,type,freq_mhz,snr,f_error_hz,sats,batt_v,burst_timer,aux_data
2026-09-29T00:33:28.004Z,Y1152195,7140,45.53290,8.98370,27253.9,5.1,8.1,87.2,-273.0,-1.0,-1.0,RS41,404.900,6.3,250,10,2.6,,
2026-09-29T00:33:56.004Z,Y1152195,7168,45.53277,8.98540,27413.0,5.9,5.3,98.6,-273.0,-1.0,-1.0,RS41,404.900,6.4,250,10,2.6,,
2026-09-29T00:33:58.004Z,Y1152195,7170,45.53275,8.98555,27422.9,4.7,6.5,101.7,-273.0,-1.0,-1.0,RS41,404.900,7.2,250,10,2.5,,
2026-09-29T00:33:59.004Z,Y1152195,7171,45.53274,8.98563,27428.2,5.9,6.2,96.3,-273.0,-1.0,-1.0,RS41,404.900,7.2,250,10,2.5,,
2026-09-29T00:34:00.004Z,Y1152195,7172,45.53274,8.98571,27434.6,6.8,5.2,85.5,-273.0,-1.0,-1.0,RS41,404.900,7.5,250,10,2.5,,
2026-09-29T00:34:01.004Z,Y1152195,7173,45.53275,8.98577,27440.8,5.3,4.3,73.9,-273.0,-1.0,-1.0,RS41,404.900,7.5,250,10,2.6,,
2026-09-29T00:34:03.004Z,Y1152195,7175,45.53277,8.98583,27450.9,5.7,1.3,50.7,-273.0,-1.0,-1.0,RS41,404.900,6.8,250,10,2.5,,
2026-09-29T00:34:05.004Z,Y1152195,7177,45.53276,8.98583,27462.2,4.4,1.9,204.1,-273.0,-1.0,-1.0,RS41,404.900,7.0,250,10,2.5,,
2026-09-29T00:34:06.004Z,Y1152195,7178,45.53274,8.98582,27466.9,5.1,2.7,201.9,-273.0,-1.0,-1.0,RS41,404.900,7.2,250,10,2.5,,
2026-09-29T00:34:10.004Z,Y1152195,7182,45.53270,8.98584,27490.4,5.2,2.2,85.1,-273.0,-1.0,-1.0,RS41,404.900,6.7,250,10,2.5,,
2026-09-29T00:34:11.004Z,Y1152195,7183,45.53270,8.98587,27495.8,5.7,3.3,89.8,-273.0,-1.0,-1.0,RS41,404.900,6.9,250,10,2.5,,
2026-09-29T00:34:12.004Z,Y1152195,7184,45.53270,8.98592,27501.9,6.4,4.1,98.3,-273.0,-1.0,-1.0,RS41,404.900,7.2,250,10,2.6,,
2026-09-29T00:34:13.004Z,Y1152195,7185,45.53269,8.98597,27507.6,5.0,4.2,104.6,-273.0,-1.0,-1.0,RS41,404.900,7.5,250,10,2.6,,
2026-09-29T00:34:14.004Z,Y1152195,7186,45.53268,8.98602,27512.6,5.0,3.7,106.1,-273.0,-1.0,-1.0,RS41,404.900,7.5,250,10,2.5,,
2026-09-29T00:34:15.004Z,Y1152195,7187,45.53267,8.98606,27518.1,5.9,2.4,100.3,-273.0,-1.0,-1.0,RS41,404.900,7.3,250,10,2.5,,
2026-09-29T00:34:16.004Z,Y1152195,7188,45.53267,8.98608,27524.4,6.6,1.2,42.0,-273.0,-1.0,-1.0,RS41,404.900,7.3,250,10,2.5,,
2026-09-29T00:34:17.004Z,Y1152195,7189,45.53269,8.98608,27530.3,5.0,1.9,344.0,-273.0,-1.0,-1.0,RS41,404.900,7.6,250,10,2.5,,
2026-09-29T00:34:18.004Z,Y1152195,7190,45.53270,8.98606,27535.1,4.7,2.8,319.9,-273.0,-1.0,-1.0,RS41,404.900,7.6,250,10,2.6,,
2026-09-29T00:34:19.004Z,Y1152195,7191,45.53272,8.98604,27540.0,5.2,3.1,298.7,-273.0,-1.0,-1.0,RS41,404.900,7.1,250,10,2.6,,
2026-09-29T00:34:20.004Z,Y1152195,7192,45.53273,8.98600,27545.9,6.6,3.0,267.4,-273.0,-1.0,-1.0,RS41,404.900,7.1,250,10,2.5,,
2026-09-29T00:34:21.004Z,Y1152195,7193,45.53272,8.98596,27552.0,5.7,3.1,240.1,-273.0,-1.0,-1.0,RS41,404.900,6.9,250,10,2.5,,
2026-09-29T00:34:23.004Z,Y1152195,7195,45.53268,8.98592,27562.8,5.6,2.4,199.0,-273.0,-1.0,-1.0,RS41,404.900,6.7,250,10,2.6,,
2026-09-29T00:34:24.004Z,Y1152195,7196,45.53267,8.98591,27568.8,6.6,1.2,151.9,-273.0,-1.0,-1.0,RS41,404.900,6.9,250,10,2.6,,
2026-09-29T00:34:26.004Z,Y1152195,7198,45.53268,8.98596,27581.2,4.4,3.5,50.5,-273.0,-1.0,-1.0,RS41,404.900,7.6,250,10,2.5,,
2026-09-29T00:34:32.004Z,Y1152195,7204,45.53277,8.98618,27612.8,5.3,1.1,86.6,-273.0,-1.0,-1.0,RS41,404.900,7.3,250,10,2.5,,
2026-09-29T00:34:34.004Z,Y1152195,7206,45.53279,8.98617,27624.9,5.9,2.2,331.0,-273.0,-1.0,-1.0,RS41,404.900,6.3,250,10,2.6,,
2026-09-29T00:34:38.004Z,Y1152195,7210,45.53287,8.98609,27648.1,4.8,2.0,317.4,-273.0,-1.0,-1.0,RS41,404.900,7.6,250,10,2.5,,
2026-09-29T00:34:39.004Z,Y1152195,7211,45.53288,8.98608,27653.2,5.3,1.6,310.9,-273.0,-1.0,-1.0,RS41,404.900,7.9,250,10,2.5,,
2026-09-29T00:34:41.004Z,Y1152195,7213,45.53290,8.98604,27665.6,6.2,2.2,319.4,-273.0,-1.0,-1.0,RS41,404.900,7.7,250,10,2.6,,
2026-09-29T00:34:42.004Z,Y1152195,7214,45.53292,8.98603,27671.2,5.0,2.3,320.6,-273.0,-1.0,-1.0,RS41,404.900,7.5,250,10,2.5,,
2026-09-29T00:34:43.004Z,Y1152195,7215,45.53293,8.98601,27676.5,5.7,1.7,320.2,-273.0,-1.0,-1.0,RS41,404.900,7.5,250,10,2.5,,
2026-09-29T00:34:44.004Z,Y1152195,7216,45.53294,8.98600,27682.7,6.8,0.6,333.7,-273.0,-1.0,-1.0,RS41,404.900,7.4,250,10,2.5,,
2026-09-29T00:34:45.004Z,Y1152195,7217,45.53294,8.98600,27689.1,5.8,0.5,118.5,-273.0,-1.0,-1.0,RS41,404.900,7.7,250,10,2.6,,
2026-09-29T00:34:46.004Z,Y1152195,7218,45.53294,8.98601,27694.5,5.1,1.0,124.0,-273.0,-1.0,-1.0,RS41,404.900,7.7,250,10,2.6,,
2026-09-29T00:34:48.004Z,Y1152195,7220,45.53294,8.98602,27705.0,6.2,0.4,346.3,-273.0,-1.0,-1.0,RS41,404.900,7.6,250,10,2.5,,
2026-09-29T00:34:49.004Z,Y1152195,7221,45.53294,8.98601,27711.5,6.7,1.9,328.1,-273.0,-1.0,-1.0,RS41,404.900,7.6,250,10,2.5,,
2026-09-29T00:34:50.004Z,Y1152195,7222,45.53296,8.98600,27717.5,5.3,2.8,329.0,-273.0,-1.0,-1.0,RS41,404.900,7.2,250,10,2.5,,
2026-09-29T00:34:51.004Z,Y1152195,7223,45.53299,8.98598,27723.1,5.8,2.9,336.2,-273.0,-1.0,-1.0,RS41,404.900,7.5,250,10,2.6,,
2026-09-29T00:34:52.004Z,Y1152195,7224,45.53301,8.98597,27729.4,6.9,2.2,357.4,-273.0,-1.0,-1.0,RS41,404.900,7.5,250,10,2.6,,
2026-09-29T00:34:53.004Z,Y1152195,7225,45.53302,8.98598,27735.7,5.7,2.0,38.0,-273.0,-1.0,-1.0,RS41,404.900,7.2,250,10,2.5,,
2026-09-29T00:34:54.004Z,Y1152195,7226,45.53303,8.98601,27740.7,4.4,2.6,68.1,-273.0,-1.0,-1.0,RS41-SG,404.900,7.2,250,10,2.5,,
2026-09-29T00:34:55.004Z,Y1152195,7227,45.53304,8.98604,27745.5,5.4,3.1,77.3,-273.0,-1.0,-1.0,RS41-SG,404.900,7.5,250,9,2.5,,
2026-09-29T00:34:56.004Z,Y1152195,7228,45.53305,8.98608,27751.4,6.2,3.0,75.3,-273.0,-1.0,-1.0,RS41-SG,404.900,7.5,250,10,2.6,,
2026-09-29T00:34:57.004Z,Y1152195,7229,45.53306,8.98611,27757.7,6.3,2.4,62.8,-273.0,-1.0,-1.0,RS41-SG,404.900,7.8,250,10,2.6,,
2026-09-29T00:34:58.004Z,Y1152195,7230,45.53307,8.98614,27763.3,4.9,2.2,48.7,-273.0,-1.0,-1.0,RS41-SG,404.900,7.8,250,10,2.5,,
2026-09-29T00:34:59.004Z,Y1152195,7231,45.53308,8.98616,27768.3,5.2,2.4,46.9,-273.0,-1.0,-1.0,RS41-SG,404.900,7.6,250,10,2.5,,
2026-09-29T00:35:01.004Z,Y1152195,7233,45.53310,8.98622,27780.2,6.3,3.3,77.6,-273.0,-1.0,-1.0,RS41-SG,404.900,7.7,250,10,2.5,,
2026-09-29T00:35:02.004Z,Y1152195,7234,45.53311,8.98626,27785.9,5.0,3.7,90.2,-273.0,-1.0,-1.0,RS41-SG,404.900,7.9,250,10,2.6,,
2026-09-29T00:35:03.004Z,Y1152195,7235,45.53310,8.98631,27791.2,5.4,3.7,102.1,-273.0,-1.0,-1.0,RS41-SG,404.900,7.9,250,10,2.6,,
2026-09-29T00:35:04.004Z,Y1152195,7236,45.53310,8.98635,27797.1,6.5,3.0,114.8,-273.0,-1.0,-1.0,RS41-SG,404.900,6.9,250,10,2.5,,
2026-09-29T00:35:05.004Z,Y1152195,7237,45.53308,8.98638,27803.6,6.4,2.0,133.2,-273.0,-1.0,-1.0,RS41-SG,404.900,7.1,250,10,2.5,,
2026-09-29T00:35:06.004Z,Y1152195,7238,45.53307,8.98639,27809.1,4.5,1.4,155.2,-273.0,-1.0,-1.0,RS41-SG,404.900,7.3,250,10,2.5,,
2026-09-29T00:35:07.004Z,Y1152195,7239,45.53306,8.98640,27814.0,5.2,1.4,154.7,-273.0,-1.0,-1.0,RS41-SG,404.900,7.3,250,10,2.6,,
2026-09-29T00:35:08.004Z,Y1152195,7240,45.53305,8.98641,27819.9,6.7,2.0,129.8,-273.0,-1.0,-1.0,RS41-SG,404.900,6.9,250,10,2.6,,
2026-09-29T00:35:09.004Z,Y1152195,7241,45.53304,8.98644,27826.4,6.0,3.1,114.8,-273.0,-1.0,-1.0,RS41-SG,404.900,7.1,250,10,2.5,,
2026-09-29T00:35:10.004Z,Y1152195,7242,45.53303,8.98648,27832.0,5.0,4.0,107.1,-273.0,-1.0,-1.0,RS41-SG,404.900,7.8,250,10,2.5,,
2026-09-29T00:35:11.004Z,Y1152195,7243,45.53302,8.98653,27837.2,5.3,4.3,102.3,-273.0,-1.0,-1.0,RS41-SG,404.900,7.8,250,10,2.5,,
2026-09-29T00:35:12.004Z,Y1152195,7244,45.53301,8.98658,27843.0,6.3,3.8,102.1,-273.0,-1.0,-1.0,RS41-SG,404.900,7.8,250,10,2.5,,
2026-09-29T00:35:13.004Z,Y1152195,7245,45.53300,8.98662,27849.3,6.1,2.9,105.5,-273.0,-1.0,-1.0,RS41-SG,404.900,7.7,250,10,2.6,,
2026-09-29T00:35:14.004Z,Y1152195,7246,45.53300,8.98666,27855.0,5.2,2.3,113.1,-273.0,-1.0,-1.0,RS41-SG,404.900,7.7,250,10,2.6,,
2026-09-29T00:35:15.004Z,Y1152195,7247,45.53299,8.98668,27860.1,5.1,2.3,122.6,-273.0,-1.0,-1.0,RS41-SG,404.900,7.3,250,10,2.5,,
2026-09-29T00:35:16.004Z,Y1152195,7248,45.53297,8.98671,27865.8,6.3,3.0,122.4,-56.1,-1.0,-1.0,RS41-SG,404.900,7.4,250,10,2.5,,
2026-09-29T00:35:17.004Z,Y1152195,7249,45.53296,8.98675,27872.2,6.3,3.9,116.5,-56.1,-1.0,-1.0,RS41-SG,404.900,7.8,250,10,2.5,,
2026-09-29T00:35:18.004Z,Y1152195,7250,45.53294,8.98680,27877.8,4.9,4.5,110.0,-56.1,-1.0,-1.0,RS41-SG,404.900,7.9,250,10,2.6,,
2026-09-29T00:35:19.004Z,Y1152195,7251,45.53293,8.98685,27882.8,5.1,4.5,100.6,-56.1,-1.0,-1.0,RS41-SG,404.900,7.9,250,10,2.6,,
2026-09-29T00:35:20.004Z,Y1152195,7252,45.53293,8.98691,27888.3,6.0,3.9,90.9,-56.1,-1.0,-1.0,RS41-SG,404.900,7.7,250,10,2.5,,
2026-09-29T00:35:21.004Z,Y1152195,7253,45.53293,8.98695,27894.5,6.4,3.0,73.4,-56.1,-1.0,-1.0,RS41-SG,404.900,7.6,250,10,2.5,,
2026-09-29T00:35:25.004Z,Y1152195,7257,45.53299,8.98709,27917.7,6.9,4.8,68.9,-56.3,-1.0,-1.0,RS41-SG,404.900,7.6,250,10,2.6,,
2026-09-29T00:35:26.004Z,Y1152195,7258,45.53301,8.98715,27923.7,5.2,5.7,81.4,-56.3,-1.0,-1.0,RS41-SG,404.900,8.0,250,10,2.5,,
2026-09-29T00:35:27.004Z,Y1152195,7259,45.53301,8.98723,27929.0,5.3,6.1,94.8,-56.3,-1.0,-1.0,RS41-SG,404.900,8.3,250,10,2.5,,
2026-09-29T00:35:28.004Z,Y1152195,7260,45.53300,8.98730,27934.9,6.6,6.1,109.4,-56.3,-1.0,-1.0,RS41-SG,404.900,8.3,250,10,2.5,,
2026-09-29T00:35:29.004Z,Y1152195,7261,45.53297,8.98737,27941.7,6.7,5.5,124.1,-56.4,-1.0,-1.0,RS41-SG,404.900,7.6,250,10,2.6,,
2026-09-29T00:35:30.004Z,Y1152195,7262,45.53294,8.98742,27947.6,5.2,5.2,136.0,-56.4,-1.0,-1.0,RS41-SG,404.900,7.5,250,10,2.6,,
2026-09-29T00:35:31.004Z,Y1152195,7263,45.53291,8.98747,27953.0,5.7,5.1,142.8,-56.4,-1.0,-1.0,RS41-SG,404.900,7.6,250,10,2.5,,
2026-09-29T00:35:32.004Z,Y1152195,7264,45.53287,8.98751,27959.4,7.0,5.3,138.9,-56.5,-1.0,-1.0,RS41-SG,404.900,7.6,250,10,2.5,,
2026-09-29T00:35:33.004Z,Y1152195,7265,45.53284,8.98756,27965.8,5.7,5.3,129.5,-56.5,-1.0,-1.0,RS41-SG,404.900,7.3,250,10,2.5,,
2026-09-29T00:35:34.004Z,Y1152195,7266,45.53281,8.98761,27971.4,5.4,5.2,119.7,-56.5,-1.0,-1.0,RS41-SG,404.900,8.0,250,10,2.5,,
2026-09-29T00:35:35.004Z,Y1152195,7267,45.53279,8.98767,27977.2,6.3,4.5,110.7,-56.5,-1.0,-1.0,RS41-SG,404.900,8.4,250,10,2.6,,
2026-09-29T00:35:36.004Z,Y1152195,7268,45.53278,8.98771,27983.3,5.9,3.5,106.8,-56.6,-1.0,-1.0,RS41-SG,404.900,8.5,250,10,2.6,,
2026-09-29T00:35:37.004Z,Y1152195,7269,45.53277,8.98775,27988.6,4.9,3.0,106.5,-56.6,-1.0,-1.0,RS41-SG,404.900,8.5,250,10,2.5,,
2026-09-29T00:35:38.004Z,Y1152195,7270,45.53276,8.98779,27993.6,5.2,3.0,111.7,-56.6,-1.0,-1.0,RS41-SG,404.900,7.7,250,10,2.5,,
2026-09-29T00:35:39.004Z,Y1152195,7271,45.53275,8.98783,27999.5,6.5,4.1,117.1,-56.6,-1.0,-1.0,RS41-SG,404.900,8.1,250,10,2.5,,
2026-09-29T00:35:40.004Z,Y1152195,7272,45.53273,8.98788,28005.7,5.9,5.2,119.2,-56.6,-1.0,-1.0,RS41-SG,404.900,8.1,250,10,2.6,,
2026-09-29T00:35:41.004Z,Y1152195,7273,45.53271,8.98795,28011.3,5.2,6.0,119.6,-56.6,-1.0,-1.0,RS41-SG,404.900,8.5,250,10,2.6,,
2026-09-29T00:35:42.004Z,Y1152195,7274,45.53268,8.98801,28016.8,5.9,6.1,119.0,-56.5,-1.0,-1.0,RS41-SG,404.900,8.5,250,10,2.5,,
2026-09-29T00:35:43.004Z,Y1152195,7275,45.53266,8.98808,28023.1,6.7,5.2,119.3,-56.5,-1.0,-1.0,RS41-SG,404.900,8.4,250,10,2.5,,
2026-09-29T00:35:44.004Z,Y1152195,7276,45.53264,8.98813,28029.4,5.7,4.0,117.4,-56.5,-1.0,-1.0,RS41-SG,404.900,8.4,250,10,2.5,,
2026-09-29T00:35:45.004Z,Y1152195,7277,45.53262,8.98817,28034.6,4.8,3.2,107.4,-56.5,-1.0,-1.0,RS41-SG,404.900,8.3,250,10,2.5,,
2026-09-29T00:35:46.004Z,Y1152195,7278,45.53262,8.98821,28039.6,5.1,3.2,91.5,-56.5,-1.0,-1.0,RS41-SG,404.900,7.7,250,10,2.6,,
2026-09-29T00:35:47.004Z,Y1152195,7279,45.53262,8.98825,28045.3,6.4,4.1,82.1,-56.5,-1.0,-1.0,RS41-SG,404.900,7.9,250,10,2.6,,
2026-09-29T00:35:49.004Z,Y1152195,7281,45.53263,8.98838,28057.4,5.7,5.5,90.2,-56.5,-1.0,-1.0,RS41-SG,404.900,8.6,250,10,2.5,,
2026-09-29T00:35:50.004Z,Y1152195,7282,45.53262,8.98845,28063.4,6.3,5.3,100.2,-56.5,-1.0,-1.0,RS41-SG,404.900,8.6,250,10,2.5,,
2026-09-29T00:35:51.004Z,Y1152195,7283,45.53261,8.98851,28070.2,7.1,4.6,112.1,-56.5,-1.0,-1.0,RS41-SG,404.900,8.2,250,10,2.6,,
2026-09-29T00:35:52.004Z,Y1152195,7284,45.53260,8.98856,28076.4,5.4,3.9,123.2,-56.5,-1.0,-1.0,RS41-SG,404.900,8.2,250,10,2.6,,
2026-09-29T00:35:53.004Z,Y1152195,7285,45.53257,8.98860,28081.7,5.1,3.7,132.6,-56.5,-1.0,-1.0,RS41-SG,404.900,8.2,250,10,2.5,,
2026-09-29T00:35:54.004Z,Y1152195,7286,45.53255,8.98863,28087.5,6.5,4.0,130.9,-56.5,-1.0,-1.0,RS41-SG,404.900,7.8,250,10,2.5,,
2026-09-29T00:35:55.004Z,Y1152195,7287,45.53253,8.98868,28094.1,6.7,4.6,120.0,-56.5,-1.0,-1.0,RS41-SG,404.900,8.1,250,10,2.5,,
2026-09-29T00:35:56.004Z,Y1152195,7288,45.53251,8.98873,28100.1,5.3,5.2,109.4,-56.5,-1.0,-1.0,RS41-SG,404.900,8.5,250,10,2.5,,
2026-09-29T00:35:57.004Z,Y1152195,7289,45.53250,8.98880,28105.6,5.6,5.3,96.8,-56.5,-1.0,-1.0,RS41-SG,404.900,8.9,250,10,2.6,,
2026-09-29T00:35:58.004Z,Y1152195,7290,45.53250,8.98886,28111.8,6.8,5.0,84.6,-56.6,-1.0,-1.0,RS41-SG,404.900,8.9,250,10,2.6,,
2026-09-29T00:35:59.004Z,Y1152195,7291,45.53251,8.98892,28118.1,5.9,4.5,74.2,-56.6,-1.0,-1.0,RS41-SG,404.900,8.6,250,10,2.5,,
2026-09-29T00:36:00.004Z,Y1152195,7292,45.53252,8.98898,28123.8,5.2,4.4,67.5,-56.6,-1.0,-1.0,RS41-SG,404.900,8.6,250,10,2.5,,
2026-09-29T00:36:01.004Z,Y1152195,7293,45.53254,8.98903,28129.5,6.2,5.0,64.6,-56.6,-1.0,-1.0,RS41-SG,404.900,7.7,250,10,2.5,,
2026-09-29T00:36:02.004Z,Y1152195,7294,45.53256,8.98909,28135.9,6.8,6.0,68.8,-56.6,-1.0,-1.0,RS41-SG,404.900,7.9,250,10,2.6,,
2026-09-29T00:36:03.004Z,Y1152195,7295,45.53258,8.98917,28142.2,5.5,6.5,73.0,-56.6,-1.0,-1.0,RS41-SG,404.900,7.9,250,10,2.6,,
2026-09-29T00:36:06.004Z,Y1152195,7298,45.53259,8.98939,28161.5,5.9,4.8,99.3,-56.6,-1.0,-1.0,RS41-SG,404.900,8.2,250,10,2.5,,
2026-09-29T00:36:07.004Z,Y1152195,7299,45.53258,8.98945,28166.9,4.8,4.3,113.1,-56.6,-1.0,-1.0,RS41-SG,404.900,8.2,250,10,2.5,,
2026-09-29T00:36:08.004Z,Y1152195,7300,45.53256,8.98950,28172.3,6.0,4.6,124.2,-56.6,-1.0,-1.0,RS41-SG,404.900,8.0,250,10,2.6,,
2026-09-29T00:36:09.004Z,Y1152195,7301,45.53254,8.98955,28178.9,7.0,5.6,125.2,-56.6,-1.0,-1.0,RS41-SG,404.900,8.0,250,10,2.6,,
2026-09-29T00:36:19.004Z,Y1152195,7311,45.53227,8.99012,28239.3,5.7,5.8,115.4,-56.3,-1.0,-1.0,RS41-SG,404.900,8.4,250,10,2.6,,
2026-09-29T00:36:20.004Z,Y1152195,7312,45.53225,8.99018,28245.5,6.7,5.1,123.6,-56.2,-1.0,-1.0,RS41-SG,404.900,8.5,250,10,2.6,,
2026-09-29T00:36:21.004Z,Y1152195,7313,45.53222,8.99022,28252.1,6.3,4.2,138.1,-56.2,-1.0,-1.0,RS41-SG,404.900,8.8,250,10,2.5,,
2026-09-29T00:36:22.004Z,Y1152195,7314,45.53219,8.99025,28257.6,4.6,3.8,153.7,-56.2,-1.0,-1.0,RS41-SG,404.900,8.8,250,10,2.5,,
2026-09-29T00:36:23.004Z,Y1152195,7315,45.53216,8.99027,28262.1,4.6,3.5,161.0,-56.1,-1.0,-1.0,RS41-SG,404.900,9.2,250,10,2.5,,
2026-09-29T00:36:24.004Z,Y1152195,7316,45.53213,8.99029,28267.7,6.4,3.3,151.8,-56.1,-1.0,-1.0,RS41-SG,404.900,9.2,250,10,2.6,,
2026-09-29T00:36:25.004Z,Y1152195,7317,45.53211,8.99031,28274.4,7.1,3.4,129.6,-56.1,-1.0,-1.0,RS41-SG,404.900,8.7,250,10,2.6,,
2026-09-29T00:36:26.004Z,Y1152195,7318,45.53209,8.99035,28280.6,5.4,4.1,113.8,-56.1,-1.0,-1.0,RS41-SG,404.900,8.7,250,10,2.5,,
2026-09-29T00:36:27.004Z,Y1152195,7319,45.53208,8.99041,28285.5,4.6,4.6,104.7,-56.1,-1.0,-1.0,RS41-SG,404.900,8.4,250,10,2.5,,
2026-09-29T00:36:28.004Z,Y1152195,7320,45.53207,8.99046,28290.6,5.6,4.5,99.9,-56.1,-1.0,-1.0,RS41-SG,404.900,9.1,250,10,2.5,,
2026-09-29T00:36:29.004Z,Y1152195,7321,45.53206,8.99052,28297.0,7.1,3.9,103.3,-56.1,-1.0,-1.0,RS41-SG,404.900,9.1,250,10,2.5,,
2026-09-29T00:36:30.004Z,Y1152195,7322,45.53205,8.99056,28303.7,6.5,2.9,112.1,-56.0,-1.0,-1.0,RS41-SG,404.900,8.2,250,10,2.6,,
2026-09-29T00:36:31.004Z,Y1152195,7323,45.53204,8.99059,28309.8,5.6,2.0,120.0,-56.0,-1.0,-1.0,RS41-SG,404.900,8.4,250,10,2.6,,
2026-09-29T00:36:33.004Z,Y1152195,7325,45.53203,8.99062,28321.3,6.6,1.4,99.3,-56.0,-1.0,-1.0,RS41-SG,404.900,6.9,250,10,2.5,,
2026-09-29T00:36:35.004Z,Y1152195,7327,45.53203,8.99067,28334.2,5.7,2.5,82.1,-56.0,-1.0,-1.0,RS41-SG,404.900,6.9,250,10,2.6,,
2026-09-29T00:36:40.004Z,Y1152195,7332,45.53199,8.99079,28364.1,6.4,2.4,144.5,-56.1,-1.0,-1.0,RS41-SG,404.900,7.9,250,10,2.5,,
2026-09-29T00:36:41.004Z,Y1152195,7333,45.53197,8.99081,28370.7,6.7,2.4,118.2,-56.1,-1.0,-1.0,RS41-SG,404.900,8.0,250,10,2.6,,
2026-09-29T00:36:42.004Z,Y1152195,7334,45.53197,8.99084,28376.5,5.0,2.7,93.3,-56.2,-1.0,-1.0,RS41-SG,404.900,8.6,250,10,2.6,,
2026-09-29T00:36:43.004Z,Y1152195,7335,45.53197,8.99088,28381.6,5.4,2.9,70.0,-56.2,-1.0,-1.0,RS41-SG,404.900,9.3,250,10,2.5,,
2026-09-29T00:36:44.004Z,Y1152195,7336,45.53198,8.99091,28387.7,6.7,2.6,47.2,-56.2,-1.0,-1.0,RS41-SG,404.900,9.3,250,10,2.5,,
2026-09-29T00:36:45.004Z,Y1152195,7337,45.53200,8.99092,28394.0,6.0,2.2,19.1,-56.3,-1.0,-1.0,RS41-SG,404.900,9.0,250,10,2.5,,
2026-09-29T00:36:46.004Z,Y1152195,7338,45.53202,8.99093,28399.7,5.2,2.3,0.0,-56.3,-1.0,-1.0,RS41-SG,404.900,9.0,250,10,2.6,,
2026-09-29T00:36:47.004Z,Y1152195,7339,45.53204,8.99093,28405.3,6.0,2.7,357.0,-56.3,-1.0,-1.0,RS41-SG,404.900,8.7,250,10,2.6,,
2026-09-29T00:36:48.004Z,Y1152195,7340,45.53207,8.99093,28411.4,6.3,3.2,7.0,-56.3,-1.0,-1.0,RS41-SG,404.900,8.7,250,10,2.5,,
2026-09-29T00:36:49.004Z,Y1152195,7341,45.53210,8.99094,28417.1,5.0,3.4,16.8,-56.4,-1.0,-1.0,RS41-SG,404.900,8.5,250,10,2.5,,
2026-09-29T00:36:50.004Z,Y1152195,7342,45.53212,8.99095,28421.8,4.3,3.4,23.3,-56.4,-1.0,-1.0,RS41-SG,404.900,8.5,250,10,2.5,,
2026-09-29T00:36:51.004Z,Y1152195,7343,45.53215,8.99097,28426.8,5.8,2.7,25.4,-56.4,-1.0,-1.0,RS41-SG,404.900,8.3,250,10,2.5,,
2026-09-29T00:36:52.004Z,Y1152195,7344,45.53217,8.99098,28433.2,7.0,1.6,23.7,-56.4,-1.0,-1.0,RS41-SG,404.900,8.3,250,10,2.6,,
2026-09-29T00:36:53.004Z,Y1152195,7345,45.53218,8.99098,28439.8,6.2,0.5,18.5,-56.4,-1.0,-1.0,RS41-SG,404.900,7.3,250,10,2.6,,
2026-09-29T00:36:55.004Z,Y1152195,7347,45.53217,8.99099,28451.5,5.7,1.5,136.9,-56.3,-1.0,-1.0,RS41-SG,404.900,7.7,250,10,2.5,,
2026-09-29T00:36:56.004Z,Y1152195,7348,45.53216,8.99102,28457.8,6.7,2.8,118.4,-56.3,-1.0,-1.0,RS41-SG,404.900,7.7,250,10,2.5,,
2026-09-29T00:36:57.004Z,Y1152195,7349,45.53215,8.99106,28463.8,5.5,3.9,109.3,-56.3,-1.0,-1.0,RS41-SG,404.900,7.3,250,10,2.6,,
2026-09-29T00:36:58.004Z,Y1152195,7350,45.53213,8.99111,28468.9,4.6,4.9,107.6,-56.2,-1.0,-1.0,RS41-SG,404.900,8.5,250,10,2.6,,
2026-09-29T00:36:59.004Z,Y1152195,7351,45.53212,8.99117,28474.1,5.7,5.2,110.5,-56.2,-1.0,-1.0,RS41-SG,404.900,8.5,250,10,2.5,,
2026-09-29T00:37:00.004Z,Y1152195,7352,45.53210,8.99123,28480.3,6.8,4.7,120.1,-56.1,-1.0,-1.0,RS41-SG,404.900,9.5,250,10,2.5,,
2026-09-29T00:37:01.004Z,Y1152195,7353,45.53208,8.99127,28486.5,5.6,4.0,133.6,-56.0,-1.0,-1.0,RS41-SG,404.900,9.5,250,10,2.5,,
2026-09-29T00:37:02.004Z,Y1152195,7354,45.53205,8.99130,28492.1,5.5,3.2,138.7,-55.9,-1.0,-1.0,RS41-SG,404.900,9.3,250,10,2.5,,
2026-09-29T00:37:03.004Z,Y1152195,7355,45.53204,8.99133,28498.0,6.4,2.3,132.5,-55.8,-1.0,-1.0,RS41-SG,404.900,9.0,250,10,2.6,,
2026-09-29T00:37:04.004Z,Y1152195,7356,45.53203,8.99135,28504.5,6.6,1.9,96.4,-55.7,-1.0,-1.0,RS41-SG,404.900,8.7,250,10,2.6,,
2026-09-29T00:37:05.004Z,Y1152195,7357,45.53203,8.99138,28510.5,5.2,2.5,73.5,-55.7,-1.0,-1.0,RS41-SG,404.900,8.8,250,10,2.5,,
2026-09-29T00:37:06.004Z,Y1152195,7358,45.53204,8.99141,28515.7,5.3,3.3,74.4,-55.6,0.7,-1.0,RS41-SG,404.900,8.8,250,10,2.5,,
2026-09-29T00:37:07.004Z,Y1152195,7359,45.53204,8.99146,28521.6,6.6,4.0,90.3,-55.6,0.7,-1.0,RS41-SG,404.900,8.5,250,10,2.5,,
2026-09-29T00:37:08.004Z,Y1152195,7360,45.53203,8.99151,28528.2,6.6,4.8,108.6,-55.5,0.7,-1.0,RS41-SG,404.900,8.5,250,10,2.6,,
2026-09-29T00:37:09.004Z,Y1152195,7361,45.53201,8.99158,28534.2,5.4,5.9,119.3,-55.5,0.7,-1.0,RS41-SG,404.900,8.2,250,10,2.6,,
2026-09-29T00:37:10.004Z,Y1152195,7362,45.53198,8.99165,28539.1,4.5,7.2,122.7,-55.4,0.7,-1.0,RS41-SG,404.900,8.2,250,10,2.5,,
2026-09-29T00:37:11.004Z,Y1152195,7363,45.53195,8.99173,28543.9,5.0,8.6,119.9,-55.4,0.7,-1.0,RS41-SG,404.900,7.9,250,10,2.5,,
2026-09-29T00:37:12.004Z,Y1152195,7364,45.53191,8.99184,28549.5,6.4,9.6,113.1,-55.3,0.7,-1.0,RS41-SG,404.900,8.9,250,10,2.5,,
2026-09-29T00:37:13.004Z,Y1152195,7365,45.53188,8.99195,28555.7,5.9,9.9,107.7,-55.2,0.7,-1.0,RS41-SG,404.900,9.4,250,10,2.5,,
2026-09-29T00:37:14.004Z,Y1152195,7366,45.53186,8.99207,28561.4,5.7,9.5,103.6,-55.0,0.7,-1.0,RS41-SG,404.900,9.4,250,10,2.6,,
2026-09-29T00:37:15.004Z,Y1152195,7367,45.53184,8.99218,28567.3,6.2,8.4,104.2,-54.9,0.7,-1.0,RS41-SG,404.900,9.1,250,10,2.6,,
2026-09-29T00:37:16.004Z,Y1152195,7368,45.53182,8.99228,28573.9,7.1,6.9,111.7,-54.8,0.7,-1.0,RS41-SG,404.900,9.1,250,10,2.5,,
2026-09-29T00:37:17.004Z,Y1152195,7369,45.53179,8.99235,28580.1,5.2,5.9,121.7,-54.7,0.7,-1.0,RS41-SG,404.900,9.1,250,10,2.5,,
2026-09-29T00:37:18.004Z,Y1152195,7370,45.53176,8.99241,28585.0,4.4,5.3,133.7,-54.6,0.7,-1.0,RS41-SG,404.900,9.1,250,10,2.5,,
2026-09-29T00:37:19.004Z,Y1152195,7371,45.53173,8.99245,28590.1,5.8,5.0,138.6,-54.6,0.7,-1.0,RS41-SG,404.900,9.0,250,10,2.6,,
2026-09-29T00:37:20.004Z,Y1152195,7372,45.53170,8.99250,28596.4,6.9,5.1,131.7,-54.5,0.7,-1.0,RS41-SG,404.900,8.6,250,10,2.6,,
2026-09-29T00:37:21.004Z,Y1152195,7373,45.53167,8.99255,28602.6,5.4,5.6,124.6,-54.5,0.7,-1.0,RS41-SG,404.900,8.1,250,10,2.5,,
2026-09-29T00:37:22.004Z,Y1152195,7374,45.53164,8.99262,28608.2,5.8,6.6,120.4,-54.4,0.7,-1.0,RS41-SG,404.900,8.5,250,10,2.5,,
2026-09-29T00:37:23.004Z,Y1152195,7375,45.53160,8.99270,28614.2,6.4,8.0,123.5,-54.4,0.7,-1.0,RS41-SG,404.900,8.5,250,9,2.5,,
2026-09-29T00:37:24.004Z,Y1152195,7376,45.53156,8.99279,28620.5,6.1,9.1,128.1,-54.4,0.7,-1.0,RS41-SG,404.900,9.2,250,10,2.5,,
2026-09-29T00:37:25.004Z,Y1152195,7377,45.53150,8.99288,28625.8,4.4,9.8,130.2,-54.3,0.7,-1.0,RS41-SG,404.900,9.2,250,10,2.6,,
2026-09-29T00:37:26.004Z,Y1152195,7378,45.53145,8.99298,28630.6,5.2,10.2,129.0,-54.3,0.7,-1.0,RS41-SG,404.900,8.5,250,10,2.6,,
2026-09-29T00:37:27.004Z,Y1152195,7379,45.53139,8.99308,28636.5,6.5,10.2,124.4,-54.2,0.7,-1.0,RS41-SG,404.900,8.5,250,10,2.5,,
2026-09-29T00:37:28.004Z,Y1152195,7380,45.53134,8.99319,28642.9,6.1,9.9,119.1,-54.2,0.7,-1.0,RS41-SG,404.900,7.7,250,10,2.5,,
2026-09-29T00:37:29.004Z,Y1152195,7381,45.53130,8.99330,28648.8,5.7,9.3,116.2,-54.2,0.7,-1.0,RS41-SG,404.900,8.8,250,10,2.5,,
2026-09-29T00:37:30.004Z,Y1152195,7382,45.53127,8.99340,28654.8,6.4,8.3,118.6,-54.2,0.6,-1.0,RS41-SG,404.900,8.8,250,10,2.6,,
2026-09-29T00:37:31.004Z,Y1152195,7383,45.53123,8.99348,28661.6,7.1,7.5,129.8,-54.1,0.7,-1.0,RS41-SG,404.900,8.9,250,10,2.6,,
2026-09-29T00:37:32.004Z,Y1152195,7384,45.53118,8.99355,28667.9,5.4,7.4,140.5,-54.1,0.7,-1.0,RS41-SG,404.900,8.9,250,10,2.5,,
2026-09-29T00:37:33.004Z,Y1152195,7385,45.53113,8.99360,28672.9,4.7,7.6,148.2,-54.1,0.7,-1.0,RS41-SG,404.900,9.0,250,10,2.5,,
2026-09-29T00:37:34.004Z,Y1152195,7386,45.53107,8.99366,28678.0,5.4,8.1,150.5,-54.1,0.6,-1.0,RS41-SG,404.900,9.0,250,10,2.5,,
2026-09-29T00:37:35.004Z,Y1152195,7387,45.53100,8.99371,28683.9,6.5,8.5,144.7,-54.0,0.7,-1.0,RS41-SG,404.900,8.4,250,10,2.5,,
2026-09-29T00:37:36.004Z,Y1152195,7388,45.53094,8.99378,28690.2,6.1,9.1,138.5,-54.0,0.7,-1.0,RS41-SG,404.900,8.4,250,10,2.6,,
2026-09-29T00:37:37.004Z,Y1152195,7389,45.53088,8.99387,28695.8,4.9,10.2,134.6,-54.1,0.7,-1.0,RS41-SG,404.900,9.1,250,10,2.6,,
2026-09-29T00:37:38.004Z,Y1152195,7390,45.53081,8.99397,28701.0,5.4,11.8,134.4,-54.0,0.7,-1.0,RS41-SG,404.900,9.1,250,10,2.5,,
2026-09-29T00:37:39.004Z,Y1152195,7391,45.53073,8.99408,28706.9,6.4,13.2,137.2,-54.0,0.7,-1.0,RS41-SG,404.900,9.1,250,10,2.5,,
2026-09-29T00:37:40.004Z,Y1152195,7392,45.53064,8.99419,28712.9,5.6,14.1,140.6,-53.9,0.7,-1.0,RS41-SG,404.900,9.0,250,10,2.5,,
2026-09-29T00:37:41.004Z,Y1152195,7393,45.53054,8.99430,28718.3,5.1,14.0,143.1,-53.9,0.7,-1.0,RS41-SG,404.900,9.0,250,10,2.6,,
2026-09-29T00:37:42.004Z,Y1152195,7394,45.53044,8.99441,28723.7,5.5,13.1,143.9,-53.8,0.7,-1.0,RS41-SG,404.900,8.3,250,10,2.6,,
2026-09-29T00:37:43.004Z,Y1152195,7395,45.53035,8.99450,28729.8,6.7,11.3,142.0,-53.7,0.6,-1.0,RS41-SG,404.900,8.8,250,10,2.5,,
2026-09-29T00:37:44.004Z,Y1152195,7396,45.53028,8.99459,28736.3,6.3,9.6,137.9,-53.6,0.6,-1.0,RS41-SG,404.900,8.8,250,10,2.5,,
2026-09-29T00:37:45.004Z,Y1152195,7397,45.53022,8.99466,28741.8,4.6,8.4,135.4,-53.6,0.6,-1.0,RS41-SG,404.900,8.2,250,10,2.5,,
2026-09-29T00:37:46.004Z,Y1152195,7398,45.53017,8.99473,28747.0,5.8,7.3,137.5,-53.5,0.6,-1.0,RS41-SG,404.900,8.0,250,10,2.5,,
2026-09-29T00:37:47.004Z,Y1152195,7399,45.53012,8.99479,28753.5,7.1,7.1,147.6,-53.5,0.6,-1.0,RS41-SG,404.900,7.9,250,9,2.6,,
2026-09-29T00:37:48.004Z,Y1152195,7400,45.53006,8.99483,28760.0,5.8,7.7,155.7,-53.5,0.6,-1.0,RS41-SG,404.900,8.3,250,10,2.6,,
2026-09-29T00:37:49.004Z,Y1152195,7401,45.53000,8.99487,28765.5,5.1,8.7,159.1,-53.4,0.7,-1.0,RS41-SG,404.900,8.3,250,10,2.5,,
2026-09-29T00:37:50.004Z,Y1152195,7402,45.52992,8.99492,28771.1,6.1,9.7,157.5,-53.4,0.7,-1.0,RS41-SG,404.900,8.2,250,10,2.5,,
2026-09-29T00:37:51.004Z,Y1152195,7403,45.52984,8.99497,28777.4,6.6,10.2,152.9,-53.4,0.7,-1.0,RS41-SG,404.900,8.9,250,10,2.5,,
2026-09-29T00:37:52.004Z,Y1152195,7404,45.52976,8.99503,28783.4,5.3,10.5,149.7,-53.3,0.7,-1.0,RS41-SG,404.900,8.9,250,10,2.6,,
2026-09-29T00:37:53.004Z,Y1152195,7405,45.52968,8.99510,28789.0,5.9,10.9,149.2,-53.2,0.6,-1.0,RS41-SG,404.900,9.4,250,10,2.6,,
2026-09-29T00:37:54.004Z,Y1152195,7406,45.52959,8.99517,28795.4,6.8,11.1,152.5,-53.1,0.6,-1.0,RS41-SG,404.900,9.4,250,10,2.5,,
2026-09-29T00:37:55.004Z,Y1152195,7407,45.52950,8.99523,28801.6,5.6,11.2,156.8,-53.1,0.6,-1.0,RS41-SG,404.900,9.4,250,10,2.5,,
2026-09-29T00:37:56.004Z,Y1152195,7408,45.52941,8.99528,28806.6,4.4,10.7,161.0,-53.0,0.6,-1.0,RS41-SG,404.900,8.7,250,10,2.5,,
2026-09-29T00:37:57.004Z,Y1152195,7409,45.52932,8.99532,28811.7,5.6,9.4,164.5,-53.0,0.6,-1.0,RS41-SG,404.900,8.7,250,10,2.5,,
2026-09-29T00:37:58.004Z,Y1152195,7410,45.52925,8.99534,28817.9,6.7,7.5,166.7,-52.9,0.6,-1.0,RS41-SG,404.900,8.5,250,10,2.6,,
2026-09-29T00:37:59.004Z,Y1152195,7411,45.52919,8.99537,28823.8,5.1,6.2,165.2,-52.9,0.6,-1.0,RS41-SG,404.900,9.2,250,10,2.6,,
2026-09-29T00:38:00.004Z,Y1152195,7412,45.52914,8.99539,28829.1,5.5,5.6,164.0,-52.9,0.6,-1.0,RS41-SG,404.900,9.2,250,10,2.5,,
2026-09-29T00:38:01.004Z,Y1152195,7413,45.52909,8.99540,28835.2,6.8,5.9,166.0,-52.9,0.6,-1.0,RS41-SG,404.900,9.1,250,10,2.5,,
2026-09-29T00:38:02.004Z,Y1152195,7414,45.52903,8.99542,28841.9,6.6,7.0,168.5,-52.9,0.6,-1.0,RS41-SG,404.900,8.5,250,10,2.5,,
2026-09-29T00:38:03.004Z,Y1152195,7415,45.52896,8.99544,28847.6,4.8,8.2,169.5,-53.0,0.6,-1.0,RS41-SG,404.900,8.5,250,10,2.6,,
2026-09-29T00:38:04.004Z,Y1152195,7416,45.52889,8.99546,28852.5,5.0,9.1,168.4,-53.0,0.6,-1.0,RS41-SG,404.900,8.0,250,10,2.6,,
2026-09-29T00:38:05.004Z,Y1152195,7417,45.52881,8.99549,28858.2,6.2,9.4,165.5,-53.0,0.6,-1.0,RS41-SG,404.900,8.0,250,10,2.5,,
2026-09-29T00:38:06.004Z,Y1152195,7418,45.52873,8.99552,28864.4,6.1,9.1,161.8,-53.0,0.6,-1.0,RS41-SG,404.900,8.6,250,10,2.5,,
2026-09-29T00:38:07.004Z,Y1152195,7419,45.52865,8.99556,28869.7,4.8,8.9,161.0,-53.1,0.6,-1.0,RS41-SG,404.900,8.6,250,10,2.5,,
2026-09-29T00:38:08.004Z,Y1152195,7420,45.52857,8.99559,28874.9,5.7,8.8,165.2,-53.1,0.6,-1.0,RS41-SG,404.900,9.1,250,10,2.5,,
2026-09-29T00:38:09.004Z,Y1152195,7421,45.52850,8.99561,28881.1,6.7,9.0,173.3,-53.1,0.6,-1.0,RS41-SG,404.900,9.1,250,10,2.6,,
2026-09-29T00:38:10.004Z,Y1152195,7422,45.52841,8.99562,28887.4,5.7,9.7,181.2,-53.2,0.6,-1.0,RS41-SG,404.900,9.0,250,10,2.6,,
2026-09-29T00:38:11.004Z,Y1152195,7423,45.52833,8.99561,28892.7,5.0,9.8,186.0,-53.2,0.6,-1.0,RS41-SG,404.900,8.6,250,10,2.5,,
2026-09-29T00:38:12.004Z,Y1152195,7424,45.52824,8.99559,28898.3,6.0,9.5,188.1,-53.2,0.7,-1.0,RS41-SG,404.900,8.6,250,10,2.5,,
2026-09-29T00:38:13.004Z,Y1152195,7425,45.52816,8.99558,28904.6,6.7,8.6,187.1,-53.3,0.7,-1.0,RS41-SG,404.900,8.6,250,10,2.5,,
2026-09-29T00:38:14.004Z,Y1152195,7426,45.52809,8.99557,28910.5,5.0,7.9,184.0,-53.3,0.7,-1.0,RS41-SG,404.900,9.0,250,10,2.6,,
2026-09-29T00:38:15.004Z,Y1152195,7427,45.52802,8.99556,28915.8,5.7,7.5,180.9,-53.3,0.6,-1.0,RS41-SG,404.900,9.3,250,10,2.6,,
2026-09-29T00:38:16.004Z,Y1152195,7428,45.52795,8.99556,28922.0,6.8,8.2,179.5,-53.3,0.7,-1.0,RS41-SG,404.900,9.3,250,10,2.5,,
2026-09-29T00:38:17.004Z,Y1152195,7429,45.52787,8.99556,28928.3,5.8,9.1,180.3,-53.4,0.7,-1.0,RS41-SG,404.900,8.8,250,10,2.5,,
2026-09-29T00:38:18.004Z,Y1152195,7430,45.52779,8.99556,28933.6,4.8,9.9,181.2,-53.4,0.7,-1.0,RS41-SG,404.900,8.8,250,10,2.5,,
2026-09-29T00:38:19.004Z,Y1152195,7431,45.52769,8.99556,28938.9,5.8,10.3,182.0,-53.4,0.7,-1.0,RS41-SG,404.900,8.7,250,10,2.5,,
2026-09-29T00:38:20.004Z,Y1152195,7432,45.52760,8.99555,28945.1,6.6,9.9,182.7,-53.5,0.7,-1.0,RS41-SG,404.900,8.9,250,10,2.6,,
2026-09-29T00:38:21.004Z,Y1152195,7433,45.52752,8.99555,28951.1,5.1,9.4,182.9,-53.5,0.7,-1.0,RS41-SG,404.900,8.9,250,10,2.6,,
2026-09-29T00:38:22.004Z,Y1152195,7434,45.52744,8.99554,28956.4,5.5,9.2,184.3,-53.5,0.7,-1.0,RS41-SG,404.900,9.2,250,10,2.5,,
2026-09-29T00:38:23.004Z,Y1152195,7435,45.52735,8.99553,28962.4,6.5,9.8,186.2,-53.5,0.7,-1.0,RS41-SG,404.900,9.2,250,10,2.5,,
2026-09-29T00:38:24.004Z,Y1152195,7436,45.52726,8.99551,28968.8,6.1,10.6,188.5,-53.6,0.7,-1.0,RS41-SG,404.900,8.2,250,10,2.5,,
2026-09-29T00:38:25.004Z,Y1152195,7437,45.52716,8.99549,28974.3,4.9,10.9,190.7,-53.6,0.7,-1.0,RS41-SG,404.900,8.8,250,10,2.6,,
2026-09-29T00:38:27.004Z,Y1152195,7439,45.52699,8.99542,28985.7,6.6,9.1,199.1,-53.7,0.7,-1.0,RS41-SG,404.900,7.9,250,10,2.5,,
2026-09-29T00:38:28.004Z,Y1152195,7440,45.52692,8.99539,28992.2,6.4,7.5,204.7,-53.6,0.7,-1.0,RS41-SG,404.900,8.5,250,10,2.5,,
2026-09-29T00:38:29.004Z,Y1152195,7441,45.52686,8.99535,28997.9,5.0,6.5,207.3,-53.6,0.7,-1.0,RS41-SG,404.900,8.5,250,10,2.5,,
2026-09-29T00:38:30.004Z,Y1152195,7442,45.52681,8.99531,29003.2,5.5,5.9,206.6,-53.6,0.7,-1.0,RS41-SG,404.900,8.6,250,10,2.5,,
2026-09-29T00:38:31.004Z,Y1152195,7443,45.52676,8.99528,29009.3,6.6,6.2,200.1,-53.5,0.7,-1.0,RS41-SG,404.900,9.2,250,10,2.6,,
2026-09-29T00:38:32.004Z,Y1152195,7444,45.52671,8.99526,29015.5,5.9,7.1,193.4,-53.5,0.7,-1.0,RS41-SG,404.900,9.2,250,10,2.6,,
2026-09-29T00:38:33.004Z,Y1152195,7445,45.52664,8.99524,29020.9,4.8,7.9,189.0,-53.5,0.7,-1.0,RS41-SG,404.900,8.6,250,10,2.5,,
2026-09-29T00:38:34.004Z,Y1152195,7446,45.52657,8.99522,29025.9,5.1,8.2,186.4,-53.5,0.7,-1.0,RS41-SG,404.900,8.5,250,10,2.5,,
2026-09-29T00:38:35.004Z,Y1152195,7447,45.52650,8.99521,29031.6,6.1,7.5,186.1,-53.5,0.6,-1.0,RS41-SG,404.900,8.5,250,10,2.5,,
2026-09-29T00:38:37.004Z,Y1152195,7449,45.52639,8.99519,29044.2,6.4,5.0,191.7,-53.5,0.7,-1.0,RS41-SG,404.900,7.1,250,10,2.6,,
2026-09-29T00:38:38.004Z,Y1152195,7450,45.52635,8.99517,29050.0,5.1,4.6,200.7,-53.5,0.7,-1.0,RS41-SG,404.900,7.9,250,10,2.5,,
2026-09-29T00:38:39.004Z,Y1152195,7451,45.52631,8.99515,29055.0,4.9,4.8,209.8,-53.5,0.7,-1.0,RS41-SG,404.900,8.8,250,10,2.5,,
2026-09-29T00:38:40.004Z,Y1152195,7452,45.52627,8.99511,29060.4,5.8,5.7,214.9,-53.5,0.7,-1.0,RS41-SG,404.900,8.8,250,10,2.5,,
2026-09-29T00:38:41.004Z,Y1152195,7453,45.52622,8.99507,29066.6,6.6,7.2,215.4,-53.6,0.7,-1.0,RS41-SG,404.900,9.4,250,10,2.5,,
2026-09-29T00:38:42.004Z,Y1152195,7454,45.52617,8.99501,29072.8,5.9,8.1,213.5,-53.6,0.7,-1.0,RS41-SG,404.900,9.9,250,10,2.6,,
2026-09-29T00:38:43.004Z,Y1152195,7455,45.52611,8.99495,29077.9,4.4,8.4,212.8,-53.6,0.7,-1.0,RS41-SG,404.900,9.9,250,10,2.6,,
2026-09-29T00:38:45.004Z,Y1152195,7457,45.52599,8.99484,29088.5,6.4,6.2,220.0,-53.6,0.7,-1.0,RS41-SG,404.900,8.9,250,10,2.5,,
2026-09-29T00:38:46.004Z,Y1152195,7458,45.52596,8.99480,29095.0,6.6,4.1,231.4,-53.6,0.7,-1.0,RS41-SG,404.900,8.9,250,10,2.5,,
2026-09-29T00:38:47.004Z,Y1152195,7459,45.52595,8.99476,29100.8,5.1,2.5,247.3,-53.6,0.7,-1.0,RS41-SG,404.900,8.4,250,10,2.6,,
2026-09-29T00:38:48.004Z,Y1152195,7460,45.52594,8.99474,29105.5,4.4,1.3,264.5,-53.6,0.7,-1.0,RS41-SG,404.900,7.5,250,9,2.6,,
2026-09-29T00:38:49.004Z,Y1152195,7461,45.52594,8.99473,29110.3,5.0,0.3,210.0,-53.6,0.7,-1.0,RS41-SG,404.900,8.4,250,10,2.5,,
2026-09-29T00:38:50.004Z,Y1152195,7462,45.52593,8.99473,29115.9,6.2,1.6,158.7,-53.6,0.7,-1.0,RS41-SG,404.900,8.4,250,9,2.5,,
2026-09-29T00:38:51.004Z,Y1152195,7463,45.52591,8.99474,29122.5,6.9,3.6,166.0,-53.7,0.7,-1.0,RS41-SG,404.900,8.4,250,10,2.5,,
2026-09-29T00:38:52.004Z,Y1152195,7464,45.52587,8.99475,29129.0,6.1,5.5,172.0,-53.7,0.7,-1.0,RS41-SG,404.900,8.3,250,10,2.5,,
2026-09-29T00:38:53.004Z,Y1152195,7465,45.52582,8.99476,29134.3,4.5,6.8,176.8,-53.7,0.7,-1.0,RS41-SG,404.900,9.3,250,10,2.6,,
2026-09-29T00:38:54.004Z,Y1152195,7466,45.52575,8.99476,29139.0,4.6,7.3,184.7,-53.7,0.7,-1.0,RS41-SG,404.900,9.6,250,10,2.6,,
2026-09-29T00:38:55.004Z,Y1152195,7467,45.52569,8.99474,29144.3,5.9,6.9,196.1,-53.7,0.7,-1.0,RS41-SG,404.900,9.6,250,10,2.5,,
2026-09-29T00:38:56.004Z,Y1152195,7468,45.52564,8.99471,29150.7,6.8,6.0,213.6,-53.7,0.7,-1.0,RS41-SG,404.900,8.4,250,10,2.5,,
2026-09-29T00:38:57.004Z,Y1152195,7469,45.52560,8.99466,29156.5,4.9,5.4,228.7,-53.7,0.7,-1.0,RS41-SG,404.900,9.8,250,10,2.5,,
2026-09-29T00:38:58.004Z,Y1152195,7470,45.52558,8.99461,29161.3,4.6,4.6,241.5,-53.7,0.7,-1.0,RS41-SG,404.900,9.8,250,10,2.6,,
2026-09-29T00:38:59.004Z,Y1152195,7471,45.52556,8.99457,29166.8,6.2,3.7,244.4,-53.6,0.7,-1.0,RS41-SG,404.900,9.4,250,10,2.6,,
2026-09-29T00:39:00.004Z,Y1152195,7472,45.52554,8.99453,29173.5,7.2,2.8,225.4,-53.5,0.7,-1.0,RS41-SG,404.900,9.0,250,10,2.5,,
2026-09-29T00:39:01.004Z,Y1152195,7473,45.52552,8.99451,29179.7,5.1,2.7,196.6,-53.5,0.7,-1.0,RS41-SG,404.900,9.0,250,9,2.5,,
2026-09-29T00:39:02.004Z,Y1152195,7474,45.52550,8.99451,29184.7,5.0,3.4,168.5,-53.5,0.7,-1.0,RS41-SG,404.900,9.2,250,10,2.5,,
2026-09-29T00:39:03.004Z,Y1152195,7475,45.52546,8.99453,29190.5,6.5,4.2,150.8,-53.4,0.7,-1.0,RS41-SG,404.900,9.2,250,10,2.5,,
2026-09-29T00:39:04.004Z,Y1152195,7476,45.52543,8.99456,29196.6,5.9,4.5,147.4,-53.4,0.6,-1.0,RS41-SG,404.900,9.0,250,10,2.6,,
2026-09-29T00:39:05.004Z,Y1152195,7477,45.52540,8.99459,29202.4,5.5,4.9,148.0,-53.4,0.6,-1.0,RS41-SG,404.900,9.2,250,10,2.6,,
2026-09-29T00:39:06.004Z,Y1152195,7478,45.52535,8.99462,29208.7,7.0,5.8,154.0,-53.4,0.6,-1.0,RS41-SG,404.900,9.2,250,10,2.5,,
2026-09-29T00:39:07.004Z,Y1152195,7479,45.52530,8.99466,29215.6,6.7,7.0,159.6,-53.4,0.6,-1.0,RS41-SG,404.900,9.2,250,10,2.5,,
2026-09-29T00:39:08.004Z,Y1152195,7480,45.52524,8.99468,29221.4,5.1,7.6,165.1,-53.4,0.7,-1.0,RS41-SG,404.900,8.9,250,10,2.5,,
2026-09-29T00:39:09.004Z,Y1152195,7481,45.52517,8.99470,29226.8,5.9,7.4,173.6,-53.3,0.6,-1.0,RS41-SG,404.900,9.3,250,10,2.6,,
2026-09-29T00:39:10.004Z,Y1152195,7482,45.52511,8.99470,29233.2,6.8,6.4,185.9,-53.3,0.7,-1.0,RS41-SG,404.900,9.3,250,10,2.6,,
2026-09-29T00:39:11.004Z,Y1152195,7483,45.52506,8.99469,29239.5,5.6,5.4,198.0,-53.3,0.6,-1.0,RS41-SG,404.900,9.0,250,10,2.5,,
2026-09-29T00:39:12.004Z,Y1152195,7484,45.52502,8.99466,29244.9,5.5,4.3,207.7,-53.2,0.6,-1.0,RS41-SG,404.900,8.1,250,10,2.5,,
2026-09-29T00:39:13.004Z,Y1152195,7485,45.52499,8.99464,29250.9,6.5,3.4,204.0,-53.2,0.7,-1.0,RS41-SG,404.900,8.6,250,10,2.5,,
2026-09-29T00:39:14.004Z,Y1152195,7486,45.52496,8.99463,29257.7,7.0,3.1,179.3,-53.2,0.6,-1.0,RS41-SG,404.900,8.6,250,10,2.5,,
2026-09-29T00:39:15.004Z,Y1152195,7487,45.52493,8.99464,29263.8,5.2,3.6,155.9,-53.1,0.6,-1.0,RS41-SG,404.900,8.1,250,10,2.6,,
2026-09-29T00:39:16.004Z,Y1152195,7488,45.52490,8.99467,29268.9,4.8,4.5,140.6,-53.1,0.6,-1.0,RS41-SG,404.900,9.3,250,10,2.6,,
2026-09-29T00:39:17.004Z,Y1152195,7489,45.52487,8.99471,29274.0,5.4,5.1,131.4,-53.1,0.6,-1.0,RS41-SG,404.900,9.3,250,10,2.5,,
2026-09-29T00:39:18.004Z,Y1152195,7490,45.52484,8.99476,29280.0,6.5,5.2,125.3,-53.1,0.6,-1.0,RS41-SG,404.900,9.3,250,10,2.5,,
2026-09-29T00:39:19.004Z,Y1152195,7491,45.52482,8.99482,29286.1,5.6,5.0,122.4,-53.1,0.6,-1.0,RS41-SG,404.900,8.1,250,10,2.5,,
2026-09-29T00:39:20.004Z,Y1152195,7492,45.52479,8.99487,29291.7,5.7,5.1,127.1,-53.1,0.7,-1.0,RS41-SG,404.900,8.9,250,10,2.6,,
2026-09-29T00:39:21.004Z,Y1152195,7493,45.52476,8.99492,29297.8,6.3,5.7,137.1,-53.1,0.6,-1.0,RS41-SG,404.900,8.9,250,10,2.6,,
2026-09-29T00:39:22.004Z,Y1152195,7494,45.52472,8.99497,29304.3,6.8,6.8,147.6,-53.1,0.6,-1.0,RS41-SG,404.900,8.9,250,10,2.5,,
2026-09-29T00:39:23.004Z,Y1152195,7495,45.52466,8.99501,29310.5,5.5,7.8,154.4,-53.2,0.7,-1.0,RS41-SG,404.900,9.1,250,10,2.5,,
2026-09-29T00:39:24.004Z,Y1152195,7496,45.52459,8.99505,29315.9,5.1,8.2,162.2,-53.2,0.7,-1.0,RS41-SG,404.900,9.1,250,10,2.5,,
2026-09-29T00:39:25.004Z,Y1152195,7497,45.52452,8.99507,29321.5,6.3,7.7,171.2,-53.2,0.6,-1.0,RS41-SG,404.900,9.2,250,10,2.5,,
2026-09-29T00:39:26.004Z,Y1152195,7498,45.52446,8.99508,29328.0,6.7,6.4,181.7,-53.2,0.6,-1.0,RS41-SG,404.900,9.2,250,10,2.6,,
2026-09-29T00:39:27.004Z,Y1152195,7499,45.52441,8.99507,29333.9,5.1,5.4,190.6,-53.2,0.6,-1.0,RS41-SG,404.900,9.0,250,10,2.6,,
2026-09-29T00:39:28.004Z,Y1152195,7500,45.52437,8.99506,29339.2,5.3,4.5,197.3,-53.2,0.6,-1.0,RS41-SG,404.900,8.4,250,10,2.5,,
2026-09-29T00:39:29.004Z,Y1152195,7501,45.52433,8.99504,29345.4,6.9,4.1,191.5,-53.3,0.7,-1.0,RS41-SG,404.900,8.7,250,10,2.5,,
2026-09-29T00:39:30.004Z,Y1152195,7502,45.52429,8.99504,29352.5,6.9,4.4,174.8,-53.3,0.7,-1.0,RS41-SG,404.900,8.9,250,10,2.5,,
2026-09-29T00:39:31.004Z,Y1152195,7503,45.52425,8.99506,29358.7,5.4,5.0,158.1,-53.3,0.7,-1.0,RS41-SG,404.900,8.9,250,10,2.6,,
2026-09-29T00:39:32.004Z,Y1152195,7504,45.52421,8.99509,29364.3,5.8,5.8,139.8,-53.4,0.6,-1.0,RS41-SG,404.900,8.3,250,10,2.6,,
2026-09-29T00:39:33.004Z,Y1152195,7505,45.52417,8.99515,29370.4,6.4,6.5,125.7,-53.4,0.7,-1.0,RS41-SG,404.900,8.4,250,10,2.5,,
2026-09-29T00:39:34.004Z,Y1152195,7506,45.52414,8.99522,29376.4,5.3,7.1,115.6,-53.4,0.7,-1.0,RS41-SG,404.900,8.6,250,10,2.5,,
2026-09-29T00:39:35.004Z,Y1152195,7507,45.52412,8.99531,29381.5,4.8,7.7,110.6,-53.5,0.7,-1.0,RS41-SG,404.900,8.6,250,10,2.5,,
2026-09-29T00:39:36.004Z,Y1152195,7508,45.52409,8.99541,29386.5,5.3,8.7,111.1,-53.5,0.7,-1.0,RS41-SG,404.900,8.6,250,10,2.5,,
2026-09-29T00:39:37.004Z,Y1152195,7509,45.52406,8.99552,29392.4,6.4,9.7,117.0,-53.5,0.7,-1.0,RS41-SG,404.900,8.3,250,10,2.6,,
2026-09-29T00:39:38.004Z,Y1152195,7510,45.52401,8.99563,29399.1,7.1,10.3,125.2,-53.5,0.7,-1.0,RS41-SG,404.900,8.7,250,10,2.6,,
2026-09-29T00:39:39.004Z,Y1152195,7511,45.52395,8.99573,29405.5,5.8,10.4,132.6,-53.5,0.7,-1.0,RS41-SG,404.900,8.8,250,10,2.5,,
2026-09-29T00:39:40.004Z,Y1152195,7512,45.52389,8.99581,29411.1,5.5,9.5,142.7,-53.5,0.6,-1.0,RS41-SG,404.900,9.2,250,10,2.5,,
2026-09-29T00:39:41.004Z,Y1152195,7513,45.52382,8.99587,29416.6,5.5,8.1,155.3,-53.6,0.7,-1.0,RS41-SG,404.900,9.2,250,10,2.5,,
2026-09-29T00:39:42.004Z,Y1152195,7514,45.52376,8.99590,29422.4,6.1,6.6,171.1,-53.6,0.7,-1.0,RS41-SG,404.900,8.9,250,10,2.6,,
2026-09-29T00:39:44.004Z,Y1152195,7516,45.52366,8.99589,29433.6,5.0,4.5,194.2,-53.6,0.7,-1.0,RS41-SG,404.900,8.1,250,10,2.5,,
2026-09-29T00:39:45.004Z,Y1152195,7517,45.52363,8.99588,29439.3,6.4,3.9,181.2,-53.6,0.7,-1.0,RS41-SG,404.900,8.1,250,10,2.5,,
2026-09-29T00:39:46.004Z,Y1152195,7518,45.52359,8.99590,29446.5,7.8,5.1,153.2,-53.6,0.7,-1.0,RS41-SG,404.900,8.1,250,10,2.5,,
2026-09-29T00:39:47.004Z,Y1152195,7519,45.52354,8.99594,29453.8,6.8,7.4,140.5,-53.6,0.7,-1.0,RS41-SG,404.900,7.6,250,10,2.5,,
2026-09-29T00:39:48.004Z,Y1152195,7520,45.52349,8.99601,29459.7,4.9,9.5,134.8,-53.7,0.7,-1.0,RS41-SG,404.900,9.0,250,10,2.6,,
2026-09-29T00:39:49.004Z,Y1152195,7521,45.52342,8.99611,29464.8,5.2,11.4,131.2,-53.7,0.7,-1.0,RS41-SG,404.900,9.3,250,10,2.6,,
2026-09-29T00:39:50.004Z,Y1152195,7522,45.52335,8.99623,29470.9,6.8,12.4,129.5,-53.7,0.7,-1.0,RS41-SG,404.900,9.5,250,10,2.5,,
2026-09-29T00:39:51.004Z,Y1152195,7523,45.52328,8.99635,29477.3,6.0,12.0,129.9,-53.7,0.7,-1.0,RS41-SG,404.900,9.5,250,10,2.5,,
2026-09-29T00:39:52.004Z,Y1152195,7524,45.52321,8.99646,29483.1,5.6,11.4,133.0,-53.8,0.7,-1.0,RS41-SG,404.900,9.5,250,10,2.5,,
2026-09-29T00:39:53.004Z,Y1152195,7525,45.52314,8.99656,29489.1,6.4,11.0,140.1,-53.8,0.7,-1.0,RS41-SG,404.900,9.5,250,9,2.6,,
2026-09-29T00:39:54.004Z,Y1152195,7526,45.52306,8.99664,29495.9,7.0,10.9,148.8,-53.8,0.7,-1.0,RS41-SG,404.900,9.2,250,10,2.6,,
2026-09-29T00:39:55.004Z,Y1152195,7527,45.52297,8.99670,29502.4,6.0,10.8,155.9,-53.8,0.7,-1.0,RS41-SG,404.900,9.3,250,10,2.5,,
2026-09-29T00:39:56.004Z,Y1152195,7528,45.52289,8.99675,29508.3,5.7,10.2,162.7,-53.8,0.7,-1.0,RS41-SG,404.900,9.3,250,10,2.5,,
2026-09-29T00:39:57.004Z,Y1152195,7529,45.52280,8.99678,29514.3,6.2,9.0,170.8,-53.7,0.7,-1.0,RS41-SG,404.900,8.8,250,10,2.5,,
2026-09-29T00:39:58.004Z,Y1152195,7530,45.52273,8.99679,29520.6,6.4,7.6,179.0,-53.7,0.7,-1.0,RS41-SG,404.900,9.1,250,10,2.5,,
2026-09-29T00:39:59.004Z,Y1152195,7531,45.52267,8.99678,29526.4,5.4,6.8,184.0,-53.6,0.7,-1.0,RS41-SG,404.900,9.1,250,10,2.6,,
2026-09-29T00:40:00.004Z,Y1152195,7532,45.52261,8.99678,29532.1,5.8,6.6,181.9,-53.6,0.7,-1.0,RS41-SG,404.900,8.2,250,10,2.6,,
2026-09-29T00:40:01.004Z,Y1152195,7533,45.52254,8.99678,29538.6,7.2,7.7,173.9,-53.6,0.7,-1.0,RS41-SG,404.900,8.1,250,10,2.5,,
2026-09-29T00:40:02.004Z,Y1152195,7534,45.52247,8.99680,29546.0,7.6,9.6,166.8,-53.6,0.6,-1.0,RS41-SG,404.900,8.7,250,10,2.5,,
2026-09-29T00:40:03.004Z,Y1152195,7535,45.52238,8.99684,29552.5,5.5,11.4,163.3,-53.6,0.7,-1.0,RS41-SG,404.900,8.7,250,10,2.5,,
2026-09-29T00:40:04.004Z,Y1152195,7536,45.52227,8.99688,29557.8,5.1,12.8,161.0,-53.6,0.7,-1.0,RS41-SG,404.900,8.2,250,10,2.6,,
2026-09-29T00:40:05.004Z,Y1152195,7537,45.52216,8.99694,29563.2,5.9,13.4,160.1,-53.5,0.7,-1.0,RS41-SG,404.900,9.1,250,10,2.6,,
2026-09-29T00:40:06.004Z,Y1152195,7538,45.52205,8.99700,29569.6,6.9,12.9,160.5,-53.5,0.6,-1.0,RS41-SG,404.900,9.1,250,10,2.5,,
2026-09-29T00:40:07.004Z,Y1152195,7539,45.52195,8.99705,29576.0,5.8,11.9,162.8,-53.5,0.7,-1.0,RS41-SG,404.900,8.8,250,10,2.5,,
2026-09-29T00:40:08.004Z,Y1152195,7540,45.52185,8.99709,29581.4,4.8,11.2,166.2,-53.5,0.7,-1.0,RS41-SG,404.900,9.6,250,10,2.5,,
2026-09-29T00:40:09.004Z,Y1152195,7541,45.52175,8.99711,29586.7,5.8,11.1,171.0,-53.5,0.6,-1.0,RS41-SG,404.900,9.6,250,10,2.5,,
2026-09-29T00:40:10.004Z,Y1152195,7542,45.52165,8.99713,29592.9,6.7,11.8,174.5,-53.5,0.7,-1.0,RS41-SG,404.900,9.2,250,10,2.6,,
2026-09-29T00:40:11.004Z,Y1152195,7543,45.52154,8.99715,29599.4,6.2,12.5,175.8,-53.5,0.7,-1.0,RS41-SG,404.900,9.3,250,10,2.6,,
2026-09-29T00:40:12.004Z,Y1152195,7544,45.52143,8.99716,29605.2,5.4,12.8,175.9,-53.5,0.6,-1.0,RS41-SG,404.900,9.3,250,10,2.5,,
2026-09-29T00:40:13.004Z,Y1152195,7545,45.52131,8.99717,29610.9,6.1,12.5,175.5,-53.5,0.6,-1.0,RS41-SG,404.900,8.9,250,10,2.5,,
2026-09-29T00:40:14.004Z,Y1152195,7546,45.52121,8.99718,29617.4,7.1,11.5,175.2,-53.5,0.7,-1.0,RS41-SG,404.900,8.9,250,10,2.5,,
2026-09-29T00:40:15.004Z,Y1152195,7547,45.52111,8.99719,29624.0,6.1,10.7,175.1,-53.5,0.7,-1.0,RS41-SG,404.900,8.9,250,10,2.6,,
2026-09-29T00:40:16.004Z,Y1152195,7548,45.52101,8.99721,29629.6,5.3,10.2,175.4,-53.6,0.7,-1.0,RS41-SG,404.900,8.7,250,10,2.6,,
2026-09-29T00:40:17.004Z,Y1152195,7549,45.52092,8.99722,29635.1,5.8,10.5,174.7,-53.6,0.6,-1.0,RS41-SG,404.900,9.0,250,10,2.5,,
2026-09-29T00:40:18.004Z,Y1152195,7550,45.52082,8.99723,29641.4,6.7,11.7,173.7,-53.6,0.7,-1.0,RS41-SG,404.900,9.0,250,10,2.5,,
2026-09-29T00:40:19.004Z,Y1152195,7551,45.52071,8.99725,29648.0,6.4,13.0,172.9,-53.6,0.7,-1.0,RS41-SG,404.900,9.0,250,10,2.5,,
2026-09-29T00:40:20.004Z,Y1152195,7552,45.52059,8.99727,29653.7,5.2,13.8,173.1,-53.6,0.7,-1.0,RS41-SG,404.900,9.0,250,10,2.5,,
2026-09-29T00:40:21.004Z,Y1152195,7553,45.52047,8.99729,29659.3,5.9,13.8,175.2,-53.6,0.7,-1.0,RS41-SG,404.900,8.0,250,9,2.6,,
2026-09-29T00:40:22.004Z,Y1152195,7554,45.52035,8.99730,29665.8,7.0,12.8,178.6,-53.5,0.6,-1.0,RS41-SG,404.900,8.7,250,10,2.6,,
2026-09-29T00:40:23.004Z,Y1152195,7555,45.52024,8.99730,29672.7,7.0,11.2,182.5,-53.5,0.7,-1.0,RS41-SG,404.900,8.7,250,10,2.5,,
2026-09-29T00:40:24.004Z,Y1152195,7556,45.52015,8.99729,29678.9,5.4,10.0,185.1,-53.5,0.7,-1.0,RS41-SG,404.900,9.9,250,10,2.5,,
2026-09-29T00:40:25.004Z,Y1152195,7557,45.52006,8.99727,29684.4,5.7,9.0,186.6,-53.5,0.7,-1.0,RS41-SG,404.900,9.9,250,10,2.5,,
2026-09-29T00:40:26.004Z,Y1152195,7558,45.51999,8.99727,29690.8,7.1,8.8,183.5,-53.4,0.7,-1.0,RS41-SG,404.900,9.6,250,10,2.6,,
2026-09-29T00:40:27.004Z,Y1152195,7559,45.51990,8.99726,29697.4,6.1,9.2,179.2,-53.4,0.7,-1.0,RS41-SG,404.900,9.1,250,10,2.6,,
2026-09-29T00:40:28.004Z,Y1152195,7560,45.51982,8.99727,29703.2,5.4,9.5,175.1,-53.4,0.6,-1.0,RS41-SG,404.900,9.5,250,10,2.5,,
2026-09-29T00:40:29.004Z,Y1152195,7561,45.51974,8.99728,29708.9,6.1,9.5,171.4,-53.5,0.7,-1.0,RS41-SG,404.900,9.9,250,10,2.5,,
2026-09-29T00:40:30.004Z,Y1152195,7562,45.51966,8.99730,29715.3,6.8,8.8,169.4,-53.5,0.7,-1.0,RS41-SG,404.900,9.9,250,10,2.5,,
2026-09-29T00:40:31.004Z,Y1152195,7563,45.51958,8.99732,29721.9,6.3,8.0,169.0,-53.5,0.7,-1.0,RS41-SG,404.900,9.4,250,10,2.5,,
2026-09-29T00:40:32.004Z,Y1152195,7564,45.51951,8.99734,29727.8,5.5,7.9,169.0,-53.5,0.7,-1.0,RS41-SG,404.900,9.4,250,10,2.6,,
2026-09-29T00:40:33.004Z,Y1152195,7565,45.51944,8.99736,29733.4,5.8,8.4,168.7,-53.5,0.7,-1.0,RS41-SG,404.900,7.9,250,10,2.6,,
2026-09-29T00:40:34.004Z,Y1152195,7566,45.51936,8.99738,29739.5,6.5,9.4,170.1,-53.5,0.7,-1.0,RS41-SG,404.900,8.9,250,10,2.5,,
2026-09-29T00:40:35.004Z,Y1152195,7567,45.51927,8.99740,29746.1,6.7,10.7,171.4,-53.6,0.7,-1.0,RS41-SG,404.900,9.5,250,10,2.5,,
2026-09-29T00:40:36.004Z,Y1152195,7568,45.51918,8.99742,29752.2,5.5,11.3,172.9,-53.6,0.7,-1.0,RS41-SG,404.900,9.6,250,10,2.5,,
2026-09-29T00:40:38.004Z,Y1152195,7570,45.51898,8.99744,29763.4,6.1,9.7,180.4,-53.6,0.7,-1.0,RS41-SG,404.900,9.5,250,10,2.6,,
2026-09-29T00:40:39.004Z,Y1152195,7571,45.51890,8.99743,29769.8,6.7,7.6,187.5,-53.6,0.7,-1.0,RS41-SG,404.900,9.8,250,10,2.5,,
2026-09-29T00:40:40.004Z,Y1152195,7572,45.51885,8.99742,29776.0,5.6,5.7,196.5,-53.6,0.7,-1.0,RS41-SG,404.900,10.0,250,10,2.5,,
2026-09-29T00:40:41.004Z,Y1152195,7573,45.51880,8.99740,29781.0,4.4,4.2,203.7,-53.6,0.7,-1.0,RS41-SG,404.900,10.0,250,10,2.5,,
2026-09-29T00:40:42.004Z,Y1152195,7574,45.51877,8.99738,29785.9,5.3,3.2,198.4,-53.6,0.7,-1.0,RS41-SG,404.900,9.5,250,10,2.5,,
2026-09-29T00:40:43.004Z,Y1152195,7575,45.51874,8.99737,29792.0,6.8,3.6,175.4,-53.6,0.7,-1.0,RS41-SG,404.900,9.5,250,10,2.6,,
2026-09-29T00:40:44.004Z,Y1152195,7576,45.51870,8.99738,29798.8,6.8,5.4,165.3,-53.6,0.7,-1.0,RS41-SG,404.900,9.5,250,10,2.6,,
2026-09-29T00:40:45.004Z,Y1152195,7577,45.51865,8.99741,29804.8,5.1,7.1,165.5,-53.6,0.7,-1.0,RS41-SG,404.900,9.4,250,10,2.5,,
2026-09-29T00:40:46.004Z,Y1152195,7578,45.51858,8.99743,29810.0,5.2,8.7,169.2,-53.6,0.7,-1.0,RS41-SG,404.900,8.8,250,10,2.5,,
2026-09-29T00:40:47.004Z,Y1152195,7579,45.51850,8.99744,29815.9,6.5,9.7,175.9,-53.6,0.7,-1.0,RS41-SG,404.900,9.7,250,10,2.5,,
2026-09-29T00:40:48.004Z,Y1152195,7580,45.51841,8.99744,29822.5,6.7,9.8,182.7,-53.6,0.7,-1.0,RS41-SG,404.900,9.9,250,10,2.6,,
2026-09-29T00:40:49.004Z,Y1152195,7581,45.51833,8.99743,29828.4,5.1,9.8,189.1,-53.5,0.7,-1.0,RS41-SG,404.900,9.9,250,10,2.6,,
2026-09-29T00:40:50.004Z,Y1152195,7582,45.51824,8.99741,29833.6,5.1,9.9,193.9,-53.5,0.6,-1.0,RS41-SG,404.900,9.7,250,10,2.5,,
2026-09-29T00:40:51.004Z,Y1152195,7583,45.51815,8.99737,29839.0,5.9,9.9,195.9,-53.4,0.7,-1.0,RS41-SG,404.900,9.7,250,10,2.5,,
2026-09-29T00:40:52.004Z,Y1152195,7584,45.51807,8.99734,29845.6,7.1,9.8,194.1,-53.4,0.6,-1.0,RS41-SG,404.900,9.5,250,10,2.5,,
2026-09-29T00:40:53.004Z,Y1152195,7585,45.51799,8.99731,29852.4,6.4,9.2,191.4,-53.3,0.6,-1.0,RS41-SG,404.900,8.6,250,10,2.5,,
2026-09-29T00:40:54.004Z,Y1152195,7586,45.51791,8.99730,29858.7,6.2,7.9,189.0,-53.3,0.6,-1.0,RS41-SG,404.900,8.2,250,10,2.6,,
2026-09-29T00:40:55.004Z,Y1152195,7587,45.51785,8.99728,29864.8,6.2,5.8,188.9,-53.3,0.6,-1.0,RS41-SG,404.900,8.6,250,10,2.6,,
2026-09-29T00:40:56.004Z,Y1152195,7588,45.51781,8.99727,29871.0,6.3,3.6,194.4,-53.2,0.6,-1.0,RS41-SG,404.900,8.6,250,10,2.5,,
2026-09-29T00:40:57.004Z,Y1152195,7589,45.51778,8.99726,29876.9,5.5,2.4,212.5,-53.3,0.6,-1.0,RS41-SG,404.900,10.2,250,10,2.5,,
2026-09-29T00:40:58.004Z,Y1152195,7590,45.51777,8.99724,29882.2,5.1,2.4,229.4,-53.3,0.6,-1.0,RS41-SG,404.900,10.4,250,10,2.5,,
2026-09-29T00:40:59.004Z,Y1152195,7591,45.51775,8.99721,29887.8,6.0,3.5,223.9,-53.3,0.7,-1.0,RS41-SG,404.900,10.6,250,10,2.6,,
2026-09-29T00:41:00.004Z,Y1152195,7592,45.51771,8.99718,29894.3,6.9,5.8,209.9,-53.3,0.6,-1.0,RS41-SG,404.900,10.6,250,10,2.6,,
2026-09-29T00:41:01.004Z,Y1152195,7593,45.51766,8.99714,29901.0,6.6,8.3,201.0,-53.4,0.7,-1.0,RS41-SG,404.900,10.2,250,10,2.5,,
2026-09-29T00:41:02.004Z,Y1152195,7594,45.51758,8.99710,29907.2,5.7,10.8,196.3,-53.3,0.6,-1.0,RS41-SG,404.900,10.2,250,10,2.5,,
2026-09-29T00:41:03.004Z,Y1152195,7595,45.51748,8.99706,29912.0,4.0,12.3,193.7,-53.3,0.7,-1.0,RS41-SG,404.900,9.9,250,10,2.5,,
2026-09-29T00:41:04.004Z,Y1152195,7596,45.51737,8.99703,29916.3,4.5,13.1,193.7,-53.3,0.6,-1.0,RS41-SG,404.900,9.2,250,10,2.5,,
2026-09-29T00:41:05.004Z,Y1152195,7597,45.51726,8.99698,29921.7,6.4,12.4,195.2,-53.3,0.6,-1.0,RS41-SG,404.900,9.6,250,10,2.6,,
2026-09-29T00:41:06.004Z,Y1152195,7598,45.51716,8.99694,29928.5,7.2,10.6,199.4,-53.3,0.6,-1.0,RS41-SG,404.900,9.6,250,10,2.6,,
2026-09-29T00:41:07.004Z,Y1152195,7599,45.51708,8.99690,29934.9,5.3,8.9,204.7,-53.3,0.6,-1.0,RS41-SG,404.900,9.6,250,10,2.5,,
2026-09-29T00:41:08.004Z,Y1152195,7600,45.51701,8.99685,29940.0,5.0,7.2,211.6,-53.4,0.7,-1.0,RS41-SG,404.900,10.0,250,10,2.5,,
2026-09-29T00:41:09.004Z,Y1152195,7601,45.51696,8.99680,29945.5,5.8,6.2,215.0,-53.4,0.6,-1.0,RS41-SG,404.900,10.0,250,10,2.5,,
2026-09-29T00:41:10.004Z,Y1152195,7602,45.51692,8.99676,29951.8,6.8,6.0,210.0,-53.4,0.7,-1.0,RS41-SG,404.900,9.9,250,10,2.6,,
2026-09-29T00:41:11.004Z,Y1152195,7603,45.51687,8.99672,29958.4,6.5,6.5,203.1,-53.4,0.6,-1.0,RS41-SG,404.900,9.9,250,10,2.6,,
2026-09-29T00:41:12.004Z,Y1152195,7604,45.51681,8.99669,29964.1,4.9,7.3,198.2,-53.4,0.7,-1.0,RS41-SG,404.900,9.9,250,10,2.5,,
2026-09-29T00:41:13.004Z,Y1152195,7605,45.51674,8.99666,29969.0,5.1,7.8,197.3,-53.4,0.6,-1.0,RS41-SG,404.900,10.0,250,10,2.5,,
2026-09-29T00:41:14.004Z,Y1152195,7606,45.51668,8.99663,29974.5,6.2,8.0,199.2,-53.4,0.7,-1.0,RS41-SG,404.900,10.0,250,10,2.5,,
2026-09-29T00:41:15.004Z,Y1152195,7607,45.51661,8.99660,29981.1,6.8,7.7,202.5,-53.4,0.7,-1.0,RS41-SG,404.900,9.4,250,10,2.5,,
2026-09-29T00:41:16.004Z,Y1152195,7608,45.51655,8.99656,29987.1,5.4,7.4,204.3,-53.4,0.7,-1.0,RS41-SG,404.900,9.4,250,10,2.6,,
2026-09-29T00:41:17.004Z,Y1152195,7609,45.51649,8.99652,29992.4,5.2,7.3,204.7,-53.4,0.6,-1.0,RS41-SG,404.900,9.2,250,10,2.6,,
2026-09-29T00:41:18.004Z,Y1152195,7610,45.51643,8.99648,29998.0,6.0,7.6,201.4,-53.4,0.7,-1.0,RS41-SG,404.900,9.5,250,10,2.5,,
2026-09-29T00:41:19.004Z,Y1152195,7611,45.51636,8.99645,30004.5,6.9,8.3,197.1,-53.4,0.7,-1.0,RS41-SG,404.900,9.5,250,10,2.5,,
2026-09-29T00:41:20.004Z,Y1152195,7612,45.51628,8.99642,30010.7,5.5,8.9,194.3,-53.4,0.7,-1.0,RS41-SG,404.900,8.4,250,10,2.5,,
2026-09-29T00:41:21.004Z,Y1152195,7613,45.51621,8.99639,30016.4,5.9,8.7,194.6,-53.4,0.7,-1.0,RS41-SG,404.900,9.2,250,10,2.6,,
2026-09-29T00:41:22.004Z,Y1152195,7614,45.51614,8.99636,30022.9,7.0,7.7,198.2,-53.3,0.7,-1.0,RS41-SG,404.900,9.2,250,10,2.6,,
2026-09-29T00:41:23.004Z,Y1152195,7615,45.51608,8.99633,30029.7,6.6,6.4,207.0,-53.3,0.6,-1.0,RS41-SG,404.900,10.1,250,10,2.5,,
2026-09-29T00:41:24.004Z,Y1152195,7616,45.51603,8.99629,30035.3,4.5,5.6,218.7,-53.2,0.6,-1.0,RS41-SG,404.900,10.1,250,10,2.5,,
2026-09-29T00:41:25.004Z,Y1152195,7617,45.51600,8.99624,30039.8,4.7,5.4,231.0,-53.2,0.6,-1.0,RS41-SG,404.900,8.8,250,10,2.5,,
2026-09-29T00:41:26.004Z,Y1152195,7618,45.51597,8.99618,30045.0,5.7,5.9,232.4,-53.2,0.6,-1.0,RS41-SG,404.900,7.7,250,10,2.5,,
2026-09-29T00:41:27.004Z,Y1152195,7619,45.51593,8.99612,30051.2,6.8,6.4,227.3,-53.2,0.6,-1.0,RS41-SG,404.900,8.9,250,10,2.6,,
2026-09-29T00:41:28.004Z,Y1152195,7620,45.51589,8.99606,30057.6,6.0,7.0,220.1,-53.2,0.6,-1.0,RS41-SG,404.900,8.9,250,10,2.6,,
2026-09-29T00:41:29.004Z,Y1152195,7621,45.51584,8.99601,30063.4,5.6,6.9,216.2,-53.2,0.6,-1.0,RS41-SG,404.900,8.7,250,10,2.5,,
2026-09-29T00:41:30.004Z,Y1152195,7622,45.51579,8.99596,30069.5,6.4,6.3,214.1,-53.2,0.7,-1.0,RS41-SG,404.900,8.7,250,10,2.5,,
2026-09-29T00:41:31.004Z,Y1152195,7623,45.51575,8.99592,30076.1,6.8,5.1,216.1,-53.2,0.6,-1.0,RS41-SG,404.900,9.1,250,10,2.5,,
2026-09-29T00:41:32.004Z,Y1152195,7624,45.51572,8.99588,30082.2,5.4,4.1,219.7,-53.2,0.7,-1.0,RS41-SG,404.900,9.5,250,10,2.6,,
2026-09-29T00:41:33.004Z,Y1152195,7625,45.51569,8.99585,30087.3,4.8,3.3,220.9,-53.2,0.6,-1.0,RS41-SG,404.900,9.9,250,10,2.6,,
2026-09-29T00:41:34.004Z,Y1152195,7626,45.51567,8.99583,30092.4,5.4,3.0,214.7,-53.2,0.7,-1.0,RS41-SG,404.900,9.9,250,10,2.5,,
2026-09-29T00:41:35.004Z,Y1152195,7627,45.51564,8.99581,30098.3,6.4,3.8,201.7,-53.2,0.6,-1.0,RS41-SG,404.900,10.2,250,10,2.5,,
2026-09-29T00:41:36.004Z,Y1152195,7628,45.51560,8.99579,30104.8,6.6,5.1,194.9,-53.2,0.6,-1.0,RS41-SG,404.900,10.2,250,10,2.5,,
2026-09-29T00:41:37.004Z,Y1152195,7629,45.51556,8.99577,30110.6,5.2,6.1,194.2,-53.2,0.6,-1.0,RS41-SG,404.900,9.8,250,10,2.5,,
2026-09-29T00:41:38.004Z,Y1152195,7630,45.51550,8.99575,30115.8,5.0,6.8,198.3,-53.1,0.6,-1.0,RS41-SG,404.900,9.5,250,10,2.6,,
2026-09-29T00:41:39.004Z,Y1152195,7631,45.51544,8.99572,30120.8,5.1,6.7,205.1,-53.1,0.6,-1.0,RS41-SG,404.900,9.8,250,10,2.6,,
2026-09-29T00:41:40.004Z,Y1152195,7632,45.51540,8.99568,30126.4,6.2,6.0,217.3,-53.1,0.6,-1.0,RS41-SG,404.900,10.5,250,10,2.5,,
2026-09-29T00:41:41.004Z,Y1152195,7633,45.51536,8.99563,30132.9,6.6,5.3,229.4,-53.1,0.6,-1.0,RS41-SG,404.900,10.5,250,10,2.5,,
2026-09-29T00:41:42.004Z,Y1152195,7634,45.51533,8.99558,30138.7,5.1,4.5,237.8,-53.1,0.6,-1.0,RS41-SG,404.900,9.5,250,10,2.5,,
2026-09-29T00:41:43.004Z,Y1152195,7635,45.51531,8.99553,30143.9,5.2,3.6,234.9,-53.1,0.6,-1.0,RS41-SG,404.900,9.5,250,10,2.6,,
2026-09-29T00:41:44.004Z,Y1152195,7636,45.51529,8.99551,30149.6,6.3,3.2,209.8,-53.0,0.6,-1.0,RS41-SG,404.900,7.6,250,10,2.6,,
2026-09-29T00:41:45.004Z,Y1152195,7637,45.51526,8.99550,30156.3,7.0,4.4,180.0,-53.0,0.6,-1.0,RS41-SG,404.900,7.5,250,10,2.5,,
2026-09-29T00:41:46.004Z,Y1152195,7638,45.51521,8.99550,30162.6,5.5,6.0,168.0,-53.0,0.6,-1.0,RS41-SG,404.900,7.6,250,10,2.5,,
2026-09-29T00:41:47.004Z,Y1152195,7639,45.51515,8.99553,30167.6,4.5,7.5,162.3,-52.9,0.6,-1.0,RS41-SG,404.900,7.6,250,10,2.5,,
2026-09-29T00:41:48.004Z,Y1152195,7640,45.51509,8.99556,30172.5,5.3,8.0,159.3,-52.9,0.6,-1.0,RS41-SG,404.900,8.1,250,10,2.5,,
2026-09-29T00:41:49.004Z,Y1152195,7641,45.51502,8.99559,30178.5,6.8,7.3,160.6,-52.8,0.6,-1.0,RS41-SG,404.900,8.6,250,10,2.6,,
2026-09-29T00:41:50.004Z,Y1152195,7642,45.51497,8.99562,30185.1,6.1,6.1,168.4,-52.7,0.6,-1.0,RS41-SG,404.900,10.4,250,10,2.6,,
2026-09-29T00:41:51.004Z,Y1152195,7643,45.51492,8.99562,30190.8,5.4,5.4,184.2,-52.7,0.6,-1.0,RS41-SG,404.900,10.4,250,10,2.5,,
2026-09-29T00:41:52.004Z,Y1152195,7644,45.51487,8.99561,30196.4,5.7,5.7,202.1,-52.7,0.6,-1.0,RS41-SG,404.900,10.3,250,10,2.5,,
2026-09-29T00:41:53.004Z,Y1152195,7645,45.51482,8.99557,30202.6,6.5,6.9,211.9,-52.6,0.6,-1.0,RS41-SG,404.900,10.3,250,10,2.5,,
2026-09-29T00:41:54.004Z,Y1152195,7646,45.51476,8.99552,30208.7,5.6,7.8,213.6,-52.6,0.6,-1.0,RS41-SG,404.900,8.6,250,10,2.6,,
2026-09-29T00:41:55.004Z,Y1152195,7647,45.51470,8.99546,30214.1,5.2,8.2,213.3,-52.6,0.6,-1.0,RS41-SG,404.900,7.9,250,10,2.6,,
2026-09-29T00:41:56.004Z,Y1152195,7648,45.51464,8.99541,30219.7,6.0,7.9,212.5,-52.6,0.6,-1.0,RS41-SG,404.900,9.8,250,10,2.5,,
2026-09-29T00:41:57.004Z,Y1152195,7649,45.51459,8.99536,30226.2,6.9,6.8,209.9,-52.6,0.6,-1.0,RS41-SG,404.900,9.8,250,10,2.5,,
2026-09-29T00:41:58.004Z,Y1152195,7650,45.51454,8.99532,30232.6,5.8,6.0,204.3,-52.5,0.6,-1.0,RS41-SG,404.900,9.6,250,10,2.5,,
2026-09-29T00:41:59.004Z,Y1152195,7651,45.51449,8.99530,30238.2,5.4,5.7,190.4,-52.5,0.6,-1.0,RS41-SG,404.900,8.9,250,10,2.5,,
2026-09-29T00:42:00.004Z,Y1152195,7652,45.51443,8.99530,30243.9,6.2,6.7,173.4,-52.5,0.6,-1.0,RS41-SG,404.900,8.9,250,10,2.6,,
2026-09-29T00:42:01.004Z,Y1152195,7653,45.51436,8.99532,30250.2,6.4,8.8,164.2,-52.5,0.6,-1.0,RS41-SG,404.900,10.1,250,10,2.6,,
2026-09-29T00:42:02.004Z,Y1152195,7654,45.51428,8.99535,30256.0,5.0,10.6,161.6,-52.5,0.6,-1.0,RS41-SG,404.900,10.1,250,10,2.5,,
2026-09-29T00:42:03.004Z,Y1152195,7655,45.51419,8.99540,30261.1,5.2,11.7,161.6,-52.5,0.6,-1.0,RS41-SG,404.900,10.0,250,10,2.5,,
2026-09-29T00:42:04.004Z,Y1152195,7656,45.51409,8.99544,30267.0,6.5,11.6,164.8,-52.5,0.6,-1.0,RS41-SG,404.900,10.0,250,10,2.5,,
2026-09-29T00:42:05.004Z,Y1152195,7657,45.51399,8.99547,30273.7,6.8,10.5,170.4,-52.5,0.6,-1.0,RS41-SG,404.900,9.9,250,10,2.6,,
2026-09-29T00:42:06.004Z,Y1152195,7658,45.51390,8.99549,30279.7,5.2,9.4,177.2,-52.5,0.6,-1.0,RS41-SG,404.900,10.0,250,10,2.6,,
2026-09-29T00:42:07.004Z,Y1152195,7659,45.51382,8.99548,30284.8,5.0,8.8,185.6,-52.4,0.6,-1.0,RS41-SG,404.900,10.0,250,10,2.5,,
2026-09-29T00:42:08.004Z,Y1152195,7660,45.51374,8.99547,30290.4,6.2,8.9,192.9,-52.4,0.6,-1.0,RS41-SG,404.900,9.7,250,10,2.5,,
2026-09-29T00:42:11.004Z,Y1152195,7663,45.51349,8.99538,30308.0,5.6,9.8,193.5,-52.3,0.6,-1.0,RS41-SG,404.900,7.4,250,10,2.6,,
2026-09-29T00:42:12.004Z,Y1152195,7664,45.51341,8.99535,30314.2,6.7,9.3,192.8,-52.3,0.6,-1.0,RS41-SG,404.900,8.5,250,10,2.6,,
2026-09-29T00:42:15.004Z,Y1152195,7667,45.51319,8.99530,30331.8,6.2,8.3,181.3,-52.0,0.6,-1.0,RS41-SG,404.900,8.2,250,10,2.5,,
2026-09-29T00:42:21.004Z,Y1152195,7673,45.51266,8.99538,30367.3,5.5,8.5,180.0,-51.6,0.6,-1.0,RS41-SG,404.900,6.3,250,10,2.5,,
2026-09-29T00:42:34.004Z,Y1152195,7686,45.51164,8.99519,30442.4,5.3,9.4,182.4,-51.7,0.6,-1.0,RS41-SG,404.900,8.2,250,10,2.6,,
2026-09-29T00:42:36.004Z,Y1152195,7688,45.51147,8.99519,30452.2,5.6,9.8,180.1,-51.7,0.6,-1.0,RS41-SG,404.900,8.7,250,10,2.5,,
2026-09-29T00:42:37.004Z,Y1152195,7689,45.51138,8.99519,30458.5,6.9,8.8,180.8,-51.7,0.6,-1.0,RS41-SG,404.900,8.7,250,10,2.5,,
2026-09-29T00:42:38.004Z,Y1152195,7690,45.51131,8.99518,30465.0,6.1,7.7,182.3,-51.7,0.6,-1.0,RS41-SG,404.900,8.9,250,10,2.6,,
2026-09-29T00:42:39.004Z,Y1152195,7691,45.51125,8.99518,30470.7,5.5,6.8,185.2,-51.7,0.6,-1.0,RS41-SG,404.900,8.9,250,10,2.6,,
2026-09-29T00:42:44.004Z,Y1152195,7696,45.51091,8.99510,30500.1,6.1,8.4,186.3,-51.7,0.6,-1.0,RS41-SG,404.900,8.6,250,10,2.6,,
2026-09-29T00:42:50.004Z,Y1152195,7702,45.51054,8.99513,30537.0,5.2,8.4,174.9,-51.7,0.6,-1.0,RS41-SG,404.900,8.2,250,10,2.6,,
2026-09-29T00:42:52.004Z,Y1152195,7704,45.51038,8.99515,30546.7,5.4,9.7,175.3,-51.7,0.6,-1.0,RS41-SG,404.900,7.7,250,9,2.5,,
2026-09-29T00:42:53.004Z,Y1152195,7705,45.51030,8.99516,30552.8,6.7,9.2,175.1,-51.7,0.6,-1.0,RS41-SG,404.900,7.5,250,10,2.5,,
2026-09-29T00:42:54.004Z,Y1152195,7706,45.51022,8.99517,30559.2,6.1,8.5,175.8,-51.7,0.6,-1.0,RS41-SG,404.900,8.7,250,10,2.5,,
2026-09-29T00:42:55.004Z,Y1152195,7707,45.51014,8.99517,30565.1,5.5,8.0,178.3,-51.7,0.6,-1.0,RS41-SG,404.900,8.7,250,10,2.6,,
2026-09-29T00:42:56.004Z,Y1152195,7708,45.51007,8.99517,30570.5,5.3,8.0,184.5,-51.7,0.6,-1.0,RS41-SG,404.900,8.1,250,9,2.6,,
2026-09-29T00:42:57.004Z,Y1152195,7709,45.51000,8.99516,30576.1,6.1,8.8,191.4,-51.7,0.6,-1.0,RS41-SG,404.900,8.6,250,10,2.5,,
2026-09-29T00:42:58.004Z,Y1152195,7710,45.50992,8.99513,30582.6,6.8,10.0,195.7,-51.7,0.6,-1.0,RS41-SG,404.900,8.6,250,10,2.5,,
2026-09-29T00:42:59.004Z,Y1152195,7711,45.50983,8.99509,30588.6,5.2,10.9,196.5,-51.7,0.6,-1.0,RS41-SG,404.900,8.6,250,10,2.5,,
2026-09-29T00:43:00.004Z,Y1152195,7712,45.50973,8.99505,30593.8,5.1,11.2,195.3,-51.7,0.6,-1.0,RS41-SG,404.900,8.3,250,10,2.6,,
2026-09-29T00:43:01.004Z,Y1152195,7713,45.50964,8.99502,30599.1,5.6,10.5,190.8,-51.7,0.6,-1.0,RS41-SG,404.900,8.3,250,10,2.6,,
2026-09-29T00:43:02.004Z,Y1152195,7714,45.50955,8.99501,30605.0,6.1,9.3,182.8,-51.7,0.6,-1.0,RS41-SG,404.900,7.6,250,10,2.5,,
2026-09-29T00:43:04.004Z,Y1152195,7716,45.50941,8.99503,30617.1,5.8,7.4,161.8,-51.6,0.6,-1.0,RS41-SG,404.900,8.0,250,10,2.5,,
2026-09-29T00:43:05.004Z,Y1152195,7717,45.50935,8.99506,30622.8,5.4,7.2,156.2,-51.6,0.6,-1.0,RS41-SG,404.900,8.0,250,10,2.5,,
2026-09-29T00:43:06.004Z,Y1152195,7718,45.50928,8.99510,30628.4,5.9,7.3,161.2,-51.5,0.6,-1.0,RS41-SG,404.900,7.9,250,10,2.6,,
2026-09-29T00:43:07.004Z,Y1152195,7719,45.50922,8.99512,30634.8,6.7,8.2,175.0,-51.5,0.6,-1.0,RS41-SG,404.900,7.9,250,10,2.6,,
2026-09-29T00:43:08.004Z,Y1152195,7720,45.50914,8.99511,30641.4,6.6,9.6,188.5,-51.5,0.6,-1.0,RS41-SG,404.900,7.9,250,10,2.5,,
2026-09-29T00:43:09.004Z,Y1152195,7721,45.50905,8.99508,30647.6,5.8,11.4,198.1,-51.5,0.6,-1.0,RS41-SG,404.900,7.9,250,10,2.5,,
2026-09-29T00:43:11.004Z,Y1152195,7723,45.50884,8.99496,30657.4,4.7,12.9,206.1,-51.4,0.6,-1.0,RS41-SG,404.900,7.3,250,10,2.6,,
2026-09-29T00:43:12.004Z,Y1152195,7724,45.50874,8.99489,30662.8,6.1,11.9,204.9,-51.4,0.6,-1.0,RS41-SG,404.900,7.5,250,10,2.6,,
2026-09-29T00:43:18.004Z,Y1152195,7730,45.50829,8.99496,30698.8,6.5,9.7,155.5,-51.4,0.6,-1.0,RS41-SG,404.900,7.4,250,10,2.6,,
2026-09-29T00:43:19.004Z,Y1152195,7731,45.50821,8.99501,30705.0,6.2,10.2,165.7,-51.4,0.6,-1.0,RS41-SG,404.900,7.7,250,10,2.6,,
2026-09-29T00:43:20.004Z,Y1152195,7732,45.50812,8.99502,30710.7,5.3,10.5,178.3,-51.3,0.6,-1.0,RS41-SG,404.900,7.7,250,10,2.5,,
2026-09-29T00:43:21.004Z,Y1152195,7733,45.50802,8.99501,30716.1,5.2,10.5,191.2,-51.3,0.6,-1.0,RS41-SG,404.900,7.6,250,10,2.5,,
2026-09-29T00:43:27.004Z,Y1152195,7739,45.50759,8.99479,30750.3,5.3,8.2,180.7,-51.2,0.6,-1.0,RS41-SG,404.900,6.9,250,10,2.5,,
2026-09-29T00:43:28.004Z,Y1152195,7740,45.50751,8.99479,30755.5,5.1,9.3,176.1,-51.1,0.6,-1.0,RS41-SG,404.900,8.2,250,10,2.5,,
2026-09-29T00:43:29.004Z,Y1152195,7741,45.50743,8.99480,30760.7,5.4,10.0,176.0,-51.1,0.6,-1.0,RS41-SG,404.900,8.2,250,10,2.5,,
2026-09-29T00:43:30.004Z,Y1152195,7742,45.50734,8.99481,30766.4,6.1,9.8,177.9,-51.0,0.6,-1.0,RS41-SG,404.900,7.7,250,10,2.6,,
2026-09-29T00:43:31.004Z,Y1152195,7743,45.50726,8.99481,30772.9,6.7,8.6,181.8,-51.0,0.6,-1.0,RS41-SG,404.900,7.4,250,9,2.6,,
2026-09-29T00:43:32.004Z,Y1152195,7744,45.50719,8.99480,30779.4,6.4,7.0,188.0,-51.0,0.5,-1.0,RS41-SG,404.900,7.4,250,10,2.5,,
2026-09-29T00:43:33.004Z,Y1152195,7745,45.50713,8.99478,30785.1,4.8,5.7,194.8,-51.0,0.6,-1.0,RS41-SG,404.900,7.5,250,10,2.5,,
2026-09-29T00:43:43.004Z,Y1152195,7755,45.50654,8.99442,30841.3,5.8,4.7,212.1,-50.7,0.5,-1.0,RS41-SG,404.900,7.3,250,10,2.5,,
2026-09-29T00:43:45.004Z,Y1152195,7757,45.50648,8.99440,30851.7,5.3,3.1,163.0,-50.6,0.5,-1.0,RS41-SG,404.900,7.4,250,10,2.6,,
2026-09-29T00:43:46.004Z,Y1152195,7758,45.50645,8.99442,30857.6,6.5,4.8,144.1,-50.7,0.5,-1.0,RS41-SG,404.900,7.4,250,10,2.5,,
2026-09-29T00:43:47.004Z,Y1152195,7759,45.50641,8.99447,30864.0,6.2,6.8,144.4,-50.6,0.6,-1.0,RS41-SG,404.900,7.3,250,10,2.5,,
2026-09-29T00:43:48.004Z,Y1152195,7760,45.50635,8.99452,30869.5,4.9,8.1,149.8,-50.5,0.6,-1.0,RS41-SG,404.900,7.6,250,10,2.5,,
2026-09-29T00:43:49.004Z,Y1152195,7761,45.50628,8.99456,30874.7,5.5,8.9,158.6,-50.4,0.5,-1.0,RS41-SG,404.900,7.6,250,10,2.6,,
2026-09-29T00:43:50.004Z,Y1152195,7762,45.50621,8.99459,30881.0,6.9,8.8,172.8,-50.4,0.5,-1.0,RS41-SG,404.900,7.1,250,10,2.6,,
2026-09-29T00:43:51.004Z,Y1152195,7763,45.50613,8.99459,30888.0,7.0,8.4,190.0,-50.3,0.5,-1.0,RS41-SG,404.900,7.1,250,10,2.5,,
2026-09-29T00:43:52.004Z,Y1152195,7764,45.50606,8.99456,30894.0,4.8,8.4,204.5,-50.2,0.5,-1.0,RS41-SG,404.900,7.2,250,10,2.5,,
2026-09-29T00:43:53.004Z,Y1152195,7765,45.50599,8.99450,30898.7,4.5,9.2,216.7,-50.2,0.5,-1.0,RS41-SG,404.900,7.4,250,10,2.5,,
2026-09-29T00:44:02.004Z,Y1152195,7774,45.50548,8.99415,30952.4,5.5,3.2,149.7,-50.1,0.5,-1.0,RS41-SG,404.900,7.4,250,10,2.5,,
2026-09-29T00:44:03.004Z,Y1152195,7775,45.50545,8.99417,30958.7,7.1,4.1,152.2,-50.1,0.5,-1.0,RS41-SG,404.900,7.1,250,10,2.5,,
2026-09-29T00:44:05.004Z,Y1152195,7777,45.50536,8.99421,30971.7,5.2,6.6,171.2,-50.1,0.5,-1.0,RS41-SG,404.900,6.9,250,10,2.5,,
2026-09-29T00:44:07.004Z,Y1152195,7779,45.50522,8.99420,30983.3,6.5,8.3,194.1,-50.1,0.5,-1.0,RS41-SG,404.900,6.8,250,9,2.6,,
2026-09-29T00:44:20.004Z,Y1152195,7792,45.50454,8.99412,31061.4,6.8,5.2,200.0,-49.9,0.5,-1.0,RS41-SG,404.900,6.9,250,10,2.6,,
2026-09-29T00:44:21.004Z,Y1152195,7793,45.50449,8.99409,31067.8,6.0,6.9,201.9,-49.9,0.5,-1.0,RS41-SG,404.900,6.9,250,10,2.5,,
2026-09-29T00:44:29.004Z,Y1152195,7801,45.50405,8.99384,31116.4,6.0,4.9,154.6,-49.9,0.5,-1.0,RS41-SG,404.900,7.0,250,10,2.5,,
2026-09-29T00:44:46.004Z,Y1152195,7818,45.50333,8.99358,31219.6,6.5,4.6,152.3,-49.8,0.5,-1.0,RS41-SG,404.900,6.7,250,10,2.5,,
2026-09-29T00:48:12.004Z,Y1152195,8024,45.48858,8.99275,32463.3,5.4,8.5,156.1,-47.7,0.5,-1.0,RS41-SG,404.900,7.3,250,10,2.6,,
2026-09-29T00:48:13.004Z,Y1152195,8025,45.48852,8.99279,32468.7,5.6,7.9,159.7,-47.7,0.5,-1.0,RS41-SG,404.900,7.3,250,10,2.6,,
2026-09-29T00:48:24.004Z,Y1152195,8036,45.48780,8.99259,32530.1,6.2,11.5,181.2,-47.6,0.5,-1.0,RS41-SG,404.900,7.1,250,10,2.5,,
2026-09-29T00:48:46.004Z,Y1152195,8058,45.48604,8.99184,32657.6,5.0,6.9,197.4,-46.8,0.4,-1.0,RS41-SG,404.900,7.4,250,10,2.5,,
2026-09-29T00:48:47.004Z,Y1152195,8059,45.48598,8.99181,32662.9,5.5,7.5,199.3,-46.6,0.4,-1.0,RS41-SG,404.900,7.8,250,10,2.5,,
2026-09-29T00:48:48.004Z,Y1152195,8060,45.48591,8.99178,32668.6,5.9,8.8,199.4,-46.4,0.4,-1.0,RS41-SG,404.900,7.8,250,10,2.5,,
2026-09-29T00:48:49.004Z,Y1152195,8061,45.48583,8.99174,32674.6,6.0,10.3,197.1,-46.3,0.4,-1.0,RS41-SG,404.900,7.0,250,10,2.6,,
2026-09-29T00:48:51.004Z,Y1152195,8063,45.48564,8.99167,32686.0,5.3,11.6,191.0,-46.2,0.4,-1.0,RS41-SG,404.900,7.8,250,10,2.5,,
2026-09-29T00:48:52.004Z,Y1152195,8064,45.48554,8.99165,32691.6,5.9,10.8,185.8,-46.1,0.4,-1.0,RS41-SG,404.900,7.8,250,10,2.5,,
2026-09-29T00:48:54.004Z,Y1152195,8066,45.48538,8.99165,32704.3,6.3,7.0,169.9,-46.1,0.4,-1.0,RS41-SG,404.900,7.2,250,10,2.5,,
2026-09-29T00:48:55.004Z,Y1152195,8067,45.48533,8.99167,32709.8,4.7,5.3,159.7,-46.1,0.4,-1.0,RS41-SG,404.900,7.2,250,10,2.6,,
2026-09-29T00:48:56.004Z,Y1152195,8068,45.48529,8.99170,32714.4,4.4,4.2,151.3,-46.1,0.4,-1.0,RS41-SG,404.900,6.9,250,10,2.6,,
2026-09-29T00:48:57.004Z,Y1152195,8069,45.48526,8.99172,32719.3,5.2,4.0,151.5,-46.1,0.4,-1.0,RS41-SG,404.900,7.5,250,10,2.6,,
2026-09-29T00:48:59.004Z,Y1152195,8071,45.48517,8.99176,32731.3,6.6,6.4,174.9,-46.1,0.4,-1.0,RS41-SG,404.900,7.9,250,10,2.5,,
2026-09-29T00:49:01.004Z,Y1152195,8073,45.48503,8.99176,32743.1,5.2,9.3,181.9,-46.1,0.4,-1.0,RS41-SG,404.900,7.0,250,10,2.5,,
2026-09-29T00:49:02.004Z,Y1152195,8074,45.48495,8.99175,32748.4,5.7,9.8,182.3,-46.1,0.4,-1.0,RS41-SG,404.900,7.6,250,10,2.5,,
2026-09-29T00:49:03.004Z,Y1152195,8075,45.48486,8.99175,32754.4,6.3,9.2,180.5,-46.0,0.4,-1.0,RS41-SG,404.900,8.2,250,10,2.6,,
2026-09-29T00:49:04.004Z,Y1152195,8076,45.48478,8.99175,32760.8,6.7,7.9,176.7,-46.0,0.4,-1.0,RS41-SG,404.900,8.2,250,10,2.6,,
2026-09-29T00:49:05.004Z,Y1152195,8077,45.48472,8.99176,32767.1,5.9,6.4,170.4,-46.0,0.4,-1.0,RS41-SG,404.900,8.2,250,10,2.6,,
2026-09-29T00:49:06.004Z,Y1152195,8078,45.48467,8.99178,32772.4,4.6,5.5,162.5,-46.0,0.4,-1.0,RS41-SG,404.900,7.2,250,10,2.5,,
2026-09-29T00:49:07.004Z,Y1152195,8079,45.48462,8.99181,32777.0,4.6,5.4,153.2,-46.0,0.4,-1.0,RS41-SG,404.900,7.3,250,10,2.5,,
2026-09-29T00:49:09.004Z,Y1152195,8081,45.48452,8.99189,32788.2,6.5,7.5,149.5,-46.0,0.4,-1.0,RS41-SG,404.900,8.1,250,10,2.5,,
2026-09-29T00:49:14.004Z,Y1152195,8086,45.48418,8.99207,32819.3,6.3,6.3,170.6,-46.0,0.4,-1.0,RS41-SG,404.900,7.5,250,10,2.5,,
2026-09-29T00:49:15.004Z,Y1152195,8087,45.48413,8.99208,32825.1,5.3,4.9,171.3,-46.0,0.4,-1.0,RS41-SG,404.900,8.0,250,10,2.5,,
2026-09-29T00:49:17.004Z,Y1152195,8089,45.48405,8.99211,32835.5,5.5,4.0,156.1,-45.9,0.4,-1.0,RS41-SG,404.900,7.0,250,10,2.5,,
2026-09-29T00:49:20.004Z,Y1152195,8092,45.48393,8.99224,32853.0,5.4,7.5,133.3,-45.9,0.4,-1.0,RS41-SG,404.900,8.2,250,10,2.5,,
2026-09-29T00:49:21.004Z,Y1152195,8093,45.48389,8.99232,32858.2,5.2,8.3,126.9,-45.9,0.4,-1.0,RS41-SG,404.900,8.3,250,10,2.5,,
2026-09-29T00:49:22.004Z,Y1152195,8094,45.48385,8.99241,32863.6,5.5,8.6,119.4,-45.9,0.4,-1.0,RS41-SG,404.900,8.3,250,10,2.5,,
2026-09-29T00:49:23.004Z,Y1152195,8095,45.48382,8.99250,32869.3,6.0,8.2,110.6,-45.9,0.4,-1.0,RS41-SG,404.900,8.3,250,10,2.5,,
2026-09-29T00:49:24.004Z,Y1152195,8096,45.48380,8.99260,32875.6,6.5,7.3,101.9,-45.9,0.4,-1.0,RS41-SG,404.900,8.4,250,10,2.6,,
2026-09-29T00:49:25.004Z,Y1152195,8097,45.48379,8.99268,32882.0,6.5,6.0,93.0,-45.8,0.4,-1.0,RS41-SG,404.900,8.4,250,10,2.6,,
2026-09-29T00:49:26.004Z,Y1152195,8098,45.48379,8.99275,32888.4,6.2,4.0,86.2,-45.8,0.4,-1.0,RS41-SG,404.900,8.1,250,10,2.6,,
2026-09-29T00:49:29.004Z,Y1152195,8101,45.48376,8.99278,32905.6,5.6,3.6,204.7,-45.8,0.4,-1.0,RS41-SG,404.900,8.0,250,10,2.5,,
2026-09-29T00:49:30.004Z,Y1152195,8102,45.48372,8.99276,32911.3,5.8,6.2,195.3,-45.8,0.4,-1.0,RS41-SG,404.900,8.0,250,10,2.5,,
2026-09-29T00:49:31.004Z,Y1152195,8103,45.48366,8.99275,32917.1,5.7,7.9,182.8,-45.8,0.4,-1.0,RS41-SG,404.900,8.5,250,10,2.5,,
2026-09-29T00:49:32.004Z,Y1152195,8104,45.48358,8.99276,32922.9,6.0,9.4,167.7,-45.8,0.4,-1.0,RS41-SG,404.900,8.5,250,10,2.6,,
2026-09-29T00:49:33.004Z,Y1152195,8105,45.48350,8.99280,32928.9,6.1,10.3,151.3,-45.7,0.4,-1.0,RS41-SG,404.900,7.9,250,10,2.6,,
2026-09-29T00:49:34.004Z,Y1152195,8106,45.48342,8.99288,32934.8,5.7,10.7,135.1,-45.7,0.4,-1.0,RS41-SG,404.900,8.8,250,10,2.6,,
2026-09-29T00:49:36.004Z,Y1152195,8108,45.48333,8.99311,32945.3,5.1,9.7,103.7,-45.7,0.4,-1.0,RS41-SG,404.900,8.8,250,10,2.5,,
2026-09-29T00:49:37.004Z,Y1152195,8109,45.48333,8.99322,32950.7,5.7,8.1,87.5,-45.6,0.4,-1.0,RS41-SG,404.900,9.0,250,10,2.5,,
2026-09-29T00:49:38.004Z,Y1152195,8110,45.48334,8.99331,32956.4,5.7,5.8,70.0,-45.5,0.4,-1.0,RS41-SG,404.900,9.0,250,10,2.5,,
2026-09-29T00:49:39.004Z,Y1152195,8111,45.48335,8.99335,32962.1,5.8,2.9,46.9,-45.5,0.4,-1.0,RS41-SG,404.900,8.5,250,10,2.6,,
2026-09-29T00:49:40.004Z,Y1152195,8112,45.48336,8.99336,32967.9,5.8,1.1,290.0,-45.4,0.4,-1.0,RS41-SG,404.900,8.5,250,10,2.6,,
2026-09-29T00:50:24.004Z,Y1152195,8156,45.48032,8.99372,30974.6,-54.4,3.8,171.3,-49.2,0.5,-1.0,RS41-SG,404.900,7.2,250,10,2.6,,
2026-09-29T00:50:26.004Z,Y1152195,8158,45.48024,8.99371,30865.8,-54.1,4.3,188.4,-49.4,0.6,-1.0,RS41-SG,404.900,6.7,250,10,2.5,,
2026-09-29T00:50:32.004Z,Y1152195,8164,45.47990,8.99363,30547.1,-52.8,7.7,193.2,-51.1,0.7,-1.0,RS41-SG,404.900,7.4,250,8,2.5,,
2026-09-29T00:50:35.004Z,Y1152195,8167,45.47967,8.99359,30391.5,-52.4,7.8,182.7,-51.1,0.6,-1.0,RS41-SG,404.900,7.8,250,10,2.6,,
2026-09-29T00:50:39.004Z,Y1152195,8171,45.47937,8.99359,30185.6,-51.8,7.8,182.9,-52.2,0.7,-1.0,RS41-SG,404.900,8.0,250,9,2.5,,
2026-09-29T00:50:44.004Z,Y1152195,8176,45.47901,8.99354,29931.8,-50.2,7.1,198.9,-52.9,0.7,-1.0,RS41-SG,404.900,7.7,250,9,2.6,,
2026-09-29T00:50:47.004Z,Y1152195,8179,45.47884,8.99346,29781.3,-50.3,6.4,192.9,-53.2,0.7,-1.0,RS41-SG,404.900,7.8,250,9,2.5,,
2026-09-29T00:50:49.004Z,Y1152195,8181,45.47871,8.99345,29681.8,-49.9,8.1,179.9,-53.4,0.7,-1.0,RS41-SG,404.900,8.3,250,10,2.5,,
2026-09-29T00:50:51.004Z,Y1152195,8183,45.47856,8.99346,29583.7,-49.6,9.2,167.1,-53.4,0.7,-1.0,RS41-SG,404.900,7.5,250,8,2.6,,
2026-09-29T00:50:52.004Z,Y1152195,8184,45.47848,8.99349,29535.0,-48.4,8.4,164.2,-53.5,0.7,-1.0,RS41-SG,404.900,9.0,250,9,2.5,,
2026-09-29T00:50:53.004Z,Y1152195,8185,45.47841,8.99353,29486.1,-49.0,9.3,158.2,-53.5,0.7,-1.0,RS41-SG,404.900,9.0,250,9,2.5,,
2026-09-29T00:50:55.004Z,Y1152195,8187,45.47825,8.99360,29388.6,-48.5,8.9,157.4,-53.2,0.7,-1.0,RS41-SG,404.900,8.3,250,9,2.6,,
2026-09-29T00:50:56.004Z,Y1152195,8188,45.47817,8.99365,29341.0,-48.0,10.0,158.7,-53.1,0.7,-1.0,RS41-SG,404.900,8.3,250,10,2.6,,
2026-09-29T00:50:57.004Z,Y1152195,8189,45.47809,8.99368,29292.8,-48.4,8.4,164.7,-52.9,0.7,-1.0,RS41-SG,404.900,8.5,250,10,2.5,,
2026-09-29T00:50:58.004Z,Y1152195,8190,45.47802,8.99371,29244.5,-48.5,8.3,161.2,-53.0,0.7,-1.0,RS41-SG,404.900,8.5,250,9,2.5,,
2026-09-29T00:51:00.004Z,Y1152195,8192,45.47790,8.99376,29149.7,-47.6,6.2,164.3,-53.3,0.7,-1.0,RS41-SG,404.900,8.1,250,9,2.5,,
2026-09-29T00:51:02.004Z,Y1152195,8194,45.47779,8.99377,29055.0,-47.2,5.1,175.5,-53.2,0.7,-1.0,RS41-SG,404.900,8.2,250,9,2.6,,
2026-09-29T00:51:03.004Z,Y1152195,8195,45.47774,8.99377,29008.5,-47.1,6.1,179.5,-53.1,0.7,-1.0,RS41-SG,404.900,8.2,250,10,2.6,,
2026-09-29T00:51:04.004Z,Y1152195,8196,45.47769,8.99377,28961.8,-47.1,5.7,187.5,-53.1,0.6,-1.0,RS41-SG,404.900,8.8,250,10,2.5,,
2026-09-29T00:51:05.004Z,Y1152195,8197,45.47764,8.99376,28915.2,-46.5,5.3,185.5,-52.9,0.6,-1.0,RS41-SG,404.900,8.8,250,10,2.5,,
2026-09-29T00:51:06.004Z,Y1152195,8198,45.47758,8.99375,28868.9,-46.6,7.2,187.0,-52.6,0.6,-1.0,RS41-SG,404.900,8.8,250,10,2.5,,
2026-09-29T00:51:10.004Z,Y1152195,8202,45.47732,8.99375,28685.6,-46.2,8.1,164.7,-53.0,0.6,-1.0,RS41-SG,404.900,7.7,250,9,2.6,,
2026-09-29T00:51:11.004Z,Y1152195,8203,45.47724,8.99378,28640.6,-45.7,9.3,167.6,-53.2,0.7,-1.0,RS41-SG,404.900,7.7,250,10,2.6,,
2026-09-29T00:51:12.004Z,Y1152195,8204,45.47717,8.99381,28596.3,-45.0,8.9,158.0,-53.4,0.7,-1.0,RS41-SG,404.900,7.8,250,10,2.5,,
2026-09-29T00:51:13.004Z,Y1152195,8205,45.47709,8.99386,28551.3,-45.1,10.0,155.9,-53.6,0.7,-1.0,RS41-SG,404.900,8.0,250,10,2.5,,
2026-09-29T00:51:18.004Z,Y1152195,8210,45.47677,8.99417,28331.6,-44.2,6.7,129.6,-55.3,0.8,-1.0,RS41-SG,404.900,8.0,250,9,2.5,,
2026-09-29T00:51:20.004Z,Y1152195,8212,45.47669,8.99429,28245.5,-43.5,4.8,122.9,-55.0,0.8,-1.0,RS41-SG,404.900,7.9,250,8,2.5,,
2026-09-29T00:51:21.004Z,Y1152195,8213,45.47666,8.99434,28202.6,-43.6,5.5,126.8,-55.0,0.8,-1.0,RS41-SG,404.900,7.9,250,9,2.5,,
2026-09-29T00:51:23.004Z,Y1152195,8215,45.47663,8.99443,28117.0,-43.2,3.7,106.8,-55.3,0.8,-1.0,RS41-SG,404.900,7.4,250,8,2.6,,
2026-09-29T00:51:25.004Z,Y1152195,8217,45.47662,8.99449,28031.8,-42.9,2.2,80.5,-55.4,0.8,-1.0,RS41-SG,404.900,7.4,250,7,2.5,,
2026-09-29T00:51:27.004Z,Y1152195,8219,45.47662,8.99455,27946.7,-42.9,1.4,86.1,-55.6,0.8,-1.0,RS41-SG,404.900,7.0,250,9,2.5,,
