timestamp,serial,frame,lat,lon,alt,vel_v,vel_h,heading,temp,humidity,pressure,type,freq_mhz,snr,f_error_hz,sats,batt_v,burst_timer,aux_data
2026-10-05T12:28:21.002Z,Y1153015,6774,45.20832,8.97791,25967.6,5.4,4.8,25.0,-273.0,-1.0,-1.0,RS41,404.900,6.8,250,10,2.6,,
2026-10-05T12:30:21.002Z,Y1153015,6894,45.20997,8.97963,26651.7,6.5,3.3,2.6,-273.0,-1.0,-1.0,RS41,404.900,7.2,250,10,2.6,,
2026-10-05T12:30:27.002Z,Y1153015,6900,45.21024,8.97963,26685.3,5.5,3.7,32.8,-273.0,-1.0,-1.0,RS41,404.900,7.2,250,10,2.7,,
2026-10-05T12:31:13.002Z,Y1153015,6946,45.21087,8.98177,26949.6,6.4,5.7,87.4,-273.0,-1.0,-1.0,RS41,404.900,7.1,250,10,2.6,,
2026-10-05T12:31:17.002Z,Y1153015,6950,45.21087,8.98203,26972.5,5.0,4.7,97.9,-273.0,-1.0,-1.0,RS41,404.900,7.4,250,10,2.7,,
2026-10-05T12:31:18.002Z,Y1153015,6951,45.21087,8.98208,26977.8,5.6,4.1,98.8,-273.0,-1.0,-1.0,RS41,404.900,7.4,250,10,2.7,,
2026-10-05T12:33:58.003Z,Y1153015,7111,45.20927,8.99836,27898.0,7.0,11.5,137.4,-273.0,-1.0,-1.0,RS41,404.900,6.6,250,11,2.7,,
2026-10-05T12:34:24.003Z,Y1153015,7137,45.20800,9.00030,28052.9,5.5,6.8,132.8,-273.0,-1.0,-1.0,RS41,404.900,6.8,250,11,2.6,,
2026-10-05T12:34:34.003Z,Y1153015,7147,45.20747,9.00081,28114.5,4.9,6.3,115.5,-273.0,-1.0,-1.0,RS41,404.900,7.1,250,11,2.7,,
2026-10-05T12:34:39.003Z,Y1153015,7152,45.20740,9.00116,28143.6,5.8,5.0,110.9,-273.0,-1.0,-1.0,RS41,404.900,7.3,250,11,2.7,,
2026-10-05T12:34:41.003Z,Y1153015,7154,45.20735,9.00129,28156.0,5.7,6.1,121.0,-273.0,-1.0,-1.0,RS41,404.900,7.4,250,11,2.6,,
2026-10-05T12:34:42.003Z,Y1153015,7155,45.20732,9.00135,28161.8,5.9,6.1,124.8,-273.0,-1.0,-1.0,RS41,404.900,7.4,250,11,2.6,,
2026-10-05T12:34:44.003Z,Y1153015,7157,45.20727,9.00146,28174.7,6.9,4.0,136.5,-273.0,-1.0,-1.0,RS41,404.900,6.5,250,11,2.6,,
2026-10-05T12:34:58.003Z,Y1153015,7171,45.20723,9.00229,28256.2,5.5,5.8,94.2,-273.0,-1.0,-1.0,RS41,404.900,7.6,250,11,2.7,,
2026-10-05T12:34:59.003Z,Y1153015,7172,45.20723,9.00235,28262.2,6.6,4.6,86.9,-273.0,-1.0,-1.0,RS41,404.900,7.6,250,11,2.6,,
2026-10-05T12:35:01.003Z,Y1153015,7174,45.20724,9.00244,28274.5,5.2,2.6,63.6,-273.0,-1.0,-1.0,RS41,404.900,7.0,250,11,2.6,,
2026-10-05T12:35:13.003Z,Y1153015,7186,45.20737,9.00319,28346.5,6.0,4.0,77.3,-273.0,-1.0,-1.0,RS41,404.900,7.8,250,11,2.6,,
2026-10-05T12:35:18.003Z,Y1153015,7191,45.20744,9.00327,28377.0,7.6,3.3,45.0,-273.0,-1.0,-1.0,RS41,404.900,7.4,250,11,2.6,,
2026-10-05T12:35:20.003Z,Y1153015,7193,45.20749,9.00337,28389.0,5.0,6.1,66.0,-273.0,-1.0,-1.0,RS41,404.900,6.7,250,11,2.6,,
2026-10-05T12:35:21.003Z,Y1153015,7194,45.20751,9.00345,28394.7,6.4,7.1,64.7,-273.0,-1.0,-1.0,RS41,404.900,7.3,250,11,2.7,,
2026-10-05T12:35:22.003Z,Y1153015,7195,45.20754,9.00353,28401.2,6.7,7.1,59.2,-273.0,-1.0,-1.0,RS41,404.900,7.4,250,11,2.7,,
2026-10-05T12:35:24.003Z,Y1153015,7197,45.20761,9.00367,28412.9,6.3,6.6,54.7,-273.0,-1.0,-1.0,RS41,404.900,7.5,250,11,2.6,,
2026-10-05T12:35:25.003Z,Y1153015,7198,45.20764,9.00374,28419.5,7.0,6.6,58.9,-273.0,-1.0,-1.0,RS41,404.900,7.5,250,11,2.6,,
2026-10-05T12:35:27.003Z,Y1153015,7200,45.20769,9.00388,28431.4,5.7,5.6,63.2,-273.0,-1.0,-1.0,RS41,404.900,7.6,250,11,2.7,,
2026-10-05T12:35:28.003Z,Y1153015,7201,45.20772,9.00393,28437.4,6.2,4.2,55.4,-273.0,-1.0,-1.0,RS41,404.900,7.6,250,11,2.7,,
2026-10-05T12:35:29.003Z,Y1153015,7202,45.20774,9.00397,28443.6,6.2,3.2,35.7,-273.0,-1.0,-1.0,RS41,404.900,7.3,250,11,2.6,,
2026-10-05T12:35:30.003Z,Y1153015,7203,45.20776,9.00398,28449.4,5.4,3.0,15.8,-273.0,-1.0,-1.0,RS41,404.900,7.6,250,11,2.6,,
2026-10-05T12:35:31.003Z,Y1153015,7204,45.20779,9.00399,28454.6,5.1,3.3,15.8,-273.0,-1.0,-1.0,RS41,404.900,7.6,250,11,2.6,,
2026-10-05T12:35:37.003Z,Y1153015,7210,45.20799,9.00439,28489.8,6.9,7.6,63.4,-273.0,-1.0,-1.0,RS41,404.900,7.8,250,11,2.6,,
2026-10-05T12:35:39.003Z,Y1153015,7212,45.20804,9.00453,28502.4,5.1,4.8,60.1,-273.0,-1.0,-1.0,RS41,404.900,7.2,250,11,2.7,,
2026-10-05T12:35:40.003Z,Y1153015,7213,45.20806,9.00457,28507.3,4.6,3.9,64.3,-273.0,-1.0,-1.0,RS41,404.900,6.9,250,11,2.7,,
2026-10-05T12:35:50.003Z,Y1153015,7223,45.20815,9.00510,28566.6,6.1,5.7,70.9,-273.0,-1.0,-1.0,RS41,404.900,6.9,250,11,2.7,,
2026-10-05T12:35:52.003Z,Y1153015,7225,45.20818,9.00525,28577.6,5.4,6.8,85.1,-273.0,-1.0,-1.0,RS41,404.900,7.9,250,11,2.7,,
2026-10-05T12:35:57.003Z,Y1153015,7230,45.20806,9.00555,28605.4,5.3,3.8,145.8,-273.0,-1.0,-1.0,RS41,404.900,7.4,250,11,2.7,,
2026-10-05T12:36:31.003Z,Y1153015,7264,45.20859,9.00804,28804.5,5.4,9.8,52.5,-273.0,-1.0,-1.0,RS41,404.900,6.9,250,11,2.6,,
2026-10-05T12:37:34.003Z,Y1153015,7327,45.20926,9.01665,29162.1,6.9,12.7,87.4,-273.0,-1.0,-1.0,RS41,404.900,6.7,250,12,2.6,,
2026-10-05T12:37:35.003Z,Y1153015,7328,45.20926,9.01680,29168.7,6.2,12.4,89.6,-273.0,-1.0,-1.0,RS41-SG,404.900,6.7,250,12,2.7,,
2026-10-05T12:39:45.003Z,Y1153015,7458,45.20367,9.03238,29974.3,7.1,7.8,139.4,-273.0,-1.0,-1.0,RS41-SG,404.900,6.8,250,12,2.7,,
2026-10-05T12:40:05.003Z,Y1153015,7478,45.20255,9.03346,30102.1,7.6,10.2,139.6,-273.0,-1.0,-1.0,RS41-SG,404.900,6.6,250,12,2.6,,
2026-10-05T12:40:08.003Z,Y1153015,7481,45.20236,9.03368,30121.3,7.0,8.6,141.1,-273.0,-1.0,-1.0,RS41,404.900,7.4,250,12,2.7,,
2026-10-05T12:40:10.003Z,Y1153015,7483,45.20225,9.03382,30134.5,5.6,8.3,131.8,-273.0,-1.0,-1.0,RS41,404.900,7.1,250,12,2.6,,
2026-10-05T12:40:11.003Z,Y1153015,7484,45.20220,9.03390,30140.7,6.7,7.6,131.7,-273.0,-1.0,-1.0,RS41,404.900,7.1,250,12,2.6,,
2026-10-05T12:40:12.003Z,Y1153015,7485,45.20216,9.03396,30147.6,7.2,6.3,138.3,-273.0,-1.0,-1.0,RS41,404.900,8.2,250,12,2.7,,
2026-10-05T12:40:13.003Z,Y1153015,7486,45.20211,9.03401,30154.4,6.3,5.5,149.0,-273.0,-1.0,-1.0,RS41,404.900,8.2,250,12,2.7,,
2026-10-05T12:40:16.003Z,Y1153015,7489,45.20197,9.03409,30172.9,7.6,6.8,151.0,-273.0,-1.0,-1.0,RS41,404.900,7.1,250,12,2.6,,
2026-10-05T12:40:17.003Z,Y1153015,7490,45.20192,9.03414,30180.2,6.8,8.1,144.5,-273.0,-1.0,-1.0,RS41,404.900,7.3,250,12,2.6,,
2026-10-05T12:40:19.003Z,Y1153015,7492,45.20179,9.03429,30192.2,6.1,10.7,140.8,-273.0,-1.0,-1.0,RS41,404.900,7.9,250,12,2.7,,
2026-10-05T12:40:20.003Z,Y1153015,7493,45.20171,9.03438,30198.7,7.0,11.5,143.9,-273.0,-1.0,-1.0,RS41,404.900,7.9,250,12,2.6,,
2026-10-05T12:40:22.003Z,Y1153015,7495,45.20153,9.03454,30210.8,4.8,12.0,149.3,-273.0,-1.0,-1.0,RS41,404.900,6.5,250,12,2.6,,
2026-10-05T12:40:23.003Z,Y1153015,7496,45.20144,9.03462,30215.9,5.4,12.4,148.8,-273.0,-1.0,-1.0,RS41,404.900,6.9,250,12,2.7,,
2026-10-05T12:40:26.003Z,Y1153015,7499,45.20116,9.03491,30234.5,6.0,13.0,140.4,-273.0,-1.0,-1.0,RS41,404.900,8.2,250,12,2.6,,
2026-10-05T12:40:27.003Z,Y1153015,7500,45.20107,9.03501,30240.7,6.4,12.3,142.3,-273.0,-1.0,-1.0,RS41,404.900,8.2,250,12,2.6,,
2026-10-05T12:40:28.003Z,Y1153015,7501,45.20098,9.03510,30247.3,6.9,11.4,148.1,-273.0,-1.0,-1.0,RS41,404.900,8.2,250,12,2.6,,
2026-10-05T12:40:33.003Z,Y1153015,7506,45.20053,9.03534,30276.9,7.0,12.2,153.9,-273.0,-1.0,-1.0,RS41,404.900,8.1,250,12,2.6,,
2026-10-05T12:40:34.003Z,Y1153015,7507,45.20044,9.03542,30283.2,5.7,13.1,148.4,-273.0,-1.0,-1.0,RS41,404.900,8.1,250,12,2.7,,
2026-10-05T12:40:35.003Z,Y1153015,7508,45.20033,9.03551,30288.9,5.8,13.9,144.9,-273.0,-1.0,-1.0,RS41,404.900,7.1,250,12,2.7,,
2026-10-05T12:40:36.003Z,Y1153015,7509,45.20023,9.03562,30295.1,6.7,14.3,144.8,-273.0,-1.0,-1.0,RS41,404.900,7.1,250,12,2.7,,
2026-10-05T12:40:40.003Z,Y1153015,7513,45.19980,9.03599,30319.5,6.5,13.7,148.0,-273.0,-1.0,-1.0,RS41,404.900,7.3,250,12,2.7,,
2026-10-05T12:40:42.003Z,Y1153015,7515,45.19960,9.03620,30332.6,5.7,13.5,140.0,-273.0,-1.0,-1.0,RS41,404.900,7.2,250,12,2.6,,
2026-10-05T12:40:43.003Z,Y1153015,7516,45.19951,9.03631,30338.2,5.6,13.2,139.5,-273.0,-1.0,-1.0,RS41,404.900,7.5,250,12,2.6,,
2026-10-05T12:40:44.003Z,Y1153015,7517,45.19942,9.03641,30344.2,6.3,12.8,143.1,-273.0,-1.0,-1.0,RS41,404.900,7.5,250,12,2.6,,
2026-10-05T12:40:45.003Z,Y1153015,7518,45.19933,9.03650,30350.8,7.0,12.6,150.0,-273.0,-1.0,-1.0,RS41,404.900,7.8,250,12,2.7,,
2026-10-05T12:40:51.003Z,Y1153015,7524,45.19869,9.03696,30386.3,5.3,13.9,141.7,-273.0,-1.0,-1.0,RS41,404.900,7.1,250,12,2.7,,
2026-10-05T12:40:52.003Z,Y1153015,7525,45.19860,9.03707,30392.1,6.2,13.9,140.2,-273.0,-1.0,-1.0,RS41,404.900,7.6,250,12,2.7,,
2026-10-05T12:40:54.003Z,Y1153015,7527,45.19840,9.03728,30404.8,5.3,13.2,145.7,-273.0,-1.0,-1.0,RS41,404.900,7.0,250,12,2.6,,
2026-10-05T12:40:57.003Z,Y1153015,7530,45.19813,9.03754,30421.8,6.5,11.8,143.0,-273.0,-1.0,-1.0,RS41,404.900,6.9,250,12,2.7,,
2026-10-05T12:40:59.003Z,Y1153015,7532,45.19796,9.03773,30433.6,5.2,11.4,140.3,-273.0,-1.0,-1.0,RS41,404.900,7.7,250,12,2.6,,
2026-10-05T12:41:06.003Z,Y1153015,7539,45.19726,9.03818,30475.9,6.4,11.7,150.9,-273.0,-1.0,-1.0,RS41,404.900,7.9,250,12,2.6,,
2026-10-05T12:41:07.003Z,Y1153015,7540,45.19718,9.03826,30481.3,4.5,11.1,143.8,-273.0,-1.0,-1.0,RS41,404.900,7.9,250,12,2.7,,
2026-10-05T12:41:09.003Z,Y1153015,7542,45.19703,9.03843,30491.6,6.0,10.1,138.1,-273.0,-1.0,-1.0,RS41,404.900,7.2,250,12,2.7,,
2026-10-05T12:41:19.003Z,Y1153015,7552,45.19629,9.03916,30548.0,6.1,10.7,143.2,-273.0,-1.0,-1.0,RS41,404.900,7.4,250,12,2.7,,
2026-10-05T12:41:20.003Z,Y1153015,7553,45.19621,9.03923,30554.4,6.7,10.9,154.1,-50.9,0.8,-1.0,RS41,404.900,7.4,250,12,2.7,,
2026-10-05T12:41:21.003Z,Y1153015,7554,45.19612,9.03928,30560.3,5.1,11.1,163.3,-50.9,0.9,-1.0,RS41,404.900,7.7,250,12,2.6,,
2026-10-05T12:41:22.003Z,Y1153015,7555,45.19602,9.03931,30565.3,4.9,11.1,170.1,-51.0,0.8,-1.0,RS41,404.900,7.7,250,12,2.6,,
2026-10-05T12:41:23.003Z,Y1153015,7556,45.19593,9.03934,30570.6,5.8,10.4,171.8,-51.1,0.9,-1.0,RS41,404.900,7.4,250,12,2.6,,
2026-10-05T12:41:35.003Z,Y1153015,7568,45.19521,9.04004,30641.1,6.6,8.0,148.0,-51.5,0.9,-1.0,RS41,404.900,7.5,250,12,2.7,,
2026-10-05T12:41:36.003Z,Y1153015,7569,45.19515,9.04008,30647.5,6.3,7.5,159.1,-51.5,0.9,-1.0,RS41,404.900,8.0,250,12,2.7,,
2026-10-05T12:41:37.003Z,Y1153015,7570,45.19509,9.04011,30653.0,4.5,7.1,167.8,-51.6,0.9,-1.0,RS41,404.900,8.0,250,12,2.6,,
2026-10-05T12:41:38.003Z,Y1153015,7571,45.19503,9.04012,30657.9,5.3,6.2,173.1,-51.7,0.9,-1.0,RS41,404.900,7.8,250,12,2.6,,
2026-10-05T12:41:39.003Z,Y1153015,7572,45.19498,9.04013,30663.9,6.6,4.9,168.1,-51.9,0.9,-1.0,RS41,404.900,7.8,250,12,2.6,,
2026-10-05T12:41:44.003Z,Y1153015,7577,45.19485,9.04030,30692.5,6.4,4.7,137.3,-51.7,0.8,-1.0,RS41,404.900,7.6,250,12,2.6,,
2026-10-05T12:41:45.003Z,Y1153015,7578,45.19482,9.04034,30698.6,5.8,5.3,148.5,-51.8,0.8,-1.0,RS41,404.900,7.6,250,12,2.6,,
2026-10-05T12:41:46.003Z,Y1153015,7579,45.19477,9.04037,30703.9,4.8,5.8,155.4,-52.0,0.9,-1.0,RS41,404.900,7.4,250,12,2.7,,
2026-10-05T12:41:49.003Z,Y1153015,7582,45.19465,9.04046,30720.0,6.4,4.4,139.8,-51.9,0.8,-1.0,RS41,404.900,6.8,250,12,2.6,,
2026-10-05T12:41:51.003Z,Y1153015,7584,45.19461,9.04055,30731.8,4.8,3.9,105.4,-51.8,0.9,-1.0,RS41,404.900,7.5,250,12,2.7,,
2026-10-05T12:41:54.003Z,Y1153015,7587,45.19457,9.04068,30747.8,6.3,3.8,138.4,-51.9,0.9,-1.0,RS41,404.900,7.4,250,12,2.6,,
2026-10-05T12:42:01.003Z,Y1153015,7594,45.19432,9.04092,30786.6,4.5,6.3,105.1,-52.0,0.9,-1.0,RS41,404.900,7.4,250,12,2.6,,
2026-10-05T12:42:12.003Z,Y1153015,7605,45.19395,9.04170,30850.4,5.3,4.4,152.5,-51.6,0.8,-1.0,RS41,404.900,7.0,250,12,2.6,,
2026-10-05T12:42:14.003Z,Y1153015,7607,45.19389,9.04176,30861.0,5.7,4.2,137.4,-51.9,0.8,-1.0,RS41,404.900,7.1,250,12,2.7,,
2026-10-05T12:42:15.003Z,Y1153015,7608,45.19386,9.04180,30867.0,6.3,4.5,114.3,-52.0,0.8,-1.0,RS41,404.900,7.6,250,12,2.7,,
2026-10-05T12:42:20.003Z,Y1153015,7613,45.19380,9.04217,30897.3,6.1,7.3,127.6,-51.7,0.8,-1.0,RS41,404.900,8.3,250,12,2.7,,
2026-10-05T12:42:35.003Z,Y1153015,7628,45.19318,9.04342,30978.8,5.1,9.5,104.1,-51.5,0.8,-1.0,RS41,404.900,7.7,250,12,2.7,,
2026-10-05T12:42:37.003Z,Y1153015,7630,45.19313,9.04363,30990.4,6.4,8.0,116.5,-51.4,0.8,-1.0,RS41,404.900,7.7,250,12,2.7,,
2026-10-05T12:43:13.003Z,Y1153015,7666,45.19094,9.04657,31199.7,5.1,8.6,116.5,-50.6,0.7,-1.0,RS41,404.900,7.4,250,12,2.6,,
