timestamp,serial,frame,lat,lon,alt,vel_v,vel_h,heading,temp,humidity,pressure,type,freq_mhz,snr,f_error_hz,sats,batt_v,burst_timer,aux_data
2026-09-27T00:31:16.999Z,Y1152264,7031,45.48327,8.84640,26316.1,5.2,4.8,339.7,-273.0,-1.0,-1.0,RS41,404.900,6.3,250,10,2.5,,
2026-09-27T00:31:18.999Z,Y1152264,7033,45.48335,8.84638,26327.5,6.8,3.6,353.4,-273.0,-1.0,-1.0,RS41,404.900,6.8,250,10,2.6,,
2026-09-27T00:31:21.999Z,Y1152264,7036,45.48341,8.84636,26344.3,5.9,1.9,332.8,-273.0,-1.0,-1.0,RS41,404.900,7.0,250,10,2.5,,
2026-09-27T00:31:22.999Z,Y1152264,7037,45.48343,8.84634,26350.7,6.8,3.0,329.3,-273.0,-1.0,-1.0,RS41,404.900,7.2,250,10,2.5,,
2026-09-27T00:31:23.999Z,Y1152264,7038,45.48346,8.84632,26356.6,5.3,4.0,331.2,-273.0,-1.0,-1.0,RS41,404.900,7.2,250,10,2.5,,
2026-09-27T00:31:24.999Z,Y1152264,7039,45.48349,8.84629,26362.0,5.2,4.7,328.8,-273.0,-1.0,-1.0,RS41,404.900,6.9,250,10,2.5,,
2026-09-27T00:31:25.999Z,Y1152264,7040,45.48353,8.84626,26367.6,6.1,4.9,322.9,-273.0,-1.0,-1.0,RS41,404.900,6.8,250,10,2.6,,
2026-09-27T00:31:26.999Z,Y1152264,7041,45.48356,8.84622,26373.9,6.2,4.8,314.8,-273.0,-1.0,-1.0,RS41,404.900,7.4,250,10,2.6,,
2026-09-27T00:31:27.999Z,Y1152264,7042,45.48359,8.84617,26379.6,5.2,4.8,310.3,-273.0,-1.0,-1.0,RS41,404.900,7.4,250,10,2.5,,
2026-09-27T00:31:32.999Z,Y1152264,7047,45.48378,8.84596,26408.3,6.3,5.0,332.9,-273.0,-1.0,-1.0,RS41,404.900,7.0,250,10,2.6,,
2026-09-27T00:31:33.999Z,Y1152264,7048,45.48382,8.84594,26414.7,6.6,3.1,333.7,-273.0,-1.0,-1.0,RS41,404.900,7.3,250,10,2.6,,
2026-09-27T00:31:34.999Z,Y1152264,7049,45.48384,8.84592,26420.3,4.6,1.7,332.7,-273.0,-1.0,-1.0,RS41,404.900,7.3,250,10,2.5,,
2026-09-27T00:31:35.999Z,Y1152264,7050,45.48385,8.84592,26425.2,5.4,0.7,349.4,-273.0,-1.0,-1.0,RS41,404.900,7.6,250,10,2.5,,
2026-09-27T00:31:36.999Z,Y1152264,7051,45.48385,8.84592,26431.5,7.2,1.0,9.5,-273.0,-1.0,-1.0,RS41,404.900,7.6,250,10,2.5,,
2026-09-27T00:31:37.999Z,Y1152264,7052,45.48387,8.84592,26437.8,5.4,1.7,3.0,-273.0,-1.0,-1.0,RS41,404.900,7.6,250,10,2.5,,
2026-09-27T00:31:38.999Z,Y1152264,7053,45.48389,8.84592,26443.0,5.0,2.7,348.9,-273.0,-1.0,-1.0,RS41,404.900,8.1,250,10,2.5,,
2026-09-27T00:31:39.999Z,Y1152264,7054,45.48391,8.84591,26448.6,6.2,3.4,336.7,-273.0,-1.0,-1.0,RS41,404.900,8.1,250,10,2.6,,
2026-09-27T00:31:40.999Z,Y1152264,7055,45.48394,8.84588,26455.0,6.6,3.7,324.7,-273.0,-1.0,-1.0,RS41,404.900,8.0,250,10,2.6,,
2026-09-27T00:31:41.999Z,Y1152264,7056,45.48397,8.84585,26460.8,5.2,4.2,318.6,-273.0,-1.0,-1.0,RS41,404.900,8.0,250,10,2.5,,
2026-09-27T00:31:42.999Z,Y1152264,7057,45.48400,8.84581,26466.3,5.8,5.1,319.0,-273.0,-1.0,-1.0,RS41,404.900,7.7,250,10,2.5,,
2026-09-27T00:31:43.999Z,Y1152264,7058,45.48404,8.84577,26472.1,6.0,6.2,324.3,-273.0,-1.0,-1.0,RS41,404.900,7.7,250,10,2.5,,
2026-09-27T00:31:44.999Z,Y1152264,7059,45.48409,8.84573,26478.1,5.8,6.9,330.9,-273.0,-1.0,-1.0,RS41,404.900,6.8,250,10,2.5,,
2026-09-27T00:31:45.999Z,Y1152264,7060,45.48414,8.84569,26483.5,5.0,6.8,337.0,-273.0,-1.0,-1.0,RS41,404.900,7.8,250,10,2.6,,
2026-09-27T00:31:46.999Z,Y1152264,7061,45.48420,8.84566,26488.9,5.8,5.6,346.8,-273.0,-1.0,-1.0,RS41,404.900,7.8,250,10,2.6,,
2026-09-27T00:31:47.999Z,Y1152264,7062,45.48424,8.84566,26495.2,6.8,3.7,4.1,-273.0,-1.0,-1.0,RS41,404.900,7.5,250,10,2.6,,
2026-09-27T00:31:48.999Z,Y1152264,7063,45.48426,8.84567,26501.6,6.0,2.3,36.8,-273.0,-1.0,-1.0,RS41,404.900,7.7,250,10,2.5,,
2026-09-27T00:31:49.999Z,Y1152264,7064,45.48427,8.84569,26506.9,4.7,2.1,79.5,-273.0,-1.0,-1.0,RS41,404.900,7.8,250,10,2.5,,
2026-09-27T00:31:50.999Z,Y1152264,7065,45.48427,8.84572,26511.9,5.4,2.6,98.6,-273.0,-1.0,-1.0,RS41,404.900,7.8,250,10,2.5,,
2026-09-27T00:31:51.999Z,Y1152264,7066,45.48427,8.84575,26518.1,7.0,2.7,89.4,-273.0,-1.0,-1.0,RS41,404.900,7.5,250,10,2.5,,
2026-09-27T00:31:52.999Z,Y1152264,7067,45.48427,8.84578,26524.4,5.5,2.6,67.6,-273.0,-1.0,-1.0,RS41,404.900,8.2,250,10,2.5,,
2026-09-27T00:31:53.999Z,Y1152264,7068,45.48429,8.84581,26529.7,5.3,2.6,45.6,-273.0,-1.0,-1.0,RS41,404.900,8.2,250,10,2.6,,
2026-09-27T00:31:54.999Z,Y1152264,7069,45.48431,8.84583,26535.7,6.8,2.4,17.8,-273.0,-1.0,-1.0,RS41,404.900,8.2,250,10,2.6,,
2026-09-27T00:31:55.999Z,Y1152264,7070,45.48433,8.84583,26542.0,5.7,2.4,357.8,-273.0,-1.0,-1.0,RS41,404.900,8.2,250,10,2.5,,
2026-09-27T00:31:56.999Z,Y1152264,7071,45.48435,8.84583,26547.8,5.7,3.2,342.1,-273.0,-1.0,-1.0,RS41,404.900,7.9,250,10,2.5,,
2026-09-27T00:31:57.999Z,Y1152264,7072,45.48438,8.84581,26554.1,7.0,4.6,340.3,-273.0,-1.0,-1.0,RS41,404.900,7.9,250,10,2.5,,
2026-09-27T00:31:58.999Z,Y1152264,7073,45.48443,8.84579,26560.7,6.0,5.9,343.7,-273.0,-1.0,-1.0,RS41-SG,404.900,7.7,250,10,2.6,,
2026-09-27T00:31:59.999Z,Y1152264,7074,45.48448,8.84577,26566.0,4.7,6.6,347.4,-273.0,-1.0,-1.0,RS41-SG,404.900,6.9,250,10,2.6,,
2026-09-27T00:32:00.999Z,Y1152264,7075,45.48454,8.84576,26571.0,5.3,6.4,351.8,-273.0,-1.0,-1.0,RS41-SG,404.900,7.4,250,10,2.5,,
2026-09-27T00:32:01.999Z,Y1152264,7076,45.48459,8.84575,26576.9,6.4,5.2,357.4,-273.0,-1.0,-1.0,RS41-SG,404.900,7.5,250,10,2.5,,
2026-09-27T00:32:02.999Z,Y1152264,7077,45.48463,8.84575,26583.4,6.6,3.7,5.0,-273.0,-1.0,-1.0,RS41-SG,404.900,8.1,250,10,2.5,,
2026-09-27T00:32:03.999Z,Y1152264,7078,45.48466,8.84576,26589.0,4.7,2.7,15.7,-273.0,-1.0,-1.0,RS41-SG,404.900,8.2,250,10,2.5,,
2026-09-27T00:32:04.999Z,Y1152264,7079,45.48468,8.84577,26593.9,5.1,2.4,25.7,-273.0,-1.0,-1.0,RS41-SG,404.900,8.2,250,10,2.6,,
2026-09-27T00:32:05.999Z,Y1152264,7080,45.48470,8.84578,26599.7,6.7,2.5,20.3,-273.0,-1.0,-1.0,RS41-SG,404.900,8.0,250,10,2.6,,
2026-09-27T00:32:06.999Z,Y1152264,7081,45.48473,8.84579,26606.1,5.9,2.9,7.6,-273.0,-1.0,-1.0,RS41-SG,404.900,8.1,250,10,2.5,,
2026-09-27T00:32:07.999Z,Y1152264,7082,45.48475,8.84579,26611.5,4.8,3.6,355.7,-273.0,-1.0,-1.0,RS41-SG,404.900,8.1,250,10,2.5,,
2026-09-27T00:32:08.999Z,Y1152264,7083,45.48479,8.84578,26616.7,5.7,3.7,345.7,-273.0,-1.0,-1.0,RS41-SG,404.900,8.3,250,10,2.5,,
2026-09-27T00:32:09.999Z,Y1152264,7084,45.48482,8.84577,26622.8,6.3,3.3,335.9,-273.0,-1.0,-1.0,RS41-SG,404.900,8.3,250,10,2.5,,
2026-09-27T00:32:10.999Z,Y1152264,7085,45.48484,8.84575,26628.6,5.3,3.0,324.8,-273.0,-1.0,-1.0,RS41-SG,404.900,8.7,250,10,2.6,,
2026-09-27T00:32:11.999Z,Y1152264,7086,45.48486,8.84572,26633.7,5.0,3.3,318.4,-273.0,-1.0,-1.0,RS41-SG,404.900,8.7,250,10,2.6,,
2026-09-27T00:32:12.999Z,Y1152264,7087,45.48489,8.84569,26639.2,5.8,4.4,319.0,-273.0,-1.0,-1.0,RS41-SG,404.900,8.8,250,10,2.5,,
2026-09-27T00:32:13.999Z,Y1152264,7088,45.48493,8.84565,26645.4,6.7,5.9,324.9,-273.0,-1.0,-1.0,RS41-SG,404.900,8.8,250,10,2.5,,
2026-09-27T00:32:14.999Z,Y1152264,7089,45.48497,8.84561,26651.8,5.8,7.0,330.7,-273.0,-1.0,-1.0,RS41-SG,404.900,8.8,250,10,2.5,,
2026-09-27T00:32:15.999Z,Y1152264,7090,45.48503,8.84557,26657.4,5.5,7.2,337.4,-273.0,-1.0,-1.0,RS41-SG,404.900,8.8,250,10,2.6,,
2026-09-27T00:32:16.999Z,Y1152264,7091,45.48509,8.84554,26663.4,6.6,6.7,346.8,-273.0,-1.0,-1.0,RS41-SG,404.900,8.5,250,10,2.6,,
2026-09-27T00:32:17.999Z,Y1152264,7092,45.48515,8.84553,26670.0,6.5,5.7,359.4,-273.0,-1.0,-1.0,RS41-SG,404.900,8.4,250,10,2.5,,
2026-09-27T00:32:18.999Z,Y1152264,7093,45.48519,8.84554,26675.5,4.7,4.9,12.2,-273.0,-1.0,-1.0,RS41-SG,404.900,8.5,250,10,2.5,,
2026-09-27T00:32:19.999Z,Y1152264,7094,45.48523,8.84555,26680.7,5.7,4.5,26.1,-273.0,-1.0,-1.0,RS41-SG,404.900,8.5,250,10,2.5,,
2026-09-27T00:32:20.999Z,Y1152264,7095,45.48527,8.84558,26686.9,6.8,4.3,26.6,-273.0,-1.0,-1.0,RS41-SG,404.900,7.9,250,10,2.5,,
2026-09-27T00:32:21.999Z,Y1152264,7096,45.48530,8.84560,26692.8,5.0,4.1,19.9,-53.8,-1.0,-1.0,RS41-SG,404.900,7.7,250,10,2.6,,
2026-09-27T00:32:22.999Z,Y1152264,7097,45.48533,8.84561,26698.3,5.9,3.5,10.1,-53.7,0.7,-1.0,RS41-SG,404.900,7.5,250,10,2.6,,
2026-09-27T00:32:23.999Z,Y1152264,7098,45.48536,8.84562,26704.5,6.7,2.5,357.1,-53.5,0.7,-1.0,RS41-SG,404.900,7.9,250,10,2.5,,
2026-09-27T00:32:24.999Z,Y1152264,7099,45.48538,8.84561,26710.4,5.2,2.0,345.3,-53.5,0.7,-1.0,RS41-SG,404.900,7.9,250,10,2.5,,
2026-09-27T00:32:25.999Z,Y1152264,7100,45.48540,8.84560,26716.0,5.9,2.4,330.6,-53.5,0.7,-1.0,RS41-SG,404.900,7.4,250,10,2.5,,
2026-09-27T00:32:26.999Z,Y1152264,7101,45.48542,8.84558,26722.3,6.7,3.7,325.4,-53.5,0.7,-1.0,RS41-SG,404.900,7.6,250,10,2.5,,
2026-09-27T00:32:27.999Z,Y1152264,7102,45.48546,8.84555,26728.7,6.2,5.2,329.2,-53.5,0.7,-1.0,RS41-SG,404.900,7.6,250,10,2.6,,
2026-09-27T00:32:28.999Z,Y1152264,7103,45.48550,8.84552,26734.4,5.2,6.2,334.7,-53.6,0.7,-1.0,RS41-SG,404.900,7.4,250,10,2.6,,
2026-09-27T00:32:31.999Z,Y1152264,7106,45.48566,8.84547,26752.5,4.9,5.3,3.8,-53.6,0.7,-1.0,RS41-SG,404.900,8.0,250,10,2.5,,
2026-09-27T00:32:32.999Z,Y1152264,7107,45.48570,8.84548,26757.4,4.9,5.0,18.1,-53.7,0.7,-1.0,RS41-SG,404.900,8.1,250,10,2.6,,
2026-09-27T00:32:33.999Z,Y1152264,7108,45.48575,8.84550,26763.1,6.3,5.3,26.5,-53.7,0.7,-1.0,RS41-SG,404.900,8.1,250,10,2.6,,
2026-09-27T00:32:34.999Z,Y1152264,7109,45.48579,8.84554,26769.4,6.1,5.6,26.2,-53.8,0.7,-1.0,RS41-SG,404.900,8.1,250,10,2.5,,
2026-09-27T00:32:35.999Z,Y1152264,7110,45.48584,8.84557,26774.9,4.9,5.5,24.8,-53.8,0.7,-1.0,RS41-SG,404.900,8.6,250,10,2.5,,
2026-09-27T00:32:36.999Z,Y1152264,7111,45.48588,8.84559,26780.1,5.5,4.7,25.3,-53.9,0.8,-1.0,RS41-SG,404.900,8.6,250,10,2.5,,
2026-09-27T00:32:37.999Z,Y1152264,7112,45.48591,8.84562,26786.1,6.4,3.4,31.1,-53.9,0.8,-1.0,RS41-SG,404.900,8.5,250,10,2.5,,
2026-09-27T00:32:38.999Z,Y1152264,7113,45.48593,8.84564,26792.4,6.1,2.1,42.9,-54.0,0.7,-1.0,RS41-SG,404.900,9.1,250,10,2.6,,
2026-09-27T00:32:39.999Z,Y1152264,7114,45.48594,8.84565,26798.3,5.7,1.2,38.8,-54.0,0.8,-1.0,RS41-SG,404.900,9.1,250,10,2.6,,
2026-09-27T00:32:42.999Z,Y1152264,7117,45.48600,8.84563,26817.1,5.5,4.4,337.5,-54.2,0.8,-1.0,RS41-SG,404.900,6.6,250,10,2.5,,
2026-09-27T00:32:43.999Z,Y1152264,7118,45.48604,8.84561,26822.2,4.8,5.7,342.6,-54.2,0.8,-1.0,RS41-SG,404.900,7.6,250,10,2.5,,
2026-09-27T00:32:44.999Z,Y1152264,7119,45.48609,8.84559,26827.6,6.1,6.2,351.6,-54.3,0.8,-1.0,RS41-SG,404.900,7.8,250,10,2.6,,
2026-09-27T00:32:45.999Z,Y1152264,7120,45.48615,8.84559,26834.1,7.0,6.0,4.6,-54.3,0.8,-1.0,RS41-SG,404.900,7.8,250,10,2.6,,
2026-09-27T00:32:46.999Z,Y1152264,7121,45.48620,8.84560,26840.1,4.8,5.6,17.2,-54.4,0.8,-1.0,RS41-SG,404.900,7.8,250,10,2.6,,
2026-09-27T00:32:47.999Z,Y1152264,7122,45.48624,8.84563,26845.1,5.2,5.9,31.7,-54.4,0.8,-1.0,RS41-SG,404.900,7.8,250,10,2.5,,
2026-09-27T00:32:48.999Z,Y1152264,7123,45.48629,8.84568,26850.9,6.4,6.6,40.4,-54.4,0.8,-1.0,RS41-SG,404.900,7.9,250,10,2.5,,
2026-09-27T00:32:54.999Z,Y1152264,7129,45.48644,8.84601,26886.2,5.6,2.5,89.3,-54.7,0.8,-1.0,RS41-SG,404.900,7.0,250,10,2.5,,
2026-09-27T00:33:02.999Z,Y1152264,7137,45.48666,8.84599,26931.3,5.4,4.2,18.8,-54.9,0.8,-1.0,RS41-SG,404.900,6.8,250,10,2.5,,
2026-09-27T00:33:06.999Z,Y1152264,7141,45.48684,8.84611,26954.7,5.9,5.1,24.0,-54.8,0.8,-1.0,RS41-SG,404.900,6.4,250,10,2.5,,
2026-09-27T00:33:07.999Z,Y1152264,7142,45.48688,8.84613,26961.0,6.6,3.5,16.6,-54.8,0.8,-1.0,RS41-SG,404.900,8.0,250,10,2.5,,
2026-09-27T00:33:08.999Z,Y1152264,7143,45.48690,8.84614,26967.3,6.0,2.0,357.3,-54.8,0.8,-1.0,RS41-SG,404.900,9.0,250,10,2.5,,
2026-09-27T00:33:10.999Z,Y1152264,7145,45.48693,8.84612,26977.1,5.0,2.5,315.8,-54.8,0.8,-1.0,RS41-SG,404.900,8.3,250,10,2.6,,
2026-09-27T00:33:11.999Z,Y1152264,7146,45.48695,8.84609,26982.8,6.5,3.8,325.4,-54.8,0.8,-1.0,RS41-SG,404.900,8.3,250,10,2.5,,
2026-09-27T00:33:12.999Z,Y1152264,7147,45.48699,8.84606,26989.4,6.6,5.4,337.5,-54.9,0.8,-1.0,RS41-SG,404.900,8.2,250,10,2.5,,
2026-09-27T00:33:13.999Z,Y1152264,7148,45.48704,8.84604,26994.8,4.3,6.5,345.7,-54.9,0.8,-1.0,RS41-SG,404.900,8.4,250,10,2.5,,
2026-09-27T00:33:14.999Z,Y1152264,7149,45.48710,8.84602,26999.6,5.1,7.2,353.5,-54.9,0.8,-1.0,RS41-SG,404.900,8.4,250,10,2.6,,
2026-09-27T00:33:15.999Z,Y1152264,7150,45.48716,8.84602,27005.5,6.8,6.8,1.4,-55.0,0.8,-1.0,RS41-SG,404.900,8.4,250,10,2.6,,
2026-09-27T00:33:16.999Z,Y1152264,7151,45.48722,8.84603,27012.1,6.3,5.9,8.7,-55.0,0.8,-1.0,RS41-SG,404.900,8.8,250,10,2.5,,
2026-09-27T00:33:17.999Z,Y1152264,7152,45.48727,8.84604,27017.9,5.3,4.9,16.5,-55.1,0.8,-1.0,RS41-SG,404.900,8.8,250,10,2.5,,
2026-09-27T00:33:18.999Z,Y1152264,7153,45.48730,8.84606,27023.7,6.0,4.5,26.7,-55.1,0.8,-1.0,RS41-SG,404.900,8.6,250,10,2.5,,
2026-09-27T00:33:19.999Z,Y1152264,7154,45.48734,8.84609,27030.1,6.6,4.4,29.9,-55.2,0.8,-1.0,RS41-SG,404.900,8.5,250,10,2.5,,
2026-09-27T00:33:20.999Z,Y1152264,7155,45.48737,8.84612,27035.9,5.1,4.4,31.5,-55.2,0.8,-1.0,RS41-SG,404.900,8.5,250,10,2.6,,
2026-09-27T00:33:21.999Z,Y1152264,7156,45.48740,8.84615,27041.5,5.9,3.8,34.7,-55.2,0.8,-1.0,RS41-SG,404.900,9.1,250,10,2.6,,
2026-09-27T00:33:22.999Z,Y1152264,7157,45.48743,8.84617,27047.5,6.0,2.8,42.0,-55.3,0.8,-1.0,RS41-SG,404.900,9.1,250,10,2.5,,
2026-09-27T00:33:23.999Z,Y1152264,7158,45.48744,8.84619,27053.5,6.0,1.7,57.2,-55.3,0.8,-1.0,RS41-SG,404.900,8.9,250,10,2.5,,
2026-09-27T00:33:24.999Z,Y1152264,7159,45.48745,8.84621,27059.3,5.5,1.2,69.0,-55.3,0.8,-1.0,RS41-SG,404.900,8.9,250,10,2.5,,
2026-09-27T00:33:25.999Z,Y1152264,7160,45.48745,8.84622,27064.7,5.4,1.4,47.3,-55.3,0.9,-1.0,RS41-SG,404.900,8.8,250,10,2.5,,
2026-09-27T00:33:26.999Z,Y1152264,7161,45.48747,8.84624,27070.6,6.2,2.7,22.0,-55.3,0.8,-1.0,RS41-SG,404.900,9.0,250,10,2.6,,
2026-09-27T00:33:27.999Z,Y1152264,7162,45.48750,8.84625,27076.9,6.5,4.5,15.1,-55.3,0.8,-1.0,RS41-SG,404.900,9.0,250,10,2.6,,
2026-09-27T00:33:31.999Z,Y1152264,7166,45.48772,8.84637,27098.5,6.7,6.4,34.6,-55.4,0.8,-1.0,RS41-SG,404.900,7.0,250,10,2.5,,
2026-09-27T00:33:32.999Z,Y1152264,7167,45.48776,8.84641,27104.7,5.5,5.3,43.6,-55.5,0.8,-1.0,RS41-SG,404.900,7.1,250,10,2.5,,
2026-09-27T00:33:33.999Z,Y1152264,7168,45.48779,8.84646,27110.2,5.3,4.1,49.9,-55.5,0.8,-1.0,RS41-SG,404.900,8.9,250,10,2.5,,
2026-09-27T00:33:34.999Z,Y1152264,7169,45.48781,8.84649,27115.6,5.5,3.0,43.0,-55.5,0.8,-1.0,RS41-SG,404.900,9.2,250,10,2.6,,
2026-09-27T00:33:35.999Z,Y1152264,7170,45.48783,8.84651,27121.4,6.1,2.4,10.0,-55.6,0.8,-1.0,RS41-SG,404.900,9.7,250,10,2.6,,
2026-09-27T00:33:36.999Z,Y1152264,7171,45.48785,8.84650,27127.1,5.2,3.1,341.1,-55.6,0.8,-1.0,RS41-SG,404.900,9.7,250,10,2.5,,
2026-09-27T00:33:37.999Z,Y1152264,7172,45.48788,8.84648,27131.9,4.5,3.9,323.3,-55.6,0.9,-1.0,RS41-SG,404.900,9.2,250,10,2.5,,
2026-09-27T00:33:39.999Z,Y1152264,7174,45.48793,8.84640,27142.4,6.5,4.0,300.6,-55.6,0.8,-1.0,RS41-SG,404.900,8.4,250,10,2.6,,
2026-09-27T00:33:40.999Z,Y1152264,7175,45.48795,8.84637,27148.9,6.3,2.7,297.8,-55.7,0.8,-1.0,RS41-SG,404.900,8.4,250,10,2.6,,
2026-09-27T00:33:41.999Z,Y1152264,7176,45.48796,8.84634,27154.7,5.2,1.3,323.1,-55.7,0.8,-1.0,RS41-SG,404.900,8.9,250,10,2.5,,
2026-09-27T00:33:42.999Z,Y1152264,7177,45.48797,8.84635,27159.9,5.3,2.1,43.7,-55.7,0.8,-1.0,RS41-SG,404.900,9.0,250,10,2.5,,
2026-09-27T00:33:43.999Z,Y1152264,7178,45.48799,8.84638,27165.7,6.2,4.6,54.2,-55.7,0.8,-1.0,RS41-SG,404.900,9.5,250,10,2.5,,
2026-09-27T00:33:44.999Z,Y1152264,7179,45.48802,8.84644,27171.6,5.8,6.5,52.5,-55.7,0.8,-1.0,RS41-SG,404.900,9.5,250,10,2.5,,
2026-09-27T00:33:45.999Z,Y1152264,7180,45.48805,8.84651,27177.1,5.1,7.3,51.0,-55.6,0.8,-1.0,RS41-SG,404.900,8.7,250,10,2.6,,
2026-09-27T00:33:46.999Z,Y1152264,7181,45.48809,8.84658,27183.0,6.9,7.1,51.8,-55.6,0.8,-1.0,RS41-SG,404.900,8.4,250,10,2.6,,
2026-09-27T00:33:47.999Z,Y1152264,7182,45.48813,8.84664,27190.1,7.3,5.6,54.4,-55.6,0.8,-1.0,RS41-SG,404.900,8.4,250,10,2.5,,
2026-09-27T00:33:50.999Z,Y1152264,7185,45.48817,8.84671,27208.0,6.4,1.8,295.8,-55.5,0.8,-1.0,RS41-SG,404.900,7.4,250,10,2.5,,
2026-09-27T00:33:51.999Z,Y1152264,7186,45.48818,8.84668,27213.5,4.5,3.2,289.1,-55.5,0.8,-1.0,RS41-SG,404.900,8.2,250,9,2.6,,
2026-09-27T00:33:52.999Z,Y1152264,7187,45.48819,8.84664,27218.2,5.1,3.9,284.1,-55.5,0.8,-1.0,RS41-SG,404.900,8.2,250,10,2.6,,
2026-09-27T00:33:55.999Z,Y1152264,7190,45.48819,8.84654,27236.7,5.7,1.1,209.9,-55.6,0.8,-1.0,RS41-SG,404.900,7.6,250,10,2.5,,
2026-09-27T00:33:56.999Z,Y1152264,7191,45.48818,8.84655,27242.0,5.0,1.3,107.8,-55.7,0.8,-1.0,RS41-SG,404.900,7.8,250,10,2.6,,
2026-09-27T00:33:57.999Z,Y1152264,7192,45.48819,8.84658,27247.4,5.9,3.6,72.9,-55.7,0.8,-1.0,RS41-SG,404.900,8.2,250,10,2.6,,
2026-09-27T00:33:59.999Z,Y1152264,7194,45.48824,8.84669,27258.8,4.7,6.8,51.2,-55.7,0.8,-1.0,RS41-SG,404.900,9.1,250,10,2.5,,
2026-09-27T00:34:00.999Z,Y1152264,7195,45.48828,8.84676,27263.7,4.9,7.1,44.9,-55.7,0.8,-1.0,RS41-SG,404.900,9.2,250,10,2.5,,
2026-09-27T00:34:01.999Z,Y1152264,7196,45.48832,8.84682,27269.5,6.7,6.1,39.8,-55.7,0.8,-1.0,RS41-SG,404.900,9.2,250,10,2.5,,
2026-09-27T00:34:02.999Z,Y1152264,7197,45.48836,8.84686,27276.4,6.9,4.1,33.6,-55.7,0.8,-1.0,RS41-SG,404.900,9.1,250,10,2.6,,
2026-09-27T00:34:03.999Z,Y1152264,7198,45.48838,8.84688,27282.3,4.8,2.5,20.4,-55.7,0.8,-1.0,RS41-SG,404.900,9.5,250,10,2.6,,
2026-09-27T00:34:04.999Z,Y1152264,7199,45.48840,8.84688,27287.1,4.8,1.8,323.7,-55.7,0.8,-1.0,RS41-SG,404.900,9.5,250,10,2.5,,
2026-09-27T00:34:05.999Z,Y1152264,7200,45.48841,8.84685,27292.1,5.4,3.0,297.7,-55.7,0.8,-1.0,RS41-SG,404.900,9.0,250,10,2.5,,
2026-09-27T00:34:06.999Z,Y1152264,7201,45.48843,8.84681,27297.7,5.8,4.0,296.9,-55.7,0.8,-1.0,RS41-SG,404.900,8.9,250,10,2.5,,
2026-09-27T00:34:07.999Z,Y1152264,7202,45.48845,8.84677,27303.3,5.6,3.8,304.9,-55.8,0.9,-1.0,RS41-SG,404.900,8.1,250,10,2.6,,
2026-09-27T00:34:10.999Z,Y1152264,7205,45.48850,8.84676,27322.0,6.0,3.6,71.5,-55.9,0.8,-1.0,RS41-SG,404.900,8.4,250,10,2.5,,
2026-09-27T00:34:11.999Z,Y1152264,7206,45.48850,8.84682,27326.8,3.8,5.2,81.8,-55.9,0.9,-1.0,RS41-SG,404.900,8.7,250,10,2.5,,
2026-09-27T00:34:12.999Z,Y1152264,7207,45.48851,8.84689,27330.6,3.7,6.6,81.9,-55.9,0.8,-1.0,RS41-SG,404.900,9.0,250,10,2.5,,
2026-09-27T00:34:13.999Z,Y1152264,7208,45.48852,8.84698,27335.5,6.1,7.0,75.4,-55.9,0.8,-1.0,RS41-SG,404.900,9.4,250,10,2.6,,
2026-09-27T00:34:14.999Z,Y1152264,7209,45.48855,8.84706,27341.9,6.9,6.6,62.4,-55.9,0.8,-1.0,RS41-SG,404.900,9.4,250,10,2.6,,
2026-09-27T00:34:15.999Z,Y1152264,7210,45.48858,8.84712,27347.9,4.9,5.9,48.7,-55.8,0.8,-1.0,RS41-SG,404.900,9.2,250,10,2.5,,
2026-09-27T00:34:16.999Z,Y1152264,7211,45.48861,8.84717,27353.0,5.2,5.2,34.3,-55.8,0.8,-1.0,RS41-SG,404.900,9.2,250,10,2.5,,
2026-09-27T00:34:17.999Z,Y1152264,7212,45.48865,8.84720,27359.1,6.9,4.2,19.3,-55.8,0.8,-1.0,RS41-SG,404.900,8.6,250,10,2.5,,
2026-09-27T00:34:18.999Z,Y1152264,7213,45.48868,8.84721,27365.5,6.0,3.1,6.3,-55.8,0.8,-1.0,RS41-SG,404.900,8.5,250,10,2.5,,
2026-09-27T00:34:22.999Z,Y1152264,7217,45.48876,8.84709,27389.4,5.9,4.9,294.3,-55.7,0.8,-1.0,RS41-SG,404.900,8.6,250,10,2.5,,
2026-09-27T00:34:23.999Z,Y1152264,7218,45.48877,8.84704,27395.0,5.2,4.6,296.2,-55.7,0.8,-1.0,RS41-SG,404.900,8.6,250,10,2.5,,
2026-09-27T00:34:24.999Z,Y1152264,7219,45.48879,8.84699,27400.8,6.3,3.2,301.9,-55.7,0.8,-1.0,RS41-SG,404.900,8.5,250,10,2.6,,
2026-09-27T00:34:25.999Z,Y1152264,7220,45.48880,8.84697,27407.5,6.9,1.5,340.2,-55.7,0.8,-1.0,RS41-SG,404.900,7.9,250,10,2.6,,
2026-09-27T00:34:26.999Z,Y1152264,7221,45.48882,8.84698,27413.5,5.0,2.0,42.7,-55.6,0.8,-1.0,RS41-SG,404.900,9.1,250,10,2.5,,
2026-09-27T00:34:27.999Z,Y1152264,7222,45.48883,8.84700,27418.4,4.7,3.5,55.8,-55.5,0.8,-1.0,RS41-SG,404.900,9.7,250,10,2.5,,
2026-09-27T00:34:30.999Z,Y1152264,7225,45.48894,8.84712,27436.3,5.6,6.3,20.0,-55.4,0.8,-1.0,RS41-SG,404.900,6.7,250,10,2.6,,
2026-09-27T00:34:32.999Z,Y1152264,7227,45.48905,8.84714,27447.2,6.4,5.3,356.5,-55.4,0.8,-1.0,RS41-SG,404.900,8.8,250,10,2.5,,
2026-09-27T00:34:33.999Z,Y1152264,7228,45.48909,8.84714,27453.7,6.6,3.9,345.2,-55.5,0.8,-1.0,RS41-SG,404.900,8.8,250,10,2.5,,
2026-09-27T00:34:34.999Z,Y1152264,7229,45.48911,8.84712,27459.6,5.0,2.8,331.5,-55.5,0.8,-1.0,RS41-SG,404.900,8.8,250,10,2.5,,
2026-09-27T00:34:35.999Z,Y1152264,7230,45.48913,8.84710,27464.8,5.4,2.1,311.1,-55.5,0.8,-1.0,RS41-SG,404.900,8.4,250,10,2.5,,
2026-09-27T00:34:36.999Z,Y1152264,7231,45.48914,8.84708,27470.8,6.6,2.0,310.1,-55.4,0.8,-1.0,RS41-SG,404.900,8.9,250,10,2.6,,
2026-09-27T00:34:39.999Z,Y1152264,7234,45.48921,8.84706,27488.3,5.6,4.0,24.9,-55.3,0.8,-1.0,RS41-SG,404.900,7.7,250,10,2.5,,
2026-09-27T00:34:40.999Z,Y1152264,7235,45.48924,8.84710,27493.9,5.6,5.9,43.4,-55.4,0.8,-1.0,RS41-SG,404.900,8.9,250,10,2.5,,
2026-09-27T00:34:41.999Z,Y1152264,7236,45.48928,8.84716,27499.4,5.3,7.5,49.9,-55.3,0.8,-1.0,RS41-SG,404.900,9.6,250,10,2.5,,
2026-09-27T00:34:42.999Z,Y1152264,7237,45.48933,8.84724,27504.4,4.7,8.1,50.9,-55.3,0.8,-1.0,RS41-SG,404.900,9.6,250,10,2.5,,
2026-09-27T00:34:43.999Z,Y1152264,7238,45.48937,8.84731,27509.8,6.0,7.7,44.4,-55.3,0.8,-1.0,RS41-SG,404.900,9.6,250,10,2.5,,
2026-09-27T00:34:44.999Z,Y1152264,7239,45.48942,8.84737,27516.5,7.4,6.6,28.8,-55.3,0.8,-1.0,RS41-SG,404.900,9.6,250,10,2.6,,
2026-09-27T00:34:45.999Z,Y1152264,7240,45.48948,8.84740,27523.2,5.9,5.9,11.0,-55.2,0.8,-1.0,RS41-SG,404.900,9.6,250,10,2.6,,
2026-09-27T00:34:46.999Z,Y1152264,7241,45.48953,8.84740,27528.6,4.8,5.7,352.2,-55.1,0.8,-1.0,RS41-SG,404.900,9.6,250,10,2.5,,
2026-09-27T00:34:47.999Z,Y1152264,7242,45.48958,8.84738,27534.0,5.8,5.4,339.3,-55.1,0.8,-1.0,RS41-SG,404.900,9.5,250,10,2.5,,
2026-09-27T00:34:48.999Z,Y1152264,7243,45.48962,8.84736,27540.5,7.2,4.4,335.5,-55.1,0.7,-1.0,RS41-SG,404.900,8.7,250,10,2.5,,
2026-09-27T00:34:52.999Z,Y1152264,7247,45.48971,8.84734,27563.1,6.2,2.5,26.2,-54.9,0.8,-1.0,RS41-SG,404.900,9.5,250,10,2.5,,
2026-09-27T00:34:53.999Z,Y1152264,7248,45.48973,8.84736,27569.1,5.7,2.9,35.6,-54.8,0.8,-1.0,RS41-SG,404.900,9.5,250,10,2.5,,
2026-09-27T00:34:54.999Z,Y1152264,7249,45.48975,8.84739,27575.0,6.1,3.5,51.3,-54.7,0.7,-1.0,RS41-SG,404.900,8.9,250,10,2.5,,
2026-09-27T00:34:55.999Z,Y1152264,7250,45.48977,8.84743,27581.4,6.7,4.5,67.7,-54.6,0.7,-1.0,RS41-SG,404.900,8.5,250,10,2.6,,
2026-09-27T00:34:56.999Z,Y1152264,7251,45.48978,8.84749,27587.7,5.9,5.5,74.8,-54.5,0.7,-1.0,RS41-SG,404.900,8.8,250,10,2.6,,
2026-09-27T00:34:57.999Z,Y1152264,7252,45.48980,8.84756,27593.1,5.0,6.1,74.6,-54.5,0.7,-1.0,RS41-SG,404.900,8.8,250,10,2.5,,
2026-09-27T00:34:58.999Z,Y1152264,7253,45.48982,8.84764,27598.6,5.9,6.0,66.0,-54.4,0.7,-1.0,RS41-SG,404.900,9.7,250,10,2.5,,
2026-09-27T00:34:59.999Z,Y1152264,7254,45.48984,8.84770,27605.2,7.2,5.6,50.0,-54.3,0.7,-1.0,RS41-SG,404.900,9.7,250,10,2.5,,
2026-09-27T00:35:00.999Z,Y1152264,7255,45.48988,8.84775,27611.8,5.9,5.4,34.9,-54.3,0.7,-1.0,RS41-SG,404.900,9.5,250,10,2.5,,
2026-09-27T00:35:01.999Z,Y1152264,7256,45.48992,8.84778,27617.6,5.8,5.1,22.3,-54.3,0.7,-1.0,RS41-SG,404.900,9.2,250,10,2.6,,
2026-09-27T00:35:02.999Z,Y1152264,7257,45.48996,8.84780,27624.0,6.9,4.4,17.8,-54.2,0.7,-1.0,RS41-SG,404.900,9.5,250,10,2.6,,
2026-09-27T00:35:03.999Z,Y1152264,7258,45.48999,8.84782,27630.6,6.3,3.5,23.3,-54.2,0.7,-1.0,RS41-SG,404.900,9.5,250,10,2.5,,
2026-09-27T00:35:04.999Z,Y1152264,7259,45.49002,8.84783,27636.0,4.6,2.5,35.4,-54.1,0.7,-1.0,RS41-SG,404.900,8.8,250,10,2.5,,
2026-09-27T00:35:05.999Z,Y1152264,7260,45.49003,8.84785,27641.0,5.5,1.6,53.0,-54.1,0.7,-1.0,RS41-SG,404.900,9.4,250,10,2.5,,
2026-09-27T00:35:06.999Z,Y1152264,7261,45.49004,8.84786,27647.2,6.8,1.0,55.5,-54.1,0.7,-1.0,RS41-SG,404.900,9.4,250,10,2.6,,
2026-09-27T00:35:07.999Z,Y1152264,7262,45.49004,8.84787,27653.4,5.7,0.8,46.8,-54.0,0.7,-1.0,RS41-SG,404.900,9.0,250,10,2.6,,
2026-09-27T00:35:08.999Z,Y1152264,7263,45.49005,8.84788,27659.2,6.0,1.2,63.5,-54.0,0.7,-1.0,RS41-SG,404.900,9.0,250,10,2.5,,
2026-09-27T00:35:09.999Z,Y1152264,7264,45.49005,8.84790,27665.6,6.8,2.1,88.5,-54.0,0.7,-1.0,RS41-SG,404.900,8.4,250,10,2.5,,
2026-09-27T00:35:10.999Z,Y1152264,7265,45.49005,8.84794,27672.2,6.3,3.5,96.5,-54.1,0.7,-1.0,RS41-SG,404.900,9.3,250,10,2.5,,
2026-09-27T00:35:11.999Z,Y1152264,7266,45.49005,8.84799,27677.9,5.2,4.4,96.2,-54.1,0.7,-1.0,RS41-SG,404.900,9.5,250,10,2.5,,
2026-09-27T00:35:12.999Z,Y1152264,7267,45.49004,8.84805,27683.4,5.8,4.8,91.5,-54.1,0.7,-1.0,RS41-SG,404.900,9.7,250,10,2.6,,
2026-09-27T00:35:13.999Z,Y1152264,7268,45.49005,8.84811,27689.7,6.9,4.3,81.0,-54.2,0.7,-1.0,RS41-SG,404.900,9.7,250,10,2.6,,
2026-09-27T00:35:14.999Z,Y1152264,7269,45.49005,8.84815,27695.9,5.5,3.5,71.3,-54.2,0.8,-1.0,RS41-SG,404.900,9.6,250,10,2.5,,
2026-09-27T00:35:15.999Z,Y1152264,7270,45.49006,8.84819,27701.2,5.2,2.7,62.0,-54.3,0.8,-1.0,RS41-SG,404.900,9.1,250,10,2.5,,
2026-09-27T00:35:16.999Z,Y1152264,7271,45.49007,8.84822,27706.8,6.0,1.9,68.7,-54.3,0.8,-1.0,RS41-SG,404.900,8.9,250,10,2.5,,
2026-09-27T00:35:17.999Z,Y1152264,7272,45.49007,8.84824,27713.0,6.4,1.7,107.0,-54.3,0.8,-1.0,RS41-SG,404.900,9.1,250,10,2.5,,
2026-09-27T00:35:18.999Z,Y1152264,7273,45.49007,8.84826,27719.3,6.0,2.1,133.1,-54.3,0.8,-1.0,RS41-SG,404.900,9.5,250,10,2.6,,
2026-09-27T00:35:19.999Z,Y1152264,7274,45.49005,8.84828,27724.7,4.8,2.4,141.0,-54.3,0.8,-1.0,RS41-SG,404.900,9.5,250,10,2.6,,
2026-09-27T00:35:20.999Z,Y1152264,7275,45.49004,8.84830,27729.8,5.5,1.8,142.0,-54.3,0.8,-1.0,RS41-SG,404.900,9.6,250,10,2.6,,
2026-09-27T00:35:21.999Z,Y1152264,7276,45.49003,8.84831,27735.8,6.5,0.5,95.8,-54.3,0.8,-1.0,RS41-SG,404.900,9.6,250,10,2.5,,
2026-09-27T00:35:22.999Z,Y1152264,7277,45.49004,8.84831,27742.1,6.1,1.5,11.9,-54.3,0.7,-1.0,RS41-SG,404.900,9.6,250,10,2.5,,
2026-09-27T00:35:23.999Z,Y1152264,7278,45.49005,8.84832,27747.7,5.2,2.5,14.4,-54.2,0.8,-1.0,RS41-SG,404.900,9.4,250,10,2.5,,
2026-09-27T00:35:24.999Z,Y1152264,7279,45.49008,8.84833,27753.2,5.8,3.1,31.5,-54.2,0.7,-1.0,RS41-SG,404.900,8.8,250,10,2.5,,
2026-09-27T00:35:25.999Z,Y1152264,7280,45.49010,8.84836,27759.4,6.6,3.6,60.1,-54.1,0.7,-1.0,RS41-SG,404.900,8.0,250,10,2.5,,
2026-09-27T00:35:26.999Z,Y1152264,7281,45.49010,8.84841,27766.0,6.7,4.5,89.6,-54.1,0.7,-1.0,RS41-SG,404.900,8.7,250,10,2.6,,
2026-09-27T00:35:27.999Z,Y1152264,7282,45.49010,8.84847,27772.2,5.8,5.7,110.1,-54.0,0.7,-1.0,RS41-SG,404.900,8.7,250,10,2.6,,
2026-09-27T00:35:28.999Z,Y1152264,7283,45.49007,8.84854,27777.5,4.9,6.4,125.1,-53.9,0.7,-1.0,RS41-SG,404.900,9.8,250,10,2.5,,
2026-09-27T00:35:29.999Z,Y1152264,7284,45.49003,8.84860,27782.5,5.2,6.6,140.0,-53.9,0.7,-1.0,RS41-SG,404.900,9.8,250,10,2.5,,
2026-09-27T00:35:30.999Z,Y1152264,7285,45.48998,8.84864,27788.1,6.1,6.1,157.2,-53.9,0.7,-1.0,RS41-SG,404.900,9.1,250,10,2.5,,
2026-09-27T00:35:31.999Z,Y1152264,7286,45.48993,8.84866,27794.5,6.6,5.3,175.2,-53.7,0.7,-1.0,RS41-SG,404.900,9.1,250,10,2.6,,
2026-09-27T00:35:32.999Z,Y1152264,7287,45.48989,8.84866,27800.6,5.5,4.6,191.3,-53.5,0.7,-1.0,RS41-SG,404.900,9.1,250,10,2.6,,
2026-09-27T00:35:33.999Z,Y1152264,7288,45.48985,8.84864,27805.7,4.7,3.9,199.8,-53.4,0.7,-1.0,RS41-SG,404.900,7.9,250,10,2.5,,
2026-09-27T00:35:34.999Z,Y1152264,7289,45.48982,8.84863,27810.8,5.5,3.0,195.9,-53.3,0.7,-1.0,RS41-SG,404.900,7.9,250,10,2.5,,
2026-09-27T00:35:35.999Z,Y1152264,7290,45.48980,8.84863,27816.9,6.7,2.7,166.5,-53.3,0.7,-1.0,RS41-SG,404.900,8.1,250,10,2.5,,
2026-09-27T00:35:36.999Z,Y1152264,7291,45.48977,8.84864,27823.4,6.2,3.5,141.2,-53.2,0.7,-1.0,RS41-SG,404.900,8.1,250,10,2.5,,
2026-09-27T00:35:37.999Z,Y1152264,7292,45.48975,8.84868,27829.1,5.4,4.4,128.1,-53.2,0.7,-1.0,RS41-SG,404.900,7.6,250,10,2.6,,
2026-09-27T00:35:38.999Z,Y1152264,7293,45.48973,8.84873,27834.3,5.3,5.0,118.9,-53.2,0.7,-1.0,RS41-SG,404.900,8.1,250,10,2.6,,
2026-09-27T00:35:39.999Z,Y1152264,7294,45.48971,8.84879,27840.1,6.2,4.9,109.3,-53.2,0.7,-1.0,RS41-SG,404.900,8.2,250,10,2.5,,
2026-09-27T00:35:40.999Z,Y1152264,7295,45.48970,8.84885,27846.3,6.4,4.5,97.1,-53.2,0.7,-1.0,RS41-SG,404.900,8.2,250,10,2.5,,
2026-09-27T00:35:41.999Z,Y1152264,7296,45.48970,8.84890,27852.2,5.4,4.2,85.4,-53.2,0.7,-1.0,RS41-SG,404.900,8.6,250,10,2.5,,
2026-09-27T00:35:42.999Z,Y1152264,7297,45.48970,8.84895,27857.6,5.2,4.3,76.5,-53.2,0.7,-1.0,RS41-SG,404.900,8.6,250,10,2.5,,
2026-09-27T00:35:43.999Z,Y1152264,7298,45.48971,8.84901,27863.1,5.9,4.5,76.3,-53.2,0.7,-1.0,RS41-SG,404.900,8.5,250,10,2.6,,
2026-09-27T00:35:44.999Z,Y1152264,7299,45.48972,8.84907,27869.1,6.3,4.6,87.4,-53.2,0.7,-1.0,RS41-SG,404.900,9.0,250,10,2.6,,
2026-09-27T00:35:46.999Z,Y1152264,7301,45.48970,8.84917,27880.7,5.3,4.1,127.1,-53.2,0.7,-1.0,RS41-SG,404.900,9.4,250,10,2.5,,
2026-09-27T00:35:47.999Z,Y1152264,7302,45.48967,8.84920,27886.3,5.9,4.0,159.8,-53.2,0.7,-1.0,RS41-SG,404.900,9.4,250,10,2.5,,
2026-09-27T00:35:48.999Z,Y1152264,7303,45.48963,8.84920,27892.3,6.2,4.5,189.0,-53.2,0.7,-1.0,RS41-SG,404.900,9.0,250,10,2.6,,
2026-09-27T00:35:49.999Z,Y1152264,7304,45.48959,8.84919,27897.9,4.9,5.0,203.6,-53.2,0.7,-1.0,RS41-SG,404.900,8.8,250,10,2.6,,
2026-09-27T00:35:50.999Z,Y1152264,7305,45.48955,8.84916,27902.8,4.9,4.7,208.9,-53.2,0.7,-1.0,RS41-SG,404.900,8.2,250,10,2.5,,
2026-09-27T00:35:52.999Z,Y1152264,7307,45.48950,8.84914,27915.1,7.2,2.1,146.1,-53.0,0.7,-1.0,RS41-SG,404.900,7.7,250,10,2.5,,
2026-09-27T00:35:53.999Z,Y1152264,7308,45.48949,8.84917,27921.4,5.5,3.4,98.8,-53.0,0.7,-1.0,RS41-SG,404.900,8.7,250,10,2.5,,
2026-09-27T00:35:54.999Z,Y1152264,7309,45.48949,8.84922,27926.5,4.4,5.1,81.8,-52.9,0.7,-1.0,RS41-SG,404.900,9.1,250,10,2.6,,
2026-09-27T00:35:55.999Z,Y1152264,7310,45.48950,8.84929,27931.4,5.5,6.4,71.6,-52.9,0.7,-1.0,RS41-SG,404.900,9.2,250,10,2.6,,
2026-09-27T00:35:56.999Z,Y1152264,7311,45.48952,8.84937,27937.8,7.2,6.1,65.3,-53.0,0.7,-1.0,RS41-SG,404.900,9.2,250,10,2.5,,
2026-09-27T00:35:57.999Z,Y1152264,7312,45.48954,8.84943,27944.5,6.2,4.9,60.8,-53.0,0.7,-1.0,RS41-SG,404.900,8.8,250,10,2.5,,
2026-09-27T00:35:58.999Z,Y1152264,7313,45.48956,8.84948,27950.3,5.5,3.6,60.6,-53.1,0.7,-1.0,RS41-SG,404.900,8.7,250,10,2.5,,
2026-09-27T00:35:59.999Z,Y1152264,7314,45.48957,8.84951,27956.0,5.8,2.2,75.4,-53.1,0.7,-1.0,RS41-SG,404.900,8.3,250,10,2.5,,
2026-09-27T00:36:00.999Z,Y1152264,7315,45.48957,8.84953,27962.2,6.5,1.8,117.1,-53.2,0.7,-1.0,RS41-SG,404.900,8.3,250,10,2.6,,
2026-09-27T00:36:01.999Z,Y1152264,7316,45.48956,8.84955,27968.5,6.1,2.5,145.7,-53.2,0.7,-1.0,RS41-SG,404.900,8.9,250,10,2.6,,
2026-09-27T00:36:02.999Z,Y1152264,7317,45.48953,8.84957,27974.1,5.1,3.4,165.1,-53.3,0.7,-1.0,RS41-SG,404.900,8.9,250,10,2.6,,
2026-09-27T00:36:03.999Z,Y1152264,7318,45.48950,8.84957,27979.4,5.4,4.5,183.7,-53.3,0.7,-1.0,RS41-SG,404.900,9.1,250,10,2.5,,
2026-09-27T00:36:04.999Z,Y1152264,7319,45.48946,8.84956,27984.8,5.5,5.6,197.3,-53.4,0.7,-1.0,RS41-SG,404.900,9.1,250,10,2.5,,
2026-09-27T00:36:05.999Z,Y1152264,7320,45.48941,8.84953,27990.6,6.1,6.4,207.0,-53.4,0.7,-1.0,RS41-SG,404.900,8.2,250,10,2.5,,
2026-09-27T00:36:06.999Z,Y1152264,7321,45.48936,8.84949,27996.5,5.8,6.5,210.5,-53.4,0.7,-1.0,RS41-SG,404.900,8.2,250,10,2.5,,
2026-09-27T00:36:07.999Z,Y1152264,7322,45.48931,8.84945,28002.1,5.5,5.8,208.0,-53.5,0.7,-1.0,RS41-SG,404.900,8.0,250,10,2.5,,
2026-09-27T00:36:09.999Z,Y1152264,7324,45.48924,8.84943,28014.1,6.5,3.1,155.9,-53.6,0.8,-1.0,RS41-SG,404.900,7.4,250,10,2.6,,
2026-09-27T00:36:10.999Z,Y1152264,7325,45.48922,8.84946,28020.4,6.0,3.8,113.9,-53.6,0.7,-1.0,RS41-SG,404.900,7.9,250,10,2.5,,
2026-09-27T00:36:11.999Z,Y1152264,7326,45.48921,8.84951,28025.7,4.4,4.9,93.8,-53.6,0.7,-1.0,RS41-SG,404.900,8.5,250,10,2.5,,
2026-09-27T00:36:12.999Z,Y1152264,7327,45.48921,8.84958,28030.2,4.7,5.3,78.0,-53.6,0.8,-1.0,RS41-SG,404.900,9.2,250,10,2.5,,
2026-09-27T00:36:13.999Z,Y1152264,7328,45.48923,8.84964,28035.7,6.1,4.6,59.5,-53.6,0.7,-1.0,RS41-SG,404.900,9.2,250,10,2.6,,
2026-09-27T00:36:14.999Z,Y1152264,7329,45.48925,8.84967,28042.5,7.4,3.2,28.8,-53.6,0.7,-1.0,RS41-SG,404.900,9.1,250,10,2.6,,
2026-09-27T00:36:15.999Z,Y1152264,7330,45.48927,8.84968,28049.3,6.2,2.6,342.1,-53.6,0.7,-1.0,RS41-SG,404.900,8.4,250,10,2.5,,
2026-09-27T00:36:16.999Z,Y1152264,7331,45.48929,8.84966,28054.9,5.0,2.9,297.2,-53.6,0.7,-1.0,RS41-SG,404.900,7.9,250,10,2.5,,
2026-09-27T00:36:17.999Z,Y1152264,7332,45.48929,8.84962,28060.3,5.6,3.9,261.4,-53.6,0.8,-1.0,RS41-SG,404.900,8.2,250,10,2.5,,
2026-09-27T00:36:23.999Z,Y1152264,7338,45.48913,8.84945,28097.5,6.2,2.0,196.4,-53.6,0.7,-1.0,RS41-SG,404.900,8.4,250,10,2.5,,
2026-09-27T00:36:24.999Z,Y1152264,7339,45.48912,8.84945,28103.7,6.2,0.8,154.3,-53.5,0.7,-1.0,RS41-SG,404.900,8.4,250,10,2.5,,
2026-09-27T00:36:25.999Z,Y1152264,7340,45.48912,8.84946,28110.0,6.6,1.8,71.7,-53.5,0.7,-1.0,RS41-SG,404.900,8.7,250,10,2.6,,
2026-09-27T00:36:26.999Z,Y1152264,7341,45.48912,8.84949,28116.2,5.9,3.1,62.9,-53.4,0.7,-1.0,RS41-SG,404.900,8.7,250,10,2.6,,
2026-09-27T00:36:27.999Z,Y1152264,7342,45.48914,8.84953,28121.7,4.9,3.6,56.4,-53.4,0.7,-1.0,RS41-SG,404.900,8.4,250,10,2.5,,
2026-09-27T00:36:31.999Z,Y1152264,7346,45.48920,8.84952,28146.7,5.5,3.8,274.8,-53.4,0.7,-1.0,RS41-SG,404.900,7.4,250,10,2.6,,
2026-09-27T00:36:32.999Z,Y1152264,7347,45.48920,8.84947,28152.5,6.1,4.9,255.0,-53.4,0.7,-1.0,RS41-SG,404.900,7.4,250,10,2.5,,
2026-09-27T00:36:33.999Z,Y1152264,7348,45.48918,8.84941,28159.2,7.2,5.4,233.4,-53.4,0.7,-1.0,RS41-SG,404.900,7.2,250,10,2.5,,
2026-09-27T00:36:34.999Z,Y1152264,7349,45.48914,8.84936,28165.5,5.4,5.7,218.0,-53.5,0.7,-1.0,RS41-SG,404.900,8.1,250,10,2.5,,
2026-09-27T00:36:35.999Z,Y1152264,7350,45.48910,8.84932,28170.6,4.9,6.0,206.2,-53.5,0.7,-1.0,RS41-SG,404.900,8.1,250,10,2.5,,
2026-09-27T00:36:36.999Z,Y1152264,7351,45.48905,8.84929,28176.2,6.4,5.9,201.5,-53.5,0.7,-1.0,RS41-SG,404.900,8.4,250,10,2.6,,
2026-09-27T00:36:37.999Z,Y1152264,7352,45.48900,8.84926,28182.8,6.9,5.4,206.0,-53.6,0.7,-1.0,RS41-SG,404.900,8.5,250,10,2.6,,
2026-09-27T00:36:41.999Z,Y1152264,7356,45.48890,8.84919,28207.6,6.3,1.1,166.4,-53.6,0.7,-1.0,RS41-SG,404.900,8.4,250,10,2.6,,
2026-09-27T00:36:42.999Z,Y1152264,7357,45.48889,8.84919,28213.3,5.1,1.1,142.9,-53.6,0.7,-1.0,RS41-SG,404.900,8.4,250,10,2.6,,
2026-09-27T00:36:43.999Z,Y1152264,7358,45.48889,8.84920,28218.9,6.3,0.8,173.3,-53.7,0.7,-1.0,RS41-SG,404.900,8.4,250,10,2.5,,
2026-09-27T00:36:44.999Z,Y1152264,7359,45.48888,8.84919,28225.7,7.3,1.8,233.3,-53.7,0.8,-1.0,RS41-SG,404.900,8.5,250,10,2.5,,
2026-09-27T00:36:45.999Z,Y1152264,7360,45.48887,8.84916,28232.2,5.6,3.3,244.3,-53.8,0.8,-1.0,RS41-SG,404.900,8.7,250,10,2.5,,
2026-09-27T00:36:46.999Z,Y1152264,7361,45.48885,8.84911,28237.6,5.2,4.9,241.9,-53.8,0.8,-1.0,RS41-SG,404.900,8.7,250,10,2.5,,
2026-09-27T00:36:47.999Z,Y1152264,7362,45.48882,8.84905,28243.3,6.2,6.1,233.5,-53.8,0.7,-1.0,RS41-SG,404.900,8.3,250,10,2.6,,
2026-09-27T00:36:52.999Z,Y1152264,7367,45.48858,8.84880,28274.0,6.7,6.4,220.2,-54.1,0.7,-1.0,RS41-SG,404.900,7.7,250,10,2.5,,
2026-09-27T00:36:53.999Z,Y1152264,7368,45.48854,8.84874,28280.2,5.7,5.9,228.6,-54.1,0.8,-1.0,RS41-SG,404.900,8.2,250,10,2.6,,
2026-09-27T00:36:54.999Z,Y1152264,7369,45.48851,8.84869,28285.9,5.8,4.7,237.2,-54.2,0.8,-1.0,RS41-SG,404.900,8.4,250,10,2.6,,
2026-09-27T00:36:55.999Z,Y1152264,7370,45.48850,8.84865,28292.2,6.8,3.2,245.8,-54.2,0.8,-1.0,RS41-SG,404.900,8.4,250,10,2.5,,
2026-09-27T00:36:56.999Z,Y1152264,7371,45.48849,8.84862,28298.7,6.2,1.9,257.4,-54.3,0.8,-1.0,RS41-SG,404.900,8.0,250,10,2.5,,
2026-09-27T00:36:57.999Z,Y1152264,7372,45.48849,8.84859,28304.5,5.3,1.4,283.4,-54.3,0.8,-1.0,RS41-SG,404.900,8.5,250,10,2.5,,
2026-09-27T00:37:02.999Z,Y1152264,7377,45.48856,8.84838,28334.3,6.4,4.9,285.7,-54.2,0.7,-1.0,RS41-SG,404.900,8.5,250,10,2.5,,
2026-09-27T00:37:03.999Z,Y1152264,7378,45.48857,8.84833,28341.1,7.1,3.8,275.4,-54.2,0.7,-1.0,RS41-SG,404.900,8.5,250,10,2.5,,
2026-09-27T00:37:04.999Z,Y1152264,7379,45.48857,8.84828,28347.3,5.3,2.9,261.6,-54.2,0.7,-1.0,RS41-SG,404.900,8.4,250,10,2.6,,
2026-09-27T00:37:05.999Z,Y1152264,7380,45.48856,8.84825,28352.9,5.7,2.5,246.7,-54.2,0.8,-1.0,RS41-SG,404.900,8.4,250,10,2.6,,
2026-09-27T00:37:07.999Z,Y1152264,7382,45.48854,8.84819,28366.1,6.5,3.2,240.9,-54.2,0.8,-1.0,RS41-SG,404.900,6.7,250,10,2.5,,
2026-09-27T00:37:11.999Z,Y1152264,7386,45.48845,8.84804,28391.5,6.3,4.4,211.2,-54.1,0.7,-1.0,RS41-SG,404.900,8.4,250,10,2.5,,
2026-09-27T00:37:12.999Z,Y1152264,7387,45.48842,8.84801,28397.1,5.1,4.5,211.9,-54.0,0.8,-1.0,RS41-SG,404.900,8.5,250,10,2.5,,
2026-09-27T00:37:13.999Z,Y1152264,7388,45.48838,8.84798,28402.4,5.6,4.5,225.5,-54.0,0.7,-1.0,RS41-SG,404.900,8.8,250,10,2.5,,
2026-09-27T00:37:14.999Z,Y1152264,7389,45.48836,8.84793,28408.5,6.6,5.0,247.0,-54.0,0.7,-1.0,RS41-SG,404.900,8.8,250,10,2.5,,
2026-09-27T00:37:15.999Z,Y1152264,7390,45.48835,8.84786,28414.9,6.3,6.1,263.1,-53.9,0.7,-1.0,RS41-SG,404.900,8.7,250,10,2.6,,
2026-09-27T00:37:17.999Z,Y1152264,7392,45.48835,8.84768,28425.7,5.3,7.7,270.1,-53.9,0.7,-1.0,RS41-SG,404.900,7.6,250,10,2.5,,
2026-09-27T00:37:22.999Z,Y1152264,7397,45.48827,8.84730,28457.0,7.4,4.1,248.1,-53.7,0.7,-1.0,RS41-SG,404.900,7.6,250,10,2.6,,
2026-09-27T00:37:23.999Z,Y1152264,7398,45.48826,8.84726,28463.5,5.6,3.5,260.8,-53.7,0.7,-1.0,RS41-SG,404.900,7.8,250,10,2.5,,
2026-09-27T00:37:24.999Z,Y1152264,7399,45.48826,8.84722,28469.1,5.5,3.0,275.7,-53.7,0.7,-1.0,RS41-SG,404.900,8.5,250,10,2.5,,
2026-09-27T00:37:25.999Z,Y1152264,7400,45.48827,8.84718,28475.0,6.2,2.6,282.8,-53.7,0.7,-1.0,RS41-SG,404.900,8.5,250,10,2.5,,
2026-09-27T00:37:26.999Z,Y1152264,7401,45.48827,8.84715,28481.7,7.1,2.2,272.6,-53.7,0.7,-1.0,RS41-SG,404.900,8.5,250,10,2.6,,
2026-09-27T00:37:27.999Z,Y1152264,7402,45.48827,8.84712,28488.3,6.2,2.6,262.0,-53.7,0.7,-1.0,RS41-SG,404.900,8.8,250,10,2.6,,
2026-09-27T00:37:30.999Z,Y1152264,7405,45.48826,8.84693,28507.4,6.3,8.0,268.3,-53.6,0.7,-1.0,RS41-SG,404.900,8.6,250,10,2.5,,
2026-09-27T00:37:31.999Z,Y1152264,7406,45.48826,8.84682,28513.0,5.0,9.3,269.4,-53.6,0.7,-1.0,RS41-SG,404.900,8.6,250,10,2.5,,
2026-09-27T00:37:32.999Z,Y1152264,7407,45.48825,8.84669,28518.3,5.6,10.0,267.4,-53.5,0.7,-1.0,RS41-SG,404.900,8.1,250,10,2.6,,
2026-09-27T00:37:35.999Z,Y1152264,7410,45.48821,8.84638,28537.9,4.8,6.6,248.0,-53.5,0.7,-1.0,RS41-SG,404.900,8.2,250,10,2.5,,
2026-09-27T00:37:36.999Z,Y1152264,7411,45.48819,8.84631,28542.9,5.1,5.2,243.8,-53.6,0.7,-1.0,RS41-SG,404.900,8.2,250,10,2.5,,
2026-09-27T00:37:37.999Z,Y1152264,7412,45.48817,8.84626,28548.5,6.0,4.3,246.7,-53.6,0.7,-1.0,RS41-SG,404.900,8.5,250,10,2.6,,
2026-09-27T00:37:38.999Z,Y1152264,7413,45.48816,8.84620,28554.9,6.7,4.4,259.4,-53.7,0.7,-1.0,RS41-SG,404.900,8.5,250,10,2.6,,
2026-09-27T00:37:43.999Z,Y1152264,7418,45.48812,8.84582,28585.5,5.6,7.7,250.5,-53.9,0.7,-1.0,RS41-SG,404.900,8.3,250,10,2.6,,
2026-09-27T00:37:44.999Z,Y1152264,7419,45.48809,8.84573,28591.4,6.0,8.5,250.5,-53.9,0.7,-1.0,RS41-SG,404.900,8.6,250,10,2.6,,
2026-09-27T00:37:45.999Z,Y1152264,7420,45.48807,8.84562,28598.0,7.0,9.4,254.7,-53.8,0.7,-1.0,RS41-SG,404.900,8.6,250,10,2.5,,
2026-09-27T00:37:46.999Z,Y1152264,7421,45.48805,8.84550,28604.3,5.6,10.0,259.5,-53.8,0.7,-1.0,RS41-SG,404.900,7.5,250,10,2.5,,
2026-09-27T00:37:47.999Z,Y1152264,7422,45.48804,8.84537,28609.6,5.0,10.0,263.3,-53.8,0.7,-1.0,RS41-SG,404.900,7.6,250,10,2.5,,
2026-09-27T00:37:49.999Z,Y1152264,7424,45.48802,8.84515,28621.7,6.6,7.4,261.7,-53.7,0.7,-1.0,RS41-SG,404.900,7.8,250,10,2.6,,
2026-09-27T00:37:50.999Z,Y1152264,7425,45.48801,8.84506,28628.2,6.1,5.9,257.9,-53.6,0.7,-1.0,RS41-SG,404.900,7.8,250,10,2.6,,
2026-09-27T00:37:51.999Z,Y1152264,7426,45.48800,8.84500,28633.7,4.9,4.9,255.3,-53.6,0.7,-1.0,RS41-SG,404.900,8.0,250,10,2.5,,
2026-09-27T00:37:52.999Z,Y1152264,7427,45.48799,8.84494,28638.9,5.3,4.5,261.6,-53.6,0.7,-1.0,RS41-SG,404.900,8.4,250,10,2.5,,
2026-09-27T00:37:53.999Z,Y1152264,7428,45.48799,8.84488,28644.8,6.5,4.9,274.8,-53.6,0.7,-1.0,RS41-SG,404.900,8.4,250,10,2.5,,
2026-09-27T00:37:54.999Z,Y1152264,7429,45.48800,8.84481,28651.5,6.9,6.1,283.4,-53.6,0.7,-1.0,RS41-SG,404.900,8.1,250,10,2.6,,
2026-09-27T00:37:55.999Z,Y1152264,7430,45.48801,8.84473,28657.5,5.2,7.1,285.5,-53.6,0.7,-1.0,RS41-SG,404.900,8.2,250,10,2.6,,
2026-09-27T00:37:56.999Z,Y1152264,7431,45.48803,8.84464,28662.6,4.9,8.0,283.8,-53.5,0.7,-1.0,RS41-SG,404.900,8.2,250,10,2.5,,
2026-09-27T00:37:57.999Z,Y1152264,7432,45.48804,8.84454,28668.3,6.4,7.9,276.9,-53.5,0.7,-1.0,RS41-SG,404.900,7.9,250,10,2.5,,
2026-09-27T00:37:58.999Z,Y1152264,7433,45.48804,8.84444,28675.0,7.0,7.4,266.8,-53.5,0.7,-1.0,RS41-SG,404.900,8.1,250,10,2.5,,
2026-09-27T00:37:59.999Z,Y1152264,7434,45.48803,8.84435,28681.2,5.2,6.8,257.1,-53.5,0.7,-1.0,RS41-SG,404.900,8.1,250,10,2.5,,
2026-09-27T00:38:00.999Z,Y1152264,7435,45.48802,8.84427,28686.4,5.1,6.2,249.8,-53.5,0.7,-1.0,RS41-SG,404.900,8.3,250,9,2.6,,
2026-09-27T00:38:01.999Z,Y1152264,7436,45.48800,8.84420,28692.2,6.3,5.7,250.4,-53.4,0.7,-1.0,RS41-SG,404.900,8.3,250,10,2.6,,
2026-09-27T00:38:02.999Z,Y1152264,7437,45.48799,8.84413,28698.8,6.9,5.3,259.5,-53.3,0.7,-1.0,RS41-SG,404.900,8.2,250,10,2.5,,
2026-09-27T00:38:03.999Z,Y1152264,7438,45.48798,8.84407,28705.1,5.6,5.1,269.3,-53.3,0.7,-1.0,RS41-SG,404.900,7.9,250,10,2.5,,
2026-09-27T00:38:04.999Z,Y1152264,7439,45.48798,8.84401,28710.8,5.6,4.6,278.2,-53.2,0.7,-1.0,RS41-SG,404.900,7.6,250,10,2.5,,
2026-09-27T00:38:05.999Z,Y1152264,7440,45.48799,8.84395,28717.0,6.7,3.9,284.2,-53.1,0.7,-1.0,RS41-SG,404.900,7.6,250,10,2.6,,
2026-09-27T00:38:06.999Z,Y1152264,7441,45.48800,8.84391,28723.7,6.8,3.0,286.3,-53.1,0.7,-1.0,RS41-SG,404.900,8.4,250,10,2.6,,
2026-09-27T00:38:07.999Z,Y1152264,7442,45.48801,8.84388,28729.9,5.7,2.6,287.9,-53.0,0.7,-1.0,RS41-SG,404.900,8.5,250,10,2.5,,
2026-09-27T00:38:08.999Z,Y1152264,7443,45.48801,8.84384,28735.5,5.8,3.0,288.7,-53.0,0.7,-1.0,RS41-SG,404.900,8.7,250,10,2.5,,
2026-09-27T00:38:09.999Z,Y1152264,7444,45.48802,8.84380,28741.8,6.8,4.3,290.1,-52.9,0.7,-1.0,RS41-SG,404.900,8.7,250,10,2.5,,
2026-09-27T00:38:10.999Z,Y1152264,7445,45.48804,8.84374,28748.5,6.5,5.8,290.4,-52.9,0.7,-1.0,RS41-SG,404.900,8.2,250,10,2.5,,
2026-09-27T00:38:11.999Z,Y1152264,7446,45.48806,8.84366,28754.5,5.5,6.8,289.7,-52.9,0.6,-1.0,RS41-SG,404.900,8.5,250,10,2.6,,
2026-09-27T00:38:12.999Z,Y1152264,7447,45.48808,8.84358,28760.5,6.6,7.0,287.4,-52.9,0.7,-1.0,RS41-SG,404.900,8.5,250,10,2.6,,
2026-09-27T00:38:13.999Z,Y1152264,7448,45.48809,8.84350,28767.7,7.7,5.9,283.6,-52.9,0.7,-1.0,RS41-SG,404.900,8.1,250,10,2.5,,
2026-09-27T00:38:14.999Z,Y1152264,7449,45.48810,8.84344,28774.5,5.7,4.7,276.5,-52.9,0.6,-1.0,RS41-SG,404.900,8.3,250,10,2.5,,
2026-09-27T00:38:15.999Z,Y1152264,7450,45.48811,8.84338,28779.7,4.8,3.6,271.9,-52.9,0.7,-1.0,RS41-SG,404.900,8.4,250,10,2.5,,
2026-09-27T00:38:16.999Z,Y1152264,7451,45.48811,8.84334,28785.1,5.8,2.8,274.7,-52.9,0.7,-1.0,RS41-SG,404.900,8.4,250,10,2.5,,
2026-09-27T00:38:17.999Z,Y1152264,7452,45.48811,8.84331,28791.2,6.5,2.7,287.9,-53.0,0.7,-1.0,RS41-SG,404.900,8.4,250,10,2.6,,
2026-09-27T00:38:18.999Z,Y1152264,7453,45.48812,8.84327,28797.7,6.3,3.1,299.2,-53.0,0.7,-1.0,RS41-SG,404.900,7.9,250,10,2.6,,
2026-09-27T00:38:19.999Z,Y1152264,7454,45.48814,8.84324,28803.2,4.8,3.3,304.7,-53.0,0.7,-1.0,RS41-SG,404.900,8.0,250,10,2.5,,
2026-09-27T00:38:20.999Z,Y1152264,7455,45.48816,8.84321,28808.7,6.0,3.1,312.7,-53.0,0.7,-1.0,RS41-SG,404.900,8.5,250,10,2.5,,
2026-09-27T00:38:21.999Z,Y1152264,7456,45.48817,8.84318,28815.2,7.1,2.4,321.5,-53.1,0.7,-1.0,RS41-SG,404.900,8.5,250,10,2.5,,
2026-09-27T00:38:22.999Z,Y1152264,7457,45.48819,8.84317,28821.6,5.7,1.7,329.0,-53.1,0.7,-1.0,RS41-SG,404.900,8.3,250,10,2.6,,
2026-09-27T00:38:23.999Z,Y1152264,7458,45.48820,8.84316,28827.2,5.5,1.6,328.8,-53.1,0.7,-1.0,RS41-SG,404.900,8.3,250,10,2.6,,
2026-09-27T00:38:24.999Z,Y1152264,7459,45.48821,8.84314,28833.3,6.6,2.0,312.7,-53.1,0.7,-1.0,RS41-SG,404.900,7.9,250,10,2.5,,
2026-09-27T00:38:25.999Z,Y1152264,7460,45.48823,8.84312,28840.2,7.2,3.2,300.0,-53.2,0.7,-1.0,RS41-SG,404.900,8.5,250,10,2.5,,
2026-09-27T00:38:26.999Z,Y1152264,7461,45.48824,8.84307,28846.6,5.4,4.2,297.5,-53.2,0.7,-1.0,RS41-SG,404.900,8.5,250,10,2.5,,
2026-09-27T00:38:27.999Z,Y1152264,7462,45.48826,8.84302,28852.2,5.8,4.6,296.7,-53.3,0.7,-1.0,RS41-SG,404.900,8.3,250,10,2.5,,
2026-09-27T00:38:29.999Z,Y1152264,7464,45.48829,8.84294,28865.5,7.3,2.3,306.3,-53.3,0.7,-1.0,RS41-SG,404.900,8.5,250,10,2.6,,
2026-09-27T00:38:30.999Z,Y1152264,7465,45.48830,8.84293,28872.1,5.8,1.1,342.8,-53.4,0.7,-1.0,RS41-SG,404.900,8.5,250,10,2.5,,
2026-09-27T00:38:31.999Z,Y1152264,7466,45.48831,8.84293,28877.5,5.1,1.2,38.7,-53.4,0.7,-1.0,RS41-SG,404.900,6.9,250,10,2.5,,
2026-09-27T00:38:32.999Z,Y1152264,7467,45.48832,8.84294,28883.0,5.7,1.4,54.0,-53.5,0.7,-1.0,RS41-SG,404.900,7.4,250,10,2.5,,
2026-09-27T00:38:33.999Z,Y1152264,7468,45.48833,8.84295,28889.3,7.1,0.9,31.7,-53.5,0.7,-1.0,RS41-SG,404.900,7.4,250,10,2.6,,
2026-09-27T00:38:34.999Z,Y1152264,7469,45.48833,8.84296,28896.0,6.1,0.7,327.5,-53.5,0.7,-1.0,RS41-SG,404.900,7.1,250,10,2.6,,
2026-09-27T00:38:35.999Z,Y1152264,7470,45.48834,8.84295,28901.9,5.8,1.2,288.9,-53.6,0.7,-1.0,RS41-SG,404.900,6.9,250,10,2.5,,
2026-09-27T00:38:38.999Z,Y1152264,7473,45.48833,8.84291,28921.1,6.2,1.3,181.0,-53.6,0.7,-1.0,RS41-SG,404.900,6.3,250,10,2.5,,
2026-09-27T00:38:40.999Z,Y1152264,7475,45.48830,8.84292,28931.7,5.7,2.0,182.1,-53.5,0.7,-1.0,RS41-SG,404.900,6.9,250,10,2.6,,
2026-09-27T00:38:44.999Z,Y1152264,7479,45.48824,8.84282,28956.2,5.9,2.8,250.9,-53.2,0.7,-1.0,RS41-SG,404.900,7.8,250,10,2.5,,
2026-09-27T00:38:45.999Z,Y1152264,7480,45.48823,8.84279,28962.4,6.6,1.3,266.9,-53.2,0.7,-1.0,RS41-SG,404.900,8.0,250,10,2.6,,
2026-09-27T00:38:46.999Z,Y1152264,7481,45.48824,8.84279,28969.2,6.9,0.9,20.1,-53.0,0.7,-1.0,RS41-SG,404.900,8.0,250,10,2.6,,
2026-09-27T00:38:48.999Z,Y1152264,7483,45.48826,8.84282,28980.4,5.0,2.9,43.8,-52.9,0.7,-1.0,RS41-SG,404.900,8.1,250,10,2.5,,
2026-09-27T00:38:49.999Z,Y1152264,7484,45.48828,8.84284,28986.1,6.4,2.9,34.6,-52.8,0.6,-1.0,RS41-SG,404.900,8.7,250,10,2.5,,
2026-09-27T00:38:50.999Z,Y1152264,7485,45.48830,8.84286,28993.0,7.3,2.2,11.7,-52.7,0.7,-1.0,RS41-SG,404.900,8.7,250,10,2.5,,
2026-09-27T00:38:51.999Z,Y1152264,7486,45.48832,8.84285,28999.4,5.5,1.8,335.7,-52.6,0.6,-1.0,RS41-SG,404.900,8.0,250,10,2.5,,
2026-09-27T00:38:53.999Z,Y1152264,7488,45.48833,8.84282,29011.3,7.1,1.5,247.3,-52.4,0.6,-1.0,RS41-SG,404.900,7.2,250,10,2.6,,
2026-09-27T00:38:54.999Z,Y1152264,7489,45.48832,8.84281,29018.1,6.5,1.4,202.2,-52.3,0.7,-1.0,RS41-SG,404.900,7.8,250,10,2.6,,
2026-09-27T00:38:55.999Z,Y1152264,7490,45.48831,8.84281,29023.7,4.8,1.8,172.8,-52.3,0.6,-1.0,RS41-SG,404.900,7.8,250,10,2.5,,
2026-09-27T00:38:56.999Z,Y1152264,7491,45.48829,8.84281,29029.1,5.8,2.0,163.2,-52.2,0.6,-1.0,RS41-SG,404.900,8.4,250,10,2.5,,
2026-09-27T00:38:57.999Z,Y1152264,7492,45.48828,8.84282,29035.6,7.1,1.6,175.5,-52.2,0.6,-1.0,RS41-SG,404.900,8.4,250,10,2.5,,
2026-09-27T00:38:58.999Z,Y1152264,7493,45.48826,8.84282,29042.4,6.4,1.2,202.4,-52.2,0.6,-1.0,RS41-SG,404.900,7.7,250,10,2.6,,
2026-09-27T00:39:01.999Z,Y1152264,7496,45.48827,8.84282,29061.8,7.1,2.2,34.0,-52.0,0.6,-1.0,RS41-SG,404.900,7.5,250,10,2.5,,
2026-09-27T00:39:02.999Z,Y1152264,7497,45.48829,8.84284,29068.1,5.4,3.3,41.3,-52.0,0.6,-1.0,RS41-SG,404.900,7.4,250,10,2.5,,
2026-09-27T00:39:03.999Z,Y1152264,7498,45.48832,8.84287,29073.4,5.3,3.8,42.5,-52.0,0.6,-1.0,RS41-SG,404.900,7.5,250,10,2.5,,
2026-09-27T00:39:04.999Z,Y1152264,7499,45.48834,8.84290,29079.3,6.3,3.6,37.9,-52.0,0.6,-1.0,RS41-SG,404.900,7.5,250,10,2.6,,
2026-09-27T00:39:05.999Z,Y1152264,7500,45.48837,8.84292,29086.0,7.0,2.7,25.4,-52.0,0.6,-1.0,RS41-SG,404.900,7.2,250,10,2.6,,
2026-09-27T00:39:06.999Z,Y1152264,7501,45.48839,8.84293,29092.2,5.6,2.1,4.5,-52.0,0.6,-1.0,RS41-SG,404.900,7.3,250,10,2.5,,
2026-09-27T00:39:07.999Z,Y1152264,7502,45.48840,8.84293,29097.5,4.9,1.7,347.3,-52.0,0.6,-1.0,RS41-SG,404.900,7.3,250,10,2.5,,
2026-09-27T00:39:08.999Z,Y1152264,7503,45.48842,8.84293,29102.9,6.0,1.5,356.7,-52.0,0.6,-1.0,RS41-SG,404.900,7.0,250,10,2.5,,
2026-09-27T00:39:09.999Z,Y1152264,7504,45.48843,8.84293,29109.4,7.2,1.8,33.3,-52.0,0.6,-1.0,RS41-SG,404.900,7.2,250,10,2.5,,
2026-09-27T00:39:10.999Z,Y1152264,7505,45.48844,8.84295,29116.0,5.9,2.6,53.7,-52.0,0.6,-1.0,RS41-SG,404.900,7.2,250,10,2.6,,
2026-09-27T00:39:11.999Z,Y1152264,7506,45.48846,8.84298,29121.7,5.4,3.2,60.8,-52.1,0.6,-1.0,RS41-SG,404.900,7.4,250,10,2.6,,
2026-09-27T00:39:12.999Z,Y1152264,7507,45.48847,8.84302,29127.4,6.0,3.1,64.9,-52.1,0.6,-1.0,RS41-SG,404.900,7.4,250,10,2.6,,
2026-09-27T00:39:13.999Z,Y1152264,7508,45.48848,8.84305,29134.0,7.1,2.1,62.7,-52.1,0.6,-1.0,RS41-SG,404.900,7.3,250,10,2.5,,
2026-09-27T00:39:14.999Z,Y1152264,7509,45.48849,8.84307,29140.8,6.4,1.0,54.9,-52.1,0.7,-1.0,RS41-SG,404.900,6.9,250,10,2.5,,
2026-09-27T00:39:15.999Z,Y1152264,7510,45.48849,8.84307,29146.7,5.4,0.4,32.9,-52.1,0.7,-1.0,RS41-SG,404.900,6.9,250,10,2.5,,
2026-09-27T00:39:16.999Z,Y1152264,7511,45.48849,8.84308,29152.5,6.3,0.6,35.7,-52.2,0.7,-1.0,RS41-SG,404.900,6.9,250,10,2.5,,
2026-09-27T00:39:17.999Z,Y1152264,7512,45.48850,8.84309,29159.4,7.4,1.7,47.1,-52.2,0.7,-1.0,RS41-SG,404.900,7.5,250,10,2.5,,
2026-09-27T00:39:18.999Z,Y1152264,7513,45.48852,8.84311,29166.0,5.8,2.8,50.0,-52.2,0.7,-1.0,RS41-SG,404.900,7.7,250,10,2.6,,
2026-09-27T00:39:20.999Z,Y1152264,7515,45.48855,8.84318,29176.9,6.0,3.7,51.0,-52.3,0.7,-1.0,RS41-SG,404.900,7.6,250,10,2.5,,
2026-09-27T00:39:21.999Z,Y1152264,7516,45.48857,8.84321,29183.5,7.2,2.9,49.1,-52.3,0.7,-1.0,RS41-SG,404.900,7.6,250,10,2.5,,
2026-09-27T00:39:22.999Z,Y1152264,7517,45.48859,8.84323,29190.1,6.0,1.9,50.6,-52.3,0.7,-1.0,RS41-SG,404.900,7.6,250,10,2.5,,
2026-09-27T00:39:23.999Z,Y1152264,7518,45.48860,8.84325,29195.9,5.7,1.3,61.4,-52.3,0.7,-1.0,RS41-SG,404.900,7.6,250,10,2.6,,
2026-09-27T00:39:24.999Z,Y1152264,7519,45.48860,8.84327,29202.1,6.4,1.3,80.7,-52.3,0.7,-1.0,RS41-SG,404.900,7.1,250,10,2.6,,
2026-09-27T00:39:25.999Z,Y1152264,7520,45.48860,8.84329,29209.0,7.2,2.1,87.4,-52.3,0.6,-1.0,RS41-SG,404.900,7.3,250,10,2.5,,
2026-09-27T00:39:26.999Z,Y1152264,7521,45.48860,8.84332,29215.5,5.7,2.8,86.9,-52.3,0.7,-1.0,RS41-SG,404.900,7.6,250,10,2.5,,
2026-09-27T00:39:27.999Z,Y1152264,7522,45.48860,8.84335,29221.3,5.7,2.9,89.1,-52.2,0.7,-1.0,RS41-SG,404.900,7.6,250,10,2.5,,
2026-09-27T00:39:28.999Z,Y1152264,7523,45.48860,8.84339,29227.5,6.7,2.4,104.9,-52.2,0.7,-1.0,RS41-SG,404.900,7.2,250,10,2.5,,
2026-09-27T00:39:29.999Z,Y1152264,7524,45.48859,8.84341,29234.4,7.1,1.7,137.2,-52.2,0.6,-1.0,RS41-SG,404.900,7.4,250,10,2.6,,
2026-09-27T00:39:31.999Z,Y1152264,7526,45.48856,8.84342,29246.4,5.7,1.5,188.5,-52.2,0.6,-1.0,RS41-SG,404.900,7.2,250,10,2.5,,
2026-09-27T00:39:34.999Z,Y1152264,7529,45.48856,8.84343,29265.5,5.3,1.6,35.6,-52.2,0.6,-1.0,RS41-SG,404.900,7.7,250,10,2.6,,
2026-09-27T00:39:35.999Z,Y1152264,7530,45.48857,8.84344,29271.1,5.8,1.8,33.9,-52.2,0.7,-1.0,RS41-SG,404.900,7.7,250,10,2.6,,
2026-09-27T00:39:36.999Z,Y1152264,7531,45.48859,8.84345,29277.3,6.6,1.2,26.5,-52.2,0.7,-1.0,RS41-SG,404.900,7.6,250,10,2.5,,
2026-09-27T00:39:37.999Z,Y1152264,7532,45.48859,8.84345,29283.8,6.4,0.4,316.2,-52.2,0.6,-1.0,RS41-SG,404.900,7.6,250,10,2.5,,
2026-09-27T00:39:42.999Z,Y1152264,7537,45.48858,8.84341,29313.0,5.3,0.6,49.0,-52.2,0.7,-1.0,RS41-SG,404.900,6.7,250,10,2.5,,
2026-09-27T00:39:43.999Z,Y1152264,7538,45.48858,8.84342,29318.7,6.0,0.9,54.9,-52.1,0.7,-1.0,RS41-SG,404.900,7.3,250,10,2.5,,
2026-09-27T00:39:47.999Z,Y1152264,7542,45.48857,8.84336,29343.4,5.5,3.1,257.9,-51.8,0.6,-1.0,RS41-SG,404.900,7.0,250,10,2.6,,
2026-09-27T00:39:51.999Z,Y1152264,7546,45.48859,8.84319,29368.2,5.8,4.1,291.5,-51.4,0.6,-1.0,RS41-SG,404.900,6.9,250,10,2.5,,
2026-09-27T00:39:52.999Z,Y1152264,7547,45.48861,8.84314,29374.3,6.3,4.8,283.7,-51.3,0.6,-1.0,RS41-SG,404.900,7.2,250,10,2.5,,
2026-09-27T00:39:53.999Z,Y1152264,7548,45.48861,8.84308,29380.9,6.8,5.5,274.8,-51.2,0.6,-1.0,RS41-SG,404.900,7.2,250,10,2.5,,
2026-09-27T00:39:58.999Z,Y1152264,7553,45.48857,8.84291,29412.9,5.1,2.9,121.4,-51.0,0.6,-1.0,RS41-SG,404.900,7.3,250,10,2.5,,
2026-09-27T00:39:59.999Z,Y1152264,7554,45.48855,8.84295,29417.3,3.9,4.0,109.3,-51.0,0.6,-1.0,RS41-SG,404.900,7.6,250,10,2.6,,
2026-09-27T00:40:04.999Z,Y1152264,7559,45.48851,8.84306,29445.1,5.0,1.9,256.2,-50.6,0.6,-1.0,RS41-SG,404.900,7.0,250,10,2.5,,
2026-09-27T00:40:06.999Z,Y1152264,7561,45.48851,8.84301,29457.2,7.0,1.5,315.9,-50.5,0.6,-1.0,RS41-SG,404.900,6.9,250,10,2.6,,
2026-09-27T00:40:17.999Z,Y1152264,7572,45.48851,8.84350,29522.2,5.3,6.1,100.4,-50.1,0.6,-1.0,RS41-SG,404.900,6.8,250,10,2.5,,
2026-09-27T00:47:26.999Z,Y1152264,8001,45.47462,8.86823,32084.7,5.4,17.0,145.5,-48.2,0.5,-1.0,RS41-SG,404.900,7.3,250,10,2.5,,
2026-09-27T00:47:27.999Z,Y1152264,8002,45.47449,8.86836,32089.8,4.8,17.7,142.8,-48.2,0.5,-1.0,RS41-SG,404.900,7.5,250,10,2.5,,
2026-09-27T00:47:31.999Z,Y1152264,8006,45.47401,8.86876,32114.7,5.2,12.5,164.5,-48.3,0.5,-1.0,RS41-SG,404.900,7.1,250,9,2.5,,
2026-09-27T00:47:32.999Z,Y1152264,8007,45.47391,8.86879,32119.8,4.9,11.1,172.7,-48.3,0.5,-1.0,RS41-SG,404.900,7.0,250,10,2.5,,
2026-09-27T00:47:34.999Z,Y1152264,8009,45.47374,8.86882,32131.2,6.8,8.4,172.0,-48.3,0.5,-1.0,RS41-SG,404.900,6.9,250,10,2.5,,
2026-09-27T00:47:36.999Z,Y1152264,8011,45.47360,8.86888,32143.7,5.3,7.9,151.8,-48.2,0.5,-1.0,RS41-SG,404.900,6.9,250,10,2.6,,
2026-09-27T00:47:38.999Z,Y1152264,8013,45.47347,8.86900,32155.5,6.9,9.7,146.0,-48.1,0.5,-1.0,RS41-SG,404.900,6.8,250,10,2.6,,
2026-09-27T00:47:41.999Z,Y1152264,8016,45.47321,8.86921,32173.4,5.6,12.7,153.1,-48.0,0.5,-1.0,RS41-SG,404.900,6.7,250,10,2.5,,
2026-09-27T00:47:42.999Z,Y1152264,8017,45.47311,8.86929,32179.4,6.5,13.4,151.3,-48.0,0.5,-1.0,RS41-SG,404.900,7.0,250,10,2.5,,
2026-09-27T00:47:43.999Z,Y1152264,8018,45.47300,8.86937,32186.0,6.5,13.9,148.8,-48.0,0.5,-1.0,RS41-SG,404.900,7.5,250,10,2.5,,
2026-09-27T00:47:44.999Z,Y1152264,8019,45.47290,8.86946,32192.1,5.7,13.8,147.7,-48.1,0.5,-1.0,RS41-SG,404.900,7.5,250,10,2.6,,
2026-09-27T00:47:47.999Z,Y1152264,8022,45.47259,8.86968,32210.6,6.4,11.4,164.8,-48.1,0.5,-1.0,RS41-SG,404.900,8.3,250,10,2.5,,
2026-09-27T00:47:48.999Z,Y1152264,8023,45.47249,8.86971,32216.6,5.6,11.0,172.4,-48.2,0.5,-1.0,RS41-SG,404.900,8.3,250,10,2.5,,
2026-09-27T00:47:49.999Z,Y1152264,8024,45.47240,8.86972,32222.2,5.6,10.7,175.7,-48.2,0.5,-1.0,RS41-SG,404.900,7.8,250,10,2.5,,
2026-09-27T00:47:50.999Z,Y1152264,8025,45.47230,8.86974,32228.1,6.3,10.5,172.4,-48.2,0.5,-1.0,RS41-SG,404.900,7.5,250,10,2.5,,
2026-09-27T00:47:51.999Z,Y1152264,8026,45.47221,8.86976,32234.9,7.3,10.6,162.6,-48.2,0.5,-1.0,RS41-SG,404.900,7.5,250,10,2.5,,
2026-09-27T00:47:52.999Z,Y1152264,8027,45.47212,8.86982,32241.8,6.5,11.1,151.6,-48.3,0.5,-1.0,RS41-SG,404.900,7.9,250,10,2.6,,
2026-09-27T00:47:53.999Z,Y1152264,8028,45.47203,8.86990,32247.5,4.9,11.9,143.8,-48.3,0.5,-1.0,RS41-SG,404.900,8.1,250,10,2.6,,
2026-09-27T00:47:55.999Z,Y1152264,8030,45.47186,8.87010,32258.3,6.4,13.6,140.8,-48.4,0.5,-1.0,RS41-SG,404.900,8.2,250,9,2.5,,
2026-09-27T00:47:56.999Z,Y1152264,8031,45.47176,8.87021,32265.1,7.0,13.8,146.3,-48.4,0.5,-1.0,RS41-SG,404.900,8.4,250,9,2.5,,
2026-09-27T00:47:57.999Z,Y1152264,8032,45.47165,8.87030,32271.3,5.4,13.8,151.9,-48.5,0.5,-1.0,RS41-SG,404.900,8.5,250,9,2.5,,
2026-09-27T00:47:58.999Z,Y1152264,8033,45.47154,8.87037,32276.5,4.9,13.7,156.7,-48.5,0.5,-1.0,RS41-SG,404.900,8.5,250,10,2.5,,
2026-09-27T00:48:08.999Z,Y1152264,8043,45.47061,8.87092,32338.8,7.0,10.0,145.3,-48.8,0.5,-1.0,RS41-SG,404.900,7.8,250,10,2.6,,
2026-09-27T00:48:09.999Z,Y1152264,8044,45.47053,8.87100,32345.0,5.3,10.5,138.0,-48.8,0.5,-1.0,RS41-SG,404.900,7.9,250,10,2.6,,
2026-09-27T00:48:11.999Z,Y1152264,8046,45.47039,8.87120,32355.6,6.2,11.5,136.1,-48.9,0.5,-1.0,RS41-SG,404.900,7.2,250,10,2.5,,
2026-09-27T00:48:12.999Z,Y1152264,8047,45.47031,8.87130,32362.4,7.2,11.3,142.4,-48.9,0.5,-1.0,RS41-SG,404.900,8.4,250,10,2.5,,
2026-09-27T00:48:13.999Z,Y1152264,8048,45.47023,8.87137,32369.0,6.1,10.9,149.8,-48.9,0.5,-1.0,RS41-SG,404.900,8.4,250,10,2.5,,
2026-09-27T00:48:15.999Z,Y1152264,8050,45.47006,8.87149,32380.8,6.2,10.2,158.0,-48.9,0.5,-1.0,RS41-SG,404.900,7.7,250,10,2.5,,
2026-09-27T00:48:18.999Z,Y1152264,8053,45.46983,8.87165,32400.3,5.5,8.9,147.4,-48.9,0.5,-1.0,RS41-SG,404.900,7.5,250,10,2.6,,
2026-09-27T00:48:19.999Z,Y1152264,8054,45.46977,8.87171,32406.1,6.1,8.4,147.0,-49.0,0.6,-1.0,RS41-SG,404.900,8.4,250,10,2.5,,
2026-09-27T00:48:20.999Z,Y1152264,8055,45.46971,8.87177,32412.6,7.0,7.7,150.6,-49.0,0.6,-1.0,RS41-SG,404.900,8.4,250,10,2.5,,
2026-09-27T00:48:21.999Z,Y1152264,8056,45.46965,8.87181,32419.4,6.5,7.2,158.1,-49.0,0.5,-1.0,RS41-SG,404.900,8.1,250,10,2.5,,
2026-09-27T00:48:22.999Z,Y1152264,8057,45.46959,8.87184,32425.4,5.5,7.0,162.7,-49.1,0.5,-1.0,RS41-SG,404.900,7.9,250,10,2.5,,
2026-09-27T00:48:23.999Z,Y1152264,8058,45.46953,8.87187,32430.9,5.5,7.1,162.6,-49.1,0.5,-1.0,RS41-SG,404.900,7.8,250,10,2.5,,
2026-09-27T00:48:24.999Z,Y1152264,8059,45.46946,8.87190,32436.8,6.3,7.5,155.8,-49.2,0.5,-1.0,RS41-SG,404.900,7.8,250,10,2.6,,
2026-09-27T00:48:26.999Z,Y1152264,8061,45.46934,8.87201,32450.0,6.0,9.0,140.7,-49.2,0.6,-1.0,RS41-SG,404.900,8.5,250,10,2.6,,
2026-09-27T00:48:27.999Z,Y1152264,8062,45.46928,8.87209,32456.0,5.9,9.5,138.9,-49.2,0.5,-1.0,RS41-SG,404.900,8.5,250,10,2.5,,
2026-09-27T00:48:28.999Z,Y1152264,8063,45.46921,8.87217,32462.1,6.3,9.3,140.9,-49.3,0.5,-1.0,RS41-SG,404.900,8.5,250,10,2.5,,
2026-09-27T00:48:29.999Z,Y1152264,8064,45.46915,8.87223,32468.6,6.8,8.5,149.2,-49.3,0.6,-1.0,RS41-SG,404.900,8.5,250,10,2.5,,
2026-09-27T00:48:30.999Z,Y1152264,8065,45.46908,8.87227,32475.7,7.3,7.6,163.1,-49.4,0.5,-1.0,RS41-SG,404.900,8.7,250,10,2.5,,
2026-09-27T00:48:31.999Z,Y1152264,8066,45.46902,8.87229,32482.2,5.8,7.1,177.2,-49.4,0.6,-1.0,RS41-SG,404.900,8.9,250,10,2.5,,
2026-09-27T00:48:32.999Z,Y1152264,8067,45.46896,8.87228,32487.7,5.0,6.7,188.0,-49.5,0.5,-1.0,RS41-SG,404.900,8.9,250,10,2.6,,
2026-09-27T00:48:33.999Z,Y1152264,8068,45.46890,8.87227,32493.1,5.9,5.9,192.6,-49.5,0.6,-1.0,RS41-SG,404.900,8.4,250,10,2.6,,
2026-09-27T00:48:34.999Z,Y1152264,8069,45.46885,8.87226,32499.7,7.3,4.8,185.6,-49.5,0.6,-1.0,RS41-SG,404.900,8.4,250,10,2.6,,
2026-09-27T00:48:35.999Z,Y1152264,8070,45.46882,8.87226,32506.5,6.1,4.0,166.9,-49.6,0.6,-1.0,RS41-SG,404.900,8.3,250,10,2.5,,
2026-09-27T00:48:36.999Z,Y1152264,8071,45.46878,8.87228,32512.0,4.9,4.0,148.1,-49.6,0.5,-1.0,RS41-SG,404.900,8.6,250,10,2.5,,
2026-09-27T00:48:37.999Z,Y1152264,8072,45.46875,8.87231,32517.3,5.6,4.4,136.8,-49.6,0.5,-1.0,RS41-SG,404.900,8.9,250,10,2.5,,
2026-09-27T00:48:38.999Z,Y1152264,8073,45.46872,8.87235,32523.5,6.8,4.7,140.1,-49.6,0.6,-1.0,RS41-SG,404.900,9.3,250,10,2.5,,
2026-09-27T00:48:39.999Z,Y1152264,8074,45.46869,8.87239,32530.4,6.8,5.0,149.8,-49.7,0.6,-1.0,RS41-SG,404.900,9.3,250,10,2.5,,
2026-09-27T00:48:40.999Z,Y1152264,8075,45.46864,8.87242,32536.4,5.3,5.4,157.9,-49.7,0.6,-1.0,RS41-SG,404.900,9.2,250,10,2.6,,
2026-09-27T00:48:41.999Z,Y1152264,8076,45.46860,8.87244,32541.9,5.8,5.9,161.2,-49.7,0.6,-1.0,RS41-SG,404.900,9.2,250,10,2.6,,
2026-09-27T00:48:42.999Z,Y1152264,8077,45.46855,8.87247,32548.1,6.6,6.2,158.9,-49.8,0.6,-1.0,RS41-SG,404.900,9.3,250,10,2.6,,
2026-09-27T00:48:43.999Z,Y1152264,8078,45.46850,8.87250,32554.6,6.5,6.3,155.0,-49.8,0.6,-1.0,RS41-SG,404.900,9.3,250,10,2.5,,
2026-09-27T00:48:44.999Z,Y1152264,8079,45.46844,8.87253,32560.6,5.4,6.1,155.0,-49.8,0.6,-1.0,RS41-SG,404.900,9.0,250,10,2.5,,
2026-09-27T00:48:45.999Z,Y1152264,8080,45.46840,8.87256,32566.3,6.0,5.7,161.4,-49.8,0.6,-1.0,RS41-SG,404.900,9.7,250,10,2.5,,
2026-09-27T00:48:46.999Z,Y1152264,8081,45.46835,8.87258,32572.7,6.6,5.7,175.8,-49.9,0.6,-1.0,RS41-SG,404.900,9.7,250,10,2.5,,
2026-09-27T00:48:47.999Z,Y1152264,8082,45.46829,8.87257,32579.0,6.3,6.3,190.2,-49.9,0.6,-1.0,RS41-SG,404.900,9.7,250,10,2.5,,
2026-09-27T00:48:48.999Z,Y1152264,8083,45.46824,8.87255,32584.9,5.4,6.7,196.3,-49.9,0.6,-1.0,RS41-SG,404.900,8.5,250,10,2.6,,
2026-09-27T00:48:49.999Z,Y1152264,8084,45.46818,8.87253,32590.6,6.0,7.0,195.8,-49.9,0.6,-1.0,RS41-SG,404.900,8.2,250,10,2.6,,
2026-09-27T00:48:50.999Z,Y1152264,8085,45.46812,8.87251,32596.9,6.6,6.7,185.7,-49.8,0.5,-1.0,RS41-SG,404.900,8.4,250,10,2.6,,
2026-09-27T00:48:51.999Z,Y1152264,8086,45.46806,8.87251,32603.6,6.6,6.8,169.2,-49.8,0.6,-1.0,RS41-SG,404.900,8.6,250,10,2.5,,
2026-09-27T00:48:52.999Z,Y1152264,8087,45.46800,8.87254,32609.7,5.6,7.7,155.2,-49.7,0.6,-1.0,RS41-SG,404.900,8.6,250,10,2.5,,
2026-09-27T00:48:53.999Z,Y1152264,8088,45.46793,8.87260,32615.1,5.2,9.1,146.8,-49.7,0.5,-1.0,RS41-SG,404.900,8.8,250,10,2.5,,
2026-09-27T00:48:54.999Z,Y1152264,8089,45.46786,8.87267,32620.3,5.3,10.6,144.8,-49.7,0.6,-1.0,RS41-SG,404.900,9.5,250,10,2.5,,
2026-09-27T00:48:55.999Z,Y1152264,8090,45.46777,8.87274,32625.9,5.8,11.7,147.6,-49.6,0.6,-1.0,RS41-SG,404.900,9.5,250,10,2.5,,
2026-09-27T00:48:56.999Z,Y1152264,8091,45.46768,8.87282,32632.0,6.4,12.4,154.0,-49.6,0.5,-1.0,RS41-SG,404.900,8.2,250,10,2.6,,
2026-09-27T00:48:59.999Z,Y1152264,8094,45.46738,8.87293,32651.0,5.5,10.4,177.6,-49.5,0.5,-1.0,RS41-SG,404.900,7.4,250,10,2.5,,
2026-09-27T00:49:02.999Z,Y1152264,8097,45.46718,8.87293,32667.4,5.6,4.1,169.5,-49.5,0.5,-1.0,RS41-SG,404.900,8.3,250,10,2.5,,
2026-09-27T00:49:03.999Z,Y1152264,8098,45.46715,8.87295,32672.9,5.4,4.1,140.2,-49.5,0.5,-1.0,RS41-SG,404.900,8.3,250,10,2.6,,
2026-09-27T00:49:04.999Z,Y1152264,8099,45.46712,8.87299,32678.4,5.8,5.9,128.6,-49.5,0.5,-1.0,RS41-SG,404.900,8.5,250,10,2.6,,
2026-09-27T00:49:07.999Z,Y1152264,8102,45.46692,8.87324,32696.2,5.2,13.4,149.5,-49.6,0.5,-1.0,RS41-SG,404.900,8.7,250,10,2.5,,
2026-09-27T00:49:08.999Z,Y1152264,8103,45.46681,8.87332,32701.2,4.8,15.1,156.9,-49.6,0.5,-1.0,RS41-SG,404.900,8.7,250,10,2.5,,
2026-09-27T00:49:09.999Z,Y1152264,8104,45.46668,8.87338,32706.0,5.0,15.6,163.5,-49.6,0.5,-1.0,RS41-SG,404.900,8.7,250,10,2.6,,
2026-09-27T00:49:10.999Z,Y1152264,8105,45.46655,8.87343,32711.1,5.4,14.7,168.9,-49.6,0.5,-1.0,RS41-SG,404.900,8.7,250,10,2.6,,
2026-09-27T00:49:11.999Z,Y1152264,8106,45.46643,8.87346,32716.8,6.0,12.6,172.6,-49.5,0.5,-1.0,RS41-SG,404.900,7.8,250,10,2.6,,
2026-09-27T00:49:12.999Z,Y1152264,8107,45.46633,8.87348,32722.8,6.1,9.8,171.8,-49.5,0.5,-1.0,RS41-SG,404.900,7.8,250,10,2.5,,
2026-09-27T00:49:13.999Z,Y1152264,8108,45.46625,8.87350,32728.7,5.6,7.3,165.5,-49.5,0.5,-1.0,RS41-SG,404.900,7.6,250,10,2.5,,
2026-09-27T00:49:14.999Z,Y1152264,8109,45.46620,8.87353,32733.9,4.8,5.7,149.4,-49.4,0.5,-1.0,RS41-SG,404.900,8.2,250,10,2.5,,
2026-09-27T00:49:15.999Z,Y1152264,8110,45.46616,8.87357,32738.6,4.7,5.7,132.3,-49.4,0.5,-1.0,RS41-SG,404.900,8.2,250,10,2.5,,
2026-09-27T00:49:16.999Z,Y1152264,8111,45.46612,8.87363,32743.6,5.4,6.9,127.6,-49.4,0.5,-1.0,RS41-SG,404.900,8.5,250,10,2.5,,
2026-09-27T00:49:18.999Z,Y1152264,8113,45.46601,8.87379,32755.6,6.2,10.7,144.2,-49.2,0.5,-1.0,RS41-SG,404.900,6.5,250,10,2.6,,
2026-09-27T00:49:19.999Z,Y1152264,8114,45.46592,8.87386,32761.6,5.7,12.5,154.0,-49.2,0.5,-1.0,RS41-SG,404.900,7.5,250,10,2.6,,
2026-09-27T00:49:20.999Z,Y1152264,8115,45.46581,8.87392,32767.2,5.3,13.9,162.6,-49.1,0.5,-1.0,RS41-SG,404.900,8.4,250,10,2.5,,
2026-09-27T00:49:25.999Z,Y1152264,8120,45.46526,8.87397,32795.0,5.5,8.0,177.0,-48.9,0.5,-1.0,RS41-SG,404.900,6.9,250,10,2.6,,
2026-09-27T00:49:27.999Z,Y1152264,8122,45.46514,8.87403,32805.4,5.1,7.7,146.9,-48.8,0.5,-1.0,RS41-SG,404.900,6.6,250,10,2.6,,
2026-09-27T00:49:28.999Z,Y1152264,8123,45.46508,8.87410,32810.7,5.5,9.5,141.5,-48.8,0.5,-1.0,RS41-SG,404.900,7.1,250,10,2.5,,
2026-09-27T00:49:29.999Z,Y1152264,8124,45.46500,8.87418,32816.5,6.1,11.5,143.5,-48.8,0.5,-1.0,RS41-SG,404.900,7.3,250,10,2.5,,
2026-09-27T00:49:31.999Z,Y1152264,8126,45.46480,8.87434,32828.4,5.0,14.1,155.0,-48.8,0.5,-1.0,RS41-SG,404.900,8.4,250,10,2.5,,
2026-09-27T00:49:34.999Z,Y1152264,8129,45.46445,8.87448,32844.4,6.1,11.8,175.1,-48.7,0.5,-1.0,RS41-SG,404.900,7.4,250,10,2.6,,
2026-09-27T00:49:35.999Z,Y1152264,8130,45.46436,8.87449,32850.6,6.1,10.0,181.6,-48.7,0.5,-1.0,RS41-SG,404.900,7.3,250,10,2.6,,
2026-09-27T00:49:36.999Z,Y1152264,8131,45.46427,8.87448,32856.3,5.2,8.8,186.8,-48.7,0.5,-1.0,RS41-SG,404.900,7.9,250,10,2.5,,
2026-09-27T00:49:37.999Z,Y1152264,8132,45.46420,8.87446,32861.2,4.7,8.2,190.5,-48.7,0.5,-1.0,RS41-SG,404.900,8.2,250,10,2.5,,
2026-09-27T00:49:38.999Z,Y1152264,8133,45.46412,8.87444,32866.1,5.1,8.5,191.4,-48.7,0.5,-1.0,RS41-SG,404.900,8.2,250,10,2.5,,
2026-09-27T00:49:39.999Z,Y1152264,8134,45.46404,8.87442,32871.6,5.9,9.7,189.1,-48.8,0.5,-1.0,RS41-SG,404.900,8.2,250,10,2.5,,
2026-09-27T00:49:40.999Z,Y1152264,8135,45.46395,8.87440,32878.0,6.8,11.7,184.7,-48.8,0.5,-1.0,RS41-SG,404.900,8.2,250,10,2.5,,
2026-09-27T00:49:41.999Z,Y1152264,8136,45.46384,8.87440,32884.7,6.5,13.6,179.7,-48.8,0.5,-1.0,RS41-SG,404.900,8.7,250,10,2.6,,
2026-09-27T00:49:42.999Z,Y1152264,8137,45.46371,8.87441,32890.5,5.2,15.0,175.5,-48.8,0.5,-1.0,RS41-SG,404.900,8.7,250,10,2.6,,
2026-09-27T00:49:45.999Z,Y1152264,8140,45.46331,8.87453,32907.7,6.9,13.7,159.3,-48.7,0.5,-1.0,RS41-SG,404.900,7.3,250,10,2.5,,
2026-09-27T00:49:46.999Z,Y1152264,8141,45.46321,8.87459,32914.2,6.0,11.7,154.8,-48.7,0.5,-1.0,RS41-SG,404.900,8.6,250,10,2.5,,
2026-09-27T00:49:47.999Z,Y1152264,8142,45.46312,8.87465,32919.7,4.9,9.9,153.3,-48.7,0.5,-1.0,RS41-SG,404.900,8.6,250,10,2.5,,
2026-09-27T00:49:48.999Z,Y1152264,8143,45.46304,8.87469,32924.8,5.3,8.2,159.7,-48.7,0.5,-1.0,RS41-SG,404.900,8.5,250,10,2.6,,
2026-09-27T00:49:49.999Z,Y1152264,8144,45.46298,8.87472,32930.5,6.0,7.7,174.5,-48.7,0.5,-1.0,RS41-SG,404.900,8.0,250,10,2.6,,
2026-09-27T00:49:50.999Z,Y1152264,8145,45.46290,8.87471,32936.6,6.2,8.8,189.9,-48.7,0.5,-1.0,RS41-SG,404.900,7.8,250,10,2.5,,
2026-09-27T00:49:52.999Z,Y1152264,8147,45.46272,8.87464,32947.9,4.8,12.1,199.5,-48.6,0.5,-1.0,RS41-SG,404.900,8.6,250,10,2.5,,
2026-09-27T00:49:53.999Z,Y1152264,8148,45.46262,8.87458,32952.8,4.9,12.9,197.9,-48.6,0.5,-1.0,RS41-SG,404.900,8.6,250,10,2.5,,
2026-09-27T00:49:54.999Z,Y1152264,8149,45.46251,8.87454,32958.1,5.8,12.7,193.1,-48.6,0.5,-1.0,RS41-SG,404.900,8.5,250,10,2.6,,
2026-09-27T00:49:55.999Z,Y1152264,8150,45.46240,8.87451,32964.4,6.6,11.6,186.0,-48.5,0.5,-1.0,RS41-SG,404.900,8.3,250,10,2.6,,
2026-09-27T00:49:56.999Z,Y1152264,8151,45.46230,8.87451,32970.9,6.2,10.2,177.4,-48.5,0.5,-1.0,RS41-SG,404.900,8.6,250,10,2.6,,
2026-09-27T00:49:57.999Z,Y1152264,8152,45.46221,8.87452,32976.4,4.8,9.4,169.4,-48.5,0.5,-1.0,RS41-SG,404.900,8.6,250,10,2.5,,
2026-09-27T00:49:58.999Z,Y1152264,8153,45.46213,8.87455,32981.5,5.2,9.1,162.9,-48.4,0.5,-1.0,RS41-SG,404.900,8.4,250,10,2.5,,
2026-09-27T00:50:00.999Z,Y1152264,8155,45.46197,8.87462,32993.8,6.9,10.8,167.8,-48.3,0.5,-1.0,RS41-SG,404.900,9.0,250,10,2.5,,
2026-09-27T00:50:01.999Z,Y1152264,8156,45.46187,8.87464,33000.8,7.1,12.3,175.7,-48.3,0.5,-1.0,RS41-SG,404.900,9.0,250,10,2.5,,
2026-09-27T00:50:02.999Z,Y1152264,8157,45.46175,8.87464,33007.3,6.1,13.9,182.5,-48.2,0.5,-1.0,RS41-SG,404.900,9.6,250,10,2.6,,
2026-09-27T00:50:03.999Z,Y1152264,8158,45.46162,8.87463,33012.5,4.3,14.9,187.5,-48.1,0.5,-1.0,RS41-SG,404.900,9.6,250,10,2.6,,
2026-09-27T00:50:04.999Z,Y1152264,8159,45.46149,8.87460,33016.9,4.4,15.3,191.6,-48.1,0.5,-1.0,RS41-SG,404.900,8.6,250,10,2.6,,
2026-09-27T00:50:05.999Z,Y1152264,8160,45.46136,8.87455,33022.0,5.7,14.6,194.3,-48.0,0.4,-1.0,RS41-SG,404.900,8.1,250,10,2.5,,
2026-09-27T00:50:07.999Z,Y1152264,8162,45.46114,8.87447,33034.9,6.0,10.8,192.6,-48.0,0.5,-1.0,RS41-SG,404.900,8.6,250,10,2.5,,
2026-09-27T00:50:08.999Z,Y1152264,8163,45.46105,8.87445,33040.6,5.2,9.2,188.0,-47.9,0.5,-1.0,RS41-SG,404.900,8.6,250,10,2.5,,
2026-09-27T00:50:09.999Z,Y1152264,8164,45.46097,8.87444,33046.1,5.7,8.4,180.8,-47.9,0.5,-1.0,RS41-SG,404.900,8.2,250,10,2.5,,
2026-09-27T00:50:10.999Z,Y1152264,8165,45.46089,8.87445,33052.3,6.7,8.9,174.6,-47.9,0.5,-1.0,RS41-SG,404.900,8.6,250,10,2.6,,
2026-09-27T00:50:11.999Z,Y1152264,8166,45.46081,8.87446,33059.0,6.7,10.1,172.2,-47.8,0.5,-1.0,RS41-SG,404.900,8.6,250,10,2.6,,
2026-09-27T00:50:13.999Z,Y1152264,8168,45.46061,8.87450,33070.0,5.0,12.2,171.3,-47.7,0.5,-1.0,RS41-SG,404.900,8.9,250,10,2.5,,
2026-09-27T00:50:14.999Z,Y1152264,8169,45.46050,8.87453,33075.4,5.7,12.4,170.5,-47.6,0.5,-1.0,RS41-SG,404.900,8.9,250,10,2.5,,
2026-09-27T00:50:15.999Z,Y1152264,8170,45.46039,8.87456,33081.6,6.7,12.1,169.8,-47.6,0.4,-1.0,RS41-SG,404.900,9.1,250,10,2.5,,
2026-09-27T00:50:16.999Z,Y1152264,8171,45.46029,8.87458,33088.1,6.3,11.6,170.5,-47.5,0.4,-1.0,RS41-SG,404.900,9.1,250,10,2.5,,
2026-09-27T00:50:17.999Z,Y1152264,8172,45.46019,8.87460,33094.0,5.7,11.1,173.3,-47.5,0.5,-1.0,RS41-SG,404.900,8.8,250,10,2.5,,
2026-09-27T00:50:18.999Z,Y1152264,8173,45.46009,8.87461,33099.8,5.8,11.2,178.1,-47.5,0.5,-1.0,RS41-SG,404.900,8.8,250,10,2.6,,
2026-09-27T00:50:19.999Z,Y1152264,8174,45.45999,8.87461,33105.9,6.4,11.9,184.5,-47.4,0.4,-1.0,RS41-SG,404.900,8.4,250,10,2.6,,
2026-09-27T00:50:20.999Z,Y1152264,8175,45.45988,8.87459,33112.3,6.5,12.8,188.9,-47.4,0.5,-1.0,RS41-SG,404.900,8.4,250,10,2.6,,
2026-09-27T00:50:23.999Z,Y1152264,8178,45.45953,8.87450,33129.5,6.1,12.5,188.0,-47.4,0.5,-1.0,RS41-SG,404.900,7.9,250,10,2.5,,
2026-09-27T00:50:24.999Z,Y1152264,8179,45.45942,8.87449,33135.8,6.6,11.0,182.3,-47.4,0.5,-1.0,RS41-SG,404.900,8.2,250,10,2.5,,
2026-09-27T00:50:25.999Z,Y1152264,8180,45.45933,8.87449,33142.2,6.2,9.5,173.1,-47.4,0.5,-1.0,RS41-SG,404.900,8.2,250,10,2.6,,
2026-09-27T00:50:26.999Z,Y1152264,8181,45.45925,8.87452,33147.9,5.0,8.9,163.5,-47.4,0.5,-1.0,RS41-SG,404.900,8.8,250,10,2.6,,
2026-09-27T00:50:27.999Z,Y1152264,8182,45.45918,8.87455,33152.8,5.0,9.2,157.3,-47.5,0.4,-1.0,RS41-SG,404.900,8.8,250,10,2.5,,
2026-09-27T00:50:28.999Z,Y1152264,8183,45.45910,8.87460,33158.2,5.8,10.2,157.0,-47.5,0.4,-1.0,RS41-SG,404.900,8.3,250,10,2.5,,
2026-09-27T00:50:30.999Z,Y1152264,8185,45.45889,8.87469,33171.2,6.2,13.5,168.4,-47.5,0.5,-1.0,RS41-SG,404.900,8.9,250,10,2.5,,
2026-09-27T00:50:31.999Z,Y1152264,8186,45.45877,8.87472,33176.9,5.0,14.6,174.4,-47.6,0.5,-1.0,RS41-SG,404.900,9.0,250,10,2.6,,
2026-09-27T00:50:32.999Z,Y1152264,8187,45.45864,8.87473,33182.0,5.2,15.0,180.6,-47.6,0.5,-1.0,RS41-SG,404.900,9.0,250,10,2.6,,
2026-09-27T00:50:33.999Z,Y1152264,8188,45.45851,8.87471,33187.7,6.1,14.4,187.0,-47.6,0.5,-1.0,RS41-SG,404.900,8.2,250,10,2.6,,
2026-09-27T00:50:36.999Z,Y1152264,8191,45.45819,8.87459,33205.3,4.9,10.0,202.4,-47.7,0.5,-1.0,RS41-SG,404.900,9.6,250,10,2.5,,
2026-09-27T00:50:37.999Z,Y1152264,8192,45.45811,8.87455,33210.2,4.9,9.1,204.9,-47.8,0.5,-1.0,RS41-SG,404.900,9.6,250,10,2.5,,
2026-09-27T00:50:38.999Z,Y1152264,8193,45.45804,8.87450,33215.4,5.5,8.9,202.7,-47.8,0.5,-1.0,RS41-SG,404.900,9.0,250,10,2.5,,
2026-09-27T00:50:39.999Z,Y1152264,8194,45.45796,8.87446,33221.4,6.4,9.3,196.5,-47.8,0.5,-1.0,RS41-SG,404.900,9.0,250,10,2.6,,
2026-09-27T00:50:40.999Z,Y1152264,8195,45.45788,8.87443,33227.9,6.8,10.4,188.2,-47.8,0.5,-1.0,RS41-SG,404.900,8.9,250,10,2.6,,
2026-09-27T00:50:41.999Z,Y1152264,8196,45.45778,8.87443,33234.5,6.2,11.7,179.8,-47.8,0.5,-1.0,RS41-SG,404.900,8.9,250,10,2.6,,
2026-09-27T00:50:42.999Z,Y1152264,8197,45.45767,8.87444,33240.2,5.2,12.7,172.3,-47.8,0.4,-1.0,RS41-SG,404.900,8.4,250,10,2.5,,
2026-09-27T00:50:43.999Z,Y1152264,8198,45.45756,8.87447,33245.1,4.6,13.1,164.8,-47.8,0.5,-1.0,RS41-SG,404.900,7.8,250,10,2.5,,
2026-09-27T00:50:44.999Z,Y1152264,8199,45.45745,8.87452,33250.0,5.2,12.7,157.3,-47.7,0.5,-1.0,RS41-SG,404.900,8.7,250,10,2.5,,
2026-09-27T00:50:46.999Z,Y1152264,8201,45.45728,8.87466,33262.2,6.8,8.6,143.9,-47.6,0.5,-1.0,RS41-SG,404.900,9.2,250,10,2.5,,
2026-09-27T00:50:47.999Z,Y1152264,8202,45.45722,8.87471,33268.7,6.3,6.4,143.8,-47.5,0.5,-1.0,RS41-SG,404.900,9.2,250,10,2.6,,
2026-09-27T00:50:48.999Z,Y1152264,8203,45.45718,8.87475,33274.6,5.6,4.6,157.3,-47.4,0.4,-1.0,RS41-SG,404.900,9.1,250,10,2.6,,
2026-09-27T00:50:49.999Z,Y1152264,8204,45.45714,8.87475,33280.2,5.6,4.4,192.1,-47.4,0.4,-1.0,RS41-SG,404.900,8.9,250,10,2.6,,
2026-09-27T00:50:50.999Z,Y1152264,8205,45.45710,8.87473,33285.9,5.9,6.6,213.6,-47.3,0.4,-1.0,RS41-SG,404.900,8.8,250,10,2.5,,
2026-09-27T00:50:51.999Z,Y1152264,8206,45.45704,8.87467,33291.9,6.0,9.5,217.2,-47.3,0.5,-1.0,RS41-SG,404.900,9.5,250,10,2.5,,
2026-09-27T00:50:52.999Z,Y1152264,8207,45.45696,8.87459,33297.5,5.1,11.5,216.0,-47.3,0.4,-1.0,RS41-SG,404.900,9.5,250,10,2.5,,
2026-09-27T00:50:53.999Z,Y1152264,8208,45.45687,8.87450,33302.8,5.4,12.6,211.4,-47.2,0.5,-1.0,RS41-SG,404.900,8.6,250,10,2.5,,
2026-09-27T00:50:54.999Z,Y1152264,8209,45.45678,8.87443,33308.9,6.9,12.1,204.8,-47.2,0.5,-1.0,RS41-SG,404.900,8.0,250,10,2.6,,
2026-09-27T00:50:55.999Z,Y1152264,8210,45.45668,8.87438,33316.3,7.9,10.2,194.5,-47.2,0.4,-1.0,RS41-SG,404.900,7.3,250,10,2.6,,
2026-09-27T00:50:56.999Z,Y1152264,8211,45.45660,8.87436,33323.8,7.1,7.9,179.1,-47.1,0.4,-1.0,RS41-SG,404.900,7.4,250,10,2.5,,
2026-09-27T00:50:58.999Z,Y1152264,8213,45.45649,8.87442,33333.9,3.8,6.2,134.9,-47.1,0.5,-1.0,RS41-SG,404.900,7.9,250,10,2.5,,
2026-09-27T00:50:59.999Z,Y1152264,8214,45.45646,8.87449,33338.1,4.8,6.6,120.0,-47.1,0.4,-1.0,RS41-SG,404.900,9.3,250,10,2.5,,
2026-09-27T00:51:00.999Z,Y1152264,8215,45.45643,8.87456,33343.8,6.6,6.6,118.5,-47.1,0.4,-1.0,RS41-SG,404.900,9.3,250,10,2.6,,
2026-09-27T00:51:01.999Z,Y1152264,8216,45.45640,8.87463,33350.7,7.3,5.8,129.5,-47.1,0.4,-1.0,RS41-SG,404.900,9.3,250,10,2.6,,
2026-09-27T00:51:02.999Z,Y1152264,8217,45.45636,8.87467,33357.4,6.1,5.0,148.5,-47.1,0.4,-1.0,RS41-SG,404.900,9.4,250,10,2.6,,
2026-09-27T00:51:03.999Z,Y1152264,8218,45.45633,8.87469,33363.1,5.3,4.5,175.7,-47.0,0.4,-1.0,RS41-SG,404.900,9.4,250,10,2.5,,
2026-09-27T00:51:04.999Z,Y1152264,8219,45.45629,8.87468,33368.2,5.0,4.9,203.7,-47.0,0.5,-1.0,RS41-SG,404.900,9.3,250,10,2.5,,
2026-09-27T00:51:05.999Z,Y1152264,8220,45.45625,8.87464,33373.3,5.3,5.6,224.0,-47.0,0.5,-1.0,RS41-SG,404.900,9.3,250,10,2.5,,
2026-09-27T00:51:06.999Z,Y1152264,8221,45.45621,8.87459,33379.1,6.3,5.9,235.3,-47.0,0.5,-1.0,RS41-SG,404.900,9.1,250,10,2.5,,
2026-09-27T00:51:07.999Z,Y1152264,8222,45.45619,8.87453,33385.2,6.2,5.7,238.4,-47.0,0.4,-1.0,RS41-SG,404.900,9.1,250,10,2.5,,
2026-09-27T00:51:08.999Z,Y1152264,8223,45.45616,8.87447,33391.2,5.9,5.2,233.3,-47.0,0.4,-1.0,RS41-SG,404.900,8.5,250,10,2.6,,
2026-09-27T00:51:09.999Z,Y1152264,8224,45.45613,8.87442,33397.1,5.9,4.8,216.5,-47.0,0.4,-1.0,RS41-SG,404.900,8.1,250,10,2.6,,
2026-09-27T00:51:11.999Z,Y1152264,8226,45.45603,8.87439,33409.4,6.4,6.9,174.5,-46.9,0.4,-1.0,RS41-SG,404.900,7.9,250,10,2.5,,
2026-09-27T00:51:12.999Z,Y1152264,8227,45.45597,8.87441,33415.6,6.0,8.6,164.0,-46.9,0.4,-1.0,RS41-SG,404.900,8.0,250,10,2.5,,
2026-09-27T00:51:13.999Z,Y1152264,8228,45.45589,8.87445,33421.1,5.0,9.7,155.5,-46.9,0.4,-1.0,RS41-SG,404.900,8.0,250,10,2.5,,
2026-09-27T00:51:14.999Z,Y1152264,8229,45.45581,8.87452,33426.3,5.4,10.1,145.6,-46.9,0.4,-1.0,RS41-SG,404.900,8.0,250,10,2.5,,
2026-09-27T00:51:15.999Z,Y1152264,8230,45.45575,8.87460,33432.0,6.2,9.6,132.7,-46.9,0.4,-1.0,RS41-SG,404.900,8.0,250,10,2.5,,
2026-09-27T00:51:16.999Z,Y1152264,8231,45.45570,8.87469,33438.4,6.5,8.8,118.3,-46.9,0.4,-1.0,RS41-SG,404.900,8.0,250,10,2.6,,
2026-09-27T00:51:17.999Z,Y1152264,8232,45.45567,8.87479,33444.5,5.6,7.7,103.8,-46.9,0.4,-1.0,RS41-SG,404.900,8.0,250,10,2.6,,
2026-09-27T00:51:18.999Z,Y1152264,8233,45.45566,8.87487,33450.0,5.5,6.3,91.8,-46.9,0.4,-1.0,RS41-SG,404.900,8.0,250,10,2.6,,
2026-09-27T00:51:19.999Z,Y1152264,8234,45.45566,8.87494,33455.8,6.2,4.0,85.3,-46.9,0.5,-1.0,RS41-SG,404.900,8.0,250,10,2.5,,
2026-09-27T00:51:20.999Z,Y1152264,8235,45.45566,8.87497,33462.2,6.7,1.3,104.3,-46.9,0.4,-1.0,RS41-SG,404.900,9.3,250,10,2.5,,
2026-09-27T00:51:21.999Z,Y1152264,8236,45.45565,8.87498,33468.8,6.3,2.1,213.0,-46.8,0.5,-1.0,RS41-SG,404.900,9.3,250,10,2.5,,
2026-09-27T00:51:22.999Z,Y1152264,8237,45.45563,8.87495,33474.2,4.5,4.1,220.3,-46.8,0.4,-1.0,RS41-SG,404.900,9.2,250,10,2.5,,
2026-09-27T00:51:28.999Z,Y1152264,8243,45.45541,8.87495,33507.6,4.5,5.5,114.1,-46.6,0.4,-1.0,RS41-SG,404.900,9.0,250,10,2.5,,
2026-09-27T00:51:29.999Z,Y1152264,8244,45.45539,8.87502,33512.4,5.1,6.1,105.5,-46.6,0.4,-1.0,RS41-SG,404.900,9.7,250,10,2.6,,
2026-09-27T00:51:30.999Z,Y1152264,8245,45.45537,8.87509,33518.1,6.4,6.0,104.5,-46.6,0.4,-1.0,RS41-SG,404.900,9.7,250,10,2.6,,
2026-09-27T00:51:31.999Z,Y1152264,8246,45.45536,8.87516,33524.9,7.0,5.4,110.5,-46.6,0.4,-1.0,RS41-SG,404.900,9.1,250,10,2.6,,
2026-09-27T00:51:32.999Z,Y1152264,8247,45.45534,8.87522,33531.2,5.6,4.5,117.7,-46.6,0.4,-1.0,RS41-SG,404.900,9.0,250,10,2.5,,
2026-09-27T00:51:33.999Z,Y1152264,8248,45.45532,8.87526,33536.5,5.0,3.7,126.9,-46.6,0.4,-1.0,RS41-SG,404.900,7.8,250,10,2.5,,
2026-09-27T00:51:34.999Z,Y1152264,8249,45.45530,8.87530,33542.0,5.8,3.0,131.8,-46.5,0.4,-1.0,RS41-SG,404.900,8.3,250,10,2.5,,
2026-09-27T00:51:35.999Z,Y1152264,8250,45.45529,8.87533,33548.2,6.5,2.6,124.4,-46.5,0.4,-1.0,RS41-SG,404.900,8.7,250,10,2.5,,
2026-09-27T00:51:36.999Z,Y1152264,8251,45.45528,8.87536,33554.8,6.7,2.7,108.6,-46.5,0.4,-1.0,RS41-SG,404.900,8.7,250,10,2.5,,
2026-09-27T00:51:37.999Z,Y1152264,8252,45.45527,8.87539,33561.0,5.6,3.1,101.9,-46.5,0.4,-1.0,RS41-SG,404.900,8.4,250,10,2.6,,
2026-09-27T00:51:38.999Z,Y1152264,8253,45.45526,8.87543,33566.5,5.5,3.5,104.0,-46.5,0.4,-1.0,RS41-SG,404.900,8.7,250,10,2.6,,
2026-09-27T00:51:39.999Z,Y1152264,8254,45.45525,8.87548,33572.0,5.4,3.9,115.2,-46.6,0.4,-1.0,RS41-SG,404.900,8.7,250,10,2.6,,
2026-09-27T00:51:40.999Z,Y1152264,8255,45.45523,8.87552,33577.6,5.6,4.3,129.9,-46.6,0.4,-1.0,RS41-SG,404.900,8.0,250,10,2.5,,
2026-09-27T00:51:41.999Z,Y1152264,8256,45.45520,8.87556,33583.6,6.3,5.0,142.4,-46.6,0.4,-1.0,RS41-SG,404.900,8.8,250,10,2.5,,
2026-09-27T00:51:42.999Z,Y1152264,8257,45.45516,8.87560,33589.9,6.3,5.8,147.1,-46.6,0.4,-1.0,RS41-SG,404.900,8.8,250,10,2.5,,
2026-09-27T00:51:43.999Z,Y1152264,8258,45.45512,8.87565,33596.1,6.0,6.4,142.9,-46.7,0.4,-1.0,RS41-SG,404.900,8.4,250,10,2.5,,
2026-09-27T00:51:44.999Z,Y1152264,8259,45.45508,8.87570,33602.2,6.2,6.7,130.8,-46.7,0.4,-1.0,RS41-SG,404.900,7.7,250,10,2.6,,
2026-09-27T00:51:45.999Z,Y1152264,8260,45.45504,8.87578,33608.6,6.6,7.4,113.6,-46.7,0.4,-1.0,RS41-SG,404.900,7.7,250,10,2.6,,
2026-09-27T00:51:46.999Z,Y1152264,8261,45.45502,8.87587,33615.2,6.3,8.4,97.6,-46.7,0.4,-1.0,RS41-SG,404.900,8.2,250,10,2.5,,
2026-09-27T00:51:48.999Z,Y1152264,8263,45.45503,8.87611,33625.9,5.3,9.9,84.1,-46.7,0.4,-1.0,RS41-SG,404.900,8.0,250,10,2.5,,
2026-09-27T00:51:49.999Z,Y1152264,8264,45.45503,8.87623,33631.9,6.6,9.2,86.8,-46.7,0.4,-1.0,RS41-SG,404.900,8.7,250,10,2.5,,
2026-09-27T00:51:50.999Z,Y1152264,8265,45.45503,8.87633,33638.9,7.3,7.5,97.6,-46.7,0.4,-1.0,RS41-SG,404.900,9.3,250,10,2.6,,
2026-09-27T00:51:51.999Z,Y1152264,8266,45.45501,8.87642,33645.9,6.9,6.2,119.4,-46.6,0.4,-1.0,RS41-SG,404.900,9.3,250,10,2.6,,
2026-09-27T00:51:52.999Z,Y1152264,8267,45.45498,8.87647,33652.6,6.3,6.0,145.7,-46.5,0.4,-1.0,RS41-SG,404.900,8.5,250,10,2.6,,
2026-09-27T00:51:53.999Z,Y1152264,8268,45.45493,8.87651,33658.3,5.4,6.8,164.1,-46.4,0.4,-1.0,RS41-SG,404.900,8.3,250,10,2.5,,
2026-09-27T00:51:54.999Z,Y1152264,8269,45.45486,8.87652,33663.7,5.4,7.5,173.1,-46.2,0.4,-1.0,RS41-SG,404.900,8.6,250,10,2.5,,
2026-09-27T00:51:55.999Z,Y1152264,8270,45.45480,8.87653,33669.4,6.1,7.4,176.5,-46.2,0.4,-1.0,RS41-SG,404.900,8.6,250,10,2.5,,
2026-09-27T00:51:56.999Z,Y1152264,8271,45.45473,8.87654,33675.8,6.6,6.5,175.1,-46.1,0.4,-1.0,RS41-SG,404.900,7.4,250,10,2.5,,
2026-09-27T00:51:57.999Z,Y1152264,8272,45.45468,8.87655,33682.4,6.7,5.1,168.4,-46.1,0.4,-1.0,RS41-SG,404.900,8.6,250,10,2.5,,
2026-09-27T00:51:58.999Z,Y1152264,8273,45.45464,8.87657,33688.6,5.9,4.2,156.3,-46.0,0.4,-1.0,RS41-SG,404.900,8.9,250,10,2.6,,
2026-09-27T00:51:59.999Z,Y1152264,8274,45.45461,8.87659,33694.3,5.5,3.8,142.7,-46.0,0.4,-1.0,RS41-SG,404.900,9.1,250,10,2.6,,
2026-09-27T00:52:00.999Z,Y1152264,8275,45.45458,8.87663,33699.9,5.8,4.6,136.0,-46.0,0.4,-1.0,RS41-SG,404.900,9.3,250,10,2.6,,
2026-09-27T00:52:01.999Z,Y1152264,8276,45.45455,8.87667,33705.9,6.2,5.9,140.3,-46.0,0.4,-1.0,RS41-SG,404.900,9.3,250,10,2.5,,
2026-09-27T00:52:02.999Z,Y1152264,8277,45.45450,8.87672,33712.1,6.3,7.8,146.4,-46.0,0.4,-1.0,RS41-SG,404.900,8.8,250,10,2.5,,
2026-09-27T00:52:03.999Z,Y1152264,8278,45.45443,8.87678,33718.4,6.4,9.7,151.8,-46.0,0.4,-1.0,RS41-SG,404.900,8.2,250,10,2.5,,
2026-09-27T00:52:04.999Z,Y1152264,8279,45.45435,8.87684,33724.9,6.5,11.4,155.6,-46.0,0.4,-1.0,RS41-SG,404.900,9.5,250,10,2.5,,
2026-09-27T00:52:05.999Z,Y1152264,8280,45.45425,8.87690,33731.5,6.9,12.4,158.5,-45.9,0.4,-1.0,RS41-SG,404.900,9.5,250,10,2.6,,
2026-09-27T00:52:06.999Z,Y1152264,8281,45.45414,8.87696,33738.4,6.9,12.5,160.5,-45.9,0.4,-1.0,RS41-SG,404.900,9.0,250,10,2.6,,
2026-09-27T00:52:07.999Z,Y1152264,8282,45.45404,8.87701,33745.2,6.8,11.9,161.1,-45.9,0.4,-1.0,RS41-SG,404.900,8.6,250,10,2.5,,
2026-09-27T00:52:08.999Z,Y1152264,8283,45.45395,8.87705,33751.6,6.0,10.5,159.4,-45.9,0.4,-1.0,RS41-SG,404.900,9.4,250,10,2.5,,
2026-09-27T00:52:09.999Z,Y1152264,8284,45.45387,8.87710,33757.1,5.0,8.7,154.1,-45.9,0.4,-1.0,RS41-SG,404.900,9.4,250,10,2.5,,
2026-09-27T00:52:10.999Z,Y1152264,8285,45.45381,8.87715,33761.9,4.4,7.1,141.9,-45.9,0.4,-1.0,RS41-SG,404.900,9.5,250,10,2.5,,
2026-09-27T00:52:11.999Z,Y1152264,8286,45.45377,8.87721,33766.5,5.0,6.1,123.6,-45.9,0.4,-1.0,RS41-SG,404.900,9.5,250,10,2.6,,
2026-09-27T00:52:12.999Z,Y1152264,8287,45.45374,8.87728,33772.1,6.1,6.0,109.8,-45.9,0.4,-1.0,RS41-SG,404.900,9.5,250,10,2.6,,
2026-09-27T00:52:13.999Z,Y1152264,8288,45.45372,8.87735,33778.6,7.0,6.0,110.9,-45.9,0.4,-1.0,RS41-SG,404.900,9.5,250,10,2.6,,
2026-09-27T00:52:14.999Z,Y1152264,8289,45.45370,8.87742,33785.6,7.2,6.3,127.0,-46.0,0.4,-1.0,RS41-SG,404.900,8.0,250,10,2.5,,
2026-09-27T00:52:15.999Z,Y1152264,8290,45.45365,8.87748,33792.6,6.9,7.4,149.5,-46.0,0.4,-1.0,RS41-SG,404.900,8.0,250,10,2.5,,
2026-09-27T00:52:16.999Z,Y1152264,8291,45.45358,8.87752,33799.1,6.0,9.9,167.6,-46.0,0.4,-1.0,RS41-SG,404.900,8.8,250,10,2.5,,
2026-09-27T00:52:17.999Z,Y1152264,8292,45.45348,8.87753,33804.6,5.1,12.8,178.9,-46.0,0.4,-1.0,RS41-SG,404.900,8.8,250,10,2.5,,
2026-09-27T00:52:18.999Z,Y1152264,8293,45.45335,8.87752,33809.3,4.3,15.6,185.1,-46.0,0.4,-1.0,RS41-SG,404.900,9.0,250,10,2.5,,
2026-09-27T00:52:19.999Z,Y1152264,8294,45.45321,8.87750,33813.6,4.3,17.2,188.6,-46.0,0.4,-1.0,RS41-SG,404.900,9.0,250,10,2.6,,
2026-09-27T00:52:20.999Z,Y1152264,8295,45.45306,8.87746,33818.7,6.0,16.8,189.1,-46.0,0.4,-1.0,RS41-SG,404.900,8.3,250,10,2.6,,
2026-09-27T00:52:21.999Z,Y1152264,8296,45.45292,8.87744,33825.5,7.7,14.3,185.8,-45.9,0.4,-1.0,RS41-SG,404.900,7.5,250,10,2.6,,
2026-09-27T00:52:22.999Z,Y1152264,8297,45.45280,8.87743,33833.1,7.6,10.9,177.4,-45.8,0.4,-1.0,RS41-SG,404.900,7.5,250,10,2.5,,
2026-09-27T00:52:23.999Z,Y1152264,8298,45.45272,8.87745,33839.7,5.4,8.4,162.6,-45.8,0.4,-1.0,RS41-SG,404.900,7.8,250,10,2.5,,
2026-09-27T00:52:24.999Z,Y1152264,8299,45.45266,8.87749,33844.2,3.6,7.0,142.1,-45.7,0.4,-1.0,RS41-SG,404.900,8.5,250,10,2.5,,
2026-09-27T00:52:25.999Z,Y1152264,8300,45.45262,8.87756,33848.2,4.4,6.9,121.8,-45.7,0.4,-1.0,RS41-SG,404.900,8.5,250,10,2.5,,
2026-09-27T00:52:26.999Z,Y1152264,8301,45.45259,8.87764,33853.8,6.9,7.4,119.4,-45.7,0.4,-1.0,RS41-SG,404.900,8.5,250,10,2.6,,
2026-09-27T00:52:27.999Z,Y1152264,8302,45.45255,8.87771,33861.5,8.4,7.9,134.3,-45.6,0.4,-1.0,RS41-SG,404.900,8.1,250,10,2.6,,
2026-09-27T00:52:28.999Z,Y1152264,8303,45.45248,8.87778,33869.4,7.4,9.2,151.1,-45.6,0.4,-1.0,RS41-SG,404.900,8.6,250,10,2.5,,
2026-09-27T00:52:29.999Z,Y1152264,8304,45.45240,8.87783,33875.6,5.1,11.0,164.3,-45.6,0.4,-1.0,RS41-SG,404.900,8.6,250,10,2.5,,
2026-09-27T00:52:30.999Z,Y1152264,8305,45.45230,8.87785,33880.3,4.3,13.2,174.2,-45.6,0.4,-1.0,RS41-SG,404.900,8.6,250,10,2.5,,
2026-09-27T00:52:31.999Z,Y1152264,8306,45.45217,8.87786,33884.8,4.8,15.3,181.2,-45.6,0.4,-1.0,RS41-SG,404.900,8.8,250,10,2.5,,
2026-09-27T00:52:32.999Z,Y1152264,8307,45.45203,8.87785,33890.1,5.8,16.4,185.1,-45.6,0.4,-1.0,RS41-SG,404.900,9.4,250,10,2.6,,
2026-09-27T00:52:33.999Z,Y1152264,8308,45.45188,8.87783,33896.1,6.3,16.4,187.3,-45.6,0.4,-1.0,RS41-SG,404.900,9.4,250,10,2.6,,
2026-09-27T00:52:34.999Z,Y1152264,8309,45.45174,8.87780,33902.0,5.5,15.8,188.9,-45.5,0.4,-1.0,RS41-SG,404.900,8.9,250,10,2.6,,
2026-09-27T00:52:35.999Z,Y1152264,8310,45.45160,8.87776,33907.4,5.4,14.8,191.0,-45.5,0.4,-1.0,RS41-SG,404.900,7.5,250,10,2.5,,
2026-09-27T00:52:38.999Z,Y1152264,8313,45.45126,8.87765,33925.4,6.4,11.8,192.8,-45.3,0.4,-1.0,RS41-SG,404.900,7.7,250,10,2.5,,
2026-09-27T00:52:39.999Z,Y1152264,8314,45.45116,8.87762,33931.3,5.6,10.9,188.9,-45.3,0.4,-1.0,RS41-SG,404.900,7.9,250,10,2.5,,
2026-09-27T00:52:41.999Z,Y1152264,8316,45.45098,8.87762,33942.2,5.6,9.6,171.5,-45.3,0.4,-1.0,RS41-SG,404.900,8.4,250,10,2.6,,
2026-09-27T00:52:42.999Z,Y1152264,8317,45.45089,8.87765,33947.9,5.9,9.7,161.8,-45.3,0.4,-1.0,RS41-SG,404.900,8.7,250,10,2.6,,
2026-09-27T00:52:43.999Z,Y1152264,8318,45.45081,8.87769,33954.0,6.3,10.2,156.0,-45.3,0.4,-1.0,RS41-SG,404.900,8.7,250,10,2.5,,
2026-09-27T00:52:44.999Z,Y1152264,8319,45.45072,8.87775,33960.3,6.2,11.2,157.4,-45.3,0.4,-1.0,RS41-SG,404.900,8.0,250,10,2.5,,
2026-09-27T00:52:45.999Z,Y1152264,8320,45.45062,8.87780,33966.8,6.8,12.7,165.3,-45.3,0.4,-1.0,RS41-SG,404.900,8.1,250,10,2.5,,
2026-09-27T00:52:46.999Z,Y1152264,8321,45.45050,8.87782,33973.7,6.7,14.6,175.4,-45.4,0.4,-1.0,RS41-SG,404.900,9.3,250,10,2.5,,
2026-09-27T00:52:47.999Z,Y1152264,8322,45.45036,8.87782,33980.0,6.0,16.7,185.6,-45.4,0.4,-1.0,RS41-SG,404.900,9.3,250,10,2.6,,
2026-09-27T00:52:48.999Z,Y1152264,8323,45.45021,8.87778,33985.5,4.9,18.6,194.4,-45.4,0.4,-1.0,RS41-SG,404.900,9.0,250,9,2.6,,
2026-09-27T00:52:50.999Z,Y1152264,8325,45.44989,8.87760,33994.9,5.2,19.5,207.2,-45.4,0.4,-1.0,RS41-SG,404.900,8.6,250,10,2.5,,
2026-09-27T00:52:54.999Z,Y1152264,8329,45.44948,8.87724,34019.7,4.8,6.6,209.5,-45.3,0.4,-1.0,RS41-SG,404.900,7.2,250,10,2.6,,
2026-09-27T00:52:55.999Z,Y1152264,8330,45.44943,8.87721,34024.1,4.0,4.6,188.6,-45.2,0.4,-1.0,RS41-SG,404.900,7.2,250,10,2.6,,
2026-09-27T00:52:58.999Z,Y1152264,8333,45.44926,8.87729,34041.3,6.9,10.5,163.3,-44.9,0.4,-1.0,RS41-SG,404.900,7.3,250,10,2.5,,
2026-09-27T00:52:59.999Z,Y1152264,8334,45.44916,8.87732,34048.1,6.4,13.5,170.8,-44.9,0.4,-1.0,RS41-SG,404.900,8.1,250,10,2.5,,
2026-09-27T00:53:01.999Z,Y1152264,8336,45.44888,8.87734,34058.9,4.4,17.8,182.3,-44.8,0.4,-1.0,RS41-SG,404.900,7.9,250,10,2.6,,
2026-09-27T00:53:02.999Z,Y1152264,8337,45.44872,8.87732,34063.6,5.0,18.2,187.6,-44.9,0.4,-1.0,RS41-SG,404.900,7.9,250,10,2.5,,
2026-09-27T00:53:03.999Z,Y1152264,8338,45.44856,8.87728,34069.2,6.4,16.8,193.1,-44.9,0.4,-1.0,RS41-SG,404.900,7.4,250,10,2.5,,
2026-09-27T00:53:05.999Z,Y1152264,8340,45.44833,8.87717,34082.8,6.3,10.7,206.1,-44.9,0.4,-1.0,RS41-SG,404.900,7.7,250,10,2.5,,
2026-09-27T00:53:06.999Z,Y1152264,8341,45.44825,8.87711,34088.2,4.5,7.9,213.4,-45.0,0.4,-1.0,RS41-SG,404.900,7.7,250,10,2.6,,
2026-09-27T00:53:07.999Z,Y1152264,8342,45.44821,8.87706,34092.4,3.8,5.5,220.0,-45.0,0.4,-1.0,RS41-SG,404.900,7.7,250,10,2.6,,
2026-09-27T00:53:12.999Z,Y1152264,8347,45.44796,8.87698,34120.7,5.1,10.6,181.1,-45.1,0.4,-1.0,RS41-SG,404.900,7.8,250,10,2.5,,
2026-09-27T00:53:14.999Z,Y1152264,8349,45.44773,8.87697,34129.6,4.5,13.7,182.2,-45.2,0.4,-1.0,RS41-SG,404.900,7.6,250,10,2.6,,
2026-09-27T00:53:16.999Z,Y1152264,8351,45.44750,8.87695,34140.7,6.6,12.4,182.3,-45.2,0.4,-1.0,RS41-SG,404.900,7.5,250,10,2.6,,
2026-09-27T00:53:17.999Z,Y1152264,8352,45.44739,8.87695,34147.1,6.3,10.6,180.7,-45.2,0.4,-1.0,RS41-SG,404.900,7.5,250,10,2.5,,
2026-09-27T00:53:18.999Z,Y1152264,8353,45.44731,8.87695,34152.9,5.3,8.9,177.7,-45.2,0.4,-1.0,RS41-SG,404.900,7.1,250,10,2.5,,
2026-09-27T00:53:21.999Z,Y1152264,8356,45.44710,8.87698,34168.0,5.8,7.1,170.8,-45.1,0.4,-1.0,RS41-SG,404.900,7.2,250,10,2.6,,
2026-09-27T00:53:23.999Z,Y1152264,8358,45.44696,8.87701,34180.7,6.2,8.8,176.4,-45.0,0.4,-1.0,RS41-SG,404.900,7.3,250,10,2.5,,
2026-09-27T00:53:24.999Z,Y1152264,8359,45.44688,8.87701,34186.4,5.2,9.2,180.8,-45.0,0.4,-1.0,RS41-SG,404.900,7.7,250,10,2.5,,
2026-09-27T00:53:25.999Z,Y1152264,8360,45.44680,8.87700,34191.6,5.3,9.2,187.1,-45.0,0.4,-1.0,RS41-SG,404.900,7.7,250,10,2.5,,
2026-09-27T00:53:26.999Z,Y1152264,8361,45.44672,8.87698,34197.0,5.5,8.6,194.0,-45.0,0.4,-1.0,RS41-SG,404.900,7.5,250,10,2.6,,
2026-09-27T00:53:34.999Z,Y1152264,8369,45.44625,8.87691,34242.8,4.4,11.3,160.6,-44.9,0.4,-1.0,RS41-SG,404.900,7.3,250,10,2.6,,
2026-09-27T00:53:37.999Z,Y1152264,8372,45.44595,8.87704,34259.8,-0.4,11.7,166.1,-44.9,0.4,-1.0,RS41-SG,404.900,6.7,250,10,2.5,,
2026-09-27T00:53:38.999Z,Y1152264,8373,45.44584,8.87707,34254.4,-10.1,11.6,165.2,-44.9,0.4,-1.0,RS41-SG,404.900,7.1,250,10,2.5,,
2026-09-27T00:53:40.999Z,Y1152264,8375,45.44565,8.87714,34216.1,-27.7,11.0,167.1,-44.8,0.4,-1.0,RS41-SG,404.900,7.2,250,10,2.6,,
2026-09-27T00:53:41.999Z,Y1152264,8376,45.44558,8.87714,34188.8,-27.1,5.4,200.4,-44.8,0.4,-1.0,RS41-SG,404.900,7.6,250,10,2.6,,
2026-09-27T00:53:42.999Z,Y1152264,8377,45.44554,8.87710,34160.9,-28.3,5.2,239.2,-44.8,0.4,-1.0,RS41-SG,404.900,7.6,250,10,2.6,,
2026-09-27T00:53:44.999Z,Y1152264,8379,45.44551,8.87697,34096.0,-34.3,6.9,256.9,-44.8,0.4,-1.0,RS41-SG,404.900,7.1,250,10,2.5,,
2026-09-27T00:53:45.999Z,Y1152264,8380,45.44549,8.87687,34061.9,-33.7,8.0,253.5,-44.6,0.4,-1.0,RS41-SG,404.900,7.1,250,10,2.5,,
2026-09-27T00:53:52.999Z,Y1152264,8387,45.44467,8.87659,33879.4,-16.3,22.1,170.4,-45.2,0.4,-1.0,RS41-SG,404.900,7.4,250,10,2.6,,
2026-09-27T00:53:55.999Z,Y1152264,8390,45.44419,8.87675,33834.0,-14.8,13.4,166.6,-45.5,0.4,-1.0,RS41-SG,404.900,7.1,250,10,2.5,,
2026-09-27T00:53:59.999Z,Y1152264,8394,45.44391,8.87681,33760.2,-17.5,2.1,165.0,-45.8,0.4,-1.0,RS41-SG,404.900,7.2,250,10,2.6,,
2026-09-27T00:54:02.999Z,Y1152264,8397,45.44386,8.87688,33704.0,-17.2,4.5,133.7,-45.9,0.5,-1.0,RS41-SG,404.900,6.6,250,10,2.5,,
2026-09-27T00:54:05.999Z,Y1152264,8400,45.44372,8.87702,33638.2,-25.1,8.6,147.5,-46.1,0.4,-1.0,RS41-SG,404.900,7.1,250,10,2.5,,
2026-09-27T00:54:07.999Z,Y1152264,8402,45.44357,8.87716,33592.0,-18.7,10.9,146.8,-46.5,0.4,-1.0,RS41-SG,404.900,7.3,250,10,2.6,,
2026-09-27T00:54:10.999Z,Y1152264,8405,45.44336,8.87739,33525.0,-26.4,8.0,134.9,-46.4,0.4,-1.0,RS41-SG,404.900,7.7,250,10,2.5,,
2026-09-27T00:54:11.999Z,Y1152264,8406,45.44332,8.87746,33498.1,-27.4,6.5,123.6,-46.4,0.4,-1.0,RS41-SG,404.900,7.9,250,10,2.5,,
2026-09-27T00:54:12.999Z,Y1152264,8407,45.44330,8.87752,33470.2,-28.8,4.9,103.3,-46.5,0.5,-1.0,RS41-SG,404.900,7.9,250,10,2.5,,
2026-09-27T00:54:13.999Z,Y1152264,8408,45.44330,8.87758,33441.3,-29.0,3.9,80.1,-46.6,0.5,-1.0,RS41-SG,404.900,7.0,250,10,2.6,,
2026-09-27T00:54:14.999Z,Y1152264,8409,45.44331,8.87763,33410.1,-33.4,3.5,77.4,-46.6,0.4,-1.0,RS41-SG,404.900,7.7,250,10,2.6,,
2026-09-27T00:54:15.999Z,Y1152264,8410,45.44331,8.87766,33375.2,-36.3,2.8,66.6,-46.6,0.4,-1.0,RS41-SG,404.900,7.9,250,10,2.5,,
2026-09-27T00:54:16.999Z,Y1152264,8411,45.44332,8.87769,33338.8,-36.9,1.4,79.5,-46.7,0.5,-1.0,RS41-SG,404.900,7.9,250,10,2.5,,
2026-09-27T00:54:18.999Z,Y1152264,8413,45.44330,8.87771,33261.0,-40.9,2.2,176.0,-46.8,0.4,-1.0,RS41-SG,404.900,8.0,250,10,2.6,,
2026-09-27T00:54:19.999Z,Y1152264,8414,45.44327,8.87770,33221.2,-38.9,5.7,185.4,-47.1,0.5,-1.0,RS41-SG,404.900,8.0,250,10,2.6,,
2026-09-27T00:54:20.999Z,Y1152264,8415,45.44320,8.87769,33184.5,-34.8,9.4,186.0,-47.2,0.4,-1.0,RS41-SG,404.900,7.8,250,10,2.5,08:29:47,
2026-09-27T00:54:21.999Z,Y1152264,8416,45.44311,8.87768,33151.4,-31.9,11.9,182.0,-47.2,0.5,-1.0,RS41-SG,404.900,7.8,250,10,2.5,08:29:47,
2026-09-27T00:54:22.999Z,Y1152264,8417,45.44299,8.87768,33119.8,-31.2,14.5,180.7,-47.1,0.5,-1.0,RS41-SG,404.900,8.3,250,9,2.5,08:29:47,
2026-09-27T00:54:23.999Z,Y1152264,8418,45.44286,8.87768,33087.3,-33.8,14.2,180.1,-47.1,0.5,-1.0,RS41-SG,404.900,8.3,250,10,2.5,08:29:47,
2026-09-27T00:54:24.999Z,Y1152264,8419,45.44273,8.87768,33051.8,-37.3,14.7,176.3,-47.0,0.4,-1.0,RS41-SG,404.900,8.2,250,9,2.6,08:29:47,
2026-09-27T00:54:25.999Z,Y1152264,8420,45.44260,8.87770,33014.6,-37.4,14.0,176.0,-47.0,0.5,-1.0,RS41-SG,404.900,8.2,250,9,2.6,08:29:47,
2026-09-27T00:54:27.999Z,Y1152264,8422,45.44236,8.87772,32936.5,-42.5,12.1,175.3,-47.4,0.4,-1.0,RS41-SG,404.900,7.5,250,9,2.5,08:29:47,
2026-09-27T00:54:28.999Z,Y1152264,8423,45.44226,8.87774,32893.8,-42.9,11.1,176.7,-47.7,0.5,-1.0,RS41-SG,404.900,7.9,250,9,2.5,08:29:47,
2026-09-27T00:54:29.999Z,Y1152264,8424,45.44216,8.87774,32850.0,-44.6,10.7,176.7,-47.8,0.5,-1.0,RS41-SG,404.900,8.0,250,10,2.5,08:29:47,
2026-09-27T00:54:31.999Z,Y1152264,8426,45.44199,8.87775,32755.7,-48.2,8.1,179.4,-47.8,0.5,-1.0,RS41-SG,404.900,7.1,250,9,2.5,08:29:47,
2026-09-27T00:54:32.999Z,Y1152264,8427,45.44192,8.87775,32707.6,-48.0,7.2,177.5,-48.1,0.5,-1.0,RS41-SG,404.900,7.1,250,9,2.6,08:29:47,
2026-09-27T00:54:34.999Z,Y1152264,8429,45.44178,8.87775,32612.7,-45.9,8.2,180.0,-48.5,0.5,-1.0,RS41-SG,404.900,7.1,250,8,2.6,08:29:47,
2026-09-27T00:54:41.999Z,Y1152264,8436,45.44125,8.87786,32274.0,-50.3,9.1,154.1,-47.9,0.4,-1.0,RS41-SG,404.900,7.0,250,9,2.5,08:29:47,
2026-09-27T00:54:42.999Z,Y1152264,8437,45.44117,8.87791,32224.5,-49.5,9.2,149.7,-47.7,0.4,-1.0,RS41-SG,404.900,8.1,250,9,2.5,08:29:47,
2026-09-27T00:54:43.999Z,Y1152264,8438,45.44110,8.87797,32176.2,-47.3,8.3,147.5,-47.5,0.4,-1.0,RS41-SG,404.900,8.2,250,8,2.5,08:29:47,
2026-09-27T00:54:44.999Z,Y1152264,8439,45.44104,8.87802,32129.1,-47.1,8.1,154.1,-47.4,0.4,-1.0,RS41-SG,404.900,8.2,250,9,2.6,08:29:47,
2026-09-27T00:54:45.999Z,Y1152264,8440,45.44096,8.87807,32082.7,-46.1,9.2,154.6,-47.4,0.5,-1.0,RS41-SG,404.900,8.0,250,9,2.6,08:29:47,
2026-09-27T00:54:46.999Z,Y1152264,8441,45.44089,8.87812,32037.3,-45.7,9.2,152.9,-47.3,0.5,-1.0,RS41-SG,404.900,8.2,250,10,2.5,08:29:47,
2026-09-27T00:54:47.999Z,Y1152264,8442,45.44081,8.87817,31991.1,-47.2,9.2,158.1,-47.2,0.4,-1.0,RS41-SG,404.900,8.2,250,9,2.5,08:29:47,
2026-09-27T00:54:48.999Z,Y1152264,8443,45.44073,8.87821,31945.0,-45.9,10.0,162.5,-47.0,0.4,-1.0,RS41-SG,404.900,7.7,250,9,2.5,08:29:47,
2026-09-27T00:54:49.999Z,Y1152264,8444,45.44064,8.87826,31900.0,-45.0,10.9,162.6,-46.9,0.4,-1.0,RS41-SG,404.900,7.7,250,8,2.5,08:29:47,
2026-09-27T00:54:50.999Z,Y1152264,8445,45.44054,8.87830,31855.2,-46.1,11.2,163.2,-46.8,0.4,-1.0,RS41-SG,404.900,7.7,250,8,2.6,08:29:47,
2026-09-27T00:54:51.999Z,Y1152264,8446,45.44044,8.87834,31808.7,-46.5,12.5,165.7,-46.7,0.4,-1.0,RS41-SG,404.900,7.7,250,10,2.6,08:29:47,
2026-09-27T00:54:52.999Z,Y1152264,8447,45.44034,8.87838,31762.6,-46.8,11.4,164.3,-46.6,0.4,-1.0,RS41-SG,404.900,7.7,250,10,2.6,08:29:47,
2026-09-27T00:54:53.999Z,Y1152264,8448,45.44023,8.87842,31716.4,-46.7,11.6,167.5,-46.5,0.4,-1.0,RS41-SG,404.900,7.6,250,9,2.5,08:29:47,
2026-09-27T00:54:54.999Z,Y1152264,8449,45.44013,8.87845,31670.6,-45.8,11.4,163.4,-46.4,0.4,-1.0,RS41-SG,404.900,7.6,250,8,2.5,08:29:47,
2026-09-27T00:54:55.999Z,Y1152264,8450,45.44004,8.87849,31626.3,-43.8,9.4,166.4,-46.3,0.4,-1.0,RS41-SG,404.900,7.5,250,8,2.5,08:29:47,
2026-09-27T00:55:45.999Z,Y1152264,8500,45.43797,8.88168,29458.5,-41.0,9.4,97.5,-49.9,0.5,-1.0,RS41-SG,404.900,6.9,250,8,2.5,08:29:47,
2026-09-27T00:55:46.999Z,Y1152264,8501,45.43795,8.88179,29418.1,-40.5,8.1,102.0,-50.2,0.5,-1.0,RS41-SG,404.900,6.8,250,8,2.6,08:29:47,
2026-09-27T00:55:47.999Z,Y1152264,8502,45.43794,8.88188,29377.3,-40.7,6.1,110.9,-50.6,0.6,-1.0,RS41-SG,404.900,7.3,250,9,2.6,08:29:47,
2026-09-27T00:55:48.999Z,Y1152264,8503,45.43791,8.88194,29336.3,-42.0,5.3,114.1,-51.0,0.6,-1.0,RS41-SG,404.900,7.5,250,9,2.5,08:29:47,
2026-09-27T00:55:49.999Z,Y1152264,8504,45.43790,8.88199,29294.0,-43.0,3.9,114.7,-51.4,0.6,-1.0,RS41-SG,404.900,7.5,250,9,2.5,08:29:47,
2026-09-27T00:55:50.999Z,Y1152264,8505,45.43788,8.88202,29250.9,-43.5,2.3,141.6,-51.5,0.6,-1.0,RS41-SG,404.900,7.3,250,10,2.5,08:29:47,
2026-09-27T00:55:52.999Z,Y1152264,8507,45.43784,8.88205,29164.4,-42.9,1.6,174.6,-51.7,0.6,-1.0,RS41-SG,404.900,7.8,250,7,2.6,08:29:47,
2026-09-27T00:55:53.999Z,Y1152264,8508,45.43783,8.88205,29121.8,-43.9,1.3,170.0,-51.6,0.6,-1.0,RS41-SG,404.900,7.8,250,9,2.6,08:29:47,
2026-09-27T00:55:54.999Z,Y1152264,8509,45.43782,8.88205,29079.2,-43.0,1.2,177.6,-51.6,0.6,-1.0,RS41-SG,404.900,7.8,250,9,2.6,08:29:47,
2026-09-27T00:55:55.999Z,Y1152264,8510,45.43781,8.88205,29038.0,-40.8,1.4,144.7,-51.8,0.6,-1.0,RS41-SG,404.900,6.8,250,9,2.5,08:29:47,
2026-09-27T00:55:56.999Z,Y1152264,8511,45.43779,8.88207,28997.5,-40.3,1.9,120.5,-52.0,0.6,-1.0,RS41-SG,404.900,7.6,250,9,2.5,08:29:47,
2026-09-27T00:55:57.999Z,Y1152264,8512,45.43779,8.88209,28957.3,-40.6,1.9,110.8,-52.3,0.7,-1.0,RS41-SG,404.900,7.6,250,10,2.5,08:29:47,
2026-09-27T00:55:58.999Z,Y1152264,8513,45.43778,8.88210,28917.0,-41.6,1.3,91.5,-52.7,0.7,-1.0,RS41-SG,404.900,8.0,250,9,2.5,08:29:47,
2026-09-27T00:55:59.999Z,Y1152264,8514,45.43778,8.88212,28876.2,-41.0,1.4,73.5,-52.9,0.7,-1.0,RS41-SG,404.900,8.0,250,10,2.6,08:29:47,
2026-09-27T00:56:04.999Z,Y1152264,8519,45.43783,8.88214,28671.0,-42.7,2.8,308.8,-52.6,0.6,-1.0,RS41-SG,404.900,7.7,250,10,2.5,08:29:47,
2026-09-27T00:56:05.999Z,Y1152264,8520,45.43784,8.88211,28627.9,-43.8,3.2,294.9,-52.7,0.7,-1.0,RS41-SG,404.900,8.1,250,10,2.6,08:29:47,
2026-09-27T00:56:06.999Z,Y1152264,8521,45.43785,8.88207,28584.0,-45.0,4.1,293.7,-52.7,0.7,-1.0,RS41-SG,404.900,8.4,250,9,2.6,08:29:47,
2026-09-27T00:56:07.999Z,Y1152264,8522,45.43787,8.88202,28540.5,-43.1,5.3,286.5,-52.8,0.6,-1.0,RS41-SG,404.900,8.7,250,9,2.6,08:29:47,
2026-09-27T00:56:08.999Z,Y1152264,8523,45.43788,8.88195,28499.1,-41.2,5.5,285.5,-52.7,0.6,-1.0,RS41-SG,404.900,8.7,250,8,2.5,08:29:47,
2026-09-27T00:56:09.999Z,Y1152264,8524,45.43789,8.88188,28459.5,-39.6,6.2,291.2,-52.8,0.7,-1.0,RS41-SG,404.900,8.6,250,9,2.5,08:29:47,
2026-09-27T00:56:10.999Z,Y1152264,8525,45.43791,8.88180,28421.2,-38.4,6.7,287.2,-53.0,0.6,-1.0,RS41-SG,404.900,8.6,250,8,2.5,08:29:47,
2026-09-27T00:56:11.999Z,Y1152264,8526,45.43793,8.88172,28382.4,-40.1,7.0,284.2,-53.1,0.7,-1.0,RS41-SG,404.900,7.4,250,10,2.5,08:29:47,
2026-09-27T00:56:12.999Z,Y1152264,8527,45.43794,8.88163,28342.8,-40.6,6.7,276.2,-53.3,0.7,-1.0,RS41-SG,404.900,7.3,250,9,2.6,08:29:47,
2026-09-27T00:56:14.999Z,Y1152264,8529,45.43794,8.88148,28259.7,-43.9,4.9,277.0,-53.3,0.7,-1.0,RS41-SG,404.900,7.4,250,8,2.5,08:29:47,
2026-09-27T00:56:15.999Z,Y1152264,8530,45.43795,8.88143,28215.9,-44.6,4.0,275.2,-53.1,0.7,-1.0,RS41-SG,404.900,8.5,250,10,2.5,08:29:47,
2026-09-27T00:56:16.999Z,Y1152264,8531,45.43795,8.88138,28171.7,-44.2,3.2,270.3,-52.9,0.6,-1.0,RS41-SG,404.900,8.5,250,9,2.5,08:29:47,
2026-09-27T00:56:17.999Z,Y1152264,8532,45.43795,8.88134,28129.1,-42.2,2.3,281.5,-52.8,0.6,-1.0,RS41-SG,404.900,8.5,250,9,2.6,08:29:47,
2026-09-27T00:56:19.999Z,Y1152264,8534,45.43795,8.88129,28046.8,-41.5,1.6,283.9,-52.8,0.6,-1.0,RS41-SG,404.900,8.5,250,10,2.5,08:29:47,
2026-09-27T00:56:20.999Z,Y1152264,8535,45.43795,8.88127,28006.7,-39.0,0.8,261.1,-52.9,0.6,-1.0,RS41-SG,404.900,8.8,250,8,2.5,08:29:47,
2026-09-27T00:56:24.999Z,Y1152264,8539,45.43790,8.88122,27856.1,-38.9,1.1,191.1,-52.7,0.6,-1.0,RS41-SG,404.900,8.1,250,8,2.6,08:29:47,
2026-09-27T00:56:25.999Z,Y1152264,8540,45.43789,8.88122,27817.8,-38.4,2.1,168.7,-52.6,0.6,-1.0,RS41-SG,404.900,8.1,250,10,2.6,08:29:47,
2026-09-27T00:56:26.999Z,Y1152264,8541,45.43787,8.88122,27778.6,-41.0,1.7,183.4,-52.6,0.6,-1.0,RS41-SG,404.900,7.3,250,7,2.5,08:29:47,
2026-09-27T00:56:27.999Z,Y1152264,8542,45.43786,8.88122,27737.5,-41.1,1.9,151.7,-53.0,0.6,-1.0,RS41-SG,404.900,7.5,250,8,2.5,08:29:47,
2026-09-27T00:57:07.999Z,Y1152264,8582,45.43884,8.88171,26175.6,-37.4,3.9,325.4,-53.8,0.7,-1.0,RS41-SG,404.900,7.5,250,10,2.6,08:29:47,
2026-09-27T00:57:09.999Z,Y1152264,8584,45.43889,8.88166,26103.5,-35.5,3.9,328.9,-53.9,0.7,-1.0,RS41-SG,404.900,6.9,250,9,2.5,08:29:47,
2026-09-27T00:57:17.999Z,Y1152264,8592,45.43908,8.88150,25827.3,-36.4,3.0,315.4,-53.8,0.7,-1.0,RS41-SG,404.900,6.7,250,8,2.5,08:29:47,
