timestamp,serial,frame,lat,lon,alt,vel_v,vel_h,heading,temp,humidity,pressure,type,freq_mhz,snr,f_error_hz,sats,batt_v,burst_timer,aux_data
2026-10-06T12:26:46.999Z,W4140328,8159,46.78910,6.72782,26288.7,6.1,3.9,52.6,-273.0,-1.0,-1.0,RS41,403.500,6.8,250,11,2.6,,
2026-10-06T12:37:41.999Z,W4140328,8814,46.78696,6.76854,30106.6,7.7,14.0,72.7,-273.0,-1.0,-1.0,RS41,403.500,6.9,250,12,2.6,,
2026-10-06T12:37:42.999Z,W4140328,8815,46.78699,6.76869,30114.1,7.2,10.7,68.6,-273.0,-1.0,-1.0,RS41,403.500,6.9,250,12,2.6,,
2026-10-06T12:37:48.999Z,W4140328,8821,46.78716,6.76943,30149.8,5.3,14.9,80.9,-273.0,-1.0,-1.0,RS41,403.500,7.9,250,12,2.7,,
2026-10-06T12:37:49.999Z,W4140328,8822,46.78718,6.76961,30156.0,7.1,13.2,86.3,-273.0,-1.0,-1.0,RS41,403.500,7.9,250,12,2.7,,
2026-10-06T12:38:05.999Z,W4140328,8838,46.78756,6.77161,30256.4,6.6,16.4,62.5,-273.0,-1.0,-1.0,RS41,403.500,7.9,250,12,2.6,,
2026-10-06T12:38:13.999Z,W4140328,8846,46.78789,6.77258,30306.1,5.4,17.0,61.6,-273.0,-1.0,-1.0,RS41,403.500,7.4,250,12,2.7,,
2026-10-06T12:38:15.999Z,W4140328,8848,46.78800,6.77292,30320.4,7.5,11.0,71.1,-273.0,-1.0,-1.0,RS41,403.500,7.6,250,12,2.6,,
2026-10-06T12:38:23.999Z,W4140328,8856,46.78830,6.77401,30371.3,9.6,15.8,61.6,-273.0,-1.0,-1.0,RS41,403.500,7.3,250,12,2.6,,
2026-10-06T12:38:24.999Z,W4140328,8857,46.78836,6.77417,30379.7,7.2,11.0,62.3,-273.0,-1.0,-1.0,RS41,403.500,7.5,250,12,2.7,,
2026-10-06T12:38:29.999Z,W4140328,8862,46.78852,6.77471,30410.5,4.9,16.3,65.6,-273.0,-1.0,-1.0,RS41,403.500,7.9,250,12,2.7,,
2026-10-06T12:38:33.999Z,W4140328,8866,46.78880,6.77546,30435.7,6.3,9.6,58.4,-273.0,-1.0,-1.0,RS41,403.500,7.4,250,12,2.7,,
2026-10-06T12:38:57.999Z,W4140328,8890,46.78964,6.77933,30581.6,6.2,19.8,67.6,-273.0,-1.0,-1.0,RS41,403.500,7.4,250,12,2.6,,
2026-10-06T12:38:59.999Z,W4140328,8892,46.78977,6.77971,30596.2,6.5,12.2,64.5,-273.0,-1.0,-1.0,RS41,403.500,7.4,250,12,2.7,,
2026-10-06T12:40:42.999Z,W4140328,8995,46.79367,6.79994,31203.5,4.5,23.2,79.2,-273.0,-1.0,-1.0,RS41,403.500,7.1,250,12,2.6,,
2026-10-06T12:40:43.999Z,W4140328,8996,46.79371,6.80023,31208.7,6.0,21.6,76.4,-273.0,-1.0,-1.0,RS41,403.500,7.7,250,12,2.6,,
2026-10-06T12:40:51.999Z,W4140328,9004,46.79393,6.80219,31252.6,6.7,24.4,69.3,-273.0,-1.0,-1.0,RS41,403.500,7.6,250,11,2.7,,
2026-10-06T12:40:59.999Z,W4140328,9012,46.79417,6.80391,31297.9,3.3,24.8,70.0,-273.0,-1.0,-1.0,RS41,403.500,7.7,250,12,2.6,,
2026-10-06T12:41:01.999Z,W4140328,9014,46.79430,6.80449,31311.1,8.0,20.0,78.3,-273.0,-1.0,-1.0,RS41,403.500,7.2,250,12,2.6,,
2026-10-06T12:41:02.999Z,W4140328,9015,46.79432,6.80472,31317.5,4.9,15.9,88.1,-273.0,-1.0,-1.0,RS41,403.500,8.6,250,12,2.7,,
2026-10-06T12:41:20.999Z,W4140328,9033,46.79486,6.80888,31419.6,7.4,24.2,89.1,-273.0,-1.0,-1.0,RS41,403.500,7.5,250,12,2.7,,
2026-10-06T12:51:31.999Z,W4140328,9644,46.78172,6.93653,31248.8,-24.2,28.8,61.9,-273.0,-1.0,-1.0,RS41,403.500,8.2,250,11,2.7,,
2026-10-06T12:54:56.999Z,W4140328,9849,46.78324,6.95616,26951.1,-19.3,17.4,44.3,-273.0,-1.0,-1.0,RS41,403.500,7.5,250,11,2.6,,
