timestamp,serial,frame,lat,lon,alt,vel_v,vel_h,heading,temp,humidity,pressure,type,freq_mhz,snr,f_error_hz,sats,batt_v,burst_timer,aux_data
2026-08-26T00:31:30.996Z,W4140645,7047,46.99787,7.61134,29195.1,6.1,6.7,274.7,-273.0,-1.0,-1.0,RS41,403.500,7.4,250,10,2.6,,
2026-08-26T00:33:10.996Z,W4140645,7147,46.99709,7.60449,29827.5,5.5,4.9,247.8,-273.0,-1.0,-1.0,RS41,403.500,6.7,250,10,2.5,,
2026-08-26T00:33:28.996Z,W4140645,7165,46.99658,7.60294,29932.7,4.8,7.6,255.2,-273.0,-1.0,-1.0,RS41,403.500,7.0,250,10,2.5,,
2026-08-26T00:34:31.996Z,W4140645,7228,46.99768,7.59798,30276.0,6.7,6.0,320.2,-273.0,-1.0,-1.0,RS41,403.500,6.7,250,10,2.6,,
2026-08-26T00:34:51.996Z,W4140645,7248,46.99789,7.59735,30381.4,4.3,2.8,190.3,-273.0,-1.0,-1.0,RS41,403.500,6.7,250,10,2.6,,
2026-08-26T00:35:02.996Z,W4140645,7259,46.99790,7.59692,30436.7,4.5,2.0,89.0,-273.0,-1.0,-1.0,RS41,403.500,6.9,250,10,2.6,,
2026-08-26T00:35:18.996Z,W4140645,7275,46.99792,7.59659,30522.8,4.9,3.1,186.5,-273.0,-1.0,-1.0,RS41,403.500,7.4,250,10,2.6,,
2026-08-26T00:35:19.996Z,W4140645,7276,46.99789,7.59658,30527.6,4.8,4.3,194.8,-273.0,-1.0,-1.0,RS41,403.500,7.4,250,10,2.5,,
2026-08-26T00:35:26.996Z,W4140645,7283,46.99787,7.59612,30565.4,6.4,5.4,289.3,-273.0,-1.0,-1.0,RS41,403.500,6.8,250,10,2.5,,
2026-08-26T00:35:28.996Z,W4140645,7285,46.99788,7.59602,30576.3,4.7,2.9,265.9,-273.0,-1.0,-1.0,RS41,403.500,6.3,250,10,2.5,,
2026-08-26T00:39:07.996Z,W4140645,7504,47.00513,7.59264,31952.0,6.5,4.4,14.7,-273.0,-1.0,-1.0,RS41,403.500,7.8,250,10,2.5,,
2026-08-26T00:39:08.996Z,W4140645,7505,47.00517,7.59264,31959.1,7.7,5.9,352.5,-273.0,-1.0,-1.0,RS41,403.500,7.8,250,10,2.5,,
2026-08-26T00:39:09.996Z,W4140645,7506,47.00523,7.59262,31966.6,7.3,7.4,333.2,-273.0,-1.0,-1.0,RS41,403.500,7.8,250,10,2.6,,
2026-08-26T00:39:16.996Z,W4140645,7513,47.00562,7.59201,32009.7,6.1,6.3,313.8,-273.0,-1.0,-1.0,RS41,403.500,6.7,250,10,2.5,,
2026-08-26T00:39:26.996Z,W4140645,7523,47.00595,7.59193,32074.3,6.6,6.1,350.7,-273.0,-1.0,-1.0,RS41,403.500,7.1,250,10,2.6,,
2026-08-26T00:39:34.996Z,W4140645,7531,47.00623,7.59164,32124.8,4.5,6.9,36.3,-273.0,-1.0,-1.0,RS41,403.500,6.7,250,10,2.5,,
2026-08-26T00:39:35.996Z,W4140645,7532,47.00628,7.59170,32129.8,5.5,8.0,43.3,-273.0,-1.0,-1.0,RS41-SG,403.500,7.1,250,10,2.5,,
2026-08-26T00:39:36.996Z,W4140645,7533,47.00633,7.59177,32136.3,7.7,7.5,44.0,-273.0,-1.0,-1.0,RS41-SG,403.500,7.7,250,10,2.5,,
2026-08-26T00:39:37.996Z,W4140645,7534,47.00638,7.59183,32143.9,7.5,6.0,38.6,-273.0,-1.0,-1.0,RS41-SG,403.500,7.7,250,10,2.6,,
2026-08-26T00:39:38.996Z,W4140645,7535,47.00642,7.59186,32150.5,5.8,4.6,25.2,-273.0,-1.0,-1.0,RS41-SG,403.500,7.6,250,10,2.6,,
2026-08-26T00:39:39.996Z,W4140645,7536,47.00645,7.59188,32156.3,5.8,3.8,0.6,-273.0,-1.0,-1.0,RS41-SG,403.500,7.7,250,10,2.5,,
2026-08-26T00:39:40.996Z,W4140645,7537,47.00649,7.59187,32162.5,6.7,4.0,341.4,-273.0,-1.0,-1.0,RS41-SG,403.500,7.7,250,10,2.5,,
2026-08-26T00:39:42.996Z,W4140645,7539,47.00656,7.59182,32175.6,5.6,4.9,333.9,-273.0,-1.0,-1.0,RS41-SG,403.500,7.0,250,10,2.6,,
2026-08-26T00:39:51.996Z,W4140645,7548,47.00682,7.59187,32231.3,5.3,9.6,55.3,-273.0,-1.0,-1.0,RS41-SG,403.500,6.8,250,10,2.5,,
2026-08-26T00:39:53.996Z,W4140645,7550,47.00693,7.59210,32242.9,6.8,10.3,58.3,-273.0,-1.0,-1.0,RS41-SG,403.500,7.3,250,10,2.5,,
2026-08-26T00:39:55.996Z,W4140645,7552,47.00699,7.59228,32258.1,7.8,5.0,71.3,-273.0,-1.0,-1.0,RS41-SG,403.500,7.2,250,10,2.6,,
2026-08-26T00:40:05.996Z,W4140645,7562,47.00718,7.59233,32320.1,5.3,6.3,77.9,-273.0,-1.0,-1.0,RS41-SG,403.500,6.3,250,10,2.6,,
2026-08-26T00:40:08.996Z,W4140645,7565,47.00719,7.59263,32337.2,7.4,8.5,88.4,-273.0,-1.0,-1.0,RS41-SG,403.500,7.0,250,10,2.5,,
2026-08-26T00:40:09.996Z,W4140645,7566,47.00720,7.59274,32344.5,7.2,7.7,82.8,-273.0,-1.0,-1.0,RS41-SG,403.500,7.3,250,10,2.5,,
2026-08-26T00:40:10.996Z,W4140645,7567,47.00721,7.59283,32351.3,6.5,6.1,74.1,-273.0,-1.0,-1.0,RS41-SG,403.500,7.3,250,10,2.6,,
2026-08-26T00:40:11.996Z,W4140645,7568,47.00722,7.59289,32357.8,6.5,4.0,65.8,-273.0,-1.0,-1.0,RS41-SG,403.500,7.3,250,10,2.6,,
2026-08-26T00:40:12.996Z,W4140645,7569,47.00723,7.59292,32364.4,6.7,1.6,46.1,-273.0,-1.0,-1.0,RS41-SG,403.500,7.1,250,10,2.5,,
2026-08-26T00:40:21.996Z,W4140645,7578,47.00737,7.59298,32419.6,6.7,6.2,88.7,-273.0,-1.0,-1.0,RS41-SG,403.500,7.5,250,10,2.5,,
2026-08-26T00:40:25.996Z,W4140645,7582,47.00723,7.59327,32443.5,6.8,6.1,146.2,-273.0,-1.0,-1.0,RS41-SG,403.500,6.8,250,10,2.5,,
2026-08-26T00:40:51.996Z,W4140645,7608,47.00677,7.59341,32602.2,4.2,8.9,163.9,-273.0,-1.0,-1.0,RS41-SG,403.500,6.7,250,10,2.6,,
2026-08-26T00:40:59.996Z,W4140645,7616,47.00646,7.59323,32646.9,6.8,4.9,247.7,-273.0,-1.0,-1.0,RS41-SG,403.500,6.9,250,10,2.5,,
2026-08-26T00:41:08.996Z,W4140645,7625,47.00621,7.59312,32698.5,5.4,2.3,127.8,-273.0,-1.0,-1.0,RS41-SG,403.500,7.3,250,10,2.5,,
2026-08-26T00:41:09.996Z,W4140645,7626,47.00619,7.59314,32704.2,5.9,3.1,146.7,-273.0,-1.0,-1.0,RS41-SG,403.500,7.5,250,10,2.5,,
2026-08-26T00:41:10.996Z,W4140645,7627,47.00616,7.59316,32710.4,6.5,4.2,165.7,-273.0,-1.0,-1.0,RS41-SG,403.500,7.5,250,10,2.5,,
2026-08-26T00:41:11.996Z,W4140645,7628,47.00612,7.59317,32716.5,5.7,5.0,177.1,-273.0,-1.0,-1.0,RS41-SG,403.500,7.5,250,10,2.5,,
2026-08-26T00:46:27.996Z,W4140645,7944,47.00236,7.56907,34611.4,4.1,9.8,344.2,-273.0,-1.0,-1.0,RS41-SG,403.500,7.0,250,9,2.5,,
2026-08-26T00:46:38.996Z,W4140645,7955,47.00251,7.56781,34672.3,3.3,3.1,316.5,-273.0,-1.0,-1.0,RS41-SG,403.500,6.2,250,9,2.6,,
2026-08-26T00:46:39.996Z,W4140645,7956,47.00254,7.56779,34676.1,4.2,4.3,346.5,-273.0,-1.0,-1.0,RS41-SG,403.500,6.3,250,9,2.6,,
2026-08-26T00:46:41.996Z,W4140645,7958,47.00262,7.56775,34687.9,7.0,5.3,333.0,-273.0,-1.0,-1.0,RS41-SG,403.500,7.1,250,9,2.5,,
2026-08-26T00:46:42.996Z,W4140645,7959,47.00266,7.56771,34694.4,6.1,5.9,316.1,-273.0,-1.0,-1.0,RS41-SG,403.500,7.1,250,9,2.5,,
2026-08-26T00:46:55.996Z,W4140645,7972,47.00272,7.56664,34766.9,5.8,1.7,20.0,-273.0,-1.0,-1.0,RS41-SG,403.500,7.2,250,9,2.5,,
2026-08-26T00:46:56.996Z,W4140645,7973,47.00274,7.56665,34772.3,5.0,3.9,4.4,-273.0,-1.0,-1.0,RS41-SG,403.500,7.2,250,9,2.5,,
2026-08-26T00:46:57.996Z,W4140645,7974,47.00278,7.56664,34777.3,5.0,5.5,350.2,-273.0,-1.0,-1.0,RS41-SG,403.500,7.1,250,9,2.5,,
2026-08-26T00:47:08.996Z,W4140645,7985,47.00289,7.56599,34837.0,3.8,6.1,26.2,-273.0,-1.0,-1.0,RS41-SG,403.500,6.6,250,9,2.6,,
2026-08-26T00:47:10.996Z,W4140645,7987,47.00300,7.56607,34846.0,5.6,6.8,24.9,-273.0,-1.0,-1.0,RS41-SG,403.500,7.0,250,9,2.5,,
2026-08-26T00:47:12.996Z,W4140645,7989,47.00307,7.56610,34858.5,6.3,1.8,321.1,-273.0,-1.0,-1.0,RS41-SG,403.500,6.8,250,9,2.5,,
2026-08-26T00:47:13.996Z,W4140645,7990,47.00307,7.56607,34864.3,5.1,3.8,252.1,-273.0,-1.0,-1.0,RS41-SG,403.500,6.8,250,9,2.6,,
2026-08-26T00:47:21.996Z,W4140645,7998,47.00312,7.56550,34905.6,3.8,8.3,9.5,-273.0,-1.0,-1.0,RS41-SG,403.500,6.5,250,9,2.5,,
2026-08-26T00:47:23.996Z,W4140645,8000,47.00324,7.56559,34916.1,6.7,6.9,41.1,-273.0,-1.0,-1.0,RS41-SG,403.500,7.3,250,9,2.6,,
2026-08-26T00:47:24.996Z,W4140645,8001,47.00328,7.56564,34922.9,6.8,4.6,62.4,-273.0,-1.0,-1.0,RS41-SG,403.500,7.3,250,9,2.6,,
2026-08-26T00:47:25.996Z,W4140645,8002,47.00328,7.56569,34928.7,4.9,3.0,95.8,-273.0,-1.0,-1.0,RS41-SG,403.500,7.2,250,9,2.5,,
2026-08-26T00:47:26.996Z,W4140645,8003,47.00327,7.56572,34933.2,4.1,2.5,152.1,-273.0,-1.0,-1.0,RS41-SG,403.500,7.2,250,9,2.5,,
2026-08-26T00:47:39.996Z,W4140645,8016,47.00341,7.56536,35002.6,5.7,0.6,48.6,-273.0,-1.0,-1.0,RS41-SG,403.500,7.0,250,9,2.6,,
2026-08-26T00:47:43.996Z,W4140645,8020,47.00350,7.56527,35025.0,4.6,5.5,311.7,-273.0,-1.0,-1.0,RS41-SG,403.500,6.8,250,9,2.6,,
2026-08-26T00:47:44.996Z,W4140645,8021,47.00353,7.56521,35030.0,5.2,6.2,299.6,-273.0,-1.0,-1.0,RS41-SG,403.500,6.8,250,9,2.6,,
2026-08-26T00:47:57.996Z,W4140645,8034,47.00373,7.56502,35105.1,5.1,6.7,278.2,-273.0,-1.0,-1.0,RS41-SG,403.500,6.8,250,9,2.5,,
2026-08-26T00:47:58.996Z,W4140645,8035,47.00373,7.56492,35109.5,3.9,8.6,261.7,-273.0,-1.0,-1.0,RS41-SG,403.500,6.8,250,9,2.6,,
2026-08-26T00:48:05.996Z,W4140645,8042,47.00370,7.56452,35147.5,3.5,6.1,47.6,-273.0,-1.0,-1.0,RS41-SG,403.500,7.1,250,9,2.5,,
2026-08-26T00:48:06.996Z,W4140645,8043,47.00373,7.56459,35151.5,4.5,7.3,57.1,-273.0,-1.0,-1.0,RS41-SG,403.500,8.1,250,9,2.5,,
2026-08-26T00:48:07.996Z,W4140645,8044,47.00376,7.56467,35157.0,6.4,6.5,68.4,-273.0,-1.0,-1.0,RS41-SG,403.500,8.1,250,9,2.5,,
2026-08-26T00:48:09.996Z,W4140645,8046,47.00376,7.56477,35171.6,7.1,2.9,152.1,-273.0,-1.0,-1.0,RS41-SG,403.500,7.5,250,9,2.6,,
2026-08-26T00:48:10.996Z,W4140645,8047,47.00373,7.56477,35178.0,5.5,4.7,205.0,-273.0,-1.0,-1.0,RS41-SG,403.500,7.6,250,9,2.5,,
2026-08-26T00:48:11.996Z,W4140645,8048,47.00369,7.56472,35183.1,4.4,7.4,227.4,-273.0,-1.0,-1.0,RS41-SG,403.500,7.7,250,9,2.5,,
2026-08-26T00:48:21.996Z,W4140645,8058,47.00365,7.56407,35239.4,5.0,7.5,143.3,-273.0,-1.0,-1.0,RS41-SG,403.500,7.3,250,9,2.5,,
2026-08-26T00:48:22.996Z,W4140645,8059,47.00359,7.56413,35244.6,5.5,8.4,153.9,-273.0,-1.0,-1.0,RS41-SG,403.500,8.0,250,9,2.5,,
2026-08-26T00:48:23.996Z,W4140645,8060,47.00352,7.56416,35250.8,6.7,7.8,167.6,-273.0,-1.0,-1.0,RS41-SG,403.500,8.0,250,9,2.6,,
2026-08-26T00:48:24.996Z,W4140645,8061,47.00346,7.56416,35257.8,7.3,6.2,189.9,-273.0,-1.0,-1.0,RS41-SG,403.500,7.5,250,9,2.6,,
2026-08-26T00:48:27.996Z,W4140645,8064,47.00341,7.56396,35275.9,4.2,8.8,283.6,-273.0,-1.0,-1.0,RS41-SG,403.500,7.1,250,9,2.5,,
2026-08-26T00:48:34.996Z,W4140645,8071,47.00334,7.56335,35315.3,3.9,9.0,181.1,-273.0,-1.0,-1.0,RS41-SG,403.500,7.2,250,9,2.6,,
2026-08-26T00:48:35.996Z,W4140645,8072,47.00326,7.56336,35320.1,5.7,9.3,171.0,-273.0,-1.0,-1.0,RS41-SG,403.500,7.3,250,9,2.5,,
2026-08-26T00:48:38.996Z,W4140645,8075,47.00312,7.56339,35341.9,6.4,1.6,223.6,-273.0,-1.0,-1.0,RS41-SG,403.500,7.2,250,9,2.6,,
2026-08-26T00:48:40.996Z,W4140645,8077,47.00314,7.56330,35351.7,4.0,6.6,297.6,-273.0,-1.0,-1.0,RS41-SG,403.500,7.0,250,9,2.6,,
2026-08-26T00:48:42.996Z,W4140645,8079,47.00319,7.56309,35361.6,6.1,10.0,279.9,-273.0,-1.0,-1.0,RS41-SG,403.500,7.2,250,9,2.5,,
2026-08-26T00:48:43.996Z,W4140645,8080,47.00319,7.56296,35368.2,7.2,10.3,265.3,-273.0,-1.0,-1.0,RS41-SG,403.500,7.2,250,9,2.5,,
2026-08-26T00:48:51.996Z,W4140645,8088,47.00290,7.56249,35416.8,5.1,0.5,321.4,-273.0,-1.0,-1.0,RS41-SG,403.500,7.3,250,9,2.6,,
2026-08-26T00:48:53.996Z,W4140645,8090,47.00291,7.56246,35428.6,6.6,2.6,275.0,-273.0,-1.0,-1.0,RS41-SG,403.500,7.7,250,9,2.5,,
2026-08-26T00:48:54.996Z,W4140645,8091,47.00291,7.56241,35435.3,6.8,4.2,252.2,-273.0,-1.0,-1.0,RS41-SG,403.500,7.7,250,9,2.5,,
2026-08-26T00:48:55.996Z,W4140645,8092,47.00289,7.56235,35441.9,6.4,6.2,239.1,-273.0,-1.0,-1.0,RS41-SG,403.500,7.2,250,9,2.6,,
2026-08-26T00:49:03.996Z,W4140645,8100,47.00266,7.56182,35488.6,5.4,1.8,268.5,-273.0,-1.0,-1.0,RS41-SG,403.500,7.3,250,9,2.5,,
2026-08-26T00:49:04.995Z,W4140645,8101,47.00266,7.56180,35494.6,6.3,1.9,231.0,-273.0,-1.0,-1.0,RS41-SG,403.500,7.3,250,9,2.5,,
2026-08-26T00:49:05.995Z,W4140645,8102,47.00264,7.56178,35501.1,6.7,3.6,210.0,-273.0,-1.0,-1.0,RS41-SG,403.500,7.3,250,9,2.6,,
2026-08-26T00:49:06.995Z,W4140645,8103,47.00260,7.56175,35507.8,6.7,5.6,208.2,-273.0,-1.0,-1.0,RS41-SG,403.500,7.3,250,9,2.6,,
2026-08-26T00:49:07.995Z,W4140645,8104,47.00255,7.56171,35514.1,5.9,7.4,211.3,-273.0,-1.0,-1.0,RS41-SG,403.500,7.3,250,9,2.5,,
2026-08-26T00:49:08.995Z,W4140645,8105,47.00249,7.56165,35519.9,5.6,8.5,216.1,-273.0,-1.0,-1.0,RS41-SG,403.500,6.9,250,9,2.5,,
2026-08-26T00:49:09.995Z,W4140645,8106,47.00243,7.56158,35525.7,5.8,8.9,223.8,-273.0,-1.0,-1.0,RS41-SG,403.500,6.9,250,9,2.5,,
2026-08-26T00:49:12.995Z,W4140645,8109,47.00233,7.56131,35544.7,6.3,7.2,264.6,-273.0,-1.0,-1.0,RS41-SG,403.500,7.7,250,9,2.6,,
2026-08-26T00:49:13.995Z,W4140645,8110,47.00233,7.56122,35550.8,5.8,6.7,279.5,-273.0,-1.0,-1.0,RS41-SG,403.500,7.7,250,9,2.5,,
2026-08-26T00:49:14.995Z,W4140645,8111,47.00235,7.56114,35556.5,5.5,6.1,287.0,-273.0,-1.0,-1.0,RS41-SG,403.500,7.0,250,9,2.5,,
2026-08-26T00:49:17.995Z,W4140645,8114,47.00233,7.56096,35575.9,6.5,5.6,216.2,-34.8,-1.0,-1.0,RS41-SG,403.500,6.6,250,9,2.6,,
2026-08-26T00:49:18.995Z,W4140645,8115,47.00228,7.56092,35581.9,5.5,8.0,200.9,-34.7,-1.0,-1.0,RS41-SG,403.500,7.3,250,9,2.6,,
2026-08-26T00:49:19.995Z,W4140645,8116,47.00220,7.56088,35587.1,4.7,10.2,194.9,-34.7,-1.0,-1.0,RS41-SG,403.500,7.5,250,9,2.5,,
2026-08-26T00:49:20.995Z,W4140645,8117,47.00210,7.56085,35592.2,5.4,11.4,193.8,-34.7,-1.0,-1.0,RS41-SG,403.500,7.5,250,9,2.5,,
2026-08-26T00:49:21.995Z,W4140645,8118,47.00201,7.56081,35598.4,6.8,10.9,195.8,-34.7,-1.0,-1.0,RS41-SG,403.500,7.4,250,9,2.5,,
2026-08-26T00:49:25.995Z,W4140645,8122,47.00180,7.56062,35624.2,4.3,4.0,261.1,-34.4,-1.0,-1.0,RS41-SG,403.500,7.2,250,9,2.5,,
2026-08-26T00:49:26.995Z,W4140645,8123,47.00181,7.56057,35628.7,4.7,3.8,281.9,-34.4,-1.0,-1.0,RS41-SG,403.500,7.7,250,9,2.5,,
2026-08-26T00:49:27.995Z,W4140645,8124,47.00181,7.56052,35634.1,6.1,3.3,281.1,-34.3,-1.0,-1.0,RS41-SG,403.500,7.7,250,9,2.6,,
2026-08-26T00:49:28.995Z,W4140645,8125,47.00181,7.56048,35640.8,7.3,2.9,251.2,-34.2,-1.0,-1.0,RS41-SG,403.500,7.1,250,9,2.6,,
2026-08-26T00:49:30.995Z,W4140645,8127,47.00175,7.56042,35654.3,5.6,5.8,202.2,-34.1,-1.0,-1.0,RS41-SG,403.500,7.6,250,9,2.5,,
2026-08-26T00:49:31.995Z,W4140645,8128,47.00170,7.56039,35659.8,5.4,7.6,197.6,-34.0,-1.0,-1.0,RS41-SG,403.500,7.6,250,9,2.5,,
2026-08-26T00:49:32.995Z,W4140645,8129,47.00163,7.56036,35665.6,6.0,8.5,199.1,-34.0,-1.0,-1.0,RS41-SG,403.500,7.2,250,9,2.6,,
2026-08-26T00:49:36.995Z,W4140645,8133,47.00140,7.56014,35691.6,5.6,6.2,231.9,-33.9,-1.0,-1.0,RS41-SG,403.500,7.5,250,9,2.5,,
2026-08-26T00:49:37.995Z,W4140645,8134,47.00137,7.56008,35697.2,5.7,5.4,238.5,-33.8,-1.0,-1.0,RS41-SG,403.500,7.5,250,9,2.6,,
2026-08-26T00:49:38.995Z,W4140645,8135,47.00134,7.56003,35703.3,6.4,4.5,238.0,-33.9,-1.0,-1.0,RS41-SG,403.500,7.4,250,9,2.6,,
2026-08-26T00:49:39.995Z,W4140645,8136,47.00132,7.55998,35710.0,6.9,3.9,229.9,-33.9,-1.0,-1.0,RS41-SG,403.500,7.4,250,9,2.6,,
2026-08-26T00:49:40.995Z,W4140645,8137,47.00130,7.55995,35716.8,6.5,3.7,221.3,-33.9,-1.0,-1.0,RS41-SG,403.500,7.9,250,9,2.5,,
2026-08-26T00:49:41.995Z,W4140645,8138,47.00127,7.55991,35723.1,6.2,3.8,217.5,-33.8,-1.0,-1.0,RS41-SG,403.500,7.9,250,9,2.5,,
2026-08-26T00:49:42.995Z,W4140645,8139,47.00125,7.55988,35729.4,6.4,3.9,222.8,-33.8,-1.0,-1.0,RS41-SG,403.500,7.6,250,9,2.5,,
2026-08-26T00:49:43.995Z,W4140645,8140,47.00122,7.55984,35736.1,6.8,4.2,236.5,-33.8,-1.0,-1.0,RS41-SG,403.500,7.6,250,9,2.5,,
2026-08-26T00:49:44.995Z,W4140645,8141,47.00120,7.55979,35742.9,7.0,4.9,249.8,-33.8,-1.0,-1.0,RS41-SG,403.500,7.3,250,9,2.6,,
2026-08-26T00:49:45.995Z,W4140645,8142,47.00119,7.55972,35749.5,6.0,5.6,258.9,-33.8,-1.0,-1.0,RS41-SG,403.500,7.1,250,9,2.6,,
2026-08-26T00:49:46.995Z,W4140645,8143,47.00118,7.55965,35755.3,5.6,6.2,260.3,-33.8,-1.0,-1.0,RS41-SG,403.500,7.3,250,9,2.5,,
2026-08-26T00:49:47.995Z,W4140645,8144,47.00117,7.55957,35761.1,6.1,6.4,255.5,-33.8,-1.0,-1.0,RS41-SG,403.500,7.7,250,9,2.5,,
2026-08-26T00:49:48.995Z,W4140645,8145,47.00115,7.55949,35767.6,6.8,6.2,243.5,-33.8,-1.0,-1.0,RS41-SG,403.500,7.7,250,9,2.5,,
2026-08-26T00:49:49.995Z,W4140645,8146,47.00112,7.55942,35774.4,6.8,6.2,226.7,-33.8,-1.0,-1.0,RS41-SG,403.500,7.3,250,9,2.6,,
2026-08-26T00:49:50.995Z,W4140645,8147,47.00108,7.55937,35780.9,6.1,6.1,212.3,-33.8,-1.0,-1.0,RS41-SG,403.500,7.3,250,9,2.6,,
2026-08-26T00:49:51.995Z,W4140645,8148,47.00103,7.55934,35787.0,5.8,5.8,201.3,-33.7,-1.0,-1.0,RS41-SG,403.500,7.1,250,9,2.5,,
2026-08-26T00:49:54.995Z,W4140645,8151,47.00093,7.55928,35806.2,6.6,1.5,237.6,-33.8,-1.0,-1.0,RS41-SG,403.500,7.0,250,9,2.6,,
2026-08-26T00:49:55.995Z,W4140645,8152,47.00094,7.55926,35812.8,6.4,2.3,304.6,-33.8,-1.0,-1.0,RS41-SG,403.500,7.0,250,9,2.6,,
2026-08-26T00:49:56.995Z,W4140645,8153,47.00096,7.55923,35818.9,5.9,4.0,316.7,-33.7,-1.0,-1.0,RS41-SG,403.500,7.3,250,9,2.5,,
2026-08-26T00:50:00.995Z,W4140645,8157,47.00103,7.55906,35844.0,6.5,3.3,238.9,-33.7,-1.0,-1.0,RS41-SG,403.500,7.3,250,9,2.6,,
2026-08-26T00:50:01.995Z,W4140645,8158,47.00100,7.55903,35850.2,5.8,4.9,201.4,-33.7,-1.0,-1.0,RS41-SG,403.500,7.3,250,9,2.6,,
2026-08-26T00:50:02.995Z,W4140645,8159,47.00095,7.55901,35855.8,5.5,7.2,186.4,-33.7,-1.0,-1.0,RS41-SG,403.500,7.0,250,9,2.5,,
2026-08-26T00:50:03.995Z,W4140645,8160,47.00088,7.55900,35861.5,5.8,8.8,179.8,-33.7,-1.0,-1.0,RS41-SG,403.500,6.9,250,9,2.5,,
2026-08-26T00:50:05.995Z,W4140645,8162,47.00073,7.55901,35874.6,7.2,7.6,177.9,-33.7,-1.0,-1.0,RS41-SG,403.500,6.9,250,9,2.5,,
2026-08-26T00:50:06.995Z,W4140645,8163,47.00067,7.55901,35881.8,7.3,5.0,185.8,-33.7,-1.0,-1.0,RS41-SG,403.500,7.4,250,9,2.6,,
2026-08-26T00:50:07.995Z,W4140645,8164,47.00064,7.55899,35888.7,6.5,2.6,221.3,-33.7,-1.0,-1.0,RS41-SG,403.500,7.4,250,9,2.6,,
2026-08-26T00:50:08.995Z,W4140645,8165,47.00063,7.55896,35894.6,5.4,3.4,286.3,-33.7,-1.0,-1.0,RS41-SG,403.500,7.3,250,9,2.5,,
2026-08-26T00:50:09.995Z,W4140645,8166,47.00065,7.55891,35899.7,4.7,6.0,303.0,-33.7,-1.0,-1.0,RS41-SG,403.500,7.3,250,9,2.5,,
2026-08-26T00:50:16.995Z,W4140645,8173,47.00053,7.55845,35942.0,4.4,11.4,176.0,-33.8,-1.0,-1.0,RS41-SG,403.500,6.7,250,9,2.6,,
2026-08-26T00:50:19.995Z,W4140645,8176,47.00026,7.55856,35960.5,7.7,7.1,154.5,-33.8,-1.0,-1.0,RS41-SG,403.500,6.7,250,9,2.5,,
2026-08-26T00:50:20.995Z,W4140645,8177,47.00022,7.55859,35967.8,6.8,2.7,150.4,-33.9,-1.0,-1.0,RS41-SG,403.500,6.9,250,9,2.5,,
2026-08-26T00:50:22.995Z,W4140645,8179,47.00024,7.55856,35978.8,4.4,5.6,319.9,-33.8,-1.0,-1.0,RS41-SG,403.500,7.1,250,9,2.5,,
2026-08-26T00:50:28.995Z,W4140645,8185,47.00024,7.55801,36018.1,4.5,11.7,200.0,-34.0,-1.0,-1.0,RS41-SG,403.500,6.5,250,9,2.6,,
2026-08-26T00:50:34.995Z,W4140645,8191,46.99963,7.55810,36053.4,6.0,2.4,170.5,-34.1,-1.0,-1.0,RS41-SG,403.500,7.6,250,9,2.6,,
2026-08-26T00:50:35.995Z,W4140645,8192,46.99963,7.55810,36058.2,3.6,2.0,295.9,-34.1,-1.0,-1.0,RS41-SG,403.500,8.2,250,9,2.6,,
2026-08-26T00:50:36.995Z,W4140645,8193,46.99964,7.55805,36061.7,3.6,5.6,304.6,-34.1,-1.0,-1.0,RS41-SG,403.500,8.2,250,9,2.5,,
2026-08-26T00:50:37.995Z,W4140645,8194,46.99967,7.55798,36066.2,5.3,7.9,294.1,-34.0,-1.0,-1.0,RS41-SG,403.500,7.1,250,9,2.5,,
2026-08-26T00:50:38.995Z,W4140645,8195,46.99969,7.55787,36072.6,7.5,8.8,274.8,-34.1,-1.0,-1.0,RS41-SG,403.500,7.0,250,9,2.5,,
2026-08-26T00:50:39.995Z,W4140645,8196,46.99968,7.55776,36080.4,8.1,9.5,249.2,-34.1,-1.0,-1.0,RS41-SG,403.500,6.9,250,9,2.5,,
2026-08-26T00:50:40.995Z,W4140645,8197,46.99963,7.55765,36087.8,6.8,10.9,226.2,-34.0,-1.0,-1.0,RS41-SG,403.500,7.1,250,9,2.6,,
2026-08-26T00:50:43.995Z,W4140645,8200,46.99930,7.55745,36101.2,4.3,15.3,186.7,-33.9,-1.0,-1.0,RS41-SG,403.500,6.6,250,9,2.5,,
2026-08-26T00:50:44.995Z,W4140645,8201,46.99917,7.55744,36106.4,6.2,14.2,179.8,-33.9,-1.0,-1.0,RS41-SG,403.500,6.8,250,9,2.5,,
2026-08-26T00:50:45.995Z,W4140645,8202,46.99906,7.55744,36113.1,7.3,11.3,176.3,-33.9,-1.0,-1.0,RS41-SG,403.500,7.0,250,9,2.6,,
2026-08-26T00:50:46.995Z,W4140645,8203,46.99898,7.55745,36120.3,7.0,7.4,177.7,-33.8,-1.0,-1.0,RS41-SG,403.500,7.4,250,9,2.6,,
2026-08-26T00:50:47.995Z,W4140645,8204,46.99893,7.55745,36126.8,5.8,3.9,193.7,-33.8,-1.0,-1.0,RS41-SG,403.500,7.7,250,9,2.5,,
2026-08-26T00:50:48.995Z,W4140645,8205,46.99891,7.55742,36131.9,4.3,2.7,251.2,-33.8,-1.0,-1.0,RS41-SG,403.500,7.7,250,9,2.5,,
2026-08-26T00:50:49.995Z,W4140645,8206,46.99891,7.55738,36136.1,4.1,4.7,282.5,-33.8,-1.0,-1.0,RS41-SG,403.500,7.4,250,9,2.5,,
2026-08-26T00:50:50.995Z,W4140645,8207,46.99892,7.55730,36140.8,5.1,6.6,278.5,-33.8,-1.0,-1.0,RS41-SG,403.500,7.4,250,9,2.6,,
2026-08-26T00:50:58.995Z,W4140645,8215,46.99828,7.55677,36187.0,7.2,10.5,186.7,-33.8,-1.0,-1.0,RS41-SG,403.500,7.1,250,9,2.6,,
2026-08-26T00:50:59.995Z,W4140645,8216,46.99820,7.55675,36194.0,6.6,6.6,194.6,-33.8,-1.0,-1.0,RS41-SG,403.500,7.1,250,9,2.5,,
2026-08-26T00:51:00.995Z,W4140645,8217,46.99816,7.55672,36199.8,5.0,3.5,227.7,-33.8,-1.0,-1.0,RS41-SG,403.500,7.5,250,9,2.5,,
2026-08-26T00:51:01.995Z,W4140645,8218,46.99816,7.55668,36204.1,3.7,4.2,288.6,-33.8,-1.0,-1.0,RS41-SG,403.500,7.6,250,9,2.5,,
2026-08-26T00:51:02.995Z,W4140645,8219,46.99818,7.55662,36207.7,3.6,6.7,305.0,-33.8,-1.0,-1.0,RS41-SG,403.500,7.6,250,9,2.6,,
2026-08-26T00:51:03.995Z,W4140645,8220,46.99822,7.55654,36212.1,5.3,8.1,302.5,-33.8,-1.0,-1.0,RS41-SG,403.500,7.6,250,9,2.6,,
2026-08-26T00:51:04.995Z,W4140645,8221,46.99825,7.55644,36218.5,7.4,7.9,286.2,-33.8,-1.0,-1.0,RS41-SG,403.500,7.5,250,9,2.6,,
2026-08-26T00:51:05.995Z,W4140645,8222,46.99825,7.55634,36226.1,7.7,7.8,257.8,-33.8,-1.0,-1.0,RS41-SG,403.500,7.0,250,9,2.5,,
2026-08-26T00:51:06.995Z,W4140645,8223,46.99822,7.55624,36233.0,6.3,9.3,230.1,-33.8,0.0,-1.0,RS41-SG,403.500,7.3,250,9,2.5,,
2026-08-26T00:51:07.995Z,W4140645,8224,46.99814,7.55616,36238.3,4.3,11.7,211.5,-33.8,0.0,-1.0,RS41-SG,403.500,7.7,250,9,2.5,,
2026-08-26T00:51:08.995Z,W4140645,8225,46.99804,7.55609,36242.0,3.2,14.4,200.4,-33.8,0.0,-1.0,RS41-SG,403.500,7.7,250,9,2.5,,
2026-08-26T00:51:09.995Z,W4140645,8226,46.99791,7.55603,36245.4,3.7,16.1,193.2,-33.8,0.0,-1.0,RS41-SG,403.500,7.4,250,9,2.6,,
2026-08-26T00:51:10.995Z,W4140645,8227,46.99777,7.55599,36250.3,6.0,15.4,190.2,-33.9,0.0,-1.0,RS41-SG,403.500,6.8,250,9,2.6,,
2026-08-26T00:51:12.995Z,W4140645,8229,46.99756,7.55592,36264.6,7.3,8.2,200.9,-33.9,0.0,-1.0,RS41-SG,403.500,6.6,250,9,2.5,,
2026-08-26T00:51:13.995Z,W4140645,8230,46.99751,7.55587,36271.0,5.4,4.9,229.5,-33.9,0.1,-1.0,RS41-SG,403.500,7.7,250,9,2.5,,
2026-08-26T00:51:14.995Z,W4140645,8231,46.99750,7.55582,36275.4,3.3,4.8,282.1,-33.9,0.0,-1.0,RS41-SG,403.500,7.9,250,9,2.6,,
2026-08-26T00:51:15.995Z,W4140645,8232,46.99752,7.55575,36278.2,2.3,7.4,307.1,-33.8,0.0,-1.0,RS41-SG,403.500,8.2,250,9,2.6,,
2026-08-26T00:51:16.995Z,W4140645,8233,46.99757,7.55566,36281.3,3.9,9.3,311.9,-33.9,0.0,-1.0,RS41-SG,403.500,8.2,250,9,2.6,,
2026-08-26T00:51:17.995Z,W4140645,8234,46.99762,7.55557,36286.4,6.5,9.1,305.3,-33.9,0.0,-1.0,RS41-SG,403.500,7.9,250,9,2.5,,
2026-08-26T00:51:19.995Z,W4140645,8236,46.99766,7.55539,36301.3,7.3,6.5,250.7,-33.9,0.0,-1.0,RS41-SG,403.500,6.7,250,9,2.5,,
2026-08-26T00:51:20.995Z,W4140645,8237,46.99762,7.55532,36307.4,4.9,7.8,219.8,-33.9,0.0,-1.0,RS41-SG,403.500,8.1,250,9,2.5,,
2026-08-26T00:51:21.995Z,W4140645,8238,46.99755,7.55526,36311.2,2.8,10.1,202.3,-33.9,0.1,-1.0,RS41-SG,403.500,8.2,250,9,2.6,,
2026-08-26T00:51:22.995Z,W4140645,8239,46.99746,7.55522,36313.9,2.6,12.1,191.8,-33.9,0.0,-1.0,RS41-SG,403.500,8.3,250,9,2.6,,
2026-08-26T00:51:23.995Z,W4140645,8240,46.99735,7.55519,36317.5,4.6,12.3,187.4,-33.9,0.0,-1.0,RS41-SG,403.500,8.3,250,9,2.5,,
2026-08-26T00:51:25.995Z,W4140645,8242,46.99717,7.55515,36330.0,7.1,6.8,195.2,-34.0,0.0,-1.0,RS41-SG,403.500,6.7,250,9,2.5,,
2026-08-26T00:51:26.995Z,W4140645,8243,46.99713,7.55512,36336.6,6.0,3.6,225.5,-33.9,0.0,-1.0,RS41-SG,403.500,7.5,250,9,2.6,,
2026-08-26T00:51:27.995Z,W4140645,8244,46.99713,7.55508,36341.6,4.0,3.7,288.0,-33.9,0.0,-1.0,RS41-SG,403.500,8.2,250,9,2.6,,
2026-08-26T00:51:28.995Z,W4140645,8245,46.99715,7.55503,36345.0,2.7,6.2,313.8,-33.8,0.0,-1.0,RS41-SG,403.500,8.2,250,9,2.6,,
2026-08-26T00:51:29.995Z,W4140645,8246,46.99720,7.55497,36348.1,3.4,8.1,320.1,-33.8,0.0,-1.0,RS41-SG,403.500,8.5,250,9,2.5,,
2026-08-26T00:51:30.995Z,W4140645,8247,46.99725,7.55490,36352.5,5.3,8.3,317.8,-33.8,0.0,-1.0,RS41-SG,403.500,8.5,250,9,2.5,,
2026-08-26T00:51:32.995Z,W4140645,8249,46.99731,7.55476,36365.6,6.8,4.6,273.2,-33.8,0.0,-1.0,RS41-SG,403.500,7.5,250,9,2.5,,
2026-08-26T00:51:33.995Z,W4140645,8250,46.99730,7.55471,36371.5,4.9,5.0,230.8,-33.8,0.1,-1.0,RS41-SG,403.500,8.2,250,9,2.6,,
2026-08-26T00:51:34.995Z,W4140645,8251,46.99726,7.55466,36375.5,3.3,6.9,206.9,-33.8,0.0,-1.0,RS41-SG,403.500,8.8,250,9,2.6,,
2026-08-26T00:51:35.995Z,W4140645,8252,46.99719,7.55463,36379.0,3.5,9.0,196.0,-33.9,0.0,-1.0,RS41-SG,403.500,8.8,250,9,2.5,,
2026-08-26T00:51:36.995Z,W4140645,8253,46.99711,7.55460,36383.2,4.9,9.6,192.3,-33.9,0.0,-1.0,RS41-SG,403.500,8.0,250,9,2.5,,
2026-08-26T00:51:37.995Z,W4140645,8254,46.99703,7.55457,36388.7,6.1,8.3,194.1,-33.9,0.0,-1.0,RS41-SG,403.500,7.5,250,9,2.5,,
2026-08-26T00:51:39.995Z,W4140645,8256,46.99694,7.55451,36401.0,5.7,3.4,235.2,-33.9,0.0,-1.0,RS41-SG,403.500,7.6,250,9,2.6,,
2026-08-26T00:51:40.995Z,W4140645,8257,46.99694,7.55447,36406.3,4.7,3.6,293.3,-33.9,0.0,-1.0,RS41-SG,403.500,7.6,250,9,2.6,,
2026-08-26T00:51:41.995Z,W4140645,8258,46.99697,7.55442,36410.6,4.0,5.7,318.5,-33.9,0.0,-1.0,RS41-SG,403.500,8.1,250,9,2.5,,
2026-08-26T00:51:42.995Z,W4140645,8259,46.99701,7.55437,36414.8,4.2,7.1,326.8,-33.9,0.0,-1.0,RS41-SG,403.500,8.1,250,9,2.5,,
2026-08-26T00:51:43.995Z,W4140645,8260,46.99706,7.55432,36419.5,5.2,6.9,327.0,-33.8,0.1,-1.0,RS41-SG,403.500,8.1,250,9,2.5,,
2026-08-26T00:51:45.995Z,W4140645,8262,46.99712,7.55424,36431.6,6.4,2.7,271.6,-33.8,0.0,-1.0,RS41-SG,403.500,6.5,250,9,2.6,,
2026-08-26T00:51:46.995Z,W4140645,8263,46.99711,7.55420,36437.2,5.0,4.5,213.2,-33.8,0.0,-1.0,RS41-SG,403.500,7.8,250,9,2.6,,
2026-08-26T00:51:47.995Z,W4140645,8264,46.99706,7.55417,36441.5,3.6,7.8,196.7,-33.8,0.0,-1.0,RS41-SG,403.500,7.8,250,9,2.5,,
2026-08-26T00:51:48.995Z,W4140645,8265,46.99698,7.55415,36444.8,3.0,10.4,191.5,-33.8,0.0,-1.0,RS41-SG,403.500,7.8,250,9,2.5,,
2026-08-26T00:51:49.995Z,W4140645,8266,46.99688,7.55412,36448.4,4.2,11.6,192.1,-33.8,0.0,-1.0,RS41-SG,403.500,8.0,250,9,2.5,,
2026-08-26T00:51:50.995Z,W4140645,8267,46.99678,7.55408,36453.5,6.1,10.8,195.7,-33.8,0.0,-1.0,RS41-SG,403.500,8.0,250,9,2.6,,
2026-08-26T00:51:52.995Z,W4140645,8269,46.99666,7.55399,36466.7,6.2,5.3,227.3,-33.7,0.0,-1.0,RS41-SG,403.500,6.7,250,9,2.6,,
2026-08-26T00:51:53.995Z,W4140645,8270,46.99664,7.55394,36471.6,3.8,4.2,269.3,-33.7,0.0,-1.0,RS41-SG,403.500,7.8,250,9,2.5,,
2026-08-26T00:51:54.995Z,W4140645,8271,46.99665,7.55389,36474.8,2.5,5.1,308.6,-33.7,0.0,-1.0,RS41-SG,403.500,7.8,250,9,2.5,,
2026-08-26T00:51:55.995Z,W4140645,8272,46.99669,7.55384,36477.7,3.4,6.3,330.8,-33.6,0.0,-1.0,RS41-SG,403.500,8.0,250,9,2.5,,
2026-08-26T00:51:56.995Z,W4140645,8273,46.99674,7.55381,36482.1,5.5,6.1,341.1,-33.6,0.0,-1.0,RS41-SG,403.500,8.2,250,9,2.5,,
2026-08-26T00:51:57.995Z,W4140645,8274,46.99679,7.55379,36488.3,6.8,3.8,347.9,-33.7,0.0,-1.0,RS41-SG,403.500,8.2,250,9,2.6,,
2026-08-26T00:51:58.995Z,W4140645,8275,46.99680,7.55378,36494.9,6.5,0.5,13.5,-33.6,0.0,-1.0,RS41-SG,403.500,7.6,250,9,2.6,,
2026-08-26T00:52:00.995Z,W4140645,8277,46.99675,7.55380,36504.5,3.2,6.0,172.0,-33.5,0.0,-1.0,RS41-SG,403.500,7.8,250,9,2.5,,
2026-08-26T00:52:01.995Z,W4140645,8278,46.99669,7.55381,36507.8,3.3,8.5,175.2,-33.5,0.0,-1.0,RS41-SG,403.500,8.3,250,9,2.5,,
2026-08-26T00:52:02.995Z,W4140645,8279,46.99661,7.55381,36511.5,4.2,9.6,179.6,-33.4,0.0,-1.0,RS41-SG,403.500,8.3,250,9,2.6,,
2026-08-26T00:52:03.995Z,W4140645,8280,46.99652,7.55381,36516.4,5.5,9.1,185.7,-33.4,0.0,-1.0,RS41-SG,403.500,8.4,250,9,2.6,,
2026-08-26T00:52:04.995Z,W4140645,8281,46.99645,7.55379,36522.2,6.1,7.3,196.3,-33.4,0.0,-1.0,RS41-SG,403.500,8.4,250,9,2.6,,
2026-08-26T00:52:05.995Z,W4140645,8282,46.99640,7.55376,36528.1,5.6,5.3,212.6,-33.4,0.0,-1.0,RS41-SG,403.500,7.5,250,9,2.5,,
2026-08-26T00:52:06.995Z,W4140645,8283,46.99637,7.55371,36533.1,4.3,4.0,239.9,-33.4,0.0,-1.0,RS41-SG,403.500,7.6,250,9,2.5,,
2026-08-26T00:52:07.995Z,W4140645,8284,46.99636,7.55367,36537.0,3.5,3.6,267.7,-33.4,0.0,-1.0,RS41-SG,403.500,7.6,250,9,2.5,,
2026-08-26T00:52:08.995Z,W4140645,8285,46.99637,7.55362,36540.7,3.9,3.5,285.6,-33.4,0.0,-1.0,RS41-SG,403.500,7.1,250,9,2.5,,
2026-08-26T00:52:09.995Z,W4140645,8286,46.99637,7.55358,36545.1,5.0,2.7,274.0,-33.4,0.0,-1.0,RS41-SG,403.500,7.9,250,9,2.6,,
2026-08-26T00:52:10.995Z,W4140645,8287,46.99637,7.55355,36550.3,5.5,2.4,225.8,-33.4,0.0,-1.0,RS41-SG,403.500,7.9,250,9,2.6,,
2026-08-26T00:52:11.995Z,W4140645,8288,46.99634,7.55354,36555.8,5.3,4.4,191.2,-33.4,0.0,-1.0,RS41-SG,403.500,7.9,250,9,2.5,,
2026-08-26T00:52:13.995Z,W4140645,8290,46.99622,7.55354,36564.8,3.7,8.9,176.0,-33.4,0.0,-1.0,RS41-SG,403.500,7.9,250,9,2.5,,
2026-08-26T00:52:14.995Z,W4140645,8291,46.99614,7.55355,36568.6,4.1,10.0,174.1,-33.4,0.0,-1.0,RS41-SG,403.500,7.9,250,9,2.6,,
2026-08-26T00:52:15.995Z,W4140645,8292,46.99605,7.55356,36573.2,5.0,9.6,174.9,-33.4,0.0,-1.0,RS41-SG,403.500,8.2,250,9,2.6,,
2026-08-26T00:52:16.995Z,W4140645,8293,46.99597,7.55357,36578.5,5.6,8.1,178.0,-33.3,0.0,-1.0,RS41-SG,403.500,8.2,250,9,2.6,,
2026-08-26T00:52:17.995Z,W4140645,8294,46.99591,7.55356,36584.0,5.4,5.8,187.0,-33.3,0.0,-1.0,RS41-SG,403.500,7.6,250,9,2.5,,
2026-08-26T00:52:18.995Z,W4140645,8295,46.99587,7.55355,36589.0,4.5,3.9,211.6,-33.3,0.0,-1.0,RS41-SG,403.500,7.8,250,9,2.5,,
2026-08-26T00:52:19.995Z,W4140645,8296,46.99585,7.55351,36593.3,3.9,3.6,249.7,-33.3,0.0,-1.0,RS41-SG,403.500,8.4,250,9,2.5,,
2026-08-26T00:52:20.995Z,W4140645,8297,46.99584,7.55346,36597.4,4.2,4.8,269.5,-33.3,0.0,-1.0,RS41-SG,403.500,8.4,250,9,2.5,,
2026-08-26T00:52:21.995Z,W4140645,8298,46.99584,7.55339,36602.0,5.0,5.8,268.0,-33.3,0.0,-1.0,RS41-SG,403.500,7.6,250,9,2.6,,
2026-08-26T00:52:22.995Z,W4140645,8299,46.99583,7.55331,36607.3,5.7,6.4,253.8,-33.3,0.0,-1.0,RS41-SG,403.500,7.6,250,9,2.6,,
2026-08-26T00:52:27.995Z,W4140645,8304,46.99545,7.55310,36630.8,3.9,14.1,173.7,-33.2,0.0,-1.0,RS41-SG,403.500,7.2,250,9,2.6,,
2026-08-26T00:52:30.995Z,W4140645,8307,46.99512,7.55324,36646.5,6.1,9.5,154.4,-33.2,0.0,-1.0,RS41-SG,403.500,7.1,250,9,2.5,,
2026-08-26T00:52:31.995Z,W4140645,8308,46.99506,7.55328,36652.3,5.5,5.6,149.8,-33.2,0.0,-1.0,RS41-SG,403.500,7.7,250,9,2.5,,
2026-08-26T00:52:32.995Z,W4140645,8309,46.99503,7.55331,36657.2,4.4,1.7,154.4,-33.2,0.0,-1.0,RS41-SG,403.500,8.8,250,9,2.5,,
2026-08-26T00:52:33.995Z,W4140645,8310,46.99503,7.55330,36661.3,3.7,2.5,297.4,-33.1,0.0,-1.0,RS41-SG,403.500,8.8,250,9,2.6,,
2026-08-26T00:52:34.995Z,W4140645,8311,46.99505,7.55325,36665.1,3.8,5.8,293.3,-33.1,0.0,-1.0,RS41-SG,403.500,8.7,250,9,2.6,,
2026-08-26T00:52:35.995Z,W4140645,8312,46.99506,7.55316,36669.4,4.8,8.5,280.5,-33.1,0.0,-1.0,RS41-SG,403.500,8.6,250,9,2.6,,
2026-08-26T00:52:41.995Z,W4140645,8318,46.99456,7.55259,36698.4,3.5,18.5,176.4,-33.0,0.0,-1.0,RS41-SG,403.500,7.0,250,9,2.6,,
2026-08-26T00:52:42.995Z,W4140645,8319,46.99440,7.55263,36702.4,4.5,18.1,163.8,-33.0,0.0,-1.0,RS41-SG,403.500,7.2,250,9,2.5,,
2026-08-26T00:52:43.995Z,W4140645,8320,46.99425,7.55272,36707.5,5.7,16.0,151.9,-33.0,0.0,-1.0,RS41-SG,403.500,7.4,250,9,2.5,,
2026-08-26T00:52:44.995Z,W4140645,8321,46.99415,7.55282,36713.5,6.3,12.4,140.4,-33.0,0.0,-1.0,RS41-SG,403.500,7.6,250,9,2.5,,
2026-08-26T00:52:45.995Z,W4140645,8322,46.99408,7.55291,36719.5,5.8,7.9,127.1,-33.0,0.0,-1.0,RS41-SG,403.500,8.5,250,9,2.6,,
2026-08-26T00:52:46.995Z,W4140645,8323,46.99406,7.55297,36724.6,4.5,3.3,105.9,-33.0,0.0,-1.0,RS41-SG,403.500,9.1,250,9,2.6,,
2026-08-26T00:52:47.995Z,W4140645,8324,46.99406,7.55299,36728.6,3.4,2.2,328.9,-32.9,0.0,-1.0,RS41-SG,403.500,9.1,250,9,2.6,,
2026-08-26T00:52:48.995Z,W4140645,8325,46.99408,7.55294,36731.8,3.2,6.7,293.9,-32.9,0.0,-1.0,RS41-SG,403.500,8.9,250,9,2.5,,
2026-08-26T00:52:53.995Z,W4140645,8330,46.99380,7.55221,36756.7,4.4,19.2,204.3,-32.8,0.0,-1.0,RS41-SG,403.500,6.7,250,9,2.6,,
2026-08-26T00:52:55.995Z,W4140645,8332,46.99346,7.55212,36764.2,3.6,20.0,176.4,-32.8,0.0,-1.0,RS41-SG,403.500,7.2,250,9,2.5,,
2026-08-26T00:52:58.995Z,W4140645,8335,46.99308,7.55231,36780.6,6.4,8.1,139.6,-32.7,0.0,-1.0,RS41-SG,403.500,7.6,250,9,2.5,,
2026-08-26T00:52:59.995Z,W4140645,8336,46.99305,7.55236,36786.4,5.1,2.4,115.8,-32.6,0.0,-1.0,RS41-SG,403.500,8.2,250,9,2.6,,
2026-08-26T00:53:00.995Z,W4140645,8337,46.99305,7.55236,36790.5,3.1,3.4,317.9,-32.5,0.0,-1.0,RS41-SG,403.500,8.8,250,9,2.6,,
2026-08-26T00:53:01.995Z,W4140645,8338,46.99308,7.55229,36793.1,2.3,8.8,300.9,-32.4,0.0,-1.0,RS41-SG,403.500,8.8,250,9,2.5,,
2026-08-26T00:53:02.995Z,W4140645,8339,46.99312,7.55216,36795.8,3.0,13.4,287.2,-32.4,0.0,-1.0,RS41-SG,403.500,7.8,250,9,2.5,,
2026-08-26T00:53:09.995Z,W4140645,8346,46.99247,7.55113,36826.8,4.5,17.4,176.0,-32.2,0.0,-1.0,RS41-SG,403.500,7.4,250,9,2.5,,
2026-08-26T00:53:10.995Z,W4140645,8347,46.99233,7.55116,36832.5,6.6,13.6,165.4,-32.2,0.0,-1.0,RS41-SG,403.500,8.0,250,9,2.5,,
2026-08-26T00:53:11.995Z,W4140645,8348,46.99224,7.55121,36839.5,7.2,8.2,160.0,-32.1,0.0,-1.0,RS41-SG,403.500,8.0,250,9,2.6,,
2026-08-26T00:53:12.995Z,W4140645,8349,46.99219,7.55122,36846.0,5.8,2.5,177.1,-32.1,0.0,-1.0,RS41-SG,403.500,7.1,250,9,2.6,,
2026-08-26T00:53:13.995Z,W4140645,8350,46.99219,7.55120,36850.6,3.2,4.0,295.0,-32.0,0.0,-1.0,RS41-SG,403.500,8.4,250,9,2.6,,
2026-08-26T00:53:14.995Z,W4140645,8351,46.99222,7.55112,36852.9,1.4,9.5,298.8,-32.0,0.0,-1.0,RS41-SG,403.500,8.5,250,9,2.5,,
2026-08-26T00:53:15.995Z,W4140645,8352,46.99227,7.55098,36854.4,1.5,14.4,293.5,-31.9,0.0,-1.0,RS41-SG,403.500,8.8,250,9,2.5,,
2026-08-26T00:53:16.995Z,W4140645,8353,46.99231,7.55079,36857.4,4.4,17.4,283.0,-31.9,0.0,-1.0,RS41-SG,403.500,8.8,250,9,2.5,,
2026-08-26T00:53:21.995Z,W4140645,8358,46.99195,7.54992,36884.4,1.1,17.6,193.0,-31.7,0.0,-1.0,RS41-SG,403.500,7.0,250,9,2.5,,
2026-08-26T00:53:22.995Z,W4140645,8359,46.99180,7.54990,36885.7,1.5,17.9,177.7,-31.6,0.0,-1.0,RS41-SG,403.500,7.3,250,9,2.5,,
2026-08-26T00:53:23.995Z,W4140645,8360,46.99165,7.54993,36888.7,4.5,16.1,165.8,-31.6,0.0,-1.0,RS41-SG,403.500,7.4,250,9,2.6,,
2026-08-26T00:53:24.995Z,W4140645,8361,46.99153,7.54998,36894.8,7.7,11.4,160.0,-31.5,0.0,-1.0,RS41-SG,403.500,8.1,250,9,2.6,,
2026-08-26T00:53:25.995Z,W4140645,8362,46.99146,7.55002,36902.7,7.9,5.6,168.4,-31.5,0.0,-1.0,RS41-SG,403.500,8.6,250,9,2.6,,
2026-08-26T00:53:26.995Z,W4140645,8363,46.99143,7.55000,36909.6,5.7,3.1,245.4,-31.5,0.0,-1.0,RS41-SG,403.500,8.6,250,9,2.5,,
2026-08-26T00:53:27.995Z,W4140645,8364,46.99143,7.54994,36913.8,2.5,7.3,285.6,-31.5,0.0,-1.0,RS41-SG,403.500,8.6,250,9,2.5,,
2026-08-26T00:53:28.995Z,W4140645,8365,46.99146,7.54982,36915.4,0.7,12.5,289.4,-31.4,0.0,-1.0,RS41-SG,403.500,8.6,250,9,2.5,,
2026-08-26T00:53:29.995Z,W4140645,8366,46.99150,7.54964,36916.4,1.3,16.8,286.2,-31.4,0.0,-1.0,RS41-SG,403.500,8.4,250,9,2.5,,
2026-08-26T00:53:38.995Z,W4140645,8375,46.99092,7.54867,36958.2,7.8,6.9,166.0,-31.3,0.0,-1.0,RS41-SG,403.500,8.3,250,9,2.6,,
2026-08-26T00:53:39.995Z,W4140645,8376,46.99088,7.54867,36965.7,7.3,3.2,212.0,-31.3,0.0,-1.0,RS41-SG,403.500,8.3,250,9,2.6,,
2026-08-26T00:53:40.995Z,W4140645,8377,46.99087,7.54862,36971.8,5.0,5.8,274.0,-31.3,0.0,-1.0,RS41-SG,403.500,8.4,250,9,2.5,,
2026-08-26T00:53:41.995Z,W4140645,8378,46.99089,7.54852,36975.7,2.7,10.6,285.1,-31.3,0.0,-1.0,RS41-SG,403.500,8.4,250,9,2.5,,
2026-08-26T00:53:42.995Z,W4140645,8379,46.99092,7.54836,36978.0,1.7,15.1,285.2,-31.3,0.0,-1.0,RS41-SG,403.500,8.4,250,9,2.5,,
2026-08-26T00:53:48.995Z,W4140645,8385,46.99081,7.54724,37007.7,2.3,10.8,202.8,-31.3,0.0,-1.0,RS41-SG,403.500,7.0,250,9,2.6,,
2026-08-26T00:53:49.995Z,W4140645,8386,46.99071,7.54722,37009.6,1.5,11.0,178.3,-31.3,0.0,-1.0,RS41-SG,403.500,7.2,250,9,2.6,,
2026-08-26T00:53:51.995Z,W4140645,8388,46.99054,7.54730,37016.6,6.3,9.0,149.9,-31.3,0.0,-1.0,RS41-SG,403.500,8.2,250,9,2.5,,
2026-08-26T00:53:52.995Z,W4140645,8389,46.99048,7.54734,37023.9,8.2,4.8,152.0,-31.3,0.0,-1.0,RS41-SG,403.500,8.2,250,9,2.5,,
2026-08-26T00:53:53.995Z,W4140645,8390,46.99046,7.54735,37031.8,7.6,2.0,242.1,-31.2,0.0,-1.0,RS41-SG,403.500,7.8,250,9,2.6,,
2026-08-26T00:53:54.995Z,W4140645,8391,46.99046,7.54730,37038.1,5.0,6.1,285.1,-31.1,0.0,-1.0,RS41-SG,403.500,8.5,250,9,2.6,,
2026-08-26T00:53:55.995Z,W4140645,8392,46.99048,7.54719,37041.7,2.1,10.7,288.1,-31.0,0.0,-1.0,RS41-SG,403.500,8.5,250,9,2.5,,
2026-08-26T00:53:56.995Z,W4140645,8393,46.99052,7.54703,37043.3,1.2,14.9,286.2,-31.0,0.0,-1.0,RS41-SG,403.500,7.7,250,9,2.5,,
2026-08-26T00:54:02.995Z,W4140645,8399,46.99039,7.54608,37075.5,2.3,9.7,191.4,-30.6,0.0,-1.0,RS41,403.500,7.4,250,9,2.5,,
2026-08-26T00:54:03.995Z,W4140645,8400,46.99030,7.54608,37077.7,2.0,10.1,168.7,-30.6,0.0,-1.0,RS41,403.500,7.4,250,9,2.6,,
2026-08-26T00:54:04.995Z,W4140645,8401,46.99021,7.54612,37080.6,3.9,10.1,153.9,-30.5,0.0,-1.0,RS41,403.500,7.5,250,9,2.6,,
2026-08-26T00:54:05.995Z,W4140645,8402,46.99014,7.54617,37085.9,6.7,7.7,147.6,-30.5,0.0,-1.0,RS41,403.500,7.5,250,9,2.6,,
2026-08-26T00:54:07.995Z,W4140645,8404,46.99008,7.54621,37100.3,6.4,2.3,255.9,-30.5,0.0,-1.0,RS41,403.500,7.3,250,9,2.5,,
2026-08-26T00:54:08.995Z,W4140645,8405,46.99009,7.54615,37105.3,3.7,6.1,284.2,-30.5,0.0,-1.0,RS41,403.500,7.3,250,9,2.5,,
2026-08-26T00:54:09.995Z,W4140645,8406,46.99011,7.54605,37108.2,2.2,10.2,285.5,-30.5,0.0,-1.0,RS41,403.500,7.5,250,9,2.5,,
2026-08-26T00:54:17.995Z,W4140645,8414,46.98984,7.54525,37147.0,3.6,9.8,155.4,-30.5,0.0,-1.0,RS41,403.500,7.3,250,9,2.6,,
2026-08-26T00:54:18.995Z,W4140645,8415,46.98977,7.54531,37151.6,5.8,8.7,144.3,-30.5,0.0,-1.0,RS41,403.500,7.4,250,9,2.6,,
2026-08-26T00:54:19.995Z,W4140645,8416,46.98972,7.54536,37158.1,7.2,5.5,139.0,-30.5,0.0,-1.0,RS41,403.500,7.8,250,9,2.6,,
2026-08-26T00:54:20.995Z,W4140645,8417,46.98970,7.54539,37164.9,6.5,1.2,152.1,-30.5,0.0,-1.0,RS41,403.500,7.8,250,9,2.5,,
2026-08-26T00:54:21.995Z,W4140645,8418,46.98970,7.54537,37170.6,4.9,3.4,295.8,-30.5,0.0,-1.0,RS41,403.500,7.9,250,9,2.5,,
2026-08-26T00:54:22.995Z,W4140645,8419,46.98972,7.54531,37174.8,3.4,7.5,297.0,-30.5,0.0,-1.0,RS41,403.500,7.9,250,9,2.5,,
2026-08-26T00:54:33.995Z,W4140645,8430,46.98930,7.54479,37229.7,8.0,7.6,151.3,-30.5,0.0,-1.0,RS41,403.500,7.2,250,9,2.6,,
2026-08-26T00:54:34.995Z,W4140645,8431,46.98925,7.54481,37237.3,6.9,3.9,180.3,-30.4,0.0,-1.0,RS41,403.500,7.2,250,9,2.6,,
2026-08-26T00:54:35.995Z,W4140645,8432,46.98922,7.54479,37243.2,4.7,4.3,250.0,-30.4,0.0,-1.0,RS41,403.500,7.1,250,9,2.5,,
2026-08-26T00:54:36.995Z,W4140645,8433,46.98922,7.54471,37247.0,2.8,8.1,271.1,-30.4,0.0,-1.0,RS41,403.500,7.3,250,9,2.5,,
2026-08-26T00:54:47.995Z,W4140645,8444,46.98858,7.54409,37303.8,8.7,7.9,139.2,-30.1,0.0,-1.0,RS41,403.500,6.7,250,9,2.6,,
2026-08-26T00:56:38.995Z,W4140645,8555,46.98437,7.53631,37213.2,-33.1,8.2,110.4,-30.7,0.0,-1.0,RS41,403.500,7.8,250,8,2.5,,
2026-08-26T00:56:39.995Z,W4140645,8556,46.98435,7.53641,37183.0,-28.4,7.3,105.0,-30.8,0.0,-1.0,RS41,403.500,7.8,250,9,2.6,,
2026-08-26T00:56:40.995Z,W4140645,8557,46.98433,7.53648,37154.4,-29.2,5.0,109.4,-31.0,0.0,-1.0,RS41,403.500,7.4,250,9,2.6,,
2026-08-26T00:56:41.995Z,W4140645,8558,46.98432,7.53651,37124.7,-31.1,1.6,166.8,-31.2,0.0,-1.0,RS41,403.500,7.4,250,9,2.6,,
2026-08-26T00:56:42.995Z,W4140645,8559,46.98430,7.53649,37091.5,-35.5,3.6,233.6,-31.4,0.0,-1.0,RS41,403.500,7.5,250,9,2.5,,
2026-08-26T00:56:43.995Z,W4140645,8560,46.98428,7.53642,37054.8,-37.7,8.1,248.8,-31.6,0.0,-1.0,RS41,403.500,7.5,250,9,2.5,,
2026-08-26T00:56:44.995Z,W4140645,8561,46.98424,7.53629,37016.2,-39.8,12.6,250.6,-31.6,0.0,-1.0,RS41,403.500,7.3,250,9,2.5,,
2026-08-26T00:56:56.995Z,W4140645,8573,46.98343,7.53482,36417.0,-68.9,6.7,186.5,-32.6,0.0,-1.0,RS41,403.500,7.9,250,8,2.5,,
2026-08-26T00:56:57.995Z,W4140645,8574,46.98338,7.53483,36352.1,-61.1,5.1,148.7,-32.7,0.0,-1.0,RS41,403.500,7.9,250,9,2.6,,
2026-08-26T00:56:58.995Z,W4140645,8575,46.98334,7.53486,36292.8,-58.2,4.7,155.2,-32.8,0.0,-1.0,RS41,403.500,7.4,250,7,2.6,,
2026-08-26T00:56:59.995Z,W4140645,8576,46.98330,7.53489,36235.7,-56.6,3.9,154.0,-32.9,0.0,-1.0,RS41,403.500,7.4,250,8,2.5,,
2026-08-26T00:57:01.995Z,W4140645,8578,46.98322,7.53488,36125.4,-55.3,5.6,206.1,-33.0,0.0,-1.0,RS41,403.500,7.5,250,8,2.5,,
2026-08-26T00:57:03.995Z,W4140645,8580,46.98310,7.53477,36015.2,-55.7,9.4,217.9,-33.1,0.0,-1.0,RS41,403.500,7.0,250,9,2.6,,
2026-08-26T00:58:17.995Z,W4140645,8654,46.98193,7.52954,32342.0,-43.6,5.7,222.3,-41.0,0.1,-1.0,RS41,403.500,6.9,250,9,2.5,,
2026-08-26T00:58:25.995Z,W4140645,8662,46.98173,7.52970,32018.4,-40.2,5.5,51.9,-42.4,0.2,-1.0,RS41,403.500,7.3,250,8,2.6,,
2026-08-26T00:58:26.995Z,W4140645,8663,46.98177,7.52975,31977.3,-40.5,6.4,36.2,-42.6,0.2,-1.0,RS41,403.500,7.3,250,10,2.6,,
2026-08-26T00:58:27.995Z,W4140645,8664,46.98182,7.52980,31937.2,-39.5,7.2,24.4,-42.6,0.2,-1.0,RS41,403.500,7.7,250,9,2.6,,
2026-08-26T00:58:28.995Z,W4140645,8665,46.98188,7.52983,31898.1,-39.5,7.0,17.1,-42.7,0.2,-1.0,RS41,403.500,8.0,250,8,2.5,,
2026-08-26T00:58:29.995Z,W4140645,8666,46.98193,7.52984,31859.7,-37.9,5.9,0.8,-42.7,0.2,-1.0,RS41,403.500,8.1,250,7,2.5,,
2026-08-26T00:58:30.995Z,W4140645,8667,46.98197,7.52984,31820.7,-40.2,4.9,347.7,-42.6,0.2,-1.0,RS41,403.500,8.1,250,8,2.5,,
2026-08-26T00:58:31.995Z,W4140645,8668,46.98201,7.52981,31781.3,-39.1,4.5,307.8,-42.7,0.2,-1.0,RS41,403.500,7.8,250,7,2.6,,
2026-08-26T00:58:33.995Z,W4140645,8670,46.98203,7.52970,31701.1,-41.1,4.6,274.7,-42.9,0.2,-1.0,RS41,403.500,7.0,250,10,2.5,08:28:19,
2026-08-26T00:58:37.995Z,W4140645,8674,46.98194,7.52961,31540.0,-41.2,4.1,169.0,-43.3,0.2,-1.0,RS41,403.500,6.9,250,9,2.6,08:28:19,
2026-08-26T00:58:40.995Z,W4140645,8677,46.98185,7.52975,31415.5,-39.8,7.0,108.6,-43.6,0.2,-1.0,RS41,403.500,7.5,250,9,2.5,08:28:19,
2026-08-26T00:58:41.995Z,W4140645,8678,46.98185,7.52985,31375.8,-39.9,7.7,91.3,-43.5,0.2,-1.0,RS41,403.500,7.5,250,9,2.5,08:28:19,
2026-08-26T00:58:42.995Z,W4140645,8679,46.98186,7.52995,31335.5,-40.5,8.5,71.4,-43.3,0.2,-1.0,RS41,403.500,7.9,250,10,2.5,08:28:19,
2026-08-26T00:58:43.995Z,W4140645,8680,46.98189,7.53005,31294.7,-40.7,9.3,55.8,-43.3,0.2,-1.0,RS41,403.500,8.1,250,9,2.6,08:28:19,
2026-08-26T00:58:44.995Z,W4140645,8681,46.98195,7.53014,31252.6,-43.0,9.7,45.1,-43.3,0.2,-1.0,RS41,403.500,8.2,250,10,2.6,08:28:19,
2026-08-26T00:58:45.995Z,W4140645,8682,46.98202,7.53022,31210.4,-42.2,10.6,31.5,-43.3,0.2,-1.0,RS41,403.500,8.4,250,9,2.6,08:28:19,
2026-08-26T00:58:46.995Z,W4140645,8683,46.98210,7.53027,31168.8,-41.1,10.6,17.5,-43.3,0.2,-1.0,RS41,403.500,8.4,250,10,2.5,08:28:19,
2026-08-26T00:58:47.995Z,W4140645,8684,46.98219,7.53030,31127.6,-41.5,10.8,6.3,-43.3,0.2,-1.0,RS41,403.500,8.2,250,9,2.5,08:28:19,
2026-08-26T00:58:48.995Z,W4140645,8685,46.98229,7.53031,31086.2,-41.3,10.7,358.1,-43.5,0.2,-1.0,RS41,403.500,8.2,250,9,2.5,08:28:19,
2026-08-26T00:58:49.995Z,W4140645,8686,46.98237,7.53029,31045.7,-40.4,8.6,350.3,-43.6,0.2,-1.0,RS41,403.500,8.3,250,9,2.5,08:28:19,
2026-08-26T00:58:50.995Z,W4140645,8687,46.98244,7.53027,31004.8,-41.0,6.8,336.6,-43.7,0.2,-1.0,RS41,403.500,8.6,250,10,2.6,08:28:19,
2026-08-26T00:58:51.995Z,W4140645,8688,46.98249,7.53023,30963.3,-41.4,6.3,325.9,-43.7,0.2,-1.0,RS41,403.500,8.6,250,10,2.6,08:28:19,
2026-08-26T00:58:52.995Z,W4140645,8689,46.98254,7.53018,30922.2,-41.7,5.2,324.5,-43.7,0.2,-1.0,RS41,403.500,9.0,250,8,2.6,08:28:19,
2026-08-26T00:58:53.995Z,W4140645,8690,46.98257,7.53015,30880.1,-42.6,3.6,318.6,-43.8,0.2,-1.0,RS41,403.500,9.0,250,10,2.5,08:28:19,
2026-08-26T00:58:54.995Z,W4140645,8691,46.98259,7.53012,30838.3,-41.6,3.0,301.4,-43.9,0.2,-1.0,RS41,403.500,8.4,250,10,2.5,08:28:19,
2026-08-26T00:58:55.995Z,W4140645,8692,46.98260,7.53009,30797.3,-40.7,3.0,312.0,-44.0,0.2,-1.0,RS41,403.500,8.4,250,10,2.5,08:28:19,
2026-08-26T00:58:56.995Z,W4140645,8693,46.98262,7.53006,30756.2,-41.9,2.7,325.2,-43.9,0.3,-1.0,RS41,403.500,8.2,250,10,2.6,08:28:19,
2026-08-26T00:58:57.995Z,W4140645,8694,46.98265,7.53004,30713.9,-43.3,3.2,334.2,-43.9,0.2,-1.0,RS41,403.500,8.3,250,8,2.6,08:28:19,
2026-08-26T00:58:58.995Z,W4140645,8695,46.98267,7.53002,30670.4,-44.5,3.6,333.1,-43.9,0.2,-1.0,RS41,403.500,8.3,250,10,2.5,08:28:19,
2026-08-26T00:58:59.995Z,W4140645,8696,46.98271,7.53000,30625.9,-44.8,4.8,331.6,-43.9,0.2,-1.0,RS41,403.500,8.5,250,9,2.5,08:28:19,
2026-08-26T00:59:00.995Z,W4140645,8697,46.98275,7.52997,30581.3,-44.4,5.9,335.6,-43.9,0.2,-1.0,RS41,403.500,8.5,250,10,2.5,08:28:19,
2026-08-26T00:59:01.995Z,W4140645,8698,46.98280,7.52993,30537.4,-44.2,5.8,334.4,-44.0,0.2,-1.0,RS41,403.500,7.3,250,8,2.6,08:28:19,
2026-08-26T00:59:02.995Z,W4140645,8699,46.98284,7.52990,30494.0,-43.4,5.3,330.8,-44.0,0.2,-1.0,RS41,403.500,7.7,250,8,2.6,08:28:19,
2026-08-26T00:59:04.995Z,W4140645,8701,46.98291,7.52982,30407.2,-43.5,4.7,310.4,-44.1,0.2,-1.0,RS41,403.500,7.4,250,8,2.5,08:28:19,
2026-08-26T00:59:05.995Z,W4140645,8702,46.98293,7.52977,30364.0,-43.3,4.0,293.7,-44.1,0.2,-1.0,RS41,403.500,7.4,250,8,2.6,08:28:19,
2026-08-26T00:59:06.995Z,W4140645,8703,46.98295,7.52973,30320.5,-43.9,2.9,288.4,-44.2,0.2,-1.0,RS41,403.500,7.3,250,9,2.6,08:28:19,
2026-08-26T00:59:07.995Z,W4140645,8704,46.98295,7.52969,30277.0,-43.5,3.2,281.1,-44.4,0.2,-1.0,RS41,403.500,7.6,250,8,2.5,08:28:19,
2026-08-26T00:59:08.995Z,W4140645,8705,46.98296,7.52965,30233.4,-43.6,2.4,281.3,-44.6,0.2,-1.0,RS41-SG,403.500,7.6,250,8,2.5,08:28:19,
2026-08-26T00:59:09.995Z,W4140645,8706,46.98297,7.52962,30189.7,-43.9,2.9,292.5,-44.8,0.2,-1.0,RS41-SG,403.500,7.2,250,8,2.5,08:28:19,
2026-08-26T00:59:10.995Z,W4140645,8707,46.98298,7.52958,30145.3,-45.1,3.1,304.4,-44.9,0.2,-1.0,RS41-SG,403.500,7.3,250,8,2.6,08:28:19,
2026-08-26T00:59:11.995Z,W4140645,8708,46.98300,7.52955,30100.4,-44.8,3.8,316.0,-45.1,0.2,-1.0,RS41-SG,403.500,7.3,250,10,2.6,08:28:19,
2026-08-26T00:59:12.995Z,W4140645,8709,46.98303,7.52951,30056.7,-42.9,5.7,321.5,-45.2,0.2,-1.0,RS41-SG,403.500,7.6,250,9,2.5,08:28:19,
2026-08-26T00:59:13.995Z,W4140645,8710,46.98308,7.52946,30013.9,-42.9,6.7,321.5,-45.4,0.2,-1.0,RS41-SG,403.500,7.6,250,9,2.5,08:28:19,
2026-08-26T00:59:14.995Z,W4140645,8711,46.98313,7.52939,29971.6,-42.0,7.4,317.7,-45.4,0.3,-1.0,RS41-SG,403.500,8.2,250,8,2.5,08:28:19,
2026-08-26T00:59:15.995Z,W4140645,8712,46.98318,7.52932,29929.7,-42.2,8.2,313.0,-45.4,0.2,-1.0,RS41-SG,403.500,8.2,250,9,2.6,08:28:19,
2026-08-26T00:59:16.995Z,W4140645,8713,46.98322,7.52923,29888.2,-41.2,8.9,305.5,-45.4,0.2,-1.0,RS41-SG,403.500,7.6,250,7,2.6,08:28:19,
2026-08-26T00:59:17.995Z,W4140645,8714,46.98326,7.52913,29847.1,-41.6,9.0,297.2,-45.2,0.2,-1.0,RS41-SG,403.500,7.6,250,8,2.6,08:28:19,
