timestamp,serial,frame,lat,lon,alt,vel_v,vel_h,heading,temp,humidity,pressure,type,freq_mhz,snr,f_error_hz,sats,batt_v,burst_timer,aux_data
2026-10-03T00:50:49.003Z,X1423207,8181,45.34787,8.89070,34699.6,3.6,9.7,76.3,-273.0,-1.0,-1.0,RS41,404.900,7.5,250,12,2.6,,
2026-10-03T00:50:50.003Z,X1423207,8182,45.34789,8.89083,34703.6,4.3,11.1,72.3,-273.0,-1.0,-1.0,RS41,404.900,8.3,250,12,2.5,,
2026-10-03T00:50:51.003Z,X1423207,8183,45.34792,8.89096,34708.8,6.1,10.9,73.1,-273.0,-1.0,-1.0,RS41,404.900,8.3,250,12,2.5,,
2026-10-03T00:50:52.003Z,X1423207,8184,45.34794,8.89109,34715.5,7.2,9.5,79.0,-273.0,-1.0,-1.0,RS41,404.900,7.7,250,12,2.5,,
2026-10-03T00:50:53.003Z,X1423207,8185,45.34795,8.89119,34722.2,6.3,7.7,88.8,-273.0,-1.0,-1.0,RS41,404.900,7.9,250,12,2.5,,
2026-10-03T00:50:55.003Z,X1423207,8187,45.34793,8.89136,34732.5,4.8,5.9,119.1,-273.0,-1.0,-1.0,RS41,404.900,7.9,250,12,2.6,,
2026-10-03T00:50:56.003Z,X1423207,8188,45.34790,8.89142,34737.6,5.6,6.1,127.7,-273.0,-1.0,-1.0,RS41,404.900,8.0,250,12,2.5,,
2026-10-03T00:50:57.003Z,X1423207,8189,45.34786,8.89149,34743.7,6.7,6.6,125.9,-273.0,-1.0,-1.0,RS41,404.900,8.0,250,12,2.5,,
2026-10-03T00:50:58.003Z,X1423207,8190,45.34783,8.89156,34750.2,6.2,7.2,118.3,-273.0,-1.0,-1.0,RS41,404.900,7.8,250,12,2.5,,
2026-10-03T00:51:06.003Z,X1423207,8198,45.34776,8.89247,34794.1,5.3,11.5,94.9,-273.0,-1.0,-1.0,RS41,404.900,7.5,250,12,2.6,,
2026-10-03T00:51:07.003Z,X1423207,8199,45.34774,8.89262,34799.6,5.7,12.8,95.9,-273.0,-1.0,-1.0,RS41,404.900,7.5,250,11,2.5,,
2026-10-03T00:51:08.003Z,X1423207,8200,45.34773,8.89279,34805.6,6.2,13.8,95.4,-273.0,-1.0,-1.0,RS41,404.900,7.8,250,12,2.5,,
2026-10-03T00:51:09.003Z,X1423207,8201,45.34772,8.89296,34811.6,5.6,14.3,94.9,-273.0,-1.0,-1.0,RS41,404.900,8.1,250,12,2.5,,
2026-10-03T00:51:10.003Z,X1423207,8202,45.34771,8.89314,34817.0,5.2,14.1,94.5,-273.0,-1.0,-1.0,RS41,404.900,8.1,250,12,2.5,,
2026-10-03T00:51:20.003Z,X1423207,8212,45.34762,8.89420,34874.4,5.3,12.0,85.7,-273.0,-1.0,-1.0,RS41,404.900,7.1,250,12,2.5,,
2026-10-03T00:51:21.003Z,X1423207,8213,45.34763,8.89436,34879.4,4.6,13.2,84.6,-273.0,-1.0,-1.0,RS41,404.900,7.9,250,12,2.5,,
2026-10-03T00:51:22.003Z,X1423207,8214,45.34764,8.89452,34884.4,5.3,13.1,85.1,-273.0,-1.0,-1.0,RS41,404.900,7.9,250,12,2.5,,
2026-10-03T00:51:25.003Z,X1423207,8217,45.34764,8.89491,34903.0,5.6,6.6,106.2,-273.0,-1.0,-1.0,RS41,404.900,7.7,250,12,2.5,,
2026-10-03T00:51:27.003Z,X1423207,8219,45.34759,8.89502,34912.5,4.6,4.3,142.6,-273.0,-1.0,-1.0,RS41,404.900,7.5,250,12,2.5,,
2026-10-03T00:51:28.003Z,X1423207,8220,45.34756,8.89505,34917.5,5.4,4.3,147.1,-273.0,-1.0,-1.0,RS41,404.900,7.5,250,12,2.6,,
2026-10-03T00:53:32.003Z,X1423207,8344,45.33989,8.91067,34727.0,-37.9,8.3,94.2,-273.0,-1.0,-1.0,RS41,404.900,7.2,250,12,2.5,,
2026-10-03T00:53:34.003Z,X1423207,8346,45.33988,8.91086,34646.4,-42.1,7.4,101.7,-273.0,-1.0,-1.0,RS41,404.900,6.9,250,11,2.5,,
2026-10-03T00:53:37.003Z,X1423207,8349,45.33981,8.91116,34521.7,-43.0,9.1,115.6,-273.0,-1.0,-1.0,RS41,404.900,7.5,250,11,2.6,,
2026-10-03T00:53:38.003Z,X1423207,8350,45.33977,8.91126,34483.5,-34.2,10.0,125.0,-273.0,-1.0,-1.0,RS41,404.900,7.6,250,10,2.5,,
2026-10-03T00:53:39.003Z,X1423207,8351,45.33972,8.91137,34447.7,-37.7,10.4,128.3,-273.0,-1.0,-1.0,RS41,404.900,8.0,250,12,2.5,,
2026-10-03T00:53:40.003Z,X1423207,8352,45.33965,8.91148,34411.6,-35.3,12.1,132.7,-273.0,-1.0,-1.0,RS41,404.900,8.1,250,10,2.5,,
2026-10-03T00:53:41.003Z,X1423207,8353,45.33957,8.91159,34376.8,-35.0,12.8,136.8,-273.0,-1.0,-1.0,RS41,404.900,8.1,250,11,2.5,,
2026-10-03T00:53:43.003Z,X1423207,8355,45.33939,8.91182,34308.9,-35.0,14.8,140.6,-273.0,-1.0,-1.0,RS41,404.900,7.7,250,12,2.6,,
2026-10-03T00:53:44.003Z,X1423207,8356,45.33929,8.91194,34272.7,-37.7,14.6,139.4,-273.0,-1.0,-1.0,RS41,404.900,8.2,250,10,2.5,,
2026-10-03T00:53:46.003Z,X1423207,8358,45.33910,8.91218,34195.3,-41.8,13.2,136.2,-273.0,-1.0,-1.0,RS41,404.900,6.9,250,12,2.5,,
2026-10-03T00:53:49.003Z,X1423207,8361,45.33895,8.91251,34085.4,-32.2,9.8,103.3,-273.0,-1.0,-1.0,RS41,404.900,8.2,250,10,2.6,,
2026-10-03T00:53:50.003Z,X1423207,8362,45.33893,8.91263,34051.5,-35.9,9.7,96.9,-273.0,-1.0,-1.0,RS41,404.900,8.2,250,11,2.5,,
2026-10-03T00:53:51.003Z,X1423207,8363,45.33892,8.91276,34014.9,-38.4,9.7,95.8,-273.0,-1.0,-1.0,RS41,404.900,8.5,250,10,2.5,,
2026-10-03T00:53:52.003Z,X1423207,8364,45.33891,8.91288,33975.6,-40.7,10.5,94.2,-273.0,-1.0,-1.0,RS41,404.900,8.5,250,11,2.5,08:29:48,
2026-10-03T00:53:53.003Z,X1423207,8365,45.33890,8.91302,33932.4,-45.7,10.9,96.3,-273.0,-1.0,-1.0,RS41,404.900,7.1,250,10,2.5,08:29:48,
2026-10-03T00:53:54.003Z,X1423207,8366,45.33889,8.91316,33884.7,-50.0,11.8,97.9,-273.0,-1.0,-1.0,RS41,404.900,7.3,250,10,2.6,08:29:48,
2026-10-03T00:53:55.003Z,X1423207,8367,45.33887,8.91331,33833.2,-53.6,11.9,99.6,-273.0,-1.0,-1.0,RS41,404.900,8.5,250,10,2.6,08:29:48,
2026-10-03T00:53:56.003Z,X1423207,8368,45.33885,8.91346,33778.0,-56.9,11.7,99.3,-273.0,-1.0,-1.0,RS41,404.900,8.5,250,10,2.6,08:29:48,
2026-10-03T00:53:57.003Z,X1423207,8369,45.33884,8.91361,33721.1,-57.2,12.8,98.5,-273.0,-1.0,-1.0,RS41,404.900,8.6,250,10,2.5,08:29:48,
2026-10-03T00:53:58.003Z,X1423207,8370,45.33882,8.91377,33664.2,-56.9,12.5,101.2,-273.0,-1.0,-1.0,RS41,404.900,8.6,250,11,2.5,08:29:48,
2026-10-03T00:53:59.003Z,X1423207,8371,45.33879,8.91393,33608.6,-54.4,13.6,103.4,-41.5,-1.0,-1.0,RS41,404.900,8.3,250,9,2.5,08:29:48,
2026-10-03T00:54:03.003Z,X1423207,8375,45.33884,8.91464,33432.7,-38.9,16.4,61.8,-41.6,-1.0,-1.0,RS41,404.900,7.0,250,10,2.5,08:29:48,
2026-10-03T00:54:04.003Z,X1423207,8376,45.33892,8.91482,33394.1,-39.0,17.1,52.2,-41.4,-1.0,-1.0,RS41,404.900,9.0,250,10,2.5,08:29:48,
2026-10-03T00:54:05.003Z,X1423207,8377,45.33902,8.91499,33355.6,-39.0,17.4,49.8,-41.1,-1.0,-1.0,RS41,404.900,9.0,250,11,2.5,08:29:48,
2026-10-03T00:54:06.003Z,X1423207,8378,45.33913,8.91514,33317.3,-37.9,17.9,40.8,-40.8,-1.0,-1.0,RS41,404.900,8.0,250,9,2.6,08:29:48,
2026-10-03T00:54:07.003Z,X1423207,8379,45.33925,8.91527,33279.5,-37.4,16.3,33.8,-40.6,-1.0,-1.0,RS41,404.900,8.2,250,11,2.6,08:29:48,
2026-10-03T00:54:08.003Z,X1423207,8380,45.33936,8.91537,33242.0,-37.3,12.9,28.8,-40.5,-1.0,-1.0,RS41,404.900,8.2,250,11,2.6,08:29:48,
2026-10-03T00:54:09.003Z,X1423207,8381,45.33944,8.91544,33205.0,-37.4,9.8,29.0,-40.5,-1.0,-1.0,RS41,404.900,7.6,250,10,2.5,08:29:48,
2026-10-03T00:54:10.003Z,X1423207,8382,45.33951,8.91549,33167.8,-37.4,7.4,27.9,-40.5,-1.0,-1.0,RS41,404.900,8.4,250,11,2.5,08:29:48,
2026-10-03T00:54:22.003Z,X1423207,8394,45.33879,8.91732,32716.5,-36.5,27.2,94.3,-39.8,-1.0,-1.0,RS41,404.900,6.7,250,11,2.5,08:29:48,
2026-10-03T00:54:24.003Z,X1423207,8396,45.33885,8.91800,32644.3,-36.4,26.6,72.5,-40.7,-1.0,-1.0,RS41,404.900,7.4,250,11,2.5,08:29:48,
2026-10-03T00:54:25.003Z,X1423207,8397,45.33894,8.91830,32607.8,-37.2,26.1,63.2,-41.0,-1.0,-1.0,RS41,404.900,8.0,250,10,2.6,08:29:48,
2026-10-03T00:54:26.003Z,X1423207,8398,45.33905,8.91858,32569.9,-38.7,25.4,51.8,-41.1,-1.0,-1.0,RS41,404.900,8.2,250,10,2.6,08:29:48,
2026-10-03T00:54:27.003Z,X1423207,8399,45.33920,8.91880,32530.9,-39.7,24.1,41.4,-41.1,-1.0,-1.0,RS41-SG,404.900,8.6,250,11,2.6,08:29:48,
2026-10-03T00:54:28.003Z,X1423207,8400,45.33936,8.91898,32491.0,-40.1,22.8,33.3,-41.0,-1.0,-1.0,RS41-SG,404.900,8.6,250,11,2.5,08:29:48,
2026-10-03T00:54:29.003Z,X1423207,8401,45.33953,8.91912,32451.5,-39.4,20.1,25.9,-41.0,-1.0,-1.0,RS41-SG,404.900,8.4,250,11,2.5,08:29:48,
2026-10-03T00:54:34.003Z,X1423207,8406,45.33996,8.91920,32270.2,-37.3,1.6,215.6,-43.1,-1.0,-1.0,RS41-SG,404.900,6.9,250,11,2.5,08:29:48,
2026-10-03T00:54:37.003Z,X1423207,8409,45.33978,8.91932,32159.8,-35.1,14.7,137.7,-43.7,-1.0,-1.0,RS41-SG,404.900,7.4,250,11,2.6,08:29:48,
2026-10-03T00:54:39.003Z,X1423207,8411,45.33961,8.91966,32091.8,-34.8,17.9,116.2,-43.7,-1.0,-1.0,RS41-SG,404.900,7.5,250,10,2.6,08:29:48,
2026-10-03T00:54:40.003Z,X1423207,8412,45.33956,8.91986,32056.6,-35.8,17.2,102.6,-43.6,-1.0,-1.0,RS41-SG,404.900,8.0,250,12,2.5,08:29:48,
2026-10-03T00:54:41.003Z,X1423207,8413,45.33954,8.92007,32020.6,-36.7,15.9,94.7,-43.6,-1.0,-1.0,RS41-SG,404.900,8.1,250,10,2.5,08:29:48,
2026-10-03T00:54:42.003Z,X1423207,8414,45.33954,8.92026,31983.9,-36.8,14.5,82.5,-43.6,-1.0,-1.0,RS41-SG,404.900,8.1,250,12,2.5,08:29:48,
2026-10-03T00:54:43.003Z,X1423207,8415,45.33956,8.92042,31947.3,-37.2,11.6,69.1,-43.9,-1.0,-1.0,RS41-SG,404.900,8.1,250,11,2.5,08:28:57,
2026-10-03T00:54:44.003Z,X1423207,8416,45.33959,8.92053,31910.7,-36.8,8.2,66.1,-44.3,-1.0,-1.0,RS41-SG,404.900,8.4,250,12,2.6,08:28:57,
2026-10-03T00:54:45.003Z,X1423207,8417,45.33962,8.92060,31874.9,-35.7,5.3,54.6,-44.7,-1.0,-1.0,RS41-SG,404.900,8.5,250,12,2.6,08:28:57,
2026-10-03T00:54:46.003Z,X1423207,8418,45.33964,8.92064,31838.9,-36.4,1.6,30.3,-45.2,-1.0,-1.0,RS41-SG,404.900,8.5,250,12,2.6,08:28:57,
2026-10-03T00:54:49.003Z,X1423207,8421,45.33950,8.92055,31733.9,-35.6,11.5,192.9,-46.0,-1.0,-1.0,RS41-SG,404.900,6.9,250,12,2.5,08:28:57,
2026-10-03T00:54:50.003Z,X1423207,8422,45.33939,8.92052,31697.8,-37.8,15.0,187.7,-46.3,-1.0,-1.0,RS41-SG,404.900,8.2,250,12,2.5,08:28:57,
2026-10-03T00:54:51.003Z,X1423207,8423,45.33925,8.92052,31659.2,-40.2,16.4,178.3,-46.8,-1.0,-1.0,RS41-SG,404.900,8.2,250,11,2.6,08:28:57,
2026-10-03T00:54:52.003Z,X1423207,8424,45.33909,8.92053,31619.4,-40.3,18.9,175.0,-47.2,-1.0,-1.0,RS41-SG,404.900,7.7,250,10,2.6,08:28:57,
2026-10-03T00:54:57.003Z,X1423207,8429,45.33836,8.92093,31443.0,-37.1,13.5,140.1,-48.7,-1.0,-1.0,RS41-SG,404.900,7.2,250,12,2.6,08:28:57,
2026-10-03T00:54:58.003Z,X1423207,8430,45.33828,8.92105,31406.0,-37.2,12.4,127.1,-48.9,-1.0,-1.0,RS41-SG,404.900,8.5,250,12,2.6,08:28:57,
2026-10-03T00:55:02.003Z,X1423207,8434,45.33806,8.92158,31265.3,-34.0,12.4,119.9,-48.4,-1.0,-1.0,RS41-SG,404.900,8.4,250,11,2.5,08:28:57,
2026-10-03T00:55:06.003Z,X1423207,8438,45.33777,8.92191,31129.4,-34.5,9.4,163.9,-48.0,-1.0,-1.0,RS41-SG,404.900,7.6,250,12,2.5,08:28:57,
2026-10-03T00:55:07.003Z,X1423207,8439,45.33769,8.92193,31094.5,-35.6,9.0,178.9,-47.9,-1.0,-1.0,RS41-SG,404.900,8.5,250,12,2.5,08:28:57,
2026-10-03T00:55:08.003Z,X1423207,8440,45.33761,8.92192,31059.6,-35.3,9.7,185.8,-48.0,-1.0,-1.0,RS41-SG,404.900,8.5,250,12,2.5,08:28:57,
2026-10-03T00:55:09.003Z,X1423207,8441,45.33753,8.92190,31024.7,-35.7,8.9,194.2,-48.1,-1.0,-1.0,RS41-SG,404.900,8.1,250,12,2.5,08:28:57,
2026-10-03T00:55:10.003Z,X1423207,8442,45.33745,8.92186,30989.9,-35.4,9.4,202.8,-48.3,-1.0,-1.0,RS41-SG,404.900,8.1,250,11,2.6,08:28:57,
2026-10-03T00:55:13.003Z,X1423207,8445,45.33718,8.92173,30888.1,-34.0,10.2,191.0,-48.5,-1.0,-1.0,RS41-SG,404.900,7.5,250,11,2.5,08:28:57,
2026-10-03T00:55:19.003Z,X1423207,8451,45.33674,8.92197,30690.5,-33.4,10.5,118.4,-49.1,-1.0,-1.0,RS41-SG,404.900,7.4,250,9,2.5,08:28:57,
2026-10-03T00:55:20.003Z,X1423207,8452,45.33670,8.92210,30656.9,-34.3,11.2,106.4,-49.2,-1.0,-1.0,RS41-SG,404.900,7.6,250,11,2.5,08:28:57,
2026-10-03T00:55:21.003Z,X1423207,8453,45.33668,8.92224,30623.0,-34.4,11.4,100.2,-49.2,-1.0,-1.0,RS41-SG,404.900,7.6,250,11,2.5,08:28:57,
2026-10-03T00:55:22.003Z,X1423207,8454,45.33666,8.92239,30589.1,-34.3,12.8,100.2,-49.4,-1.0,-1.0,RS41-SG,404.900,7.1,250,11,2.6,08:28:57,
2026-10-03T00:55:24.003Z,X1423207,8456,45.33664,8.92271,30521.7,-34.2,12.3,94.7,-50.1,-1.0,-1.0,RS41-SG,404.900,7.3,250,10,2.6,08:28:57,
2026-10-03T00:55:25.003Z,X1423207,8457,45.33662,8.92287,30487.6,-34.1,12.3,100.2,-50.5,-1.0,-1.0,RS41-SG,404.900,7.2,250,11,2.5,08:28:57,
2026-10-03T00:55:32.003Z,X1423207,8464,45.33625,8.92395,30260.7,-32.8,17.4,131.3,-50.5,-1.0,-1.0,RS41-SG,404.900,7.6,250,11,2.5,08:28:57,
2026-10-03T00:55:40.003Z,X1423207,8472,45.33502,8.92527,30003.7,-31.5,21.1,149.5,-51.7,-1.0,-1.0,RS41-SG,404.900,7.1,250,11,2.5,08:28:57,
2026-10-03T00:55:44.003Z,X1423207,8476,45.33445,8.92568,29881.8,-30.6,14.9,160.7,-52.1,-1.0,-1.0,RS41-SG,404.900,7.5,250,11,2.5,08:28:57,
2026-10-03T00:56:10.003Z,X1423207,8502,45.33410,8.92735,29099.8,-30.0,8.5,58.6,-52.2,-1.0,-1.0,RS41-SG,404.900,7.3,250,11,2.5,08:28:57,
2026-10-03T00:56:13.003Z,X1423207,8505,45.33422,8.92761,29012.1,-30.1,8.7,51.4,-52.2,-1.0,-1.0,RS41-SG,404.900,7.9,250,9,2.5,08:28:57,
2026-10-03T00:56:18.003Z,X1423207,8510,45.33449,8.92799,28868.4,-28.5,8.3,49.8,-52.1,-1.0,-1.0,RS41-SG,404.900,7.8,250,10,2.5,08:28:57,
2026-10-03T00:56:19.003Z,X1423207,8511,45.33454,8.92807,28840.2,-28.8,9.3,47.8,-51.9,-1.0,-1.0,RS41-SG,404.900,8.1,250,9,2.5,08:28:57,
2026-10-03T00:56:20.003Z,X1423207,8512,45.33460,8.92816,28811.4,-29.1,8.7,45.9,-51.7,-1.0,-1.0,RS41-SG,404.900,8.2,250,10,2.5,08:28:57,
2026-10-03T00:56:22.003Z,X1423207,8514,45.33467,8.92834,28754.6,-28.4,8.9,66.1,-51.8,-1.0,-1.0,RS41-SG,404.900,7.9,250,10,2.6,08:28:57,
2026-10-03T00:56:24.003Z,X1423207,8516,45.33471,8.92855,28698.1,-28.6,9.5,87.9,-52.1,-1.0,-1.0,RS41-SG,404.900,7.5,250,9,2.5,08:28:57,
2026-10-03T00:56:26.003Z,X1423207,8518,45.33471,8.92883,28641.1,-28.8,11.8,93.5,-52.5,-1.0,-1.0,RS41-SG,404.900,7.2,250,10,2.5,08:28:57,
2026-10-03T00:56:27.003Z,X1423207,8519,45.33469,8.92898,28612.6,-28.9,13.1,100.3,-52.7,-1.0,-1.0,RS41-SG,404.900,8.1,250,11,2.5,08:28:57,
2026-10-03T00:56:30.003Z,X1423207,8522,45.33463,8.92953,28526.8,-28.7,15.2,103.4,-54.0,-1.0,-1.0,RS41-SG,404.900,7.4,250,11,2.5,08:28:57,
2026-10-03T00:56:31.003Z,X1423207,8523,45.33460,8.92972,28498.5,-28.6,15.9,102.1,-54.3,-1.0,-1.0,RS41-SG,404.900,9.5,250,10,2.5,08:28:57,
2026-10-03T00:56:32.003Z,X1423207,8524,45.33457,8.92991,28470.2,-28.3,15.4,101.7,-54.5,-1.0,-1.0,RS41-SG,404.900,9.5,250,11,2.5,08:28:57,
2026-10-03T00:56:33.003Z,X1423207,8525,45.33453,8.93010,28442.3,-28.1,14.4,107.7,-54.6,-1.0,-1.0,RS41-SG,404.900,9.0,250,10,2.6,08:28:57,
2026-10-03T00:56:34.003Z,X1423207,8526,45.33448,8.93027,28415.0,-27.3,14.8,114.8,-54.6,-1.0,-1.0,RS41-SG,404.900,9.0,250,11,2.6,08:28:57,
2026-10-03T00:56:35.003Z,X1423207,8527,45.33442,8.93043,28388.3,-27.0,14.4,118.6,-54.6,-1.0,-1.0,RS41-SG,404.900,9.3,250,9,2.6,08:28:57,
2026-10-03T00:56:36.003Z,X1423207,8528,45.33435,8.93057,28361.0,-27.5,13.2,128.7,-54.7,-1.0,-1.0,RS41-SG,404.900,9.3,250,11,2.5,08:28:57,
2026-10-03T00:56:37.003Z,X1423207,8529,45.33427,8.93070,28333.7,-27.6,14.0,139.4,-54.7,-1.0,-1.0,RS41-SG,404.900,9.3,250,10,2.5,08:28:57,
2026-10-03T00:56:38.003Z,X1423207,8530,45.33417,8.93080,28306.8,-27.4,13.4,146.8,-54.7,-1.0,-1.0,RS41-SG,404.900,9.9,250,11,2.5,08:28:57,
2026-10-03T00:56:39.003Z,X1423207,8531,45.33407,8.93087,28279.7,-28.0,12.0,159.7,-54.7,-1.0,-1.0,RS41-SG,404.900,10.3,250,9,2.5,08:28:57,
2026-10-03T00:56:40.003Z,X1423207,8532,45.33395,8.93091,28252.2,-27.7,13.9,169.5,-54.6,-1.0,-1.0,RS41-SG,404.900,10.3,250,11,2.6,08:28:57,
2026-10-03T00:56:41.003Z,X1423207,8533,45.33384,8.93093,28224.6,-28.2,12.6,175.0,-54.5,-1.0,-1.0,RS41-SG,404.900,10.1,250,11,2.6,08:28:57,
2026-10-03T00:56:42.003Z,X1423207,8534,45.33372,8.93093,28197.3,-27.8,13.2,182.1,-54.4,-1.0,-1.0,RS41-SG,404.900,9.6,250,11,2.6,08:28:57,
2026-10-03T00:56:43.003Z,X1423207,8535,45.33360,8.93093,28169.7,-27.9,13.3,179.8,-54.2,-1.0,-1.0,RS41-SG,404.900,9.3,250,11,2.5,08:28:57,
2026-10-03T00:56:44.003Z,X1423207,8536,45.33349,8.93093,28142.9,-27.4,12.1,180.1,-54.0,-1.0,-1.0,RS41-SG,404.900,9.3,250,10,2.5,08:28:57,
2026-10-03T00:56:45.003Z,X1423207,8537,45.33337,8.93093,28116.3,-27.0,13.0,177.0,-53.8,1.3,-1.0,RS41-SG,404.900,9.3,250,9,2.5,08:28:57,
2026-10-03T00:56:46.003Z,X1423207,8538,45.33326,8.93095,28089.5,-27.1,12.6,168.1,-53.7,1.3,-1.0,RS41-SG,404.900,9.2,250,10,2.5,08:28:57,
2026-10-03T00:56:47.003Z,X1423207,8539,45.33315,8.93099,28063.3,-26.3,12.6,162.0,-53.6,1.3,-1.0,RS41-SG,404.900,9.2,250,11,2.6,08:28:57,
2026-10-03T00:56:49.003Z,X1423207,8541,45.33293,8.93115,28010.9,-26.7,14.6,142.9,-53.6,1.3,-1.0,RS41-SG,404.900,8.2,250,9,2.5,08:28:57,
2026-10-03T00:56:50.003Z,X1423207,8542,45.33283,8.93127,27984.4,-26.5,15.5,134.9,-53.6,1.3,-1.0,RS41-SG,404.900,8.8,250,9,2.5,08:28:57,
2026-10-03T00:56:51.003Z,X1423207,8543,45.33274,8.93141,27957.7,-27.2,16.5,129.8,-53.7,1.3,-1.0,RS41-SG,404.900,8.8,250,10,2.5,08:28:57,
2026-10-03T00:56:52.003Z,X1423207,8544,45.33265,8.93158,27930.6,-27.5,17.4,123.4,-53.7,1.3,-1.0,RS41-SG,404.900,7.9,250,10,2.6,08:28:57,
2026-10-03T00:56:54.003Z,X1423207,8546,45.33248,8.93197,27875.3,-27.7,18.5,117.0,-53.6,1.3,-1.0,RS41-SG,404.900,8.4,250,8,2.6,08:28:57,
2026-10-03T00:56:55.003Z,X1423207,8547,45.33241,8.93217,27848.0,-27.2,18.7,118.1,-53.5,1.2,-1.0,RS41-SG,404.900,8.9,250,9,2.5,08:28:57,
2026-10-03T00:56:56.003Z,X1423207,8548,45.33234,8.93238,27821.0,-26.7,17.4,111.2,-53.5,1.3,-1.0,RS41-SG,404.900,8.9,250,10,2.5,08:28:57,
2026-10-03T00:56:57.003Z,X1423207,8549,45.33229,8.93258,27795.3,-25.2,16.3,108.8,-53.5,1.3,-1.0,RS41-SG,404.900,8.8,250,9,2.5,08:28:57,
2026-10-03T00:56:58.003Z,X1423207,8550,45.33225,8.93276,27769.5,-25.7,14.5,98.6,-53.5,1.3,-1.0,RS41-SG,404.900,9.1,250,10,2.5,08:28:57,
2026-10-03T00:56:59.003Z,X1423207,8551,45.33225,8.93293,27744.1,-25.6,12.2,89.2,-53.6,1.3,-1.0,RS41-SG,404.900,9.1,250,9,2.6,08:28:57,
2026-10-03T00:57:00.003Z,X1423207,8552,45.33226,8.93308,27718.0,-26.5,11.4,77.0,-53.5,1.2,-1.0,RS41-SG,404.900,8.2,250,10,2.6,08:28:57,
2026-10-03T00:57:02.003Z,X1423207,8554,45.33234,8.93328,27665.7,-26.4,8.1,46.8,-53.3,1.2,-1.0,RS41-SG,404.900,9.2,250,9,2.5,08:28:57,
2026-10-03T00:57:03.003Z,X1423207,8555,45.33239,8.93333,27639.1,-27.3,6.2,26.9,-53.3,1.2,-1.0,RS41-SG,404.900,9.2,250,11,2.5,08:28:57,
2026-10-03T00:57:04.003Z,X1423207,8556,45.33245,8.93336,27611.4,-28.1,6.4,8.3,-53.1,1.2,-1.0,RS41-SG,404.900,9.3,250,11,2.6,08:28:57,
2026-10-03T00:57:05.003Z,X1423207,8557,45.33250,8.93336,27584.3,-27.4,5.4,354.6,-53.0,1.2,-1.0,RS41-SG,404.900,9.3,250,11,2.6,08:28:57,
2026-10-03T00:57:06.003Z,X1423207,8558,45.33254,8.93334,27558.1,-26.4,4.0,327.7,-53.0,1.2,-1.0,RS41-SG,404.900,9.1,250,11,2.6,08:28:57,
2026-10-03T00:57:07.003Z,X1423207,8559,45.33256,8.93330,27532.4,-25.7,3.8,293.2,-53.0,1.2,-1.0,RS41-SG,404.900,8.4,250,10,2.5,08:28:57,
2026-10-03T00:57:08.003Z,X1423207,8560,45.33256,8.93326,27507.2,-24.8,3.4,261.7,-52.9,1.2,-1.0,RS41-SG,404.900,8.4,250,10,2.5,08:28:57,
2026-10-03T00:57:09.003Z,X1423207,8561,45.33254,8.93324,27483.4,-23.8,3.9,190.5,-52.9,1.2,-1.0,RS41-SG,404.900,8.4,250,9,2.5,08:28:57,
2026-10-03T00:57:12.003Z,X1423207,8564,45.33237,8.93335,27408.3,-25.9,10.2,133.6,-52.8,1.2,-1.0,RS41-SG,404.900,7.9,250,9,2.6,08:28:57,
2026-10-03T00:57:13.003Z,X1423207,8565,45.33231,8.93346,27382.6,-25.8,11.7,120.2,-52.9,1.2,-1.0,RS41-SG,404.900,7.9,250,9,2.5,08:28:57,
2026-10-03T00:57:14.003Z,X1423207,8566,45.33227,8.93359,27358.1,-23.8,11.5,109.8,-52.9,1.3,-1.0,RS41-SG,404.900,8.0,250,10,2.5,08:28:57,
2026-10-03T00:57:15.003Z,X1423207,8567,45.33225,8.93372,27334.4,-23.8,9.8,91.3,-53.0,1.2,-1.0,RS41-SG,404.900,8.7,250,9,2.5,08:28:57,
2026-10-03T00:57:16.003Z,X1423207,8568,45.33226,8.93383,27310.7,-24.3,8.7,74.7,-53.0,1.3,-1.0,RS41-SG,404.900,8.7,250,7,2.6,08:26:24,
2026-10-03T00:57:17.003Z,X1423207,8569,45.33228,8.93392,27286.3,-25.1,7.0,62.0,-53.1,1.2,-1.0,RS41-SG,404.900,8.6,250,9,2.6,08:26:24,
2026-10-03T00:57:18.003Z,X1423207,8570,45.33231,8.93398,27261.1,-25.8,4.6,48.4,-53.1,1.2,-1.0,RS41-SG,404.900,8.6,250,10,2.6,08:26:24,
2026-10-03T00:57:19.003Z,X1423207,8571,45.33234,8.93400,27235.6,-25.8,1.8,10.8,-53.1,1.2,-1.0,RS41-SG,404.900,8.6,250,10,2.5,08:26:24,
2026-10-03T00:57:20.003Z,X1423207,8572,45.33234,8.93400,27209.8,-25.8,1.6,274.3,-53.3,1.3,-1.0,RS41-SG,404.900,8.6,250,9,2.5,08:26:24,
2026-10-03T00:57:21.003Z,X1423207,8573,45.33234,8.93397,27185.0,-24.6,2.6,227.0,-53.4,1.3,-1.0,RS41-SG,404.900,8.0,250,9,2.5,08:26:24,
2026-10-03T00:57:22.003Z,X1423207,8574,45.33231,8.93396,27161.3,-22.9,4.8,175.5,-53.5,1.3,-1.0,RS41-SG,404.900,8.0,250,11,2.5,08:26:24,
2026-10-03T00:57:24.003Z,X1423207,8576,45.33220,8.93404,27114.7,-24.2,8.9,142.8,-53.6,1.3,-1.0,RS41-SG,404.900,7.1,250,10,2.6,08:26:24,
2026-10-03T00:57:25.003Z,X1423207,8577,45.33214,8.93412,27090.2,-24.9,9.9,130.2,-53.6,1.3,-1.0,RS41-SG,404.900,7.5,250,10,2.5,08:26:24,
2026-10-03T00:57:26.003Z,X1423207,8578,45.33209,8.93423,27065.7,-24.2,10.7,113.7,-53.5,1.3,-1.0,RS41-SG,404.900,7.5,250,9,2.5,08:26:24,
2026-10-03T00:57:27.003Z,X1423207,8579,45.33206,8.93436,27041.7,-23.5,11.0,98.3,-53.5,1.3,-1.0,RS41-SG,404.900,7.5,250,11,2.5,08:26:24,
2026-10-03T00:57:28.003Z,X1423207,8580,45.33207,8.93450,27018.3,-23.3,10.6,80.7,-53.4,1.3,-1.0,RS41-SG,404.900,8.7,250,11,2.6,08:26:24,
2026-10-03T00:57:30.003Z,X1423207,8582,45.33215,8.93469,26970.8,-24.4,8.9,31.5,-53.4,1.2,-1.0,RS41-SG,404.900,7.9,250,11,2.6,08:26:24,
2026-10-03T00:57:32.003Z,X1423207,8584,45.33230,8.93471,26921.9,-24.9,8.9,341.9,-53.5,1.3,-1.0,RS41-SG,404.900,7.9,250,11,2.5,08:26:24,
2026-10-03T00:57:33.003Z,X1423207,8585,45.33237,8.93465,26897.1,-25.1,9.1,314.8,-53.5,1.3,-1.0,RS41-SG,404.900,7.9,250,11,2.5,08:26:24,
2026-10-03T00:57:34.003Z,X1423207,8586,45.33242,8.93455,26871.4,-26.3,10.3,300.5,-53.6,1.3,-1.0,RS41-SG,404.900,8.0,250,11,2.5,08:26:24,
2026-10-03T00:57:36.003Z,X1423207,8588,45.33246,8.93429,26820.7,-25.0,10.7,262.8,-54.0,1.3,-1.0,RS41-SG,404.900,6.9,250,11,2.6,08:26:24,
2026-10-03T00:57:48.003Z,X1423207,8600,45.33204,8.93458,26531.5,-25.3,9.9,29.3,-54.5,1.4,-1.0,RS41-SG,404.900,7.3,250,11,2.6,08:26:24,
2026-10-03T00:57:51.003Z,X1423207,8603,45.33232,8.93460,26455.6,-25.0,11.5,343.3,-54.9,1.5,-1.0,RS41,404.900,7.7,250,11,2.5,08:26:24,
2026-10-03T00:57:52.003Z,X1423207,8604,45.33241,8.93454,26431.1,-24.1,12.1,333.6,-54.8,1.4,-1.0,RS41,404.900,7.7,250,11,2.6,08:26:24,
2026-10-03T00:57:54.003Z,X1423207,8606,45.33257,8.93435,26384.3,-23.1,10.9,307.0,-54.5,1.3,-1.0,RS41,404.900,7.4,250,11,2.6,08:26:24,
2026-10-03T00:57:56.003Z,X1423207,8608,45.33265,8.93411,26338.1,-23.5,9.6,278.4,-54.1,1.3,-1.0,RS41,404.900,7.3,250,11,2.5,08:26:24,
2026-10-03T00:58:08.003Z,X1423207,8620,45.33263,8.93457,26063.8,-21.7,13.5,28.8,-53.8,1.2,-1.0,RS41,404.900,7.8,250,11,2.5,08:26:24,
2026-10-03T00:58:09.003Z,X1423207,8621,45.33274,8.93463,26041.9,-22.3,13.7,13.9,-53.7,1.3,-1.0,RS41,404.900,7.8,250,11,2.6,08:26:24,
2026-10-03T00:58:10.003Z,X1423207,8622,45.33287,8.93465,26019.4,-22.9,14.6,0.3,-53.8,1.3,-1.0,RS41,404.900,7.6,250,11,2.6,08:26:24,
2026-10-03T00:58:13.003Z,X1423207,8625,45.33324,8.93446,25950.9,-22.7,14.9,319.8,-54.0,1.3,-1.0,RS41,404.900,7.3,250,11,2.5,08:26:24,
