timestamp,serial,frame,lat,lon,alt,vel_v,vel_h,heading,temp,humidity,pressure,type,freq_mhz,snr,f_error_hz,sats,batt_v,burst_timer,aux_data
2026-08-23T12:42:32.995Z,W4140052,7716,46.95703,7.69816,32347.4,5.1,9.9,264.2,-273.0,-1.0,-1.0,RS41,403.501,7.6,-500,10,2.6,,
2026-08-23T12:42:33.995Z,W4140052,7717,46.95702,7.69803,32352.9,5.7,9.1,263.3,-273.0,-1.0,-1.0,RS41,403.501,6.8,-500,10,2.7,,
2026-08-23T12:42:34.995Z,W4140052,7718,46.95701,7.69792,32359.1,6.8,7.8,268.1,-273.0,-1.0,-1.0,RS41,403.501,7.3,-500,10,2.7,,
2026-08-23T12:42:35.995Z,W4140052,7719,46.95701,7.69783,32366.1,7.2,7.0,278.5,-273.0,-1.0,-1.0,RS41,403.501,8.0,-500,10,2.7,,
2026-08-23T12:42:36.995Z,W4140052,7720,46.95703,7.69774,32372.4,5.4,7.0,289.2,-273.0,-1.0,-1.0,RS41,403.501,8.0,-500,10,2.6,,
2026-08-23T12:42:37.995Z,W4140052,7721,46.95706,7.69765,32377.7,4.9,7.9,297.1,-273.0,-1.0,-1.0,RS41,403.501,9.4,-500,10,2.6,,
2026-08-23T12:42:38.995Z,W4140052,7722,46.95709,7.69755,32383.1,5.8,9.4,297.2,-273.0,-1.0,-1.0,RS41,403.501,9.5,-500,10,2.6,,
2026-08-23T12:42:39.995Z,W4140052,7723,46.95713,7.69743,32389.3,6.8,11.2,292.1,-273.0,-1.0,-1.0,RS41,403.501,9.5,-500,10,2.7,,
2026-08-23T12:42:40.995Z,W4140052,7724,46.95716,7.69728,32396.1,6.7,12.6,285.1,-273.0,-1.0,-1.0,RS41,403.501,9.0,-500,10,2.7,,
2026-08-23T12:42:41.995Z,W4140052,7725,46.95719,7.69711,32402.1,5.3,13.3,280.1,-273.0,-1.0,-1.0,RS41,403.501,8.1,-500,10,2.6,,
2026-08-23T12:42:42.995Z,W4140052,7726,46.95720,7.69694,32407.8,6.1,13.0,276.8,-273.0,-1.0,-1.0,RS41,403.501,8.2,-500,10,2.6,,
2026-08-23T12:42:44.995Z,W4140052,7728,46.95723,7.69665,32421.3,7.2,8.8,277.1,-273.0,-1.0,-1.0,RS41,403.501,7.6,-500,10,2.7,,
2026-08-23T12:42:45.995Z,W4140052,7729,46.95724,7.69656,32428.0,6.3,6.2,281.7,-273.0,-1.0,-1.0,RS41,403.501,7.6,-500,10,2.6,,
2026-08-23T12:42:46.995Z,W4140052,7730,46.95725,7.69649,32433.7,4.9,4.0,289.6,-273.0,-1.0,-1.0,RS41,403.501,8.7,-500,10,2.6,,
2026-08-23T12:42:47.995Z,W4140052,7731,46.95726,7.69646,32438.4,4.6,2.2,296.9,-273.0,-1.0,-1.0,RS41,403.501,8.8,-500,10,2.6,,
2026-08-23T12:42:48.995Z,W4140052,7732,46.95726,7.69644,32443.8,6.1,1.2,278.0,-273.0,-1.0,-1.0,RS41,403.501,8.8,-500,10,2.7,,
2026-08-23T12:42:49.995Z,W4140052,7733,46.95726,7.69642,32450.5,7.4,2.0,242.4,-273.0,-1.0,-1.0,RS41,403.501,9.1,-500,10,2.7,,
2026-08-23T12:42:50.995Z,W4140052,7734,46.95725,7.69638,32457.5,6.6,3.6,245.2,-273.0,-1.0,-1.0,RS41,403.501,9.3,-500,10,2.7,,
2026-08-23T12:42:51.995Z,W4140052,7735,46.95724,7.69633,32463.9,6.1,5.2,258.8,-273.0,-1.0,-1.0,RS41,403.501,9.3,-500,10,2.6,,
2026-08-23T12:42:52.995Z,W4140052,7736,46.95723,7.69625,32470.1,6.3,7.1,272.3,-273.0,-1.0,-1.0,RS41-SG,403.501,8.1,-500,10,2.6,,
2026-08-23T12:42:53.995Z,W4140052,7737,46.95725,7.69615,32476.6,6.6,8.7,286.3,-273.0,-1.0,-1.0,RS41-SG,403.501,8.6,-500,10,2.6,,
2026-08-23T12:42:54.995Z,W4140052,7738,46.95728,7.69603,32482.8,5.8,10.0,296.3,-273.0,-1.0,-1.0,RS41-SG,403.501,8.6,-500,10,2.7,,
2026-08-23T12:42:55.995Z,W4140052,7739,46.95732,7.69592,32488.2,5.1,10.7,302.4,-273.0,-1.0,-1.0,RS41-SG,403.501,8.8,-500,10,2.7,,
2026-08-23T12:42:57.995Z,W4140052,7741,46.95742,7.69569,32500.9,7.5,9.2,298.1,-273.0,-1.0,-1.0,RS41-SG,403.501,7.8,-500,10,2.6,,
2026-08-23T12:43:01.995Z,W4140052,7745,46.95741,7.69539,32525.5,4.4,4.9,210.6,-273.0,-1.0,-1.0,RS41-SG,403.501,6.8,-500,10,2.7,,
2026-08-23T12:43:02.995Z,W4140052,7746,46.95737,7.69537,32530.3,5.1,4.4,186.5,-273.0,-1.0,-1.0,RS41-SG,403.501,7.4,-500,10,2.6,,
2026-08-23T12:43:03.995Z,W4140052,7747,46.95733,7.69537,32536.1,6.5,3.4,168.8,-273.0,-1.0,-1.0,RS41-SG,403.501,8.3,-500,10,2.6,,
2026-08-23T12:43:04.995Z,W4140052,7748,46.95731,7.69538,32543.1,7.6,1.4,153.5,-273.0,-1.0,-1.0,RS41-SG,403.501,8.9,-500,10,2.6,,
2026-08-23T12:43:05.995Z,W4140052,7749,46.95731,7.69538,32550.5,7.0,1.1,329.7,-273.0,-1.0,-1.0,RS41-SG,403.501,9.5,-500,10,2.7,,
2026-08-23T12:43:06.995Z,W4140052,7750,46.95733,7.69536,32557.1,5.9,3.9,313.6,-273.0,-1.0,-1.0,RS41-SG,403.501,9.5,-500,10,2.7,,
2026-08-23T12:43:07.995Z,W4140052,7751,46.95735,7.69530,32562.7,5.3,7.0,301.5,-273.0,-1.0,-1.0,RS41-SG,403.501,9.4,-500,10,2.6,,
2026-08-23T12:43:08.995Z,W4140052,7752,46.95739,7.69520,32568.0,5.4,10.4,288.5,-273.0,-1.0,-1.0,RS41-SG,403.501,9.4,-500,10,2.6,,
2026-08-23T12:43:09.995Z,W4140052,7753,46.95741,7.69505,32573.5,5.6,13.2,277.2,-273.0,-1.0,-1.0,RS41-SG,403.501,8.8,-500,10,2.7,,
2026-08-23T12:43:10.995Z,W4140052,7754,46.95741,7.69486,32578.9,5.3,14.9,267.8,-273.0,-1.0,-1.0,RS41-SG,403.501,7.9,-500,10,2.7,,
2026-08-23T12:43:16.995Z,W4140052,7760,46.95721,7.69427,32614.3,3.7,3.4,153.8,-273.0,-1.0,-1.0,RS41-SG,403.501,7.2,-500,10,2.7,,
2026-08-23T12:43:17.995Z,W4140052,7761,46.95719,7.69429,32619.3,6.1,2.6,136.5,-273.0,-1.0,-1.0,RS41-SG,403.501,8.7,-500,10,2.6,,
2026-08-23T12:43:18.995Z,W4140052,7762,46.95717,7.69430,32626.8,8.8,1.5,202.4,-273.0,-1.0,-1.0,RS41-SG,403.501,8.7,-500,10,2.6,,
2026-08-23T12:43:19.995Z,W4140052,7763,46.95716,7.69427,32635.4,8.3,4.1,252.3,-273.0,-1.0,-1.0,RS41-SG,403.501,8.3,-500,10,2.6,,
2026-08-23T12:43:20.995Z,W4140052,7764,46.95715,7.69420,32642.3,5.4,7.1,258.9,-273.0,-1.0,-1.0,RS41-SG,403.501,8.3,-500,10,2.7,,
2026-08-23T12:43:21.995Z,W4140052,7765,46.95714,7.69409,32646.9,3.9,10.2,262.0,-273.0,-1.0,-1.0,RS41-SG,403.501,8.5,-500,10,2.7,,
2026-08-23T12:43:22.995Z,W4140052,7766,46.95712,7.69394,32651.0,4.2,13.0,264.1,-273.0,-1.0,-1.0,RS41-SG,403.501,8.5,-500,10,2.6,,
2026-08-23T12:43:23.995Z,W4140052,7767,46.95711,7.69376,32655.9,5.6,14.3,267.0,-273.0,-1.0,-1.0,RS41-SG,403.501,8.3,-500,10,2.6,,
2026-08-23T12:43:24.995Z,W4140052,7768,46.95711,7.69357,32662.3,7.0,14.2,269.0,-273.0,-1.0,-1.0,RS41-SG,403.501,8.3,-500,10,2.6,,
2026-08-23T12:43:25.995Z,W4140052,7769,46.95711,7.69339,32668.8,6.0,13.4,268.7,-273.0,-1.0,-1.0,RS41-SG,403.501,7.3,-500,10,2.7,,
2026-08-23T12:43:26.995Z,W4140052,7770,46.95710,7.69323,32674.7,5.8,12.2,267.0,-273.0,-1.0,-1.0,RS41-SG,403.501,7.8,-500,10,2.7,,
2026-08-23T12:43:27.995Z,W4140052,7771,46.95709,7.69308,32680.6,6.0,11.0,262.4,-273.0,-1.0,-1.0,RS41-SG,403.501,8.2,-500,10,2.7,,
2026-08-23T12:43:28.995Z,W4140052,7772,46.95708,7.69294,32686.9,6.5,10.3,255.4,-273.0,-1.0,-1.0,RS41-SG,403.501,8.2,-500,10,2.6,,
2026-08-23T12:43:29.995Z,W4140052,7773,46.95705,7.69281,32693.5,6.7,10.0,248.7,-273.0,-1.0,-1.0,RS41-SG,403.501,7.8,-500,10,2.6,,
2026-08-23T12:43:30.995Z,W4140052,7774,46.95701,7.69269,32699.9,5.9,9.7,244.2,-273.0,-1.0,-1.0,RS41-SG,403.501,7.8,-500,10,2.6,,
2026-08-23T12:43:31.995Z,W4140052,7775,46.95697,7.69258,32705.5,5.2,9.2,242.8,-273.0,-1.0,-1.0,RS41-SG,403.501,7.8,-500,10,2.7,,
2026-08-23T12:43:33.995Z,W4140052,7777,46.95692,7.69239,32717.6,7.0,6.7,251.2,-273.0,-1.0,-1.0,RS41-SG,403.501,7.5,-500,10,2.6,,
2026-08-23T12:43:34.995Z,W4140052,7778,46.95690,7.69231,32724.4,6.4,6.1,262.5,-273.0,-1.0,-1.0,RS41-SG,403.501,8.4,-500,10,2.6,,
2026-08-23T12:43:35.995Z,W4140052,7779,46.95690,7.69223,32730.7,6.2,6.6,272.4,-273.0,-1.0,-1.0,RS41-SG,403.501,8.5,-500,10,2.7,,
2026-08-23T12:43:36.995Z,W4140052,7780,46.95691,7.69213,32737.1,6.7,8.4,276.4,-273.0,-1.0,-1.0,RS41-SG,403.501,9.1,-500,10,2.7,,
2026-08-23T12:43:37.995Z,W4140052,7781,46.95691,7.69201,32744.1,7.3,11.1,274.5,-273.0,-1.0,-1.0,RS41-SG,403.501,9.1,-500,10,2.6,,
2026-08-23T12:43:38.995Z,W4140052,7782,46.95692,7.69184,32750.8,6.0,13.6,271.7,-273.0,-1.0,-1.0,RS41-SG,403.501,8.3,-500,10,2.6,,
2026-08-23T12:43:39.995Z,W4140052,7783,46.95692,7.69166,32756.0,4.3,15.2,268.9,-273.0,-1.0,-1.0,RS41-SG,403.501,8.1,-500,10,2.6,,
2026-08-23T12:43:40.995Z,W4140052,7784,46.95691,7.69145,32760.9,5.4,15.9,265.9,-273.0,-1.0,-1.0,RS41-SG,403.501,8.1,-500,10,2.7,,
2026-08-23T12:43:41.995Z,W4140052,7785,46.95690,7.69125,32767.1,7.2,14.6,263.7,-273.0,-1.0,-1.0,RS41-SG,403.501,7.6,-500,10,2.7,,
2026-08-23T12:43:42.995Z,W4140052,7786,46.95689,7.69108,32774.5,7.5,12.3,261.8,-273.0,-1.0,-1.0,RS41-SG,403.501,8.0,-500,10,2.7,,
2026-08-23T12:43:43.995Z,W4140052,7787,46.95687,7.69094,32781.2,5.7,10.0,261.9,-273.0,-1.0,-1.0,RS41-SG,403.501,8.0,-500,10,2.6,,
2026-08-23T12:43:44.995Z,W4140052,7788,46.95686,7.69082,32786.6,4.9,8.0,262.3,-273.0,-1.0,-1.0,RS41-SG,403.501,8.3,-500,10,2.6,,
2026-08-23T12:43:45.995Z,W4140052,7789,46.95685,7.69072,32791.6,5.1,6.7,263.7,-273.0,-1.0,-1.0,RS41-SG,403.501,8.3,-500,10,2.6,,
2026-08-23T12:43:46.995Z,W4140052,7790,46.95685,7.69064,32797.5,6.5,6.9,265.6,-273.0,-1.0,-1.0,RS41-SG,403.501,8.7,-500,10,2.7,,
2026-08-23T12:43:47.995Z,W4140052,7791,46.95684,7.69054,32804.5,7.4,8.1,267.4,-273.0,-1.0,-1.0,RS41-SG,403.501,8.7,-500,10,2.7,,
2026-08-23T12:43:48.995Z,W4140052,7792,46.95684,7.69042,32811.2,6.0,9.4,268.5,-273.0,-1.0,-1.0,RS41-SG,403.501,8.7,-500,10,2.6,,
2026-08-23T12:43:49.995Z,W4140052,7793,46.95684,7.69029,32816.9,5.2,10.6,271.2,-273.0,-1.0,-1.0,RS41-SG,403.501,8.7,-500,10,2.6,,
2026-08-23T12:43:50.995Z,W4140052,7794,46.95684,7.69015,32822.3,5.5,11.4,274.8,-273.0,-1.0,-1.0,RS41-SG,403.501,8.4,-500,10,2.7,,
2026-08-23T12:43:51.995Z,W4140052,7795,46.95686,7.69000,32828.5,6.8,11.5,278.8,-273.0,-1.0,-1.0,RS41-SG,403.501,8.4,-500,10,2.7,,
2026-08-23T12:43:52.995Z,W4140052,7796,46.95688,7.68986,32835.3,6.6,11.0,283.0,-273.0,-1.0,-1.0,RS41-SG,403.501,7.9,-500,10,2.6,,
2026-08-23T12:43:53.995Z,W4140052,7797,46.95690,7.68972,32841.4,5.4,10.5,285.0,-273.0,-1.0,-1.0,RS41-SG,403.501,8.2,-500,10,2.6,,
2026-08-23T12:43:54.995Z,W4140052,7798,46.95692,7.68959,32847.0,5.8,10.2,284.4,-273.0,-1.0,-1.0,RS41-SG,403.501,8.2,-500,10,2.6,,
2026-08-23T12:43:55.995Z,W4140052,7799,46.95694,7.68946,32853.4,7.0,10.4,279.6,-273.0,-1.0,-1.0,RS41-SG,403.501,7.9,-500,10,2.7,,
2026-08-23T12:43:56.995Z,W4140052,7800,46.95695,7.68932,32860.2,6.7,10.9,273.2,-273.0,-1.0,-1.0,RS41-SG,403.501,7.9,-500,10,2.7,,
2026-08-23T12:44:01.995Z,W4140052,7805,46.95690,7.68869,32890.9,5.4,6.6,256.6,-273.0,-1.0,-1.0,RS41-SG,403.501,7.1,-500,10,2.7,,
2026-08-23T12:44:02.995Z,W4140052,7806,46.95689,7.68861,32896.5,5.8,6.1,260.3,-273.0,-1.0,-1.0,RS41-SG,403.501,6.7,-500,10,2.7,,
2026-08-23T12:44:03.995Z,W4140052,7807,46.95688,7.68853,32902.8,6.9,6.7,265.3,-273.0,-1.0,-1.0,RS41-SG,403.501,7.5,-500,10,2.6,,
2026-08-23T12:44:04.995Z,W4140052,7808,46.95688,7.68843,32909.8,7.1,8.3,268.9,-273.0,-1.0,-1.0,RS41-SG,403.501,7.6,-500,10,2.6,,
2026-08-23T12:44:05.995Z,W4140052,7809,46.95688,7.68831,32916.2,5.5,9.9,272.0,-273.0,-1.0,-1.0,RS41-SG,403.501,7.6,-500,10,2.7,,
2026-08-23T12:44:06.995Z,W4140052,7810,46.95688,7.68818,32921.6,5.3,11.1,276.2,-37.7,0.2,-1.0,RS41-SG,403.501,7.5,-500,10,2.7,,
2026-08-23T12:44:07.995Z,W4140052,7811,46.95690,7.68803,32927.2,5.9,11.7,281.1,-37.7,0.2,-1.0,RS41-SG,403.501,7.5,-500,10,2.6,,
2026-08-23T12:44:08.995Z,W4140052,7812,46.95692,7.68789,32933.5,6.5,11.3,287.0,-37.8,0.2,-1.0,RS41-SG,403.501,6.6,-500,10,2.6,,
2026-08-23T12:44:09.995Z,W4140052,7813,46.95696,7.68775,32939.9,6.4,10.5,292.8,-37.8,0.2,-1.0,RS41-SG,403.501,7.4,-500,10,2.6,,
2026-08-23T12:44:10.995Z,W4140052,7814,46.95700,7.68763,32946.2,6.1,9.6,297.9,-37.9,0.2,-1.0,RS41-SG,403.501,7.9,-500,10,2.7,,
2026-08-23T12:44:12.995Z,W4140052,7816,46.95707,7.68742,32957.5,5.6,8.9,293.9,-38.0,0.2,-1.0,RS41-SG,403.501,8.1,-500,10,2.7,,
2026-08-23T12:44:13.995Z,W4140052,7817,46.95710,7.68731,32963.3,6.0,9.2,284.8,-38.0,0.2,-1.0,RS41-SG,403.501,8.1,-500,10,2.6,,
2026-08-23T12:44:14.995Z,W4140052,7818,46.95711,7.68719,32969.5,6.3,10.1,274.1,-38.0,0.2,-1.0,RS41-SG,403.501,7.5,-500,10,2.6,,
2026-08-23T12:44:15.995Z,W4140052,7819,46.95711,7.68705,32975.6,5.9,11.1,266.1,-38.0,0.2,-1.0,RS41-SG,403.501,8.1,-500,10,2.6,,
2026-08-23T12:44:16.995Z,W4140052,7820,46.95710,7.68690,32981.2,5.2,11.7,261.2,-37.9,0.2,-1.0,RS41-SG,403.501,8.1,-500,10,2.7,,
2026-08-23T12:44:17.995Z,W4140052,7821,46.95708,7.68675,32986.4,5.3,11.2,259.8,-38.0,0.2,-1.0,RS41-SG,403.501,7.9,-500,10,2.7,,
2026-08-23T12:44:18.995Z,W4140052,7822,46.95707,7.68662,32992.4,6.5,9.5,263.2,-38.0,0.2,-1.0,RS41-SG,403.501,7.5,-500,10,2.6,,
2026-08-23T12:44:20.995Z,W4140052,7824,46.95708,7.68642,33005.6,6.3,6.6,299.9,-38.0,0.2,-1.0,RS41-SG,403.501,7.2,-500,10,2.6,,
2026-08-23T12:44:21.995Z,W4140052,7825,46.95713,7.68635,33011.2,5.0,7.5,319.6,-37.9,0.2,-1.0,RS41-SG,403.501,7.9,-500,10,2.7,,
2026-08-23T12:44:22.995Z,W4140052,7826,46.95719,7.68629,33016.1,4.7,9.4,327.3,-37.9,0.2,-1.0,RS41-SG,403.501,8.5,-500,10,2.7,,
2026-08-23T12:44:23.995Z,W4140052,7827,46.95726,7.68621,33021.2,5.5,11.5,323.9,-37.9,0.2,-1.0,RS41-SG,403.501,8.7,-500,10,2.7,,
2026-08-23T12:44:24.995Z,W4140052,7828,46.95735,7.68610,33027.3,6.5,13.5,316.0,-37.9,0.2,-1.0,RS41-SG,403.501,8.7,-500,10,2.6,,
2026-08-23T12:44:25.995Z,W4140052,7829,46.95743,7.68596,33033.9,6.5,14.9,306.6,-37.9,0.2,-1.0,RS41-SG,403.501,8.2,-500,10,2.6,,
2026-08-23T12:44:30.995Z,W4140052,7834,46.95764,7.68513,33062.9,6.4,9.2,279.5,-37.7,0.2,-1.0,RS41-SG,403.501,6.6,-500,10,2.6,,
2026-08-23T12:44:31.995Z,W4140052,7835,46.95766,7.68502,33068.4,4.6,7.3,284.5,-37.6,0.2,-1.0,RS41-SG,403.501,7.2,-500,10,2.7,,
2026-08-23T12:44:32.995Z,W4140052,7836,46.95768,7.68494,33073.0,4.4,6.4,296.5,-37.6,0.2,-1.0,RS41-SG,403.501,7.3,-500,10,2.7,,
2026-08-23T12:44:33.995Z,W4140052,7837,46.95771,7.68486,33078.0,5.6,7.2,306.6,-37.6,0.2,-1.0,RS41-SG,403.501,7.3,-500,10,2.6,,
2026-08-23T12:44:34.995Z,W4140052,7838,46.95776,7.68478,33084.3,6.9,9.4,308.6,-37.6,0.2,-1.0,RS41-SG,403.501,8.3,-500,10,2.6,,
2026-08-23T12:44:35.995Z,W4140052,7839,46.95781,7.68467,33091.1,6.5,11.7,305.9,-37.6,0.2,-1.0,RS41-SG,403.501,8.7,-500,10,2.6,,
2026-08-23T12:44:36.995Z,W4140052,7840,46.95788,7.68453,33096.9,5.0,13.6,303.3,-37.6,0.2,-1.0,RS41-SG,403.501,8.7,-500,10,2.7,,
2026-08-23T12:44:37.995Z,W4140052,7841,46.95795,7.68437,33102.0,5.2,15.0,301.2,-37.6,0.2,-1.0,RS41-SG,403.501,8.0,-500,10,2.7,,
2026-08-23T12:44:38.995Z,W4140052,7842,46.95801,7.68420,33107.6,6.0,15.2,299.9,-37.6,0.2,-1.0,RS41-SG,403.501,8.0,-500,10,2.7,,
2026-08-23T12:44:39.995Z,W4140052,7843,46.95808,7.68403,33114.3,7.3,14.3,299.2,-37.6,0.2,-1.0,RS41-SG,403.501,8.2,-500,10,2.6,,
2026-08-23T12:44:40.995Z,W4140052,7844,46.95814,7.68388,33121.4,6.9,13.0,299.6,-37.5,0.2,-1.0,RS41-SG,403.501,8.2,-500,10,2.6,,
2026-08-23T12:44:41.995Z,W4140052,7845,46.95819,7.68374,33127.3,4.8,11.7,299.2,-37.4,0.2,-1.0,RS41-SG,403.501,8.0,-500,10,2.6,,
2026-08-23T12:44:42.995Z,W4140052,7846,46.95824,7.68361,33131.9,4.5,10.6,297.5,-37.3,0.2,-1.0,RS41-SG,403.501,8.0,-500,10,2.7,,
2026-08-23T12:44:43.995Z,W4140052,7847,46.95828,7.68349,33136.9,5.4,10.2,294.5,-37.3,0.2,-1.0,RS41-SG,403.501,8.6,-500,10,2.7,,
2026-08-23T12:44:44.995Z,W4140052,7848,46.95832,7.68336,33142.9,6.5,10.6,291.5,-37.3,0.2,-1.0,RS41-SG,403.501,8.6,-500,10,2.6,,
2026-08-23T12:44:45.995Z,W4140052,7849,46.95835,7.68323,33149.1,6.0,11.5,290.7,-37.3,0.2,-1.0,RS41-SG,403.501,8.1,-500,10,2.6,,
2026-08-23T12:44:46.995Z,W4140052,7850,46.95839,7.68309,33155.1,5.8,12.0,293.1,-37.3,0.2,-1.0,RS41-SG,403.501,7.6,-500,10,2.7,,
2026-08-23T12:44:47.995Z,W4140052,7851,46.95844,7.68294,33161.1,6.1,12.1,298.8,-37.3,0.2,-1.0,RS41-SG,403.501,7.6,-500,10,2.7,,
2026-08-23T12:44:48.995Z,W4140052,7852,46.95850,7.68281,33167.4,6.4,11.9,307.6,-37.4,0.2,-1.0,RS41-SG,403.501,7.5,-500,10,2.6,,
2026-08-23T12:44:49.995Z,W4140052,7853,46.95857,7.68270,33173.9,6.5,11.6,316.2,-37.4,0.2,-1.0,RS41-SG,403.501,7.8,-500,10,2.6,,
2026-08-23T12:44:50.995Z,W4140052,7854,46.95865,7.68260,33179.8,5.3,11.5,322.2,-37.4,0.2,-1.0,RS41-SG,403.501,7.8,-500,10,2.6,,
2026-08-23T12:44:51.995Z,W4140052,7855,46.95873,7.68251,33185.1,5.2,11.3,322.8,-37.5,0.2,-1.0,RS41-SG,403.501,7.8,-500,10,2.7,,
2026-08-23T12:44:52.995Z,W4140052,7856,46.95881,7.68241,33190.6,5.7,11.3,317.3,-37.5,0.2,-1.0,RS41-SG,403.501,8.1,-500,10,2.7,,
2026-08-23T12:44:53.995Z,W4140052,7857,46.95887,7.68230,33196.4,6.0,11.7,307.1,-37.5,0.2,-1.0,RS41-SG,403.501,8.1,-500,10,2.7,,
2026-08-23T12:44:54.995Z,W4140052,7858,46.95893,7.68217,33202.5,6.0,12.7,295.9,-37.5,0.2,-1.0,RS41-SG,403.501,7.3,-500,10,2.6,,
2026-08-23T12:44:56.995Z,W4140052,7860,46.95900,7.68183,33213.5,5.1,14.4,281.0,-37.5,0.2,-1.0,RS41-SG,403.501,7.6,-500,10,2.6,,
2026-08-23T12:45:00.995Z,W4140052,7864,46.95909,7.68124,33237.1,6.2,7.5,304.7,-37.4,0.2,-1.0,RS41-SG,403.501,7.0,-500,10,2.6,,
2026-08-23T12:45:01.995Z,W4140052,7865,46.95914,7.68117,33242.8,5.2,7.2,329.1,-37.3,0.2,-1.0,RS41-SG,403.501,7.6,-500,10,2.7,,
2026-08-23T12:45:02.995Z,W4140052,7866,46.95921,7.68113,33247.6,4.2,8.8,344.1,-37.3,0.2,-1.0,RS41-SG,403.501,8.3,-500,10,2.7,,
2026-08-23T12:45:04.995Z,W4140052,7868,46.95939,7.68105,33257.9,6.4,12.6,338.8,-37.4,0.2,-1.0,RS41-SG,403.501,7.2,-500,10,2.6,,
2026-08-23T12:45:14.995Z,W4140052,7878,46.95975,7.68006,33314.8,5.4,5.2,344.5,-36.5,0.2,-1.0,RS41-SG,403.501,7.0,-500,10,2.6,,
2026-08-23T12:45:15.995Z,W4140052,7879,46.95981,7.68003,33320.0,5.0,8.5,343.5,-36.5,0.2,-1.0,RS41-SG,403.501,7.0,-500,10,2.6,,
2026-08-23T12:45:16.995Z,W4140052,7880,46.95990,7.67999,33325.0,4.9,11.5,335.5,-36.4,0.2,-1.0,RS41-SG,403.501,6.8,-500,10,2.7,,
2026-08-23T12:45:17.995Z,W4140052,7881,46.95999,7.67991,33330.0,5.1,13.3,325.7,-36.3,0.2,-1.0,RS41-SG,403.501,7.4,-500,10,2.7,,
2026-08-23T12:45:25.995Z,W4140052,7889,46.96021,7.67911,33374.5,5.7,2.2,287.3,-35.9,0.2,-1.0,RS41,403.501,6.6,-500,10,2.6,,
2026-08-23T12:45:26.995Z,W4140052,7890,46.96023,7.67908,33380.4,6.1,4.0,322.2,-35.9,0.2,-1.0,RS41,403.501,6.7,-500,10,2.6,,
2026-08-23T12:45:27.995Z,W4140052,7891,46.96027,7.67904,33386.3,5.6,6.6,324.6,-36.0,0.2,-1.0,RS41,403.501,6.7,-500,10,2.7,,
2026-08-23T12:45:38.995Z,W4140052,7902,46.96061,7.67815,33448.8,6.8,6.7,306.5,-35.9,0.2,-1.0,RS41,403.501,6.7,-500,10,2.7,,
2026-08-23T12:45:53.995Z,W4140052,7917,46.96084,7.67695,33537.8,5.5,5.0,294.6,-36.0,0.2,-1.0,RS41,403.501,7.6,-500,10,2.7,,
2026-08-23T12:45:54.995Z,W4140052,7918,46.96086,7.67689,33543.3,5.4,5.2,296.0,-36.1,0.2,-1.0,RS41,403.501,7.6,-500,10,2.6,,
2026-08-23T12:45:55.995Z,W4140052,7919,46.96088,7.67682,33549.1,6.2,6.5,292.2,-36.0,0.2,-1.0,RS41,403.501,7.3,-500,10,2.6,,
2026-08-23T12:45:56.995Z,W4140052,7920,46.96090,7.67673,33555.6,6.8,8.4,289.5,-36.0,0.2,-1.0,RS41,403.501,8.1,-500,9,2.6,,
2026-08-23T12:45:57.995Z,W4140052,7921,46.96093,7.67661,33562.0,6.0,10.4,286.4,-35.9,0.2,-1.0,RS41,403.501,8.1,-500,9,2.7,,
2026-08-23T12:45:58.995Z,W4140052,7922,46.96095,7.67648,33567.7,5.2,11.6,283.9,-35.9,0.2,-1.0,RS41,403.501,7.0,-500,9,2.7,,
2026-08-23T12:45:59.995Z,W4140052,7923,46.96097,7.67633,33573.3,6.0,11.8,279.9,-36.0,0.2,-1.0,RS41,403.501,7.4,-500,9,2.6,,
2026-08-23T12:46:03.995Z,W4140052,7927,46.96096,7.67584,33597.9,5.1,6.8,255.3,-36.1,0.2,-1.0,RS41,403.501,7.6,-500,9,2.6,,
2026-08-23T12:46:04.995Z,W4140052,7928,46.96095,7.67576,33603.6,6.3,6.3,259.8,-36.0,0.2,-1.0,RS41,403.501,7.6,-500,9,2.6,,
2026-08-23T12:46:08.995Z,W4140052,7932,46.96100,7.67533,33627.9,4.9,11.0,286.8,-35.9,0.2,-1.0,RS41,403.501,6.8,-500,9,2.6,,
2026-08-23T12:46:09.995Z,W4140052,7933,46.96103,7.67519,33632.8,4.9,11.3,286.0,-36.0,0.2,-1.0,RS41,403.501,7.2,-500,9,2.6,,
2026-08-23T12:46:11.995Z,W4140052,7935,46.96108,7.67491,33644.5,6.8,10.0,282.9,-36.1,0.2,-1.0,RS41,403.501,7.0,-500,9,2.7,,
2026-08-23T12:46:12.995Z,W4140052,7936,46.96110,7.67479,33651.0,6.2,8.9,282.0,-36.2,0.2,-1.0,RS41,403.501,7.0,-500,9,2.7,,
2026-08-23T12:46:13.995Z,W4140052,7937,46.96111,7.67469,33656.8,5.4,8.1,283.1,-36.2,0.2,-1.0,RS41,403.501,7.2,-500,9,2.6,,
2026-08-23T12:46:14.995Z,W4140052,7938,46.96113,7.67458,33662.3,5.4,8.2,286.8,-36.2,0.2,-1.0,RS41,403.501,7.2,-500,9,2.6,,
2026-08-23T12:46:17.995Z,W4140052,7941,46.96123,7.67420,33681.3,5.8,12.8,291.7,-36.1,0.2,-1.0,RS41,403.501,6.3,-500,9,2.7,,
2026-08-23T12:46:25.995Z,W4140052,7949,46.96140,7.67301,33728.6,6.7,10.7,279.9,-35.8,0.2,-1.0,RS41,403.501,7.2,-500,9,2.7,,
2026-08-23T12:46:26.995Z,W4140052,7950,46.96142,7.67286,33735.5,6.9,12.2,285.4,-35.8,0.1,-1.0,RS41,403.501,7.2,-500,9,2.7,,
2026-08-23T12:46:33.995Z,W4140052,7957,46.96175,7.67183,33776.9,5.3,9.7,296.4,-35.5,0.2,-1.0,RS41,403.501,7.3,-500,9,2.7,,
2026-08-23T12:46:35.995Z,W4140052,7959,46.96182,7.67157,33789.7,7.3,12.0,288.5,-35.7,0.2,-1.0,RS41,403.501,7.0,-500,9,2.6,,
2026-08-23T12:46:43.995Z,W4140052,7967,46.96220,7.67025,33837.8,5.0,10.1,307.1,-35.7,0.2,-1.0,RS41,403.501,7.0,-500,9,2.6,,
2026-08-23T12:46:45.995Z,W4140052,7969,46.96232,7.67004,33849.8,7.0,11.2,307.5,-35.7,0.2,-1.0,RS41,403.501,8.2,-500,9,2.6,,
2026-08-23T12:46:51.995Z,W4140052,7975,46.96264,7.66916,33887.0,6.1,10.4,288.5,-35.6,0.2,-1.0,RS41,403.501,6.5,-500,9,2.6,,
2026-08-23T12:47:05.995Z,W4140052,7989,46.96292,7.66750,33970.0,6.7,8.6,265.1,-35.6,0.2,-1.0,RS41,403.501,7.3,-500,9,2.6,,
2026-08-23T12:47:06.995Z,W4140052,7990,46.96292,7.66738,33976.5,6.2,10.6,264.2,-35.6,0.2,-1.0,RS41,403.501,7.3,-500,9,2.6,,
2026-08-23T12:47:14.995Z,W4140052,7998,46.96307,7.66654,34022.7,5.5,5.5,332.7,-35.4,0.2,-1.0,RS41,403.501,7.2,-500,9,2.7,,
2026-08-23T12:47:26.995Z,W4140052,8010,46.96312,7.66538,34095.9,6.6,7.1,301.0,-35.0,0.1,-1.0,RS41,403.501,6.9,-500,9,2.6,,
2026-08-23T12:47:27.995Z,W4140052,8011,46.96316,7.66530,34101.9,5.2,8.9,306.7,-35.1,0.2,-1.0,RS41,403.501,6.9,-500,9,2.6,,
2026-08-23T12:47:31.995Z,W4140052,8015,46.96335,7.66488,34124.8,6.1,7.7,295.3,-34.8,0.1,-1.0,RS41,403.501,6.7,-500,9,2.6,,
2026-08-23T12:47:34.995Z,W4140052,8018,46.96339,7.66466,34142.3,5.8,5.3,283.2,-34.7,0.1,-1.0,RS41,403.501,7.4,-500,9,2.7,,
2026-08-23T12:47:37.995Z,W4140052,8021,46.96347,7.66439,34160.8,6.5,10.4,298.6,-34.7,0.1,-1.0,RS41,403.501,7.2,-500,9,2.6,,
2026-08-23T12:47:43.995Z,W4140052,8027,46.96376,7.66360,34196.5,4.6,6.8,296.1,-34.5,0.2,-1.0,RS41,403.501,8.0,-500,9,2.6,,
2026-08-23T12:47:44.995Z,W4140052,8028,46.96379,7.66353,34201.0,4.3,4.7,297.0,-34.5,0.2,-1.0,RS41,403.501,8.0,-500,9,2.7,,
2026-08-23T12:47:45.995Z,W4140052,8029,46.96380,7.66349,34206.1,6.0,3.7,299.1,-34.5,0.1,-1.0,RS41,403.501,8.3,-500,9,2.7,,
2026-08-23T12:47:46.995Z,W4140052,8030,46.96382,7.66344,34212.7,7.1,4.3,305.2,-34.5,0.1,-1.0,RS41,403.501,8.3,-500,9,2.6,,
2026-08-23T12:47:47.995Z,W4140052,8031,46.96385,7.66339,34219.4,6.2,5.9,309.0,-34.5,0.2,-1.0,RS41,403.501,7.7,-500,9,2.6,,
2026-08-23T12:47:48.995Z,W4140052,8032,46.96389,7.66332,34225.1,5.0,7.5,311.6,-34.5,0.1,-1.0,RS41,403.501,7.7,-500,9,2.7,,
2026-08-23T12:47:49.995Z,W4140052,8033,46.96394,7.66324,34230.2,5.2,9.1,315.3,-34.5,0.1,-1.0,RS41,403.501,7.3,-500,9,2.7,,
2026-08-23T12:47:50.995Z,W4140052,8034,46.96400,7.66316,34235.6,5.7,10.0,319.1,-34.5,0.1,-1.0,RS41,403.501,7.5,-500,9,2.6,,
2026-08-23T12:47:51.995Z,W4140052,8035,46.96408,7.66307,34241.7,6.3,10.4,322.4,-34.5,0.1,-1.0,RS41,403.501,7.7,-500,9,2.6,,
2026-08-23T12:47:52.995Z,W4140052,8036,46.96415,7.66299,34248.1,6.3,10.2,324.4,-34.5,0.1,-1.0,RS41,403.501,7.7,-500,9,2.6,,
2026-08-23T12:47:53.995Z,W4140052,8037,46.96422,7.66292,34254.1,5.5,10.1,325.1,-34.5,0.1,-1.0,RS41,403.501,7.4,-500,9,2.7,,
2026-08-23T12:47:54.995Z,W4140052,8038,46.96430,7.66284,34259.5,5.2,10.0,324.3,-34.4,0.2,-1.0,RS41,403.501,7.5,-500,9,2.7,,
2026-08-23T12:47:56.995Z,W4140052,8040,46.96443,7.66267,34270.1,5.7,9.7,313.8,-34.4,0.1,-1.0,RS41,403.501,6.8,-500,9,2.6,,
2026-08-23T12:47:57.995Z,W4140052,8041,46.96449,7.66258,34276.2,6.3,9.7,305.1,-34.3,0.1,-1.0,RS41,403.501,7.4,-500,9,2.6,,
2026-08-23T12:48:05.995Z,W4140052,8049,46.96463,7.66215,34322.8,6.0,3.7,36.8,-34.1,0.1,-1.0,RS41,403.501,7.6,-500,9,2.7,,
2026-08-23T12:48:06.995Z,W4140052,8050,46.96466,7.66217,34329.0,6.6,5.5,11.6,-34.0,0.1,-1.0,RS41,403.501,7.6,-500,10,2.7,,
2026-08-23T12:48:07.995Z,W4140052,8051,46.96472,7.66217,34335.7,6.5,8.0,350.0,-34.0,0.1,-1.0,RS41,403.501,7.9,-500,10,2.6,,
2026-08-23T12:48:08.995Z,W4140052,8052,46.96480,7.66213,34341.9,6.0,10.9,334.9,-33.9,0.1,-1.0,RS41,403.501,7.9,-500,10,2.6,,
2026-08-23T12:48:09.995Z,W4140052,8053,46.96490,7.66205,34347.2,4.6,13.1,324.6,-33.9,0.1,-1.0,RS41,403.501,7.6,-500,10,2.7,,
2026-08-23T12:48:18.995Z,W4140052,8062,46.96504,7.66133,34395.5,7.4,2.7,224.1,-33.4,0.1,-1.0,RS41,403.501,6.9,-500,10,2.7,,
2026-08-23T12:48:26.995Z,W4140052,8070,46.96528,7.66071,34441.5,5.2,6.1,285.5,-32.9,0.1,-1.0,RS41,403.501,6.4,-500,10,2.7,,
2026-08-23T12:48:36.995Z,W4140052,8080,46.96509,7.65998,34498.1,4.8,3.0,318.9,-32.8,0.1,-1.0,RS41,403.501,7.4,-500,10,2.6,,
2026-08-23T12:48:37.995Z,W4140052,8081,46.96512,7.65995,34502.8,4.5,5.0,326.6,-32.9,0.1,-1.0,RS41,403.501,7.8,-500,10,2.6,,
2026-08-23T12:48:39.995Z,W4140052,8083,46.96521,7.65982,34513.5,5.9,9.3,305.3,-32.8,0.1,-1.0,RS41,403.501,7.2,-500,10,2.7,,
2026-08-23T12:48:49.995Z,W4140052,8093,46.96489,7.65882,34570.3,7.3,4.4,210.4,-32.6,0.1,-1.0,RS41-SG,403.501,7.2,-500,10,2.7,,
2026-08-23T12:48:52.995Z,W4140052,8096,46.96487,7.65859,34586.6,3.5,9.5,280.6,-32.4,0.1,-1.0,RS41-SG,403.501,6.6,-500,10,2.6,,
2026-08-23T12:49:11.995Z,W4140052,8115,46.96424,7.65686,34695.0,5.1,9.3,220.1,-31.9,0.1,-1.0,RS41-SG,403.501,7.4,-500,10,2.6,,
2026-08-23T12:49:12.995Z,W4140052,8116,46.96417,7.65676,34699.7,4.3,12.7,226.1,-31.9,0.1,-1.0,RS41-SG,403.501,7.4,-500,10,2.6,,
2026-08-23T12:49:21.995Z,W4140052,8125,46.96394,7.65554,34746.7,4.5,2.0,44.1,-31.8,0.1,-1.0,RS41-SG,403.501,7.3,-500,10,2.6,,
2026-08-23T12:49:24.995Z,W4140052,8128,46.96386,7.65554,34765.5,6.8,7.9,214.1,-31.6,0.1,-1.0,RS41-SG,403.501,7.4,-500,10,2.7,,
2026-08-23T12:49:36.995Z,W4140052,8140,46.96374,7.65401,34825.9,6.2,6.5,212.4,-31.7,0.1,-1.0,RS41-SG,403.501,6.6,-500,9,2.7,,
2026-08-23T12:55:59.995Z,W4140052,8523,46.97377,7.62223,33791.8,-39.0,4.6,289.2,-34.8,0.1,-1.0,RS41-SG,403.501,7.3,-500,10,2.6,,
2026-08-23T12:56:00.995Z,W4140052,8524,46.97377,7.62217,33751.9,-41.7,5.7,270.4,-34.8,0.1,-1.0,RS41-SG,403.501,7.4,-500,10,2.6,,
2026-08-23T12:56:01.995Z,W4140052,8525,46.97377,7.62207,33710.1,-42.5,8.8,267.8,-34.8,0.1,-1.0,RS41-SG,403.501,7.4,-500,11,2.7,,
2026-08-23T12:56:02.995Z,W4140052,8526,46.97377,7.62194,33668.7,-41.3,12.3,265.0,-34.8,0.1,-1.0,RS41-SG,403.501,7.3,-500,9,2.7,,
2026-08-23T12:56:14.995Z,W4140052,8538,46.97413,7.62078,33207.8,-37.2,2.8,350.7,-35.7,0.1,-1.0,RS41-SG,403.501,6.2,-500,11,2.6,,
