timestamp,serial,frame,lat,lon,alt,vel_v,vel_h,heading,temp,humidity,pressure,type,freq_mhz,snr,f_error_hz,sats,batt_v,burst_timer,aux_data
2026-10-08T00:46:38.005Z,Y1152986,7963,45.93405,9.31996,32466.8,6.6,13.2,116.2,-273.0,-1.0,-1.0,RS41,404.900,7.3,250,8,2.5,,
2026-10-08T00:46:39.005Z,Y1152986,7964,45.93399,9.32012,32473.7,7.1,13.8,118.5,-273.0,-1.0,-1.0,RS41,404.900,7.3,250,8,2.5,,
2026-10-08T00:46:57.005Z,Y1152986,7982,45.93359,9.32301,32589.7,7.1,11.6,89.7,-273.0,-1.0,-1.0,RS41,404.900,7.0,250,8,2.5,,
2026-10-08T00:46:58.005Z,Y1152986,7983,45.93358,9.32315,32596.8,6.9,10.6,99.2,-273.0,-1.0,-1.0,RS41,404.900,7.0,250,8,2.5,,
2026-10-08T00:46:59.005Z,Y1152986,7984,45.93356,9.32328,32603.0,5.5,10.6,106.8,-273.0,-1.0,-1.0,RS41,404.900,7.3,250,8,2.6,,
2026-10-08T00:47:00.005Z,Y1152986,7985,45.93353,9.32342,32609.0,6.4,11.6,110.1,-273.0,-1.0,-1.0,RS41,404.900,7.3,250,8,2.6,,
2026-10-08T00:47:01.005Z,Y1152986,7986,45.93349,9.32357,32616.0,7.5,13.3,106.1,-273.0,-1.0,-1.0,RS41,404.900,7.3,250,8,2.5,,
2026-10-08T00:47:02.005Z,Y1152986,7987,45.93346,9.32375,32623.6,7.6,15.4,98.8,-273.0,-1.0,-1.0,RS41,404.900,7.3,250,8,2.5,,
2026-10-08T00:47:03.005Z,Y1152986,7988,45.93345,9.32396,32630.9,6.8,17.7,93.0,-273.0,-1.0,-1.0,RS41,404.900,7.3,250,8,2.5,,
2026-10-08T00:47:04.005Z,Y1152986,7989,45.93345,9.32420,32637.0,5.5,19.9,89.2,-273.0,-1.0,-1.0,RS41,404.900,7.7,250,8,2.5,,
2026-10-08T00:47:05.005Z,Y1152986,7990,45.93345,9.32447,32642.3,5.1,21.8,87.4,-273.0,-1.0,-1.0,RS41,404.900,7.7,250,8,2.6,,
2026-10-08T00:47:06.005Z,Y1152986,7991,45.93346,9.32476,32647.9,6.0,23.1,88.3,-273.0,-1.0,-1.0,RS41-SG,404.900,7.7,250,8,2.6,,
2026-10-08T00:47:07.005Z,Y1152986,7992,45.93346,9.32506,32654.5,7.2,23.4,91.4,-273.0,-1.0,-1.0,RS41-SG,404.900,9.0,250,8,2.5,,
2026-10-08T00:47:08.005Z,Y1152986,7993,45.93345,9.32535,32662.1,8.0,22.7,95.5,-273.0,-1.0,-1.0,RS41-SG,404.900,9.0,250,8,2.5,,
2026-10-08T00:47:09.005Z,Y1152986,7994,45.93342,9.32563,32670.1,7.9,21.3,100.5,-273.0,-1.0,-1.0,RS41-SG,404.900,9.0,250,8,2.5,,
2026-10-08T00:47:24.005Z,Y1152986,8009,45.93297,9.32881,32772.9,7.9,16.4,101.2,-273.0,-1.0,-1.0,RS41-SG,404.900,6.8,250,8,2.5,,
2026-10-08T00:47:25.005Z,Y1152986,8010,45.93295,9.32900,32780.2,6.7,13.7,95.9,-273.0,-1.0,-1.0,RS41-SG,404.900,6.9,250,8,2.5,,
2026-10-08T00:47:26.005Z,Y1152986,8011,45.93294,9.32916,32786.6,6.0,11.1,90.8,-273.0,-1.0,-1.0,RS41-SG,404.900,7.0,250,8,2.5,,
2026-10-08T00:47:27.005Z,Y1152986,8012,45.93294,9.32928,32792.6,6.1,8.7,88.5,-273.0,-1.0,-1.0,RS41-SG,404.900,8.9,250,8,2.5,,
2026-10-08T00:47:28.005Z,Y1152986,8013,45.93294,9.32939,32799.0,6.7,7.3,92.6,-47.6,-1.0,-1.0,RS41-SG,404.900,9.0,250,8,2.6,,
2026-10-08T00:47:29.005Z,Y1152986,8014,45.93293,9.32948,32806.3,7.8,7.6,103.6,-47.7,-1.0,-1.0,RS41-SG,404.900,9.0,250,8,2.6,,
2026-10-08T00:47:31.005Z,Y1152986,8016,45.93287,9.32972,32822.1,7.5,12.8,113.3,-47.7,-1.0,-1.0,RS41-SG,404.900,7.6,250,8,2.5,,
2026-10-08T00:47:32.005Z,Y1152986,8017,45.93282,9.32989,32829.1,6.4,16.1,110.8,-47.8,-1.0,-1.0,RS41-SG,404.900,9.5,250,8,2.5,,
2026-10-08T00:47:33.005Z,Y1152986,8018,45.93277,9.33011,32835.1,5.4,18.9,107.2,-47.8,-1.0,-1.0,RS41-SG,404.900,9.5,250,8,2.6,,
2026-10-08T00:47:34.005Z,Y1152986,8019,45.93272,9.33035,32840.5,5.6,20.7,102.9,-47.9,-1.0,-1.0,RS41-SG,404.900,9.3,250,8,2.6,,
2026-10-08T00:47:35.005Z,Y1152986,8020,45.93269,9.33061,32846.8,7.0,20.7,97.8,-47.9,-1.0,-1.0,RS41-SG,404.900,10.2,250,8,2.5,,
2026-10-08T00:47:36.005Z,Y1152986,8021,45.93267,9.33086,32854.4,8.2,18.6,93.4,-48.0,-1.0,-1.0,RS41-SG,404.900,10.2,250,8,2.5,,
2026-10-08T00:47:37.005Z,Y1152986,8022,45.93267,9.33108,32862.5,8.0,15.4,90.1,-48.0,-1.0,-1.0,RS41-SG,404.900,9.9,250,8,2.5,,
2026-10-08T00:47:38.005Z,Y1152986,8023,45.93267,9.33126,32869.9,6.7,11.8,88.6,-48.1,-1.0,-1.0,RS41-SG,404.900,9.3,250,8,2.5,,
2026-10-08T00:47:39.005Z,Y1152986,8024,45.93267,9.33139,32875.9,5.2,8.4,92.4,-48.1,-1.0,-1.0,RS41-SG,404.900,8.8,250,8,2.6,,
2026-10-08T00:47:40.005Z,Y1152986,8025,45.93266,9.33147,32881.0,4.9,5.8,108.7,-48.1,-1.0,-1.0,RS41-SG,404.900,8.8,250,8,2.6,,
2026-10-08T00:47:42.005Z,Y1152986,8027,45.93259,9.33159,32893.0,7.3,7.4,143.2,-48.2,-1.0,-1.0,RS41-SG,404.900,7.2,250,8,2.5,,
2026-10-08T00:47:45.005Z,Y1152986,8030,45.93241,9.33190,32913.2,6.2,13.2,114.2,-48.3,-1.0,-1.0,RS41-SG,404.900,9.4,250,8,2.6,,
2026-10-08T00:47:46.005Z,Y1152986,8031,45.93238,9.33207,32919.2,6.0,14.6,102.1,-48.3,-1.0,-1.0,RS41-SG,404.900,9.4,250,8,2.6,,
2026-10-08T00:47:47.005Z,Y1152986,8032,45.93236,9.33226,32925.1,5.9,15.5,92.1,-48.4,-1.0,-1.0,RS41-SG,404.900,9.5,250,8,2.5,,
2026-10-08T00:47:48.005Z,Y1152986,8033,45.93236,9.33246,32931.2,6.0,15.4,84.6,-48.4,-1.0,-1.0,RS41-SG,404.900,9.5,250,8,2.5,,
2026-10-08T00:47:49.005Z,Y1152986,8034,45.93238,9.33264,32937.5,6.6,14.1,80.3,-48.4,-1.0,-1.0,RS41-SG,404.900,10.1,250,8,2.5,,
2026-10-08T00:47:50.005Z,Y1152986,8035,45.93240,9.33281,32944.7,7.8,11.5,81.4,-48.5,-1.0,-1.0,RS41-SG,404.900,10.8,250,8,2.5,,
2026-10-08T00:47:51.005Z,Y1152986,8036,45.93240,9.33293,32952.7,8.1,8.5,92.4,-48.5,-1.0,-1.0,RS41-SG,404.900,10.8,250,8,2.6,,
2026-10-08T00:47:52.005Z,Y1152986,8037,45.93239,9.33302,32960.3,7.0,6.5,117.3,-48.6,-1.0,-1.0,RS41-SG,404.900,9.1,250,8,2.6,,
2026-10-08T00:47:53.005Z,Y1152986,8038,45.93235,9.33309,32966.7,5.7,6.7,145.8,-48.6,-1.0,-1.0,RS41-SG,404.900,9.1,250,8,2.5,,
2026-10-08T00:47:54.005Z,Y1152986,8039,45.93229,9.33313,32972.0,4.8,8.0,160.4,-48.6,-1.0,-1.0,RS41-SG,404.900,9.1,250,8,2.5,,
2026-10-08T00:47:55.005Z,Y1152986,8040,45.93222,9.33316,32977.0,5.4,8.6,164.8,-48.6,-1.0,-1.0,RS41-SG,404.900,9.4,250,8,2.5,,
2026-10-08T00:47:56.005Z,Y1152986,8041,45.93215,9.33319,32983.2,7.1,8.1,159.1,-48.7,-1.0,-1.0,RS41-SG,404.900,9.5,250,8,2.6,,
2026-10-08T00:47:57.005Z,Y1152986,8042,45.93209,9.33324,32990.9,8.2,6.7,142.4,-48.7,-1.0,-1.0,RS41-SG,404.900,9.5,250,8,2.6,,
2026-10-08T00:47:58.005Z,Y1152986,8043,45.93206,9.33330,32998.5,7.0,6.3,118.9,-48.7,-1.0,-1.0,RS41-SG,404.900,8.8,250,8,2.5,,
2026-10-08T00:47:59.005Z,Y1152986,8044,45.93204,9.33338,33004.9,5.6,6.8,98.4,-48.7,-1.0,-1.0,RS41-SG,404.900,10.5,250,8,2.5,,
2026-10-08T00:48:00.005Z,Y1152986,8045,45.93204,9.33347,33010.3,5.2,8.1,87.4,-48.7,-1.0,-1.0,RS41-SG,404.900,10.5,250,8,2.5,,
2026-10-08T00:48:01.005Z,Y1152986,8046,45.93204,9.33358,33016.0,6.4,9.4,85.4,-48.7,-1.0,-1.0,RS41-SG,404.900,9.9,250,8,2.5,,
2026-10-08T00:48:02.005Z,Y1152986,8047,45.93204,9.33371,33023.2,7.8,10.1,90.0,-48.8,-1.0,-1.0,RS41-SG,404.900,9.4,250,8,2.6,,
2026-10-08T00:48:03.005Z,Y1152986,8048,45.93204,9.33384,33030.7,7.0,10.2,97.6,-48.8,-1.0,-1.0,RS41-SG,404.900,10.6,250,8,2.6,,
2026-10-08T00:48:04.005Z,Y1152986,8049,45.93202,9.33396,33037.5,6.4,9.8,104.5,-48.8,-1.0,-1.0,RS41-SG,404.900,10.6,250,8,2.5,,
2026-10-08T00:48:05.005Z,Y1152986,8050,45.93200,9.33408,33044.0,6.6,8.8,112.3,-48.8,-1.0,-1.0,RS41-SG,404.900,9.8,250,8,2.5,,
2026-10-08T00:48:06.005Z,Y1152986,8051,45.93197,9.33417,33051.0,7.2,7.2,117.8,-48.8,-1.0,-1.0,RS41-SG,404.900,9.2,250,8,2.5,,
2026-10-08T00:48:07.005Z,Y1152986,8052,45.93194,9.33424,33058.3,7.4,5.4,120.5,-48.9,-1.0,-1.0,RS41-SG,404.900,8.5,250,8,2.5,,
2026-10-08T00:48:08.005Z,Y1152986,8053,45.93192,9.33429,33064.9,5.8,3.9,122.9,-48.9,-1.0,-1.0,RS41-SG,404.900,9.1,250,8,2.6,,
2026-10-08T00:48:09.005Z,Y1152986,8054,45.93190,9.33433,33070.6,5.6,2.9,129.7,-48.9,-1.0,-1.0,RS41-SG,404.900,9.1,250,8,2.6,,
2026-10-08T00:48:10.005Z,Y1152986,8055,45.93188,9.33435,33076.6,6.2,2.9,139.5,-48.9,-1.0,-1.0,RS41-SG,404.900,8.3,250,8,2.5,,
2026-10-08T00:48:11.005Z,Y1152986,8056,45.93186,9.33438,33083.3,7.3,3.7,142.6,-49.0,-1.0,-1.0,RS41-SG,404.900,8.5,250,8,2.5,,
2026-10-08T00:48:12.005Z,Y1152986,8057,45.93183,9.33442,33090.6,7.4,5.2,137.8,-49.0,-1.0,-1.0,RS41-SG,404.900,8.5,250,8,2.5,,
2026-10-08T00:48:13.005Z,Y1152986,8058,45.93179,9.33447,33097.7,6.6,6.6,129.4,-49.0,-1.0,-1.0,RS41-SG,404.900,8.4,250,8,2.5,,
2026-10-08T00:48:15.005Z,Y1152986,8060,45.93173,9.33465,33110.6,6.4,8.8,103.7,-49.0,-1.0,-1.0,RS41-SG,404.900,9.6,250,8,2.6,,
2026-10-08T00:48:16.005Z,Y1152986,8061,45.93172,9.33476,33117.1,6.5,9.8,90.1,-49.1,-1.0,-1.0,RS41-SG,404.900,9.6,250,8,2.5,,
2026-10-08T00:48:17.005Z,Y1152986,8062,45.93173,9.33489,33123.7,6.6,10.8,79.1,-49.1,-1.0,-1.0,RS41-SG,404.900,8.5,250,8,2.5,,
2026-10-08T00:48:18.005Z,Y1152986,8063,45.93175,9.33503,33129.9,5.8,11.1,73.6,-49.0,-1.0,-1.0,RS41-SG,404.900,8.8,250,8,2.5,,
2026-10-08T00:48:19.005Z,Y1152986,8064,45.93178,9.33517,33136.0,6.4,10.8,73.5,-49.0,-1.0,-1.0,RS41-SG,404.900,8.8,250,8,2.6,,
2026-10-08T00:48:20.005Z,Y1152986,8065,45.93180,9.33529,33142.9,7.2,9.7,81.2,-48.9,-1.0,-1.0,RS41-SG,404.900,8.5,250,8,2.6,,
2026-10-08T00:48:21.005Z,Y1152986,8066,45.93180,9.33541,33150.2,7.2,8.6,96.2,-48.9,-1.0,-1.0,RS41-SG,404.900,10.2,250,8,2.5,,
2026-10-08T00:48:22.005Z,Y1152986,8067,45.93178,9.33552,33156.9,6.0,8.5,114.5,-48.8,-1.0,-1.0,RS41-SG,404.900,10.2,250,8,2.5,,
2026-10-08T00:48:23.005Z,Y1152986,8068,45.93174,9.33561,33162.2,4.6,8.9,128.0,-48.8,-1.0,-1.0,RS41-SG,404.900,8.7,250,8,2.5,,
2026-10-08T00:48:24.005Z,Y1152986,8069,45.93169,9.33570,33166.9,4.9,9.3,134.8,-48.7,-1.0,-1.0,RS41-SG,404.900,8.6,250,8,2.5,,
2026-10-08T00:48:25.005Z,Y1152986,8070,45.93163,9.33578,33172.7,6.7,8.9,132.6,-48.7,-1.0,-1.0,RS41-SG,404.900,9.1,250,8,2.6,,
2026-10-08T00:48:26.005Z,Y1152986,8071,45.93159,9.33587,33180.1,8.0,7.7,120.0,-48.7,-1.0,-1.0,RS41-SG,404.900,9.1,250,8,2.6,,
2026-10-08T00:48:27.005Z,Y1152986,8072,45.93157,9.33596,33187.6,6.8,7.4,102.8,-48.6,-1.0,-1.0,RS41-SG,404.900,9.8,250,8,2.5,,
2026-10-08T00:48:28.005Z,Y1152986,8073,45.93156,9.33605,33193.6,5.3,7.7,86.8,-48.5,-1.0,-1.0,RS41-SG,404.900,9.8,250,8,2.5,,
2026-10-08T00:48:29.005Z,Y1152986,8074,45.93157,9.33615,33199.0,5.5,8.5,74.3,-48.5,-1.0,-1.0,RS41-SG,404.900,8.5,250,8,2.5,,
2026-10-08T00:48:30.005Z,Y1152986,8075,45.93160,9.33626,33205.0,6.5,9.1,70.9,-48.5,-1.0,-1.0,RS41-SG,404.900,9.1,250,8,2.5,,
2026-10-08T00:48:31.005Z,Y1152986,8076,45.93162,9.33637,33211.7,7.0,9.2,72.1,-48.4,-1.0,-1.0,RS41-SG,404.900,9.1,250,8,2.6,,
2026-10-08T00:48:32.005Z,Y1152986,8077,45.93164,9.33648,33218.2,5.9,8.7,76.2,-48.4,0.7,-1.0,RS41-SG,404.900,8.0,250,8,2.6,,
2026-10-08T00:48:33.005Z,Y1152986,8078,45.93166,9.33659,33223.9,5.5,8.1,78.9,-48.5,0.7,-1.0,RS41-SG,404.900,8.9,250,8,2.5,,
2026-10-08T00:48:34.005Z,Y1152986,8079,45.93167,9.33669,33229.8,6.2,7.2,80.6,-48.5,0.7,-1.0,RS41-SG,404.900,8.9,250,8,2.5,,
2026-10-08T00:48:35.005Z,Y1152986,8080,45.93168,9.33677,33236.5,7.1,6.6,76.4,-48.5,0.7,-1.0,RS41-SG,404.900,8.6,250,8,2.5,,
2026-10-08T00:48:36.005Z,Y1152986,8081,45.93170,9.33686,33243.3,6.7,6.6,74.3,-48.5,0.7,-1.0,RS41-SG,404.900,8.0,250,8,2.6,,
2026-10-08T00:48:37.005Z,Y1152986,8082,45.93171,9.33694,33249.8,6.3,6.8,76.4,-48.5,0.7,-1.0,RS41-SG,404.900,8.4,250,8,2.6,,
2026-10-08T00:48:38.005Z,Y1152986,8083,45.93173,9.33703,33256.1,6.2,7.4,82.4,-48.6,0.7,-1.0,RS41-SG,404.900,8.4,250,8,2.5,,
2026-10-08T00:48:39.005Z,Y1152986,8084,45.93173,9.33713,33262.2,6.2,8.4,91.6,-48.6,0.7,-1.0,RS41-SG,404.900,7.5,250,8,2.5,,
2026-10-08T00:48:40.005Z,Y1152986,8085,45.93172,9.33725,33268.5,6.4,9.9,99.3,-48.6,0.8,-1.0,RS41-SG,404.900,7.4,250,8,2.5,,
2026-10-08T00:48:41.005Z,Y1152986,8086,45.93170,9.33738,33274.7,6.1,11.5,102.0,-48.6,0.8,-1.0,RS41-SG,404.900,7.2,250,8,2.5,,
2026-10-08T00:48:42.005Z,Y1152986,8087,45.93168,9.33753,33280.9,6.1,13.0,100.6,-48.5,0.7,-1.0,RS41-SG,404.900,8.1,250,8,2.6,,
2026-10-08T00:48:44.005Z,Y1152986,8089,45.93166,9.33789,33293.3,6.3,14.6,86.5,-48.2,0.7,-1.0,RS41-SG,404.900,7.0,250,8,2.5,,
2026-10-08T00:48:45.005Z,Y1152986,8090,45.93168,9.33808,33299.7,6.4,14.9,76.0,-48.1,0.7,-1.0,RS41-SG,404.900,9.2,250,8,2.5,,
2026-10-08T00:48:46.005Z,Y1152986,8091,45.93173,9.33825,33305.9,6.1,14.9,64.3,-48.0,0.7,-1.0,RS41-SG,404.900,9.2,250,8,2.5,,
2026-10-08T00:48:47.005Z,Y1152986,8092,45.93180,9.33842,33311.6,5.5,14.4,54.8,-47.9,0.7,-1.0,RS41-SG,404.900,8.3,250,8,2.5,,
2026-10-08T00:48:48.005Z,Y1152986,8093,45.93187,9.33855,33316.9,5.2,13.0,47.7,-47.8,0.7,-1.0,RS41-SG,404.900,8.4,250,8,2.6,,
2026-10-08T00:48:49.005Z,Y1152986,8094,45.93195,9.33866,33322.6,6.1,10.7,45.2,-47.7,0.7,-1.0,RS41-SG,404.900,8.8,250,8,2.6,,
2026-10-08T00:48:50.005Z,Y1152986,8095,45.93200,9.33875,33328.9,6.5,7.6,53.6,-47.6,0.7,-1.0,RS41-SG,404.900,8.8,250,8,2.5,,
2026-10-08T00:48:51.005Z,Y1152986,8096,45.93202,9.33883,33335.3,6.3,6.1,81.4,-47.6,0.7,-1.0,RS41-SG,404.900,8.5,250,8,2.5,,
2026-10-08T00:48:52.005Z,Y1152986,8097,45.93202,9.33892,33341.4,5.8,7.8,109.1,-47.5,0.7,-1.0,RS41-SG,404.900,8.8,250,8,2.5,,
2026-10-08T00:48:53.005Z,Y1152986,8098,45.93198,9.33903,33347.0,5.6,11.2,117.0,-47.4,0.7,-1.0,RS41-SG,404.900,8.8,250,8,2.5,,
2026-10-08T00:48:54.005Z,Y1152986,8099,45.93193,9.33918,33352.6,5.8,14.9,114.5,-47.3,0.7,-1.0,RS41-SG,404.900,7.7,250,8,2.6,,
2026-10-08T00:48:55.005Z,Y1152986,8100,45.93188,9.33937,33358.6,6.3,17.9,107.0,-47.3,0.7,-1.0,RS41-SG,404.900,7.7,250,8,2.6,,
2026-10-08T00:48:56.005Z,Y1152986,8101,45.93184,9.33961,33365.0,6.4,20.0,98.2,-47.3,0.7,-1.0,RS41-SG,404.900,7.3,250,8,2.5,,
2026-10-08T00:48:57.005Z,Y1152986,8102,45.93183,9.33987,33371.1,5.7,21.0,88.6,-47.2,0.7,-1.0,RS41-SG,404.900,7.8,250,8,2.5,,
2026-10-08T00:48:58.005Z,Y1152986,8103,45.93185,9.34014,33376.3,4.7,20.9,79.5,-47.2,0.6,-1.0,RS41-SG,404.900,7.8,250,8,2.5,,
2026-10-08T00:48:59.005Z,Y1152986,8104,45.93190,9.34039,33380.8,4.5,19.8,70.2,-47.1,0.7,-1.0,RS41-SG,404.900,7.9,250,8,2.6,,
2026-10-08T00:49:00.005Z,Y1152986,8105,45.93197,9.34061,33385.6,5.1,17.5,61.4,-47.1,0.6,-1.0,RS41-SG,404.900,8.5,250,8,2.6,,
2026-10-08T00:49:01.005Z,Y1152986,8106,45.93204,9.34078,33390.8,5.2,14.5,55.5,-47.0,0.7,-1.0,RS41-SG,404.900,8.5,250,8,2.5,,
2026-10-08T00:49:02.005Z,Y1152986,8107,45.93211,9.34092,33396.1,5.4,11.4,55.0,-47.0,0.6,-1.0,RS41-SG,404.900,8.0,250,8,2.5,,
2026-10-08T00:49:03.005Z,Y1152986,8108,45.93215,9.34103,33401.7,5.7,8.9,64.3,-47.0,0.7,-1.0,RS41-SG,404.900,8.0,250,8,2.5,,
2026-10-08T00:49:05.005Z,Y1152986,8110,45.93217,9.34127,33414.1,6.4,11.4,98.5,-46.9,0.6,-1.0,RS41-SG,404.900,7.3,250,8,2.6,,
2026-10-08T00:49:07.005Z,Y1152986,8112,45.93212,9.34166,33426.7,6.0,19.5,101.0,-46.9,0.7,-1.0,RS41-SG,404.900,6.8,250,8,2.5,,
2026-10-08T00:49:08.005Z,Y1152986,8113,45.93209,9.34192,33432.0,4.6,22.4,98.6,-46.9,0.7,-1.0,RS41-SG,404.900,8.2,250,8,2.5,,
2026-10-08T00:49:09.005Z,Y1152986,8114,45.93206,9.34222,33435.9,3.4,24.4,95.3,-46.8,0.7,-1.0,RS41-SG,404.900,8.2,250,8,2.5,,
2026-10-08T00:49:10.005Z,Y1152986,8115,45.93205,9.34254,33439.9,4.6,25.1,91.8,-46.8,0.7,-1.0,RS41-SG,404.900,8.2,250,8,2.5,,
2026-10-08T00:49:11.005Z,Y1152986,8116,45.93205,9.34285,33445.4,6.6,23.8,88.3,-46.8,0.7,-1.0,RS41-SG,404.900,9.1,250,8,2.6,,
2026-10-08T00:49:12.005Z,Y1152986,8117,45.93206,9.34314,33452.2,7.1,21.3,85.7,-46.7,0.6,-1.0,RS41-SG,404.900,9.2,250,8,2.6,,
2026-10-08T00:49:13.005Z,Y1152986,8118,45.93208,9.34339,33458.7,5.8,18.4,83.2,-46.7,0.7,-1.0,RS41-SG,404.900,9.2,250,8,2.5,,
2026-10-08T00:49:14.005Z,Y1152986,8119,45.93210,9.34361,33463.9,4.1,16.0,81.3,-46.7,0.7,-1.0,RS41-SG,404.900,8.3,250,8,2.5,,
2026-10-08T00:49:15.005Z,Y1152986,8120,45.93212,9.34380,33467.8,3.7,14.1,78.4,-46.7,0.7,-1.0,RS41-SG,404.900,9.9,250,8,2.5,,
2026-10-08T00:49:16.005Z,Y1152986,8121,45.93215,9.34397,33472.2,5.0,13.3,75.7,-46.6,0.7,-1.0,RS41-SG,404.900,9.9,250,8,2.6,,
2026-10-08T00:49:17.005Z,Y1152986,8122,45.93218,9.34414,33477.8,6.4,14.1,76.1,-46.6,0.6,-1.0,RS41-SG,404.900,8.5,250,8,2.6,,
2026-10-08T00:49:18.005Z,Y1152986,8123,45.93221,9.34433,33484.6,7.1,15.8,78.2,-46.6,0.6,-1.0,RS41-SG,404.900,9.2,250,8,2.5,,
2026-10-08T00:49:19.005Z,Y1152986,8124,45.93223,9.34454,33491.0,5.8,17.9,81.1,-46.6,0.6,-1.0,RS41-SG,404.900,9.2,250,8,2.5,,
2026-10-08T00:49:20.005Z,Y1152986,8125,45.93225,9.34478,33496.3,4.6,19.8,84.9,-46.6,0.7,-1.0,RS41-SG,404.900,9.6,250,8,2.5,,
2026-10-08T00:49:21.005Z,Y1152986,8126,45.93226,9.34505,33500.8,4.4,21.6,89.3,-46.6,0.7,-1.0,RS41-SG,404.900,9.6,250,8,2.5,,
2026-10-08T00:49:22.005Z,Y1152986,8127,45.93226,9.34533,33505.5,5.0,22.8,94.5,-46.7,0.7,-1.0,RS41-SG,404.900,9.3,250,8,2.6,,
2026-10-08T00:49:23.005Z,Y1152986,8128,45.93223,9.34562,33510.9,5.7,23.2,99.2,-46.6,0.7,-1.0,RS41-SG,404.900,9.3,250,8,2.6,,
2026-10-08T00:49:24.005Z,Y1152986,8129,45.93219,9.34591,33516.4,5.0,23.0,101.7,-46.6,0.7,-1.0,RS41-SG,404.900,8.9,250,8,2.5,,
2026-10-08T00:49:25.005Z,Y1152986,8130,45.93215,9.34620,33521.5,5.2,22.3,101.8,-46.6,0.7,-1.0,RS41-SG,404.900,7.9,250,8,2.5,,
2026-10-08T00:49:26.005Z,Y1152986,8131,45.93212,9.34647,33527.1,5.8,21.4,99.0,-46.5,0.6,-1.0,RS41-SG,404.900,7.5,250,8,2.5,,
2026-10-08T00:49:27.005Z,Y1152986,8132,45.93210,9.34674,33533.2,6.2,20.8,93.8,-46.5,0.6,-1.0,RS41-SG,404.900,8.2,250,8,2.5,,
2026-10-08T00:49:28.005Z,Y1152986,8133,45.93210,9.34701,33539.3,5.9,20.4,87.2,-46.5,0.6,-1.0,RS41-SG,404.900,8.2,250,8,2.6,,
2026-10-08T00:49:29.005Z,Y1152986,8134,45.93211,9.34727,33544.5,4.4,20.3,82.0,-46.5,0.6,-1.0,RS41-SG,404.900,7.7,250,8,2.6,,
2026-10-08T00:49:30.005Z,Y1152986,8135,45.93214,9.34752,33548.6,3.9,20.0,79.0,-46.5,0.6,-1.0,RS41-SG,404.900,7.7,250,8,2.5,,
2026-10-08T00:49:32.005Z,Y1152986,8137,45.93220,9.34801,33558.2,5.8,18.6,82.4,-46.4,0.7,-1.0,RS41-SG,404.900,9.6,250,8,2.5,,
2026-10-08T00:49:36.005Z,Y1152986,8141,45.93216,9.34895,33579.8,5.1,20.2,101.7,-46.3,0.7,-1.0,RS41-SG,404.900,7.4,250,8,2.5,,
2026-10-08T00:49:37.005Z,Y1152986,8142,45.93212,9.34922,33585.4,6.1,22.3,100.3,-46.2,0.6,-1.0,RS41-SG,404.900,7.9,250,8,2.5,,
2026-10-08T00:49:38.005Z,Y1152986,8143,45.93209,9.34952,33591.4,5.7,24.4,97.7,-46.2,0.6,-1.0,RS41-SG,404.900,7.9,250,8,2.5,,
2026-10-08T00:49:39.005Z,Y1152986,8144,45.93206,9.34984,33596.4,4.3,25.8,95.0,-46.1,0.6,-1.0,RS41-SG,404.900,7.5,250,8,2.6,,
2026-10-08T00:49:40.005Z,Y1152986,8145,45.93205,9.35017,33600.5,4.2,26.5,92.3,-46.0,0.6,-1.0,RS41-SG,404.900,7.5,250,8,2.6,,
2026-10-08T00:49:41.005Z,Y1152986,8146,45.93204,9.35051,33605.3,5.2,26.1,91.1,-45.9,0.6,-1.0,RS41-SG,404.900,7.7,250,8,2.5,,
2026-10-08T00:49:42.005Z,Y1152986,8147,45.93204,9.35083,33610.9,6.0,24.6,90.8,-45.8,0.6,-1.0,RS41-SG,404.900,7.8,250,8,2.5,,
2026-10-08T00:49:43.005Z,Y1152986,8148,45.93203,9.35114,33616.7,5.5,22.9,91.5,-45.7,0.6,-1.0,RS41-SG,404.900,7.8,250,8,2.5,,
2026-10-08T00:49:44.005Z,Y1152986,8149,45.93203,9.35142,33621.8,4.5,21.4,92.6,-45.7,0.6,-1.0,RS41-SG,404.900,7.8,250,8,2.5,,
2026-10-08T00:49:45.005Z,Y1152986,8150,45.93202,9.35169,33626.3,4.6,20.6,93.3,-45.7,0.6,-1.0,RS41-SG,404.900,8.1,250,8,2.6,,
2026-10-08T00:49:46.005Z,Y1152986,8151,45.93201,9.35195,33631.4,5.5,20.4,93.0,-45.7,0.6,-1.0,RS41-SG,404.900,8.1,250,8,2.6,,
2026-10-08T00:49:47.005Z,Y1152986,8152,45.93200,9.35222,33637.3,6.1,21.0,92.5,-45.7,0.6,-1.0,RS41-SG,404.900,7.8,250,8,2.5,,
2026-10-08T00:49:48.005Z,Y1152986,8153,45.93199,9.35249,33642.8,4.8,21.6,92.0,-45.7,0.6,-1.0,RS41-SG,404.900,8.0,250,8,2.5,,
2026-10-08T00:49:49.005Z,Y1152986,8154,45.93198,9.35277,33647.5,4.5,22.3,92.6,-45.7,0.6,-1.0,RS41-SG,404.900,8.0,250,8,2.5,,
2026-10-08T00:49:50.005Z,Y1152986,8155,45.93197,9.35306,33652.4,5.1,22.4,94.3,-45.7,0.6,-1.0,RS41-SG,404.900,8.9,250,8,2.6,,
2026-10-08T00:49:51.005Z,Y1152986,8156,45.93195,9.35334,33657.7,5.4,22.0,96.4,-45.7,0.6,-1.0,RS41-SG,404.900,8.9,250,8,2.6,,
2026-10-08T00:49:52.005Z,Y1152986,8157,45.93193,9.35361,33663.0,5.4,21.2,98.8,-45.8,0.6,-1.0,RS41-SG,404.900,7.9,250,8,2.5,,
2026-10-08T00:49:53.005Z,Y1152986,8158,45.93190,9.35388,33668.3,5.1,20.0,100.4,-45.8,0.6,-1.0,RS41-SG,404.900,7.8,250,8,2.5,,
2026-10-08T00:49:54.005Z,Y1152986,8159,45.93187,9.35412,33673.1,4.5,19.1,100.0,-45.8,0.6,-1.0,RS41-SG,404.900,7.8,250,8,2.5,,
2026-10-08T00:49:58.005Z,Y1152986,8163,45.93185,9.35505,33693.9,5.2,18.9,83.7,-45.8,0.6,-1.0,RS41-SG,404.900,8.1,250,8,2.5,,
2026-10-08T00:49:59.005Z,Y1152986,8164,45.93186,9.35530,33698.9,5.0,19.7,84.6,-45.7,0.6,-1.0,RS41-SG,404.900,8.1,250,8,2.5,,
2026-10-08T00:50:00.005Z,Y1152986,8165,45.93187,9.35555,33704.2,5.6,20.4,89.1,-45.6,0.6,-1.0,RS41-SG,404.900,7.6,250,8,2.5,,
2026-10-08T00:50:01.005Z,Y1152986,8166,45.93186,9.35581,33710.0,6.1,20.5,96.5,-45.5,0.7,-1.0,RS41-SG,404.900,7.9,250,8,2.5,,
2026-10-08T00:50:02.005Z,Y1152986,8167,45.93183,9.35607,33716.1,5.9,20.7,105.0,-45.4,0.6,-1.0,RS41-SG,404.900,7.9,250,8,2.6,,
2026-10-08T00:50:03.005Z,Y1152986,8168,45.93177,9.35633,33721.2,4.4,20.8,112.0,-45.3,0.6,-1.0,RS41-SG,404.900,7.7,250,8,2.6,,
2026-10-08T00:50:04.005Z,Y1152986,8169,45.93169,9.35657,33725.4,3.8,20.8,116.6,-45.3,0.6,-1.0,RS41-SG,404.900,7.7,250,8,2.5,,
2026-10-08T00:50:06.005Z,Y1152986,8171,45.93153,9.35703,33735.3,6.1,19.5,114.8,-45.2,0.6,-1.0,RS41-SG,404.900,7.7,250,8,2.5,,
2026-10-08T00:50:08.005Z,Y1152986,8173,45.93143,9.35749,33748.3,5.9,18.3,99.1,-45.0,0.6,-1.0,RS41-SG,404.900,7.4,250,7,2.6,,
2026-10-08T00:50:11.005Z,Y1152986,8176,45.93143,9.35819,33762.2,5.4,17.9,85.8,-44.8,0.6,-1.0,RS41-SG,404.900,8.8,250,8,2.5,,
2026-10-08T00:50:12.005Z,Y1152986,8177,45.93144,9.35841,33768.2,6.5,17.3,88.5,-44.8,0.6,-1.0,RS41-SG,404.900,8.8,250,8,2.5,,
2026-10-08T00:50:14.005Z,Y1152986,8179,45.93141,9.35884,33780.5,5.3,16.3,101.6,-44.8,0.6,-1.0,RS41-SG,404.900,7.6,250,8,2.6,,
2026-10-08T00:50:15.005Z,Y1152986,8180,45.93137,9.35904,33785.5,4.6,16.3,107.1,-44.8,0.6,-1.0,RS41-SG,404.900,7.8,250,8,2.5,,
2026-10-08T00:50:18.005Z,Y1152986,8183,45.93123,9.35964,33801.6,6.5,17.0,104.8,-44.9,0.6,-1.0,RS41-SG,404.900,6.9,250,8,2.5,,
2026-10-08T00:50:19.005Z,Y1152986,8184,45.93120,9.35986,33808.3,6.9,17.8,100.1,-44.9,0.6,-1.0,RS41-SG,404.900,7.7,250,8,2.6,,
2026-10-08T00:50:20.005Z,Y1152986,8185,45.93118,9.36009,33814.4,5.1,18.4,95.9,-44.9,0.6,-1.0,RS41-SG,404.900,7.7,250,8,2.6,,
2026-10-08T00:50:22.005Z,Y1152986,8187,45.93115,9.36058,33824.2,5.4,19.3,93.6,-45.0,0.6,-1.0,RS41-SG,404.900,7.7,250,8,2.5,,
2026-10-08T00:50:23.005Z,Y1152986,8188,45.93114,9.36082,33830.2,6.7,19.2,96.8,-45.0,0.6,-1.0,RS41-SG,404.900,8.7,250,8,2.5,,
2026-10-08T00:50:24.005Z,Y1152986,8189,45.93111,9.36106,33836.8,6.5,18.5,101.3,-45.1,0.6,-1.0,RS41-SG,404.900,8.7,250,8,2.6,,
2026-10-08T00:50:25.005Z,Y1152986,8190,45.93107,9.36129,33842.7,5.3,17.9,105.4,-45.1,0.6,-1.0,RS41-SG,404.900,9.2,250,8,2.6,,
2026-10-08T00:50:26.005Z,Y1152986,8191,45.93103,9.36150,33848.0,5.5,16.9,108.0,-45.1,0.6,-1.0,RS41-SG,404.900,9.2,250,8,2.5,,
2026-10-08T00:50:27.005Z,Y1152986,8192,45.93098,9.36170,33853.9,6.2,16.0,107.2,-45.2,0.6,-1.0,RS41-SG,404.900,8.6,250,8,2.5,,
2026-10-08T00:50:30.005Z,Y1152986,8195,45.93091,9.36227,33872.8,5.5,14.4,95.3,-45.3,0.6,-1.0,RS41,404.900,8.4,250,8,2.6,,
2026-10-08T00:50:33.005Z,Y1152986,8198,45.93087,9.36282,33890.8,7.0,14.8,99.1,-45.4,0.6,-1.0,RS41,404.900,9.1,250,8,2.5,,
2026-10-08T00:50:34.005Z,Y1152986,8199,45.93084,9.36301,33897.6,6.5,15.2,101.9,-45.4,0.7,-1.0,RS41,404.900,9.1,250,8,2.5,,
2026-10-08T00:50:35.005Z,Y1152986,8200,45.93081,9.36321,33903.6,5.6,15.6,102.3,-45.5,0.7,-1.0,RS41,404.900,8.4,250,8,2.5,,
2026-10-08T00:50:37.005Z,Y1152986,8202,45.93077,9.36361,33915.3,6.1,16.4,94.9,-45.5,0.6,-1.0,RS41,404.900,7.7,250,8,2.6,,
2026-10-08T00:50:38.005Z,Y1152986,8203,45.93076,9.36382,33921.5,6.4,16.8,88.9,-45.5,0.6,-1.0,RS41,404.900,7.9,250,8,2.5,,
2026-10-08T00:50:39.005Z,Y1152986,8204,45.93077,9.36404,33927.8,6.2,17.1,83.1,-45.5,0.6,-1.0,RS41,404.900,7.9,250,8,2.5,,
2026-10-08T00:50:40.005Z,Y1152986,8205,45.93080,9.36425,33934.0,5.9,16.7,78.4,-45.4,0.6,-1.0,RS41,404.900,7.8,250,8,2.5,,
2026-10-08T00:50:42.005Z,Y1152986,8207,45.93086,9.36465,33946.2,6.4,14.3,79.0,-45.4,0.6,-1.0,RS41,404.900,7.5,250,8,2.6,,
2026-10-08T00:50:44.005Z,Y1152986,8209,45.93087,9.36497,33959.8,6.8,11.6,96.9,-45.3,0.6,-1.0,RS41,404.900,8.4,250,8,2.5,,
2026-10-08T00:50:45.005Z,Y1152986,8210,45.93085,9.36512,33966.0,5.6,11.9,105.8,-45.2,0.6,-1.0,RS41,404.900,8.4,250,8,2.5,,
2026-10-08T00:50:49.005Z,Y1152986,8214,45.93072,9.36582,33992.7,7.2,16.5,93.4,-45.2,0.6,-1.0,RS41,404.900,8.8,250,8,2.5,,
2026-10-08T00:50:50.005Z,Y1152986,8215,45.93072,9.36603,33998.9,5.4,17.1,86.2,-45.2,0.6,-1.0,RS41,404.900,8.8,250,8,2.5,,
2026-10-08T00:50:51.005Z,Y1152986,8216,45.93074,9.36625,34004.2,5.0,17.6,79.9,-45.2,0.6,-1.0,RS41,404.900,8.7,250,8,2.5,,
2026-10-08T00:50:52.005Z,Y1152986,8217,45.93077,9.36647,34009.7,6.0,17.0,75.1,-45.2,0.6,-1.0,RS41,404.900,8.7,250,8,2.5,,
2026-10-08T00:50:53.005Z,Y1152986,8218,45.93081,9.36667,34016.5,7.4,15.5,73.4,-45.3,0.6,-1.0,RS41,404.900,9.1,250,8,2.6,,
2026-10-08T00:50:54.005Z,Y1152986,8219,45.93085,9.36685,34024.1,7.6,13.4,73.6,-45.3,0.6,-1.0,RS41,404.900,9.1,250,8,2.6,,
2026-10-08T00:50:55.005Z,Y1152986,8220,45.93088,9.36700,34031.0,6.3,11.5,74.6,-45.3,0.6,-1.0,RS41,404.900,8.9,250,8,2.6,,
2026-10-08T00:50:56.005Z,Y1152986,8221,45.93090,9.36714,34037.2,5.9,9.9,77.2,-45.2,0.6,-1.0,RS41,404.900,8.3,250,8,2.5,,
2026-10-08T00:50:57.005Z,Y1152986,8222,45.93092,9.36725,34043.3,6.4,8.9,77.8,-45.2,0.6,-1.0,RS41,404.900,7.6,250,8,2.5,,
2026-10-08T00:51:00.005Z,Y1152986,8225,45.93099,9.36761,34064.6,6.2,10.7,73.0,-45.1,0.6,-1.0,RS41,404.900,6.5,250,8,2.5,,
2026-10-08T00:51:01.005Z,Y1152986,8226,45.93102,9.36774,34070.7,6.0,11.7,73.1,-45.1,0.6,-1.0,RS41,404.900,6.6,250,8,2.6,,
2026-10-08T00:51:02.005Z,Y1152986,8227,45.93105,9.36790,34076.9,6.3,12.8,75.3,-45.1,0.6,-1.0,RS41,404.900,7.2,250,8,2.6,,
2026-10-08T00:51:03.005Z,Y1152986,8228,45.93107,9.36806,34083.6,7.0,13.4,79.1,-45.1,0.6,-1.0,RS41,404.900,7.2,250,8,2.5,,
2026-10-08T00:51:04.005Z,Y1152986,8229,45.93109,9.36823,34090.9,7.5,13.9,82.6,-45.1,0.6,-1.0,RS41,404.900,6.9,250,8,2.5,,
2026-10-08T00:51:05.005Z,Y1152986,8230,45.93110,9.36841,34098.1,6.9,14.1,84.4,-45.0,0.6,-1.0,RS41,404.900,7.1,250,8,2.5,,
2026-10-08T00:51:06.005Z,Y1152986,8231,45.93112,9.36859,34104.6,6.1,14.5,84.0,-45.0,0.6,-1.0,RS41,404.900,7.1,250,8,2.6,,
2026-10-08T00:51:07.005Z,Y1152986,8232,45.93113,9.36878,34110.7,6.1,14.9,82.1,-44.9,0.6,-1.0,RS41,404.900,7.0,250,8,2.6,,
2026-10-08T00:51:08.005Z,Y1152986,8233,45.93116,9.36897,34116.9,6.4,15.5,78.3,-44.9,0.6,-1.0,RS41,404.900,7.0,250,8,2.5,,
2026-10-08T00:51:09.005Z,Y1152986,8234,45.93119,9.36917,34123.6,6.9,16.3,74.4,-44.9,0.6,-1.0,RS41,404.900,7.6,250,8,2.5,,
2026-10-08T00:51:10.005Z,Y1152986,8235,45.93123,9.36937,34130.6,7.0,16.8,71.2,-44.9,0.6,-1.0,RS41,404.900,7.6,250,8,2.5,,
2026-10-08T00:51:11.005Z,Y1152986,8236,45.93128,9.36958,34137.4,6.6,16.8,70.4,-44.8,0.6,-1.0,RS41,404.900,7.5,250,8,2.5,,
2026-10-08T00:51:12.005Z,Y1152986,8237,45.93133,9.36978,34143.9,6.7,16.1,71.4,-44.8,0.6,-1.0,RS41,404.900,7.8,250,8,2.6,,
2026-10-08T00:51:13.005Z,Y1152986,8238,45.93137,9.36997,34150.9,7.3,14.8,76.9,-44.7,0.6,-1.0,RS41,404.900,7.8,250,8,2.6,,
2026-10-08T00:51:14.005Z,Y1152986,8239,45.93139,9.37015,34158.3,7.4,13.4,85.7,-44.7,0.6,-1.0,RS41,404.900,7.8,250,8,2.5,,
2026-10-08T00:51:15.005Z,Y1152986,8240,45.93139,9.37031,34165.4,6.7,12.7,95.8,-44.7,0.6,-1.0,RS41,404.900,8.0,250,8,2.5,,
2026-10-08T00:51:16.005Z,Y1152986,8241,45.93137,9.37047,34171.6,5.7,12.6,103.3,-44.6,0.6,-1.0,RS41,404.900,8.0,250,8,2.5,,
2026-10-08T00:51:18.005Z,Y1152986,8243,45.93131,9.37080,34184.4,7.2,13.7,102.4,-44.5,0.6,-1.0,RS41,404.900,6.3,250,8,2.6,,
2026-10-08T00:51:20.005Z,Y1152986,8245,45.93129,9.37118,34199.5,7.6,16.4,86.8,-44.5,0.6,-1.0,RS41,404.900,7.2,250,8,2.5,,
2026-10-08T00:51:22.005Z,Y1152986,8247,45.93134,9.37162,34212.1,5.4,18.5,76.9,-44.5,0.6,-1.0,RS41,404.900,7.8,250,8,2.5,,
2026-10-08T00:51:23.005Z,Y1152986,8248,45.93138,9.37185,34218.0,6.3,18.5,75.6,-44.5,0.6,-1.0,RS41,404.900,7.8,250,8,2.6,,
2026-10-08T00:51:24.005Z,Y1152986,8249,45.93142,9.37208,34225.2,7.8,17.4,77.9,-44.5,0.6,-1.0,RS41,404.900,7.8,250,8,2.6,,
2026-10-08T00:51:25.005Z,Y1152986,8250,45.93144,9.37229,34233.2,8.0,15.8,84.2,-44.5,0.6,-1.0,RS41,404.900,8.0,250,8,2.5,,
2026-10-08T00:51:28.005Z,Y1152986,8253,45.93141,9.37284,34252.5,6.1,14.0,104.3,-44.6,0.6,-1.0,RS41,404.900,6.7,250,8,2.5,,
2026-10-08T00:51:29.005Z,Y1152986,8254,45.93138,9.37302,34259.0,7.0,14.4,105.3,-44.7,0.6,-1.0,RS41,404.900,7.8,250,8,2.6,,
2026-10-08T00:51:30.005Z,Y1152986,8255,45.93134,9.37320,34266.6,8.1,15.2,102.8,-44.7,0.6,-1.0,RS41,404.900,7.8,250,8,2.6,,
2026-10-08T00:51:31.005Z,Y1152986,8256,45.93132,9.37340,34274.3,7.4,16.1,98.4,-44.8,0.6,-1.0,RS41,404.900,7.4,250,8,2.5,,
2026-10-08T00:51:32.005Z,Y1152986,8257,45.93130,9.37361,34281.1,6.1,16.6,95.5,-44.8,0.6,-1.0,RS41,404.900,7.5,250,8,2.5,,
2026-10-08T00:51:33.005Z,Y1152986,8258,45.93129,9.37382,34287.3,6.3,16.9,92.9,-44.9,0.6,-1.0,RS41,404.900,7.5,250,8,2.5,,
2026-10-08T00:51:34.005Z,Y1152986,8259,45.93128,9.37403,34294.0,7.0,16.5,92.2,-44.9,0.6,-1.0,RS41,404.900,7.9,250,8,2.6,,
2026-10-08T00:51:35.005Z,Y1152986,8260,45.93128,9.37424,34301.2,7.4,15.8,93.3,-44.9,0.6,-1.0,RS41,404.900,7.9,250,8,2.6,,
2026-10-08T00:51:36.005Z,Y1152986,8261,45.93126,9.37444,34308.7,7.5,15.0,96.2,-45.0,0.6,-1.0,RS41,404.900,7.9,250,8,2.5,,
2026-10-08T00:51:37.005Z,Y1152986,8262,45.93125,9.37462,34316.0,7.0,14.1,100.1,-45.0,0.6,-1.0,RS41,404.900,7.6,250,8,2.5,,
2026-10-08T00:51:39.005Z,Y1152986,8264,45.93119,9.37497,34329.7,6.6,14.2,103.7,-45.1,0.6,-1.0,RS41,404.900,7.2,250,8,2.5,,
2026-10-08T00:51:40.005Z,Y1152986,8265,45.93116,9.37516,34336.3,6.7,14.9,100.8,-45.2,0.6,-1.0,RS41,404.900,7.2,250,8,2.6,,
2026-10-08T00:51:41.005Z,Y1152986,8266,45.93114,9.37535,34343.2,7.0,15.8,95.9,-45.2,0.6,-1.0,RS41,404.900,8.5,250,8,2.6,,
2026-10-08T00:51:42.005Z,Y1152986,8267,45.93114,9.37556,34350.2,6.9,16.6,90.1,-45.3,0.6,-1.0,RS41,404.900,8.5,250,8,2.5,,
2026-10-08T00:51:43.005Z,Y1152986,8268,45.93114,9.37577,34357.0,6.7,17.2,84.7,-45.3,0.6,-1.0,RS41,404.900,8.4,250,8,2.5,,
2026-10-08T00:51:44.005Z,Y1152986,8269,45.93116,9.37599,34363.7,6.4,17.2,80.2,-45.4,0.7,-1.0,RS41,404.900,9.2,250,8,2.5,,
2026-10-08T00:51:45.005Z,Y1152986,8270,45.93119,9.37620,34370.4,6.8,16.4,78.1,-45.4,0.6,-1.0,RS41,404.900,9.2,250,8,2.5,,
2026-10-08T00:51:46.005Z,Y1152986,8271,45.93122,9.37640,34377.4,7.4,14.9,79.7,-45.5,0.6,-1.0,RS41,404.900,8.1,250,8,2.6,,
2026-10-08T00:51:47.005Z,Y1152986,8272,45.93123,9.37658,34384.9,7.6,13.1,85.8,-45.6,0.6,-1.0,RS41,404.900,8.6,250,8,2.6,,
2026-10-08T00:51:48.005Z,Y1152986,8273,45.93123,9.37674,34392.2,7.1,12.0,96.5,-45.6,0.6,-1.0,RS41,404.900,9.1,250,8,2.5,,
2026-10-08T00:51:49.005Z,Y1152986,8274,45.93121,9.37689,34399.0,6.5,12.0,109.4,-45.6,0.6,-1.0,RS41,404.900,9.1,250,8,2.5,,
2026-10-08T00:51:50.005Z,Y1152986,8275,45.93116,9.37703,34405.4,6.2,13.3,117.9,-45.7,0.6,-1.0,RS41,404.900,9.1,250,8,2.5,,
2026-10-08T00:51:51.005Z,Y1152986,8276,45.93110,9.37720,34411.7,6.5,15.4,120.6,-45.7,0.6,-1.0,RS41,404.900,9.1,250,8,2.6,,
2026-10-08T00:51:52.005Z,Y1152986,8277,45.93103,9.37738,34418.5,7.3,17.6,117.9,-45.8,0.6,-1.0,RS41,404.900,9.1,250,8,2.6,,
2026-10-08T00:51:53.005Z,Y1152986,8278,45.93096,9.37760,34425.9,7.6,19.4,111.7,-45.8,0.7,-1.0,RS41,404.900,8.8,250,8,2.5,,
2026-10-08T00:51:54.005Z,Y1152986,8279,45.93090,9.37784,34433.5,7.6,20.9,104.1,-45.9,0.6,-1.0,RS41,404.900,8.8,250,8,2.5,,
2026-10-08T00:51:55.005Z,Y1152986,8280,45.93087,9.37811,34441.0,7.4,21.6,96.5,-45.9,0.7,-1.0,RS41,404.900,8.4,250,8,2.5,,
2026-10-08T00:51:56.005Z,Y1152986,8281,45.93086,9.37838,34448.3,7.3,21.4,88.9,-45.9,0.7,-1.0,RS41,404.900,8.7,250,8,2.5,,
2026-10-08T00:51:57.005Z,Y1152986,8282,45.93088,9.37865,34455.6,7.3,20.0,81.3,-46.0,0.7,-1.0,RS41,404.900,8.7,250,8,2.6,,
2026-10-08T00:51:58.005Z,Y1152986,8283,45.93091,9.37889,34462.9,7.3,17.9,75.3,-46.0,0.7,-1.0,RS41,404.900,8.7,250,8,2.6,,
2026-10-08T00:51:59.005Z,Y1152986,8284,45.93095,9.37909,34470.1,7.3,14.8,71.4,-46.0,0.6,-1.0,RS41,404.900,8.7,250,8,2.5,,
2026-10-08T00:52:00.005Z,Y1152986,8285,45.93099,9.37925,34477.1,6.9,11.6,73.0,-46.0,0.6,-1.0,RS41,404.900,9.0,250,8,2.5,,
2026-10-08T00:52:01.005Z,Y1152986,8286,45.93101,9.37938,34484.1,6.9,9.2,85.3,-46.0,0.7,-1.0,RS41,404.900,9.0,250,8,2.5,,
2026-10-08T00:52:05.005Z,Y1152986,8290,45.93083,9.37995,34511.7,7.0,18.8,116.6,-46.0,0.7,-1.0,RS41,404.900,8.5,250,8,2.5,,
2026-10-08T00:52:06.005Z,Y1152986,8291,45.93076,9.38019,34518.8,6.9,21.6,110.0,-46.0,0.6,-1.0,RS41,404.900,8.5,250,8,2.5,,
2026-10-08T00:52:08.005Z,Y1152986,8293,45.93066,9.38077,34531.6,6.0,23.7,96.1,-46.0,0.7,-1.0,RS41,404.900,8.9,250,8,2.6,,
2026-10-08T00:52:09.005Z,Y1152986,8294,45.93065,9.38106,34537.7,6.3,22.8,89.2,-46.0,0.7,-1.0,RS41,404.900,8.9,250,8,2.6,,
2026-10-08T00:52:10.005Z,Y1152986,8295,45.93067,9.38134,34544.3,6.7,20.5,83.2,-46.0,0.6,-1.0,RS41,404.900,9.1,250,8,2.5,,
2026-10-08T00:52:11.005Z,Y1152986,8296,45.93069,9.38158,34551.2,6.9,17.6,79.3,-46.0,0.7,-1.0,RS41,404.900,10.0,250,8,2.5,,
2026-10-08T00:52:12.005Z,Y1152986,8297,45.93072,9.38178,34558.0,6.9,14.2,79.1,-46.0,0.7,-1.0,RS41-SG,404.900,10.0,250,8,2.5,,
2026-10-08T00:52:13.005Z,Y1152986,8298,45.93073,9.38195,34564.8,6.6,11.6,85.3,-46.0,0.7,-1.0,RS41-SG,404.900,8.6,250,8,2.6,,
2026-10-08T00:52:14.005Z,Y1152986,8299,45.93073,9.38209,34571.3,6.6,10.6,98.6,-46.1,0.6,-1.0,RS41-SG,404.900,9.1,250,8,2.6,,
2026-10-08T00:52:15.005Z,Y1152986,8300,45.93071,9.38223,34578.2,7.0,11.9,111.4,-46.1,0.6,-1.0,RS41-SG,404.900,9.1,250,8,2.5,,
2026-10-08T00:52:16.005Z,Y1152986,8301,45.93066,9.38238,34585.5,7.6,14.9,117.4,-46.1,0.6,-1.0,RS41-SG,404.900,9.0,250,8,2.5,,
2026-10-08T00:52:17.005Z,Y1152986,8302,45.93059,9.38257,34593.2,7.6,18.1,117.1,-46.1,0.7,-1.0,RS41-SG,404.900,9.8,250,8,2.5,,
2026-10-08T00:52:18.005Z,Y1152986,8303,45.93051,9.38280,34600.2,6.4,20.9,114.5,-46.1,0.7,-1.0,RS41-SG,404.900,9.8,250,8,2.5,,
2026-10-08T00:52:19.005Z,Y1152986,8304,45.93044,9.38305,34606.1,5.5,22.7,111.2,-46.1,0.6,-1.0,RS41-SG,404.900,10.3,250,8,2.6,,
2026-10-08T00:52:20.005Z,Y1152986,8305,45.93037,9.38333,34611.8,5.9,23.5,107.9,-46.1,0.6,-1.0,RS41-SG,404.900,11.0,250,8,2.6,,
2026-10-08T00:52:21.005Z,Y1152986,8306,45.93031,9.38362,34618.4,7.1,22.9,104.8,-46.1,0.7,-1.0,RS41-SG,404.900,11.0,250,8,2.5,,
2026-10-08T00:52:22.005Z,Y1152986,8307,45.93026,9.38389,34625.8,7.7,21.1,102.8,-46.1,0.7,-1.0,RS41-SG,404.900,9.6,250,8,2.5,,
2026-10-08T00:52:23.005Z,Y1152986,8308,45.93022,9.38414,34633.6,7.6,18.7,101.6,-46.2,0.6,-1.0,RS41-SG,404.900,9.5,250,8,2.5,,
2026-10-08T00:52:24.005Z,Y1152986,8309,45.93019,9.38436,34641.1,7.1,16.4,101.1,-46.2,0.6,-1.0,RS41-SG,404.900,9.2,250,8,2.6,,
2026-10-08T00:52:25.005Z,Y1152986,8310,45.93017,9.38456,34647.8,6.3,14.7,100.6,-46.2,0.6,-1.0,RS41-SG,404.900,8.9,250,8,2.6,,
2026-10-08T00:52:26.005Z,Y1152986,8311,45.93014,9.38474,34654.0,6.1,13.8,100.9,-46.2,0.6,-1.0,RS41-SG,404.900,7.9,250,8,2.5,,
2026-10-08T00:52:27.005Z,Y1152986,8312,45.93012,9.38491,34660.4,6.5,14.1,100.3,-46.2,0.7,-1.0,RS41-SG,404.900,8.1,250,8,2.5,,
2026-10-08T00:52:28.005Z,Y1152986,8313,45.93010,9.38510,34667.3,7.3,15.4,99.1,-46.2,0.6,-1.0,RS41-SG,404.900,9.6,250,8,2.5,,
2026-10-08T00:52:29.005Z,Y1152986,8314,45.93008,9.38531,34674.8,7.5,17.4,97.6,-46.2,0.6,-1.0,RS41-SG,404.900,10.1,250,8,2.5,,
2026-10-08T00:52:30.005Z,Y1152986,8315,45.93006,9.38554,34681.9,6.9,19.4,96.6,-46.2,0.7,-1.0,RS41-SG,404.900,10.1,250,8,2.6,,
2026-10-08T00:52:31.005Z,Y1152986,8316,45.93004,9.38580,34688.4,6.1,20.8,96.6,-46.1,0.6,-1.0,RS41-SG,404.900,10.1,250,8,2.6,,
2026-10-08T00:52:32.005Z,Y1152986,8317,45.93001,9.38607,34694.6,6.2,21.5,98.3,-46.0,0.6,-1.0,RS41-SG,404.900,10.1,250,8,2.5,,
2026-10-08T00:52:33.005Z,Y1152986,8318,45.92998,9.38634,34701.1,6.8,21.4,101.8,-46.0,0.6,-1.0,RS41-SG,404.900,7.6,250,8,2.5,,
2026-10-08T00:52:34.005Z,Y1152986,8319,45.92993,9.38660,34708.1,7.2,20.6,106.5,-46.0,0.6,-1.0,RS41-SG,404.900,7.6,250,8,2.5,,
2026-10-08T00:52:35.005Z,Y1152986,8320,45.92987,9.38684,34715.3,7.2,19.6,112.5,-45.9,0.6,-1.0,RS41-SG,404.900,6.9,250,8,2.6,,
2026-10-08T00:52:37.005Z,Y1152986,8322,45.92972,9.38727,34728.2,6.0,18.2,120.9,-45.9,0.6,-1.0,RS41-SG,404.900,7.0,250,8,2.5,,
2026-10-08T00:52:41.005Z,Y1152986,8326,45.92943,9.38811,34755.3,6.7,19.6,106.3,-45.7,0.6,-1.0,RS41-SG,404.900,6.5,250,8,2.6,,
2026-10-08T00:52:42.005Z,Y1152986,8327,45.92939,9.38836,34761.8,6.1,20.8,102.1,-45.6,0.6,-1.0,RS41-SG,404.900,7.4,250,8,2.6,,
2026-10-08T00:52:46.005Z,Y1152986,8331,45.92921,9.38943,34787.6,7.2,20.4,111.5,-45.2,0.6,-1.0,RS41-SG,404.900,9.2,250,8,2.6,,
2026-10-08T00:52:47.005Z,Y1152986,8332,45.92914,9.38966,34794.7,6.8,19.0,119.2,-45.2,0.6,-1.0,RS41-SG,404.900,10.3,250,8,2.6,,
2026-10-08T00:52:48.005Z,Y1152986,8333,45.92905,9.38986,34801.1,6.1,17.9,127.1,-45.1,0.6,-1.0,RS41-SG,404.900,10.3,250,8,2.5,,
2026-10-08T00:52:49.005Z,Y1152986,8334,45.92895,9.39003,34807.1,5.8,16.9,133.7,-45.1,0.6,-1.0,RS41-SG,404.900,9.7,250,8,2.5,,
2026-10-08T00:52:50.005Z,Y1152986,8335,45.92884,9.39018,34813.0,5.9,16.0,136.0,-45.1,0.6,-1.0,RS41-SG,404.900,9.2,250,8,2.5,,
2026-10-08T00:52:51.005Z,Y1152986,8336,45.92875,9.39032,34819.4,6.7,15.3,132.7,-45.1,0.6,-1.0,RS41-SG,404.900,9.9,250,8,2.5,,
2026-10-08T00:52:52.005Z,Y1152986,8337,45.92866,9.39048,34826.4,7.4,15.4,123.3,-45.2,0.6,-1.0,RS41-SG,404.900,9.9,250,8,2.6,,
2026-10-08T00:52:53.005Z,Y1152986,8338,45.92859,9.39066,34833.8,7.2,16.5,112.6,-45.2,0.6,-1.0,RS41-SG,404.900,9.8,250,8,2.6,,
2026-10-08T00:52:54.005Z,Y1152986,8339,45.92854,9.39087,34840.3,5.6,18.5,105.4,-45.2,0.6,-1.0,RS41-SG,404.900,9.5,250,8,2.5,,
2026-10-08T00:52:55.005Z,Y1152986,8340,45.92850,9.39111,34845.2,4.4,20.5,101.3,-45.3,0.6,-1.0,RS41-SG,404.900,10.2,250,8,2.5,,
2026-10-08T00:52:56.005Z,Y1152986,8341,45.92847,9.39138,34850.1,5.1,22.3,101.0,-45.3,0.6,-1.0,RS41-SG,404.900,10.2,250,8,2.5,,
2026-10-08T00:52:57.005Z,Y1152986,8342,45.92842,9.39166,34856.0,6.6,22.9,104.5,-45.3,0.6,-1.0,RS41-SG,404.900,9.9,250,8,2.6,,
2026-10-08T00:52:58.005Z,Y1152986,8343,45.92836,9.39194,34863.1,7.6,22.2,110.2,-45.4,0.6,-1.0,RS41-SG,404.900,9.5,250,8,2.6,,
2026-10-08T00:52:59.005Z,Y1152986,8344,45.92829,9.39219,34870.3,6.6,21.2,117.0,-45.4,0.6,-1.0,RS41-SG,404.900,9.2,250,8,2.5,,
2026-10-08T00:53:00.005Z,Y1152986,8345,45.92819,9.39242,34876.1,5.0,20.1,123.6,-45.4,0.6,-1.0,RS41-SG,404.900,10.0,250,8,2.5,,
2026-10-08T00:53:01.005Z,Y1152986,8346,45.92809,9.39262,34880.9,4.5,18.9,129.5,-45.5,0.6,-1.0,RS41-SG,404.900,10.0,250,8,2.5,,
2026-10-08T00:53:02.005Z,Y1152986,8347,45.92798,9.39280,34885.8,5.2,17.7,132.9,-45.5,0.6,-1.0,RS41-SG,404.900,9.6,250,8,2.5,,
2026-10-08T00:53:03.005Z,Y1152986,8348,45.92788,9.39296,34891.5,6.2,16.3,131.7,-45.6,0.6,-1.0,RS41-SG,404.900,9.0,250,8,2.6,,
2026-10-08T00:53:04.005Z,Y1152986,8349,45.92779,9.39312,34897.9,6.5,15.3,126.2,-45.6,0.6,-1.0,RS41-SG,404.900,9.0,250,8,2.6,,
2026-10-08T00:53:05.005Z,Y1152986,8350,45.92772,9.39328,34904.1,5.8,14.6,118.2,-45.7,0.6,-1.0,RS41-SG,404.900,9.0,250,8,2.5,,
2026-10-08T00:53:06.005Z,Y1152986,8351,45.92767,9.39345,34909.6,5.1,14.5,109.8,-45.7,0.6,-1.0,RS41-SG,404.900,9.2,250,8,2.5,,
2026-10-08T00:53:07.005Z,Y1152986,8352,45.92763,9.39363,34914.8,5.0,14.8,103.6,-45.7,0.7,-1.0,RS41-SG,404.900,9.7,250,8,2.5,,
2026-10-08T00:53:08.005Z,Y1152986,8353,45.92760,9.39382,34919.9,5.2,15.2,101.1,-45.8,0.6,-1.0,RS41-SG,404.900,9.7,250,8,2.6,,
2026-10-08T00:53:09.005Z,Y1152986,8354,45.92757,9.39401,34925.3,5.7,15.5,103.1,-45.8,0.6,-1.0,RS41-SG,404.900,10.0,250,8,2.6,,
2026-10-08T00:53:10.005Z,Y1152986,8355,45.92753,9.39420,34931.4,6.3,15.8,109.5,-45.8,0.6,-1.0,RS41-SG,404.900,10.8,250,8,2.5,,
2026-10-08T00:53:11.005Z,Y1152986,8356,45.92747,9.39439,34937.5,6.0,16.7,117.0,-45.9,0.6,-1.0,RS41-SG,404.900,10.8,250,8,2.5,,
2026-10-08T00:53:12.005Z,Y1152986,8357,45.92739,9.39458,34943.1,5.3,18.0,124.3,-45.9,0.6,-1.0,RS41-SG,404.900,9.9,250,8,2.5,,
2026-10-08T00:53:13.005Z,Y1152986,8358,45.92729,9.39478,34948.1,4.7,19.6,129.2,-46.0,0.7,-1.0,RS41-SG,404.900,9.7,250,8,2.5,,
2026-10-08T00:53:14.005Z,Y1152986,8359,45.92718,9.39497,34952.9,4.9,20.8,131.0,-46.0,0.6,-1.0,RS41-SG,404.900,9.8,250,8,2.6,,
2026-10-08T00:53:15.005Z,Y1152986,8360,45.92706,9.39518,34958.1,5.5,21.1,129.4,-46.0,0.6,-1.0,RS41-SG,404.900,10.1,250,8,2.6,,
2026-10-08T00:53:16.005Z,Y1152986,8361,45.92694,9.39539,34964.0,6.2,20.4,124.4,-46.0,0.6,-1.0,RS41-SG,404.900,10.1,250,8,2.5,,
2026-10-08T00:53:17.005Z,Y1152986,8362,45.92685,9.39561,34970.2,6.1,18.8,116.8,-46.1,0.6,-1.0,RS41-SG,404.900,10.7,250,8,2.5,,
2026-10-08T00:53:18.005Z,Y1152986,8363,45.92679,9.39582,34976.0,5.3,17.0,107.6,-46.1,0.6,-1.0,RS41-SG,404.900,10.7,250,8,2.5,,
2026-10-08T00:53:19.005Z,Y1152986,8364,45.92676,9.39602,34980.7,4.1,15.2,98.0,-46.1,0.6,-1.0,RS41-SG,404.900,10.6,250,8,2.6,,
2026-10-08T00:53:20.005Z,Y1152986,8365,45.92675,9.39620,34986.2,7.0,13.1,88.5,-46.1,0.6,-1.0,RS41-SG,404.900,10.2,250,8,2.6,,
2026-10-08T00:53:21.005Z,Y1152986,8366,45.92676,9.39637,34987.5,-3.7,13.0,87.9,-46.1,0.6,-1.0,RS41-SG,404.900,9.9,250,8,2.5,,
2026-10-08T00:53:22.005Z,Y1152986,8367,45.92676,9.39654,34978.6,-13.5,13.1,88.5,-46.1,0.6,-1.0,RS41-SG,404.900,9.9,250,8,2.5,,
2026-10-08T00:53:23.005Z,Y1152986,8368,45.92676,9.39671,34960.8,-21.5,13.3,92.3,-46.0,0.6,-1.0,RS41-SG,404.900,9.9,250,8,2.4,,
2026-10-08T00:53:24.005Z,Y1152986,8369,45.92674,9.39690,34940.4,-19.4,17.1,106.8,-46.0,0.6,-1.0,RS41-SG,404.900,10.5,250,8,2.4,,
2026-10-08T00:53:25.005Z,Y1152986,8370,45.92668,9.39712,34919.8,-21.6,19.8,114.1,-45.9,0.6,-1.0,RS41-SG,404.900,10.5,250,8,2.5,,
2026-10-08T00:53:26.005Z,Y1152986,8371,45.92660,9.39736,34896.0,-25.9,21.4,117.5,-45.8,0.6,-1.0,RS41-SG,404.900,10.2,250,8,2.6,,
2026-10-08T00:53:27.005Z,Y1152986,8372,45.92650,9.39760,34868.0,-30.0,22.4,120.2,-45.6,0.6,-1.0,RS41-SG,404.900,10.2,250,8,2.5,,
2026-10-08T00:53:28.005Z,Y1152986,8373,45.92640,9.39785,34837.7,-30.5,23.1,123.1,-45.3,0.6,-1.0,RS41-SG,404.900,10.4,250,8,2.5,,
2026-10-08T00:53:29.005Z,Y1152986,8374,45.92628,9.39809,34807.3,-30.2,23.3,125.8,-45.1,0.6,-1.0,RS41-SG,404.900,10.5,250,8,2.4,,
2026-10-08T00:53:30.005Z,Y1152986,8375,45.92616,9.39833,34775.6,-33.0,22.6,126.2,-45.0,0.6,-1.0,RS41-SG,404.900,10.5,250,8,2.5,,
2026-10-08T00:53:31.005Z,Y1152986,8376,45.92604,9.39856,34739.0,-40.0,22.0,125.5,-45.2,0.6,-1.0,RS41-SG,404.900,10.6,250,8,2.5,,
2026-10-08T00:53:32.005Z,Y1152986,8377,45.92593,9.39879,34696.4,-45.2,21.1,124.1,-45.3,0.6,-1.0,RS41-SG,404.900,10.6,250,8,2.4,,
2026-10-08T00:53:33.005Z,Y1152986,8378,45.92583,9.39901,34648.2,-50.8,20.3,122.5,-45.5,0.6,-1.0,RS41-SG,404.900,9.9,250,8,2.4,,
2026-10-08T00:53:34.005Z,Y1152986,8379,45.92574,9.39923,34595.0,-55.6,19.5,119.3,-45.5,0.6,-1.0,RS41-SG,404.900,9.5,250,8,2.4,,
2026-10-08T00:53:35.005Z,Y1152986,8380,45.92566,9.39945,34537.8,-58.7,18.4,116.9,-45.5,0.6,-1.0,RS41-SG,404.900,10.1,250,8,2.4,,
2026-10-08T00:53:36.005Z,Y1152986,8381,45.92559,9.39965,34478.3,-60.4,17.3,114.4,-45.4,0.6,-1.0,RS41-SG,404.900,10.1,250,8,2.5,,
2026-10-08T00:53:37.005Z,Y1152986,8382,45.92553,9.39985,34416.3,-63.2,16.9,110.7,-45.0,0.6,-1.0,RS41-SG,404.900,9.7,250,8,2.5,,
2026-10-08T00:53:38.005Z,Y1152986,8383,45.92549,9.40005,34352.1,-65.0,15.2,99.3,-44.6,0.5,-1.0,RS41-SG,404.900,9.9,250,8,2.4,,
2026-10-08T00:53:39.005Z,Y1152986,8384,45.92547,9.40025,34285.8,-67.6,15.8,100.2,-44.5,0.5,-1.0,RS41-SG,404.900,9.9,250,8,2.4,,
2026-10-08T00:53:40.005Z,Y1152986,8385,45.92545,9.40045,34216.2,-71.0,15.4,95.4,-44.7,0.5,-1.0,RS41-SG,404.900,10.0,250,8,2.4,,
2026-10-08T00:53:41.005Z,Y1152986,8386,45.92544,9.40065,34144.1,-73.5,16.2,96.6,-44.9,0.6,-1.0,RS41-SG,404.900,10.0,250,8,2.5,,
2026-10-08T00:53:42.005Z,Y1152986,8387,45.92542,9.40085,34069.4,-75.5,15.8,96.1,-45.1,0.6,-1.0,RS41-SG,404.900,9.7,250,7,2.5,,
2026-10-08T00:53:43.005Z,Y1152986,8388,45.92540,9.40105,33992.9,-77.1,15.8,98.4,-44.9,0.6,-1.0,RS41-SG,404.900,9.7,250,8,2.4,,
2026-10-08T00:53:44.005Z,Y1152986,8389,45.92538,9.40126,33915.4,-78.8,17.0,101.9,-44.7,0.6,-1.0,RS41-SG,404.900,9.3,250,8,2.4,,
2026-10-08T00:53:45.005Z,Y1152986,8390,45.92534,9.40148,33836.8,-78.4,17.1,102.1,-44.9,0.6,-1.0,RS41-SG,404.900,8.9,250,8,2.4,,
2026-10-08T00:53:46.005Z,Y1152986,8391,45.92531,9.40169,33757.8,-79.7,17.6,101.5,-45.0,0.6,-1.0,RS41-SG,404.900,8.9,250,8,2.4,,
2026-10-08T00:53:47.005Z,Y1152986,8392,45.92528,9.40192,33676.6,-82.5,18.7,100.4,-45.2,0.6,-1.0,RS41-SG,404.900,8.9,250,7,2.5,,
2026-10-08T00:53:48.005Z,Y1152986,8393,45.92526,9.40216,33595.1,-81.1,18.7,98.9,-45.3,0.6,-1.0,RS41-SG,404.900,8.8,250,7,2.5,,
2026-10-08T00:53:49.005Z,Y1152986,8394,45.92524,9.40239,33514.2,-80.5,18.4,95.8,-45.6,0.6,-1.0,RS41-SG,404.900,8.8,250,7,2.4,,
2026-10-08T00:53:50.005Z,Y1152986,8395,45.92523,9.40262,33435.3,-76.0,17.7,89.3,-46.1,0.7,-1.0,RS41-SG,404.900,8.4,250,7,2.4,,
2026-10-08T00:53:51.005Z,Y1152986,8396,45.92524,9.40284,33361.0,-72.4,16.8,83.2,-47.0,0.7,-1.0,RS41-SG,404.900,8.3,250,7,2.4,,
2026-10-08T00:53:52.005Z,Y1152986,8397,45.92527,9.40305,33291.4,-67.5,16.3,80.3,-47.6,0.7,-1.0,RS41-SG,404.900,8.4,250,8,2.5,,
2026-10-08T00:53:53.005Z,Y1152986,8398,45.92530,9.40324,33224.4,-66.1,14.9,72.9,-48.0,0.8,-1.0,RS41-SG,404.900,9.2,250,8,2.5,,
2026-10-08T00:53:54.005Z,Y1152986,8399,45.92534,9.40342,33159.7,-63.4,14.5,71.9,-48.2,0.8,-1.0,RS41-SG,404.900,9.2,250,8,2.4,,
2026-10-08T00:53:55.005Z,Y1152986,8400,45.92538,9.40358,33096.5,-63.6,13.2,73.6,-48.2,0.8,-1.0,RS41-SG,404.900,9.1,250,8,2.4,,
2026-10-08T00:53:56.005Z,Y1152986,8401,45.92542,9.40374,33032.6,-64.8,12.7,69.9,-48.0,0.8,-1.0,RS41-SG,404.900,9.1,250,7,2.4,,
2026-10-08T00:53:57.005Z,Y1152986,8402,45.92545,9.40389,32967.0,-67.3,12.1,76.3,-47.7,0.7,-1.0,RS41-SG,404.900,8.4,250,8,2.4,,
2026-10-08T00:53:58.005Z,Y1152986,8403,45.92548,9.40403,32897.7,-71.0,11.8,72.3,-47.1,0.7,-1.0,RS41-SG,404.900,8.8,250,7,2.5,,
2026-10-08T00:53:59.005Z,Y1152986,8404,45.92551,9.40418,32824.5,-75.2,12.2,74.4,-46.6,0.6,-1.0,RS41-SG,404.900,8.8,250,7,2.5,,
2026-10-08T00:54:00.005Z,Y1152986,8405,45.92554,9.40434,32750.0,-73.9,12.4,81.7,-46.5,0.7,-1.0,RS41-SG,404.900,8.3,250,7,2.4,,
2026-10-08T00:54:01.005Z,Y1152986,8406,45.92555,9.40450,32676.5,-73.6,12.7,83.4,-46.8,0.6,-1.0,RS41-SG,404.900,8.3,250,8,2.4,,
2026-10-08T00:54:02.005Z,Y1152986,8407,45.92556,9.40466,32603.1,-73.1,12.8,84.6,-47.1,0.7,-1.0,RS41-SG,404.900,8.3,250,8,2.4,,
2026-10-08T00:54:03.005Z,Y1152986,8408,45.92557,9.40483,32528.9,-75.2,13.1,87.8,-47.5,0.7,-1.0,RS41-SG,404.900,8.5,250,8,2.5,,
2026-10-08T00:54:04.005Z,Y1152986,8409,45.92558,9.40500,32454.4,-74.3,13.0,86.6,-47.6,0.7,-1.0,RS41-SG,404.900,8.5,250,8,2.5,,
2026-10-08T00:54:05.005Z,Y1152986,8410,45.92558,9.40517,32380.9,-72.4,13.6,86.8,-47.9,0.7,-1.0,RS41-SG,404.900,7.6,250,8,2.4,,
2026-10-08T00:54:06.005Z,Y1152986,8411,45.92559,9.40534,32308.7,-72.3,12.7,86.9,-48.3,0.8,-1.0,RS41-SG,404.900,7.0,250,8,2.4,,
