timestamp,serial,frame,lat,lon,alt,vel_v,vel_h,heading,temp,humidity,pressure,type,freq_mhz,snr,f_error_hz,sats,batt_v,burst_timer,aux_data
2026-09-08T00:19:34.002Z,W4140879,6118,46.69147,7.27639,24385.9,4.7,7.9,147.9,-273.0,-1.0,-1.0,RS41,403.500,7.3,250,9,2.5,,
2026-09-08T00:19:35.002Z,W4140879,6119,46.69142,7.27644,24391.1,5.8,7.1,148.0,-273.0,-1.0,-1.0,RS41,403.500,7.3,250,9,2.5,,
2026-09-08T00:19:45.002Z,W4140879,6129,46.69112,7.27667,24443.5,5.5,6.6,163.3,-273.0,-1.0,-1.0,RS41,403.500,7.2,250,9,2.5,,
2026-09-08T00:19:46.002Z,W4140879,6130,46.69106,7.27670,24448.7,4.8,7.7,160.0,-273.0,-1.0,-1.0,RS41,403.500,7.4,250,9,2.5,,
2026-09-08T00:19:47.002Z,W4140879,6131,46.69099,7.27674,24453.3,4.4,8.2,158.4,-273.0,-1.0,-1.0,RS41,403.500,7.4,250,9,2.6,,
2026-09-08T00:19:53.002Z,W4140879,6137,46.69073,7.27683,24483.9,4.3,1.6,142.8,-273.0,-1.0,-1.0,RS41,403.500,7.2,250,9,2.7,,
2026-09-08T00:19:54.002Z,W4140879,6138,46.69072,7.27684,24488.2,4.3,1.2,119.7,-273.0,-1.0,-1.0,RS41,403.500,7.2,250,9,2.5,,
2026-09-08T00:20:00.002Z,W4140879,6144,46.69060,7.27684,24520.0,4.1,4.9,167.2,-273.0,-1.0,-1.0,RS41,403.500,7.7,250,9,2.5,,
2026-09-08T00:20:01.002Z,W4140879,6145,46.69056,7.27686,24524.6,5.0,5.8,164.8,-273.0,-1.0,-1.0,RS41,403.500,7.7,250,9,2.5,,
2026-09-08T00:20:05.002Z,W4140879,6149,46.69036,7.27688,24545.0,4.8,4.7,184.0,-273.0,-1.0,-1.0,RS41,403.500,7.3,250,9,2.5,,
2026-09-08T00:20:06.002Z,W4140879,6150,46.69032,7.27688,24550.3,5.7,3.8,173.1,-273.0,-1.0,-1.0,RS41,403.500,7.3,250,9,2.5,,
2026-09-08T00:20:07.002Z,W4140879,6151,46.69029,7.27689,24555.6,4.9,3.4,157.2,-273.0,-1.0,-1.0,RS41,403.500,7.2,250,9,2.5,,
2026-09-08T00:20:08.002Z,W4140879,6152,46.69026,7.27691,24560.5,4.8,3.4,147.9,-273.0,-1.0,-1.0,RS41,403.500,6.9,250,9,2.5,,
2026-09-08T00:20:15.002Z,W4140879,6159,46.69007,7.27691,24596.9,4.5,3.1,176.9,-273.0,-1.0,-1.0,RS41,403.500,7.5,250,9,2.5,,
2026-09-08T00:20:16.002Z,W4140879,6160,46.69004,7.27691,24602.2,5.9,2.9,176.2,-273.0,-1.0,-1.0,RS41,403.500,7.6,250,9,2.5,,
2026-09-08T00:20:19.002Z,W4140879,6163,46.68996,7.27689,24618.9,5.0,3.8,199.4,-273.0,-1.0,-1.0,RS41,403.500,6.9,250,9,2.7,,
2026-09-08T00:20:20.002Z,W4140879,6164,46.68992,7.27687,24624.5,6.0,4.7,189.2,-273.0,-1.0,-1.0,RS41,403.500,7.4,250,9,2.5,,
2026-09-08T00:20:23.002Z,W4140879,6167,46.68975,7.27687,24640.7,6.3,7.5,182.7,-273.0,-1.0,-1.0,RS41,403.500,7.5,250,9,2.5,,
2026-09-08T00:20:24.002Z,W4140879,6168,46.68969,7.27686,24646.8,5.9,7.9,189.3,-273.0,-1.0,-1.0,RS41,403.500,7.5,250,9,2.5,,
2026-09-08T00:20:25.002Z,W4140879,6169,46.68962,7.27684,24651.9,4.5,8.1,194.5,-273.0,-1.0,-1.0,RS41,403.500,7.6,250,9,2.6,,
2026-09-08T00:20:28.002Z,W4140879,6172,46.68941,7.27676,24667.9,4.8,7.0,192.9,-273.0,-1.0,-1.0,RS41,403.500,7.9,250,9,2.5,,
2026-09-08T00:20:29.002Z,W4140879,6173,46.68936,7.27674,24673.1,5.6,6.2,195.9,-273.0,-1.0,-1.0,RS41,403.500,7.9,250,9,2.5,,
2026-09-08T00:20:31.002Z,W4140879,6175,46.68926,7.27667,24684.9,4.9,5.7,215.7,-273.0,-1.0,-1.0,RS41,403.500,7.0,250,9,2.5,,
2026-09-08T00:20:32.002Z,W4140879,6176,46.68923,7.27662,24689.7,4.8,5.6,221.7,-273.0,-1.0,-1.0,RS41,403.500,8.1,250,9,2.6,,
2026-09-08T00:20:33.002Z,W4140879,6177,46.68919,7.27658,24695.0,6.0,5.5,220.1,-273.0,-1.0,-1.0,RS41,403.500,8.1,250,9,2.7,,
2026-09-08T00:20:34.002Z,W4140879,6178,46.68915,7.27653,24701.1,6.3,5.2,211.6,-53.6,-1.0,-1.0,RS41,403.500,7.7,250,9,2.5,,
2026-09-08T00:20:35.002Z,W4140879,6179,46.68911,7.27650,24706.8,5.1,5.5,204.9,-53.6,-1.0,-1.0,RS41,403.500,7.3,250,9,2.5,,
2026-09-08T00:20:37.002Z,W4140879,6181,46.68901,7.27643,24718.3,6.6,7.2,208.2,-53.6,-1.0,-1.0,RS41,403.500,8.0,250,9,2.5,,
2026-09-08T00:20:38.002Z,W4140879,6182,46.68895,7.27638,24724.0,5.0,8.1,212.0,-53.6,-1.0,-1.0,RS41,403.500,8.0,250,9,2.6,,
2026-09-08T00:20:41.002Z,W4140879,6185,46.68875,7.27621,24739.9,5.4,8.6,204.5,-53.5,-1.0,-1.0,RS41,403.500,6.9,250,9,2.5,,
2026-09-08T00:20:42.002Z,W4140879,6186,46.68868,7.27617,24745.0,4.9,8.3,201.5,-53.4,-1.0,-1.0,RS41,403.500,6.9,250,9,2.5,,
2026-09-08T00:20:43.002Z,W4140879,6187,46.68861,7.27613,24750.7,6.5,8.0,203.8,-53.4,-1.0,-1.0,RS41,403.500,6.8,250,9,2.6,,
2026-09-08T00:20:45.002Z,W4140879,6189,46.68849,7.27603,24762.3,5.0,7.6,215.8,-53.4,-1.0,-1.0,RS41,403.500,7.9,250,9,2.5,,
2026-09-08T00:20:46.002Z,W4140879,6190,46.68844,7.27597,24767.5,5.5,7.2,219.4,-53.4,-1.0,-1.0,RS41,403.500,7.9,250,9,2.5,,
2026-09-08T00:20:47.002Z,W4140879,6191,46.68839,7.27591,24773.3,6.0,6.3,219.1,-53.4,-1.0,-1.0,RS41,403.500,7.0,250,9,2.5,,
2026-09-08T00:20:48.002Z,W4140879,6192,46.68835,7.27587,24778.4,4.3,5.9,218.4,-53.4,-1.0,-1.0,RS41,403.500,7.2,250,9,2.6,,
2026-09-08T00:20:49.002Z,W4140879,6193,46.68831,7.27582,24783.1,5.3,6.0,222.1,-53.4,-1.0,-1.0,RS41,403.500,8.1,250,9,2.7,,
2026-09-08T00:20:50.002Z,W4140879,6194,46.68827,7.27576,24789.1,6.5,6.9,227.1,-53.4,-1.0,-1.0,RS41,403.500,8.3,250,9,2.5,,
2026-09-08T00:20:51.002Z,W4140879,6195,46.68822,7.27568,24795.1,5.4,8.0,230.6,-53.4,-1.0,-1.0,RS41,403.500,8.3,250,9,2.5,,
2026-09-08T00:20:53.002Z,W4140879,6197,46.68812,7.27551,24805.5,6.0,9.2,226.2,-53.4,-1.0,-1.0,RS41,403.500,7.0,250,9,2.5,,
2026-09-08T00:20:54.002Z,W4140879,6198,46.68806,7.27543,24811.4,5.7,9.2,219.9,-53.3,-1.0,-1.0,RS41,403.500,8.0,250,9,2.6,,
2026-09-08T00:20:55.002Z,W4140879,6199,46.68800,7.27536,24816.7,5.0,9.1,215.0,-53.3,-1.0,-1.0,RS41,403.500,8.0,250,9,2.6,,
2026-09-08T00:20:57.002Z,W4140879,6201,46.68786,7.27522,24828.2,6.4,9.2,218.0,-53.3,-1.0,-1.0,RS41,403.500,7.6,250,9,2.5,,
2026-09-08T00:20:58.002Z,W4140879,6202,46.68780,7.27514,24834.0,5.0,9.1,223.0,-53.4,-1.0,-1.0,RS41,403.500,7.6,250,9,2.5,,
2026-09-08T00:21:01.002Z,W4140879,6205,46.68766,7.27491,24849.8,5.4,6.3,236.5,-53.3,-1.0,-1.0,RS41,403.500,7.8,250,9,2.5,,
2026-09-08T00:21:02.002Z,W4140879,6206,46.68763,7.27484,24855.3,5.3,5.7,240.2,-53.3,-1.0,-1.0,RS41-SG,403.500,7.8,250,9,2.5,,
2026-09-08T00:21:04.002Z,W4140879,6208,46.68759,7.27469,24867.4,6.6,7.2,249.8,-53.3,-1.0,-1.0,RS41-SG,403.500,7.0,250,9,2.6,,
2026-09-08T00:21:05.002Z,W4140879,6209,46.68756,7.27459,24873.2,4.9,8.5,249.9,-53.3,-1.0,-1.0,RS41-SG,403.500,6.8,250,9,2.7,,
2026-09-08T00:21:06.002Z,W4140879,6210,46.68753,7.27449,24877.9,4.5,9.4,246.9,-53.3,-1.0,-1.0,RS41-SG,403.500,7.0,250,9,2.5,,
2026-09-08T00:21:09.002Z,W4140879,6213,46.68739,7.27416,24893.9,4.9,9.9,228.5,-53.3,-1.0,-1.0,RS41-SG,403.500,7.8,250,9,2.5,,
2026-09-08T00:21:10.002Z,W4140879,6214,46.68733,7.27407,24899.3,5.7,10.1,226.2,-53.2,-1.0,-1.0,RS41-SG,403.500,7.8,250,9,2.6,,
2026-09-08T00:21:11.002Z,W4140879,6215,46.68727,7.27397,24905.3,6.4,10.3,229.0,-53.2,-1.0,-1.0,RS41-SG,403.500,7.8,250,9,2.7,,
2026-09-08T00:21:13.002Z,W4140879,6217,46.68716,7.27375,24917.2,5.2,9.8,242.5,-53.2,-1.0,-1.0,RS41-SG,403.500,7.2,250,9,2.5,,
2026-09-08T00:21:14.002Z,W4140879,6218,46.68713,7.27364,24922.5,5.4,9.0,251.7,-53.2,-1.0,-1.0,RS41-SG,403.500,7.7,250,9,2.5,,
2026-09-08T00:21:15.002Z,W4140879,6219,46.68711,7.27353,24928.2,6.1,7.6,261.1,-53.2,-1.0,-1.0,RS41-SG,403.500,7.9,250,9,2.6,,
2026-09-08T00:21:16.002Z,W4140879,6220,46.68711,7.27344,24933.6,4.6,6.6,268.5,-53.2,-1.0,-1.0,RS41-SG,403.500,7.9,250,9,2.6,,
2026-09-08T00:21:17.002Z,W4140879,6221,46.68711,7.27336,24938.2,4.6,6.3,273.8,-53.2,-1.0,-1.0,RS41-SG,403.500,7.6,250,9,2.5,,
2026-09-08T00:21:18.002Z,W4140879,6222,46.68711,7.27327,24943.6,6.3,6.8,272.3,-53.2,-1.0,-1.0,RS41-SG,403.500,7.6,250,9,2.5,,
2026-09-08T00:21:19.002Z,W4140879,6223,46.68711,7.27317,24950.0,6.4,8.0,267.3,-53.2,-1.0,-1.0,RS41-SG,403.500,7.2,250,9,2.5,,
2026-09-08T00:21:20.002Z,W4140879,6224,46.68710,7.27306,24955.8,5.1,9.2,261.2,-53.3,-1.0,-1.0,RS41-SG,403.500,7.2,250,9,2.5,,
2026-09-08T00:21:21.002Z,W4140879,6225,46.68709,7.27294,24960.6,4.4,10.0,255.0,-53.3,-1.0,-1.0,RS41-SG,403.500,7.0,250,9,2.6,,
2026-09-08T00:21:22.002Z,W4140879,6226,46.68706,7.27282,24965.6,5.4,10.5,245.5,-53.3,-1.0,-1.0,RS41-SG,403.500,7.0,250,9,2.6,,
2026-09-08T00:21:23.002Z,W4140879,6227,46.68701,7.27270,24971.3,5.8,10.8,236.2,-53.3,-1.0,-1.0,RS41-SG,403.500,7.4,250,9,2.7,,
2026-09-08T00:21:24.002Z,W4140879,6228,46.68695,7.27258,24976.3,4.3,10.7,231.0,-53.3,-1.0,-1.0,RS41-SG,403.500,7.4,250,9,2.5,,
2026-09-08T00:21:25.002Z,W4140879,6229,46.68689,7.27248,24981.0,4.9,10.2,229.8,-53.3,-1.0,-1.0,RS41-SG,403.500,7.6,250,9,2.5,,
2026-09-08T00:21:26.002Z,W4140879,6230,46.68684,7.27238,24986.7,6.5,9.5,235.4,-53.4,-1.0,-1.0,RS41-SG,403.500,7.6,250,9,2.5,,
2026-09-08T00:21:30.002Z,W4140879,6234,46.68676,7.27194,25007.3,5.2,8.0,275.7,-53.5,-1.0,-1.0,RS41-SG,403.500,6.9,250,9,2.7,,
2026-09-08T00:21:31.002Z,W4140879,6235,46.68677,7.27184,25013.2,6.5,6.9,281.4,-53.5,-1.0,-1.0,RS41-SG,403.500,6.9,250,9,2.7,,
2026-09-08T00:21:32.002Z,W4140879,6236,46.68679,7.27176,25019.0,5.2,6.0,283.2,-53.5,-1.0,-1.0,RS41-SG,403.500,7.6,250,9,2.5,,
2026-09-08T00:21:33.002Z,W4140879,6237,46.68680,7.27169,25024.2,5.1,5.4,282.9,-53.5,-1.0,-1.0,RS41-SG,403.500,7.6,250,9,2.5,,
2026-09-08T00:21:34.002Z,W4140879,6238,46.68681,7.27162,25030.2,6.7,5.5,281.6,-53.5,-1.0,-1.0,RS41-SG,403.500,7.7,250,9,2.5,,
2026-09-08T00:21:35.002Z,W4140879,6239,46.68682,7.27155,25036.6,6.0,6.2,279.2,-53.5,-1.0,-1.0,RS41-SG,403.500,8.0,250,9,2.5,,
2026-09-08T00:21:36.002Z,W4140879,6240,46.68683,7.27146,25042.0,4.8,6.8,276.7,-53.5,-1.0,-1.0,RS41-SG,403.500,8.0,250,9,2.6,,
2026-09-08T00:21:37.002Z,W4140879,6241,46.68683,7.27137,25047.4,6.1,6.8,271.4,-53.6,-1.0,-1.0,RS41-SG,403.500,7.7,250,9,2.6,,
2026-09-08T00:21:39.002Z,W4140879,6243,46.68682,7.27121,25059.5,4.9,5.8,258.0,-53.6,-1.0,-1.0,RS41-SG,403.500,7.2,250,9,2.5,,
2026-09-08T00:21:40.002Z,W4140879,6244,46.68681,7.27114,25064.8,5.7,5.5,257.7,-53.6,-1.0,-1.0,RS41-SG,403.500,7.2,250,9,2.5,,
2026-09-08T00:21:41.002Z,W4140879,6245,46.68680,7.27107,25071.0,6.6,5.7,264.0,-53.5,-1.0,-1.0,RS41-SG,403.500,7.2,250,9,2.5,,
2026-09-08T00:21:47.002Z,W4140879,6251,46.68686,7.27069,25102.9,4.7,3.4,298.1,-53.6,-1.0,-1.0,RS41-SG,403.500,7.4,250,9,2.6,,
2026-09-08T00:21:48.002Z,W4140879,6252,46.68688,7.27065,25108.4,6.3,3.7,292.0,-53.5,-1.0,-1.0,RS41-SG,403.500,7.1,250,9,2.7,,
2026-09-08T00:21:52.002Z,W4140879,6256,46.68694,7.27042,25131.4,6.4,4.8,299.5,-53.5,-1.0,-1.0,RS41-SG,403.500,7.7,250,9,2.6,,
2026-09-08T00:21:53.002Z,W4140879,6257,46.68696,7.27037,25136.9,4.6,4.4,305.8,-53.6,-1.0,-1.0,RS41-SG,403.500,7.8,250,9,2.6,,
2026-09-08T00:21:54.002Z,W4140879,6258,46.68698,7.27032,25141.9,5.3,4.3,309.1,-53.6,-1.0,-1.0,RS41-SG,403.500,7.8,250,9,2.5,,
2026-09-08T00:21:55.002Z,W4140879,6259,46.68701,7.27028,25147.9,6.6,4.6,308.5,-53.6,-1.0,-1.0,RS41-SG,403.500,7.8,250,9,2.5,,
2026-09-08T00:21:56.002Z,W4140879,6260,46.68704,7.27023,25153.8,5.3,5.1,306.5,-53.6,-1.0,-1.0,RS41-SG,403.500,7.8,250,9,2.5,,
2026-09-08T00:21:59.002Z,W4140879,6263,46.68712,7.27009,25171.2,5.0,3.8,323.3,-53.6,-1.0,-1.0,RS41-SG,403.500,6.9,250,9,2.6,,
2026-09-08T00:22:00.002Z,W4140879,6264,46.68715,7.27006,25176.3,5.1,3.3,328.4,-53.6,-1.0,-1.0,RS41-SG,403.500,7.9,250,9,2.5,,
2026-09-08T00:22:01.002Z,W4140879,6265,46.68717,7.27004,25182.2,6.6,3.0,319.1,-53.6,-1.0,-1.0,RS41-SG,403.500,7.9,250,9,2.5,,
2026-09-08T00:22:03.002Z,W4140879,6267,46.68720,7.26997,25193.8,4.8,3.7,300.1,-53.6,1.0,-1.0,RS41-SG,403.500,7.0,250,9,2.6,,
2026-09-08T00:22:04.002Z,W4140879,6268,46.68722,7.26993,25199.0,5.7,3.5,303.1,-53.7,1.0,-1.0,RS41-SG,403.500,7.0,250,9,2.6,,
2026-09-08T00:22:05.002Z,W4140879,6269,46.68724,7.26990,25204.9,6.3,3.1,315.0,-53.7,1.0,-1.0,RS41-SG,403.500,7.8,250,9,2.5,,
2026-09-08T00:22:06.002Z,W4140879,6270,46.68726,7.26987,25210.4,4.6,3.0,326.8,-53.7,1.0,-1.0,RS41-SG,403.500,7.9,250,9,2.5,,
2026-09-08T00:22:08.002Z,W4140879,6272,46.68731,7.26983,25220.7,6.1,3.0,322.9,-53.7,1.0,-1.0,RS41-SG,403.500,7.6,250,9,2.6,,
2026-09-08T00:22:09.002Z,W4140879,6273,46.68733,7.26981,25226.4,5.4,3.2,311.1,-53.7,1.0,-1.0,RS41-SG,403.500,7.4,250,9,2.6,,
2026-09-08T00:22:10.002Z,W4140879,6274,46.68734,7.26977,25231.5,4.7,3.2,308.7,-53.7,1.0,-1.0,RS41-SG,403.500,7.7,250,9,2.5,,
2026-09-08T00:22:11.002Z,W4140879,6275,46.68736,7.26975,25236.8,6.0,2.8,317.4,-53.7,1.0,-1.0,RS41-SG,403.500,7.7,250,9,2.5,,
2026-09-08T00:22:12.002Z,W4140879,6276,46.68738,7.26973,25242.9,6.0,2.4,340.5,-53.7,1.0,-1.0,RS41-SG,403.500,7.2,250,9,2.5,,
2026-09-08T00:22:13.002Z,W4140879,6277,46.68740,7.26972,25248.3,4.9,2.4,359.9,-53.7,1.0,-1.0,RS41-SG,403.500,7.9,250,9,2.5,,
2026-09-08T00:22:14.002Z,W4140879,6278,46.68742,7.26972,25253.6,5.5,2.4,4.1,-53.7,1.0,-1.0,RS41-SG,403.500,8.0,250,9,2.6,,
2026-09-08T00:22:15.002Z,W4140879,6279,46.68744,7.26972,25259.7,6.6,1.9,343.5,-53.7,1.0,-1.0,RS41-SG,403.500,8.1,250,9,2.6,,
2026-09-08T00:22:16.002Z,W4140879,6280,46.68746,7.26971,25265.7,5.3,2.0,310.9,-53.6,1.0,-1.0,RS41-SG,403.500,8.1,250,9,2.5,,
2026-09-08T00:22:17.002Z,W4140879,6281,46.68747,7.26968,25270.4,4.2,2.5,291.9,-53.6,1.0,-1.0,RS41-SG,403.500,8.0,250,9,2.5,,
2026-09-08T00:22:18.002Z,W4140879,6282,46.68747,7.26965,25275.3,5.7,2.8,287.5,-53.6,1.0,-1.0,RS41-SG,403.500,8.0,250,9,2.5,,
2026-09-08T00:22:19.002Z,W4140879,6283,46.68748,7.26962,25281.1,5.9,2.6,293.2,-53.5,1.0,-1.0,RS41-SG,403.500,8.0,250,9,2.6,,
2026-09-08T00:22:20.002Z,W4140879,6284,46.68749,7.26959,25286.6,5.0,2.5,299.1,-53.5,1.0,-1.0,RS41-SG,403.500,8.6,250,9,2.6,,
2026-09-08T00:22:21.002Z,W4140879,6285,46.68750,7.26956,25292.0,5.7,2.7,302.0,-53.5,1.0,-1.0,RS41-SG,403.500,8.6,250,9,2.5,,
2026-09-08T00:22:23.002Z,W4140879,6287,46.68753,7.26949,25303.6,4.8,3.1,289.7,-53.4,1.0,-1.0,RS41-SG,403.500,8.1,250,9,2.5,,
2026-09-08T00:22:24.002Z,W4140879,6288,46.68753,7.26945,25308.6,5.2,2.5,288.3,-53.4,1.0,-1.0,RS41-SG,403.500,8.1,250,9,2.6,,
2026-09-08T00:22:25.002Z,W4140879,6289,46.68754,7.26943,25314.3,6.2,1.3,310.6,-53.4,1.0,-1.0,RS41-SG,403.500,7.6,250,9,2.6,,
2026-09-08T00:22:26.002Z,W4140879,6290,46.68755,7.26943,25319.8,4.7,0.9,20.9,-53.4,1.0,-1.0,RS41-SG,403.500,8.7,250,9,2.5,,
2026-09-08T00:22:27.002Z,W4140879,6291,46.68756,7.26944,25324.9,5.3,1.3,62.7,-53.3,1.0,-1.0,RS41-SG,403.500,8.7,250,9,2.5,,
2026-09-08T00:22:28.002Z,W4140879,6292,46.68756,7.26945,25330.7,6.3,1.0,88.8,-53.2,1.0,-1.0,RS41-SG,403.500,8.2,250,9,2.5,,
2026-09-08T00:22:30.002Z,W4140879,6294,46.68755,7.26946,25341.2,4.1,1.0,223.6,-53.1,0.9,-1.0,RS41-SG,403.500,8.1,250,9,2.6,,
2026-09-08T00:22:32.002Z,W4140879,6296,46.68754,7.26943,25351.3,6.1,1.4,273.0,-53.0,1.0,-1.0,RS41-SG,403.500,7.8,250,9,2.5,,
2026-09-08T00:22:33.002Z,W4140879,6297,46.68755,7.26941,25356.6,4.5,1.7,290.3,-52.9,0.9,-1.0,RS41-SG,403.500,8.1,250,9,2.5,,
2026-09-08T00:22:34.002Z,W4140879,6298,46.68755,7.26938,25361.6,5.3,2.5,292.3,-52.9,0.9,-1.0,RS41-SG,403.500,8.2,250,9,2.5,,
2026-09-08T00:22:35.002Z,W4140879,6299,46.68756,7.26934,25367.4,6.2,3.7,285.4,-52.9,1.0,-1.0,RS41-SG,403.500,8.2,250,9,2.6,,
2026-09-08T00:22:36.002Z,W4140879,6300,46.68757,7.26929,25373.0,5.1,4.6,278.3,-52.9,0.9,-1.0,RS41-SG,403.500,8.4,250,9,2.6,,
2026-09-08T00:22:37.002Z,W4140879,6301,46.68757,7.26923,25377.8,4.5,4.9,268.3,-52.8,0.9,-1.0,RS41-SG,403.500,8.4,250,9,2.5,,
2026-09-08T00:22:40.002Z,W4140879,6304,46.68754,7.26909,25393.5,4.5,2.9,224.5,-52.8,0.9,-1.0,RS41-SG,403.500,7.0,250,9,2.6,,
2026-09-08T00:22:41.002Z,W4140879,6305,46.68752,7.26907,25398.3,5.1,2.7,213.3,-52.8,0.9,-1.0,RS41-SG,403.500,7.8,250,9,2.6,,
2026-09-08T00:22:42.002Z,W4140879,6306,46.68750,7.26904,25403.9,6.1,3.2,222.3,-52.8,0.9,-1.0,RS41-SG,403.500,8.2,250,9,2.5,,
2026-09-08T00:22:43.002Z,W4140879,6307,46.68748,7.26901,25410.2,6.3,4.0,238.2,-52.8,0.9,-1.0,RS41-SG,403.500,9.0,250,9,2.5,,
2026-09-08T00:22:44.002Z,W4140879,6308,46.68746,7.26895,25415.7,4.6,4.9,248.9,-52.8,1.0,-1.0,RS41-SG,403.500,9.0,250,9,2.5,,
2026-09-08T00:22:45.002Z,W4140879,6309,46.68744,7.26889,25420.2,4.4,5.4,256.6,-52.8,1.0,-1.0,RS41-SG,403.500,8.0,250,9,2.5,,
2026-09-08T00:22:46.002Z,W4140879,6310,46.68744,7.26882,25425.3,5.8,5.6,266.0,-52.7,0.9,-1.0,RS41-SG,403.500,8.3,250,9,2.6,,
2026-09-08T00:22:47.002Z,W4140879,6311,46.68744,7.26875,25430.8,5.0,5.4,272.0,-52.7,0.9,-1.0,RS41-SG,403.500,8.3,250,9,2.6,,
2026-09-08T00:22:48.002Z,W4140879,6312,46.68744,7.26868,25435.7,4.7,5.4,276.2,-52.7,0.9,-1.0,RS41-SG,403.500,7.8,250,9,2.5,,
2026-09-08T00:22:49.002Z,W4140879,6313,46.68744,7.26860,25441.1,6.0,5.9,277.1,-52.7,0.9,-1.0,RS41-SG,403.500,7.9,250,9,2.5,,
2026-09-08T00:22:50.002Z,W4140879,6314,46.68745,7.26852,25447.1,5.9,6.5,274.3,-52.7,1.0,-1.0,RS41-SG,403.500,8.7,250,9,2.5,,
2026-09-08T00:22:51.002Z,W4140879,6315,46.68745,7.26844,25452.6,4.8,6.7,269.6,-52.6,0.9,-1.0,RS41-SG,403.500,8.7,250,9,2.6,,
2026-09-08T00:22:52.002Z,W4140879,6316,46.68745,7.26836,25457.9,6.0,6.0,264.5,-52.6,0.9,-1.0,RS41-SG,403.500,8.3,250,9,2.6,,
2026-09-08T00:22:53.002Z,W4140879,6317,46.68744,7.26829,25463.9,6.0,4.7,259.2,-52.6,0.9,-1.0,RS41-SG,403.500,8.2,250,9,2.5,,
2026-09-08T00:22:54.002Z,W4140879,6318,46.68743,7.26823,25469.0,4.2,3.6,253.5,-52.6,0.9,-1.0,RS41-SG,403.500,9.1,250,9,2.5,,
2026-09-08T00:22:55.002Z,W4140879,6319,46.68742,7.26819,25473.7,5.2,2.9,242.0,-52.5,0.9,-1.0,RS41-SG,403.500,9.1,250,9,2.5,,
2026-09-08T00:22:56.002Z,W4140879,6320,46.68741,7.26816,25479.4,6.1,3.1,238.7,-52.4,0.9,-1.0,RS41-SG,403.500,8.2,250,9,2.6,,
2026-09-08T00:22:57.002Z,W4140879,6321,46.68739,7.26812,25484.8,4.7,3.7,242.7,-52.4,0.9,-1.0,RS41-SG,403.500,8.1,250,9,2.6,,
2026-09-08T00:22:58.002Z,W4140879,6322,46.68738,7.26808,25489.6,4.7,3.8,248.8,-52.3,0.9,-1.0,RS41-SG,403.500,8.2,250,9,2.5,,
2026-09-08T00:22:59.002Z,W4140879,6323,46.68737,7.26803,25494.9,5.9,3.5,262.2,-52.3,0.9,-1.0,RS41-SG,403.500,8.2,250,9,2.5,,
2026-09-08T00:23:00.002Z,W4140879,6324,46.68737,7.26799,25500.6,5.3,3.2,277.5,-52.2,0.9,-1.0,RS41-SG,403.500,7.9,250,9,2.5,,
2026-09-08T00:23:01.002Z,W4140879,6325,46.68738,7.26795,25505.8,5.0,3.3,291.9,-52.2,0.9,-1.0,RS41-SG,403.500,8.0,250,9,2.5,,
2026-09-08T00:23:02.002Z,W4140879,6326,46.68739,7.26790,25511.2,5.7,4.0,293.7,-52.1,0.9,-1.0,RS41-SG,403.500,8.7,250,9,2.6,,
2026-09-08T00:23:03.002Z,W4140879,6327,46.68740,7.26785,25517.2,6.2,4.8,287.9,-52.1,0.9,-1.0,RS41-SG,403.500,8.7,250,9,2.6,,
2026-09-08T00:23:04.002Z,W4140879,6328,46.68742,7.26779,25522.8,4.8,5.2,282.8,-52.1,0.9,-1.0,RS41-SG,403.500,8.7,250,9,2.5,,
2026-09-08T00:23:06.002Z,W4140879,6330,46.68743,7.26766,25533.0,6.0,4.3,279.6,-52.0,0.9,-1.0,RS41-SG,403.500,8.8,250,9,2.5,,
2026-09-08T00:23:07.002Z,W4140879,6331,46.68744,7.26761,25538.6,5.3,3.2,280.3,-52.0,0.9,-1.0,RS41-SG,403.500,8.8,250,9,2.6,,
2026-09-08T00:23:08.002Z,W4140879,6332,46.68744,7.26758,25543.6,4.5,2.2,279.9,-51.9,0.9,-1.0,RS41-SG,403.500,8.8,250,9,2.6,,
2026-09-08T00:23:09.002Z,W4140879,6333,46.68744,7.26755,25548.5,5.6,1.9,262.2,-51.8,0.9,-1.0,RS41-SG,403.500,8.4,250,9,2.5,,
2026-09-08T00:23:10.002Z,W4140879,6334,46.68744,7.26752,25554.4,6.2,2.6,249.6,-51.8,0.9,-1.0,RS41-SG,403.500,9.1,250,9,2.5,,
2026-09-08T00:23:11.002Z,W4140879,6335,46.68743,7.26749,25559.7,4.3,3.1,248.7,-51.8,0.9,-1.0,RS41-SG,403.500,9.1,250,9,2.5,,
2026-09-08T00:23:12.002Z,W4140879,6336,46.68742,7.26745,25564.4,5.1,3.4,255.9,-51.7,0.9,-1.0,RS41-SG,403.500,9.0,250,9,2.6,,
2026-09-08T00:23:13.002Z,W4140879,6337,46.68742,7.26741,25570.1,6.4,3.1,270.8,-51.7,0.9,-1.0,RS41-SG,403.500,9.1,250,9,2.6,,
2026-09-08T00:23:14.002Z,W4140879,6338,46.68742,7.26737,25575.9,5.2,3.0,291.1,-51.7,0.9,-1.0,RS41-SG,403.500,9.1,250,9,2.5,,
2026-09-08T00:23:15.002Z,W4140879,6339,46.68744,7.26733,25581.0,5.0,3.7,306.0,-51.8,0.9,-1.0,RS41-SG,403.500,8.6,250,9,2.5,,
2026-09-08T00:23:16.002Z,W4140879,6340,46.68746,7.26729,25586.4,5.7,4.8,307.9,-51.8,0.9,-1.0,RS41-SG,403.500,8.6,250,9,2.5,,
2026-09-08T00:23:17.002Z,W4140879,6341,46.68749,7.26723,25592.0,5.5,5.7,304.3,-51.8,0.9,-1.0,RS41-SG,403.500,8.5,250,9,2.5,,
2026-09-08T00:23:18.002Z,W4140879,6342,46.68751,7.26717,25596.9,4.3,5.9,301.9,-51.8,0.9,-1.0,RS41-SG,403.500,8.5,250,9,2.6,,
2026-09-08T00:23:19.002Z,W4140879,6343,46.68754,7.26711,25601.5,4.9,5.6,302.8,-51.8,0.9,-1.0,RS41-SG,403.500,8.5,250,9,2.6,,
2026-09-08T00:23:20.002Z,W4140879,6344,46.68757,7.26705,25606.7,5.7,4.7,311.9,-51.8,0.9,-1.0,RS41-SG,403.500,8.1,250,9,2.5,,
2026-09-08T00:23:21.002Z,W4140879,6345,46.68760,7.26702,25612.4,5.6,3.8,326.8,-51.9,0.9,-1.0,RS41-SG,403.500,8.3,250,9,2.5,,
2026-09-08T00:23:22.002Z,W4140879,6346,46.68763,7.26699,25617.7,4.9,3.4,340.0,-51.9,0.9,-1.0,RS41-SG,403.500,8.3,250,9,2.5,,
2026-09-08T00:23:23.002Z,W4140879,6347,46.68765,7.26698,25622.6,5.1,3.3,343.3,-51.9,0.9,-1.0,RS41-SG,403.500,9.0,250,9,2.6,,
2026-09-08T00:23:24.002Z,W4140879,6348,46.68768,7.26696,25628.1,6.0,3.8,332.0,-51.9,0.9,-1.0,RS41-SG,403.500,9.0,250,9,2.6,,
2026-09-08T00:23:25.002Z,W4140879,6349,46.68771,7.26693,25633.7,5.0,4.6,318.7,-52.0,0.9,-1.0,RS41-SG,403.500,8.9,250,9,2.5,,
2026-09-08T00:23:26.002Z,W4140879,6350,46.68775,7.26688,25638.2,4.0,5.7,313.8,-52.0,0.9,-1.0,RS41-SG,403.500,7.8,250,9,2.5,,
2026-09-08T00:23:27.002Z,W4140879,6351,46.68779,7.26683,25642.4,4.5,6.7,314.7,-52.0,0.9,-1.0,RS41-SG,403.500,8.2,250,9,2.5,,
2026-09-08T00:23:28.002Z,W4140879,6352,46.68783,7.26677,25647.2,5.2,6.9,320.4,-52.0,0.9,-1.0,RS41-SG,403.500,8.2,250,9,2.6,,
2026-09-08T00:23:29.002Z,W4140879,6353,46.68788,7.26672,25652.5,5.3,6.3,325.1,-52.0,0.9,-1.0,RS41-SG,403.500,8.1,250,9,2.6,,
2026-09-08T00:23:30.002Z,W4140879,6354,46.68792,7.26667,25657.8,5.2,5.2,325.2,-52.0,0.9,-1.0,RS41-SG,403.500,8.2,250,9,2.5,,
2026-09-08T00:23:31.002Z,W4140879,6355,46.68795,7.26664,25663.3,5.7,3.8,317.8,-52.1,0.9,-1.0,RS41-SG,403.500,8.7,250,9,2.5,,
2026-09-08T00:23:32.002Z,W4140879,6356,46.68797,7.26660,25668.6,5.0,3.0,302.2,-52.0,0.9,-1.0,RS41-SG,403.500,8.7,250,9,2.5,,
2026-09-08T00:23:33.002Z,W4140879,6357,46.68798,7.26657,25673.3,4.2,2.8,291.4,-52.1,0.9,-1.0,RS41-SG,403.500,8.3,250,9,2.5,,
2026-09-08T00:23:34.002Z,W4140879,6358,46.68799,7.26654,25677.9,5.1,2.9,298.2,-52.1,0.9,-1.0,RS41-SG,403.500,9.0,250,9,2.6,,
2026-09-08T00:23:35.002Z,W4140879,6359,46.68801,7.26651,25683.5,6.1,3.7,319.3,-52.1,0.9,-1.0,RS41-SG,403.500,9.0,250,9,2.6,,
2026-09-08T00:23:36.002Z,W4140879,6360,46.68804,7.26647,25689.0,5.0,4.9,331.6,-52.1,0.9,-1.0,RS41-SG,403.500,8.5,250,9,2.5,,
2026-09-08T00:23:37.002Z,W4140879,6361,46.68809,7.26644,25693.7,4.3,6.3,334.7,-52.0,0.9,-1.0,RS41-SG,403.500,9.5,250,9,2.5,,
2026-09-08T00:23:38.002Z,W4140879,6362,46.68814,7.26640,25698.4,5.0,7.2,332.4,-52.0,0.9,-1.0,RS41-SG,403.500,9.5,250,9,2.5,,
2026-09-08T00:23:39.002Z,W4140879,6363,46.68820,7.26635,25703.9,6.0,7.4,325.8,-52.0,0.9,-1.0,RS41-SG,403.500,9.0,250,9,2.6,,
2026-09-08T00:23:40.002Z,W4140879,6364,46.68825,7.26630,25709.4,4.9,7.2,319.5,-52.0,0.9,-1.0,RS41-SG,403.500,8.4,250,9,2.6,,
2026-09-08T00:23:41.002Z,W4140879,6365,46.68830,7.26624,25714.0,4.4,6.6,317.9,-51.9,0.9,-1.0,RS41-SG,403.500,8.7,250,9,2.5,,
2026-09-08T00:23:42.002Z,W4140879,6366,46.68834,7.26618,25718.9,5.4,5.9,323.3,-51.9,0.9,-1.0,RS41-SG,403.500,8.7,250,9,2.5,,
2026-09-08T00:23:43.002Z,W4140879,6367,46.68838,7.26615,25724.7,6.0,5.4,335.6,-51.9,0.9,-1.0,RS41-SG,403.500,7.9,250,9,2.5,,
2026-09-08T00:23:44.002Z,W4140879,6368,46.68843,7.26612,25729.9,4.5,5.4,346.8,-51.9,0.9,-1.0,RS41-SG,403.500,8.3,250,9,2.6,,
2026-09-08T00:23:45.002Z,W4140879,6369,46.68848,7.26611,25734.7,5.0,5.1,353.8,-51.9,0.9,-1.0,RS41-SG,403.500,8.4,250,9,2.6,,
2026-09-08T00:23:46.002Z,W4140879,6370,46.68852,7.26611,25740.1,5.9,4.4,354.6,-51.9,0.9,-1.0,RS41-SG,403.500,8.4,250,9,2.5,,
2026-09-08T00:23:47.002Z,W4140879,6371,46.68855,7.26610,25745.9,5.8,3.6,347.1,-51.9,0.9,-1.0,RS41-SG,403.500,9.1,250,9,2.5,,
2026-09-08T00:23:48.002Z,W4140879,6372,46.68858,7.26608,25750.9,4.1,3.1,338.2,-51.9,0.9,-1.0,RS41-SG,403.500,9.1,250,9,2.5,,
2026-09-08T00:23:49.002Z,W4140879,6373,46.68861,7.26607,25755.3,4.9,3.4,338.0,-51.9,0.9,-1.0,RS41-SG,403.500,8.8,250,9,2.5,,
2026-09-08T00:23:50.002Z,W4140879,6374,46.68864,7.26605,25760.9,6.1,3.9,345.4,-51.9,0.9,-1.0,RS41-SG,403.500,7.9,250,9,2.6,,
2026-09-08T00:23:51.002Z,W4140879,6375,46.68868,7.26604,25766.2,4.5,4.5,352.1,-51.9,0.9,-1.0,RS41-SG,403.500,8.7,250,9,2.6,,
2026-09-08T00:23:52.002Z,W4140879,6376,46.68872,7.26604,25771.0,5.1,4.9,354.4,-51.9,0.9,-1.0,RS41-SG,403.500,8.7,250,9,2.5,,
2026-09-08T00:23:53.002Z,W4140879,6377,46.68876,7.26603,25776.4,5.7,4.5,351.9,-51.9,0.9,-1.0,RS41-SG,403.500,8.2,250,9,2.5,,
2026-09-08T00:23:54.002Z,W4140879,6378,46.68880,7.26602,25782.4,6.2,3.7,341.9,-51.9,0.9,-1.0,RS41-SG,403.500,9.5,250,9,2.5,,
2026-09-08T00:23:55.002Z,W4140879,6379,46.68883,7.26600,25787.9,4.9,3.0,330.8,-51.9,0.9,-1.0,RS41-SG,403.500,9.5,250,9,2.6,,
2026-09-08T00:23:56.002Z,W4140879,6380,46.68885,7.26598,25792.4,4.1,2.5,325.2,-51.9,0.9,-1.0,RS41-SG,403.500,8.5,250,9,2.6,,
2026-09-08T00:23:57.002Z,W4140879,6381,46.68886,7.26597,25796.8,4.7,2.3,332.0,-51.9,0.9,-1.0,RS41-SG,403.500,9.1,250,9,2.5,,
2026-09-08T00:23:58.002Z,W4140879,6382,46.68888,7.26596,25802.1,5.7,2.5,353.3,-51.9,0.9,-1.0,RS41-SG,403.500,9.1,250,9,2.5,,
2026-09-08T00:23:59.002Z,W4140879,6383,46.68891,7.26596,25807.3,4.8,2.8,8.5,-51.9,0.9,-1.0,RS41-SG,403.500,8.3,250,9,2.5,,
2026-09-08T00:24:00.002Z,W4140879,6384,46.68893,7.26597,25811.8,4.0,3.0,18.3,-51.8,0.9,-1.0,RS41-SG,403.500,7.8,250,9,2.6,,
2026-09-08T00:24:01.002Z,W4140879,6385,46.68895,7.26598,25816.4,5.0,2.3,23.5,-51.8,0.9,-1.0,RS41-SG,403.500,8.5,250,9,2.6,,
2026-09-08T00:24:02.002Z,W4140879,6386,46.68897,7.26599,25821.9,6.0,1.0,20.3,-51.8,0.9,-1.0,RS41-SG,403.500,8.5,250,9,2.5,,
2026-09-08T00:24:03.002Z,W4140879,6387,46.68897,7.26598,25827.5,5.2,0.6,283.9,-51.8,0.9,-1.0,RS41-SG,403.500,8.9,250,9,2.5,,
2026-09-08T00:24:04.002Z,W4140879,6388,46.68897,7.26597,25832.6,4.8,1.4,274.4,-51.8,0.9,-1.0,RS41-SG,403.500,8.9,250,9,2.5,,
2026-09-08T00:24:05.002Z,W4140879,6389,46.68898,7.26595,25837.8,5.7,2.1,293.4,-51.8,0.9,-1.0,RS41-SG,403.500,8.7,250,9,2.5,,
2026-09-08T00:24:06.002Z,W4140879,6390,46.68899,7.26592,25843.6,5.7,2.6,316.1,-51.8,0.9,-1.0,RS41-SG,403.500,8.6,250,9,2.6,,
2026-09-08T00:24:07.002Z,W4140879,6391,46.68901,7.26590,25848.7,4.5,3.3,330.3,-51.8,0.9,-1.0,RS41-SG,403.500,9.1,250,9,2.6,,
2026-09-08T00:24:08.002Z,W4140879,6392,46.68904,7.26588,25853.7,5.4,3.7,335.0,-51.8,0.9,-1.0,RS41-SG,403.500,9.1,250,9,2.5,,
2026-09-08T00:24:09.002Z,W4140879,6393,46.68907,7.26586,25859.6,6.3,3.6,332.1,-51.8,0.9,-1.0,RS41-SG,403.500,8.5,250,9,2.5,,
2026-09-08T00:24:10.002Z,W4140879,6394,46.68909,7.26584,25865.0,4.5,3.1,324.4,-51.8,0.9,-1.0,RS41-SG,403.500,8.7,250,9,2.5,,
2026-09-08T00:24:11.002Z,W4140879,6395,46.68911,7.26582,25869.6,4.6,2.4,323.5,-51.8,0.9,-1.0,RS41-SG,403.500,8.7,250,9,2.6,,
2026-09-08T00:24:12.002Z,W4140879,6396,46.68913,7.26580,25874.8,5.7,1.7,341.7,-51.8,0.9,-1.0,RS41-SG,403.500,8.7,250,9,2.6,,
2026-09-08T00:24:13.002Z,W4140879,6397,46.68914,7.26580,25880.3,5.4,1.8,13.2,-51.8,0.9,-1.0,RS41-SG,403.500,8.2,250,9,2.5,,
2026-09-08T00:24:14.002Z,W4140879,6398,46.68916,7.26581,25885.5,4.8,1.9,33.1,-51.8,0.9,-1.0,RS41-SG,403.500,8.5,250,9,2.5,,
2026-09-08T00:24:15.002Z,W4140879,6399,46.68917,7.26582,25890.6,5.3,1.3,56.7,-51.8,0.9,-1.0,RS41-SG,403.500,8.5,250,9,2.5,,
2026-09-08T00:24:16.002Z,W4140879,6400,46.68917,7.26584,25896.1,5.6,0.9,142.3,-51.9,0.9,-1.0,RS41-SG,403.500,8.5,250,9,2.6,,
2026-09-08T00:24:17.002Z,W4140879,6401,46.68916,7.26584,25901.5,5.4,1.8,186.7,-51.9,0.9,-1.0,RS41-SG,403.500,8.6,250,9,2.6,,
2026-09-08T00:24:18.002Z,W4140879,6402,46.68914,7.26583,25906.0,3.7,2.9,195.4,-51.9,0.9,-1.0,RS41-SG,403.500,8.6,250,9,2.5,,
2026-09-08T00:24:19.002Z,W4140879,6403,46.68911,7.26582,25909.9,3.9,3.7,191.7,-51.9,0.9,-1.0,RS41-SG,403.500,7.8,250,9,2.5,,
2026-09-08T00:24:20.002Z,W4140879,6404,46.68908,7.26582,25914.5,5.3,3.8,177.5,-51.9,0.9,-1.0,RS41-SG,403.500,8.7,250,9,2.5,,
2026-09-08T00:24:21.002Z,W4140879,6405,46.68905,7.26583,25920.1,6.1,3.6,156.0,-51.9,0.9,-1.0,RS41-SG,403.500,8.7,250,9,2.5,,
2026-09-08T00:24:22.002Z,W4140879,6406,46.68902,7.26585,25925.4,4.6,3.2,133.7,-51.9,0.9,-1.0,RS41-SG,403.500,8.4,250,9,2.6,,
2026-09-08T00:24:23.002Z,W4140879,6407,46.68901,7.26588,25929.8,4.1,2.6,109.8,-51.9,0.9,-1.0,RS41-SG,403.500,8.4,250,9,2.6,,
2026-09-08T00:24:24.002Z,W4140879,6408,46.68901,7.26591,25934.3,5.0,1.8,71.9,-51.9,0.9,-1.0,RS41-SG,403.500,9.6,250,9,2.5,,
2026-09-08T00:24:25.002Z,W4140879,6409,46.68902,7.26593,25939.7,5.6,1.6,10.2,-51.9,0.9,-1.0,RS41-SG,403.500,9.6,250,9,2.5,,
2026-09-08T00:24:26.002Z,W4140879,6410,46.68903,7.26592,25945.0,5.1,2.2,327.0,-51.9,0.9,-1.0,RS41-SG,403.500,8.4,250,9,2.5,,
2026-09-08T00:24:27.002Z,W4140879,6411,46.68905,7.26590,25949.5,3.9,2.8,307.6,-51.9,0.9,-1.0,RS41-SG,403.500,8.9,250,9,2.6,,
2026-09-08T00:24:28.002Z,W4140879,6412,46.68906,7.26587,25953.8,4.5,2.8,301.7,-51.9,0.9,-1.0,RS41-SG,403.500,8.9,250,9,2.6,,
2026-09-08T00:24:29.002Z,W4140879,6413,46.68907,7.26584,25959.1,6.2,1.7,296.8,-51.9,0.9,-1.0,RS41-SG,403.500,8.8,250,9,2.5,,
2026-09-08T00:24:30.002Z,W4140879,6414,46.68907,7.26583,25965.0,5.4,0.2,262.7,-51.9,0.9,-1.0,RS41-SG,403.500,7.9,250,9,2.5,,
2026-09-08T00:24:31.002Z,W4140879,6415,46.68907,7.26584,25970.0,4.4,1.4,136.6,-51.9,0.9,-1.0,RS41-SG,403.500,9.3,250,9,2.5,,
2026-09-08T00:24:32.002Z,W4140879,6416,46.68905,7.26585,25974.9,5.4,3.0,147.4,-51.9,0.9,-1.0,RS41-SG,403.500,9.3,250,9,2.6,,
2026-09-08T00:24:33.002Z,W4140879,6417,46.68902,7.26587,25980.6,6.1,4.2,160.0,-51.9,0.9,-1.0,RS41-SG,403.500,8.5,250,9,2.6,,
2026-09-08T00:24:34.002Z,W4140879,6418,46.68899,7.26589,25986.1,4.8,4.6,167.9,-51.9,0.9,-1.0,RS41-SG,403.500,9.2,250,9,2.5,,
2026-09-08T00:24:35.002Z,W4140879,6419,46.68895,7.26590,25991.0,4.9,4.6,173.1,-51.8,0.9,-1.0,RS41-SG,403.500,9.2,250,9,2.5,,
2026-09-08T00:24:36.002Z,W4140879,6420,46.68891,7.26591,25996.4,5.9,3.7,171.7,-51.7,0.9,-1.0,RS41-SG,403.500,8.4,250,9,2.5,,
2026-09-08T00:24:37.002Z,W4140879,6421,46.68888,7.26591,26002.5,6.1,2.3,162.9,-51.6,0.9,-1.0,RS41-SG,403.500,8.6,250,9,2.5,,
2026-09-08T00:24:38.002Z,W4140879,6422,46.68887,7.26592,26008.0,4.9,0.7,147.6,-51.6,0.9,-1.0,RS41-SG,403.500,8.9,250,9,2.6,,
2026-09-08T00:24:39.002Z,W4140879,6423,46.68887,7.26592,26013.0,5.1,1.3,332.4,-51.6,0.9,-1.0,RS41-SG,403.500,8.9,250,9,2.6,,
2026-09-08T00:24:40.002Z,W4140879,6424,46.68889,7.26590,26018.5,5.8,3.3,321.1,-51.5,0.9,-1.0,RS41-SG,403.500,8.4,250,9,2.5,,
2026-09-08T00:24:41.002Z,W4140879,6425,46.68891,7.26587,26023.6,4.3,4.3,315.6,-51.5,0.9,-1.0,RS41-SG,403.500,8.8,250,9,2.5,,
2026-09-08T00:24:42.002Z,W4140879,6426,46.68894,7.26583,26027.9,4.3,4.8,314.9,-51.5,0.9,-1.0,RS41-SG,403.500,9.0,250,9,2.5,,
2026-09-08T00:24:43.002Z,W4140879,6427,46.68897,7.26579,26032.9,5.6,4.3,321.8,-51.5,0.9,-1.0,RS41-SG,403.500,9.0,250,9,2.6,,
2026-09-08T00:24:44.002Z,W4140879,6428,46.68900,7.26576,26038.6,5.8,3.2,338.9,-51.4,0.9,-1.0,RS41-SG,403.500,8.3,250,9,2.6,,
2026-09-08T00:24:45.002Z,W4140879,6429,46.68903,7.26576,26043.8,4.4,2.4,5.2,-51.4,0.9,-1.0,RS41-SG,403.500,8.2,250,9,2.5,,
2026-09-08T00:24:46.002Z,W4140879,6430,46.68904,7.26577,26048.2,4.2,1.9,36.0,-51.4,0.9,-1.0,RS41-SG,403.500,8.1,250,9,2.5,,
2026-09-08T00:24:47.002Z,W4140879,6431,46.68905,7.26578,26053.2,5.6,1.4,70.9,-51.4,0.9,-1.0,RS41-SG,403.500,8.4,250,9,2.5,,
2026-09-08T00:24:48.002Z,W4140879,6432,46.68905,7.26579,26059.0,6.0,0.9,123.3,-51.3,0.8,-1.0,RS41-SG,403.500,9.1,250,9,2.6,,
2026-09-08T00:24:49.002Z,W4140879,6433,46.68905,7.26580,26064.3,4.5,1.0,169.0,-51.3,0.9,-1.0,RS41-SG,403.500,9.1,250,9,2.6,,
2026-09-08T00:24:50.002Z,W4140879,6434,46.68904,7.26580,26068.9,4.7,1.2,180.1,-51.3,0.8,-1.0,RS41-SG,403.500,8.4,250,9,2.5,,
2026-09-08T00:24:51.002Z,W4140879,6435,46.68903,7.26581,26074.5,6.3,1.1,158.3,-51.3,0.9,-1.0,RS41-SG,403.500,7.5,250,9,2.5,,
2026-09-08T00:24:52.002Z,W4140879,6436,46.68902,7.26581,26080.2,5.2,1.0,110.0,-51.3,0.9,-1.0,RS41-SG,403.500,9.4,250,9,2.5,,
2026-09-08T00:24:53.002Z,W4140879,6437,46.68902,7.26583,26085.5,5.2,1.2,65.1,-51.2,0.9,-1.0,RS41-SG,403.500,9.4,250,9,2.5,,
2026-09-08T00:24:54.002Z,W4140879,6438,46.68903,7.26584,26091.3,6.2,1.6,19.0,-51.2,0.9,-1.0,RS41-SG,403.500,8.7,250,9,2.6,,
2026-09-08T00:24:55.002Z,W4140879,6439,46.68904,7.26584,26097.2,5.7,2.2,344.2,-51.3,0.9,-1.0,RS41-SG,403.500,8.7,250,9,2.6,,
2026-09-08T00:24:56.002Z,W4140879,6440,46.68907,7.26583,26102.1,4.0,2.9,334.8,-51.3,0.8,-1.0,RS41-SG,403.500,8.4,250,9,2.5,,
2026-09-08T00:24:57.002Z,W4140879,6441,46.68909,7.26581,26106.8,5.2,3.0,335.8,-51.3,0.9,-1.0,RS41-SG,403.500,8.5,250,9,2.5,,
2026-09-08T00:24:58.002Z,W4140879,6442,46.68911,7.26580,26112.4,6.0,2.8,353.5,-51.3,0.9,-1.0,RS41-SG,403.500,8.5,250,9,2.5,,
2026-09-08T00:24:59.002Z,W4140879,6443,46.68914,7.26580,26118.2,5.7,2.6,19.6,-51.3,0.9,-1.0,RS41-SG,403.500,8.5,250,9,2.6,,
2026-09-08T00:25:00.002Z,W4140879,6444,46.68916,7.26582,26123.0,3.9,2.6,38.0,-51.3,0.9,-1.0,RS41-SG,403.500,8.1,250,9,2.6,,
2026-09-08T00:25:01.002Z,W4140879,6445,46.68917,7.26584,26127.2,4.5,2.4,52.8,-51.3,0.9,-1.0,RS41-SG,403.500,9.2,250,9,2.5,,
2026-09-08T00:25:02.002Z,W4140879,6446,46.68918,7.26586,26132.6,6.0,1.5,61.3,-51.3,0.9,-1.0,RS41-SG,403.500,9.2,250,9,2.5,,
2026-09-08T00:25:03.002Z,W4140879,6447,46.68919,7.26588,26138.5,5.8,0.7,53.1,-51.4,0.9,-1.0,RS41-SG,403.500,8.8,250,9,2.5,,
2026-09-08T00:25:04.002Z,W4140879,6448,46.68919,7.26588,26143.3,4.0,0.2,8.3,-51.4,0.9,-1.0,RS41-SG,403.500,7.5,250,9,2.6,,
2026-09-08T00:25:05.002Z,W4140879,6449,46.68919,7.26588,26148.0,5.3,0.3,30.6,-51.4,0.9,-1.0,RS41-SG,403.500,8.3,250,9,2.6,,
2026-09-08T00:25:06.002Z,W4140879,6450,46.68920,7.26589,26153.8,6.4,1.2,66.2,-51.4,0.9,-1.0,RS41-SG,403.500,8.3,250,9,2.5,,
2026-09-08T00:25:07.002Z,W4140879,6451,46.68920,7.26591,26159.7,5.2,2.2,67.2,-51.4,0.9,-1.0,RS41-SG,403.500,8.2,250,9,2.5,,
2026-09-08T00:25:08.002Z,W4140879,6452,46.68921,7.26594,26165.0,5.6,3.0,62.1,-51.3,0.9,-1.0,RS41-SG,403.500,8.3,250,9,2.5,,
2026-09-08T00:25:09.002Z,W4140879,6453,46.68923,7.26597,26170.9,6.3,3.1,55.4,-51.3,0.9,-1.0,RS41-SG,403.500,8.8,250,9,2.5,,
2026-09-08T00:25:10.002Z,W4140879,6454,46.68924,7.26600,26176.9,5.6,2.8,50.1,-51.3,0.9,-1.0,RS41-SG,403.500,8.8,250,9,2.6,,
2026-09-08T00:25:12.002Z,W4140879,6456,46.68927,7.26606,26186.8,5.3,2.7,59.1,-51.3,0.9,-1.0,RS41-SG,403.500,7.4,250,9,2.6,,
2026-09-08T00:25:13.002Z,W4140879,6457,46.68929,7.26610,26192.5,6.1,3.5,71.5,-51.3,0.9,-1.0,RS41-SG,403.500,9.3,250,9,2.5,,
2026-09-08T00:25:14.002Z,W4140879,6458,46.68929,7.26615,26198.3,5.4,4.3,79.7,-51.3,0.8,-1.0,RS41-SG,403.500,9.3,250,9,2.5,,
2026-09-08T00:25:15.002Z,W4140879,6459,46.68930,7.26620,26203.5,4.9,4.5,88.4,-51.3,0.9,-1.0,RS41-SG,403.500,8.4,250,9,2.5,,
2026-09-08T00:25:16.002Z,W4140879,6460,46.68930,7.26626,26208.8,5.8,3.9,95.2,-51.3,0.9,-1.0,RS41-SG,403.500,9.1,250,9,2.5,,
2026-09-08T00:25:17.002Z,W4140879,6461,46.68929,7.26630,26215.1,6.6,2.8,111.4,-51.2,0.9,-1.0,RS41-SG,403.500,9.1,250,9,2.5,,
2026-09-08T00:25:20.002Z,W4140879,6464,46.68926,7.26636,26231.3,6.4,1.8,122.7,-51.3,0.9,-1.0,RS41-SG,403.500,8.1,250,9,2.6,,
2026-09-08T00:25:21.002Z,W4140879,6465,46.68925,7.26639,26237.1,5.4,2.5,102.9,-51.3,0.9,-1.0,RS41-SG,403.500,8.1,250,9,2.5,,
2026-09-08T00:25:22.002Z,W4140879,6466,46.68925,7.26642,26242.2,4.8,3.2,91.9,-51.3,0.9,-1.0,RS41-SG,403.500,8.1,250,9,2.5,,
2026-09-08T00:25:23.002Z,W4140879,6467,46.68925,7.26647,26247.6,6.0,3.3,84.7,-51.3,0.9,-1.0,RS41-SG,403.500,7.7,250,9,2.5,,
2026-09-08T00:25:24.002Z,W4140879,6468,46.68925,7.26650,26253.7,6.1,2.9,77.4,-51.3,0.9,-1.0,RS41-SG,403.500,8.5,250,9,2.5,,
2026-09-08T00:25:25.002Z,W4140879,6469,46.68926,7.26654,26259.2,5.0,2.5,71.8,-51.3,0.9,-1.0,RS41-SG,403.500,8.5,250,9,2.6,,
2026-09-08T00:25:26.002Z,W4140879,6470,46.68927,7.26657,26264.5,5.6,2.6,69.1,-51.3,0.9,-1.0,RS41-SG,403.500,7.8,250,9,2.6,,
2026-09-08T00:25:27.002Z,W4140879,6471,46.68928,7.26661,26270.3,6.1,3.1,71.8,-51.3,0.9,-1.0,RS41-SG,403.500,8.6,250,9,2.5,,
2026-09-08T00:25:28.002Z,W4140879,6472,46.68928,7.26665,26275.9,4.9,3.6,77.1,-51.3,0.9,-1.0,RS41-SG,403.500,8.6,250,9,2.5,,
2026-09-08T00:25:29.002Z,W4140879,6473,46.68929,7.26669,26281.0,5.2,3.6,88.1,-51.2,0.9,-1.0,RS41-SG,403.500,8.9,250,9,2.5,,
2026-09-08T00:25:30.002Z,W4140879,6474,46.68929,7.26674,26286.7,6.3,3.1,101.6,-51.2,0.9,-1.0,RS41-SG,403.500,8.9,250,9,2.5,,
2026-09-08T00:25:31.002Z,W4140879,6475,46.68928,7.26677,26292.9,6.0,2.3,129.1,-51.2,0.9,-1.0,RS41-SG,403.500,9.7,250,9,2.6,,
2026-09-08T00:25:32.002Z,W4140879,6476,46.68926,7.26679,26298.1,4.5,2.4,152.6,-51.2,0.8,-1.0,RS41-SG,403.500,9.7,250,9,2.6,,
2026-09-08T00:25:33.002Z,W4140879,6477,46.68924,7.26680,26303.3,5.8,3.0,155.9,-51.1,0.8,-1.0,RS41-SG,403.500,8.2,250,9,2.6,,
2026-09-08T00:25:34.002Z,W4140879,6478,46.68921,7.26682,26309.5,6.6,3.8,143.2,-51.1,0.9,-1.0,RS41-SG,403.500,9.0,250,9,2.5,,
2026-09-08T00:25:35.002Z,W4140879,6479,46.68919,7.26686,26315.3,4.7,4.5,131.9,-51.0,0.8,-1.0,RS41-SG,403.500,9.0,250,9,2.5,,
2026-09-08T00:25:36.002Z,W4140879,6480,46.68916,7.26691,26320.0,4.8,5.0,123.4,-51.0,0.9,-1.0,RS41-SG,403.500,8.5,250,9,2.5,,
2026-09-08T00:25:37.002Z,W4140879,6481,46.68914,7.26697,26325.5,6.1,4.9,118.6,-50.9,0.8,-1.0,RS41-SG,403.500,8.6,250,9,2.5,,
2026-09-08T00:25:38.002Z,W4140879,6482,46.68912,7.26702,26331.7,6.3,4.2,117.8,-50.9,0.9,-1.0,RS41-SG,403.500,9.2,250,9,2.6,,
2026-09-08T00:25:39.002Z,W4140879,6483,46.68910,7.26706,26337.2,4.8,3.6,116.8,-50.9,0.8,-1.0,RS41-SG,403.500,9.2,250,9,2.6,,
2026-09-08T00:25:40.002Z,W4140879,6484,46.68909,7.26710,26342.2,4.8,3.4,115.5,-50.9,0.8,-1.0,RS41-SG,403.500,8.1,250,9,2.5,,
2026-09-08T00:25:41.002Z,W4140879,6485,46.68908,7.26715,26347.5,5.8,3.7,111.8,-50.9,0.8,-1.0,RS41-SG,403.500,8.8,250,9,2.5,,
2026-09-08T00:25:42.002Z,W4140879,6486,46.68906,7.26719,26353.5,6.2,4.3,111.1,-51.0,0.8,-1.0,RS41-SG,403.500,8.8,250,9,2.5,,
2026-09-08T00:25:43.002Z,W4140879,6487,46.68905,7.26725,26359.3,5.4,4.6,115.1,-51.0,0.9,-1.0,RS41-SG,403.500,8.5,250,9,2.5,,
2026-09-08T00:25:44.002Z,W4140879,6488,46.68903,7.26730,26364.9,5.8,4.3,123.7,-51.0,0.8,-1.0,RS41-SG,403.500,9.2,250,9,2.6,,
2026-09-08T00:25:45.002Z,W4140879,6489,46.68900,7.26734,26371.1,6.6,3.7,142.0,-51.0,0.8,-1.0,RS41-SG,403.500,9.2,250,9,2.6,,
2026-09-08T00:25:46.002Z,W4140879,6490,46.68897,7.26736,26377.2,5.6,3.4,167.0,-51.0,0.8,-1.0,RS41-SG,403.500,7.7,250,9,2.5,,
2026-09-08T00:25:47.002Z,W4140879,6491,46.68895,7.26736,26382.1,4.4,3.3,186.5,-51.0,0.8,-1.0,RS41-SG,403.500,8.4,250,9,2.5,,
2026-09-08T00:25:48.002Z,W4140879,6492,46.68892,7.26735,26386.8,5.1,2.8,198.3,-51.0,0.9,-1.0,RS41-SG,403.500,9.0,250,9,2.5,,
2026-09-08T00:25:49.002Z,W4140879,6493,46.68890,7.26734,26392.5,6.3,1.9,191.5,-51.0,0.8,-1.0,RS41-SG,403.500,9.0,250,9,2.6,,
2026-09-08T00:25:50.002Z,W4140879,6494,46.68889,7.26735,26398.6,6.0,1.2,150.0,-51.0,0.8,-1.0,RS41-SG,403.500,7.7,250,9,2.6,,
2026-09-08T00:25:51.002Z,W4140879,6495,46.68888,7.26736,26404.2,5.0,1.6,116.0,-51.0,0.8,-1.0,RS41-SG,403.500,8.8,250,9,2.5,,
2026-09-08T00:25:52.002Z,W4140879,6496,46.68887,7.26738,26409.6,5.9,1.9,115.4,-51.0,0.8,-1.0,RS41-SG,403.500,9.1,250,9,2.5,,
2026-09-08T00:25:53.002Z,W4140879,6497,46.68886,7.26740,26415.9,6.8,2.0,136.2,-50.9,0.8,-1.0,RS41-SG,403.500,9.1,250,9,2.5,,
2026-09-08T00:25:54.002Z,W4140879,6498,46.68884,7.26741,26421.9,5.2,2.3,157.9,-50.9,0.8,-1.0,RS41-SG,403.500,7.8,250,9,2.6,,
2026-09-08T00:25:55.002Z,W4140879,6499,46.68882,7.26742,26426.9,4.9,3.2,166.9,-50.9,0.8,-1.0,RS41-SG,403.500,8.0,250,9,2.6,,
2026-09-08T00:25:56.002Z,W4140879,6500,46.68879,7.26744,26432.6,6.3,4.4,163.0,-50.9,0.8,-1.0,RS41-SG,403.500,8.3,250,9,2.5,,
2026-09-08T00:25:57.002Z,W4140879,6501,46.68875,7.26746,26438.5,5.4,5.3,157.7,-50.9,0.8,-1.0,RS41-SG,403.500,8.3,250,9,2.5,,
2026-09-08T00:25:58.002Z,W4140879,6502,46.68870,7.26749,26443.9,5.4,6.2,157.2,-50.9,0.8,-1.0,RS41-SG,403.500,8.3,250,9,2.5,,
2026-09-08T00:25:59.002Z,W4140879,6503,46.68864,7.26752,26449.8,6.2,6.6,161.8,-50.8,0.8,-1.0,RS41-SG,403.500,8.6,250,9,2.5,,
2026-09-08T00:26:00.002Z,W4140879,6504,46.68859,7.26754,26456.2,6.5,6.9,171.5,-50.8,0.8,-1.0,RS41-SG,403.500,8.6,250,9,2.6,,
2026-09-08T00:26:01.002Z,W4140879,6505,46.68852,7.26755,26461.9,4.9,6.9,177.9,-50.8,0.8,-1.0,RS41-SG,403.500,7.6,250,9,2.6,,
2026-09-08T00:26:02.002Z,W4140879,6506,46.68846,7.26755,26466.9,4.9,6.5,181.2,-50.8,0.8,-1.0,RS41-SG,403.500,7.6,250,9,2.6,,
2026-09-08T00:26:03.002Z,W4140879,6507,46.68841,7.26755,26472.3,5.9,5.8,177.5,-50.8,0.8,-1.0,RS41-SG,403.500,8.4,250,9,2.5,,
2026-09-08T00:26:04.002Z,W4140879,6508,46.68836,7.26756,26478.4,6.2,5.0,167.1,-50.7,0.8,-1.0,RS41-SG,403.500,8.4,250,9,2.5,,
2026-09-08T00:26:05.002Z,W4140879,6509,46.68832,7.26757,26483.9,4.6,4.6,157.7,-50.7,0.8,-1.0,RS41-SG,403.500,7.8,250,9,2.5,,
2026-09-08T00:26:06.002Z,W4140879,6510,46.68828,7.26760,26489.0,5.6,4.2,153.4,-50.7,0.8,-1.0,RS41-SG,403.500,8.0,250,9,2.5,,
2026-09-08T00:26:07.002Z,W4140879,6511,46.68825,7.26762,26495.3,6.9,3.5,162.5,-50.7,0.8,-1.0,RS41-SG,403.500,8.8,250,9,2.6,,
2026-09-08T00:26:08.002Z,W4140879,6512,46.68822,7.26762,26501.3,5.2,3.1,176.2,-50.7,0.8,-1.0,RS41-SG,403.500,8.8,250,9,2.6,,
2026-09-08T00:26:10.002Z,W4140879,6514,46.68816,7.26762,26511.3,5.7,3.3,186.3,-50.6,0.8,-1.0,RS41-SG,403.500,8.9,250,9,2.5,,
2026-09-08T00:26:11.002Z,W4140879,6515,46.68813,7.26762,26517.5,6.5,3.4,173.5,-50.6,0.8,-1.0,RS41-SG,403.500,8.9,250,9,2.5,,
2026-09-08T00:26:12.002Z,W4140879,6516,46.68810,7.26763,26523.3,5.3,3.5,164.0,-50.6,0.8,-1.0,RS41-SG,403.500,8.7,250,9,2.5,,
2026-09-08T00:26:13.002Z,W4140879,6517,46.68807,7.26764,26528.8,5.6,3.8,164.4,-50.5,0.8,-1.0,RS41-SG,403.500,7.8,250,9,2.6,,
2026-09-08T00:26:14.002Z,W4140879,6518,46.68804,7.26765,26534.8,6.4,3.9,174.3,-50.5,0.8,-1.0,RS41-SG,403.500,8.9,250,9,2.6,,
2026-09-08T00:26:16.002Z,W4140879,6520,46.68796,7.26763,26546.6,5.0,4.6,195.0,-50.6,0.8,-1.0,RS41-SG,403.500,7.4,250,9,2.5,,
2026-09-08T00:26:17.002Z,W4140879,6521,46.68792,7.26762,26551.9,5.6,4.5,196.6,-50.6,0.8,-1.0,RS41-SG,403.500,8.2,250,9,2.5,,
2026-09-08T00:26:18.002Z,W4140879,6522,46.68789,7.26761,26557.9,6.5,4.0,189.0,-50.6,0.8,-1.0,RS41-SG,403.500,8.2,250,9,2.6,,
2026-09-08T00:26:19.002Z,W4140879,6523,46.68785,7.26760,26563.7,5.1,3.6,177.6,-50.6,0.9,-1.0,RS41-SG,403.500,8.2,250,9,2.6,,
2026-09-08T00:26:20.002Z,W4140879,6524,46.68782,7.26761,26568.9,5.3,3.5,170.9,-50.6,0.8,-1.0,RS41-SG,403.500,8.0,250,9,2.5,,
2026-09-08T00:26:21.002Z,W4140879,6525,46.68779,7.26761,26574.6,6.1,3.5,178.0,-50.6,0.8,-1.0,RS41-SG,403.500,8.1,250,9,2.5,,
2026-09-08T00:26:22.002Z,W4140879,6526,46.68776,7.26761,26580.9,6.5,3.8,191.8,-50.7,0.9,-1.0,RS41-SG,403.500,8.1,250,9,2.5,,
2026-09-08T00:26:23.002Z,W4140879,6527,46.68772,7.26759,26586.6,4.9,4.1,199.2,-50.7,0.9,-1.0,RS41-SG,403.500,7.9,250,9,2.6,,
2026-09-08T00:26:24.002Z,W4140879,6528,46.68769,7.26758,26591.9,5.6,3.8,202.0,-50.7,0.8,-1.0,RS41-SG,403.500,8.3,250,9,2.6,,
2026-09-08T00:26:25.002Z,W4140879,6529,46.68766,7.26756,26598.0,6.4,3.0,194.9,-50.7,0.8,-1.0,RS41-SG,403.500,8.3,250,9,2.5,,
2026-09-08T00:26:26.002Z,W4140879,6530,46.68764,7.26756,26603.7,5.1,2.3,178.5,-50.7,0.8,-1.0,RS41-SG,403.500,8.1,250,9,2.5,,
2026-09-08T00:26:27.002Z,W4140879,6531,46.68762,7.26756,26608.6,4.6,2.0,162.7,-50.7,0.8,-1.0,RS41-SG,403.500,8.3,250,9,2.5,,
2026-09-08T00:26:28.002Z,W4140879,6532,46.68760,7.26757,26614.1,6.4,2.0,166.1,-50.7,0.9,-1.0,RS41-SG,403.500,8.8,250,9,2.5,,
2026-09-08T00:26:29.002Z,W4140879,6533,46.68758,7.26757,26620.6,6.7,2.5,186.0,-50.6,0.8,-1.0,RS41-SG,403.500,8.8,250,9,2.6,,
2026-09-08T00:26:30.002Z,W4140879,6534,46.68756,7.26756,26626.6,5.2,3.1,197.4,-50.6,0.8,-1.0,RS41-SG,403.500,8.1,250,9,2.6,,
2026-09-08T00:26:31.002Z,W4140879,6535,46.68753,7.26755,26632.0,5.6,3.5,204.0,-50.6,0.8,-1.0,RS41-SG,403.500,8.3,250,9,2.6,,
2026-09-08T00:26:33.002Z,W4140879,6537,46.68747,7.26751,26644.2,6.3,3.1,197.3,-50.5,0.8,-1.0,RS41-SG,403.500,7.5,250,9,2.5,,
2026-09-08T00:26:34.002Z,W4140879,6538,46.68745,7.26750,26649.7,4.7,2.7,198.1,-50.4,0.8,-1.0,RS41-SG,403.500,7.5,250,9,2.5,,
2026-09-08T00:26:35.002Z,W4140879,6539,46.68743,7.26749,26654.7,5.2,2.8,207.5,-50.4,0.8,-1.0,RS41-SG,403.500,7.6,250,9,2.5,,
2026-09-08T00:26:36.002Z,W4140879,6540,46.68740,7.26747,26660.5,6.2,3.4,220.8,-50.4,0.8,-1.0,RS41-SG,403.500,7.6,250,9,2.6,,
2026-09-08T00:26:37.002Z,W4140879,6541,46.68738,7.26743,26666.7,6.1,4.1,230.1,-50.3,0.8,-1.0,RS41-SG,403.500,7.8,250,9,2.6,,
2026-09-08T00:26:38.002Z,W4140879,6542,46.68736,7.26739,26672.1,4.7,4.5,235.3,-50.3,0.8,-1.0,RS41-SG,403.500,7.8,250,9,2.5,,
2026-09-08T00:26:40.002Z,W4140879,6544,46.68732,7.26731,26682.9,6.2,2.3,235.5,-50.3,0.8,-1.0,RS41-SG,403.500,7.9,250,9,2.5,,
2026-09-08T00:26:41.002Z,W4140879,6545,46.68731,7.26729,26689.1,6.1,0.7,200.5,-50.3,0.8,-1.0,RS41-SG,403.500,7.9,250,9,2.5,,
2026-09-08T00:26:42.002Z,W4140879,6546,46.68731,7.26730,26694.8,5.3,1.2,117.7,-50.3,0.8,-1.0,RS41-SG,403.500,7.9,250,9,2.6,,
2026-09-08T00:26:43.002Z,W4140879,6547,46.68730,7.26731,26700.3,5.8,1.8,116.7,-50.3,0.8,-1.0,RS41-SG,403.500,8.0,250,9,2.6,,
2026-09-08T00:26:44.002Z,W4140879,6548,46.68729,7.26733,26706.7,7.0,2.3,145.7,-50.3,0.8,-1.0,RS41-SG,403.500,8.3,250,9,2.6,,
2026-09-08T00:26:45.002Z,W4140879,6549,46.68727,7.26735,26713.0,5.4,3.0,169.6,-50.3,0.8,-1.0,RS41-SG,403.500,8.3,250,9,2.5,,
2026-09-08T00:26:46.002Z,W4140879,6550,46.68724,7.26735,26717.9,4.4,3.7,185.8,-50.3,0.8,-1.0,RS41-SG,403.500,8.3,250,9,2.5,,
2026-09-08T00:26:47.002Z,W4140879,6551,46.68720,7.26734,26722.9,5.4,4.1,193.4,-50.3,0.8,-1.0,RS41-SG,403.500,8.3,250,9,2.5,,
2026-09-08T00:26:48.002Z,W4140879,6552,46.68717,7.26732,26728.9,6.5,3.9,197.9,-50.4,0.8,-1.0,RS41-SG,403.500,7.4,250,9,2.5,,
2026-09-08T00:26:49.002Z,W4140879,6553,46.68714,7.26731,26734.8,5.3,3.4,201.6,-50.4,0.8,-1.0,RS41-SG,403.500,7.9,250,9,2.6,,
2026-09-08T00:26:50.002Z,W4140879,6554,46.68711,7.26729,26740.2,5.5,3.2,213.6,-50.4,0.8,-1.0,RS41-SG,403.500,7.9,250,9,2.6,,
2026-09-08T00:26:51.002Z,W4140879,6555,46.68709,7.26726,26746.1,6.3,3.7,225.1,-50.4,0.8,-1.0,RS41-SG,403.500,7.0,250,9,2.5,,
2026-09-08T00:26:52.002Z,W4140879,6556,46.68706,7.26722,26752.3,6.2,4.3,231.6,-50.4,0.8,-1.0,RS41-SG,403.500,8.2,250,9,2.5,,
2026-09-08T00:26:53.002Z,W4140879,6557,46.68704,7.26717,26758.1,5.3,4.7,233.0,-50.4,0.8,-1.0,RS41-SG,403.500,8.2,250,9,2.5,,
2026-09-08T00:26:54.002Z,W4140879,6558,46.68701,7.26713,26763.6,5.7,4.1,233.1,-50.4,0.8,-1.0,RS41-SG,403.500,7.2,250,9,2.5,,
2026-09-08T00:26:55.002Z,W4140879,6559,46.68700,7.26709,26769.7,6.5,2.5,230.6,-50.4,0.8,-1.0,RS41-SG,403.500,7.8,250,9,2.6,,
2026-09-08T00:26:56.002Z,W4140879,6560,46.68698,7.26708,26775.6,5.3,1.1,217.7,-50.5,0.8,-1.0,RS41-SG,403.500,7.8,250,9,2.6,,
2026-09-08T00:26:58.002Z,W4140879,6562,46.68697,7.26708,26786.3,6.3,0.6,152.4,-50.5,0.8,-1.0,RS41-SG,403.500,8.2,250,9,2.5,,
2026-09-08T00:26:59.002Z,W4140879,6563,46.68697,7.26708,26792.8,6.7,1.2,199.8,-50.5,0.8,-1.0,RS41-SG,403.500,8.2,250,9,2.5,,
2026-09-08T00:27:00.002Z,W4140879,6564,46.68695,7.26707,26798.7,5.0,2.1,211.5,-50.4,0.8,-1.0,RS41-SG,403.500,7.3,250,9,2.5,,
2026-09-08T00:27:01.002Z,W4140879,6565,46.68693,7.26705,26803.7,4.9,2.8,216.0,-50.4,0.8,-1.0,RS41-SG,403.500,7.3,250,9,2.5,,
2026-09-08T00:27:03.002Z,W4140879,6567,46.68689,7.26701,26815.4,6.1,2.5,206.4,-50.4,0.8,-1.0,RS41-SG,403.500,8.0,250,9,2.6,,
2026-09-08T00:27:04.002Z,W4140879,6568,46.68687,7.26700,26821.1,5.2,2.1,204.0,-50.3,0.8,-1.0,RS41-SG,403.500,8.0,250,9,2.5,,
2026-09-08T00:27:06.002Z,W4140879,6570,46.68684,7.26697,26832.8,6.7,2.6,224.8,-50.3,0.8,-1.0,RS41-SG,403.500,7.9,250,9,2.5,,
2026-09-08T00:27:08.002Z,W4140879,6572,46.68681,7.26691,26844.3,5.6,2.8,236.1,-50.3,0.8,-1.0,RS41-SG,403.500,7.9,250,9,2.6,,
2026-09-08T00:27:11.002Z,W4140879,6575,46.68679,7.26688,26861.5,3.9,1.1,58.0,-50.3,0.8,-1.0,RS41-SG,403.500,7.8,250,9,2.5,,
2026-09-08T00:27:12.002Z,W4140879,6576,46.68680,7.26689,26866.0,4.8,1.6,57.5,-50.3,0.8,-1.0,RS41-SG,403.500,7.8,250,9,2.5,,
2026-09-08T00:27:13.002Z,W4140879,6577,46.68681,7.26691,26871.6,6.2,1.2,63.3,-50.3,0.8,-1.0,RS41-SG,403.500,7.6,250,9,2.5,,
2026-09-08T00:27:14.002Z,W4140879,6578,46.68681,7.26692,26877.6,5.7,0.3,64.1,-50.3,0.8,-1.0,RS41-SG,403.500,7.9,250,9,2.5,,
2026-09-08T00:27:16.002Z,W4140879,6580,46.68681,7.26691,26887.9,5.6,0.6,225.1,-50.3,0.8,-1.0,RS41-SG,403.500,7.8,250,9,2.6,,
2026-09-08T00:27:17.002Z,W4140879,6581,46.68680,7.26691,26893.8,6.1,0.3,180.2,-50.4,0.8,-1.0,RS41-SG,403.500,7.8,250,9,2.5,,
2026-09-08T00:27:19.002Z,W4140879,6583,46.68679,7.26693,26904.6,5.1,1.6,122.3,-50.4,0.8,-1.0,RS41-SG,403.500,7.8,250,9,2.5,,
2026-09-08T00:27:21.002Z,W4140879,6585,46.68676,7.26696,26916.4,6.5,2.8,158.3,-50.4,0.8,-1.0,RS41-SG,403.500,6.7,250,9,2.6,,
2026-09-08T00:27:24.002Z,W4140879,6588,46.68670,7.26699,26934.0,6.8,1.5,128.4,-50.4,0.8,-1.0,RS41-SG,403.500,6.7,250,9,2.5,,
2026-09-08T00:27:25.002Z,W4140879,6589,46.68670,7.26701,26940.4,5.9,2.0,65.7,-50.5,0.8,-1.0,RS41-SG,403.500,6.7,250,9,2.5,,
2026-09-08T00:27:26.002Z,W4140879,6590,46.68671,7.26704,26945.6,4.5,3.2,44.6,-50.5,0.8,-1.0,RS41-SG,403.500,6.9,250,9,2.5,,
2026-09-08T00:27:27.002Z,W4140879,6591,46.68674,7.26707,26950.3,4.9,3.9,34.2,-50.5,0.8,-1.0,RS41-SG,403.500,7.5,250,9,2.5,,
2026-09-08T00:27:30.002Z,W4140879,6594,46.68682,7.26713,26967.9,5.3,2.3,28.9,-50.6,0.8,-1.0,RS41-SG,403.500,6.8,250,9,2.5,,
2026-09-08T00:27:33.002Z,W4140879,6597,46.68684,7.26722,26985.3,4.9,3.9,85.0,-50.5,0.8,-1.0,RS41-SG,403.500,6.9,250,9,2.5,,
2026-09-08T00:27:36.002Z,W4140879,6600,46.68682,7.26738,27001.9,6.2,4.2,120.3,-50.5,0.8,-1.0,RS41-SG,403.500,7.7,250,9,2.6,,
2026-09-08T00:27:39.002Z,W4140879,6603,46.68677,7.26750,27017.9,5.9,3.1,109.4,-50.4,0.8,-1.0,RS41-SG,403.500,6.9,250,9,2.5,,
2026-09-08T00:27:40.002Z,W4140879,6604,46.68676,7.26754,27024.1,6.6,3.7,80.9,-50.4,0.8,-1.0,RS41-SG,403.500,7.2,250,9,2.5,,
2026-09-08T00:27:43.002Z,W4140879,6607,46.68683,7.26771,27041.0,5.8,5.3,51.0,-50.4,0.8,-1.0,RS41-SG,403.500,7.0,250,9,2.5,,
2026-09-08T00:27:44.002Z,W4140879,6608,46.68685,7.26776,27047.5,7.0,4.1,52.1,-50.4,0.8,-1.0,RS41-SG,403.500,7.0,250,9,2.5,,
2026-09-08T00:27:47.002Z,W4140879,6611,46.68688,7.26785,27063.7,5.6,2.5,107.4,-50.5,0.8,-1.0,RS41-SG,403.500,6.8,250,9,2.6,,
2026-09-08T00:27:50.002Z,W4140879,6614,46.68684,7.26801,27080.8,5.1,5.3,109.8,-50.5,0.8,-1.0,RS41,403.500,7.2,250,9,2.5,,
2026-09-08T00:27:51.002Z,W4140879,6615,46.68682,7.26807,27086.3,5.9,5.4,113.1,-50.5,0.8,-1.0,RS41,403.500,7.2,250,9,2.5,,
2026-09-08T00:27:57.002Z,W4140879,6621,46.68676,7.26841,27120.3,4.7,6.0,71.3,-50.3,0.8,-1.0,RS41,403.500,7.3,250,9,2.5,,
2026-09-08T00:27:58.002Z,W4140879,6622,46.68678,7.26849,27125.2,5.0,6.5,64.4,-50.3,0.8,-1.0,RS41,403.500,7.3,250,9,2.5,,
2026-09-08T00:28:02.002Z,W4140879,6626,46.68686,7.26874,27148.6,5.7,4.4,88.4,-50.3,0.8,-1.0,RS41,403.500,6.4,250,9,2.5,,
2026-09-08T00:28:05.002Z,W4140879,6629,46.68682,7.26897,27165.7,4.7,7.5,107.6,-50.3,0.8,-1.0,RS41,403.500,6.6,250,9,2.6,,
2026-09-08T00:28:13.002Z,W4140879,6637,46.68671,7.26959,27210.5,5.1,6.3,69.0,-49.7,0.7,-1.0,RS41,403.500,7.2,250,9,2.5,,
2026-09-08T00:28:14.002Z,W4140879,6638,46.68674,7.26966,27216.1,6.1,5.8,64.6,-49.6,0.8,-1.0,RS41,403.500,7.2,250,9,2.5,,
2026-09-08T00:28:17.002Z,W4140879,6641,46.68677,7.26981,27234.0,5.4,3.2,99.5,-49.5,0.7,-1.0,RS41,403.500,6.7,250,9,2.5,,
2026-09-08T00:28:21.002Z,W4140879,6645,46.68667,7.27009,27256.3,5.5,8.7,120.9,-49.4,0.8,-1.0,RS41,403.500,6.7,250,9,2.6,,
2026-09-08T00:28:24.002Z,W4140879,6648,46.68655,7.27036,27274.7,5.9,7.5,121.6,-49.4,0.7,-1.0,RS41,403.500,6.9,250,9,2.5,,
2026-09-08T00:28:27.002Z,W4140879,6651,46.68648,7.27062,27292.4,4.8,6.8,98.2,-49.4,0.8,-1.0,RS41,403.500,6.7,250,9,2.6,,
2026-09-08T00:28:28.002Z,W4140879,6652,46.68648,7.27070,27297.8,5.9,6.0,94.0,-49.4,0.8,-1.0,RS41,403.500,7.3,250,9,2.5,,
2026-09-08T00:28:35.002Z,W4140879,6659,46.68636,7.27108,27339.6,4.8,7.2,114.7,-49.5,0.8,-1.0,RS41,403.500,6.7,250,9,2.5,,
2026-09-08T00:28:36.002Z,W4140879,6660,46.68634,7.27116,27344.9,5.8,7.7,115.3,-49.5,0.8,-1.0,RS41,403.500,6.7,250,9,2.6,,
2026-09-08T00:28:38.002Z,W4140879,6662,46.68627,7.27133,27357.5,5.4,6.8,123.8,-49.6,0.8,-1.0,RS41,403.500,6.3,250,9,2.5,,
2026-09-08T00:29:15.002Z,W4140879,6699,46.68536,7.27310,27575.2,6.0,4.0,164.5,-50.2,0.8,-1.0,RS41,403.500,7.0,250,9,2.5,,
2026-09-08T00:29:20.002Z,W4140879,6704,46.68524,7.27313,27602.2,4.7,2.2,147.0,-50.2,0.8,-1.0,RS41,403.500,7.0,250,9,2.5,,
2026-09-08T00:29:35.002Z,W4140879,6719,46.68467,7.27309,27689.0,4.7,1.4,200.6,-49.9,0.8,-1.0,RS41,403.500,6.4,250,9,2.5,,
2026-09-08T00:29:43.002Z,W4140879,6727,46.68452,7.27301,27735.6,4.8,4.9,178.8,-50.0,0.8,-1.0,RS41,403.500,6.7,250,9,2.5,,
2026-09-08T00:30:32.002Z,W4140879,6776,46.68360,7.27331,28013.8,5.6,4.3,174.6,-48.7,0.7,-1.0,RS41,403.500,6.5,250,9,2.5,,
2026-09-08T00:30:47.002Z,W4140879,6791,46.68316,7.27340,28100.9,5.6,3.4,171.4,-48.2,0.7,-1.0,RS41,403.500,6.2,250,9,2.5,,
2026-09-08T00:31:09.002Z,W4140879,6813,46.68232,7.27363,28229.0,4.7,4.7,152.7,-48.1,0.7,-1.0,RS41,403.500,6.3,250,9,2.6,,
2026-09-08T00:31:18.002Z,W4140879,6822,46.68213,7.27376,28278.8,5.8,1.3,213.7,-48.2,0.7,-1.0,RS41,403.500,6.7,250,9,2.5,,
2026-09-08T00:36:16.002Z,W4140879,7120,46.66931,7.27906,30026.1,6.1,1.5,195.8,-47.1,0.6,-1.0,RS41,403.500,6.3,250,11,2.6,,
2026-09-08T00:39:18.002Z,W4140879,7302,46.66356,7.28180,31096.7,6.6,4.9,148.4,-44.3,0.5,-1.0,RS41,403.500,6.2,250,11,2.5,,
2026-09-08T00:40:27.002Z,W4140879,7371,46.66317,7.28379,31522.6,5.7,5.4,82.6,-45.2,0.5,-1.0,RS41,403.500,7.0,250,11,2.6,,
2026-09-08T00:40:45.002Z,W4140879,7389,46.66329,7.28444,31634.5,6.9,0.5,24.6,-45.7,0.6,-1.0,RS41,403.500,6.7,250,11,2.5,,
2026-09-08T00:40:52.002Z,W4140879,7396,46.66341,7.28463,31676.7,5.3,7.8,57.9,-45.9,0.5,-1.0,RS41,403.500,7.1,250,11,2.6,,
2026-09-08T00:40:55.002Z,W4140879,7399,46.66347,7.28487,31696.3,5.2,4.6,90.7,-46.0,0.6,-1.0,RS41,403.500,6.5,250,11,2.5,,
2026-09-08T00:45:49.002Z,W4140879,7693,46.65854,7.30189,33434.0,6.8,8.9,141.5,-40.6,0.4,-1.0,RS41,403.500,6.6,250,10,2.5,,
2026-09-08T00:45:59.002Z,W4140879,7703,46.65785,7.30230,33494.2,6.5,9.6,143.3,-40.7,0.4,-1.0,RS41,403.500,6.4,250,10,2.5,,
2026-09-08T00:46:11.002Z,W4140879,7715,46.65714,7.30282,33567.4,5.6,9.0,159.4,-41.0,0.4,-1.0,RS41,403.500,6.1,250,10,2.5,,
2026-09-08T00:46:15.002Z,W4140879,7719,46.65693,7.30297,33593.2,5.2,3.8,147.5,-41.1,0.4,-1.0,RS41,403.500,6.3,250,10,2.5,,
2026-09-08T00:46:19.002Z,W4140879,7723,46.65679,7.30303,33617.8,6.4,6.1,173.9,-41.1,0.4,-1.0,RS41,403.500,6.9,250,10,2.6,,
2026-09-08T00:46:33.002Z,W4140879,7737,46.65601,7.30335,33703.0,7.5,8.6,168.1,-40.9,0.3,-1.0,RS41,403.500,7.9,250,10,2.5,,
2026-09-08T00:46:55.002Z,W4140879,7759,46.65473,7.30394,33837.4,7.5,7.2,168.5,-40.9,0.3,-1.0,RS41,403.500,6.6,250,10,2.6,,
2026-09-08T00:47:03.002Z,W4140879,7767,46.65433,7.30416,33886.1,6.6,9.3,160.3,-40.7,0.3,-1.0,RS41,403.500,6.8,250,9,2.5,,
2026-09-08T00:47:04.002Z,W4140879,7768,46.65425,7.30419,33893.0,7.0,8.8,168.2,-40.7,0.3,-1.0,RS41,403.500,6.8,250,10,2.5,,
2026-09-08T00:47:15.002Z,W4140879,7779,46.65349,7.30398,33960.1,6.3,6.0,200.8,-40.8,0.3,-1.0,RS41,403.500,6.7,250,10,2.5,,
2026-09-08T00:47:23.002Z,W4140879,7787,46.65320,7.30412,34010.3,5.2,10.2,145.8,-40.7,0.4,-1.0,RS41,403.500,6.5,250,10,2.5,,
2026-09-08T00:47:24.002Z,W4140879,7788,46.65312,7.30418,34015.9,5.9,10.6,154.0,-40.6,0.3,-1.0,RS41,403.500,6.7,250,10,2.6,,
2026-09-08T00:47:38.002Z,W4140879,7802,46.65243,7.30477,34104.1,7.0,5.3,135.5,-40.5,0.3,-1.0,RS41,403.500,5.9,250,10,2.5,,
2026-09-08T00:52:17.002Z,W4140879,8081,46.65690,7.31665,35679.1,5.6,7.7,108.9,-35.9,0.2,-1.0,RS41,403.500,7.7,250,10,2.5,,
2026-09-08T00:52:18.002Z,W4140879,8082,46.65687,7.31675,35684.6,5.4,8.0,119.8,-36.0,0.3,-1.0,RS41,403.500,7.7,250,10,2.5,,
2026-09-08T00:52:29.002Z,W4140879,8093,46.65645,7.31752,35750.6,5.9,12.0,94.9,-35.9,0.2,-1.0,RS41,403.500,6.8,250,10,2.6,,
2026-09-08T00:52:30.002Z,W4140879,8094,46.65644,7.31767,35756.8,6.4,11.7,91.2,-35.9,0.2,-1.0,RS41,403.500,7.2,250,10,2.6,,
2026-09-08T00:52:31.002Z,W4140879,8095,46.65644,7.31781,35763.3,6.8,10.2,87.4,-35.9,0.2,-1.0,RS41,403.500,7.8,250,10,2.5,,
2026-09-08T00:52:32.002Z,W4140879,8096,46.65645,7.31793,35770.2,7.0,7.6,83.9,-35.9,0.2,-1.0,RS41,403.500,7.8,250,10,2.5,,
2026-09-08T00:52:33.002Z,W4140879,8097,46.65645,7.31801,35777.1,6.6,4.6,84.1,-35.9,0.2,-1.0,RS41,403.500,7.8,250,10,2.5,,
2026-09-08T00:52:34.002Z,W4140879,8098,46.65645,7.31805,35783.4,6.1,1.8,107.0,-36.0,0.2,-1.0,RS41,403.500,7.3,250,10,2.5,,
2026-09-08T00:52:45.002Z,W4140879,8109,46.65588,7.31903,35850.1,6.2,10.5,80.6,-36.3,0.2,-1.0,RS41,403.500,7.8,250,10,2.5,,
2026-09-08T00:52:46.002Z,W4140879,8110,46.65590,7.31913,35856.0,5.8,6.7,68.6,-36.4,0.2,-1.0,RS41,403.500,7.8,250,10,2.5,,
2026-09-08T00:52:56.002Z,W4140879,8120,46.65529,7.31996,35912.6,5.5,19.4,98.7,-36.6,0.3,-1.0,RS41,403.500,7.7,250,10,2.6,,
2026-09-08T00:52:57.002Z,W4140879,8121,46.65528,7.32020,35918.5,6.2,17.2,85.8,-36.6,0.2,-1.0,RS41,403.500,8.3,250,10,2.5,,
2026-09-08T00:52:58.002Z,W4140879,8122,46.65531,7.32040,35925.0,6.7,13.8,72.2,-36.6,0.2,-1.0,RS41,403.500,8.3,250,10,2.5,,
2026-09-08T00:52:59.002Z,W4140879,8123,46.65535,7.32054,35931.5,6.3,9.9,56.7,-36.6,0.2,-1.0,RS41,403.500,8.0,250,10,2.5,,
2026-09-08T00:53:00.002Z,W4140879,8124,46.65539,7.32061,35937.5,5.7,5.7,36.7,-36.6,0.3,-1.0,RS41,403.500,7.8,250,10,2.6,,
2026-09-08T00:53:09.002Z,W4140879,8133,46.65481,7.32131,35988.9,5.9,19.2,98.4,-36.6,0.2,-1.0,RS41,403.500,7.5,250,10,2.5,,
2026-09-08T00:53:10.002Z,W4140879,8134,46.65481,7.32155,35994.9,6.1,17.2,82.7,-36.6,0.2,-1.0,RS41,403.500,7.5,250,10,2.5,,
2026-09-08T00:53:11.002Z,W4140879,8135,46.65484,7.32174,36000.8,5.8,14.1,65.8,-36.6,0.2,-1.0,RS41,403.500,7.0,250,10,2.5,,
2026-09-08T00:53:23.002Z,W4140879,8147,46.65455,7.32258,36064.5,5.8,14.3,73.0,-36.5,0.2,-1.0,RS41,403.500,7.9,250,10,2.5,,
2026-09-08T00:53:24.002Z,W4140879,8148,46.65460,7.32273,36070.5,6.2,11.8,53.2,-36.5,0.2,-1.0,RS41,403.500,7.9,250,10,2.5,,
2026-09-08T00:53:25.002Z,W4140879,8149,46.65466,7.32282,36076.6,6.0,8.9,28.9,-36.4,0.2,-1.0,RS41,403.500,7.4,250,10,2.5,,
2026-09-08T00:53:26.002Z,W4140879,8150,46.65473,7.32284,36082.1,5.1,6.4,355.7,-36.4,0.2,-1.0,RS41,403.500,7.1,250,10,2.6,,
2026-09-08T00:53:34.002Z,W4140879,8158,46.65435,7.32306,36124.7,5.1,15.7,102.1,-36.3,0.2,-1.0,RS41,403.500,7.7,250,10,2.5,,
2026-09-08T00:53:35.002Z,W4140879,8159,46.65434,7.32326,36129.8,5.2,15.5,84.2,-36.2,0.2,-1.0,RS41,403.500,7.7,250,10,2.5,,
2026-09-08T00:53:36.002Z,W4140879,8160,46.65437,7.32345,36135.2,5.4,14.5,65.2,-36.2,0.2,-1.0,RS41,403.500,7.8,250,10,2.5,,
2026-09-08T00:53:37.002Z,W4140879,8161,46.65444,7.32359,36140.6,5.5,12.7,45.5,-36.2,0.2,-1.0,RS41,403.500,8.3,250,10,2.6,,
2026-09-08T00:53:38.002Z,W4140879,8162,46.65452,7.32368,36146.1,5.4,10.3,23.4,-36.2,0.2,-1.0,RS41,403.500,8.3,250,10,2.6,,
2026-09-08T00:53:40.002Z,W4140879,8164,46.65465,7.32367,36156.9,5.4,5.2,310.2,-36.1,0.2,-1.0,RS41,403.500,7.2,250,10,2.5,,
2026-09-08T00:53:48.002Z,W4140879,8172,46.65418,7.32419,36200.2,5.0,15.5,81.8,-36.1,0.2,-1.0,RS41,403.500,8.1,250,10,2.5,,
2026-09-08T00:53:49.002Z,W4140879,8173,46.65422,7.32437,36205.0,4.7,14.6,62.2,-36.0,0.2,-1.0,RS41,403.500,8.1,250,10,2.6,,
2026-09-08T00:53:50.002Z,W4140879,8174,46.65429,7.32451,36209.8,4.8,13.0,41.6,-36.0,0.2,-1.0,RS41,403.500,7.7,250,10,2.6,,
2026-09-08T00:54:01.002Z,W4140879,8185,46.65407,7.32505,36265.3,4.8,13.1,83.8,-35.7,0.2,-1.0,RS41,403.500,7.0,250,10,2.5,,
2026-09-08T00:54:03.002Z,W4140879,8187,46.65415,7.32532,36274.4,4.5,9.6,44.6,-35.6,0.2,-1.0,RS41,403.500,7.2,250,10,2.6,,
2026-09-08T00:54:25.002Z,W4140879,8209,46.65330,7.32675,36380.8,5.6,17.5,141.2,-35.5,0.2,-1.0,RS41,403.500,7.4,250,10,2.5,,
2026-09-08T00:54:26.002Z,W4140879,8210,46.65319,7.32688,36387.0,6.9,14.8,137.5,-35.5,0.2,-1.0,RS41,403.500,7.7,250,10,2.5,,
2026-09-08T00:54:27.002Z,W4140879,8211,46.65310,7.32700,36393.8,6.5,11.2,134.2,-35.5,0.2,-1.0,RS41,403.500,7.9,250,10,2.6,,
2026-09-08T00:54:28.002Z,W4140879,8212,46.65305,7.32709,36399.4,4.7,7.9,130.2,-35.5,0.2,-1.0,RS41,403.500,7.9,250,10,2.6,,
2026-09-08T00:54:36.002Z,W4140879,8220,46.65290,7.32754,36433.3,4.0,10.4,124.9,-34.9,0.2,-1.0,RS41,403.500,7.3,250,11,2.6,,
2026-09-08T00:54:37.002Z,W4140879,8221,46.65284,7.32765,36437.4,4.2,11.5,127.2,-34.9,0.2,-1.0,RS41,403.500,8.2,250,11,2.6,,
2026-09-08T00:54:38.002Z,W4140879,8222,46.65278,7.32777,36441.8,4.8,11.2,129.3,-34.8,0.2,-1.0,RS41,403.500,8.2,250,11,2.5,,
2026-09-08T00:54:39.002Z,W4140879,8223,46.65272,7.32787,36446.9,5.4,9.5,132.1,-34.7,0.2,-1.0,RS41,403.500,7.5,250,11,2.5,,
2026-09-08T00:54:43.002Z,W4140879,8227,46.65258,7.32802,36466.0,3.8,1.2,206.8,-34.5,0.2,-1.0,RS41,403.500,6.8,250,11,2.5,,
2026-09-08T00:54:49.002Z,W4140879,8233,46.65247,7.32832,36494.4,3.6,10.9,117.0,-34.1,0.2,-1.0,RS41,403.500,7.5,250,11,2.5,,
2026-09-08T00:54:50.002Z,W4140879,8234,46.65243,7.32845,36498.4,4.4,11.3,118.8,-34.0,0.2,-1.0,RS41,403.500,7.5,250,11,2.5,,
2026-09-08T00:54:51.002Z,W4140879,8235,46.65238,7.32857,36503.4,5.5,10.1,122.3,-34.0,0.2,-1.0,RS41,403.500,7.2,250,11,2.5,,
2026-09-08T00:54:52.002Z,W4140879,8236,46.65233,7.32867,36509.1,5.8,7.6,127.9,-34.0,0.2,-1.0,RS41,403.500,7.4,250,11,2.5,,
2026-09-08T00:54:53.002Z,W4140879,8237,46.65230,7.32872,36514.7,5.4,4.8,139.6,-33.9,0.2,-1.0,RS41,403.500,7.5,250,11,2.6,,
2026-09-08T00:55:03.002Z,W4140879,8247,46.65211,7.32914,36559.8,4.4,13.2,111.3,-33.8,0.2,-1.0,RS41,403.500,7.5,250,11,2.5,,
2026-09-08T00:55:04.002Z,W4140879,8248,46.65206,7.32930,36564.7,5.6,11.9,111.7,-33.8,0.2,-1.0,RS41,403.500,7.6,250,11,2.6,,
2026-09-08T00:55:05.002Z,W4140879,8249,46.65203,7.32942,36570.5,6.0,9.2,110.8,-33.8,0.2,-1.0,RS41,403.500,7.6,250,11,2.6,,
2026-09-08T00:55:06.002Z,W4140879,8250,46.65201,7.32951,36576.2,5.4,5.9,108.3,-33.8,0.2,-1.0,RS41,403.500,7.4,250,11,2.5,,
2026-09-08T00:55:07.002Z,W4140879,8251,46.65200,7.32957,36580.9,4.0,2.8,96.1,-33.9,0.2,-1.0,RS41,403.500,7.2,250,11,2.5,,
2026-09-08T00:55:18.002Z,W4140879,8262,46.65198,7.33055,36553.0,-33.2,12.1,100.1,-33.6,0.2,-1.0,RS41,403.500,6.8,250,11,2.6,,
