timestamp,serial,frame,lat,lon,alt,vel_v,vel_h,heading,temp,humidity,pressure,type,freq_mhz,snr,f_error_hz,sats,batt_v,burst_timer,aux_data
2026-09-28T12:32:41.000Z,Y1152120,7061,45.58747,8.88952,27991.9,5.7,1.8,56.2,-273.0,-1.0,-1.0,RS41,404.901,6.8,-500,10,2.6,,
2026-09-28T12:32:48.000Z,Y1152120,7068,45.58769,8.88965,28033.5,5.2,4.5,46.7,-273.0,-1.0,-1.0,RS41,404.901,7.3,-500,10,2.6,,
2026-09-28T12:32:49.000Z,Y1152120,7069,45.58772,8.88969,28038.8,5.6,4.3,51.9,-273.0,-1.0,-1.0,RS41,404.901,7.3,-500,10,2.7,,
2026-09-28T12:32:50.000Z,Y1152120,7070,45.58774,8.88973,28044.8,6.5,3.7,48.5,-273.0,-1.0,-1.0,RS41,404.901,7.3,-500,10,2.6,,
2026-09-28T12:32:51.000Z,Y1152120,7071,45.58776,8.88976,28051.2,6.2,3.3,40.4,-273.0,-1.0,-1.0,RS41,404.901,7.4,-500,10,2.6,,
2026-09-28T12:32:52.000Z,Y1152120,7072,45.58779,8.88979,28057.0,5.2,3.2,38.0,-273.0,-1.0,-1.0,RS41,404.901,7.7,-500,10,2.6,,
2026-09-28T12:32:53.000Z,Y1152120,7073,45.58781,8.88982,28062.4,5.6,3.5,47.7,-273.0,-1.0,-1.0,RS41-SG,404.901,7.7,-500,10,2.6,,
2026-09-28T12:32:54.000Z,Y1152120,7074,45.58783,8.88986,28068.5,6.8,4.1,61.5,-273.0,-1.0,-1.0,RS41-SG,404.901,7.5,-500,10,2.7,,
2026-09-28T12:32:57.000Z,Y1152120,7077,45.58788,8.89003,28086.5,6.7,5.1,62.1,-273.0,-1.0,-1.0,RS41-SG,404.901,7.2,-500,10,2.6,,
2026-09-28T12:32:59.000Z,Y1152120,7079,45.58793,8.89012,28099.0,4.4,4.7,32.0,-273.0,-1.0,-1.0,RS41-SG,404.901,7.6,-500,10,2.6,,
2026-09-28T12:33:00.000Z,Y1152120,7080,45.58797,8.89014,28103.6,4.9,4.6,20.6,-273.0,-1.0,-1.0,RS41-SG,404.901,7.6,-500,10,2.6,,
2026-09-28T12:33:13.000Z,Y1152120,7093,45.58822,8.89054,28178.8,6.0,6.9,57.4,-273.0,-1.0,-1.0,RS41-SG,404.901,6.4,-500,10,2.7,,
2026-09-28T12:33:15.000Z,Y1152120,7095,45.58831,8.89067,28190.1,5.0,7.6,30.1,-273.0,-1.0,-1.0,RS41-SG,404.901,7.1,-500,10,2.6,,
2026-09-28T12:33:28.000Z,Y1152120,7108,45.58872,8.89129,28264.9,6.1,8.4,59.2,-273.0,-1.0,-1.0,RS41-SG,404.901,6.7,-500,10,2.6,,
2026-09-28T12:33:45.000Z,Y1152120,7125,45.58923,8.89234,28364.3,7.0,4.2,79.8,-273.0,-1.0,-1.0,RS41-SG,404.901,7.3,-500,10,2.6,,
2026-09-28T12:33:58.000Z,Y1152120,7138,45.58960,8.89307,28441.6,4.6,3.7,77.7,-273.0,-1.0,-1.0,RS41-SG,404.901,6.7,-500,10,2.6,,
2026-09-28T12:34:28.000Z,Y1152120,7168,45.59018,8.89380,28618.0,5.5,1.2,157.1,-273.0,-1.0,-1.0,RS41-SG,404.901,7.3,-500,10,2.6,,
2026-09-28T12:34:54.000Z,Y1152120,7194,45.59037,8.89403,28769.9,4.7,4.9,46.1,-273.0,-1.0,-1.0,RS41-SG,404.901,7.4,-500,10,2.6,,
2026-09-28T12:35:10.000Z,Y1152120,7210,45.59046,8.89422,28862.8,6.7,4.7,61.1,-273.0,-1.0,-1.0,RS41-SG,404.901,7.0,-500,10,2.6,,
2026-09-28T12:35:16.000Z,Y1152120,7216,45.59046,8.89441,28897.2,5.1,3.3,154.4,-273.0,-1.0,-1.0,RS41-SG,404.901,7.0,-500,10,2.6,,
2026-09-28T12:35:20.000Z,Y1152120,7220,45.59046,8.89455,28920.7,4.5,5.0,47.0,-273.0,-1.0,-1.0,RS41-SG,404.901,7.1,-500,10,2.6,,
2026-09-28T12:37:33.000Z,Y1152120,7353,45.58714,8.89960,29733.6,6.7,7.8,163.4,-273.0,-1.0,-1.0,RS41-SG,404.901,6.6,-500,11,2.5,,
2026-09-28T12:37:34.000Z,Y1152120,7354,45.58708,8.89963,29740.3,6.7,6.8,152.6,-273.0,-1.0,-1.0,RS41-SG,404.901,7.1,-500,11,2.5,,
2026-09-28T12:37:39.000Z,Y1152120,7359,45.58686,8.89978,29771.4,6.0,6.1,180.7,-273.0,-1.0,-1.0,RS41-SG,404.901,6.6,-500,11,2.6,,
2026-09-28T12:37:40.000Z,Y1152120,7360,45.58680,8.89977,29776.7,4.7,6.7,188.8,-273.0,-1.0,-1.0,RS41-SG,404.901,6.6,-500,11,2.5,,
2026-09-28T12:37:47.000Z,Y1152120,7367,45.58652,8.89973,29817.7,7.0,5.1,173.7,-273.0,-1.0,-1.0,RS41-SG,404.901,6.7,-500,11,2.6,,
2026-09-28T12:38:06.000Z,Y1152120,7386,45.58575,8.89967,29935.6,7.0,5.4,166.0,-273.0,-1.0,-1.0,RS41-SG,404.901,6.6,-500,11,2.6,,
2026-09-28T12:38:24.000Z,Y1152120,7404,45.58520,8.90000,30044.3,5.0,2.0,124.9,-273.0,-1.0,-1.0,RS41-SG,404.901,6.5,-500,11,2.6,,
2026-09-28T12:38:33.000Z,Y1152120,7413,45.58493,8.90042,30098.8,6.4,8.4,121.7,-273.0,-1.0,-1.0,RS41-SG,404.901,6.4,-500,11,2.6,,
2026-09-28T12:38:34.000Z,Y1152120,7414,45.58489,8.90051,30105.4,6.7,9.0,128.8,-273.0,-1.0,-1.0,RS41-SG,404.901,7.3,-500,11,2.6,,
2026-09-28T12:38:36.000Z,Y1152120,7416,45.58477,8.90068,30116.4,5.5,9.1,139.0,-273.0,-1.0,-1.0,RS41-SG,404.901,6.7,-500,11,2.6,,
