timestamp,serial,frame,lat,lon,alt,vel_v,vel_h,heading,temp,humidity,pressure,type,freq_mhz,snr,f_error_hz,sats,batt_v,burst_timer,aux_data
2026-09-11T00:18:40.995Z,W4215017,6275,46.45647,7.25137,24081.5,6.0,4.0,291.4,-273.0,-1.0,-1.0,RS41,403.501,7.1,-875,9,2.6,,
2026-09-11T00:18:43.995Z,W4215017,6278,46.45648,7.25125,24097.8,5.3,3.3,250.1,-273.0,-1.0,-1.0,RS41,403.501,7.3,-875,9,2.5,,
2026-09-11T00:18:44.995Z,W4215017,6279,46.45647,7.25120,24103.4,5.9,4.5,245.5,-273.0,-1.0,-1.0,RS41,403.501,7.6,-875,9,2.6,,
2026-09-11T00:18:46.995Z,W4215017,6281,46.45642,7.25107,24113.7,5.4,6.6,237.0,-273.0,-1.0,-1.0,RS41,403.501,6.5,-875,9,2.5,,
2026-09-11T00:18:47.995Z,W4215017,6282,46.45638,7.25100,24119.5,6.1,6.5,231.4,-273.0,-1.0,-1.0,RS41,403.501,7.2,-875,9,2.5,,
2026-09-11T00:18:50.995Z,W4215017,6285,46.45629,7.25086,24134.7,5.7,3.6,231.1,-273.0,-1.0,-1.0,RS41,403.501,7.6,-875,9,2.6,,
2026-09-11T00:18:51.995Z,W4215017,6286,46.45627,7.25082,24140.4,5.7,3.1,259.0,-273.0,-1.0,-1.0,RS41,403.501,7.6,-875,9,2.6,,
2026-09-11T00:18:53.995Z,W4215017,6288,46.45629,7.25074,24150.2,4.1,3.8,314.5,-273.0,-1.0,-1.0,RS41,403.501,7.2,-875,9,2.5,,
2026-09-11T00:18:54.995Z,W4215017,6289,46.45632,7.25071,24155.0,5.3,4.3,336.2,-273.0,-1.0,-1.0,RS41,403.501,7.5,-875,9,2.5,,
2026-09-11T00:18:56.995Z,W4215017,6291,46.45639,7.25069,24166.2,4.8,3.5,0.5,-273.0,-1.0,-1.0,RS41,403.501,8.0,-875,9,2.6,,
2026-09-11T00:18:57.995Z,W4215017,6292,46.45642,7.25069,24171.3,5.3,2.1,353.2,-273.0,-1.0,-1.0,RS41,403.501,8.0,-875,9,2.6,,
2026-09-11T00:18:58.995Z,W4215017,6293,46.45643,7.25068,24177.2,6.6,1.6,287.4,-273.0,-1.0,-1.0,RS41,403.501,7.5,-875,9,2.5,,
2026-09-11T00:18:59.995Z,W4215017,6294,46.45643,7.25065,24182.8,4.5,2.7,255.9,-273.0,-1.0,-1.0,RS41,403.501,7.4,-875,9,2.5,,
2026-09-11T00:19:00.995Z,W4215017,6295,46.45642,7.25061,24187.5,4.6,4.3,240.8,-273.0,-1.0,-1.0,RS41,403.501,7.5,-875,9,2.5,,
2026-09-11T00:19:01.995Z,W4215017,6296,46.45639,7.25056,24192.9,6.2,4.9,230.9,-273.0,-1.0,-1.0,RS41,403.501,7.5,-875,9,2.6,,
2026-09-11T00:19:02.995Z,W4215017,6297,46.45636,7.25052,24198.7,5.4,4.7,226.1,-273.0,-1.0,-1.0,RS41,403.501,7.5,-875,9,2.6,,
2026-09-11T00:19:09.995Z,W4215017,6304,46.45651,7.25026,24237.7,5.5,7.2,355.5,-273.0,-1.0,-1.0,RS41,403.501,7.3,-875,9,2.5,,
2026-09-11T00:19:10.995Z,W4215017,6305,46.45657,7.25025,24243.0,5.0,6.9,358.3,-273.0,-1.0,-1.0,RS41,403.501,7.2,-875,9,2.5,,
2026-09-11T00:19:12.995Z,W4215017,6307,46.45667,7.25023,24253.6,5.6,5.2,334.4,-273.0,-1.0,-1.0,RS41,403.501,7.9,-875,9,2.6,,
2026-09-11T00:19:24.995Z,W4215017,6319,46.45703,7.24959,24319.3,4.6,3.9,341.8,-273.0,-1.0,-1.0,RS41,403.501,8.0,-875,9,2.6,,
2026-09-11T00:19:25.995Z,W4215017,6320,46.45706,7.24958,24324.2,5.1,3.8,337.5,-273.0,-1.0,-1.0,RS41,403.501,8.5,-875,9,2.5,,
2026-09-11T00:19:26.995Z,W4215017,6321,46.45709,7.24955,24329.9,6.2,4.0,315.7,-273.0,-1.0,-1.0,RS41,403.501,8.5,-875,9,2.5,,
2026-09-11T00:19:27.995Z,W4215017,6322,46.45711,7.24950,24335.8,5.3,4.9,297.9,-273.0,-1.0,-1.0,RS41,403.501,8.0,-875,9,2.5,,
2026-09-11T00:19:29.995Z,W4215017,6324,46.45715,7.24937,24345.0,5.2,6.4,289.8,-273.0,-1.0,-1.0,RS41,403.501,7.3,-875,9,2.6,,
2026-09-11T00:19:54.995Z,W4215017,6349,46.45780,7.24888,24479.6,4.8,3.1,29.6,-273.0,-1.0,-1.0,RS41,403.501,7.6,-875,9,2.5,,
2026-09-11T00:19:55.995Z,W4215017,6350,46.45782,7.24890,24484.8,5.4,2.0,41.7,-273.0,-1.0,-1.0,RS41,403.501,7.6,-875,9,2.5,,
2026-09-11T00:20:04.995Z,W4215017,6359,46.45782,7.24906,24533.6,4.4,2.4,69.5,-273.0,-1.0,-1.0,RS41-SG,403.501,6.7,-875,9,2.5,,
2026-09-11T00:20:06.995Z,W4215017,6361,46.45784,7.24912,24544.6,6.1,3.2,73.9,-273.0,-1.0,-1.0,RS41-SG,403.501,8.0,-875,9,2.5,,
2026-09-11T00:20:07.995Z,W4215017,6362,46.45785,7.24916,24550.4,5.5,3.5,75.2,-273.0,-1.0,-1.0,RS41-SG,403.501,8.0,-875,9,2.5,,
2026-09-11T00:20:09.995Z,W4215017,6364,46.45786,7.24924,24561.7,6.1,2.2,90.7,-273.0,-1.0,-1.0,RS41-SG,403.501,7.7,-875,9,2.6,,
2026-09-11T00:20:10.995Z,W4215017,6365,46.45785,7.24926,24567.5,5.5,1.3,125.3,-273.0,-1.0,-1.0,RS41-SG,403.501,7.7,-875,9,2.5,,
2026-09-11T00:20:11.995Z,W4215017,6366,46.45784,7.24927,24572.2,3.9,1.4,166.1,-273.0,-1.0,-1.0,RS41-SG,403.501,7.2,-875,9,2.5,,
2026-09-11T00:20:12.995Z,W4215017,6367,46.45783,7.24927,24576.6,4.7,1.8,171.6,-273.0,-1.0,-1.0,RS41-SG,403.501,7.2,-875,9,2.5,,
2026-09-11T00:20:17.995Z,W4215017,6372,46.45774,7.24944,24601.9,5.9,4.2,124.8,-273.0,-1.0,-1.0,RS41-SG,403.501,8.2,-875,9,2.5,,
2026-09-11T00:20:18.995Z,W4215017,6373,46.45771,7.24948,24607.9,5.9,3.4,133.7,-273.0,-1.0,-1.0,RS41-SG,403.501,8.2,-875,9,2.5,,
2026-09-11T00:20:19.995Z,W4215017,6374,46.45769,7.24950,24613.4,5.1,2.6,149.0,-273.0,-1.0,-1.0,RS41-SG,403.501,7.3,-875,9,2.6,,
2026-09-11T00:20:23.995Z,W4215017,6378,46.45768,7.24951,24633.6,4.8,2.2,342.5,-273.0,-1.0,-1.0,RS41-SG,403.501,8.0,-875,9,2.5,,
2026-09-11T00:20:24.995Z,W4215017,6379,46.45770,7.24950,24638.3,4.4,3.1,338.7,-273.0,-1.0,-1.0,RS41-SG,403.501,8.0,-875,9,2.5,,
2026-09-11T00:20:30.995Z,W4215017,6385,46.45769,7.24931,24670.2,5.5,4.7,177.0,-273.0,-1.0,-1.0,RS41-SG,403.501,7.3,-875,9,2.6,,
2026-09-11T00:20:32.995Z,W4215017,6387,46.45760,7.24937,24680.4,4.1,6.1,144.4,-273.0,-1.0,-1.0,RS41-SG,403.501,7.2,-875,9,2.5,,
2026-09-11T00:20:33.995Z,W4215017,6388,46.45756,7.24942,24685.0,5.1,5.5,137.1,-273.0,-1.0,-1.0,RS41-SG,403.501,8.4,-875,9,2.5,,
2026-09-11T00:20:34.995Z,W4215017,6389,46.45753,7.24946,24690.7,6.2,3.5,137.9,-273.0,-1.0,-1.0,RS41-SG,403.501,8.4,-875,9,2.5,,
2026-09-11T00:20:35.995Z,W4215017,6390,46.45751,7.24947,24696.7,5.8,1.1,161.3,-273.0,-1.0,-1.0,RS41-SG,403.501,7.8,-875,9,2.5,,
2026-09-11T00:20:36.995Z,W4215017,6391,46.45751,7.24947,24701.6,3.8,1.5,272.9,-273.0,-1.0,-1.0,RS41-SG,403.501,7.7,-875,9,2.6,,
2026-09-11T00:20:37.995Z,W4215017,6392,46.45751,7.24944,24705.5,3.9,3.2,287.7,-273.0,-1.0,-1.0,RS41-SG,403.501,8.2,-875,9,2.6,,
2026-09-11T00:20:41.995Z,W4215017,6396,46.45758,7.24930,24726.7,4.9,2.4,334.5,-273.0,-1.0,-1.0,RS41-SG,403.501,7.0,-875,9,2.6,,
2026-09-11T00:20:45.995Z,W4215017,6400,46.45763,7.24932,24749.0,6.0,2.4,75.6,-273.0,-1.0,-1.0,RS41-SG,403.501,7.6,-875,9,2.5,,
2026-09-11T00:20:46.995Z,W4215017,6401,46.45764,7.24936,24754.7,5.3,3.2,94.1,-273.0,-1.0,-1.0,RS41-SG,403.501,7.9,-875,9,2.5,,
2026-09-11T00:20:48.995Z,W4215017,6403,46.45763,7.24945,24764.1,5.1,3.3,100.8,-273.0,-1.0,-1.0,RS41-SG,403.501,7.3,-875,9,2.6,,
2026-09-11T00:20:49.995Z,W4215017,6404,46.45762,7.24948,24769.9,6.5,1.8,90.7,-273.0,-1.0,-1.0,RS41-SG,403.501,7.9,-875,9,2.5,,
2026-09-11T00:20:50.995Z,W4215017,6405,46.45763,7.24949,24775.8,5.2,0.7,15.2,-273.0,-1.0,-1.0,RS41-SG,403.501,8.3,-875,9,2.5,,
2026-09-11T00:20:51.995Z,W4215017,6406,46.45764,7.24949,24780.6,4.3,2.0,326.2,-273.0,-1.0,-1.0,RS41-SG,403.501,8.3,-875,9,2.5,,
2026-09-11T00:20:53.995Z,W4215017,6408,46.45768,7.24945,24790.7,6.0,3.4,332.9,-273.0,-1.0,-1.0,RS41-SG,403.501,7.5,-875,9,2.6,,
2026-09-11T00:20:54.995Z,W4215017,6409,46.45771,7.24943,24796.7,6.0,3.2,346.9,-273.0,-1.0,-1.0,RS41-SG,403.501,8.0,-875,9,2.5,,
2026-09-11T00:20:57.995Z,W4215017,6412,46.45778,7.24943,24812.2,6.3,2.0,349.8,-273.0,-1.0,-1.0,RS41-SG,403.501,7.7,-875,9,2.5,,
2026-09-11T00:20:58.995Z,W4215017,6413,46.45780,7.24942,24817.8,4.8,1.6,327.6,-273.0,-1.0,-1.0,RS41-SG,403.501,7.7,-875,9,2.6,,
2026-09-11T00:21:03.995Z,W4215017,6418,46.45781,7.24942,24843.9,5.1,0.8,87.3,-273.0,-1.0,-1.0,RS41-SG,403.501,7.9,-875,9,2.5,,
2026-09-11T00:21:04.995Z,W4215017,6419,46.45781,7.24942,24849.2,5.4,0.5,335.0,-273.0,-1.0,-1.0,RS41-SG,403.501,7.9,-875,9,2.6,,
2026-09-11T00:21:05.995Z,W4215017,6420,46.45782,7.24941,24854.4,5.0,1.5,295.0,-273.0,-1.0,-1.0,RS41-SG,403.501,7.9,-875,9,2.6,,
2026-09-11T00:21:06.995Z,W4215017,6421,46.45782,7.24939,24859.5,4.9,2.2,281.4,-273.0,-1.0,-1.0,RS41-SG,403.501,7.9,-875,9,2.5,,
2026-09-11T00:21:07.995Z,W4215017,6422,46.45782,7.24936,24864.5,5.0,2.6,272.4,-273.0,-1.0,-1.0,RS41-SG,403.501,7.9,-875,9,2.5,,
2026-09-11T00:21:09.995Z,W4215017,6424,46.45782,7.24931,24874.2,4.6,1.4,262.6,-273.0,-1.0,-1.0,RS41-SG,403.501,8.5,-875,9,2.6,,
2026-09-11T00:21:10.995Z,W4215017,6425,46.45782,7.24929,24879.1,5.0,0.7,317.5,-273.0,-1.0,-1.0,RS41-SG,403.501,8.5,-875,9,2.6,,
2026-09-11T00:21:11.995Z,W4215017,6426,46.45783,7.24929,24884.3,5.3,1.6,356.0,-273.0,-1.0,-1.0,RS41-SG,403.501,8.1,-875,9,2.5,,
2026-09-11T00:21:12.995Z,W4215017,6427,46.45785,7.24929,24889.5,5.0,2.7,348.7,-273.0,-1.0,-1.0,RS41-SG,403.501,8.5,-875,9,2.5,,
2026-09-11T00:21:15.995Z,W4215017,6430,46.45792,7.24921,24905.1,5.2,4.0,290.7,-273.0,-1.0,-1.0,RS41-SG,403.501,7.8,-875,9,2.6,,
2026-09-11T00:21:17.995Z,W4215017,6432,46.45792,7.24910,24914.3,4.3,3.9,254.8,-273.0,-1.0,-1.0,RS41-SG,403.501,7.7,-875,8,2.5,,
2026-09-11T00:21:18.995Z,W4215017,6433,46.45791,7.24906,24919.3,5.6,3.3,243.0,-51.4,-1.0,-1.0,RS41-SG,403.501,7.7,-875,9,2.5,,
2026-09-11T00:21:19.995Z,W4215017,6434,46.45790,7.24903,24925.0,5.7,2.4,239.3,-51.4,-1.0,-1.0,RS41-SG,403.501,8.9,-875,9,2.5,,
2026-09-11T00:21:20.995Z,W4215017,6435,46.45789,7.24901,24930.2,4.5,1.7,245.6,-51.4,-1.0,-1.0,RS41-SG,403.501,8.9,-875,9,2.6,,
2026-09-11T00:21:21.995Z,W4215017,6436,46.45789,7.24899,24935.0,5.1,1.6,250.5,-51.4,-1.0,-1.0,RS41-SG,403.501,7.4,-875,9,2.6,,
2026-09-11T00:21:22.995Z,W4215017,6437,46.45788,7.24896,24940.9,6.5,2.4,254.3,-51.4,0.8,-1.0,RS41-SG,403.501,8.4,-875,9,2.5,,
2026-09-11T00:21:23.995Z,W4215017,6438,46.45787,7.24893,24946.5,4.6,3.3,259.7,-51.4,0.8,-1.0,RS41-SG,403.501,8.4,-875,9,2.5,,
2026-09-11T00:21:24.995Z,W4215017,6439,46.45787,7.24888,24951.6,5.4,4.2,269.1,-51.4,0.9,-1.0,RS41-SG,403.501,8.6,-875,9,2.5,,
2026-09-11T00:21:25.995Z,W4215017,6440,46.45788,7.24882,24957.4,6.3,5.0,281.7,-51.4,0.8,-1.0,RS41-SG,403.501,8.6,-875,9,2.5,,
2026-09-11T00:21:26.995Z,W4215017,6441,46.45789,7.24875,24962.8,4.3,5.4,288.8,-51.5,0.8,-1.0,RS41-SG,403.501,8.2,-875,9,2.6,,
2026-09-11T00:21:27.995Z,W4215017,6442,46.45791,7.24868,24967.5,5.2,6.1,291.2,-51.5,0.8,-1.0,RS41-SG,403.501,8.3,-875,9,2.6,,
2026-09-11T00:21:29.995Z,W4215017,6444,46.45793,7.24852,24978.7,4.7,6.5,274.1,-51.5,0.8,-1.0,RS41-SG,403.501,8.1,-875,8,2.5,,
2026-09-11T00:21:30.995Z,W4215017,6445,46.45793,7.24844,24983.5,4.7,6.5,267.7,-51.5,0.8,-1.0,RS41-SG,403.501,8.1,-875,9,2.5,,
2026-09-11T00:21:31.995Z,W4215017,6446,46.45793,7.24836,24988.9,6.2,6.1,265.0,-51.5,0.9,-1.0,RS41-SG,403.501,7.7,-875,9,2.6,,
2026-09-11T00:21:32.995Z,W4215017,6447,46.45792,7.24828,24994.8,5.5,5.5,266.4,-51.5,0.9,-1.0,RS41-SG,403.501,7.9,-875,9,2.6,,
2026-09-11T00:21:33.995Z,W4215017,6448,46.45792,7.24821,25000.1,5.0,5.0,265.0,-51.5,0.8,-1.0,RS41-SG,403.501,7.9,-875,9,2.5,,
2026-09-11T00:21:34.995Z,W4215017,6449,46.45791,7.24815,25005.6,5.9,5.0,258.7,-51.5,0.8,-1.0,RS41-SG,403.501,8.4,-875,9,2.5,,
2026-09-11T00:21:35.995Z,W4215017,6450,46.45790,7.24809,25011.2,5.2,5.5,252.1,-51.5,0.9,-1.0,RS41-SG,403.501,8.4,-875,9,2.5,,
2026-09-11T00:21:36.995Z,W4215017,6451,46.45788,7.24801,25016.1,4.4,6.1,250.0,-51.5,0.9,-1.0,RS41-SG,403.501,8.1,-875,9,2.5,,
2026-09-11T00:21:39.995Z,W4215017,6454,46.45787,7.24776,25032.5,4.5,7.3,279.6,-51.5,0.9,-1.0,RS41-SG,403.501,7.7,-875,9,2.5,,
2026-09-11T00:21:40.995Z,W4215017,6455,46.45788,7.24766,25037.0,4.6,8.1,284.5,-51.5,0.9,-1.0,RS41-SG,403.501,8.1,-875,9,2.5,,
2026-09-11T00:21:43.995Z,W4215017,6458,46.45792,7.24733,25053.2,4.7,8.8,274.5,-51.6,0.9,-1.0,RS41-SG,403.501,6.3,-875,9,2.6,,
2026-09-11T00:21:45.995Z,W4215017,6460,46.45793,7.24712,25064.1,6.2,7.4,275.7,-51.5,0.8,-1.0,RS41-SG,403.501,7.6,-875,10,2.5,,
2026-09-11T00:21:47.995Z,W4215017,6462,46.45795,7.24695,25074.1,4.6,5.8,278.5,-51.3,0.9,-1.0,RS41-SG,403.501,7.6,-875,10,2.5,,
2026-09-11T00:21:49.995Z,W4215017,6464,46.45795,7.24681,25084.7,5.0,5.4,263.5,-51.2,0.8,-1.0,RS41-SG,403.501,7.7,-875,10,2.6,,
2026-09-11T00:21:51.995Z,W4215017,6466,46.45794,7.24665,25095.4,6.0,6.4,267.7,-51.1,0.9,-1.0,RS41-SG,403.501,7.6,-875,10,2.5,,
2026-09-11T00:21:53.995Z,W4215017,6468,46.45796,7.24648,25106.3,4.1,7.2,285.5,-51.1,0.8,-1.0,RS41-SG,403.501,7.6,-875,10,2.6,,
2026-09-11T00:21:55.995Z,W4215017,6470,46.45800,7.24628,25115.8,5.7,9.1,284.5,-51.0,0.8,-1.0,RS41-SG,403.501,7.8,-875,10,2.5,,
2026-09-11T00:21:57.995Z,W4215017,6472,46.45803,7.24604,25126.7,4.8,9.4,275.9,-51.0,0.8,-1.0,RS41-SG,403.501,7.6,-875,10,2.5,,
2026-09-11T00:21:59.995Z,W4215017,6474,46.45804,7.24582,25138.2,6.1,6.9,277.9,-50.9,0.8,-1.0,RS41-SG,403.501,7.3,-875,10,2.6,,
2026-09-11T00:22:01.995Z,W4215017,6476,46.45806,7.24567,25147.7,4.3,5.0,284.7,-50.9,0.8,-1.0,RS41-SG,403.501,8.1,-875,10,2.5,,
2026-09-11T00:22:02.995Z,W4215017,6477,46.45807,7.24561,25152.7,5.6,4.7,280.5,-50.9,0.8,-1.0,RS41-SG,403.501,8.1,-875,10,2.5,,
2026-09-11T00:22:03.995Z,W4215017,6478,46.45808,7.24555,25158.4,5.4,5.2,274.4,-50.9,0.8,-1.0,RS41-SG,403.501,7.5,-875,10,2.5,,
2026-09-11T00:22:05.995Z,W4215017,6480,46.45809,7.24540,25169.1,5.6,6.7,282.5,-50.9,0.8,-1.0,RS41-SG,403.501,7.2,-875,10,2.6,,
2026-09-11T00:22:07.995Z,W4215017,6482,46.45814,7.24522,25179.8,4.7,8.1,299.3,-51.0,0.8,-1.0,RS41-SG,403.501,7.1,-875,10,2.5,,
2026-09-11T00:22:09.995Z,W4215017,6484,46.45822,7.24504,25188.6,4.9,8.2,302.9,-51.0,0.8,-1.0,RS41-SG,403.501,7.3,-875,10,2.5,,
2026-09-11T00:22:10.995Z,W4215017,6485,46.45825,7.24495,25194.1,5.8,7.5,295.7,-51.1,0.9,-1.0,RS41-SG,403.501,7.3,-875,10,2.6,,
2026-09-11T00:22:11.995Z,W4215017,6486,46.45828,7.24486,25199.5,4.9,7.2,287.0,-51.1,0.9,-1.0,RS41-SG,403.501,7.3,-875,10,2.6,,
2026-09-11T00:22:12.995Z,W4215017,6487,46.45829,7.24477,25203.9,4.0,7.3,280.3,-51.1,0.9,-1.0,RS41-SG,403.501,7.5,-875,10,2.5,,
2026-09-11T00:22:17.995Z,W4215017,6492,46.45840,7.24429,25228.8,5.0,7.9,296.8,-51.2,0.9,-1.0,RS41-SG,403.501,6.9,-875,10,2.6,,
2026-09-11T00:22:20.995Z,W4215017,6495,46.45848,7.24403,25243.6,4.6,6.4,294.0,-51.2,0.9,-1.0,RS41-SG,403.501,7.7,-875,10,2.5,,
2026-09-11T00:22:22.995Z,W4215017,6497,46.45854,7.24389,25254.5,5.4,6.9,308.6,-51.3,0.8,-1.0,RS41-SG,403.501,7.1,-875,10,2.6,,
2026-09-11T00:22:25.995Z,W4215017,6500,46.45867,7.24364,25269.6,5.6,9.1,298.9,-51.3,0.9,-1.0,RS41-SG,403.501,7.5,-875,10,2.5,,
2026-09-11T00:22:34.995Z,W4215017,6509,46.45890,7.24285,25315.2,6.0,6.2,296.9,-51.4,0.9,-1.0,RS41-SG,403.501,7.2,-875,10,2.5,,
2026-09-11T00:22:55.995Z,W4215017,6530,46.45972,7.24140,25425.2,5.4,4.0,335.9,-51.2,0.9,-1.0,RS41-SG,403.501,7.3,-875,10,2.6,,
2026-09-11T00:23:32.995Z,W4215017,6567,46.46113,7.24055,25628.5,6.5,4.0,340.4,-50.9,0.8,-1.0,RS41-SG,403.501,6.9,-875,10,2.5,,
2026-09-11T00:55:54.995Z,W4215017,8509,46.47541,7.28427,36419.9,-57.2,12.4,58.2,-273.0,-1.0,-1.0,RS41,403.500,6.9,250,9,2.6,,
2026-09-11T00:55:56.995Z,W4215017,8511,46.47553,7.28446,36305.6,-56.5,7.4,33.8,-273.0,-1.0,-1.0,RS41,403.500,7.1,625,9,2.5,,
2026-09-11T00:56:15.995Z,W4215017,8530,46.47468,7.28667,35636.1,-29.9,16.7,72.2,-273.0,-1.0,-1.0,RS41,403.500,7.1,250,9,2.5,,
2026-09-11T00:56:16.995Z,W4215017,8531,46.47473,7.28686,35607.5,-28.3,15.3,65.0,-273.0,-1.0,-1.0,RS41,403.500,7.1,250,8,2.6,,
2026-09-11T00:56:17.995Z,W4215017,8532,46.47479,7.28704,35578.6,-29.5,15.2,61.9,-273.0,-1.0,-1.0,RS41,403.500,7.1,250,9,2.6,,
2026-09-11T00:56:25.995Z,W4215017,8540,46.47492,7.28830,35351.8,-29.9,15.4,128.0,-273.0,-1.0,-1.0,RS41,403.500,7.5,625,9,2.5,,
2026-09-11T00:56:26.995Z,W4215017,8541,46.47481,7.28845,35320.3,-32.2,17.2,140.5,-273.0,-1.0,-1.0,RS41,403.500,7.9,625,9,2.5,,
2026-09-11T00:56:27.995Z,W4215017,8542,46.47468,7.28858,35289.6,-31.1,18.5,148.8,-273.0,-1.0,-1.0,RS41,403.500,8.6,625,8,2.5,,
2026-09-11T00:56:28.995Z,W4215017,8543,46.47453,7.28869,35258.8,-30.8,19.1,157.9,-273.0,-1.0,-1.0,RS41,403.500,9.2,625,8,2.6,,
2026-09-11T00:56:29.995Z,W4215017,8544,46.47436,7.28877,35228.1,-31.1,20.4,165.8,-273.0,-1.0,-1.0,RS41,403.500,9.2,625,7,2.6,,
2026-09-11T00:56:30.995Z,W4215017,8545,46.47419,7.28882,35197.6,-30.4,19.3,172.5,-273.0,-1.0,-1.0,RS41,403.500,8.9,625,7,2.6,,
2026-09-11T00:56:31.995Z,W4215017,8546,46.47402,7.28883,35167.1,-30.1,18.6,183.1,-273.0,-1.0,-1.0,RS41,403.500,9.3,625,9,2.5,,
2026-09-11T00:56:32.995Z,W4215017,8547,46.47385,7.28880,35137.5,-29.6,18.7,192.0,-273.0,-1.0,-1.0,RS41,403.500,9.3,625,9,2.5,,
2026-09-11T00:56:33.995Z,W4215017,8548,46.47370,7.28873,35108.5,-29.0,17.1,202.3,-273.0,-1.0,-1.0,RS41,403.500,9.0,625,8,2.5,,
2026-09-11T00:56:34.995Z,W4215017,8549,46.47357,7.28862,35079.8,-28.5,16.6,218.9,-273.0,-1.0,-1.0,RS41,403.500,8.0,625,9,2.5,,
2026-09-11T00:56:35.995Z,W4215017,8550,46.47347,7.28847,35051.4,-28.4,16.8,234.3,-273.0,-1.0,-1.0,RS41,403.500,8.0,625,8,2.6,,
2026-09-11T00:56:50.995Z,W4215017,8565,46.47449,7.28837,34599.2,-31.5,20.6,112.5,-273.0,-1.0,-1.0,RS41,403.500,7.6,625,7,2.5,,
2026-09-11T00:56:51.995Z,W4215017,8566,46.47440,7.28860,34568.8,-30.3,20.3,124.4,-273.0,-1.0,-1.0,RS41,403.500,8.1,625,8,2.5,,
2026-09-11T00:56:52.995Z,W4215017,8567,46.47429,7.28879,34538.0,-31.0,19.9,137.7,-273.0,-1.0,-1.0,RS41,403.500,8.1,625,8,2.6,,
2026-09-11T00:56:53.995Z,W4215017,8568,46.47414,7.28893,34507.5,-30.4,19.9,153.8,-273.0,-1.0,-1.0,RS41,403.500,8.1,625,8,2.6,08:29:19,
2026-09-11T00:56:54.995Z,W4215017,8569,46.47397,7.28902,34477.9,-29.6,20.2,167.4,-273.0,-1.0,-1.0,RS41,403.500,8.1,625,8,2.6,08:29:19,
2026-09-11T00:56:55.995Z,W4215017,8570,46.47380,7.28905,34449.0,-29.1,19.4,181.2,-273.0,-1.0,-1.0,RS41,403.500,7.7,625,9,2.5,08:29:19,
2026-09-11T00:57:14.995Z,W4215017,8589,46.47418,7.28963,33901.9,-24.5,13.6,126.8,-273.0,-1.0,-1.0,RS41,403.500,6.3,625,9,2.5,08:29:19,
2026-09-11T00:57:17.995Z,W4215017,8592,46.47383,7.28979,33819.7,-29.6,16.5,186.6,-273.0,-1.0,-1.0,RS41,403.500,7.0,625,9,2.6,08:29:19,
2026-09-11T00:57:19.995Z,W4215017,8594,46.47354,7.28965,33761.5,-28.9,18.2,210.0,-273.0,-1.0,-1.0,RS41,403.500,6.7,625,9,2.5,08:29:19,
2026-09-11T00:57:37.995Z,W4215017,8612,46.47467,7.28969,33289.6,-28.4,13.2,132.9,-273.0,-1.0,-1.0,RS41,403.500,7.7,625,8,2.6,08:29:19,
2026-09-11T00:57:38.995Z,W4215017,8613,46.47458,7.28981,33262.5,-28.6,14.3,150.0,-273.0,-1.0,-1.0,RS41,403.500,7.7,625,9,2.6,08:29:19,
2026-09-11T00:57:39.995Z,W4215017,8614,46.47444,7.28987,33233.9,-29.7,17.0,171.0,-273.0,-1.0,-1.0,RS41,403.500,7.6,625,7,2.5,08:29:19,
2026-09-11T00:57:40.995Z,W4215017,8615,46.47430,7.28988,33204.7,-29.2,17.2,184.7,-273.0,-1.0,-1.0,RS41,403.500,8.2,625,9,2.5,08:29:19,
2026-09-11T00:57:41.995Z,W4215017,8616,46.47414,7.28984,33177.0,-27.6,18.1,196.8,-273.0,-1.0,-1.0,RS41,403.500,8.2,625,9,2.5,08:29:19,
2026-09-11T00:57:59.995Z,W4215017,8634,46.47444,7.29023,32713.2,-26.5,21.9,143.6,-273.0,-1.0,-1.0,RS41,403.500,6.9,625,8,2.6,08:29:19,
2026-09-11T00:58:00.995Z,W4215017,8635,46.47426,7.29038,32687.6,-26.3,22.9,158.1,-273.0,-1.0,-1.0,RS41,403.500,7.4,625,8,2.6,08:29:19,
2026-09-11T00:58:02.995Z,W4215017,8637,46.47390,7.29050,32638.5,-24.2,20.4,180.9,-273.0,-1.0,-1.0,RS41,403.500,6.7,625,8,2.5,08:29:19,
2026-09-11T00:58:42.995Z,W4215017,8677,46.47230,7.29295,31691.4,-23.3,22.1,164.6,-273.0,-1.0,-1.0,RS41,403.500,6.8,625,9,2.6,08:29:19,
2026-09-11T00:59:02.995Z,W4215017,8697,46.47157,7.29341,31239.5,-22.7,25.1,124.9,-273.0,-1.0,-1.0,RS41,403.500,7.3,250,9,2.6,08:29:19,
2026-09-11T00:59:03.995Z,W4215017,8698,46.47142,7.29367,31218.1,-21.0,25.0,133.0,-273.0,-1.0,-1.0,RS41,403.500,7.7,250,9,2.5,08:29:19,
2026-09-11T00:59:04.995Z,W4215017,8699,46.47126,7.29388,31197.3,-20.7,24.7,143.0,-273.0,-1.0,-1.0,RS41,403.500,7.7,625,9,2.5,08:29:19,
2026-09-11T00:59:05.995Z,W4215017,8700,46.47108,7.29405,31176.9,-20.5,23.5,153.3,-273.0,-1.0,-1.0,RS41,403.500,7.2,625,9,2.5,08:29:19,
2026-09-11T00:59:06.995Z,W4215017,8701,46.47089,7.29416,31156.7,-20.2,21.3,163.0,-273.0,-1.0,-1.0,RS41,403.500,7.2,250,9,2.6,08:29:19,
2026-09-11T00:59:07.995Z,W4215017,8702,46.47071,7.29421,31136.6,-20.7,19.2,173.8,-273.0,-1.0,-1.0,RS41,403.500,7.5,625,9,2.6,08:29:19,
2026-09-11T00:59:08.995Z,W4215017,8703,46.47055,7.29421,31115.9,-21.5,17.6,187.1,-273.0,-1.0,-1.0,RS41,403.500,7.5,625,9,2.6,08:29:19,
2026-09-11T00:59:09.995Z,W4215017,8704,46.47041,7.29416,31095.0,-21.4,15.6,200.2,-273.0,-1.0,-1.0,RS41,403.500,7.4,625,8,2.5,08:29:19,
2026-09-11T00:59:10.995Z,W4215017,8705,46.47029,7.29407,31073.8,-21.8,13.9,214.7,-273.0,-1.0,-1.0,RS41-SG,403.500,6.7,625,8,2.5,08:29:19,
2026-09-11T00:59:22.995Z,W4215017,8717,46.47075,7.29450,30817.5,-22.6,21.4,84.9,-273.0,-1.0,-1.0,RS41-SG,403.500,7.0,250,8,2.5,08:29:19,
2026-09-11T00:59:23.995Z,W4215017,8718,46.47075,7.29478,30795.9,-21.7,21.6,94.6,-273.0,-1.0,-1.0,RS41-SG,403.500,6.9,250,9,2.5,08:29:19,
2026-09-11T00:59:24.995Z,W4215017,8719,46.47072,7.29506,30774.9,-21.2,21.4,104.5,-273.0,-1.0,-1.0,RS41-SG,403.500,7.3,250,8,2.5,08:29:19,
2026-09-11T00:59:25.995Z,W4215017,8720,46.47065,7.29532,30755.2,-20.0,20.7,116.0,-273.0,-1.0,-1.0,RS41-SG,403.500,7.8,250,9,2.6,08:29:19,
2026-09-11T00:59:26.995Z,W4215017,8721,46.47055,7.29553,30735.7,-20.1,19.4,131.1,-273.0,-1.0,-1.0,RS41-SG,403.500,8.8,625,8,2.6,08:26:46,
2026-09-11T00:59:27.995Z,W4215017,8722,46.47043,7.29570,30715.8,-20.4,18.5,145.4,-273.0,-1.0,-1.0,RS41-SG,403.500,8.8,625,9,2.5,08:26:46,
2026-09-11T00:59:28.995Z,W4215017,8723,46.47029,7.29582,30695.7,-20.6,17.4,157.4,-273.0,-1.0,-1.0,RS41-SG,403.500,8.7,625,9,2.5,08:26:46,
2026-09-11T00:59:29.995Z,W4215017,8724,46.47015,7.29588,30675.7,-20.7,16.1,173.2,-273.0,-1.0,-1.0,RS41-SG,403.500,8.2,625,8,2.5,08:26:46,
2026-09-11T00:59:30.995Z,W4215017,8725,46.47001,7.29588,30655.4,-20.7,14.8,189.1,-273.0,-1.0,-1.0,RS41-SG,403.500,7.9,625,9,2.6,08:26:46,
2026-09-11T00:59:31.995Z,W4215017,8726,46.46989,7.29583,30634.3,-21.6,13.8,205.2,-273.0,-1.0,-1.0,RS41-SG,403.500,8.0,625,9,2.6,08:26:46,
2026-09-11T00:59:32.995Z,W4215017,8727,46.46980,7.29574,30613.6,-20.9,12.9,224.6,-47.4,-1.0,-1.0,RS41-SG,403.500,8.0,625,9,2.6,08:26:46,
2026-09-11T00:59:48.995Z,W4215017,8743,46.47047,7.29643,30285.8,-20.2,17.6,123.9,-48.7,-1.0,-1.0,RS41-SG,403.500,7.4,625,8,2.5,08:26:46,
2026-09-11T00:59:49.995Z,W4215017,8744,46.47037,7.29660,30265.5,-20.4,16.9,137.8,-48.8,-1.0,-1.0,RS41-SG,403.500,7.7,625,9,2.6,08:26:46,
2026-09-11T00:59:50.995Z,W4215017,8745,46.47025,7.29672,30245.7,-19.4,16.4,151.7,-48.8,-1.0,-1.0,RS41-SG,403.500,7.7,250,9,2.6,08:26:46,
2026-09-11T00:59:51.995Z,W4215017,8746,46.47011,7.29680,30226.8,-18.9,15.5,166.5,-48.8,-1.0,-1.0,RS41-SG,403.500,7.4,625,8,2.5,08:26:46,
2026-09-11T00:59:52.995Z,W4215017,8747,46.46998,7.29682,30207.8,-19.1,14.6,184.0,-48.7,-1.0,-1.0,RS41-SG,403.500,7.4,625,9,2.5,08:26:46,
2026-09-11T00:59:53.995Z,W4215017,8748,46.46986,7.29678,30188.6,-19.6,13.5,201.5,-48.6,-1.0,-1.0,RS41-SG,403.500,8.0,625,8,2.5,08:26:46,
2026-09-11T00:59:54.995Z,W4215017,8749,46.46976,7.29669,30168.7,-20.4,12.6,218.4,-48.5,-1.0,-1.0,RS41-SG,403.500,8.0,625,9,2.6,08:26:46,
2026-09-11T01:00:12.995Z,W4215017,8767,46.47031,7.29773,29814.5,-19.5,15.7,156.4,-48.0,-1.0,-1.0,RS41-SG,403.500,6.7,625,9,2.5,08:26:46,
2026-09-11T01:01:59.996Z,W4215017,8874,46.47104,7.30178,27871.8,-17.6,19.5,116.2,-50.3,-1.0,-1.0,RS41-SG,403.500,7.7,250,9,2.6,08:24:13,
2026-09-11T01:02:00.996Z,W4215017,8875,46.47094,7.30196,27854.0,-17.5,17.2,143.0,-50.3,-1.0,-1.0,RS41-SG,403.500,7.7,625,9,2.5,08:24:13,
2026-09-11T01:02:12.996Z,W4215017,8887,46.47137,7.30216,27642.3,-18.3,21.4,108.0,-50.7,-1.0,-1.0,RS41-SG,403.500,7.7,250,9,2.5,08:24:13,
2026-09-11T01:02:13.996Z,W4215017,8888,46.47129,7.30240,27624.0,-18.3,20.4,129.5,-50.7,-1.0,-1.0,RS41-SG,403.500,7.6,250,8,2.6,08:24:13,
2026-09-11T01:02:14.996Z,W4215017,8889,46.47115,7.30255,27606.1,-17.4,18.4,153.7,-50.8,-1.0,-1.0,RS41-SG,403.500,7.6,250,9,2.6,08:24:13,
2026-09-11T01:02:25.996Z,W4215017,8900,46.47171,7.30303,27415.8,-17.4,25.5,86.2,-51.2,-1.0,-1.0,RS41-SG,403.500,7.5,250,9,2.5,08:24:13,
2026-09-11T01:02:26.996Z,W4215017,8901,46.47169,7.30333,27398.0,-17.8,22.2,105.4,-51.3,-1.0,-1.0,RS41-SG,403.500,7.8,250,9,2.5,08:24:13,
2026-09-11T01:02:27.996Z,W4215017,8902,46.47162,7.30357,27381.2,-16.3,18.8,124.1,-51.4,-1.0,-1.0,RS41-SG,403.500,8.1,250,8,2.5,08:24:13,
2026-09-11T01:02:28.996Z,W4215017,8903,46.47151,7.30372,27364.4,-16.5,14.9,151.4,-51.4,-1.0,-1.0,RS41-SG,403.500,8.1,250,9,2.6,08:24:13,
2026-09-11T01:02:40.996Z,W4215017,8915,46.47242,7.30386,27165.0,-15.4,14.6,109.7,-51.1,-1.0,-1.0,RS41-SG,403.500,8.2,250,8,2.5,08:24:13,
2026-09-11T01:02:41.996Z,W4215017,8916,46.47235,7.30400,27149.3,-15.7,12.3,143.3,-51.1,-1.0,-1.0,RS41-SG,403.500,8.2,625,9,2.5,08:24:13,
2026-09-11T01:02:42.996Z,W4215017,8917,46.47225,7.30404,27133.2,-16.1,11.9,182.9,-51.1,-1.0,-1.0,RS41-SG,403.500,7.9,250,9,2.5,08:24:13,
2026-09-11T01:02:53.996Z,W4215017,8928,46.47293,7.30351,26952.1,-18.3,16.9,98.4,-50.6,-1.0,-1.0,RS41-SG,403.500,7.4,250,9,2.6,08:24:13,
2026-09-11T01:02:54.996Z,W4215017,8929,46.47288,7.30371,26935.1,-16.7,16.2,124.7,-50.5,-1.0,-1.0,RS41-SG,403.500,8.1,250,8,2.6,08:24:13,
2026-09-11T01:02:55.996Z,W4215017,8930,46.47278,7.30384,26917.8,-17.7,14.5,150.5,-50.4,-1.0,-1.0,RS41-SG,403.500,8.3,250,9,2.5,08:24:13,
2026-09-11T01:02:56.996Z,W4215017,8931,46.47266,7.30388,26901.6,-15.8,13.9,181.1,-50.4,-1.0,-1.0,RS41-SG,403.500,8.3,250,9,2.5,08:24:13,
2026-09-11T01:03:07.996Z,W4215017,8942,46.47336,7.30395,26726.5,-16.9,18.9,101.4,-51.6,-1.0,-1.0,RS41-SG,403.500,7.7,250,9,2.5,08:24:13,
2026-09-11T01:03:08.996Z,W4215017,8943,46.47329,7.30416,26710.7,-16.7,17.4,129.9,-51.7,-1.0,-1.0,RS41-SG,403.500,7.9,250,8,2.6,08:24:13,
2026-09-11T01:03:09.996Z,W4215017,8944,46.47318,7.30429,26695.7,-15.2,15.0,148.3,-51.7,-1.0,-1.0,RS41-SG,403.500,8.5,625,9,2.6,08:24:13,
2026-09-11T01:03:10.996Z,W4215017,8945,46.47307,7.30434,26680.4,-16.9,13.2,181.6,-51.8,-1.0,-1.0,RS41-SG,403.500,8.5,250,8,2.5,08:24:13,
2026-09-11T01:03:21.996Z,W4215017,8956,46.47394,7.30434,26508.7,-14.8,15.7,96.7,-52.7,-1.0,-1.0,RS41-SG,403.500,7.6,250,8,2.5,08:24:13,
2026-09-11T01:03:22.996Z,W4215017,8957,46.47389,7.30451,26493.6,-15.8,13.4,132.2,-52.7,-1.0,-1.0,RS41-SG,403.500,8.5,250,9,2.5,08:24:13,
2026-09-11T01:03:23.996Z,W4215017,8958,46.47380,7.30459,26478.9,-14.2,11.4,163.5,-52.6,-1.0,-1.0,RS41-SG,403.500,8.5,250,8,2.6,08:24:13,
2026-09-11T01:03:24.996Z,W4215017,8959,46.47371,7.30458,26464.1,-16.0,11.9,205.7,-52.6,-1.0,-1.0,RS41-SG,403.500,7.6,250,9,2.6,08:24:13,
2026-09-11T01:03:35.996Z,W4215017,8970,46.47458,7.30413,26293.9,-16.8,13.2,107.8,-52.3,-1.0,-1.0,RS41-SG,403.500,7.2,250,8,2.5,08:24:13,
2026-09-11T01:03:36.996Z,W4215017,8971,46.47451,7.30427,26278.8,-14.5,13.1,143.7,-52.3,-1.0,-1.0,RS41-SG,403.500,8.0,625,8,2.5,08:24:13,
2026-09-11T01:03:37.996Z,W4215017,8972,46.47440,7.30432,26263.9,-15.9,13.4,177.7,-52.4,-1.0,-1.0,RS41-SG,403.500,8.4,250,8,2.5,08:24:13,
2026-09-11T01:03:38.996Z,W4215017,8973,46.47429,7.30428,26248.5,-15.8,14.3,206.8,-52.4,-1.0,-1.0,RS41-SG,403.500,8.4,250,9,2.6,08:24:13,
2026-09-11T01:03:49.996Z,W4215017,8984,46.47501,7.30369,26083.4,-14.6,13.5,110.0,-52.1,-1.0,-1.0,RS41-SG,403.500,7.9,250,9,2.6,08:24:13,
2026-09-11T01:03:50.996Z,W4215017,8985,46.47494,7.30382,26069.2,-14.4,13.2,147.4,-52.1,-1.0,-1.0,RS41-SG,403.500,7.9,250,8,2.5,08:24:13,
2026-09-11T01:03:51.996Z,W4215017,8986,46.47483,7.30386,26054.8,-14.4,13.5,178.1,-52.1,-1.0,-1.0,RS41-SG,403.500,7.9,250,9,2.5,08:24:13,
2026-09-11T01:04:03.996Z,W4215017,8998,46.47541,7.30349,25877.5,-14.9,15.4,108.9,-51.9,-1.0,-1.0,RS41-SG,403.500,7.8,250,7,2.6,08:24:13,
2026-09-11T01:04:04.996Z,W4215017,8999,46.47534,7.30365,25862.4,-15.0,14.5,140.7,-51.9,-1.0,-1.0,RS41-SG,403.500,8.2,250,9,2.6,08:24:13,
2026-09-11T01:04:05.996Z,W4215017,9000,46.47523,7.30372,25847.2,-15.4,12.6,166.8,-51.9,-1.0,-1.0,RS41-SG,403.500,8.2,250,7,2.5,08:24:13,
2026-09-11T01:04:18.996Z,W4215017,9013,46.47592,7.30350,25658.3,-14.2,12.9,139.3,-52.1,-1.0,-1.0,RS41-SG,403.500,7.9,250,8,2.6,08:24:13,
2026-09-11T01:04:19.996Z,W4215017,9014,46.47582,7.30357,25643.9,-14.7,12.2,171.2,-52.1,-1.0,-1.0,RS41-SG,403.500,7.9,250,8,2.6,08:24:13,
2026-09-11T01:04:30.996Z,W4215017,9025,46.47649,7.30286,25488.9,-14.0,13.3,78.4,-52.4,-1.0,-1.0,RS41-SG,403.500,6.9,250,9,2.5,08:24:13,
2026-09-11T01:04:32.996Z,W4215017,9027,46.47642,7.30310,25460.8,-14.3,10.4,155.6,-52.5,-1.0,-1.0,RS41-SG,403.500,7.3,250,8,2.5,08:21:40,
2026-09-11T01:04:33.996Z,W4215017,9028,46.47633,7.30311,25446.9,-14.2,12.4,193.5,-52.6,-1.0,-1.0,RS41-SG,403.500,7.4,250,9,2.6,08:21:40,
2026-09-11T01:04:44.996Z,W4215017,9039,46.47700,7.30176,25290.2,-14.1,9.3,82.1,-52.4,-1.0,-1.0,RS41-SG,403.500,7.6,250,9,2.6,08:21:40,
2026-09-11T01:04:45.996Z,W4215017,9040,46.47698,7.30187,25275.9,-14.7,9.2,130.2,-52.4,-1.0,-1.0,RS41-SG,403.500,7.6,250,9,2.5,08:21:40,
2026-09-11T01:04:46.996Z,W4215017,9041,46.47691,7.30193,25261.5,-14.7,11.6,170.4,-52.3,-1.0,-1.0,RS41-SG,403.500,7.4,250,8,2.5,08:21:40,
2026-09-11T01:04:47.996Z,W4215017,9042,46.47679,7.30191,25247.0,-14.8,14.9,198.3,-52.3,-1.0,-1.0,RS41-SG,403.500,7.4,250,9,2.5,08:21:40,
2026-09-11T01:04:48.996Z,W4215017,9043,46.47667,7.30180,25232.4,-14.7,18.5,220.8,-52.3,-1.0,-1.0,RS41-SG,403.500,7.2,250,8,2.6,08:21:40,
2026-09-11T01:04:58.996Z,W4215017,9053,46.47721,7.30034,25091.9,-13.9,9.0,80.3,-52.3,-1.0,-1.0,RS41-SG,403.500,7.3,250,9,2.6,08:21:40,
2026-09-11T01:04:59.996Z,W4215017,9054,46.47719,7.30044,25077.9,-14.1,9.3,124.8,-52.3,-1.0,-1.0,RS41-SG,403.500,7.7,250,9,2.6,08:21:40,
2026-09-11T01:05:00.996Z,W4215017,9055,46.47712,7.30052,25063.9,-14.0,11.6,162.3,-52.2,-1.0,-1.0,RS41-SG,403.500,7.9,250,9,2.5,08:21:40,
2026-09-11T01:05:01.996Z,W4215017,9056,46.47701,7.30052,25049.9,-14.0,14.5,190.7,-52.2,-1.0,-1.0,RS41-SG,403.500,7.9,250,8,2.5,08:21:40,
2026-09-11T01:05:02.996Z,W4215017,9057,46.47688,7.30044,25036.0,-14.1,17.0,213.1,-52.1,-1.0,-1.0,RS41-SG,403.500,7.7,250,9,2.5,08:21:40,
2026-09-11T01:05:28.996Z,W4215017,9083,46.47747,7.29933,24679.8,-13.3,13.6,134.0,-53.0,-1.0,-1.0,RS41-SG,403.500,7.0,250,9,2.5,08:21:40,
2026-09-11T01:05:29.996Z,W4215017,9084,46.47737,7.29943,24666.6,-13.3,14.4,161.5,-53.1,-1.0,-1.0,RS41-SG,403.500,7.0,250,9,2.5,08:21:40,
2026-09-11T01:05:30.996Z,W4215017,9085,46.47724,7.29944,24653.2,-13.5,15.2,187.5,-53.1,-1.0,-1.0,RS41-SG,403.500,6.5,250,9,2.5,08:21:40,
2026-09-11T01:05:42.996Z,W4215017,9097,46.47763,7.29908,24494.4,-13.0,13.2,114.8,-53.0,-1.0,-1.0,RS41-SG,403.500,7.1,250,9,2.6,08:21:40,
2026-09-11T01:05:43.996Z,W4215017,9098,46.47756,7.29921,24481.4,-12.9,12.4,143.9,-53.0,-1.0,-1.0,RS41-SG,403.500,7.1,250,9,2.6,08:21:40,
