timestamp,serial,frame,lat,lon,alt,vel_v,vel_h,heading,temp,humidity,pressure,type,freq_mhz,snr,f_error_hz,sats,batt_v,burst_timer,aux_data
2026-08-18T12:29:08.990Z,W4214845,7769,46.45444,7.60011,28178.2,6.4,3.3,355.5,-273.0,-1.0,-1.0,RS41,403.500,6.4,250,9,2.7,,
2026-08-18T12:29:30.990Z,W4214845,7791,46.45482,7.59880,28311.2,6.8,6.3,281.6,-273.0,-1.0,-1.0,RS41,403.500,6.4,250,9,2.7,,
2026-08-18T12:29:35.990Z,W4214845,7796,46.45478,7.59858,28340.9,7.0,1.9,279.8,-273.0,-1.0,-1.0,RS41,403.500,6.7,250,9,2.7,,
2026-08-18T12:29:39.990Z,W4214845,7800,46.45488,7.59839,28365.0,6.7,7.7,295.6,-273.0,-1.0,-1.0,RS41,403.500,6.8,250,9,2.6,,
2026-08-18T12:29:47.990Z,W4214845,7808,46.45507,7.59752,28413.6,7.0,4.7,303.6,-273.0,-1.0,-1.0,RS41,403.500,7.1,250,9,2.7,,
2026-08-18T12:29:48.990Z,W4214845,7809,46.45509,7.59748,28419.6,5.1,3.3,304.8,-273.0,-1.0,-1.0,RS41,403.500,7.4,250,9,2.7,,
2026-08-18T12:29:49.990Z,W4214845,7810,46.45511,7.59745,28424.7,5.1,2.4,308.6,-273.0,-1.0,-1.0,RS41,403.500,7.4,250,9,2.6,,
2026-08-18T12:29:52.990Z,W4214845,7813,46.45518,7.59735,28443.9,5.6,6.2,315.3,-273.0,-1.0,-1.0,RS41,403.500,7.6,250,9,2.7,,
2026-08-18T12:29:53.990Z,W4214845,7814,46.45522,7.59728,28449.4,5.4,7.5,310.5,-273.0,-1.0,-1.0,RS41,403.500,7.6,250,9,2.7,,
2026-08-18T12:29:54.990Z,W4214845,7815,46.45527,7.59720,28455.0,5.9,8.3,303.4,-273.0,-1.0,-1.0,RS41,403.500,8.0,250,9,2.6,,
2026-08-18T12:29:55.990Z,W4214845,7816,46.45530,7.59710,28461.2,6.5,8.7,294.9,-273.0,-1.0,-1.0,RS41,403.500,8.2,250,9,2.6,,
2026-08-18T12:29:56.990Z,W4214845,7817,46.45533,7.59700,28467.4,6.0,8.7,287.9,-273.0,-1.0,-1.0,RS41,403.500,8.2,250,9,2.6,,
2026-08-18T12:29:57.990Z,W4214845,7818,46.45535,7.59689,28472.8,4.8,8.5,284.7,-273.0,-1.0,-1.0,RS41,403.500,7.6,250,9,2.7,,
2026-08-18T12:29:58.990Z,W4214845,7819,46.45537,7.59679,28477.9,5.3,8.3,287.3,-273.0,-1.0,-1.0,RS41,403.500,7.6,250,9,2.7,,
2026-08-18T12:29:59.990Z,W4214845,7820,46.45540,7.59669,28483.9,6.4,8.5,295.9,-273.0,-1.0,-1.0,RS41,403.500,7.0,250,9,2.7,,
2026-08-18T12:30:00.990Z,W4214845,7821,46.45544,7.59659,28490.2,6.1,9.1,304.4,-273.0,-1.0,-1.0,RS41,403.500,7.7,250,9,2.6,,
2026-08-18T12:30:01.990Z,W4214845,7822,46.45549,7.59649,28496.1,5.4,9.3,310.5,-273.0,-1.0,-1.0,RS41,403.500,8.2,250,9,2.6,,
2026-08-18T12:30:02.990Z,W4214845,7823,46.45555,7.59641,28502.2,6.9,8.5,315.5,-273.0,-1.0,-1.0,RS41,403.500,8.8,250,9,2.6,,
2026-08-18T12:30:03.990Z,W4214845,7824,46.45560,7.59634,28509.3,7.3,7.2,316.3,-273.0,-1.0,-1.0,RS41,403.500,8.8,250,9,2.7,,
2026-08-18T12:30:04.990Z,W4214845,7825,46.45564,7.59628,28515.5,5.1,6.0,313.4,-273.0,-1.0,-1.0,RS41,403.500,8.5,250,9,2.7,,
2026-08-18T12:30:05.990Z,W4214845,7826,46.45567,7.59622,28520.4,4.7,5.3,304.8,-273.0,-1.0,-1.0,RS41,403.500,8.4,250,9,2.6,,
2026-08-18T12:30:06.990Z,W4214845,7827,46.45569,7.59616,28526.1,6.6,5.5,294.7,-273.0,-1.0,-1.0,RS41,403.500,8.4,250,9,2.6,,
2026-08-18T12:30:07.990Z,W4214845,7828,46.45571,7.59609,28533.1,7.2,6.6,291.5,-273.0,-1.0,-1.0,RS41,403.500,8.2,250,9,2.6,,
2026-08-18T12:30:08.990Z,W4214845,7829,46.45574,7.59600,28539.6,5.7,7.6,290.0,-273.0,-1.0,-1.0,RS41,403.500,8.2,250,9,2.7,,
2026-08-18T12:30:09.990Z,W4214845,7830,46.45576,7.59590,28545.5,6.1,8.4,287.4,-273.0,-1.0,-1.0,RS41,403.500,8.0,250,9,2.7,,
2026-08-18T12:30:10.990Z,W4214845,7831,46.45578,7.59580,28552.1,6.9,8.5,283.6,-273.0,-1.0,-1.0,RS41,403.500,7.6,250,9,2.7,,
2026-08-18T12:30:11.990Z,W4214845,7832,46.45580,7.59569,28558.9,6.7,8.1,280.8,-273.0,-1.0,-1.0,RS41,403.500,8.3,250,9,2.6,,
2026-08-18T12:30:12.990Z,W4214845,7833,46.45581,7.59559,28565.0,5.3,7.6,280.8,-273.0,-1.0,-1.0,RS41,403.500,8.3,250,9,2.6,,
2026-08-18T12:30:13.990Z,W4214845,7834,46.45582,7.59550,28570.6,5.8,7.3,287.3,-273.0,-1.0,-1.0,RS41,403.500,7.3,250,9,2.6,,
2026-08-18T12:30:14.990Z,W4214845,7835,46.45585,7.59541,28576.8,6.7,7.7,298.6,-273.0,-1.0,-1.0,RS41,403.500,7.2,250,9,2.7,,
2026-08-18T12:30:15.990Z,W4214845,7836,46.45589,7.59532,28583.5,6.4,8.6,308.5,-273.0,-1.0,-1.0,RS41,403.500,7.2,250,9,2.7,,
2026-08-18T12:30:16.990Z,W4214845,7837,46.45594,7.59524,28589.1,4.8,9.2,313.7,-273.0,-1.0,-1.0,RS41,403.500,8.3,250,9,2.6,,
2026-08-18T12:30:17.990Z,W4214845,7838,46.45600,7.59515,28594.6,6.0,9.1,316.4,-273.0,-1.0,-1.0,RS41-SG,403.500,8.3,250,9,2.6,,
2026-08-18T12:30:18.990Z,W4214845,7839,46.45606,7.59508,28601.3,7.4,8.0,316.2,-273.0,-1.0,-1.0,RS41-SG,403.500,8.3,250,9,2.6,,
2026-08-18T12:30:19.990Z,W4214845,7840,46.45610,7.59501,28608.1,6.0,6.6,312.4,-273.0,-1.0,-1.0,RS41-SG,403.500,7.9,250,9,2.7,,
2026-08-18T12:30:20.990Z,W4214845,7841,46.45614,7.59495,28613.6,5.1,5.7,304.6,-273.0,-1.0,-1.0,RS41-SG,403.500,7.9,250,9,2.7,,
2026-08-18T12:30:21.990Z,W4214845,7842,46.45616,7.59489,28619.3,6.2,5.6,297.1,-273.0,-1.0,-1.0,RS41-SG,403.500,8.3,250,9,2.7,,
2026-08-18T12:30:22.990Z,W4214845,7843,46.45619,7.59481,28626.0,6.8,6.4,293.8,-273.0,-1.0,-1.0,RS41-SG,403.500,8.3,250,9,2.6,,
2026-08-18T12:30:23.990Z,W4214845,7844,46.45621,7.59473,28632.1,5.4,7.2,295.4,-273.0,-1.0,-1.0,RS41-SG,403.500,8.0,250,9,2.6,,
2026-08-18T12:30:24.990Z,W4214845,7845,46.45624,7.59465,28637.7,5.9,7.4,296.2,-273.0,-1.0,-1.0,RS41-SG,403.500,6.8,250,9,2.6,,
2026-08-18T12:30:26.990Z,W4214845,7847,46.45629,7.59449,28651.3,6.4,6.0,297.6,-273.0,-1.0,-1.0,RS41-SG,403.500,7.7,250,9,2.7,,
2026-08-18T12:30:27.990Z,W4214845,7848,46.45632,7.59443,28657.3,5.7,5.4,301.6,-273.0,-1.0,-1.0,RS41-SG,403.500,7.7,250,9,2.7,,
2026-08-18T12:30:28.990Z,W4214845,7849,46.45635,7.59437,28663.5,6.4,5.7,308.9,-273.0,-1.0,-1.0,RS41-SG,403.500,7.5,250,9,2.7,,
2026-08-18T12:30:29.990Z,W4214845,7850,46.45638,7.59431,28670.1,6.6,6.5,315.0,-273.0,-1.0,-1.0,RS41-SG,403.500,7.4,250,9,2.6,,
2026-08-18T12:30:30.990Z,W4214845,7851,46.45643,7.59425,28676.1,5.2,7.1,317.6,-273.0,-1.0,-1.0,RS41-SG,403.500,7.5,250,9,2.6,,
2026-08-18T12:30:31.990Z,W4214845,7852,46.45648,7.59419,28681.6,5.9,7.0,318.9,-273.0,-1.0,-1.0,RS41-SG,403.500,7.5,250,9,2.6,,
2026-08-18T12:30:32.990Z,W4214845,7853,46.45652,7.59413,28688.2,7.1,5.9,317.2,-273.0,-1.0,-1.0,RS41-SG,403.500,7.4,250,9,2.7,,
2026-08-18T12:30:33.990Z,W4214845,7854,46.45655,7.59409,28695.0,6.5,4.5,311.4,-273.0,-1.0,-1.0,RS41-SG,403.500,7.4,250,9,2.7,,
2026-08-18T12:30:34.990Z,W4214845,7855,46.45657,7.59404,28700.9,5.4,3.8,300.5,-273.0,-1.0,-1.0,RS41-SG,403.500,6.7,250,9,2.6,,
2026-08-18T12:30:35.990Z,W4214845,7856,46.45659,7.59400,28706.9,6.3,3.8,288.9,-273.0,-1.0,-1.0,RS41-SG,403.500,7.4,250,9,2.6,,
2026-08-18T12:30:36.990Z,W4214845,7857,46.45660,7.59395,28713.6,7.1,4.8,287.3,-273.0,-1.0,-1.0,RS41-SG,403.500,7.4,250,9,2.6,,
2026-08-18T12:30:37.990Z,W4214845,7858,46.45661,7.59388,28719.9,5.4,5.7,289.6,-44.6,-1.0,-1.0,RS41-SG,403.500,7.4,250,9,2.7,,
2026-08-18T12:30:38.990Z,W4214845,7859,46.45663,7.59381,28725.2,5.1,6.6,290.4,-44.5,-1.0,-1.0,RS41-SG,403.500,7.4,250,9,2.7,,
2026-08-18T12:30:39.990Z,W4214845,7860,46.45665,7.59373,28730.8,5.9,6.8,289.0,-44.5,-1.0,-1.0,RS41-SG,403.500,7.7,250,9,2.7,,
2026-08-18T12:30:40.990Z,W4214845,7861,46.45667,7.59364,28737.3,6.8,6.3,285.5,-44.6,-1.0,-1.0,RS41-SG,403.500,7.7,250,9,2.6,,
2026-08-18T12:30:41.990Z,W4214845,7862,46.45669,7.59357,28744.1,6.6,5.6,284.8,-44.6,-1.0,-1.0,RS41-SG,403.500,7.3,250,9,2.6,,
2026-08-18T12:30:42.990Z,W4214845,7863,46.45670,7.59350,28750.1,5.2,5.0,288.1,-44.7,-1.0,-1.0,RS41-SG,403.500,7.3,250,9,2.6,,
2026-08-18T12:30:43.990Z,W4214845,7864,46.45672,7.59345,28755.5,5.5,4.9,299.7,-44.7,-1.0,-1.0,RS41-SG,403.500,7.3,250,9,2.7,,
2026-08-18T12:30:44.990Z,W4214845,7865,46.45674,7.59339,28761.8,6.9,5.6,312.8,-44.7,-1.0,-1.0,RS41-SG,403.500,7.4,250,9,2.7,,
2026-08-18T12:30:45.990Z,W4214845,7866,46.45678,7.59334,28768.3,6.0,6.5,319.4,-44.7,-1.0,-1.0,RS41-SG,403.500,7.4,250,9,2.6,,
2026-08-18T12:30:46.990Z,W4214845,7867,46.45683,7.59328,28774.2,5.7,7.0,322.4,-44.7,-1.0,-1.0,RS41-SG,403.500,7.3,250,9,2.6,,
2026-08-18T12:30:47.990Z,W4214845,7868,46.45688,7.59323,28780.6,7.0,6.5,321.1,-44.7,-1.0,-1.0,RS41-SG,403.500,7.6,250,9,2.6,,
2026-08-18T12:30:48.990Z,W4214845,7869,46.45692,7.59318,28787.8,7.4,5.2,313.7,-44.8,-1.0,-1.0,RS41-SG,403.500,7.9,250,9,2.7,,
2026-08-18T12:30:49.990Z,W4214845,7870,46.45694,7.59313,28794.0,4.8,4.5,301.3,-44.8,-1.0,-1.0,RS41-SG,403.500,7.9,250,9,2.7,,
2026-08-18T12:30:50.990Z,W4214845,7871,46.45696,7.59307,28799.2,5.6,4.6,282.8,-44.8,-1.0,-1.0,RS41-SG,403.500,7.7,250,9,2.7,,
2026-08-18T12:30:51.990Z,W4214845,7872,46.45696,7.59301,28805.4,6.7,5.9,274.2,-44.8,-1.0,-1.0,RS41-SG,403.500,7.7,250,9,2.6,,
2026-08-18T12:30:52.990Z,W4214845,7873,46.45697,7.59292,28812.1,6.4,7.2,275.9,-44.9,-1.0,-1.0,RS41-SG,403.500,7.6,250,9,2.6,,
2026-08-18T12:30:53.990Z,W4214845,7874,46.45698,7.59282,28818.0,5.2,8.0,278.2,-44.9,-1.0,-1.0,RS41-SG,403.500,7.7,250,9,2.6,,
2026-08-18T12:30:54.990Z,W4214845,7875,46.45699,7.59272,28823.6,5.9,8.2,279.7,-44.9,-1.0,-1.0,RS41-SG,403.500,7.7,250,9,2.7,,
2026-08-18T12:30:55.990Z,W4214845,7876,46.45700,7.59262,28830.2,7.1,7.6,281.3,-45.0,-1.0,-1.0,RS41-SG,403.500,7.9,250,9,2.7,,
2026-08-18T12:30:56.990Z,W4214845,7877,46.45702,7.59253,28837.0,6.4,6.6,283.3,-45.0,-1.0,-1.0,RS41-SG,403.500,7.9,250,9,2.6,,
2026-08-18T12:30:57.990Z,W4214845,7878,46.45703,7.59245,28842.9,5.5,5.7,290.8,-45.0,-1.0,-1.0,RS41-SG,403.500,7.8,250,9,2.6,,
2026-08-18T12:30:59.990Z,W4214845,7880,46.45709,7.59233,28855.5,7.1,6.5,320.6,-45.0,-1.0,-1.0,RS41-SG,403.500,7.9,250,9,2.7,,
2026-08-18T12:31:00.990Z,W4214845,7881,46.45714,7.59228,28861.6,5.2,7.5,326.9,-45.1,-1.0,-1.0,RS41-SG,403.500,8.8,250,9,2.7,,
2026-08-18T12:31:01.990Z,W4214845,7882,46.45720,7.59223,28867.1,5.7,7.9,330.4,-45.2,-1.0,-1.0,RS41-SG,403.500,8.8,250,9,2.7,,
2026-08-18T12:31:02.990Z,W4214845,7883,46.45726,7.59218,28873.5,7.2,7.2,331.9,-45.2,-1.0,-1.0,RS41-SG,403.500,8.0,250,9,2.6,,
2026-08-18T12:31:03.990Z,W4214845,7884,46.45731,7.59214,28880.4,6.4,6.1,331.0,-45.2,-1.0,-1.0,RS41-SG,403.500,8.2,250,9,2.6,,
2026-08-18T12:31:04.990Z,W4214845,7885,46.45736,7.59210,28886.0,4.9,5.2,326.5,-45.2,-1.0,-1.0,RS41-SG,403.500,8.2,250,9,2.6,,
2026-08-18T12:31:05.990Z,W4214845,7886,46.45740,7.59206,28891.5,6.0,5.2,318.5,-45.2,-1.0,-1.0,RS41-SG,403.500,8.1,250,9,2.7,,
2026-08-18T12:31:06.990Z,W4214845,7887,46.45743,7.59201,28897.8,6.5,6.1,313.3,-45.2,-1.0,-1.0,RS41-SG,403.500,7.9,250,9,2.7,,
2026-08-18T12:31:07.990Z,W4214845,7888,46.45747,7.59194,28903.7,5.3,7.2,311.1,-45.2,-1.0,-1.0,RS41-SG,403.500,8.1,250,9,2.6,,
2026-08-18T12:31:08.990Z,W4214845,7889,46.45752,7.59187,28908.8,5.0,8.0,312.0,-45.1,-1.0,-1.0,RS41-SG,403.500,8.1,250,9,2.6,,
2026-08-18T12:31:09.990Z,W4214845,7890,46.45757,7.59180,28914.3,5.7,8.0,315.8,-45.0,-1.0,-1.0,RS41-SG,403.500,8.0,250,9,2.6,,
2026-08-18T12:31:10.990Z,W4214845,7891,46.45762,7.59173,28920.3,6.2,7.3,320.8,-45.0,-1.0,-1.0,RS41-SG,403.500,8.0,250,9,2.7,,
2026-08-18T12:31:11.990Z,W4214845,7892,46.45767,7.59168,28926.8,6.5,6.5,326.3,-45.0,-1.0,-1.0,RS41-SG,403.500,7.9,250,9,2.7,,
2026-08-18T12:31:12.990Z,W4214845,7893,46.45771,7.59163,28932.8,5.2,5.7,327.4,-45.0,-1.0,-1.0,RS41-SG,403.500,8.8,250,9,2.7,,
2026-08-18T12:31:13.990Z,W4214845,7894,46.45775,7.59159,28937.8,4.6,5.4,323.4,-45.0,-1.0,-1.0,RS41-SG,403.500,8.8,250,9,2.6,,
2026-08-18T12:31:14.990Z,W4214845,7895,46.45779,7.59154,28943.1,6.0,5.7,314.2,-45.0,-1.0,-1.0,RS41-SG,403.500,8.2,250,9,2.6,,
2026-08-18T12:31:15.990Z,W4214845,7896,46.45783,7.59148,28949.6,6.8,7.0,306.1,-45.1,-1.0,-1.0,RS41-SG,403.500,7.8,250,9,2.6,,
2026-08-18T12:31:16.990Z,W4214845,7897,46.45787,7.59140,28955.5,5.0,8.0,303.0,-45.2,0.5,-1.0,RS41-SG,403.500,8.3,250,9,2.7,,
2026-08-18T12:31:17.990Z,W4214845,7898,46.45791,7.59131,28960.8,5.6,8.5,301.7,-45.3,0.5,-1.0,RS41-SG,403.500,8.3,250,9,2.7,,
2026-08-18T12:31:18.990Z,W4214845,7899,46.45795,7.59122,28967.1,7.1,7.9,303.6,-45.3,0.5,-1.0,RS41-SG,403.500,8.2,250,9,2.6,,
2026-08-18T12:31:19.990Z,W4214845,7900,46.45798,7.59115,28974.3,7.2,6.5,310.5,-45.2,0.5,-1.0,RS41-SG,403.500,8.2,250,9,2.6,,
2026-08-18T12:31:20.990Z,W4214845,7901,46.45802,7.59109,28980.7,5.5,5.6,321.9,-45.1,0.5,-1.0,RS41-SG,403.500,8.2,250,9,2.6,,
2026-08-18T12:31:21.990Z,W4214845,7902,46.45807,7.59106,28986.1,5.4,5.6,337.3,-45.0,0.5,-1.0,RS41-SG,403.500,7.4,250,9,2.7,,
2026-08-18T12:31:22.990Z,W4214845,7903,46.45812,7.59103,28992.1,6.4,6.8,346.5,-45.0,0.5,-1.0,RS41-SG,403.500,7.6,250,9,2.7,,
2026-08-18T12:31:23.990Z,W4214845,7904,46.45818,7.59101,28998.6,6.4,8.1,347.3,-44.9,0.4,-1.0,RS41-SG,403.500,7.7,250,9,2.7,,
2026-08-18T12:31:24.990Z,W4214845,7905,46.45826,7.59098,29004.6,5.3,8.9,344.2,-44.9,0.5,-1.0,RS41-SG,403.500,7.7,250,9,2.6,,
2026-08-18T12:31:25.990Z,W4214845,7906,46.45833,7.59095,29010.5,6.4,8.7,339.7,-45.0,0.5,-1.0,RS41-SG,403.500,6.9,250,9,2.6,,
2026-08-18T12:31:26.990Z,W4214845,7907,46.45840,7.59090,29017.6,7.5,7.5,331.5,-45.0,0.5,-1.0,RS41-SG,403.500,6.9,250,9,2.6,,
2026-08-18T12:31:27.990Z,W4214845,7908,46.45845,7.59086,29024.2,5.7,6.3,321.7,-44.9,0.5,-1.0,RS41-SG,403.500,7.7,250,9,2.7,,
2026-08-18T12:31:28.990Z,W4214845,7909,46.45849,7.59080,29029.6,4.8,5.4,305.7,-44.9,0.5,-1.0,RS41-SG,403.500,7.7,250,9,2.7,,
2026-08-18T12:31:30.990Z,W4214845,7911,46.45852,7.59066,29041.2,6.7,6.7,282.0,-44.9,0.4,-1.0,RS41-SG,403.500,7.5,250,9,2.6,,
2026-08-18T12:31:35.990Z,W4214845,7916,46.45859,7.59034,29073.2,5.3,2.2,335.1,-44.8,0.5,-1.0,RS41-SG,403.500,6.8,250,9,2.6,,
2026-08-18T12:31:36.990Z,W4214845,7917,46.45862,7.59033,29078.3,4.8,3.2,12.7,-44.7,0.5,-1.0,RS41-SG,403.500,6.8,250,9,2.6,,
2026-08-18T12:31:37.990Z,W4214845,7918,46.45865,7.59035,29083.6,5.7,5.3,17.4,-44.8,0.5,-1.0,RS41-SG,403.500,7.5,250,9,2.6,,
2026-08-18T12:31:38.990Z,W4214845,7919,46.45871,7.59037,29089.9,6.7,6.9,9.9,-45.0,0.5,-1.0,RS41-SG,403.500,7.7,250,9,2.7,,
2026-08-18T12:31:39.990Z,W4214845,7920,46.45877,7.59038,29096.3,5.9,7.7,0.8,-45.0,0.5,-1.0,RS41-SG,403.500,7.7,250,9,2.7,,
2026-08-18T12:31:40.990Z,W4214845,7921,46.45884,7.59037,29102.4,6.2,7.5,349.4,-44.9,0.4,-1.0,RS41-SG,403.500,7.7,250,9,2.6,,
2026-08-18T12:31:41.990Z,W4214845,7922,46.45890,7.59034,29108.9,6.6,6.3,333.1,-44.9,0.5,-1.0,RS41-SG,403.500,7.7,250,9,2.6,,
2026-08-18T12:31:42.990Z,W4214845,7923,46.45893,7.59030,29115.7,6.9,4.9,305.0,-44.9,0.4,-1.0,RS41-SG,403.500,6.4,250,9,2.6,,
2026-08-18T12:31:43.990Z,W4214845,7924,46.45895,7.59024,29122.2,5.9,4.7,268.5,-44.8,0.5,-1.0,RS41-SG,403.500,7.6,250,9,2.7,,
2026-08-18T12:31:44.990Z,W4214845,7925,46.45894,7.59017,29127.1,4.0,5.7,247.8,-44.8,0.5,-1.0,RS41-SG,403.500,7.6,250,9,2.7,,
2026-08-18T12:31:55.990Z,W4214845,7936,46.45902,7.58975,29192.9,6.0,3.4,328.3,-44.7,0.5,-1.0,RS41-SG,403.500,7.8,250,9,2.7,,
2026-08-18T12:31:56.990Z,W4214845,7937,46.45904,7.58971,29198.6,5.3,4.0,302.6,-44.7,0.4,-1.0,RS41-SG,403.500,7.8,250,9,2.7,,
2026-08-18T12:31:57.990Z,W4214845,7938,46.45906,7.58966,29204.0,5.4,4.8,276.4,-44.7,0.5,-1.0,RS41-SG,403.500,7.1,250,9,2.6,,
2026-08-18T12:31:59.990Z,W4214845,7940,46.45904,7.58952,29215.1,5.4,6.0,242.8,-44.7,0.5,-1.0,RS41,403.500,6.7,250,9,2.6,,
2026-08-18T12:32:01.990Z,W4214845,7942,46.45899,7.58940,29226.2,6.0,4.1,242.5,-44.7,0.5,-1.0,RS41,403.500,7.1,250,9,2.7,,
2026-08-18T12:32:04.990Z,W4214845,7945,46.45904,7.58933,29244.6,4.3,5.4,351.3,-44.9,0.5,-1.0,RS41,403.500,7.2,250,9,2.6,,
2026-08-18T12:32:07.990Z,W4214845,7948,46.45921,7.58932,29261.8,7.3,5.0,0.8,-44.9,0.5,-1.0,RS41,403.500,7.3,250,9,2.7,,
2026-08-18T12:32:08.990Z,W4214845,7949,46.45924,7.58931,29268.1,5.1,3.1,358.0,-44.9,0.4,-1.0,RS41,403.500,7.3,250,9,2.6,,
2026-08-18T12:32:09.990Z,W4214845,7950,46.45926,7.58931,29272.9,4.5,1.4,338.7,-44.8,0.4,-1.0,RS41,403.500,6.9,250,9,2.6,,
2026-08-18T12:32:11.990Z,W4214845,7952,46.45927,7.58928,29284.5,6.8,2.0,266.1,-44.7,0.5,-1.0,RS41,403.500,7.6,250,9,2.7,,
2026-08-18T12:32:13.990Z,W4214845,7954,46.45927,7.58921,29296.7,6.1,3.3,266.2,-44.8,0.5,-1.0,RS41,403.500,7.1,250,9,2.6,,
2026-08-18T12:32:14.990Z,W4214845,7955,46.45926,7.58916,29303.3,7.0,3.9,263.7,-44.8,0.5,-1.0,RS41,403.500,7.2,250,9,2.6,,
2026-08-18T12:32:23.990Z,W4214845,7964,46.45952,7.58893,29357.9,5.2,3.1,23.8,-44.7,0.5,-1.0,RS41,403.500,6.4,250,9,2.7,,
2026-08-18T12:32:24.990Z,W4214845,7965,46.45954,7.58895,29363.0,4.8,2.1,38.0,-44.7,0.4,-1.0,RS41,403.500,7.3,250,9,2.6,,
2026-08-18T12:32:25.990Z,W4214845,7966,46.45955,7.58896,29368.3,5.8,1.5,44.2,-44.8,0.5,-1.0,RS41,403.500,7.4,250,9,2.6,,
2026-08-18T12:32:26.990Z,W4214845,7967,46.45956,7.58897,29374.8,7.1,1.3,18.1,-44.8,0.5,-1.0,RS41,403.500,7.4,250,9,2.6,,
2026-08-18T12:32:27.990Z,W4214845,7968,46.45958,7.58897,29381.3,5.7,1.8,353.6,-44.8,0.5,-1.0,RS41,403.500,7.2,250,9,2.7,,
2026-08-18T12:32:36.990Z,W4214845,7977,46.45978,7.58890,29435.1,5.9,5.9,4.6,-44.6,0.4,-1.0,RS41,403.500,7.0,250,9,2.6,,
2026-08-18T12:32:38.990Z,W4214845,7979,46.45987,7.58891,29448.7,7.0,3.3,6.0,-44.6,0.5,-1.0,RS41,403.500,6.9,250,9,2.7,,
2026-08-18T12:32:39.990Z,W4214845,7980,46.45989,7.58891,29454.6,4.8,1.8,3.4,-44.6,0.4,-1.0,RS41,403.500,7.0,250,9,2.7,,
2026-08-18T12:32:40.990Z,W4214845,7981,46.45990,7.58891,29459.5,5.0,0.7,313.6,-44.5,0.5,-1.0,RS41,403.500,7.4,250,9,2.7,,
2026-08-18T12:32:41.990Z,W4214845,7982,46.45990,7.58890,29465.2,6.4,1.4,278.3,-44.5,0.4,-1.0,RS41,403.500,7.4,250,9,2.6,,
2026-08-18T12:32:46.990Z,W4214845,7987,46.45995,7.58878,29495.4,6.4,1.3,311.9,-44.5,0.5,-1.0,RS41,403.500,7.1,250,9,2.6,,
2026-08-18T12:32:53.990Z,W4214845,7994,46.46017,7.58879,29536.1,6.8,3.5,10.4,-44.5,0.4,-1.0,RS41,403.500,7.5,250,9,2.6,,
2026-08-18T12:32:55.990Z,W4214845,7996,46.46018,7.58880,29549.1,4.8,1.1,166.7,-44.4,0.4,-1.0,RS41,403.500,7.1,250,9,2.7,,
2026-08-18T12:32:56.990Z,W4214845,7997,46.46017,7.58880,29553.4,3.9,2.6,189.6,-44.4,0.4,-1.0,RS41,403.500,6.9,250,9,2.7,,
2026-08-18T12:33:03.990Z,W4214845,8004,46.46016,7.58850,29594.3,6.6,2.9,310.8,-44.2,0.4,-1.0,RS41,403.500,7.2,250,9,2.6,,
2026-08-18T12:33:04.990Z,W4214845,8005,46.46018,7.58848,29600.1,5.1,2.1,337.8,-44.2,0.5,-1.0,RS41,403.500,7.2,250,9,2.6,,
2026-08-18T12:33:05.990Z,W4214845,8006,46.46020,7.58848,29605.2,5.0,2.4,16.7,-44.1,0.4,-1.0,RS41,403.500,7.1,250,9,2.6,,
2026-08-18T12:33:06.990Z,W4214845,8007,46.46022,7.58850,29610.6,5.9,3.6,30.2,-44.1,0.4,-1.0,RS41,403.500,7.1,250,9,2.7,,
2026-08-18T12:33:07.990Z,W4214845,8008,46.46025,7.58852,29616.9,6.6,4.4,31.6,-44.1,0.4,-1.0,RS41,403.500,7.1,250,9,2.7,,
2026-08-18T12:33:09.990Z,W4214845,8010,46.46032,7.58859,29628.7,6.0,3.7,38.3,-44.1,0.4,-1.0,RS41,403.500,7.4,250,9,2.6,,
2026-08-18T12:33:10.990Z,W4214845,8011,46.46033,7.58861,29634.8,6.2,2.3,62.5,-44.1,0.4,-1.0,RS41,403.500,7.5,250,9,2.6,,
2026-08-18T12:33:11.990Z,W4214845,8012,46.46033,7.58864,29641.2,6.6,2.0,133.7,-44.0,0.4,-1.0,RS41,403.500,7.5,250,9,2.7,,
2026-08-18T12:33:12.990Z,W4214845,8013,46.46031,7.58865,29647.2,5.4,3.1,167.7,-43.9,0.4,-1.0,RS41,403.500,7.4,250,9,2.7,,
2026-08-18T12:33:21.990Z,W4214845,8022,46.46035,7.58846,29699.8,4.5,2.5,33.9,-43.9,0.4,-1.0,RS41,403.500,7.5,250,9,2.6,,
2026-08-18T12:33:22.990Z,W4214845,8023,46.46036,7.58849,29704.6,5.0,2.9,56.1,-43.9,0.4,-1.0,RS41,403.500,7.7,250,9,2.7,,
2026-08-18T12:33:23.990Z,W4214845,8024,46.46038,7.58852,29710.5,6.7,3.2,62.3,-44.0,0.4,-1.0,RS41,403.500,7.7,250,9,2.7,,
2026-08-18T12:33:24.990Z,W4214845,8025,46.46039,7.58856,29716.9,6.4,2.9,64.2,-43.9,0.4,-1.0,RS41,403.500,7.3,250,9,2.7,,
2026-08-18T12:33:25.990Z,W4214845,8026,46.46040,7.58859,29723.2,6.0,2.1,69.2,-43.9,0.4,-1.0,RS41,403.500,7.5,250,9,2.6,,
2026-08-18T12:33:26.990Z,W4214845,8027,46.46040,7.58861,29729.4,6.4,1.3,110.8,-43.8,0.4,-1.0,RS41,403.500,7.5,250,9,2.6,,
2026-08-18T12:33:28.990Z,W4214845,8029,46.46036,7.58862,29742.3,6.1,3.8,180.9,-43.8,0.4,-1.0,RS41,403.500,7.6,250,9,2.7,,
2026-08-18T12:33:37.990Z,W4214845,8038,46.46026,7.58837,29793.7,5.0,1.9,86.9,-43.8,0.4,-1.0,RS41,403.500,7.0,250,9,2.6,,
2026-08-18T12:33:38.990Z,W4214845,8039,46.46026,7.58840,29798.9,5.2,3.1,105.6,-43.8,0.4,-1.0,RS41,403.500,7.3,250,9,2.6,,
2026-08-18T12:33:39.990Z,W4214845,8040,46.46025,7.58844,29804.8,6.6,3.3,115.3,-43.9,0.4,-1.0,RS41,403.500,7.3,250,9,2.7,,
2026-08-18T12:33:40.990Z,W4214845,8041,46.46024,7.58848,29811.7,7.2,2.3,123.9,-43.9,0.4,-1.0,RS41,403.500,7.4,250,9,2.7,,
2026-08-18T12:33:41.990Z,W4214845,8042,46.46023,7.58849,29817.8,5.2,1.3,144.7,-43.9,0.4,-1.0,RS41-SG,403.500,7.4,250,9,2.6,,
2026-08-18T12:33:44.990Z,W4214845,8045,46.46019,7.58845,29834.8,6.3,3.2,231.8,-43.7,0.4,-1.0,RS41-SG,403.500,6.6,250,9,2.7,,
2026-08-18T12:33:49.990Z,W4214845,8050,46.46016,7.58824,29863.3,6.3,5.1,302.3,-43.7,0.4,-1.0,RS41-SG,403.500,7.0,250,9,2.7,,
2026-08-18T12:33:50.990Z,W4214845,8051,46.46019,7.58818,29869.2,5.5,5.8,310.6,-43.9,0.4,-1.0,RS41-SG,403.500,7.0,250,9,2.7,,
2026-08-18T12:33:58.990Z,W4214845,8059,46.46020,7.58811,29918.1,6.4,1.8,224.1,-43.8,0.4,-1.0,RS41-SG,403.500,6.9,250,9,2.6,,
2026-08-18T12:33:59.990Z,W4214845,8060,46.46019,7.58808,29924.0,5.3,2.8,261.5,-43.7,0.4,-1.0,RS41-SG,403.500,7.0,250,9,2.7,,
2026-08-18T12:34:08.990Z,W4214845,8069,46.46040,7.58766,29978.9,6.3,4.4,350.3,-43.9,0.4,-1.0,RS41-SG,403.500,7.0,250,9,2.6,,
2026-08-18T12:34:09.990Z,W4214845,8070,46.46043,7.58765,29985.1,6.1,2.6,1.5,-43.8,0.4,-1.0,RS41-SG,403.500,7.7,250,9,2.6,,
2026-08-18T12:34:11.990Z,W4214845,8072,46.46045,7.58765,29996.5,5.7,1.2,224.1,-43.8,0.4,-1.0,RS41-SG,403.500,7.2,250,9,2.7,,
2026-08-18T12:34:18.990Z,W4214845,8079,46.46057,7.58717,30036.8,5.9,7.9,342.8,-43.6,0.4,-1.0,RS41-SG,403.500,6.9,250,9,2.6,,
2026-08-18T12:34:21.990Z,W4214845,8082,46.46072,7.58719,30052.8,5.4,2.9,40.4,-43.8,0.4,-1.0,RS41-SG,403.500,6.8,250,9,2.7,,
2026-08-18T12:34:27.990Z,W4214845,8088,46.46068,7.58705,30086.4,6.9,3.1,267.5,-43.5,0.4,-1.0,RS41-SG,403.500,6.7,250,9,2.7,,
2026-08-18T12:34:29.990Z,W4214845,8090,46.46068,7.58698,30098.5,5.3,2.2,300.4,-43.4,0.4,-1.0,RS41-SG,403.500,7.1,250,9,2.6,,
2026-08-18T12:34:30.990Z,W4214845,8091,46.46070,7.58696,30104.0,5.7,2.6,306.4,-43.3,0.4,-1.0,RS41-SG,403.500,7.1,250,9,2.6,,
2026-08-18T12:34:37.990Z,W4214845,8098,46.46074,7.58664,30147.0,5.4,2.1,210.3,-43.3,0.4,-1.0,RS41-SG,403.500,7.5,250,9,2.7,,
2026-08-18T12:34:38.990Z,W4214845,8099,46.46072,7.58663,30152.9,6.6,2.4,196.0,-43.4,0.4,-1.0,RS41-SG,403.500,7.5,250,9,2.7,,
2026-08-18T12:34:39.990Z,W4214845,8100,46.46070,7.58661,30160.0,7.5,3.0,214.0,-43.3,0.4,-1.0,RS41-SG,403.500,7.0,250,9,2.6,,
2026-08-18T12:34:41.990Z,W4214845,8102,46.46066,7.58653,30172.7,4.5,4.6,249.4,-43.1,0.4,-1.0,RS41-SG,403.500,6.9,250,9,2.6,,
2026-08-18T12:34:42.990Z,W4214845,8103,46.46065,7.58647,30177.5,5.0,5.3,260.4,-43.1,0.4,-1.0,RS41-SG,403.500,7.1,250,9,2.7,,
2026-08-18T12:34:43.990Z,W4214845,8104,46.46064,7.58640,30183.1,6.3,5.4,269.9,-43.2,0.4,-1.0,RS41-SG,403.500,7.1,250,9,2.7,,
2026-08-18T12:34:44.990Z,W4214845,8105,46.46064,7.58633,30189.5,6.6,5.2,274.4,-43.3,0.4,-1.0,RS41-SG,403.500,7.1,250,9,2.6,,
2026-08-18T12:34:45.990Z,W4214845,8106,46.46065,7.58627,30195.7,5.8,5.0,277.9,-43.2,0.4,-1.0,RS41-SG,403.500,7.3,250,9,2.6,,
2026-08-18T12:34:46.990Z,W4214845,8107,46.46066,7.58620,30201.9,6.5,5.2,278.1,-43.1,0.4,-1.0,RS41-SG,403.500,7.3,250,9,2.6,,
2026-08-18T12:34:47.990Z,W4214845,8108,46.46066,7.58613,30208.9,7.5,6.0,277.2,-43.1,0.4,-1.0,RS41-SG,403.500,6.8,250,9,2.7,,
2026-08-18T12:35:08.990Z,W4214845,8129,46.46037,7.58432,30341.2,6.9,5.7,246.1,-42.9,0.4,-1.0,RS41-SG,403.500,7.2,250,9,2.7,,
2026-08-18T12:35:27.990Z,W4214845,8148,46.46030,7.58289,30462.6,6.8,6.9,246.0,-42.5,0.4,-1.0,RS41-SG,403.500,6.7,250,9,2.6,,
2026-08-18T12:39:11.990Z,W4214845,8372,46.46443,7.56835,31813.8,6.1,4.6,312.0,-41.5,0.3,-1.0,RS41-SG,403.500,7.0,250,9,2.6,,
2026-08-18T12:39:13.990Z,W4214845,8374,46.46447,7.56824,31827.2,6.8,5.3,288.2,-41.5,0.3,-1.0,RS41-SG,403.500,6.5,250,9,2.7,,
2026-08-18T12:39:18.990Z,W4214845,8379,46.46449,7.56792,31856.0,6.0,2.4,279.0,-41.6,0.4,-1.0,RS41-SG,403.500,6.8,250,9,2.7,,
2026-08-18T12:39:19.990Z,W4214845,8380,46.46450,7.56789,31861.7,5.6,2.1,302.0,-41.7,0.3,-1.0,RS41-SG,403.500,7.0,250,9,2.7,,
2026-08-18T12:39:21.990Z,W4214845,8382,46.46453,7.56783,31874.2,6.9,4.0,300.7,-41.6,0.3,-1.0,RS41-SG,403.500,6.6,250,9,2.6,,
2026-08-18T12:39:31.990Z,W4214845,8392,46.46475,7.56724,31934.5,6.8,3.8,244.1,-41.6,0.3,-1.0,RS41-SG,403.500,6.5,250,9,2.6,,
2026-08-18T12:39:35.990Z,W4214845,8396,46.46467,7.56697,31957.5,6.7,5.2,258.6,-41.6,0.4,-1.0,RS41-SG,403.500,7.0,250,9,2.6,,
2026-08-18T12:39:37.990Z,W4214845,8398,46.46468,7.56687,31970.9,5.8,3.8,312.8,-41.7,0.4,-1.0,RS41-SG,403.500,6.6,250,9,2.7,,
2026-08-18T12:39:38.990Z,W4214845,8399,46.46471,7.56684,31976.4,5.3,5.0,332.0,-41.6,0.3,-1.0,RS41-SG,403.500,7.2,250,9,2.7,,
2026-08-18T12:39:39.990Z,W4214845,8400,46.46476,7.56680,31982.0,5.9,6.6,334.6,-41.5,0.3,-1.0,RS41-SG,403.500,8.0,250,9,2.6,,
2026-08-18T12:39:40.990Z,W4214845,8401,46.46481,7.56676,31988.5,7.0,8.0,327.5,-41.5,0.4,-1.0,RS41-SG,403.500,8.0,250,9,2.6,,
2026-08-18T12:39:41.990Z,W4214845,8402,46.46487,7.56669,31995.6,6.9,8.7,317.7,-41.6,0.4,-1.0,RS41-SG,403.500,7.1,250,9,2.6,,
2026-08-18T12:39:46.990Z,W4214845,8407,46.46500,7.56633,32025.5,5.4,2.7,249.3,-41.3,0.3,-1.0,RS41-SG,403.500,6.6,250,9,2.6,,
2026-08-18T12:39:47.990Z,W4214845,8408,46.46499,7.56630,32031.0,5.3,2.3,217.9,-41.3,0.3,-1.0,RS41-SG,403.500,7.8,250,9,2.6,,
2026-08-18T12:39:48.990Z,W4214845,8409,46.46497,7.56629,32036.8,6.4,2.5,213.4,-41.4,0.3,-1.0,RS41-SG,403.500,8.1,250,9,2.7,,
2026-08-18T12:39:49.990Z,W4214845,8410,46.46496,7.56626,32043.7,7.5,3.0,236.5,-41.5,0.3,-1.0,RS41-SG,403.500,8.1,250,9,2.7,,
2026-08-18T12:39:52.990Z,W4214845,8413,46.46496,7.56609,32062.7,5.1,5.9,290.7,-41.3,0.3,-1.0,RS41-SG,403.500,6.8,250,9,2.7,,
2026-08-18T12:39:53.990Z,W4214845,8414,46.46498,7.56603,32068.4,6.1,6.2,306.4,-41.3,0.3,-1.0,RS41-SG,403.500,7.5,250,9,2.7,,
2026-08-18T12:39:54.990Z,W4214845,8415,46.46502,7.56597,32074.9,6.9,6.1,324.1,-41.5,0.3,-1.0,RS41-SG,403.500,7.5,250,9,2.6,,
2026-08-18T12:39:56.990Z,W4214845,8417,46.46512,7.56591,32087.0,5.4,5.6,346.7,-41.4,0.3,-1.0,RS41-SG,403.500,7.1,250,9,2.6,,
2026-08-18T12:39:59.990Z,W4214845,8420,46.46523,7.56583,32107.0,6.8,4.4,303.3,-41.4,0.3,-1.0,RS41-SG,403.500,6.9,250,9,2.7,,
2026-08-18T12:40:00.990Z,W4214845,8421,46.46524,7.56578,32113.1,5.2,4.9,284.3,-41.4,0.3,-1.0,RS41-SG,403.500,6.9,250,9,2.6,,
2026-08-18T12:40:04.990Z,W4214845,8425,46.46521,7.56556,32136.6,6.0,3.1,233.2,-41.2,0.3,-1.0,RS41-SG,403.500,7.5,250,9,2.7,,
2026-08-18T12:40:06.990Z,W4214845,8427,46.46519,7.56550,32148.7,6.5,2.0,273.2,-41.3,0.3,-1.0,RS41-SG,403.500,6.9,250,9,2.6,,
2026-08-18T12:40:07.990Z,W4214845,8428,46.46520,7.56547,32155.6,7.2,3.6,293.2,-41.3,0.4,-1.0,RS41-SG,403.500,6.9,250,9,2.7,,
2026-08-18T12:40:08.990Z,W4214845,8429,46.46521,7.56542,32162.2,6.0,5.3,295.1,-41.2,0.3,-1.0,RS41-SG,403.500,7.0,250,9,2.7,,
2026-08-18T12:40:09.990Z,W4214845,8430,46.46524,7.56535,32167.7,4.9,6.3,295.4,-41.3,0.3,-1.0,RS41-SG,403.500,7.4,250,9,2.6,,
2026-08-18T12:40:10.990Z,W4214845,8431,46.46526,7.56527,32172.9,5.6,6.5,294.1,-41.3,0.3,-1.0,RS41-SG,403.500,7.4,250,9,2.6,,
2026-08-18T12:40:14.990Z,W4214845,8435,46.46530,7.56508,32198.7,5.2,2.0,222.1,-41.2,0.3,-1.0,RS41-SG,403.500,7.6,250,9,2.7,,
2026-08-18T12:40:17.990Z,W4214845,8438,46.46519,7.56500,32217.3,6.4,6.7,215.5,-41.0,0.3,-1.0,RS41-SG,403.500,7.4,250,9,2.6,,
2026-08-18T12:40:18.990Z,W4214845,8439,46.46514,7.56494,32223.1,5.1,7.4,223.1,-40.9,0.3,-1.0,RS41-SG,403.500,7.4,250,9,2.7,,
2026-08-18T12:40:19.990Z,W4214845,8440,46.46510,7.56487,32228.5,5.7,7.3,230.9,-40.9,0.3,-1.0,RS41-SG,403.500,7.4,250,9,2.7,,
2026-08-18T12:40:23.990Z,W4214845,8444,46.46505,7.56467,32252.6,4.6,2.6,298.0,-40.7,0.3,-1.0,RS41-SG,403.500,7.1,250,9,2.7,,
2026-08-18T12:40:24.990Z,W4214845,8445,46.46506,7.56464,32257.6,5.3,2.8,294.9,-40.6,0.3,-1.0,RS41-SG,403.500,7.1,250,9,2.6,,
2026-08-18T12:40:26.990Z,W4214845,8447,46.46506,7.56454,32270.4,7.0,5.5,261.1,-40.6,0.3,-1.0,RS41-SG,403.500,7.0,250,9,2.6,,
2026-08-18T12:40:27.990Z,W4214845,8448,46.46505,7.56446,32276.9,5.8,7.2,254.9,-40.6,0.3,-1.0,RS41-SG,403.500,7.0,250,9,2.7,,
2026-08-18T12:40:28.990Z,W4214845,8449,46.46503,7.56436,32282.4,5.1,8.5,252.0,-40.7,0.3,-1.0,RS41-SG,403.500,7.0,250,9,2.7,,
2026-08-18T12:40:33.990Z,W4214845,8454,46.46493,7.56391,32312.9,6.2,5.1,260.6,-40.5,0.3,-1.0,RS41-SG,403.500,7.3,250,9,2.7,,
2026-08-18T12:40:34.990Z,W4214845,8455,46.46493,7.56384,32319.8,7.5,5.6,263.8,-40.5,0.3,-1.0,RS41-SG,403.500,7.6,250,9,2.7,,
2026-08-18T12:40:35.990Z,W4214845,8456,46.46492,7.56376,32326.8,6.6,6.5,262.6,-40.6,0.3,-1.0,RS41-SG,403.500,7.6,250,9,2.6,,
2026-08-18T12:40:38.990Z,W4214845,8459,46.46490,7.56349,32344.2,6.1,6.9,263.0,-40.4,0.3,-1.0,RS41-SG,403.500,7.1,250,9,2.7,,
2026-08-18T12:40:39.990Z,W4214845,8460,46.46489,7.56340,32350.8,7.0,6.1,266.1,-40.5,0.3,-1.0,RS41-SG,403.500,8.0,250,9,2.6,,
2026-08-18T12:40:40.990Z,W4214845,8461,46.46489,7.56333,32357.4,6.1,5.5,268.8,-40.5,0.3,-1.0,RS41-SG,403.500,8.0,250,9,2.6,,
2026-08-18T12:40:41.990Z,W4214845,8462,46.46489,7.56326,32363.2,5.6,5.7,269.9,-40.4,0.3,-1.0,RS41-SG,403.500,7.5,250,9,2.6,,
2026-08-18T12:40:42.990Z,W4214845,8463,46.46489,7.56318,32369.1,6.1,6.5,267.9,-40.4,0.3,-1.0,RS41-SG,403.500,8.3,250,9,2.7,,
2026-08-18T12:40:43.990Z,W4214845,8464,46.46488,7.56308,32375.6,6.8,8.2,266.2,-40.4,0.3,-1.0,RS41-SG,403.500,8.3,250,9,2.7,,
2026-08-18T12:40:44.990Z,W4214845,8465,46.46488,7.56296,32382.5,6.7,10.0,264.8,-40.4,0.3,-1.0,RS41-SG,403.500,8.0,250,9,2.7,,
2026-08-18T12:40:45.990Z,W4214845,8466,46.46487,7.56283,32388.5,5.3,11.1,264.2,-40.5,0.3,-1.0,RS41-SG,403.500,8.0,250,9,2.6,,
2026-08-18T12:40:49.990Z,W4214845,8470,46.46486,7.56234,32413.6,5.6,6.3,282.0,-40.3,0.3,-1.0,RS41-SG,403.500,8.0,250,9,2.7,,
2026-08-18T12:40:50.990Z,W4214845,8471,46.46487,7.56227,32419.0,5.3,5.4,293.6,-40.3,0.3,-1.0,RS41-SG,403.500,8.1,250,9,2.6,,
2026-08-18T12:40:51.990Z,W4214845,8472,46.46490,7.56220,32424.7,6.1,5.5,299.6,-40.4,0.3,-1.0,RS41-SG,403.500,8.1,250,9,2.6,,
2026-08-18T12:40:52.990Z,W4214845,8473,46.46492,7.56213,32431.5,7.5,6.7,296.2,-40.3,0.3,-1.0,RS41-SG,403.500,7.8,250,9,2.7,,
2026-08-18T12:40:53.990Z,W4214845,8474,46.46495,7.56204,32438.6,6.7,8.1,288.4,-40.3,0.3,-1.0,RS41-SG,403.500,7.8,250,9,2.7,,
2026-08-18T12:40:54.990Z,W4214845,8475,46.46497,7.56193,32444.6,5.2,9.4,283.9,-40.2,0.3,-1.0,RS41-SG,403.500,8.3,250,9,2.6,,
2026-08-18T12:40:55.990Z,W4214845,8476,46.46498,7.56181,32449.9,5.3,10.3,279.1,-40.3,0.3,-1.0,RS41-SG,403.500,8.3,250,9,2.6,,
2026-08-18T12:40:56.990Z,W4214845,8477,46.46500,7.56168,32455.8,6.6,10.4,276.1,-40.4,0.3,-1.0,RS41-SG,403.500,7.8,250,9,2.6,,
2026-08-18T12:40:57.990Z,W4214845,8478,46.46501,7.56155,32462.6,6.8,9.8,275.6,-40.5,0.3,-1.0,RS41-SG,403.500,8.0,250,9,2.7,,
2026-08-18T12:40:58.990Z,W4214845,8479,46.46501,7.56142,32468.8,5.8,9.2,275.4,-40.4,0.3,-1.0,RS41-SG,403.500,8.0,250,9,2.7,,
2026-08-18T12:41:00.990Z,W4214845,8481,46.46503,7.56119,32481.3,6.7,9.6,278.5,-40.4,0.3,-1.0,RS41-SG,403.500,6.6,250,9,2.6,,
2026-08-18T12:41:01.990Z,W4214845,8482,46.46505,7.56106,32488.2,6.9,10.4,280.9,-40.4,0.3,-1.0,RS41-SG,403.500,7.9,250,9,2.6,,
2026-08-18T12:41:02.990Z,W4214845,8483,46.46507,7.56092,32494.5,5.7,11.0,283.9,-40.5,0.3,-1.0,RS41-SG,403.500,7.9,250,9,2.6,,
2026-08-18T12:41:03.990Z,W4214845,8484,46.46510,7.56079,32500.1,5.5,11.0,288.8,-40.7,0.3,-1.0,RS41-SG,403.500,7.9,250,9,2.7,,
2026-08-18T12:41:04.990Z,W4214845,8485,46.46513,7.56066,32506.0,6.3,10.3,296.6,-40.8,0.3,-1.0,RS41-SG,403.500,7.9,250,9,2.7,,
2026-08-18T12:41:05.990Z,W4214845,8486,46.46518,7.56055,32512.5,6.8,9.2,305.3,-40.8,0.3,-1.0,RS41-SG,403.500,7.3,250,9,2.6,,
2026-08-18T12:41:06.990Z,W4214845,8487,46.46523,7.56046,32518.6,5.4,8.4,311.6,-40.8,0.3,-1.0,RS41-SG,403.500,7.4,250,9,2.6,,
2026-08-18T12:41:07.990Z,W4214845,8488,46.46528,7.56038,32524.2,5.8,8.2,313.7,-40.8,0.3,-1.0,RS41-SG,403.500,7.8,250,9,2.7,,
2026-08-18T12:41:08.990Z,W4214845,8489,46.46532,7.56030,32530.5,6.7,8.5,307.5,-40.8,0.3,-1.0,RS41-SG,403.500,8.3,250,9,2.7,,
2026-08-18T12:41:09.990Z,W4214845,8490,46.46537,7.56020,32537.5,7.1,9.8,297.3,-40.8,0.3,-1.0,RS41-SG,403.500,8.3,250,9,2.6,,
2026-08-18T12:41:10.990Z,W4214845,8491,46.46540,7.56007,32544.4,6.6,11.5,288.1,-40.8,0.3,-1.0,RS41-SG,403.500,8.2,250,9,2.6,,
2026-08-18T12:41:11.990Z,W4214845,8492,46.46543,7.55992,32550.3,5.1,12.9,282.0,-40.7,0.3,-1.0,RS41-SG,403.500,8.2,250,9,2.7,,
2026-08-18T12:41:16.990Z,W4214845,8497,46.46553,7.55919,32580.4,5.2,7.4,294.8,-40.5,0.3,-1.0,RS41-SG,403.500,7.0,250,9,2.7,,
2026-08-18T12:41:17.990Z,W4214845,8498,46.46556,7.55912,32585.3,4.6,6.5,307.9,-40.4,0.3,-1.0,RS41-SG,403.500,7.4,250,9,2.7,,
2026-08-18T12:41:18.990Z,W4214845,8499,46.46560,7.55905,32590.6,5.9,6.6,317.5,-40.4,0.3,-1.0,RS41-SG,403.500,8.2,250,9,2.7,,
2026-08-18T12:41:19.990Z,W4214845,8500,46.46564,7.55899,32597.2,7.3,7.7,317.1,-40.3,0.3,-1.0,RS41-SG,403.500,8.2,250,9,2.6,,
2026-08-18T12:41:20.990Z,W4214845,8501,46.46570,7.55892,32603.8,5.9,8.8,313.6,-40.4,0.3,-1.0,RS41-SG,403.500,7.4,250,9,2.6,,
2026-08-18T12:41:23.990Z,W4214845,8504,46.46587,7.55863,32622.8,7.2,9.8,311.1,-40.3,0.3,-1.0,RS41-SG,403.500,7.0,250,9,2.7,,
2026-08-18T12:41:26.990Z,W4214845,8507,46.46601,7.55837,32640.9,6.0,7.4,300.4,-40.0,0.3,-1.0,RS41-SG,403.500,7.1,250,9,2.7,,
2026-08-18T12:41:28.990Z,W4214845,8509,46.46605,7.55820,32653.2,5.9,7.0,276.3,-39.9,0.3,-1.0,RS41-SG,403.500,7.1,250,9,2.6,,
2026-08-18T12:41:33.990Z,W4214845,8514,46.46603,7.55797,32683.8,6.1,1.1,79.0,-39.5,0.3,-1.0,RS41-SG,403.500,7.3,250,9,2.7,,
2026-08-18T12:41:34.990Z,W4214845,8515,46.46604,7.55798,32689.4,5.0,2.2,52.5,-39.5,0.3,-1.0,RS41-SG,403.500,7.8,250,9,2.6,,
2026-08-18T12:41:35.990Z,W4214845,8516,46.46606,7.55800,32695.0,5.9,3.2,20.7,-39.5,0.3,-1.0,RS41-SG,403.500,7.8,250,9,2.6,,
2026-08-18T12:41:36.990Z,W4214845,8517,46.46609,7.55800,32701.5,7.0,4.6,347.4,-39.4,0.3,-1.0,RS41-SG,403.500,8.2,250,9,2.6,,
2026-08-18T12:41:37.990Z,W4214845,8518,46.46613,7.55797,32708.3,6.7,6.5,327.8,-39.3,0.3,-1.0,RS41-SG,403.500,8.2,250,9,2.7,,
2026-08-18T12:41:38.990Z,W4214845,8519,46.46618,7.55792,32714.0,4.6,8.0,318.2,-39.2,0.3,-1.0,RS41-SG,403.500,8.1,250,9,2.7,,
2026-08-18T12:41:39.990Z,W4214845,8520,46.46624,7.55784,32719.0,5.3,8.8,310.4,-39.0,0.3,-1.0,RS41-SG,403.500,8.1,250,9,2.7,,
2026-08-18T12:41:40.990Z,W4214845,8521,46.46628,7.55775,32725.3,7.4,8.1,306.5,-38.8,0.3,-1.0,RS41-SG,403.500,8.4,250,9,2.6,,
2026-08-18T12:41:41.990Z,W4214845,8522,46.46632,7.55768,32732.9,7.7,6.1,304.1,-38.8,0.3,-1.0,RS41-SG,403.500,8.4,250,9,2.6,,
2026-08-18T12:41:42.990Z,W4214845,8523,46.46634,7.55763,32739.7,5.6,3.8,300.4,-38.7,0.3,-1.0,RS41-SG,403.500,7.8,250,9,2.6,,
2026-08-18T12:41:43.990Z,W4214845,8524,46.46636,7.55759,32744.8,4.6,1.8,282.2,-38.6,0.3,-1.0,RS41-SG,403.500,7.3,250,9,2.7,,
2026-08-18T12:41:44.990Z,W4214845,8525,46.46635,7.55758,32749.7,5.2,1.4,212.4,-38.6,0.3,-1.0,RS41-SG,403.500,7.2,250,9,2.7,,
2026-08-18T12:41:45.990Z,W4214845,8526,46.46634,7.55757,32755.3,6.0,2.3,197.9,-38.5,0.3,-1.0,RS41-SG,403.500,7.6,250,9,2.6,,
2026-08-18T12:41:47.990Z,W4214845,8528,46.46629,7.55753,32768.1,5.9,3.0,222.9,-38.3,0.3,-1.0,RS41-SG,403.500,7.3,250,9,2.7,,
2026-08-18T12:41:51.990Z,W4214845,8532,46.46629,7.55739,32793.4,6.0,3.5,308.0,-38.0,0.2,-1.0,RS41-SG,403.500,7.2,250,9,2.6,,
2026-08-18T12:41:53.990Z,W4214845,8534,46.46635,7.55731,32805.0,6.3,6.1,321.9,-37.9,0.3,-1.0,RS41-SG,403.500,7.6,250,9,2.7,,
2026-08-18T12:41:54.990Z,W4214845,8535,46.46639,7.55725,32811.5,6.8,7.7,317.8,-38.0,0.3,-1.0,RS41-SG,403.500,7.7,250,9,2.7,,
2026-08-18T12:41:55.990Z,W4214845,8536,46.46645,7.55718,32817.9,6.0,8.8,312.7,-38.0,0.3,-1.0,RS41-SG,403.500,7.7,250,9,2.6,,
2026-08-18T12:41:59.990Z,W4214845,8540,46.46657,7.55688,32843.2,6.3,3.2,265.0,-37.6,0.2,-1.0,RS41-SG,403.500,6.8,250,9,2.7,,
2026-08-18T12:42:00.990Z,W4214845,8541,46.46656,7.55684,32848.6,4.6,2.4,228.2,-37.4,0.3,-1.0,RS41-SG,403.500,7.5,250,9,2.6,,
2026-08-18T12:42:01.990Z,W4214845,8542,46.46654,7.55683,32853.4,4.9,2.2,206.8,-37.3,0.3,-1.0,RS41-SG,403.500,7.6,250,9,2.6,,
2026-08-18T12:42:02.990Z,W4214845,8543,46.46653,7.55681,32859.1,6.4,1.9,223.9,-37.3,0.2,-1.0,RS41-SG,403.500,7.6,250,9,2.7,,
2026-08-18T12:42:03.990Z,W4214845,8544,46.46652,7.55678,32865.9,7.3,2.8,277.3,-37.2,0.2,-1.0,RS41-SG,403.500,7.1,250,9,2.7,,
2026-08-18T12:42:05.990Z,W4214845,8546,46.46656,7.55666,32878.8,4.6,7.2,298.7,-37.1,0.2,-1.0,RS41-SG,403.500,7.6,250,9,2.6,,
2026-08-18T12:42:06.990Z,W4214845,8547,46.46660,7.55657,32883.6,4.7,8.7,299.5,-37.0,0.2,-1.0,RS41-SG,403.500,7.6,250,9,2.7,,
2026-08-18T12:42:07.990Z,W4214845,8548,46.46663,7.55647,32889.1,6.3,9.1,297.9,-37.1,0.2,-1.0,RS41-SG,403.500,7.0,250,9,2.7,,
2026-08-18T12:42:09.990Z,W4214845,8550,46.46669,7.55629,32902.7,6.1,6.4,285.8,-37.1,0.2,-1.0,RS41-SG,403.500,7.0,250,9,2.6,,
2026-08-18T12:42:10.990Z,W4214845,8551,46.46670,7.55621,32908.2,4.9,5.1,275.3,-37.1,0.3,-1.0,RS41-SG,403.500,7.7,250,9,2.6,,
2026-08-18T12:42:11.990Z,W4214845,8552,46.46670,7.55615,32913.5,5.5,4.3,263.5,-37.0,0.2,-1.0,RS41-SG,403.500,7.7,250,9,2.7,,
2026-08-18T12:42:12.990Z,W4214845,8553,46.46669,7.55610,32919.5,6.6,4.1,260.6,-37.0,0.2,-1.0,RS41-SG,403.500,7.9,250,9,2.7,,
2026-08-18T12:42:13.990Z,W4214845,8554,46.46669,7.55605,32926.3,7.1,4.3,267.0,-37.0,0.2,-1.0,RS41-SG,403.500,8.1,250,9,2.7,,
2026-08-18T12:42:14.990Z,W4214845,8555,46.46669,7.55599,32932.9,6.0,4.5,274.9,-36.9,0.2,-1.0,RS41-SG,403.500,8.1,250,9,2.6,,
2026-08-18T12:42:18.990Z,W4214845,8559,46.46672,7.55579,32957.0,7.0,2.7,287.8,-36.7,0.2,-1.0,RS41-SG,403.500,7.3,250,9,2.7,,
2026-08-18T12:42:19.990Z,W4214845,8560,46.46673,7.55576,32963.5,6.0,2.4,286.2,-36.7,0.2,-1.0,RS41-SG,403.500,7.4,250,9,2.6,,
2026-08-18T12:42:20.990Z,W4214845,8561,46.46674,7.55572,32969.4,5.8,2.7,284.2,-36.7,0.2,-1.0,RS41-SG,403.500,8.2,250,9,2.6,,
2026-08-18T12:42:21.990Z,W4214845,8562,46.46674,7.55568,32975.5,6.6,4.1,283.6,-36.8,0.2,-1.0,RS41-SG,403.500,8.2,250,9,2.7,,
2026-08-18T12:42:22.990Z,W4214845,8563,46.46676,7.55562,32982.2,6.8,6.4,286.1,-36.9,0.3,-1.0,RS41-SG,403.500,7.8,250,9,2.7,,
2026-08-18T12:42:27.990Z,W4214845,8568,46.46690,7.55509,33012.6,7.4,6.4,299.5,-37.0,0.2,-1.0,RS41-SG,403.500,6.5,250,9,2.7,,
2026-08-18T12:42:28.990Z,W4214845,8569,46.46692,7.55503,33019.2,5.9,4.0,307.4,-37.1,0.3,-1.0,RS41-SG,403.500,7.0,250,9,2.7,,
2026-08-18T12:42:30.990Z,W4214845,8571,46.46696,7.55499,33029.7,5.5,1.5,338.5,-37.1,0.2,-1.0,RS41-SG,403.500,7.7,250,9,2.6,,
2026-08-18T12:42:31.990Z,W4214845,8572,46.46697,7.55497,33036.2,7.3,2.0,317.3,-37.0,0.2,-1.0,RS41-SG,403.500,7.7,250,9,2.6,,
2026-08-18T12:42:32.990Z,W4214845,8573,46.46698,7.55494,33043.7,7.7,3.7,300.0,-37.1,0.2,-1.0,RS41-SG,403.500,7.7,250,9,2.7,,
2026-08-18T12:42:34.990Z,W4214845,8575,46.46702,7.55482,33055.5,4.7,7.1,290.7,-37.3,0.3,-1.0,RS41-SG,403.500,7.6,250,8,2.7,,
2026-08-18T12:42:35.990Z,W4214845,8576,46.46704,7.55472,33060.6,5.4,8.1,287.0,-37.2,0.2,-1.0,RS41-SG,403.500,7.6,250,9,2.6,,
2026-08-18T12:42:37.990Z,W4214845,8578,46.46708,7.55452,33073.5,6.6,7.6,279.5,-37.2,0.2,-1.0,RS41-SG,403.500,7.0,250,9,2.6,,
2026-08-18T12:42:38.990Z,W4214845,8579,46.46709,7.55443,33079.8,5.9,7.1,278.1,-37.3,0.2,-1.0,RS41-SG,403.500,7.1,250,9,2.7,,
2026-08-18T12:42:39.990Z,W4214845,8580,46.46710,7.55434,33085.7,6.1,6.8,279.4,-37.3,0.2,-1.0,RS41-SG,403.500,7.4,250,9,2.7,,
2026-08-18T12:42:40.990Z,W4214845,8581,46.46711,7.55425,33092.4,7.2,7.1,284.7,-37.3,0.3,-1.0,RS41-SG,403.500,7.4,250,9,2.6,,
2026-08-18T12:42:42.990Z,W4214845,8583,46.46716,7.55406,33106.1,5.7,8.1,294.5,-37.3,0.3,-1.0,RS41-SG,403.500,7.2,250,9,2.7,,
2026-08-18T12:42:51.990Z,W4214845,8592,46.46755,7.55357,33160.7,6.5,10.7,312.8,-37.4,0.2,-1.0,RS41-SG,403.500,6.8,250,9,2.6,,
2026-08-18T12:43:01.990Z,W4214845,8602,46.46794,7.55285,33218.9,6.6,8.3,11.4,-37.4,0.3,-1.0,RS41-SG,403.500,7.8,250,9,2.6,,
2026-08-18T12:43:02.990Z,W4214845,8603,46.46802,7.55285,33225.8,7.3,10.4,354.1,-37.3,0.2,-1.0,RS41-SG,403.500,7.8,250,9,2.6,,
2026-08-18T12:43:03.990Z,W4214845,8604,46.46812,7.55282,33232.6,6.1,12.0,340.1,-37.4,0.3,-1.0,RS41-SG,403.500,7.7,250,9,2.7,,
2026-08-18T12:43:07.990Z,W4214845,8608,46.46843,7.55241,33256.0,6.9,9.7,296.4,-37.2,0.3,-1.0,RS41-SG,403.500,6.4,250,9,2.6,,
2026-08-18T12:43:10.990Z,W4214845,8611,46.46848,7.55215,33272.1,5.4,4.5,276.7,-37.2,0.2,-1.0,RS41-SG,403.500,7.1,250,9,2.7,,
2026-08-18T12:43:11.990Z,W4214845,8612,46.46849,7.55210,33278.4,7.0,3.8,288.4,-37.2,0.3,-1.0,RS41-SG,403.500,7.1,250,9,2.6,,
2026-08-18T12:43:14.990Z,W4214845,8615,46.46857,7.55199,33297.9,5.6,5.3,338.1,-37.1,0.2,-1.0,RS41-SG,403.500,6.8,250,9,2.7,,
2026-08-18T12:43:15.990Z,W4214845,8616,46.46862,7.55197,33304.2,6.7,6.1,348.3,-37.1,0.2,-1.0,RS41-SG,403.500,7.0,250,9,2.7,,
2026-08-18T12:43:18.990Z,W4214845,8619,46.46879,7.55194,33323.5,5.6,6.2,349.0,-37.1,0.2,-1.0,RS41-SG,403.500,6.7,250,9,2.6,,
2026-08-18T12:43:19.990Z,W4214845,8620,46.46884,7.55191,33329.7,6.7,6.3,328.7,-37.1,0.3,-1.0,RS41-SG,403.500,7.4,250,9,2.6,,
2026-08-18T12:43:20.990Z,W4214845,8621,46.46889,7.55186,33336.4,6.6,7.3,308.0,-37.2,0.2,-1.0,RS41-SG,403.500,7.9,250,9,2.7,,
2026-08-18T12:43:21.990Z,W4214845,8622,46.46892,7.55177,33342.7,6.1,8.7,293.1,-37.1,0.2,-1.0,RS41-SG,403.500,7.9,250,9,2.7,,
2026-08-18T12:43:23.990Z,W4214845,8624,46.46896,7.55153,33354.3,6.0,9.3,271.4,-37.1,0.2,-1.0,RS41-SG,403.500,7.2,250,9,2.6,,
2026-08-18T12:43:27.990Z,W4214845,8628,46.46889,7.55126,33380.3,5.1,1.8,207.4,-36.9,0.2,-1.0,RS41-SG,403.500,7.5,250,9,2.6,,
2026-08-18T12:43:28.990Z,W4214845,8629,46.46889,7.55126,33385.7,5.7,0.5,51.4,-37.0,0.2,-1.0,RS41-SG,403.500,7.5,250,9,2.6,,
2026-08-18T12:43:29.990Z,W4214845,8630,46.46890,7.55126,33392.0,7.0,2.9,359.5,-36.9,0.2,-1.0,RS41-SG,403.500,7.1,250,9,2.7,,
2026-08-18T12:43:30.990Z,W4214845,8631,46.46894,7.55125,33399.0,6.8,5.2,342.4,-36.8,0.2,-1.0,RS41-SG,403.500,7.1,250,9,2.7,,
2026-08-18T12:43:31.990Z,W4214845,8632,46.46899,7.55122,33404.9,4.9,7.1,334.0,-36.7,0.2,-1.0,RS41-SG,403.500,7.0,250,9,2.7,,
2026-08-18T12:43:35.990Z,W4214845,8636,46.46920,7.55096,33430.1,7.2,6.0,301.3,-36.4,0.2,-1.0,RS41-SG,403.500,6.8,250,9,2.7,,
2026-08-18T12:43:36.990Z,W4214845,8637,46.46922,7.55090,33436.4,5.4,4.9,287.1,-36.4,0.2,-1.0,RS41-SG,403.500,6.9,250,9,2.7,,
2026-08-18T12:43:37.990Z,W4214845,8638,46.46923,7.55084,33441.4,4.7,4.4,269.0,-36.4,0.2,-1.0,RS41-SG,403.500,6.9,250,9,2.7,,
2026-08-18T12:43:38.990Z,W4214845,8639,46.46922,7.55078,33446.7,5.7,4.7,254.7,-36.3,0.2,-1.0,RS41-SG,403.500,7.0,250,9,2.6,,
2026-08-18T12:43:39.990Z,W4214845,8640,46.46921,7.55072,33453.1,6.9,5.2,255.2,-36.3,0.2,-1.0,RS41-SG,403.500,7.6,250,9,2.6,,
2026-08-18T12:43:43.990Z,W4214845,8644,46.46920,7.55047,33479.2,6.5,3.4,294.5,-36.1,0.2,-1.0,RS41-SG,403.500,6.7,250,9,2.6,,
2026-08-18T12:43:46.990Z,W4214845,8647,46.46927,7.55044,33497.7,5.3,3.5,13.8,-36.0,0.2,-1.0,RS41-SG,403.500,6.9,250,9,2.7,,
2026-08-18T12:43:47.990Z,W4214845,8648,46.46930,7.55044,33503.1,5.5,4.7,6.3,-36.0,0.2,-1.0,RS41-SG,403.500,6.8,250,9,2.6,,
2026-08-18T12:43:48.990Z,W4214845,8649,46.46935,7.55044,33509.1,6.3,6.1,354.3,-36.1,0.2,-1.0,RS41-SG,403.500,7.5,250,9,2.6,,
2026-08-18T12:43:49.990Z,W4214845,8650,46.46941,7.55042,33515.7,7.0,7.8,341.4,-36.0,0.2,-1.0,RS41-SG,403.500,7.5,250,9,2.6,,
2026-08-18T12:43:51.990Z,W4214845,8652,46.46955,7.55031,33528.1,5.4,9.4,321.4,-35.8,0.2,-1.0,RS41-SG,403.500,7.7,250,9,2.7,,
2026-08-18T12:43:52.990Z,W4214845,8653,46.46961,7.55023,33534.1,6.6,8.5,310.2,-35.8,0.2,-1.0,RS41-SG,403.500,7.7,250,9,2.7,,
2026-08-18T12:43:58.990Z,W4214845,8659,46.46958,7.55001,33571.6,7.2,1.2,178.0,-35.3,0.2,-1.0,RS41-SG,403.500,6.8,250,9,2.7,,
2026-08-18T12:43:59.990Z,W4214845,8660,46.46958,7.55000,33579.1,7.7,1.7,339.6,-35.2,0.2,-1.0,RS41-SG,403.500,7.1,250,9,2.6,,
2026-08-18T12:44:00.990Z,W4214845,8661,46.46961,7.54999,33586.1,6.3,4.3,340.3,-35.1,0.2,-1.0,RS41-SG,403.500,7.1,250,9,2.6,,
2026-08-18T12:44:01.990Z,W4214845,8662,46.46965,7.54997,33591.6,4.7,6.4,340.3,-35.2,0.2,-1.0,RS41-SG,403.500,7.0,250,9,2.6,,
2026-08-18T12:44:10.990Z,W4214845,8671,46.46994,7.54980,33648.0,6.3,3.5,267.0,-35.1,0.2,-1.0,RS41-SG,403.500,7.4,250,9,2.7,,
2026-08-18T12:44:14.990Z,W4214845,8675,46.46998,7.54967,33673.9,6.9,1.7,3.4,-35.1,0.2,-1.0,RS41-SG,403.500,7.5,250,9,2.6,,
2026-08-18T12:44:15.990Z,W4214845,8676,46.46999,7.54968,33680.4,6.1,2.2,41.2,-35.2,0.2,-1.0,RS41-SG,403.500,7.9,250,9,2.7,,
2026-08-18T12:44:16.990Z,W4214845,8677,46.47001,7.54970,33686.5,6.0,2.8,45.1,-35.3,0.2,-1.0,RS41-SG,403.500,7.9,250,9,2.7,,
2026-08-18T12:44:17.990Z,W4214845,8678,46.47003,7.54972,33692.6,6.2,2.5,31.8,-35.3,0.2,-1.0,RS41-SG,403.500,7.0,250,9,2.7,,
2026-08-18T12:44:18.990Z,W4214845,8679,46.47005,7.54973,33699.0,6.4,2.7,352.2,-35.2,0.2,-1.0,RS41-SG,403.500,7.4,250,9,2.6,,
2026-08-18T12:44:19.990Z,W4214845,8680,46.47007,7.54971,33705.8,6.9,4.0,319.4,-35.4,0.2,-1.0,RS41-SG,403.500,7.4,250,9,2.6,,
2026-08-18T12:44:20.990Z,W4214845,8681,46.47010,7.54966,33712.4,6.4,5.6,303.6,-35.4,0.2,-1.0,RS41-SG,403.500,7.3,250,9,2.6,,
2026-08-18T12:44:26.990Z,W4214845,8687,46.47005,7.54934,33749.7,5.5,4.5,168.0,-35.6,0.2,-1.0,RS41-SG,403.500,6.7,250,9,2.6,,
2026-08-18T12:44:27.990Z,W4214845,8688,46.47002,7.54936,33755.7,6.4,4.0,140.8,-35.5,0.2,-1.0,RS41-SG,403.500,7.7,250,9,2.7,,
2026-08-18T12:44:29.990Z,W4214845,8690,46.47000,7.54944,33770.1,6.8,3.0,56.1,-35.7,0.2,-1.0,RS41-SG,403.500,7.2,250,9,2.6,,
2026-08-18T12:44:30.990Z,W4214845,8691,46.47002,7.54946,33776.1,5.2,3.9,25.0,-35.7,0.2,-1.0,RS41-SG,403.500,7.2,250,9,2.6,,
2026-08-18T12:44:31.990Z,W4214845,8692,46.47006,7.54948,33781.5,5.6,4.7,7.4,-35.6,0.2,-1.0,RS41-SG,403.500,7.2,250,9,2.7,,
2026-08-18T12:44:35.990Z,W4214845,8696,46.47015,7.54942,33809.5,5.7,2.5,240.4,-35.7,0.2,-1.0,RS41-SG,403.500,7.4,250,9,2.7,,
2026-08-18T12:44:37.990Z,W4214845,8698,46.47010,7.54935,33821.1,6.4,5.2,218.6,-35.8,0.2,-1.0,RS41-SG,403.500,7.3,250,9,2.6,,
2026-08-18T12:44:44.990Z,W4214845,8705,46.46992,7.54932,33867.2,5.5,5.4,104.9,-35.8,0.2,-1.0,RS41-SG,403.500,7.5,250,9,2.6,,
2026-08-18T12:44:46.990Z,W4214845,8707,46.46991,7.54943,33879.6,7.0,2.9,82.0,-36.0,0.2,-1.0,RS41-SG,403.500,7.0,250,9,2.7,,
2026-08-18T12:44:50.990Z,W4214845,8711,46.46996,7.54931,33904.9,5.1,6.6,278.0,-35.9,0.2,-1.0,RS41-SG,403.500,6.8,250,9,2.6,,
2026-08-18T12:44:56.990Z,W4214845,8717,46.46977,7.54908,33945.1,8.0,3.7,154.6,-35.7,0.2,-1.0,RS41-SG,403.500,6.7,250,9,2.7,,
2026-08-18T12:44:58.990Z,W4214845,8719,46.46975,7.54911,33959.8,5.6,0.9,50.3,-35.6,0.2,-1.0,RS41-SG,403.500,7.8,250,9,2.6,,
2026-08-18T12:45:03.990Z,W4214845,8724,46.46989,7.54908,33991.7,6.7,3.3,324.0,-35.4,0.2,-1.0,RS41-SG,403.500,6.9,250,9,2.6,,
2026-08-18T12:45:06.990Z,W4214845,8727,46.46991,7.54892,34011.3,6.7,6.4,260.0,-35.3,0.2,-1.0,RS41-SG,403.500,6.0,250,9,2.7,,
2026-08-18T12:45:14.990Z,W4214845,8735,46.46985,7.54858,34064.1,7.5,4.1,25.3,-35.2,0.2,-1.0,RS41-SG,403.500,6.9,250,9,2.6,,
2026-08-18T12:45:15.990Z,W4214845,8736,46.46989,7.54859,34071.8,7.9,5.3,358.7,-35.2,0.2,-1.0,RS41-SG,403.500,7.3,250,9,2.6,,
2026-08-18T12:45:16.990Z,W4214845,8737,46.46994,7.54857,34078.9,6.1,6.4,338.6,-35.0,0.2,-1.0,RS41-SG,403.500,7.5,250,9,2.6,,
2026-08-18T12:45:32.990Z,W4214845,8753,46.47046,7.54758,34182.6,7.0,5.9,344.1,-34.7,0.2,-1.0,RS41-SG,403.500,7.0,250,9,2.6,,
2026-08-18T12:45:34.990Z,W4214845,8755,46.47054,7.54747,34197.1,6.9,7.5,298.1,-34.6,0.2,-1.0,RS41-SG,403.500,6.8,250,9,2.7,,
2026-08-18T12:45:44.990Z,W4214845,8765,46.47099,7.54674,34261.1,6.8,10.3,341.3,-34.8,0.2,-1.0,RS41-SG,403.500,6.8,250,9,2.6,,
2026-08-18T12:45:45.990Z,W4214845,8766,46.47107,7.54669,34267.5,5.9,10.5,334.4,-34.8,0.2,-1.0,RS41-SG,403.500,6.8,250,9,2.6,,
2026-08-18T12:46:30.990Z,W4214845,8811,46.47220,7.54490,34553.3,5.6,0.7,355.4,-33.9,0.2,-1.0,RS41-SG,403.500,7.1,250,9,2.6,,
2026-08-18T12:46:40.990Z,W4214845,8821,46.47193,7.54454,34615.6,6.2,3.1,265.4,-33.2,0.2,-1.0,RS41-SG,403.500,7.1,250,9,2.7,,
2026-08-18T12:46:50.990Z,W4214845,8831,46.47187,7.54411,34677.1,7.3,7.1,205.7,-32.8,0.2,-1.0,RS41-SG,403.500,7.5,250,9,2.6,,
2026-08-18T12:46:51.990Z,W4214845,8832,46.47181,7.54405,34684.2,7.0,7.4,223.5,-32.9,0.2,-1.0,RS41-SG,403.500,7.5,250,9,2.6,,
2026-08-18T12:46:52.990Z,W4214845,8833,46.47177,7.54398,34690.4,5.4,7.6,239.6,-32.8,0.2,-1.0,RS41-SG,403.500,6.4,250,9,2.7,,
2026-08-18T12:46:57.990Z,W4214845,8838,46.47174,7.54357,34719.3,5.4,4.0,275.7,-32.5,0.2,-1.0,RS41-SG,403.500,6.6,250,9,2.6,,
2026-08-18T12:46:58.990Z,W4214845,8839,46.47175,7.54352,34724.7,5.3,3.5,267.5,-32.5,0.2,-1.0,RS41-SG,403.500,7.3,250,9,2.7,,
2026-08-18T12:46:59.990Z,W4214845,8840,46.47174,7.54348,34730.3,5.8,3.9,256.0,-32.4,0.2,-1.0,RS41-SG,403.500,7.3,250,9,2.7,,
2026-08-18T12:47:00.990Z,W4214845,8841,46.47173,7.54342,34736.6,6.7,5.4,252.9,-32.4,0.2,-1.0,RS41-SG,403.500,7.1,250,9,2.7,,
2026-08-18T12:47:07.990Z,W4214845,8848,46.47154,7.54273,34779.1,5.3,6.2,238.3,-32.2,0.2,-1.0,RS41-SG,403.500,6.7,250,9,2.6,,
2026-08-18T12:47:08.990Z,W4214845,8849,46.47152,7.54266,34784.4,5.4,5.0,247.6,-32.2,0.2,-1.0,RS41-SG,403.500,6.9,250,9,2.7,,
2026-08-18T12:47:10.990Z,W4214845,8851,46.47152,7.54253,34796.7,6.5,6.3,286.5,-32.3,0.2,-1.0,RS41-SG,403.500,6.9,250,9,2.6,,
2026-08-18T12:47:18.990Z,W4214845,8859,46.47154,7.54175,34843.6,4.8,7.5,223.5,-32.1,0.1,-1.0,RS41-SG,403.500,6.4,250,9,2.6,,
2026-08-18T12:47:20.990Z,W4214845,8861,46.47144,7.54159,34855.1,6.6,8.9,233.7,-32.1,0.2,-1.0,RS41-SG,403.500,6.8,250,9,2.6,,
2026-08-18T12:47:24.990Z,W4214845,8865,46.47135,7.54111,34878.1,5.2,9.6,267.5,-31.8,0.1,-1.0,RS41-SG,403.500,7.1,250,9,2.6,,
2026-08-18T12:47:25.990Z,W4214845,8866,46.47134,7.54100,34883.7,6.0,8.1,269.6,-31.9,0.2,-1.0,RS41-SG,403.500,7.1,250,9,2.6,,
2026-08-18T12:47:27.990Z,W4214845,8868,46.47133,7.54085,34896.5,6.0,4.0,252.5,-31.8,0.1,-1.0,RS41-SG,403.500,6.6,250,9,2.7,,
2026-08-18T12:47:31.990Z,W4214845,8872,46.47124,7.54068,34919.9,7.0,6.6,238.5,-31.7,0.2,-1.0,RS41-SG,403.500,7.6,250,9,2.6,,
2026-08-18T12:47:32.990Z,W4214845,8873,46.47121,7.54059,34926.0,5.3,8.4,246.8,-31.7,0.2,-1.0,RS41-SG,403.500,6.9,250,9,2.6,,
2026-08-18T12:47:34.990Z,W4214845,8875,46.47116,7.54035,34936.0,5.4,10.8,254.7,-31.6,0.1,-1.0,RS41-SG,403.500,6.7,250,9,2.7,,
2026-08-18T12:47:40.990Z,W4214845,8881,46.47105,7.53970,34971.8,6.3,7.0,276.2,-31.5,0.1,-1.0,RS41-SG,403.500,6.8,250,9,2.7,,
2026-08-18T12:47:41.990Z,W4214845,8882,46.47107,7.53960,34977.9,6.0,7.6,284.9,-31.5,0.1,-1.0,RS41-SG,403.500,7.1,250,9,2.7,,
2026-08-18T12:47:44.990Z,W4214845,8885,46.47115,7.53932,34994.4,5.9,7.5,295.8,-31.4,0.1,-1.0,RS41-SG,403.500,6.9,250,9,2.6,,
2026-08-18T12:47:45.990Z,W4214845,8886,46.47117,7.53924,35000.7,6.7,6.2,292.0,-31.3,0.1,-1.0,RS41-SG,403.500,6.9,250,9,2.7,,
2026-08-18T12:47:47.990Z,W4214845,8888,46.47119,7.53910,35013.0,5.6,5.1,266.5,-31.4,0.1,-1.0,RS41-SG,403.500,7.4,250,9,2.6,,
2026-08-18T12:47:48.990Z,W4214845,8889,46.47118,7.53903,35018.8,6.1,6.1,256.3,-31.4,0.1,-1.0,RS41-SG,403.500,7.4,250,9,2.6,,
2026-08-18T12:47:49.990Z,W4214845,8890,46.47117,7.53894,35025.1,6.5,8.2,255.1,-31.3,0.1,-1.0,RS41-SG,403.500,7.1,250,9,2.7,,
2026-08-18T12:47:50.990Z,W4214845,8891,46.47115,7.53882,35031.6,6.3,10.4,258.2,-31.3,0.1,-1.0,RS41-SG,403.500,7.5,250,9,2.7,,
2026-08-18T12:47:51.990Z,W4214845,8892,46.47113,7.53868,35037.5,5.4,12.0,262.0,-31.4,0.2,-1.0,RS41-SG,403.500,8.0,250,9,2.6,,
2026-08-18T12:47:52.990Z,W4214845,8893,46.47112,7.53852,35042.6,4.8,12.9,264.9,-31.5,0.2,-1.0,RS41-SG,403.500,8.0,250,9,2.6,,
2026-08-18T12:47:56.990Z,W4214845,8897,46.47111,7.53798,35066.9,4.9,6.8,270.8,-31.4,0.1,-1.0,RS41-SG,403.500,6.8,250,9,2.6,,
2026-08-18T12:47:57.990Z,W4214845,8898,46.47111,7.53790,35071.7,4.5,5.2,271.0,-31.3,0.1,-1.0,RS41-SG,403.500,6.8,250,9,2.7,,
2026-08-18T12:47:58.990Z,W4214845,8899,46.47111,7.53784,35076.6,5.4,4.6,273.7,-31.4,0.1,-1.0,RS41-SG,403.500,6.8,250,9,2.7,,
2026-08-18T12:47:59.990Z,W4214845,8900,46.47112,7.53778,35082.5,6.5,5.2,275.4,-31.4,0.1,-1.0,RS41-SG,403.500,6.6,250,9,2.6,,
2026-08-18T12:48:00.990Z,W4214845,8901,46.47112,7.53770,35089.3,6.9,6.8,274.4,-31.3,0.2,-1.0,RS41-SG,403.500,7.3,250,8,2.6,,
2026-08-18T12:48:02.990Z,W4214845,8903,46.47112,7.53748,35101.2,5.4,9.9,266.6,-31.2,0.2,-1.0,RS41-SG,403.500,6.9,250,9,2.7,,
2026-08-18T12:48:03.990Z,W4214845,8904,46.47111,7.53735,35106.6,5.6,11.0,259.8,-31.2,0.1,-1.0,RS41-SG,403.500,7.2,250,9,2.6,,
2026-08-18T12:48:06.990Z,W4214845,8907,46.47100,7.53695,35125.5,6.1,10.7,237.1,-31.1,0.1,-1.0,RS41-SG,403.500,7.1,250,9,2.7,,
2026-08-18T12:48:07.990Z,W4214845,8908,46.47095,7.53684,35131.3,5.5,9.8,235.6,-31.1,0.1,-1.0,RS41-SG,403.500,7.4,250,9,2.6,,
2026-08-18T12:48:10.990Z,W4214845,8911,46.47087,7.53654,35149.2,6.2,7.9,273.8,-31.1,0.2,-1.0,RS41-SG,403.500,7.0,250,9,2.7,,
2026-08-18T12:48:11.990Z,W4214845,8912,46.47088,7.53644,35154.9,5.0,9.0,285.1,-31.1,0.1,-1.0,RS41-SG,403.500,7.2,250,9,2.7,,
2026-08-18T12:48:12.990Z,W4214845,8913,46.47091,7.53632,35160.1,5.4,9.9,288.9,-31.1,0.1,-1.0,RS41-SG,403.500,7.8,250,9,2.7,,
2026-08-18T12:48:13.990Z,W4214845,8914,46.47093,7.53620,35166.1,6.8,9.9,284.1,-31.2,0.1,-1.0,RS41-SG,403.500,7.8,250,9,2.6,,
2026-08-18T12:48:14.990Z,W4214845,8915,46.47094,7.53607,35173.3,7.6,9.4,271.0,-31.1,0.1,-1.0,RS41-SG,403.500,7.4,250,9,2.6,,
2026-08-18T12:48:15.990Z,W4214845,8916,46.47093,7.53595,35180.8,7.2,9.3,252.9,-31.0,0.2,-1.0,RS41-SG,403.500,7.4,250,9,2.6,,
2026-08-18T12:48:17.990Z,W4214845,8918,46.47084,7.53573,35192.1,4.2,11.5,227.5,-30.9,0.1,-1.0,RS41-SG,403.500,7.3,250,9,2.7,,
2026-08-18T12:48:18.990Z,W4214845,8919,46.47076,7.53562,35196.4,4.4,12.9,223.6,-30.9,0.1,-1.0,RS41-SG,403.500,7.3,250,9,2.7,,
2026-08-18T12:48:27.990Z,W4214845,8928,46.47029,7.53426,35250.9,6.3,9.9,242.4,-30.8,0.2,-1.0,RS41-SG,403.500,6.9,250,9,2.6,,
2026-08-18T12:48:28.990Z,W4214845,8929,46.47025,7.53415,35256.9,5.6,9.1,237.4,-30.8,0.1,-1.0,RS41-SG,403.500,6.8,250,9,2.7,,
2026-08-18T12:48:30.990Z,W4214845,8931,46.47017,7.53397,35268.7,6.5,8.0,246.3,-30.7,0.1,-1.0,RS41-SG,403.500,7.1,250,9,2.7,,
2026-08-18T12:48:31.990Z,W4214845,8932,46.47015,7.53386,35275.6,7.0,8.5,260.2,-30.6,0.1,-1.0,RS41-SG,403.500,7.2,250,9,2.6,,
2026-08-18T12:48:55.990Z,W4214845,8956,46.47020,7.53060,34941.4,-31.5,6.6,251.2,-31.5,0.2,-1.0,RS41-SG,403.500,6.5,250,9,2.6,,
2026-08-18T12:48:57.990Z,W4214845,8958,46.47013,7.53044,34870.0,-40.3,7.7,231.6,-31.5,0.1,-1.0,RS41-SG,403.500,7.1,250,9,2.6,,
2026-08-18T12:48:58.990Z,W4214845,8959,46.47009,7.53036,34827.9,-43.8,8.2,227.2,-31.5,0.2,-1.0,RS41-SG,403.500,7.1,250,9,2.7,,
2026-08-18T12:48:59.990Z,W4214845,8960,46.47003,7.53029,34783.9,-44.0,8.4,218.7,-31.6,0.1,-1.0,RS41-SG,403.500,7.0,250,9,2.7,,
2026-08-18T12:49:00.990Z,W4214845,8961,46.46997,7.53021,34739.8,-44.3,9.3,227.0,-31.7,0.1,-1.0,RS41-SG,403.500,7.0,250,9,2.7,,
2026-08-18T12:49:01.990Z,W4214845,8962,46.46992,7.53013,34696.0,-43.2,8.5,229.2,-31.8,0.1,-1.0,RS41-SG,403.500,7.7,250,9,2.6,,
2026-08-18T12:49:02.990Z,W4214845,8963,46.46988,7.53004,34653.0,-43.2,8.2,241.9,-32.0,0.1,-1.0,RS41-SG,403.500,7.7,250,9,2.6,,
2026-08-18T12:49:06.990Z,W4214845,8967,46.46983,7.52965,34469.0,-50.3,7.0,267.7,-33.0,0.2,-1.0,RS41-SG,403.500,7.3,250,9,2.6,,
2026-08-18T12:49:07.990Z,W4214845,8968,46.46983,7.52957,34420.2,-47.7,5.8,277.7,-33.1,0.2,-1.0,RS41-SG,403.500,7.5,250,9,2.6,,
2026-08-18T12:49:11.990Z,W4214845,8972,46.46984,7.52931,34214.8,-52.7,3.4,268.8,-33.7,0.2,-1.0,RS41-SG,403.500,6.9,250,9,2.6,,
2026-08-18T12:49:14.990Z,W4214845,8975,46.46986,7.52919,34042.6,-61.3,4.4,293.4,-34.0,0.2,-1.0,RS41-SG,403.500,7.0,250,9,2.6,,
2026-08-18T12:49:30.990Z,W4214845,8991,46.46996,7.52856,33133.5,-57.7,3.0,334.7,-36.9,0.2,-1.0,RS41-SG,403.500,7.0,250,9,2.6,,
2026-08-18T12:49:31.990Z,W4214845,8992,46.46999,7.52852,33077.2,-56.7,4.9,318.7,-36.9,0.2,-1.0,RS41-SG,403.500,7.0,250,8,2.6,,
2026-08-18T12:49:36.990Z,W4214845,8997,46.47015,7.52824,32791.3,-55.8,6.1,293.8,-37.3,0.2,-1.0,RS41-SG,403.500,7.6,250,8,2.7,,
2026-08-18T12:49:37.990Z,W4214845,8998,46.47017,7.52816,32736.6,-54.3,5.9,289.5,-37.9,0.3,-1.0,RS41-SG,403.500,7.6,250,9,2.7,,
2026-08-18T12:49:39.990Z,W4214845,9000,46.47020,7.52803,32628.8,-54.8,5.6,298.8,-38.7,0.3,-1.0,RS41-SG,403.500,7.9,250,7,2.6,,
2026-08-18T12:49:40.990Z,W4214845,9001,46.47023,7.52796,32573.8,-55.3,5.7,297.7,-39.0,0.3,-1.0,RS41-SG,403.500,8.1,250,9,2.7,,
2026-08-18T12:49:41.990Z,W4214845,9002,46.47025,7.52790,32518.9,-54.7,6.1,302.5,-39.2,0.3,-1.0,RS41-SG,403.500,8.1,250,9,2.7,,
2026-08-18T12:49:43.990Z,W4214845,9004,46.47032,7.52777,32410.0,-54.2,6.2,306.0,-39.3,0.3,-1.0,RS41-SG,403.500,7.9,250,9,2.6,,
2026-08-18T12:49:44.990Z,W4214845,9005,46.47036,7.52771,32356.0,-55.8,7.1,309.9,-39.2,0.3,-1.0,RS41-SG,403.500,8.4,250,7,2.7,,
2026-08-18T12:49:45.990Z,W4214845,9006,46.47039,7.52764,32300.5,-55.7,6.7,310.6,-39.0,0.3,-1.0,RS41-SG,403.500,8.4,250,8,2.7,,
2026-08-18T12:49:46.990Z,W4214845,9007,46.47043,7.52756,32247.2,-52.1,8.4,299.3,-39.0,0.3,-1.0,RS41-SG,403.500,8.4,250,8,2.6,,
2026-08-18T12:49:47.990Z,W4214845,9008,46.47047,7.52746,32194.4,-54.8,8.5,299.7,-39.0,0.3,-1.0,RS41-SG,403.500,8.2,250,9,2.6,,
2026-08-18T12:49:48.990Z,W4214845,9009,46.47050,7.52736,32140.4,-53.1,8.1,290.1,-39.0,0.3,-1.0,RS41-SG,403.500,8.0,250,8,2.7,,
2026-08-18T12:49:49.990Z,W4214845,9010,46.47052,7.52726,32088.0,-52.7,9.0,286.9,-39.2,0.3,-1.0,RS41-SG,403.500,8.0,250,8,2.7,,
2026-08-18T12:49:50.990Z,W4214845,9011,46.47053,7.52716,32035.8,-52.8,7.7,273.5,-39.4,0.3,-1.0,RS41-SG,403.500,7.3,250,8,2.6,,
2026-08-18T12:49:51.990Z,W4214845,9012,46.47053,7.52707,31983.7,-52.2,6.8,274.1,-39.6,0.3,-1.0,RS41-SG,403.500,7.7,250,8,2.6,,
2026-08-18T12:49:52.990Z,W4214845,9013,46.47054,7.52698,31931.2,-52.8,6.6,270.6,-39.6,0.3,-1.0,RS41-SG,403.500,7.7,250,9,2.7,,
2026-08-18T12:50:03.990Z,W4214845,9024,46.47065,7.52647,31377.4,-51.6,5.4,298.8,-41.1,0.3,-1.0,RS41-SG,403.500,6.7,250,8,2.6,,
2026-08-18T12:50:38.990Z,W4214845,9059,46.47113,7.52429,29720.1,-45.7,3.9,297.0,-43.1,0.4,-1.0,RS41-SG,403.500,7.2,250,8,2.6,,
2026-08-18T12:50:39.990Z,W4214845,9060,46.47115,7.52426,29674.7,-46.2,3.1,305.5,-43.1,0.4,-1.0,RS41-SG,403.500,7.2,250,8,2.6,,
2026-08-18T12:50:40.990Z,W4214845,9061,46.47116,7.52422,29628.7,-45.9,3.8,300.6,-43.1,0.4,-1.0,RS41-SG,403.500,7.1,250,7,2.7,,
2026-08-18T12:50:43.990Z,W4214845,9064,46.47119,7.52415,29493.7,-45.6,2.3,312.3,-43.7,0.4,-1.0,RS41-SG,403.500,7.2,250,8,2.6,,
2026-08-18T12:50:46.990Z,W4214845,9067,46.47123,7.52411,29367.5,-38.9,2.4,346.7,-44.1,0.4,-1.0,RS41-SG,403.500,6.7,250,9,2.6,,
2026-08-18T12:50:47.990Z,W4214845,9068,46.47125,7.52410,29328.0,-40.5,3.3,338.5,-44.1,0.4,-1.0,RS41-SG,403.500,6.9,250,8,2.6,,
2026-08-18T12:50:50.990Z,W4214845,9071,46.47135,7.52406,29206.3,-40.5,5.1,338.0,-44.1,0.4,-1.0,RS41-SG,403.500,7.2,250,9,2.6,,
2026-08-18T12:50:55.990Z,W4214845,9076,46.47157,7.52389,28994.3,-40.2,5.0,322.3,-44.2,0.4,-1.0,RS41-SG,403.500,7.0,250,8,2.6,,
2026-08-18T12:50:58.990Z,W4214845,9079,46.47167,7.52374,28869.1,-43.5,4.7,316.3,-44.4,0.4,-1.0,RS41-SG,403.500,6.2,250,8,2.6,,
2026-08-18T12:51:00.990Z,W4214845,9081,46.47175,7.52363,28778.3,-45.8,5.9,317.1,-44.2,0.4,-1.0,RS41-SG,403.500,6.8,250,9,2.7,,
2026-08-18T12:51:01.990Z,W4214845,9082,46.47178,7.52357,28732.0,-46.5,6.3,308.4,-44.1,0.4,-1.0,RS41-SG,403.500,6.8,250,9,2.7,,
2026-08-18T12:51:03.990Z,W4214845,9084,46.47186,7.52344,28637.4,-47.8,6.9,315.1,-43.8,0.4,-1.0,RS41-SG,403.500,7.0,250,9,2.6,,
2026-08-18T12:51:06.990Z,W4214845,9087,46.47200,7.52324,28497.1,-45.6,6.9,306.7,-44.0,0.4,-1.0,RS41-SG,403.500,6.7,250,9,2.6,,
2026-08-18T12:51:08.990Z,W4214845,9089,46.47207,7.52309,28405.5,-46.9,6.1,300.1,-44.0,0.4,-1.0,RS41-SG,403.500,6.8,250,9,2.7,,
2026-08-18T12:51:10.990Z,W4214845,9091,46.47213,7.52295,28312.4,-46.3,6.3,291.2,-44.1,0.4,-1.0,RS41-SG,403.500,6.7,250,9,2.6,,
2026-08-18T12:51:11.990Z,W4214845,9092,46.47214,7.52288,28265.7,-46.8,4.7,292.1,-44.2,0.4,-1.0,RS41-SG,403.500,7.7,250,9,2.6,,
2026-08-18T12:51:13.990Z,W4214845,9094,46.47217,7.52276,28172.7,-46.6,5.4,287.9,-44.3,0.4,-1.0,RS41-SG,403.500,7.6,250,10,2.7,,
2026-08-18T12:51:14.990Z,W4214845,9095,46.47218,7.52269,28126.0,-46.5,4.5,282.0,-44.5,0.4,-1.0,RS41-SG,403.500,7.7,250,8,2.6,,
2026-08-18T12:51:15.990Z,W4214845,9096,46.47220,7.52264,28079.5,-46.7,3.9,300.9,-44.7,0.4,-1.0,RS41-SG,403.500,7.7,250,9,2.6,,
2026-08-18T12:51:16.990Z,W4214845,9097,46.47221,7.52260,28033.2,-46.1,4.3,298.6,-44.7,0.4,-1.0,RS41-SG,403.500,7.4,250,9,2.7,,
2026-08-18T12:51:18.990Z,W4214845,9099,46.47225,7.52251,27942.0,-46.3,4.0,324.0,-44.5,0.4,-1.0,RS41-SG,403.500,7.9,250,9,2.6,,
2026-08-18T12:51:19.990Z,W4214845,9100,46.47229,7.52248,27895.8,-46.5,4.6,323.6,-44.3,0.4,-1.0,RS41-SG,403.500,7.9,250,8,2.6,,
2026-08-18T12:51:20.990Z,W4214845,9101,46.47232,7.52244,27849.5,-46.3,4.7,326.0,-44.3,0.4,-1.0,RS41-SG,403.500,7.9,250,10,2.7,,
2026-08-18T12:51:21.990Z,W4214845,9102,46.47235,7.52241,27804.8,-44.7,5.1,323.4,-44.4,0.4,-1.0,RS41-SG,403.500,7.9,250,9,2.7,,
2026-08-18T12:51:22.990Z,W4214845,9103,46.47239,7.52236,27760.7,-44.4,5.3,316.6,-44.6,0.4,-1.0,RS41-SG,403.500,7.7,250,9,2.6,,
2026-08-18T12:51:23.990Z,W4214845,9104,46.47243,7.52231,27718.0,-42.4,6.4,315.2,-44.9,0.4,-1.0,RS41-SG,403.500,7.0,250,7,2.6,,
2026-08-18T12:51:24.990Z,W4214845,9105,46.47246,7.52225,27675.6,-42.6,6.3,309.3,-45.1,0.4,-1.0,RS41-SG,403.500,7.9,250,10,2.7,,
2026-08-18T12:51:25.990Z,W4214845,9106,46.47249,7.52218,27634.9,-39.5,6.5,302.6,-45.2,0.5,-1.0,RS41-SG,403.500,7.9,250,8,2.7,,
2026-08-18T12:51:26.990Z,W4214845,9107,46.47252,7.52211,27594.0,-41.8,6.2,289.2,-45.3,0.4,-1.0,RS41-SG,403.500,7.2,250,10,2.6,,
