timestamp,serial,frame,lat,lon,alt,vel_v,vel_h,heading,temp,humidity,pressure,type,freq_mhz,snr,f_error_hz,sats,batt_v,burst_timer,aux_data
2026-08-25T00:34:26.995Z,W4140068,7004,47.12984,7.14968,30418.9,7.5,6.6,62.4,-273.0,-1.0,-1.0,RS41,403.500,8.5,250,10,2.6,,
2026-08-25T00:34:27.995Z,W4140068,7005,47.12984,7.14973,30425.9,6.4,4.4,158.6,-273.0,-1.0,-1.0,RS41,403.500,8.5,250,10,2.5,,
2026-08-25T00:34:33.994Z,W4140068,7011,47.12996,7.14921,30457.8,3.4,10.9,22.2,-273.0,-1.0,-1.0,RS41,403.500,7.8,250,10,2.5,,
2026-08-25T00:34:35.994Z,W4140068,7013,47.13002,7.14935,30469.3,7.4,4.7,145.2,-273.0,-1.0,-1.0,RS41,403.500,8.7,250,10,2.5,,
2026-08-25T00:34:41.994Z,W4140068,7019,47.13021,7.14874,30505.0,4.3,12.1,24.7,-273.0,-1.0,-1.0,RS41,403.500,7.5,250,10,2.5,,
2026-08-25T00:34:50.994Z,W4140068,7028,47.13055,7.14848,30556.5,4.0,12.7,67.4,-273.0,-1.0,-1.0,RS41,403.500,8.2,250,10,2.5,,
2026-08-25T00:34:51.994Z,W4140068,7029,47.13054,7.14861,30561.6,6.3,11.0,125.7,-273.0,-1.0,-1.0,RS41,403.500,8.5,250,10,2.5,,
2026-08-25T00:34:59.994Z,W4140068,7037,47.13067,7.14823,30606.5,1.3,10.8,97.8,-273.0,-1.0,-1.0,RS41,403.500,8.3,250,10,2.6,,
2026-08-25T00:35:00.994Z,W4140068,7038,47.13062,7.14835,30610.4,6.9,12.6,141.1,-273.0,-1.0,-1.0,RS41,403.500,8.6,250,10,2.6,,
2026-08-25T00:35:08.994Z,W4140068,7046,47.13066,7.14776,30657.6,3.4,2.3,66.5,-273.0,-1.0,-1.0,RS41,403.500,8.1,250,10,2.5,,
2026-08-25T00:35:10.994Z,W4140068,7048,47.13062,7.14784,30666.8,6.0,5.5,152.9,-273.0,-1.0,-1.0,RS41,403.500,8.6,250,10,2.6,,
2026-08-25T00:35:11.994Z,W4140068,7049,47.13058,7.14786,30672.9,6.1,3.9,172.5,-273.0,-1.0,-1.0,RS41,403.500,8.6,250,10,2.6,,
2026-08-25T00:35:12.994Z,W4140068,7050,47.13055,7.14786,30678.8,5.5,2.3,220.9,-273.0,-1.0,-1.0,RS41,403.500,8.6,250,10,2.5,,
2026-08-25T00:35:13.994Z,W4140068,7051,47.13054,7.14783,30684.3,5.6,2.8,276.3,-273.0,-1.0,-1.0,RS41,403.500,8.6,250,10,2.5,,
2026-08-25T00:35:15.994Z,W4140068,7053,47.13055,7.14774,30696.3,6.4,3.5,270.3,-273.0,-1.0,-1.0,RS41,403.500,8.8,250,10,2.5,,
2026-08-25T00:35:16.994Z,W4140068,7054,47.13055,7.14770,30702.5,6.1,4.0,244.0,-273.0,-1.0,-1.0,RS41,403.500,8.8,250,10,2.6,,
2026-08-25T00:35:22.994Z,W4140068,7060,47.13049,7.14751,30740.4,5.6,5.3,41.4,-273.0,-1.0,-1.0,RS41,403.500,7.7,250,10,2.6,,
2026-08-25T00:35:23.994Z,W4140068,7061,47.13052,7.14756,30747.2,8.2,4.8,56.1,-273.0,-1.0,-1.0,RS41,403.500,7.7,250,10,2.5,,
2026-08-25T00:35:24.994Z,W4140068,7062,47.13052,7.14759,30755.9,9.1,1.3,137.1,-273.0,-1.0,-1.0,RS41,403.500,8.6,250,10,2.5,,
2026-08-25T00:35:25.994Z,W4140068,7063,47.13050,7.14758,30763.6,6.5,5.4,219.2,-273.0,-1.0,-1.0,RS41,403.500,8.9,250,10,2.5,,
2026-08-25T00:35:40.994Z,W4140068,7078,47.13046,7.14663,30860.2,1.1,5.8,47.9,-273.0,-1.0,-1.0,RS41,403.500,8.3,250,10,2.5,,
2026-08-25T00:35:50.994Z,W4140068,7088,47.13042,7.14641,30920.5,6.1,8.3,136.8,-273.0,-1.0,-1.0,RS41,403.500,8.2,250,10,2.6,,
2026-08-25T00:35:51.994Z,W4140068,7089,47.13036,7.14645,30928.3,9.3,8.4,177.7,-273.0,-1.0,-1.0,RS41,403.500,8.2,250,10,2.5,,
2026-08-25T00:35:52.994Z,W4140068,7090,47.13029,7.14642,30937.2,8.7,8.5,222.7,-273.0,-1.0,-1.0,RS41,403.500,7.4,250,10,2.5,,
2026-08-25T00:35:57.994Z,W4140068,7095,47.13054,7.14609,30969.0,7.0,9.0,30.7,-273.0,-1.0,-1.0,RS41,403.500,8.0,250,10,2.5,,
2026-08-25T00:35:59.994Z,W4140068,7097,47.13058,7.14616,30983.8,6.9,3.0,200.4,-273.0,-1.0,-1.0,RS41,403.500,8.5,250,10,2.5,,
2026-08-25T00:36:00.994Z,W4140068,7098,47.13054,7.14611,30989.7,5.0,8.1,236.7,-273.0,-1.0,-1.0,RS41,403.500,8.5,250,9,2.5,,
2026-08-25T00:36:05.994Z,W4140068,7103,47.13059,7.14565,31022.5,3.8,5.1,52.7,-273.0,-1.0,-1.0,RS41,403.500,8.8,250,10,2.5,,
2026-08-25T00:36:06.994Z,W4140068,7104,47.13061,7.14572,31027.1,5.5,7.0,91.2,-273.0,-1.0,-1.0,RS41,403.500,8.8,250,10,2.6,,
2026-08-25T00:36:07.994Z,W4140068,7105,47.13060,7.14579,31034.7,9.7,4.2,120.4,-273.0,-1.0,-1.0,RS41,403.500,7.3,250,10,2.6,,
2026-08-25T00:36:08.994Z,W4140068,7106,47.13058,7.14580,31044.1,8.9,2.3,242.5,-273.0,-1.0,-1.0,RS41,403.500,7.3,250,10,2.5,,
2026-08-25T00:36:09.994Z,W4140068,7107,47.13058,7.14574,31051.3,5.4,6.9,278.6,-273.0,-1.0,-1.0,RS41,403.500,7.3,250,10,2.5,,
2026-08-25T00:36:27.994Z,W4140068,7125,47.13073,7.14525,31171.3,7.3,8.2,44.3,-273.0,-1.0,-1.0,RS41,403.500,8.8,250,10,2.5,,
2026-08-25T00:36:28.994Z,W4140068,7126,47.13079,7.14529,31178.8,7.8,8.1,5.5,-273.0,-1.0,-1.0,RS41,403.500,8.8,250,10,2.5,,
2026-08-25T00:36:29.994Z,W4140068,7127,47.13085,7.14526,31186.4,7.5,8.0,319.0,-273.0,-1.0,-1.0,RS41,403.500,7.6,250,10,2.6,,
2026-08-25T00:36:35.994Z,W4140068,7133,47.13063,7.14504,31229.9,3.5,8.6,82.3,-273.0,-1.0,-1.0,RS41,403.500,7.5,250,10,2.6,,
2026-08-25T00:36:36.994Z,W4140068,7134,47.13067,7.14515,31233.0,2.8,12.2,47.3,-273.0,-1.0,-1.0,RS41,403.500,9.3,250,9,2.5,,
2026-08-25T00:36:37.994Z,W4140068,7135,47.13077,7.14525,31238.2,7.4,13.9,22.5,-273.0,-1.0,-1.0,RS41,403.500,9.3,250,10,2.5,,
2026-08-25T00:36:38.994Z,W4140068,7136,47.13087,7.14528,31247.3,11.0,10.6,355.7,-273.0,-1.0,-1.0,RS41,403.500,8.0,250,10,2.5,,
2026-08-25T00:36:39.994Z,W4140068,7137,47.13094,7.14524,31257.2,8.9,7.3,312.8,-273.0,-1.0,-1.0,RS41,403.500,7.7,250,10,2.5,,
2026-08-25T00:36:40.994Z,W4140068,7138,47.13096,7.14515,31263.8,4.3,8.0,265.0,-273.0,-1.0,-1.0,RS41,403.500,7.5,250,10,2.6,,
2026-08-25T00:36:45.994Z,W4140068,7143,47.13066,7.14509,31295.3,4.0,10.1,79.4,-273.0,-1.0,-1.0,RS41,403.500,8.5,250,10,2.5,,
2026-08-25T00:36:47.994Z,W4140068,7145,47.13080,7.14530,31307.2,8.3,12.0,17.3,-273.0,-1.0,-1.0,RS41,403.500,7.8,250,10,2.6,,
2026-08-25T00:36:54.994Z,W4140068,7152,47.13070,7.14506,31351.8,6.0,8.8,123.8,-273.0,-1.0,-1.0,RS41,403.500,7.8,250,10,2.5,,
2026-08-25T00:36:55.994Z,W4140068,7153,47.13068,7.14516,31358.5,7.3,7.7,91.1,-273.0,-1.0,-1.0,RS41,403.500,8.6,250,10,2.5,,
2026-08-25T00:36:56.994Z,W4140068,7154,47.13069,7.14524,31365.6,6.8,6.2,59.8,-273.0,-1.0,-1.0,RS41,403.500,9.2,250,10,2.5,,
2026-08-25T00:36:57.994Z,W4140068,7155,47.13073,7.14529,31371.9,5.6,5.4,23.0,-273.0,-1.0,-1.0,RS41,403.500,9.2,250,10,2.6,,
2026-08-25T00:37:06.994Z,W4140068,7164,47.13054,7.14523,31433.4,5.1,2.3,14.6,-273.0,-1.0,-1.0,RS41,403.500,8.4,250,10,2.5,,
2026-08-25T00:37:07.994Z,W4140068,7165,47.13059,7.14524,31437.7,3.5,7.6,359.6,-273.0,-1.0,-1.0,RS41,403.500,8.4,250,10,2.5,,
2026-08-25T00:37:08.994Z,W4140068,7166,47.13066,7.14523,31443.0,7.4,9.8,352.2,-273.0,-1.0,-1.0,RS41,403.500,8.2,250,10,2.6,,
2026-08-25T00:37:11.994Z,W4140068,7169,47.13069,7.14510,31467.4,2.4,8.3,210.1,-273.0,-1.0,-1.0,RS41,403.500,7.7,250,10,2.5,,
2026-08-25T00:37:17.994Z,W4140068,7175,47.13043,7.14503,31501.2,1.4,11.7,1.5,-273.0,-1.0,-1.0,RS41,403.500,7.8,250,10,2.5,,
2026-08-25T00:37:21.994Z,W4140068,7179,47.13057,7.14494,31533.1,-0.8,7.1,203.6,-273.0,-1.0,-1.0,RS41,403.500,9.1,250,10,2.5,,
2026-08-25T00:37:30.994Z,W4140068,7188,47.13050,7.14467,31584.7,4.9,1.8,190.3,-273.0,-1.0,-1.0,RS41,403.500,7.7,250,9,2.6,,
2026-08-25T00:37:31.994Z,W4140068,7189,47.13046,7.14466,31586.5,-1.4,7.4,192.7,-273.0,-1.0,-1.0,RS41,403.500,8.0,250,10,2.6,,
2026-08-25T00:37:36.994Z,W4140068,7194,47.13027,7.14430,31614.3,-0.1,10.3,341.4,-273.0,-1.0,-1.0,RS41,403.500,8.3,250,10,2.6,,
2026-08-25T00:37:40.994Z,W4140068,7198,47.13046,7.14437,31638.0,1.1,6.2,181.6,-273.0,-1.0,-1.0,RS41,403.500,8.8,250,10,2.5,,
2026-08-25T00:37:48.994Z,W4140068,7206,47.13052,7.14391,31681.0,9.8,5.6,107.8,-273.0,-1.0,-1.0,RS41,403.500,8.1,250,10,2.6,,
2026-08-25T00:37:49.994Z,W4140068,7207,47.13048,7.14395,31687.9,3.9,6.9,172.0,-273.0,-1.0,-1.0,RS41,403.500,8.1,250,10,2.5,,
2026-08-25T00:37:56.994Z,W4140068,7214,47.13065,7.14345,31723.0,4.4,10.1,100.4,-273.0,-1.0,-1.0,RS41,403.500,7.7,250,10,2.5,,
2026-08-25T00:37:57.994Z,W4140068,7215,47.13059,7.14355,31727.5,4.6,11.8,153.9,-273.0,-1.0,-1.0,RS41,403.500,7.7,250,10,2.5,,
2026-08-25T00:38:12.994Z,W4140068,7230,47.13097,7.14311,31805.9,8.7,14.5,96.2,-273.0,-1.0,-1.0,RS41,403.500,6.6,250,10,2.5,,
2026-08-25T00:38:27.994Z,W4140068,7245,47.13127,7.14292,31878.5,2.8,13.6,19.8,-273.0,-1.0,-1.0,RS41,403.500,8.2,250,10,2.6,,
2026-08-25T00:38:28.994Z,W4140068,7246,47.13136,7.14303,31881.8,3.8,14.0,58.6,-41.6,-1.0,-1.0,RS41,403.500,8.2,250,10,2.5,,
2026-08-25T00:38:29.994Z,W4140068,7247,47.13139,7.14319,31887.1,6.7,12.2,97.1,-41.5,-1.0,-1.0,RS41,403.500,8.2,250,10,2.5,,
2026-08-25T00:38:30.994Z,W4140068,7248,47.13135,7.14330,31893.6,6.3,9.3,143.8,-41.5,-1.0,-1.0,RS41,403.500,7.5,250,10,2.5,,
2026-08-25T00:38:36.994Z,W4140068,7254,47.13149,7.14295,31919.9,3.7,14.5,31.6,-41.1,-1.0,-1.0,RS41,403.500,7.8,250,9,2.5,,
2026-08-25T00:38:38.994Z,W4140068,7256,47.13157,7.14320,31932.2,6.4,9.1,117.1,-41.1,-1.0,-1.0,RS41,403.500,8.0,250,10,2.6,,
2026-08-25T00:38:45.994Z,W4140068,7263,47.13162,7.14306,31962.0,1.9,17.0,64.7,-40.9,-1.0,-1.0,RS41,403.500,7.2,250,10,2.5,,
2026-08-25T00:38:46.994Z,W4140068,7264,47.13164,7.14327,31966.5,6.8,15.8,99.8,-40.8,-1.0,-1.0,RS41,403.500,7.4,250,10,2.5,,
2026-08-25T00:38:55.994Z,W4140068,7273,47.13172,7.14356,32008.5,6.5,14.9,124.9,-40.9,-1.0,-1.0,RS41,403.500,7.8,250,10,2.6,,
2026-08-25T00:39:10.994Z,W4140068,7288,47.13187,7.14360,32080.9,1.2,13.2,70.8,-40.3,-1.0,-1.0,RS41,403.500,7.5,250,10,2.5,,
2026-08-25T00:39:11.994Z,W4140068,7289,47.13186,7.14377,32083.9,4.8,15.4,117.9,-40.3,-1.0,-1.0,RS41,403.500,7.6,250,10,2.6,,
2026-08-25T00:39:12.994Z,W4140068,7290,47.13177,7.14390,32089.5,6.5,14.5,160.2,-40.2,-1.0,-1.0,RS41,403.500,7.6,250,10,2.6,,
2026-08-25T00:39:19.994Z,W4140068,7297,47.13169,7.14364,32120.7,0.8,13.8,108.7,-40.2,-1.0,-1.0,RS41,403.500,8.3,250,9,2.5,,
2026-08-25T00:39:21.994Z,W4140068,7299,47.13147,7.14388,32129.8,7.4,16.8,175.9,-40.1,-1.0,-1.0,RS41,403.500,6.7,250,10,2.5,,
2026-08-25T00:39:27.994Z,W4140068,7305,47.13147,7.14344,32159.4,4.4,9.2,70.6,-39.7,-1.0,-1.0,RS41,403.500,7.9,250,10,2.6,,
2026-08-25T00:39:28.994Z,W4140068,7306,47.13145,7.14356,32163.8,4.6,11.6,125.1,-39.6,-1.0,-1.0,RS41,403.500,7.9,250,10,2.6,,
2026-08-25T00:39:29.994Z,W4140068,7307,47.13136,7.14364,32168.7,5.3,13.7,166.2,-39.6,-1.0,-1.0,RS41,403.500,7.7,250,10,2.5,,
2026-08-25T00:39:36.994Z,W4140068,7314,47.13138,7.14313,32202.1,4.1,10.9,83.1,-39.4,-1.0,-1.0,RS41,403.500,7.9,250,9,2.5,,
2026-08-25T00:39:38.994Z,W4140068,7316,47.13127,7.14332,32214.5,6.4,11.9,178.3,-39.4,-1.0,-1.0,RS41,403.500,7.9,250,10,2.6,,
2026-08-25T00:39:43.994Z,W4140068,7321,47.13125,7.14266,32241.5,5.0,11.7,356.5,-39.3,-1.0,-1.0,RS41,403.500,7.7,250,10,2.5,,
2026-08-25T00:39:45.994Z,W4140068,7323,47.13136,7.14280,32250.8,6.5,9.4,102.7,-39.3,-1.0,-1.0,RS41,403.500,7.8,250,10,2.6,,
2026-08-25T00:39:52.994Z,W4140068,7330,47.13139,7.14220,32290.1,2.8,13.3,29.0,-39.2,-1.0,-1.0,RS41,403.500,7.5,250,9,2.5,,
2026-08-25T00:39:54.994Z,W4140068,7332,47.13143,7.14245,32300.9,8.6,10.6,137.1,-39.1,-1.0,-1.0,RS41,403.500,7.4,250,10,2.5,,
2026-08-25T00:40:01.994Z,W4140068,7339,47.13159,7.14200,32338.7,-0.5,12.8,60.6,-38.9,-1.0,-1.0,RS41,403.500,8.6,250,10,2.6,,
2026-08-25T00:40:02.994Z,W4140068,7340,47.13160,7.14217,32340.0,3.0,14.5,105.2,-38.8,-1.0,-1.0,RS41,403.500,8.6,250,10,2.6,,
2026-08-25T00:40:11.994Z,W4140068,7349,47.13183,7.14213,32390.5,3.0,12.2,94.6,-39.0,-1.0,-1.0,RS41,403.500,8.2,250,10,2.5,,
2026-08-25T00:40:12.994Z,W4140068,7350,47.13180,7.14228,32395.3,6.7,11.4,121.9,-39.0,-1.0,-1.0,RS41,403.500,8.7,250,10,2.6,,
2026-08-25T00:40:13.994Z,W4140068,7351,47.13174,7.14237,32402.2,7.0,7.4,150.9,-39.0,-1.0,-1.0,RS41,403.500,8.7,250,10,2.6,,
2026-08-25T00:40:19.994Z,W4140068,7357,47.13198,7.14220,32437.6,5.1,12.7,40.3,-39.2,-1.0,-1.0,RS41,403.500,6.9,250,10,2.5,,
2026-08-25T00:40:20.994Z,W4140068,7358,47.13205,7.14233,32442.9,5.5,13.1,65.4,-39.3,-1.0,-1.0,RS41,403.500,7.3,250,10,2.5,,
2026-08-25T00:40:21.994Z,W4140068,7359,47.13208,7.14248,32448.6,5.7,11.6,86.8,-39.3,-1.0,-1.0,RS41,403.500,8.1,250,10,2.5,,
2026-08-25T00:40:22.994Z,W4140068,7360,47.13206,7.14261,32453.9,4.9,8.8,111.0,-39.3,-1.0,-1.0,RS41,403.500,8.1,250,10,2.5,,
2026-08-25T00:40:30.994Z,W4140068,7368,47.13238,7.14279,32504.4,9.1,9.1,47.6,-39.3,-1.0,-1.0,RS41,403.500,7.2,250,10,2.5,,
2026-08-25T00:40:31.994Z,W4140068,7369,47.13241,7.14288,32511.5,5.0,6.1,84.3,-39.2,-1.0,-1.0,RS41,403.500,7.9,250,10,2.5,,
2026-08-25T00:40:32.994Z,W4140068,7370,47.13239,7.14295,32515.2,2.3,7.0,139.0,-39.2,-1.0,-1.0,RS41,403.500,7.9,250,10,2.5,,
2026-08-25T00:40:41.994Z,W4140068,7379,47.13265,7.14299,32570.8,4.1,7.0,76.4,-39.0,-1.0,-1.0,RS41,403.500,8.2,250,10,2.5,,
2026-08-25T00:40:42.994Z,W4140068,7380,47.13264,7.14307,32575.1,4.6,7.0,127.2,-39.0,-1.0,-1.0,RS41,403.500,8.2,250,10,2.5,,
2026-08-25T00:40:43.994Z,W4140068,7381,47.13259,7.14312,32581.2,7.7,6.4,165.2,-39.0,-1.0,-1.0,RS41,403.500,8.0,250,10,2.5,,
2026-08-25T00:40:44.994Z,W4140068,7382,47.13254,7.14311,32588.6,7.1,4.7,213.3,-39.0,-1.0,-1.0,RS41,403.500,7.6,250,10,2.5,,
2026-08-25T00:40:50.994Z,W4140068,7388,47.13279,7.14279,32627.0,4.4,6.1,59.5,-39.1,-1.0,-1.0,RS41,403.500,7.7,250,10,2.6,,
2026-08-25T00:40:51.994Z,W4140068,7389,47.13280,7.14288,32631.7,5.1,8.8,95.4,-39.1,-1.0,-1.0,RS41,403.500,8.1,250,10,2.6,,
2026-08-25T00:40:52.994Z,W4140068,7390,47.13278,7.14299,32638.4,8.4,8.3,117.6,-39.1,-1.0,-1.0,RS41,403.500,8.1,250,10,2.5,,
2026-08-25T00:40:59.994Z,W4140068,7397,47.13290,7.14257,32686.0,4.1,7.4,31.8,-39.3,-1.0,-1.0,RS41,403.500,7.9,250,10,2.5,,
2026-08-25T00:41:00.994Z,W4140068,7398,47.13294,7.14266,32690.4,4.7,9.9,76.9,-39.3,-1.0,-1.0,RS41,403.500,8.4,250,10,2.5,,
2026-08-25T00:41:01.994Z,W4140068,7399,47.13294,7.14278,32697.5,9.5,9.5,107.7,-39.3,-1.0,-1.0,RS41,403.500,8.4,250,10,2.6,,
2026-08-25T00:41:03.994Z,W4140068,7401,47.13286,7.14282,32716.6,6.7,7.2,229.8,-39.2,-1.0,-1.0,RS41,403.500,7.5,250,10,2.5,,
2026-08-25T00:41:09.994Z,W4140068,7407,47.13313,7.14220,32753.6,2.3,8.6,57.7,-39.0,-1.0,-1.0,RS41,403.500,8.4,250,10,2.5,,
2026-08-25T00:41:10.994Z,W4140068,7408,47.13314,7.14232,32757.9,6.2,10.9,107.3,-39.0,-1.0,-1.0,RS41,403.500,8.4,250,10,2.5,,
2026-08-25T00:41:19.994Z,W4140068,7417,47.13337,7.14165,32819.5,2.3,7.2,92.8,-38.9,-1.0,-1.0,RS41,403.500,8.7,250,10,2.6,,
2026-08-25T00:41:20.994Z,W4140068,7418,47.13334,7.14174,32824.7,8.2,9.7,140.2,-38.9,-1.0,-1.0,RS41,403.500,8.7,250,10,2.5,,
2026-08-25T00:41:21.994Z,W4140068,7419,47.13327,7.14177,32834.8,11.9,8.2,195.2,-38.9,-1.0,-1.0,RS41,403.500,7.8,250,10,2.5,,
2026-08-25T00:41:27.994Z,W4140068,7425,47.13356,7.14093,32873.9,5.5,10.9,348.6,-39.0,-1.0,-1.0,RS41,403.500,6.7,250,10,2.5,,
2026-08-25T00:41:28.994Z,W4140068,7426,47.13363,7.14094,32878.8,4.2,6.6,27.6,-39.0,-1.0,-1.0,RS41,403.500,8.3,250,10,2.5,,
2026-08-25T00:41:29.994Z,W4140068,7427,47.13366,7.14099,32884.3,6.7,4.6,92.8,-39.0,-1.0,-1.0,RS41,403.500,8.7,250,10,2.6,,
2026-08-25T00:41:30.994Z,W4140068,7428,47.13364,7.14102,32892.2,9.0,4.0,170.9,-39.0,-1.0,-1.0,RS41,403.500,8.7,250,10,2.6,,
2026-08-25T00:41:31.994Z,W4140068,7429,47.13360,7.14099,32901.0,8.6,7.1,236.6,-39.1,-1.0,-1.0,RS41,403.500,8.2,250,10,2.5,,
2026-08-25T00:41:36.994Z,W4140068,7434,47.13392,7.14019,32933.7,5.7,16.9,342.6,-39.1,-1.0,-1.0,RS41,403.500,7.1,250,10,2.5,,
2026-08-25T00:41:39.994Z,W4140068,7437,47.13418,7.14020,32956.3,7.7,1.6,359.1,-39.1,-1.0,-1.0,RS41,403.500,7.4,250,10,2.5,,
2026-08-25T00:42:04.994Z,W4140068,7462,47.13546,7.13855,33123.9,5.8,16.4,22.1,-39.8,-1.0,-1.0,RS41,403.500,8.2,250,10,2.5,,
2026-08-25T00:42:05.994Z,W4140068,7463,47.13556,7.13866,33130.3,7.2,13.2,53.8,-39.8,-1.0,-1.0,RS41,403.500,8.2,250,10,2.5,,
2026-08-25T00:42:06.994Z,W4140068,7464,47.13560,7.13878,33136.9,6.1,9.0,91.8,-39.8,-1.0,-1.0,RS41,403.500,8.4,250,10,2.5,,
2026-08-25T00:42:07.994Z,W4140068,7465,47.13556,7.13886,33142.3,4.5,7.2,153.4,-39.8,-1.0,-1.0,RS41,403.500,8.4,250,10,2.6,,
2026-08-25T00:42:15.994Z,W4140068,7473,47.13592,7.13867,33196.9,4.9,8.7,97.5,-39.8,-1.0,-1.0,RS41,403.500,8.3,250,10,2.5,,
2026-08-25T00:42:16.994Z,W4140068,7474,47.13588,7.13875,33201.1,3.4,8.4,154.3,-39.8,-1.0,-1.0,RS41,403.500,8.3,250,10,2.5,,
2026-08-25T00:42:20.994Z,W4140068,7478,47.13581,7.13840,33228.0,4.3,13.5,323.4,-39.9,-1.0,-1.0,RS41,403.500,6.7,250,10,2.5,,
2026-08-25T00:42:23.994Z,W4140068,7481,47.13619,7.13846,33246.2,8.5,13.5,47.2,-39.9,-1.0,-1.0,RS41-SG,403.500,7.6,250,10,2.5,,
2026-08-25T00:42:24.994Z,W4140068,7482,47.13624,7.13859,33253.1,5.4,10.2,76.9,-39.9,-1.0,-1.0,RS41-SG,403.500,8.2,250,10,2.6,,
2026-08-25T00:42:25.994Z,W4140068,7483,47.13623,7.13870,33257.4,3.3,8.2,119.8,-39.9,-1.0,-1.0,RS41-SG,403.500,8.2,250,10,2.6,,
2026-08-25T00:42:26.994Z,W4140068,7484,47.13618,7.13876,33261.4,4.5,8.2,165.5,-39.9,-1.0,-1.0,RS41-SG,403.500,7.9,250,10,2.5,,
2026-08-25T00:42:32.994Z,W4140068,7490,47.13624,7.13866,33297.5,6.8,8.0,37.3,-39.8,-1.0,-1.0,RS41-SG,403.500,8.4,250,10,2.5,,
2026-08-25T00:42:33.994Z,W4140068,7491,47.13628,7.13874,33303.5,5.3,8.0,64.7,-39.7,-1.0,-1.0,RS41-SG,403.500,8.4,250,10,2.5,,
2026-08-25T00:42:34.994Z,W4140068,7492,47.13630,7.13884,33308.4,4.6,8.1,87.4,-39.7,-1.0,-1.0,RS41-SG,403.500,8.4,250,10,2.5,,
2026-08-25T00:42:35.994Z,W4140068,7493,47.13629,7.13894,33313.7,5.8,7.6,105.5,-39.6,-1.0,-1.0,RS41-SG,403.500,8.4,250,10,2.6,,
2026-08-25T00:42:36.994Z,W4140068,7494,47.13627,7.13902,33320.0,6.7,6.0,115.0,-39.6,-1.0,-1.0,RS41-SG,403.500,8.4,250,10,2.6,,
2026-08-25T00:42:37.994Z,W4140068,7495,47.13625,7.13908,33326.4,6.1,3.8,120.7,-39.6,-1.0,-1.0,RS41-SG,403.500,8.5,250,10,2.5,,
2026-08-25T00:42:38.994Z,W4140068,7496,47.13624,7.13911,33332.1,5.0,1.6,135.7,-39.5,-1.0,-1.0,RS41-SG,403.500,8.5,250,10,2.5,,
2026-08-25T00:42:39.994Z,W4140068,7497,47.13623,7.13911,33337.0,4.7,1.3,230.8,-39.5,-1.0,-1.0,RS41-SG,403.500,8.2,250,10,2.5,,
2026-08-25T00:42:40.994Z,W4140068,7498,47.13622,7.13909,33342.2,5.7,2.6,246.1,-39.4,-1.0,-1.0,RS41-SG,403.500,8.0,250,10,2.6,,
2026-08-25T00:42:41.994Z,W4140068,7499,47.13621,7.13906,33348.5,6.9,2.7,237.5,-39.4,-1.0,-1.0,RS41-SG,403.500,8.0,250,10,2.6,,
2026-08-25T00:42:42.994Z,W4140068,7500,47.13619,7.13904,33355.3,6.7,1.5,205.7,-39.3,-1.0,-1.0,RS41-SG,403.500,7.6,250,10,2.5,,
2026-08-25T00:42:43.994Z,W4140068,7501,47.13619,7.13905,33361.7,6.0,1.9,95.6,-39.3,-1.0,-1.0,RS41-SG,403.500,7.5,250,10,2.5,,
2026-08-25T00:42:44.994Z,W4140068,7502,47.13619,7.13909,33367.2,4.9,4.8,68.9,-39.2,-1.0,-1.0,RS41-SG,403.500,8.2,250,10,2.5,,
2026-08-25T00:42:45.994Z,W4140068,7503,47.13622,7.13916,33372.2,5.0,7.4,57.5,-39.2,-1.0,-1.0,RS41-SG,403.500,8.2,250,10,2.5,,
2026-08-25T00:42:47.994Z,W4140068,7505,47.13630,7.13930,33385.6,8.2,5.4,35.3,-39.1,-1.0,-1.0,RS41-SG,403.500,7.3,250,10,2.6,,
2026-08-25T00:42:48.994Z,W4140068,7506,47.13633,7.13931,33393.5,7.5,1.6,345.7,-39.1,-1.0,-1.0,RS41-SG,403.500,7.0,250,10,2.5,,
2026-08-25T00:42:49.994Z,W4140068,7507,47.13633,7.13929,33399.7,4.9,3.9,234.9,-39.1,-1.0,-1.0,RS41-SG,403.500,8.2,250,10,2.5,,
2026-08-25T00:42:50.994Z,W4140068,7508,47.13629,7.13924,33403.8,3.2,7.9,218.3,-39.1,-1.0,-1.0,RS41-SG,403.500,8.2,250,10,2.5,,
2026-08-25T00:42:55.994Z,W4140068,7513,47.13603,7.13922,33435.3,4.5,5.8,54.3,-39.1,-1.0,-1.0,RS41-SG,403.500,8.2,250,10,2.5,,
2026-08-25T00:42:56.994Z,W4140068,7514,47.13608,7.13927,33439.2,3.3,8.8,23.4,-39.1,-1.0,-1.0,RS41-SG,403.500,8.2,250,10,2.5,,
2026-08-25T00:43:05.994Z,W4140068,7523,47.13597,7.13924,33497.0,7.5,3.0,39.9,-39.2,-1.0,-1.0,RS41-SG,403.500,7.2,250,10,2.5,,
2026-08-25T00:43:06.994Z,W4140068,7524,47.13601,7.13924,33501.4,1.4,6.9,345.7,-39.2,-1.0,-1.0,RS41-SG,403.500,8.2,250,10,2.5,,
2026-08-25T00:43:16.994Z,W4140068,7534,47.13604,7.13887,33553.8,-1.4,8.3,325.3,-39.1,-1.0,-1.0,RS41-SG,403.500,8.1,250,10,2.5,,
2026-08-25T00:43:21.994Z,W4140068,7539,47.13617,7.13829,33579.5,-0.5,5.7,164.3,-39.1,-1.0,-1.0,RS41-SG,403.500,7.4,250,10,2.5,,
2026-08-25T00:43:32.994Z,W4140068,7550,47.13610,7.13805,33629.5,2.6,12.9,72.3,-39.0,-1.0,-1.0,RS41-SG,403.500,7.6,250,10,2.5,,
2026-08-25T00:43:41.994Z,W4140068,7559,47.13624,7.13767,33674.0,2.7,11.2,55.7,-38.9,-1.0,-1.0,RS41-SG,403.500,7.7,250,9,2.6,,
2026-08-25T00:43:51.994Z,W4140068,7569,47.13650,7.13732,33722.1,6.6,12.5,17.8,-38.8,-1.0,-1.0,RS41-SG,403.500,7.7,250,10,2.6,,
2026-08-25T00:44:02.994Z,W4140068,7580,47.13681,7.13693,33776.2,2.0,12.7,315.9,-38.5,-1.0,-1.0,RS41-SG,403.500,7.2,250,10,2.6,,
2026-08-25T00:44:08.994Z,W4140068,7586,47.13665,7.13663,33801.7,3.1,13.2,79.5,-38.2,-1.0,-1.0,RS41-SG,403.500,7.0,250,10,2.6,,
2026-08-25T00:44:10.994Z,W4140068,7588,47.13678,7.13682,33814.6,7.0,9.7,357.0,-38.1,-1.0,-1.0,RS41-SG,403.500,6.8,250,10,2.5,,
2026-08-25T00:45:23.994Z,W4140068,7661,47.13649,7.13659,34163.9,6.2,7.6,91.0,-36.4,-1.0,-1.0,RS41-SG,403.500,8.0,250,9,2.6,,
2026-08-25T00:45:24.994Z,W4140068,7662,47.13649,7.13667,34169.9,6.0,4.9,85.3,-36.4,-1.0,-1.0,RS41-SG,403.500,8.0,250,9,2.6,,
2026-08-25T00:45:25.994Z,W4140068,7663,47.13649,7.13671,34175.4,5.1,2.0,94.0,-36.3,-1.0,-1.0,RS41-SG,403.500,7.6,250,9,2.5,,
2026-08-25T00:45:26.994Z,W4140068,7664,47.13649,7.13673,34180.3,4.8,1.4,169.6,-36.2,-1.0,-1.0,RS41-SG,403.500,7.4,250,9,2.5,,
2026-08-25T00:45:27.994Z,W4140068,7665,47.13647,7.13673,34185.4,5.5,2.6,175.2,-36.1,-1.0,-1.0,RS41-SG,403.500,7.2,250,9,2.5,,
2026-08-25T00:45:31.994Z,W4140068,7669,47.13638,7.13694,34208.8,6.2,6.5,98.9,-35.8,-1.0,-1.0,RS41-SG,403.500,7.1,250,9,2.5,,
2026-08-25T00:45:32.994Z,W4140068,7670,47.13637,7.13701,34215.1,6.5,4.8,104.3,-35.7,-1.0,-1.0,RS41-SG,403.500,6.9,250,9,2.5,,
2026-08-25T00:45:40.994Z,W4140068,7678,47.13595,7.13740,34260.7,5.0,11.5,87.0,-35.0,-1.0,-1.0,RS41-SG,403.500,7.6,250,9,2.6,,
2026-08-25T00:45:41.994Z,W4140068,7679,47.13598,7.13753,34266.4,6.4,10.0,65.3,-34.9,-1.0,-1.0,RS41-SG,403.500,7.6,250,9,2.5,,
2026-08-25T00:45:50.994Z,W4140068,7688,47.13543,7.13798,34324.1,4.7,13.8,96.1,-34.7,-1.0,-1.0,RS41-SG,403.500,7.3,250,9,2.6,,
2026-08-25T00:45:52.994Z,W4140068,7690,47.13548,7.13825,34335.7,7.6,7.5,48.9,-34.7,-1.0,-1.0,RS41-SG,403.500,7.3,250,9,2.5,,
2026-08-25T00:45:53.994Z,W4140068,7691,47.13551,7.13829,34343.6,8.1,2.0,33.0,-34.7,-1.0,-1.0,RS41-SG,403.500,7.2,250,9,2.5,,
2026-08-25T00:45:59.994Z,W4140068,7697,47.13499,7.13849,34381.8,6.5,13.8,136.6,-34.6,-1.0,-1.0,RS41-SG,403.500,7.5,250,9,2.5,,
2026-08-25T00:46:00.994Z,W4140068,7698,47.13491,7.13862,34388.1,6.1,12.1,121.0,-34.5,-1.0,-1.0,RS41-SG,403.500,8.1,250,9,2.6,,
2026-08-25T00:46:01.994Z,W4140068,7699,47.13487,7.13875,34394.0,5.9,10.7,108.3,-34.5,-1.0,-1.0,RS41-SG,403.500,8.5,250,9,2.6,,
2026-08-25T00:46:02.994Z,W4140068,7700,47.13485,7.13888,34400.0,6.2,9.1,101.9,-34.4,-1.0,-1.0,RS41-SG,403.500,8.5,250,9,2.5,,
2026-08-25T00:46:03.994Z,W4140068,7701,47.13483,7.13899,34406.5,6.6,7.8,107.0,-34.4,-1.0,-1.0,RS41-SG,403.500,7.9,250,9,2.5,,
2026-08-25T00:46:06.994Z,W4140068,7704,47.13468,7.13924,34426.5,6.6,10.2,146.7,-34.3,-1.0,-1.0,RS41-SG,403.500,7.6,250,9,2.6,,
2026-08-25T00:46:07.994Z,W4140068,7705,47.13460,7.13931,34433.1,6.6,10.5,152.2,-34.2,-1.0,-1.0,RS41-SG,403.500,7.6,250,9,2.6,,
2026-08-25T00:46:08.994Z,W4140068,7706,47.13452,7.13936,34439.4,6.3,9.8,157.2,-34.2,-1.0,-1.0,RS41-SG,403.500,7.2,250,9,2.5,,
2026-08-25T00:46:10.994Z,W4140068,7708,47.13437,7.13943,34451.5,6.0,7.8,165.7,-34.2,-1.0,-1.0,RS41-SG,403.500,6.7,250,9,2.5,,
2026-08-25T00:46:13.994Z,W4140068,7711,47.13415,7.13957,34471.5,6.6,11.7,145.7,-34.1,-1.0,-1.0,RS41-SG,403.500,6.9,250,9,2.5,,
2026-08-25T00:46:16.994Z,W4140068,7714,47.13388,7.13996,34490.3,7.2,15.1,128.2,-34.1,-1.0,-1.0,RS41-SG,403.500,7.4,250,9,2.6,,
2026-08-25T00:46:17.994Z,W4140068,7715,47.13380,7.14011,34497.7,7.7,12.3,122.8,-34.1,-1.0,-1.0,RS41-SG,403.500,7.8,250,9,2.6,,
2026-08-25T00:46:18.994Z,W4140068,7716,47.13376,7.14023,34504.9,6.7,8.4,117.6,-34.1,-1.0,-1.0,RS41-SG,403.500,8.2,250,9,2.5,,
2026-08-25T00:46:20.994Z,W4140068,7718,47.13372,7.14032,34516.4,5.6,1.2,184.6,-34.0,-1.0,-1.0,RS41-SG,403.500,8.2,250,9,2.5,,
2026-08-25T00:46:27.994Z,W4140068,7725,47.13309,7.14070,34564.1,8.3,16.0,133.2,-33.7,-1.0,-1.0,RS41-SG,403.500,7.9,250,9,2.6,,
2026-08-25T00:46:28.994Z,W4140068,7726,47.13301,7.14084,34572.3,8.0,11.9,127.5,-33.7,-1.0,-1.0,RS41-SG,403.500,7.9,250,9,2.6,,
2026-08-25T00:46:29.994Z,W4140068,7727,47.13295,7.14094,34579.6,6.7,7.6,125.4,-33.7,-1.0,-1.0,RS41-SG,403.500,7.8,250,9,2.5,,
2026-08-25T00:46:30.994Z,W4140068,7728,47.13292,7.14100,34586.1,6.1,3.6,136.3,-33.7,-1.0,-1.0,RS41-SG,403.500,7.8,250,9,2.5,,
2026-08-25T00:46:31.994Z,W4140068,7729,47.13290,7.14101,34592.4,6.5,2.7,185.0,-33.7,-1.0,-1.0,RS41-SG,403.500,7.7,250,9,2.5,,
2026-08-25T00:46:34.994Z,W4140068,7732,47.13274,7.14099,34614.2,6.9,9.8,174.1,-33.8,-1.0,-1.0,RS41-SG,403.500,7.1,250,9,2.5,,
2026-08-25T00:46:35.994Z,W4140068,7733,47.13264,7.14102,34621.0,6.6,12.4,166.1,-33.7,-1.0,-1.0,RS41-SG,403.500,7.1,250,9,2.5,,
2026-08-25T00:46:36.994Z,W4140068,7734,47.13253,7.14107,34627.8,6.9,13.8,161.0,-33.7,-1.0,-1.0,RS41-SG,403.500,7.5,250,9,2.5,,
2026-08-25T00:46:37.994Z,W4140068,7735,47.13242,7.14113,34635.1,7.6,13.6,157.5,-33.6,-1.0,-1.0,RS41-SG,403.500,7.9,250,9,2.5,,
2026-08-25T00:46:38.994Z,W4140068,7736,47.13231,7.14120,34642.8,7.7,11.8,155.5,-33.6,-1.0,-1.0,RS41-SG,403.500,8.6,250,9,2.6,,
2026-08-25T00:46:39.994Z,W4140068,7737,47.13223,7.14125,34650.3,7.3,9.3,155.2,-33.5,-1.0,-1.0,RS41-SG,403.500,8.6,250,9,2.6,,
2026-08-25T00:46:40.994Z,W4140068,7738,47.13216,7.14130,34657.4,6.8,6.8,154.6,-33.5,-1.0,-1.0,RS41-SG,403.500,7.8,250,9,2.5,,
2026-08-25T00:46:41.994Z,W4140068,7739,47.13211,7.14133,34664.3,6.9,5.3,151.2,-33.5,-1.0,-1.0,RS41-SG,403.500,7.8,250,9,2.5,,
2026-08-25T00:46:42.994Z,W4140068,7740,47.13207,7.14137,34671.1,6.8,5.1,142.4,-33.5,-1.0,-1.0,RS41-SG,403.500,7.7,250,9,2.5,,
2026-08-25T00:46:43.994Z,W4140068,7741,47.13204,7.14142,34677.7,6.3,5.6,134.1,-33.4,-1.0,-1.0,RS41-SG,403.500,8.3,250,9,2.6,,
2026-08-25T00:46:44.994Z,W4140068,7742,47.13200,7.14148,34684.0,6.3,6.1,130.4,-33.5,-1.0,-1.0,RS41-SG,403.500,8.6,250,9,2.6,,
2026-08-25T00:46:45.994Z,W4140068,7743,47.13197,7.14153,34690.5,6.7,5.8,135.1,-33.5,-1.0,-1.0,RS41-SG,403.500,8.6,250,9,2.5,,
2026-08-25T00:46:46.994Z,W4140068,7744,47.13193,7.14157,34697.3,7.0,4.9,153.3,-33.4,0.1,-1.0,RS41-SG,403.500,8.3,250,9,2.5,,
2026-08-25T00:46:47.994Z,W4140068,7745,47.13189,7.14159,34704.1,6.7,5.0,183.2,-33.4,0.1,-1.0,RS41-SG,403.500,8.1,250,9,2.5,,
2026-08-25T00:46:48.994Z,W4140068,7746,47.13184,7.14157,34710.5,6.1,6.4,205.2,-33.3,0.1,-1.0,RS41-SG,403.500,8.1,250,9,2.6,,
2026-08-25T00:46:49.994Z,W4140068,7747,47.13178,7.14152,34716.7,6.3,7.9,211.0,-33.3,0.1,-1.0,RS41-SG,403.500,8.1,250,9,2.6,,
2026-08-25T00:46:50.994Z,W4140068,7748,47.13172,7.14147,34723.1,6.7,8.5,208.4,-33.2,0.1,-1.0,RS41-SG,403.500,7.1,250,9,2.5,,
2026-08-25T00:46:51.994Z,W4140068,7749,47.13165,7.14143,34730.2,7.4,8.2,197.2,-33.2,0.1,-1.0,RS41-SG,403.500,6.8,250,9,2.5,,
2026-08-25T00:46:52.994Z,W4140068,7750,47.13158,7.14141,34737.6,7.3,7.7,178.9,-33.1,0.1,-1.0,RS41-SG,403.500,7.2,250,9,2.5,,
2026-08-25T00:46:53.994Z,W4140068,7751,47.13152,7.14143,34744.7,6.9,7.7,156.5,-33.1,0.1,-1.0,RS41-SG,403.500,8.0,250,9,2.5,,
2026-08-25T00:46:54.994Z,W4140068,7752,47.13146,7.14149,34751.4,6.5,8.1,136.4,-33.1,0.1,-1.0,RS41-SG,403.500,8.2,250,9,2.6,,
2026-08-25T00:46:55.994Z,W4140068,7753,47.13141,7.14157,34757.8,6.5,8.2,120.3,-33.0,0.1,-1.0,RS41-SG,403.500,8.5,250,9,2.6,,
2026-08-25T00:46:56.994Z,W4140068,7754,47.13139,7.14167,34764.5,6.9,7.1,107.7,-33.0,0.1,-1.0,RS41-SG,403.500,9.0,250,9,2.5,,
2026-08-25T00:46:57.994Z,W4140068,7755,47.13137,7.14174,34771.6,7.2,4.5,97.8,-33.0,0.1,-1.0,RS41-SG,403.500,9.0,250,9,2.5,,
2026-08-25T00:46:58.994Z,W4140068,7756,47.13137,7.14178,34778.7,6.9,1.0,96.3,-32.9,0.1,-1.0,RS41-SG,403.500,8.4,250,9,2.5,,
2026-08-25T00:46:59.994Z,W4140068,7757,47.13137,7.14177,34785.4,6.3,2.7,250.9,-32.9,0.1,-1.0,RS41-SG,403.500,8.2,250,9,2.6,,
2026-08-25T00:47:00.994Z,W4140068,7758,47.13135,7.14171,34791.7,6.4,6.2,241.8,-32.8,0.1,-1.0,RS41-SG,403.500,8.2,250,9,2.6,,
2026-08-25T00:47:05.994Z,W4140068,7763,47.13096,7.14159,34824.0,5.6,12.9,149.4,-32.8,0.1,-1.0,RS41-SG,403.500,6.5,250,9,2.6,,
2026-08-25T00:47:06.994Z,W4140068,7764,47.13087,7.14169,34830.0,6.4,12.4,135.6,-32.7,0.1,-1.0,RS41-SG,403.500,8.5,250,9,2.5,,
2026-08-25T00:47:07.994Z,W4140068,7765,47.13080,7.14180,34836.9,7.4,10.0,125.2,-32.7,0.1,-1.0,RS41-SG,403.500,8.8,250,9,2.5,,
2026-08-25T00:47:08.994Z,W4140068,7766,47.13077,7.14189,34844.1,7.0,6.2,118.6,-32.7,0.1,-1.0,RS41-SG,403.500,9.3,250,9,2.5,,
2026-08-25T00:47:09.994Z,W4140068,7767,47.13075,7.14194,34850.6,6.2,2.2,127.6,-32.6,0.1,-1.0,RS41-SG,403.500,9.3,250,9,2.5,,
2026-08-25T00:47:10.994Z,W4140068,7768,47.13074,7.14194,34856.5,5.6,2.0,247.5,-32.6,0.1,-1.0,RS41-SG,403.500,8.7,250,9,2.6,,
2026-08-25T00:47:11.994Z,W4140068,7769,47.13073,7.14190,34862.3,6.0,4.5,249.2,-32.5,0.1,-1.0,RS41-SG,403.500,7.6,250,9,2.6,,
2026-08-25T00:47:14.994Z,W4140068,7772,47.13061,7.14177,34882.8,6.5,7.2,186.6,-32.4,0.1,-1.0,RS41-SG,403.500,6.4,250,9,2.5,,
2026-08-25T00:47:15.994Z,W4140068,7773,47.13054,7.14177,34889.0,5.8,8.7,169.0,-32.3,0.1,-1.0,RS41-SG,403.500,7.1,250,9,2.6,,
2026-08-25T00:47:16.994Z,W4140068,7774,47.13046,7.14181,34894.7,5.7,10.1,158.3,-32.3,0.1,-1.0,RS41-SG,403.500,7.5,250,9,2.6,,
2026-08-25T00:47:17.994Z,W4140068,7775,47.13037,7.14186,34900.6,6.0,10.7,153.1,-32.3,0.1,-1.0,RS41-SG,403.500,7.8,250,9,2.5,,
2026-08-25T00:47:19.994Z,W4140068,7777,47.13022,7.14198,34913.4,6.4,8.4,154.7,-32.3,0.1,-1.0,RS41-SG,403.500,7.0,250,9,2.5,,
2026-08-25T00:47:20.994Z,W4140068,7778,47.13016,7.14202,34919.8,6.4,6.6,160.1,-32.3,0.1,-1.0,RS41-SG,403.500,8.1,250,9,2.6,,
2026-08-25T00:47:21.994Z,W4140068,7779,47.13011,7.14204,34926.2,6.5,4.9,164.2,-32.4,0.1,-1.0,RS41-SG,403.500,8.1,250,9,2.6,,
2026-08-25T00:47:22.994Z,W4140068,7780,47.13007,7.14206,34932.7,6.4,3.7,164.3,-32.4,0.1,-1.0,RS41-SG,403.500,7.8,250,9,2.5,,
2026-08-25T00:47:23.994Z,W4140068,7781,47.13004,7.14207,34939.0,6.3,3.0,155.1,-32.4,0.1,-1.0,RS41-SG,403.500,7.7,250,9,2.5,,
2026-08-25T00:47:24.994Z,W4140068,7782,47.13002,7.14209,34945.4,6.3,2.9,148.5,-32.3,0.1,-1.0,RS41-SG,403.500,7.7,250,9,2.5,,
2026-08-25T00:47:25.994Z,W4140068,7783,47.13000,7.14211,34951.8,6.5,3.2,155.8,-32.3,0.1,-1.0,RS41-SG,403.500,8.1,250,9,2.5,,
2026-08-25T00:47:26.994Z,W4140068,7784,47.12996,7.14212,34958.3,6.6,4.4,174.5,-32.3,0.1,-1.0,RS41-SG,403.500,8.1,250,9,2.6,,
2026-08-25T00:47:27.994Z,W4140068,7785,47.12991,7.14212,34964.7,6.0,6.5,189.1,-32.3,0.1,-1.0,RS41-SG,403.500,8.0,250,9,2.6,,
2026-08-25T00:47:28.994Z,W4140068,7786,47.12985,7.14209,34970.5,5.5,9.1,194.8,-32.2,0.1,-1.0,RS41-SG,403.500,7.7,250,9,2.5,,
2026-08-25T00:47:34.994Z,W4140068,7792,47.12930,7.14219,35007.1,5.1,8.1,119.9,-32.0,0.1,-1.0,RS41-SG,403.500,8.8,250,9,2.5,,
2026-08-25T00:47:35.994Z,W4140068,7793,47.12928,7.14228,35012.6,5.7,6.6,100.5,-32.0,0.1,-1.0,RS41-SG,403.500,8.8,250,9,2.5,,
2026-08-25T00:47:36.994Z,W4140068,7794,47.12927,7.14235,35019.0,7.0,4.0,95.2,-32.0,0.1,-1.0,RS41-SG,403.500,8.9,250,9,2.6,,
2026-08-25T00:47:37.994Z,W4140068,7795,47.12927,7.14238,35026.1,7.3,1.6,162.6,-31.9,0.1,-1.0,RS41-SG,403.500,8.9,250,9,2.6,,
2026-08-25T00:47:38.994Z,W4140068,7796,47.12924,7.14236,35033.0,6.3,5.2,212.6,-31.9,0.1,-1.0,RS41-SG,403.500,8.1,250,9,2.5,,
2026-08-25T00:47:39.994Z,W4140068,7797,47.12918,7.14231,35038.8,5.2,9.5,213.0,-31.9,0.1,-1.0,RS41-SG,403.500,8.1,250,9,2.5,,
2026-08-25T00:47:40.994Z,W4140068,7798,47.12910,7.14224,35043.9,5.0,13.0,206.8,-31.9,0.1,-1.0,RS41-SG,403.500,7.5,250,9,2.5,,
2026-08-25T00:47:44.994Z,W4140068,7802,47.12865,7.14222,35069.5,5.2,10.4,143.6,-31.9,0.1,-1.0,RS41-SG,403.500,8.4,250,9,2.5,,
2026-08-25T00:47:45.994Z,W4140068,7803,47.12859,7.14231,35074.3,4.4,9.4,119.8,-31.9,0.1,-1.0,RS41-SG,403.500,8.6,250,9,2.5,,
2026-08-25T00:47:46.994Z,W4140068,7804,47.12856,7.14241,35079.0,5.0,8.0,99.6,-31.9,0.1,-1.0,RS41-SG,403.500,9.7,250,9,2.5,,
2026-08-25T00:47:47.994Z,W4140068,7805,47.12856,7.14250,35084.6,6.1,5.7,89.6,-31.9,0.1,-1.0,RS41-SG,403.500,9.7,250,9,2.6,,
2026-08-25T00:47:48.994Z,W4140068,7806,47.12855,7.14256,35091.0,6.7,2.4,109.5,-32.0,0.1,-1.0,RS41-SG,403.500,8.6,250,9,2.6,,
2026-08-25T00:47:49.994Z,W4140068,7807,47.12853,7.14256,35097.5,6.3,3.5,197.6,-32.0,0.1,-1.0,RS41-SG,403.500,8.6,250,9,2.5,,
2026-08-25T00:47:50.994Z,W4140068,7808,47.12849,7.14253,35103.5,5.5,7.6,206.8,-32.0,0.1,-1.0,RS41-SG,403.500,8.6,250,9,2.5,,
2026-08-25T00:47:51.994Z,W4140068,7809,47.12841,7.14248,35108.9,5.3,11.0,202.6,-32.0,0.1,-1.0,RS41-SG,403.500,7.6,250,9,2.5,,
2026-08-25T00:47:52.994Z,W4140068,7810,47.12831,7.14244,35114.3,5.7,12.8,194.6,-32.0,0.1,-1.0,RS41-SG,403.500,7.6,250,9,2.6,,
2026-08-25T00:47:53.994Z,W4140068,7811,47.12820,7.14241,35120.3,6.3,12.9,183.6,-32.0,0.1,-1.0,RS41-SG,403.500,8.4,250,9,2.6,,
2026-08-25T00:47:54.994Z,W4140068,7812,47.12809,7.14242,35126.4,6.1,11.7,170.0,-32.0,0.1,-1.0,RS41-SG,403.500,8.4,250,9,2.5,,
2026-08-25T00:47:55.994Z,W4140068,7813,47.12800,7.14246,35132.3,5.6,10.3,154.3,-32.0,0.1,-1.0,RS41-SG,403.500,9.4,250,9,2.5,,
2026-08-25T00:47:56.994Z,W4140068,7814,47.12793,7.14253,35137.9,5.4,9.1,138.4,-32.0,0.1,-1.0,RS41-SG,403.500,9.5,250,9,2.5,,
2026-08-25T00:47:57.994Z,W4140068,7815,47.12788,7.14261,35143.5,5.7,8.1,126.5,-32.0,0.1,-1.0,RS41-SG,403.500,9.5,250,9,2.5,,
2026-08-25T00:47:58.994Z,W4140068,7816,47.12784,7.14269,35149.2,5.8,6.8,123.9,-32.0,0.1,-1.0,RS41-SG,403.500,9.8,250,9,2.6,,
2026-08-25T00:47:59.994Z,W4140068,7817,47.12781,7.14275,35154.9,5.6,5.0,132.1,-31.9,0.1,-1.0,RS41-SG,403.500,9.8,250,9,2.6,,
2026-08-25T00:48:00.994Z,W4140068,7818,47.12777,7.14278,35160.4,5.3,3.6,159.5,-31.9,0.1,-1.0,RS41-SG,403.500,9.2,250,9,2.5,,
2026-08-25T00:48:01.994Z,W4140068,7819,47.12774,7.14278,35165.8,5.5,4.1,192.9,-31.9,0.1,-1.0,RS41-SG,403.500,9.0,250,9,2.5,,
2026-08-25T00:48:02.994Z,W4140068,7820,47.12770,7.14276,35171.3,5.6,5.1,205.1,-32.0,0.1,-1.0,RS41-SG,403.500,8.8,250,9,2.5,,
2026-08-25T00:48:03.994Z,W4140068,7821,47.12766,7.14273,35177.0,5.7,6.1,205.0,-31.9,0.1,-1.0,RS41-SG,403.500,8.8,250,9,2.6,,
2026-08-25T00:48:04.994Z,W4140068,7822,47.12760,7.14270,35182.5,5.4,7.1,197.8,-31.9,0.1,-1.0,RS41-SG,403.500,8.6,250,9,2.6,,
2026-08-25T00:48:05.994Z,W4140068,7823,47.12754,7.14268,35187.9,5.2,8.1,189.0,-32.0,0.1,-1.0,RS41-SG,403.500,8.6,250,9,2.5,,
2026-08-25T00:48:06.994Z,W4140068,7824,47.12746,7.14267,35193.1,5.2,9.2,181.3,-32.0,0.1,-1.0,RS41-SG,403.500,8.8,250,9,2.5,,
2026-08-25T00:48:07.994Z,W4140068,7825,47.12737,7.14267,35198.3,5.3,10.2,175.3,-32.0,0.1,-1.0,RS41-SG,403.500,8.8,250,9,2.5,,
2026-08-25T00:48:08.994Z,W4140068,7826,47.12728,7.14269,35203.8,5.5,10.7,170.1,-32.0,0.1,-1.0,RS41-SG,403.500,8.6,250,9,2.6,,
2026-08-25T00:48:09.994Z,W4140068,7827,47.12719,7.14272,35209.4,5.9,10.4,165.5,-32.0,0.1,-1.0,RS41-SG,403.500,9.0,250,9,2.6,,
2026-08-25T00:48:10.994Z,W4140068,7828,47.12711,7.14276,35215.4,6.1,9.3,160.8,-32.1,0.1,-1.0,RS41-SG,403.500,9.0,250,9,2.5,,
2026-08-25T00:48:11.994Z,W4140068,7829,47.12704,7.14280,35221.4,6.0,7.5,155.2,-32.1,0.1,-1.0,RS41-SG,403.500,8.5,250,9,2.5,,
2026-08-25T00:48:12.994Z,W4140068,7830,47.12699,7.14284,35227.2,5.6,5.4,149.5,-32.1,0.1,-1.0,RS41-SG,403.500,9.2,250,9,2.5,,
2026-08-25T00:48:13.994Z,W4140068,7831,47.12695,7.14287,35232.6,5.1,3.1,143.1,-32.1,0.1,-1.0,RS41-SG,403.500,9.3,250,9,2.5,,
2026-08-25T00:48:14.994Z,W4140068,7832,47.12694,7.14288,35237.7,4.9,1.3,156.6,-32.1,0.1,-1.0,RS41-SG,403.500,9.3,250,9,2.6,,
2026-08-25T00:48:15.994Z,W4140068,7833,47.12693,7.14288,35242.8,5.3,1.7,226.2,-32.2,0.1,-1.0,RS41-SG,403.500,8.6,250,9,2.6,,
2026-08-25T00:48:16.994Z,W4140068,7834,47.12691,7.14285,35248.2,5.6,4.5,226.5,-32.2,0.1,-1.0,RS41-SG,403.500,8.0,250,9,2.6,,
2026-08-25T00:48:17.994Z,W4140068,7835,47.12687,7.14280,35253.6,5.2,7.9,216.6,-32.2,0.1,-1.0,RS41-SG,403.500,7.9,250,9,2.5,,
2026-08-25T00:48:18.994Z,W4140068,7836,47.12679,7.14273,35258.6,4.8,11.3,207.0,-32.2,0.1,-1.0,RS41-SG,403.500,7.9,250,9,2.5,,
2026-08-25T00:48:19.994Z,W4140068,7837,47.12669,7.14267,35263.6,5.0,13.7,196.8,-32.2,0.1,-1.0,RS41-SG,403.500,7.5,250,9,2.5,,
2026-08-25T00:48:21.994Z,W4140068,7839,47.12644,7.14264,35275.1,6.1,13.2,173.9,-32.1,0.1,-1.0,RS41-SG,403.500,7.2,250,9,2.6,,
2026-08-25T00:48:22.994Z,W4140068,7840,47.12634,7.14267,35280.9,5.6,10.8,160.8,-32.0,0.1,-1.0,RS41-SG,403.500,7.4,250,9,2.6,,
2026-08-25T00:48:23.994Z,W4140068,7841,47.12626,7.14272,35286.1,4.9,8.2,145.1,-31.9,0.1,-1.0,RS41-SG,403.500,8.4,250,9,2.5,,
2026-08-25T00:48:24.994Z,W4140068,7842,47.12622,7.14278,35291.0,4.9,5.6,127.1,-31.9,0.1,-1.0,RS41-SG,403.500,9.2,250,9,2.5,,
2026-08-25T00:48:25.994Z,W4140068,7843,47.12619,7.14283,35296.2,5.4,3.3,115.7,-31.8,0.1,-1.0,RS41-SG,403.500,9.2,250,9,2.5,,
2026-08-25T00:48:26.994Z,W4140068,7844,47.12618,7.14285,35301.8,5.9,1.5,158.5,-31.8,0.1,-1.0,RS41-SG,403.500,8.9,250,9,2.5,,
2026-08-25T00:48:27.994Z,W4140068,7845,47.12616,7.14284,35307.5,5.5,3.5,216.0,-31.8,0.1,-1.0,RS41-SG,403.500,8.8,250,9,2.6,,
2026-08-25T00:48:28.994Z,W4140068,7846,47.12613,7.14280,35312.6,4.7,6.8,219.9,-31.8,0.1,-1.0,RS41-SG,403.500,8.4,250,9,2.6,,
2026-08-25T00:48:29.994Z,W4140068,7847,47.12607,7.14273,35317.2,4.4,9.9,217.0,-31.8,0.1,-1.0,RS41-SG,403.500,8.1,250,9,2.5,,
2026-08-25T00:48:30.994Z,W4140068,7848,47.12599,7.14265,35321.7,4.5,12.1,211.9,-31.8,0.1,-1.0,RS41-SG,403.500,8.7,250,9,2.5,,
2026-08-25T00:48:31.994Z,W4140068,7849,47.12589,7.14257,35326.4,5.0,12.8,205.8,-31.8,0.1,-1.0,RS41-SG,403.500,8.7,250,9,2.5,,
2026-08-25T00:48:32.994Z,W4140068,7850,47.12579,7.14251,35331.6,5.2,12.2,197.6,-31.8,0.1,-1.0,RS41-SG,403.500,8.6,250,9,2.6,,
2026-08-25T00:48:33.994Z,W4140068,7851,47.12568,7.14248,35336.5,4.7,10.9,187.9,-31.8,0.1,-1.0,RS41-SG,403.500,7.6,250,9,2.6,,
2026-08-25T00:48:34.994Z,W4140068,7852,47.12559,7.14247,35341.1,4.5,9.8,177.0,-31.8,0.1,-1.0,RS41-SG,403.500,8.6,250,9,2.5,,
2026-08-25T00:48:35.994Z,W4140068,7853,47.12551,7.14249,35345.7,4.7,9.1,168.2,-31.8,0.1,-1.0,RS41-SG,403.500,8.6,250,9,2.5,,
2026-08-25T00:48:36.994Z,W4140068,7854,47.12543,7.14252,35350.6,5.2,8.6,165.2,-31.7,0.0,-1.0,RS41-SG,403.500,8.8,250,9,2.5,,
2026-08-25T00:48:37.994Z,W4140068,7855,47.12536,7.14254,35355.8,5.3,8.3,168.3,-31.7,0.1,-1.0,RS41-SG,403.500,8.8,250,9,2.6,,
2026-08-25T00:48:38.994Z,W4140068,7856,47.12529,7.14256,35361.0,5.0,8.0,176.0,-31.7,0.1,-1.0,RS41-SG,403.500,9.3,250,9,2.6,,
2026-08-25T00:48:39.994Z,W4140068,7857,47.12522,7.14256,35366.0,5.0,7.4,184.4,-31.6,0.1,-1.0,RS41-SG,403.500,9.3,250,9,2.5,,
2026-08-25T00:48:40.994Z,W4140068,7858,47.12516,7.14254,35371.0,5.1,6.7,193.3,-31.6,0.1,-1.0,RS41-SG,403.500,8.5,250,9,2.5,,
2026-08-25T00:48:41.994Z,W4140068,7859,47.12510,7.14252,35376.1,5.1,6.0,201.6,-31.6,0.1,-1.0,RS41-SG,403.500,8.5,250,9,2.5,,
2026-08-25T00:48:42.994Z,W4140068,7860,47.12506,7.14248,35381.1,5.1,5.7,210.8,-31.6,0.1,-1.0,RS41-SG,403.500,8.7,250,9,2.6,,
2026-08-25T00:48:43.994Z,W4140068,7861,47.12501,7.14244,35386.2,5.2,6.2,216.5,-31.6,0.1,-1.0,RS41-SG,403.500,9.3,250,9,2.6,,
2026-08-25T00:48:44.994Z,W4140068,7862,47.12496,7.14239,35391.5,5.4,7.4,217.0,-31.6,0.1,-1.0,RS41-SG,403.500,9.3,250,9,2.5,,
2026-08-25T00:48:45.994Z,W4140068,7863,47.12490,7.14232,35396.9,5.4,9.0,214.0,-31.6,0.1,-1.0,RS41-SG,403.500,8.5,250,9,2.5,,
2026-08-25T00:48:46.994Z,W4140068,7864,47.12483,7.14226,35402.3,5.3,10.6,207.8,-31.6,0.1,-1.0,RS41-SG,403.500,8.6,250,9,2.5,,
2026-08-25T00:48:47.994Z,W4140068,7865,47.12474,7.14220,35407.6,5.4,11.8,200.0,-31.6,0.1,-1.0,RS41-SG,403.500,8.6,250,9,2.5,,
2026-08-25T00:48:48.994Z,W4140068,7866,47.12463,7.14216,35413.0,5.2,12.2,190.1,-31.6,0.1,-1.0,RS41-SG,403.500,7.8,250,9,2.6,,
2026-08-25T00:48:49.994Z,W4140068,7867,47.12453,7.14215,35418.2,5.1,11.9,178.8,-31.6,0.1,-1.0,RS41-SG,403.500,8.4,250,9,2.6,,
2026-08-25T00:48:50.994Z,W4140068,7868,47.12443,7.14216,35423.2,5.0,10.7,166.5,-31.5,0.1,-1.0,RS41-SG,403.500,8.4,250,9,2.5,,
2026-08-25T00:48:51.994Z,W4140068,7869,47.12434,7.14221,35428.1,4.9,9.0,153.9,-31.5,0.1,-1.0,RS41-SG,403.500,8.2,250,9,2.5,,
2026-08-25T00:48:52.994Z,W4140068,7870,47.12429,7.14226,35433.2,5.2,6.4,143.8,-31.5,0.1,-1.0,RS41-SG,403.500,9.2,250,9,2.5,,
2026-08-25T00:48:53.994Z,W4140068,7871,47.12425,7.14230,35438.5,5.4,3.4,144.3,-31.5,0.1,-1.0,RS41-SG,403.500,9.9,250,9,2.6,,
2026-08-25T00:48:54.994Z,W4140068,7872,47.12423,7.14230,35443.8,5.3,2.1,207.9,-31.5,0.1,-1.0,RS41-SG,403.500,9.9,250,9,2.6,,
2026-08-25T00:48:55.994Z,W4140068,7873,47.12421,7.14227,35449.1,5.2,5.0,240.5,-31.5,0.1,-1.0,RS41-SG,403.500,9.1,250,9,2.5,,
2026-08-25T00:48:56.994Z,W4140068,7874,47.12418,7.14219,35454.2,5.0,8.5,235.8,-31.5,0.1,-1.0,RS41-SG,403.500,8.7,250,9,2.5,,
2026-08-25T00:48:57.994Z,W4140068,7875,47.12412,7.14209,35459.2,5.0,11.3,225.6,-31.5,0.1,-1.0,RS41-SG,403.500,8.7,250,9,2.5,,
2026-08-25T00:48:58.994Z,W4140068,7876,47.12403,7.14199,35464.1,4.9,13.3,213.2,-31.5,0.1,-1.0,RS41-SG,403.500,7.5,250,9,2.6,,
2026-08-25T00:49:01.994Z,W4140068,7879,47.12368,7.14187,35479.0,5.0,13.1,171.7,-31.4,0.1,-1.0,RS41-SG,403.500,7.6,250,9,2.5,,
2026-08-25T00:49:02.994Z,W4140068,7880,47.12357,7.14191,35484.1,5.1,11.7,159.8,-31.4,0.1,-1.0,RS41-SG,403.500,7.6,250,9,2.5,,
2026-08-25T00:49:03.994Z,W4140068,7881,47.12349,7.14197,35489.2,5.2,8.9,150.8,-31.4,0.1,-1.0,RS41-SG,403.500,9.7,250,9,2.6,,
2026-08-25T00:49:04.994Z,W4140068,7882,47.12343,7.14202,35494.4,5.2,5.7,147.5,-31.4,0.1,-1.0,RS41-SG,403.500,9.7,250,9,2.6,,
2026-08-25T00:49:05.994Z,W4140068,7883,47.12340,7.14204,35499.3,4.7,2.9,165.0,-31.4,0.1,-1.0,RS41-SG,403.500,9.4,250,9,2.5,,
2026-08-25T00:49:06.994Z,W4140068,7884,47.12338,7.14203,35504.0,4.6,3.0,222.6,-31.4,0.1,-1.0,RS41-SG,403.500,8.8,250,9,2.5,,
2026-08-25T00:49:07.994Z,W4140068,7885,47.12336,7.14199,35508.6,4.6,5.3,237.2,-31.4,0.1,-1.0,RS41-SG,403.500,9.9,250,9,2.5,,
2026-08-25T00:49:08.994Z,W4140068,7886,47.12332,7.14192,35513.5,5.0,7.7,232.1,-31.4,0.1,-1.0,RS41-SG,403.500,9.9,250,9,2.5,,
2026-08-25T00:49:10.994Z,W4140068,7888,47.12320,7.14176,35523.6,5.1,10.7,211.5,-31.4,0.1,-1.0,RS41-SG,403.500,8.2,250,9,2.6,,
2026-08-25T00:49:11.994Z,W4140068,7889,47.12311,7.14170,35528.4,4.8,11.3,201.3,-31.4,0.1,-1.0,RS41-SG,403.500,8.4,250,9,2.5,,
2026-08-25T00:49:12.994Z,W4140068,7890,47.12301,7.14166,35533.3,4.9,11.2,192.6,-31.4,0.1,-1.0,RS41-SG,403.500,8.4,250,9,2.5,,
2026-08-25T00:49:13.994Z,W4140068,7891,47.12292,7.14163,35538.2,5.1,10.5,186.1,-31.4,0.1,-1.0,RS41-SG,403.500,8.9,250,9,2.5,,
2026-08-25T00:49:14.994Z,W4140068,7892,47.12283,7.14162,35543.5,5.4,9.1,182.9,-31.4,0.1,-1.0,RS41-SG,403.500,8.9,250,9,2.6,,
2026-08-25T00:49:15.994Z,W4140068,7893,47.12275,7.14162,35548.6,4.9,7.5,182.8,-31.4,0.1,-1.0,RS41-SG,403.500,8.7,250,9,2.6,,
2026-08-25T00:49:16.994Z,W4140068,7894,47.12269,7.14161,35553.4,4.7,6.2,183.0,-31.4,0.1,-1.0,RS41-SG,403.500,9.1,250,9,2.5,,
2026-08-25T00:49:17.994Z,W4140068,7895,47.12264,7.14161,35558.0,4.7,5.3,183.0,-31.4,0.1,-1.0,RS41-SG,403.500,9.1,250,9,2.5,,
2026-08-25T00:49:18.994Z,W4140068,7896,47.12260,7.14161,35562.7,4.7,4.8,181.6,-31.4,0.1,-1.0,RS41-SG,403.500,9.3,250,9,2.5,,
2026-08-25T00:49:19.994Z,W4140068,7897,47.12256,7.14160,35567.5,4.9,4.4,183.5,-31.4,0.1,-1.0,RS41-SG,403.500,9.3,250,9,2.6,,
2026-08-25T00:49:20.994Z,W4140068,7898,47.12252,7.14159,35572.5,5.1,4.5,194.8,-31.4,0.1,-1.0,RS41-SG,403.500,9.2,250,9,2.6,,
2026-08-25T00:49:21.994Z,W4140068,7899,47.12248,7.14157,35577.5,4.9,5.3,210.8,-31.4,0.1,-1.0,RS41-SG,403.500,10.0,250,8,2.5,,
2026-08-25T00:49:22.994Z,W4140068,7900,47.12243,7.14152,35582.3,4.7,6.8,223.8,-31.3,0.1,-1.0,RS41-SG,403.500,10.0,250,9,2.5,,
2026-08-25T00:49:23.994Z,W4140068,7901,47.12238,7.14145,35586.9,4.4,8.7,228.2,-31.3,0.1,-1.0,RS41-SG,403.500,9.5,250,9,2.5,,
2026-08-25T00:49:24.994Z,W4140068,7902,47.12233,7.14135,35591.5,4.7,10.2,228.1,-31.3,0.1,-1.0,RS41-SG,403.500,9.2,250,9,2.6,,
2026-08-25T00:49:25.994Z,W4140068,7903,47.12226,7.14126,35596.3,5.0,11.1,222.1,-31.3,0.1,-1.0,RS41-SG,403.500,8.5,250,9,2.6,,
2026-08-25T00:49:26.994Z,W4140068,7904,47.12218,7.14117,35601.5,5.5,11.3,212.9,-31.3,0.0,-1.0,RS41-SG,403.500,8.2,250,9,2.5,,
2026-08-25T00:49:27.994Z,W4140068,7905,47.12209,7.14110,35607.0,5.2,10.6,200.6,-31.3,0.1,-1.0,RS41-SG,403.500,7.4,250,9,2.5,,
2026-08-25T00:49:28.994Z,W4140068,7906,47.12201,7.14107,35611.9,4.8,9.8,185.8,-31.3,0.1,-1.0,RS41-SG,403.500,8.2,250,9,2.5,,
2026-08-25T00:49:29.994Z,W4140068,7907,47.12192,7.14107,35616.6,4.6,9.0,170.4,-31.3,0.1,-1.0,RS41-SG,403.500,8.3,250,9,2.5,,
2026-08-25T00:49:30.994Z,W4140068,7908,47.12185,7.14110,35621.3,4.7,7.9,158.5,-31.3,0.1,-1.0,RS41-SG,403.500,9.4,250,9,2.6,,
2026-08-25T00:49:31.994Z,W4140068,7909,47.12179,7.14114,35626.4,5.3,6.0,153.3,-31.3,0.1,-1.0,RS41-SG,403.500,9.4,250,9,2.6,,
2026-08-25T00:49:32.994Z,W4140068,7910,47.12175,7.14116,35631.9,5.7,3.6,168.8,-31.3,0.1,-1.0,RS41-SG,403.500,9.5,250,9,2.5,,
2026-08-25T00:49:33.994Z,W4140068,7911,47.12173,7.14115,35637.3,5.0,3.1,228.1,-31.3,0.0,-1.0,RS41-SG,403.500,9.8,250,9,2.5,,
2026-08-25T00:49:34.994Z,W4140068,7912,47.12171,7.14110,35642.0,4.2,5.7,253.9,-31.3,0.1,-1.0,RS41-SG,403.500,9.8,250,9,2.5,,
2026-08-25T00:49:35.994Z,W4140068,7913,47.12170,7.14101,35646.2,4.1,8.4,258.3,-31.2,0.1,-1.0,RS41-SG,403.500,8.9,250,9,2.6,,
2026-08-25T00:49:36.994Z,W4140068,7914,47.12167,7.14090,35650.7,4.9,9.8,252.2,-31.2,0.1,-1.0,RS41-SG,403.500,8.9,250,9,2.6,,
2026-08-25T00:49:37.994Z,W4140068,7915,47.12164,7.14078,35656.0,5.7,9.8,239.4,-31.2,0.0,-1.0,RS41-SG,403.500,8.0,250,9,2.5,,
2026-08-25T00:49:38.994Z,W4140068,7916,47.12158,7.14069,35661.7,5.6,9.4,221.0,-31.2,0.0,-1.0,RS41-SG,403.500,7.9,250,9,2.5,,
2026-08-25T00:49:39.994Z,W4140068,7917,47.12151,7.14062,35666.9,4.9,9.3,200.5,-31.2,0.1,-1.0,RS41-SG,403.500,8.5,250,9,2.5,,
2026-08-25T00:49:40.994Z,W4140068,7918,47.12143,7.14060,35671.6,4.3,9.6,182.7,-31.2,0.0,-1.0,RS41-SG,403.500,8.5,250,8,2.6,,
2026-08-25T00:49:41.994Z,W4140068,7919,47.12135,7.14061,35676.0,4.6,9.7,171.4,-31.2,0.1,-1.0,RS41-SG,403.500,7.9,250,9,2.6,,
2026-08-25T00:49:42.994Z,W4140068,7920,47.12126,7.14063,35681.1,5.3,8.8,167.0,-31.2,0.1,-1.0,RS41-SG,403.500,7.9,250,9,2.5,,
2026-08-25T00:49:43.994Z,W4140068,7921,47.12119,7.14065,35686.5,5.5,7.1,171.1,-31.1,0.1,-1.0,RS41-SG,403.500,9.8,250,9,2.5,,
2026-08-25T00:49:44.994Z,W4140068,7922,47.12114,7.14065,35691.9,5.3,5.2,188.7,-31.1,0.1,-1.0,RS41-SG,403.500,9.8,250,9,2.5,,
2026-08-25T00:49:45.994Z,W4140068,7923,47.12110,7.14063,35697.2,5.0,4.3,219.9,-31.1,0.1,-1.0,RS41-SG,403.500,9.4,250,9,2.6,,
2026-08-25T00:49:46.994Z,W4140068,7924,47.12108,7.14058,35702.1,4.9,4.7,244.1,-31.1,0.1,-1.0,RS41-SG,403.500,9.4,250,9,2.6,,
2026-08-25T00:49:47.994Z,W4140068,7925,47.12106,7.14052,35707.1,5.1,5.3,253.8,-31.0,0.1,-1.0,RS41-SG,403.500,9.4,250,9,2.5,,
2026-08-25T00:49:48.994Z,W4140068,7926,47.12105,7.14045,35712.3,5.3,5.6,249.2,-31.0,0.0,-1.0,RS41-SG,403.500,9.2,250,9,2.5,,
2026-08-25T00:49:49.994Z,W4140068,7927,47.12102,7.14039,35717.7,5.3,6.0,234.3,-30.9,0.0,-1.0,RS41-SG,403.500,9.2,250,9,2.5,,
2026-08-25T00:49:50.994Z,W4140068,7928,47.12098,7.14033,35722.9,5.1,7.5,218.6,-30.9,0.1,-1.0,RS41-SG,403.500,9.1,250,9,2.5,,
2026-08-25T00:49:51.994Z,W4140068,7929,47.12092,7.14026,35727.8,4.8,9.5,209.3,-30.9,0.1,-1.0,RS41-SG,403.500,9.1,250,9,2.6,,
2026-08-25T00:49:52.994Z,W4140068,7930,47.12083,7.14020,35732.4,4.5,11.5,204.5,-30.9,0.1,-1.0,RS41-SG,403.500,9.1,250,9,2.6,,
2026-08-25T00:49:53.994Z,W4140068,7931,47.12073,7.14014,35737.2,5.0,12.6,201.4,-30.9,0.0,-1.0,RS41-SG,403.500,8.6,250,9,2.5,,
2026-08-25T00:49:54.994Z,W4140068,7932,47.12063,7.14009,35742.4,5.6,12.1,198.2,-30.8,0.1,-1.0,RS41-SG,403.500,8.0,250,9,2.5,,
2026-08-25T00:49:55.994Z,W4140068,7933,47.12053,7.14004,35748.1,5.8,10.2,194.8,-30.8,0.0,-1.0,RS41-SG,403.500,8.5,250,9,2.5,,
2026-08-25T00:49:56.994Z,W4140068,7934,47.12046,7.14002,35753.5,5.0,7.5,189.7,-30.8,0.0,-1.0,RS41-SG,403.500,8.5,250,9,2.6,,
2026-08-25T00:49:57.994Z,W4140068,7935,47.12040,7.14001,35758.1,4.2,4.8,178.1,-30.8,0.1,-1.0,RS41-SG,403.500,9.3,250,9,2.6,,
2026-08-25T00:49:58.994Z,W4140068,7936,47.12037,7.14002,35762.2,4.0,2.6,158.0,-30.8,0.1,-1.0,RS41-SG,403.500,9.4,250,9,2.5,,
2026-08-25T00:49:59.994Z,W4140068,7937,47.12036,7.14003,35766.8,5.0,1.4,135.9,-30.8,0.0,-1.0,RS41-SG,403.500,9.4,250,8,2.5,,
2026-08-25T00:50:00.994Z,W4140068,7938,47.12035,7.14004,35772.2,5.8,1.4,189.7,-30.8,0.0,-1.0,RS41-SG,403.500,9.7,250,9,2.5,,
2026-08-25T00:50:01.994Z,W4140068,7939,47.12033,7.14002,35778.1,6.0,3.8,214.1,-30.8,0.1,-1.0,RS41-SG,403.500,9.8,250,9,2.6,,
2026-08-25T00:50:02.994Z,W4140068,7940,47.12029,7.13998,35783.9,5.5,7.2,218.0,-30.8,0.1,-1.0,RS41-SG,403.500,9.8,250,9,2.6,,
2026-08-25T00:50:03.994Z,W4140068,7941,47.12023,7.13991,35788.8,4.3,10.3,218.4,-30.8,0.0,-1.0,RS41-SG,403.500,9.0,250,9,2.5,,
2026-08-25T00:50:04.994Z,W4140068,7942,47.12014,7.13982,35793.0,4.1,12.7,216.8,-30.8,0.1,-1.0,RS41-SG,403.500,8.9,250,9,2.5,,
2026-08-25T00:50:05.994Z,W4140068,7943,47.12005,7.13972,35797.5,4.7,13.5,214.3,-30.7,0.0,-1.0,RS41-SG,403.500,8.0,250,9,2.5,,
2026-08-25T00:50:07.994Z,W4140068,7945,47.11986,7.13956,35808.1,5.6,10.5,201.1,-30.7,0.1,-1.0,RS41-SG,403.500,8.0,250,9,2.6,,
2026-08-25T00:50:08.994Z,W4140068,7946,47.11978,7.13953,35813.5,5.1,8.3,189.6,-30.7,0.0,-1.0,RS41-SG,403.500,8.3,250,9,2.5,,
2026-08-25T00:50:09.994Z,W4140068,7947,47.11971,7.13952,35818.5,4.8,6.5,174.1,-30.7,0.0,-1.0,RS41-SG,403.500,8.8,250,9,2.5,,
2026-08-25T00:50:10.994Z,W4140068,7948,47.11966,7.13954,35823.5,4.9,5.1,162.3,-30.7,0.0,-1.0,RS41-SG,403.500,9.3,250,9,2.5,,
2026-08-25T00:50:11.994Z,W4140068,7949,47.11962,7.13956,35828.7,5.4,4.1,164.0,-30.7,0.0,-1.0,RS41-SG,403.500,9.3,250,9,2.5,,
2026-08-25T00:50:12.994Z,W4140068,7950,47.11959,7.13956,35834.2,5.5,3.8,188.3,-30.6,0.0,-1.0,RS41-SG,403.500,9.4,250,9,2.6,,
2026-08-25T00:50:13.994Z,W4140068,7951,47.11955,7.13954,35838.6,3.2,4.5,212.0,-30.6,0.1,-1.0,RS41-SG,403.500,9.4,250,9,2.6,,
2026-08-25T00:50:14.994Z,W4140068,7952,47.11952,7.13951,35836.7,-6.8,4.5,211.7,-30.8,0.0,-1.0,RS41-SG,403.500,9.1,250,9,2.6,,
2026-08-25T00:50:15.994Z,W4140068,7953,47.11948,7.13948,35825.3,-16.3,4.7,210.9,-30.7,0.0,-1.0,RS41-SG,403.500,9.6,250,9,2.5,,
2026-08-25T00:50:16.994Z,W4140068,7954,47.11945,7.13945,35804.5,-25.5,4.7,212.9,-30.7,0.0,-1.0,RS41-SG,403.500,9.6,250,9,2.5,,
2026-08-25T00:50:17.994Z,W4140068,7955,47.11940,7.13939,35778.6,-26.1,10.3,220.5,-30.6,0.0,-1.0,RS41-SG,403.500,8.1,250,9,2.5,,
2026-08-25T00:50:21.994Z,W4140068,7959,47.11901,7.13913,35671.5,-27.9,10.0,165.0,-30.6,0.0,-1.0,RS41-SG,403.500,7.0,250,9,2.5,,
2026-08-25T00:50:22.994Z,W4140068,7960,47.11893,7.13919,35643.3,-28.3,9.8,135.5,-30.7,0.0,-1.0,RS41-SG,403.500,9.3,250,8,2.5,,
2026-08-25T00:50:23.994Z,W4140068,7961,47.11889,7.13928,35616.3,-25.5,7.4,113.1,-30.7,0.0,-1.0,RS41-SG,403.500,9.3,250,9,2.5,,
2026-08-25T00:50:24.994Z,W4140068,7962,47.11887,7.13934,35591.6,-24.3,3.0,104.9,-30.7,0.1,-1.0,RS41-SG,403.500,9.2,250,9,2.6,,
2026-08-25T00:50:25.994Z,W4140068,7963,47.11886,7.13935,35565.8,-26.9,2.0,219.1,-30.8,0.0,-1.0,RS41-SG,403.500,9.2,250,9,2.6,,
2026-08-25T00:50:26.994Z,W4140068,7964,47.11884,7.13932,35536.5,-31.7,4.9,225.6,-30.7,0.0,-1.0,RS41-SG,403.500,8.8,250,9,2.5,,
2026-08-25T00:50:27.994Z,W4140068,7965,47.11880,7.13925,35503.5,-34.7,10.4,224.9,-30.8,0.0,-1.0,RS41-SG,403.500,8.9,250,8,2.5,,
2026-08-25T00:50:28.994Z,W4140068,7966,47.11872,7.13914,35468.3,-35.7,13.7,220.8,-30.7,0.1,-1.0,RS41-SG,403.500,8.9,250,9,2.5,,
2026-08-25T00:50:29.994Z,W4140068,7967,47.11862,7.13903,35433.1,-34.5,14.4,218.3,-30.6,0.0,-1.0,RS41-SG,403.500,7.2,250,9,2.5,,
2026-08-25T00:50:30.994Z,W4140068,7968,47.11853,7.13893,35398.9,-33.5,11.2,213.1,-30.6,0.1,-1.0,RS41-SG,403.500,7.1,250,9,2.6,,
2026-08-25T00:50:32.994Z,W4140068,7970,47.11838,7.13881,35322.1,-44.0,8.6,202.7,-30.6,0.0,-1.0,RS41-SG,403.500,8.3,250,9,2.5,,
2026-08-25T00:50:33.994Z,W4140068,7971,47.11831,7.13880,35280.9,-38.2,7.1,166.0,-30.7,0.0,-1.0,RS41-SG,403.500,8.5,250,8,2.5,,
2026-08-25T00:50:34.994Z,W4140068,7972,47.11825,7.13882,35241.2,-40.5,6.7,174.4,-30.7,0.0,-1.0,RS41-SG,403.500,8.5,250,9,2.5,,
2026-08-25T00:50:35.994Z,W4140068,7973,47.11819,7.13882,35200.4,-41.5,8.3,183.5,-30.9,0.1,-1.0,RS41-SG,403.500,9.2,250,9,2.6,,
2026-08-25T00:50:36.994Z,W4140068,7974,47.11811,7.13880,35157.0,-45.4,8.8,193.5,-30.9,0.1,-1.0,RS41-SG,403.500,9.3,250,8,2.6,,
2026-08-25T00:50:37.994Z,W4140068,7975,47.11803,7.13876,35111.9,-44.9,10.9,207.7,-30.9,0.0,-1.0,RS41-SG,403.500,9.3,250,8,2.5,,
2026-08-25T00:50:40.994Z,W4140068,7978,47.11780,7.13857,34988.3,-40.2,6.7,190.7,-31.0,0.0,-1.0,RS41-SG,403.500,7.0,250,9,2.6,,
2026-08-25T00:50:41.994Z,W4140068,7979,47.11775,7.13859,34948.1,-40.5,4.9,137.5,-31.1,0.0,-1.0,RS41-SG,403.500,7.5,250,8,2.6,,
2026-08-25T00:50:42.994Z,W4140068,7980,47.11773,7.13864,34909.2,-37.7,5.5,113.0,-31.2,0.0,-1.0,RS41-SG,403.500,7.5,250,9,2.5,,
2026-08-25T00:50:43.994Z,W4140068,7981,47.11770,7.13870,34872.7,-35.7,5.6,129.7,-31.4,0.1,-1.0,RS41-SG,403.500,9.2,250,9,2.5,,
2026-08-25T00:50:44.994Z,W4140068,7982,47.11767,7.13873,34835.4,-38.3,3.5,166.7,-31.5,0.1,-1.0,RS41-SG,403.500,9.2,250,9,2.5,,
2026-08-25T00:50:45.994Z,W4140068,7983,47.11763,7.13871,34799.1,-34.5,6.8,215.4,-31.7,0.1,-1.0,RS41-SG,403.500,9.0,250,8,2.6,,
2026-08-25T00:50:50.994Z,W4140068,7988,47.11750,7.13856,34621.5,-39.6,3.9,102.0,-32.6,0.1,-1.0,RS41-SG,403.500,6.5,250,8,2.5,,
2026-08-25T00:50:51.994Z,W4140068,7989,47.11749,7.13862,34579.1,-44.3,6.2,103.8,-32.8,0.1,-1.0,RS41-SG,403.500,7.0,250,9,2.6,,
2026-08-25T00:50:52.994Z,W4140068,7990,47.11746,7.13871,34533.7,-46.3,9.2,118.9,-32.9,0.1,-1.0,RS41-SG,403.500,8.9,250,7,2.6,,
2026-08-25T00:50:53.994Z,W4140068,7991,47.11740,7.13882,34489.2,-42.8,12.2,133.5,-33.2,0.1,-1.0,RS41-SG,403.500,8.9,250,8,2.6,,
2026-08-25T00:50:54.994Z,W4140068,7992,47.11731,7.13892,34448.9,-37.4,13.4,150.9,-33.4,0.1,-1.0,RS41-SG,403.500,8.4,250,8,2.5,,
2026-08-25T00:50:55.994Z,W4140068,7993,47.11720,7.13897,34413.1,-35.3,12.2,173.6,-33.6,0.1,-1.0,RS41-SG,403.500,8.0,250,9,2.5,,
2026-08-25T00:50:59.994Z,W4140068,7997,47.11693,7.13898,34266.1,-39.0,6.2,141.2,-34.3,0.1,-1.0,RS41-SG,403.500,6.6,250,9,2.6,,
2026-08-25T00:51:00.994Z,W4140068,7998,47.11689,7.13904,34225.7,-42.4,6.8,137.5,-34.4,0.1,-1.0,RS41-SG,403.500,6.6,250,9,2.5,,
2026-08-25T00:51:01.994Z,W4140068,7999,47.11684,7.13909,34180.4,-48.7,6.7,136.1,-34.7,0.1,-1.0,RS41-SG,403.500,7.8,250,9,2.5,,
2026-08-25T00:51:02.994Z,W4140068,8000,47.11679,7.13916,34133.5,-45.7,8.5,139.3,-35.0,0.1,-1.0,RS41-SG,403.500,8.1,250,8,2.5,,
2026-08-25T00:51:03.994Z,W4140068,8001,47.11673,7.13922,34088.3,-45.2,8.4,154.1,-35.2,0.1,-1.0,RS41-SG,403.500,8.1,250,8,2.6,,
2026-08-25T00:51:04.994Z,W4140068,8002,47.11666,7.13925,34043.2,-45.6,7.0,170.4,-35.4,0.1,-1.0,RS41-SG,403.500,8.0,250,9,2.6,,
2026-08-25T00:51:05.994Z,W4140068,8003,47.11661,7.13925,33996.8,-48.1,6.0,189.9,-35.5,0.1,-1.0,RS41-SG,403.500,7.6,250,8,2.5,,
2026-08-25T00:51:09.994Z,W4140068,8007,47.11654,7.13918,33788.4,-51.4,3.9,30.7,-35.5,0.1,-1.0,RS41-SG,403.500,7.7,250,8,2.6,08:29:34,
2026-08-25T00:51:10.994Z,W4140068,8008,47.11658,7.13922,33739.5,-47.6,5.9,34.1,-35.7,0.1,-1.0,RS41-SG,403.500,8.3,250,9,2.6,08:29:34,
2026-08-25T00:51:11.994Z,W4140068,8009,47.11661,7.13925,33696.1,-39.8,3.5,37.1,-35.9,0.1,-1.0,RS41-SG,403.500,8.3,250,7,2.6,08:29:34,
2026-08-25T00:51:12.994Z,W4140068,8010,47.11662,7.13926,33658.3,-37.0,1.0,237.5,-36.2,0.1,-1.0,RS41-SG,403.500,8.2,250,9,2.5,08:29:34,
2026-08-25T00:51:13.994Z,W4140068,8011,47.11661,7.13922,33623.5,-33.3,5.1,247.3,-36.4,0.1,-1.0,RS41-SG,403.500,8.1,250,9,2.5,08:29:34,
2026-08-25T00:51:14.994Z,W4140068,8012,47.11658,7.13915,33592.0,-31.3,7.9,240.2,-36.7,0.1,-1.0,RS41-SG,403.500,7.9,250,9,2.5,08:29:34,
2026-08-25T00:51:15.994Z,W4140068,8013,47.11655,7.13905,33562.3,-29.0,8.3,251.4,-37.0,0.1,-1.0,RS41-SG,403.500,7.3,250,9,2.5,08:29:34,
2026-08-25T00:51:17.994Z,W4140068,8015,47.11652,7.13889,33501.2,-30.8,4.4,276.0,-37.3,0.1,-1.0,RS41-SG,403.500,6.6,250,9,2.6,08:29:34,
2026-08-25T00:51:18.994Z,W4140068,8016,47.11653,7.13885,33469.0,-34.3,2.1,302.5,-37.4,0.1,-1.0,RS41-SG,403.500,6.9,250,8,2.5,08:29:34,
2026-08-25T00:51:19.994Z,W4140068,8017,47.11654,7.13884,33434.3,-35.9,1.1,15.3,-37.4,0.1,-1.0,RS41-SG,403.500,8.0,250,8,2.5,08:29:34,
2026-08-25T00:51:20.994Z,W4140068,8018,47.11655,7.13886,33399.9,-33.5,2.4,102.5,-37.5,0.1,-1.0,RS41-SG,403.500,8.0,250,9,2.5,08:29:34,
2026-08-25T00:51:21.994Z,W4140068,8019,47.11653,7.13888,33367.7,-31.4,2.8,149.5,-37.6,0.1,-1.0,RS41-SG,403.500,8.3,250,9,2.6,08:29:34,
2026-08-25T00:51:22.994Z,W4140068,8020,47.11651,7.13889,33333.2,-37.9,2.8,167.7,-37.7,0.1,-1.0,RS41-SG,403.500,8.9,250,9,2.6,08:29:34,
2026-08-25T00:51:23.994Z,W4140068,8021,47.11648,7.13888,33293.6,-42.3,3.4,198.7,-37.6,0.1,-1.0,RS41-SG,403.500,8.9,250,9,2.5,08:29:34,
2026-08-25T00:51:24.994Z,W4140068,8022,47.11645,7.13884,33252.3,-41.0,6.6,228.3,-37.7,0.1,-1.0,RS41-SG,403.500,8.7,250,9,2.5,08:29:34,
2026-08-25T00:51:25.994Z,W4140068,8023,47.11641,7.13875,33215.9,-32.7,10.0,242.8,-37.9,0.1,-1.0,RS41-SG,403.500,8.7,250,9,2.5,08:29:34,
2026-08-25T00:51:29.994Z,W4140068,8027,47.11631,7.13848,33090.1,-32.9,1.4,101.3,-39.1,0.2,-1.0,RS41-SG,403.500,7.8,250,9,2.6,08:29:34,
2026-08-25T00:51:30.994Z,W4140068,8028,47.11631,7.13852,33057.5,-33.2,4.6,90.0,-39.2,0.2,-1.0,RS41-SG,403.500,8.9,250,8,2.5,08:29:34,
2026-08-25T00:51:31.994Z,W4140068,8029,47.11631,7.13858,33026.2,-30.9,4.9,77.0,-39.3,0.2,-1.0,RS41-SG,403.500,9.2,250,9,2.5,08:29:34,
2026-08-25T00:51:32.994Z,W4140068,8030,47.11633,7.13863,32994.5,-32.9,3.8,53.5,-39.4,0.2,-1.0,RS41-SG,403.500,9.2,250,9,2.5,08:29:34,
2026-08-25T00:51:33.994Z,W4140068,8031,47.11635,7.13864,32961.9,-33.3,2.7,348.4,-39.5,0.2,-1.0,RS41-SG,403.500,9.2,250,8,2.5,08:29:34,
2026-08-25T00:51:34.994Z,W4140068,8032,47.11637,7.13862,32927.9,-36.0,3.7,298.7,-39.6,0.2,-1.0,RS41-SG,403.500,8.6,250,7,2.6,08:29:34,
2026-08-25T00:51:35.994Z,W4140068,8033,47.11637,7.13855,32892.0,-37.1,6.8,259.3,-39.7,0.2,-1.0,RS41-SG,403.500,8.7,250,8,2.6,08:29:34,
2026-08-25T00:51:36.994Z,W4140068,8034,47.11635,7.13844,32854.3,-38.8,9.1,258.1,-39.8,0.2,-1.0,RS41-SG,403.500,8.7,250,9,2.5,08:29:34,
2026-08-25T00:51:37.994Z,W4140068,8035,47.11633,7.13833,32814.9,-40.9,9.3,249.4,-39.9,0.2,-1.0,RS41-SG,403.500,7.9,250,9,2.5,08:29:34,
2026-08-25T00:51:38.994Z,W4140068,8036,47.11629,7.13822,32774.7,-40.8,8.6,238.3,-40.0,0.2,-1.0,RS41-SG,403.500,7.1,250,8,2.5,08:29:34,
2026-08-25T00:51:39.994Z,W4140068,8037,47.11625,7.13814,32734.2,-41.0,6.4,222.8,-40.1,0.2,-1.0,RS41-SG,403.500,7.2,250,9,2.6,08:29:34,
2026-08-25T00:51:40.994Z,W4140068,8038,47.11621,7.13811,32693.1,-41.7,3.9,191.9,-40.3,0.2,-1.0,RS41-SG,403.500,7.8,250,8,2.6,08:29:34,
2026-08-25T00:51:41.994Z,W4140068,8039,47.11617,7.13811,32650.8,-43.9,3.1,170.8,-40.5,0.2,-1.0,RS41-SG,403.500,7.8,250,9,2.5,08:29:34,
2026-08-25T00:51:42.994Z,W4140068,8040,47.11615,7.13812,32607.5,-44.1,2.8,133.3,-40.6,0.2,-1.0,RS41-SG,403.500,8.6,250,9,2.5,08:29:34,
2026-08-25T00:51:43.994Z,W4140068,8041,47.11614,7.13815,32566.0,-39.7,1.9,97.5,-40.6,0.2,-1.0,RS41-SG,403.500,8.7,250,9,2.5,08:29:34,
2026-08-25T00:51:44.994Z,W4140068,8042,47.11614,7.13817,32525.3,-42.6,1.6,102.7,-40.6,0.2,-1.0,RS41-SG,403.500,8.7,250,9,2.5,08:29:34,
2026-08-25T00:51:45.994Z,W4140068,8043,47.11612,7.13818,32482.8,-43.4,2.4,186.0,-40.7,0.2,-1.0,RS41-SG,403.500,8.7,250,9,2.6,08:29:34,
2026-08-25T00:51:46.994Z,W4140068,8044,47.11609,7.13815,32440.2,-42.3,5.4,216.2,-40.9,0.2,-1.0,RS41-SG,403.500,9.1,250,9,2.6,08:29:34,
2026-08-25T00:51:47.994Z,W4140068,8045,47.11604,7.13810,32400.5,-38.1,8.5,212.9,-41.0,0.2,-1.0,RS41-SG,403.500,9.1,250,9,2.6,08:29:34,
2026-08-25T00:51:48.994Z,W4140068,8046,47.11598,7.13802,32364.9,-33.9,9.9,223.8,-41.3,0.2,-1.0,RS41-SG,403.500,8.1,250,8,2.5,08:29:34,
2026-08-25T00:51:49.994Z,W4140068,8047,47.11592,7.13794,32331.4,-34.0,8.6,231.3,-41.5,0.2,-1.0,RS41-SG,403.500,7.4,250,9,2.5,08:29:34,
2026-08-25T00:51:50.994Z,W4140068,8048,47.11589,7.13786,32298.7,-32.8,6.0,238.1,-41.7,0.2,-1.0,RS41-SG,403.500,7.4,250,9,2.5,08:29:34,
2026-08-25T00:51:51.994Z,W4140068,8049,47.11586,7.13780,32268.5,-29.3,3.6,233.1,-41.9,0.2,-1.0,RS41-SG,403.500,8.4,250,9,2.5,08:29:34,
2026-08-25T00:51:52.994Z,W4140068,8050,47.11584,7.13779,32241.3,-26.9,2.1,188.0,-42.0,0.2,-1.0,RS41-SG,403.500,9.0,250,8,2.6,08:29:34,
2026-08-25T00:51:53.994Z,W4140068,8051,47.11582,7.13779,32214.8,-27.4,3.6,154.5,-42.2,0.3,-1.0,RS41-SG,403.500,9.0,250,8,2.6,08:29:34,
2026-08-25T00:51:54.994Z,W4140068,8052,47.11579,7.13782,32187.8,-28.0,5.0,146.5,-42.4,0.3,-1.0,RS41-SG,403.500,9.6,250,8,2.5,08:29:34,
2026-08-25T00:51:55.994Z,W4140068,8053,47.11575,7.13785,32160.5,-26.9,4.6,153.4,-42.5,0.3,-1.0,RS41-SG,403.500,9.6,250,9,2.5,08:29:34,
2026-08-25T00:51:56.994Z,W4140068,8054,47.11572,7.13787,32134.4,-25.9,3.7,174.1,-42.5,0.3,-1.0,RS41-SG,403.500,8.9,250,8,2.5,08:29:34,
2026-08-25T00:51:57.994Z,W4140068,8055,47.11569,7.13786,32108.8,-25.8,2.7,201.0,-42.4,0.2,-1.0,RS41-SG,403.500,8.9,250,9,2.6,08:29:34,
2026-08-25T00:51:58.994Z,W4140068,8056,47.11568,7.13784,32082.5,-27.1,2.7,279.2,-42.4,0.2,-1.0,RS41-SG,403.500,9.0,250,9,2.6,08:29:34,
2026-08-25T00:51:59.994Z,W4140068,8057,47.11569,7.13779,32056.1,-26.9,4.6,294.1,-42.5,0.3,-1.0,RS41-SG,403.500,9.0,250,8,2.5,08:29:34,
2026-08-25T00:52:00.994Z,W4140068,8058,47.11571,7.13774,32029.7,-26.7,4.2,302.1,-42.6,0.3,-1.0,RS41-SG,403.500,8.3,250,9,2.5,08:28:43,
2026-08-25T00:52:01.994Z,W4140068,8059,47.11573,7.13769,32002.9,-27.6,3.8,295.9,-42.7,0.3,-1.0,RS41-SG,403.500,8.3,250,9,2.5,08:28:43,
2026-08-25T00:52:02.994Z,W4140068,8060,47.11574,7.13766,31976.5,-26.0,1.5,296.3,-42.8,0.3,-1.0,RS41-SG,403.500,8.7,250,8,2.5,08:28:43,
2026-08-25T00:52:03.994Z,W4140068,8061,47.11574,7.13765,31951.1,-25.6,0.9,208.3,-42.8,0.3,-1.0,RS41-SG,403.500,8.7,250,9,2.6,08:28:43,
2026-08-25T00:52:04.994Z,W4140068,8062,47.11573,7.13766,31926.2,-25.1,1.9,127.4,-42.9,0.3,-1.0,RS41-SG,403.500,9.4,250,8,2.6,08:28:43,
2026-08-25T00:52:05.994Z,W4140068,8063,47.11571,7.13768,31901.9,-24.3,2.9,127.3,-42.9,0.3,-1.0,RS41-SG,403.500,9.4,250,9,2.6,08:28:43,
2026-08-25T00:52:06.994Z,W4140068,8064,47.11571,7.13771,31877.9,-24.4,2.3,77.5,-43.0,0.3,-1.0,RS41-SG,403.500,9.2,250,8,2.5,08:28:43,
2026-08-25T00:52:07.994Z,W4140068,8065,47.11572,7.13774,31853.8,-24.5,2.4,69.0,-43.0,0.3,-1.0,RS41-SG,403.500,9.4,250,9,2.5,08:28:43,
2026-08-25T00:52:08.994Z,W4140068,8066,47.11573,7.13775,31829.5,-24.9,3.1,7.7,-43.1,0.3,-1.0,RS41-SG,403.500,9.4,250,8,2.5,08:28:43,
2026-08-25T00:52:09.994Z,W4140068,8067,47.11577,7.13775,31804.9,-25.2,5.2,347.4,-43.2,0.3,-1.0,RS41-SG,403.500,9.9,250,7,2.5,08:28:43,
2026-08-25T00:52:10.994Z,W4140068,8068,47.11581,7.13772,31780.3,-24.8,4.9,328.9,-43.2,0.3,-1.0,RS41-SG,403.500,10.1,250,8,2.6,08:28:43,
2026-08-25T00:52:11.994Z,W4140068,8069,47.11585,7.13768,31755.2,-25.0,5.7,305.7,-43.3,0.3,-1.0,RS41-SG,403.500,10.1,250,9,2.6,08:28:43,
2026-08-25T00:52:12.994Z,W4140068,8070,47.11587,7.13761,31730.5,-25.1,5.8,294.7,-43.4,0.3,-1.0,RS41-SG,403.500,9.6,250,8,2.5,08:28:43,
2026-08-25T00:52:13.994Z,W4140068,8071,47.11588,7.13755,31705.7,-24.8,5.2,275.7,-43.4,0.3,-1.0,RS41-SG,403.500,9.6,250,9,2.5,08:28:43,
2026-08-25T00:52:14.994Z,W4140068,8072,47.11588,7.13748,31681.1,-24.9,4.8,254.5,-43.4,0.3,-1.0,RS41-SG,403.500,8.9,250,8,2.5,08:28:43,
2026-08-25T00:52:15.994Z,W4140068,8073,47.11586,7.13743,31656.4,-24.9,4.5,242.4,-43.5,0.3,-1.0,RS41-SG,403.500,9.4,250,8,2.6,08:28:43,
2026-08-25T00:52:16.994Z,W4140068,8074,47.11585,7.13738,31631.9,-24.8,4.1,238.3,-43.5,0.3,-1.0,RS41-SG,403.500,9.4,250,9,2.6,08:28:43,
2026-08-25T00:52:17.994Z,W4140068,8075,47.11583,7.13733,31607.5,-24.9,3.4,243.4,-43.5,0.3,-1.0,RS41-SG,403.500,9.6,250,9,2.5,08:28:43,
2026-08-25T00:52:18.994Z,W4140068,8076,47.11582,7.13729,31582.9,-25.4,2.9,252.3,-43.5,0.3,-1.0,RS41-SG,403.500,9.6,250,8,2.5,08:28:43,
2026-08-25T00:52:19.994Z,W4140068,8077,47.11582,7.13726,31557.2,-26.8,2.9,259.4,-43.6,0.3,-1.0,RS41-SG,403.500,9.5,250,9,2.5,08:28:43,
2026-08-25T00:52:20.994Z,W4140068,8078,47.11581,7.13722,31530.1,-28.6,3.0,258.0,-43.6,0.3,-1.0,RS41-SG,403.500,9.5,250,9,2.5,08:28:43,
2026-08-25T00:52:21.994Z,W4140068,8079,47.11581,7.13717,31502.3,-28.2,3.8,268.5,-43.7,0.3,-1.0,RS41-SG,403.500,9.9,250,9,2.6,08:28:43,
2026-08-25T00:52:22.994Z,W4140068,8080,47.11580,7.13712,31472.4,-32.5,3.8,256.5,-43.7,0.3,-1.0,RS41-SG,403.500,9.9,250,8,2.6,08:28:43,
2026-08-25T00:52:23.994Z,W4140068,8081,47.11580,7.13707,31439.0,-35.0,3.5,254.6,-43.7,0.3,-1.0,RS41-SG,403.500,9.8,250,9,2.6,08:28:43,
2026-08-25T00:52:24.994Z,W4140068,8082,47.11579,7.13703,31402.9,-37.9,3.5,253.2,-43.7,0.3,-1.0,RS41-SG,403.500,10.1,250,9,2.5,08:28:43,
2026-08-25T00:52:25.994Z,W4140068,8083,47.11579,7.13698,31366.8,-35.5,3.9,272.3,-43.8,0.3,-1.0,RS41-SG,403.500,10.1,250,8,2.5,08:28:43,
2026-08-25T00:52:26.994Z,W4140068,8084,47.11580,7.13693,31331.2,-36.7,3.7,286.0,-43.8,0.3,-1.0,RS41-SG,403.500,9.6,250,9,2.5,08:28:43,
2026-08-25T00:52:27.994Z,W4140068,8085,47.11581,7.13688,31293.3,-39.5,4.5,297.1,-43.8,0.3,-1.0,RS41-SG,403.500,9.6,250,9,2.5,08:28:43,
2026-08-25T00:52:28.994Z,W4140068,8086,47.11583,7.13683,31254.7,-38.5,5.5,300.6,-43.8,0.3,-1.0,RS41-SG,403.500,9.3,250,8,2.6,08:28:43,
2026-08-25T00:52:29.994Z,W4140068,8087,47.11585,7.13676,31218.1,-34.1,5.7,296.8,-43.9,0.3,-1.0,RS41-SG,403.500,8.9,250,8,2.6,08:28:43,
2026-08-25T00:52:30.994Z,W4140068,8088,47.11587,7.13670,31184.6,-32.8,5.0,293.6,-44.0,0.3,-1.0,RS41-SG,403.500,9.0,250,8,2.5,08:28:43,
2026-08-25T00:52:31.994Z,W4140068,8089,47.11588,7.13664,31153.1,-30.3,4.2,287.9,-44.1,0.3,-1.0,RS41-SG,403.500,9.0,250,8,2.5,08:28:43,
2026-08-25T00:52:32.994Z,W4140068,8090,47.11589,7.13659,31123.3,-29.5,4.0,276.1,-44.1,0.3,-1.0,RS41-SG,403.500,8.9,250,8,2.5,08:28:43,
2026-08-25T00:52:33.994Z,W4140068,8091,47.11589,7.13654,31093.9,-29.6,4.1,280.5,-44.1,0.3,-1.0,RS41-SG,403.500,9.1,250,9,2.6,08:28:43,
2026-08-25T00:52:34.994Z,W4140068,8092,47.11590,7.13648,31064.6,-29.0,4.3,291.9,-44.1,0.3,-1.0,RS41-SG,403.500,9.1,250,9,2.6,08:28:43,
2026-08-25T00:52:35.994Z,W4140068,8093,47.11592,7.13643,31035.3,-29.7,4.5,306.4,-44.1,0.3,-1.0,RS41-SG,403.500,8.8,250,7,2.5,08:28:43,
2026-08-25T00:52:36.994Z,W4140068,8094,47.11595,7.13639,31005.5,-30.1,4.9,318.8,-44.0,0.3,-1.0,RS41-SG,403.500,8.8,250,8,2.5,08:28:43,
2026-08-25T00:52:37.994Z,W4140068,8095,47.11599,7.13635,30974.2,-32.1,5.1,329.1,-44.0,0.3,-1.0,RS41-SG,403.500,8.6,250,9,2.5,08:28:43,
2026-08-25T00:52:38.994Z,W4140068,8096,47.11602,7.13633,30942.4,-31.7,3.7,338.9,-43.9,0.3,-1.0,RS41-SG,403.500,8.5,250,9,2.6,08:28:43,
2026-08-25T00:52:39.994Z,W4140068,8097,47.11604,7.13631,30910.5,-32.2,2.0,330.3,-43.9,0.3,-1.0,RS41-SG,403.500,9.0,250,9,2.6,08:28:43,
2026-08-25T00:52:40.994Z,W4140068,8098,47.11606,7.13630,30878.4,-32.5,1.1,340.8,-43.9,0.3,-1.0,RS41-SG,403.500,9.0,250,9,2.5,08:28:43,
2026-08-25T00:52:41.994Z,W4140068,8099,47.11607,7.13630,30847.1,-30.6,1.2,332.3,-43.8,0.3,-1.0,RS41-SG,403.500,8.9,250,9,2.5,08:28:43,
2026-08-25T00:52:42.994Z,W4140068,8100,47.11608,7.13629,30816.9,-29.7,1.6,316.7,-43.8,0.3,-1.0,RS41-SG,403.500,8.3,250,8,2.5,08:28:43,
2026-08-25T00:52:43.994Z,W4140068,8101,47.11610,7.13627,30787.0,-30.2,2.6,323.2,-43.8,0.3,-1.0,RS41-SG,403.500,8.4,250,8,2.5,08:28:43,
2026-08-25T00:52:44.994Z,W4140068,8102,47.11611,7.13624,30757.9,-28.5,3.5,303.5,-43.8,0.3,-1.0,RS41-SG,403.500,8.4,250,7,2.6,08:28:43,
2026-08-25T00:52:45.994Z,W4140068,8103,47.11613,7.13620,30729.3,-28.3,3.9,297.1,-43.8,0.3,-1.0,RS41-SG,403.500,8.4,250,9,2.6,08:28:43,
2026-08-25T00:52:46.994Z,W4140068,8104,47.11615,7.13616,30699.7,-30.5,3.5,305.9,-43.9,0.3,-1.0,RS41-SG,403.500,7.9,250,9,2.5,08:28:43,
2026-08-25T00:52:47.994Z,W4140068,8105,47.11617,7.13612,30670.0,-29.9,3.7,312.0,-43.9,0.3,-1.0,RS41-SG,403.500,8.7,250,8,2.5,08:28:43,
2026-08-25T00:52:48.994Z,W4140068,8106,47.11620,7.13608,30642.1,-26.1,4.8,328.2,-43.9,0.3,-1.0,RS41-SG,403.500,8.7,250,9,2.5,08:28:43,
2026-08-25T00:52:49.994Z,W4140068,8107,47.11624,7.13605,30615.4,-27.8,5.5,332.4,-43.9,0.3,-1.0,RS41-SG,403.500,8.3,250,8,2.6,08:28:43,
2026-08-25T00:52:50.994Z,W4140068,8108,47.11629,7.13602,30586.6,-29.5,6.1,338.2,-43.8,0.3,-1.0,RS41-SG,403.500,8.3,250,9,2.6,08:28:43,
2026-08-25T00:52:51.994Z,W4140068,8109,47.11635,7.13599,30556.3,-31.0,6.8,339.2,-43.9,0.3,-1.0,RS41-SG,403.500,7.8,250,8,2.5,08:27:52,
2026-08-25T00:52:52.994Z,W4140068,8110,47.11640,7.13595,30525.3,-31.4,7.0,335.2,-43.9,0.3,-1.0,RS41-SG,403.500,8.1,250,8,2.5,08:27:52,
2026-08-25T00:52:53.994Z,W4140068,8111,47.11646,7.13590,30493.5,-33.0,6.7,325.6,-43.8,0.3,-1.0,RS41-SG,403.500,8.1,250,8,2.5,08:27:52,
2026-08-25T00:52:54.994Z,W4140068,8112,47.11650,7.13584,30461.2,-32.0,6.6,309.9,-43.8,0.3,-1.0,RS41-SG,403.500,8.1,250,8,2.6,08:27:52,
2026-08-25T00:52:55.994Z,W4140068,8113,47.11653,7.13577,30429.9,-29.7,7.1,299.6,-43.9,0.3,-1.0,RS41-SG,403.500,8.0,250,9,2.6,08:27:52,
2026-08-25T00:52:56.994Z,W4140068,8114,47.11656,7.13569,30399.7,-30.6,6.8,297.7,-44.0,0.3,-1.0,RS41-SG,403.500,8.0,250,9,2.5,08:27:52,
2026-08-25T00:52:57.994Z,W4140068,8115,47.11659,7.13561,30369.7,-29.1,6.5,294.1,-44.1,0.3,-1.0,RS41-SG,403.500,7.8,250,8,2.5,08:27:52,
2026-08-25T00:52:58.994Z,W4140068,8116,47.11661,7.13554,30340.6,-29.2,6.4,292.2,-44.1,0.3,-1.0,RS41-SG,403.500,8.5,250,8,2.5,08:27:52,
2026-08-25T00:52:59.994Z,W4140068,8117,47.11663,7.13546,30312.7,-27.6,6.1,289.1,-44.1,0.3,-1.0,RS41-SG,403.500,8.7,250,9,2.6,08:27:52,
2026-08-25T00:53:00.994Z,W4140068,8118,47.11665,7.13539,30285.2,-27.2,6.6,300.7,-44.2,0.3,-1.0,RS41-SG,403.500,8.7,250,9,2.6,08:27:52,
2026-08-25T00:53:01.994Z,W4140068,8119,47.11669,7.13531,30258.3,-26.8,6.9,307.3,-44.3,0.3,-1.0,RS41-SG,403.500,8.0,250,8,2.5,08:27:52,
2026-08-25T00:53:02.994Z,W4140068,8120,47.11673,7.13525,30232.5,-24.5,6.5,324.2,-44.5,0.3,-1.0,RS41-SG,403.500,8.0,250,9,2.5,08:27:52,
2026-08-25T00:53:03.994Z,W4140068,8121,47.11678,7.13521,30208.2,-23.9,6.7,339.2,-44.5,0.3,-1.0,RS41-SG,403.500,8.2,250,8,2.5,08:27:52,
2026-08-25T00:53:04.994Z,W4140068,8122,47.11683,7.13518,30184.9,-23.0,6.3,343.1,-44.6,0.3,-1.0,RS41-SG,403.500,8.2,250,9,2.6,08:27:52,
2026-08-25T00:53:05.994Z,W4140068,8123,47.11688,7.13516,30162.5,-22.2,4.9,347.2,-44.6,0.3,-1.0,RS41-SG,403.500,8.0,250,7,2.6,08:27:52,
2026-08-25T00:53:06.994Z,W4140068,8124,47.11690,7.13515,30139.1,-24.6,2.2,332.8,-44.7,0.3,-1.0,RS41-SG,403.500,8.0,250,9,2.5,08:27:52,
2026-08-25T00:53:07.994Z,W4140068,8125,47.11691,7.13513,30112.5,-28.3,1.8,272.7,-44.8,0.3,-1.0,RS41-SG,403.500,8.4,250,9,2.5,08:27:52,
2026-08-25T00:53:08.994Z,W4140068,8126,47.11690,7.13510,30083.5,-30.6,3.2,223.1,-44.8,0.3,-1.0,RS41-SG,403.500,8.4,250,8,2.5,08:27:52,
2026-08-25T00:53:09.994Z,W4140068,8127,47.11687,7.13507,30053.8,-29.0,4.4,224.3,-44.8,0.3,-1.0,RS41-SG,403.500,8.2,250,8,2.5,08:27:52,
2026-08-25T00:53:10.994Z,W4140068,8128,47.11685,7.13502,30022.8,-32.9,4.7,231.0,-44.8,0.3,-1.0,RS41-SG,403.500,7.8,250,8,2.6,08:27:52,
2026-08-25T00:53:13.994Z,W4140068,8131,47.11684,7.13491,29913.9,-39.3,3.7,319.5,-44.9,0.3,-1.0,RS41-SG,403.500,6.3,250,8,2.5,08:27:52,
2026-08-25T00:53:14.994Z,W4140068,8132,47.11688,7.13488,29876.7,-35.6,6.6,340.9,-44.9,0.3,-1.0,RS41-SG,403.500,7.0,250,8,2.5,08:27:52,
2026-08-25T00:53:15.994Z,W4140068,8133,47.11694,7.13485,29841.9,-34.8,7.6,342.1,-45.0,0.3,-1.0,RS41-SG,403.500,7.1,250,8,2.6,08:27:52,
2026-08-25T00:53:25.994Z,W4140068,8143,47.11749,7.13417,29463.8,-37.8,10.2,295.4,-44.8,0.3,-1.0,RS41-SG,403.500,6.5,250,8,2.6,08:27:52,
2026-08-25T00:53:26.994Z,W4140068,8144,47.11753,7.13404,29425.9,-38.9,11.3,286.4,-44.8,0.3,-1.0,RS41-SG,403.500,6.5,250,8,2.6,08:27:52,
2026-08-25T00:53:34.994Z,W4140068,8152,47.11761,7.13310,29136.6,-35.4,1.5,359.2,-44.0,0.3,-1.0,RS41-SG,403.500,6.1,250,9,2.5,08:27:52,
2026-08-25T00:53:35.994Z,W4140068,8153,47.11762,7.13308,29102.0,-33.2,1.7,274.8,-44.1,0.3,-1.0,RS41-SG,403.500,6.6,250,8,2.5,08:27:52,
2026-08-25T00:53:36.994Z,W4140068,8154,47.11761,7.13305,29068.0,-35.0,3.2,242.0,-44.3,0.3,-1.0,RS41-SG,403.500,7.0,250,9,2.6,08:27:52,
