timestamp,serial,frame,lat,lon,alt,vel_v,vel_h,heading,temp,humidity,pressure,type,freq_mhz,snr,f_error_hz,sats,batt_v,burst_timer,aux_data
2026-09-27T12:24:41.996Z,X1423208,5970,45.57664,8.74757,26681.9,5.9,4.2,275.5,-273.0,-1.0,-1.0,RS41,404.900,7.1,-125,10,2.6,,
2026-09-27T12:24:42.996Z,X1423208,5971,45.57665,8.74752,26688.1,6.6,3.7,291.7,-273.0,-1.0,-1.0,RS41,404.900,7.4,-125,10,2.6,,
2026-09-27T12:24:43.996Z,X1423208,5972,45.57667,8.74748,26694.5,6.2,3.6,318.2,-273.0,-1.0,-1.0,RS41,404.900,7.4,-125,10,2.6,,
2026-09-27T12:24:44.996Z,X1423208,5973,45.57670,8.74746,26699.9,4.6,4.1,335.8,-273.0,-1.0,-1.0,RS41,404.900,6.9,-125,10,2.7,,
2026-09-27T12:24:58.996Z,X1423208,5987,45.57703,8.74713,26781.2,6.8,4.0,311.5,-273.0,-1.0,-1.0,RS41,404.900,7.0,-125,10,2.7,,
2026-09-27T12:24:59.996Z,X1423208,5988,45.57705,8.74709,26787.2,5.0,4.3,319.3,-273.0,-1.0,-1.0,RS41,404.900,7.4,-125,10,2.6,,
2026-09-27T12:25:02.996Z,X1423208,5991,45.57713,8.74697,26804.1,6.0,4.4,289.9,-273.0,-1.0,-1.0,RS41,404.900,7.8,-125,10,2.7,,
2026-09-27T12:25:03.996Z,X1423208,5992,45.57714,8.74692,26809.4,4.7,4.3,277.7,-273.0,-1.0,-1.0,RS41,404.900,7.8,-125,10,2.7,,
2026-09-27T12:25:07.996Z,X1423208,5996,45.57716,8.74679,26832.1,4.8,1.9,334.3,-273.0,-1.0,-1.0,RS41,404.900,7.2,-125,10,2.7,,
2026-09-27T12:25:14.996Z,X1423208,6003,45.57741,8.74654,26871.6,5.2,6.3,331.4,-273.0,-1.0,-1.0,RS41,404.900,7.3,-125,10,2.7,,
2026-09-27T12:25:15.996Z,X1423208,6004,45.57745,8.74650,26877.8,6.9,6.0,325.4,-273.0,-1.0,-1.0,RS41,404.900,7.0,-125,10,2.7,,
2026-09-27T12:25:29.996Z,X1423208,6018,45.57787,8.74606,26958.8,6.4,6.7,346.7,-273.0,-1.0,-1.0,RS41,404.900,7.4,-125,10,2.6,,
2026-09-27T12:25:31.996Z,X1423208,6020,45.57799,8.74602,26971.0,5.4,6.7,342.7,-273.0,-1.0,-1.0,RS41,404.900,7.5,-125,10,2.6,,
2026-09-27T12:25:32.996Z,X1423208,6021,45.57804,8.74600,26976.6,5.9,6.0,349.6,-273.0,-1.0,-1.0,RS41,404.900,7.4,-125,10,2.7,,
2026-09-27T12:25:36.996Z,X1423208,6025,45.57820,8.74606,26998.3,5.2,3.3,41.2,-53.6,-1.0,-1.0,RS41,404.900,7.8,-125,10,2.6,,
2026-09-27T12:25:38.996Z,X1423208,6027,45.57823,8.74608,27010.3,6.2,1.0,319.5,-53.6,-1.0,-1.0,RS41,404.900,7.8,-125,10,2.6,,
2026-09-27T12:25:43.996Z,X1423208,6032,45.57838,8.74600,27038.3,4.9,7.7,0.0,-53.6,-1.0,-1.0,RS41,404.900,7.2,-125,10,2.6,,
2026-09-27T12:25:46.996Z,X1423208,6035,45.57862,8.74599,27056.0,6.3,8.7,352.5,-53.6,-1.0,-1.0,RS41,404.900,6.8,-125,10,2.7,,
2026-09-27T12:25:48.996Z,X1423208,6037,45.57875,8.74595,27066.3,5.5,6.1,342.5,-53.6,-1.0,-1.0,RS41,404.900,7.8,-125,10,2.6,,
2026-09-27T12:25:52.996Z,X1423208,6041,45.57886,8.74588,27090.6,6.8,2.0,306.7,-53.6,-1.0,-1.0,RS41,404.900,7.3,-125,10,2.7,,
2026-09-27T12:25:54.996Z,X1423208,6043,45.57888,8.74583,27102.6,5.9,2.9,305.0,-53.7,-1.0,-1.0,RS41,404.900,7.9,-125,10,2.6,,
2026-09-27T12:25:55.996Z,X1423208,6044,45.57891,8.74580,27109.2,7.3,3.9,333.0,-53.9,-1.0,-1.0,RS41,404.900,7.9,-125,10,2.6,,
2026-09-27T12:25:56.996Z,X1423208,6045,45.57894,8.74579,27115.7,5.6,5.4,352.8,-53.8,-1.0,-1.0,RS41,404.900,7.8,-125,10,2.6,,
2026-09-27T12:25:57.996Z,X1423208,6046,45.57900,8.74578,27120.7,4.4,6.9,1.4,-53.7,-1.0,-1.0,RS41,404.900,7.8,-125,10,2.7,,
2026-09-27T12:25:58.996Z,X1423208,6047,45.57907,8.74579,27125.9,5.7,7.9,3.8,-53.7,-1.0,-1.0,RS41,404.900,7.8,-125,10,2.7,,
2026-09-27T12:26:00.996Z,X1423208,6049,45.57920,8.74579,27137.7,5.2,7.3,356.2,-53.6,-1.0,-1.0,RS41,404.900,7.5,-125,10,2.6,,
2026-09-27T12:26:01.996Z,X1423208,6050,45.57927,8.74578,27142.6,4.4,6.8,352.0,-53.7,-1.0,-1.0,RS41,404.900,7.5,-125,10,2.6,,
2026-09-27T12:26:02.996Z,X1423208,6051,45.57932,8.74577,27147.6,5.6,6.4,349.5,-53.7,-1.0,-1.0,RS41,404.900,6.8,-125,10,2.6,,
2026-09-27T12:26:06.996Z,X1423208,6055,45.57951,8.74573,27172.8,7.2,2.9,355.4,-53.5,-1.0,-1.0,RS41,404.900,7.5,-125,10,2.6,,
2026-09-27T12:26:10.996Z,X1423208,6059,45.57958,8.74571,27196.8,6.5,2.9,1.0,-53.4,-1.0,-1.0,RS41,404.900,7.3,-125,10,2.7,,
2026-09-27T12:26:14.996Z,X1423208,6063,45.57976,8.74568,27220.8,5.1,6.3,345.0,-53.5,-1.0,-1.0,RS41,404.900,7.7,-125,10,2.6,,
2026-09-27T12:26:32.996Z,X1423208,6081,45.58060,8.74543,27329.2,5.6,9.2,359.4,-52.8,-1.0,-1.0,RS41,404.900,7.0,-125,10,2.6,,
2026-09-27T12:26:40.996Z,X1423208,6089,45.58092,8.74534,27376.6,5.5,5.0,2.1,-52.5,-1.0,-1.0,RS41,404.900,7.0,-125,10,2.7,,
2026-09-27T12:26:41.996Z,X1423208,6090,45.58097,8.74534,27382.5,6.4,6.5,358.7,-52.5,-1.0,-1.0,RS41,404.900,7.5,-125,10,2.6,,
2026-09-27T12:26:47.996Z,X1423208,6096,45.58144,8.74521,27418.3,5.6,9.5,352.7,-52.6,-1.0,-1.0,RS41,404.900,7.7,-125,10,2.6,,
2026-09-27T12:26:50.996Z,X1423208,6099,45.58164,8.74514,27437.7,5.3,6.0,335.3,-52.8,-1.0,-1.0,RS41,404.900,7.4,-125,10,2.6,,
2026-09-27T12:26:52.996Z,X1423208,6101,45.58172,8.74509,27449.0,6.6,4.3,340.7,-52.8,-1.0,-1.0,RS41,404.900,7.8,-125,10,2.7,,
2026-09-27T12:26:55.996Z,X1423208,6104,45.58185,8.74507,27467.4,6.8,5.7,356.4,-53.0,-1.0,-1.0,RS41,404.900,7.3,-125,10,2.6,,
2026-09-27T12:26:56.996Z,X1423208,6105,45.58190,8.74506,27474.3,7.1,6.6,346.3,-53.0,-1.0,-1.0,RS41,404.900,7.6,-125,10,2.6,,
2026-09-27T12:26:57.996Z,X1423208,6106,45.58196,8.74503,27480.6,5.3,7.5,339.6,-53.0,-1.0,-1.0,RS41,404.900,7.6,-125,10,2.7,,
2026-09-27T12:26:59.996Z,X1423208,6108,45.58211,8.74496,27492.3,6.7,9.5,341.9,-53.1,-1.0,-1.0,RS41,404.900,7.8,-125,10,2.6,,
2026-09-27T12:27:02.996Z,X1423208,6111,45.58237,8.74488,27510.3,7.2,9.6,350.1,-53.3,-1.0,-1.0,RS41,404.900,7.2,-125,10,2.7,,
2026-09-27T12:27:03.996Z,X1423208,6112,45.58245,8.74486,27517.4,6.9,8.5,346.8,-53.3,-1.0,-1.0,RS41,404.900,7.2,-125,10,2.7,,
2026-09-27T12:27:14.996Z,X1423208,6123,45.58307,8.74476,27583.8,6.2,8.7,352.9,-53.2,-1.0,-1.0,RS41,404.900,7.4,-125,10,2.6,,
2026-09-27T12:27:16.996Z,X1423208,6125,45.58322,8.74474,27594.5,5.4,8.6,354.8,-53.2,-1.0,-1.0,RS41,404.900,7.7,-125,10,2.7,,
2026-09-27T12:27:17.996Z,X1423208,6126,45.58329,8.74473,27600.7,6.8,7.4,350.7,-53.2,-1.0,-1.0,RS41,404.900,7.7,-125,10,2.6,,
2026-09-27T12:27:40.996Z,X1423208,6149,45.58408,8.74443,27738.2,6.2,3.7,39.1,-52.9,-1.0,-1.0,RS41,404.900,7.3,-125,10,2.7,,
2026-09-27T12:27:41.996Z,X1423208,6150,45.58410,8.74445,27744.8,7.2,2.5,47.7,-53.0,-1.0,-1.0,RS41,404.900,8.9,-125,10,2.6,,
2026-09-27T12:27:42.996Z,X1423208,6151,45.58411,8.74447,27751.1,5.4,1.4,46.7,-53.0,-1.0,-1.0,RS41,404.900,8.9,-125,10,2.6,,
2026-09-27T12:27:43.996Z,X1423208,6152,45.58412,8.74448,27756.5,5.3,0.8,2.6,-52.9,-1.0,-1.0,RS41,404.900,7.5,-125,10,2.6,,
2026-09-27T12:27:46.996Z,X1423208,6155,45.58418,8.74445,27775.4,5.6,4.1,340.8,-52.8,-1.0,-1.0,RS41,404.900,8.4,-125,10,2.7,,
2026-09-27T12:27:47.996Z,X1423208,6156,45.58421,8.74443,27780.7,4.9,4.9,339.1,-52.8,-1.0,-1.0,RS41,404.900,8.8,-125,10,2.7,,
2026-09-27T12:27:48.996Z,X1423208,6157,45.58425,8.74440,27786.0,5.7,4.9,332.5,-52.7,-1.0,-1.0,RS41,404.900,8.8,-125,10,2.6,,
2026-09-27T12:27:50.996Z,X1423208,6159,45.58431,8.74433,27798.9,5.6,4.0,305.7,-52.7,-1.0,-1.0,RS41,404.900,7.0,-125,10,2.6,,
2026-09-27T12:27:56.996Z,X1423208,6165,45.58441,8.74428,27835.2,6.0,2.2,63.0,-52.8,-1.0,-1.0,RS41,404.900,6.9,-125,10,2.7,,
2026-09-27T12:28:01.996Z,X1423208,6170,45.58439,8.74439,27864.7,6.9,1.4,83.2,-53.1,-1.0,-1.0,RS41,404.900,6.9,-125,10,2.6,,
2026-09-27T12:28:09.996Z,X1423208,6178,45.58442,8.74413,27913.4,7.5,2.4,248.3,-53.0,-1.0,-1.0,RS41,404.900,6.9,-125,10,2.7,,
2026-09-27T12:28:10.996Z,X1423208,6179,45.58441,8.74411,27920.4,6.5,0.2,202.0,-53.1,-1.0,-1.0,RS41,404.900,7.2,-125,10,2.7,,
2026-09-27T12:28:12.996Z,X1423208,6181,45.58441,8.74415,27930.6,5.2,2.9,84.0,-52.9,-1.0,-1.0,RS41,404.900,7.4,-125,10,2.6,,
2026-09-27T12:28:13.996Z,X1423208,6182,45.58441,8.74419,27936.8,6.9,3.0,91.0,-52.8,-1.0,-1.0,RS41,404.900,7.4,-125,10,2.6,,
2026-09-27T12:28:14.996Z,X1423208,6183,45.58441,8.74422,27943.1,5.6,2.7,102.5,-52.8,-1.0,-1.0,RS41,404.900,7.6,-125,10,2.7,,
2026-09-27T12:28:15.996Z,X1423208,6184,45.58441,8.74425,27948.7,5.7,2.1,111.1,-53.0,-1.0,-1.0,RS41,404.900,7.6,-125,10,2.7,,
2026-09-27T12:28:16.996Z,X1423208,6185,45.58440,8.74428,27955.0,6.9,1.6,109.4,-53.0,-1.0,-1.0,RS41,404.900,7.2,-125,10,2.7,,
2026-09-27T12:28:19.996Z,X1423208,6188,45.58442,8.74431,27974.3,5.9,1.7,355.1,-52.9,-1.0,-1.0,RS41,404.900,7.7,-125,10,2.6,,
2026-09-27T12:28:20.996Z,X1423208,6189,45.58443,8.74430,27980.6,6.7,2.6,314.6,-53.0,-1.0,-1.0,RS41,404.900,7.7,-125,10,2.6,,
2026-09-27T12:28:25.996Z,X1423208,6194,45.58452,8.74408,28011.9,6.2,3.2,324.1,-53.1,-1.0,-1.0,RS41,404.900,7.2,-125,10,2.6,,
2026-09-27T12:28:26.996Z,X1423208,6195,45.58454,8.74407,28017.8,5.4,2.3,352.7,-53.0,-1.0,-1.0,RS41,404.900,8.1,-125,10,2.6,,
2026-09-27T12:28:27.996Z,X1423208,6196,45.58455,8.74407,28023.5,6.0,1.6,25.6,-52.9,-1.0,-1.0,RS41,404.900,8.1,-125,10,2.7,,
2026-09-27T12:28:28.996Z,X1423208,6197,45.58456,8.74408,28029.8,6.6,1.0,97.3,-52.8,-1.0,-1.0,RS41,404.900,8.0,-125,10,2.7,,
2026-09-27T12:28:29.996Z,X1423208,6198,45.58455,8.74409,28036.7,7.0,1.7,152.3,-52.7,-1.0,-1.0,RS41,404.900,8.0,-125,10,2.6,,
2026-09-27T12:28:30.996Z,X1423208,6199,45.58454,8.74410,28042.8,5.2,2.1,168.2,-52.7,-1.0,-1.0,RS41,404.900,7.5,-125,10,2.6,,
2026-09-27T12:28:32.996Z,X1423208,6201,45.58451,8.74410,28054.6,6.5,0.8,265.9,-52.7,-1.0,-1.0,RS41,404.900,7.2,-125,10,2.7,,
2026-09-27T12:28:36.996Z,X1423208,6205,45.58462,8.74402,28078.6,6.6,4.8,325.3,-52.6,-1.0,-1.0,RS41,404.900,8.1,-125,10,2.6,,
2026-09-27T12:28:37.996Z,X1423208,6206,45.58465,8.74398,28085.1,6.3,4.7,308.0,-52.7,-1.0,-1.0,RS41-SG,404.900,8.1,-125,10,2.6,,
2026-09-27T12:28:38.996Z,X1423208,6207,45.58467,8.74393,28090.9,5.3,4.8,291.8,-52.7,-1.0,-1.0,RS41-SG,404.900,7.8,-125,10,2.6,,
2026-09-27T12:28:39.996Z,X1423208,6208,45.58468,8.74387,28096.0,4.9,5.0,282.8,-52.7,-1.0,-1.0,RS41-SG,404.900,7.8,-125,10,2.7,,
2026-09-27T12:28:41.996Z,X1423208,6210,45.58470,8.74375,28108.5,7.4,4.4,296.3,-52.6,-1.0,-1.0,RS41-SG,404.900,7.1,-125,10,2.7,,
2026-09-27T12:28:44.996Z,X1423208,6213,45.58478,8.74366,28126.0,5.6,2.8,348.7,-52.4,-1.0,-1.0,RS41-SG,404.900,7.5,-125,10,2.6,,
2026-09-27T12:28:46.996Z,X1423208,6215,45.58481,8.74367,28139.1,6.4,0.9,43.0,-52.4,-1.0,-1.0,RS41-SG,404.900,7.0,-125,10,2.7,,
2026-09-27T12:28:47.996Z,X1423208,6216,45.58481,8.74367,28145.1,5.7,0.8,99.1,-52.5,-1.0,-1.0,RS41-SG,404.900,8.2,-125,10,2.6,,
2026-09-27T12:28:48.996Z,X1423208,6217,45.58481,8.74369,28151.1,6.5,0.9,80.0,-52.6,-1.0,-1.0,RS41-SG,404.900,8.5,-125,10,2.6,,
2026-09-27T12:28:49.996Z,X1423208,6218,45.58482,8.74369,28157.9,7.1,1.3,24.9,-52.5,-1.0,-1.0,RS41-SG,404.900,8.5,-125,10,2.6,,
2026-09-27T12:28:50.996Z,X1423208,6219,45.58483,8.74370,28164.1,5.3,2.2,350.4,-52.4,-1.0,-1.0,RS41-SG,404.900,8.1,-125,10,2.7,,
2026-09-27T12:28:51.996Z,X1423208,6220,45.58485,8.74368,28169.3,5.1,3.4,329.5,-52.3,-1.0,-1.0,RS41-SG,404.900,8.1,-125,10,2.7,,
2026-09-27T12:28:52.996Z,X1423208,6221,45.58488,8.74365,28174.9,6.0,4.2,308.8,-52.4,-1.0,-1.0,RS41-SG,404.900,8.4,-125,10,2.7,,
2026-09-27T12:28:53.996Z,X1423208,6222,45.58490,8.74360,28181.1,6.3,4.8,293.8,-52.4,-1.0,-1.0,RS41-SG,404.900,8.4,-125,10,2.6,,
2026-09-27T12:28:54.996Z,X1423208,6223,45.58491,8.74354,28187.0,5.6,4.8,284.9,-52.4,-1.0,-1.0,RS41-SG,404.900,8.3,-125,10,2.6,,
2026-09-27T12:28:57.996Z,X1423208,6226,45.58494,8.74343,28205.0,6.6,1.8,345.2,-52.3,-1.0,-1.0,RS41-SG,404.900,8.0,-125,10,2.7,,
2026-09-27T12:28:58.996Z,X1423208,6227,45.58496,8.74343,28210.8,4.9,2.7,17.0,-52.4,-1.0,-1.0,RS41-SG,404.900,8.0,-125,10,2.7,,
2026-09-27T12:28:59.996Z,X1423208,6228,45.58499,8.74345,28215.9,5.6,3.4,23.4,-52.3,-1.0,-1.0,RS41-SG,404.900,7.9,-125,10,2.7,,
2026-09-27T12:29:00.996Z,X1423208,6229,45.58501,8.74346,28222.1,6.9,3.1,19.6,-52.2,-1.0,-1.0,RS41-SG,404.900,8.3,-125,10,2.6,,
2026-09-27T12:29:01.996Z,X1423208,6230,45.58504,8.74347,28229.2,7.1,2.1,0.1,-52.2,-1.0,-1.0,RS41-SG,404.900,8.3,-125,10,2.6,,
2026-09-27T12:29:02.996Z,X1423208,6231,45.58505,8.74346,28235.4,5.3,1.7,324.2,-52.2,-1.0,-1.0,RS41-SG,404.900,7.6,-125,10,2.6,,
2026-09-27T12:29:03.996Z,X1423208,6232,45.58506,8.74344,28240.4,4.6,2.3,303.0,-52.3,-1.0,-1.0,RS41-SG,404.900,7.4,-125,10,2.7,,
2026-09-27T12:29:04.996Z,X1423208,6233,45.58507,8.74342,28245.8,6.3,2.6,300.0,-52.3,-1.0,-1.0,RS41-SG,404.900,7.5,-125,10,2.7,,
2026-09-27T12:29:07.996Z,X1423208,6236,45.58512,8.74337,28264.5,5.6,1.9,356.6,-52.2,-1.0,-1.0,RS41-SG,404.900,7.6,-125,10,2.6,,
2026-09-27T12:29:08.996Z,X1423208,6237,45.58513,8.74337,28270.9,7.1,1.1,15.6,-52.3,1.2,-1.0,RS41-SG,404.900,7.6,-125,10,2.7,,
2026-09-27T12:29:09.996Z,X1423208,6238,45.58514,8.74338,28277.9,6.9,0.4,81.9,-52.3,1.2,-1.0,RS41-SG,404.900,7.5,-125,10,2.7,,
2026-09-27T12:29:10.996Z,X1423208,6239,45.58514,8.74338,28284.0,5.3,0.6,141.6,-52.2,1.2,-1.0,RS41-SG,404.900,7.5,-125,10,2.7,,
2026-09-27T12:29:11.996Z,X1423208,6240,45.58513,8.74339,28289.5,5.5,0.7,118.0,-52.2,1.2,-1.0,RS41-SG,404.900,8.4,-125,10,2.6,,
2026-09-27T12:29:12.996Z,X1423208,6241,45.58514,8.74340,28295.7,7.0,1.3,59.8,-52.3,1.2,-1.0,RS41-SG,404.900,8.4,-125,10,2.6,,
2026-09-27T12:29:13.996Z,X1423208,6242,45.58515,8.74341,28302.6,6.6,2.2,40.8,-52.4,1.2,-1.0,RS41-SG,404.900,8.3,-125,10,2.6,,
2026-09-27T12:29:17.996Z,X1423208,6246,45.58524,8.74340,28328.3,4.7,3.9,311.8,-52.3,1.2,-1.0,RS41-SG,404.900,6.6,-125,10,2.7,,
2026-09-27T12:29:20.996Z,X1423208,6249,45.58531,8.74328,28346.6,5.8,3.4,320.8,-52.2,1.2,-1.0,RS41-SG,404.900,7.7,-125,10,2.6,,
2026-09-27T12:29:22.996Z,X1423208,6251,45.58534,8.74325,28359.2,7.3,1.2,7.9,-52.1,1.2,-1.0,RS41-SG,404.900,8.3,-125,10,2.7,,
2026-09-27T12:29:23.996Z,X1423208,6252,45.58535,8.74326,28366.3,6.7,0.6,89.8,-52.0,1.2,-1.0,RS41-SG,404.900,8.3,-125,10,2.6,,
2026-09-27T12:29:24.996Z,X1423208,6253,45.58535,8.74327,28372.2,5.3,1.5,130.6,-51.8,1.2,-1.0,RS41-SG,404.900,7.5,-125,10,2.6,,
2026-09-27T12:29:25.996Z,X1423208,6254,45.58533,8.74329,28377.7,5.6,2.7,125.4,-51.7,1.1,-1.0,RS41-SG,404.900,8.4,-125,10,2.6,,
2026-09-27T12:29:26.996Z,X1423208,6255,45.58532,8.74333,28384.2,7.0,3.8,112.6,-51.8,1.1,-1.0,RS41-SG,404.900,8.4,-125,10,2.7,,
2026-09-27T12:29:27.996Z,X1423208,6256,45.58531,8.74338,28390.9,6.7,4.2,103.3,-51.8,1.1,-1.0,RS41-SG,404.900,7.9,-125,10,2.7,,
2026-09-27T12:29:28.996Z,X1423208,6257,45.58530,8.74343,28397.2,6.1,3.8,96.7,-51.7,1.1,-1.0,RS41-SG,404.900,9.1,-125,10,2.7,,
2026-09-27T12:29:29.996Z,X1423208,6258,45.58530,8.74347,28404.0,7.2,2.5,91.9,-51.6,1.1,-1.0,RS41-SG,404.900,9.1,-125,10,2.6,,
2026-09-27T12:29:31.996Z,X1423208,6260,45.58530,8.74348,28417.5,5.0,1.2,265.6,-51.6,1.1,-1.0,RS41-SG,404.900,8.0,-125,10,2.6,,
2026-09-27T12:29:32.996Z,X1423208,6261,45.58530,8.74345,28422.6,5.4,2.7,279.8,-51.7,1.2,-1.0,RS41-SG,404.900,8.0,-125,10,2.6,,
2026-09-27T12:29:33.996Z,X1423208,6262,45.58531,8.74342,28428.6,6.6,3.2,294.6,-51.7,1.1,-1.0,RS41-SG,404.900,8.0,-125,10,2.7,,
2026-09-27T12:29:35.996Z,X1423208,6264,45.58534,8.74337,28440.2,4.8,2.7,332.3,-51.6,1.1,-1.0,RS41-SG,404.900,6.8,-125,10,2.7,,
2026-09-27T12:29:36.996Z,X1423208,6265,45.58536,8.74335,28445.5,5.8,2.3,343.7,-51.6,1.2,-1.0,RS41-SG,404.900,7.9,-125,10,2.6,,
2026-09-27T12:29:40.996Z,X1423208,6269,45.58537,8.74338,28470.9,5.9,3.1,133.7,-51.8,1.2,-1.0,RS41-SG,404.900,7.4,-125,10,2.7,,
2026-09-27T12:29:41.996Z,X1423208,6270,45.58535,8.74342,28477.2,6.6,4.8,126.2,-51.7,1.2,-1.0,RS41-SG,404.900,7.6,-125,10,2.6,,
2026-09-27T12:29:42.996Z,X1423208,6271,45.58532,8.74347,28483.2,5.5,5.8,122.3,-51.8,1.2,-1.0,RS41-SG,404.900,8.0,-125,10,2.6,,
2026-09-27T12:29:43.996Z,X1423208,6272,45.58529,8.74353,28489.0,6.1,5.9,121.7,-52.0,1.2,-1.0,RS41-SG,404.900,8.8,-125,10,2.6,,
2026-09-27T12:29:44.996Z,X1423208,6273,45.58527,8.74359,28495.6,7.4,4.8,129.1,-52.0,1.2,-1.0,RS41-SG,404.900,8.8,-125,10,2.7,,
2026-09-27T12:29:45.996Z,X1423208,6274,45.58524,8.74362,28502.8,6.8,3.3,153.6,-52.0,1.2,-1.0,RS41-SG,404.900,8.5,-125,10,2.7,,
2026-09-27T12:29:46.996Z,X1423208,6275,45.58521,8.74363,28509.0,5.7,2.8,192.8,-52.0,1.2,-1.0,RS41-SG,404.900,8.3,-125,10,2.7,,
2026-09-27T12:29:47.996Z,X1423208,6276,45.58519,8.74361,28514.3,4.8,3.0,217.5,-52.0,1.2,-1.0,RS41-SG,404.900,8.7,-125,10,2.6,,
2026-09-27T12:29:48.996Z,X1423208,6277,45.58517,8.74359,28519.6,5.8,2.7,226.4,-52.0,1.2,-1.0,RS41-SG,404.900,8.7,-125,10,2.6,,
2026-09-27T12:29:49.996Z,X1423208,6278,45.58516,8.74357,28526.2,7.4,1.5,214.6,-52.0,1.2,-1.0,RS41-SG,404.900,8.2,-125,10,2.6,,
2026-09-27T12:29:50.996Z,X1423208,6279,45.58515,8.74357,28533.0,6.1,1.1,142.3,-52.0,1.2,-1.0,RS41-SG,404.900,8.2,-125,10,2.6,,
2026-09-27T12:29:51.996Z,X1423208,6280,45.58514,8.74359,28538.6,5.0,2.5,112.1,-52.0,1.2,-1.0,RS41-SG,404.900,8.4,-125,10,2.7,,
2026-09-27T12:29:52.996Z,X1423208,6281,45.58513,8.74363,28544.0,5.7,3.9,110.6,-51.9,1.2,-1.0,RS41-SG,404.900,8.4,-125,10,2.7,,
2026-09-27T12:29:57.996Z,X1423208,6286,45.58503,8.74386,28575.6,6.5,4.3,104.7,-52.0,1.2,-1.0,RS41-SG,404.900,9.3,-125,10,2.7,,
2026-09-27T12:29:58.996Z,X1423208,6287,45.58503,8.74392,28582.2,6.6,4.2,87.5,-52.1,1.2,-1.0,RS41-SG,404.900,9.3,-125,10,2.7,,
2026-09-27T12:29:59.996Z,X1423208,6288,45.58504,8.74397,28588.4,5.8,4.0,66.2,-52.1,1.2,-1.0,RS41-SG,404.900,9.2,-125,10,2.6,,
2026-09-27T12:30:00.996Z,X1423208,6289,45.58506,8.74401,28594.3,5.9,3.7,37.6,-52.0,1.2,-1.0,RS41-SG,404.900,9.6,-125,10,2.6,,
2026-09-27T12:30:01.996Z,X1423208,6290,45.58509,8.74402,28600.4,6.3,3.8,5.6,-52.1,1.2,-1.0,RS41-SG,404.900,9.6,-125,10,2.6,,
2026-09-27T12:30:02.996Z,X1423208,6291,45.58512,8.74402,28606.6,6.1,4.4,340.2,-52.0,1.2,-1.0,RS41-SG,404.900,8.9,-125,10,2.7,,
2026-09-27T12:30:03.996Z,X1423208,6292,45.58516,8.74399,28612.2,5.1,4.8,326.8,-51.9,1.2,-1.0,RS41-SG,404.900,8.6,-125,10,2.7,,
2026-09-27T12:30:04.996Z,X1423208,6293,45.58519,8.74396,28617.4,5.4,4.6,322.9,-51.9,1.2,-1.0,RS41-SG,404.900,8.2,-125,10,2.7,,
2026-09-27T12:30:05.996Z,X1423208,6294,45.58523,8.74393,28623.4,6.6,3.8,336.9,-51.9,1.2,-1.0,RS41-SG,404.900,7.8,-125,10,2.6,,
2026-09-27T12:30:06.996Z,X1423208,6295,45.58526,8.74392,28630.3,7.4,3.1,16.1,-51.8,1.2,-1.0,RS41-SG,404.900,8.8,-125,10,2.6,,
2026-09-27T12:30:07.996Z,X1423208,6296,45.58528,8.74395,28637.2,6.1,3.9,53.5,-51.8,1.2,-1.0,RS41-SG,404.900,9.9,-125,10,2.6,,
2026-09-27T12:30:08.996Z,X1423208,6297,45.58529,8.74400,28642.4,4.5,5.2,76.6,-51.9,1.2,-1.0,RS41-SG,404.900,9.9,-125,10,2.6,,
2026-09-27T12:30:09.996Z,X1423208,6298,45.58530,8.74407,28647.0,4.8,6.4,96.5,-51.8,1.2,-1.0,RS41-SG,404.900,9.3,-125,10,2.7,,
2026-09-27T12:30:10.996Z,X1423208,6299,45.58528,8.74416,28652.3,5.9,7.0,112.8,-51.8,1.2,-1.0,RS41-SG,404.900,9.9,-125,10,2.7,,
2026-09-27T12:30:11.996Z,X1423208,6300,45.58525,8.74423,28658.8,7.0,6.5,126.9,-51.8,1.2,-1.0,RS41-SG,404.900,9.9,-125,10,2.7,,
2026-09-27T12:30:12.996Z,X1423208,6301,45.58522,8.74429,28665.2,5.8,5.2,135.6,-51.8,1.2,-1.0,RS41-SG,404.900,9.4,-125,10,2.6,,
2026-09-27T12:30:13.996Z,X1423208,6302,45.58519,8.74432,28671.4,6.4,2.7,135.6,-51.8,1.2,-1.0,RS41-SG,404.900,8.9,-125,10,2.6,,
2026-09-27T12:30:14.996Z,X1423208,6303,45.58519,8.74434,28678.0,6.8,1.2,32.5,-51.9,1.2,-1.0,RS41-SG,404.900,9.2,-125,10,2.6,,
2026-09-27T12:30:15.996Z,X1423208,6304,45.58521,8.74434,28684.5,6.1,4.2,359.7,-51.9,1.2,-1.0,RS41-SG,404.900,9.2,-125,10,2.7,,
2026-09-27T12:30:16.996Z,X1423208,6305,45.58526,8.74434,28689.4,3.8,6.5,359.2,-51.9,1.2,-1.0,RS41-SG,404.900,9.1,-125,10,2.7,,
2026-09-27T12:30:17.996Z,X1423208,6306,45.58533,8.74434,28693.8,5.0,8.4,359.4,-52.1,1.2,-1.0,RS41-SG,404.900,9.1,-125,10,2.6,,
2026-09-27T12:30:18.996Z,X1423208,6307,45.58540,8.74434,28700.2,7.7,8.4,359.1,-52.3,1.2,-1.0,RS41-SG,404.900,8.7,-125,10,2.6,,
2026-09-27T12:30:19.996Z,X1423208,6308,45.58547,8.74434,28707.5,7.0,7.1,0.9,-52.2,1.2,-1.0,RS41-SG,404.900,8.4,-125,10,2.6,,
2026-09-27T12:30:20.996Z,X1423208,6309,45.58553,8.74434,28713.9,5.7,5.3,9.3,-52.2,1.2,-1.0,RS41-SG,404.900,8.0,-125,10,2.7,,
2026-09-27T12:30:21.996Z,X1423208,6310,45.58556,8.74437,28720.1,6.9,3.9,41.6,-52.2,1.2,-1.0,RS41-SG,404.900,9.5,-125,10,2.7,,
2026-09-27T12:30:22.996Z,X1423208,6311,45.58558,8.74441,28726.5,6.0,4.6,71.5,-52.3,1.3,-1.0,RS41-SG,404.900,9.8,-125,10,2.7,,
2026-09-27T12:30:23.996Z,X1423208,6312,45.58559,8.74447,28732.2,5.3,5.5,88.6,-52.2,1.3,-1.0,RS41-SG,404.900,9.8,-125,10,2.6,,
2026-09-27T12:30:24.996Z,X1423208,6313,45.58558,8.74455,28738.2,6.9,6.0,104.8,-52.1,1.2,-1.0,RS41-SG,404.900,9.8,-125,10,2.6,,
2026-09-27T12:30:25.996Z,X1423208,6314,45.58556,8.74461,28745.4,7.2,5.5,117.2,-52.0,1.2,-1.0,RS41-SG,404.900,9.8,-125,10,2.6,,
2026-09-27T12:30:26.996Z,X1423208,6315,45.58554,8.74467,28751.8,5.7,4.4,122.4,-52.0,1.2,-1.0,RS41-SG,404.900,9.3,-125,10,2.6,,
2026-09-27T12:30:27.996Z,X1423208,6316,45.58553,8.74471,28757.9,6.6,2.7,109.4,-52.0,1.2,-1.0,RS41-SG,404.900,7.9,-125,10,2.7,,
2026-09-27T12:30:28.996Z,X1423208,6317,45.58553,8.74474,28764.7,6.9,2.5,50.3,-52.0,1.2,-1.0,RS41-SG,404.900,7.7,-125,10,2.7,,
2026-09-27T12:30:29.996Z,X1423208,6318,45.58556,8.74476,28771.3,6.2,4.4,22.9,-51.9,1.2,-1.0,RS41-SG,404.900,8.2,-125,10,2.7,,
2026-09-27T12:30:30.996Z,X1423208,6319,45.58560,8.74478,28776.6,4.4,6.2,14.0,-51.9,1.2,-1.0,RS41-SG,404.900,8.5,-125,10,2.6,,
2026-09-27T12:30:31.996Z,X1423208,6320,45.58566,8.74480,28781.6,5.6,7.5,7.3,-52.0,1.2,-1.0,RS41-SG,404.900,8.5,-125,10,2.6,,
2026-09-27T12:30:32.996Z,X1423208,6321,45.58573,8.74481,28788.0,7.1,7.8,2.2,-52.1,1.2,-1.0,RS41-SG,404.900,8.1,-125,10,2.6,,
2026-09-27T12:30:33.996Z,X1423208,6322,45.58580,8.74481,28794.8,6.3,7.1,1.2,-52.1,1.1,-1.0,RS41-SG,404.900,7.8,-125,10,2.7,,
2026-09-27T12:30:34.996Z,X1423208,6323,45.58585,8.74482,28801.3,6.8,5.6,10.0,-52.0,1.2,-1.0,RS41-SG,404.900,7.8,-125,10,2.7,,
2026-09-27T12:30:35.996Z,X1423208,6324,45.58590,8.74484,28807.9,6.4,4.9,33.3,-51.9,1.2,-1.0,RS41-SG,404.900,7.3,-125,10,2.6,,
2026-09-27T12:30:36.996Z,X1423208,6325,45.58593,8.74488,28814.0,5.9,5.3,58.1,-51.9,1.2,-1.0,RS41-SG,404.900,9.0,-125,10,2.6,,
2026-09-27T12:30:37.996Z,X1423208,6326,45.58595,8.74495,28819.4,4.8,6.0,73.8,-51.8,1.2,-1.0,RS41-SG,404.900,9.0,-125,10,2.6,,
2026-09-27T12:30:38.996Z,X1423208,6327,45.58596,8.74503,28824.4,5.2,6.1,83.0,-51.9,1.2,-1.0,RS41-SG,404.900,8.9,-125,10,2.7,,
2026-09-27T12:30:39.996Z,X1423208,6328,45.58596,8.74510,28830.3,6.7,4.9,90.2,-52.0,1.3,-1.0,RS41-SG,404.900,9.3,-125,10,2.7,,
2026-09-27T12:30:40.996Z,X1423208,6329,45.58596,8.74514,28837.5,7.4,2.9,96.0,-52.0,1.2,-1.0,RS41-SG,404.900,9.3,-125,10,2.7,,
2026-09-27T12:30:41.996Z,X1423208,6330,45.58596,8.74517,28843.8,5.2,1.2,102.5,-51.9,1.2,-1.0,RS41-SG,404.900,8.6,-125,10,2.6,,
2026-09-27T12:30:42.996Z,X1423208,6331,45.58596,8.74518,28848.7,4.4,0.1,273.2,-51.9,1.2,-1.0,RS41-SG,404.900,8.5,-125,10,2.6,,
2026-09-27T12:30:43.996Z,X1423208,6332,45.58596,8.74517,28854.0,5.9,0.8,320.9,-51.9,1.2,-1.0,RS41-SG,404.900,8.5,-125,10,2.6,,
2026-09-27T12:30:44.996Z,X1423208,6333,45.58597,8.74517,28860.4,7.1,1.4,8.9,-52.1,1.2,-1.0,RS41-SG,404.900,9.3,-125,10,2.6,,
2026-09-27T12:30:45.996Z,X1423208,6334,45.58598,8.74518,28866.8,5.7,2.3,30.1,-52.1,1.2,-1.0,RS41-SG,404.900,9.3,-125,10,2.7,,
2026-09-27T12:30:46.996Z,X1423208,6335,45.58600,8.74520,28872.3,5.3,3.1,36.9,-52.1,1.2,-1.0,RS41-SG,404.900,8.6,-125,10,2.7,,
2026-09-27T12:30:47.996Z,X1423208,6336,45.58603,8.74522,28878.2,6.5,3.4,37.1,-52.1,1.2,-1.0,RS41-SG,404.900,8.6,-125,10,2.7,,
2026-09-27T12:30:48.996Z,X1423208,6337,45.58605,8.74525,28884.9,6.8,3.3,29.1,-52.1,1.2,-1.0,RS41-SG,404.900,8.4,-125,10,2.6,,
2026-09-27T12:30:49.996Z,X1423208,6338,45.58608,8.74526,28891.7,6.6,2.9,19.8,-52.1,1.2,-1.0,RS41-SG,404.900,7.6,-125,10,2.6,,
2026-09-27T12:30:54.996Z,X1423208,6343,45.58617,8.74540,28920.7,4.9,4.8,67.2,-52.3,1.2,-1.0,RS41-SG,404.900,7.4,-125,10,2.6,,
2026-09-27T12:30:55.996Z,X1423208,6344,45.58618,8.74546,28926.1,5.8,4.8,69.0,-52.3,1.2,-1.0,RS41-SG,404.900,7.5,-125,10,2.6,,
2026-09-27T12:30:56.996Z,X1423208,6345,45.58620,8.74551,28932.8,7.6,3.6,62.5,-52.5,1.3,-1.0,RS41-SG,404.900,9.2,-125,10,2.7,,
2026-09-27T12:30:57.996Z,X1423208,6346,45.58621,8.74554,28939.3,5.7,2.7,45.0,-52.5,1.2,-1.0,RS41-SG,404.900,9.2,-125,10,2.7,,
2026-09-27T12:30:58.996Z,X1423208,6347,45.58623,8.74555,28944.9,5.3,2.6,16.7,-52.5,1.2,-1.0,RS41-SG,404.900,8.1,-125,10,2.7,,
2026-09-27T12:30:59.996Z,X1423208,6348,45.58626,8.74556,28950.9,6.7,3.5,6.2,-52.6,1.2,-1.0,RS41-SG,404.900,8.1,-125,10,2.6,,
2026-09-27T12:31:00.996Z,X1423208,6349,45.58630,8.74557,28957.8,7.2,4.4,13.8,-52.7,1.2,-1.0,RS41-SG,404.900,7.9,-125,10,2.6,,
2026-09-27T12:31:01.996Z,X1423208,6350,45.58634,8.74559,28964.1,5.5,5.1,17.4,-52.8,1.2,-1.0,RS41-SG,404.900,8.6,-125,10,2.6,,
2026-09-27T12:31:05.996Z,X1423208,6354,45.58647,8.74566,28988.9,5.2,1.7,43.0,-52.5,1.3,-1.0,RS41-SG,404.900,7.4,-125,10,2.7,,
2026-09-27T12:31:06.996Z,X1423208,6355,45.58647,8.74568,28994.8,6.5,2.0,92.4,-52.6,1.3,-1.0,RS41-SG,404.900,8.3,-125,10,2.6,,
2026-09-27T12:31:07.996Z,X1423208,6356,45.58647,8.74571,29001.3,6.8,3.4,104.1,-52.7,1.3,-1.0,RS41-SG,404.900,8.7,-125,10,2.6,,
2026-09-27T12:31:08.996Z,X1423208,6357,45.58646,8.74576,29007.6,5.8,4.4,103.0,-52.7,1.2,-1.0,RS41-SG,404.900,8.7,-125,10,2.6,,
2026-09-27T12:31:10.996Z,X1423208,6359,45.58644,8.74587,29019.0,6.1,4.2,112.1,-52.5,1.2,-1.0,RS41,404.900,8.6,-125,10,2.7,,
2026-09-27T12:31:11.996Z,X1423208,6360,45.58642,8.74591,29025.7,7.3,3.0,122.8,-52.4,1.2,-1.0,RS41,404.900,8.6,-125,10,2.6,,
2026-09-27T12:31:12.996Z,X1423208,6361,45.58641,8.74594,29032.5,6.2,1.8,130.4,-52.3,1.2,-1.0,RS41,404.900,7.7,-125,10,2.6,,
2026-09-27T12:31:13.996Z,X1423208,6362,45.58640,8.74595,29038.3,5.6,0.5,105.5,-52.3,1.2,-1.0,RS41,404.900,8.4,-125,10,2.6,,
2026-09-27T12:31:14.996Z,X1423208,6363,45.58641,8.74595,29044.6,6.9,1.9,4.0,-52.2,1.2,-1.0,RS41,404.900,8.8,-125,10,2.7,,
2026-09-27T12:31:15.996Z,X1423208,6364,45.58644,8.74596,29051.6,7.1,4.1,9.0,-52.2,1.2,-1.0,RS41,404.900,8.8,-125,10,2.7,,
2026-09-27T12:31:16.996Z,X1423208,6365,45.58648,8.74597,29057.5,4.5,5.4,13.7,-52.2,1.2,-1.0,RS41,404.900,8.7,-125,10,2.7,,
2026-09-27T12:31:17.996Z,X1423208,6366,45.58653,8.74599,29062.5,5.5,6.1,17.5,-52.3,1.2,-1.0,RS41,404.900,8.7,-125,10,2.6,,
2026-09-27T12:31:19.996Z,X1423208,6368,45.58662,8.74603,29075.8,6.6,3.7,24.7,-52.2,1.2,-1.0,RS41,404.900,8.2,-125,10,2.6,,
2026-09-27T12:31:20.996Z,X1423208,6369,45.58664,8.74605,29081.6,5.2,2.3,39.5,-52.2,1.1,-1.0,RS41,404.900,8.2,-125,10,2.6,,
2026-09-27T12:31:21.996Z,X1423208,6370,45.58665,8.74607,29087.3,6.1,2.2,79.8,-52.1,1.2,-1.0,RS41,404.900,8.7,-125,10,2.7,,
2026-09-27T12:31:22.996Z,X1423208,6371,45.58665,8.74611,29093.7,6.8,3.0,101.1,-52.1,1.2,-1.0,RS41,404.900,8.7,-125,10,2.7,,
2026-09-27T12:31:23.996Z,X1423208,6372,45.58664,8.74615,29100.1,5.8,3.5,104.3,-52.1,1.2,-1.0,RS41,404.900,9.2,-125,10,2.7,,
2026-09-27T12:31:24.996Z,X1423208,6373,45.58663,8.74619,29106.1,6.1,3.1,111.3,-52.1,1.2,-1.0,RS41,404.900,9.4,-125,10,2.6,,
2026-09-27T12:31:25.996Z,X1423208,6374,45.58662,8.74622,29112.6,6.8,2.1,127.6,-52.2,1.2,-1.0,RS41,404.900,9.4,-125,10,2.6,,
2026-09-27T12:31:26.996Z,X1423208,6375,45.58661,8.74623,29118.6,5.3,1.3,160.0,-52.2,1.2,-1.0,RS41,404.900,8.2,-125,10,2.6,,
2026-09-27T12:31:27.996Z,X1423208,6376,45.58660,8.74623,29123.9,5.3,0.9,202.1,-52.3,1.2,-1.0,RS41,404.900,8.2,-125,10,2.7,,
2026-09-27T12:31:28.996Z,X1423208,6377,45.58660,8.74623,29130.0,7.0,0.4,302.1,-52.3,1.2,-1.0,RS41,404.900,8.5,-125,10,2.7,,
2026-09-27T12:31:29.996Z,X1423208,6378,45.58661,8.74623,29137.0,6.8,1.7,20.1,-52.4,1.2,-1.0,RS41,404.900,8.5,-125,10,2.6,,
2026-09-27T12:31:31.996Z,X1423208,6380,45.58666,8.74627,29147.5,3.9,4.4,31.7,-52.4,1.2,-1.0,RS41,404.900,8.2,-125,10,2.6,,
2026-09-27T12:31:32.996Z,X1423208,6381,45.58669,8.74630,29151.8,4.9,5.0,29.1,-52.4,1.2,-1.0,RS41,404.900,8.2,-125,10,2.7,,
2026-09-27T12:31:33.996Z,X1423208,6382,45.58673,8.74632,29157.6,6.5,4.9,22.9,-52.4,1.2,-1.0,RS41,404.900,8.0,-125,10,2.7,,
2026-09-27T12:31:34.996Z,X1423208,6383,45.58677,8.74634,29164.2,6.7,4.0,16.0,-52.5,1.2,-1.0,RS41,404.900,7.9,-125,10,2.7,,
2026-09-27T12:31:35.996Z,X1423208,6384,45.58680,8.74635,29170.4,5.4,2.7,12.7,-52.4,1.2,-1.0,RS41,404.900,7.6,-125,10,2.6,,
2026-09-27T12:31:36.996Z,X1423208,6385,45.58681,8.74636,29175.8,5.4,1.1,37.8,-52.3,1.2,-1.0,RS41,404.900,8.0,-125,10,2.6,,
2026-09-27T12:31:37.996Z,X1423208,6386,45.58681,8.74637,29181.9,6.7,1.8,127.7,-52.3,1.2,-1.0,RS41,404.900,8.2,-125,10,2.6,,
2026-09-27T12:31:38.996Z,X1423208,6387,45.58680,8.74640,29188.1,5.7,3.0,130.9,-52.3,1.3,-1.0,RS41,404.900,8.3,-125,10,2.7,,
2026-09-27T12:31:39.996Z,X1423208,6388,45.58678,8.74643,29193.4,5.0,3.6,129.3,-52.2,1.2,-1.0,RS41,404.900,8.3,-125,10,2.7,,
2026-09-27T12:31:40.996Z,X1423208,6389,45.58676,8.74646,29199.2,6.6,2.9,127.7,-52.2,1.2,-1.0,RS41,404.900,8.0,-125,10,2.6,,
2026-09-27T12:31:42.996Z,X1423208,6391,45.58675,8.74648,29213.1,6.2,0.9,333.3,-52.2,1.2,-1.0,RS41,404.900,7.4,-125,10,2.6,,
2026-09-27T12:31:44.996Z,X1423208,6393,45.58679,8.74647,29223.7,5.5,4.2,353.3,-52.3,1.2,-1.0,RS41,404.900,8.3,-125,10,2.7,,
2026-09-27T12:31:45.996Z,X1423208,6394,45.58684,8.74647,29229.9,6.7,5.1,12.3,-52.5,1.2,-1.0,RS41,404.900,8.4,-125,10,2.7,,
2026-09-27T12:31:46.996Z,X1423208,6395,45.58688,8.74649,29236.1,5.8,5.7,27.6,-52.6,1.2,-1.0,RS41,404.900,8.4,-125,10,2.6,,
2026-09-27T12:31:47.996Z,X1423208,6396,45.58692,8.74654,29241.4,4.7,6.2,39.7,-52.6,1.2,-1.0,RS41,404.900,8.0,-125,10,2.6,,
2026-09-27T12:31:50.996Z,X1423208,6399,45.58703,8.74670,29260.1,5.9,4.7,57.0,-52.8,1.2,-1.0,RS41,404.900,8.7,-125,10,2.7,,
2026-09-27T12:31:51.996Z,X1423208,6400,45.58704,8.74675,29265.7,5.4,3.9,69.8,-52.7,1.2,-1.0,RS41,404.900,8.7,-125,10,2.7,,
2026-09-27T12:31:52.996Z,X1423208,6401,45.58705,8.74680,29271.3,5.9,3.8,87.9,-52.6,1.3,-1.0,RS41,404.900,8.2,-125,10,2.7,,
2026-09-27T12:31:53.996Z,X1423208,6402,45.58705,8.74685,29277.6,6.5,4.2,98.3,-52.6,1.3,-1.0,RS41,404.900,8.2,-125,10,2.6,,
2026-09-27T12:31:54.996Z,X1423208,6403,45.58704,8.74690,29283.6,5.5,4.3,99.9,-52.5,1.3,-1.0,RS41,404.900,8.2,-125,10,2.6,,
2026-09-27T12:31:55.996Z,X1423208,6404,45.58704,8.74695,29289.4,6.1,3.4,91.6,-52.4,1.3,-1.0,RS41,404.900,8.2,-125,10,2.6,,
2026-09-27T12:31:56.996Z,X1423208,6405,45.58704,8.74699,29295.8,6.7,2.3,56.8,-52.4,1.3,-1.0,RS41,404.900,8.2,-125,10,2.7,,
2026-09-27T12:31:57.996Z,X1423208,6406,45.58706,8.74700,29302.2,5.9,2.5,8.9,-52.3,1.2,-1.0,RS41,404.900,8.8,-125,10,2.7,,
2026-09-27T12:31:59.996Z,X1423208,6408,45.58712,8.74700,29312.8,5.9,4.3,356.1,-52.3,1.2,-1.0,RS41,404.900,7.5,-125,10,2.6,,
2026-09-27T12:32:01.996Z,X1423208,6410,45.58719,8.74702,29325.5,6.3,4.1,40.4,-52.3,1.2,-1.0,RS41,404.900,7.5,-125,10,2.7,,
2026-09-27T12:32:02.996Z,X1423208,6411,45.58721,8.74707,29331.4,5.7,4.1,69.6,-52.2,1.2,-1.0,RS41,404.900,8.4,-125,10,2.7,,
2026-09-27T12:32:03.996Z,X1423208,6412,45.58722,8.74712,29336.9,5.1,4.3,99.2,-52.2,1.2,-1.0,RS41,404.900,8.8,-125,10,2.7,,
2026-09-27T12:32:04.996Z,X1423208,6413,45.58720,8.74717,29342.2,5.5,4.5,123.9,-52.1,1.2,-1.0,RS41,404.900,8.8,-125,10,2.6,,
2026-09-27T12:32:05.996Z,X1423208,6414,45.58718,8.74721,29347.9,5.7,4.3,142.9,-52.1,1.2,-1.0,RS41,404.900,8.4,-125,10,2.6,,
2026-09-27T12:32:06.996Z,X1423208,6415,45.58715,8.74723,29353.6,5.7,3.4,155.9,-52.2,1.2,-1.0,RS41,404.900,8.1,-125,10,2.6,,
2026-09-27T12:32:09.996Z,X1423208,6418,45.58712,8.74727,29370.3,5.1,2.2,33.4,-52.2,1.2,-1.0,RS41,404.900,6.5,-125,10,2.7,,
2026-09-27T12:32:10.996Z,X1423208,6419,45.58714,8.74729,29375.3,4.8,3.7,33.9,-52.2,1.2,-1.0,RS41,404.900,8.0,-125,10,2.7,,
2026-09-27T12:32:11.996Z,X1423208,6420,45.58717,8.74732,29380.3,5.2,4.2,37.6,-52.2,1.2,-1.0,RS41,404.900,8.0,-125,10,2.6,,
2026-09-27T12:32:12.996Z,X1423208,6421,45.58720,8.74735,29385.8,6.2,3.7,40.3,-52.2,1.2,-1.0,RS41,404.900,8.3,-125,10,2.6,,
2026-09-27T12:32:13.996Z,X1423208,6422,45.58722,8.74737,29392.3,6.8,2.4,39.9,-52.1,1.2,-1.0,RS41,404.900,8.3,-125,10,2.6,,
2026-09-27T12:32:14.996Z,X1423208,6423,45.58723,8.74739,29398.6,5.7,1.0,33.4,-52.0,1.2,-1.0,RS41,404.900,8.2,-125,10,2.7,,
2026-09-27T12:32:16.996Z,X1423208,6425,45.58724,8.74738,29408.8,5.2,0.8,291.0,-51.8,1.1,-1.0,RS41,404.900,7.5,-125,10,2.6,,
2026-09-27T12:32:20.996Z,X1423208,6429,45.58727,8.74738,29432.2,6.4,1.2,52.8,-52.0,1.2,-1.0,RS41,404.900,7.8,-125,10,2.7,,
2026-09-27T12:32:21.996Z,X1423208,6430,45.58727,8.74739,29438.7,6.7,0.8,107.1,-52.1,1.2,-1.0,RS41,404.900,7.4,-125,10,2.7,,
2026-09-27T12:32:27.996Z,X1423208,6436,45.58730,8.74743,29473.5,4.9,4.3,12.6,-52.1,1.2,-1.0,RS41,404.900,7.1,-125,10,2.6,,
2026-09-27T12:32:30.996Z,X1423208,6439,45.58740,8.74746,29492.6,6.6,1.9,22.5,-52.0,1.2,-1.0,RS41,404.900,7.0,-125,10,2.7,,
2026-09-27T12:32:35.996Z,X1423208,6444,45.58737,8.74763,29522.0,5.5,5.2,107.7,-52.2,1.2,-1.0,RS41,404.900,7.4,-125,10,2.6,,
2026-09-27T12:32:36.996Z,X1423208,6445,45.58735,8.74769,29527.9,6.2,5.4,109.8,-52.2,1.2,-1.0,RS41,404.900,8.0,-125,10,2.6,,
2026-09-27T12:32:43.996Z,X1423208,6452,45.58740,8.74802,29570.3,6.0,5.6,33.1,-51.5,1.1,-1.0,RS41,404.900,8.1,-125,9,2.7,,
2026-09-27T12:32:50.996Z,X1423208,6459,45.58744,8.74838,29611.4,6.0,7.7,91.0,-51.4,1.1,-1.0,RS41,404.900,7.8,-125,10,2.7,,
2026-09-27T12:32:53.996Z,X1423208,6462,45.58749,8.74863,29630.4,7.5,5.1,50.8,-51.7,1.2,-1.0,RS41,404.900,7.3,-125,10,2.6,,
2026-09-27T12:32:59.996Z,X1423208,6468,45.58775,8.74876,29666.3,6.7,5.7,31.9,-51.8,1.2,-1.0,RS41,404.900,7.1,-125,10,2.7,,
2026-09-27T12:33:01.996Z,X1423208,6470,45.58781,8.74886,29679.5,5.8,4.9,62.0,-51.9,1.2,-1.0,RS41,404.900,7.1,-125,10,2.7,,
2026-09-27T12:33:02.996Z,X1423208,6471,45.58783,8.74892,29685.6,6.3,5.8,71.4,-51.9,1.2,-1.0,RS41,404.900,7.1,-125,10,2.6,,
2026-09-27T12:33:07.996Z,X1423208,6476,45.58801,8.74935,29717.4,7.3,7.7,31.8,-51.6,1.2,-1.0,RS41,404.900,7.7,-125,10,2.7,,
2026-09-27T12:33:08.996Z,X1423208,6477,45.58807,8.74938,29724.3,6.3,6.8,14.8,-51.6,1.2,-1.0,RS41,404.900,7.7,-125,10,2.7,,
2026-09-27T12:33:15.996Z,X1423208,6484,45.58852,8.74945,29763.8,6.2,6.7,32.5,-51.7,1.1,-1.0,RS41,404.900,6.8,-125,10,2.6,,
2026-09-27T12:33:20.996Z,X1423208,6489,45.58867,8.74964,29793.9,7.0,5.4,29.1,-51.0,1.1,-1.0,RS41,404.900,7.3,-125,10,2.6,,
2026-09-27T12:33:21.996Z,X1423208,6490,45.58872,8.74968,29800.6,6.4,7.3,23.7,-50.9,1.1,-1.0,RS41,404.900,7.3,-125,10,2.6,,
2026-09-27T12:33:22.996Z,X1423208,6491,45.58879,8.74972,29806.0,4.5,8.6,20.8,-50.8,1.1,-1.0,RS41,404.900,7.1,-125,10,2.6,,
2026-09-27T12:33:33.996Z,X1423208,6502,45.58928,8.75039,29870.7,7.6,7.0,83.6,-49.5,1.0,-1.0,RS41,404.900,7.7,-125,10,2.6,,
2026-09-27T12:33:34.996Z,X1423208,6503,45.58928,8.75046,29877.9,6.6,5.0,84.4,-49.4,1.0,-1.0,RS41,404.900,7.8,-125,10,2.6,,
2026-09-27T12:34:02.996Z,X1423208,6531,45.58927,8.75171,30047.6,6.5,10.4,128.0,-48.6,1.0,-1.0,RS41,404.900,7.1,-125,10,2.6,,
2026-09-27T12:34:03.996Z,X1423208,6532,45.58921,8.75181,30053.9,6.2,9.8,128.8,-48.8,1.0,-1.0,RS41,404.900,7.4,-125,10,2.7,,
2026-09-27T12:34:04.996Z,X1423208,6533,45.58916,8.75189,30060.2,6.5,8.4,133.5,-48.8,1.0,-1.0,RS41,404.900,7.4,-125,10,2.7,,
2026-09-27T12:34:12.996Z,X1423208,6541,45.58889,8.75217,30109.2,5.3,7.6,105.1,-48.5,1.0,-1.0,RS41,404.900,7.4,-125,10,2.6,,
2026-09-27T12:34:17.996Z,X1423208,6546,45.58856,8.75270,30139.5,4.9,13.2,150.1,-48.5,1.0,-1.0,RS41,404.900,7.6,-125,10,2.7,,
2026-09-27T12:35:54.996Z,X1423208,6643,45.58417,8.75955,30736.2,5.9,7.2,113.3,-47.7,1.0,-1.0,RS41,404.900,7.4,-125,10,2.7,,
2026-09-27T12:35:59.996Z,X1423208,6648,45.58385,8.76013,30767.2,8.2,13.1,130.6,-47.7,1.0,-1.0,RS41,404.900,7.5,-125,10,2.6,,
2026-09-27T12:36:04.996Z,X1423208,6653,45.58361,8.76053,30800.0,5.4,4.3,162.2,-47.8,1.0,-1.0,RS41,404.900,7.8,-125,10,2.6,,
2026-09-27T12:36:13.996Z,X1423208,6662,45.58318,8.76097,30855.6,5.4,12.9,142.3,-48.3,1.1,-1.0,RS41,404.900,7.0,-125,10,2.6,,
2026-09-27T12:36:16.996Z,X1423208,6665,45.58297,8.76128,30875.8,5.6,9.7,123.5,-48.4,1.0,-1.0,RS41,404.900,8.0,-125,10,2.7,,
2026-09-27T12:36:17.996Z,X1423208,6666,45.58293,8.76138,30881.4,5.5,7.7,117.4,-48.4,1.1,-1.0,RS41,404.900,8.0,-125,10,2.7,,
2026-09-27T12:36:26.996Z,X1423208,6675,45.58262,8.76186,30937.5,7.0,9.3,137.1,-48.6,1.1,-1.0,RS41,404.900,7.0,-125,10,2.6,,
2026-09-27T12:36:28.996Z,X1423208,6677,45.58248,8.76201,30950.0,5.4,10.6,146.0,-48.5,1.1,-1.0,RS41,404.900,7.8,-125,10,2.7,,
2026-09-27T12:36:29.996Z,X1423208,6678,45.58240,8.76209,30956.0,6.6,10.4,145.8,-48.6,1.1,-1.0,RS41,404.900,7.8,-125,10,2.7,,
2026-09-27T12:36:31.996Z,X1423208,6680,45.58227,8.76224,30970.9,7.1,8.3,132.1,-48.7,1.1,-1.0,RS41,404.900,7.5,-125,10,2.6,,
2026-09-27T12:36:33.996Z,X1423208,6682,45.58220,8.76239,30982.2,5.7,5.6,123.1,-48.8,1.1,-1.0,RS41,404.900,7.2,-125,10,2.7,,
2026-09-27T12:36:34.996Z,X1423208,6683,45.58217,8.76244,30988.4,6.8,4.2,133.9,-48.8,1.1,-1.0,RS41,404.900,7.2,-125,10,2.7,,
2026-09-27T12:36:35.996Z,X1423208,6684,45.58214,8.76247,30995.1,6.5,3.8,157.0,-48.8,1.1,-1.0,RS41,404.900,7.1,-125,10,2.6,,
2026-09-27T12:36:36.996Z,X1423208,6685,45.58211,8.76248,31001.0,5.1,4.1,173.8,-48.8,1.1,-1.0,RS41,404.900,7.4,-125,10,2.6,,
2026-09-27T12:36:43.996Z,X1423208,6692,45.58178,8.76276,31044.7,6.6,11.2,143.8,-49.1,1.1,-1.0,RS41,404.900,7.8,-125,10,2.6,,
2026-09-27T12:36:44.996Z,X1423208,6693,45.58169,8.76284,31051.0,5.8,11.7,146.3,-49.2,1.1,-1.0,RS41,404.900,7.8,-125,10,2.7,,
2026-09-27T12:36:46.996Z,X1423208,6695,45.58153,8.76299,31064.1,7.9,9.1,145.7,-49.3,1.1,-1.0,RS41,404.900,7.9,-125,10,2.6,,
2026-09-27T12:36:47.996Z,X1423208,6696,45.58148,8.76305,31071.9,7.5,6.8,138.9,-49.3,1.1,-1.0,RS41,404.900,8.4,-125,10,2.6,,
2026-09-27T12:36:48.996Z,X1423208,6697,45.58144,8.76310,31078.3,5.3,4.9,130.3,-49.5,1.1,-1.0,RS41,404.900,8.8,-125,10,2.6,,
2026-09-27T12:36:58.996Z,X1423208,6707,45.58112,8.76356,31137.5,4.0,12.0,111.5,-49.6,1.1,-1.0,RS41,404.900,8.2,-125,10,2.6,,
2026-09-27T12:37:01.996Z,X1423208,6710,45.58098,8.76397,31154.5,7.3,11.1,124.9,-49.3,1.1,-1.0,RS41,404.900,8.0,-125,10,2.6,,
2026-09-27T12:37:05.996Z,X1423208,6714,45.58079,8.76425,31179.8,6.5,3.4,139.8,-49.2,1.0,-1.0,RS41,404.900,7.9,-125,10,2.7,,
2026-09-27T12:37:06.996Z,X1423208,6715,45.58077,8.76427,31185.9,5.6,1.8,122.2,-49.3,1.0,-1.0,RS41,404.900,7.9,-125,10,2.7,,
2026-09-27T12:37:16.996Z,X1423208,6725,45.58029,8.76489,31246.7,5.6,9.7,119.1,-48.9,1.0,-1.0,RS41,404.900,6.9,-125,10,2.7,,
2026-09-27T12:37:34.996Z,X1423208,6743,45.57990,8.76627,31362.0,7.5,6.1,93.0,-48.0,1.0,-1.0,RS41,404.900,7.1,-125,10,2.6,,
2026-09-27T12:37:36.996Z,X1423208,6745,45.57988,8.76642,31374.4,5.9,6.3,106.5,-48.2,1.0,-1.0,RS41,404.900,7.2,-125,10,2.7,,
2026-09-27T12:37:37.996Z,X1423208,6746,45.57986,8.76650,31380.5,6.4,6.0,105.1,-48.1,1.0,-1.0,RS41,404.900,7.4,-125,10,2.7,,
2026-09-27T12:37:40.996Z,X1423208,6749,45.57985,8.76673,31399.9,5.3,6.5,87.1,-48.0,1.0,-1.0,RS41,404.900,7.8,-125,10,2.6,,
2026-09-27T12:37:41.996Z,X1423208,6750,45.57985,8.76682,31405.2,5.5,7.4,89.4,-48.1,1.0,-1.0,RS41,404.900,7.7,-125,10,2.7,,
2026-09-27T12:37:45.996Z,X1423208,6754,45.57978,8.76725,31430.1,5.9,8.7,112.4,-47.9,1.0,-1.0,RS41,404.900,8.3,-125,10,2.6,,
2026-09-27T12:37:46.996Z,X1423208,6755,45.57976,8.76734,31436.6,7.0,7.0,113.0,-47.9,1.0,-1.0,RS41,404.900,8.7,-125,10,2.6,,
2026-09-27T12:37:48.996Z,X1423208,6757,45.57973,8.76745,31450.2,5.5,2.4,91.3,-47.9,1.0,-1.0,RS41,404.900,8.6,-125,10,2.7,,
2026-09-27T12:37:49.996Z,X1423208,6758,45.57974,8.76748,31455.3,4.7,1.4,57.0,-47.8,1.0,-1.0,RS41,404.900,8.6,-125,10,2.6,,
2026-09-27T12:37:50.996Z,X1423208,6759,45.57974,8.76749,31460.9,6.3,1.2,37.2,-47.8,1.0,-1.0,RS41,404.900,7.4,-125,10,2.6,,
2026-09-27T12:37:52.996Z,X1423208,6761,45.57974,8.76753,31475.0,6.6,2.8,113.4,-47.8,1.0,-1.0,RS41,404.900,7.7,-125,10,2.7,,
2026-09-27T12:37:53.996Z,X1423208,6762,45.57973,8.76757,31481.3,5.8,4.4,114.6,-47.9,1.0,-1.0,RS41,404.900,7.7,-125,10,2.7,,
2026-09-27T12:37:54.996Z,X1423208,6763,45.57971,8.76763,31487.3,6.1,5.7,110.1,-47.9,1.0,-1.0,RS41,404.900,7.9,-125,10,2.7,,
2026-09-27T12:37:55.996Z,X1423208,6764,45.57970,8.76770,31494.0,7.1,6.6,99.9,-47.9,1.0,-1.0,RS41,404.900,8.0,-125,10,2.6,,
2026-09-27T12:37:57.996Z,X1423208,6766,45.57970,8.76788,31507.5,5.4,6.9,83.9,-48.2,1.0,-1.0,RS41,404.900,8.0,-125,10,2.6,,
2026-09-27T12:37:58.996Z,X1423208,6767,45.57971,8.76796,31513.2,5.9,6.8,82.4,-48.2,1.0,-1.0,RS41-SG,404.900,8.4,-125,10,2.7,,
2026-09-27T12:37:59.996Z,X1423208,6768,45.57971,8.76805,31519.5,7.0,6.2,86.8,-48.1,1.0,-1.0,RS41-SG,404.900,8.8,-125,10,2.7,,
2026-09-27T12:38:00.996Z,X1423208,6769,45.57971,8.76812,31526.8,7.5,5.6,98.4,-48.1,1.0,-1.0,RS41-SG,404.900,8.8,-125,10,2.6,,
2026-09-27T12:38:02.996Z,X1423208,6771,45.57968,8.76824,31539.2,5.8,4.1,117.6,-48.0,1.0,-1.0,RS41-SG,404.900,8.4,-125,10,2.7,,
2026-09-27T12:38:03.996Z,X1423208,6772,45.57967,8.76828,31545.5,6.8,2.8,117.5,-48.0,1.0,-1.0,RS41-SG,404.900,8.4,-125,10,2.7,,
2026-09-27T12:38:05.996Z,X1423208,6774,45.57967,8.76833,31559.2,6.1,1.9,52.6,-48.1,1.1,-1.0,RS41-SG,404.900,7.6,-125,10,2.6,,
2026-09-27T12:38:06.996Z,X1423208,6775,45.57968,8.76835,31565.3,6.1,2.6,53.8,-48.0,1.0,-1.0,RS41-SG,404.900,7.8,-125,10,2.6,,
2026-09-27T12:38:08.996Z,X1423208,6777,45.57969,8.76844,31578.8,7.3,5.5,94.1,-48.0,1.0,-1.0,RS41-SG,404.900,8.4,-125,10,2.7,,
2026-09-27T12:38:09.996Z,X1423208,6778,45.57968,8.76852,31585.8,6.6,7.5,104.3,-48.0,1.0,-1.0,RS41-SG,404.900,8.4,-125,10,2.7,,
2026-09-27T12:38:10.996Z,X1423208,6779,45.57966,8.76862,31591.4,4.6,9.1,108.0,-48.2,1.0,-1.0,RS41-SG,404.900,8.1,-125,9,2.6,,
2026-09-27T12:38:11.996Z,X1423208,6780,45.57964,8.76874,31596.2,5.1,10.3,107.8,-48.2,1.0,-1.0,RS41-SG,404.900,8.8,-125,10,2.6,,
2026-09-27T12:38:12.996Z,X1423208,6781,45.57961,8.76887,31601.9,6.5,10.7,102.5,-48.1,1.0,-1.0,RS41-SG,404.900,8.8,-125,10,2.6,,
2026-09-27T12:38:13.996Z,X1423208,6782,45.57960,8.76900,31608.7,7.1,10.3,94.2,-48.0,1.0,-1.0,RS41-SG,404.900,8.8,-125,10,2.7,,
2026-09-27T12:38:14.996Z,X1423208,6783,45.57960,8.76913,31615.4,6.4,9.5,85.7,-47.9,1.0,-1.0,RS41-SG,404.900,8.8,-125,10,2.7,,
2026-09-27T12:38:15.996Z,X1423208,6784,45.57961,8.76924,31621.6,5.9,8.7,80.0,-47.8,1.0,-1.0,RS41-SG,404.900,8.8,-125,10,2.6,,
2026-09-27T12:38:17.996Z,X1423208,6786,45.57963,8.76944,31634.2,6.7,6.8,88.1,-47.6,1.0,-1.0,RS41-SG,404.900,8.7,-125,10,2.6,,
2026-09-27T12:38:18.996Z,X1423208,6787,45.57962,8.76952,31640.9,6.9,6.3,103.6,-47.6,1.0,-1.0,RS41-SG,404.900,8.7,-125,10,2.7,,
2026-09-27T12:38:19.996Z,X1423208,6788,45.57960,8.76960,31647.5,6.3,6.6,117.1,-47.6,1.0,-1.0,RS41-SG,404.900,8.6,-125,10,2.7,,
2026-09-27T12:38:20.996Z,X1423208,6789,45.57957,8.76967,31653.1,5.0,7.2,124.6,-47.7,1.0,-1.0,RS41-SG,404.900,8.6,-125,10,2.7,,
2026-09-27T12:38:21.996Z,X1423208,6790,45.57953,8.76975,31658.5,5.7,7.7,123.3,-47.7,1.0,-1.0,RS41-SG,404.900,8.6,-125,10,2.6,,
2026-09-27T12:38:22.996Z,X1423208,6791,45.57950,8.76984,31664.8,7.0,7.9,113.7,-47.8,1.0,-1.0,RS41-SG,404.900,8.4,-125,10,2.6,,
2026-09-27T12:38:23.996Z,X1423208,6792,45.57948,8.76994,31671.9,7.2,8.1,101.1,-47.8,1.0,-1.0,RS41-SG,404.900,9.1,-125,10,2.6,,
2026-09-27T12:38:24.996Z,X1423208,6793,45.57947,8.77004,31678.4,5.8,8.4,92.6,-47.8,1.0,-1.0,RS41-SG,404.900,9.6,-125,10,2.7,,
2026-09-27T12:38:25.996Z,X1423208,6794,45.57947,8.77015,31684.3,5.9,8.6,89.8,-47.9,1.0,-1.0,RS41-SG,404.900,9.6,-125,10,2.7,,
2026-09-27T12:38:26.996Z,X1423208,6795,45.57947,8.77026,31690.6,6.7,8.7,93.5,-48.0,1.0,-1.0,RS41-SG,404.900,9.1,-125,10,2.6,,
2026-09-27T12:38:28.996Z,X1423208,6797,45.57943,8.77047,31704.5,6.3,8.3,112.2,-48.1,1.0,-1.0,RS41-SG,404.900,7.5,-125,10,2.7,,
2026-09-27T12:38:29.996Z,X1423208,6798,45.57940,8.77056,31710.2,5.2,7.9,121.3,-48.1,1.0,-1.0,RS41-SG,404.900,8.0,-125,10,2.7,,
2026-09-27T12:38:30.996Z,X1423208,6799,45.57936,8.77064,31715.8,6.1,7.0,128.7,-48.1,1.1,-1.0,RS41-SG,404.900,8.3,-125,10,2.6,,
2026-09-27T12:38:35.996Z,X1423208,6804,45.57922,8.77096,31748.5,7.6,7.3,122.5,-47.9,1.0,-1.0,RS41-SG,404.900,8.4,-125,10,2.7,,
2026-09-27T12:38:36.996Z,X1423208,6805,45.57918,8.77105,31755.4,6.1,8.6,125.6,-47.9,1.0,-1.0,RS41-SG,404.900,8.4,-125,10,2.6,,
2026-09-27T12:38:37.996Z,X1423208,6806,45.57913,8.77114,31761.4,5.7,9.7,125.8,-47.9,1.0,-1.0,RS41-SG,404.900,8.2,-125,10,2.6,,
2026-09-27T12:38:38.996Z,X1423208,6807,45.57908,8.77125,31767.6,6.7,10.3,123.2,-47.9,1.1,-1.0,RS41-SG,404.900,8.9,-125,10,2.6,,
2026-09-27T12:38:39.996Z,X1423208,6808,45.57904,8.77136,31774.7,7.5,10.3,118.6,-47.9,1.0,-1.0,RS41-SG,404.900,9.3,-125,10,2.7,,
2026-09-27T12:38:40.996Z,X1423208,6809,45.57900,8.77147,31781.6,6.3,9.8,115.1,-47.9,1.0,-1.0,RS41-SG,404.900,9.3,-125,10,2.7,,
2026-09-27T12:38:41.996Z,X1423208,6810,45.57896,8.77158,31787.9,6.4,9.1,117.0,-47.9,1.0,-1.0,RS41-SG,404.900,8.8,-125,10,2.6,,
2026-09-27T12:38:42.996Z,X1423208,6811,45.57892,8.77168,31794.6,7.0,8.5,125.5,-47.8,1.0,-1.0,RS41-SG,404.900,8.8,-125,10,2.6,,
2026-09-27T12:38:43.996Z,X1423208,6812,45.57887,8.77175,31801.9,7.5,8.3,140.0,-47.8,1.1,-1.0,RS41-SG,404.900,9.2,-125,10,2.6,,
2026-09-27T12:38:45.996Z,X1423208,6814,45.57874,8.77186,31813.8,5.5,8.5,159.7,-47.8,1.0,-1.0,RS41-SG,404.900,9.4,-125,10,2.7,,
2026-09-27T12:38:46.996Z,X1423208,6815,45.57867,8.77189,31819.9,6.7,7.8,163.4,-47.8,1.0,-1.0,RS41-SG,404.900,9.4,-125,10,2.7,,
2026-09-27T12:38:47.996Z,X1423208,6816,45.57861,8.77192,31827.0,7.5,6.5,160.4,-47.8,1.0,-1.0,RS41-SG,404.900,9.1,-125,10,2.6,,
2026-09-27T12:38:48.996Z,X1423208,6817,45.57856,8.77195,31834.1,6.6,5.3,149.3,-47.9,1.0,-1.0,RS41-SG,404.900,9.1,-125,10,2.6,,
2026-09-27T12:38:49.996Z,X1423208,6818,45.57852,8.77199,31839.9,5.1,5.0,137.5,-47.9,1.0,-1.0,RS41-SG,404.900,9.3,-125,10,2.6,,
2026-09-27T12:38:50.996Z,X1423208,6819,45.57849,8.77204,31845.3,5.8,5.5,129.5,-47.9,1.0,-1.0,RS41-SG,404.900,9.3,-125,10,2.7,,
2026-09-27T12:38:51.996Z,X1423208,6820,45.57845,8.77210,31851.5,6.6,6.5,131.7,-47.9,1.0,-1.0,RS41-SG,404.900,8.6,-125,10,2.7,,
2026-09-27T12:38:52.996Z,X1423208,6821,45.57841,8.77216,31858.3,7.2,7.6,136.8,-48.0,1.0,-1.0,RS41-SG,404.900,8.6,-125,10,2.6,,
2026-09-27T12:38:53.996Z,X1423208,6822,45.57835,8.77223,31865.2,6.6,8.4,141.7,-48.0,1.0,-1.0,RS41-SG,404.900,9.5,-125,10,2.6,,
2026-09-27T12:38:54.996Z,X1423208,6823,45.57829,8.77230,31871.0,5.2,8.8,145.3,-48.0,1.0,-1.0,RS41-SG,404.900,9.6,-125,10,2.7,,
2026-09-27T12:38:55.996Z,X1423208,6824,45.57823,8.77236,31876.4,5.8,8.2,146.6,-47.9,1.0,-1.0,RS41-SG,404.900,9.6,-125,10,2.7,,
2026-09-27T12:38:56.996Z,X1423208,6825,45.57817,8.77241,31882.8,7.1,6.7,143.7,-47.9,1.0,-1.0,RS41-SG,404.900,9.1,-125,10,2.6,,
2026-09-27T12:38:58.996Z,X1423208,6827,45.57811,8.77250,31896.5,5.5,3.9,129.7,-47.9,1.0,-1.0,RS41-SG,404.900,8.4,-125,10,2.6,,
2026-09-27T12:38:59.996Z,X1423208,6828,45.57809,8.77253,31902.2,5.8,2.9,129.7,-47.9,1.0,-1.0,RS41-SG,404.900,8.4,-125,10,2.7,,
2026-09-27T12:39:00.996Z,X1423208,6829,45.57807,8.77255,31908.4,6.7,2.7,155.2,-48.0,1.0,-1.0,RS41-SG,404.900,9.5,-125,10,2.7,,
2026-09-27T12:39:01.996Z,X1423208,6830,45.57804,8.77256,31915.1,6.9,3.7,179.5,-48.1,1.1,-1.0,RS41-SG,404.900,9.5,-125,10,2.7,,
2026-09-27T12:39:05.996Z,X1423208,6834,45.57786,8.77254,31941.1,7.7,4.3,171.9,-47.8,1.0,-1.0,RS41-SG,404.900,8.0,-125,10,2.7,,
2026-09-27T12:39:07.996Z,X1423208,6836,45.57780,8.77259,31953.9,5.5,4.3,131.1,-47.7,1.0,-1.0,RS41-SG,404.900,8.5,-125,10,2.6,,
2026-09-27T12:39:08.996Z,X1423208,6837,45.57778,8.77264,31959.7,6.3,5.2,123.5,-47.6,1.0,-1.0,RS41-SG,404.900,9.2,-125,10,2.6,,
2026-09-27T12:39:09.996Z,X1423208,6838,45.57775,8.77269,31966.5,7.2,6.0,127.5,-47.5,1.0,-1.0,RS41-SG,404.900,9.2,-125,10,2.7,,
2026-09-27T12:39:10.996Z,X1423208,6839,45.57771,8.77276,31973.0,5.8,6.6,133.1,-47.4,0.9,-1.0,RS41-SG,404.900,9.1,-125,10,2.7,,
2026-09-27T12:39:11.996Z,X1423208,6840,45.57767,8.77282,31978.8,6.0,6.7,134.7,-47.3,1.0,-1.0,RS41-SG,404.900,9.6,-125,10,2.6,,
2026-09-27T12:39:12.996Z,X1423208,6841,45.57763,8.77288,31985.5,7.3,6.2,132.2,-47.4,1.0,-1.0,RS41-SG,404.900,9.6,-125,10,2.6,,
2026-09-27T12:39:14.996Z,X1423208,6843,45.57758,8.77298,31999.8,6.2,4.0,116.9,-47.5,1.0,-1.0,RS41-SG,404.900,9.5,-125,10,2.7,,
2026-09-27T12:39:15.996Z,X1423208,6844,45.57756,8.77302,32006.0,6.3,2.7,119.7,-47.4,0.9,-1.0,RS41-SG,404.900,9.5,-125,10,2.7,,
2026-09-27T12:39:16.996Z,X1423208,6845,45.57755,8.77304,32012.4,6.4,1.7,156.2,-47.3,1.0,-1.0,RS41-SG,404.900,9.5,-125,10,2.7,,
2026-09-27T12:39:17.996Z,X1423208,6846,45.57753,8.77304,32019.1,6.8,2.8,202.2,-47.4,1.0,-1.0,RS41-SG,404.900,9.3,-125,10,2.6,,
2026-09-27T12:39:18.996Z,X1423208,6847,45.57751,8.77302,32025.5,6.1,4.2,213.2,-47.5,1.0,-1.0,RS41-SG,404.900,8.7,-125,10,2.6,,
2026-09-27T12:39:19.996Z,X1423208,6848,45.57747,8.77298,32031.2,5.5,4.9,214.4,-47.4,0.9,-1.0,RS41-SG,404.900,8.7,-125,10,2.6,,
2026-09-27T12:39:20.996Z,X1423208,6849,45.57744,8.77295,32037.1,6.3,4.3,211.6,-47.4,1.0,-1.0,RS41-SG,404.900,8.4,-125,10,2.7,,
2026-09-27T12:39:21.996Z,X1423208,6850,45.57741,8.77293,32043.7,6.9,2.7,193.6,-47.4,1.0,-1.0,RS41-SG,404.900,9.0,-125,10,2.7,,
2026-09-27T12:39:22.996Z,X1423208,6851,45.57739,8.77294,32050.8,7.2,2.2,123.9,-47.5,1.0,-1.0,RS41-SG,404.900,9.0,-125,10,2.6,,
2026-09-27T12:39:24.996Z,X1423208,6853,45.57739,8.77305,32063.4,4.9,6.0,84.2,-47.4,1.0,-1.0,RS41-SG,404.900,8.8,-125,10,2.7,,
2026-09-27T12:39:25.996Z,X1423208,6854,45.57739,8.77313,32068.3,5.0,7.1,86.4,-47.3,1.0,-1.0,RS41-SG,404.900,8.9,-125,10,2.7,,
2026-09-27T12:39:26.996Z,X1423208,6855,45.57739,8.77322,32074.1,6.5,7.2,96.2,-47.3,1.0,-1.0,RS41-SG,404.900,8.9,-125,10,2.6,,
2026-09-27T12:39:27.996Z,X1423208,6856,45.57738,8.77331,32081.1,7.5,6.9,113.5,-47.3,1.0,-1.0,RS41-SG,404.900,9.4,-125,10,2.6,,
2026-09-27T12:39:28.996Z,X1423208,6857,45.57734,8.77338,32087.8,6.0,6.9,130.7,-47.5,1.0,-1.0,RS41-SG,404.900,9.5,-125,10,2.6,,
2026-09-27T12:39:29.996Z,X1423208,6858,45.57730,8.77344,32093.3,5.2,6.8,144.5,-47.4,1.0,-1.0,RS41-SG,404.900,9.5,-125,10,2.7,,
2026-09-27T12:39:30.996Z,X1423208,6859,45.57725,8.77348,32099.3,6.7,6.5,153.6,-47.4,1.0,-1.0,RS41-SG,404.900,8.9,-125,10,2.7,,
2026-09-27T12:39:31.996Z,X1423208,6860,45.57720,8.77352,32106.7,7.9,5.4,151.8,-47.4,1.0,-1.0,RS41-SG,404.900,9.5,-125,10,2.7,,
2026-09-27T12:39:32.996Z,X1423208,6861,45.57716,8.77355,32113.8,6.3,4.6,142.0,-47.5,1.0,-1.0,RS41-SG,404.900,9.5,-125,10,2.6,,
2026-09-27T12:39:34.996Z,X1423208,6863,45.57712,8.77363,32124.9,6.0,3.8,117.2,-47.5,1.0,-1.0,RS41-SG,404.900,9.0,-125,10,2.6,,
2026-09-27T12:39:35.996Z,X1423208,6864,45.57710,8.77368,32131.7,7.2,3.8,117.3,-47.4,1.0,-1.0,RS41-SG,404.900,9.0,-125,10,2.7,,
2026-09-27T12:39:36.996Z,X1423208,6865,45.57709,8.77372,32138.8,6.9,3.9,118.2,-47.4,1.0,-1.0,RS41-SG,404.900,9.5,-125,10,2.7,,
2026-09-27T12:39:37.996Z,X1423208,6866,45.57707,8.77377,32145.4,6.4,4.7,117.9,-47.5,1.0,-1.0,RS41-SG,404.900,9.5,-125,10,2.6,,
2026-09-27T12:39:38.996Z,X1423208,6867,45.57705,8.77383,32151.9,6.7,5.7,111.7,-47.5,1.0,-1.0,RS41-SG,404.900,9.1,-125,10,2.6,,
2026-09-27T12:39:39.996Z,X1423208,6868,45.57703,8.77390,32158.9,7.3,6.8,102.7,-47.5,1.0,-1.0,RS41-SG,404.900,9.1,-125,10,2.7,,
2026-09-27T12:39:40.996Z,X1423208,6869,45.57702,8.77399,32165.8,6.5,7.6,96.4,-47.4,1.0,-1.0,RS41-SG,404.900,8.9,-125,10,2.7,,
2026-09-27T12:39:41.996Z,X1423208,6870,45.57702,8.77409,32171.7,5.4,7.9,94.4,-47.5,1.0,-1.0,RS41-SG,404.900,10.0,-125,10,2.6,,
2026-09-27T12:39:42.996Z,X1423208,6871,45.57701,8.77419,32177.6,6.3,7.2,98.5,-47.5,1.0,-1.0,RS41-SG,404.900,10.1,-125,10,2.6,,
2026-09-27T12:39:43.996Z,X1423208,6872,45.57699,8.77427,32184.3,7.1,5.8,112.2,-47.4,1.0,-1.0,RS41-SG,404.900,10.1,-125,10,2.6,,
2026-09-27T12:39:44.996Z,X1423208,6873,45.57697,8.77433,32191.4,7.0,4.7,134.9,-47.3,1.0,-1.0,RS41-SG,404.900,9.0,-125,10,2.7,,
2026-09-27T12:39:45.996Z,X1423208,6874,45.57693,8.77436,32197.7,5.6,4.4,159.4,-47.3,1.0,-1.0,RS41-SG,404.900,9.4,-125,10,2.7,,
2026-09-27T12:39:46.996Z,X1423208,6875,45.57690,8.77437,32203.0,5.0,4.1,176.5,-47.3,1.0,-1.0,RS41-SG,404.900,9.4,-125,10,2.7,,
2026-09-27T12:39:47.996Z,X1423208,6876,45.57687,8.77437,32208.4,5.9,3.2,185.7,-47.3,1.0,-1.0,RS41-SG,404.900,9.2,-125,10,2.6,,
2026-09-27T12:39:48.996Z,X1423208,6877,45.57684,8.77437,32215.0,7.1,1.6,168.2,-47.2,1.0,-1.0,RS41-SG,404.900,9.6,-125,10,2.6,,
2026-09-27T12:39:49.996Z,X1423208,6878,45.57684,8.77438,32222.4,7.5,1.7,81.8,-47.2,1.0,-1.0,RS41-SG,404.900,10.1,-125,10,2.6,,
2026-09-27T12:39:50.996Z,X1423208,6879,45.57685,8.77441,32229.0,5.9,3.4,70.1,-47.3,1.0,-1.0,RS41-SG,404.900,10.1,-125,10,2.7,,
2026-09-27T12:39:51.996Z,X1423208,6880,45.57686,8.77446,32235.0,6.1,4.9,77.7,-47.2,0.9,-1.0,RS41-SG,404.900,9.2,-125,10,2.7,,
2026-09-27T12:39:52.996Z,X1423208,6881,45.57686,8.77453,32241.4,6.9,6.2,93.3,-47.1,0.9,-1.0,RS41-SG,404.900,9.4,-125,10,2.6,,
2026-09-27T12:39:53.996Z,X1423208,6882,45.57684,8.77462,32248.5,7.3,7.4,110.8,-47.1,1.0,-1.0,RS41-SG,404.900,9.4,-125,10,2.6,,
2026-09-27T12:39:54.996Z,X1423208,6883,45.57681,8.77471,32254.7,5.2,8.4,123.1,-47.0,0.9,-1.0,RS41-SG,404.900,9.4,-125,10,2.7,,
2026-09-27T12:39:57.996Z,X1423208,6886,45.57664,8.77497,32272.3,7.5,9.3,133.5,-47.3,1.0,-1.0,RS41-SG,404.900,8.7,-125,10,2.6,,
2026-09-27T12:39:58.996Z,X1423208,6887,45.57659,8.77506,32279.5,7.1,8.0,129.5,-47.2,1.0,-1.0,RS41-SG,404.900,9.5,-125,10,2.6,,
2026-09-27T12:39:59.996Z,X1423208,6888,45.57655,8.77513,32285.9,5.6,6.6,125.6,-47.3,1.0,-1.0,RS41-SG,404.900,10.0,-125,10,2.7,,
2026-09-27T12:40:00.996Z,X1423208,6889,45.57652,8.77519,32291.4,5.4,5.2,123.5,-47.5,1.0,-1.0,RS41-SG,404.900,10.0,-125,10,2.7,,
2026-09-27T12:40:01.996Z,X1423208,6890,45.57650,8.77524,32297.2,6.3,3.7,130.8,-47.5,1.0,-1.0,RS41-SG,404.900,9.3,-125,10,2.7,,
2026-09-27T12:40:02.996Z,X1423208,6891,45.57648,8.77526,32303.8,7.0,2.7,150.9,-47.4,1.0,-1.0,RS41-SG,404.900,9.3,-125,10,2.6,,
2026-09-27T12:40:03.996Z,X1423208,6892,45.57646,8.77528,32310.3,5.7,2.7,168.2,-47.4,1.0,-1.0,RS41-SG,404.900,9.0,-125,10,2.6,,
2026-09-27T12:40:07.996Z,X1423208,6896,45.57638,8.77538,32336.0,5.5,4.7,98.2,-47.6,1.0,-1.0,RS41-SG,404.900,7.9,-125,10,2.6,,
2026-09-27T12:40:08.996Z,X1423208,6897,45.57638,8.77545,32341.4,5.0,5.7,95.1,-47.5,1.0,-1.0,RS41-SG,404.900,8.5,-125,10,2.6,,
2026-09-27T12:40:09.996Z,X1423208,6898,45.57637,8.77552,32347.1,6.4,6.2,101.4,-47.5,1.0,-1.0,RS41-SG,404.900,9.5,-125,10,2.7,,
2026-09-27T12:40:10.996Z,X1423208,6899,45.57635,8.77559,32353.9,7.2,6.3,117.4,-47.6,1.0,-1.0,RS41-SG,404.900,9.8,-125,10,2.7,,
2026-09-27T12:40:11.996Z,X1423208,6900,45.57632,8.77566,32360.8,6.6,6.4,133.4,-47.7,1.0,-1.0,RS41-SG,404.900,9.8,-125,10,2.6,,
2026-09-27T12:40:12.996Z,X1423208,6901,45.57628,8.77571,32367.0,6.0,6.5,145.6,-47.7,1.0,-1.0,RS41-SG,404.900,9.3,-125,10,2.6,,
2026-09-27T12:40:13.996Z,X1423208,6902,45.57623,8.77575,32373.1,6.0,6.3,154.1,-47.7,1.0,-1.0,RS41-SG,404.900,9.0,-125,10,2.6,,
2026-09-27T12:40:14.996Z,X1423208,6903,45.57618,8.77579,32379.7,7.0,5.7,152.1,-47.8,1.0,-1.0,RS41-SG,404.900,9.4,-125,10,2.7,,
2026-09-27T12:40:15.996Z,X1423208,6904,45.57614,8.77583,32386.8,7.2,5.3,144.1,-47.9,1.0,-1.0,RS41-SG,404.900,9.4,-125,10,2.7,,
2026-09-27T12:40:16.996Z,X1423208,6905,45.57610,8.77587,32393.2,5.7,5.3,134.7,-48.0,1.0,-1.0,RS41-SG,404.900,8.9,-125,10,2.7,,
2026-09-27T12:40:17.996Z,X1423208,6906,45.57607,8.77592,32398.6,5.1,5.9,130.2,-47.9,1.0,-1.0,RS41-SG,404.900,8.9,-125,10,2.6,,
2026-09-27T12:40:19.996Z,X1423208,6908,45.57598,8.77605,32410.6,6.6,8.4,141.2,-48.0,1.0,-1.0,RS41-SG,404.900,9.4,-125,10,2.6,,
2026-09-27T12:40:20.996Z,X1423208,6909,45.57591,8.77612,32417.3,6.6,9.9,148.6,-48.1,1.1,-1.0,RS41-SG,404.900,9.4,-125,10,2.7,,
2026-09-27T12:40:21.996Z,X1423208,6910,45.57583,8.77618,32423.3,5.6,11.0,152.4,-48.2,1.0,-1.0,RS41-SG,404.900,9.2,-125,10,2.7,,
2026-09-27T12:40:22.996Z,X1423208,6911,45.57574,8.77625,32428.6,5.3,11.7,153.9,-48.2,1.0,-1.0,RS41-SG,404.900,8.6,-125,10,2.6,,
2026-09-27T12:40:23.996Z,X1423208,6912,45.57565,8.77631,32434.6,6.3,11.6,151.5,-48.1,1.0,-1.0,RS41-SG,404.900,8.3,-125,11,2.6,,
2026-09-27T12:40:25.996Z,X1423208,6914,45.57549,8.77647,32448.9,7.0,9.5,139.6,-48.1,1.0,-1.0,RS41-SG,404.900,9.1,-125,11,2.7,,
2026-09-27T12:40:26.996Z,X1423208,6915,45.57543,8.77654,32455.4,6.1,7.8,136.0,-48.2,1.0,-1.0,RS41-SG,404.900,9.3,-125,11,2.6,,
2026-09-27T12:40:27.996Z,X1423208,6916,45.57539,8.77660,32461.7,6.6,5.7,139.2,-48.1,1.0,-1.0,RS41-SG,404.900,9.8,-125,11,2.6,,
2026-09-27T12:40:28.996Z,X1423208,6917,45.57535,8.77663,32468.4,6.8,3.9,160.4,-48.0,1.0,-1.0,RS41-SG,404.900,9.8,-125,11,2.6,,
2026-09-27T12:40:29.996Z,X1423208,6918,45.57532,8.77663,32474.6,5.6,3.9,191.9,-47.8,1.0,-1.0,RS41-SG,404.900,9.6,-125,11,2.7,,
2026-09-27T12:40:30.996Z,X1423208,6919,45.57528,8.77661,32479.8,4.6,4.6,208.1,-47.7,1.0,-1.0,RS41-SG,404.900,8.3,-125,11,2.7,,
2026-09-27T12:40:31.996Z,X1423208,6920,45.57524,8.77658,32485.0,5.8,5.0,211.1,-47.7,1.0,-1.0,RS41-SG,404.900,8.9,-125,11,2.7,,
2026-09-27T12:40:32.996Z,X1423208,6921,45.57521,8.77656,32491.5,7.3,4.4,198.3,-47.8,1.0,-1.0,RS41-SG,404.900,8.9,-125,11,2.6,,
2026-09-27T12:40:33.996Z,X1423208,6922,45.57517,8.77655,32498.9,7.4,4.2,172.2,-47.7,1.0,-1.0,RS41-SG,404.900,8.0,-125,11,2.6,,
2026-09-27T12:40:35.996Z,X1423208,6924,45.57509,8.77661,32510.9,5.4,6.3,141.7,-47.3,0.9,-1.0,RS41-SG,404.900,8.8,-125,11,2.7,,
2026-09-27T12:40:36.996Z,X1423208,6925,45.57504,8.77667,32516.4,5.6,7.7,141.3,-47.0,0.9,-1.0,RS41-SG,404.900,10.2,-125,11,2.7,,
2026-09-27T12:40:37.996Z,X1423208,6926,45.57498,8.77673,32522.4,6.2,8.6,146.1,-46.9,0.9,-1.0,RS41-SG,404.900,10.2,-125,11,2.6,,
2026-09-27T12:40:38.996Z,X1423208,6927,45.57492,8.77679,32528.4,5.8,8.6,152.3,-46.8,0.9,-1.0,RS41-SG,404.900,9.3,-125,11,2.6,,
2026-09-27T12:40:39.996Z,X1423208,6928,45.57485,8.77683,32534.1,5.6,7.7,158.0,-46.9,0.9,-1.0,RS41-SG,404.900,8.6,-125,11,2.7,,
2026-09-27T12:40:40.996Z,X1423208,6929,45.57479,8.77686,32540.2,6.5,5.8,164.1,-47.0,0.9,-1.0,RS41-SG,404.900,8.5,-125,11,2.7,,
2026-09-27T12:40:42.996Z,X1423208,6931,45.57473,8.77688,32553.2,5.6,1.7,169.6,-46.9,0.9,-1.0,RS41-SG,404.900,7.9,-125,11,2.6,,
2026-09-27T12:40:43.996Z,X1423208,6932,45.57472,8.77688,32558.5,5.0,0.5,185.2,-46.9,0.9,-1.0,RS41-SG,404.900,8.0,-125,11,2.6,,
2026-09-27T12:40:44.996Z,X1423208,6933,45.57472,8.77688,32564.0,6.0,0.7,215.8,-46.8,0.9,-1.0,RS41-SG,404.900,8.0,-125,11,2.7,,
2026-09-27T12:40:45.996Z,X1423208,6934,45.57471,8.77687,32570.6,7.2,2.0,197.2,-46.8,0.9,-1.0,RS41-SG,404.900,7.5,-125,11,2.7,,
2026-09-27T12:40:50.996Z,X1423208,6939,45.57447,8.77697,32600.7,6.6,8.1,137.8,-46.8,0.9,-1.0,RS41-SG,404.900,8.3,-125,11,2.7,,
2026-09-27T12:40:51.996Z,X1423208,6940,45.57442,8.77705,32606.9,5.8,7.9,127.6,-46.8,0.9,-1.0,RS41-SG,404.900,8.3,-125,11,2.7,,
2026-09-27T12:40:52.996Z,X1423208,6941,45.57438,8.77713,32612.5,5.3,6.8,121.4,-46.8,0.9,-1.0,RS41-SG,404.900,8.4,-125,11,2.7,,
2026-09-27T12:40:53.996Z,X1423208,6942,45.57435,8.77719,32618.1,5.8,4.9,120.8,-46.7,0.9,-1.0,RS41-SG,404.900,8.8,-125,11,2.6,,
2026-09-27T12:40:59.996Z,X1423208,6948,45.57427,8.77708,32652.9,7.5,1.8,260.0,-46.9,1.0,-1.0,RS41-SG,404.900,7.8,-125,11,2.6,,
2026-09-27T12:41:00.996Z,X1423208,6949,45.57427,8.77707,32659.8,6.1,0.5,27.6,-46.9,1.0,-1.0,RS41-SG,404.900,8.0,-125,11,2.6,,
2026-09-27T12:41:01.996Z,X1423208,6950,45.57427,8.77709,32665.3,5.0,2.3,74.5,-47.1,1.0,-1.0,RS41-SG,404.900,8.5,-125,11,2.7,,
2026-09-27T12:41:03.996Z,X1423208,6952,45.57427,8.77719,32676.8,6.4,5.8,108.1,-47.1,1.0,-1.0,RS41-SG,404.900,8.5,-125,11,2.7,,
2026-09-27T12:41:05.996Z,X1423208,6954,45.57421,8.77735,32687.9,4.7,7.9,125.9,-47.1,0.9,-1.0,RS41-SG,404.900,8.7,-125,11,2.6,,
2026-09-27T12:41:07.996Z,X1423208,6956,45.57412,8.77752,32698.8,6.4,8.7,125.1,-46.9,0.9,-1.0,RS41-SG,404.900,8.8,-125,11,2.7,,
2026-09-27T12:41:08.996Z,X1423208,6957,45.57408,8.77761,32705.2,6.2,8.4,120.9,-46.8,0.9,-1.0,RS41-SG,404.900,8.8,-125,11,2.7,,
2026-09-27T12:41:09.996Z,X1423208,6958,45.57404,8.77770,32711.2,5.7,7.8,118.1,-46.8,0.9,-1.0,RS41-SG,404.900,8.3,-125,11,2.7,,
2026-09-27T12:41:10.996Z,X1423208,6959,45.57401,8.77778,32717.2,6.1,6.9,119.5,-46.8,0.9,-1.0,RS41-SG,404.900,9.1,-125,11,2.6,,
2026-09-27T12:41:11.996Z,X1423208,6960,45.57398,8.77785,32723.6,6.9,5.8,128.0,-46.8,1.0,-1.0,RS41-SG,404.900,9.1,-125,11,2.6,,
2026-09-27T12:41:12.996Z,X1423208,6961,45.57394,8.77790,32730.6,7.0,5.3,143.5,-46.7,1.0,-1.0,RS41-SG,404.900,8.9,-125,11,2.6,,
2026-09-27T12:41:16.996Z,X1423208,6965,45.57374,8.77804,32754.5,6.9,7.9,141.3,-46.4,0.9,-1.0,RS41-SG,404.900,8.7,-125,11,2.6,,
2026-09-27T12:41:17.996Z,X1423208,6966,45.57369,8.77812,32761.6,7.2,9.6,124.8,-46.4,0.9,-1.0,RS41-SG,404.900,8.7,-125,11,2.6,,
2026-09-27T12:41:18.996Z,X1423208,6967,45.57364,8.77824,32767.8,5.3,11.0,115.5,-46.3,0.9,-1.0,RS41-SG,404.900,9.0,-125,11,2.7,,
2026-09-27T12:41:19.996Z,X1423208,6968,45.57360,8.77837,32772.4,3.8,12.1,110.6,-46.3,0.9,-1.0,RS41-SG,404.900,9.0,-125,11,2.7,,
2026-09-27T12:41:20.996Z,X1423208,6969,45.57356,8.77852,32777.0,5.5,12.5,110.4,-46.4,0.9,-1.0,RS41-SG,404.900,9.5,-125,11,2.7,,
2026-09-27T12:41:21.996Z,X1423208,6970,45.57352,8.77866,32783.4,7.3,11.9,116.0,-46.4,0.9,-1.0,RS41-SG,404.900,9.5,-125,11,2.6,,
2026-09-27T12:41:22.996Z,X1423208,6971,45.57347,8.77878,32790.7,7.3,10.7,125.7,-46.2,0.9,-1.0,RS41-SG,404.900,9.2,-125,11,2.6,,
2026-09-27T12:41:23.996Z,X1423208,6972,45.57341,8.77888,32796.9,5.1,9.9,134.9,-46.1,0.9,-1.0,RS41-SG,404.900,9.0,-125,11,2.6,,
2026-09-27T12:41:24.996Z,X1423208,6973,45.57334,8.77897,32801.8,4.6,9.4,143.3,-46.1,0.9,-1.0,RS41-SG,404.900,9.0,-125,11,2.7,,
2026-09-27T12:41:25.996Z,X1423208,6974,45.57328,8.77903,32806.8,5.3,9.0,147.7,-46.0,0.9,-1.0,RS41-SG,404.900,8.3,-125,11,2.7,,
2026-09-27T12:41:26.996Z,X1423208,6975,45.57321,8.77909,32812.8,6.7,8.8,145.1,-46.0,0.9,-1.0,RS41-SG,404.900,8.1,-125,11,2.7,,
2026-09-27T12:41:27.996Z,X1423208,6976,45.57315,8.77916,32819.7,6.8,8.8,138.6,-46.0,0.9,-1.0,RS41-SG,404.900,8.1,-125,11,2.6,,
2026-09-27T12:41:28.996Z,X1423208,6977,45.57309,8.77924,32825.7,5.1,9.3,133.1,-46.0,0.9,-1.0,RS41-SG,404.900,7.9,-125,11,2.6,,
2026-09-27T12:41:29.996Z,X1423208,6978,45.57303,8.77934,32830.9,5.5,10.5,130.5,-46.0,0.9,-1.0,RS41-SG,404.900,7.9,-125,11,2.6,,
2026-09-27T12:41:30.996Z,X1423208,6979,45.57296,8.77944,32837.1,6.9,11.7,132.6,-46.0,0.9,-1.0,RS41-SG,404.900,8.6,-125,11,2.7,,
2026-09-27T12:41:31.996Z,X1423208,6980,45.57289,8.77955,32844.0,7.0,12.7,137.5,-45.9,0.9,-1.0,RS41-SG,404.900,8.6,-125,11,2.7,,
2026-09-27T12:41:32.996Z,X1423208,6981,45.57280,8.77966,32850.3,5.4,13.0,140.6,-45.9,0.9,-1.0,RS41-SG,404.900,8.3,-125,11,2.6,,
2026-09-27T12:41:34.996Z,X1423208,6983,45.57262,8.77986,32861.5,6.4,12.3,141.1,-46.1,0.9,-1.0,RS41-SG,404.900,8.3,-125,11,2.6,,
2026-09-27T12:41:35.996Z,X1423208,6984,45.57254,8.77996,32868.1,6.9,11.5,136.3,-46.1,0.9,-1.0,RS41-SG,404.900,8.3,-125,11,2.7,,
2026-09-27T12:41:36.996Z,X1423208,6985,45.57247,8.78006,32874.5,5.8,10.8,131.9,-46.1,0.9,-1.0,RS41-SG,404.900,8.3,-125,11,2.7,,
2026-09-27T12:41:37.996Z,X1423208,6986,45.57241,8.78016,32880.1,5.6,10.3,130.3,-46.0,0.9,-1.0,RS41-SG,404.900,8.9,-125,11,2.7,,
2026-09-27T12:41:38.996Z,X1423208,6987,45.57235,8.78026,32885.9,6.0,9.9,132.6,-45.9,0.9,-1.0,RS41-SG,404.900,8.9,-125,11,2.6,,
2026-09-27T12:41:39.996Z,X1423208,6988,45.57229,8.78035,32892.2,6.4,9.9,139.3,-45.8,0.9,-1.0,RS41-SG,404.900,8.2,-125,11,2.6,,
2026-09-27T12:41:40.996Z,X1423208,6989,45.57221,8.78043,32898.5,6.3,10.3,146.0,-45.7,0.9,-1.0,RS41-SG,404.900,8.2,-125,11,2.6,,
2026-09-27T12:41:44.996Z,X1423208,6993,45.57189,8.78077,32922.5,6.3,12.6,130.5,-45.9,0.9,-1.0,RS41-SG,404.900,7.8,-125,11,2.6,,
2026-09-27T12:41:45.996Z,X1423208,6994,45.57182,8.78090,32928.9,6.5,13.5,119.0,-46.0,0.9,-1.0,RS41-SG,404.900,7.8,-125,11,2.6,,
2026-09-27T12:41:46.996Z,X1423208,6995,45.57177,8.78106,32934.6,4.9,14.3,111.6,-45.9,0.9,-1.0,RS41-SG,404.900,8.1,-125,11,2.6,,
2026-09-27T12:41:47.996Z,X1423208,6996,45.57172,8.78124,32939.4,4.9,14.6,106.8,-45.8,0.9,-1.0,RS41-SG,404.900,8.9,-125,11,2.7,,
2026-09-27T12:41:48.996Z,X1423208,6997,45.57169,8.78141,32945.3,6.8,13.9,106.9,-45.8,0.9,-1.0,RS41-SG,404.900,8.9,-125,11,2.7,,
2026-09-27T12:41:49.996Z,X1423208,6998,45.57165,8.78157,32952.5,7.7,12.6,113.5,-45.8,0.9,-1.0,RS41-SG,404.900,8.4,-125,11,2.6,,
2026-09-27T12:41:50.996Z,X1423208,6999,45.57159,8.78171,32959.8,6.9,11.5,124.8,-45.8,0.9,-1.0,RS41-SG,404.900,8.4,-125,11,2.6,,
2026-09-27T12:41:51.996Z,X1423208,7000,45.57153,8.78181,32965.8,5.1,11.0,135.6,-45.8,0.9,-1.0,RS41-SG,404.900,8.2,-125,11,2.6,,
2026-09-27T12:41:55.996Z,X1423208,7004,45.57122,8.78215,32989.8,6.6,10.5,136.2,-45.7,0.9,-1.0,RS41-SG,404.900,7.1,-125,11,2.6,,
2026-09-27T12:41:56.996Z,X1423208,7005,45.57116,8.78225,32995.7,5.2,10.6,128.6,-45.7,0.9,-1.0,RS41-SG,404.900,7.6,-125,11,2.6,,
2026-09-27T12:41:57.996Z,X1423208,7006,45.57110,8.78236,33001.1,5.4,11.0,122.2,-45.6,0.9,-1.0,RS41-SG,404.900,7.6,-125,11,2.6,,
2026-09-27T12:41:58.996Z,X1423208,7007,45.57105,8.78248,33007.3,6.9,11.5,120.0,-45.6,0.9,-1.0,RS41-SG,404.900,7.6,-125,11,2.7,,
2026-09-27T12:42:01.996Z,X1423208,7010,45.57089,8.78287,33026.2,6.1,11.8,120.5,-45.8,0.9,-1.0,RS41-SG,404.900,7.2,-125,11,2.6,,
2026-09-27T12:42:02.996Z,X1423208,7011,45.57084,8.78300,33032.6,6.8,11.5,116.0,-45.8,0.9,-1.0,RS41-SG,404.900,7.5,-125,11,2.6,,
2026-09-27T12:42:04.996Z,X1423208,7013,45.57077,8.78326,33045.5,5.4,10.7,107.1,-45.7,0.9,-1.0,RS41-SG,404.900,7.9,-125,11,2.7,,
2026-09-27T12:42:05.996Z,X1423208,7014,45.57074,8.78339,33051.3,6.0,9.9,108.2,-45.7,0.9,-1.0,RS41-SG,404.900,7.9,-125,11,2.7,,
2026-09-27T12:42:06.996Z,X1423208,7015,45.57071,8.78350,33057.7,6.8,9.0,114.7,-45.7,0.9,-1.0,RS41-SG,404.900,7.6,-125,11,2.6,,
2026-09-27T12:42:11.996Z,X1423208,7020,45.57047,8.78393,33089.7,7.2,9.2,117.9,-45.8,0.9,-1.0,RS41-SG,404.900,7.8,-125,11,2.6,,
2026-09-27T12:42:13.996Z,X1423208,7022,45.57041,8.78417,33101.5,4.8,10.3,100.1,-45.9,0.9,-1.0,RS41,404.900,7.4,-125,11,2.7,,
2026-09-27T12:42:14.996Z,X1423208,7023,45.57040,8.78430,33106.9,5.9,10.5,97.0,-45.9,0.9,-1.0,RS41,404.900,8.0,-125,11,2.7,,
2026-09-27T12:42:15.996Z,X1423208,7024,45.57038,8.78443,33113.4,7.1,10.1,100.6,-45.8,0.9,-1.0,RS41,404.900,8.0,-125,11,2.7,,
2026-09-27T12:42:17.996Z,X1423208,7026,45.57034,8.78466,33126.8,5.5,8.8,112.4,-45.7,0.9,-1.0,RS41,404.900,7.7,-125,11,2.6,,
2026-09-27T12:42:18.996Z,X1423208,7027,45.57031,8.78476,33132.5,5.9,7.8,116.3,-45.8,0.9,-1.0,RS41,404.900,7.7,-125,11,2.6,,
2026-09-27T12:42:20.996Z,X1423208,7029,45.57026,8.78492,33145.8,6.7,6.6,107.3,-45.7,0.9,-1.0,RS41,404.900,7.4,-125,11,2.7,,
2026-09-27T12:42:21.996Z,X1423208,7030,45.57024,8.78501,33152.0,5.7,6.8,101.9,-45.7,0.9,-1.0,RS41,404.900,7.8,-125,11,2.6,,
2026-09-27T12:42:27.996Z,X1423208,7036,45.57008,8.78560,33189.3,5.9,9.5,111.2,-45.8,0.9,-1.0,RS41,404.900,7.3,-125,11,2.6,,
2026-09-27T12:42:29.996Z,X1423208,7038,45.57005,8.78583,33202.4,7.0,9.3,87.4,-45.8,0.9,-1.0,RS41,404.900,7.5,-125,11,2.7,,
2026-09-27T12:42:30.996Z,X1423208,7039,45.57006,8.78595,33208.5,5.4,9.3,77.0,-45.8,0.9,-1.0,RS41,404.900,7.5,-125,11,2.7,,
2026-09-27T12:42:32.996Z,X1423208,7041,45.57011,8.78616,33220.0,7.1,7.3,63.7,-46.0,0.9,-1.0,RS41,404.900,7.7,-125,11,2.6,,
2026-09-27T12:42:36.996Z,X1423208,7045,45.57013,8.78634,33244.4,6.3,2.8,127.2,-46.0,0.9,-1.0,RS41,404.900,7.1,-125,11,2.7,,
2026-09-27T12:42:44.996Z,X1423208,7053,45.57007,8.78705,33295.2,5.7,10.8,95.9,-46.0,0.9,-1.0,RS41,404.900,7.1,-125,11,2.7,,
2026-09-27T12:42:45.996Z,X1423208,7054,45.57007,8.78719,33301.2,6.2,11.1,92.4,-45.9,0.9,-1.0,RS41,404.900,7.4,-125,11,2.7,,
2026-09-27T12:42:47.996Z,X1423208,7056,45.57007,8.78747,33313.9,5.9,11.1,88.5,-46.0,0.9,-1.0,RS41,404.900,6.8,-125,11,2.6,,
2026-09-27T12:42:52.996Z,X1423208,7061,45.56994,8.78800,33345.4,5.4,7.8,142.1,-45.7,0.9,-1.0,RS41,404.900,7.3,-125,11,2.6,,
2026-09-27T12:42:59.996Z,X1423208,7068,45.56989,8.78848,33387.1,6.6,8.7,72.9,-45.7,0.9,-1.0,RS41,404.900,7.1,-125,11,2.6,,
2026-09-27T12:43:00.996Z,X1423208,7069,45.56990,8.78859,33394.0,7.3,8.5,88.0,-45.6,0.9,-1.0,RS41,404.900,7.1,-125,11,2.6,,
2026-09-27T12:43:08.996Z,X1423208,7077,45.56959,8.78928,33442.4,5.0,7.5,106.7,-44.9,0.9,-1.0,RS41,404.900,7.7,-125,11,2.6,,
2026-09-27T12:43:19.996Z,X1423208,7088,45.56916,8.79028,33510.1,7.0,8.9,122.5,-44.9,0.8,-1.0,RS41,404.900,7.3,-125,11,2.6,,
2026-09-27T12:43:25.996Z,X1423208,7094,45.56889,8.79086,33550.6,6.3,7.8,101.4,-44.4,0.8,-1.0,RS41,404.900,7.3,-125,11,2.6,,
2026-09-27T12:43:26.996Z,X1423208,7095,45.56888,8.79096,33556.3,5.2,7.6,94.4,-44.4,0.8,-1.0,RS41,404.900,7.4,-125,11,2.7,,
2026-09-27T12:43:27.996Z,X1423208,7096,45.56888,8.79105,33562.0,6.1,7.6,93.0,-44.4,0.8,-1.0,RS41,404.900,7.7,-125,11,2.7,,
2026-09-27T12:43:28.996Z,X1423208,7097,45.56887,8.79115,33568.6,7.1,7.4,100.1,-44.5,0.9,-1.0,RS41,404.900,7.8,-125,11,2.6,,
2026-09-27T12:43:57.996Z,X1423208,7126,45.56829,8.79404,33175.3,-33.6,12.7,91.1,-45.9,1.0,-1.0,RS41,404.900,7.1,-125,11,2.6,,
2026-09-27T12:43:59.996Z,X1423208,7128,45.56829,8.79436,33106.6,-34.3,12.3,85.1,-45.7,0.9,-1.0,RS41,404.900,7.8,-125,11,2.7,,
2026-09-27T12:44:00.996Z,X1423208,7129,45.56830,8.79451,33071.5,-35.8,10.8,82.9,-45.7,0.9,-1.0,RS41,404.900,7.8,-125,11,2.7,,
2026-09-27T12:44:01.996Z,X1423208,7130,45.56831,8.79463,33034.6,-38.3,9.2,79.9,-45.6,0.9,-1.0,RS41,404.900,7.5,-125,10,2.6,,
2026-09-27T12:44:02.996Z,X1423208,7131,45.56833,8.79474,32996.2,-39.3,8.9,76.2,-45.5,0.9,-1.0,RS41,404.900,7.7,-125,11,2.6,,
2026-09-27T12:44:04.996Z,X1423208,7133,45.56834,8.79492,32916.6,-39.7,5.3,95.7,-45.3,0.9,-1.0,RS41,404.900,8.0,-125,10,2.7,,
2026-09-27T12:44:05.996Z,X1423208,7134,45.56833,8.79499,32876.9,-40.2,5.2,116.3,-45.4,0.9,-1.0,RS41,404.900,8.0,-125,11,2.7,,
2026-09-27T12:44:06.996Z,X1423208,7135,45.56830,8.79505,32837.0,-39.5,7.0,133.3,-45.4,0.9,-1.0,RS41,404.900,7.8,-125,11,2.6,,
2026-09-27T12:44:07.996Z,X1423208,7136,45.56825,8.79513,32796.5,-41.1,8.9,133.8,-45.5,0.9,-1.0,RS41,404.900,8.2,-125,11,2.6,,
2026-09-27T12:44:08.996Z,X1423208,7137,45.56819,8.79522,32754.5,-42.8,11.1,133.6,-45.7,0.9,-1.0,RS41,404.900,8.6,-125,11,2.7,,
2026-09-27T12:44:09.996Z,X1423208,7138,45.56811,8.79532,32711.4,-43.3,11.7,135.7,-45.9,0.9,-1.0,RS41,404.900,8.7,-125,10,2.7,,
2026-09-27T12:44:10.996Z,X1423208,7139,45.56804,8.79543,32667.9,-43.1,13.1,135.0,-46.0,0.9,-1.0,RS41,404.900,8.8,-125,11,2.6,,
2026-09-27T12:44:11.996Z,X1423208,7140,45.56796,8.79556,32625.6,-41.5,13.5,129.9,-46.2,1.0,-1.0,RS41,404.900,8.8,-125,11,2.6,,
2026-09-27T12:44:12.996Z,X1423208,7141,45.56789,8.79569,32583.5,-43.4,12.1,123.7,-46.2,0.9,-1.0,RS41,404.900,9.3,-125,11,2.6,,
2026-09-27T12:44:14.996Z,X1423208,7143,45.56778,8.79592,32491.9,-47.7,9.4,123.0,-46.1,1.0,-1.0,RS41,404.900,9.3,-125,11,2.7,,
2026-09-27T12:44:15.996Z,X1423208,7144,45.56775,8.79601,32445.2,-46.4,6.9,112.8,-46.2,1.0,-1.0,RS41,404.900,9.5,-125,10,2.7,,
2026-09-27T12:44:16.996Z,X1423208,7145,45.56773,8.79609,32399.1,-46.6,5.5,102.1,-46.6,1.0,-1.0,RS41,404.900,10.2,-125,11,2.6,,
2026-09-27T12:44:17.996Z,X1423208,7146,45.56772,8.79615,32352.3,-46.3,4.3,97.3,-47.0,1.0,-1.0,RS41,404.900,10.2,-125,11,2.6,,
2026-09-27T12:44:18.996Z,X1423208,7147,45.56772,8.79620,32305.8,-47.3,3.4,85.1,-47.0,1.0,-1.0,RS41,404.900,9.5,-125,10,2.6,,
2026-09-27T12:44:19.996Z,X1423208,7148,45.56773,8.79623,32258.4,-48.5,2.0,71.9,-46.9,1.0,-1.0,RS41,404.900,8.6,-125,11,2.7,,
2026-09-27T12:44:20.996Z,X1423208,7149,45.56772,8.79625,32208.6,-51.4,0.9,135.8,-46.6,1.0,-1.0,RS41,404.900,8.5,-125,10,2.7,,
2026-09-27T12:44:21.996Z,X1423208,7150,45.56771,8.79626,32156.9,-51.0,2.7,155.1,-46.3,0.9,-1.0,RS41,404.900,7.7,-125,11,2.7,,
2026-09-27T12:44:22.996Z,X1423208,7151,45.56768,8.79628,32105.5,-51.8,4.1,159.9,-46.4,0.9,-1.0,RS41,404.900,7.5,250,10,2.6,,
2026-09-27T12:44:23.996Z,X1423208,7152,45.56765,8.79631,32054.1,-52.6,4.3,147.2,-46.4,1.0,-1.0,RS41,404.900,8.1,250,11,2.6,,
2026-09-27T12:44:24.996Z,X1423208,7153,45.56761,8.79634,32002.8,-51.2,5.6,147.1,-46.4,1.0,-1.0,RS41,404.900,8.1,-125,10,2.6,,
2026-09-27T12:44:26.996Z,X1423208,7155,45.56752,8.79644,31902.2,-48.0,7.8,144.0,-46.5,0.9,-1.0,RS41,404.900,8.2,250,9,2.7,,
2026-09-27T12:44:27.996Z,X1423208,7156,45.56746,8.79650,31854.6,-48.2,7.7,135.1,-46.9,1.0,-1.0,RS41,404.900,8.8,-125,10,2.6,,
2026-09-27T12:44:28.996Z,X1423208,7157,45.56741,8.79658,31807.1,-47.5,8.7,131.5,-47.1,1.0,-1.0,RS41,404.900,8.8,-125,10,2.6,,
2026-09-27T12:44:29.996Z,X1423208,7158,45.56737,8.79666,31761.1,-45.8,8.0,126.8,-47.3,1.0,-1.0,RS41,404.900,8.4,-125,8,2.7,,
2026-09-27T12:44:30.996Z,X1423208,7159,45.56733,8.79674,31715.1,-46.4,7.2,120.6,-47.5,1.0,-1.0,RS41,404.900,8.6,-125,9,2.7,,
2026-09-27T12:44:31.996Z,X1423208,7160,45.56730,8.79682,31669.3,-45.9,6.0,112.7,-47.6,1.0,-1.0,RS41,404.900,9.0,-125,10,2.6,,
2026-09-27T12:44:32.996Z,X1423208,7161,45.56729,8.79688,31624.2,-45.9,4.3,106.0,-47.6,1.1,-1.0,RS41,404.900,9.0,-125,9,2.6,,
2026-09-27T12:44:33.996Z,X1423208,7162,45.56728,8.79693,31579.1,-45.2,4.8,91.5,-47.5,1.0,-1.0,RS41,404.900,9.0,-125,9,2.6,,
2026-09-27T12:44:35.996Z,X1423208,7164,45.56728,8.79704,31490.6,-45.3,3.3,103.8,-47.7,1.1,-1.0,RS41,404.900,8.5,-125,9,2.7,,
2026-09-27T12:44:37.996Z,X1423208,7166,45.56725,8.79715,31399.0,-45.3,5.4,114.1,-47.7,1.1,-1.0,RS41,404.900,7.8,-125,8,2.6,,
2026-09-27T12:44:39.996Z,X1423208,7168,45.56720,8.79726,31306.6,-44.7,6.2,130.7,-47.9,1.0,-1.0,RS41,404.900,7.5,250,9,2.6,,
2026-09-27T12:45:14.996Z,X1423208,7203,45.56563,8.79962,29796.8,-43.0,5.4,120.7,-49.1,1.1,-1.0,RS41,404.900,7.1,-125,10,2.6,,
2026-09-27T12:45:20.996Z,X1423208,7209,45.56574,8.79998,29538.4,-43.2,6.2,43.9,-51.2,1.3,-1.0,RS41,404.900,6.9,-125,9,2.7,,
2026-09-27T12:45:23.996Z,X1423208,7212,45.56584,8.80010,29409.7,-43.8,3.6,54.9,-51.7,1.4,-1.0,RS41,404.900,7.0,-125,9,2.6,,
2026-09-27T12:45:28.996Z,X1423208,7217,45.56583,8.80024,29201.5,-42.4,2.5,151.3,-52.1,1.3,-1.0,RS41,404.900,7.6,-125,8,2.7,,
2026-09-27T12:45:31.996Z,X1423208,7220,45.56577,8.80031,29079.9,-38.1,2.6,109.0,-52.0,1.3,-1.0,RS41,404.900,8.1,-125,9,2.6,,
2026-09-27T12:45:38.996Z,X1423208,7227,45.56589,8.80045,28796.1,-39.3,2.3,40.3,-51.7,1.2,-1.0,RS41,404.900,7.3,-125,10,2.7,,
2026-09-27T12:45:39.996Z,X1423208,7228,45.56590,8.80047,28756.9,-38.9,2.5,69.9,-51.6,1.2,-1.0,RS41,404.900,7.3,-125,10,2.7,,
2026-09-27T12:45:40.996Z,X1423208,7229,45.56591,8.80049,28717.8,-40.7,2.9,46.4,-51.7,1.2,-1.0,RS41,404.900,7.8,-125,9,2.6,,
2026-09-27T12:45:41.996Z,X1423208,7230,45.56593,8.80053,28677.5,-39.7,3.3,61.0,-51.7,1.2,-1.0,RS41,404.900,8.5,-125,11,2.6,,
2026-09-27T12:45:42.996Z,X1423208,7231,45.56594,8.80057,28638.5,-37.9,3.8,73.9,-51.7,1.2,-1.0,RS41,404.900,8.5,-125,10,2.7,,
2026-09-27T12:45:44.996Z,X1423208,7233,45.56595,8.80065,28561.9,-38.6,3.3,89.3,-51.5,1.2,-1.0,RS41,404.900,8.9,-125,9,2.6,,
2026-09-27T12:45:45.996Z,X1423208,7234,45.56596,8.80070,28523.2,-38.9,3.7,81.6,-51.7,1.1,-1.0,RS41,404.900,8.9,-125,11,2.6,,
2026-09-27T12:45:46.996Z,X1423208,7235,45.56596,8.80073,28484.9,-37.8,2.1,68.4,-51.8,1.2,-1.0,RS41,404.900,8.5,-125,8,2.6,,
2026-09-27T12:45:47.996Z,X1423208,7236,45.56597,8.80076,28446.5,-38.3,2.1,67.0,-51.8,1.2,-1.0,RS41,404.900,8.5,-125,9,2.7,,
2026-09-27T12:45:49.996Z,X1423208,7238,45.56597,8.80079,28371.5,-36.5,1.8,91.8,-51.8,1.2,-1.0,RS41,404.900,7.9,-125,8,2.7,,
2026-09-27T12:45:50.996Z,X1423208,7239,45.56596,8.80081,28334.6,-37.6,1.2,134.9,-52.1,1.2,-1.0,RS41,404.900,8.0,-125,10,2.6,,
2026-09-27T12:45:51.996Z,X1423208,7240,45.56596,8.80081,28298.4,-36.3,0.1,206.9,-52.2,1.2,-1.0,RS41,404.900,8.5,-125,10,2.6,,
2026-09-27T12:45:52.996Z,X1423208,7241,45.56595,8.80081,28262.1,-37.0,1.3,162.9,-52.4,1.2,-1.0,RS41,404.900,8.5,-125,8,2.6,,
2026-09-27T12:45:53.996Z,X1423208,7242,45.56594,8.80081,28224.3,-38.6,0.1,331.6,-52.5,1.2,-1.0,RS41,404.900,8.4,250,9,2.7,08:28:18,
2026-09-27T12:45:54.996Z,X1423208,7243,45.56594,8.80082,28185.7,-38.6,1.0,105.3,-52.7,1.2,-1.0,RS41,404.900,7.5,-125,7,2.7,08:28:18,
2026-09-27T12:45:56.996Z,X1423208,7245,45.56595,8.80083,28109.9,-37.8,1.3,357.6,-53.0,1.3,-1.0,RS41,404.900,8.5,250,10,2.6,08:28:18,
2026-09-27T12:45:57.996Z,X1423208,7246,45.56596,8.80082,28071.4,-38.3,1.6,320.8,-53.2,1.3,-1.0,RS41,404.900,8.5,-125,8,2.6,08:28:18,
2026-09-27T12:45:58.996Z,X1423208,7247,45.56597,8.80082,28032.8,-38.5,0.9,346.3,-53.3,1.3,-1.0,RS41,404.900,7.9,250,10,2.6,08:28:18,
2026-09-27T12:45:59.996Z,X1423208,7248,45.56598,8.80081,27994.2,-38.8,1.7,315.0,-53.3,1.4,-1.0,RS41,404.900,7.7,-125,10,2.7,08:28:18,
2026-09-27T12:46:00.996Z,X1423208,7249,45.56599,8.80080,27955.6,-39.4,1.3,346.4,-53.3,1.3,-1.0,RS41,404.900,7.7,-125,8,2.7,08:28:18,
2026-09-27T12:46:01.996Z,X1423208,7250,45.56600,8.80079,27917.8,-37.4,1.7,341.3,-53.3,1.3,-1.0,RS41,404.900,8.6,250,10,2.6,08:28:18,
2026-09-27T12:46:02.996Z,X1423208,7251,45.56602,8.80078,27880.8,-36.6,2.1,337.1,-53.3,1.3,-1.0,RS41,404.900,8.6,-125,8,2.6,08:28:18,
2026-09-27T12:46:03.996Z,X1423208,7252,45.56603,8.80077,27844.3,-36.1,1.7,331.3,-53.2,1.3,-1.0,RS41,404.900,8.8,250,10,2.7,08:28:18,
2026-09-27T12:46:04.996Z,X1423208,7253,45.56604,8.80076,27807.4,-37.1,1.3,327.0,-53.1,1.3,-1.0,RS41,404.900,9.0,-125,9,2.7,08:28:18,
2026-09-27T12:46:05.996Z,X1423208,7254,45.56605,8.80076,27770.8,-36.6,0.5,20.8,-53.1,1.3,-1.0,RS41,404.900,9.0,-125,10,2.6,08:28:18,
2026-09-27T12:46:06.996Z,X1423208,7255,45.56606,8.80076,27735.0,-35.4,2.1,18.0,-53.1,1.3,-1.0,RS41,404.900,8.9,-125,9,2.6,08:28:18,
2026-09-27T12:46:07.996Z,X1423208,7256,45.56608,8.80077,27700.3,-34.5,2.8,6.0,-53.0,1.3,-1.0,RS41,404.900,8.9,-125,8,2.6,08:28:18,
2026-09-27T12:46:08.996Z,X1423208,7257,45.56610,8.80077,27666.6,-33.5,3.6,12.9,-53.0,1.3,-1.0,RS41,404.900,9.5,-125,9,2.7,08:28:18,
2026-09-27T12:46:09.996Z,X1423208,7258,45.56613,8.80078,27633.3,-32.6,3.3,2.3,-52.9,1.2,-1.0,RS41,404.900,9.5,-125,8,2.7,08:28:18,
2026-09-27T12:46:10.996Z,X1423208,7259,45.56616,8.80078,27599.4,-33.7,3.9,11.9,-52.9,1.2,-1.0,RS41,404.900,9.4,-125,9,2.7,08:28:18,
2026-09-27T12:46:11.996Z,X1423208,7260,45.56620,8.80079,27566.2,-33.4,5.0,10.4,-53.0,1.2,-1.0,RS41,404.900,9.4,-125,10,2.6,08:28:18,
2026-09-27T12:46:12.996Z,X1423208,7261,45.56625,8.80079,27531.9,-34.5,6.0,2.0,-53.0,1.2,-1.0,RS41,404.900,8.8,-125,10,2.6,08:28:18,
2026-09-27T12:46:13.996Z,X1423208,7262,45.56631,8.80079,27497.6,-34.3,7.1,358.2,-53.0,1.2,-1.0,RS41,404.900,8.7,-125,9,2.6,08:28:18,
2026-09-27T12:46:14.996Z,X1423208,7263,45.56637,8.80078,27464.1,-33.7,7.0,350.4,-52.9,1.2,-1.0,RS41,404.900,9.7,-125,8,2.7,08:28:18,
2026-09-27T12:46:16.996Z,X1423208,7265,45.56649,8.80077,27392.7,-35.4,7.0,2.5,-52.9,1.2,-1.0,RS41,404.900,8.3,-125,10,2.7,08:28:18,
2026-09-27T12:46:17.996Z,X1423208,7266,45.56655,8.80077,27358.1,-33.8,5.9,359.1,-53.1,1.2,-1.0,RS41,404.900,8.3,-125,10,2.6,08:28:18,
2026-09-27T12:46:18.996Z,X1423208,7267,45.56661,8.80077,27324.2,-35.8,6.9,359.5,-53.2,1.2,-1.0,RS41,404.900,7.9,-125,7,2.6,08:28:18,
2026-09-27T12:46:19.996Z,X1423208,7268,45.56666,8.80077,27287.4,-36.6,5.5,1.6,-53.2,1.2,-1.0,RS41,404.900,8.1,-125,8,2.6,08:28:18,
2026-09-27T12:46:21.996Z,X1423208,7270,45.56674,8.80079,27214.1,-36.4,3.7,15.7,-53.3,1.2,-1.0,RS41,404.900,7.7,-125,9,2.7,08:28:18,
2026-09-27T12:46:23.996Z,X1423208,7272,45.56680,8.80083,27145.2,-33.7,3.7,32.4,-53.3,1.2,-1.0,RS41,404.900,7.3,-125,10,2.6,08:28:18,
2026-09-27T12:46:24.996Z,X1423208,7273,45.56683,8.80085,27113.4,-31.5,4.1,21.0,-53.3,1.2,-1.0,RS41,404.900,8.2,-125,8,2.7,08:28:18,
2026-09-27T12:46:25.996Z,X1423208,7274,45.56686,8.80087,27080.7,-33.4,3.0,11.0,-53.3,1.3,-1.0,RS41,404.900,8.2,-125,9,2.7,08:28:18,
2026-09-27T12:46:26.996Z,X1423208,7275,45.56689,8.80087,27048.4,-31.9,3.4,1.8,-53.3,1.2,-1.0,RS41,404.900,8.1,-125,9,2.6,08:28:18,
2026-09-27T12:46:27.996Z,X1423208,7276,45.56691,8.80088,27015.3,-34.0,2.8,13.8,-53.2,1.2,-1.0,RS41,404.900,8.1,-125,9,2.6,08:28:18,
2026-09-27T12:46:29.996Z,X1423208,7278,45.56698,8.80088,26946.3,-36.6,4.4,352.6,-53.2,1.2,-1.0,RS41,404.900,7.9,-125,8,2.7,08:28:18,
2026-09-27T12:46:30.996Z,X1423208,7279,45.56702,8.80088,26910.0,-36.2,3.7,0.5,-53.2,1.2,-1.0,RS41,404.900,8.2,250,11,2.7,08:28:18,
2026-09-27T12:46:31.996Z,X1423208,7280,45.56705,8.80087,26873.7,-36.6,4.3,343.8,-53.0,1.2,-1.0,RS41,404.900,8.2,-125,9,2.7,08:28:18,
2026-09-27T12:46:32.996Z,X1423208,7281,45.56709,8.80086,26838.5,-34.0,3.4,349.4,-52.8,1.2,-1.0,RS41,404.900,7.9,-125,9,2.6,08:28:18,
2026-09-27T12:46:33.996Z,X1423208,7282,45.56711,8.80085,26803.8,-35.2,3.2,339.9,-52.6,1.2,-1.0,RS41,404.900,7.9,-125,9,2.6,08:28:18,
2026-09-27T12:46:35.996Z,X1423208,7284,45.56717,8.80083,26736.9,-32.6,3.1,338.7,-52.4,1.2,-1.0,RS41,404.900,7.1,-125,7,2.7,08:28:18,
2026-09-27T12:46:37.996Z,X1423208,7286,45.56721,8.80077,26673.4,-32.1,2.7,295.5,-52.4,1.2,-1.0,RS41,404.900,7.4,-125,8,2.7,08:28:18,
2026-09-27T12:46:38.996Z,X1423208,7287,45.56721,8.80074,26640.8,-33.6,1.9,274.6,-52.4,1.1,-1.0,RS41,404.900,7.8,-125,10,2.6,08:28:18,
2026-09-27T12:46:40.996Z,X1423208,7289,45.56722,8.80070,26577.0,-30.1,1.8,291.8,-52.8,1.2,-1.0,RS41,404.900,7.6,-125,11,2.6,08:28:18,
2026-09-27T12:46:46.996Z,X1423208,7295,45.56722,8.80057,26380.3,-33.6,1.2,197.3,-53.7,1.3,-1.0,RS41,404.900,6.7,250,10,2.7,08:28:18,
2026-09-27T12:46:51.996Z,X1423208,7300,45.56717,8.80058,26205.6,-35.1,2.8,179.5,-53.5,1.2,-1.0,RS41,404.900,6.9,-125,10,2.7,08:28:18,
2026-09-27T12:46:52.996Z,X1423208,7301,45.56715,8.80057,26171.2,-34.4,2.7,203.3,-53.5,1.3,-1.0,RS41,404.900,6.9,-125,9,2.7,08:28:18,
