timestamp,serial,frame,lat,lon,alt,vel_v,vel_h,heading,temp,humidity,pressure,type,freq_mhz,snr,f_error_hz,sats,batt_v,burst_timer,aux_data
2026-09-16T00:57:04.999Z,W4140592,8439,46.80268,7.53877,35688.7,-31.2,13.3,286.4,-273.0,-1.0,-1.0,RS41,403.500,8.3,250,9,2.6,,
2026-09-16T00:57:05.999Z,W4140592,8440,46.80270,7.53859,35656.9,-32.4,15.2,267.9,-273.0,-1.0,-1.0,RS41,403.500,8.6,250,9,2.6,,
2026-09-16T00:57:06.999Z,W4140592,8441,46.80269,7.53839,35624.3,-32.6,16.3,257.4,-273.0,-1.0,-1.0,RS41,403.500,9.0,250,10,2.5,,
2026-09-16T00:57:07.999Z,W4140592,8442,46.80264,7.53818,35591.6,-32.9,18.6,248.5,-273.0,-1.0,-1.0,RS41,403.500,9.0,250,10,2.5,,
2026-09-16T00:57:08.999Z,W4140592,8443,46.80257,7.53795,35558.1,-33.5,19.5,238.4,-273.0,-1.0,-1.0,RS41,403.500,8.9,250,10,2.5,,
2026-09-16T00:57:09.999Z,W4140592,8444,46.80247,7.53774,35526.2,-31.8,20.2,234.5,-273.0,-1.0,-1.0,RS41,403.500,8.5,250,9,2.6,,
2026-09-16T00:57:10.999Z,W4140592,8445,46.80235,7.53753,35494.1,-31.9,21.6,226.3,-273.0,-1.0,-1.0,RS41,403.500,8.5,250,10,2.6,,
2026-09-16T00:57:11.999Z,W4140592,8446,46.80221,7.53735,35462.6,-32.0,21.4,216.6,-273.0,-1.0,-1.0,RS41,403.500,8.1,250,10,2.6,,
2026-09-16T00:57:12.999Z,W4140592,8447,46.80206,7.53718,35431.2,-31.0,21.2,214.7,-273.0,-1.0,-1.0,RS41,403.500,8.6,250,10,2.5,,
2026-09-16T00:57:13.999Z,W4140592,8448,46.80189,7.53704,35400.8,-30.8,22.3,205.1,-273.0,-1.0,-1.0,RS41,403.500,8.6,250,10,2.5,,
2026-09-16T00:57:14.999Z,W4140592,8449,46.80171,7.53694,35371.4,-29.8,21.5,197.3,-273.0,-1.0,-1.0,RS41,403.500,7.8,250,8,2.5,,
2026-09-16T00:57:15.999Z,W4140592,8450,46.80152,7.53686,35341.4,-29.9,22.0,196.1,-273.0,-1.0,-1.0,RS41-SG,403.500,8.8,250,10,2.5,,
2026-09-16T00:57:16.999Z,W4140592,8451,46.80132,7.53680,35312.0,-29.9,23.2,186.9,-273.0,-1.0,-1.0,RS41-SG,403.500,8.8,250,10,2.6,,
2026-09-16T00:57:17.999Z,W4140592,8452,46.80112,7.53677,35282.1,-30.2,22.1,184.1,-273.0,-1.0,-1.0,RS41-SG,403.500,8.4,250,10,2.6,,
2026-09-16T00:57:18.999Z,W4140592,8453,46.80092,7.53676,35252.8,-29.8,23.8,180.2,-273.0,-1.0,-1.0,RS41-SG,403.500,8.4,250,10,2.5,,
2026-09-16T00:57:19.999Z,W4140592,8454,46.80071,7.53677,35224.0,-29.6,22.6,176.0,-273.0,-1.0,-1.0,RS41-SG,403.500,9.5,250,9,2.5,,
2026-09-16T00:57:20.999Z,W4140592,8455,46.80050,7.53680,35195.3,-29.3,23.6,173.9,-273.0,-1.0,-1.0,RS41-SG,403.500,9.5,250,10,2.5,,
2026-09-16T00:57:21.999Z,W4140592,8456,46.80030,7.53684,35167.0,-29.1,22.8,170.3,-273.0,-1.0,-1.0,RS41-SG,403.500,9.1,250,10,2.6,,
2026-09-16T00:57:22.999Z,W4140592,8457,46.80009,7.53689,35139.0,-28.6,23.6,169.8,-273.0,-1.0,-1.0,RS41-SG,403.500,9.1,250,10,2.6,,
2026-09-16T00:57:23.999Z,W4140592,8458,46.79989,7.53695,35111.0,-28.6,22.8,166.0,-273.0,-1.0,-1.0,RS41-SG,403.500,9.1,250,9,2.5,,
2026-09-16T00:57:24.999Z,W4140592,8459,46.79969,7.53703,35083.2,-28.0,23.2,166.4,-273.0,-1.0,-1.0,RS41-SG,403.500,9.1,250,10,2.5,,
2026-09-16T00:57:25.999Z,W4140592,8460,46.79949,7.53711,35055.2,-28.2,22.9,162.2,-273.0,-1.0,-1.0,RS41-SG,403.500,8.6,250,9,2.5,,
2026-09-16T00:57:26.999Z,W4140592,8461,46.79929,7.53720,35028.5,-26.8,23.0,162.7,-273.0,-1.0,-1.0,RS41-SG,403.500,8.6,250,9,2.6,,
2026-09-16T00:57:27.999Z,W4140592,8462,46.79910,7.53729,35001.2,-27.9,23.5,159.9,-273.0,-1.0,-1.0,RS41-SG,403.500,8.6,250,9,2.6,,
2026-09-16T00:57:28.999Z,W4140592,8463,46.79890,7.53739,34974.6,-26.6,22.8,160.4,-273.0,-1.0,-1.0,RS41-SG,403.500,8.6,250,10,2.6,,
2026-09-16T00:57:29.999Z,W4140592,8464,46.79870,7.53750,34948.2,-27.1,23.9,159.2,-273.0,-1.0,-1.0,RS41-SG,403.500,8.9,250,10,2.5,,
2026-09-16T00:57:30.999Z,W4140592,8465,46.79851,7.53761,34922.5,-26.1,22.6,159.3,-273.0,-1.0,-1.0,RS41-SG,403.500,9.2,250,9,2.5,,
2026-09-16T00:57:31.999Z,W4140592,8466,46.79832,7.53771,34896.4,-26.7,23.3,159.7,-273.0,-1.0,-1.0,RS41-SG,403.500,9.2,250,10,2.5,08:29:32,
2026-09-16T00:57:32.999Z,W4140592,8467,46.79813,7.53781,34870.8,-25.9,21.7,160.6,-273.0,-1.0,-1.0,RS41-SG,403.500,9.0,250,8,2.5,08:29:32,
2026-09-16T00:57:33.999Z,W4140592,8468,46.79794,7.53791,34845.3,-26.0,22.3,162.3,-273.0,-1.0,-1.0,RS41-SG,403.500,9.0,250,10,2.6,08:29:32,
2026-09-16T00:57:34.999Z,W4140592,8469,46.79775,7.53799,34820.5,-25.0,20.7,163.8,-273.0,-1.0,-1.0,RS41-SG,403.500,8.6,250,8,2.6,08:29:32,
2026-09-16T00:57:35.999Z,W4140592,8470,46.79757,7.53805,34795.6,-25.6,20.7,168.5,-273.0,-1.0,-1.0,RS41-SG,403.500,8.5,250,9,2.5,08:29:32,
2026-09-16T00:57:36.999Z,W4140592,8471,46.79739,7.53810,34771.0,-24.6,19.6,171.3,-273.0,-1.0,-1.0,RS41-SG,403.500,8.5,250,9,2.5,08:29:32,
2026-09-16T00:57:37.999Z,W4140592,8472,46.79722,7.53812,34746.5,-25.3,19.1,178.1,-273.0,-1.0,-1.0,RS41-SG,403.500,8.6,250,8,2.5,08:29:32,
2026-09-16T00:57:38.999Z,W4140592,8473,46.79706,7.53812,34721.4,-25.5,18.2,182.2,-38.2,-1.0,-1.0,RS41-SG,403.500,8.8,250,9,2.6,08:29:32,
2026-09-16T00:57:39.999Z,W4140592,8474,46.79689,7.53810,34695.5,-26.5,18.1,190.8,-38.2,-1.0,-1.0,RS41-SG,403.500,8.8,250,8,2.6,08:29:32,
2026-09-16T00:57:40.999Z,W4140592,8475,46.79674,7.53804,34669.2,-26.8,16.9,198.8,-38.0,-1.0,-1.0,RS41-SG,403.500,8.2,250,9,2.6,08:29:32,
2026-09-16T00:57:41.999Z,W4140592,8476,46.79660,7.53795,34642.5,-27.0,17.1,207.5,-37.9,-1.0,-1.0,RS41-SG,403.500,7.5,250,8,2.5,08:29:32,
2026-09-16T00:57:42.999Z,W4140592,8477,46.79648,7.53783,34615.5,-27.6,16.5,219.9,-37.9,-1.0,-1.0,RS41-SG,403.500,7.8,250,9,2.5,08:29:32,
2026-09-16T00:57:44.999Z,W4140592,8479,46.79629,7.53750,34560.5,-28.1,17.4,241.2,-37.9,-1.0,-1.0,RS41-SG,403.500,7.5,250,10,2.5,08:29:32,
2026-09-16T00:57:45.999Z,W4140592,8480,46.79622,7.53730,34532.5,-28.4,17.5,249.5,-38.1,-1.0,-1.0,RS41-SG,403.500,7.5,250,9,2.6,08:29:32,
2026-09-16T00:58:04.999Z,W4140592,8499,46.79637,7.53798,34005.8,-27.7,29.3,155.9,-40.2,-1.0,-1.0,RS41-SG,403.500,6.8,250,9,2.5,08:29:32,
2026-09-16T00:58:06.999Z,W4140592,8501,46.79586,7.53815,33947.0,-30.4,30.9,179.3,-40.7,-1.0,-1.0,RS41,403.500,7.2,250,9,2.5,08:29:32,
2026-09-16T00:58:22.999Z,W4140592,8517,46.79498,7.53858,33485.9,-27.3,30.1,114.3,-40.3,-1.0,-1.0,RS41,403.500,7.7,250,10,2.5,08:28:41,
2026-09-16T00:58:23.999Z,W4140592,8518,46.79484,7.53891,33459.3,-26.2,29.0,127.8,-40.4,-1.0,-1.0,RS41,403.500,7.7,250,10,2.5,08:28:41,
2026-09-16T00:58:24.999Z,W4140592,8519,46.79467,7.53917,33433.4,-25.9,27.1,141.7,-40.5,-1.0,-1.0,RS41,403.500,7.7,250,10,2.6,08:28:41,
2026-09-16T00:58:25.999Z,W4140592,8520,46.79448,7.53933,33407.9,-25.4,24.7,158.3,-40.8,-1.0,-1.0,RS41,403.500,7.0,250,9,2.6,08:28:41,
2026-09-16T00:58:26.999Z,W4140592,8521,46.79428,7.53940,33382.5,-25.8,22.7,176.9,-41.2,-1.0,-1.0,RS41,403.500,7.1,250,10,2.6,08:28:41,
2026-09-16T00:58:40.999Z,W4140592,8535,46.79395,7.53962,33007.9,-28.8,35.1,127.6,-42.4,-1.0,-1.0,RS41,403.500,7.4,250,8,2.5,08:28:41,
2026-09-16T00:58:41.999Z,W4140592,8536,46.79373,7.53996,32980.1,-29.0,37.2,139.0,-42.5,-1.0,-1.0,RS41,403.500,7.7,250,10,2.5,08:28:41,
2026-09-16T00:58:42.999Z,W4140592,8537,46.79346,7.54023,32952.3,-28.2,38.5,150.9,-42.4,-1.0,-1.0,RS41,403.500,8.6,250,10,2.5,08:28:41,
2026-09-16T00:58:43.999Z,W4140592,8538,46.79314,7.54043,32925.5,-27.2,38.2,162.0,-42.3,-1.0,-1.0,RS41,403.500,8.6,250,10,2.6,08:28:41,
2026-09-16T00:58:44.999Z,W4140592,8539,46.79282,7.54052,32899.7,-25.3,36.6,174.6,-42.3,-1.0,-1.0,RS41,403.500,8.1,250,9,2.6,08:28:41,
2026-09-16T00:58:54.999Z,W4140592,8549,46.79225,7.54004,32631.0,-28.4,20.4,57.1,-43.7,-1.0,-1.0,RS41,403.500,6.9,250,10,2.5,08:28:41,
2026-09-16T00:58:55.999Z,W4140592,8550,46.79233,7.54029,32603.2,-27.7,22.8,73.9,-44.1,-1.0,-1.0,RS41,403.500,6.9,250,8,2.6,08:28:41,
2026-09-16T00:58:56.999Z,W4140592,8551,46.79236,7.54060,32576.4,-27.0,24.7,88.7,-44.4,-1.0,-1.0,RS41,403.500,7.5,250,9,2.6,08:28:41,
2026-09-16T00:58:57.999Z,W4140592,8552,46.79233,7.54092,32549.1,-26.8,25.6,104.1,-44.5,-1.0,-1.0,RS41-SG,403.500,8.4,250,8,2.5,08:28:41,
2026-09-16T00:58:58.999Z,W4140592,8553,46.79224,7.54124,32525.6,-24.9,26.1,120.5,-44.5,-1.0,-1.0,RS41-SG,403.500,8.4,250,10,2.5,08:28:41,
2026-09-16T00:58:59.999Z,W4140592,8554,46.79210,7.54151,32501.3,-24.9,25.9,137.5,-44.4,-1.0,-1.0,RS41-SG,403.500,9.3,250,9,2.5,08:28:41,
2026-09-16T00:59:00.999Z,W4140592,8555,46.79191,7.54170,32476.2,-26.0,25.2,153.6,-44.3,-1.0,-1.0,RS41-SG,403.500,10.3,250,9,2.6,08:28:41,
2026-09-16T00:59:01.999Z,W4140592,8556,46.79170,7.54180,32450.7,-26.8,25.1,171.3,-44.2,-1.0,-1.0,RS41-SG,403.500,10.3,250,10,2.6,08:28:41,
2026-09-16T00:59:02.999Z,W4140592,8557,46.79148,7.54180,32424.3,-27.5,24.1,189.4,-44.3,-1.0,-1.0,RS41-SG,403.500,9.9,250,8,2.6,08:28:41,
2026-09-16T00:59:03.999Z,W4140592,8558,46.79128,7.54170,32397.7,-27.5,23.1,207.0,-44.3,-1.0,-1.0,RS41-SG,403.500,8.3,250,9,2.5,08:28:41,
2026-09-16T00:59:05.999Z,W4140592,8560,46.79100,7.54130,32346.0,-25.9,21.8,245.5,-44.2,-1.0,-1.0,RS41-SG,403.500,6.4,250,8,2.5,08:28:41,
2026-09-16T00:59:13.999Z,W4140592,8568,46.79154,7.54079,32145.7,-24.8,18.6,76.2,-44.4,-1.0,-1.0,RS41-SG,403.500,7.7,250,9,2.6,08:27:50,
2026-09-16T00:59:14.999Z,W4140592,8569,46.79155,7.54104,32120.8,-25.4,21.7,96.5,-44.4,-1.0,-1.0,RS41-SG,403.500,7.3,250,10,2.6,08:27:50,
2026-09-16T00:59:15.999Z,W4140592,8570,46.79149,7.54133,32095.7,-25.7,24.0,113.5,-44.4,-1.0,-1.0,RS41-SG,403.500,7.3,250,10,2.5,08:27:50,
2026-09-16T00:59:16.999Z,W4140592,8571,46.79138,7.54160,32070.7,-25.4,25.5,129.0,-44.2,-1.0,-1.0,RS41-SG,403.500,10.4,250,8,2.5,08:27:50,
2026-09-16T00:59:17.999Z,W4140592,8572,46.79121,7.54183,32045.5,-25.7,26.7,144.1,-44.2,-1.0,-1.0,RS41-SG,403.500,10.9,250,9,2.5,08:27:50,
2026-09-16T00:59:18.999Z,W4140592,8573,46.79100,7.54200,32019.4,-26.3,27.8,159.2,-44.3,-1.0,-1.0,RS41-SG,403.500,11.4,250,9,2.5,08:27:50,
2026-09-16T00:59:19.999Z,W4140592,8574,46.79076,7.54208,31993.3,-26.4,28.1,173.3,-44.3,-1.0,-1.0,RS41-SG,403.500,11.4,250,8,2.6,08:27:50,
2026-09-16T00:59:20.999Z,W4140592,8575,46.79051,7.54208,31967.9,-25.6,27.8,188.6,-44.3,-1.0,-1.0,RS41-SG,403.500,9.4,250,8,2.6,08:27:50,
2026-09-16T00:59:21.999Z,W4140592,8576,46.79028,7.54199,31943.1,-25.1,26.0,201.9,-44.2,-1.0,-1.0,RS41-SG,403.500,9.1,250,9,2.5,08:27:50,
2026-09-16T00:59:31.999Z,W4140592,8586,46.79034,7.54149,31700.8,-24.8,24.3,81.2,-43.5,-1.0,-1.0,RS41-SG,403.500,7.0,250,8,2.6,08:27:50,
2026-09-16T00:59:32.999Z,W4140592,8587,46.79034,7.54182,31675.6,-25.6,27.6,95.1,-43.4,-1.0,-1.0,RS41-SG,403.500,7.4,250,9,2.6,08:27:50,
2026-09-16T00:59:33.999Z,W4140592,8588,46.79029,7.54218,31650.9,-25.0,29.4,108.8,-43.3,-1.0,-1.0,RS41-SG,403.500,7.9,250,8,2.5,08:27:50,
2026-09-16T00:59:34.999Z,W4140592,8589,46.79017,7.54253,31626.6,-24.6,30.4,121.7,-43.2,-1.0,-1.0,RS41-SG,403.500,8.5,250,9,2.5,08:27:50,
2026-09-16T00:59:35.999Z,W4140592,8590,46.79001,7.54284,31601.7,-25.0,30.7,134.7,-43.2,-1.0,-1.0,RS41-SG,403.500,10.0,250,9,2.5,08:27:50,
2026-09-16T00:59:36.999Z,W4140592,8591,46.78980,7.54310,31576.3,-25.7,30.2,146.4,-43.5,-1.0,-1.0,RS41-SG,403.500,10.0,250,10,2.6,08:27:50,
2026-09-16T00:59:37.999Z,W4140592,8592,46.78956,7.54327,31551.5,-25.3,28.7,159.4,-43.8,-1.0,-1.0,RS41-SG,403.500,10.0,250,10,2.6,08:27:50,
2026-09-16T00:59:38.999Z,W4140592,8593,46.78932,7.54335,31527.4,-24.5,25.9,173.4,-44.0,-1.0,-1.0,RS41-SG,403.500,10.0,250,9,2.6,08:27:50,
2026-09-16T00:59:39.999Z,W4140592,8594,46.78911,7.54335,31504.3,-23.3,22.5,187.8,-44.1,-1.0,-1.0,RS41-SG,403.500,8.8,250,10,2.5,08:27:50,
2026-09-16T00:59:50.999Z,W4140592,8605,46.78946,7.54346,31243.7,-22.7,23.5,81.7,-44.9,-1.0,-1.0,RS41-SG,403.500,7.4,250,10,2.6,08:27:50,
2026-09-16T00:59:51.999Z,W4140592,8606,46.78946,7.54377,31220.6,-23.6,24.0,97.7,-45.0,-1.0,-1.0,RS41-SG,403.500,9.4,250,8,2.5,08:27:50,
2026-09-16T00:59:52.999Z,W4140592,8607,46.78940,7.54407,31197.1,-24.3,24.9,112.7,-45.1,-1.0,-1.0,RS41-SG,403.500,9.4,250,8,2.5,08:27:50,
2026-09-16T00:59:53.999Z,W4140592,8608,46.78928,7.54435,31173.9,-23.6,25.2,128.7,-45.2,-1.0,-1.0,RS41-SG,403.500,9.0,250,9,2.5,08:27:50,
2026-09-16T00:59:54.999Z,W4140592,8609,46.78913,7.54457,31151.0,-22.7,24.5,143.7,-45.5,-1.0,-1.0,RS41-SG,403.500,8.8,250,10,2.5,08:27:50,
2026-09-16T00:59:55.999Z,W4140592,8610,46.78895,7.54472,31128.9,-22.1,23.1,160.4,-45.9,-1.0,-1.0,RS41-SG,403.500,10.1,250,10,2.6,08:27:50,
2026-09-16T00:59:56.999Z,W4140592,8611,46.78875,7.54477,31106.4,-22.6,21.6,177.6,-46.1,-1.0,-1.0,RS41-SG,403.500,10.1,250,10,2.6,08:27:50,
2026-09-16T00:59:57.999Z,W4140592,8612,46.78857,7.54474,31083.7,-23.4,20.3,196.1,-46.2,-1.0,-1.0,RS41-SG,403.500,9.1,250,9,2.5,08:27:50,
2026-09-16T01:00:09.999Z,W4140592,8624,46.78903,7.54436,30807.2,-23.5,21.4,100.5,-45.7,-1.0,-1.0,RS41-SG,403.500,8.7,250,10,2.5,08:27:50,
2026-09-16T01:00:10.999Z,W4140592,8625,46.78896,7.54463,30784.2,-24.0,23.4,118.4,-45.6,-1.0,-1.0,RS41-SG,403.500,8.7,250,10,2.5,08:27:50,
2026-09-16T01:00:11.999Z,W4140592,8626,46.78883,7.54487,30761.5,-23.3,24.8,137.4,-45.5,-1.0,-1.0,RS41-SG,403.500,8.7,250,8,2.5,08:27:50,
2026-09-16T01:00:12.999Z,W4140592,8627,46.78865,7.54505,30739.2,-22.5,25.5,153.6,-45.5,-1.0,-1.0,RS41-SG,403.500,8.8,250,9,2.6,08:27:50,
2026-09-16T01:00:13.999Z,W4140592,8628,46.78844,7.54516,30716.7,-22.7,24.8,168.3,-45.4,-1.0,-1.0,RS41-SG,403.500,9.6,250,10,2.6,08:27:50,
2026-09-16T01:00:14.999Z,W4140592,8629,46.78822,7.54518,30694.5,-22.6,24.1,185.0,-45.3,-1.0,-1.0,RS41-SG,403.500,9.6,250,8,2.5,08:27:50,
2026-09-16T01:00:15.999Z,W4140592,8630,46.78802,7.54511,30672.0,-23.4,22.9,201.0,-45.2,-1.0,-1.0,RS41-SG,403.500,8.6,250,10,2.5,08:27:50,
2026-09-16T01:00:16.999Z,W4140592,8631,46.78785,7.54497,30649.0,-24.0,21.7,219.4,-45.2,-1.0,-1.0,RS41-SG,403.500,8.3,250,10,2.5,08:27:50,
2026-09-16T01:00:29.999Z,W4140592,8644,46.78806,7.54539,30364.3,-23.5,26.5,140.0,-45.9,-1.0,-1.0,RS41-SG,403.500,8.7,250,10,2.6,08:27:50,
2026-09-16T01:00:30.999Z,W4140592,8645,46.78786,7.54557,30341.1,-23.4,27.4,155.4,-46.0,-1.0,-1.0,RS41-SG,403.500,8.9,250,10,2.6,08:27:50,
2026-09-16T01:00:31.999Z,W4140592,8646,46.78763,7.54568,30318.2,-23.1,26.9,168.2,-45.9,-1.0,-1.0,RS41-SG,403.500,8.9,250,10,2.5,08:27:50,
2026-09-16T01:00:32.999Z,W4140592,8647,46.78740,7.54569,30296.7,-21.6,26.1,184.8,-45.8,-1.0,-1.0,RS41-SG,403.500,8.8,250,10,2.5,08:27:50,
2026-09-16T01:00:45.999Z,W4140592,8660,46.78720,7.54573,30012.4,-23.4,27.3,111.6,-45.8,-1.0,-1.0,RS41-SG,403.500,6.9,250,9,2.5,08:27:50,
2026-09-16T01:00:46.999Z,W4140592,8661,46.78708,7.54604,29991.2,-21.6,27.8,126.3,-45.8,-1.0,-1.0,RS41-SG,403.500,7.4,250,8,2.6,08:27:50,
2026-09-16T01:00:47.999Z,W4140592,8662,46.78691,7.54630,29970.2,-21.5,27.7,140.9,-45.8,-1.0,-1.0,RS41-SG,403.500,9.3,250,9,2.6,08:27:50,
2026-09-16T01:00:48.999Z,W4140592,8663,46.78670,7.54649,29948.9,-22.6,27.3,154.9,-45.7,-1.0,-1.0,RS41-SG,403.500,9.3,250,10,2.5,08:27:50,
2026-09-16T01:00:49.999Z,W4140592,8664,46.78647,7.54659,29927.7,-22.0,26.1,170.4,-45.7,-1.0,-1.0,RS41-SG,403.500,9.0,250,10,2.5,08:27:50,
2026-09-16T01:00:50.999Z,W4140592,8665,46.78625,7.54660,29907.6,-20.2,24.4,185.8,-45.8,-1.0,-1.0,RS41-SG,403.500,7.1,250,8,2.5,08:27:50,
2026-09-16T01:01:04.999Z,W4140592,8679,46.78633,7.54762,29618.0,-19.9,26.1,127.7,-46.0,-1.0,-1.0,RS41-SG,403.500,7.3,250,9,2.6,08:27:50,
2026-09-16T01:01:06.999Z,W4140592,8681,46.78600,7.54800,29577.6,-20.6,22.5,160.2,-46.4,-1.0,-1.0,RS41-SG,403.500,7.6,250,9,2.5,08:27:50,
2026-09-16T01:01:22.999Z,W4140592,8697,46.78583,7.54894,29258.6,-21.1,25.0,143.7,-46.9,-1.0,-1.0,RS41-SG,403.500,7.2,250,10,2.5,08:27:50,
