timestamp,serial,frame,lat,lon,alt,vel_v,vel_h,heading,temp,humidity,pressure,type,freq_mhz,snr,f_error_hz,sats,batt_v,burst_timer,aux_data
2026-08-29T00:47:51.995Z,W4140365,8001,47.04368,7.84071,33105.6,6.3,4.9,135.5,-273.0,-1.0,-1.0,RS41,403.500,7.1,250,10,2.5,,
2026-08-29T00:47:52.995Z,W4140365,8002,47.04365,7.84075,33112.0,6.5,6.0,148.4,-273.0,-1.0,-1.0,RS41,403.500,7.1,250,10,2.6,,
2026-08-29T00:47:53.995Z,W4140365,8003,47.04359,7.84079,33118.2,6.0,7.0,157.0,-273.0,-1.0,-1.0,RS41,403.500,6.8,250,10,2.6,,
2026-08-29T00:47:56.995Z,W4140365,8006,47.04344,7.84086,33136.4,7.0,3.5,165.3,-273.0,-1.0,-1.0,RS41,403.500,6.7,250,10,2.5,,
2026-08-29T00:47:57.995Z,W4140365,8007,47.04342,7.84087,33143.4,7.0,0.8,147.4,-273.0,-1.0,-1.0,RS41,403.500,6.9,250,10,2.6,,
2026-08-29T00:47:58.995Z,W4140365,8008,47.04343,7.84088,33149.9,5.9,1.7,6.3,-273.0,-1.0,-1.0,RS41,403.500,6.9,250,10,2.6,,
2026-08-29T00:47:59.995Z,W4140365,8009,47.04345,7.84088,33155.5,5.2,3.2,5.1,-273.0,-1.0,-1.0,RS41,403.500,6.8,250,10,2.5,,
2026-08-29T00:48:03.995Z,W4140365,8013,47.04350,7.84097,33182.1,5.1,4.3,125.0,-273.0,-1.0,-1.0,RS41,403.500,6.5,250,10,2.6,,
2026-08-29T00:48:04.995Z,W4140365,8014,47.04347,7.84102,33187.1,4.9,6.1,134.9,-273.0,-1.0,-1.0,RS41,403.500,7.6,250,10,2.5,,
2026-08-29T00:48:07.995Z,W4140365,8017,47.04334,7.84122,33206.5,6.3,6.2,125.6,-273.0,-1.0,-1.0,RS41,403.500,6.6,250,10,2.6,,
2026-08-29T00:48:09.995Z,W4140365,8019,47.04330,7.84135,33217.9,5.5,5.2,108.4,-273.0,-1.0,-1.0,RS41,403.500,6.7,250,10,2.5,,
2026-08-29T00:48:10.995Z,W4140365,8020,47.04328,7.84141,33223.7,6.1,5.0,104.3,-273.0,-1.0,-1.0,RS41,403.500,6.8,250,10,2.5,,
2026-08-29T00:48:13.995Z,W4140365,8023,47.04325,7.84160,33243.1,5.8,5.0,106.2,-273.0,-1.0,-1.0,RS41,403.500,6.8,250,10,2.6,,
2026-08-29T00:48:14.995Z,W4140365,8024,47.04324,7.84166,33248.8,5.5,5.0,97.8,-273.0,-1.0,-1.0,RS41,403.500,6.8,250,10,2.5,,
2026-08-29T00:48:15.995Z,W4140365,8025,47.04324,7.84172,33254.5,5.8,5.0,82.8,-273.0,-1.0,-1.0,RS41,403.500,6.9,250,10,2.5,,
2026-08-29T00:48:16.995Z,W4140365,8026,47.04325,7.84179,33260.6,6.4,5.2,65.7,-273.0,-1.0,-1.0,RS41,403.500,6.9,250,10,2.5,,
2026-08-29T00:48:17.995Z,W4140365,8027,47.04328,7.84185,33267.1,6.6,5.8,50.3,-273.0,-1.0,-1.0,RS41,403.500,6.9,250,10,2.6,,
2026-08-29T00:48:18.995Z,W4140365,8028,47.04331,7.84190,33273.8,6.6,6.2,40.7,-273.0,-1.0,-1.0,RS41,403.500,7.0,250,10,2.6,,
2026-08-29T00:48:22.995Z,W4140365,8032,47.04342,7.84210,33299.2,6.7,4.1,110.4,-273.0,-1.0,-1.0,RS41,403.500,6.8,250,10,2.6,,
2026-08-29T00:48:23.995Z,W4140365,8033,47.04339,7.84215,33305.3,5.5,5.7,130.8,-273.0,-1.0,-1.0,RS41,403.500,6.8,250,10,2.6,,
2026-08-29T00:48:30.995Z,W4140365,8040,47.04329,7.84279,33346.6,5.1,9.6,58.1,-273.0,-1.0,-1.0,RS41,403.500,6.3,250,10,2.5,,
2026-08-29T00:48:31.995Z,W4140365,8041,47.04334,7.84289,33352.1,6.0,8.9,56.3,-273.0,-1.0,-1.0,RS41,403.500,6.5,250,10,2.5,,
2026-08-29T00:48:32.995Z,W4140365,8042,47.04338,7.84298,33358.6,6.9,7.0,63.5,-273.0,-1.0,-1.0,RS41-SG,403.500,6.8,250,10,2.6,,
2026-08-29T00:48:33.995Z,W4140365,8043,47.04339,7.84306,33365.8,7.4,4.9,86.6,-273.0,-1.0,-1.0,RS41-SG,403.500,6.8,250,10,2.6,,
2026-08-29T00:48:35.995Z,W4140365,8045,47.04335,7.84315,33378.0,4.5,5.7,151.3,-273.0,-1.0,-1.0,RS41-SG,403.500,7.0,250,10,2.5,,
2026-08-29T00:48:44.995Z,W4140365,8054,47.04317,7.84357,33431.9,7.0,6.4,90.9,-273.0,-1.0,-1.0,RS41-SG,403.500,6.5,250,10,2.5,,
2026-08-29T00:48:52.995Z,W4140365,8062,47.04290,7.84391,33480.4,6.6,6.1,173.1,-273.0,-1.0,-1.0,RS41-SG,403.500,6.4,250,10,2.6,,
2026-08-29T00:48:59.995Z,W4140365,8069,47.04251,7.84415,33523.5,6.2,4.6,116.2,-273.0,-1.0,-1.0,RS41-SG,403.500,6.8,250,10,2.5,,
2026-08-29T00:49:02.995Z,W4140365,8072,47.04245,7.84428,33543.5,7.4,4.8,151.8,-273.0,-1.0,-1.0,RS41-SG,403.500,6.5,250,10,2.6,,
2026-08-29T00:49:03.995Z,W4140365,8073,47.04240,7.84431,33550.5,6.6,6.9,167.1,-273.0,-1.0,-1.0,RS41-SG,403.500,6.5,250,10,2.6,,
2026-08-29T00:49:04.995Z,W4140365,8074,47.04233,7.84432,33556.3,4.8,8.9,174.1,-273.0,-1.0,-1.0,RS41-SG,403.500,6.9,250,10,2.5,,
2026-08-29T00:49:05.995Z,W4140365,8075,47.04224,7.84433,33561.4,5.2,10.5,176.3,-273.0,-1.0,-1.0,RS41-SG,403.500,6.9,250,10,2.5,,
2026-08-29T00:49:06.995Z,W4140365,8076,47.04215,7.84434,33567.3,6.6,10.6,177.0,-273.0,-1.0,-1.0,RS41-SG,403.500,6.9,250,10,2.5,,
2026-08-29T00:49:07.995Z,W4140365,8077,47.04206,7.84435,33574.5,7.7,9.2,173.5,-273.0,-1.0,-1.0,RS41-SG,403.500,6.9,250,10,2.6,,
2026-08-29T00:49:10.995Z,W4140365,8080,47.04189,7.84443,33592.8,4.7,4.8,141.2,-273.0,-1.0,-1.0,RS41-SG,403.500,6.2,250,10,2.5,,
2026-08-29T00:49:12.995Z,W4140365,8082,47.04183,7.84452,33604.2,6.8,4.8,128.4,-273.0,-1.0,-1.0,RS41-SG,403.500,6.6,250,10,2.6,,
2026-08-29T00:49:13.995Z,W4140365,8083,47.04180,7.84457,33610.8,6.3,5.0,135.7,-273.0,-1.0,-1.0,RS41-SG,403.500,6.7,250,10,2.6,,
2026-08-29T00:49:14.995Z,W4140365,8084,47.04177,7.84461,33616.7,5.6,5.0,144.2,-273.0,-1.0,-1.0,RS41-SG,403.500,6.7,250,10,2.5,,
2026-08-29T00:49:15.995Z,W4140365,8085,47.04173,7.84464,33622.5,5.9,4.6,152.5,-273.0,-1.0,-1.0,RS41-SG,403.500,6.6,250,10,2.5,,
2026-08-29T00:49:17.995Z,W4140365,8087,47.04167,7.84468,33635.2,6.6,2.9,170.4,-273.0,-1.0,-1.0,RS41-SG,403.500,7.0,250,10,2.6,,
2026-08-29T00:49:18.995Z,W4140365,8088,47.04165,7.84468,33641.5,6.2,2.1,186.0,-273.0,-1.0,-1.0,RS41-SG,403.500,7.3,250,10,2.6,,
2026-08-29T00:49:19.995Z,W4140365,8089,47.04163,7.84467,33647.5,5.7,1.9,205.8,-273.0,-1.0,-1.0,RS41-SG,403.500,7.3,250,10,2.5,,
2026-08-29T00:49:20.995Z,W4140365,8090,47.04161,7.84466,33653.3,5.8,2.5,210.6,-273.0,-1.0,-1.0,RS41-SG,403.500,6.8,250,10,2.5,,
2026-08-29T00:49:21.995Z,W4140365,8091,47.04159,7.84464,33659.3,6.3,3.7,205.8,-273.0,-1.0,-1.0,RS41-SG,403.500,6.8,250,10,2.5,,
2026-08-29T00:49:22.995Z,W4140365,8092,47.04155,7.84462,33665.8,6.7,5.3,196.6,-273.0,-1.0,-1.0,RS41-SG,403.500,6.8,250,10,2.6,,
2026-08-29T00:49:27.995Z,W4140365,8097,47.04125,7.84469,33696.1,6.4,6.8,131.2,-273.0,-1.0,-1.0,RS41-SG,403.500,5.9,250,10,2.6,,
2026-08-29T00:49:28.995Z,W4140365,8098,47.04122,7.84476,33702.3,6.1,6.6,108.2,-273.0,-1.0,-1.0,RS41-SG,403.500,7.0,250,10,2.6,,
2026-08-29T00:49:29.995Z,W4140365,8099,47.04121,7.84485,33708.1,5.5,6.4,88.7,-273.0,-1.0,-1.0,RS41-SG,403.500,7.7,250,10,2.5,,
2026-08-29T00:49:30.995Z,W4140365,8100,47.04122,7.84492,33713.6,5.5,5.6,75.3,-273.0,-1.0,-1.0,RS41-SG,403.500,7.7,250,10,2.5,,
2026-08-29T00:49:31.995Z,W4140365,8101,47.04123,7.84498,33719.5,6.3,3.6,62.1,-273.0,-1.0,-1.0,RS41-SG,403.500,7.0,250,10,2.5,,
2026-08-29T00:49:32.995Z,W4140365,8102,47.04124,7.84500,33726.1,6.8,0.5,349.0,-273.0,-1.0,-1.0,RS41-SG,403.500,7.3,250,10,2.6,,
2026-08-29T00:49:33.995Z,W4140365,8103,47.04124,7.84498,33732.5,5.9,3.1,245.4,-273.0,-1.0,-1.0,RS41-SG,403.500,7.3,250,10,2.6,,
2026-08-29T00:49:41.995Z,W4140365,8111,47.04097,7.84479,33777.6,4.9,4.7,105.8,-273.0,-1.0,-1.0,RS41-SG,403.500,6.8,250,10,2.5,,
2026-08-29T00:49:43.995Z,W4140365,8113,47.04095,7.84489,33790.3,7.1,3.5,116.8,-273.0,-1.0,-1.0,RS41-SG,403.500,7.4,250,10,2.6,,
2026-08-29T00:49:44.995Z,W4140365,8114,47.04093,7.84492,33796.7,5.7,2.6,142.8,-40.6,-1.0,-1.0,RS41-SG,403.500,7.4,250,10,2.5,,
2026-08-29T00:49:45.995Z,W4140365,8115,47.04091,7.84493,33802.2,5.2,2.3,185.4,-40.6,-1.0,-1.0,RS41-SG,403.500,7.0,250,10,2.5,,
2026-08-29T00:49:46.995Z,W4140365,8116,47.04089,7.84492,33807.7,5.7,3.0,213.3,-40.6,-1.0,-1.0,RS41-SG,403.500,6.8,250,10,2.5,,
2026-08-29T00:49:47.995Z,W4140365,8117,47.04087,7.84489,33813.9,6.6,3.1,228.3,-40.7,-1.0,-1.0,RS41-SG,403.500,6.9,250,10,2.6,,
2026-08-29T00:49:48.995Z,W4140365,8118,47.04085,7.84486,33820.3,6.2,3.1,232.0,-40.7,0.3,-1.0,RS41-SG,403.500,7.3,250,10,2.6,,
2026-08-29T00:49:49.995Z,W4140365,8119,47.04083,7.84483,33826.1,5.2,3.1,229.5,-40.6,0.3,-1.0,RS41-SG,403.500,7.3,250,10,2.5,,
2026-08-29T00:49:50.995Z,W4140365,8120,47.04081,7.84480,33831.5,5.4,3.5,219.3,-40.6,0.3,-1.0,RS41-SG,403.500,6.9,250,10,2.5,,
2026-08-29T00:49:51.995Z,W4140365,8121,47.04078,7.84477,33837.2,5.9,4.3,214.6,-40.5,0.3,-1.0,RS41-SG,403.500,6.9,250,10,2.5,,
2026-08-29T00:49:53.995Z,W4140365,8123,47.04070,7.84470,33849.7,5.8,6.1,212.5,-40.5,0.3,-1.0,RS41-SG,403.500,7.0,250,10,2.6,,
2026-08-29T00:49:54.995Z,W4140365,8124,47.04065,7.84465,33855.4,5.6,6.0,213.0,-40.5,0.3,-1.0,RS41-SG,403.500,7.0,250,10,2.5,,
2026-08-29T00:49:55.995Z,W4140365,8125,47.04061,7.84461,33861.4,6.1,5.0,213.0,-40.5,0.3,-1.0,RS41-SG,403.500,7.1,250,10,2.5,,
2026-08-29T00:49:56.995Z,W4140365,8126,47.04058,7.84458,33867.8,6.7,3.2,214.5,-40.4,0.3,-1.0,RS41-SG,403.500,7.1,250,10,2.5,,
2026-08-29T00:49:57.995Z,W4140365,8127,47.04057,7.84456,33874.2,5.9,1.5,226.4,-40.3,0.3,-1.0,RS41-SG,403.500,7.2,250,10,2.6,,
2026-08-29T00:49:58.995Z,W4140365,8128,47.04056,7.84455,33879.6,5.0,1.1,287.8,-40.3,0.3,-1.0,RS41-SG,403.500,7.5,250,10,2.6,,
2026-08-29T00:49:59.995Z,W4140365,8129,47.04057,7.84453,33884.9,5.4,2.3,304.6,-40.2,0.3,-1.0,RS41-SG,403.500,7.5,250,10,2.5,,
2026-08-29T00:50:00.995Z,W4140365,8130,47.04058,7.84450,33890.7,6.1,3.9,290.9,-40.2,0.3,-1.0,RS41-SG,403.500,7.6,250,10,2.5,,
2026-08-29T00:50:01.995Z,W4140365,8131,47.04059,7.84444,33896.9,6.3,5.6,276.2,-40.2,0.3,-1.0,RS41-SG,403.500,7.6,250,10,2.5,,
2026-08-29T00:50:02.995Z,W4140365,8132,47.04059,7.84435,33903.0,5.8,7.0,264.7,-40.1,0.3,-1.0,RS41-SG,403.500,7.0,250,10,2.6,,
2026-08-29T00:50:07.995Z,W4140365,8137,47.04045,7.84405,33933.5,5.6,3.9,163.9,-39.9,0.3,-1.0,RS41-SG,403.500,7.0,250,10,2.5,,
2026-08-29T00:50:08.995Z,W4140365,8138,47.04042,7.84408,33938.5,4.4,4.6,136.2,-39.8,0.3,-1.0,RS41-SG,403.500,7.1,250,10,2.5,,
2026-08-29T00:50:09.995Z,W4140365,8139,47.04040,7.84413,33943.0,4.5,5.2,121.6,-39.7,0.3,-1.0,RS41-SG,403.500,7.6,250,10,2.6,,
2026-08-29T00:50:10.995Z,W4140365,8140,47.04037,7.84418,33948.3,6.2,4.6,114.8,-39.7,0.3,-1.0,RS41-SG,403.500,7.6,250,10,2.6,,
2026-08-29T00:50:11.995Z,W4140365,8141,47.04036,7.84423,33955.1,7.2,2.6,114.7,-39.6,0.3,-1.0,RS41-SG,403.500,6.9,250,10,2.5,,
2026-08-29T00:50:12.995Z,W4140365,8142,47.04035,7.84424,33961.5,5.6,0.6,140.9,-39.5,0.3,-1.0,RS41-SG,403.500,7.2,250,10,2.5,,
2026-08-29T00:50:13.995Z,W4140365,8143,47.04035,7.84424,33966.7,4.8,1.7,282.8,-39.5,0.3,-1.0,RS41-SG,403.500,7.2,250,10,2.5,,
2026-08-29T00:50:14.995Z,W4140365,8144,47.04036,7.84421,33971.7,5.2,3.3,296.5,-39.5,0.3,-1.0,RS41-SG,403.500,7.2,250,10,2.6,,
2026-08-29T00:50:15.995Z,W4140365,8145,47.04038,7.84417,33977.1,5.5,4.1,307.9,-39.4,0.3,-1.0,RS41-SG,403.500,7.2,250,10,2.6,,
2026-08-29T00:50:16.995Z,W4140365,8146,47.04041,7.84413,33982.9,6.1,4.2,323.3,-39.4,0.3,-1.0,RS41-SG,403.500,7.2,250,10,2.5,,
2026-08-29T00:50:17.995Z,W4140365,8147,47.04044,7.84410,33989.2,6.4,4.1,342.2,-39.3,0.3,-1.0,RS41-SG,403.500,6.8,250,10,2.5,,
2026-08-29T00:50:19.995Z,W4140365,8149,47.04050,7.84410,34000.9,5.2,3.3,20.6,-39.2,0.3,-1.0,RS41-SG,403.500,6.8,250,10,2.6,,
2026-08-29T00:50:20.995Z,W4140365,8150,47.04053,7.84412,34006.0,5.0,2.5,43.2,-39.1,0.3,-1.0,RS41-SG,403.500,7.3,250,10,2.6,,
2026-08-29T00:50:21.995Z,W4140365,8151,47.04053,7.84414,34011.3,5.4,1.7,92.4,-39.1,0.3,-1.0,RS41-SG,403.500,7.3,250,10,2.5,,
2026-08-29T00:50:22.995Z,W4140365,8152,47.04052,7.84416,34016.9,5.9,2.3,150.9,-39.1,0.3,-1.0,RS41-SG,403.500,7.1,250,10,2.5,,
2026-08-29T00:50:23.995Z,W4140365,8153,47.04050,7.84417,34022.5,5.4,3.3,175.9,-39.1,0.3,-1.0,RS41-SG,403.500,7.1,250,10,2.5,,
2026-08-29T00:50:29.995Z,W4140365,8159,47.04046,7.84417,34056.4,4.4,4.9,24.3,-38.8,0.3,-1.0,RS41-SG,403.500,7.8,250,10,2.6,,
2026-08-29T00:50:30.995Z,W4140365,8160,47.04050,7.84420,34061.1,5.1,5.6,23.4,-38.8,0.3,-1.0,RS41-SG,403.500,7.8,250,10,2.6,,
2026-08-29T00:50:31.995Z,W4140365,8161,47.04055,7.84423,34066.7,6.2,5.2,18.9,-38.7,0.3,-1.0,RS41-SG,403.500,7.3,250,10,2.5,,
2026-08-29T00:50:32.995Z,W4140365,8162,47.04059,7.84424,34073.1,6.5,3.9,11.3,-38.7,0.3,-1.0,RS41-SG,403.500,7.4,250,10,2.5,,
2026-08-29T00:50:33.995Z,W4140365,8163,47.04062,7.84425,34079.3,5.9,2.4,354.3,-38.6,0.3,-1.0,RS41-SG,403.500,7.4,250,10,2.5,,
2026-08-29T00:50:34.995Z,W4140365,8164,47.04063,7.84424,34084.8,5.0,1.5,324.1,-38.6,0.3,-1.0,RS41-SG,403.500,7.2,250,10,2.6,,
2026-08-29T00:50:35.995Z,W4140365,8165,47.04064,7.84423,34089.8,5.0,1.1,296.6,-38.5,0.2,-1.0,RS41-SG,403.500,7.1,250,10,2.6,,
2026-08-29T00:50:36.995Z,W4140365,8166,47.04064,7.84422,34095.1,5.6,0.6,315.3,-38.5,0.3,-1.0,RS41-SG,403.500,6.6,250,10,2.5,,
2026-08-29T00:50:40.995Z,W4140365,8170,47.04074,7.84433,34119.0,5.8,6.6,43.5,-38.3,0.2,-1.0,RS41-SG,403.500,6.8,250,10,2.6,,
2026-08-29T00:50:41.995Z,W4140365,8171,47.04078,7.84439,34124.8,5.6,7.2,44.9,-38.3,0.2,-1.0,RS41-SG,403.500,7.1,250,10,2.6,,
2026-08-29T00:50:42.995Z,W4140365,8172,47.04082,7.84445,34130.6,6.0,6.5,45.1,-38.2,0.3,-1.0,RS41-SG,403.500,7.1,250,10,2.5,,
2026-08-29T00:50:43.995Z,W4140365,8173,47.04086,7.84450,34136.8,6.3,4.6,43.8,-38.2,0.3,-1.0,RS41-SG,403.500,7.1,250,10,2.5,,
2026-08-29T00:50:44.995Z,W4140365,8174,47.04088,7.84453,34143.2,6.3,2.3,33.9,-38.1,0.3,-1.0,RS41-SG,403.500,7.2,250,10,2.5,,
2026-08-29T00:50:45.995Z,W4140365,8175,47.04089,7.84454,34149.2,5.8,0.9,301.9,-38.1,0.2,-1.0,RS41-SG,403.500,7.2,250,10,2.5,,
2026-08-29T00:50:46.995Z,W4140365,8176,47.04089,7.84452,34155.0,5.6,2.6,259.7,-38.1,0.2,-1.0,RS41-SG,403.500,7.4,250,10,2.6,,
2026-08-29T00:50:47.995Z,W4140365,8177,47.04089,7.84448,34160.6,5.6,3.5,258.8,-38.1,0.2,-1.0,RS41-SG,403.500,7.4,250,10,2.6,,
2026-08-29T00:50:50.995Z,W4140365,8180,47.04090,7.84442,34179.3,6.4,2.8,43.0,-38.0,0.3,-1.0,RS41-SG,403.500,6.6,250,9,2.5,,
2026-08-29T00:50:51.995Z,W4140365,8181,47.04092,7.84446,34185.2,5.4,5.6,61.9,-38.0,0.2,-1.0,RS41-SG,403.500,7.0,250,9,2.6,,
2026-08-29T00:50:53.995Z,W4140365,8183,47.04097,7.84465,34194.6,4.4,9.6,78.6,-38.0,0.2,-1.0,RS41-SG,403.500,7.5,250,9,2.5,,
2026-08-29T00:50:54.995Z,W4140365,8184,47.04098,7.84478,34199.7,5.7,9.5,87.3,-38.0,0.3,-1.0,RS41-SG,403.500,7.5,250,9,2.5,,
2026-08-29T00:50:55.995Z,W4140365,8185,47.04097,7.84489,34206.0,6.9,7.8,99.7,-38.0,0.2,-1.0,RS41-SG,403.500,7.5,250,9,2.5,,
2026-08-29T00:50:56.995Z,W4140365,8186,47.04095,7.84497,34212.9,6.8,5.6,120.2,-37.9,0.3,-1.0,RS41-SG,403.500,7.8,250,9,2.6,,
2026-08-29T00:50:57.995Z,W4140365,8187,47.04092,7.84502,34219.0,5.4,4.1,152.5,-37.9,0.2,-1.0,RS41-SG,403.500,7.8,250,9,2.6,,
2026-08-29T00:50:58.995Z,W4140365,8188,47.04089,7.84503,34223.7,3.9,3.8,188.0,-37.9,0.3,-1.0,RS41-SG,403.500,7.6,250,9,2.5,,
2026-08-29T00:51:02.995Z,W4140365,8192,47.04083,7.84499,34247.0,7.3,3.3,81.0,-37.8,0.3,-1.0,RS41-SG,403.500,6.7,250,8,2.6,,
2026-08-29T00:51:03.995Z,W4140365,8193,47.04083,7.84505,34253.5,5.8,6.5,83.8,-37.8,0.2,-1.0,RS41-SG,403.500,6.7,250,9,2.5,,
2026-08-29T00:51:04.995Z,W4140365,8194,47.04084,7.84516,34258.5,4.2,9.1,88.6,-37.7,0.2,-1.0,RS41-SG,403.500,7.0,250,9,2.5,,
2026-08-29T00:51:05.995Z,W4140365,8195,47.04083,7.84529,34262.8,4.4,11.1,97.2,-37.7,0.2,-1.0,RS41-SG,403.500,7.0,250,9,2.5,,
2026-08-29T00:51:06.995Z,W4140365,8196,47.04081,7.84543,34267.9,5.7,11.8,108.4,-37.7,0.2,-1.0,RS41-SG,403.500,7.3,250,9,2.6,,
2026-08-29T00:51:07.995Z,W4140365,8197,47.04076,7.84557,34274.0,6.5,11.6,122.8,-37.5,0.3,-1.0,RS41-SG,403.500,7.8,250,9,2.6,,
2026-08-29T00:51:08.995Z,W4140365,8198,47.04070,7.84568,34280.3,6.3,11.2,139.6,-37.2,0.2,-1.0,RS41-SG,403.500,7.8,250,9,2.6,,
2026-08-29T00:51:09.995Z,W4140365,8199,47.04061,7.84576,34286.2,5.3,11.1,155.7,-37.0,0.2,-1.0,RS41-SG,403.500,7.0,250,9,2.5,,
2026-08-29T00:51:17.995Z,W4140365,8207,47.04023,7.84606,34328.4,4.1,8.3,74.6,-36.6,0.2,-1.0,RS41-SG,403.500,6.8,250,9,2.5,,
2026-08-29T00:51:18.995Z,W4140365,8208,47.04025,7.84616,34333.3,5.7,8.4,75.8,-36.6,0.2,-1.0,RS41-SG,403.500,6.8,250,9,2.6,,
2026-08-29T00:51:19.995Z,W4140365,8209,47.04026,7.84626,34339.8,7.3,6.8,88.5,-36.6,0.2,-1.0,RS41-SG,403.500,7.3,250,9,2.6,,
2026-08-29T00:51:20.995Z,W4140365,8210,47.04025,7.84634,34347.1,7.2,5.6,120.3,-36.6,0.2,-1.0,RS41-SG,403.500,7.3,250,9,2.5,,
2026-08-29T00:51:21.995Z,W4140365,8211,47.04021,7.84638,34353.6,5.8,6.5,155.8,-36.6,0.2,-1.0,RS41-SG,403.500,6.9,250,9,2.5,,
2026-08-29T00:51:40.995Z,W4140365,8230,47.03903,7.84690,34460.5,5.3,10.7,159.1,-36.8,0.2,-1.0,RS41-SG,403.500,6.3,250,9,2.6,,
2026-08-29T00:52:12.995Z,W4140365,8262,47.03745,7.84581,34647.7,5.5,1.8,207.6,-36.7,0.2,-1.0,RS41-SG,403.500,6.9,250,9,2.5,,
2026-08-29T00:52:24.995Z,W4140365,8274,47.03695,7.84485,34718.2,5.6,2.6,255.4,-37.1,0.2,-1.0,RS41-SG,403.500,6.6,250,9,2.5,,
2026-08-29T00:52:26.995Z,W4140365,8276,47.03692,7.84474,34730.6,6.6,6.8,247.4,-37.1,0.2,-1.0,RS41-SG,403.500,6.7,250,9,2.6,,
2026-08-29T00:52:35.995Z,W4140365,8285,47.03661,7.84355,34784.7,3.8,2.8,290.5,-37.1,0.2,-1.0,RS41-SG,403.500,6.5,250,9,2.5,,
2026-08-29T00:52:36.995Z,W4140365,8286,47.03662,7.84352,34789.0,4.9,2.0,322.4,-37.1,0.2,-1.0,RS41-SG,403.500,6.9,250,9,2.5,,
2026-08-29T00:52:38.995Z,W4140365,8288,47.03664,7.84347,34802.2,7.7,3.7,273.1,-37.0,0.2,-1.0,RS41-SG,403.500,7.2,250,9,2.6,,
2026-08-29T00:52:41.995Z,W4140365,8291,47.03661,7.84320,34819.5,4.4,10.1,254.6,-36.9,0.2,-1.0,RS41-SG,403.500,7.1,250,9,2.5,,
2026-08-29T00:52:47.995Z,W4140365,8297,47.03656,7.84255,34855.5,5.2,4.6,283.2,-36.8,0.2,-1.0,RS41,403.500,6.6,250,9,2.5,,
2026-08-29T00:52:48.995Z,W4140365,8298,47.03657,7.84249,34860.9,5.6,3.8,278.1,-36.8,0.2,-1.0,RS41,403.500,6.9,250,9,2.5,,
2026-08-29T00:52:50.995Z,W4140365,8300,47.03656,7.84239,34873.4,6.6,4.7,247.7,-36.8,0.2,-1.0,RS41,403.500,6.7,250,9,2.6,,
2026-08-29T00:52:51.995Z,W4140365,8301,47.03654,7.84233,34879.9,6.4,5.6,240.8,-36.7,0.2,-1.0,RS41,403.500,7.4,250,9,2.6,,
2026-08-29T00:52:57.995Z,W4140365,8307,47.03649,7.84196,34916.8,6.1,5.1,317.2,-36.6,0.2,-1.0,RS41,403.500,6.9,250,9,2.6,,
2026-08-29T00:52:58.995Z,W4140365,8308,47.03653,7.84191,34922.8,5.9,5.9,322.2,-36.6,0.2,-1.0,RS41,403.500,6.9,250,9,2.5,,
2026-08-29T00:53:00.995Z,W4140365,8310,47.03661,7.84180,34935.3,6.4,6.7,301.2,-36.6,0.2,-1.0,RS41,403.500,7.5,250,9,2.5,,
2026-08-29T00:53:01.995Z,W4140365,8311,47.03663,7.84171,34941.7,6.4,7.5,280.5,-36.6,0.2,-1.0,RS41,403.500,7.5,250,9,2.5,,
2026-08-29T00:53:09.995Z,W4140365,8319,47.03632,7.84118,34991.4,5.9,2.8,95.5,-36.7,0.2,-1.0,RS41,403.500,7.2,250,9,2.6,,
2026-08-29T00:53:10.995Z,W4140365,8320,47.03633,7.84122,34997.1,5.2,3.7,49.2,-36.7,0.2,-1.0,RS41,403.500,7.2,250,9,2.5,,
2026-08-29T00:53:12.995Z,W4140365,8322,47.03642,7.84124,35008.8,6.6,6.5,341.8,-36.7,0.2,-1.0,RS41,403.500,7.5,250,9,2.5,,
2026-08-29T00:53:14.995Z,W4140365,8324,47.03652,7.84109,35021.9,5.8,10.3,296.6,-36.8,0.2,-1.0,RS41,403.500,6.7,250,9,2.6,,
2026-08-29T00:53:20.995Z,W4140365,8330,47.03636,7.84050,35058.4,4.5,6.7,174.1,-36.8,0.2,-1.0,RS41,403.500,6.7,250,9,2.6,,
2026-08-29T00:53:21.995Z,W4140365,8331,47.03630,7.84052,35062.9,4.4,6.3,150.4,-36.9,0.2,-1.0,RS41,403.500,6.7,250,9,2.6,,
2026-08-29T00:53:23.995Z,W4140365,8333,47.03625,7.84062,35074.4,7.2,3.4,101.0,-36.9,0.2,-1.0,RS41,403.500,7.3,250,9,2.5,,
2026-08-29T00:53:24.995Z,W4140365,8334,47.03625,7.84065,35081.5,7.0,2.0,38.3,-36.8,0.2,-1.0,RS41,403.500,7.6,250,9,2.5,,
2026-08-29T00:53:25.995Z,W4140365,8335,47.03627,7.84065,35087.7,5.4,3.3,340.6,-36.8,0.2,-1.0,RS41,403.500,7.6,250,9,2.5,,
2026-08-29T00:53:26.995Z,W4140365,8336,47.03630,7.84062,35092.9,4.9,5.1,318.4,-36.8,0.2,-1.0,RS41,403.500,7.2,250,9,2.6,,
2026-08-29T00:53:27.995Z,W4140365,8337,47.03634,7.84057,35098.2,5.7,6.5,307.2,-36.8,0.2,-1.0,RS41,403.500,6.9,250,9,2.6,,
2026-08-29T00:53:28.995Z,W4140365,8338,47.03637,7.84049,35104.6,7.2,6.7,298.3,-36.8,0.2,-1.0,RS41,403.500,7.0,250,9,2.5,,
2026-08-29T00:53:29.995Z,W4140365,8339,47.03639,7.84042,35112.0,7.4,5.6,285.3,-36.8,0.2,-1.0,RS41,403.500,7.8,250,9,2.5,,
2026-08-29T00:53:31.995Z,W4140365,8341,47.03638,7.84030,35124.5,5.3,4.4,234.9,-36.8,0.2,-1.0,RS41,403.500,6.9,250,9,2.6,,
2026-08-29T00:53:32.995Z,W4140365,8342,47.03635,7.84026,35129.8,5.1,5.4,211.0,-36.8,0.2,-1.0,RS41,403.500,7.4,250,9,2.6,,
2026-08-29T00:53:33.995Z,W4140365,8343,47.03630,7.84023,35135.2,5.6,6.8,199.7,-36.7,0.2,-1.0,RS41,403.500,7.4,250,9,2.6,,
2026-08-29T00:53:35.995Z,W4140365,8345,47.03617,7.84017,35147.6,6.2,8.0,194.7,-36.7,0.2,-1.0,RS41,403.500,6.7,250,9,2.5,,
2026-08-29T00:53:36.995Z,W4140365,8346,47.03610,7.84015,35153.6,5.8,7.1,192.8,-36.6,0.2,-1.0,RS41,403.500,7.5,250,9,2.5,,
2026-08-29T00:53:39.995Z,W4140365,8349,47.03599,7.84013,35171.7,6.5,1.8,145.0,-36.5,0.2,-1.0,RS41,403.500,7.3,250,9,2.6,,
2026-08-29T00:53:40.995Z,W4140365,8350,47.03598,7.84015,35178.0,6.2,1.5,78.7,-36.5,0.2,-1.0,RS41,403.500,7.3,250,9,2.5,,
2026-08-29T00:53:41.995Z,W4140365,8351,47.03599,7.84017,35184.0,5.8,1.9,33.1,-36.4,0.2,-1.0,RS41,403.500,7.3,250,8,2.5,,
2026-08-29T00:53:42.995Z,W4140365,8352,47.03601,7.84017,35189.9,6.1,2.6,349.5,-36.4,0.2,-1.0,RS41,403.500,7.1,250,8,2.5,,
2026-08-29T00:53:43.995Z,W4140365,8353,47.03603,7.84015,35196.1,6.2,4.0,313.9,-36.4,0.2,-1.0,RS41,403.500,7.3,250,9,2.6,,
2026-08-29T00:53:44.995Z,W4140365,8354,47.03606,7.84009,35202.2,6.0,6.1,295.6,-36.4,0.2,-1.0,RS41,403.500,8.1,250,9,2.6,,
2026-08-29T00:53:48.995Z,W4140365,8358,47.03609,7.83966,35225.4,6.8,7.6,265.8,-36.2,0.2,-1.0,RS41,403.500,6.8,250,9,2.5,,
2026-08-29T00:53:52.995Z,W4140365,8362,47.03607,7.83957,35249.8,5.2,4.0,82.9,-36.0,0.2,-1.0,RS41,403.500,7.5,250,9,2.5,,
2026-08-29T00:53:53.995Z,W4140365,8363,47.03608,7.83963,35255.4,6.0,5.5,69.4,-36.0,0.2,-1.0,RS41,403.500,7.8,250,9,2.5,,
2026-08-29T00:53:54.995Z,W4140365,8364,47.03611,7.83970,35261.9,7.0,5.4,51.0,-35.9,0.2,-1.0,RS41,403.500,7.8,250,9,2.5,,
2026-08-29T00:53:55.995Z,W4140365,8365,47.03614,7.83973,35269.1,7.4,5.0,18.0,-35.9,0.2,-1.0,RS41,403.500,7.4,250,9,2.6,,
2026-08-29T00:53:56.995Z,W4140365,8366,47.03619,7.83973,35276.2,6.7,5.9,339.1,-35.8,0.2,-1.0,RS41,403.500,7.5,250,9,2.6,,
2026-08-29T00:53:57.995Z,W4140365,8367,47.03624,7.83968,35282.3,5.5,8.3,313.5,-35.7,0.2,-1.0,RS41,403.500,7.7,250,9,2.6,,
2026-08-29T00:53:58.995Z,W4140365,8368,47.03629,7.83957,35287.4,4.6,11.0,297.8,-35.6,0.2,-1.0,RS41,403.500,7.7,250,9,2.5,,
2026-08-29T00:54:07.995Z,W4140365,8377,47.03632,7.83916,35337.8,6.0,9.6,54.0,-35.4,0.2,-1.0,RS41,403.500,6.8,250,9,2.5,,
2026-08-29T00:54:09.995Z,W4140365,8379,47.03647,7.83928,35351.8,7.2,10.7,3.3,-35.5,0.2,-1.0,RS41,403.500,6.8,250,9,2.6,,
2026-08-29T00:54:10.995Z,W4140365,8380,47.03657,7.83926,35358.2,5.6,11.7,341.5,-35.5,0.2,-1.0,RS41,403.500,7.2,250,9,2.6,,
2026-08-29T00:54:12.995Z,W4140365,8382,47.03674,7.83907,35367.4,4.3,13.0,306.2,-35.6,0.2,-1.0,RS41,403.500,6.5,250,9,2.5,,
2026-08-29T00:54:13.995Z,W4140365,8383,47.03680,7.83892,35372.5,5.6,12.3,289.6,-35.6,0.2,-1.0,RS41,403.500,6.5,250,9,2.5,,
2026-08-29T00:54:21.995Z,W4140365,8391,47.03691,7.83877,35419.7,5.6,12.7,12.3,-35.8,0.2,-1.0,RS41,403.500,7.1,250,9,2.6,,
2026-08-29T00:54:22.995Z,W4140365,8392,47.03703,7.83879,35424.9,4.9,15.2,359.2,-35.9,0.2,-1.0,RS41,403.500,7.1,250,9,2.6,,
2026-08-29T00:54:23.995Z,W4140365,8393,47.03717,7.83877,35429.4,4.2,16.6,348.5,-35.9,0.2,-1.0,RS41,403.500,7.0,250,9,2.5,,
2026-08-29T00:54:26.995Z,W4140365,8396,47.03753,7.83852,35446.9,7.1,11.2,317.1,-35.9,0.2,-1.0,RS41,403.500,6.4,250,9,2.6,,
2026-08-29T00:54:32.995Z,W4140365,8402,47.03754,7.83837,35478.3,7.7,3.0,56.1,-35.7,0.2,-1.0,RS41,403.500,7.1,250,9,2.5,,
2026-08-29T00:54:33.995Z,W4140365,8403,47.03758,7.83840,35485.6,7.0,5.6,14.6,-35.6,0.2,-1.0,RS41,403.500,7.1,250,9,2.6,,
2026-08-29T00:54:34.995Z,W4140365,8404,47.03764,7.83840,35491.4,4.6,8.4,359.9,-35.5,0.2,-1.0,RS41,403.500,7.0,250,9,2.6,,
2026-08-29T00:54:35.995Z,W4140365,8405,47.03773,7.83839,35495.4,3.4,11.3,352.4,-35.5,0.2,-1.0,RS41,403.500,7.2,250,9,2.6,,
2026-08-29T00:54:51.995Z,W4140365,8421,47.03839,7.83839,35582.2,6.2,10.9,21.4,-34.4,0.2,-1.0,RS41,403.500,5.8,250,9,2.5,,
2026-08-29T00:54:52.995Z,W4140365,8422,47.03847,7.83844,35588.9,7.0,8.1,30.6,-34.3,0.2,-1.0,RS41,403.500,6.3,250,9,2.6,,
2026-08-29T00:54:53.995Z,W4140365,8423,47.03851,7.83849,35595.5,6.1,4.7,53.3,-34.2,0.2,-1.0,RS41,403.500,6.9,250,9,2.6,,
2026-08-29T00:55:05.995Z,W4140365,8435,47.03864,7.83887,35655.2,7.8,10.0,30.8,-33.8,0.2,-1.0,RS41,403.500,6.8,250,9,2.5,,
2026-08-29T00:55:07.995Z,W4140365,8437,47.03872,7.83898,35669.5,5.7,3.2,87.9,-33.8,0.2,-1.0,RS41,403.500,7.0,250,9,2.5,,
2026-08-29T00:55:20.995Z,W4140365,8450,47.03875,7.83961,35735.0,5.2,3.1,94.2,-33.9,0.2,-1.0,RS41,403.500,6.7,250,9,2.6,,
2026-08-29T00:55:53.995Z,W4140365,8483,47.03796,7.84112,35898.9,4.6,2.6,76.0,-34.3,0.2,-1.0,RS41,403.500,6.9,250,9,2.6,,
2026-08-29T00:56:07.995Z,W4140365,8497,47.03727,7.84188,35970.3,4.5,4.5,58.1,-34.2,0.1,-1.0,RS41,403.500,7.1,250,9,2.6,,
2026-08-29T00:56:08.995Z,W4140365,8498,47.03729,7.84191,35975.2,5.4,2.0,26.2,-34.2,0.2,-1.0,RS41,403.500,7.2,250,9,2.5,,
2026-08-29T00:59:31.995Z,W4140365,8701,47.03508,7.83310,36063.5,-47.7,6.9,146.1,-34.2,0.1,-1.0,RS41,403.500,7.3,250,9,2.5,,
2026-08-29T00:59:32.995Z,W4140365,8702,47.03502,7.83314,36015.7,-48.3,6.9,164.1,-34.0,0.1,-1.0,RS41,403.500,7.4,250,9,2.5,,
2026-08-29T00:59:34.995Z,W4140365,8704,47.03490,7.83313,35918.4,-48.3,7.6,201.2,-33.7,0.1,-1.0,RS41,403.500,6.8,250,8,2.6,,
2026-08-29T00:59:43.995Z,W4140365,8713,47.03474,7.83310,35507.1,-48.3,7.7,70.4,-34.7,0.1,-1.0,RS41,403.500,7.0,250,9,2.6,,
2026-08-29T00:59:44.995Z,W4140365,8714,47.03477,7.83319,35459.0,-47.8,8.1,65.5,-35.1,0.2,-1.0,RS41,403.500,7.4,250,9,2.5,,
2026-08-29T00:59:45.995Z,W4140365,8715,47.03479,7.83329,35413.1,-44.6,8.0,66.8,-35.3,0.2,-1.0,RS41,403.500,7.5,250,8,2.5,,
2026-08-29T00:59:46.995Z,W4140365,8716,47.03482,7.83337,35368.2,-44.6,6.9,56.4,-35.3,0.2,-1.0,RS41,403.500,7.5,250,7,2.5,,
2026-08-29T00:59:47.995Z,W4140365,8717,47.03485,7.83343,35324.4,-43.5,4.3,42.9,-35.4,0.2,-1.0,RS41,403.500,7.8,250,8,2.5,,
2026-08-29T00:59:48.995Z,W4140365,8718,47.03488,7.83346,35280.2,-44.5,3.5,12.6,-35.6,0.2,-1.0,RS41,403.500,7.8,250,9,2.6,,
2026-08-29T00:59:49.995Z,W4140365,8719,47.03491,7.83345,35235.8,-44.4,3.8,323.9,-35.9,0.2,-1.0,RS41,403.500,8.2,250,8,2.6,,
2026-08-29T00:59:50.995Z,W4140365,8720,47.03494,7.83340,35191.0,-45.7,4.9,297.1,-36.2,0.2,-1.0,RS41,403.500,8.2,250,9,2.6,,
2026-08-29T00:59:52.995Z,W4140365,8722,47.03496,7.83326,35102.7,-41.9,6.0,276.4,-36.7,0.2,-1.0,RS41,403.500,6.2,250,8,2.5,,
2026-08-29T00:59:53.995Z,W4140365,8723,47.03496,7.83320,35062.3,-38.9,4.7,265.9,-36.8,0.2,-1.0,RS41,403.500,6.5,250,8,2.5,,
2026-08-29T00:59:56.995Z,W4140365,8726,47.03494,7.83311,34945.1,-38.2,1.1,168.8,-37.0,0.2,-1.0,RS41,403.500,6.7,250,9,2.5,,
2026-08-29T00:59:58.995Z,W4140365,8728,47.03492,7.83315,34866.9,-39.7,2.3,111.5,-37.2,0.2,-1.0,RS41,403.500,7.5,250,9,2.5,,
2026-08-29T00:59:59.995Z,W4140365,8729,47.03492,7.83317,34828.0,-38.9,1.7,98.3,-37.4,0.2,-1.0,RS41,403.500,7.5,250,7,2.6,,
2026-08-29T01:00:00.995Z,W4140365,8730,47.03492,7.83319,34790.0,-37.1,1.4,29.4,-37.5,0.2,-1.0,RS41,403.500,7.4,250,8,2.6,,
2026-08-29T01:00:01.995Z,W4140365,8731,47.03493,7.83319,34752.1,-39.1,1.8,4.2,-37.4,0.2,-1.0,RS41,403.500,7.6,250,8,2.5,,
2026-08-29T01:00:02.995Z,W4140365,8732,47.03494,7.83319,34712.6,-40.2,1.5,339.2,-37.3,0.2,-1.0,RS41,403.500,7.6,250,9,2.5,,
2026-08-29T01:00:07.995Z,W4140365,8737,47.03486,7.83296,34519.4,-41.7,6.7,213.4,-37.3,0.2,-1.0,RS41,403.500,7.2,250,9,2.5,,
2026-08-29T01:00:17.995Z,W4140365,8747,47.03431,7.83328,34110.9,-39.5,15.2,86.6,-37.9,0.2,-1.0,RS41,403.500,6.2,250,9,2.5,,
2026-08-29T01:00:19.995Z,W4140365,8749,47.03437,7.83367,34031.8,-38.0,15.9,70.4,-38.1,0.2,-1.0,RS41,403.500,7.4,250,7,2.5,,
2026-08-29T01:00:20.995Z,W4140365,8750,47.03443,7.83385,33993.4,-37.9,15.1,61.3,-38.3,0.2,-1.0,RS41,403.500,7.4,250,8,2.6,,
2026-08-29T01:00:22.995Z,W4140365,8752,47.03454,7.83412,33919.6,-36.4,8.6,52.1,-38.6,0.2,-1.0,RS41,403.500,7.2,250,8,2.6,,
2026-08-29T01:00:23.995Z,W4140365,8753,47.03457,7.83419,33883.4,-36.1,4.9,50.3,-38.8,0.2,-1.0,RS41,403.500,7.2,250,8,2.5,,
2026-08-29T01:00:24.995Z,W4140365,8754,47.03459,7.83422,33847.3,-37.2,1.4,71.1,-39.1,0.2,-1.0,RS41,403.500,6.9,250,8,2.5,,
2026-08-29T01:00:25.995Z,W4140365,8755,47.03458,7.83421,33810.1,-37.1,4.1,226.0,-39.3,0.2,-1.0,RS41,403.500,6.9,250,8,2.5,,
2026-08-29T01:00:26.995Z,W4140365,8756,47.03455,7.83416,33772.5,-38.9,6.1,231.4,-39.5,0.3,-1.0,RS41-SG,403.500,7.1,250,8,2.5,,
2026-08-29T01:00:28.995Z,W4140365,8758,47.03445,7.83399,33695.4,-39.5,10.4,230.2,-39.5,0.2,-1.0,RS41-SG,403.500,6.4,250,9,2.6,,
2026-08-29T01:00:37.995Z,W4140365,8767,47.03427,7.83402,33343.6,-36.9,13.5,102.2,-39.7,0.3,-1.0,RS41-SG,403.500,6.7,250,9,2.5,,
