timestamp,serial,frame,lat,lon,alt,vel_v,vel_h,heading,temp,humidity,pressure,type,freq_mhz,snr,f_error_hz,sats,batt_v,burst_timer,aux_data
2026-08-03T12:45:48.005Z,X1413627,7898,45.78906,8.79007,27456.2,4.5,11.6,281.0,-273.0,-1.0,-1.0,RS41,404.900,7.0,250,10,2.7,,
2026-08-03T12:45:51.005Z,X1413627,7901,45.78911,8.78964,27471.1,6.1,12.4,278.4,-273.0,-1.0,-1.0,RS41,404.900,7.1,250,10,2.6,,
2026-08-03T12:45:55.005Z,X1413627,7905,45.78916,8.78899,27491.8,6.1,11.4,275.0,-273.0,-1.0,-1.0,RS41,404.900,6.8,250,10,2.7,,
2026-08-03T12:45:57.005Z,X1413627,7907,45.78918,8.78872,27502.3,4.5,9.8,278.2,-273.0,-1.0,-1.0,RS41,404.900,7.4,250,10,2.6,,
2026-08-03T12:45:58.005Z,X1413627,7908,45.78919,8.78859,27507.3,5.5,10.0,279.4,-273.0,-1.0,-1.0,RS41,404.900,7.4,250,10,2.6,,
2026-08-03T12:46:03.005Z,X1413627,7913,45.78927,8.78786,27535.1,4.7,11.3,277.2,-273.0,-1.0,-1.0,RS41,404.900,7.0,250,10,2.7,,
2026-08-03T12:46:09.005Z,X1413627,7919,45.78922,8.78698,27565.6,4.9,11.6,256.7,-273.0,-1.0,-1.0,RS41,404.900,6.8,250,10,2.7,,
2026-08-03T12:46:12.005Z,X1413627,7922,45.78917,8.78660,27582.4,5.2,9.2,270.3,-273.0,-1.0,-1.0,RS41,404.900,7.0,250,10,2.6,,
2026-08-03T12:46:13.005Z,X1413627,7923,45.78918,8.78647,27588.0,6.1,10.4,279.2,-273.0,-1.0,-1.0,RS41,404.900,7.0,250,10,2.6,,
2026-08-03T12:46:14.005Z,X1413627,7924,45.78920,8.78633,27594.1,6.0,12.3,283.2,-273.0,-1.0,-1.0,RS41,404.900,7.1,250,10,2.7,,
2026-08-03T12:46:15.005Z,X1413627,7925,45.78923,8.78617,27599.2,4.2,13.9,284.5,-273.0,-1.0,-1.0,RS41,404.900,7.6,250,10,2.7,,
2026-08-03T12:46:18.005Z,X1413627,7928,45.78934,8.78562,27615.3,5.3,14.5,285.0,-273.0,-1.0,-1.0,RS41,404.900,6.6,250,10,2.6,,
2026-08-03T12:46:19.005Z,X1413627,7929,45.78936,8.78544,27620.6,5.3,13.7,282.1,-273.0,-1.0,-1.0,RS41,404.900,7.6,250,9,2.6,,
2026-08-03T12:46:23.005Z,X1413627,7933,45.78938,8.78476,27642.6,5.3,12.7,264.7,-273.0,-1.0,-1.0,RS41,404.900,6.5,250,10,2.6,,
2026-08-03T12:46:26.005Z,X1413627,7936,45.78937,8.78432,27659.3,5.3,10.9,273.3,-273.0,-1.0,-1.0,RS41,404.900,7.3,250,10,2.7,,
2026-08-03T12:46:28.005Z,X1413627,7938,45.78939,8.78401,27671.3,6.5,13.8,278.4,-273.0,-1.0,-1.0,RS41,404.900,7.4,250,10,2.6,,
2026-08-03T12:46:29.005Z,X1413627,7939,45.78941,8.78383,27677.0,4.9,15.0,278.3,-273.0,-1.0,-1.0,RS41,404.900,7.4,250,10,2.6,,
2026-08-03T12:46:33.005Z,X1413627,7943,45.78947,8.78306,27699.0,5.1,13.6,271.5,-273.0,-1.0,-1.0,RS41,404.900,7.1,250,10,2.6,,
2026-08-03T12:46:34.005Z,X1413627,7944,45.78947,8.78289,27704.2,5.2,13.0,266.9,-273.0,-1.0,-1.0,RS41,404.900,7.2,250,10,2.6,,
2026-08-03T12:46:38.005Z,X1413627,7948,45.78940,8.78222,27727.0,6.3,12.9,261.2,-273.0,-1.0,-1.0,RS41,404.900,6.7,250,9,2.6,,
2026-08-03T12:46:41.005Z,X1413627,7951,45.78938,8.78177,27744.1,5.1,11.4,275.8,-273.0,-1.0,-1.0,RS41,404.900,7.0,250,10,2.7,,
2026-08-03T12:47:18.005Z,X1413627,7988,45.78945,8.77595,27955.0,6.3,13.1,257.5,-273.0,-1.0,-1.0,RS41,404.900,7.0,250,10,2.7,,
2026-08-03T12:47:19.005Z,X1413627,7989,45.78942,8.77578,27960.7,5.1,12.8,252.9,-273.0,-1.0,-1.0,RS41,404.900,7.0,250,10,2.7,,
2026-08-03T12:47:22.005Z,X1413627,7992,45.78930,8.77530,27978.5,6.5,14.7,252.6,-273.0,-1.0,-1.0,RS41,404.900,6.8,250,10,2.6,,
2026-08-03T12:47:29.005Z,X1413627,7999,45.78927,8.77406,28019.2,6.7,13.0,278.0,-273.0,-1.0,-1.0,RS41,404.900,6.8,250,10,2.7,,
2026-08-03T12:47:31.005Z,X1413627,8001,45.78929,8.77372,28030.7,5.2,13.8,271.0,-273.0,-1.0,-1.0,RS41,404.900,6.9,250,10,2.6,,
2026-08-03T12:47:33.005Z,X1413627,8003,45.78928,8.77338,28042.4,6.3,12.9,262.7,-273.0,-1.0,-1.0,RS41,404.900,7.4,250,10,2.7,,
2026-08-03T12:47:34.005Z,X1413627,8004,45.78926,8.77322,28048.2,5.2,12.5,259.7,-273.0,-1.0,-1.0,RS41,404.900,7.4,250,10,2.6,,
2026-08-03T12:47:35.005Z,X1413627,8005,45.78924,8.77306,28053.5,5.4,12.6,257.7,-273.0,-1.0,-1.0,RS41,404.900,7.3,250,10,2.6,,
2026-08-03T12:47:36.005Z,X1413627,8006,45.78921,8.77290,28059.0,5.7,13.4,258.2,-273.0,-1.0,-1.0,RS41,404.900,7.3,250,10,2.6,,
2026-08-03T12:47:39.005Z,X1413627,8009,45.78917,8.77234,28077.1,5.5,15.5,270.6,-273.0,-1.0,-1.0,RS41,404.900,6.9,250,10,2.7,,
2026-08-03T12:47:40.005Z,X1413627,8010,45.78918,8.77214,28082.7,5.7,15.0,277.9,-273.0,-1.0,-1.0,RS41,404.900,7.6,250,10,2.6,,
2026-08-03T12:47:41.005Z,X1413627,8011,45.78920,8.77196,28088.6,6.2,14.1,285.8,-273.0,-1.0,-1.0,RS41,404.900,7.8,250,10,2.6,,
2026-08-03T12:47:42.005Z,X1413627,8012,45.78924,8.77179,28094.2,5.0,13.3,292.1,-273.0,-1.0,-1.0,RS41,404.900,7.8,250,10,2.6,,
2026-08-03T12:47:43.005Z,X1413627,8013,45.78929,8.77164,28098.9,4.3,12.9,295.3,-273.0,-1.0,-1.0,RS41,404.900,7.7,250,10,2.7,,
2026-08-03T12:47:44.005Z,X1413627,8014,45.78934,8.77149,28103.8,5.6,12.9,294.4,-46.1,-1.0,-1.0,RS41,404.900,7.5,250,10,2.7,,
2026-08-03T12:47:45.005Z,X1413627,8015,45.78938,8.77133,28109.9,6.6,13.6,288.3,-46.1,-1.0,-1.0,RS41,404.900,7.5,250,10,2.7,,
2026-08-03T12:47:46.005Z,X1413627,8016,45.78942,8.77116,28116.2,6.0,14.6,282.4,-46.1,-1.0,-1.0,RS41,404.900,7.9,250,10,2.6,,
2026-08-03T12:47:48.005Z,X1413627,8018,45.78945,8.77077,28126.7,5.5,15.6,273.3,-46.0,-1.0,-1.0,RS41,404.900,7.3,250,10,2.6,,
2026-08-03T12:47:49.005Z,X1413627,8019,45.78946,8.77058,28132.6,6.3,15.1,271.2,-46.0,-1.0,-1.0,RS41,404.900,7.3,250,10,2.7,,
2026-08-03T12:47:51.005Z,X1413627,8021,45.78947,8.77020,28143.7,5.1,14.1,274.0,-45.9,-1.0,-1.0,RS41,404.900,7.0,250,10,2.7,,
2026-08-03T12:47:53.005Z,X1413627,8023,45.78950,8.76984,28155.2,6.4,15.0,282.6,-45.9,-1.0,-1.0,RS41,404.900,7.2,250,10,2.6,,
2026-08-03T12:47:54.005Z,X1413627,8024,45.78954,8.76965,28161.3,5.6,15.5,285.9,-46.0,-1.0,-1.0,RS41,404.900,7.8,250,10,2.6,,
2026-08-03T12:47:55.005Z,X1413627,8025,45.78958,8.76946,28166.8,5.6,15.3,289.2,-46.1,-1.0,-1.0,RS41,404.900,7.8,250,10,2.7,,
2026-08-03T12:47:57.005Z,X1413627,8027,45.78967,8.76912,28178.8,6.3,12.9,294.2,-46.2,-1.0,-1.0,RS41,404.900,7.6,250,10,2.7,,
2026-08-03T12:47:58.005Z,X1413627,8028,45.78972,8.76898,28184.5,5.0,11.6,292.4,-46.1,-1.0,-1.0,RS41,404.900,7.7,250,10,2.6,,
2026-08-03T12:47:59.005Z,X1413627,8029,45.78975,8.76884,28189.6,5.3,10.7,286.9,-46.1,-1.0,-1.0,RS41,404.900,8.3,250,10,2.6,,
2026-08-03T12:48:00.005Z,X1413627,8030,45.78977,8.76871,28195.2,6.1,10.8,275.9,-46.1,-1.0,-1.0,RS41,404.900,8.3,250,10,2.6,,
2026-08-03T12:48:01.005Z,X1413627,8031,45.78977,8.76857,28201.0,5.4,11.9,267.6,-46.0,-1.0,-1.0,RS41,404.900,8.2,250,10,2.7,,
2026-08-03T12:48:02.005Z,X1413627,8032,45.78976,8.76841,28205.8,4.1,12.8,263.8,-45.9,-1.0,-1.0,RS41,404.900,8.2,250,10,2.7,,
2026-08-03T12:48:03.005Z,X1413627,8033,45.78975,8.76824,28210.4,5.2,13.4,263.1,-45.8,-1.0,-1.0,RS41,404.900,7.7,250,10,2.6,,
2026-08-03T12:48:04.005Z,X1413627,8034,45.78974,8.76807,28216.3,6.6,13.0,266.0,-45.8,-1.0,-1.0,RS41,404.900,7.6,250,10,2.6,,
2026-08-03T12:48:05.005Z,X1413627,8035,45.78974,8.76791,28222.3,5.5,12.4,271.3,-45.8,-1.0,-1.0,RS41,404.900,7.7,250,10,2.7,,
2026-08-03T12:48:06.005Z,X1413627,8036,45.78975,8.76775,28227.6,5.1,12.2,277.9,-45.7,-1.0,-1.0,RS41,404.900,7.7,250,10,2.7,,
2026-08-03T12:48:07.005Z,X1413627,8037,45.78977,8.76760,28232.9,5.5,12.6,283.7,-45.7,-1.0,-1.0,RS41,404.900,7.7,250,10,2.6,,
2026-08-03T12:48:08.005Z,X1413627,8038,45.78980,8.76744,28238.8,6.3,13.4,286.4,-45.6,-1.0,-1.0,RS41,404.900,7.7,250,10,2.6,,
2026-08-03T12:48:09.005Z,X1413627,8039,45.78983,8.76727,28244.5,5.1,13.9,287.7,-45.6,-1.0,-1.0,RS41,404.900,7.8,250,10,2.7,,
2026-08-03T12:48:10.005Z,X1413627,8040,45.78987,8.76710,28249.5,4.9,14.0,287.9,-45.5,-1.0,-1.0,RS41,404.900,7.8,250,10,2.7,,
2026-08-03T12:48:11.005Z,X1413627,8041,45.78991,8.76693,28254.7,5.6,13.4,288.3,-45.5,-1.0,-1.0,RS41,404.900,7.7,250,10,2.6,,
2026-08-03T12:48:12.005Z,X1413627,8042,45.78994,8.76678,28260.6,6.2,12.2,287.2,-45.5,-1.0,-1.0,RS41-SG,404.900,7.7,250,10,2.6,,
2026-08-03T12:48:13.005Z,X1413627,8043,45.78997,8.76663,28266.4,5.3,11.2,284.1,-45.5,-1.0,-1.0,RS41-SG,404.900,7.8,250,10,2.6,,
2026-08-03T12:48:14.005Z,X1413627,8044,45.78999,8.76649,28271.6,5.0,10.8,277.6,-45.5,-1.0,-1.0,RS41-SG,404.900,7.8,250,10,2.7,,
2026-08-03T12:48:15.005Z,X1413627,8045,45.79000,8.76635,28276.9,5.5,11.4,268.3,-45.4,-1.0,-1.0,RS41-SG,404.900,7.7,250,10,2.7,,
2026-08-03T12:48:16.005Z,X1413627,8046,45.78999,8.76620,28282.6,5.9,13.0,261.3,-45.5,-1.0,-1.0,RS41-SG,404.900,8.2,250,10,2.7,,
2026-08-03T12:48:17.005Z,X1413627,8047,45.78996,8.76603,28287.7,4.2,14.3,258.5,-45.5,-1.0,-1.0,RS41-SG,404.900,8.5,250,10,2.6,,
2026-08-03T12:48:18.005Z,X1413627,8048,45.78994,8.76584,28292.3,4.9,15.0,258.7,-45.5,-1.0,-1.0,RS41-SG,404.900,8.5,250,10,2.6,,
2026-08-03T12:48:19.005Z,X1413627,8049,45.78992,8.76565,28298.1,6.5,14.8,262.8,-45.6,-1.0,-1.0,RS41-SG,404.900,8.2,250,10,2.6,,
2026-08-03T12:48:20.005Z,X1413627,8050,45.78991,8.76547,28304.6,6.4,13.9,269.6,-45.6,-1.0,-1.0,RS41-SG,404.900,8.4,250,10,2.7,,
2026-08-03T12:48:21.005Z,X1413627,8051,45.78991,8.76530,28310.0,4.4,13.2,276.0,-45.6,-1.0,-1.0,RS41-SG,404.900,8.7,250,10,2.7,,
2026-08-03T12:48:22.005Z,X1413627,8052,45.78993,8.76513,28314.4,4.4,13.1,283.1,-45.6,-1.0,-1.0,RS41-SG,404.900,8.7,250,10,2.7,,
2026-08-03T12:48:23.005Z,X1413627,8053,45.78996,8.76497,28319.1,4.9,13.4,287.0,-45.6,-1.0,-1.0,RS41-SG,404.900,8.6,250,10,2.6,,
2026-08-03T12:48:24.005Z,X1413627,8054,45.79000,8.76480,28324.5,5.9,14.1,287.7,-45.6,-1.0,-1.0,RS41-SG,404.900,8.4,250,10,2.6,,
2026-08-03T12:48:25.005Z,X1413627,8055,45.79004,8.76463,28330.3,5.5,14.5,286.5,-45.6,-1.0,-1.0,RS41-SG,404.900,8.4,250,10,2.6,,
2026-08-03T12:48:26.005Z,X1413627,8056,45.79008,8.76445,28335.3,4.5,14.6,285.6,-45.5,-1.0,-1.0,RS41-SG,404.900,8.4,250,10,2.7,,
2026-08-03T12:48:27.005Z,X1413627,8057,45.79011,8.76427,28340.0,5.0,14.3,285.0,-45.4,-1.0,-1.0,RS41-SG,404.900,7.8,250,10,2.7,,
2026-08-03T12:48:28.005Z,X1413627,8058,45.79014,8.76409,28345.5,6.2,13.6,284.8,-45.4,-1.0,-1.0,RS41-SG,404.900,7.6,250,10,2.7,,
2026-08-03T12:48:29.005Z,X1413627,8059,45.79017,8.76393,28351.4,5.4,12.8,284.1,-45.3,-1.0,-1.0,RS41-SG,404.900,7.9,250,10,2.6,,
2026-08-03T12:48:30.005Z,X1413627,8060,45.79020,8.76378,28356.6,5.0,12.1,281.3,-45.3,-1.0,-1.0,RS41-SG,404.900,8.8,250,10,2.6,,
2026-08-03T12:48:31.005Z,X1413627,8061,45.79021,8.76362,28361.9,5.7,11.9,274.7,-45.3,-1.0,-1.0,RS41-SG,404.900,8.8,250,10,2.6,,
2026-08-03T12:48:32.005Z,X1413627,8062,45.79021,8.76347,28367.8,6.1,12.6,267.7,-45.3,-1.0,-1.0,RS41-SG,404.900,8.6,250,10,2.7,,
2026-08-03T12:48:33.005Z,X1413627,8063,45.79020,8.76330,28373.2,4.8,13.5,263.5,-45.4,-1.0,-1.0,RS41-SG,404.900,8.6,250,10,2.7,,
2026-08-03T12:48:34.005Z,X1413627,8064,45.79019,8.76313,28378.2,5.2,14.0,263.1,-45.4,-1.0,-1.0,RS41-SG,404.900,8.2,250,10,2.7,,
2026-08-03T12:48:35.005Z,X1413627,8065,45.79018,8.76295,28384.0,6.3,13.7,267.2,-45.4,-1.0,-1.0,RS41-SG,404.900,8.2,250,10,2.6,,
2026-08-03T12:48:37.005Z,X1413627,8067,45.79020,8.76262,28395.8,4.7,12.6,280.9,-45.4,-1.0,-1.0,RS41-SG,404.900,8.2,250,10,2.6,,
2026-08-03T12:48:38.005Z,X1413627,8068,45.79022,8.76246,28400.2,4.2,12.3,286.5,-45.3,-1.0,-1.0,RS41-SG,404.900,8.2,250,10,2.7,,
2026-08-03T12:48:39.005Z,X1413627,8069,45.79025,8.76231,28405.0,5.3,12.1,288.6,-45.4,-1.0,-1.0,RS41-SG,404.900,8.5,250,10,2.7,,
2026-08-03T12:48:40.005Z,X1413627,8070,45.79029,8.76217,28410.8,6.3,11.8,286.5,-45.5,-1.0,-1.0,RS41-SG,404.900,8.5,250,10,2.6,,
2026-08-03T12:48:41.005Z,X1413627,8071,45.79031,8.76202,28416.3,4.8,11.5,283.4,-45.4,0.8,-1.0,RS41-SG,404.900,8.2,250,10,2.6,,
2026-08-03T12:48:42.005Z,X1413627,8072,45.79033,8.76188,28421.1,4.8,10.9,280.7,-45.4,0.9,-1.0,RS41-SG,404.900,8.2,250,10,2.7,,
2026-08-03T12:48:43.005Z,X1413627,8073,45.79035,8.76175,28426.1,5.2,10.0,280.3,-45.3,0.9,-1.0,RS41-SG,404.900,8.0,250,10,2.7,,
2026-08-03T12:48:44.005Z,X1413627,8074,45.79037,8.76163,28431.6,5.8,9.1,282.7,-45.2,0.8,-1.0,RS41-SG,404.900,8.4,250,10,2.6,,
2026-08-03T12:48:45.005Z,X1413627,8075,45.79039,8.76152,28437.1,5.2,8.7,285.5,-45.2,0.8,-1.0,RS41-SG,404.900,8.4,250,10,2.6,,
2026-08-03T12:48:46.005Z,X1413627,8076,45.79041,8.76141,28441.8,4.2,8.9,287.3,-45.3,0.8,-1.0,RS41-SG,404.900,8.2,250,10,2.7,,
2026-08-03T12:48:47.005Z,X1413627,8077,45.79043,8.76130,28446.4,4.9,9.9,284.9,-45.3,0.8,-1.0,RS41-SG,404.900,8.2,250,10,2.7,,
2026-08-03T12:48:48.005Z,X1413627,8078,45.79045,8.76116,28451.8,5.9,11.4,280.6,-45.2,0.8,-1.0,RS41-SG,404.900,8.7,250,10,2.6,,
2026-08-03T12:48:49.005Z,X1413627,8079,45.79047,8.76101,28457.3,5.1,12.9,277.9,-45.1,0.8,-1.0,RS41-SG,404.900,8.7,250,10,2.6,,
2026-08-03T12:48:50.005Z,X1413627,8080,45.79049,8.76084,28462.1,4.2,13.8,277.0,-45.1,0.8,-1.0,RS41-SG,404.900,8.5,250,9,2.7,,
2026-08-03T12:48:51.005Z,X1413627,8081,45.79050,8.76066,28466.8,5.2,13.9,277.5,-45.1,0.8,-1.0,RS41-SG,404.900,8.1,250,10,2.7,,
2026-08-03T12:48:52.005Z,X1413627,8082,45.79052,8.76050,28472.6,6.3,12.8,280.1,-45.1,0.8,-1.0,RS41-SG,404.900,8.1,250,10,2.6,,
2026-08-03T12:48:53.005Z,X1413627,8083,45.79054,8.76034,28478.4,5.3,11.4,283.3,-45.1,0.8,-1.0,RS41-SG,404.900,8.1,250,10,2.6,,
2026-08-03T12:48:54.005Z,X1413627,8084,45.79057,8.76021,28483.5,4.8,9.9,283.8,-45.1,0.8,-1.0,RS41-SG,404.900,8.1,250,10,2.6,,
2026-08-03T12:48:55.005Z,X1413627,8085,45.79058,8.76009,28488.6,5.4,8.7,280.1,-45.0,0.8,-1.0,RS41-SG,404.900,7.9,250,10,2.7,,
2026-08-03T12:48:57.005Z,X1413627,8087,45.79059,8.75988,28500.0,4.9,8.6,264.9,-44.9,0.8,-1.0,RS41-SG,404.900,8.3,250,10,2.7,,
2026-08-03T12:48:58.005Z,X1413627,8088,45.79058,8.75977,28504.7,4.4,8.8,260.9,-44.8,0.8,-1.0,RS41-SG,404.900,8.3,250,10,2.6,,
2026-08-03T12:48:59.005Z,X1413627,8089,45.79057,8.75966,28509.4,5.1,8.8,260.5,-44.7,0.8,-1.0,RS41-SG,404.900,8.5,250,10,2.6,,
2026-08-03T12:49:00.005Z,X1413627,8090,45.79056,8.75955,28515.1,6.2,8.6,264.5,-44.7,0.8,-1.0,RS41-SG,404.900,8.5,250,10,2.6,,
2026-08-03T12:49:01.005Z,X1413627,8091,45.79055,8.75944,28520.9,5.4,8.6,269.6,-44.6,0.8,-1.0,RS41-SG,404.900,8.5,250,10,2.7,,
2026-08-03T12:49:02.005Z,X1413627,8092,45.79055,8.75932,28526.3,5.3,9.3,272.6,-44.6,0.8,-1.0,RS41-SG,404.900,8.7,250,10,2.7,,
2026-08-03T12:49:03.005Z,X1413627,8093,45.79056,8.75920,28531.8,5.6,10.5,272.8,-44.6,0.8,-1.0,RS41-SG,404.900,8.7,250,10,2.7,,
2026-08-03T12:49:04.005Z,X1413627,8094,45.79056,8.75905,28537.5,5.7,11.8,269.7,-44.5,0.8,-1.0,RS41-SG,404.900,8.5,250,10,2.6,,
2026-08-03T12:49:05.005Z,X1413627,8095,45.79056,8.75890,28542.6,4.4,12.6,266.5,-44.5,0.8,-1.0,RS41-SG,404.900,8.3,250,10,2.6,,
2026-08-03T12:49:06.005Z,X1413627,8096,45.79055,8.75874,28547.2,4.8,12.7,264.5,-44.4,0.8,-1.0,RS41-SG,404.900,7.4,250,10,2.6,,
2026-08-03T12:49:07.005Z,X1413627,8097,45.79054,8.75858,28552.4,5.7,11.8,263.4,-44.4,0.8,-1.0,RS41-SG,404.900,7.9,250,10,2.7,,
2026-08-03T12:49:08.005Z,X1413627,8098,45.79052,8.75844,28558.1,5.6,10.2,263.9,-44.3,0.8,-1.0,RS41-SG,404.900,8.1,250,10,2.7,,
2026-08-03T12:49:09.005Z,X1413627,8099,45.79051,8.75832,28563.2,4.5,8.8,263.7,-44.2,0.8,-1.0,RS41-SG,404.900,8.8,250,10,2.7,,
2026-08-03T12:49:10.005Z,X1413627,8100,45.79051,8.75821,28567.3,3.8,7.7,261.3,-44.3,0.8,-1.0,RS41-SG,404.900,9.0,250,10,2.6,,
2026-08-03T12:49:11.005Z,X1413627,8101,45.79049,8.75812,28571.7,4.8,7.2,256.0,-44.3,0.8,-1.0,RS41-SG,404.900,9.0,250,10,2.6,,
2026-08-03T12:49:12.005Z,X1413627,8102,45.79047,8.75803,28577.1,6.0,7.7,252.0,-44.3,0.8,-1.0,RS41-SG,404.900,8.9,250,10,2.6,,
2026-08-03T12:49:13.005Z,X1413627,8103,45.79045,8.75793,28582.8,5.2,8.4,250.6,-44.2,0.8,-1.0,RS41-SG,404.900,8.5,250,10,2.7,,
2026-08-03T12:49:14.005Z,X1413627,8104,45.79043,8.75783,28587.9,5.0,8.9,253.5,-44.1,0.8,-1.0,RS41-SG,404.900,8.5,250,10,2.7,,
2026-08-03T12:49:15.005Z,X1413627,8105,45.79041,8.75771,28593.1,5.5,9.2,259.4,-44.1,0.8,-1.0,RS41-SG,404.900,8.2,250,10,2.7,,
2026-08-03T12:49:16.005Z,X1413627,8106,45.79040,8.75760,28598.9,6.0,9.0,267.1,-44.0,0.7,-1.0,RS41-SG,404.900,8.8,250,10,2.6,,
2026-08-03T12:49:17.005Z,X1413627,8107,45.79040,8.75748,28604.2,4.6,9.0,273.3,-43.9,0.8,-1.0,RS41-SG,404.900,8.8,250,10,2.6,,
2026-08-03T12:49:18.005Z,X1413627,8108,45.79041,8.75737,28608.8,4.6,9.4,276.7,-43.9,0.8,-1.0,RS41-SG,404.900,8.4,250,10,2.6,,
2026-08-03T12:49:19.005Z,X1413627,8109,45.79041,8.75724,28614.0,5.7,10.1,274.3,-44.0,0.8,-1.0,RS41-SG,404.900,8.7,250,10,2.7,,
2026-08-03T12:49:20.005Z,X1413627,8110,45.79042,8.75711,28619.7,5.8,10.8,269.0,-44.0,0.8,-1.0,RS41-SG,404.900,8.7,250,10,2.7,,
2026-08-03T12:49:21.005Z,X1413627,8111,45.79041,8.75697,28624.9,4.7,11.1,263.0,-44.0,0.8,-1.0,RS41-SG,404.900,8.4,250,10,2.7,,
2026-08-03T12:49:22.005Z,X1413627,8112,45.79039,8.75683,28629.9,5.2,10.6,256.4,-44.0,0.8,-1.0,RS41-SG,404.900,8.0,250,10,2.6,,
2026-08-03T12:49:24.005Z,X1413627,8114,45.79034,8.75661,28640.8,5.0,8.2,243.5,-43.9,0.8,-1.0,RS41-SG,404.900,7.3,250,10,2.6,,
2026-08-03T12:49:25.005Z,X1413627,8115,45.79030,8.75652,28645.5,4.4,7.4,237.9,-43.9,0.8,-1.0,RS41-SG,404.900,8.2,250,10,2.7,,
2026-08-03T12:49:26.005Z,X1413627,8116,45.79027,8.75644,28650.3,5.2,7.2,235.2,-43.8,0.8,-1.0,RS41-SG,404.900,8.2,250,10,2.7,,
2026-08-03T12:49:27.005Z,X1413627,8117,45.79023,8.75636,28655.8,5.9,7.9,236.9,-43.8,0.8,-1.0,RS41-SG,404.900,8.6,250,10,2.6,,
2026-08-03T12:49:28.005Z,X1413627,8118,45.79019,8.75627,28661.2,4.9,8.9,239.9,-43.8,0.8,-1.0,RS41-SG,404.900,8.6,250,10,2.6,,
2026-08-03T12:49:29.005Z,X1413627,8119,45.79015,8.75616,28665.7,4.0,9.6,244.7,-43.8,0.8,-1.0,RS41-SG,404.900,8.5,250,10,2.7,,
2026-08-03T12:49:30.005Z,X1413627,8120,45.79012,8.75605,28669.8,4.4,9.8,251.0,-43.9,0.8,-1.0,RS41-SG,404.900,7.8,250,10,2.7,,
2026-08-03T12:49:31.005Z,X1413627,8121,45.79010,8.75593,28674.5,4.9,9.7,258.9,-43.9,0.8,-1.0,RS41-SG,404.900,8.6,250,10,2.6,,
2026-08-03T12:49:32.005Z,X1413627,8122,45.79009,8.75581,28679.7,5.3,9.4,269.0,-43.9,0.8,-1.0,RS41-SG,404.900,8.6,250,10,2.6,,
2026-08-03T12:49:33.005Z,X1413627,8123,45.79009,8.75569,28684.9,5.0,9.7,276.6,-43.9,0.8,-1.0,RS41-SG,404.900,7.9,250,10,2.7,,
2026-08-03T12:49:34.005Z,X1413627,8124,45.79010,8.75556,28689.7,4.6,10.5,280.7,-43.9,0.8,-1.0,RS41-SG,404.900,7.9,250,10,2.7,,
2026-08-03T12:49:35.005Z,X1413627,8125,45.79012,8.75542,28694.7,5.4,11.5,280.5,-43.9,0.8,-1.0,RS41-SG,404.900,7.6,250,10,2.6,,
2026-08-03T12:49:36.005Z,X1413627,8126,45.79014,8.75527,28700.4,6.1,12.6,276.0,-44.0,0.8,-1.0,RS41-SG,404.900,7.3,250,10,2.6,,
2026-08-03T12:49:41.005Z,X1413627,8131,45.79007,8.75452,28726.4,4.0,9.2,248.0,-43.8,0.8,-1.0,RS41-SG,404.900,7.0,250,10,2.6,,
2026-08-03T12:49:42.005Z,X1413627,8132,45.79003,8.75442,28730.7,4.6,8.4,245.9,-43.8,0.8,-1.0,RS41-SG,404.900,7.5,250,10,2.7,,
2026-08-03T12:49:43.005Z,X1413627,8133,45.79001,8.75432,28736.0,5.9,8.7,248.1,-43.8,0.8,-1.0,RS41-SG,404.900,7.5,250,10,2.7,,
2026-08-03T12:49:44.005Z,X1413627,8134,45.78998,8.75420,28742.1,6.3,9.7,253.5,-43.8,0.8,-1.0,RS41-SG,404.900,8.1,250,10,2.7,,
2026-08-03T12:49:45.005Z,X1413627,8135,45.78996,8.75408,28747.9,5.1,10.8,260.0,-43.8,0.8,-1.0,RS41-SG,404.900,8.1,250,10,2.6,,
2026-08-03T12:49:46.005Z,X1413627,8136,45.78995,8.75393,28753.0,5.0,11.9,267.1,-43.9,0.8,-1.0,RS41-SG,404.900,7.6,250,10,2.6,,
2026-08-03T12:49:47.005Z,X1413627,8137,45.78995,8.75378,28758.4,5.7,12.7,275.0,-43.9,0.8,-1.0,RS41-SG,404.900,7.4,250,10,2.6,,
2026-08-03T12:49:53.005Z,X1413627,8143,45.79004,8.75269,28789.1,4.6,14.9,267.4,-43.9,0.8,-1.0,RS41-SG,404.900,7.4,250,10,2.6,,
2026-08-03T12:49:54.005Z,X1413627,8144,45.79003,8.75251,28794.0,5.3,13.6,263.5,-44.0,0.8,-1.0,RS41-SG,404.900,7.4,250,10,2.7,,
2026-08-03T12:49:55.005Z,X1413627,8145,45.79002,8.75235,28799.6,5.9,11.8,260.9,-44.0,0.8,-1.0,RS41-SG,404.900,7.4,250,10,2.7,,
2026-08-03T12:49:56.005Z,X1413627,8146,45.79000,8.75220,28804.9,4.8,10.4,259.7,-44.0,0.8,-1.0,RS41-SG,404.900,7.6,250,10,2.7,,
2026-08-03T12:49:57.005Z,X1413627,8147,45.78998,8.75208,28809.7,4.8,9.7,259.8,-43.9,0.8,-1.0,RS41-SG,404.900,7.6,250,10,2.6,,
2026-08-03T12:49:58.005Z,X1413627,8148,45.78997,8.75195,28815.0,5.7,10.2,261.8,-43.9,0.8,-1.0,RS41-SG,404.900,7.5,250,10,2.6,,
2026-08-03T12:49:59.005Z,X1413627,8149,45.78996,8.75181,28821.0,6.4,11.6,263.7,-43.8,0.8,-1.0,RS41-SG,404.900,8.0,250,10,2.6,,
2026-08-03T12:50:00.005Z,X1413627,8150,45.78995,8.75166,28826.6,4.9,13.0,265.8,-43.8,0.8,-1.0,RS41-SG,404.900,8.0,250,10,2.7,,
2026-08-03T12:50:03.005Z,X1413627,8153,45.78995,8.75111,28840.5,5.8,14.4,276.8,-43.8,0.8,-1.0,RS41-SG,404.900,7.8,250,10,2.6,,
2026-08-03T12:50:04.005Z,X1413627,8154,45.78997,8.75094,28846.1,5.4,13.6,280.1,-43.8,0.8,-1.0,RS41-SG,404.900,7.8,250,10,2.6,,
2026-08-03T12:50:05.005Z,X1413627,8155,45.78999,8.75077,28851.1,4.8,12.6,280.5,-43.9,0.8,-1.0,RS41-SG,404.900,8.0,250,10,2.6,,
2026-08-03T12:50:06.005Z,X1413627,8156,45.79001,8.75062,28856.0,5.0,11.9,277.4,-43.9,0.8,-1.0,RS41-SG,404.900,8.1,250,10,2.7,,
2026-08-03T12:50:07.005Z,X1413627,8157,45.79002,8.75046,28861.4,5.8,11.8,270.4,-43.9,0.8,-1.0,RS41-SG,404.900,8.1,250,10,2.7,,
2026-08-03T12:50:08.005Z,X1413627,8158,45.79001,8.75031,28867.2,5.7,12.1,263.2,-43.8,0.8,-1.0,RS41-SG,404.900,7.8,250,10,2.7,,
2026-08-03T12:50:09.005Z,X1413627,8159,45.78999,8.75016,28872.2,4.3,12.2,257.8,-43.8,0.8,-1.0,RS41-SG,404.900,7.2,250,10,2.6,,
2026-08-03T12:50:10.005Z,X1413627,8160,45.78997,8.75001,28876.8,4.8,11.8,254.0,-43.8,0.8,-1.0,RS41-SG,404.900,7.5,250,10,2.6,,
2026-08-03T12:50:11.005Z,X1413627,8161,45.78994,8.74987,28882.0,5.7,10.7,252.0,-43.7,0.8,-1.0,RS41-SG,404.900,7.5,250,9,2.6,,
2026-08-03T12:50:12.005Z,X1413627,8162,45.78991,8.74975,28887.8,5.7,9.3,253.1,-43.7,0.8,-1.0,RS41-SG,404.900,8.0,250,10,2.7,,
2026-08-03T12:50:13.005Z,X1413627,8163,45.78989,8.74964,28892.9,4.5,8.5,257.0,-43.7,0.8,-1.0,RS41-SG,404.900,8.0,250,10,2.7,,
2026-08-03T12:50:14.005Z,X1413627,8164,45.78988,8.74953,28897.6,5.0,8.5,263.0,-43.7,0.8,-1.0,RS41-SG,404.900,8.3,250,10,2.7,,
2026-08-03T12:50:15.005Z,X1413627,8165,45.78987,8.74942,28903.0,5.9,9.5,267.4,-43.7,0.8,-1.0,RS41-SG,404.900,8.3,250,10,2.6,,
2026-08-03T12:50:16.005Z,X1413627,8166,45.78987,8.74929,28909.0,6.1,11.0,268.9,-43.7,0.8,-1.0,RS41-SG,404.900,8.0,250,10,2.6,,
2026-08-03T12:50:17.005Z,X1413627,8167,45.78986,8.74914,28914.5,4.8,12.1,269.5,-43.7,0.8,-1.0,RS41-SG,404.900,7.9,250,10,2.6,,
2026-08-03T12:50:18.005Z,X1413627,8168,45.78986,8.74898,28919.5,5.2,12.6,270.1,-43.7,0.8,-1.0,RS41-SG,404.900,7.9,250,10,2.7,,
2026-08-03T12:50:19.005Z,X1413627,8169,45.78986,8.74882,28925.2,6.2,12.1,270.9,-43.8,0.8,-1.0,RS41-SG,404.900,7.5,250,10,2.7,,
2026-08-03T12:50:20.005Z,X1413627,8170,45.78987,8.74868,28931.4,6.2,11.0,271.8,-43.8,0.8,-1.0,RS41-SG,404.900,7.5,250,10,2.7,,
2026-08-03T12:50:21.005Z,X1413627,8171,45.78987,8.74854,28936.8,4.7,10.0,271.4,-43.8,0.8,-1.0,RS41-SG,404.900,7.5,250,10,2.6,,
2026-08-03T12:50:22.005Z,X1413627,8172,45.78987,8.74842,28941.8,5.1,9.3,267.1,-43.7,0.8,-1.0,RS41-SG,404.900,7.7,250,10,2.6,,
2026-08-03T12:50:23.005Z,X1413627,8173,45.78986,8.74830,28947.2,5.8,9.4,259.0,-43.7,0.8,-1.0,RS41-SG,404.900,7.7,250,10,2.6,,
2026-08-03T12:50:24.005Z,X1413627,8174,45.78984,8.74818,28953.2,6.0,10.2,252.5,-43.7,0.8,-1.0,RS41-SG,404.900,8.0,250,10,2.7,,
2026-08-03T12:50:26.005Z,X1413627,8176,45.78977,8.74791,28962.7,4.7,11.7,249.9,-43.7,0.8,-1.0,RS41-SG,404.900,8.3,250,10,2.6,,
2026-08-03T12:50:27.005Z,X1413627,8177,45.78974,8.74777,28968.0,5.9,11.8,254.0,-43.7,0.8,-1.0,RS41-SG,404.900,8.3,250,10,2.6,,
2026-08-03T12:50:29.005Z,X1413627,8179,45.78970,8.74748,28979.5,4.7,11.6,265.5,-43.6,0.8,-1.0,RS41-SG,404.900,7.6,250,10,2.7,,
2026-08-03T12:50:30.005Z,X1413627,8180,45.78970,8.74733,28984.1,4.4,11.8,269.3,-43.5,0.8,-1.0,RS41-SG,404.900,7.8,250,10,2.6,,
2026-08-03T12:50:31.005Z,X1413627,8181,45.78970,8.74717,28988.9,5.2,12.5,269.8,-43.5,0.8,-1.0,RS41-SG,404.900,7.8,250,10,2.6,,
2026-08-03T12:50:32.005Z,X1413627,8182,45.78969,8.74701,28994.6,6.2,13.2,267.4,-43.5,0.8,-1.0,RS41-SG,404.900,7.9,250,10,2.7,,
2026-08-03T12:50:34.005Z,X1413627,8184,45.78967,8.74666,29005.4,5.2,13.7,264.6,-43.4,0.8,-1.0,RS41-SG,404.900,7.4,250,10,2.6,,
2026-08-03T12:50:35.005Z,X1413627,8185,45.78966,8.74649,29011.0,5.8,13.1,266.2,-43.4,0.8,-1.0,RS41-SG,404.900,7.9,250,10,2.6,,
2026-08-03T12:50:36.005Z,X1413627,8186,45.78966,8.74633,29016.8,5.9,12.3,270.3,-43.5,0.8,-1.0,RS41-SG,404.900,8.4,250,10,2.7,,
2026-08-03T12:50:37.005Z,X1413627,8187,45.78966,8.74618,29022.2,4.8,11.7,274.3,-43.6,0.8,-1.0,RS41-SG,404.900,8.4,250,10,2.7,,
2026-08-03T12:50:38.005Z,X1413627,8188,45.78967,8.74603,29026.9,4.7,11.5,276.5,-43.6,0.8,-1.0,RS41-SG,404.900,8.2,250,10,2.6,,
2026-08-03T12:50:39.005Z,X1413627,8189,45.78969,8.74588,29032.1,5.7,11.8,274.9,-43.6,0.8,-1.0,RS41-SG,404.900,8.2,250,10,2.6,,
2026-08-03T12:50:40.005Z,X1413627,8190,45.78969,8.74572,29038.2,6.5,12.7,271.1,-43.5,0.8,-1.0,RS41-SG,404.900,7.6,250,10,2.7,,
2026-08-03T12:50:43.005Z,X1413627,8193,45.78968,8.74520,29054.9,6.0,14.2,267.2,-43.5,0.8,-1.0,RS41-SG,404.900,7.1,250,10,2.6,,
2026-08-03T12:50:44.005Z,X1413627,8194,45.78967,8.74502,29061.2,6.5,14.1,271.0,-43.5,0.8,-1.0,RS41-SG,404.900,7.6,250,10,2.6,,
2026-08-03T12:50:45.005Z,X1413627,8195,45.78968,8.74484,29066.8,5.0,13.9,273.9,-43.5,0.8,-1.0,RS41-SG,404.900,7.7,250,10,2.7,,
2026-08-03T12:50:46.005Z,X1413627,8196,45.78969,8.74466,29071.8,4.9,14.1,276.1,-43.5,0.8,-1.0,RS41-SG,404.900,7.7,250,10,2.7,,
2026-08-03T12:50:47.005Z,X1413627,8197,45.78970,8.74448,29077.0,5.7,14.6,275.7,-43.6,0.8,-1.0,RS41-SG,404.900,7.8,250,10,2.7,,
2026-08-03T12:50:48.005Z,X1413627,8198,45.78971,8.74428,29082.9,6.1,15.3,273.7,-43.7,0.8,-1.0,RS41-SG,404.900,7.8,250,10,2.6,,
2026-08-03T12:50:49.005Z,X1413627,8199,45.78972,8.74409,29088.6,5.2,15.8,271.7,-43.7,0.8,-1.0,RS41-SG,404.900,7.8,250,10,2.6,,
2026-08-03T12:50:51.005Z,X1413627,8201,45.78973,8.74368,29099.7,6.1,15.6,274.8,-43.8,0.8,-1.0,RS41-SG,404.900,7.6,250,10,2.7,,
2026-08-03T12:50:54.005Z,X1413627,8204,45.78980,8.74312,29116.3,5.1,14.4,282.4,-43.6,0.8,-1.0,RS41-SG,404.900,7.4,250,10,2.6,,
2026-08-03T12:50:58.005Z,X1413627,8208,45.78986,8.74237,29139.1,5.2,14.8,271.0,-43.6,0.8,-1.0,RS41-SG,404.900,7.6,250,10,2.7,,
2026-08-03T12:50:59.005Z,X1413627,8209,45.78986,8.74219,29144.6,6.0,14.2,271.8,-43.6,0.8,-1.0,RS41-SG,404.900,7.6,250,10,2.7,,
2026-08-03T12:51:00.005Z,X1413627,8210,45.78987,8.74201,29150.8,6.4,13.4,274.8,-43.7,0.8,-1.0,RS41-SG,404.900,8.0,250,10,2.6,,
2026-08-03T12:51:01.005Z,X1413627,8211,45.78988,8.74184,29156.5,5.1,12.9,276.8,-43.7,0.8,-1.0,RS41-SG,404.900,8.0,250,10,2.6,,
2026-08-03T12:51:02.005Z,X1413627,8212,45.78989,8.74168,29161.8,5.4,12.8,277.5,-43.8,0.8,-1.0,RS41-SG,404.900,7.7,250,10,2.6,,
2026-08-03T12:51:03.005Z,X1413627,8213,45.78991,8.74151,29167.5,6.2,13.3,274.6,-43.8,0.8,-1.0,RS41-SG,404.900,8.3,250,10,2.7,,
2026-08-03T12:51:04.005Z,X1413627,8214,45.78991,8.74134,29173.8,6.5,14.3,270.2,-43.7,0.8,-1.0,RS41-SG,404.900,8.3,250,10,2.7,,
2026-08-03T12:51:05.005Z,X1413627,8215,45.78991,8.74115,29179.6,5.1,14.9,267.3,-43.6,0.8,-1.0,RS41-SG,404.900,7.6,250,10,2.7,,
2026-08-03T12:51:08.005Z,X1413627,8218,45.78988,8.74057,29196.3,6.4,14.6,268.5,-43.4,0.8,-1.0,RS41-SG,404.900,7.5,250,10,2.6,,
2026-08-03T12:51:09.005Z,X1413627,8219,45.78988,8.74039,29202.1,5.2,14.0,271.5,-43.4,0.8,-1.0,RS41-SG,404.900,7.9,250,10,2.7,,
2026-08-03T12:51:10.005Z,X1413627,8220,45.78989,8.74021,29207.5,5.8,13.9,273.1,-43.4,0.8,-1.0,RS41-SG,404.900,8.1,250,10,2.7,,
2026-08-03T12:51:11.005Z,X1413627,8221,45.78989,8.74003,29213.7,6.6,14.4,272.2,-43.4,0.8,-1.0,RS41-SG,404.900,8.3,250,10,2.7,,
2026-08-03T12:51:12.005Z,X1413627,8222,45.78990,8.73984,29220.2,6.2,15.0,269.9,-43.4,0.8,-1.0,RS41-SG,404.900,8.3,250,10,2.6,,
2026-08-03T12:51:13.005Z,X1413627,8223,45.78989,8.73965,29225.8,4.9,15.5,267.6,-43.5,0.8,-1.0,RS41-SG,404.900,8.3,250,10,2.6,,
2026-08-03T12:51:14.005Z,X1413627,8224,45.78989,8.73945,29230.8,5.3,15.5,266.8,-43.5,0.8,-1.0,RS41-SG,404.900,7.5,250,10,2.6,,
2026-08-03T12:51:15.005Z,X1413627,8225,45.78988,8.73926,29236.4,5.9,14.7,267.2,-43.6,0.8,-1.0,RS41-SG,404.900,7.4,250,10,2.7,,
2026-08-03T12:51:16.005Z,X1413627,8226,45.78987,8.73908,29242.5,6.3,13.5,268.7,-43.6,0.8,-1.0,RS41-SG,404.900,7.2,250,10,2.7,,
2026-08-03T12:51:17.005Z,X1413627,8227,45.78987,8.73891,29248.4,5.6,12.5,269.0,-43.6,0.8,-1.0,RS41-SG,404.900,7.2,250,10,2.7,,
2026-08-03T12:51:18.005Z,X1413627,8228,45.78987,8.73875,29253.8,5.3,11.9,266.4,-43.5,0.8,-1.0,RS41-SG,404.900,8.1,250,10,2.6,,
2026-08-03T12:51:19.005Z,X1413627,8229,45.78986,8.73860,29259.3,5.8,11.9,262.1,-43.4,0.8,-1.0,RS41-SG,404.900,8.1,250,10,2.6,,
2026-08-03T12:51:20.005Z,X1413627,8230,45.78984,8.73845,29265.6,6.7,12.6,256.4,-43.5,0.8,-1.0,RS41-SG,404.900,7.0,250,10,2.6,,
2026-08-03T12:51:22.005Z,X1413627,8232,45.78977,8.73812,29277.2,5.5,13.9,253.9,-43.5,0.8,-1.0,RS41-SG,404.900,7.9,250,10,2.7,,
2026-08-03T12:51:23.005Z,X1413627,8233,45.78974,8.73795,29283.2,6.5,13.7,256.2,-43.5,0.8,-1.0,RS41-SG,404.900,8.4,250,10,2.7,,
2026-08-03T12:51:24.005Z,X1413627,8234,45.78972,8.73778,29289.8,6.6,13.1,261.3,-43.6,0.8,-1.0,RS41-SG,404.900,8.4,250,10,2.6,,
2026-08-03T12:51:25.005Z,X1413627,8235,45.78970,8.73762,29295.6,4.9,12.6,265.4,-43.6,0.8,-1.0,RS41-SG,404.900,8.1,250,10,2.6,,
2026-08-03T12:51:27.005Z,X1413627,8237,45.78970,8.73729,29306.3,6.1,13.1,271.9,-43.5,0.8,-1.0,RS41-SG,404.900,7.3,250,10,2.7,,
2026-08-03T12:51:28.005Z,X1413627,8238,45.78970,8.73712,29312.6,6.5,13.9,271.2,-43.5,0.8,-1.0,RS41-SG,404.900,8.0,250,10,2.7,,
2026-08-03T12:51:29.005Z,X1413627,8239,45.78971,8.73694,29318.6,5.5,14.4,269.8,-43.5,0.8,-1.0,RS41-SG,404.900,8.0,250,9,2.7,,
2026-08-03T12:51:30.005Z,X1413627,8240,45.78970,8.73676,29324.2,5.7,14.1,268.8,-43.5,0.8,-1.0,RS41-SG,404.900,7.6,250,9,2.6,,
2026-08-03T12:51:31.005Z,X1413627,8241,45.78970,8.73658,29330.1,6.0,13.0,267.6,-43.5,0.8,-1.0,RS41-SG,404.900,7.6,250,10,2.6,,
2026-08-03T12:51:33.005Z,X1413627,8243,45.78969,8.73629,29342.4,5.8,9.9,262.5,-43.6,0.8,-1.0,RS41-SG,404.900,6.5,250,10,2.7,,
2026-08-03T12:51:34.005Z,X1413627,8244,45.78967,8.73617,29347.9,5.1,8.8,257.1,-43.6,0.8,-1.0,RS41-SG,404.900,7.7,250,10,2.7,,
2026-08-03T12:51:35.005Z,X1413627,8245,45.78965,8.73607,29352.9,5.0,8.5,248.9,-43.7,0.8,-1.0,RS41-SG,404.900,7.9,250,10,2.7,,
2026-08-03T12:51:36.005Z,X1413627,8246,45.78961,8.73596,29358.2,5.7,9.5,241.5,-43.8,0.8,-1.0,RS41-SG,404.900,7.9,250,10,2.6,,
2026-08-03T12:51:37.005Z,X1413627,8247,45.78957,8.73585,29364.3,6.4,11.0,239.0,-43.9,0.8,-1.0,RS41-SG,404.900,8.4,250,10,2.6,,
2026-08-03T12:51:38.005Z,X1413627,8248,45.78952,8.73572,29370.8,6.6,12.5,241.3,-43.9,0.8,-1.0,RS41-SG,404.900,8.4,250,10,2.6,,
2026-08-03T12:51:39.005Z,X1413627,8249,45.78946,8.73557,29376.9,5.6,13.4,246.0,-43.8,0.8,-1.0,RS41-SG,404.900,8.3,250,10,2.7,,
2026-08-03T12:51:40.005Z,X1413627,8250,45.78942,8.73541,29382.4,5.5,13.3,253.9,-43.8,0.8,-1.0,RS41-SG,404.900,8.0,250,10,2.7,,
2026-08-03T12:51:44.005Z,X1413627,8254,45.78948,8.73484,29404.6,3.9,10.2,301.6,-43.6,0.8,-1.0,RS41-SG,404.900,8.3,250,10,2.6,,
2026-08-03T12:51:45.005Z,X1413627,8255,45.78952,8.73474,29409.1,5.1,9.8,303.6,-43.6,0.8,-1.0,RS41-SG,404.900,8.3,250,10,2.7,,
2026-08-03T12:51:46.005Z,X1413627,8256,45.78957,8.73463,29415.2,6.9,9.4,295.3,-43.6,0.8,-1.0,RS41-SG,404.900,8.0,250,10,2.7,,
2026-08-03T12:51:47.005Z,X1413627,8257,45.78959,8.73451,29422.3,7.1,9.8,280.8,-43.7,0.8,-1.0,RS41-SG,404.900,8.2,250,10,2.7,,
2026-08-03T12:51:48.005Z,X1413627,8258,45.78960,8.73438,29428.3,4.9,10.7,269.5,-43.7,0.8,-1.0,RS41-SG,404.900,8.2,250,10,2.6,,
2026-08-03T12:51:49.005Z,X1413627,8259,45.78959,8.73424,29433.0,4.7,11.9,260.4,-43.8,0.8,-1.0,RS41-SG,404.900,7.8,250,10,2.6,,
2026-08-03T12:51:50.005Z,X1413627,8260,45.78957,8.73408,29438.3,5.8,12.6,255.5,-43.8,0.8,-1.0,RS41-SG,404.900,7.5,250,10,2.6,,
2026-08-03T12:51:51.005Z,X1413627,8261,45.78954,8.73393,29444.7,6.9,12.6,254.6,-43.9,0.8,-1.0,RS41-SG,404.900,7.5,250,10,2.7,,
2026-08-03T12:51:53.005Z,X1413627,8263,45.78949,8.73362,29456.7,5.9,11.9,262.3,-43.9,0.8,-1.0,RS41-SG,404.900,7.6,250,10,2.7,,
2026-08-03T12:51:54.005Z,X1413627,8264,45.78948,8.73347,29462.9,6.5,12.2,268.5,-43.8,0.8,-1.0,RS41-SG,404.900,7.6,250,10,2.6,,
2026-08-03T12:51:55.005Z,X1413627,8265,45.78949,8.73331,29469.4,6.6,12.7,273.6,-43.8,0.8,-1.0,RS41-SG,404.900,7.6,250,10,2.6,,
2026-08-03T12:51:56.005Z,X1413627,8266,45.78950,8.73315,29475.4,5.3,13.0,278.0,-43.8,0.8,-1.0,RS41-SG,404.900,8.7,250,10,2.6,,
2026-08-03T12:51:57.005Z,X1413627,8267,45.78952,8.73298,29480.9,5.8,12.7,283.5,-43.8,0.8,-1.0,RS41-SG,404.900,8.7,250,10,2.7,,
2026-08-03T12:51:58.005Z,X1413627,8268,45.78955,8.73283,29486.8,6.0,12.2,289.6,-43.9,0.8,-1.0,RS41-SG,404.900,8.5,250,10,2.7,,
2026-08-03T12:51:59.005Z,X1413627,8269,45.78959,8.73269,29492.8,5.9,11.4,294.5,-44.0,0.8,-1.0,RS41-SG,404.900,8.5,250,10,2.7,,
2026-08-03T12:52:00.005Z,X1413627,8270,45.78963,8.73256,29498.4,5.3,10.9,296.1,-44.0,0.8,-1.0,RS41-SG,404.900,8.8,250,10,2.6,,
2026-08-03T12:52:01.005Z,X1413627,8271,45.78967,8.73244,29503.9,5.7,10.8,291.9,-43.9,0.8,-1.0,RS41-SG,404.900,8.8,250,10,2.6,,
2026-08-03T12:52:02.005Z,X1413627,8272,45.78970,8.73230,29510.0,6.3,11.6,284.1,-43.9,0.8,-1.0,RS41-SG,404.900,8.5,250,10,2.6,,
2026-08-03T12:52:03.005Z,X1413627,8273,45.78972,8.73215,29516.5,6.8,13.0,275.4,-43.9,0.8,-1.0,RS41-SG,404.900,8.4,250,10,2.7,,
2026-08-03T12:52:04.005Z,X1413627,8274,45.78973,8.73197,29522.9,5.8,14.6,269.5,-43.8,0.8,-1.0,RS41-SG,404.900,8.4,250,10,2.7,,
2026-08-03T12:52:05.005Z,X1413627,8275,45.78972,8.73178,29528.2,4.8,15.5,265.5,-43.8,0.8,-1.0,RS41-SG,404.900,8.6,250,10,2.7,,
2026-08-03T12:52:06.005Z,X1413627,8276,45.78971,8.73158,29533.4,5.5,15.5,262.8,-43.7,0.8,-1.0,RS41-SG,404.900,8.6,250,10,2.6,,
2026-08-03T12:52:07.005Z,X1413627,8277,45.78969,8.73139,29539.6,6.9,14.3,261.7,-43.8,0.8,-1.0,RS41-SG,404.900,8.4,250,10,2.6,,
2026-08-03T12:52:08.005Z,X1413627,8278,45.78967,8.73122,29546.4,6.6,12.3,263.2,-43.8,0.8,-1.0,RS41-SG,404.900,8.4,250,10,2.6,,
2026-08-03T12:52:09.005Z,X1413627,8279,45.78966,8.73107,29552.2,5.0,10.8,267.2,-43.8,0.8,-1.0,RS41-SG,404.900,7.4,250,10,2.7,,
2026-08-03T12:52:10.005Z,X1413627,8280,45.78966,8.73094,29557.2,5.0,9.7,274.2,-43.8,0.8,-1.0,RS41-SG,404.900,7.7,250,10,2.7,,
2026-08-03T12:52:11.005Z,X1413627,8281,45.78968,8.73082,29562.4,5.5,9.7,281.3,-43.8,0.8,-1.0,RS41-SG,404.900,8.1,250,10,2.7,,
2026-08-03T12:52:12.005Z,X1413627,8282,45.78970,8.73069,29568.1,5.9,10.7,285.4,-43.7,0.8,-1.0,RS41-SG,404.900,8.8,250,10,2.6,,
2026-08-03T12:52:13.005Z,X1413627,8283,45.78973,8.73055,29574.2,6.3,12.0,286.2,-43.7,0.8,-1.0,RS41-SG,404.900,9.4,250,10,2.6,,
2026-08-03T12:52:14.005Z,X1413627,8284,45.78976,8.73040,29580.6,6.3,13.0,285.1,-43.7,0.8,-1.0,RS41-SG,404.900,9.4,250,10,2.6,,
2026-08-03T12:52:15.005Z,X1413627,8285,45.78978,8.73023,29586.6,5.7,13.5,282.1,-43.8,0.8,-1.0,RS41-SG,404.900,8.6,250,10,2.7,,
2026-08-03T12:52:16.005Z,X1413627,8286,45.78980,8.73007,29592.2,5.5,13.0,278.0,-43.7,0.8,-1.0,RS41-SG,404.900,7.8,250,10,2.7,,
2026-08-03T12:52:17.005Z,X1413627,8287,45.78981,8.72991,29598.1,6.2,11.8,272.2,-43.7,0.8,-1.0,RS41-SG,404.900,9.2,250,10,2.7,,
2026-08-03T12:52:18.005Z,X1413627,8288,45.78981,8.72977,29604.5,6.6,10.0,264.8,-43.7,0.8,-1.0,RS41-SG,404.900,9.2,250,10,2.6,,
2026-08-03T12:52:19.005Z,X1413627,8289,45.78980,8.72965,29610.6,5.7,8.6,256.9,-43.7,0.8,-1.0,RS41-SG,404.900,8.4,250,10,2.6,,
2026-08-03T12:52:20.005Z,X1413627,8290,45.78978,8.72955,29615.8,4.6,7.7,251.1,-43.8,0.8,-1.0,RS41-SG,404.900,8.4,250,10,2.6,,
2026-08-03T12:52:21.005Z,X1413627,8291,45.78976,8.72946,29620.7,5.2,7.9,250.5,-43.8,0.8,-1.0,RS41-SG,404.900,9.0,250,10,2.7,,
2026-08-03T12:52:22.005Z,X1413627,8292,45.78973,8.72936,29626.6,6.6,9.1,255.2,-43.8,0.8,-1.0,RS41-SG,404.900,9.1,250,10,2.7,,
2026-08-03T12:52:23.005Z,X1413627,8293,45.78972,8.72923,29633.3,6.7,10.8,262.0,-43.8,0.8,-1.0,RS41-SG,404.900,9.1,250,9,2.7,,
2026-08-03T12:52:24.005Z,X1413627,8294,45.78971,8.72908,29639.2,5.2,12.2,267.7,-43.8,0.8,-1.0,RS41-SG,404.900,8.8,250,9,2.6,,
2026-08-03T12:52:25.005Z,X1413627,8295,45.78971,8.72892,29644.3,5.0,13.4,272.9,-43.7,0.8,-1.0,RS41-SG,404.900,8.8,250,10,2.6,,
2026-08-03T12:52:26.005Z,X1413627,8296,45.78972,8.72875,29649.9,6.2,13.9,278.5,-43.7,0.8,-1.0,RS41-SG,404.900,8.3,250,10,2.6,,
2026-08-03T12:52:27.005Z,X1413627,8297,45.78974,8.72857,29656.2,6.2,13.5,282.1,-43.7,0.8,-1.0,RS41-SG,404.900,8.7,250,10,2.7,,
2026-08-03T12:52:28.005Z,X1413627,8298,45.78977,8.72841,29661.8,4.9,12.9,283.4,-43.7,0.8,-1.0,RS41-SG,404.900,9.1,250,10,2.7,,
2026-08-03T12:52:29.005Z,X1413627,8299,45.78980,8.72825,29667.1,5.7,12.5,283.0,-43.6,0.8,-1.0,RS41-SG,404.900,9.1,250,10,2.7,,
2026-08-03T12:52:30.005Z,X1413627,8300,45.78982,8.72809,29673.3,6.7,12.6,280.3,-43.6,0.8,-1.0,RS41-SG,404.900,7.4,250,10,2.6,,
2026-08-03T12:52:31.005Z,X1413627,8301,45.78984,8.72793,29679.9,6.4,13.0,277.0,-43.6,0.8,-1.0,RS41-SG,404.900,9.3,250,9,2.6,,
2026-08-03T12:52:32.005Z,X1413627,8302,45.78985,8.72776,29685.9,5.6,13.1,273.2,-43.5,0.8,-1.0,RS41-SG,404.900,9.3,250,9,2.6,,
2026-08-03T12:52:33.005Z,X1413627,8303,45.78985,8.72760,29691.5,5.8,12.5,269.3,-43.5,0.8,-1.0,RS41-SG,404.900,9.1,250,9,2.7,,
2026-08-03T12:52:34.005Z,X1413627,8304,45.78984,8.72745,29697.6,6.4,11.4,266.0,-43.4,0.8,-1.0,RS41-SG,404.900,9.1,250,9,2.7,,
2026-08-03T12:52:35.005Z,X1413627,8305,45.78984,8.72731,29703.7,5.6,10.4,264.4,-43.4,0.7,-1.0,RS41-SG,404.900,9.1,250,10,2.7,,
2026-08-03T12:52:36.005Z,X1413627,8306,45.78983,8.72718,29709.4,5.6,10.2,265.6,-43.4,0.8,-1.0,RS41-SG,404.900,8.4,250,10,2.6,,
2026-08-03T12:52:37.005Z,X1413627,8307,45.78982,8.72704,29715.2,6.4,10.7,269.9,-43.3,0.8,-1.0,RS41-SG,404.900,8.3,250,10,2.6,,
2026-08-03T12:52:38.005Z,X1413627,8308,45.78983,8.72690,29722.0,7.1,12.1,275.4,-43.3,0.8,-1.0,RS41-SG,404.900,8.1,250,10,2.6,,
2026-08-03T12:52:39.005Z,X1413627,8309,45.78984,8.72673,29728.2,5.4,13.4,279.4,-43.3,0.8,-1.0,RS41-SG,404.900,8.1,250,10,2.7,,
2026-08-03T12:52:40.005Z,X1413627,8310,45.78987,8.72656,29733.3,4.9,14.4,283.8,-43.3,0.8,-1.0,RS41-SG,404.900,8.0,250,10,2.7,,
2026-08-03T12:52:41.005Z,X1413627,8311,45.78991,8.72638,29738.4,5.4,14.7,288.2,-43.3,0.8,-1.0,RS41-SG,404.900,8.9,250,10,2.7,,
2026-08-03T12:52:42.005Z,X1413627,8312,45.78995,8.72621,29744.1,6.1,14.3,292.5,-43.4,0.8,-1.0,RS41-SG,404.900,8.9,250,10,2.6,,
2026-08-03T12:52:43.005Z,X1413627,8313,45.79000,8.72605,29750.1,6.1,13.1,295.8,-43.6,0.8,-1.0,RS41-SG,404.900,8.9,250,10,2.6,,
2026-08-03T12:52:44.005Z,X1413627,8314,45.79005,8.72590,29755.8,5.3,12.2,297.2,-43.7,0.8,-1.0,RS41-SG,404.900,9.4,250,10,2.6,,
2026-08-03T12:52:45.005Z,X1413627,8315,45.79010,8.72577,29760.7,4.5,11.6,296.6,-43.7,0.8,-1.0,RS41-SG,404.900,9.4,250,10,2.7,,
2026-08-03T12:52:46.005Z,X1413627,8316,45.79014,8.72563,29765.6,5.5,11.8,293.6,-43.7,0.8,-1.0,RS41-SG,404.900,8.7,250,10,2.7,,
2026-08-03T12:52:47.005Z,X1413627,8317,45.79018,8.72548,29771.7,6.6,12.9,289.3,-43.7,0.8,-1.0,RS41-SG,404.900,9.1,250,10,2.7,,
2026-08-03T12:52:48.005Z,X1413627,8318,45.79022,8.72532,29777.8,5.7,14.1,285.9,-43.6,0.8,-1.0,RS41-SG,404.900,9.3,250,10,2.6,,
2026-08-03T12:52:49.005Z,X1413627,8319,45.79025,8.72514,29783.0,4.6,14.9,283.9,-43.6,0.8,-1.0,RS41-SG,404.900,9.3,250,10,2.6,,
2026-08-03T12:52:51.005Z,X1413627,8321,45.79031,8.72476,29793.4,6.3,14.6,282.0,-43.5,0.8,-1.0,RS41-SG,404.900,8.7,250,10,2.7,,
2026-08-03T12:52:52.005Z,X1413627,8322,45.79034,8.72459,29799.8,6.5,13.4,283.3,-43.6,0.8,-1.0,RS41-SG,404.900,8.7,250,10,2.7,,
2026-08-03T12:52:53.005Z,X1413627,8323,45.79037,8.72443,29805.7,5.4,12.6,287.2,-43.6,0.8,-1.0,RS41-SG,404.900,8.5,250,10,2.7,,
2026-08-03T12:52:54.005Z,X1413627,8324,45.79041,8.72428,29810.9,5.1,12.4,293.3,-43.5,0.8,-1.0,RS41-SG,404.900,9.5,250,10,2.6,,
2026-08-03T12:52:55.005Z,X1413627,8325,45.79046,8.72413,29816.1,5.1,13.1,299.2,-43.5,0.8,-1.0,RS41-SG,404.900,9.5,250,10,2.6,,
2026-08-03T12:52:56.005Z,X1413627,8326,45.79052,8.72398,29821.6,5.9,14.6,302.4,-43.5,0.8,-1.0,RS41-SG,404.900,9.2,250,10,2.6,,
2026-08-03T12:52:57.005Z,X1413627,8327,45.79060,8.72382,29827.4,5.8,15.8,303.7,-43.6,0.8,-1.0,RS41-SG,404.900,8.9,250,10,2.7,,
2026-08-03T12:52:58.005Z,X1413627,8328,45.79068,8.72365,29832.9,5.1,16.4,303.2,-43.6,0.8,-1.0,RS41-SG,404.900,8.8,250,10,2.7,,
2026-08-03T12:52:59.005Z,X1413627,8329,45.79075,8.72347,29838.3,5.7,15.9,301.3,-43.6,0.8,-1.0,RS41-SG,404.900,8.3,250,10,2.7,,
2026-08-03T12:53:00.005Z,X1413627,8330,45.79082,8.72330,29844.5,6.7,14.4,298.6,-43.5,0.8,-1.0,RS41-SG,404.900,8.3,250,10,2.6,,
2026-08-03T12:53:01.005Z,X1413627,8331,45.79088,8.72315,29850.9,6.2,12.5,293.6,-43.5,0.8,-1.0,RS41-SG,404.900,8.3,250,10,2.6,,
2026-08-03T12:53:02.005Z,X1413627,8332,45.79091,8.72301,29856.3,4.6,10.8,288.3,-43.4,0.8,-1.0,RS41-SG,404.900,8.5,250,10,2.6,,
2026-08-03T12:53:03.005Z,X1413627,8333,45.79094,8.72288,29860.9,4.7,9.9,281.5,-43.4,0.7,-1.0,RS41-SG,404.900,9.3,250,10,2.7,,
2026-08-03T12:53:04.005Z,X1413627,8334,45.79095,8.72275,29866.3,6.1,10.1,278.3,-43.4,0.8,-1.0,RS41-SG,404.900,9.3,250,10,2.7,,
2026-08-03T12:53:05.005Z,X1413627,8335,45.79097,8.72262,29872.7,6.9,11.2,279.1,-43.4,0.8,-1.0,RS41-SG,404.900,10.3,250,10,2.7,,
2026-08-03T12:53:06.005Z,X1413627,8336,45.79099,8.72247,29878.8,5.4,12.2,282.9,-43.5,0.8,-1.0,RS41-SG,404.900,10.3,250,10,2.6,,
2026-08-03T12:53:07.005Z,X1413627,8337,45.79102,8.72232,29884.2,5.3,13.0,286.5,-43.5,0.8,-1.0,RS41-SG,404.900,10.0,250,10,2.6,,
2026-08-03T12:53:08.005Z,X1413627,8338,45.79106,8.72216,29889.8,5.7,13.3,292.2,-43.6,0.8,-1.0,RS41-SG,404.900,10.0,250,10,2.6,,
2026-08-03T12:53:09.005Z,X1413627,8339,45.79111,8.72200,29895.8,6.4,13.1,297.7,-43.7,0.8,-1.0,RS41-SG,404.900,9.5,250,10,2.7,,
2026-08-03T12:53:10.005Z,X1413627,8340,45.79116,8.72186,29901.6,5.3,12.9,301.8,-43.6,0.8,-1.0,RS41-SG,404.900,10.1,250,10,2.7,,
2026-08-03T12:53:11.005Z,X1413627,8341,45.79123,8.72172,29906.8,5.0,12.9,304.5,-43.6,0.8,-1.0,RS41-SG,404.900,10.1,250,10,2.7,,
2026-08-03T12:53:12.005Z,X1413627,8342,45.79129,8.72158,29912.1,5.6,13.4,304.9,-43.7,0.8,-1.0,RS41-SG,404.900,9.6,250,10,2.6,,
2026-08-03T12:53:13.005Z,X1413627,8343,45.79136,8.72144,29917.9,6.1,14.1,302.1,-43.7,0.8,-1.0,RS41-SG,404.900,9.2,250,10,2.6,,
2026-08-03T12:53:14.005Z,X1413627,8344,45.79142,8.72128,29923.8,5.8,14.6,297.7,-43.8,0.8,-1.0,RS41-SG,404.900,9.4,250,10,2.6,,
2026-08-03T12:53:15.005Z,X1413627,8345,45.79148,8.72111,29929.5,5.4,14.3,291.8,-43.8,0.8,-1.0,RS41-SG,404.900,9.4,250,10,2.7,,
2026-08-03T12:53:16.005Z,X1413627,8346,45.79152,8.72094,29934.9,5.5,13.3,284.4,-43.7,0.8,-1.0,RS41-SG,404.900,9.9,250,10,2.7,,
2026-08-03T12:53:17.005Z,X1413627,8347,45.79154,8.72079,29940.6,5.8,11.7,276.4,-43.7,0.8,-1.0,RS41-SG,404.900,9.9,250,10,2.7,,
2026-08-03T12:53:18.005Z,X1413627,8348,45.79154,8.72065,29946.2,5.4,10.1,269.7,-43.7,0.8,-1.0,RS41-SG,404.900,9.9,250,10,2.6,,
2026-08-03T12:53:19.005Z,X1413627,8349,45.79154,8.72053,29951.3,4.7,8.8,267.9,-43.5,0.8,-1.0,RS41-SG,404.900,9.1,250,10,2.6,,
2026-08-03T12:53:20.005Z,X1413627,8350,45.79154,8.72042,29956.2,5.2,8.0,270.5,-43.4,0.8,-1.0,RS41-SG,404.900,8.8,250,10,2.6,,
2026-08-03T12:53:22.005Z,X1413627,8352,45.79157,8.72021,29968.3,6.4,9.6,291.4,-43.3,0.7,-1.0,RS41-SG,404.900,8.7,250,10,2.7,,
2026-08-03T12:53:23.005Z,X1413627,8353,45.79161,8.72009,29973.8,4.8,11.0,297.4,-43.2,0.7,-1.0,RS41-SG,404.900,7.9,250,10,2.7,,
2026-08-03T12:53:24.005Z,X1413627,8354,45.79166,8.71996,29978.2,4.0,12.0,301.0,-43.2,0.8,-1.0,RS41-SG,404.900,7.4,250,10,2.6,,
2026-08-03T12:53:25.005Z,X1413627,8355,45.79172,8.71983,29982.7,4.9,12.2,302.2,-43.2,0.7,-1.0,RS41-SG,404.900,8.2,250,10,2.6,,
2026-08-03T12:53:26.005Z,X1413627,8356,45.79177,8.71970,29988.1,5.9,11.3,300.7,-43.2,0.7,-1.0,RS41-SG,404.900,8.3,250,10,2.6,,
2026-08-03T12:53:27.005Z,X1413627,8357,45.79182,8.71958,29994.2,6.3,9.9,297.5,-43.2,0.8,-1.0,RS41-SG,404.900,9.1,250,10,2.7,,
2026-08-03T12:53:28.005Z,X1413627,8358,45.79185,8.71947,29999.8,5.0,9.0,292.7,-43.1,0.7,-1.0,RS41-SG,404.900,9.2,250,10,2.7,,
2026-08-03T12:53:29.005Z,X1413627,8359,45.79188,8.71937,30004.6,4.6,8.5,287.2,-43.0,0.7,-1.0,RS41-SG,404.900,9.6,250,10,2.7,,
2026-08-03T12:53:30.005Z,X1413627,8360,45.79190,8.71926,30009.3,4.8,8.9,282.3,-42.9,0.7,-1.0,RS41-SG,404.900,9.8,250,9,2.6,,
2026-08-03T12:53:31.005Z,X1413627,8361,45.79192,8.71914,30014.8,6.2,9.9,280.8,-43.0,0.7,-1.0,RS41-SG,404.900,9.8,250,10,2.6,,
2026-08-03T12:53:33.005Z,X1413627,8363,45.79196,8.71887,30026.4,5.1,11.4,286.3,-43.0,0.7,-1.0,RS41-SG,404.900,9.0,250,10,2.7,,
2026-08-03T12:53:34.005Z,X1413627,8364,45.79199,8.71874,30031.7,5.6,11.1,292.0,-42.9,0.7,-1.0,RS41-SG,404.900,9.0,250,10,2.7,,
2026-08-03T12:53:35.005Z,X1413627,8365,45.79203,8.71861,30037.6,6.3,10.0,296.5,-42.9,0.7,-1.0,RS41-SG,404.900,8.7,250,10,2.7,,
2026-08-03T12:53:36.005Z,X1413627,8366,45.79207,8.71851,30043.5,5.5,8.7,300.6,-42.8,0.7,-1.0,RS41-SG,404.900,8.7,250,10,2.6,,
2026-08-03T12:53:37.005Z,X1413627,8367,45.79211,8.71842,30048.6,4.4,7.8,303.9,-42.7,0.7,-1.0,RS41-SG,404.900,9.0,250,10,2.6,,
2026-08-03T12:53:38.005Z,X1413627,8368,45.79215,8.71834,30053.4,5.1,7.4,304.6,-42.6,0.8,-1.0,RS41-SG,404.900,9.3,250,10,2.6,,
2026-08-03T12:53:39.005Z,X1413627,8369,45.79219,8.71826,30059.0,6.2,7.9,300.3,-42.6,0.7,-1.0,RS41-SG,404.900,9.3,250,10,2.7,,
2026-08-03T12:53:40.005Z,X1413627,8370,45.79222,8.71816,30065.0,5.9,8.8,292.9,-42.7,0.7,-1.0,RS41-SG,404.900,9.2,250,10,2.7,,
2026-08-03T12:53:41.005Z,X1413627,8371,45.79225,8.71805,30070.7,5.3,9.6,285.8,-42.7,0.8,-1.0,RS41-SG,404.900,9.2,250,10,2.7,,
2026-08-03T12:53:42.005Z,X1413627,8372,45.79226,8.71793,30076.1,5.6,10.1,278.2,-42.7,0.7,-1.0,RS41-SG,404.900,9.2,250,10,2.6,,
2026-08-03T12:53:43.005Z,X1413627,8373,45.79227,8.71780,30082.0,6.1,10.1,270.4,-42.7,0.7,-1.0,RS41-SG,404.900,9.0,250,10,2.6,,
2026-08-03T12:53:44.005Z,X1413627,8374,45.79227,8.71767,30087.6,5.1,10.0,264.2,-42.7,0.7,-1.0,RS41-SG,404.900,9.7,250,10,2.6,,
2026-08-03T12:53:45.005Z,X1413627,8375,45.79225,8.71755,30092.5,4.7,9.9,259.5,-42.7,0.7,-1.0,RS41-SG,404.900,9.8,250,10,2.7,,
2026-08-03T12:53:46.005Z,X1413627,8376,45.79224,8.71742,30097.6,5.5,10.3,259.4,-42.7,0.8,-1.0,RS41-SG,404.900,9.8,250,10,2.7,,
2026-08-03T12:53:47.005Z,X1413627,8377,45.79222,8.71728,30103.5,6.4,10.7,264.0,-42.7,0.7,-1.0,RS41-SG,404.900,9.5,250,10,2.7,,
2026-08-03T12:53:49.005Z,X1413627,8379,45.79222,8.71701,30114.3,5.5,10.4,273.0,-42.6,0.7,-1.0,RS41-SG,404.900,8.0,250,10,2.6,,
2026-08-03T12:53:50.005Z,X1413627,8380,45.79223,8.71689,30120.4,6.3,9.2,277.5,-42.5,0.7,-1.0,RS41-SG,404.900,9.2,250,10,2.6,,
2026-08-03T12:53:51.005Z,X1413627,8381,45.79224,8.71678,30126.4,5.5,7.7,281.3,-42.5,0.7,-1.0,RS41-SG,404.900,9.2,250,10,2.7,,
2026-08-03T12:53:52.005Z,X1413627,8382,45.79225,8.71669,30131.4,4.5,6.7,286.2,-42.5,0.7,-1.0,RS41-SG,404.900,9.2,250,10,2.7,,
2026-08-03T12:53:53.005Z,X1413627,8383,45.79227,8.71661,30136.2,5.1,6.4,289.6,-42.3,0.7,-1.0,RS41-SG,404.900,8.4,250,10,2.7,,
2026-08-03T12:53:54.005Z,X1413627,8384,45.79229,8.71653,30141.6,5.5,7.1,288.6,-42.2,0.7,-1.0,RS41-SG,404.900,8.4,250,10,2.6,,
2026-08-03T12:53:55.005Z,X1413627,8385,45.79231,8.71643,30147.4,6.1,8.4,285.9,-42.1,0.7,-1.0,RS41-SG,404.900,8.7,250,10,2.6,,
2026-08-03T12:53:56.005Z,X1413627,8386,45.79233,8.71632,30153.3,5.6,9.5,281.6,-42.1,0.7,-1.0,RS41-SG,404.900,8.8,250,10,2.6,,
2026-08-03T12:53:57.005Z,X1413627,8387,45.79235,8.71620,30158.4,4.6,10.0,277.4,-42.0,0.7,-1.0,RS41-SG,404.900,8.8,250,10,2.7,,
2026-08-03T12:53:58.005Z,X1413627,8388,45.79235,8.71607,30163.0,4.7,9.9,271.1,-41.9,0.7,-1.0,RS41-SG,404.900,8.1,250,10,2.7,,
2026-08-03T12:53:59.005Z,X1413627,8389,45.79235,8.71595,30168.0,5.3,9.3,263.3,-41.9,0.7,-1.0,RS41-SG,404.900,8.9,250,10,2.7,,
2026-08-03T12:54:01.005Z,X1413627,8391,45.79231,8.71574,30179.1,5.5,7.6,245.4,-41.8,0.7,-1.0,RS41-SG,404.900,8.4,250,10,2.6,,
2026-08-03T12:54:02.005Z,X1413627,8392,45.79228,8.71566,30184.1,4.4,7.1,240.7,-41.8,0.7,-1.0,RS41-SG,404.900,9.0,250,10,2.6,,
2026-08-03T12:54:03.005Z,X1413627,8393,45.79225,8.71558,30188.6,4.7,7.1,245.5,-41.6,0.7,-1.0,RS41-SG,404.900,9.2,250,10,2.7,,
2026-08-03T12:54:04.005Z,X1413627,8394,45.79223,8.71548,30193.6,5.2,8.0,256.2,-41.6,0.7,-1.0,RS41-SG,404.900,9.3,250,10,2.7,,
2026-08-03T12:54:05.005Z,X1413627,8395,45.79221,8.71537,30199.0,5.6,9.7,265.1,-41.6,0.7,-1.0,RS41-SG,404.900,9.3,250,10,2.7,,
2026-08-03T12:54:06.005Z,X1413627,8396,45.79221,8.71524,30204.1,4.6,11.5,269.2,-41.5,0.7,-1.0,RS41-SG,404.900,8.6,250,10,2.6,,
2026-08-03T12:54:07.005Z,X1413627,8397,45.79221,8.71508,30208.5,3.9,12.8,270.7,-41.4,0.7,-1.0,RS41-SG,404.900,8.9,250,10,2.6,,
2026-08-03T12:54:08.005Z,X1413627,8398,45.79221,8.71492,30212.9,4.8,13.0,270.2,-41.5,0.7,-1.0,RS41-SG,404.900,8.9,250,10,2.6,,
2026-08-03T12:54:09.005Z,X1413627,8399,45.79221,8.71476,30218.2,5.9,12.1,268.1,-41.4,0.7,-1.0,RS41-SG,404.900,8.4,250,10,2.7,,
2026-08-03T12:54:10.005Z,X1413627,8400,45.79220,8.71461,30224.1,6.0,10.6,263.8,-41.4,0.7,-1.0,RS41-SG,404.900,8.5,250,10,2.7,,
2026-08-03T12:54:11.005Z,X1413627,8401,45.79219,8.71448,30229.4,4.4,9.3,260.8,-41.3,0.7,-1.0,RS41-SG,404.900,9.0,250,10,2.7,,
2026-08-03T12:54:12.005Z,X1413627,8402,45.79218,8.71437,30233.5,3.8,8.2,260.2,-41.4,0.7,-1.0,RS41-SG,404.900,9.0,250,10,2.6,,
2026-08-03T12:54:13.005Z,X1413627,8403,45.79217,8.71427,30237.9,5.1,7.7,263.7,-41.3,0.7,-1.0,RS41-SG,404.900,8.6,250,10,2.6,,
2026-08-03T12:54:14.005Z,X1413627,8404,45.79217,8.71417,30243.7,6.2,8.5,271.0,-41.3,0.7,-1.0,RS41-SG,404.900,9.1,250,10,2.6,,
2026-08-03T12:54:15.005Z,X1413627,8405,45.79217,8.71405,30249.6,5.4,9.6,276.4,-41.3,0.7,-1.0,RS41-SG,404.900,9.1,250,10,2.7,,
2026-08-03T12:54:16.005Z,X1413627,8406,45.79218,8.71393,30254.5,4.6,10.7,279.3,-41.3,0.7,-1.0,RS41-SG,404.900,7.9,250,10,2.7,,
2026-08-03T12:54:17.005Z,X1413627,8407,45.79220,8.71379,30259.1,4.5,11.5,280.1,-41.2,0.7,-1.0,RS41-SG,404.900,8.7,250,10,2.7,,
2026-08-03T12:54:18.005Z,X1413627,8408,45.79222,8.71364,30263.7,4.9,11.6,279.3,-41.2,0.7,-1.0,RS41-SG,404.900,8.7,250,10,2.6,,
2026-08-03T12:54:19.005Z,X1413627,8409,45.79223,8.71350,30269.0,5.6,11.3,277.6,-41.3,0.7,-1.0,RS41-SG,404.900,8.5,250,10,2.6,,
2026-08-03T12:54:20.005Z,X1413627,8410,45.79224,8.71335,30274.7,5.9,10.9,274.2,-41.2,0.7,-1.0,RS41-SG,404.900,8.5,250,10,2.6,,
2026-08-03T12:54:21.005Z,X1413627,8411,45.79225,8.71322,30280.4,5.2,10.8,270.7,-41.1,0.7,-1.0,RS41-SG,404.900,9.4,250,10,2.7,,
2026-08-03T12:54:22.005Z,X1413627,8412,45.79225,8.71307,30285.2,4.4,11.3,269.6,-41.1,0.7,-1.0,RS41-SG,404.900,9.4,250,10,2.7,,
2026-08-03T12:54:23.005Z,X1413627,8413,45.79225,8.71292,30289.7,4.8,12.4,269.1,-41.1,0.7,-1.0,RS41-SG,404.900,9.3,250,10,2.7,,
2026-08-03T12:54:24.005Z,X1413627,8414,45.79225,8.71275,30295.0,5.6,14.0,270.2,-41.1,0.7,-1.0,RS41-SG,404.900,9.2,250,10,2.6,,
2026-08-03T12:54:25.005Z,X1413627,8415,45.79225,8.71257,30300.5,5.2,15.5,271.4,-41.1,0.7,-1.0,RS41-SG,404.900,9.2,250,10,2.6,,
2026-08-03T12:54:26.005Z,X1413627,8416,45.79225,8.71236,30305.4,4.4,16.1,272.8,-41.1,0.7,-1.0,RS41-SG,404.900,8.3,250,10,2.6,,
2026-08-03T12:54:27.005Z,X1413627,8417,45.79226,8.71216,30310.1,4.9,15.7,273.2,-41.0,0.7,-1.0,RS41-SG,404.900,7.8,250,10,2.7,,
2026-08-03T12:54:30.005Z,X1413627,8420,45.79228,8.71166,30327.1,5.5,10.2,271.5,-41.1,0.7,-1.0,RS41-SG,404.900,7.8,250,10,2.6,,
2026-08-03T12:54:31.005Z,X1413627,8421,45.79228,8.71153,30332.1,4.5,8.8,272.7,-41.0,0.7,-1.0,RS41-SG,404.900,8.7,250,10,2.6,,
2026-08-03T12:54:32.005Z,X1413627,8422,45.79229,8.71142,30336.9,4.8,8.5,277.9,-40.9,0.7,-1.0,RS41-SG,404.900,8.7,250,10,2.6,,
2026-08-03T12:54:33.005Z,X1413627,8423,45.79230,8.71131,30342.3,6.1,9.3,284.0,-41.1,0.7,-1.0,RS41-SG,404.900,8.6,250,10,2.7,,
2026-08-03T12:54:34.005Z,X1413627,8424,45.79233,8.71119,30348.3,5.9,11.0,285.8,-41.0,0.7,-1.0,RS41-SG,404.900,8.7,250,10,2.7,,
2026-08-03T12:54:35.005Z,X1413627,8425,45.79235,8.71104,30353.5,4.5,12.6,285.1,-40.9,0.7,-1.0,RS41-SG,404.900,8.7,250,10,2.7,,
2026-08-03T12:54:36.005Z,X1413627,8426,45.79238,8.71088,30358.3,4.9,13.8,281.9,-41.0,0.7,-1.0,RS41-SG,404.900,8.6,250,10,2.6,,
2026-08-03T12:54:37.005Z,X1413627,8427,45.79240,8.71070,30364.0,6.2,14.3,276.5,-41.0,0.7,-1.0,RS41-SG,404.900,8.3,250,10,2.6,,
2026-08-03T12:54:38.005Z,X1413627,8428,45.79241,8.71052,30369.8,5.4,14.2,270.8,-40.9,0.7,-1.0,RS41-SG,404.900,8.1,250,10,2.6,,
2026-08-03T12:54:39.005Z,X1413627,8429,45.79241,8.71034,30374.7,4.3,14.1,265.8,-40.9,0.7,-1.0,RS41-SG,404.900,8.1,250,10,2.7,,
2026-08-03T12:54:40.005Z,X1413627,8430,45.79239,8.71016,30379.6,5.3,14.0,262.8,-40.9,0.7,-1.0,RS41-SG,404.900,7.9,250,10,2.7,,
2026-08-03T12:54:42.005Z,X1413627,8432,45.79237,8.70980,30391.4,5.8,13.9,267.1,-40.9,0.7,-1.0,RS41-SG,404.900,7.3,250,10,2.6,,
2026-08-03T12:54:43.005Z,X1413627,8433,45.79237,8.70963,30396.7,4.7,13.3,270.9,-40.8,0.7,-1.0,RS41-SG,404.900,7.4,250,10,2.6,,
2026-08-03T12:54:45.005Z,X1413627,8435,45.79239,8.70932,30406.7,5.4,10.4,281.0,-40.8,0.7,-1.0,RS41-SG,404.900,6.7,250,10,2.7,,
2026-08-03T12:54:47.005Z,X1413627,8437,45.79243,8.70910,30417.4,4.6,8.4,289.3,-40.7,0.7,-1.0,RS41-SG,404.900,7.4,250,10,2.7,,
2026-08-03T12:54:49.005Z,X1413627,8439,45.79248,8.70888,30427.4,5.6,10.3,289.3,-40.7,0.7,-1.0,RS41-SG,404.900,7.7,250,10,2.6,,
2026-08-03T12:54:50.005Z,X1413627,8440,45.79252,8.70874,30433.3,6.0,12.6,286.6,-40.7,0.7,-1.0,RS41-SG,404.900,7.7,250,10,2.6,,
2026-08-03T12:54:55.005Z,X1413627,8445,45.79263,8.70774,30459.6,6.3,14.9,271.4,-40.7,0.7,-1.0,RS41-SG,404.900,6.9,250,10,2.6,,
2026-08-03T12:54:58.005Z,X1413627,8448,45.79263,8.70727,30475.1,4.5,10.2,272.6,-40.6,0.7,-1.0,RS41-SG,404.900,6.7,250,10,2.7,,
2026-08-03T12:54:59.005Z,X1413627,8449,45.79264,8.70714,30480.2,5.6,10.2,280.5,-40.5,0.7,-1.0,RS41-SG,404.900,7.0,250,10,2.7,,
2026-08-03T12:55:04.005Z,X1413627,8454,45.79278,8.70635,30506.7,5.8,13.9,276.0,-40.3,0.7,-1.0,RS41-SG,404.900,7.4,250,10,2.7,,
2026-08-03T12:55:07.005Z,X1413627,8457,45.79276,8.70583,30521.8,4.5,13.8,259.4,-40.1,0.7,-1.0,RS41-SG,404.900,7.3,250,10,2.6,,
2026-08-03T12:55:08.005Z,X1413627,8458,45.79274,8.70565,30526.8,5.4,14.2,258.9,-40.1,0.6,-1.0,RS41-SG,404.900,7.6,250,10,2.6,,
2026-08-03T12:55:14.005Z,X1413627,8464,45.79273,8.70466,30560.4,5.4,8.8,283.1,-40.1,0.7,-1.0,RS41-SG,404.900,6.5,250,10,2.6,,
2026-08-03T12:55:21.005Z,X1413627,8471,45.79276,8.70368,30598.7,5.3,16.0,261.8,-40.0,0.6,-1.0,RS41-SG,404.900,6.9,250,10,2.7,,
2026-08-03T12:55:24.005Z,X1413627,8474,45.79267,8.70311,30615.3,4.8,13.9,255.2,-40.1,0.7,-1.0,RS41-SG,404.900,7.2,250,10,2.6,,
2026-08-03T12:55:26.005Z,X1413627,8476,45.79262,8.70279,30625.8,5.7,12.3,262.9,-40.1,0.6,-1.0,RS41-SG,404.900,7.2,250,10,2.6,,
2026-08-03T12:55:27.005Z,X1413627,8477,45.79261,8.70263,30631.7,5.8,12.2,268.9,-40.0,0.6,-1.0,RS41-SG,404.900,7.2,250,10,2.7,,
2026-08-03T12:55:28.005Z,X1413627,8478,45.79262,8.70248,30637.0,4.7,12.3,272.5,-40.0,0.7,-1.0,RS41-SG,404.900,7.2,250,10,2.7,,
2026-08-03T12:55:29.005Z,X1413627,8479,45.79262,8.70232,30641.6,4.6,12.2,273.5,-40.1,0.7,-1.0,RS41-SG,404.900,7.2,250,10,2.7,,
2026-08-03T12:55:30.005Z,X1413627,8480,45.79263,8.70217,30646.6,5.4,11.4,271.5,-40.1,0.7,-1.0,RS41-SG,404.900,6.9,250,10,2.6,,
2026-08-03T12:55:31.005Z,X1413627,8481,45.79262,8.70203,30652.3,6.1,10.6,265.5,-40.0,0.7,-1.0,RS41-SG,404.900,7.1,250,10,2.6,,
2026-08-03T12:55:34.005Z,X1413627,8484,45.79256,8.70164,30669.0,5.3,11.3,250.9,-39.9,0.7,-1.0,RS41-SG,404.900,6.7,250,10,2.7,,
2026-08-03T12:55:36.005Z,X1413627,8486,45.79249,8.70132,30680.6,5.7,14.6,255.4,-40.0,0.6,-1.0,RS41-SG,404.900,7.9,250,10,2.6,,
2026-08-03T12:55:37.005Z,X1413627,8487,45.79246,8.70113,30685.9,5.0,15.6,258.5,-40.0,0.7,-1.0,RS41-SG,404.900,7.9,250,10,2.6,,
2026-08-03T12:55:40.005Z,X1413627,8490,45.79240,8.70058,30703.0,6.2,12.3,260.6,-39.8,0.6,-1.0,RS41-SG,404.900,6.9,250,10,2.7,,
2026-08-03T12:55:41.005Z,X1413627,8491,45.79238,8.70044,30709.4,6.3,10.3,258.1,-39.7,0.6,-1.0,RS41-SG,404.900,7.4,250,10,2.7,,
2026-08-03T12:55:43.005Z,X1413627,8493,45.79234,8.70021,30719.5,4.7,8.3,254.9,-39.7,0.6,-1.0,RS41-SG,404.900,6.9,250,10,2.6,,
2026-08-03T12:55:44.005Z,X1413627,8494,45.79232,8.70011,30724.8,5.9,8.6,256.9,-39.7,0.6,-1.0,RS41-SG,404.900,7.3,250,10,2.6,,
2026-08-03T12:55:45.005Z,X1413627,8495,45.79231,8.69999,30731.1,6.7,9.8,261.3,-39.6,0.6,-1.0,RS41-SG,404.900,7.4,250,10,2.7,,
2026-08-03T12:55:46.005Z,X1413627,8496,45.79230,8.69986,30737.1,5.3,11.2,264.0,-39.5,0.6,-1.0,RS41-SG,404.900,7.8,250,10,2.7,,
2026-08-03T12:55:47.005Z,X1413627,8497,45.79228,8.69971,30742.2,4.6,12.6,263.5,-39.6,0.7,-1.0,RS41-SG,404.900,7.8,250,10,2.7,,
2026-08-03T12:55:48.005Z,X1413627,8498,45.79227,8.69954,30747.2,5.3,13.6,260.3,-39.6,0.7,-1.0,RS41-SG,404.900,7.9,250,10,2.6,,
2026-08-03T12:55:49.005Z,X1413627,8499,45.79224,8.69937,30752.9,6.1,13.9,254.9,-39.6,0.6,-1.0,RS41-SG,404.900,7.9,250,10,2.6,,
2026-08-03T12:55:50.005Z,X1413627,8500,45.79220,8.69920,30758.9,6.0,13.9,249.2,-39.6,0.7,-1.0,RS41-SG,404.900,7.6,250,10,2.6,,
2026-08-03T12:55:51.005Z,X1413627,8501,45.79216,8.69904,30764.7,5.4,13.5,246.2,-39.6,0.7,-1.0,RS41-SG,404.900,7.5,250,10,2.7,,
2026-08-03T12:55:52.005Z,X1413627,8502,45.79211,8.69888,30770.5,6.2,12.8,247.9,-39.5,0.7,-1.0,RS41-SG,404.900,7.5,250,10,2.7,,
2026-08-03T12:55:53.005Z,X1413627,8503,45.79207,8.69873,30777.0,6.8,12.1,254.3,-39.5,0.6,-1.0,RS41-SG,404.900,7.7,250,10,2.7,,
2026-08-03T12:55:54.005Z,X1413627,8504,45.79205,8.69858,30783.6,6.3,11.7,263.0,-39.6,0.6,-1.0,RS41-SG,404.900,8.1,250,10,2.6,,
2026-08-03T12:55:56.005Z,X1413627,8506,45.79206,8.69829,30794.1,4.7,11.1,278.5,-39.7,0.7,-1.0,RS41-SG,404.900,7.6,250,10,2.6,,
2026-08-03T12:55:57.005Z,X1413627,8507,45.79207,8.69815,30799.1,5.4,10.8,282.2,-39.8,0.7,-1.0,RS41-SG,404.900,7.6,250,10,2.7,,
2026-08-03T12:55:58.005Z,X1413627,8508,45.79209,8.69802,30805.0,6.3,10.3,280.5,-39.7,0.6,-1.0,RS41-SG,404.900,7.5,250,10,2.7,,
2026-08-03T12:55:59.005Z,X1413627,8509,45.79210,8.69789,30811.3,6.3,10.2,275.1,-39.7,0.6,-1.0,RS41-SG,404.900,7.2,250,10,2.7,,
2026-08-03T12:56:00.005Z,X1413627,8510,45.79211,8.69776,30817.3,5.7,11.0,269.0,-39.6,0.6,-1.0,RS41-SG,404.900,7.9,250,10,2.6,,
2026-08-03T12:56:01.005Z,X1413627,8511,45.79210,8.69761,30822.8,5.4,12.7,264.1,-39.6,0.6,-1.0,RS41-SG,404.900,7.9,250,10,2.6,,
2026-08-03T12:56:02.005Z,X1413627,8512,45.79209,8.69743,30828.2,5.3,15.1,261.8,-39.5,0.6,-1.0,RS41-SG,404.900,7.7,250,10,2.6,,
2026-08-03T12:56:03.005Z,X1413627,8513,45.79207,8.69722,30833.7,5.7,17.4,262.2,-39.4,0.6,-1.0,RS41-SG,404.900,7.1,250,10,2.7,,
2026-08-03T12:56:04.005Z,X1413627,8514,45.79205,8.69699,30839.5,5.7,19.0,264.1,-39.4,0.7,-1.0,RS41-SG,404.900,7.5,250,10,2.7,,
2026-08-03T12:56:05.005Z,X1413627,8515,45.79203,8.69675,30845.4,5.9,19.1,267.3,-39.4,0.6,-1.0,RS41-SG,404.900,7.5,250,10,2.7,,
2026-08-03T12:56:09.005Z,X1413627,8519,45.79209,8.69597,30870.3,4.8,10.9,286.7,-39.5,0.6,-1.0,RS41-SG,404.900,8.4,250,10,2.7,,
2026-08-03T12:56:10.005Z,X1413627,8520,45.79212,8.69585,30874.9,4.3,9.6,290.5,-39.4,0.6,-1.0,RS41-SG,404.900,8.4,250,10,2.7,,
2026-08-03T12:56:11.005Z,X1413627,8521,45.79215,8.69573,30879.8,5.6,9.6,288.5,-39.4,0.6,-1.0,RS41-SG,404.900,8.3,250,10,2.7,,
2026-08-03T12:56:12.005Z,X1413627,8522,45.79217,8.69560,30886.1,7.0,11.2,280.2,-39.3,0.6,-1.0,RS41-SG,404.900,8.6,250,10,2.6,,
2026-08-03T12:56:13.005Z,X1413627,8523,45.79218,8.69544,30893.1,7.1,14.0,272.6,-39.4,0.6,-1.0,RS41-SG,404.900,8.6,250,9,2.6,,
2026-08-03T12:56:14.005Z,X1413627,8524,45.79218,8.69525,30899.5,5.4,16.3,267.7,-39.4,0.6,-1.0,RS41-SG,404.900,8.6,250,10,2.6,,
2026-08-03T12:56:15.005Z,X1413627,8525,45.79217,8.69503,30904.4,4.4,18.3,263.6,-39.4,0.6,-1.0,RS41-SG,404.900,8.6,250,10,2.7,,
2026-08-03T12:56:16.005Z,X1413627,8526,45.79214,8.69479,30909.3,5.2,19.5,259.9,-39.5,0.7,-1.0,RS41-SG,404.900,8.2,250,10,2.7,,
2026-08-03T12:56:17.005Z,X1413627,8527,45.79211,8.69454,30915.3,6.8,19.2,256.6,-39.5,0.6,-1.0,RS41-SG,404.900,8.2,250,10,2.7,,
2026-08-03T12:56:18.005Z,X1413627,8528,45.79207,8.69432,30922.0,6.7,17.8,254.1,-39.5,0.6,-1.0,RS41-SG,404.900,8.2,250,10,2.6,,
2026-08-03T12:56:21.005Z,X1413627,8531,45.79196,8.69375,30939.1,6.3,13.4,258.2,-39.6,0.6,-1.0,RS41-SG,404.900,7.0,250,10,2.7,,
2026-08-03T12:56:22.005Z,X1413627,8532,45.79194,8.69358,30945.6,6.7,13.1,264.3,-39.5,0.6,-1.0,RS41-SG,404.900,7.0,250,10,2.7,,
2026-08-03T12:56:23.005Z,X1413627,8533,45.79193,8.69341,30951.9,5.7,13.1,269.2,-39.5,0.6,-1.0,RS41-SG,404.900,7.6,250,10,2.7,,
2026-08-03T12:56:24.005Z,X1413627,8534,45.79193,8.69324,30957.7,5.8,13.1,272.8,-39.4,0.7,-1.0,RS41-SG,404.900,7.8,250,10,2.6,,
2026-08-03T12:56:25.005Z,X1413627,8535,45.79194,8.69308,30963.7,6.1,13.0,274.6,-39.5,0.7,-1.0,RS41-SG,404.900,7.8,250,10,2.6,,
2026-08-03T12:56:26.005Z,X1413627,8536,45.79195,8.69291,30970.2,6.9,12.6,275.2,-39.6,0.6,-1.0,RS41-SG,404.900,8.0,250,10,2.6,,
2026-08-03T12:56:27.005Z,X1413627,8537,45.79196,8.69275,30976.8,6.2,12.6,274.0,-39.7,0.6,-1.0,RS41-SG,404.900,8.6,250,10,2.7,,
2026-08-03T12:56:28.005Z,X1413627,8538,45.79196,8.69259,30982.8,5.8,13.2,271.7,-39.6,0.6,-1.0,RS41-SG,404.900,8.6,250,10,2.7,,
2026-08-03T12:56:29.005Z,X1413627,8539,45.79197,8.69241,30988.7,5.9,14.7,269.3,-39.6,0.6,-1.0,RS41-SG,404.900,8.1,250,10,2.7,,
2026-08-03T12:56:30.005Z,X1413627,8540,45.79196,8.69221,30994.9,6.3,16.6,267.9,-39.6,0.7,-1.0,RS41-SG,404.900,7.8,250,10,2.6,,
2026-08-03T12:56:31.005Z,X1413627,8541,45.79196,8.69199,31001.1,5.9,18.3,267.2,-39.6,0.7,-1.0,RS41-SG,404.900,7.4,250,10,2.6,,
2026-08-03T12:56:32.005Z,X1413627,8542,45.79195,8.69175,31006.8,5.4,19.2,267.8,-39.7,0.7,-1.0,RS41-SG,404.900,7.4,250,10,2.6,,
2026-08-03T12:56:36.005Z,X1413627,8546,45.79196,8.69089,31031.7,5.4,13.0,278.6,-39.8,0.7,-1.0,RS41-SG,404.900,6.6,250,10,2.6,,
2026-08-03T12:56:37.005Z,X1413627,8547,45.79199,8.69074,31037.0,5.2,11.8,283.0,-39.7,0.6,-1.0,RS41-SG,404.900,7.5,250,10,2.6,,
2026-08-03T12:56:38.005Z,X1413627,8548,45.79201,8.69059,31042.7,6.2,11.6,286.5,-39.6,0.7,-1.0,RS41-SG,404.900,8.4,250,10,2.6,,
2026-08-03T12:56:39.005Z,X1413627,8549,45.79204,8.69044,31049.6,7.4,12.7,285.4,-39.7,0.6,-1.0,RS41-SG,404.900,8.4,250,10,2.7,,
2026-08-03T12:56:40.005Z,X1413627,8550,45.79207,8.69027,31056.5,6.3,14.3,283.0,-39.7,0.7,-1.0,RS41-SG,404.900,8.0,250,10,2.7,,
2026-08-03T12:56:41.005Z,X1413627,8551,45.79210,8.69009,31062.3,5.3,15.7,279.6,-39.8,0.6,-1.0,RS41-SG,404.900,7.4,250,10,2.7,,
2026-08-03T12:56:43.005Z,X1413627,8553,45.79213,8.68966,31073.7,6.5,17.1,273.3,-39.7,0.7,-1.0,RS41-SG,404.900,7.4,250,10,2.6,,
2026-08-03T12:56:44.005Z,X1413627,8554,45.79214,8.68945,31080.5,6.8,16.9,270.6,-39.7,0.7,-1.0,RS41-SG,404.900,7.4,250,10,2.6,,
2026-08-03T12:56:45.005Z,X1413627,8555,45.79214,8.68923,31086.6,5.4,16.6,268.9,-39.7,0.7,-1.0,RS41-SG,404.900,7.4,250,10,2.7,,
2026-08-03T12:56:47.005Z,X1413627,8557,45.79212,8.68881,31098.0,6.2,17.0,265.4,-39.7,0.7,-1.0,RS41-SG,404.900,7.2,250,10,2.7,,
2026-08-03T12:56:52.005Z,X1413627,8562,45.79209,8.68775,31129.6,6.6,13.7,274.2,-39.6,0.7,-1.0,RS41-SG,404.900,7.1,250,10,2.7,,
2026-08-03T12:56:53.005Z,X1413627,8563,45.79210,8.68759,31136.0,5.9,12.1,277.9,-39.7,0.7,-1.0,RS41-SG,404.900,7.1,250,10,2.7,,
2026-08-03T12:56:54.005Z,X1413627,8564,45.79212,8.68744,31141.7,5.4,11.2,279.7,-39.8,0.7,-1.0,RS41-SG,404.900,7.7,250,10,2.6,,
2026-08-03T12:56:56.005Z,X1413627,8566,45.79215,8.68714,31154.3,7.0,13.1,277.8,-39.9,0.7,-1.0,RS41-SG,404.900,7.5,250,10,2.6,,
2026-08-03T12:56:57.005Z,X1413627,8567,45.79217,8.68696,31161.2,6.9,15.4,274.7,-39.9,0.7,-1.0,RS41-SG,404.900,7.6,250,10,2.7,,
2026-08-03T12:56:58.005Z,X1413627,8568,45.79217,8.68675,31167.5,5.5,17.2,272.8,-39.8,0.7,-1.0,RS41-SG,404.900,7.6,250,10,2.7,,
2026-08-03T12:57:01.005Z,X1413627,8571,45.79217,8.68605,31183.9,6.9,17.7,267.2,-39.7,0.7,-1.0,RS41-SG,404.900,7.2,250,10,2.6,,
2026-08-03T12:57:02.005Z,X1413627,8572,45.79217,8.68584,31190.7,6.5,16.0,266.3,-39.7,0.7,-1.0,RS41-SG,404.900,7.2,250,10,2.6,,
2026-08-03T12:57:03.005Z,X1413627,8573,45.79216,8.68564,31196.8,5.5,14.3,266.4,-39.8,0.7,-1.0,RS41-SG,404.900,7.7,250,10,2.7,,
2026-08-03T12:57:09.005Z,X1413627,8579,45.79222,8.68460,31232.9,5.5,15.3,281.5,-39.9,0.7,-1.0,RS41-SG,404.900,7.6,250,10,2.7,,
2026-08-03T12:57:10.005Z,X1413627,8580,45.79224,8.68441,31238.6,6.0,15.2,283.3,-39.9,0.7,-1.0,RS41-SG,404.900,8.1,250,10,2.6,,
2026-08-03T12:57:11.005Z,X1413627,8581,45.79228,8.68422,31245.0,6.9,14.7,284.7,-39.9,0.7,-1.0,RS41-SG,404.900,8.1,250,10,2.6,,
2026-08-03T12:57:12.005Z,X1413627,8582,45.79231,8.68405,31251.6,6.1,14.1,285.7,-39.9,0.7,-1.0,RS41-SG,404.900,8.2,250,10,2.7,,
2026-08-03T12:57:14.005Z,X1413627,8584,45.79237,8.68370,31262.6,5.7,14.0,282.4,-39.9,0.7,-1.0,RS41-SG,404.900,7.2,250,10,2.6,,
2026-08-03T12:57:16.005Z,X1413627,8586,45.79242,8.68332,31274.7,5.8,16.1,277.4,-39.8,0.7,-1.0,RS41-SG,404.900,7.5,250,10,2.7,,
2026-08-03T12:57:21.005Z,X1413627,8591,45.79257,8.68234,31305.0,6.0,13.6,294.0,-39.7,0.6,-1.0,RS41-SG,404.900,8.5,250,10,2.7,,
2026-08-03T12:57:22.005Z,X1413627,8592,45.79262,8.68219,31310.6,5.4,12.9,297.9,-39.8,0.6,-1.0,RS41-SG,404.900,8.5,250,10,2.6,,
2026-08-03T12:57:23.005Z,X1413627,8593,45.79267,8.68204,31316.1,5.7,12.9,297.9,-39.9,0.7,-1.0,RS41-SG,404.900,8.4,250,10,2.6,,
2026-08-03T12:57:24.005Z,X1413627,8594,45.79273,8.68189,31322.3,6.7,13.6,294.3,-39.8,0.6,-1.0,RS41-SG,404.900,8.4,250,10,2.7,,
2026-08-03T12:57:25.005Z,X1413627,8595,45.79277,8.68172,31329.1,6.6,14.9,289.7,-39.8,0.7,-1.0,RS41-SG,404.900,8.4,250,10,2.7,,
2026-08-03T12:57:26.005Z,X1413627,8596,45.79282,8.68153,31334.8,4.7,16.1,286.9,-39.7,0.7,-1.0,RS41-SG,404.900,7.6,250,10,2.7,,
2026-08-03T12:57:27.005Z,X1413627,8597,45.79286,8.68133,31339.4,4.6,17.1,286.5,-39.7,0.6,-1.0,RS41-SG,404.900,7.6,250,9,2.6,,
2026-08-03T12:57:29.005Z,X1413627,8599,45.79296,8.68091,31350.6,6.5,17.1,292.5,-39.7,0.7,-1.0,RS41-SG,404.900,7.4,250,9,2.6,,
2026-08-03T12:57:30.005Z,X1413627,8600,45.79302,8.68071,31357.1,6.3,16.5,296.9,-39.8,0.7,-1.0,RS41-SG,404.900,7.9,250,10,2.7,,
2026-08-03T12:57:31.005Z,X1413627,8601,45.79309,8.68053,31363.0,5.4,15.9,300.5,-39.9,0.7,-1.0,RS41-SG,404.900,8.1,250,10,2.7,,
2026-08-03T12:57:32.005Z,X1413627,8602,45.79317,8.68036,31368.3,5.1,15.3,302.0,-40.0,0.7,-1.0,RS41-SG,404.900,8.1,250,10,2.7,,
2026-08-03T12:57:33.005Z,X1413627,8603,45.79324,8.68020,31373.8,5.9,14.9,300.7,-40.0,0.7,-1.0,RS41-SG,404.900,8.1,250,10,2.6,,
2026-08-03T12:57:34.005Z,X1413627,8604,45.79330,8.68003,31380.0,6.6,14.6,296.5,-39.9,0.7,-1.0,RS41-SG,404.900,8.1,250,10,2.6,,
2026-08-03T12:57:35.005Z,X1413627,8605,45.79335,8.67986,31386.0,5.3,14.7,292.1,-39.9,0.7,-1.0,RS41-SG,404.900,7.6,250,10,2.6,,
2026-08-03T12:57:36.005Z,X1413627,8606,45.79340,8.67969,31391.1,4.8,14.5,289.1,-39.8,0.7,-1.0,RS41-SG,404.900,7.6,250,10,2.7,,
2026-08-03T12:57:37.005Z,X1413627,8607,45.79344,8.67951,31396.3,5.7,14.0,288.8,-39.7,0.7,-1.0,RS41-SG,404.900,7.6,250,10,2.7,,
2026-08-03T12:57:38.005Z,X1413627,8608,45.79348,8.67935,31402.5,6.6,13.1,291.9,-39.7,0.7,-1.0,RS41-SG,404.900,8.1,250,10,2.7,,
2026-08-03T12:57:39.005Z,X1413627,8609,45.79353,8.67920,31408.6,5.9,12.5,296.8,-39.8,0.6,-1.0,RS41-SG,404.900,8.1,250,10,2.6,,
2026-08-03T12:57:40.005Z,X1413627,8610,45.79358,8.67906,31414.0,5.0,12.5,301.1,-39.8,0.7,-1.0,RS41-SG,404.900,7.8,250,10,2.6,,
2026-08-03T12:57:41.005Z,X1413627,8611,45.79364,8.67892,31419.1,5.3,12.9,303.4,-39.8,0.7,-1.0,RS41-SG,404.900,7.8,250,10,2.6,,
2026-08-03T12:57:42.005Z,X1413627,8612,45.79371,8.67878,31424.9,6.1,13.9,301.9,-39.7,0.7,-1.0,RS41-SG,404.900,7.8,250,10,2.7,,
2026-08-03T12:57:43.005Z,X1413627,8613,45.79378,8.67862,31431.0,6.0,14.9,299.7,-39.7,0.7,-1.0,RS41-SG,404.900,7.7,250,10,2.7,,
2026-08-03T12:57:47.005Z,X1413627,8617,45.79405,8.67793,31453.2,6.5,14.6,304.2,-39.8,0.7,-1.0,RS41-SG,404.900,7.4,250,10,2.6,,
2026-08-03T12:57:48.005Z,X1413627,8618,45.79413,8.67778,31459.2,5.6,13.7,308.5,-39.9,0.7,-1.0,RS41-SG,404.900,7.8,250,10,2.7,,
2026-08-03T12:57:49.005Z,X1413627,8619,45.79420,8.67765,31464.2,4.5,12.9,310.9,-39.9,0.7,-1.0,RS41-SG,404.900,7.8,250,10,2.7,,
2026-08-03T12:57:50.005Z,X1413627,8620,45.79428,8.67753,31469.0,5.1,12.3,309.9,-39.9,0.7,-1.0,RS41-SG,404.900,7.8,250,10,2.7,,
2026-08-03T12:57:51.005Z,X1413627,8621,45.79434,8.67741,31474.6,6.1,12.1,304.2,-39.9,0.7,-1.0,RS41-SG,404.900,7.8,250,10,2.6,,
2026-08-03T12:57:52.005Z,X1413627,8622,45.79440,8.67727,31480.7,6.2,12.4,296.5,-39.8,0.6,-1.0,RS41-SG,404.900,7.5,250,10,2.6,,
2026-08-03T12:57:58.005Z,X1413627,8628,45.79461,8.67645,31512.7,4.4,9.3,297.8,-39.5,0.6,-1.0,RS41-SG,404.900,7.2,250,10,2.6,,
2026-08-03T12:58:04.005Z,X1413627,8634,45.79484,8.67570,31544.4,5.5,11.8,288.9,-39.3,0.7,-1.0,RS41-SG,404.900,7.1,250,10,2.6,,
2026-08-03T12:58:05.005Z,X1413627,8635,45.79487,8.67557,31550.4,6.4,10.9,291.3,-39.2,0.6,-1.0,RS41-SG,404.900,7.3,250,10,2.7,,
2026-08-03T12:58:06.005Z,X1413627,8636,45.79491,8.67544,31556.6,5.8,9.9,293.6,-39.2,0.6,-1.0,RS41-SG,404.900,7.3,250,10,2.7,,
2026-08-03T12:58:07.005Z,X1413627,8637,45.79494,8.67533,31561.8,4.6,9.2,294.6,-39.2,0.6,-1.0,RS41-SG,404.900,7.5,250,10,2.6,,
2026-08-03T12:58:08.005Z,X1413627,8638,45.79498,8.67523,31566.7,5.0,8.8,292.8,-39.2,0.6,-1.0,RS41-SG,404.900,7.5,250,10,2.6,,
2026-08-03T12:58:09.005Z,X1413627,8639,45.79500,8.67512,31572.2,5.9,9.0,287.1,-39.2,0.6,-1.0,RS41-SG,404.900,7.5,250,10,2.7,,
2026-08-03T12:58:10.005Z,X1413627,8640,45.79502,8.67501,31578.1,5.8,9.5,281.0,-39.2,0.6,-1.0,RS41-SG,404.900,7.2,250,10,2.7,,
2026-08-03T12:58:11.005Z,X1413627,8641,45.79504,8.67488,31583.6,5.1,10.0,276.3,-39.1,0.6,-1.0,RS41-SG,404.900,7.0,250,10,2.6,,
2026-08-03T12:58:17.005Z,X1413627,8647,45.79511,8.67424,31614.8,4.5,7.7,290.0,-38.7,0.6,-1.0,RS41-SG,404.900,7.0,250,10,2.7,,
2026-08-03T12:58:18.005Z,X1413627,8648,45.79514,8.67414,31619.9,5.4,9.1,289.6,-38.6,0.6,-1.0,RS41-SG,404.900,7.0,250,10,2.7,,
2026-08-03T12:58:19.005Z,X1413627,8649,45.79517,8.67402,31625.6,6.0,11.1,287.5,-38.6,0.6,-1.0,RS41-SG,404.900,7.0,250,10,2.7,,
2026-08-03T12:59:16.005Z,X1413627,8706,45.79586,8.66601,31914.2,5.8,11.1,266.3,-37.4,0.6,-1.0,RS41-SG,404.900,6.7,250,8,2.6,,
2026-08-03T12:59:56.005Z,X1413627,8746,45.79580,8.66101,32115.4,5.1,10.5,284.0,-35.8,0.5,-1.0,RS41-SG,404.900,6.8,250,8,2.7,,
2026-08-03T13:00:18.005Z,X1413627,8768,45.79598,8.65867,32230.2,5.0,7.8,260.2,-35.6,0.5,-1.0,RS41-SG,404.900,7.5,250,9,2.6,,
2026-08-03T13:00:21.005Z,X1413627,8771,45.79600,8.65840,32245.9,6.0,8.0,283.3,-35.7,0.5,-1.0,RS41-SG,404.900,7.2,250,9,2.7,,
2026-08-03T13:00:28.005Z,X1413627,8778,45.79603,8.65758,32284.2,5.1,8.0,257.9,-35.7,0.6,-1.0,RS41-SG,404.900,7.2,250,9,2.7,,
2026-08-03T13:00:31.005Z,X1413627,8781,45.79595,8.65723,32300.0,5.7,11.7,250.7,-35.9,0.6,-1.0,RS41-SG,404.900,7.1,250,9,2.7,,
2026-08-03T13:00:32.005Z,X1413627,8782,45.79592,8.65708,32305.7,5.6,13.5,251.5,-35.9,0.6,-1.0,RS41-SG,404.900,7.7,250,9,2.7,,
2026-08-03T13:00:33.005Z,X1413627,8783,45.79588,8.65690,32311.2,5.4,15.0,252.4,-35.9,0.5,-1.0,RS41-SG,404.900,7.7,250,9,2.6,,
2026-08-03T13:00:40.005Z,X1413627,8790,45.79568,8.65586,32348.9,4.7,8.2,267.8,-35.8,0.5,-1.0,RS41-SG,404.900,7.1,250,9,2.6,,
2026-08-03T13:00:42.005Z,X1413627,8792,45.79569,8.65561,32360.3,6.3,12.3,273.8,-35.8,0.6,-1.0,RS41-SG,404.900,7.1,250,9,2.7,,
2026-08-03T13:00:48.005Z,X1413627,8798,45.79550,8.65437,32392.3,5.7,16.1,234.4,-35.6,0.5,-1.0,RS41-SG,404.900,7.4,250,9,2.7,,
2026-08-03T13:00:51.005Z,X1413627,8801,45.79526,8.65399,32406.7,5.7,10.6,228.5,-35.6,0.5,-1.0,RS41-SG,404.900,7.5,250,9,2.6,,
2026-08-03T13:00:52.005Z,X1413627,8802,45.79521,8.65388,32412.9,6.6,9.4,243.7,-35.5,0.5,-1.0,RS41-SG,404.900,7.4,250,9,2.7,,
2026-08-03T13:00:53.005Z,X1413627,8803,45.79518,8.65377,32419.2,6.0,9.9,260.6,-35.5,0.6,-1.0,RS41-SG,404.900,7.8,250,9,2.7,,
2026-08-03T13:00:54.005Z,X1413627,8804,45.79518,8.65363,32424.3,4.1,11.3,270.8,-35.6,0.5,-1.0,RS41-SG,404.900,7.8,250,9,2.6,,
2026-08-03T13:00:55.005Z,X1413627,8805,45.79518,8.65348,32428.3,4.0,12.8,276.3,-35.6,0.5,-1.0,RS41-SG,404.900,7.6,250,9,2.6,,
2026-08-03T13:00:56.005Z,X1413627,8806,45.79519,8.65331,32433.1,5.5,13.7,275.7,-35.6,0.5,-1.0,RS41-SG,404.900,7.9,250,9,2.7,,
2026-08-03T13:00:58.005Z,X1413627,8808,45.79520,8.65296,32445.7,6.1,13.1,263.3,-35.7,0.5,-1.0,RS41-SG,404.900,7.9,250,9,2.6,,
2026-08-03T13:00:59.005Z,X1413627,8809,45.79517,8.65280,32451.1,4.8,13.0,255.0,-35.7,0.5,-1.0,RS41-SG,404.900,8.3,250,9,2.6,,
2026-08-03T13:01:00.005Z,X1413627,8810,45.79514,8.65264,32455.7,4.4,13.1,247.3,-35.7,0.5,-1.0,RS41-SG,404.900,8.3,250,9,2.7,,
2026-08-03T13:01:01.005Z,X1413627,8811,45.79508,8.65249,32460.5,5.3,13.6,241.5,-35.7,0.5,-1.0,RS41-SG,404.900,8.2,250,9,2.7,,
2026-08-03T13:01:02.005Z,X1413627,8812,45.79502,8.65233,32466.2,6.1,14.2,239.4,-35.7,0.5,-1.0,RS41-SG,404.900,8.3,250,9,2.7,,
2026-08-03T13:01:04.005Z,X1413627,8814,45.79490,8.65202,32477.0,5.0,13.7,240.8,-35.7,0.6,-1.0,RS41-SG,404.900,6.9,250,9,2.6,,
2026-08-03T13:01:06.005Z,X1413627,8816,45.79480,8.65173,32487.6,5.8,11.3,244.7,-35.6,0.5,-1.0,RS41-SG,404.900,7.9,250,9,2.7,,
2026-08-03T13:01:07.005Z,X1413627,8817,45.79476,8.65161,32493.6,6.0,10.0,247.4,-35.6,0.5,-1.0,RS41-SG,404.900,8.1,250,9,2.7,,
2026-08-03T13:01:08.005Z,X1413627,8818,45.79473,8.65149,32499.3,5.3,9.4,251.5,-35.7,0.5,-1.0,RS41-SG,404.900,8.1,250,9,2.7,,
2026-08-03T13:01:09.005Z,X1413627,8819,45.79470,8.65138,32504.5,5.2,9.6,259.0,-35.7,0.5,-1.0,RS41-SG,404.900,7.5,250,9,2.6,,
2026-08-03T13:01:10.005Z,X1413627,8820,45.79469,8.65125,32509.9,5.6,10.9,267.1,-35.7,0.5,-1.0,RS41-SG,404.900,7.6,250,9,2.6,,
2026-08-03T13:01:13.005Z,X1413627,8823,45.79470,8.65071,32526.7,4.6,16.8,271.3,-35.7,0.5,-1.0,RS41-SG,404.900,7.1,250,9,2.7,,
2026-08-03T13:01:14.005Z,X1413627,8824,45.79470,8.65049,32531.6,5.1,17.4,267.0,-35.8,0.5,-1.0,RS41-SG,404.900,7.7,250,9,2.7,,
2026-08-03T13:01:15.005Z,X1413627,8825,45.79468,8.65027,32537.1,6.0,17.1,260.5,-35.8,0.5,-1.0,RS41-SG,404.900,8.0,250,9,2.6,,
2026-08-03T13:01:16.005Z,X1413627,8826,45.79465,8.65006,32543.3,6.3,16.1,252.0,-35.8,0.5,-1.0,RS41-SG,404.900,8.0,250,9,2.6,,
2026-08-03T13:01:18.005Z,X1413627,8828,45.79454,8.64972,32553.9,4.7,13.8,238.3,-35.8,0.5,-1.0,RS41-SG,404.900,6.9,250,9,2.7,,
2026-08-03T13:01:19.005Z,X1413627,8829,45.79447,8.64957,32558.7,5.2,12.6,237.2,-35.7,0.5,-1.0,RS41-SG,404.900,8.1,250,9,2.6,,
2026-08-03T13:01:20.005Z,X1413627,8830,45.79442,8.64944,32564.4,6.2,11.6,244.8,-35.7,0.5,-1.0,RS41-SG,404.900,8.1,250,9,2.6,,
2026-08-03T13:01:21.005Z,X1413627,8831,45.79439,8.64930,32570.8,6.6,11.6,258.1,-35.6,0.5,-1.0,RS41-SG,404.900,7.8,250,9,2.7,,
2026-08-03T13:01:22.005Z,X1413627,8832,45.79438,8.64915,32577.0,5.7,12.6,271.9,-35.6,0.5,-1.0,RS41-SG,404.900,7.8,250,9,2.7,,
2026-08-03T13:01:23.005Z,X1413627,8833,45.79439,8.64898,32581.9,4.1,14.1,281.2,-35.6,0.5,-1.0,RS41-SG,404.900,8.0,250,9,2.7,,
2026-08-03T13:01:24.005Z,X1413627,8834,45.79443,8.64879,32585.9,3.9,15.6,286.9,-35.6,0.5,-1.0,RS41-SG,404.900,8.9,250,9,2.6,,
2026-08-03T13:01:25.005Z,X1413627,8835,45.79447,8.64860,32590.2,4.7,16.4,289.6,-35.5,0.5,-1.0,RS41-SG,404.900,8.9,250,9,2.6,,
2026-08-03T13:01:26.005Z,X1413627,8836,45.79452,8.64840,32595.6,6.1,16.0,288.1,-35.5,0.5,-1.0,RS41-SG,404.900,8.9,250,9,2.6,,
2026-08-03T13:01:27.005Z,X1413627,8837,45.79455,8.64821,32601.9,6.5,14.8,282.4,-35.5,0.5,-1.0,RS41-SG,404.900,8.5,250,9,2.7,,
2026-08-03T13:01:28.005Z,X1413627,8838,45.79457,8.64803,32608.0,5.8,13.6,274.9,-35.4,0.5,-1.0,RS41-SG,404.900,8.0,250,9,2.7,,
2026-08-03T13:01:29.005Z,X1413627,8839,45.79458,8.64786,32613.2,4.6,12.7,267.4,-35.4,0.5,-1.0,RS41-SG,404.900,8.2,250,9,2.7,,
2026-08-03T13:01:30.005Z,X1413627,8840,45.79456,8.64770,32617.7,4.4,12.3,261.3,-35.4,0.5,-1.0,RS41-SG,404.900,8.2,250,9,2.6,,
2026-08-03T13:01:31.005Z,X1413627,8841,45.79455,8.64755,32622.5,5.3,12.2,258.5,-35.4,0.5,-1.0,RS41-SG,404.900,9.1,250,9,2.6,,
2026-08-03T13:01:32.005Z,X1413627,8842,45.79453,8.64739,32628.2,6.2,12.7,260.5,-35.4,0.5,-1.0,RS41-SG,404.900,9.6,250,9,2.6,,
2026-08-03T13:01:33.005Z,X1413627,8843,45.79451,8.64723,32634.5,6.3,13.6,264.6,-35.5,0.5,-1.0,RS41-SG,404.900,9.6,250,9,2.7,,
2026-08-03T13:01:34.005Z,X1413627,8844,45.79450,8.64704,32640.4,5.5,14.9,268.9,-35.5,0.5,-1.0,RS41-SG,404.900,8.6,250,9,2.7,,
2026-08-03T13:01:35.005Z,X1413627,8845,45.79450,8.64685,32645.6,5.0,16.2,271.3,-35.4,0.5,-1.0,RS41-SG,404.900,9.0,250,9,2.7,,
2026-08-03T13:01:36.005Z,X1413627,8846,45.79451,8.64663,32650.7,5.1,17.1,272.1,-35.3,0.5,-1.0,RS41-SG,404.900,9.0,250,9,2.6,,
2026-08-03T13:01:37.005Z,X1413627,8847,45.79451,8.64641,32656.0,5.4,17.3,271.5,-35.3,0.5,-1.0,RS41-SG,404.900,8.7,250,9,2.6,,
2026-08-03T13:01:38.005Z,X1413627,8848,45.79451,8.64620,32661.5,5.6,16.6,269.9,-35.3,0.5,-1.0,RS41-SG,404.900,8.2,250,9,2.7,,
2026-08-03T13:01:39.005Z,X1413627,8849,45.79451,8.64599,32667.3,5.9,15.2,268.6,-35.3,0.5,-1.0,RS41-SG,404.900,7.7,250,9,2.7,,
2026-08-03T13:01:40.005Z,X1413627,8850,45.79451,8.64581,32673.0,5.5,13.3,268.0,-35.3,0.5,-1.0,RS41-SG,404.900,8.0,250,9,2.6,,
2026-08-03T13:01:41.005Z,X1413627,8851,45.79451,8.64565,32678.2,5.0,11.5,270.6,-35.2,0.5,-1.0,RS41-SG,404.900,8.9,250,9,2.6,,
2026-08-03T13:01:42.005Z,X1413627,8852,45.79451,8.64551,32683.3,5.1,10.0,275.8,-35.1,0.5,-1.0,RS41-SG,404.900,8.9,250,9,2.7,,
2026-08-03T13:01:43.005Z,X1413627,8853,45.79453,8.64539,32688.9,5.9,9.8,283.1,-35.0,0.5,-1.0,RS41-SG,404.900,9.5,250,9,2.7,,
2026-08-03T13:01:44.005Z,X1413627,8854,45.79455,8.64526,32695.0,6.3,10.6,287.5,-35.1,0.5,-1.0,RS41-SG,404.900,9.6,250,9,2.7,,
2026-08-03T13:01:45.005Z,X1413627,8855,45.79458,8.64512,32701.4,6.3,12.1,286.3,-35.1,0.5,-1.0,RS41-SG,404.900,9.6,250,9,2.6,,
2026-08-03T13:01:46.005Z,X1413627,8856,45.79461,8.64496,32707.4,5.8,13.5,281.2,-35.0,0.5,-1.0,RS41-SG,404.900,9.5,250,9,2.6,,
2026-08-03T13:01:47.005Z,X1413627,8857,45.79462,8.64478,32713.0,5.3,14.9,274.0,-34.9,0.5,-1.0,RS41-SG,404.900,8.7,250,9,2.6,,
2026-08-03T13:01:48.005Z,X1413627,8858,45.79462,8.64459,32718.1,4.9,15.9,266.3,-34.8,0.5,-1.0,RS41-SG,404.900,7.9,250,9,2.7,,
2026-08-03T13:01:49.005Z,X1413627,8859,45.79461,8.64438,32723.0,4.7,16.5,259.5,-34.8,0.5,-1.0,RS41-SG,404.900,8.2,250,9,2.7,,
2026-08-03T13:01:50.005Z,X1413627,8860,45.79457,8.64418,32727.9,5.0,16.3,255.0,-34.8,0.5,-1.0,RS41-SG,404.900,8.2,250,9,2.7,,
2026-08-03T13:01:51.005Z,X1413627,8861,45.79454,8.64398,32733.3,5.7,15.2,254.0,-34.8,0.5,-1.0,RS41-SG,404.900,8.2,250,9,2.6,,
2026-08-03T13:01:52.005Z,X1413627,8862,45.79451,8.64380,32739.3,6.0,13.6,258.3,-34.8,0.5,-1.0,RS41-SG,404.900,8.4,250,9,2.6,,
2026-08-03T13:01:53.005Z,X1413627,8863,45.79449,8.64364,32745.3,5.8,12.4,269.1,-34.7,0.5,-1.0,RS41-SG,404.900,8.9,250,9,2.6,,
2026-08-03T13:01:54.005Z,X1413627,8864,45.79450,8.64348,32750.8,5.3,12.3,281.7,-34.7,0.5,-1.0,RS41-SG,404.900,8.9,250,9,2.7,,
2026-08-03T13:01:55.005Z,X1413627,8865,45.79454,8.64333,32755.8,4.6,13.3,291.7,-34.7,0.5,-1.0,RS41-SG,404.900,9.0,250,9,2.7,,
2026-08-03T13:01:56.005Z,X1413627,8866,45.79459,8.64316,32760.4,4.7,14.5,295.9,-34.6,0.5,-1.0,RS41-SG,404.900,9.0,250,9,2.7,,
2026-08-03T13:01:57.005Z,X1413627,8867,45.79464,8.64299,32765.3,5.1,15.3,294.3,-34.4,0.5,-1.0,RS41-SG,404.900,7.8,250,9,2.6,,
2026-08-03T13:01:58.005Z,X1413627,8868,45.79469,8.64281,32770.9,6.0,15.5,288.7,-34.3,0.5,-1.0,RS41-SG,404.900,8.5,250,9,2.6,,
2026-08-03T13:01:59.005Z,X1413627,8869,45.79473,8.64262,32776.9,5.9,15.2,279.8,-34.3,0.5,-1.0,RS41-SG,404.900,9.1,250,9,2.7,,
2026-08-03T13:02:00.005Z,X1413627,8870,45.79474,8.64243,32782.5,5.2,14.7,271.2,-34.3,0.5,-1.0,RS41-SG,404.900,9.1,250,9,2.7,,
2026-08-03T13:02:01.005Z,X1413627,8871,45.79473,8.64224,32787.3,4.3,14.1,263.7,-34.3,0.5,-1.0,RS41-SG,404.900,8.6,250,9,2.6,,
2026-08-03T13:02:02.005Z,X1413627,8872,45.79472,8.64207,32791.7,4.4,13.6,259.7,-34.2,0.5,-1.0,RS41-SG,404.900,9.1,250,9,2.6,,
2026-08-03T13:02:03.005Z,X1413627,8873,45.79470,8.64190,32796.6,5.4,12.9,261.0,-34.1,0.5,-1.0,RS41-SG,404.900,9.1,250,9,2.7,,
2026-08-03T13:02:04.005Z,X1413627,8874,45.79468,8.64174,32802.7,6.5,12.7,267.3,-34.1,0.5,-1.0,RS41-SG,404.900,9.0,250,9,2.7,,
2026-08-03T13:02:05.005Z,X1413627,8875,45.79469,8.64157,32809.0,6.1,12.9,276.1,-34.2,0.5,-1.0,RS41-SG,404.900,8.4,250,9,2.7,,
2026-08-03T13:02:06.005Z,X1413627,8876,45.79471,8.64141,32814.5,4.9,13.6,283.3,-34.2,0.5,-1.0,RS41-SG,404.900,8.3,250,9,2.6,,
2026-08-03T13:02:07.005Z,X1413627,8877,45.79474,8.64124,32819.2,4.6,14.3,287.3,-34.1,0.5,-1.0,RS41-SG,404.900,8.1,250,9,2.6,,
2026-08-03T13:02:08.005Z,X1413627,8878,45.79478,8.64106,32824.0,5.1,14.8,288.7,-34.0,0.5,-1.0,RS41-SG,404.900,7.3,250,9,2.6,,
2026-08-03T13:02:09.005Z,X1413627,8879,45.79482,8.64088,32829.6,6.1,14.8,285.7,-34.1,0.5,-1.0,RS41-SG,404.900,8.1,250,9,2.7,,
2026-08-03T13:02:10.005Z,X1413627,8880,45.79485,8.64070,32835.7,6.1,14.5,281.2,-34.2,0.5,-1.0,RS41-SG,404.900,8.8,250,9,2.7,,
2026-08-03T13:02:11.005Z,X1413627,8881,45.79487,8.64051,32841.2,4.8,14.4,276.9,-34.1,0.5,-1.0,RS41-SG,404.900,8.8,250,9,2.7,,
2026-08-03T13:02:12.005Z,X1413627,8882,45.79488,8.64033,32846.1,4.8,14.4,274.1,-34.0,0.5,-1.0,RS41-SG,404.900,8.8,250,9,2.6,,
2026-08-03T13:02:13.005Z,X1413627,8883,45.79489,8.64015,32851.1,5.2,14.5,275.2,-34.0,0.5,-1.0,RS41-SG,404.900,9.0,250,9,2.6,,
2026-08-03T13:02:14.005Z,X1413627,8884,45.79491,8.63996,32856.9,6.1,15.0,279.6,-34.1,0.5,-1.0,RS41-SG,404.900,9.4,250,9,2.6,,
2026-08-03T13:02:15.005Z,X1413627,8885,45.79494,8.63977,32863.1,6.4,15.5,285.0,-34.1,0.5,-1.0,RS41-SG,404.900,9.4,250,9,2.7,,
2026-08-03T13:02:16.005Z,X1413627,8886,45.79498,8.63958,32868.8,5.2,16.0,289.0,-34.0,0.5,-1.0,RS41-SG,404.900,8.7,250,9,2.7,,
2026-08-03T13:02:17.005Z,X1413627,8887,45.79503,8.63938,32873.9,4.9,16.2,291.5,-34.0,0.5,-1.0,RS41-SG,404.900,8.8,250,9,2.7,,
2026-08-03T13:02:18.005Z,X1413627,8888,45.79509,8.63919,32879.1,5.4,16.1,292.2,-34.0,0.5,-1.0,RS41-SG,404.900,8.8,250,9,2.6,,
2026-08-03T13:02:19.005Z,X1413627,8889,45.79514,8.63900,32885.0,6.3,15.6,290.4,-34.0,0.5,-1.0,RS41-SG,404.900,9.5,250,9,2.6,,
2026-08-03T13:02:20.005Z,X1413627,8890,45.79518,8.63881,32891.0,5.6,15.1,287.1,-34.0,0.5,-1.0,RS41-SG,404.900,9.5,250,9,2.7,,
2026-08-03T13:02:21.005Z,X1413627,8891,45.79522,8.63863,32896.2,4.7,14.9,284.3,-33.9,0.5,-1.0,RS41-SG,404.900,9.0,250,9,2.7,,
2026-08-03T13:02:22.005Z,X1413627,8892,45.79525,8.63845,32901.2,5.2,15.1,284.3,-33.8,0.5,-1.0,RS41-SG,404.900,9.0,250,9,2.6,,
2026-08-03T13:02:23.005Z,X1413627,8893,45.79529,8.63826,32906.6,5.7,15.7,285.8,-33.8,0.5,-1.0,RS41-SG,404.900,9.6,250,9,2.6,,
2026-08-03T13:02:24.005Z,X1413627,8894,45.79533,8.63806,32912.6,6.0,16.5,289.7,-33.9,0.5,-1.0,RS41-SG,404.900,9.6,250,9,2.7,,
2026-08-03T13:02:25.005Z,X1413627,8895,45.79538,8.63786,32918.2,5.2,17.1,292.8,-33.8,0.5,-1.0,RS41-SG,404.900,8.7,250,9,2.7,,
2026-08-03T13:02:26.005Z,X1413627,8896,45.79545,8.63766,32923.3,5.0,17.2,294.4,-33.7,0.5,-1.0,RS41-SG,404.900,8.4,250,9,2.7,,
2026-08-03T13:02:27.005Z,X1413627,8897,45.79551,8.63746,32928.7,5.6,16.7,294.4,-33.7,0.5,-1.0,RS41-SG,404.900,8.2,250,9,2.6,,
2026-08-03T13:02:28.005Z,X1413627,8898,45.79557,8.63727,32934.7,6.3,15.6,292.2,-33.7,0.5,-1.0,RS41-SG,404.900,8.5,250,9,2.6,,
2026-08-03T13:02:29.005Z,X1413627,8899,45.79561,8.63709,32940.6,5.6,14.6,289.1,-33.8,0.5,-1.0,RS41-SG,404.900,8.5,250,9,2.6,,
2026-08-03T13:02:30.005Z,X1413627,8900,45.79565,8.63692,32945.6,4.4,13.9,286.0,-33.7,0.5,-1.0,RS41-SG,404.900,7.9,250,9,2.7,,
2026-08-03T13:02:31.005Z,X1413627,8901,45.79568,8.63675,32950.2,4.6,13.5,285.0,-33.6,0.5,-1.0,RS41-SG,404.900,8.0,250,9,2.7,,
2026-08-03T13:02:32.005Z,X1413627,8902,45.79572,8.63658,32955.2,5.4,13.7,286.2,-33.5,0.5,-1.0,RS41-SG,404.900,8.3,250,9,2.7,,
2026-08-03T13:02:33.005Z,X1413627,8903,45.79576,8.63641,32961.1,6.1,14.7,289.6,-33.6,0.5,-1.0,RS41-SG,404.900,8.3,250,9,2.6,,
2026-08-03T13:02:34.005Z,X1413627,8904,45.79580,8.63623,32966.8,5.3,15.6,292.1,-33.6,0.5,-1.0,RS41-SG,404.900,8.5,250,9,2.6,,
2026-08-03T13:02:35.005Z,X1413627,8905,45.79586,8.63604,32971.8,4.7,16.5,292.8,-33.5,0.5,-1.0,RS41-SG,404.900,8.5,250,9,2.6,,
2026-08-03T13:02:36.005Z,X1413627,8906,45.79592,8.63584,32976.8,5.1,17.0,291.3,-33.4,0.5,-1.0,RS41-SG,404.900,8.4,250,9,2.7,,
2026-08-03T13:02:37.005Z,X1413627,8907,45.79597,8.63563,32982.0,5.2,17.3,287.2,-33.4,0.5,-1.0,RS41-SG,404.900,7.5,250,9,2.7,,
2026-08-03T13:02:38.005Z,X1413627,8908,45.79600,8.63542,32987.3,5.2,17.3,282.4,-33.4,0.5,-1.0,RS41-SG,404.900,8.4,250,9,2.7,,
2026-08-03T13:02:39.005Z,X1413627,8909,45.79603,8.63520,32992.6,5.1,17.3,277.2,-33.4,0.5,-1.0,RS41-SG,404.900,8.4,250,9,2.7,,
2026-08-03T13:02:40.005Z,X1413627,8910,45.79605,8.63498,32997.6,5.0,17.4,273.4,-33.3,0.5,-1.0,RS41-SG,404.900,7.9,250,9,2.6,,
2026-08-03T13:02:41.005Z,X1413627,8911,45.79605,8.63476,33002.6,4.9,17.6,272.3,-33.3,0.5,-1.0,RS41-SG,404.900,7.9,250,9,2.6,,
2026-08-03T13:02:42.005Z,X1413627,8912,45.79606,8.63453,33007.8,5.5,17.7,274.0,-33.2,0.5,-1.0,RS41-SG,404.900,7.7,250,9,2.6,,
2026-08-03T13:02:43.005Z,X1413627,8913,45.79608,8.63430,33013.4,5.9,17.9,278.6,-33.2,0.5,-1.0,RS41-SG,404.900,8.2,250,9,2.7,,
2026-08-03T13:02:44.005Z,X1413627,8914,45.79611,8.63408,33019.4,6.1,17.9,284.5,-33.2,0.5,-1.0,RS41-SG,404.900,8.2,250,9,2.7,,
2026-08-03T13:02:45.005Z,X1413627,8915,45.79616,8.63386,33025.3,5.8,17.9,289.9,-33.1,0.5,-1.0,RS41-SG,404.900,7.4,250,9,2.7,,
2026-08-03T13:02:46.005Z,X1413627,8916,45.79622,8.63365,33030.9,5.3,17.7,293.3,-33.0,0.4,-1.0,RS41-SG,404.900,7.4,250,9,2.6,,
2026-08-03T13:02:50.005Z,X1413627,8920,45.79646,8.63288,33035.6,-16.3,16.1,293.3,-32.8,0.4,-1.0,RS41-SG,404.900,7.4,250,9,2.7,,
2026-08-03T13:02:51.005Z,X1413627,8921,45.79652,8.63268,33014.8,-25.1,16.3,292.1,-33.0,0.5,-1.0,RS41-SG,404.900,8.3,250,9,2.7,,
2026-08-03T13:02:52.005Z,X1413627,8922,45.79657,8.63249,32985.4,-33.6,16.2,292.3,-33.1,0.5,-1.0,RS41-SG,404.900,8.3,250,9,2.6,,
2026-08-03T13:02:53.005Z,X1413627,8923,45.79663,8.63230,32947.6,-41.7,16.2,291.6,-33.3,0.5,-1.0,RS41-SG,404.900,7.1,250,9,2.6,,
2026-08-03T13:02:58.005Z,X1413627,8928,45.79666,8.63141,32710.2,-42.0,13.4,245.0,-34.2,0.5,-1.0,RS41-SG,404.900,6.3,250,9,2.7,,
2026-08-03T13:02:59.005Z,X1413627,8929,45.79661,8.63125,32668.5,-41.5,14.0,244.7,-34.6,0.5,-1.0,RS41-SG,404.900,6.4,250,9,2.7,,
2026-08-03T13:03:00.005Z,X1413627,8930,45.79656,8.63110,32628.4,-38.2,12.6,248.6,-34.9,0.5,-1.0,RS41-SG,404.900,7.3,250,9,2.7,,
2026-08-03T13:03:05.005Z,X1413627,8935,45.79653,8.63030,32414.7,-45.6,13.1,278.2,-35.5,0.5,-1.0,RS41-SG,404.900,6.7,250,8,2.7,,
2026-08-03T13:03:45.005Z,X1413627,8975,45.79692,8.62412,30423.2,-55.9,11.9,266.2,-39.5,0.7,-1.0,RS41-SG,404.900,7.0,250,7,2.6,,
2026-08-03T13:03:46.005Z,X1413627,8976,45.79692,8.62396,30367.7,-55.8,12.1,267.4,-39.7,0.7,-1.0,RS41-SG,404.900,8.2,250,9,2.5,08:29:32,
2026-08-03T13:03:47.005Z,X1413627,8977,45.79692,8.62381,30312.1,-55.4,12.5,277.0,-39.9,0.7,-1.0,RS41-SG,404.900,8.4,250,8,2.7,08:29:32,
2026-08-03T13:03:48.005Z,X1413627,8978,45.79694,8.62365,30257.6,-54.3,12.5,282.9,-40.0,0.7,-1.0,RS41-SG,404.900,8.4,250,7,2.7,08:29:32,
2026-08-03T13:03:49.005Z,X1413627,8979,45.79696,8.62350,30203.1,-55.5,12.2,284.3,-40.1,0.7,-1.0,RS41-SG,404.900,8.2,250,8,2.7,08:29:32,
2026-08-03T13:03:50.005Z,X1413627,8980,45.79698,8.62335,30147.3,-57.1,11.5,280.6,-40.1,0.7,-1.0,RS41-SG,404.900,8.2,250,7,2.6,08:29:32,
2026-08-03T13:03:51.005Z,X1413627,8981,45.79700,8.62322,30090.2,-58.0,10.2,283.1,-40.3,0.7,-1.0,RS41-SG,404.900,7.5,250,7,2.5,08:29:32,
2026-08-03T13:03:52.005Z,X1413627,8982,45.79702,8.62309,30032.7,-57.8,10.4,278.4,-40.8,0.7,-1.0,RS41-SG,404.900,7.5,250,7,2.5,08:29:32,
2026-08-03T13:03:53.005Z,X1413627,8983,45.79703,8.62295,29975.6,-57.5,10.9,279.8,-41.1,0.7,-1.0,RS41-SG,404.900,7.4,250,8,2.7,08:29:32,
2026-08-03T13:03:54.005Z,X1413627,8984,45.79704,8.62282,29919.7,-54.5,10.8,277.7,-41.6,0.8,-1.0,RS41-SG,404.900,7.6,250,8,2.7,08:29:32,
2026-08-03T13:03:55.005Z,X1413627,8985,45.79705,8.62268,29868.4,-49.0,10.6,271.6,-42.1,0.8,-1.0,RS41-SG,404.900,7.6,250,7,2.7,08:29:32,
2026-08-03T13:04:03.005Z,X1413627,8993,45.79715,8.62140,29524.1,-41.4,11.9,286.7,-43.0,0.8,-1.0,RS41-SG,404.900,7.2,250,7,2.7,08:29:32,
2026-08-03T13:04:04.005Z,X1413627,8994,45.79718,8.62126,29481.1,-43.1,11.8,293.3,-43.1,0.8,-1.0,RS41-SG,404.900,7.2,250,9,2.7,08:29:32,
2026-08-03T13:04:05.005Z,X1413627,8995,45.79723,8.62112,29438.8,-43.0,11.6,294.3,-43.2,0.8,-1.0,RS41-SG,404.900,7.0,250,8,2.6,08:29:32,
2026-08-03T13:04:06.005Z,X1413627,8996,45.79726,8.62098,29397.5,-41.3,12.1,290.2,-43.3,0.8,-1.0,RS41-SG,404.900,7.0,250,7,2.6,08:29:32,
2026-08-03T13:04:07.005Z,X1413627,8997,45.79730,8.62084,29357.7,-39.9,11.8,287.9,-43.4,0.8,-1.0,RS41-SG,404.900,7.7,250,7,2.5,08:29:32,
2026-08-03T13:04:08.005Z,X1413627,8998,45.79732,8.62069,29317.8,-40.8,11.9,276.4,-43.4,0.8,-1.0,RS41-SG,404.900,8.0,250,9,2.7,08:29:32,
2026-08-03T13:04:09.005Z,X1413627,8999,45.79733,8.62054,29278.3,-40.0,11.8,274.4,-43.4,0.8,-1.0,RS41-SG,404.900,8.0,250,7,2.7,08:29:32,
2026-08-03T13:04:10.005Z,X1413627,9000,45.79732,8.62038,29238.9,-39.9,12.9,263.6,-43.4,0.8,-1.0,RS41-SG,404.900,7.8,250,8,2.7,08:29:32,
2026-08-03T13:04:14.005Z,X1413627,9004,45.79722,8.61966,29078.4,-40.1,15.1,253.5,-43.5,0.8,-1.0,RS41-SG,404.900,7.3,250,8,2.7,08:29:32,
2026-08-03T13:04:15.005Z,X1413627,9005,45.79719,8.61947,29039.4,-39.0,14.3,254.7,-43.4,0.8,-1.0,RS41-SG,404.900,7.4,250,7,2.6,08:29:32,
2026-08-03T13:04:16.005Z,X1413627,9006,45.79715,8.61930,29001.5,-37.9,13.8,254.6,-43.5,0.8,-1.0,RS41-SG,404.900,7.5,250,7,2.6,08:29:32,
