timestamp,serial,frame,lat,lon,alt,vel_v,vel_h,heading,temp,humidity,pressure,type,freq_mhz,snr,f_error_hz,sats,batt_v,burst_timer,aux_data
2026-10-05T00:28:05.989Z,X1423211,6843,45.41630,9.02952,26640.0,4.8,8.8,108.6,-273.0,-1.0,-1.0,RS41,404.900,6.8,250,10,2.5,,
2026-10-05T00:28:06.989Z,X1423211,6844,45.41627,9.02963,26645.2,5.5,8.7,108.1,-273.0,-1.0,-1.0,RS41,404.900,6.6,250,10,2.6,,
2026-10-05T00:28:16.989Z,X1423211,6854,45.41595,9.03037,26704.3,6.6,9.3,121.8,-273.0,-1.0,-1.0,RS41,404.900,6.8,-125,10,2.5,,
2026-10-05T00:28:17.989Z,X1423211,6855,45.41591,9.03048,26710.7,6.0,10.5,121.5,-273.0,-1.0,-1.0,RS41,404.900,7.2,-125,10,2.5,,
2026-10-05T00:28:19.989Z,X1423211,6857,45.41581,9.03071,26721.3,5.7,10.7,122.4,-273.0,-1.0,-1.0,RS41,404.900,6.8,250,10,2.6,,
2026-10-05T00:28:20.989Z,X1423211,6858,45.41576,9.03082,26727.4,6.6,9.5,122.3,-273.0,-1.0,-1.0,RS41,404.900,6.8,250,10,2.6,,
2026-10-05T00:28:22.989Z,X1423211,6860,45.41568,9.03100,26738.7,4.7,7.1,125.8,-273.0,-1.0,-1.0,RS41,404.900,6.9,250,10,2.5,,
2026-10-05T00:28:24.989Z,X1423211,6862,45.41559,9.03113,26750.2,6.8,7.9,138.9,-273.0,-1.0,-1.0,RS41,404.900,6.5,250,10,2.6,,
2026-10-05T00:28:27.989Z,X1423211,6865,45.41540,9.03135,26767.2,6.3,9.5,141.3,-273.0,-1.0,-1.0,RS41,404.900,6.8,250,10,2.5,,
2026-10-05T00:28:28.989Z,X1423211,6866,45.41534,9.03142,26773.5,6.4,8.9,139.7,-273.0,-1.0,-1.0,RS41,404.900,6.8,250,10,2.5,,
2026-10-05T00:28:37.989Z,X1423211,6875,45.41490,9.03204,26824.1,5.1,4.4,152.6,-273.0,-1.0,-1.0,RS41,404.900,7.1,250,10,2.5,,
2026-10-05T00:28:38.989Z,X1423211,6876,45.41486,9.03207,26829.7,6.2,5.2,157.5,-273.0,-1.0,-1.0,RS41,404.900,7.3,250,10,2.5,,
2026-10-05T00:28:42.989Z,X1423211,6880,45.41463,9.03229,26851.8,5.9,9.7,129.9,-273.0,-1.0,-1.0,RS41,404.900,6.7,-125,10,2.6,,
2026-10-05T00:28:43.989Z,X1423211,6881,45.41458,9.03239,26857.9,6.3,9.8,120.3,-273.0,-1.0,-1.0,RS41,404.900,7.0,250,10,2.5,,
2026-10-05T00:28:45.989Z,X1423211,6883,45.41451,9.03261,26868.3,5.3,9.0,112.8,-273.0,-1.0,-1.0,RS41,404.900,7.0,-125,10,2.5,,
2026-10-05T00:28:47.989Z,X1423211,6885,45.41444,9.03279,26880.8,6.9,7.8,130.2,-273.0,-1.0,-1.0,RS41,404.900,7.3,250,10,2.6,,
2026-10-05T00:28:48.989Z,X1423211,6886,45.41439,9.03286,26886.7,5.0,7.7,140.5,-273.0,-1.0,-1.0,RS41,404.900,7.3,250,10,2.6,,
2026-10-05T00:28:49.989Z,X1423211,6887,45.41433,9.03292,26891.5,4.6,7.3,150.5,-273.0,-1.0,-1.0,RS41,404.900,7.0,-125,10,2.5,,
2026-10-05T00:28:52.989Z,X1423211,6890,45.41419,9.03300,26908.9,5.5,4.5,160.0,-273.0,-1.0,-1.0,RS41,404.900,6.9,250,10,2.6,,
2026-10-05T00:28:53.989Z,X1423211,6891,45.41415,9.03302,26914.4,5.4,4.0,151.0,-273.0,-1.0,-1.0,RS41,404.900,6.9,250,10,2.6,,
2026-10-05T00:28:54.989Z,X1423211,6892,45.41412,9.03305,26920.5,6.9,4.8,143.0,-273.0,-1.0,-1.0,RS41,404.900,7.3,-125,10,2.5,,
2026-10-05T00:28:58.989Z,X1423211,6896,45.41393,9.03329,26945.3,6.9,8.5,130.4,-273.0,-1.0,-1.0,RS41,404.900,6.8,250,10,2.6,,
2026-10-05T00:28:59.989Z,X1423211,6897,45.41388,9.03338,26951.4,5.3,8.4,124.9,-273.0,-1.0,-1.0,RS41,404.900,6.7,-125,10,2.5,,
2026-10-05T00:29:04.989Z,X1423211,6902,45.41366,9.03387,26980.5,6.1,9.5,124.3,-273.0,-1.0,-1.0,RS41,404.900,6.9,250,10,2.6,,
2026-10-05T00:29:05.989Z,X1423211,6903,45.41361,9.03396,26987.1,6.9,8.6,119.8,-273.0,-1.0,-1.0,RS41,404.900,7.0,250,10,2.6,,
2026-10-05T00:29:06.989Z,X1423211,6904,45.41358,9.03406,26993.3,5.4,7.7,116.0,-273.0,-1.0,-1.0,RS41,404.900,7.1,250,10,2.5,,
2026-10-05T00:29:07.989Z,X1423211,6905,45.41355,9.03414,26998.7,5.4,6.9,114.1,-273.0,-1.0,-1.0,RS41,404.900,7.1,-125,10,2.5,,
2026-10-05T00:29:11.989Z,X1423211,6909,45.41340,9.03442,27022.2,5.8,7.4,137.9,-273.0,-1.0,-1.0,RS41,404.900,6.9,250,10,2.6,,
2026-10-05T00:29:16.989Z,X1423211,6914,45.41320,9.03481,27053.5,6.3,9.7,121.3,-273.0,-1.0,-1.0,RS41,404.900,7.2,250,10,2.6,,
2026-10-05T00:29:30.989Z,X1423211,6928,45.41243,9.03534,27133.9,5.9,6.4,150.8,-273.0,-1.0,-1.0,RS41,404.900,7.0,250,10,2.5,,
2026-10-05T00:29:37.989Z,X1423211,6935,45.41200,9.03561,27174.2,4.9,5.0,183.3,-273.0,-1.0,-1.0,RS41,404.900,7.0,250,10,2.5,,
2026-10-05T00:29:45.989Z,X1423211,6943,45.41155,9.03572,27221.3,4.7,9.6,128.9,-273.0,-1.0,-1.0,RS41,404.900,6.5,250,10,2.5,,
2026-10-05T00:29:46.989Z,X1423211,6944,45.41149,9.03582,27226.0,4.9,11.0,128.3,-273.0,-1.0,-1.0,RS41,404.900,6.9,250,10,2.5,,
2026-10-05T00:29:47.989Z,X1423211,6945,45.41142,9.03593,27231.1,5.4,12.0,132.5,-273.0,-1.0,-1.0,RS41,404.900,7.3,250,10,2.5,,
2026-10-05T00:29:48.989Z,X1423211,6946,45.41134,9.03604,27236.9,6.2,11.9,140.8,-273.0,-1.0,-1.0,RS41,404.900,7.7,250,10,2.6,,
2026-10-05T00:29:58.989Z,X1423211,6956,45.41078,9.03649,27291.0,4.8,10.3,131.1,-273.0,-1.0,-1.0,RS41,404.900,6.8,250,10,2.5,,
2026-10-05T00:30:01.989Z,X1423211,6959,45.41061,9.03679,27307.2,4.9,9.6,128.5,-273.0,-1.0,-1.0,RS41,404.900,6.7,-125,10,2.6,,
2026-10-05T00:30:09.989Z,X1423211,6967,45.41009,9.03738,27351.5,4.6,6.3,155.5,-273.0,-1.0,-1.0,RS41,404.900,7.1,250,10,2.5,,
2026-10-05T00:30:16.989Z,X1423211,6974,45.40973,9.03788,27391.5,4.9,9.5,117.9,-273.0,-1.0,-1.0,RS41,404.900,6.8,250,10,2.6,,
2026-10-05T00:30:17.989Z,X1423211,6975,45.40969,9.03799,27396.7,5.5,9.3,121.1,-273.0,-1.0,-1.0,RS41,404.900,6.8,-125,10,2.6,,
2026-10-05T00:30:50.989Z,X1423211,7008,45.40840,9.03907,27581.6,5.4,3.7,192.1,-273.0,-1.0,-1.0,RS41,404.900,6.5,-125,10,2.6,,
2026-10-05T00:31:03.989Z,X1423211,7021,45.40822,9.03933,27654.3,6.3,2.1,135.1,-273.0,-1.0,-1.0,RS41,404.900,7.1,250,10,2.6,,
2026-10-05T00:31:10.989Z,X1423211,7028,45.40802,9.03938,27694.6,5.8,2.4,126.9,-273.0,-1.0,-1.0,RS41,404.900,6.5,250,10,2.5,,
2026-10-05T00:31:11.989Z,X1423211,7029,45.40800,9.03941,27700.7,6.4,3.7,116.7,-273.0,-1.0,-1.0,RS41,404.900,6.8,250,10,2.5,,
2026-10-05T00:31:12.989Z,X1423211,7030,45.40799,9.03946,27706.5,5.0,4.7,117.7,-273.0,-1.0,-1.0,RS41,404.900,7.1,250,10,2.6,,
2026-10-05T00:31:19.989Z,X1423211,7037,45.40790,9.03968,27745.2,6.3,2.6,183.1,-273.0,-1.0,-1.0,RS41,404.900,6.9,250,10,2.6,,
2026-10-05T00:31:20.989Z,X1423211,7038,45.40787,9.03968,27750.9,4.8,3.5,178.9,-273.0,-1.0,-1.0,RS41,404.900,6.9,250,10,2.6,,
2026-10-05T00:31:22.989Z,X1423211,7040,45.40781,9.03968,27762.1,6.9,3.3,177.3,-273.0,-1.0,-1.0,RS41,404.900,6.9,250,10,2.5,,
2026-10-05T00:31:26.989Z,X1423211,7044,45.40774,9.03970,27784.6,6.3,1.9,128.7,-273.0,-1.0,-1.0,RS41,404.900,6.8,250,10,2.6,,
2026-10-05T00:31:33.989Z,X1423211,7051,45.40772,9.03974,27823.5,5.8,2.2,238.6,-273.0,-1.0,-1.0,RS41,404.900,7.1,250,10,2.5,,
2026-10-05T00:31:35.989Z,X1423211,7053,45.40767,9.03969,27834.6,4.5,4.2,207.4,-273.0,-1.0,-1.0,RS41,404.900,7.3,250,10,2.6,,
2026-10-05T00:31:36.989Z,X1423211,7054,45.40764,9.03967,27839.2,4.6,4.6,207.3,-273.0,-1.0,-1.0,RS41,404.900,7.2,250,10,2.6,,
2026-10-05T00:31:37.989Z,X1423211,7055,45.40760,9.03964,27844.6,6.2,4.0,216.7,-273.0,-1.0,-1.0,RS41,404.900,7.2,250,10,2.5,,
2026-10-05T00:31:43.989Z,X1423211,7061,45.40760,9.03953,27879.7,4.7,0.8,84.1,-273.0,-1.0,-1.0,RS41,404.900,7.4,250,10,2.5,,
2026-10-05T00:31:44.989Z,X1423211,7062,45.40760,9.03954,27884.7,5.1,1.3,95.0,-273.0,-1.0,-1.0,RS41,404.900,7.4,250,10,2.5,,
2026-10-05T00:31:46.989Z,X1423211,7064,45.40761,9.03957,27896.8,5.7,1.2,29.6,-273.0,-1.0,-1.0,RS41,404.900,7.2,250,10,2.6,,
2026-10-05T00:31:47.989Z,X1423211,7065,45.40762,9.03957,27902.3,5.1,1.2,358.5,-273.0,-1.0,-1.0,RS41,404.900,7.2,250,10,2.5,,
2026-10-05T00:31:48.989Z,X1423211,7066,45.40763,9.03957,27907.7,5.8,0.9,331.8,-273.0,-1.0,-1.0,RS41,404.900,7.2,250,10,2.5,,
2026-10-05T00:31:49.989Z,X1423211,7067,45.40763,9.03956,27913.9,6.3,0.8,244.2,-273.0,-1.0,-1.0,RS41,404.900,7.7,250,10,2.5,,
2026-10-05T00:31:50.989Z,X1423211,7068,45.40762,9.03955,27919.7,5.3,1.6,213.4,-273.0,-1.0,-1.0,RS41,404.900,7.7,250,10,2.6,,
2026-10-05T00:31:51.989Z,X1423211,7069,45.40761,9.03954,27924.9,4.8,2.2,218.2,-273.0,-1.0,-1.0,RS41,404.900,7.3,250,10,2.6,,
2026-10-05T00:31:52.989Z,X1423211,7070,45.40759,9.03952,27930.3,6.0,2.5,236.3,-273.0,-1.0,-1.0,RS41,404.900,6.6,250,10,2.5,,
2026-10-05T00:31:58.989Z,X1423211,7076,45.40764,9.03941,27965.3,4.8,1.8,50.1,-273.0,-1.0,-1.0,RS41,404.900,8.1,250,10,2.6,,
2026-10-05T00:32:01.989Z,X1423211,7079,45.40769,9.03948,27982.8,4.6,3.1,35.7,-273.0,-1.0,-1.0,RS41,404.900,7.1,-125,10,2.5,,
2026-10-05T00:32:02.989Z,X1423211,7080,45.40771,9.03950,27987.1,3.9,3.0,24.7,-273.0,-1.0,-1.0,RS41,404.900,7.4,250,10,2.5,,
2026-10-05T00:32:03.989Z,X1423211,7081,45.40774,9.03952,27991.7,5.4,2.2,18.4,-273.0,-1.0,-1.0,RS41,404.900,7.4,250,10,2.6,,
2026-10-05T00:32:04.989Z,X1423211,7082,45.40775,9.03952,27997.7,6.6,1.3,7.0,-273.0,-1.0,-1.0,RS41,404.900,7.0,250,10,2.6,,
2026-10-05T00:32:08.989Z,X1423211,7086,45.40779,9.03948,28021.5,6.9,3.3,315.3,-273.0,-1.0,-1.0,RS41,404.900,7.2,250,10,2.6,,
2026-10-05T00:32:09.989Z,X1423211,7087,45.40781,9.03944,28027.7,5.6,4.6,321.8,-273.0,-1.0,-1.0,RS41,404.900,7.2,-125,10,2.6,,
2026-10-05T00:32:11.989Z,X1423211,7089,45.40789,9.03937,28038.3,6.4,5.2,336.3,-273.0,-1.0,-1.0,RS41,404.900,7.1,-125,10,2.5,,
2026-10-05T00:32:12.989Z,X1423211,7090,45.40793,9.03936,28045.2,7.1,4.0,349.4,-273.0,-1.0,-1.0,RS41,404.900,6.6,250,10,2.5,,
2026-10-05T00:32:13.989Z,X1423211,7091,45.40796,9.03935,28051.1,4.7,3.1,7.4,-273.0,-1.0,-1.0,RS41,404.900,7.1,250,10,2.6,,
2026-10-05T00:32:15.989Z,X1423211,7093,45.40800,9.03938,28062.5,7.1,2.0,41.5,-52.7,-1.0,-1.0,RS41,404.900,7.0,250,10,2.5,,
2026-10-05T00:32:17.989Z,X1423211,7095,45.40802,9.03940,28075.0,6.1,0.9,37.6,-52.5,-1.0,-1.0,RS41,404.900,7.5,250,10,2.5,,
2026-10-05T00:32:18.989Z,X1423211,7096,45.40802,9.03941,28081.4,6.5,0.5,101.7,-52.4,-1.0,-1.0,RS41,404.900,7.5,250,10,2.6,,
2026-10-05T00:32:19.989Z,X1423211,7097,45.40802,9.03942,28087.7,6.0,1.2,144.7,-52.4,-1.0,-1.0,RS41,404.900,7.4,250,10,2.6,,
2026-10-05T00:32:20.989Z,X1423211,7098,45.40801,9.03943,28093.0,4.8,1.7,161.0,-52.3,-1.0,-1.0,RS41,404.900,7.2,250,10,2.5,,
2026-10-05T00:32:21.989Z,X1423211,7099,45.40799,9.03943,28097.8,4.8,1.9,185.0,-52.3,-1.0,-1.0,RS41,404.900,7.2,250,10,2.5,,
2026-10-05T00:32:22.989Z,X1423211,7100,45.40798,9.03942,28103.3,6.1,2.2,228.4,-52.3,-1.0,-1.0,RS41,404.900,7.2,250,10,2.5,,
2026-10-05T00:32:26.989Z,X1423211,7104,45.40800,9.03927,28127.0,6.7,2.9,328.9,-52.3,-1.0,-1.0,RS41,404.900,7.1,250,10,2.5,,
2026-10-05T00:32:27.989Z,X1423211,7105,45.40802,9.03927,28133.6,6.3,2.6,13.1,-52.3,-1.0,-1.0,RS41,404.900,7.1,-125,10,2.5,,
2026-10-05T00:32:28.989Z,X1423211,7106,45.40804,9.03929,28138.9,4.3,3.1,45.4,-52.4,-1.0,-1.0,RS41,404.900,7.8,-125,10,2.5,,
2026-10-05T00:32:32.989Z,X1423211,7110,45.40804,9.03941,28161.3,5.1,2.6,164.2,-52.5,-1.0,-1.0,RS41,404.900,6.8,250,10,2.5,,
2026-10-05T00:32:37.989Z,X1423211,7115,45.40792,9.03938,28190.5,5.8,1.1,247.9,-52.6,-1.0,-1.0,RS41,404.900,6.9,-125,10,2.6,,
2026-10-05T00:32:38.989Z,X1423211,7116,45.40792,9.03936,28196.7,6.5,2.3,302.9,-52.6,-1.0,-1.0,RS41,404.900,7.0,250,10,2.5,,
2026-10-05T00:32:44.989Z,X1423211,7122,45.40804,9.03935,28232.4,5.0,3.8,84.9,-52.8,-1.0,-1.0,RS41,404.900,7.6,250,10,2.5,,
2026-10-05T00:32:45.989Z,X1423211,7123,45.40803,9.03940,28238.0,6.1,3.9,110.9,-52.8,-1.0,-1.0,RS41,404.900,7.9,250,10,2.5,,
2026-10-05T00:32:46.989Z,X1423211,7124,45.40802,9.03944,28244.4,6.7,3.9,138.4,-52.8,-1.0,-1.0,RS41-SG,404.900,7.9,250,10,2.6,,
2026-10-05T00:32:47.989Z,X1423211,7125,45.40799,9.03947,28250.4,5.2,3.9,156.3,-52.8,-1.0,-1.0,RS41-SG,404.900,7.9,-125,10,2.6,,
2026-10-05T00:32:48.989Z,X1423211,7126,45.40795,9.03948,28256.1,6.1,3.8,165.8,-52.8,-1.0,-1.0,RS41-SG,404.900,7.3,250,10,2.5,,
2026-10-05T00:32:49.989Z,X1423211,7127,45.40792,9.03950,28262.7,7.1,3.1,160.7,-52.8,-1.0,-1.0,RS41-SG,404.900,7.2,250,10,2.5,,
2026-10-05T00:32:50.989Z,X1423211,7128,45.40790,9.03951,28269.0,5.5,2.5,144.1,-52.8,-1.0,-1.0,RS41-SG,404.900,7.8,250,10,2.5,,
2026-10-05T00:32:51.989Z,X1423211,7129,45.40789,9.03953,28274.3,5.0,2.0,111.1,-52.7,-1.0,-1.0,RS41-SG,404.900,7.9,250,10,2.6,,
2026-10-05T00:32:52.989Z,X1423211,7130,45.40789,9.03956,28279.8,6.1,1.8,63.4,-52.7,-1.0,-1.0,RS41-SG,404.900,7.9,250,10,2.6,,
2026-10-05T00:32:53.989Z,X1423211,7131,45.40790,9.03957,28285.9,5.8,2.3,31.9,-52.7,-1.0,-1.0,RS41-SG,404.900,7.7,250,10,2.5,,
2026-10-05T00:32:56.989Z,X1423211,7134,45.40797,9.03964,28302.4,6.6,4.2,49.9,-52.7,-1.0,-1.0,RS41-SG,404.900,7.6,250,10,2.6,,
2026-10-05T00:32:57.989Z,X1423211,7135,45.40799,9.03969,28308.5,5.6,5.2,61.3,-52.7,-1.0,-1.0,RS41-SG,404.900,8.3,-125,10,2.6,,
2026-10-05T00:32:58.989Z,X1423211,7136,45.40802,9.03975,28313.9,5.2,6.2,66.3,-52.6,-1.0,-1.0,RS41-SG,404.900,8.4,-125,10,2.5,,
2026-10-05T00:32:59.989Z,X1423211,7137,45.40804,9.03982,28319.7,6.3,6.4,64.0,-52.6,-1.0,-1.0,RS41-SG,404.900,8.4,-125,10,2.5,,
2026-10-05T00:33:00.989Z,X1423211,7138,45.40807,9.03989,28326.4,7.1,5.9,57.6,-52.6,-1.0,-1.0,RS41-SG,404.900,8.2,-125,10,2.5,,
2026-10-05T00:33:01.989Z,X1423211,7139,45.40809,9.03995,28332.8,5.6,5.3,51.1,-52.6,-1.0,-1.0,RS41-SG,404.900,8.5,-125,10,2.6,,
2026-10-05T00:33:02.989Z,X1423211,7140,45.40812,9.04000,28338.2,5.2,4.7,45.7,-52.6,-1.0,-1.0,RS41-SG,404.900,8.5,-125,10,2.6,,
2026-10-05T00:33:03.989Z,X1423211,7141,45.40815,9.04004,28344.0,6.3,4.2,49.0,-52.5,-1.0,-1.0,RS41-SG,404.900,8.2,250,10,2.5,,
2026-10-05T00:33:04.989Z,X1423211,7142,45.40817,9.04008,28350.4,6.5,4.1,58.8,-52.5,-1.0,-1.0,RS41-SG,404.900,8.5,-125,10,2.5,,
2026-10-05T00:33:05.989Z,X1423211,7143,45.40819,9.04013,28356.2,5.2,4.2,66.0,-52.5,-1.0,-1.0,RS41-SG,404.900,8.5,-125,10,2.5,,
2026-10-05T00:33:06.989Z,X1423211,7144,45.40821,9.04018,28361.9,6.0,4.1,63.6,-52.5,-1.0,-1.0,RS41-SG,404.900,7.8,250,10,2.5,,
2026-10-05T00:33:07.989Z,X1423211,7145,45.40822,9.04022,28368.3,6.8,3.7,50.8,-52.5,-1.0,-1.0,RS41-SG,404.900,8.4,250,10,2.6,,
2026-10-05T00:33:08.989Z,X1423211,7146,45.40825,9.04025,28374.7,5.9,3.9,32.5,-52.4,-1.0,-1.0,RS41-SG,404.900,8.4,250,10,2.6,,
2026-10-05T00:33:09.989Z,X1423211,7147,45.40828,9.04027,28380.0,4.6,4.4,24.3,-52.4,-1.0,-1.0,RS41-SG,404.900,8.5,250,10,2.6,,
2026-10-05T00:33:10.989Z,X1423211,7148,45.40832,9.04030,28384.9,5.1,5.1,29.1,-52.5,-1.0,-1.0,RS41-SG,404.900,8.5,250,10,2.5,,
2026-10-05T00:33:11.989Z,X1423211,7149,45.40836,9.04034,28390.5,6.1,5.8,41.8,-52.5,-1.0,-1.0,RS41-SG,404.900,8.0,-125,10,2.5,,
2026-10-05T00:33:12.989Z,X1423211,7150,45.40840,9.04040,28397.0,6.8,6.5,55.8,-52.5,-1.0,-1.0,RS41-SG,404.900,8.0,-125,10,2.5,,
2026-10-05T00:33:13.989Z,X1423211,7151,45.40842,9.04047,28403.5,6.2,6.9,68.7,-52.5,-1.0,-1.0,RS41-SG,404.900,8.5,-125,10,2.5,,
2026-10-05T00:33:14.989Z,X1423211,7152,45.40844,9.04056,28409.4,5.5,6.9,78.3,-52.5,-1.0,-1.0,RS41-SG,404.900,8.5,250,10,2.6,,
2026-10-05T00:33:15.989Z,X1423211,7153,45.40845,9.04064,28414.8,5.4,6.0,87.0,-52.4,-1.0,-1.0,RS41-SG,404.900,8.5,250,10,2.6,,
2026-10-05T00:33:16.989Z,X1423211,7154,45.40845,9.04070,28420.8,6.5,4.2,98.3,-52.4,1.1,-1.0,RS41-SG,404.900,8.6,250,10,2.5,,
2026-10-05T00:33:17.989Z,X1423211,7155,45.40844,9.04074,28427.2,6.2,2.3,113.3,-52.4,1.0,-1.0,RS41-SG,404.900,8.6,250,10,2.5,,
2026-10-05T00:33:18.989Z,X1423211,7156,45.40843,9.04076,28432.6,4.7,1.2,149.9,-52.4,1.1,-1.0,RS41-SG,404.900,8.2,250,10,2.5,,
2026-10-05T00:33:19.989Z,X1423211,7157,45.40842,9.04076,28437.4,4.8,1.1,196.2,-52.3,1.0,-1.0,RS41-SG,404.900,8.1,250,10,2.6,,
2026-10-05T00:33:20.989Z,X1423211,7158,45.40841,9.04076,28442.7,5.9,1.2,171.6,-52.3,1.0,-1.0,RS41-SG,404.900,8.1,250,10,2.6,,
2026-10-05T00:33:21.989Z,X1423211,7159,45.40840,9.04077,28449.0,6.5,2.0,132.3,-52.2,1.0,-1.0,RS41-SG,404.900,8.7,250,10,2.5,,
2026-10-05T00:33:22.989Z,X1423211,7160,45.40839,9.04080,28455.1,5.8,3.1,114.8,-52.2,1.0,-1.0,RS41-SG,404.900,8.7,250,10,2.5,,
2026-10-05T00:33:23.989Z,X1423211,7161,45.40838,9.04084,28460.3,4.6,3.9,106.9,-52.2,1.0,-1.0,RS41-SG,404.900,8.5,250,10,2.5,,
2026-10-05T00:33:24.989Z,X1423211,7162,45.40837,9.04089,28464.9,4.7,4.1,101.4,-52.2,1.0,-1.0,RS41-SG,404.900,8.5,250,10,2.6,,
2026-10-05T00:33:25.989Z,X1423211,7163,45.40837,9.04094,28470.3,6.1,3.6,90.2,-52.2,1.0,-1.0,RS41-SG,404.900,8.5,250,10,2.6,,
2026-10-05T00:33:26.989Z,X1423211,7164,45.40837,9.04098,28476.8,6.9,2.8,73.9,-52.2,1.0,-1.0,RS41-SG,404.900,7.9,-125,10,2.5,,
2026-10-05T00:33:27.989Z,X1423211,7165,45.40838,9.04101,28482.7,5.2,2.6,56.6,-52.2,1.0,-1.0,RS41-SG,404.900,8.1,250,10,2.5,,
2026-10-05T00:33:28.989Z,X1423211,7166,45.40839,9.04104,28488.1,5.6,2.9,47.6,-52.3,1.1,-1.0,RS41-SG,404.900,9.4,250,10,2.5,,
2026-10-05T00:33:29.989Z,X1423211,7167,45.40841,9.04107,28494.3,6.8,3.8,55.3,-52.3,1.0,-1.0,RS41-SG,404.900,9.4,250,10,2.6,,
2026-10-05T00:33:30.989Z,X1423211,7168,45.40843,9.04112,28500.9,6.4,4.8,66.6,-52.3,1.0,-1.0,RS41-SG,404.900,9.7,250,10,2.6,,
2026-10-05T00:33:31.989Z,X1423211,7169,45.40845,9.04118,28506.5,5.0,5.7,74.8,-52.3,1.0,-1.0,RS41-SG,404.900,9.7,250,10,2.5,,
2026-10-05T00:33:32.989Z,X1423211,7170,45.40846,9.04126,28511.8,5.6,6.0,80.7,-52.3,1.0,-1.0,RS41-SG,404.900,9.7,250,10,2.5,,
2026-10-05T00:33:33.989Z,X1423211,7171,45.40846,9.04133,28518.0,6.8,5.5,86.3,-52.3,1.0,-1.0,RS41-SG,404.900,9.5,250,10,2.5,,
2026-10-05T00:33:34.989Z,X1423211,7172,45.40846,9.04140,28524.1,5.6,4.8,91.8,-52.3,1.0,-1.0,RS41-SG,404.900,9.6,250,10,2.6,,
2026-10-05T00:33:35.989Z,X1423211,7173,45.40846,9.04145,28529.4,5.0,4.4,98.5,-52.3,1.0,-1.0,RS41-SG,404.900,9.8,250,10,2.6,,
2026-10-05T00:33:36.989Z,X1423211,7174,45.40845,9.04151,28534.9,6.0,4.6,106.6,-52.3,1.0,-1.0,RS41-SG,404.900,9.8,250,10,2.5,,
2026-10-05T00:33:37.989Z,X1423211,7175,45.40844,9.04157,28541.3,6.9,5.6,110.5,-52.3,1.0,-1.0,RS41-SG,404.900,9.1,250,10,2.5,,
2026-10-05T00:33:38.989Z,X1423211,7176,45.40842,9.04164,28547.6,5.7,6.3,110.0,-52.3,1.0,-1.0,RS41-SG,404.900,9.1,250,10,2.5,,
2026-10-05T00:33:39.989Z,X1423211,7177,45.40840,9.04172,28553.1,5.4,6.5,107.7,-52.3,1.0,-1.0,RS41-SG,404.900,9.7,250,10,2.6,,
2026-10-05T00:33:40.989Z,X1423211,7178,45.40838,9.04180,28558.5,5.4,6.0,105.2,-52.3,1.0,-1.0,RS41-SG,404.900,9.8,250,10,2.6,,
2026-10-05T00:33:41.989Z,X1423211,7179,45.40837,9.04186,28564.4,6.4,4.8,100.6,-52.3,1.0,-1.0,RS41-SG,404.900,9.8,250,10,2.5,,
2026-10-05T00:33:42.989Z,X1423211,7180,45.40837,9.04192,28570.5,5.8,3.9,93.8,-52.4,1.0,-1.0,RS41-SG,404.900,9.9,250,10,2.5,,
2026-10-05T00:33:43.989Z,X1423211,7181,45.40837,9.04196,28575.6,4.4,3.7,89.6,-52.4,1.1,-1.0,RS41-SG,404.900,9.9,250,10,2.5,,
2026-10-05T00:33:44.989Z,X1423211,7182,45.40837,9.04202,28580.5,5.3,4.5,89.0,-52.4,1.1,-1.0,RS41-SG,404.900,8.9,250,10,2.6,,
2026-10-05T00:33:45.989Z,X1423211,7183,45.40836,9.04209,28586.3,6.3,6.3,93.8,-52.4,1.1,-1.0,RS41-SG,404.900,8.9,250,10,2.6,,
2026-10-05T00:33:46.989Z,X1423211,7184,45.40836,9.04218,28592.6,6.1,8.4,99.4,-52.5,1.1,-1.0,RS41-SG,404.900,9.4,250,10,2.5,,
2026-10-05T00:33:47.989Z,X1423211,7185,45.40834,9.04229,28598.1,4.7,9.6,104.2,-52.5,1.1,-1.0,RS41-SG,404.900,9.8,250,10,2.5,,
2026-10-05T00:33:48.989Z,X1423211,7186,45.40831,9.04241,28602.7,4.7,10.4,109.0,-52.5,1.1,-1.0,RS41-SG,404.900,9.8,250,10,2.5,,
2026-10-05T00:33:49.989Z,X1423211,7187,45.40828,9.04253,28608.1,6.1,9.9,114.3,-52.5,1.0,-1.0,RS41-SG,404.900,9.3,250,10,2.5,,
2026-10-05T00:33:50.989Z,X1423211,7188,45.40824,9.04264,28614.5,6.7,8.3,119.2,-52.6,1.1,-1.0,RS41-SG,404.900,8.8,250,10,2.6,,
2026-10-05T00:33:51.989Z,X1423211,7189,45.40821,9.04272,28620.1,4.7,7.0,122.6,-52.6,1.1,-1.0,RS41-SG,404.900,8.6,250,10,2.6,,
2026-10-05T00:33:52.989Z,X1423211,7190,45.40818,9.04279,28624.7,4.6,5.9,126.5,-52.6,1.1,-1.0,RS41-SG,404.900,8.4,250,10,2.6,,
2026-10-05T00:33:53.989Z,X1423211,7191,45.40815,9.04285,28629.6,5.4,5.5,126.9,-52.5,1.1,-1.0,RS41-SG,404.900,8.4,250,10,2.5,,
2026-10-05T00:33:54.989Z,X1423211,7192,45.40812,9.04291,28635.6,6.8,6.0,120.7,-52.5,1.0,-1.0,RS41-SG,404.900,8.4,250,10,2.5,,
2026-10-05T00:33:55.989Z,X1423211,7193,45.40809,9.04298,28641.9,5.6,6.8,115.3,-52.5,1.1,-1.0,RS41-SG,404.900,8.4,250,10,2.5,,
2026-10-05T00:33:56.989Z,X1423211,7194,45.40807,9.04306,28647.2,5.1,7.3,109.0,-52.5,1.0,-1.0,RS41-SG,404.900,8.7,-125,10,2.5,,
2026-10-05T00:33:57.989Z,X1423211,7195,45.40805,9.04315,28652.4,5.4,7.6,102.3,-52.4,1.1,-1.0,RS41-SG,404.900,8.7,-125,10,2.6,,
2026-10-05T00:33:58.989Z,X1423211,7196,45.40804,9.04325,28658.4,6.6,7.3,93.9,-52.5,1.1,-1.0,RS41-SG,404.900,8.6,-125,10,2.6,,
2026-10-05T00:33:59.989Z,X1423211,7197,45.40804,9.04334,28664.2,5.0,7.1,88.8,-52.5,1.1,-1.0,RS41-SG,404.900,8.3,-125,10,2.5,,
2026-10-05T00:34:00.989Z,X1423211,7198,45.40804,9.04343,28669.3,5.2,7.2,87.4,-52.5,1.0,-1.0,RS41-SG,404.900,9.1,250,10,2.5,,
2026-10-05T00:34:01.989Z,X1423211,7199,45.40804,9.04353,28675.3,6.7,7.9,93.7,-52.6,1.0,-1.0,RS41-SG,404.900,9.1,250,10,2.5,,
2026-10-05T00:34:02.989Z,X1423211,7200,45.40803,9.04363,28681.6,6.1,8.9,101.9,-52.6,1.1,-1.0,RS41-SG,404.900,9.5,250,10,2.6,,
2026-10-05T00:34:03.989Z,X1423211,7201,45.40801,9.04375,28686.9,4.5,9.6,108.9,-52.6,1.1,-1.0,RS41-SG,404.900,9.8,250,10,2.6,,
2026-10-05T00:34:04.989Z,X1423211,7202,45.40797,9.04386,28692.2,6.0,9.9,118.1,-52.6,1.1,-1.0,RS41-SG,404.900,10.5,250,10,2.5,,
2026-10-05T00:34:05.989Z,X1423211,7203,45.40793,9.04396,28698.6,6.6,9.3,127.2,-52.6,1.1,-1.0,RS41-SG,404.900,10.5,250,10,2.5,,
2026-10-05T00:34:06.989Z,X1423211,7204,45.40787,9.04405,28704.2,4.6,8.7,133.4,-52.6,1.1,-1.0,RS41-SG,404.900,9.7,250,10,2.5,,
2026-10-05T00:34:07.989Z,X1423211,7205,45.40782,9.04412,28709.2,5.2,8.4,139.7,-52.7,1.1,-1.0,RS41-SG,404.900,9.3,250,10,2.6,,
2026-10-05T00:34:08.989Z,X1423211,7206,45.40776,9.04419,28714.9,6.3,8.8,141.5,-52.7,1.1,-1.0,RS41-SG,404.900,9.3,250,10,2.6,,
2026-10-05T00:34:09.989Z,X1423211,7207,45.40770,9.04426,28721.1,5.9,9.4,140.7,-52.7,1.1,-1.0,RS41-SG,404.900,9.1,250,10,2.5,,
2026-10-05T00:34:10.989Z,X1423211,7208,45.40763,9.04434,28726.5,4.9,9.6,138.3,-52.7,1.1,-1.0,RS41-SG,404.900,8.9,-125,10,2.5,,
2026-10-05T00:34:11.989Z,X1423211,7209,45.40757,9.04442,28731.7,5.5,9.3,136.0,-52.7,1.1,-1.0,RS41-SG,404.900,8.9,250,10,2.5,,
2026-10-05T00:34:12.989Z,X1423211,7210,45.40751,9.04450,28737.7,6.4,8.2,134.4,-52.6,1.0,-1.0,RS41-SG,404.900,9.2,-125,10,2.6,,
2026-10-05T00:34:13.989Z,X1423211,7211,45.40747,9.04457,28743.6,5.4,7.3,133.0,-52.6,1.1,-1.0,RS41-SG,404.900,9.2,250,10,2.6,,
2026-10-05T00:34:14.989Z,X1423211,7212,45.40742,9.04464,28748.8,5.1,7.0,128.9,-52.6,1.1,-1.0,RS41-SG,404.900,9.0,250,10,2.5,,
2026-10-05T00:34:15.989Z,X1423211,7213,45.40739,9.04472,28754.3,5.8,7.5,122.4,-52.6,1.1,-1.0,RS41-SG,404.900,8.6,250,10,2.5,,
2026-10-05T00:34:16.989Z,X1423211,7214,45.40735,9.04481,28760.4,6.3,9.0,118.3,-52.6,1.1,-1.0,RS41-SG,404.900,8.9,-125,10,2.5,,
2026-10-05T00:34:17.989Z,X1423211,7215,45.40731,9.04492,28766.3,5.4,10.4,116.9,-52.6,1.0,-1.0,RS41-SG,404.900,9.0,-125,10,2.6,,
2026-10-05T00:34:18.989Z,X1423211,7216,45.40726,9.04504,28771.1,4.2,11.3,118.5,-52.6,1.1,-1.0,RS41-SG,404.900,9.7,250,10,2.6,,
2026-10-05T00:34:19.989Z,X1423211,7217,45.40721,9.04516,28775.8,5.4,11.5,122.9,-52.6,1.1,-1.0,RS41-SG,404.900,9.7,250,10,2.5,,
2026-10-05T00:34:20.989Z,X1423211,7218,45.40715,9.04528,28781.9,6.6,10.6,129.9,-52.5,1.1,-1.0,RS41-SG,404.900,9.7,250,10,2.5,,
2026-10-05T00:34:21.989Z,X1423211,7219,45.40709,9.04537,28787.8,5.2,9.7,137.1,-52.5,1.1,-1.0,RS41-SG,404.900,9.1,250,10,2.5,,
2026-10-05T00:34:22.989Z,X1423211,7220,45.40703,9.04545,28792.8,4.7,9.1,144.5,-52.5,1.1,-1.0,RS41-SG,404.900,9.1,250,10,2.6,,
2026-10-05T00:34:23.989Z,X1423211,7221,45.40696,9.04551,28798.1,5.9,8.9,149.6,-52.5,1.0,-1.0,RS41-SG,404.900,8.3,250,10,2.6,,
2026-10-05T00:34:24.989Z,X1423211,7222,45.40689,9.04557,28804.2,6.1,9.3,149.0,-52.4,1.0,-1.0,RS41-SG,404.900,8.2,250,10,2.5,,
2026-10-05T00:34:25.989Z,X1423211,7223,45.40682,9.04563,28809.6,4.5,9.5,146.6,-52.4,1.1,-1.0,RS41-SG,404.900,8.6,250,10,2.5,,
2026-10-05T00:34:26.989Z,X1423211,7224,45.40675,9.04570,28814.6,5.4,9.5,144.8,-52.3,1.0,-1.0,RS41-SG,404.900,9.1,250,10,2.5,,
2026-10-05T00:34:27.989Z,X1423211,7225,45.40668,9.04577,28820.5,6.3,9.0,144.2,-52.3,1.0,-1.0,RS41-SG,404.900,9.1,250,10,2.6,,
2026-10-05T00:34:28.989Z,X1423211,7226,45.40662,9.04583,28826.1,4.9,8.6,144.6,-52.3,1.0,-1.0,RS41-SG,404.900,8.6,250,10,2.6,,
2026-10-05T00:34:29.989Z,X1423211,7227,45.40655,9.04590,28831.0,4.9,8.9,142.8,-52.3,1.0,-1.0,RS41-SG,404.900,7.8,250,10,2.5,,
2026-10-05T00:34:30.989Z,X1423211,7228,45.40649,9.04597,28836.5,6.0,9.8,139.0,-52.3,1.0,-1.0,RS41-SG,404.900,7.9,250,10,2.5,,
2026-10-05T00:34:31.989Z,X1423211,7229,45.40642,9.04607,28842.5,6.0,11.3,135.9,-52.3,1.0,-1.0,RS41-SG,404.900,8.7,-125,10,2.5,,
2026-10-05T00:34:32.989Z,X1423211,7230,45.40634,9.04617,28847.8,4.7,12.2,134.2,-52.3,1.1,-1.0,RS41-SG,404.900,8.7,250,10,2.6,,
2026-10-05T00:34:33.989Z,X1423211,7231,45.40627,9.04628,28852.9,5.6,12.6,135.7,-52.3,1.0,-1.0,RS41-SG,404.900,8.0,250,10,2.6,,
2026-10-05T00:34:34.989Z,X1423211,7232,45.40618,9.04639,28858.9,6.5,12.0,140.3,-52.2,1.0,-1.0,RS41-SG,404.900,8.7,250,10,2.5,,
2026-10-05T00:34:35.989Z,X1423211,7233,45.40610,9.04648,28865.0,5.4,11.2,145.6,-52.2,1.0,-1.0,RS41-SG,404.900,9.8,250,10,2.5,,
2026-10-05T00:34:36.989Z,X1423211,7234,45.40602,9.04655,28869.9,4.3,10.4,150.0,-52.2,1.0,-1.0,RS41-SG,404.900,10.6,250,10,2.5,,
2026-10-05T00:34:37.989Z,X1423211,7235,45.40594,9.04661,28874.5,4.9,10.1,151.9,-52.2,1.0,-1.0,RS41-SG,404.900,10.6,250,10,2.6,,
2026-10-05T00:34:38.989Z,X1423211,7236,45.40586,9.04668,28879.7,5.4,10.2,149.4,-52.2,1.0,-1.0,RS41-SG,404.900,10.5,250,10,2.6,,
2026-10-05T00:34:39.989Z,X1423211,7237,45.40578,9.04675,28885.3,5.8,10.8,144.7,-52.2,1.0,-1.0,RS41-SG,404.900,10.4,250,10,2.5,,
2026-10-05T00:34:40.989Z,X1423211,7238,45.40570,9.04683,28890.9,5.5,11.5,141.9,-52.2,1.0,-1.0,RS41-SG,404.900,10.4,250,9,2.5,,
2026-10-05T00:34:41.989Z,X1423211,7239,45.40562,9.04693,28895.7,4.2,12.0,141.7,-52.2,1.0,-1.0,RS41-SG,404.900,9.7,250,10,2.5,,
2026-10-05T00:34:42.989Z,X1423211,7240,45.40553,9.04702,28900.1,4.2,12.1,143.9,-52.2,1.0,-1.0,RS41-SG,404.900,9.7,250,10,2.6,,
2026-10-05T00:34:43.989Z,X1423211,7241,45.40544,9.04710,28904.9,5.3,11.7,149.3,-52.2,1.0,-1.0,RS41-SG,404.900,9.5,250,10,2.6,,
2026-10-05T00:34:44.989Z,X1423211,7242,45.40535,9.04717,28910.3,5.6,10.9,155.5,-52.2,1.0,-1.0,RS41-SG,404.900,9.5,250,10,2.5,,
2026-10-05T00:34:45.989Z,X1423211,7243,45.40527,9.04722,28915.5,4.7,9.8,160.1,-52.2,1.0,-1.0,RS41-SG,404.900,8.7,250,10,2.5,,
2026-10-05T00:34:46.989Z,X1423211,7244,45.40519,9.04726,28920.4,5.0,8.3,159.8,-52.2,1.0,-1.0,RS41-SG,404.900,9.0,250,10,2.5,,
2026-10-05T00:34:47.989Z,X1423211,7245,45.40513,9.04730,28925.8,5.9,6.9,150.5,-52.1,1.0,-1.0,RS41-SG,404.900,9.2,-125,10,2.6,,
2026-10-05T00:34:48.989Z,X1423211,7246,45.40508,9.04735,28931.7,5.9,6.7,134.8,-52.2,1.0,-1.0,RS41-SG,404.900,9.5,250,10,2.6,,
2026-10-05T00:34:49.989Z,X1423211,7247,45.40504,9.04742,28936.8,4.4,7.3,123.8,-52.1,1.0,-1.0,RS41-SG,404.900,9.5,250,10,2.5,,
2026-10-05T00:34:50.989Z,X1423211,7248,45.40501,9.04750,28941.2,4.4,8.2,121.4,-52.1,1.0,-1.0,RS41-SG,404.900,8.6,250,10,2.5,,
2026-10-05T00:34:51.989Z,X1423211,7249,45.40496,9.04759,28946.1,5.4,9.0,127.7,-52.1,1.0,-1.0,RS41-SG,404.900,9.4,250,10,2.5,,
2026-10-05T00:34:52.989Z,X1423211,7250,45.40490,9.04768,28952.0,6.3,9.8,138.3,-52.1,1.0,-1.0,RS41-SG,404.900,9.4,250,10,2.6,,
2026-10-05T00:34:53.989Z,X1423211,7251,45.40483,9.04776,28957.8,5.5,10.7,147.5,-52.1,1.0,-1.0,RS41-SG,404.900,9.5,250,10,2.6,,
2026-10-05T00:34:54.989Z,X1423211,7252,45.40474,9.04783,28962.4,3.9,11.3,152.9,-52.1,1.0,-1.0,RS41-SG,404.900,10.1,250,10,2.5,,
2026-10-05T00:34:55.989Z,X1423211,7253,45.40465,9.04789,28966.7,4.7,11.6,155.0,-52.0,1.0,-1.0,RS41-SG,404.900,10.4,250,10,2.5,,
2026-10-05T00:34:56.989Z,X1423211,7254,45.40456,9.04796,28972.2,6.5,11.2,151.9,-52.0,1.0,-1.0,RS41-SG,404.900,10.4,250,10,2.5,,
2026-10-05T00:34:57.989Z,X1423211,7255,45.40448,9.04803,28978.3,5.6,10.6,145.8,-52.1,1.0,-1.0,RS41-SG,404.900,9.8,250,10,2.5,,
2026-10-05T00:34:58.989Z,X1423211,7256,45.40440,9.04811,28983.6,4.9,9.9,139.3,-52.1,1.0,-1.0,RS41-SG,404.900,9.8,250,10,2.6,,
2026-10-05T00:34:59.989Z,X1423211,7257,45.40434,9.04819,28988.9,5.8,8.9,134.6,-52.1,1.0,-1.0,RS41-SG,404.900,9.2,250,10,2.6,,
2026-10-05T00:35:00.989Z,X1423211,7258,45.40429,9.04826,28995.0,6.4,8.1,134.8,-52.1,1.0,-1.0,RS41-SG,404.900,8.9,250,10,2.6,,
2026-10-05T00:35:01.989Z,X1423211,7259,45.40424,9.04833,29000.4,4.3,7.4,136.8,-52.1,1.0,-1.0,RS41-SG,404.900,8.9,250,10,2.5,,
2026-10-05T00:35:02.989Z,X1423211,7260,45.40419,9.04840,29004.8,4.5,6.9,137.2,-52.2,1.0,-1.0,RS41-SG,404.900,9.1,250,10,2.5,,
2026-10-05T00:35:03.989Z,X1423211,7261,45.40415,9.04846,29009.9,5.7,6.5,132.3,-52.2,1.0,-1.0,RS41-SG,404.900,9.4,250,10,2.5,,
2026-10-05T00:35:04.989Z,X1423211,7262,45.40411,9.04852,29015.8,6.0,6.5,125.0,-52.2,1.0,-1.0,RS41-SG,404.900,9.8,250,10,2.5,,
2026-10-05T00:35:05.989Z,X1423211,7263,45.40408,9.04859,29021.5,5.5,6.6,121.7,-52.2,1.1,-1.0,RS41-SG,404.900,9.8,250,10,2.6,,
2026-10-05T00:35:06.989Z,X1423211,7264,45.40405,9.04866,29027.1,5.8,6.7,125.8,-52.2,1.0,-1.0,RS41-SG,404.900,10.1,250,10,2.6,,
2026-10-05T00:35:07.989Z,X1423211,7265,45.40401,9.04873,29033.1,6.3,6.9,135.6,-52.2,1.0,-1.0,RS41-SG,404.900,10.1,250,10,2.5,,
2026-10-05T00:35:08.989Z,X1423211,7266,45.40396,9.04879,29039.0,5.7,7.5,144.5,-52.2,1.0,-1.0,RS41-SG,404.900,9.7,250,10,2.5,,
2026-10-05T00:35:09.989Z,X1423211,7267,45.40390,9.04884,29044.1,4.6,8.2,148.5,-52.3,1.0,-1.0,RS41-SG,404.900,9.6,250,10,2.5,,
2026-10-05T00:35:10.989Z,X1423211,7268,45.40383,9.04890,29048.9,5.1,8.8,147.2,-52.3,1.0,-1.0,RS41-SG,404.900,9.0,250,10,2.6,,
2026-10-05T00:35:11.989Z,X1423211,7269,45.40377,9.04897,29054.7,6.5,9.2,138.5,-52.2,1.0,-1.0,RS41-SG,404.900,9.6,250,10,2.6,,
2026-10-05T00:35:12.989Z,X1423211,7270,45.40371,9.04905,29060.6,5.3,9.3,129.3,-52.2,1.0,-1.0,RS41-SG,404.900,10.0,250,10,2.5,,
2026-10-05T00:35:13.989Z,X1423211,7271,45.40366,9.04915,29065.6,4.6,9.1,121.0,-52.2,1.0,-1.0,RS41-SG,404.900,10.0,250,10,2.5,,
2026-10-05T00:35:14.989Z,X1423211,7272,45.40363,9.04924,29070.8,5.8,8.3,115.6,-52.2,1.1,-1.0,RS41-SG,404.900,9.8,250,10,2.5,,
2026-10-05T00:35:15.989Z,X1423211,7273,45.40360,9.04933,29076.9,6.5,7.0,115.6,-52.1,1.0,-1.0,RS41-SG,404.900,9.9,250,10,2.6,,
2026-10-05T00:35:16.989Z,X1423211,7274,45.40357,9.04940,29082.9,5.4,5.8,120.0,-52.1,1.0,-1.0,RS41-SG,404.900,9.9,250,10,2.6,,
2026-10-05T00:35:17.989Z,X1423211,7275,45.40355,9.04946,29087.8,4.2,4.9,123.1,-52.1,1.0,-1.0,RS41-SG,404.900,9.5,250,10,2.5,,
2026-10-05T00:35:18.989Z,X1423211,7276,45.40353,9.04951,29092.3,4.8,4.2,120.6,-52.0,1.0,-1.0,RS41-SG,404.900,8.4,250,10,2.5,,
2026-10-05T00:35:19.989Z,X1423211,7277,45.40351,9.04956,29097.6,5.7,4.4,112.6,-51.9,1.0,-1.0,RS41-SG,404.900,8.9,250,10,2.5,,
2026-10-05T00:35:20.989Z,X1423211,7278,45.40349,9.04961,29103.4,5.9,4.9,104.8,-51.9,1.0,-1.0,RS41-SG,404.900,9.5,250,10,2.6,,
2026-10-05T00:35:21.989Z,X1423211,7279,45.40348,9.04968,29108.6,4.5,5.5,102.8,-51.8,1.0,-1.0,RS41-SG,404.900,9.6,250,10,2.6,,
2026-10-05T00:35:22.989Z,X1423211,7280,45.40347,9.04975,29113.1,4.5,5.7,106.7,-51.7,1.0,-1.0,RS41-SG,404.900,10.2,250,10,2.5,,
2026-10-05T00:35:23.989Z,X1423211,7281,45.40345,9.04981,29118.1,5.5,5.6,119.5,-51.7,1.0,-1.0,RS41-SG,404.900,10.2,250,10,2.5,,
2026-10-05T00:35:24.989Z,X1423211,7282,45.40342,9.04987,29123.7,5.7,5.9,135.3,-51.7,1.0,-1.0,RS41-SG,404.900,9.7,250,10,2.5,,
2026-10-05T00:35:25.989Z,X1423211,7283,45.40338,9.04992,29129.1,5.0,6.5,145.9,-51.7,1.0,-1.0,RS41-SG,404.900,9.6,250,10,2.6,,
2026-10-05T00:35:26.989Z,X1423211,7284,45.40333,9.04997,29133.9,4.8,7.1,148.1,-51.7,1.0,-1.0,RS41-SG,404.900,9.6,250,10,2.6,,
2026-10-05T00:35:27.989Z,X1423211,7285,45.40327,9.05002,29139.2,5.7,7.5,142.1,-51.7,1.0,-1.0,RS41-SG,404.900,9.3,250,10,2.5,,
2026-10-05T00:35:28.989Z,X1423211,7286,45.40323,9.05009,29145.3,6.5,7.4,129.3,-51.7,1.0,-1.0,RS41-SG,404.900,9.3,250,10,2.5,,
2026-10-05T00:35:29.989Z,X1423211,7287,45.40319,9.05016,29151.4,5.7,7.4,115.5,-51.7,1.0,-1.0,RS41-SG,404.900,8.9,250,10,2.5,,
2026-10-05T00:35:30.989Z,X1423211,7288,45.40317,9.05025,29156.4,4.2,7.0,102.6,-51.7,1.0,-1.0,RS41-SG,404.900,9.1,250,10,2.6,,
2026-10-05T00:35:31.989Z,X1423211,7289,45.40316,9.05033,29160.7,4.4,6.0,86.8,-51.7,1.0,-1.0,RS41-SG,404.900,9.1,250,10,2.6,,
2026-10-05T00:35:32.989Z,X1423211,7290,45.40317,9.05040,29165.8,5.8,4.4,67.5,-51.7,1.0,-1.0,RS41-SG,404.900,9.0,250,10,2.5,,
2026-10-05T00:35:33.989Z,X1423211,7291,45.40319,9.05044,29171.5,5.7,3.0,41.1,-51.7,1.0,-1.0,RS41-SG,404.900,8.1,250,10,2.5,,
2026-10-05T00:35:34.989Z,X1423211,7292,45.40321,9.05045,29176.5,4.1,2.3,11.1,-51.7,1.0,-1.0,RS41-SG,404.900,8.1,250,10,2.5,,
2026-10-05T00:35:35.989Z,X1423211,7293,45.40323,9.05045,29181.1,4.9,1.8,349.2,-51.7,1.0,-1.0,RS41-SG,404.900,7.4,250,10,2.6,,
2026-10-05T00:35:36.989Z,X1423211,7294,45.40324,9.05045,29186.6,6.0,1.2,2.9,-51.7,1.0,-1.0,RS41-SG,404.900,8.6,250,10,2.6,,
2026-10-05T00:35:37.989Z,X1423211,7295,45.40325,9.05046,29192.7,6.2,1.5,70.6,-51.7,1.0,-1.0,RS41-SG,404.900,8.6,250,10,2.5,,
2026-10-05T00:35:38.989Z,X1423211,7296,45.40325,9.05048,29198.1,4.7,2.7,93.9,-51.7,1.0,-1.0,RS41-SG,404.900,8.5,250,10,2.5,,
2026-10-05T00:35:39.989Z,X1423211,7297,45.40325,9.05052,29202.6,4.1,3.6,103.2,-51.7,1.0,-1.0,RS41-SG,404.900,9.6,-125,10,2.5,,
2026-10-05T00:35:40.989Z,X1423211,7298,45.40324,9.05057,29207.3,5.2,3.9,113.8,-51.7,1.0,-1.0,RS41-SG,404.900,10.3,250,10,2.6,,
2026-10-05T00:35:41.989Z,X1423211,7299,45.40322,9.05061,29212.8,5.8,3.9,126.3,-51.7,1.0,-1.0,RS41-SG,404.900,10.3,250,10,2.6,,
2026-10-05T00:35:42.989Z,X1423211,7300,45.40320,9.05065,29218.6,5.8,3.6,136.8,-51.7,1.0,-1.0,RS41-SG,404.900,9.4,250,10,2.5,,
2026-10-05T00:35:43.989Z,X1423211,7301,45.40317,9.05068,29224.1,5.0,3.4,137.2,-51.7,1.0,-1.0,RS41-SG,404.900,9.2,250,10,2.5,,
2026-10-05T00:35:44.989Z,X1423211,7302,45.40315,9.05071,29229.5,5.8,3.5,121.1,-51.8,1.0,-1.0,RS41-SG,404.900,9.3,-125,10,2.5,,
2026-10-05T00:35:45.989Z,X1423211,7303,45.40314,9.05076,29235.9,6.9,4.4,100.3,-51.8,1.0,-1.0,RS41-SG,404.900,9.6,-125,10,2.6,,
2026-10-05T00:35:46.989Z,X1423211,7304,45.40314,9.05082,29242.0,5.4,5.6,89.0,-51.7,1.0,-1.0,RS41-SG,404.900,9.7,250,10,2.6,,
2026-10-05T00:35:47.989Z,X1423211,7305,45.40314,9.05090,29247.1,4.7,6.5,80.5,-51.7,1.0,-1.0,RS41-SG,404.900,9.7,-125,11,2.5,,
2026-10-05T00:35:48.989Z,X1423211,7306,45.40316,9.05098,29252.3,5.6,6.8,74.1,-51.7,1.0,-1.0,RS41-SG,404.900,9.6,-125,11,2.5,,
2026-10-05T00:35:49.989Z,X1423211,7307,45.40318,9.05106,29258.5,6.7,5.8,68.3,-51.7,1.0,-1.0,RS41-SG,404.900,10.0,-125,11,2.5,,
2026-10-05T00:35:50.989Z,X1423211,7308,45.40319,9.05112,29264.3,4.7,4.7,65.4,-51.7,1.0,-1.0,RS41-SG,404.900,10.0,250,11,2.6,,
2026-10-05T00:35:51.989Z,X1423211,7309,45.40321,9.05117,29268.9,4.7,3.8,67.8,-51.7,1.0,-1.0,RS41-SG,404.900,9.6,250,11,2.6,,
2026-10-05T00:35:52.989Z,X1423211,7310,45.40322,9.05121,29274.6,6.4,3.7,77.8,-51.7,1.0,-1.0,RS41-SG,404.900,9.4,250,11,2.5,,
2026-10-05T00:35:53.989Z,X1423211,7311,45.40322,9.05126,29281.0,6.4,4.4,88.3,-51.7,1.0,-1.0,RS41-SG,404.900,9.8,250,11,2.5,,
2026-10-05T00:35:54.989Z,X1423211,7312,45.40322,9.05132,29286.8,5.0,5.0,95.5,-51.7,1.0,-1.0,RS41-SG,404.900,10.1,250,11,2.5,,
2026-10-05T00:35:55.989Z,X1423211,7313,45.40321,9.05139,29292.0,5.3,5.4,100.1,-51.8,1.0,-1.0,RS41-SG,404.900,10.1,250,10,2.6,,
2026-10-05T00:35:56.989Z,X1423211,7314,45.40320,9.05145,29297.9,6.6,5.2,104.8,-51.8,1.1,-1.0,RS41-SG,404.900,9.9,250,11,2.6,,
2026-10-05T00:35:57.989Z,X1423211,7315,45.40319,9.05152,29304.3,6.0,4.9,105.8,-51.8,1.0,-1.0,RS41-SG,404.900,9.3,250,11,2.5,,
2026-10-05T00:35:58.989Z,X1423211,7316,45.40318,9.05158,29310.1,5.8,5.0,102.0,-51.9,1.0,-1.0,RS41-SG,404.900,7.7,-125,11,2.5,,
2026-10-05T00:35:59.989Z,X1423211,7317,45.40317,9.05165,29316.3,6.6,6.1,93.7,-51.9,1.0,-1.0,RS41-SG,404.900,8.4,-125,11,2.5,,
2026-10-05T00:36:00.989Z,X1423211,7318,45.40318,9.05173,29323.1,6.9,7.8,85.9,-52.0,1.0,-1.0,RS41-SG,404.900,9.0,-125,11,2.5,,
2026-10-05T00:36:01.989Z,X1423211,7319,45.40318,9.05184,29329.2,5.1,9.3,81.0,-52.0,1.0,-1.0,RS41-SG,404.900,9.4,250,11,2.6,,
2026-10-05T00:36:02.989Z,X1423211,7320,45.40320,9.05196,29334.2,4.7,10.2,77.8,-52.0,1.0,-1.0,RS41-SG,404.900,9.4,-125,11,2.6,,
2026-10-05T00:36:03.989Z,X1423211,7321,45.40322,9.05209,29339.6,6.1,10.1,75.3,-52.0,1.0,-1.0,RS41-SG,404.900,9.2,250,11,2.6,,
2026-10-05T00:36:04.989Z,X1423211,7322,45.40324,9.05221,29346.0,6.7,8.9,74.1,-52.1,1.0,-1.0,RS41-SG,404.900,9.2,250,11,2.5,,
2026-10-05T00:36:05.989Z,X1423211,7323,45.40326,9.05231,29351.8,4.9,7.8,74.0,-52.0,1.0,-1.0,RS41-SG,404.900,8.7,250,11,2.5,,
2026-10-05T00:36:06.989Z,X1423211,7324,45.40328,9.05240,29356.7,5.0,7.1,74.1,-52.0,1.0,-1.0,RS41-SG,404.900,8.7,-125,11,2.5,,
2026-10-05T00:36:07.989Z,X1423211,7325,45.40330,9.05249,29362.2,5.9,7.1,75.5,-51.9,1.0,-1.0,RS41-SG,404.900,8.2,-125,11,2.5,,
2026-10-05T00:36:09.989Z,X1423211,7327,45.40333,9.05268,29374.5,5.8,8.8,79.6,-51.9,1.0,-1.0,RS41-SG,404.900,7.7,-125,11,2.6,,
2026-10-05T00:36:10.989Z,X1423211,7328,45.40334,9.05280,29380.1,5.5,9.6,85.3,-51.9,1.0,-1.0,RS41-SG,404.900,9.4,-125,11,2.5,,
2026-10-05T00:36:11.989Z,X1423211,7329,45.40334,9.05292,29385.8,5.9,10.3,92.9,-51.9,1.0,-1.0,RS41-SG,404.900,9.4,-125,11,2.5,,
2026-10-05T00:36:12.989Z,X1423211,7330,45.40333,9.05306,29391.9,6.3,10.6,99.6,-51.9,1.0,-1.0,RS41-SG,404.900,9.2,-125,11,2.5,,
2026-10-05T00:36:13.989Z,X1423211,7331,45.40331,9.05319,29397.7,5.2,10.3,102.8,-52.0,1.0,-1.0,RS41-SG,404.900,9.1,-125,11,2.6,,
2026-10-05T00:36:14.989Z,X1423211,7332,45.40329,9.05331,29402.6,4.7,9.7,100.8,-52.0,1.0,-1.0,RS41-SG,404.900,9.0,250,11,2.6,,
2026-10-05T00:36:15.989Z,X1423211,7333,45.40329,9.05343,29407.9,5.7,9.2,89.3,-52.0,1.0,-1.0,RS41-SG,404.900,8.8,-125,11,2.5,,
2026-10-05T00:36:16.989Z,X1423211,7334,45.40330,9.05355,29414.0,6.6,9.6,73.4,-52.0,1.0,-1.0,RS41-SG,404.900,8.4,-125,11,2.5,,
2026-10-05T00:36:17.989Z,X1423211,7335,45.40333,9.05367,29420.0,5.2,10.6,62.6,-52.1,1.0,-1.0,RS41-SG,404.900,8.6,-125,11,2.5,,
2026-10-05T00:36:18.989Z,X1423211,7336,45.40338,9.05379,29425.1,5.1,11.4,56.0,-52.1,1.0,-1.0,RS41-SG,404.900,8.6,-125,11,2.6,,
2026-10-05T00:36:19.989Z,X1423211,7337,45.40344,9.05391,29431.0,6.7,11.3,55.0,-52.2,1.1,-1.0,RS41-SG,404.900,7.8,-125,11,2.6,,
2026-10-05T00:36:20.989Z,X1423211,7338,45.40349,9.05402,29438.3,7.8,10.2,60.5,-52.2,1.1,-1.0,RS41-SG,404.900,8.0,-125,11,2.5,,
2026-10-05T00:36:21.989Z,X1423211,7339,45.40353,9.05413,29445.2,5.9,9.2,70.2,-52.2,1.0,-1.0,RS41-SG,404.900,8.6,250,11,2.5,,
2026-10-05T00:36:22.989Z,X1423211,7340,45.40355,9.05424,29450.4,4.6,8.7,82.7,-52.2,1.0,-1.0,RS41-SG,404.900,8.6,-125,11,2.5,,
2026-10-05T00:36:23.989Z,X1423211,7341,45.40355,9.05435,29455.5,5.5,9.0,95.5,-52.2,1.0,-1.0,RS41-SG,404.900,8.9,250,11,2.6,,
2026-10-05T00:36:24.989Z,X1423211,7342,45.40354,9.05447,29461.7,6.8,9.6,100.9,-52.1,1.0,-1.0,RS41-SG,404.900,8.9,250,11,2.6,,
2026-10-05T00:36:25.989Z,X1423211,7343,45.40352,9.05459,29467.8,5.3,10.0,102.6,-52.0,1.0,-1.0,RS41-SG,404.900,8.5,250,11,2.5,,
2026-10-05T00:36:26.989Z,X1423211,7344,45.40350,9.05472,29473.4,5.9,10.3,105.1,-52.0,1.0,-1.0,RS41-SG,404.900,9.0,250,11,2.5,,
2026-10-05T00:36:27.989Z,X1423211,7345,45.40347,9.05484,29479.7,6.8,10.4,110.0,-52.0,1.0,-1.0,RS41-SG,404.900,9.0,250,11,2.5,,
2026-10-05T00:36:28.989Z,X1423211,7346,45.40344,9.05496,29486.4,6.7,10.1,114.7,-51.9,1.0,-1.0,RS41-SG,404.900,8.3,250,11,2.6,,
2026-10-05T00:36:29.989Z,X1423211,7347,45.40340,9.05508,29492.5,5.6,9.6,116.0,-51.9,1.0,-1.0,RS41-SG,404.900,8.1,250,11,2.6,,
2026-10-05T00:36:30.989Z,X1423211,7348,45.40337,9.05518,29498.5,6.2,8.5,110.9,-51.9,1.0,-1.0,RS41-SG,404.900,8.3,250,11,2.5,,
2026-10-05T00:36:31.989Z,X1423211,7349,45.40335,9.05528,29505.0,6.9,7.6,98.2,-51.9,1.0,-1.0,RS41-SG,404.900,8.7,-125,11,2.5,,
2026-10-05T00:36:32.989Z,X1423211,7350,45.40335,9.05537,29511.5,5.9,7.2,84.3,-51.9,1.0,-1.0,RS41-SG,404.900,8.7,-125,11,2.5,,
2026-10-05T00:36:33.989Z,X1423211,7351,45.40336,9.05546,29517.1,5.5,7.2,75.3,-52.0,1.0,-1.0,RS41-SG,404.900,8.3,250,11,2.6,,
2026-10-05T00:36:34.989Z,X1423211,7352,45.40337,9.05555,29523.0,6.4,7.1,74.8,-52.0,1.0,-1.0,RS41-SG,404.900,8.2,250,11,2.6,,
2026-10-05T00:36:35.989Z,X1423211,7353,45.40339,9.05564,29529.9,7.4,6.9,86.3,-52.0,1.0,-1.0,RS41-SG,404.900,7.7,250,11,2.5,,
2026-10-05T00:36:36.989Z,X1423211,7354,45.40338,9.05573,29536.8,6.6,7.1,101.2,-52.0,1.0,-1.0,RS41-SG,404.900,7.1,250,11,2.5,,
2026-10-05T00:36:37.989Z,X1423211,7355,45.40336,9.05582,29542.8,5.3,7.8,112.6,-52.0,1.0,-1.0,RS41-SG,404.900,8.9,250,11,2.5,,
2026-10-05T00:36:38.989Z,X1423211,7356,45.40333,9.05591,29548.1,5.4,8.8,118.6,-52.0,1.0,-1.0,RS41-SG,404.900,8.9,250,11,2.6,,
2026-10-05T00:36:39.989Z,X1423211,7357,45.40329,9.05601,29554.2,6.9,9.5,118.3,-51.9,1.0,-1.0,RS41-SG,404.900,8.6,250,11,2.6,,
2026-10-05T00:36:41.989Z,X1423211,7359,45.40322,9.05624,29567.2,5.6,9.9,112.9,-51.9,1.0,-1.0,RS41-SG,404.900,8.7,250,11,2.5,,
2026-10-05T00:36:42.989Z,X1423211,7360,45.40318,9.05635,29573.1,6.1,10.0,113.8,-52.0,1.0,-1.0,RS41-SG,404.900,8.7,250,11,2.5,,
2026-10-05T00:36:43.989Z,X1423211,7361,45.40314,9.05647,29579.7,7.1,9.9,118.6,-52.0,1.0,-1.0,RS41-SG,404.900,9.0,250,11,2.6,,
2026-10-05T00:36:44.989Z,X1423211,7362,45.40310,9.05658,29586.6,6.6,9.9,124.2,-52.0,1.0,-1.0,RS41-SG,404.900,9.0,250,11,2.6,,
2026-10-05T00:36:48.989Z,X1423211,7366,45.40292,9.05695,29611.2,6.7,7.8,109.4,-52.0,1.0,-1.0,RS41-SG,404.900,7.0,250,11,2.6,,
2026-10-05T00:36:49.989Z,X1423211,7367,45.40291,9.05705,29617.6,6.0,7.8,102.6,-52.0,1.0,-1.0,RS41-SG,404.900,8.3,-125,11,2.6,,
2026-10-05T00:36:50.989Z,X1423211,7368,45.40289,9.05715,29623.1,4.9,8.1,101.9,-52.0,1.0,-1.0,RS41-SG,404.900,8.3,-125,11,2.5,,
2026-10-05T00:36:51.989Z,X1423211,7369,45.40287,9.05725,29628.7,6.4,8.5,110.4,-52.0,1.0,-1.0,RS41-SG,404.900,8.4,250,11,2.5,,
2026-10-05T00:36:52.989Z,X1423211,7370,45.40283,9.05734,29635.6,7.3,9.2,125.8,-52.0,1.0,-1.0,RS41-SG,404.900,8.5,250,11,2.5,,
2026-10-05T00:36:53.989Z,X1423211,7371,45.40277,9.05744,29642.5,6.5,10.4,137.8,-52.0,1.0,-1.0,RS41-SG,404.900,8.7,250,11,2.6,,
2026-10-05T00:36:54.989Z,X1423211,7372,45.40270,9.05752,29648.2,4.9,11.6,144.7,-52.1,1.1,-1.0,RS41-SG,404.900,8.7,250,11,2.6,,
2026-10-05T00:36:55.989Z,X1423211,7373,45.40261,9.05761,29653.3,5.3,12.5,146.9,-52.1,1.0,-1.0,RS41-SG,404.900,8.6,250,11,2.5,,
2026-10-05T00:36:56.989Z,X1423211,7374,45.40251,9.05770,29659.1,6.3,12.8,144.1,-52.1,1.1,-1.0,RS41-SG,404.900,8.8,250,11,2.5,,
2026-10-05T00:36:57.989Z,X1423211,7375,45.40243,9.05780,29665.8,7.2,12.4,136.7,-52.1,1.0,-1.0,RS41-SG,404.900,8.8,250,11,2.5,,
2026-10-05T00:36:58.989Z,X1423211,7376,45.40235,9.05792,29672.4,5.9,11.9,129.3,-52.1,1.0,-1.0,RS41-SG,404.900,8.5,250,11,2.6,,
2026-10-05T00:36:59.989Z,X1423211,7377,45.40229,9.05804,29678.1,5.5,11.7,123.8,-52.1,1.0,-1.0,RS41-SG,404.900,8.5,250,11,2.6,,
2026-10-05T00:37:00.989Z,X1423211,7378,45.40223,9.05816,29683.9,6.0,11.4,122.3,-52.2,1.1,-1.0,RS41-SG,404.900,8.3,250,11,2.5,,
2026-10-05T00:37:01.989Z,X1423211,7379,45.40218,9.05828,29690.4,7.1,11.1,125.4,-52.2,1.1,-1.0,RS41-SG,404.900,8.6,250,11,2.5,,
2026-10-05T00:37:02.989Z,X1423211,7380,45.40212,9.05839,29697.6,7.3,11.0,132.3,-52.2,1.0,-1.0,RS41-SG,404.900,8.6,250,10,2.5,,
2026-10-05T00:37:03.989Z,X1423211,7381,45.40204,9.05848,29704.4,6.2,11.1,138.6,-52.3,1.1,-1.0,RS41-SG,404.900,8.6,250,11,2.6,,
2026-10-05T00:37:06.989Z,X1423211,7384,45.40180,9.05875,29722.5,7.3,11.9,142.1,-52.3,1.1,-1.0,RS41-SG,404.900,8.0,250,11,2.5,,
2026-10-05T00:37:07.989Z,X1423211,7385,45.40171,9.05885,29729.6,6.6,12.1,139.1,-52.3,1.1,-1.0,RS41-SG,404.900,8.0,250,11,2.5,,
2026-10-05T00:37:08.989Z,X1423211,7386,45.40163,9.05895,29735.5,5.1,12.6,137.6,-52.3,1.1,-1.0,RS41-SG,404.900,7.8,250,11,2.6,,
2026-10-05T00:37:09.989Z,X1423211,7387,45.40154,9.05906,29740.9,5.6,13.2,139.7,-52.4,1.1,-1.0,RS41-SG,404.900,8.4,250,11,2.6,,
2026-10-05T00:37:10.989Z,X1423211,7388,45.40145,9.05917,29747.0,6.7,13.9,143.6,-52.4,1.1,-1.0,RS41-SG,404.900,8.4,250,11,2.5,,
2026-10-05T00:37:15.989Z,X1423211,7393,45.40092,9.05967,29780.0,6.1,13.7,137.9,-52.5,1.1,-1.0,RS41-SG,404.900,8.0,250,11,2.5,,
2026-10-05T00:37:16.989Z,X1423211,7394,45.40083,9.05979,29785.4,4.8,13.5,132.8,-52.6,1.0,-1.0,RS41-SG,404.900,8.0,250,11,2.5,,
2026-10-05T00:37:17.989Z,X1423211,7395,45.40075,9.05992,29790.7,5.6,13.6,131.2,-52.6,1.0,-1.0,RS41-SG,404.900,8.2,250,11,2.5,,
2026-10-05T00:37:18.989Z,X1423211,7396,45.40067,9.06005,29797.0,7.0,14.0,133.9,-52.6,1.1,-1.0,RS41-SG,404.900,8.2,250,11,2.6,,
2026-10-05T00:37:19.989Z,X1423211,7397,45.40057,9.06017,29804.2,7.2,14.3,138.8,-52.6,1.1,-1.0,RS41-SG,404.900,8.2,250,11,2.6,,
2026-10-05T00:37:20.989Z,X1423211,7398,45.40047,9.06029,29810.7,5.9,14.3,142.3,-52.6,1.1,-1.0,RS41-SG,404.900,8.0,250,11,2.5,,
2026-10-05T00:37:21.989Z,X1423211,7399,45.40037,9.06039,29816.9,6.2,13.8,145.2,-52.7,1.1,-1.0,RS41-SG,404.900,7.2,250,11,2.5,,
2026-10-05T00:37:22.989Z,X1423211,7400,45.40027,9.06049,29823.5,7.1,12.6,146.3,-52.7,1.0,-1.0,RS41-SG,404.900,7.5,250,11,2.5,,
2026-10-05T00:37:24.989Z,X1423211,7402,45.40011,9.06065,29836.9,5.2,10.3,145.5,-52.7,1.1,-1.0,RS41-SG,404.900,7.6,250,11,2.6,,
2026-10-05T00:37:25.989Z,X1423211,7403,45.40003,9.06072,29842.1,5.4,9.7,148.2,-52.6,1.1,-1.0,RS41-SG,404.900,8.1,250,11,2.5,,
2026-10-05T00:37:26.989Z,X1423211,7404,45.39996,9.06078,29848.2,6.7,9.9,153.9,-52.5,1.0,-1.0,RS41-SG,404.900,8.1,250,11,2.5,,
2026-10-05T00:37:27.989Z,X1423211,7405,45.39987,9.06083,29855.2,7.2,10.8,158.1,-52.5,1.0,-1.0,RS41-SG,404.900,7.9,250,11,2.5,,
2026-10-05T00:37:28.989Z,X1423211,7406,45.39978,9.06089,29861.8,5.8,11.7,159.2,-52.4,1.0,-1.0,RS41-SG,404.900,7.7,250,11,2.6,,
2026-10-05T00:37:29.989Z,X1423211,7407,45.39968,9.06094,29868.1,6.8,12.3,156.2,-52.4,1.0,-1.0,RS41-SG,404.900,7.6,250,11,2.6,,
2026-10-05T00:37:30.989Z,X1423211,7408,45.39958,9.06102,29875.4,7.8,12.5,149.2,-52.4,1.0,-1.0,RS41-SG,404.900,7.7,250,11,2.5,,
2026-10-05T00:37:31.989Z,X1423211,7409,45.39949,9.06111,29882.5,6.5,12.3,142.7,-52.4,1.0,-1.0,RS41-SG,404.900,7.8,250,11,2.5,,
2026-10-05T00:37:32.989Z,X1423211,7410,45.39940,9.06121,29888.4,5.3,12.4,137.2,-52.4,1.0,-1.0,RS41-SG,404.900,8.2,250,11,2.5,,
2026-10-05T00:37:33.989Z,X1423211,7411,45.39932,9.06132,29894.1,6.2,12.3,134.3,-52.4,1.0,-1.0,RS41-SG,404.900,8.2,250,11,2.6,,
2026-10-05T00:37:34.989Z,X1423211,7412,45.39924,9.06143,29900.9,7.4,12.4,136.0,-52.4,1.0,-1.0,RS41-SG,404.900,8.1,250,11,2.6,,
2026-10-05T00:37:36.989Z,X1423211,7414,45.39908,9.06163,29913.6,5.9,12.1,141.6,-52.4,1.1,-1.0,RS41-SG,404.900,7.8,250,11,2.5,,
2026-10-05T00:37:37.989Z,X1423211,7415,45.39900,9.06173,29920.2,7.1,11.3,141.7,-52.5,1.1,-1.0,RS41-SG,404.900,8.1,250,11,2.5,,
2026-10-05T00:37:38.989Z,X1423211,7416,45.39892,9.06181,29927.4,7.4,10.2,139.5,-52.5,1.1,-1.0,RS41-SG,404.900,8.1,250,11,2.6,,
2026-10-05T00:37:39.989Z,X1423211,7417,45.39886,9.06190,29933.9,5.5,9.5,137.1,-52.5,1.1,-1.0,RS41-SG,404.900,8.1,250,11,2.6,,
2026-10-05T00:37:40.989Z,X1423211,7418,45.39879,9.06198,29939.7,5.9,9.0,137.5,-52.5,1.0,-1.0,RS41-SG,404.900,8.1,250,11,2.5,,
2026-10-05T00:37:41.989Z,X1423211,7419,45.39873,9.06205,29946.2,7.2,9.2,142.6,-52.6,1.1,-1.0,RS41-SG,404.900,7.6,250,11,2.5,,
2026-10-05T00:37:43.989Z,X1423211,7421,45.39858,9.06218,29960.1,6.0,10.4,152.8,-52.6,1.0,-1.0,RS41-SG,404.900,7.7,250,11,2.6,,
2026-10-05T00:37:45.989Z,X1423211,7423,45.39842,9.06231,29973.6,7.7,10.4,148.2,-52.6,1.0,-1.0,RS41-SG,404.900,7.5,250,11,2.5,,
2026-10-05T00:37:46.989Z,X1423211,7424,45.39834,9.06238,29980.6,6.1,9.9,142.1,-52.6,1.1,-1.0,RS41-SG,404.900,7.5,250,11,2.5,,
2026-10-05T00:37:47.989Z,X1423211,7425,45.39828,9.06246,29986.4,5.5,9.8,137.3,-52.6,1.1,-1.0,RS41-SG,404.900,7.9,250,11,2.5,,
2026-10-05T00:37:48.989Z,X1423211,7426,45.39821,9.06255,29992.5,6.6,9.7,134.6,-52.6,1.1,-1.0,RS41-SG,404.900,8.1,250,11,2.6,,
2026-10-05T00:37:49.989Z,X1423211,7427,45.39815,9.06263,29999.5,7.4,9.9,137.1,-52.7,1.1,-1.0,RS41-SG,404.900,8.1,250,11,2.6,,
2026-10-05T00:37:50.989Z,X1423211,7428,45.39808,9.06272,30006.4,6.4,10.0,140.7,-52.7,1.1,-1.0,RS41-SG,404.900,7.6,-125,11,2.5,,
2026-10-05T00:37:52.989Z,X1423211,7430,45.39795,9.06287,30020.0,7.4,9.7,139.9,-52.8,1.1,-1.0,RS41,404.900,7.9,250,11,2.5,,
2026-10-05T00:37:55.989Z,X1423211,7433,45.39778,9.06313,30039.6,5.8,8.8,130.0,-52.8,1.1,-1.0,RS41,404.900,7.6,250,11,2.5,,
2026-10-05T00:37:56.989Z,X1423211,7434,45.39773,9.06321,30046.0,7.0,8.9,134.1,-52.9,1.1,-1.0,RS41,404.900,7.6,250,11,2.5,,
2026-10-05T00:37:57.989Z,X1423211,7435,45.39767,9.06329,30053.0,7.0,9.1,140.6,-52.9,1.1,-1.0,RS41,404.900,7.4,250,11,2.5,,
2026-10-05T00:38:04.989Z,X1423211,7442,45.39733,9.06383,30097.7,7.5,8.6,119.1,-52.9,1.1,-1.0,RS41,404.900,7.4,250,11,2.6,,
2026-10-05T00:38:07.989Z,X1423211,7445,45.39716,9.06412,30117.1,5.9,11.5,134.9,-53.0,1.1,-1.0,RS41,404.900,7.0,-125,11,2.5,,
2026-10-05T00:38:11.989Z,X1423211,7449,45.39688,9.06457,30143.1,6.0,11.4,129.2,-52.7,1.0,-1.0,RS41,404.900,6.7,250,11,2.5,,
2026-10-05T00:38:19.989Z,X1423211,7457,45.39638,9.06542,30195.1,6.4,12.1,117.2,-52.5,1.0,-1.0,RS41,404.900,7.1,250,11,2.6,,
2026-10-05T00:38:34.989Z,X1423211,7472,45.39516,9.06715,30294.5,6.1,13.7,126.1,-52.6,1.1,-1.0,RS41,404.900,6.6,250,11,2.6,,
2026-10-05T00:38:35.989Z,X1423211,7473,45.39509,9.06729,30301.4,7.6,13.9,128.8,-52.6,1.0,-1.0,RS41,404.900,7.4,250,11,2.5,,
2026-10-05T00:38:36.989Z,X1423211,7474,45.39501,9.06742,30308.7,7.0,13.9,133.1,-52.6,1.0,-1.0,RS41,404.900,7.4,250,11,2.5,,
2026-10-05T00:38:37.989Z,X1423211,7475,45.39492,9.06755,30315.0,5.6,13.8,137.1,-52.6,1.1,-1.0,RS41,404.900,7.5,250,11,2.5,,
2026-10-05T00:38:41.989Z,X1423211,7479,45.39459,9.06797,30341.1,6.3,11.3,138.0,-52.4,1.0,-1.0,RS41,404.900,7.2,250,11,2.5,,
2026-10-05T00:38:42.989Z,X1423211,7480,45.39451,9.06806,30347.9,7.2,11.4,141.7,-52.4,1.0,-1.0,RS41,404.900,7.7,250,11,2.5,,
2026-10-05T00:38:48.989Z,X1423211,7486,45.39391,9.06865,30388.1,5.8,14.8,136.4,-52.2,1.0,-1.0,RS41,404.900,7.2,250,11,2.6,,
2026-10-05T00:38:49.989Z,X1423211,7487,45.39382,9.06878,30394.0,6.3,14.7,135.3,-52.1,1.0,-1.0,RS41,404.900,7.2,250,11,2.6,,
2026-10-05T00:38:50.989Z,X1423211,7488,45.39372,9.06891,30401.0,7.5,14.3,138.3,-52.0,1.0,-1.0,RS41,404.900,7.2,250,11,2.5,,
2026-10-05T00:39:04.989Z,X1423211,7502,45.39233,9.06991,30493.2,5.7,14.1,145.0,-52.0,1.0,-1.0,RS41,404.900,7.2,250,11,2.6,,
2026-10-05T00:39:07.989Z,X1423211,7505,45.39203,9.07017,30513.4,6.6,12.3,157.1,-52.0,1.0,-1.0,RS41,404.900,7.1,250,11,2.5,,
2026-10-05T00:39:08.989Z,X1423211,7506,45.39193,9.07022,30519.5,5.7,11.9,163.0,-52.1,1.0,-1.0,RS41,404.900,7.5,250,11,2.6,,
2026-10-05T00:39:11.989Z,X1423211,7509,45.39165,9.07033,30538.8,6.8,9.6,162.7,-52.2,1.0,-1.0,RS41,404.900,6.6,250,11,2.5,,
2026-10-05T00:39:13.989Z,X1423211,7511,45.39149,9.07041,30550.8,5.5,9.3,157.7,-52.2,1.0,-1.0,RS41,404.900,7.0,250,12,2.6,,
2026-10-05T00:39:15.989Z,X1423211,7513,45.39132,9.07050,30563.4,7.3,11.7,164.8,-52.3,1.1,-1.0,RS41,404.900,7.1,250,12,2.5,,
2026-10-05T00:39:16.989Z,X1423211,7514,45.39121,9.07053,30570.4,6.8,13.2,167.9,-52.3,1.0,-1.0,RS41,404.900,7.6,250,12,2.5,,
2026-10-05T00:39:17.989Z,X1423211,7515,45.39109,9.07057,30576.6,5.6,14.5,168.3,-52.4,1.0,-1.0,RS41,404.900,7.6,250,12,2.5,,
2026-10-05T00:39:21.989Z,X1423211,7519,45.39058,9.07083,30602.4,5.5,13.8,150.2,-52.6,1.1,-1.0,RS41,404.900,7.0,250,12,2.5,,
2026-10-05T00:39:22.989Z,X1423211,7520,45.39048,9.07091,30608.2,6.1,11.9,148.8,-52.6,1.1,-1.0,RS41,404.900,7.5,250,12,2.5,,
2026-10-05T00:39:31.989Z,X1423211,7529,45.38990,9.07109,30665.9,5.7,11.5,148.0,-52.7,1.1,-1.0,RS41,404.900,7.1,-125,12,2.5,,
2026-10-05T00:39:32.989Z,X1423211,7530,45.38980,9.07118,30671.7,5.8,14.7,148.5,-52.6,1.1,-1.0,RS41,404.900,7.5,250,12,2.5,,
2026-10-05T00:39:33.989Z,X1423211,7531,45.38968,9.07128,30677.6,6.0,17.2,150.7,-52.6,1.0,-1.0,RS41,404.900,7.5,250,11,2.6,,
2026-10-05T00:43:07.989Z,X1423211,7745,45.37882,9.08718,30126.2,-33.4,12.8,137.5,-52.3,1.2,-1.0,RS41,404.900,7.2,250,12,2.5,,
2026-10-05T00:43:08.989Z,X1423211,7746,45.37874,9.08728,30093.7,-32.6,12.1,140.3,-52.6,1.2,-1.0,RS41,404.900,7.3,250,11,2.6,,
2026-10-05T00:43:10.989Z,X1423211,7748,45.37860,9.08748,30025.3,-35.1,10.6,131.7,-52.7,1.2,-1.0,RS41,404.900,7.6,250,10,2.5,,
2026-10-05T00:43:11.989Z,X1423211,7749,45.37855,9.08757,29991.5,-32.7,8.5,129.2,-52.6,1.1,-1.0,RS41,404.900,7.6,250,9,2.5,,
2026-10-05T00:43:12.989Z,X1423211,7750,45.37850,9.08765,29959.8,-31.2,8.1,122.6,-52.6,1.1,-1.0,RS41,404.900,7.4,250,12,2.5,,
2026-10-05T00:43:13.989Z,X1423211,7751,45.37846,9.08773,29931.0,-27.9,7.3,134.4,-52.6,1.1,-1.0,RS41,404.900,7.2,250,12,2.6,,
2026-10-05T00:43:14.989Z,X1423211,7752,45.37841,9.08779,29904.9,-25.5,7.7,130.1,-52.6,1.1,-1.0,RS41,404.900,7.2,250,11,2.6,08:29:38,
2026-10-05T00:43:15.989Z,X1423211,7753,45.37836,9.08786,29880.8,-23.9,8.7,147.2,-52.7,1.1,-1.0,RS41,404.900,7.6,250,10,2.5,08:29:38,
2026-10-05T00:43:16.989Z,X1423211,7754,45.37828,9.08792,29856.9,-24.9,10.3,146.2,-52.8,1.1,-1.0,RS41,404.900,7.6,250,10,2.5,08:29:38,
2026-10-05T00:43:19.989Z,X1423211,7757,45.37798,9.08815,29780.8,-26.4,15.2,151.1,-52.9,1.1,-1.0,RS41,404.900,7.6,250,12,2.6,08:29:38,
2026-10-05T00:43:20.989Z,X1423211,7758,45.37785,9.08824,29753.5,-28.7,16.1,152.4,-52.8,1.1,-1.0,RS41,404.900,7.6,250,12,2.5,08:29:38,
2026-10-05T00:43:23.989Z,X1423211,7761,45.37751,9.08855,29665.5,-29.4,13.7,141.6,-52.4,1.0,-1.0,RS41,404.900,7.6,250,10,2.6,08:29:38,
2026-10-05T00:43:24.989Z,X1423211,7762,45.37743,9.08866,29637.2,-27.7,11.8,130.4,-52.4,1.1,-1.0,RS41,404.900,7.8,-125,11,2.6,08:29:38,
2026-10-05T00:43:25.989Z,X1423211,7763,45.37737,9.08877,29610.8,-26.0,10.4,122.9,-52.4,1.0,-1.0,RS41,404.900,7.8,250,9,2.5,08:29:38,
2026-10-05T00:43:26.989Z,X1423211,7764,45.37733,9.08888,29583.6,-28.1,9.3,116.6,-52.5,1.1,-1.0,RS41,404.900,8.0,250,12,2.5,08:29:38,
2026-10-05T00:43:27.989Z,X1423211,7765,45.37730,9.08898,29555.4,-29.0,8.5,106.7,-52.4,1.0,-1.0,RS41,404.900,8.0,250,12,2.5,08:29:38,
2026-10-05T00:43:30.989Z,X1423211,7768,45.37726,9.08925,29465.8,-31.9,7.1,101.5,-52.3,1.0,-1.0,RS41,404.900,6.5,250,12,2.5,08:29:38,
2026-10-05T00:43:31.989Z,X1423211,7769,45.37726,9.08934,29434.5,-31.6,7.3,89.9,-52.3,1.0,-1.0,RS41,404.900,7.3,250,12,2.5,08:29:38,
2026-10-05T00:43:32.989Z,X1423211,7770,45.37726,9.08944,29402.1,-34.5,8.4,90.4,-52.1,1.0,-1.0,RS41,404.900,7.3,250,10,2.5,08:29:38,
2026-10-05T00:43:33.989Z,X1423211,7771,45.37726,9.08955,29368.7,-33.2,9.5,96.4,-51.9,1.0,-1.0,RS41,404.900,7.0,250,12,2.6,08:29:38,
2026-10-05T00:43:35.989Z,X1423211,7773,45.37726,9.08978,29300.5,-34.8,9.3,88.1,-51.8,1.0,-1.0,RS41,404.900,7.3,250,12,2.5,08:29:38,
2026-10-05T00:43:36.989Z,X1423211,7774,45.37726,9.08990,29266.9,-32.7,10.3,83.5,-51.6,0.9,-1.0,RS41,404.900,7.3,250,11,2.5,08:29:38,
2026-10-05T00:43:37.989Z,X1423211,7775,45.37727,9.09003,29234.3,-33.1,9.9,86.6,-51.4,0.9,-1.0,RS41,404.900,6.9,250,12,2.5,08:29:38,
2026-10-05T00:43:38.989Z,X1423211,7776,45.37728,9.09015,29202.6,-30.8,9.2,83.0,-51.4,1.0,-1.0,RS41,404.900,7.0,250,9,2.6,08:29:38,
2026-10-05T00:43:40.989Z,X1423211,7778,45.37730,9.09034,29137.1,-35.0,6.9,82.6,-51.2,0.9,-1.0,RS41,404.900,7.3,250,12,2.5,08:29:38,
2026-10-05T00:43:41.989Z,X1423211,7779,45.37731,9.09042,29103.3,-32.6,5.1,82.4,-51.1,0.9,-1.0,RS41,404.900,6.9,250,12,2.5,08:29:38,
2026-10-05T00:43:55.989Z,X1423211,7793,45.37670,9.09131,28726.8,-28.2,9.5,146.3,-51.2,0.9,-1.0,RS41,404.900,7.1,250,11,2.5,08:29:38,
