timestamp,serial,frame,lat,lon,alt,vel_v,vel_h,heading,temp,humidity,pressure,type,freq_mhz,snr,f_error_hz,sats,batt_v,burst_timer,aux_data
2026-08-09T12:36:29.005Z,X1422938,7351,45.80218,9.04512,30302.8,5.6,14.8,290.9,-273.0,-1.0,-1.0,RS41,404.900,6.5,625,9,2.6,,
2026-08-09T12:39:12.005Z,X1422938,7514,45.80818,9.01763,31303.7,5.7,12.4,287.7,-273.0,-1.0,-1.0,RS41,404.900,7.1,250,9,2.7,,
2026-08-09T12:39:19.005Z,X1422938,7521,45.80852,9.01670,31345.7,6.5,10.8,284.1,-273.0,-1.0,-1.0,RS41,404.900,6.8,250,9,2.6,,
2026-08-09T12:39:22.005Z,X1422938,7524,45.80853,9.01622,31363.1,5.1,14.2,269.6,-273.0,-1.0,-1.0,RS41,404.900,7.1,250,9,2.7,,
2026-08-09T12:39:26.005Z,X1422938,7528,45.80862,9.01558,31388.7,5.3,11.3,296.2,-273.0,-1.0,-1.0,RS41,404.900,7.0,250,9,2.7,,
2026-08-09T12:39:32.005Z,X1422938,7534,45.80887,9.01480,31427.3,6.9,10.0,283.9,-273.0,-1.0,-1.0,RS41,404.900,6.7,250,9,2.6,,
2026-08-09T12:39:33.005Z,X1422938,7535,45.80888,9.01468,31433.4,5.2,9.4,280.3,-273.0,-1.0,-1.0,RS41,404.900,6.9,250,9,2.6,,
2026-08-09T12:39:36.005Z,X1422938,7538,45.80890,9.01428,31452.0,6.8,12.5,268.5,-273.0,-1.0,-1.0,RS41,404.900,7.2,250,9,2.7,,
2026-08-09T12:39:39.005Z,X1422938,7541,45.80890,9.01377,31471.1,7.1,12.9,275.6,-273.0,-1.0,-1.0,RS41,404.900,7.1,250,9,2.6,,
2026-08-09T12:39:53.005Z,X1422938,7555,45.80895,9.01173,31558.4,7.4,11.7,274.0,-273.0,-1.0,-1.0,RS41,404.900,7.3,250,9,2.7,,
2026-08-09T12:39:54.005Z,X1422938,7556,45.80897,9.01157,31565.2,6.1,12.9,278.8,-273.0,-1.0,-1.0,RS41,404.900,7.3,250,9,2.7,,
2026-08-09T12:39:55.005Z,X1422938,7557,45.80899,9.01140,31570.9,5.2,14.0,282.2,-273.0,-1.0,-1.0,RS41,404.900,8.2,250,9,2.7,,
2026-08-09T12:39:56.005Z,X1422938,7558,45.80902,9.01123,31576.4,5.9,14.5,285.2,-273.0,-1.0,-1.0,RS41,404.900,8.2,250,9,2.6,,
2026-08-09T12:39:59.005Z,X1422938,7561,45.80913,9.01073,31595.9,5.9,12.7,288.3,-273.0,-1.0,-1.0,RS41,404.900,7.6,250,9,2.7,,
2026-08-09T12:40:00.005Z,X1422938,7562,45.80916,9.01057,31601.7,5.8,12.6,285.9,-273.0,-1.0,-1.0,RS41,404.900,7.6,250,9,2.6,,
2026-08-09T12:40:01.005Z,X1422938,7563,45.80919,9.01041,31607.6,6.1,13.5,281.9,-273.0,-1.0,-1.0,RS41,404.900,6.8,250,9,2.6,,
2026-08-09T12:40:02.005Z,X1422938,7564,45.80921,9.01023,31614.1,6.8,15.1,278.2,-273.0,-1.0,-1.0,RS41,404.900,7.7,250,9,2.7,,
2026-08-09T12:40:03.005Z,X1422938,7565,45.80923,9.01003,31620.7,6.4,16.6,275.6,-273.0,-1.0,-1.0,RS41,404.900,7.7,250,9,2.7,,
2026-08-09T12:40:04.005Z,X1422938,7566,45.80924,9.00981,31626.4,4.9,17.4,274.2,-273.0,-1.0,-1.0,RS41,404.900,7.5,250,9,2.7,,
2026-08-09T12:40:07.005Z,X1422938,7569,45.80927,9.00917,31645.3,7.2,14.6,272.4,-273.0,-1.0,-1.0,RS41,404.900,7.3,250,9,2.6,,
2026-08-09T12:40:08.005Z,X1422938,7570,45.80927,9.00900,31651.4,5.2,13.3,273.8,-273.0,-1.0,-1.0,RS41,404.900,8.0,250,9,2.7,,
2026-08-09T12:40:10.005Z,X1422938,7572,45.80930,9.00867,31662.5,6.7,12.7,277.8,-273.0,-1.0,-1.0,RS41,404.900,7.5,250,9,2.7,,
2026-08-09T12:40:11.005Z,X1422938,7573,45.80932,9.00850,31669.5,7.2,14.1,279.8,-273.0,-1.0,-1.0,RS41,404.900,7.5,250,9,2.6,,
2026-08-09T12:40:12.005Z,X1422938,7574,45.80934,9.00832,31676.0,5.9,15.5,280.6,-273.0,-1.0,-1.0,RS41,404.900,7.7,250,9,2.6,,
2026-08-09T12:40:13.005Z,X1422938,7575,45.80937,9.00812,31681.7,5.5,16.4,281.0,-273.0,-1.0,-1.0,RS41,404.900,7.7,250,9,2.6,,
2026-08-09T12:40:16.005Z,X1422938,7578,45.80944,9.00752,31700.9,7.2,14.4,279.3,-273.0,-1.0,-1.0,RS41,404.900,7.5,250,9,2.7,,
2026-08-09T12:40:17.005Z,X1422938,7579,45.80946,9.00734,31707.4,5.7,13.4,278.7,-273.0,-1.0,-1.0,RS41,404.900,7.6,250,9,2.6,,
2026-08-09T12:40:18.005Z,X1422938,7580,45.80948,9.00717,31713.0,5.5,13.0,278.3,-273.0,-1.0,-1.0,RS41,404.900,7.6,250,9,2.6,,
2026-08-09T12:40:19.005Z,X1422938,7581,45.80950,9.00700,31719.0,6.4,13.4,277.4,-273.0,-1.0,-1.0,RS41,404.900,7.3,250,9,2.6,,
2026-08-09T12:40:20.005Z,X1422938,7582,45.80951,9.00683,31725.7,7.1,14.4,277.8,-273.0,-1.0,-1.0,RS41,404.900,7.7,250,9,2.7,,
2026-08-09T12:40:21.005Z,X1422938,7583,45.80953,9.00664,31732.2,5.9,15.4,278.9,-273.0,-1.0,-1.0,RS41-SG,404.900,7.7,250,9,2.7,,
2026-08-09T12:40:22.005Z,X1422938,7584,45.80955,9.00644,31738.2,5.9,16.0,280.2,-273.0,-1.0,-1.0,RS41-SG,404.900,7.6,250,9,2.7,,
2026-08-09T12:40:24.005Z,X1422938,7586,45.80962,9.00605,31751.6,7.1,14.9,285.7,-273.0,-1.0,-1.0,RS41-SG,404.900,7.3,250,9,2.6,,
2026-08-09T12:40:25.005Z,X1422938,7587,45.80965,9.00587,31757.9,5.6,13.9,288.0,-273.0,-1.0,-1.0,RS41-SG,404.900,7.9,250,9,2.7,,
2026-08-09T12:40:26.005Z,X1422938,7588,45.80969,9.00571,31763.5,5.5,13.4,289.5,-273.0,-1.0,-1.0,RS41-SG,404.900,7.9,250,9,2.7,,
2026-08-09T12:40:27.005Z,X1422938,7589,45.80973,9.00554,31769.5,6.7,13.8,289.0,-273.0,-1.0,-1.0,RS41-SG,404.900,7.3,250,9,2.6,,
2026-08-09T12:40:28.005Z,X1422938,7590,45.80977,9.00537,31776.4,7.1,14.7,286.5,-273.0,-1.0,-1.0,RS41-SG,404.900,7.3,250,9,2.6,,
2026-08-09T12:40:37.005Z,X1422938,7599,45.81001,9.00376,31832.5,7.3,14.4,280.0,-273.0,-1.0,-1.0,RS41-SG,404.900,7.6,250,9,2.7,,
2026-08-09T12:40:38.005Z,X1422938,7600,45.81004,9.00358,31839.2,6.0,15.3,280.0,-273.0,-1.0,-1.0,RS41-SG,404.900,7.6,250,9,2.6,,
2026-08-09T12:40:41.005Z,X1422938,7603,45.81013,9.00299,31857.5,7.4,14.6,289.2,-273.0,-1.0,-1.0,RS41-SG,404.900,6.8,250,9,2.7,,
2026-08-09T12:40:42.005Z,X1422938,7604,45.81018,9.00283,31864.4,6.2,13.5,294.4,-38.8,-1.0,-1.0,RS41-SG,404.900,7.8,250,9,2.7,,
2026-08-09T12:40:43.005Z,X1422938,7605,45.81023,9.00268,31870.2,5.4,12.4,299.1,-38.8,-1.0,-1.0,RS41-SG,404.900,7.8,250,9,2.7,,
2026-08-09T12:40:45.005Z,X1422938,7607,45.81033,9.00241,31882.8,7.1,12.3,296.5,-38.8,-1.0,-1.0,RS41-SG,404.900,7.9,250,9,2.6,,
2026-08-09T12:40:46.005Z,X1422938,7608,45.81038,9.00226,31889.7,6.5,12.9,291.7,-38.9,-1.0,-1.0,RS41-SG,404.900,8.3,250,9,2.6,,
2026-08-09T12:40:47.005Z,X1422938,7609,45.81042,9.00210,31895.5,5.3,13.4,287.1,-39.0,-1.0,-1.0,RS41-SG,404.900,8.3,250,9,2.7,,
2026-08-09T12:40:49.005Z,X1422938,7611,45.81048,9.00178,31907.4,6.6,12.5,282.5,-38.9,-1.0,-1.0,RS41-SG,404.900,7.0,250,9,2.7,,
2026-08-09T12:40:50.005Z,X1422938,7612,45.81050,9.00163,31914.3,7.0,11.5,282.7,-39.0,-1.0,-1.0,RS41-SG,404.900,7.8,250,9,2.6,,
2026-08-09T12:40:51.005Z,X1422938,7613,45.81052,9.00149,31920.9,6.0,10.8,282.8,-39.1,-1.0,-1.0,RS41-SG,404.900,7.8,250,9,2.6,,
2026-08-09T12:40:52.005Z,X1422938,7614,45.81054,9.00135,31926.7,5.7,10.7,282.3,-39.1,-1.0,-1.0,RS41-SG,404.900,7.6,250,9,2.7,,
2026-08-09T12:40:53.005Z,X1422938,7615,45.81056,9.00121,31932.6,6.1,11.3,282.1,-39.1,-1.0,-1.0,RS41-SG,404.900,7.6,250,9,2.7,,
2026-08-09T12:40:54.005Z,X1422938,7616,45.81059,9.00107,31939.3,7.0,12.4,282.5,-39.2,-1.0,-1.0,RS41-SG,404.900,7.1,250,9,2.6,,
2026-08-09T12:40:58.005Z,X1422938,7620,45.81074,9.00041,31963.8,6.6,13.4,300.1,-39.4,-1.0,-1.0,RS41-SG,404.900,7.5,250,9,2.7,,
2026-08-09T12:41:00.005Z,X1422938,7622,45.81087,9.00015,31976.3,5.2,11.5,313.7,-39.5,-1.0,-1.0,RS41-SG,404.900,7.7,250,9,2.6,,
2026-08-09T12:41:01.005Z,X1422938,7623,45.81094,9.00005,31982.2,6.4,10.8,314.1,-39.4,-1.0,-1.0,RS41-SG,404.900,7.7,250,9,2.6,,
2026-08-09T12:41:02.005Z,X1422938,7624,45.81100,8.99995,31989.2,7.6,10.4,306.1,-39.4,-1.0,-1.0,RS41-SG,404.900,7.6,250,9,2.7,,
2026-08-09T12:41:03.005Z,X1422938,7625,45.81105,8.99983,31996.8,7.3,10.9,294.8,-39.5,-1.0,-1.0,RS41-SG,404.900,7.4,250,9,2.7,,
2026-08-09T12:41:04.005Z,X1422938,7626,45.81109,8.99970,32002.7,4.7,11.6,287.2,-39.6,-1.0,-1.0,RS41-SG,404.900,7.4,250,9,2.7,,
2026-08-09T12:41:05.005Z,X1422938,7627,45.81111,8.99955,32007.5,4.9,12.5,280.5,-39.5,-1.0,-1.0,RS41-SG,404.900,7.4,250,9,2.6,,
2026-08-09T12:41:07.005Z,X1422938,7629,45.81114,8.99923,32019.7,7.3,12.3,277.8,-39.5,-1.0,-1.0,RS41-SG,404.900,7.1,250,9,2.6,,
2026-08-09T12:41:08.005Z,X1422938,7630,45.81116,8.99908,32026.6,6.3,11.7,280.2,-39.5,-1.0,-1.0,RS41-SG,404.900,7.1,250,9,2.7,,
2026-08-09T12:41:09.005Z,X1422938,7631,45.81118,8.99893,32032.9,6.3,11.5,283.7,-39.5,-1.0,-1.0,RS41-SG,404.900,7.4,250,9,2.7,,
2026-08-09T12:41:10.005Z,X1422938,7632,45.81121,8.99879,32039.6,6.8,11.7,285.7,-39.5,-1.0,-1.0,RS41-SG,404.900,7.4,625,9,2.7,,
2026-08-09T12:41:13.005Z,X1422938,7635,45.81131,8.99835,32058.9,6.2,11.6,289.3,-39.5,-1.0,-1.0,RS41-SG,404.900,7.1,250,9,2.6,,
2026-08-09T12:41:16.005Z,X1422938,7638,45.81140,8.99801,32077.5,6.3,7.3,295.3,-39.2,-1.0,-1.0,RS41-SG,404.900,7.1,250,9,2.7,,
2026-08-09T12:41:17.005Z,X1422938,7639,45.81143,8.99793,32084.0,6.5,6.4,291.2,-39.2,-1.0,-1.0,RS41-SG,404.900,7.8,250,9,2.6,,
2026-08-09T12:41:18.005Z,X1422938,7640,45.81144,8.99785,32090.6,6.7,6.4,280.9,-39.2,-1.0,-1.0,RS41-SG,404.900,7.8,250,9,2.6,,
2026-08-09T12:41:19.005Z,X1422938,7641,45.81145,8.99776,32097.4,6.8,7.5,269.1,-39.2,-1.0,-1.0,RS41-SG,404.900,7.7,250,9,2.7,,
2026-08-09T12:41:21.005Z,X1422938,7643,45.81142,8.99752,32111.3,6.9,11.9,258.3,-39.0,-1.0,-1.0,RS41-SG,404.900,8.2,250,9,2.6,,
2026-08-09T12:41:22.005Z,X1422938,7644,45.81140,8.99736,32118.2,6.9,14.1,259.1,-39.0,-1.0,-1.0,RS41-SG,404.900,8.2,250,9,2.6,,
2026-08-09T12:41:23.005Z,X1422938,7645,45.81138,8.99717,32125.1,6.8,15.6,262.0,-38.9,-1.0,-1.0,RS41-SG,404.900,7.5,250,9,2.7,,
2026-08-09T12:41:27.005Z,X1422938,7649,45.81144,8.99644,32152.9,6.4,11.7,299.3,-38.7,-1.0,-1.0,RS41-SG,404.900,7.0,250,9,2.6,,
2026-08-09T12:41:28.005Z,X1422938,7650,45.81149,8.99633,32158.5,4.7,10.4,309.2,-38.7,-1.0,-1.0,RS41-SG,404.900,8.1,250,8,2.6,,
2026-08-09T12:41:29.005Z,X1422938,7651,45.81155,8.99623,32163.2,4.9,9.2,313.9,-38.7,-1.0,-1.0,RS41-SG,404.900,8.1,250,8,2.7,,
2026-08-09T12:41:30.005Z,X1422938,7652,45.81160,8.99615,32168.7,6.3,8.1,305.9,-38.7,-1.0,-1.0,RS41-SG,404.900,7.7,250,8,2.7,,
2026-08-09T12:41:31.005Z,X1422938,7653,45.81163,8.99606,32175.6,7.3,8.5,287.5,-38.6,-1.0,-1.0,RS41-SG,404.900,7.9,250,8,2.7,,
2026-08-09T12:41:32.005Z,X1422938,7654,45.81164,8.99594,32182.8,7.1,10.5,272.5,-38.6,-1.0,-1.0,RS41-SG,404.900,7.9,250,8,2.6,,
2026-08-09T12:41:33.005Z,X1422938,7655,45.81164,8.99579,32189.0,5.3,12.7,266.8,-38.5,-1.0,-1.0,RS41-SG,404.900,8.0,250,8,2.6,,
2026-08-09T12:41:34.005Z,X1422938,7656,45.81163,8.99561,32194.0,4.6,14.8,265.2,-38.5,-1.0,-1.0,RS41-SG,404.900,8.0,250,8,2.6,,
2026-08-09T12:41:35.005Z,X1422938,7657,45.81163,8.99542,32199.2,5.5,16.2,267.5,-38.4,-1.0,-1.0,RS41-SG,404.900,7.2,250,8,2.7,,
2026-08-09T12:41:36.005Z,X1422938,7658,45.81163,8.99521,32205.4,6.9,16.4,272.9,-38.4,-1.0,-1.0,RS41-SG,404.900,7.1,250,8,2.7,,
2026-08-09T12:41:37.005Z,X1422938,7659,45.81164,8.99500,32212.6,7.4,15.9,280.9,-38.4,-1.0,-1.0,RS41-SG,404.900,7.3,250,8,2.7,,
2026-08-09T12:41:38.005Z,X1422938,7660,45.81168,8.99481,32219.4,6.1,15.3,288.5,-38.4,-1.0,-1.0,RS41-SG,404.900,7.4,250,8,2.6,,
2026-08-09T12:41:39.005Z,X1422938,7661,45.81173,8.99463,32224.7,4.6,14.9,294.8,-38.3,-1.0,-1.0,RS41-SG,404.900,7.4,250,8,2.6,,
2026-08-09T12:41:40.005Z,X1422938,7662,45.81179,8.99446,32229.6,4.9,14.6,298.6,-38.3,-1.0,-1.0,RS41-SG,404.900,7.6,250,8,2.7,,
2026-08-09T12:41:41.005Z,X1422938,7663,45.81185,8.99430,32235.3,6.4,14.3,298.5,-38.3,-1.0,-1.0,RS41-SG,404.900,7.6,250,8,2.7,,
2026-08-09T12:41:42.005Z,X1422938,7664,45.81190,8.99414,32242.1,7.1,14.0,294.0,-38.4,-1.0,-1.0,RS41-SG,404.900,7.7,250,8,2.6,,
2026-08-09T12:41:43.005Z,X1422938,7665,45.81195,8.99397,32249.1,6.8,13.8,289.1,-38.4,-1.0,-1.0,RS41-SG,404.900,7.9,250,8,2.6,,
2026-08-09T12:41:44.005Z,X1422938,7666,45.81199,8.99380,32255.2,5.6,13.8,284.7,-38.4,-1.0,-1.0,RS41-SG,404.900,7.9,250,8,2.7,,
2026-08-09T12:41:45.005Z,X1422938,7667,45.81201,8.99363,32260.9,5.7,13.6,282.0,-38.3,-1.0,-1.0,RS41-SG,404.900,7.0,250,8,2.7,,
2026-08-09T12:41:46.005Z,X1422938,7668,45.81204,8.99346,32267.2,6.8,13.2,282.1,-38.3,-1.0,-1.0,RS41-SG,404.900,7.2,250,8,2.7,,
2026-08-09T12:41:47.005Z,X1422938,7669,45.81206,8.99330,32274.3,7.3,12.7,283.8,-38.2,-1.0,-1.0,RS41-SG,404.900,7.5,250,8,2.6,,
2026-08-09T12:41:48.005Z,X1422938,7670,45.81209,8.99315,32280.9,5.8,12.4,286.0,-38.3,-1.0,-1.0,RS41-SG,404.900,7.6,250,8,2.6,,
2026-08-09T12:41:49.005Z,X1422938,7671,45.81212,8.99300,32286.5,5.4,12.4,286.1,-38.3,-1.0,-1.0,RS41-SG,404.900,7.6,250,8,2.6,,
2026-08-09T12:41:50.005Z,X1422938,7672,45.81215,8.99284,32292.3,6.5,13.1,284.6,-38.2,-1.0,-1.0,RS41-SG,404.900,7.6,250,8,2.7,,
2026-08-09T12:41:56.005Z,X1422938,7678,45.81237,8.99176,32332.4,5.7,13.9,300.6,-38.4,-1.0,-1.0,RS41-SG,404.900,6.8,250,8,2.7,,
2026-08-09T12:41:57.005Z,X1422938,7679,45.81244,8.99161,32337.8,5.2,13.3,305.2,-38.5,-1.0,-1.0,RS41-SG,404.900,6.8,250,8,2.7,,
2026-08-09T12:42:01.005Z,X1422938,7683,45.81266,8.99106,32363.2,5.3,12.2,287.8,-38.4,-1.0,-1.0,RS41-SG,404.900,7.4,250,8,2.7,,
2026-08-09T12:42:02.005Z,X1422938,7684,45.81269,8.99091,32368.6,5.3,12.0,285.1,-38.3,-1.0,-1.0,RS41-SG,404.900,7.5,250,8,2.7,,
2026-08-09T12:42:03.005Z,X1422938,7685,45.81272,8.99076,32374.3,6.1,11.8,287.2,-38.3,-1.0,-1.0,RS41-SG,404.900,7.5,250,8,2.6,,
2026-08-09T12:42:06.005Z,X1422938,7688,45.81286,8.99037,32394.2,5.3,11.7,307.2,-38.2,-1.0,-1.0,RS41-SG,404.900,7.4,250,8,2.7,,
2026-08-09T12:42:07.005Z,X1422938,7689,45.81293,8.99025,32399.5,5.3,12.1,309.9,-38.1,-1.0,-1.0,RS41-SG,404.900,7.4,250,8,2.7,,
2026-08-09T12:42:08.005Z,X1422938,7690,45.81300,8.99013,32405.4,6.4,12.5,307.9,-38.1,-1.0,-1.0,RS41-SG,404.900,7.0,250,8,2.6,,
2026-08-09T12:42:09.005Z,X1422938,7691,45.81306,8.99000,32412.2,7.3,12.6,302.3,-38.3,-1.0,-1.0,RS41-SG,404.900,7.9,250,8,2.6,,
2026-08-09T12:42:10.005Z,X1422938,7692,45.81312,8.98986,32419.0,6.3,12.4,296.3,-38.4,-1.0,-1.0,RS41-SG,404.900,8.4,250,8,2.6,,
2026-08-09T12:42:11.005Z,X1422938,7693,45.81316,8.98972,32424.8,5.4,12.1,292.3,-38.3,-1.0,-1.0,RS41-SG,404.900,8.4,250,8,2.7,,
2026-08-09T12:42:12.005Z,X1422938,7694,45.81320,8.98958,32430.6,6.2,11.2,290.1,-38.3,-1.0,-1.0,RS41-SG,404.900,7.7,250,7,2.7,,
2026-08-09T12:42:14.005Z,X1422938,7696,45.81327,8.98934,32444.1,6.2,9.1,297.6,-38.2,-1.0,-1.0,RS41-SG,404.900,6.8,250,8,2.6,,
2026-08-09T12:42:15.005Z,X1422938,7697,45.81331,8.98924,32450.0,5.6,8.3,300.8,-38.2,0.6,-1.0,RS41-SG,404.900,8.1,250,8,2.6,,
2026-08-09T12:42:16.005Z,X1422938,7698,45.81334,8.98915,32455.9,6.1,7.5,298.5,-38.3,0.6,-1.0,RS41-SG,404.900,8.1,250,8,2.6,,
2026-08-09T12:42:17.005Z,X1422938,7699,45.81337,8.98907,32462.3,6.6,7.2,289.2,-38.2,0.6,-1.0,RS41-SG,404.900,7.9,250,8,2.7,,
2026-08-09T12:42:18.005Z,X1422938,7700,45.81339,8.98898,32469.0,6.8,7.5,278.4,-38.2,0.6,-1.0,RS41-SG,404.900,7.8,250,8,2.7,,
2026-08-09T12:42:19.005Z,X1422938,7701,45.81339,8.98888,32475.1,5.5,8.1,272.6,-38.1,0.6,-1.0,RS41-SG,404.900,8.3,250,8,2.7,,
2026-08-09T12:42:20.005Z,X1422938,7702,45.81340,8.98877,32480.3,5.2,8.6,272.8,-38.0,0.6,-1.0,RS41-SG,404.900,8.7,250,8,2.6,,
2026-08-09T12:42:21.005Z,X1422938,7703,45.81340,8.98866,32485.8,5.8,8.7,278.1,-38.0,0.6,-1.0,RS41-SG,404.900,8.7,250,8,2.6,,
2026-08-09T12:42:22.005Z,X1422938,7704,45.81342,8.98855,32492.4,7.1,8.7,287.4,-37.9,0.6,-1.0,RS41-SG,404.900,8.4,250,8,2.7,,
2026-08-09T12:42:23.005Z,X1422938,7705,45.81345,8.98845,32499.5,6.7,9.0,296.8,-37.9,0.6,-1.0,RS41-SG,404.900,8.3,250,8,2.7,,
2026-08-09T12:42:24.005Z,X1422938,7706,45.81349,8.98835,32505.4,5.2,9.4,301.6,-37.9,0.6,-1.0,RS41-SG,404.900,8.8,250,8,2.6,,
2026-08-09T12:42:25.005Z,X1422938,7707,45.81354,8.98824,32510.9,5.7,10.0,301.1,-37.8,0.6,-1.0,RS41-SG,404.900,8.8,250,8,2.6,,
2026-08-09T12:42:26.005Z,X1422938,7708,45.81358,8.98812,32517.3,7.0,10.6,295.4,-37.8,0.6,-1.0,RS41-SG,404.900,7.9,250,8,2.7,,
2026-08-09T12:42:27.005Z,X1422938,7709,45.81361,8.98799,32524.3,7.0,11.1,286.6,-37.8,0.6,-1.0,RS41-SG,404.900,8.0,250,8,2.7,,
2026-08-09T12:42:28.005Z,X1422938,7710,45.81364,8.98785,32530.6,5.4,11.5,280.3,-37.8,0.6,-1.0,RS41-SG,404.900,8.0,250,8,2.7,,
2026-08-09T12:42:29.005Z,X1422938,7711,45.81365,8.98771,32536.2,5.7,11.5,276.0,-37.8,0.6,-1.0,RS41-SG,404.900,7.7,250,8,2.6,,
2026-08-09T12:42:30.005Z,X1422938,7712,45.81366,8.98757,32542.4,6.9,10.5,274.9,-37.8,0.6,-1.0,RS41-SG,404.900,7.7,250,8,2.6,,
2026-08-09T12:42:31.005Z,X1422938,7713,45.81367,8.98744,32549.6,7.4,9.2,279.0,-37.8,0.6,-1.0,RS41-SG,404.900,7.7,250,8,2.6,,
2026-08-09T12:42:32.005Z,X1422938,7714,45.81369,8.98734,32556.2,5.9,8.0,285.5,-37.8,0.6,-1.0,RS41-SG,404.900,8.0,250,8,2.7,,
2026-08-09T12:42:33.005Z,X1422938,7715,45.81371,8.98724,32561.8,5.7,7.3,291.7,-37.9,0.6,-1.0,RS41-SG,404.900,8.2,250,8,2.7,,
2026-08-09T12:42:34.005Z,X1422938,7716,45.81373,8.98716,32568.1,6.7,7.5,294.0,-37.9,0.6,-1.0,RS41-SG,404.900,8.2,250,8,2.7,,
2026-08-09T12:42:35.005Z,X1422938,7717,45.81376,8.98706,32575.2,7.5,8.4,292.0,-37.9,0.6,-1.0,RS41-SG,404.900,8.7,250,8,2.6,,
2026-08-09T12:42:36.005Z,X1422938,7718,45.81379,8.98695,32582.0,6.1,9.5,289.6,-37.9,0.6,-1.0,RS41-SG,404.900,8.7,250,8,2.6,,
2026-08-09T12:42:37.005Z,X1422938,7719,45.81382,8.98683,32588.0,5.8,10.6,290.5,-37.8,0.6,-1.0,RS41-SG,404.900,8.5,250,8,2.6,,
2026-08-09T12:42:38.005Z,X1422938,7720,45.81386,8.98670,32593.9,6.0,11.4,293.6,-37.7,0.6,-1.0,RS41-SG,404.900,8.1,250,8,2.7,,
2026-08-09T12:42:39.005Z,X1422938,7721,45.81390,8.98657,32600.3,6.7,11.8,298.5,-37.6,0.6,-1.0,RS41-SG,404.900,8.1,250,8,2.7,,
2026-08-09T12:42:40.005Z,X1422938,7722,45.81396,8.98644,32607.0,6.8,11.8,303.1,-37.6,0.6,-1.0,RS41-SG,404.900,8.4,250,8,2.7,,
2026-08-09T12:42:41.005Z,X1422938,7723,45.81402,8.98631,32613.4,5.8,11.8,304.9,-37.6,0.6,-1.0,RS41-SG,404.900,8.4,250,8,2.6,,
2026-08-09T12:42:42.005Z,X1422938,7724,45.81408,8.98619,32619.1,5.7,11.7,303.2,-37.7,0.6,-1.0,RS41-SG,404.900,9.0,250,8,2.6,,
2026-08-09T12:42:43.005Z,X1422938,7725,45.81413,8.98606,32625.0,6.1,11.6,296.6,-37.7,0.6,-1.0,RS41-SG,404.900,9.0,250,8,2.7,,
2026-08-09T12:42:44.005Z,X1422938,7726,45.81417,8.98592,32631.2,6.6,11.7,287.4,-37.6,0.6,-1.0,RS41-SG,404.900,9.0,250,8,2.7,,
2026-08-09T12:42:45.005Z,X1422938,7727,45.81419,8.98578,32638.1,6.8,11.8,278.0,-37.6,0.6,-1.0,RS41-SG,404.900,8.8,250,8,2.6,,
2026-08-09T12:42:46.005Z,X1422938,7728,45.81420,8.98563,32644.2,5.5,11.7,272.0,-37.6,0.6,-1.0,RS41-SG,404.900,7.8,250,8,2.6,,
2026-08-09T12:42:47.005Z,X1422938,7729,45.81420,8.98548,32649.8,5.6,10.9,267.4,-37.6,0.6,-1.0,RS41-SG,404.900,7.5,250,8,2.7,,
2026-08-09T12:42:48.005Z,X1422938,7730,45.81419,8.98535,32656.1,6.9,9.0,267.7,-37.5,0.6,-1.0,RS41-SG,404.900,7.5,250,8,2.7,,
2026-08-09T12:42:49.005Z,X1422938,7731,45.81420,8.98525,32663.4,7.5,7.0,276.1,-37.5,0.6,-1.0,RS41-SG,404.900,7.8,250,8,2.7,,
2026-08-09T12:42:50.005Z,X1422938,7732,45.81421,8.98517,32669.9,5.6,5.9,290.4,-37.5,0.6,-1.0,RS41-SG,404.900,8.2,250,8,2.6,,
2026-08-09T12:42:51.005Z,X1422938,7733,45.81423,8.98511,32675.4,5.4,6.0,306.4,-37.6,0.6,-1.0,RS41-SG,404.900,8.4,250,8,2.6,,
2026-08-09T12:42:52.005Z,X1422938,7734,45.81427,8.98504,32681.4,6.6,7.2,311.0,-37.7,0.6,-1.0,RS41-SG,404.900,8.7,250,8,2.6,,
2026-08-09T12:42:53.005Z,X1422938,7735,45.81431,8.98496,32688.6,7.6,9.0,305.7,-37.8,0.6,-1.0,RS41-SG,404.900,9.0,250,8,2.7,,
2026-08-09T12:42:54.005Z,X1422938,7736,45.81436,8.98485,32695.6,6.4,10.9,298.9,-37.7,0.6,-1.0,RS41-SG,404.900,9.0,250,8,2.7,,
2026-08-09T12:42:55.005Z,X1422938,7737,45.81441,8.98472,32701.4,5.4,12.5,294.3,-37.6,0.6,-1.0,RS41-SG,404.900,8.6,250,8,2.7,,
2026-08-09T12:42:56.005Z,X1422938,7738,45.81445,8.98456,32707.1,5.9,13.7,291.5,-37.6,0.6,-1.0,RS41-SG,404.900,8.2,250,8,2.6,,
2026-08-09T12:42:57.005Z,X1422938,7739,45.81450,8.98440,32713.7,7.0,13.7,291.5,-37.6,0.6,-1.0,RS41-SG,404.900,7.6,250,8,2.6,,
2026-08-09T12:42:58.005Z,X1422938,7740,45.81454,8.98424,32720.8,7.2,12.8,292.3,-37.6,0.6,-1.0,RS41-SG,404.900,7.6,250,8,2.6,,
2026-08-09T12:42:59.005Z,X1422938,7741,45.81458,8.98410,32727.4,6.0,11.8,291.9,-37.7,0.6,-1.0,RS41-SG,404.900,8.1,250,8,2.7,,
2026-08-09T12:43:00.005Z,X1422938,7742,45.81462,8.98396,32733.4,6.0,10.6,289.9,-37.7,0.6,-1.0,RS41-SG,404.900,8.2,250,8,2.7,,
2026-08-09T12:43:01.005Z,X1422938,7743,45.81465,8.98384,32740.0,7.0,9.8,285.5,-37.7,0.6,-1.0,RS41-SG,404.900,8.7,250,8,2.7,,
2026-08-09T12:43:02.005Z,X1422938,7744,45.81467,8.98372,32746.8,6.6,9.4,281.3,-37.7,0.6,-1.0,RS41-SG,404.900,8.7,250,8,2.6,,
2026-08-09T12:43:03.005Z,X1422938,7745,45.81468,8.98360,32752.9,5.6,9.1,281.7,-37.6,0.6,-1.0,RS41-SG,404.900,8.6,250,8,2.6,,
2026-08-09T12:43:04.005Z,X1422938,7746,45.81470,8.98349,32758.9,6.3,8.6,287.5,-37.5,0.6,-1.0,RS41-SG,404.900,8.0,250,8,2.7,,
2026-08-09T12:43:05.005Z,X1422938,7747,45.81473,8.98339,32765.6,7.0,8.4,300.1,-37.5,0.6,-1.0,RS41-SG,404.900,8.2,250,8,2.7,,
2026-08-09T12:43:06.005Z,X1422938,7748,45.81478,8.98330,32772.5,6.8,8.8,312.8,-37.4,0.6,-1.0,RS41-SG,404.900,8.3,250,8,2.6,,
2026-08-09T12:43:07.005Z,X1422938,7749,45.81484,8.98322,32778.7,5.4,9.7,318.9,-37.3,0.6,-1.0,RS41-SG,404.900,8.3,250,8,2.6,,
2026-08-09T12:43:08.005Z,X1422938,7750,45.81491,8.98314,32784.3,5.9,10.9,318.6,-37.3,0.6,-1.0,RS41-SG,404.900,8.2,250,8,2.7,,
2026-08-09T12:43:09.005Z,X1422938,7751,45.81498,8.98303,32790.8,6.9,12.0,311.7,-37.3,0.6,-1.0,RS41-SG,404.900,8.2,250,8,2.7,,
2026-08-09T12:43:10.005Z,X1422938,7752,45.81505,8.98290,32797.9,7.3,13.0,301.6,-37.4,0.6,-1.0,RS41-SG,404.900,8.3,250,8,2.7,,
2026-08-09T12:43:11.005Z,X1422938,7753,45.81510,8.98275,32804.6,6.0,13.8,293.2,-37.3,0.6,-1.0,RS41-SG,404.900,8.3,250,8,2.6,,
2026-08-09T12:43:12.005Z,X1422938,7754,45.81514,8.98258,32810.4,5.7,14.0,286.0,-37.3,0.6,-1.0,RS41-SG,404.900,7.6,250,8,2.6,,
2026-08-09T12:43:14.005Z,X1422938,7756,45.81519,8.98226,32823.0,7.3,11.3,278.9,-37.1,0.6,-1.0,RS41-SG,404.900,7.2,250,8,2.7,,
2026-08-09T12:43:15.005Z,X1422938,7757,45.81521,8.98213,32830.3,7.0,9.2,280.1,-37.1,0.6,-1.0,RS41-SG,404.900,8.1,250,8,2.7,,
2026-08-09T12:43:16.005Z,X1422938,7758,45.81522,8.98203,32836.5,5.4,7.5,282.6,-37.2,0.6,-1.0,RS41-SG,404.900,8.1,250,8,2.7,,
2026-08-09T12:43:17.005Z,X1422938,7759,45.81524,8.98194,32841.9,5.4,6.1,285.8,-37.2,0.6,-1.0,RS41-SG,404.900,8.4,250,8,2.6,,
2026-08-09T12:43:18.005Z,X1422938,7760,45.81525,8.98187,32847.7,6.4,5.5,286.9,-37.1,0.6,-1.0,RS41-SG,404.900,8.4,250,8,2.6,,
2026-08-09T12:43:19.005Z,X1422938,7761,45.81526,8.98180,32854.7,7.5,6.1,283.9,-37.1,0.6,-1.0,RS41-SG,404.900,8.3,250,8,2.6,,
2026-08-09T12:43:20.005Z,X1422938,7762,45.81528,8.98171,32861.7,6.5,7.2,283.7,-37.0,0.6,-1.0,RS41-SG,404.900,8.0,250,8,2.7,,
2026-08-09T12:43:21.005Z,X1422938,7763,45.81530,8.98162,32867.9,5.7,8.4,286.3,-37.0,0.6,-1.0,RS41-SG,404.900,8.0,250,8,2.7,,
2026-08-09T12:43:22.005Z,X1422938,7764,45.81532,8.98151,32873.5,5.6,9.7,291.8,-36.9,0.6,-1.0,RS41-SG,404.900,8.7,250,8,2.7,,
2026-08-09T12:43:23.005Z,X1422938,7765,45.81536,8.98139,32879.2,5.8,10.9,298.4,-36.9,0.6,-1.0,RS41-SG,404.900,8.7,250,8,2.6,,
2026-08-09T12:43:24.005Z,X1422938,7766,45.81542,8.98127,32885.3,6.3,11.7,304.3,-36.9,0.6,-1.0,RS41-SG,404.900,8.4,250,8,2.6,,
2026-08-09T12:43:25.005Z,X1422938,7767,45.81548,8.98114,32891.9,6.9,12.0,308.0,-37.0,0.6,-1.0,RS41-SG,404.900,7.6,250,8,2.7,,
2026-08-09T12:43:26.005Z,X1422938,7768,45.81554,8.98102,32898.7,6.5,11.7,307.1,-37.1,0.6,-1.0,RS41-SG,404.900,8.5,250,8,2.7,,
2026-08-09T12:43:27.005Z,X1422938,7769,45.81560,8.98090,32905.3,6.5,10.9,301.9,-37.1,0.6,-1.0,RS41-SG,404.900,8.5,250,8,2.7,,
2026-08-09T12:43:28.005Z,X1422938,7770,45.81564,8.98078,32912.1,7.0,10.0,289.2,-37.0,0.6,-1.0,RS41-SG,404.900,8.7,250,8,2.6,,
2026-08-09T12:43:29.005Z,X1422938,7771,45.81566,8.98066,32919.0,6.9,9.7,272.1,-37.0,0.6,-1.0,RS41-SG,404.900,8.7,250,8,2.6,,
2026-08-09T12:43:30.005Z,X1422938,7772,45.81565,8.98054,32925.2,5.5,10.1,258.6,-37.0,0.6,-1.0,RS41-SG,404.900,8.7,250,8,2.6,,
2026-08-09T12:43:31.005Z,X1422938,7773,45.81563,8.98041,32930.2,4.7,10.2,249.9,-37.0,0.6,-1.0,RS41-SG,404.900,8.7,250,8,2.7,,
2026-08-09T12:43:32.005Z,X1422938,7774,45.81559,8.98029,32935.5,5.8,9.7,246.2,-36.9,0.6,-1.0,RS41-SG,404.900,7.1,250,8,2.7,,
2026-08-09T12:43:33.005Z,X1422938,7775,45.81556,8.98019,32942.0,7.3,7.9,252.7,-36.9,0.6,-1.0,RS41-SG,404.900,7.9,250,8,2.7,,
2026-08-09T12:43:34.005Z,X1422938,7776,45.81555,8.98010,32949.4,7.3,6.4,270.3,-36.9,0.6,-1.0,RS41-SG,404.900,8.8,250,8,2.6,,
2026-08-09T12:43:35.005Z,X1422938,7777,45.81556,8.98002,32955.9,5.7,6.2,290.9,-36.9,0.6,-1.0,RS41-SG,404.900,8.8,250,8,2.6,,
2026-08-09T12:43:36.005Z,X1422938,7778,45.81559,8.97994,32961.6,5.6,7.2,305.6,-36.9,0.6,-1.0,RS41-SG,404.900,8.2,250,8,2.6,,
2026-08-09T12:43:37.005Z,X1422938,7779,45.81564,8.97986,32967.6,6.3,9.0,308.3,-37.0,0.6,-1.0,RS41-SG,404.900,8.2,250,8,2.7,,
2026-08-09T12:43:38.005Z,X1422938,7780,45.81569,8.97976,32974.4,7.2,10.6,301.5,-37.0,0.6,-1.0,RS41-SG,404.900,7.6,250,8,2.7,,
2026-08-09T12:43:39.005Z,X1422938,7781,45.81573,8.97963,32981.6,7.1,12.1,293.2,-37.0,0.6,-1.0,RS41-SG,404.900,7.6,250,8,2.7,,
2026-08-09T12:43:40.005Z,X1422938,7782,45.81577,8.97948,32987.8,5.3,13.0,286.4,-37.0,0.6,-1.0,RS41-SG,404.900,7.7,250,8,2.6,,
2026-08-09T12:43:41.005Z,X1422938,7783,45.81580,8.97931,32993.0,5.2,13.5,280.1,-36.9,0.6,-1.0,RS41-SG,404.900,7.8,250,8,2.6,,
2026-08-09T12:43:42.005Z,X1422938,7784,45.81581,8.97915,32998.7,6.1,13.2,275.4,-36.8,0.6,-1.0,RS41-SG,404.900,7.8,250,8,2.7,,
2026-08-09T12:43:43.005Z,X1422938,7785,45.81582,8.97898,33005.4,7.3,12.0,273.0,-36.8,0.6,-1.0,RS41-SG,404.900,7.6,250,8,2.7,,
2026-08-09T12:43:44.005Z,X1422938,7786,45.81583,8.97884,33012.2,6.2,10.8,272.3,-36.8,0.6,-1.0,RS41-SG,404.900,7.6,250,8,2.6,,
2026-08-09T12:43:45.005Z,X1422938,7787,45.81583,8.97871,33018.0,5.3,9.9,271.9,-36.7,0.6,-1.0,RS41-SG,404.900,7.4,250,8,2.6,,
2026-08-09T12:43:46.005Z,X1422938,7788,45.81583,8.97858,33023.7,6.0,9.3,270.3,-36.6,0.6,-1.0,RS41-SG,404.900,8.2,250,8,2.7,,
2026-08-09T12:43:47.005Z,X1422938,7789,45.81583,8.97846,33030.2,7.1,9.3,267.7,-36.6,0.6,-1.0,RS41-SG,404.900,8.2,250,8,2.7,,
2026-08-09T12:43:50.005Z,X1422938,7792,45.81583,8.97807,33049.6,6.3,10.8,275.4,-36.6,0.6,-1.0,RS41-SG,404.900,7.2,250,8,2.6,,
2026-08-09T12:43:51.005Z,X1422938,7793,45.81584,8.97794,33055.8,6.1,11.0,284.9,-36.5,0.6,-1.0,RS41-SG,404.900,7.4,250,8,2.6,,
2026-08-09T12:43:52.005Z,X1422938,7794,45.81588,8.97780,33061.9,6.1,11.4,295.1,-36.5,0.6,-1.0,RS41-SG,404.900,8.0,250,8,2.7,,
2026-08-09T12:43:54.005Z,X1422938,7796,45.81599,8.97754,33074.5,6.0,12.5,306.0,-36.6,0.6,-1.0,RS41-SG,404.900,7.4,250,8,2.7,,
2026-08-09T12:44:08.005Z,X1422938,7810,45.81597,8.97538,32868.0,-60.7,7.4,302.8,-36.3,0.6,-1.0,RS41-SG,404.900,7.8,250,8,2.6,,
2026-08-09T12:44:09.005Z,X1422938,7811,45.81602,8.97530,32810.3,-54.2,8.5,311.2,-36.4,0.5,-1.0,RS41-SG,404.900,7.8,250,8,2.6,,
2026-08-09T12:44:10.005Z,X1422938,7812,45.81608,8.97522,32762.9,-40.5,10.8,325.6,-36.9,0.6,-1.0,RS41-SG,404.900,7.9,250,8,2.6,,
2026-08-09T12:44:11.005Z,X1422938,7813,45.81616,8.97514,32724.9,-35.4,11.0,317.7,-37.3,0.6,-1.0,RS41-SG,404.900,7.9,250,8,2.7,,
2026-08-09T12:44:12.005Z,X1422938,7814,45.81622,8.97503,32691.9,-31.2,10.0,303.8,-37.5,0.6,-1.0,RS41-SG,404.900,8.4,250,8,2.7,,
2026-08-09T12:44:14.005Z,X1422938,7816,45.81628,8.97482,32627.8,-35.1,9.0,279.2,-37.7,0.6,-1.0,RS41-SG,404.900,7.4,250,8,2.6,,
2026-08-09T12:44:15.005Z,X1422938,7817,45.81629,8.97471,32591.6,-36.8,9.3,276.1,-37.7,0.6,-1.0,RS41-SG,404.900,7.9,250,8,2.6,,
2026-08-09T12:44:16.005Z,X1422938,7818,45.81629,8.97459,32553.5,-39.7,9.0,268.4,-37.8,0.6,-1.0,RS41-SG,404.900,7.9,250,8,2.7,,
2026-08-09T12:44:17.005Z,X1422938,7819,45.81629,8.97447,32514.0,-39.5,9.4,273.5,-37.8,0.6,-1.0,RS41-SG,404.900,7.9,250,8,2.7,,
2026-08-09T12:44:18.005Z,X1422938,7820,45.81630,8.97434,32473.3,-42.3,10.7,275.7,-38.0,0.7,-1.0,RS41-SG,404.900,7.9,250,7,2.6,,
2026-08-09T12:44:19.005Z,X1422938,7821,45.81631,8.97421,32429.7,-44.7,10.5,276.6,-38.1,0.6,-1.0,RS41-SG,404.900,7.5,250,7,2.6,,
2026-08-09T12:44:20.005Z,X1422938,7822,45.81632,8.97407,32385.5,-44.3,11.0,283.2,-38.1,0.6,-1.0,RS41-SG,404.900,7.9,250,7,2.7,,
2026-08-09T12:44:21.005Z,X1422938,7823,45.81635,8.97394,32342.0,-43.5,10.7,293.1,-38.1,0.7,-1.0,RS41-SG,404.900,8.0,250,7,2.7,,
2026-08-09T12:44:22.005Z,X1422938,7824,45.81640,8.97381,32299.3,-41.8,11.7,296.6,-38.2,0.6,-1.0,RS41-SG,404.900,8.3,250,8,2.7,,
2026-08-09T12:44:23.005Z,X1422938,7825,45.81645,8.97367,32258.2,-39.9,12.7,301.5,-38.3,0.7,-1.0,RS41-SG,404.900,8.3,250,7,2.6,,
2026-08-09T12:44:24.005Z,X1422938,7826,45.81651,8.97354,32217.9,-40.6,12.6,302.8,-38.4,0.6,-1.0,RS41-SG,404.900,8.3,250,7,2.6,,
2026-08-09T12:44:25.005Z,X1422938,7827,45.81656,8.97340,32176.6,-41.6,12.7,295.7,-38.5,0.7,-1.0,RS41-SG,404.900,7.9,250,8,2.6,,
2026-08-09T12:44:26.005Z,X1422938,7828,45.81660,8.97325,32133.3,-44.8,12.3,288.5,-38.7,0.7,-1.0,RS41-SG,404.900,7.9,250,8,2.7,,
2026-08-09T12:44:27.005Z,X1422938,7829,45.81663,8.97310,32088.5,-44.9,12.3,281.8,-39.0,0.7,-1.0,RS41-SG,404.900,7.9,250,7,2.7,,
2026-08-09T12:44:28.005Z,X1422938,7830,45.81664,8.97295,32045.3,-42.4,11.5,269.5,-39.2,0.7,-1.0,RS41-SG,404.900,7.9,250,8,2.7,,
2026-08-09T12:44:29.005Z,X1422938,7831,45.81663,8.97280,32003.7,-42.0,12.1,263.9,-39.4,0.7,-1.0,RS41-SG,404.900,7.9,625,7,2.6,,
2026-08-09T12:44:30.005Z,X1422938,7832,45.81662,8.97265,31962.2,-40.9,12.2,262.0,-39.4,0.7,-1.0,RS41-SG,404.900,8.2,250,8,2.6,,
2026-08-09T12:44:31.005Z,X1422938,7833,45.81661,8.97250,31919.5,-44.5,10.9,266.7,-39.2,0.7,-1.0,RS41-SG,404.900,8.2,250,8,2.6,,
2026-08-09T12:44:32.005Z,X1422938,7834,45.81661,8.97236,31874.2,-45.7,11.3,270.3,-38.9,0.7,-1.0,RS41-SG,404.900,8.1,250,8,2.7,,
2026-08-09T12:44:33.005Z,X1422938,7835,45.81661,8.97222,31828.6,-46.6,11.0,274.8,-38.7,0.7,-1.0,RS41-SG,404.900,8.1,250,7,2.7,,
2026-08-09T12:44:34.005Z,X1422938,7836,45.81663,8.97208,31781.9,-46.7,11.9,287.9,-38.6,0.6,-1.0,RS41-SG,404.900,8.2,250,7,2.7,,
2026-08-09T12:44:35.005Z,X1422938,7837,45.81667,8.97194,31735.0,-47.0,11.5,294.8,-38.5,0.6,-1.0,RS41-SG,404.900,8.2,250,7,2.7,,
2026-08-09T12:44:36.005Z,X1422938,7838,45.81672,8.97180,31689.5,-43.1,13.2,296.6,-38.6,0.6,-1.0,RS41-SG,404.900,8.4,250,7,2.6,,
2026-08-09T12:44:37.005Z,X1422938,7839,45.81677,8.97165,31647.3,-41.0,12.9,299.6,-38.8,0.6,-1.0,RS41-SG,404.900,8.4,250,7,2.6,,
2026-08-09T12:44:38.005Z,X1422938,7840,45.81683,8.97150,31605.9,-41.4,14.2,294.2,-39.0,0.7,-1.0,RS41-SG,404.900,7.8,250,8,2.6,,
2026-08-09T12:44:39.005Z,X1422938,7841,45.81687,8.97133,31564.1,-42.8,14.5,289.7,-39.1,0.7,-1.0,RS41-SG,404.900,7.5,250,7,2.7,,
2026-08-09T12:44:40.005Z,X1422938,7842,45.81691,8.97116,31520.6,-44.3,13.3,284.2,-39.3,0.7,-1.0,RS41-SG,404.900,7.3,250,8,2.7,,
2026-08-09T12:44:42.005Z,X1422938,7844,45.81695,8.97083,31429.5,-47.5,12.9,275.2,-39.6,0.7,-1.0,RS41-SG,404.900,7.2,250,7,2.6,,
2026-08-09T12:44:43.005Z,X1422938,7845,45.81695,8.97066,31384.4,-44.4,12.8,261.7,-39.7,0.7,-1.0,RS41-SG,404.900,7.5,250,8,2.6,,
2026-08-09T12:44:44.005Z,X1422938,7846,45.81693,8.97050,31340.4,-44.6,13.1,258.1,-39.9,0.7,-1.0,RS41-SG,404.900,7.5,250,7,2.6,,
2026-08-09T12:44:45.005Z,X1422938,7847,45.81690,8.97033,31295.3,-46.0,12.7,257.2,-39.9,0.7,-1.0,RS41-SG,404.900,7.4,250,8,2.7,,
2026-08-09T12:44:46.005Z,X1422938,7848,45.81688,8.97018,31250.1,-45.7,11.2,263.0,-39.9,0.7,-1.0,RS41-SG,404.900,7.4,625,7,2.7,,
2026-08-09T12:44:47.005Z,X1422938,7849,45.81688,8.97005,31206.1,-42.8,10.5,269.5,-39.8,0.7,-1.0,RS41-SG,404.900,7.3,250,8,2.7,,
2026-08-09T12:44:48.005Z,X1422938,7850,45.81689,8.96991,31163.6,-41.8,10.2,283.8,-39.7,0.7,-1.0,RS41-SG,404.900,7.4,250,8,2.6,,
2026-08-09T12:44:49.005Z,X1422938,7851,45.81692,8.96979,31121.3,-43.7,10.2,290.9,-39.6,0.7,-1.0,RS41-SG,404.900,8.1,250,7,2.6,,
2026-08-09T12:44:50.005Z,X1422938,7852,45.81696,8.96966,31076.4,-46.3,11.9,298.0,-39.4,0.7,-1.0,RS41-SG,404.900,8.1,250,8,2.7,,
2026-08-09T12:44:51.005Z,X1422938,7853,45.81701,8.96952,31029.5,-47.3,13.2,300.3,-39.3,0.7,-1.0,RS41-SG,404.900,7.4,250,7,2.7,,
2026-08-09T12:44:52.005Z,X1422938,7854,45.81708,8.96937,30982.9,-46.1,14.0,303.6,-39.2,0.6,-1.0,RS41-SG,404.900,7.8,250,7,2.6,08:29:39,
2026-08-09T12:44:53.005Z,X1422938,7855,45.81714,8.96921,30937.6,-45.6,14.3,301.6,-39.1,0.6,-1.0,RS41-SG,404.900,7.8,625,8,2.6,08:29:39,
2026-08-09T12:44:54.005Z,X1422938,7856,45.81721,8.96905,30893.0,-43.6,16.1,301.1,-39.0,0.6,-1.0,RS41-SG,404.900,7.2,250,8,2.7,08:29:39,
2026-08-09T12:44:56.005Z,X1422938,7858,45.81733,8.96867,30814.0,-35.7,16.8,287.8,-39.3,0.6,-1.0,RS41-SG,404.900,6.9,250,7,2.7,08:29:39,
2026-08-09T12:44:57.005Z,X1422938,7859,45.81737,8.96847,30780.1,-33.9,15.8,283.4,-39.5,0.7,-1.0,RS41-SG,404.900,6.9,625,8,2.6,08:29:39,
2026-08-09T12:45:10.005Z,X1422938,7872,45.81760,8.96646,30374.7,-30.2,12.0,269.3,-40.2,0.7,-1.0,RS41-SG,404.900,6.6,625,8,2.7,08:29:39,
