timestamp,serial,frame,lat,lon,alt,vel_v,vel_h,heading,temp,humidity,pressure,type,freq_mhz,snr,f_error_hz,sats,batt_v,burst_timer,aux_data
2026-08-04T12:47:09.001Z,X1432663,7927,45.89039,8.59066,28702.6,5.8,12.1,273.6,-273.0,-1.0,-1.0,RS41,404.900,8.5,250,10,2.7,,
2026-08-04T12:47:10.001Z,X1432663,7928,45.89040,8.59051,28708.5,5.9,11.0,268.6,-273.0,-1.0,-1.0,RS41,404.900,8.5,250,10,2.6,,
2026-08-04T12:47:11.001Z,X1432663,7929,45.89039,8.59037,28713.8,5.0,10.5,265.7,-273.0,-1.0,-1.0,RS41,404.900,8.2,250,10,2.6,,
2026-08-04T12:47:12.001Z,X1432663,7930,45.89039,8.59024,28718.9,5.0,10.5,267.8,-273.0,-1.0,-1.0,RS41,404.900,8.5,250,10,2.6,,
2026-08-04T12:47:13.001Z,X1432663,7931,45.89039,8.59010,28724.2,5.7,11.1,273.8,-273.0,-1.0,-1.0,RS41,404.900,8.5,250,10,2.7,,
2026-08-04T12:47:14.001Z,X1432663,7932,45.89040,8.58995,28730.0,6.2,12.2,281.9,-273.0,-1.0,-1.0,RS41,404.900,8.6,250,10,2.7,,
2026-08-04T12:47:15.001Z,X1432663,7933,45.89043,8.58979,28735.7,5.1,13.4,288.0,-273.0,-1.0,-1.0,RS41,404.900,8.6,250,10,2.7,,
2026-08-04T12:47:16.001Z,X1432663,7934,45.89048,8.58963,28740.6,4.7,14.2,291.9,-273.0,-1.0,-1.0,RS41,404.900,8.3,250,10,2.6,,
2026-08-04T12:47:17.001Z,X1432663,7935,45.89052,8.58946,28745.8,5.8,14.2,292.9,-273.0,-1.0,-1.0,RS41,404.900,8.3,250,10,2.6,,
2026-08-04T12:47:18.001Z,X1432663,7936,45.89057,8.58929,28752.0,6.6,13.6,290.0,-273.0,-1.0,-1.0,RS41,404.900,8.5,250,10,2.6,,
2026-08-04T12:47:19.001Z,X1432663,7937,45.89061,8.58913,28758.0,5.2,13.0,286.1,-273.0,-1.0,-1.0,RS41,404.900,8.5,250,10,2.7,,
2026-08-04T12:47:20.001Z,X1432663,7938,45.89063,8.58897,28763.3,5.6,12.5,282.2,-273.0,-1.0,-1.0,RS41,404.900,8.2,250,10,2.7,,
2026-08-04T12:47:21.001Z,X1432663,7939,45.89066,8.58882,28769.2,6.3,12.3,280.2,-273.0,-1.0,-1.0,RS41,404.900,8.3,250,9,2.6,,
2026-08-04T12:47:22.001Z,X1432663,7940,45.89067,8.58866,28775.6,6.3,12.3,279.6,-273.0,-1.0,-1.0,RS41-SG,404.900,8.3,250,9,2.6,,
2026-08-04T12:47:23.001Z,X1432663,7941,45.89069,8.58851,28781.6,5.7,12.2,278.8,-273.0,-1.0,-1.0,RS41-SG,404.900,7.7,250,10,2.7,,
2026-08-04T12:47:24.001Z,X1432663,7942,45.89071,8.58835,28787.4,5.9,12.0,276.0,-273.0,-1.0,-1.0,RS41-SG,404.900,8.5,250,10,2.7,,
2026-08-04T12:47:25.001Z,X1432663,7943,45.89071,8.58820,28793.2,5.7,11.6,271.5,-273.0,-1.0,-1.0,RS41-SG,404.900,8.5,250,10,2.6,,
2026-08-04T12:47:26.001Z,X1432663,7944,45.89071,8.58806,28799.3,6.4,11.0,266.8,-273.0,-1.0,-1.0,RS41-SG,404.900,8.1,250,10,2.6,,
2026-08-04T12:47:27.001Z,X1432663,7945,45.89070,8.58792,28805.5,6.1,10.7,263.1,-273.0,-1.0,-1.0,RS41-SG,404.900,9.0,250,10,2.7,,
2026-08-04T12:47:28.001Z,X1432663,7946,45.89069,8.58778,28811.2,5.2,10.6,263.7,-273.0,-1.0,-1.0,RS41-SG,404.900,9.1,250,10,2.7,,
2026-08-04T12:47:29.001Z,X1432663,7947,45.89068,8.58765,28816.5,5.5,10.8,267.4,-273.0,-1.0,-1.0,RS41-SG,404.900,9.1,250,10,2.6,,
2026-08-04T12:47:30.001Z,X1432663,7948,45.89069,8.58750,28822.2,5.8,11.7,273.8,-273.0,-1.0,-1.0,RS41-SG,404.900,8.9,250,10,2.6,,
2026-08-04T12:47:31.001Z,X1432663,7949,45.89070,8.58735,28828.1,6.0,12.7,279.9,-273.0,-1.0,-1.0,RS41-SG,404.900,8.9,250,10,2.6,,
2026-08-04T12:47:32.001Z,X1432663,7950,45.89072,8.58718,28833.6,5.1,13.7,281.9,-273.0,-1.0,-1.0,RS41-SG,404.900,9.2,250,10,2.7,,
2026-08-04T12:47:33.001Z,X1432663,7951,45.89075,8.58700,28838.7,5.1,14.4,280.0,-273.0,-1.0,-1.0,RS41-SG,404.900,9.2,250,10,2.7,,
2026-08-04T12:47:34.001Z,X1432663,7952,45.89076,8.58682,28844.2,6.0,14.3,274.2,-273.0,-1.0,-1.0,RS41-SG,404.900,8.3,250,10,2.7,,
2026-08-04T12:47:35.001Z,X1432663,7953,45.89076,8.58664,28850.5,6.6,13.9,265.8,-273.0,-1.0,-1.0,RS41-SG,404.900,8.7,250,10,2.6,,
2026-08-04T12:47:36.001Z,X1432663,7954,45.89075,8.58647,28856.4,5.2,13.0,259.0,-273.0,-1.0,-1.0,RS41-SG,404.900,8.7,250,10,2.6,,
2026-08-04T12:47:37.001Z,X1432663,7955,45.89072,8.58631,28861.7,5.3,12.1,253.4,-273.0,-1.0,-1.0,RS41-SG,404.900,9.1,250,10,2.6,,
2026-08-04T12:47:38.001Z,X1432663,7956,45.89069,8.58617,28867.3,6.1,10.9,252.6,-273.0,-1.0,-1.0,RS41-SG,404.900,9.1,250,10,2.7,,
2026-08-04T12:47:39.001Z,X1432663,7957,45.89067,8.58605,28873.9,7.0,9.5,258.2,-273.0,-1.0,-1.0,RS41-SG,404.900,8.9,250,10,2.7,,
2026-08-04T12:47:40.001Z,X1432663,7958,45.89066,8.58593,28880.1,5.5,8.9,266.7,-273.0,-1.0,-1.0,RS41-SG,404.900,8.9,250,10,2.7,,
2026-08-04T12:47:41.001Z,X1432663,7959,45.89066,8.58582,28885.3,4.7,8.7,276.9,-273.0,-1.0,-1.0,RS41-SG,404.900,8.9,250,10,2.6,,
2026-08-04T12:47:42.001Z,X1432663,7960,45.89067,8.58571,28890.5,5.8,8.8,283.2,-273.0,-1.0,-1.0,RS41-SG,404.900,9.2,250,10,2.6,,
2026-08-04T12:47:43.001Z,X1432663,7961,45.89069,8.58560,28896.8,6.7,9.0,284.5,-273.0,-1.0,-1.0,RS41-SG,404.900,9.2,250,10,2.6,,
2026-08-04T12:47:44.001Z,X1432663,7962,45.89071,8.58548,28903.0,5.8,9.2,284.3,-273.0,-1.0,-1.0,RS41-SG,404.900,8.9,250,10,2.7,,
2026-08-04T12:47:45.001Z,X1432663,7963,45.89073,8.58536,28909.0,6.2,9.9,283.3,-41.5,-1.0,-1.0,RS41-SG,404.900,9.1,250,10,2.7,,
2026-08-04T12:47:46.001Z,X1432663,7964,45.89075,8.58523,28915.3,6.4,11.0,284.6,-41.6,-1.0,-1.0,RS41-SG,404.900,9.1,250,10,2.7,,
2026-08-04T12:47:47.001Z,X1432663,7965,45.89078,8.58509,28921.8,6.4,12.1,285.1,-41.6,-1.0,-1.0,RS41-SG,404.900,9.1,250,10,2.6,,
2026-08-04T12:47:48.001Z,X1432663,7966,45.89081,8.58494,28927.6,5.4,12.8,284.2,-41.6,-1.0,-1.0,RS41-SG,404.900,10.0,250,10,2.6,,
2026-08-04T12:47:49.001Z,X1432663,7967,45.89083,8.58477,28933.3,5.8,13.0,280.9,-41.7,-1.0,-1.0,RS41-SG,404.900,10.0,250,10,2.6,,
2026-08-04T12:47:50.001Z,X1432663,7968,45.89085,8.58461,28939.2,6.2,12.4,275.8,-41.7,-1.0,-1.0,RS41-SG,404.900,8.9,250,10,2.7,,
2026-08-04T12:47:51.001Z,X1432663,7969,45.89085,8.58446,28945.5,6.4,11.6,269.2,-41.7,-1.0,-1.0,RS41-SG,404.900,9.1,250,10,2.7,,
2026-08-04T12:47:52.001Z,X1432663,7970,45.89085,8.58432,28951.5,5.6,10.7,263.9,-41.8,-1.0,-1.0,RS41-SG,404.900,9.1,250,10,2.7,,
2026-08-04T12:47:53.001Z,X1432663,7971,45.89084,8.58418,28956.8,5.1,10.2,262.2,-41.7,-1.0,-1.0,RS41-SG,404.900,9.1,250,10,2.6,,
2026-08-04T12:47:54.001Z,X1432663,7972,45.89083,8.58406,28962.5,6.1,9.9,266.5,-41.8,-1.0,-1.0,RS41-SG,404.900,8.6,250,10,2.6,,
2026-08-04T12:47:55.001Z,X1432663,7973,45.89083,8.58393,28969.1,7.1,10.3,276.1,-41.8,-1.0,-1.0,RS41-SG,404.900,8.8,250,10,2.6,,
2026-08-04T12:47:56.001Z,X1432663,7974,45.89085,8.58379,28975.5,5.8,11.3,283.4,-41.8,-1.0,-1.0,RS41-SG,404.900,8.8,250,10,2.7,,
2026-08-04T12:47:57.001Z,X1432663,7975,45.89088,8.58365,28980.8,4.7,12.1,287.6,-41.8,-1.0,-1.0,RS41-SG,404.900,8.7,250,10,2.7,,
2026-08-04T12:47:58.001Z,X1432663,7976,45.89091,8.58349,28986.0,5.5,12.9,287.8,-41.8,0.9,-1.0,RS41-SG,404.900,10.3,250,10,2.6,,
2026-08-04T12:47:59.001Z,X1432663,7977,45.89094,8.58333,28992.1,6.6,12.8,284.5,-41.8,0.9,-1.0,RS41-SG,404.900,10.3,250,10,2.6,,
2026-08-04T12:48:00.001Z,X1432663,7978,45.89096,8.58317,28998.8,6.9,12.6,279.2,-41.8,0.9,-1.0,RS41-SG,404.900,9.7,250,10,2.7,,
2026-08-04T12:48:01.001Z,X1432663,7979,45.89098,8.58301,29005.1,5.8,12.5,273.5,-41.8,1.0,-1.0,RS41-SG,404.900,9.7,250,10,2.7,,
2026-08-04T12:48:02.001Z,X1432663,7980,45.89098,8.58285,29010.8,5.5,12.6,269.9,-41.9,0.9,-1.0,RS41-SG,404.900,9.3,250,10,2.6,,
2026-08-04T12:48:03.001Z,X1432663,7981,45.89098,8.58269,29016.8,6.5,13.0,268.3,-41.9,0.9,-1.0,RS41-SG,404.900,10.1,250,9,2.6,,
2026-08-04T12:48:04.001Z,X1432663,7982,45.89098,8.58252,29023.6,6.9,13.1,270.5,-41.9,0.9,-1.0,RS41-SG,404.900,10.1,250,9,2.7,,
2026-08-04T12:48:05.001Z,X1432663,7983,45.89098,8.58235,29029.9,5.8,13.0,273.2,-41.9,1.0,-1.0,RS41-SG,404.900,9.3,250,10,2.7,,
2026-08-04T12:48:06.001Z,X1432663,7984,45.89099,8.58219,29035.7,5.7,12.6,274.7,-41.9,0.9,-1.0,RS41-SG,404.900,9.3,250,10,2.6,,
2026-08-04T12:48:07.001Z,X1432663,7985,45.89100,8.58203,29041.7,6.3,11.8,273.9,-41.9,0.9,-1.0,RS41-SG,404.900,8.8,250,10,2.6,,
2026-08-04T12:48:08.001Z,X1432663,7986,45.89100,8.58189,29048.2,6.7,10.9,270.6,-41.9,0.9,-1.0,RS41-SG,404.900,10.0,250,10,2.7,,
2026-08-04T12:48:09.001Z,X1432663,7987,45.89100,8.58175,29054.4,5.6,10.4,268.3,-41.9,1.0,-1.0,RS41-SG,404.900,10.0,250,10,2.7,,
2026-08-04T12:48:10.001Z,X1432663,7988,45.89100,8.58162,29060.2,6.0,10.4,267.9,-42.0,0.9,-1.0,RS41-SG,404.900,9.0,250,10,2.6,,
2026-08-04T12:48:11.001Z,X1432663,7989,45.89100,8.58148,29066.5,6.6,11.2,270.6,-42.0,0.9,-1.0,RS41-SG,404.900,9.0,250,10,2.6,,
2026-08-04T12:48:12.001Z,X1432663,7990,45.89100,8.58133,29073.0,6.5,12.2,274.4,-42.1,1.0,-1.0,RS41-SG,404.900,8.9,250,10,2.6,,
2026-08-04T12:48:13.001Z,X1432663,7991,45.89101,8.58117,29079.0,5.5,13.3,275.7,-42.0,1.0,-1.0,RS41-SG,404.900,9.7,250,10,2.7,,
2026-08-04T12:48:14.001Z,X1432663,7992,45.89102,8.58099,29084.6,5.6,14.1,275.0,-42.1,1.0,-1.0,RS41-SG,404.900,9.7,250,10,2.7,,
2026-08-04T12:48:15.001Z,X1432663,7993,45.89103,8.58081,29090.4,6.1,14.1,271.3,-42.1,1.0,-1.0,RS41-SG,404.900,8.6,250,10,2.7,,
2026-08-04T12:48:16.001Z,X1432663,7994,45.89103,8.58063,29096.6,6.4,13.8,265.6,-42.1,1.0,-1.0,RS41-SG,404.900,8.5,250,10,2.6,,
2026-08-04T12:48:17.001Z,X1432663,7995,45.89101,8.58046,29103.0,6.3,13.1,259.8,-42.2,0.9,-1.0,RS41-SG,404.900,8.5,250,10,2.6,,
2026-08-04T12:48:18.001Z,X1432663,7996,45.89099,8.58030,29108.9,5.5,12.5,255.6,-42.2,1.0,-1.0,RS41-SG,404.900,8.8,250,10,2.6,,
2026-08-04T12:48:19.001Z,X1432663,7997,45.89096,8.58015,29114.2,5.2,12.2,255.1,-42.2,1.0,-1.0,RS41-SG,404.900,8.8,250,10,2.7,,
2026-08-04T12:48:21.001Z,X1432663,7999,45.89092,8.57984,29126.4,7.0,12.5,265.5,-42.3,1.0,-1.0,RS41-SG,404.900,7.1,250,10,2.7,,
2026-08-04T12:48:22.001Z,X1432663,8000,45.89092,8.57968,29133.0,6.2,13.1,272.0,-42.4,0.9,-1.0,RS41-SG,404.900,8.0,250,10,2.6,,
2026-08-04T12:48:24.001Z,X1432663,8002,45.89094,8.57934,29143.7,5.5,13.6,278.2,-42.3,1.0,-1.0,RS41-SG,404.900,7.9,250,10,2.6,,
2026-08-04T12:48:25.001Z,X1432663,8003,45.89096,8.57917,29149.6,6.4,13.0,276.2,-42.4,1.0,-1.0,RS41-SG,404.900,7.9,250,10,2.7,,
2026-08-04T12:48:26.001Z,X1432663,8004,45.89096,8.57901,29156.2,6.8,11.9,271.5,-42.4,1.0,-1.0,RS41-SG,404.900,7.8,250,10,2.7,,
2026-08-04T12:48:27.001Z,X1432663,8005,45.89096,8.57886,29162.4,5.5,11.3,266.7,-42.4,1.0,-1.0,RS41-SG,404.900,7.8,250,10,2.7,,
2026-08-04T12:48:28.001Z,X1432663,8006,45.89095,8.57872,29168.0,5.7,11.1,263.5,-42.5,1.0,-1.0,RS41-SG,404.900,7.4,250,10,2.6,,
2026-08-04T12:48:29.001Z,X1432663,8007,45.89094,8.57857,29174.2,6.8,11.6,262.3,-42.5,1.0,-1.0,RS41-SG,404.900,9.0,250,10,2.6,,
2026-08-04T12:48:30.001Z,X1432663,8008,45.89093,8.57842,29181.1,6.8,12.6,264.2,-42.5,1.0,-1.0,RS41-SG,404.900,9.0,250,10,2.6,,
2026-08-04T12:48:31.001Z,X1432663,8009,45.89092,8.57825,29187.2,5.5,13.4,265.8,-42.6,1.0,-1.0,RS41-SG,404.900,8.3,250,10,2.7,,
2026-08-04T12:48:32.001Z,X1432663,8010,45.89091,8.57808,29192.7,5.5,14.1,266.7,-42.5,1.0,-1.0,RS41-SG,404.900,8.6,250,10,2.7,,
2026-08-04T12:48:33.001Z,X1432663,8011,45.89090,8.57790,29198.7,6.3,14.3,266.6,-42.6,1.0,-1.0,RS41-SG,404.900,8.6,250,10,2.7,,
2026-08-04T12:48:34.001Z,X1432663,8012,45.89089,8.57771,29205.1,6.7,14.0,265.2,-42.6,0.9,-1.0,RS41-SG,404.900,8.0,250,10,2.6,,
2026-08-04T12:48:35.001Z,X1432663,8013,45.89088,8.57754,29211.3,5.6,13.8,264.6,-42.7,1.0,-1.0,RS41-SG,404.900,8.2,250,10,2.6,,
2026-08-04T12:48:36.001Z,X1432663,8014,45.89087,8.57736,29216.9,5.4,13.7,266.0,-42.7,1.0,-1.0,RS41-SG,404.900,8.2,250,10,2.6,,
2026-08-04T12:48:37.001Z,X1432663,8015,45.89087,8.57718,29222.7,6.3,14.2,268.9,-42.7,1.0,-1.0,RS41-SG,404.900,8.2,250,10,2.7,,
2026-08-04T12:48:40.001Z,X1432663,8018,45.89090,8.57660,29241.2,5.5,16.1,277.5,-42.8,1.0,-1.0,RS41-SG,404.900,8.4,250,10,2.6,,
2026-08-04T12:48:41.001Z,X1432663,8019,45.89092,8.57639,29247.0,6.0,15.8,276.9,-42.9,1.0,-1.0,RS41-SG,404.900,8.4,250,10,2.6,,
2026-08-04T12:48:42.001Z,X1432663,8020,45.89093,8.57620,29253.2,6.6,15.0,272.9,-42.8,1.0,-1.0,RS41-SG,404.900,7.6,250,10,2.6,,
2026-08-04T12:48:43.001Z,X1432663,8021,45.89093,8.57601,29259.7,6.1,14.3,268.3,-42.8,1.0,-1.0,RS41-SG,404.900,7.6,250,10,2.7,,
2026-08-04T12:48:44.001Z,X1432663,8022,45.89092,8.57583,29265.2,4.9,14.1,264.9,-42.9,1.0,-1.0,RS41-SG,404.900,7.9,250,10,2.7,,
2026-08-04T12:48:45.001Z,X1432663,8023,45.89091,8.57565,29270.5,5.6,14.5,263.2,-42.9,1.0,-1.0,RS41-SG,404.900,8.0,250,10,2.7,,
2026-08-04T12:48:46.001Z,X1432663,8024,45.89089,8.57546,29276.6,6.6,15.4,264.8,-42.9,1.0,-1.0,RS41-SG,404.900,8.0,250,10,2.6,,
2026-08-04T12:48:47.001Z,X1432663,8025,45.89089,8.57525,29283.2,6.4,16.5,267.9,-43.0,1.0,-1.0,RS41-SG,404.900,7.9,250,10,2.6,,
2026-08-04T12:48:48.001Z,X1432663,8026,45.89088,8.57503,29289.0,5.1,17.5,270.5,-42.9,1.0,-1.0,RS41-SG,404.900,8.0,250,10,2.6,,
2026-08-04T12:48:49.001Z,X1432663,8027,45.89089,8.57481,29294.1,5.2,17.9,272.9,-43.0,1.0,-1.0,RS41-SG,404.900,8.0,250,10,2.7,,
2026-08-04T12:48:50.001Z,X1432663,8028,45.89090,8.57458,29299.9,6.4,17.8,273.4,-43.0,1.0,-1.0,RS41-SG,404.900,8.0,250,10,2.7,,
2026-08-04T12:48:51.001Z,X1432663,8029,45.89090,8.57435,29306.4,6.7,17.2,272.4,-43.0,1.0,-1.0,RS41-SG,404.900,8.3,250,10,2.6,,
2026-08-04T12:48:52.001Z,X1432663,8030,45.89091,8.57414,29312.5,5.3,16.6,272.2,-43.0,1.0,-1.0,RS41-SG,404.900,8.3,250,10,2.6,,
2026-08-04T12:48:53.001Z,X1432663,8031,45.89092,8.57393,29318.0,5.8,16.2,272.4,-43.0,1.0,-1.0,RS41-SG,404.900,8.0,250,10,2.7,,
2026-08-04T12:48:54.001Z,X1432663,8032,45.89093,8.57372,29324.1,6.4,16.4,274.6,-43.0,1.0,-1.0,RS41-SG,404.900,6.9,250,10,2.7,,
2026-08-04T12:48:55.001Z,X1432663,8033,45.89094,8.57351,29330.5,6.3,16.9,276.9,-43.1,1.0,-1.0,RS41-SG,404.900,7.1,250,10,2.6,,
2026-08-04T12:48:56.001Z,X1432663,8034,45.89096,8.57329,29336.4,5.5,17.3,277.7,-43.1,1.0,-1.0,RS41-SG,404.900,7.1,250,10,2.6,,
2026-08-04T12:48:58.001Z,X1432663,8036,45.89099,8.57285,29347.8,6.2,17.0,273.9,-43.2,1.0,-1.0,RS41-SG,404.900,7.4,250,10,2.7,,
2026-08-04T12:48:59.001Z,X1432663,8037,45.89100,8.57263,29354.0,6.3,16.5,270.2,-43.2,1.0,-1.0,RS41-SG,404.900,7.9,250,10,2.6,,
2026-08-04T12:49:00.001Z,X1432663,8038,45.89100,8.57242,29359.8,5.3,16.4,267.7,-43.2,1.0,-1.0,RS41-SG,404.900,8.0,250,10,2.6,,
2026-08-04T12:49:01.001Z,X1432663,8039,45.89099,8.57221,29365.5,5.9,16.7,267.4,-43.2,1.0,-1.0,RS41-SG,404.900,8.0,250,10,2.7,,
2026-08-04T12:49:03.001Z,X1432663,8041,45.89099,8.57176,29378.1,6.4,18.5,272.9,-43.3,1.0,-1.0,RS41-SG,404.900,7.4,250,10,2.6,,
2026-08-04T12:49:04.001Z,X1432663,8042,45.89100,8.57152,29383.6,4.4,19.1,276.1,-43.4,1.0,-1.0,RS41-SG,404.900,7.4,250,10,2.6,,
2026-08-04T12:49:07.001Z,X1432663,8045,45.89108,8.57081,29399.8,6.1,17.6,280.0,-43.4,1.0,-1.0,RS41-SG,404.900,7.5,250,10,2.7,,
2026-08-04T12:49:08.001Z,X1432663,8046,45.89111,8.57059,29405.5,5.1,16.6,279.8,-43.5,1.0,-1.0,RS41-SG,404.900,7.5,250,10,2.7,,
2026-08-04T12:49:09.001Z,X1432663,8047,45.89113,8.57039,29410.7,5.3,16.0,280.1,-43.5,1.0,-1.0,RS41-SG,404.900,7.4,250,10,2.6,,
2026-08-04T12:49:10.001Z,X1432663,8048,45.89116,8.57018,29416.2,5.6,16.2,281.5,-43.5,1.0,-1.0,RS41-SG,404.900,7.4,250,10,2.6,,
2026-08-04T12:49:17.001Z,X1432663,8055,45.89131,8.56857,29455.6,4.9,18.4,268.9,-43.7,1.0,-1.0,RS41-SG,404.900,6.6,250,10,2.6,,
2026-08-04T12:50:50.001Z,X1432663,8148,45.89346,8.55415,29907.8,3.9,9.0,272.9,-42.4,0.9,-1.0,RS41-SG,404.900,6.5,250,10,2.7,,
2026-08-04T12:50:56.001Z,X1432663,8154,45.89361,8.55341,29936.9,5.7,12.4,285.9,-42.3,0.9,-1.0,RS41-SG,404.900,6.9,250,10,2.7,,
2026-08-04T12:51:07.001Z,X1432663,8165,45.89387,8.55198,29989.1,4.2,5.8,272.6,-41.9,0.9,-1.0,RS41-SG,404.900,6.8,250,10,2.7,,
2026-08-04T12:54:47.001Z,X1432663,8385,45.89935,8.52633,31305.7,5.1,7.3,301.6,-38.7,0.8,-1.0,RS41-SG,404.900,6.9,250,9,2.6,,
2026-08-04T12:54:48.001Z,X1432663,8386,45.89938,8.52625,31310.5,4.5,6.9,296.3,-38.8,0.8,-1.0,RS41-SG,404.900,6.9,250,9,2.7,,
2026-08-04T12:54:55.001Z,X1432663,8393,45.89976,8.52529,31345.6,6.1,14.8,300.0,-38.8,0.8,-1.0,RS41-SG,404.900,6.5,250,9,2.7,,
2026-08-04T12:55:05.001Z,X1432663,8403,45.90027,8.52420,31394.8,5.3,7.7,299.8,-38.7,0.8,-1.0,RS41-SG,404.900,6.9,250,9,2.6,,
2026-08-04T12:55:08.001Z,X1432663,8406,45.90037,8.52393,31408.3,4.5,9.3,299.8,-38.5,0.8,-1.0,RS41-SG,404.900,7.5,250,9,2.7,,
2026-08-04T12:55:10.001Z,X1432663,8408,45.90048,8.52370,31417.7,4.7,12.5,309.1,-38.7,0.8,-1.0,RS41-SG,404.900,6.8,250,9,2.6,,
2026-08-04T12:55:17.001Z,X1432663,8415,45.90088,8.52310,31448.5,3.5,4.1,289.1,-38.4,0.8,-1.0,RS41-SG,404.900,6.8,250,9,2.6,,
2026-08-04T12:55:29.001Z,X1432663,8427,45.90126,8.52189,31500.2,4.0,7.5,314.7,-38.1,0.8,-1.0,RS41-SG,404.900,7.0,250,9,2.6,,
2026-08-04T12:55:45.001Z,X1432663,8443,45.90166,8.52023,31564.3,3.8,6.6,278.1,-38.0,0.8,-1.0,RS41-SG,404.900,7.1,250,9,2.7,,
2026-08-04T12:55:46.001Z,X1432663,8444,45.90167,8.52014,31568.3,4.3,8.4,274.2,-38.0,0.8,-1.0,RS41-SG,404.900,7.1,250,9,2.7,,
2026-08-04T12:55:47.001Z,X1432663,8445,45.90168,8.52002,31572.7,4.3,10.6,274.1,-38.0,0.8,-1.0,RS41-SG,404.900,7.4,250,9,2.7,,
2026-08-04T12:55:48.001Z,X1432663,8446,45.90169,8.51987,31576.5,3.5,12.4,276.8,-38.0,0.8,-1.0,RS41-SG,404.900,7.4,250,9,2.6,,
2026-08-04T12:55:49.001Z,X1432663,8447,45.90170,8.51971,31579.7,2.8,13.5,280.1,-37.9,0.8,-1.0,RS41-SG,404.900,7.4,250,9,2.6,,
2026-08-04T12:55:51.001Z,X1432663,8449,45.90176,8.51937,31586.5,4.1,12.8,288.3,-37.8,0.7,-1.0,RS41-SG,404.900,6.8,250,9,2.7,,
2026-08-04T12:55:54.001Z,X1432663,8452,45.90188,8.51902,31598.6,2.9,8.0,301.0,-37.6,0.8,-1.0,RS41-SG,404.900,6.8,250,9,2.6,,
2026-08-04T12:55:55.001Z,X1432663,8453,45.90191,8.51893,31601.5,2.9,7.5,301.6,-37.5,0.8,-1.0,RS41-SG,404.900,7.7,250,9,2.6,,
2026-08-04T12:55:56.001Z,X1432663,8454,45.90195,8.51884,31605.0,4.0,8.1,297.4,-37.5,0.8,-1.0,RS41-SG,404.900,7.9,250,9,2.6,,
2026-08-04T12:55:57.001Z,X1432663,8455,45.90198,8.51874,31609.2,4.6,9.7,291.8,-37.5,0.7,-1.0,RS41-SG,404.900,7.9,250,9,2.7,,
2026-08-04T12:55:58.001Z,X1432663,8456,45.90201,8.51861,31613.5,4.0,11.5,287.7,-37.4,0.8,-1.0,RS41-SG,404.900,7.9,250,9,2.7,,
2026-08-04T12:55:59.001Z,X1432663,8457,45.90204,8.51846,31616.8,2.5,12.9,285.2,-37.4,0.7,-1.0,RS41-SG,404.900,7.0,250,9,2.7,,
2026-08-04T12:56:06.001Z,X1432663,8464,45.90221,8.51750,31640.5,3.3,8.4,300.6,-37.1,0.7,-1.0,RS41-SG,404.900,6.6,250,9,2.6,,
2026-08-04T12:56:09.001Z,X1432663,8467,45.90238,8.51718,31651.3,3.1,12.7,308.8,-37.0,0.7,-1.0,RS41-SG,404.900,6.9,250,9,2.7,,
2026-08-04T12:56:12.001Z,X1432663,8470,45.90259,8.51678,31661.2,4.2,11.8,304.4,-36.7,0.8,-1.0,RS41-SG,404.900,6.4,250,9,2.6,,
2026-08-04T12:56:32.001Z,X1432663,8490,45.90323,8.51445,31734.0,4.4,10.1,279.8,-35.7,0.7,-1.0,RS41-SG,404.900,6.8,250,9,2.7,,
2026-08-04T12:56:33.001Z,X1432663,8491,45.90325,8.51433,31738.0,3.5,9.4,283.6,-35.6,0.7,-1.0,RS41-SG,404.900,6.8,250,9,2.7,,
2026-08-04T12:56:35.001Z,X1432663,8493,45.90331,8.51410,31744.6,3.6,9.8,296.0,-35.5,0.7,-1.0,RS41-SG,404.900,7.2,250,9,2.6,,
2026-08-04T12:56:36.001Z,X1432663,8494,45.90335,8.51399,31748.3,3.9,11.1,299.2,-35.5,0.7,-1.0,RS41-SG,404.900,7.2,250,9,2.6,,
2026-08-04T12:56:39.001Z,X1432663,8497,45.90352,8.51356,31759.8,3.8,13.2,298.5,-35.3,0.7,-1.0,RS41-SG,404.900,7.0,250,9,2.7,,
2026-08-04T12:56:43.001Z,X1432663,8501,45.90366,8.51308,31776.1,3.0,7.4,281.1,-35.1,0.7,-1.0,RS41-SG,404.900,7.2,250,9,2.6,,
2026-08-04T12:56:44.001Z,X1432663,8502,45.90367,8.51298,31779.3,3.5,7.4,270.6,-35.1,0.7,-1.0,RS41-SG,404.900,7.2,250,9,2.7,,
2026-08-04T12:56:45.001Z,X1432663,8503,45.90366,8.51288,31783.1,4.0,8.4,266.2,-35.1,0.7,-1.0,RS41-SG,404.900,7.3,250,9,2.7,,
2026-08-04T12:56:46.001Z,X1432663,8504,45.90366,8.51277,31787.4,4.5,10.0,266.7,-35.0,0.7,-1.0,RS41-SG,404.900,7.3,250,9,2.7,,
2026-08-04T12:56:55.001Z,X1432663,8513,45.90391,8.51181,31825.7,4.2,5.9,325.7,-34.7,0.7,-1.0,RS41-SG,404.900,7.3,250,9,2.6,,
2026-08-04T12:56:56.001Z,X1432663,8514,45.90395,8.51176,31830.1,4.5,6.3,317.3,-34.7,0.7,-1.0,RS41-SG,404.900,7.8,250,9,2.7,,
2026-08-04T12:56:57.001Z,X1432663,8515,45.90399,8.51169,31834.8,4.9,7.6,306.2,-34.6,0.7,-1.0,RS41-SG,404.900,7.8,250,9,2.7,,
2026-08-04T12:56:58.001Z,X1432663,8516,45.90403,8.51160,31839.7,4.8,9.4,298.8,-34.4,0.7,-1.0,RS41-SG,404.900,7.6,250,9,2.7,,
2026-08-04T12:56:59.001Z,X1432663,8517,45.90407,8.51149,31844.4,4.5,10.8,294.8,-34.4,0.6,-1.0,RS41-SG,404.900,7.6,250,9,2.6,,
2026-08-04T12:57:05.001Z,X1432663,8523,45.90425,8.51090,31871.0,3.2,3.1,313.0,-34.1,0.6,-1.0,RS41-SG,404.900,7.3,250,9,2.7,,
2026-08-04T12:57:07.001Z,X1432663,8525,45.90430,8.51085,31878.5,4.6,4.1,328.2,-34.1,0.7,-1.0,RS41-SG,404.900,7.7,250,9,2.6,,
2026-08-04T12:57:08.001Z,X1432663,8526,45.90434,8.51081,31883.3,4.9,6.3,320.0,-34.1,0.6,-1.0,RS41-SG,404.900,7.7,250,9,2.6,,
2026-08-04T12:57:09.001Z,X1432663,8527,45.90438,8.51074,31888.2,4.7,8.8,312.6,-34.2,0.7,-1.0,RS41-SG,404.900,7.5,250,9,2.7,,
2026-08-04T12:57:10.001Z,X1432663,8528,45.90444,8.51064,31892.5,3.9,10.9,306.4,-34.1,0.7,-1.0,RS41-SG,404.900,7.4,250,9,2.7,,
2026-08-04T12:57:11.001Z,X1432663,8529,45.90450,8.51052,31896.4,3.7,12.4,300.5,-34.1,0.6,-1.0,RS41-SG,404.900,7.6,250,9,2.6,,
2026-08-04T12:57:15.001Z,X1432663,8533,45.90461,8.50997,31915.9,4.6,8.5,269.2,-34.2,0.7,-1.0,RS41-SG,404.900,7.4,250,9,2.7,,
2026-08-04T12:57:16.001Z,X1432663,8534,45.90461,8.50987,31919.9,3.4,7.1,262.3,-34.2,0.7,-1.0,RS41-SG,404.900,7.4,250,9,2.6,,
2026-08-04T12:57:18.001Z,X1432663,8536,45.90459,8.50971,31927.3,4.5,6.0,267.1,-34.2,0.7,-1.0,RS41-SG,404.900,7.3,250,9,2.6,,
2026-08-04T12:57:19.001Z,X1432663,8537,45.90460,8.50963,31932.5,5.8,7.1,280.7,-34.2,0.7,-1.0,RS41-SG,404.900,7.3,250,9,2.7,,
2026-08-04T12:57:21.001Z,X1432663,8539,45.90465,8.50942,31942.7,3.8,10.4,298.0,-34.1,0.6,-1.0,RS41-SG,404.900,6.9,250,9,2.7,,
2026-08-04T12:57:22.001Z,X1432663,8540,45.90470,8.50930,31946.4,3.4,11.7,301.9,-34.1,0.7,-1.0,RS41-SG,404.900,7.4,250,9,2.6,,
2026-08-04T12:57:23.001Z,X1432663,8541,45.90476,8.50917,31950.1,4.1,12.2,303.8,-34.1,0.6,-1.0,RS41-SG,404.900,7.4,250,9,2.6,,
2026-08-04T12:57:26.001Z,X1432663,8544,45.90491,8.50881,31965.6,5.4,9.0,295.6,-33.9,0.7,-1.0,RS41-SG,404.900,7.4,250,9,2.7,,
2026-08-04T12:57:27.001Z,X1432663,8545,45.90494,8.50871,31970.6,4.6,8.1,287.5,-34.0,0.7,-1.0,RS41-SG,404.900,7.4,250,9,2.7,,
2026-08-04T12:57:28.001Z,X1432663,8546,45.90496,8.50861,31975.1,4.3,8.4,276.7,-34.0,0.7,-1.0,RS41-SG,404.900,7.3,250,9,2.6,,
2026-08-04T12:57:29.001Z,X1432663,8547,45.90496,8.50849,31979.7,4.8,9.7,269.9,-33.9,0.7,-1.0,RS41-SG,404.900,7.7,250,9,2.6,,
2026-08-04T12:57:30.001Z,X1432663,8548,45.90496,8.50835,31984.9,5.4,11.6,268.2,-34.0,0.7,-1.0,RS41-SG,404.900,7.7,250,9,2.6,,
2026-08-04T12:57:32.001Z,X1432663,8550,45.90496,8.50802,31995.5,4.8,14.3,273.3,-34.0,0.7,-1.0,RS41-SG,404.900,7.0,250,9,2.7,,
2026-08-04T12:57:33.001Z,X1432663,8551,45.90498,8.50783,32000.5,5.0,14.4,279.2,-34.0,0.6,-1.0,RS41-SG,404.900,7.0,250,9,2.7,,
2026-08-04T12:57:37.001Z,X1432663,8555,45.90516,8.50728,32021.1,3.9,10.4,316.3,-34.0,0.7,-1.0,RS41-SG,404.900,7.7,250,9,2.7,,
2026-08-04T12:57:38.001Z,X1432663,8556,45.90523,8.50719,32025.3,4.4,10.2,321.5,-34.1,0.7,-1.0,RS41-SG,404.900,7.7,250,9,2.6,,
2026-08-04T12:57:39.001Z,X1432663,8557,45.90530,8.50711,32030.3,5.6,10.8,318.6,-34.0,0.6,-1.0,RS41-SG,404.900,7.5,250,9,2.6,,
2026-08-04T12:57:40.001Z,X1432663,8558,45.90537,8.50700,32036.2,6.1,11.9,310.4,-34.0,0.7,-1.0,RS41-SG,404.900,7.7,250,9,2.7,,
2026-08-04T12:57:41.001Z,X1432663,8559,45.90544,8.50687,32042.3,6.0,13.4,300.5,-34.1,0.7,-1.0,RS41-SG,404.900,8.0,250,9,2.7,,
2026-08-04T12:57:42.001Z,X1432663,8560,45.90549,8.50671,32048.1,5.5,14.7,292.4,-34.1,0.7,-1.0,RS41-SG,404.900,8.0,250,9,2.6,,
2026-08-04T12:57:47.001Z,X1432663,8565,45.90556,8.50582,32074.4,5.9,10.3,261.9,-33.9,0.7,-1.0,RS41-SG,404.900,6.8,250,9,2.6,,
2026-08-04T12:57:48.001Z,X1432663,8566,45.90555,8.50570,32079.8,4.9,8.2,264.8,-33.8,0.6,-1.0,RS41-SG,404.900,7.1,250,9,2.6,,
2026-08-04T12:57:49.001Z,X1432663,8567,45.90555,8.50560,32084.8,5.2,6.9,278.8,-33.9,0.7,-1.0,RS41-SG,404.900,7.1,250,9,2.6,,
2026-08-04T12:57:50.001Z,X1432663,8568,45.90557,8.50552,32090.4,6.0,7.5,297.0,-33.9,0.6,-1.0,RS41-SG,404.900,6.7,250,9,2.7,,
2026-08-04T12:57:51.001Z,X1432663,8569,45.90561,8.50543,32096.6,6.2,9.6,307.9,-33.8,0.7,-1.0,RS41-SG,404.900,6.8,250,9,2.7,,
2026-08-04T12:57:52.001Z,X1432663,8570,45.90567,8.50532,32102.1,4.7,11.6,311.7,-33.7,0.7,-1.0,RS41-SG,404.900,7.6,250,9,2.7,,
2026-08-04T12:57:53.001Z,X1432663,8571,45.90575,8.50520,32106.8,4.7,13.2,312.3,-33.7,0.6,-1.0,RS41-SG,404.900,7.6,250,9,2.6,,
2026-08-04T12:57:54.001Z,X1432663,8572,45.90583,8.50507,32112.0,5.8,13.6,310.9,-33.6,0.7,-1.0,RS41-SG,404.900,7.1,250,9,2.6,,
2026-08-04T12:57:55.001Z,X1432663,8573,45.90590,8.50494,32118.5,7.1,12.7,306.8,-33.5,0.6,-1.0,RS41-SG,404.900,7.3,250,9,2.6,,
2026-08-04T12:57:56.001Z,X1432663,8574,45.90596,8.50482,32125.7,7.0,11.1,300.5,-33.5,0.6,-1.0,RS41-SG,404.900,7.5,250,9,2.7,,
2026-08-04T12:57:58.001Z,X1432663,8576,45.90602,8.50459,32137.0,4.8,8.6,279.8,-33.4,0.7,-1.0,RS41-SG,404.900,7.5,250,9,2.7,,
2026-08-04T12:57:59.001Z,X1432663,8577,45.90603,8.50448,32142.0,5.1,8.5,267.9,-33.3,0.6,-1.0,RS41-SG,404.900,7.6,250,9,2.6,,
2026-08-04T12:58:01.001Z,X1432663,8579,45.90601,8.50425,32153.9,6.7,9.3,260.3,-33.4,0.6,-1.0,RS41-SG,404.900,7.7,250,9,2.6,,
2026-08-04T12:58:02.001Z,X1432663,8580,45.90600,8.50413,32160.3,6.0,9.2,264.0,-33.3,0.6,-1.0,RS41-SG,404.900,7.7,250,9,2.7,,
2026-08-04T12:58:05.001Z,X1432663,8583,45.90603,8.50385,32178.1,6.1,6.2,304.6,-33.2,0.6,-1.0,RS41-SG,404.900,7.4,250,9,2.6,,
2026-08-04T12:58:06.001Z,X1432663,8584,45.90607,8.50379,32184.1,5.8,6.0,323.7,-33.1,0.6,-1.0,RS41-SG,404.900,7.4,250,9,2.6,,
2026-08-04T12:58:07.001Z,X1432663,8585,45.90611,8.50375,32189.7,5.3,6.3,335.2,-33.2,0.6,-1.0,RS41-SG,404.900,7.5,250,9,2.7,,
2026-08-04T12:58:08.001Z,X1432663,8586,45.90617,8.50372,32195.3,5.8,6.7,334.4,-33.1,0.6,-1.0,RS41-SG,404.900,8.0,250,9,2.7,,
2026-08-04T12:58:09.001Z,X1432663,8587,45.90622,8.50367,32201.4,6.4,7.2,324.2,-33.0,0.6,-1.0,RS41-SG,404.900,8.0,250,9,2.6,,
2026-08-04T12:58:10.001Z,X1432663,8588,45.90627,8.50361,32208.0,6.7,8.1,308.8,-33.1,0.6,-1.0,RS41-SG,404.900,8.2,250,9,2.6,,
2026-08-04T12:58:11.001Z,X1432663,8589,45.90631,8.50351,32214.7,6.7,9.5,295.1,-33.1,0.6,-1.0,RS41-SG,404.900,8.2,250,9,2.7,,
2026-08-04T12:58:13.001Z,X1432663,8591,45.90636,8.50325,32226.4,5.4,11.1,277.2,-33.0,0.7,-1.0,RS41-SG,404.900,7.1,250,9,2.6,,
2026-08-04T12:58:16.001Z,X1432663,8594,45.90635,8.50291,32245.6,6.8,5.7,255.6,-33.1,0.6,-1.0,RS41-SG,404.900,7.5,250,9,2.7,,
2026-08-04T12:58:20.001Z,X1432663,8598,45.90634,8.50279,32269.3,7.2,2.7,321.0,-33.0,0.6,-1.0,RS41-SG,404.900,7.8,250,9,2.6,,
2026-08-04T12:58:21.001Z,X1432663,8599,45.90636,8.50276,32276.1,6.3,4.3,314.1,-33.1,0.6,-1.0,RS41-SG,404.900,7.8,250,9,2.7,,
2026-08-04T12:58:24.001Z,X1432663,8602,45.90645,8.50257,32294.1,6.3,6.9,293.1,-33.0,0.6,-1.0,RS41-SG,404.900,6.9,250,9,2.6,,
2026-08-04T12:58:28.001Z,X1432663,8606,45.90644,8.50227,32319.8,5.2,6.0,238.1,-32.9,0.7,-1.0,RS41-SG,404.900,7.2,250,9,2.7,,
2026-08-04T12:58:36.001Z,X1432663,8614,45.90630,8.50182,32371.4,5.6,2.6,343.2,-32.8,0.6,-1.0,RS41-SG,404.900,7.3,250,9,2.6,,
2026-08-04T12:58:37.001Z,X1432663,8615,45.90633,8.50181,32377.3,6.1,2.9,347.3,-32.8,0.6,-1.0,RS41-SG,404.900,7.3,250,9,2.6,,
2026-08-04T12:58:46.001Z,X1432663,8624,45.90616,8.50128,32435.9,6.2,5.6,195.6,-32.7,0.6,-1.0,RS41-SG,404.900,6.7,250,9,2.6,,
2026-08-04T12:58:48.001Z,X1432663,8626,45.90608,8.50126,32448.2,6.7,3.2,186.6,-32.8,0.6,-1.0,RS41-SG,404.900,6.6,250,9,2.7,,
2026-08-04T12:58:50.001Z,X1432663,8628,45.90605,8.50122,32462.4,6.7,3.2,254.8,-32.8,0.6,-1.0,RS41-SG,404.900,7.1,250,9,2.7,,
2026-08-04T12:58:57.001Z,X1432663,8635,45.90592,8.50079,32506.1,5.5,6.8,207.3,-32.9,0.6,-1.0,RS41-SG,404.900,7.0,250,9,2.6,,
2026-08-04T12:59:00.001Z,X1432663,8638,45.90572,8.50066,32524.9,7.1,9.1,208.0,-33.1,0.7,-1.0,RS41-SG,404.900,7.2,250,9,2.7,,
2026-08-04T12:59:04.001Z,X1432663,8642,45.90550,8.50043,32550.7,6.2,4.6,227.2,-33.1,0.7,-1.0,RS41-SG,404.900,6.5,250,9,2.7,,
2026-08-04T12:59:07.001Z,X1432663,8645,45.90545,8.50037,32569.7,6.5,1.7,199.7,-33.1,0.6,-1.0,RS41-SG,404.900,6.9,250,9,2.6,,
2026-08-04T12:59:12.001Z,X1432663,8650,45.90518,8.50012,32602.2,6.1,13.5,219.2,-33.2,0.7,-1.0,RS41-SG,404.900,7.2,250,9,2.6,,
2026-08-04T12:59:20.001Z,X1432663,8658,45.90476,8.49962,32651.8,7.2,1.2,107.3,-33.5,0.7,-1.0,RS41-SG,404.900,7.1,250,9,2.7,,
2026-08-04T12:59:21.001Z,X1432663,8659,45.90475,8.49963,32659.8,8.6,1.7,201.6,-33.4,0.7,-1.0,RS41-SG,404.900,7.1,250,9,2.7,,
2026-08-04T12:59:22.001Z,X1432663,8660,45.90473,8.49960,32668.1,7.9,4.5,226.4,-33.4,0.7,-1.0,RS41-SG,404.900,7.1,250,9,2.6,,
2026-08-04T12:59:24.001Z,X1432663,8662,45.90465,8.49945,32680.0,4.5,10.2,232.3,-33.5,0.7,-1.0,RS41-SG,404.900,7.9,250,9,2.7,,
2026-08-04T12:59:31.001Z,X1432663,8669,45.90428,8.49873,32721.9,5.7,5.2,250.7,-33.4,0.7,-1.0,RS41-SG,404.900,7.1,250,9,2.7,,
2026-08-04T12:59:32.001Z,X1432663,8670,45.90427,8.49867,32728.3,6.9,4.8,262.6,-33.4,0.6,-1.0,RS41-SG,404.900,7.1,250,9,2.7,,
2026-08-04T12:59:33.001Z,X1432663,8671,45.90426,8.49860,32735.3,7.1,4.9,265.9,-33.5,0.7,-1.0,RS41-SG,404.900,7.1,250,9,2.6,,
2026-08-04T12:59:38.001Z,X1432663,8676,45.90417,8.49831,32766.8,6.8,5.7,222.5,-33.6,0.7,-1.0,RS41-SG,404.900,7.6,250,9,2.7,,
2026-08-04T12:59:41.001Z,X1432663,8679,45.90405,8.49812,32785.9,6.3,8.3,241.1,-33.7,0.7,-1.0,RS41-SG,404.900,6.9,250,9,2.7,,
2026-08-04T12:59:42.001Z,X1432663,8680,45.90402,8.49801,32792.2,6.4,10.3,251.6,-33.8,0.7,-1.0,RS41-SG,404.900,7.0,250,9,2.7,,
