timestamp,serial,frame,lat,lon,alt,vel_v,vel_h,heading,temp,humidity,pressure,type,freq_mhz,snr,f_error_hz,sats,batt_v,burst_timer,aux_data
2026-09-15T12:30:31.997Z,Y1142579,6907,45.15337,8.82786,25879.3,6.6,4.9,331.0,-273.0,-1.0,-1.0,RS41,404.900,7.1,250,10,2.6,,
2026-09-15T12:30:32.997Z,Y1142579,6908,45.15341,8.82783,25885.4,5.4,4.1,325.5,-273.0,-1.0,-1.0,RS41,404.900,6.9,250,10,2.6,,
2026-09-15T12:30:50.997Z,Y1142579,6926,45.15386,8.82793,25987.7,4.8,3.6,41.8,-273.0,-1.0,-1.0,RS41,404.900,7.1,250,10,2.7,,
2026-09-15T12:30:51.997Z,Y1142579,6927,45.15388,8.82796,25993.1,6.0,3.0,49.1,-273.0,-1.0,-1.0,RS41,404.900,7.2,250,10,2.7,,
2026-09-15T12:31:01.997Z,Y1142579,6937,45.15401,8.82823,26047.9,4.7,2.9,90.8,-273.0,-1.0,-1.0,RS41,404.900,7.3,250,10,2.6,,
2026-09-15T12:31:03.997Z,Y1142579,6939,45.15401,8.82830,26059.6,6.4,2.7,75.9,-273.0,-1.0,-1.0,RS41,404.900,7.4,250,10,2.7,,
2026-09-15T12:31:08.997Z,Y1142579,6944,45.15402,8.82846,26086.9,5.2,3.0,117.4,-273.0,-1.0,-1.0,RS41,404.900,6.9,250,10,2.6,,
2026-09-15T12:31:26.997Z,Y1142579,6962,45.15390,8.82912,26186.7,6.0,3.1,91.5,-273.0,-1.0,-1.0,RS41,404.900,6.4,250,10,2.6,,
2026-09-15T12:32:40.997Z,Y1142579,7036,45.15176,8.82994,26598.8,4.9,4.4,141.6,-273.0,-1.0,-1.0,RS41,404.900,7.0,250,11,2.6,,
2026-09-15T12:33:19.997Z,Y1142579,7075,45.15084,8.82934,26814.9,6.7,1.9,183.5,-273.0,-1.0,-1.0,RS41,404.900,6.8,250,11,2.6,,
2026-09-15T12:33:25.997Z,Y1142579,7081,45.15075,8.82928,26849.2,5.1,3.0,198.5,-273.0,-1.0,-1.0,RS41,404.900,6.7,250,11,2.6,,
2026-09-15T12:33:27.997Z,Y1142579,7083,45.15071,8.82925,26860.4,6.1,1.6,228.9,-273.0,-1.0,-1.0,RS41,404.900,7.3,250,11,2.6,,
2026-09-15T12:33:28.997Z,Y1142579,7084,45.15071,8.82924,26866.3,5.7,1.1,278.5,-273.0,-1.0,-1.0,RS41,404.900,7.3,250,11,2.7,,
2026-09-15T12:33:58.997Z,Y1142579,7114,45.15054,8.82908,27036.6,6.7,1.3,336.4,-273.0,-1.0,-1.0,RS41,404.900,6.9,250,11,2.6,,
2026-09-15T12:37:00.998Z,Y1142579,7296,45.14740,8.82879,28070.1,5.0,2.4,126.1,-273.0,-1.0,-1.0,RS41,404.900,7.1,250,11,2.6,,
2026-09-15T12:37:58.998Z,Y1142579,7354,45.14756,8.82787,28394.4,6.0,3.6,31.9,-273.0,-1.0,-1.0,RS41,404.900,6.6,250,11,2.7,,
2026-09-15T12:37:59.998Z,Y1142579,7355,45.14759,8.82789,28400.7,6.6,3.6,45.9,-273.0,-1.0,-1.0,RS41,404.900,6.7,250,11,2.7,,
2026-09-15T12:38:00.998Z,Y1142579,7356,45.14761,8.82793,28406.6,5.3,3.5,59.1,-273.0,-1.0,-1.0,RS41,404.900,7.2,250,11,2.7,,
2026-09-15T12:38:40.998Z,Y1142579,7396,45.14792,8.82907,28641.7,7.4,5.7,67.3,-273.0,-1.0,-1.0,RS41,404.900,7.0,250,11,2.6,,
2026-09-15T12:38:52.998Z,Y1142579,7408,45.14781,8.82963,28713.8,6.8,5.3,103.7,-273.0,-1.0,-1.0,RS41,404.900,6.2,250,11,2.7,,
2026-09-15T12:39:08.998Z,Y1142579,7424,45.14740,8.83018,28815.0,5.4,4.9,119.1,-273.0,-1.0,-1.0,RS41,404.900,6.8,250,11,2.7,,
2026-09-15T12:39:10.998Z,Y1142579,7426,45.14735,8.83028,28827.4,7.1,4.3,138.5,-273.0,-1.0,-1.0,RS41,404.900,7.5,250,11,2.6,,
2026-09-15T12:39:11.998Z,Y1142579,7427,45.14732,8.83030,28834.4,6.8,4.4,162.6,-273.0,-1.0,-1.0,RS41,404.900,7.5,250,11,2.6,,
2026-09-15T12:39:12.998Z,Y1142579,7428,45.14728,8.83031,28840.7,5.8,4.8,176.5,-273.0,-1.0,-1.0,RS41,404.900,7.3,250,11,2.6,,
2026-09-15T12:39:13.998Z,Y1142579,7429,45.14723,8.83031,28846.6,6.1,5.1,180.9,-273.0,-1.0,-1.0,RS41,404.900,7.4,250,11,2.7,,
2026-09-15T12:39:14.998Z,Y1142579,7430,45.14719,8.83032,28853.3,7.3,4.8,175.3,-273.0,-1.0,-1.0,RS41-SG,404.900,7.7,250,11,2.7,,
2026-09-15T12:39:15.998Z,Y1142579,7431,45.14715,8.83033,28860.0,6.1,4.5,164.1,-273.0,-1.0,-1.0,RS41-SG,404.900,7.7,250,11,2.7,,
2026-09-15T12:39:16.998Z,Y1142579,7432,45.14711,8.83035,28865.7,5.2,4.4,153.9,-273.0,-1.0,-1.0,RS41-SG,404.900,7.7,250,11,2.6,,
2026-09-15T12:39:18.998Z,Y1142579,7434,45.14704,8.83040,28878.2,7.4,4.4,155.4,-273.0,-1.0,-1.0,RS41-SG,404.900,7.4,250,11,2.6,,
2026-09-15T12:39:24.998Z,Y1142579,7440,45.14687,8.83056,28916.2,5.0,3.7,116.4,-273.0,-1.0,-1.0,RS41-SG,404.900,7.7,250,11,2.6,,
2026-09-15T12:39:25.998Z,Y1142579,7441,45.14685,8.83060,28921.4,5.6,3.1,128.2,-273.0,-1.0,-1.0,RS41-SG,404.900,7.7,250,11,2.6,,
2026-09-15T12:39:26.998Z,Y1142579,7442,45.14683,8.83062,28927.5,6.6,2.9,166.2,-273.0,-1.0,-1.0,RS41-SG,404.900,7.3,250,11,2.7,,
2026-09-15T12:39:31.998Z,Y1142579,7447,45.14663,8.83050,28957.0,7.1,4.0,187.0,-273.0,-1.0,-1.0,RS41-SG,404.900,7.6,250,11,2.6,,
2026-09-15T12:39:33.998Z,Y1142579,7449,45.14658,8.83054,28969.3,4.7,3.7,126.5,-273.0,-1.0,-1.0,RS41-SG,404.900,6.5,250,11,2.7,,
2026-09-15T12:39:35.998Z,Y1142579,7451,45.14654,8.83064,28981.2,7.3,4.9,124.2,-273.0,-1.0,-1.0,RS41-SG,404.900,6.7,250,11,2.6,,
2026-09-15T12:39:39.998Z,Y1142579,7455,45.14638,8.83077,29005.5,7.2,5.3,168.2,-273.0,-1.0,-1.0,RS41-SG,404.900,7.1,250,11,2.7,,
2026-09-15T12:39:40.998Z,Y1142579,7456,45.14634,8.83078,29012.5,6.9,4.7,171.1,-273.0,-1.0,-1.0,RS41-SG,404.900,7.0,250,11,2.7,,
2026-09-15T12:39:41.998Z,Y1142579,7457,45.14630,8.83078,29019.0,6.2,4.2,177.8,-273.0,-1.0,-1.0,RS41-SG,404.900,7.0,250,11,2.6,,
2026-09-15T12:39:43.998Z,Y1142579,7459,45.14622,8.83076,29031.9,6.9,4.9,201.1,-273.0,-1.0,-1.0,RS41-SG,404.900,7.2,250,11,2.6,,
2026-09-15T12:39:47.998Z,Y1142579,7463,45.14605,8.83073,29056.6,6.4,5.0,149.3,-273.0,-1.0,-1.0,RS41-SG,404.900,7.2,250,11,2.7,,
2026-09-15T12:40:19.998Z,Y1142579,7495,45.14473,8.83180,29248.3,5.3,9.9,137.2,-273.0,-1.0,-1.0,RS41-SG,404.900,6.8,250,11,2.7,,
2026-09-15T12:40:29.998Z,Y1142579,7505,45.14418,8.83214,29308.7,7.6,4.5,185.8,-45.8,-1.0,-1.0,RS41-SG,404.900,7.2,250,11,2.6,,
2026-09-15T12:40:30.998Z,Y1142579,7506,45.14413,8.83214,29315.6,6.2,6.1,173.1,-45.9,-1.0,-1.0,RS41-SG,404.900,8.4,250,11,2.7,,
2026-09-15T12:40:31.998Z,Y1142579,7507,45.14407,8.83216,29320.9,4.5,7.6,164.8,-46.0,-1.0,-1.0,RS41-SG,404.900,8.4,250,10,2.7,,
2026-09-15T12:40:32.998Z,Y1142579,7508,45.14400,8.83219,29325.7,5.0,9.1,158.6,-46.1,-1.0,-1.0,RS41-SG,404.900,7.8,250,10,2.7,,
2026-09-15T12:40:33.998Z,Y1142579,7509,45.14392,8.83224,29331.4,6.6,9.6,153.7,-46.2,-1.0,-1.0,RS41-SG,404.900,8.1,250,10,2.6,,
2026-09-15T12:40:34.998Z,Y1142579,7510,45.14385,8.83229,29337.9,6.4,9.3,151.4,-46.2,-1.0,-1.0,RS41-SG,404.900,8.1,250,10,2.6,,
2026-09-15T12:40:35.998Z,Y1142579,7511,45.14378,8.83235,29344.2,6.1,9.0,152.6,-46.2,-1.0,-1.0,RS41-SG,404.900,7.1,250,11,2.6,,
2026-09-15T12:40:38.998Z,Y1142579,7514,45.14354,8.83246,29363.7,5.7,9.7,169.5,-46.2,-1.0,-1.0,RS41-SG,404.900,7.8,250,11,2.6,,
2026-09-15T12:40:42.998Z,Y1142579,7518,45.14324,8.83242,29387.1,4.8,7.0,204.7,-46.2,-1.0,-1.0,RS41-SG,404.900,7.5,250,11,2.6,,
2026-09-15T12:40:44.998Z,Y1142579,7520,45.14312,8.83234,29398.4,7.0,8.0,204.0,-46.5,-1.0,-1.0,RS41-SG,404.900,7.4,250,11,2.7,,
2026-09-15T12:40:45.998Z,Y1142579,7521,45.14305,8.83231,29405.3,6.8,9.2,196.3,-46.6,-1.0,-1.0,RS41-SG,404.900,7.4,250,11,2.7,,
2026-09-15T12:40:46.998Z,Y1142579,7522,45.14297,8.83228,29411.3,5.3,10.1,189.2,-46.7,-1.0,-1.0,RS41-SG,404.900,7.8,250,11,2.6,,
2026-09-15T12:40:47.998Z,Y1142579,7523,45.14288,8.83227,29416.8,5.7,10.5,182.4,-46.7,-1.0,-1.0,RS41-SG,404.900,7.8,250,11,2.6,,
2026-09-15T12:40:48.998Z,Y1142579,7524,45.14278,8.83227,29422.9,6.7,10.1,175.9,-46.7,-1.0,-1.0,RS41-SG,404.900,7.4,250,11,2.6,,
2026-09-15T12:40:49.998Z,Y1142579,7525,45.14270,8.83228,29429.1,5.7,9.4,170.8,-46.7,-1.0,-1.0,RS41-SG,404.900,7.4,250,11,2.6,,
2026-09-15T12:40:50.998Z,Y1142579,7526,45.14262,8.83230,29434.6,5.2,8.8,168.0,-46.6,-1.0,-1.0,RS41-SG,404.900,8.4,250,11,2.7,,
2026-09-15T12:40:51.998Z,Y1142579,7527,45.14254,8.83233,29440.1,6.0,8.7,166.7,-46.6,-1.0,-1.0,RS41-SG,404.900,8.4,250,11,2.7,,
2026-09-15T12:40:52.998Z,Y1142579,7528,45.14246,8.83235,29446.6,6.8,9.2,168.9,-46.5,-1.0,-1.0,RS41-SG,404.900,7.8,250,11,2.6,,
2026-09-15T12:40:53.998Z,Y1142579,7529,45.14238,8.83237,29452.7,5.5,9.7,171.6,-46.5,-1.0,-1.0,RS41-SG,404.900,7.7,250,11,2.6,,
2026-09-15T12:40:54.998Z,Y1142579,7530,45.14229,8.83239,29458.1,5.3,9.7,174.7,-46.4,-1.0,-1.0,RS41-SG,404.900,7.6,250,11,2.6,,
2026-09-15T12:40:56.998Z,Y1142579,7532,45.14214,8.83240,29469.7,6.6,7.6,181.3,-46.3,-1.0,-1.0,RS41,404.900,8.0,250,11,2.7,,
2026-09-15T12:40:57.998Z,Y1142579,7533,45.14207,8.83239,29476.0,6.1,6.6,183.5,-46.3,-1.0,-1.0,RS41,404.900,8.1,250,11,2.7,,
2026-09-15T12:40:58.998Z,Y1142579,7534,45.14201,8.83239,29481.7,5.3,6.3,185.1,-46.3,-1.0,-1.0,RS41,404.900,8.1,250,11,2.6,,
2026-09-15T12:41:12.998Z,Y1142579,7548,45.14090,8.83242,29563.5,6.9,9.8,191.4,-46.1,-1.0,-1.0,RS41,404.900,7.6,250,11,2.7,,
2026-09-15T12:41:13.998Z,Y1142579,7549,45.14082,8.83239,29570.1,6.2,9.4,193.9,-46.0,-1.0,-1.0,RS41,404.900,7.6,250,11,2.6,,
2026-09-15T12:41:14.998Z,Y1142579,7550,45.14074,8.83236,29575.7,4.9,9.0,195.8,-45.8,-1.0,-1.0,RS41,404.900,7.1,250,11,2.6,,
2026-09-15T12:41:21.998Z,Y1142579,7557,45.14021,8.83215,29618.3,5.5,5.4,192.4,-45.6,-1.0,-1.0,RS41,404.900,7.2,250,11,2.7,,
2026-09-15T12:41:43.998Z,Y1142579,7579,45.13881,8.83203,29748.3,5.4,8.7,184.7,-44.9,-1.0,-1.0,RS41,404.900,6.5,250,10,2.6,,
2026-09-15T12:41:55.998Z,Y1142579,7591,45.13803,8.83162,29820.9,6.6,7.6,182.8,-45.1,-1.0,-1.0,RS41,404.900,6.9,250,11,2.6,,
2026-09-15T12:41:57.998Z,Y1142579,7593,45.13790,8.83161,29832.7,5.7,7.4,188.1,-45.3,-1.0,-1.0,RS41,404.900,7.4,250,11,2.7,,
2026-09-15T12:41:58.998Z,Y1142579,7594,45.13783,8.83159,29838.8,6.6,8.5,195.8,-45.2,-1.0,-1.0,RS41,404.900,7.5,250,11,2.7,,
2026-09-15T12:42:01.998Z,Y1142579,7597,45.13757,8.83143,29856.7,4.9,11.9,207.0,-45.1,-1.0,-1.0,RS41,404.900,6.8,250,11,2.6,,
2026-09-15T12:43:44.998Z,Y1142579,7700,45.13372,8.82759,30489.0,5.9,4.1,224.8,-43.5,-1.0,-1.0,RS41,404.900,6.9,250,11,2.6,,
2026-09-15T12:43:45.998Z,Y1142579,7701,45.13369,8.82756,30495.3,6.8,3.5,220.7,-43.4,-1.0,-1.0,RS41,404.900,6.9,250,11,2.7,,
2026-09-15T12:43:48.998Z,Y1142579,7704,45.13363,8.82752,30512.0,5.6,2.4,181.4,-43.4,-1.0,-1.0,RS41,404.900,7.5,250,11,2.6,,
2026-09-15T12:43:49.998Z,Y1142579,7705,45.13361,8.82752,30518.2,6.6,2.2,191.4,-43.2,-1.0,-1.0,RS41,404.900,7.5,250,11,2.6,,
2026-09-15T12:43:50.998Z,Y1142579,7706,45.13359,8.82751,30524.7,6.4,2.2,209.1,-43.3,-1.0,-1.0,RS41,404.900,7.4,250,11,2.6,,
2026-09-15T12:44:13.998Z,Y1142579,7729,45.13378,8.82764,30662.1,5.2,4.0,112.2,-43.2,-1.0,-1.0,RS41,404.900,7.7,250,11,2.6,,
2026-09-15T12:44:14.998Z,Y1142579,7730,45.13377,8.82769,30667.6,5.7,4.1,111.9,-43.0,-1.0,-1.0,RS41,404.900,7.7,250,10,2.6,,
2026-09-15T12:44:15.998Z,Y1142579,7731,45.13375,8.82773,30674.1,7.2,3.1,114.0,-43.1,-1.0,-1.0,RS41,404.900,6.8,250,11,2.7,,
2026-09-15T12:44:21.998Z,Y1142579,7737,45.13378,8.82782,30710.3,4.8,3.0,55.4,-43.2,-1.0,-1.0,RS41,404.900,7.5,250,11,2.7,,
2026-09-15T12:44:24.998Z,Y1142579,7740,45.13381,8.82791,30728.4,5.7,1.7,65.7,-43.0,-1.0,-1.0,RS41,404.900,7.6,250,11,2.6,,
2026-09-15T12:44:27.998Z,Y1142579,7743,45.13382,8.82800,30747.3,6.8,4.3,86.4,-43.1,-1.0,-1.0,RS41,404.900,7.3,250,11,2.7,,
2026-09-15T12:44:28.998Z,Y1142579,7744,45.13382,8.82806,30753.5,5.4,5.3,84.7,-43.0,-1.0,-1.0,RS41,404.900,8.4,250,11,2.7,,
2026-09-15T12:44:29.998Z,Y1142579,7745,45.13383,8.82813,30758.8,5.2,5.6,80.6,-43.2,-1.0,-1.0,RS41,404.900,8.4,250,11,2.7,,
2026-09-15T12:44:30.998Z,Y1142579,7746,45.13384,8.82820,30764.3,5.7,4.9,73.5,-43.3,-1.0,-1.0,RS41,404.900,7.4,250,11,2.6,,
2026-09-15T12:44:31.998Z,Y1142579,7747,45.13385,8.82825,30770.6,6.6,3.5,61.0,-43.2,-1.0,-1.0,RS41,404.900,7.3,250,11,2.6,,
2026-09-15T12:44:32.998Z,Y1142579,7748,45.13387,8.82827,30776.9,6.0,2.5,36.1,-43.2,-1.0,-1.0,RS41,404.900,7.0,250,11,2.6,,
2026-09-15T12:44:37.998Z,Y1142579,7753,45.13391,8.82840,30806.2,4.6,5.2,93.8,-43.4,-1.0,-1.0,RS41,404.900,6.9,250,11,2.6,,
2026-09-15T12:44:44.998Z,Y1142579,7760,45.13388,8.82876,30845.8,6.4,2.8,116.7,-43.7,-1.0,-1.0,RS41,404.900,7.6,250,11,2.6,,
2026-09-15T12:44:45.998Z,Y1142579,7761,45.13387,8.82880,30852.2,6.3,3.7,116.7,-43.6,-1.0,-1.0,RS41,404.900,7.6,250,11,2.7,,
2026-09-15T12:44:46.998Z,Y1142579,7762,45.13385,8.82885,30858.1,5.5,4.5,112.4,-43.7,-1.0,-1.0,RS41,404.900,7.1,250,11,2.7,,
2026-09-15T12:44:48.998Z,Y1142579,7764,45.13383,8.82896,30869.9,6.5,4.6,95.9,-43.6,-1.0,-1.0,RS41,404.900,7.0,250,11,2.6,,
2026-09-15T12:44:49.998Z,Y1142579,7765,45.13383,8.82902,30876.5,6.7,4.1,82.7,-43.5,-1.0,-1.0,RS41,404.900,7.0,250,11,2.6,,
2026-09-15T12:44:59.998Z,Y1142579,7775,45.13383,8.82973,30934.9,5.3,4.1,98.1,-43.3,-1.0,-1.0,RS41,404.900,6.7,250,11,2.7,,
2026-09-15T12:45:04.998Z,Y1142579,7780,45.13376,8.83014,30964.7,5.2,9.2,99.4,-43.4,-1.0,-1.0,RS41,404.900,7.0,250,11,2.7,,
2026-09-15T12:45:05.998Z,Y1142579,7781,45.13375,8.83026,30970.6,6.5,9.0,91.8,-43.7,-1.0,-1.0,RS41,404.900,7.0,250,11,2.7,,
2026-09-15T12:45:16.998Z,Y1142579,7792,45.13362,8.83103,31037.8,5.1,3.3,141.6,-43.7,-1.0,-1.0,RS41,404.900,7.8,250,11,2.7,,
2026-09-15T12:45:29.998Z,Y1142579,7805,45.13340,8.83165,31115.4,5.1,6.5,171.7,-43.0,-1.0,-1.0,RS41,404.900,6.9,250,11,2.7,,
2026-09-15T12:45:30.998Z,Y1142579,7806,45.13334,8.83166,31120.3,4.6,7.7,165.7,-42.9,-1.0,-1.0,RS41,404.900,8.4,250,11,2.6,,
2026-09-15T12:45:31.998Z,Y1142579,7807,45.13327,8.83169,31125.4,5.6,8.2,162.5,-42.9,-1.0,-1.0,RS41,404.900,8.4,250,11,2.6,,
2026-09-15T12:45:32.998Z,Y1142579,7808,45.13321,8.83172,31131.9,7.4,7.7,160.8,-43.0,-1.0,-1.0,RS41,404.900,8.2,250,11,2.6,,
2026-09-15T12:45:33.998Z,Y1142579,7809,45.13315,8.83175,31139.1,7.0,6.5,159.3,-43.0,-1.0,-1.0,RS41,404.900,7.9,250,11,2.7,,
2026-09-15T12:45:34.998Z,Y1142579,7810,45.13310,8.83178,31145.8,6.3,4.9,151.2,-43.0,-1.0,-1.0,RS41,404.900,7.9,250,11,2.7,,
2026-09-15T12:45:35.998Z,Y1142579,7811,45.13307,8.83182,31151.9,6.0,3.7,130.4,-42.9,-1.0,-1.0,RS41,404.900,7.2,250,11,2.7,,
2026-09-15T12:45:36.998Z,Y1142579,7812,45.13306,8.83186,31158.2,6.5,4.0,101.2,-43.0,-1.0,-1.0,RS41,404.900,7.8,250,11,2.6,,
2026-09-15T12:45:38.998Z,Y1142579,7814,45.13305,8.83198,31170.1,5.1,5.2,89.6,-43.1,-1.0,-1.0,RS41,404.900,8.0,250,11,2.6,,
2026-09-15T12:45:39.998Z,Y1142579,7815,45.13305,8.83204,31175.8,6.3,4.6,101.1,-43.1,-1.0,-1.0,RS41,404.900,8.0,250,11,2.6,,
2026-09-15T12:45:40.998Z,Y1142579,7816,45.13303,8.83209,31182.3,7.0,3.8,133.0,-43.1,-1.0,-1.0,RS41,404.900,7.7,250,11,2.7,,
2026-09-15T12:45:41.998Z,Y1142579,7817,45.13300,8.83211,31189.2,6.8,4.6,171.3,-43.1,-1.0,-1.0,RS41,404.900,7.6,250,11,2.7,,
2026-09-15T12:45:42.998Z,Y1142579,7818,45.13295,8.83211,31195.4,5.4,6.5,187.8,-43.1,-1.0,-1.0,RS41,404.900,8.7,250,11,2.6,,
2026-09-15T12:45:43.998Z,Y1142579,7819,45.13289,8.83209,31200.3,4.4,8.5,190.7,-43.1,-1.0,-1.0,RS41,404.900,8.7,250,11,2.6,,
2026-09-15T12:45:44.998Z,Y1142579,7820,45.13280,8.83208,31205.2,5.4,10.2,185.8,-43.2,-1.0,-1.0,RS41,404.900,8.1,250,11,2.6,,
2026-09-15T12:45:46.998Z,Y1142579,7822,45.13261,8.83210,31218.4,6.6,10.7,165.1,-43.3,-1.0,-1.0,RS41,404.900,7.7,250,11,2.7,,
2026-09-15T12:45:47.998Z,Y1142579,7823,45.13253,8.83214,31224.6,5.8,9.8,153.9,-43.3,-1.0,-1.0,RS41,404.900,7.8,250,11,2.7,,
2026-09-15T12:45:48.998Z,Y1142579,7824,45.13246,8.83220,31230.4,5.8,8.4,142.0,-43.3,-1.0,-1.0,RS41,404.900,7.8,250,11,2.6,,
2026-09-15T12:45:49.998Z,Y1142579,7825,45.13241,8.83226,31236.7,6.8,6.2,131.5,-43.2,-1.0,-1.0,RS41,404.900,7.9,250,11,2.6,,
2026-09-15T12:45:50.998Z,Y1142579,7826,45.13238,8.83231,31243.3,6.4,4.0,124.0,-43.2,-1.0,-1.0,RS41,404.900,8.1,250,11,2.6,,
2026-09-15T12:45:52.998Z,Y1142579,7828,45.13236,8.83237,31253.6,5.0,1.3,129.3,-42.9,-1.0,-1.0,RS41,404.900,8.3,250,11,2.7,,
2026-09-15T12:45:56.998Z,Y1142579,7832,45.13225,8.83243,31279.1,5.9,6.6,168.8,-43.0,-1.0,-1.0,RS41,404.900,8.7,250,11,2.6,,
2026-09-15T12:45:57.998Z,Y1142579,7833,45.13218,8.83244,31285.0,5.9,8.7,176.3,-42.9,-1.0,-1.0,RS41,404.900,8.7,250,11,2.7,,
2026-09-15T12:45:58.998Z,Y1142579,7834,45.13210,8.83244,31291.1,6.5,10.3,183.4,-42.9,-1.0,-1.0,RS41,404.900,8.7,250,11,2.7,,
2026-09-15T12:45:59.998Z,Y1142579,7835,45.13200,8.83242,31297.4,5.8,11.0,187.8,-43.0,-1.0,-1.0,RS41,404.900,7.9,250,11,2.7,,
2026-09-15T12:46:01.998Z,Y1142579,7837,45.13182,8.83239,31309.2,6.7,9.4,185.0,-42.9,-1.0,-1.0,RS41,404.900,7.2,250,11,2.6,,
2026-09-15T12:46:02.998Z,Y1142579,7838,45.13174,8.83239,31316.3,7.6,7.6,173.4,-42.9,-1.0,-1.0,RS41-SG,404.900,7.7,250,11,2.6,,
2026-09-15T12:46:03.998Z,Y1142579,7839,45.13168,8.83241,31323.0,5.7,6.3,158.3,-43.0,-1.0,-1.0,RS41-SG,404.900,7.7,250,10,2.7,,
2026-09-15T12:46:07.998Z,Y1142579,7843,45.13159,8.83252,31346.1,6.3,0.6,205.8,-42.5,-1.0,-1.0,RS41-SG,404.900,8.0,250,11,2.6,,
2026-09-15T12:46:12.998Z,Y1142579,7848,45.13139,8.83244,31376.1,5.4,9.4,174.1,-42.5,-1.0,-1.0,RS41-SG,404.900,8.5,250,11,2.6,,
2026-09-15T12:46:13.998Z,Y1142579,7849,45.13130,8.83246,31381.2,4.7,10.3,167.1,-42.6,-1.0,-1.0,RS41-SG,404.900,8.6,250,11,2.6,,
2026-09-15T12:46:14.998Z,Y1142579,7850,45.13121,8.83250,31386.4,5.6,10.3,162.0,-42.7,-1.0,-1.0,RS41-SG,404.900,8.6,250,11,2.6,,
2026-09-15T12:46:15.998Z,Y1142579,7851,45.13113,8.83254,31392.9,7.4,9.1,160.9,-42.7,-1.0,-1.0,RS41-SG,404.900,7.3,250,11,2.7,,
2026-09-15T12:46:16.998Z,Y1142579,7852,45.13106,8.83257,31400.4,7.5,7.0,163.7,-42.7,-1.0,-1.0,RS41-SG,404.900,7.2,250,11,2.7,,
2026-09-15T12:46:17.998Z,Y1142579,7853,45.13101,8.83259,31406.7,5.0,5.3,166.8,-42.5,-1.0,-1.0,RS41-SG,404.900,7.4,250,11,2.7,,
2026-09-15T12:46:18.998Z,Y1142579,7854,45.13097,8.83260,31411.6,4.9,3.3,166.3,-42.4,-1.0,-1.0,RS41-SG,404.900,7.4,250,11,2.6,,
2026-09-15T12:46:20.998Z,Y1142579,7856,45.13094,8.83263,31423.4,6.8,2.2,112.8,-42.0,-1.0,-1.0,RS41-SG,404.900,8.7,250,11,2.6,,
2026-09-15T12:46:21.998Z,Y1142579,7857,45.13093,8.83266,31429.7,5.9,2.8,106.6,-41.9,-1.0,-1.0,RS41-SG,404.900,8.7,250,11,2.6,,
2026-09-15T12:46:22.998Z,Y1142579,7858,45.13092,8.83270,31435.6,5.9,3.0,120.0,-41.8,-1.0,-1.0,RS41-SG,404.900,8.3,250,11,2.7,,
2026-09-15T12:46:24.998Z,Y1142579,7860,45.13087,8.83274,31448.6,7.1,4.3,177.0,-41.8,-1.0,-1.0,RS41-SG,404.900,7.2,250,11,2.6,,
2026-09-15T12:46:25.998Z,Y1142579,7861,45.13083,8.83273,31455.0,5.7,5.6,189.7,-41.8,-1.0,-1.0,RS41-SG,404.900,7.2,250,11,2.6,,
2026-09-15T12:46:26.998Z,Y1142579,7862,45.13077,8.83272,31460.5,5.3,7.0,193.3,-41.8,-1.0,-1.0,RS41-SG,404.900,7.1,250,11,2.6,,
2026-09-15T12:46:31.998Z,Y1142579,7867,45.13044,8.83277,31491.4,6.0,6.2,150.1,-41.9,-1.0,-1.0,RS41-SG,404.900,8.0,250,11,2.6,,
2026-09-15T12:46:32.998Z,Y1142579,7868,45.13040,8.83280,31497.8,6.8,4.2,149.1,-41.9,-1.0,-1.0,RS41-SG,404.900,8.5,250,11,2.6,,
2026-09-15T12:46:33.998Z,Y1142579,7869,45.13037,8.83282,31504.7,6.8,2.3,164.2,-41.9,-1.0,-1.0,RS41-SG,404.900,8.7,250,11,2.7,,
2026-09-15T12:46:34.998Z,Y1142579,7870,45.13036,8.83282,31510.8,5.5,1.6,201.9,-42.1,-1.0,-1.0,RS41-SG,404.900,8.7,250,11,2.7,,
2026-09-15T12:46:37.998Z,Y1142579,7873,45.13031,8.83278,31529.8,7.3,2.6,190.0,-42.0,-1.0,-1.0,RS41-SG,404.900,7.1,250,11,2.6,,
2026-09-15T12:46:38.998Z,Y1142579,7874,45.13028,8.83278,31536.3,5.6,3.7,177.6,-42.0,-1.0,-1.0,RS41-SG,404.900,7.1,250,11,2.6,,
2026-09-15T12:46:39.998Z,Y1142579,7875,45.13024,8.83279,31541.8,5.3,5.1,176.9,-42.0,-1.0,-1.0,RS41-SG,404.900,7.2,250,11,2.7,,
2026-09-15T12:46:40.998Z,Y1142579,7876,45.13019,8.83279,31547.5,6.2,6.5,182.9,-42.0,-1.0,-1.0,RS41-SG,404.900,7.2,250,11,2.7,,
2026-09-15T12:46:44.998Z,Y1142579,7880,45.12992,8.83270,31573.0,7.0,7.3,190.5,-42.3,-1.0,-1.0,RS41-SG,404.900,6.7,250,11,2.6,,
2026-09-15T12:46:48.998Z,Y1142579,7884,45.12973,8.83274,31598.0,6.6,3.6,160.6,-42.3,-1.0,-1.0,RS41-SG,404.900,7.4,250,11,2.6,,
2026-09-15T12:46:49.998Z,Y1142579,7885,45.12970,8.83275,31604.9,7.2,2.3,187.6,-42.4,-1.0,-1.0,RS41-SG,404.900,7.4,250,11,2.6,,
2026-09-15T12:46:50.998Z,Y1142579,7886,45.12968,8.83274,31611.5,5.7,2.4,222.8,-42.6,-1.0,-1.0,RS41-SG,404.900,7.1,250,11,2.6,,
2026-09-15T12:46:54.998Z,Y1142579,7890,45.12959,8.83264,31636.4,6.4,4.0,183.5,-42.6,-1.0,-1.0,RS41-SG,404.900,6.8,250,11,2.6,,
2026-09-15T12:46:55.998Z,Y1142579,7891,45.12955,8.83264,31642.3,5.3,4.5,171.0,-42.6,-1.0,-1.0,RS41-SG,404.900,7.0,250,11,2.6,,
2026-09-15T12:46:56.998Z,Y1142579,7892,45.12952,8.83266,31647.6,5.3,4.6,163.5,-42.7,-1.0,-1.0,RS41-SG,404.900,7.0,250,11,2.6,,
2026-09-15T12:46:57.998Z,Y1142579,7893,45.12948,8.83267,31653.3,6.0,3.9,163.6,-42.8,-1.0,-1.0,RS41-SG,404.900,7.5,250,11,2.7,,
2026-09-15T12:46:58.998Z,Y1142579,7894,45.12945,8.83268,31659.7,6.8,3.0,174.7,-42.9,-1.0,-1.0,RS41-SG,404.900,8.4,250,11,2.7,,
2026-09-15T12:46:59.998Z,Y1142579,7895,45.12942,8.83268,31666.4,6.6,2.4,198.8,-43.0,-1.0,-1.0,RS41-SG,404.900,8.4,250,11,2.7,,
2026-09-15T12:47:00.998Z,Y1142579,7896,45.12940,8.83266,31672.3,5.1,2.7,216.4,-43.0,-1.0,-1.0,RS41-SG,404.900,7.9,250,11,2.6,,
2026-09-15T12:47:01.998Z,Y1142579,7897,45.12938,8.83264,31677.5,5.1,3.2,217.2,-43.0,-1.0,-1.0,RS41-SG,404.900,7.7,250,11,2.6,,
2026-09-15T12:47:03.998Z,Y1142579,7899,45.12932,8.83261,31689.8,7.0,5.1,181.9,-43.0,-1.0,-1.0,RS41-SG,404.900,7.6,250,11,2.6,,
2026-09-15T12:47:05.998Z,Y1142579,7901,45.12921,8.83264,31701.8,5.2,6.7,159.4,-42.8,-1.0,-1.0,RS41-SG,404.900,6.8,250,11,2.7,,
2026-09-15T12:47:06.998Z,Y1142579,7902,45.12916,8.83267,31707.4,6.1,6.4,152.7,-42.6,-1.0,-1.0,RS41-SG,404.900,7.3,250,11,2.6,,
2026-09-15T12:47:07.998Z,Y1142579,7903,45.12911,8.83271,31714.2,7.3,4.9,148.3,-42.5,-1.0,-1.0,RS41-SG,404.900,7.5,250,11,2.6,,
2026-09-15T12:47:10.998Z,Y1142579,7906,45.12906,8.83277,31732.1,5.4,1.4,92.7,-42.3,-1.0,-1.0,RS41-SG,404.900,7.2,250,11,2.7,,
2026-09-15T12:47:11.998Z,Y1142579,7907,45.12906,8.83280,31738.3,6.9,2.2,83.2,-42.3,-1.0,-1.0,RS41-SG,404.900,7.2,250,11,2.7,,
2026-09-15T12:47:13.998Z,Y1142579,7909,45.12906,8.83287,31751.6,5.5,3.8,106.5,-42.2,-1.0,-1.0,RS41-SG,404.900,7.5,250,11,2.6,,
2026-09-15T12:47:14.998Z,Y1142579,7910,45.12904,8.83292,31757.2,5.5,4.2,117.8,-42.2,-1.0,-1.0,RS41-SG,404.900,7.8,250,11,2.6,,
2026-09-15T12:47:15.998Z,Y1142579,7911,45.12902,8.83296,31762.9,5.8,4.0,131.0,-42.1,-1.0,-1.0,RS41-SG,404.900,8.0,250,11,2.7,,
2026-09-15T12:47:17.998Z,Y1142579,7913,45.12897,8.83300,31775.9,7.2,3.6,178.0,-42.1,-1.0,-1.0,RS41-SG,404.900,8.2,250,11,2.7,,
2026-09-15T12:47:18.998Z,Y1142579,7914,45.12893,8.83300,31782.5,5.9,3.8,190.3,-42.1,-1.0,-1.0,RS41-SG,404.900,8.2,250,11,2.6,,
2026-09-15T12:47:19.998Z,Y1142579,7915,45.12890,8.83299,31788.3,5.8,4.0,188.9,-42.2,-1.0,-1.0,RS41-SG,404.900,8.0,250,11,2.6,,
2026-09-15T12:47:20.998Z,Y1142579,7916,45.12886,8.83299,31794.5,6.4,4.0,175.2,-42.4,-1.0,-1.0,RS41-SG,404.900,8.0,250,11,2.6,,
2026-09-15T12:47:23.998Z,Y1142579,7919,45.12876,8.83310,31812.8,5.3,6.0,122.9,-42.2,-1.0,-1.0,RS41-SG,404.900,6.8,250,11,2.7,,
2026-09-15T12:47:24.998Z,Y1142579,7920,45.12874,8.83316,31818.6,6.3,5.7,117.9,-42.1,-1.0,-1.0,RS41-SG,404.900,8.8,250,11,2.6,,
2026-09-15T12:47:25.998Z,Y1142579,7921,45.12872,8.83322,31825.3,7.1,4.1,118.0,-42.1,-1.0,-1.0,RS41-SG,404.900,8.8,250,11,2.6,,
2026-09-15T12:47:26.998Z,Y1142579,7922,45.12870,8.83325,31832.2,6.9,2.2,136.6,-42.1,-1.0,-1.0,RS41-SG,404.900,8.0,250,11,2.6,,
2026-09-15T12:47:31.998Z,Y1142579,7927,45.12859,8.83323,31863.0,5.3,4.5,167.2,-41.7,-1.0,-1.0,RS41-SG,404.900,6.9,250,11,2.6,,
2026-09-15T12:47:32.998Z,Y1142579,7928,45.12854,8.83325,31868.3,5.4,5.8,159.6,-41.6,-1.0,-1.0,RS41-SG,404.900,7.2,250,11,2.6,,
2026-09-15T12:47:33.998Z,Y1142579,7929,45.12849,8.83328,31874.1,6.2,6.9,159.2,-41.6,-1.0,-1.0,RS41-SG,404.900,7.6,250,11,2.7,,
2026-09-15T12:47:34.998Z,Y1142579,7930,45.12843,8.83331,31880.4,6.5,7.6,161.8,-41.5,-1.0,-1.0,RS41-SG,404.900,7.6,250,11,2.7,,
2026-09-15T12:47:35.998Z,Y1142579,7931,45.12836,8.83334,31886.4,5.5,7.9,162.8,-41.5,-1.0,-1.0,RS41-SG,404.900,7.6,250,11,2.7,,
2026-09-15T12:47:38.998Z,Y1142579,7934,45.12816,8.83347,31904.2,7.0,8.9,144.7,-41.3,-1.0,-1.0,RS41-SG,404.900,6.8,250,11,2.6,,
2026-09-15T12:47:39.998Z,Y1142579,7935,45.12810,8.83354,31910.5,5.7,8.8,137.4,-41.2,-1.0,-1.0,RS41-SG,404.900,7.4,250,11,2.7,,
2026-09-15T12:47:40.998Z,Y1142579,7936,45.12804,8.83362,31916.2,5.8,8.0,132.0,-41.1,-1.0,-1.0,RS41-SG,404.900,7.4,250,11,2.7,,
2026-09-15T12:47:41.998Z,Y1142579,7937,45.12800,8.83369,31922.2,6.3,6.4,127.1,-41.0,-1.0,-1.0,RS41-SG,404.900,7.2,250,11,2.7,,
2026-09-15T12:47:47.998Z,Y1142579,7943,45.12787,8.83386,31959.7,7.2,6.5,140.9,-40.9,-1.0,-1.0,RS41-SG,404.900,8.7,250,11,2.7,,
2026-09-15T12:47:48.998Z,Y1142579,7944,45.12781,8.83392,31966.0,5.5,8.8,140.2,-40.8,-1.0,-1.0,RS41-SG,404.900,8.8,250,11,2.6,,
2026-09-15T12:47:49.998Z,Y1142579,7945,45.12775,8.83400,31971.1,4.6,10.5,142.5,-40.9,-1.0,-1.0,RS41-SG,404.900,8.8,250,11,2.6,,
2026-09-15T12:47:50.998Z,Y1142579,7946,45.12767,8.83408,31975.9,5.2,11.6,147.0,-40.8,-1.0,-1.0,RS41-SG,404.900,8.1,250,11,2.6,,
2026-09-15T12:47:51.998Z,Y1142579,7947,45.12758,8.83415,31981.9,6.9,11.6,153.8,-40.7,-1.0,-1.0,RS41-SG,404.900,8.7,250,11,2.7,,
2026-09-15T12:47:52.998Z,Y1142579,7948,45.12748,8.83421,31988.7,6.7,10.9,160.2,-40.6,-1.0,-1.0,RS41-SG,404.900,8.7,250,11,2.7,,
2026-09-15T12:47:53.998Z,Y1142579,7949,45.12740,8.83425,31995.0,6.0,9.6,164.8,-40.4,-1.0,-1.0,RS41-SG,404.900,8.5,250,11,2.7,,
2026-09-15T12:47:54.998Z,Y1142579,7950,45.12732,8.83428,32001.2,6.2,7.9,165.9,-40.4,-1.0,-1.0,RS41-SG,404.900,7.8,250,11,2.6,,
2026-09-15T12:47:55.998Z,Y1142579,7951,45.12726,8.83430,32007.9,7.1,6.0,156.2,-40.3,-1.0,-1.0,RS41-SG,404.900,7.8,250,11,2.6,,
2026-09-15T12:47:56.998Z,Y1142579,7952,45.12722,8.83434,32014.6,6.2,5.1,138.2,-40.3,-1.0,-1.0,RS41-SG,404.900,8.2,250,11,2.6,,
2026-09-15T12:47:57.998Z,Y1142579,7953,45.12719,8.83439,32019.9,4.6,4.8,120.2,-40.2,-1.0,-1.0,RS41-SG,404.900,8.2,250,11,2.7,,
2026-09-15T12:47:58.998Z,Y1142579,7954,45.12718,8.83444,32024.9,5.3,4.4,103.8,-40.3,-1.0,-1.0,RS41-SG,404.900,7.7,250,11,2.7,,
2026-09-15T12:47:59.998Z,Y1142579,7955,45.12717,8.83449,32030.6,6.2,3.6,96.6,-40.4,-1.0,-1.0,RS41-SG,404.900,7.7,250,11,2.7,,
2026-09-15T12:48:00.998Z,Y1142579,7956,45.12717,8.83453,32037.0,6.6,2.4,103.7,-40.5,-1.0,-1.0,RS41-SG,404.900,7.3,250,11,2.6,,
2026-09-15T12:48:01.998Z,Y1142579,7957,45.12716,8.83455,32043.4,6.1,1.7,134.1,-40.5,-1.0,-1.0,RS41-SG,404.900,7.3,250,11,2.6,,
2026-09-15T12:48:07.998Z,Y1142579,7963,45.12697,8.83478,32078.6,4.9,7.3,124.0,-39.7,-1.0,-1.0,RS41-SG,404.900,7.1,250,11,2.6,,
2026-09-15T12:48:08.998Z,Y1142579,7964,45.12694,8.83485,32083.7,5.3,6.5,120.9,-39.5,-1.0,-1.0,RS41-SG,404.900,7.1,250,11,2.6,,
2026-09-15T12:48:09.998Z,Y1142579,7965,45.12691,8.83491,32089.6,6.5,4.6,122.5,-39.5,-1.0,-1.0,RS41-SG,404.900,8.5,250,11,2.7,,
2026-09-15T12:48:10.998Z,Y1142579,7966,45.12690,8.83495,32096.1,6.6,2.4,134.1,-39.4,-1.0,-1.0,RS41-SG,404.900,8.5,250,11,2.7,,
2026-09-15T12:48:11.998Z,Y1142579,7967,45.12688,8.83496,32101.9,5.1,1.1,184.6,-39.4,-1.0,-1.0,RS41-SG,404.900,8.2,250,11,2.7,,
2026-09-15T12:48:13.998Z,Y1142579,7969,45.12687,8.83494,32113.0,6.8,0.8,269.4,-39.5,-1.0,-1.0,RS41-SG,404.900,7.6,250,11,2.6,,
2026-09-15T12:48:14.998Z,Y1142579,7970,45.12687,8.83494,32120.0,7.2,0.7,78.3,-39.5,-1.0,-1.0,RS41-SG,404.900,7.5,250,11,2.6,,
2026-09-15T12:48:16.998Z,Y1142579,7972,45.12687,8.83500,32131.7,5.1,3.8,95.4,-39.3,-1.0,-1.0,RS41-SG,404.900,7.0,250,11,2.7,,
2026-09-15T12:48:17.998Z,Y1142579,7973,45.12687,8.83505,32137.1,5.7,4.8,100.9,-39.2,-1.0,-1.0,RS41-SG,404.900,7.6,250,11,2.7,,
2026-09-15T12:48:18.998Z,Y1142579,7974,45.12686,8.83511,32143.4,6.8,5.0,109.3,-39.2,0.1,-1.0,RS41-SG,404.900,8.9,250,11,2.6,,
2026-09-15T12:48:19.998Z,Y1142579,7975,45.12684,8.83517,32149.9,6.2,4.6,114.6,-39.3,0.1,-1.0,RS41-SG,404.900,8.9,250,11,2.6,,
2026-09-15T12:48:20.998Z,Y1142579,7976,45.12682,8.83522,32155.7,5.4,4.3,118.3,-39.4,0.1,-1.0,RS41-SG,404.900,8.3,250,11,2.6,,
2026-09-15T12:48:21.998Z,Y1142579,7977,45.12681,8.83526,32161.2,5.7,4.1,117.8,-39.4,0.2,-1.0,RS41-SG,404.900,8.3,250,11,2.7,,
2026-09-15T12:48:22.998Z,Y1142579,7978,45.12679,8.83531,32167.3,6.5,4.3,113.1,-39.2,0.2,-1.0,RS41-SG,404.900,8.0,250,11,2.7,,
2026-09-15T12:48:23.998Z,Y1142579,7979,45.12678,8.83536,32173.8,6.5,4.5,105.9,-39.1,0.1,-1.0,RS41-SG,404.900,8.3,250,11,2.7,,
2026-09-15T12:48:24.998Z,Y1142579,7980,45.12677,8.83542,32180.0,5.7,4.2,101.1,-39.0,0.1,-1.0,RS41-SG,404.900,8.3,250,11,2.6,,
2026-09-15T12:48:26.998Z,Y1142579,7982,45.12676,8.83549,32192.0,6.6,1.2,90.5,-39.2,0.2,-1.0,RS41-SG,404.900,7.3,250,11,2.6,,
2026-09-15T12:48:34.998Z,Y1142579,7990,45.12663,8.83556,32239.3,5.9,6.6,129.3,-39.0,0.1,-1.0,RS41-SG,404.900,7.7,250,11,2.7,,
2026-09-15T12:48:38.998Z,Y1142579,7994,45.12652,8.83575,32263.0,5.2,3.3,126.7,-39.1,0.1,-1.0,RS41-SG,404.900,8.3,250,11,2.7,,
2026-09-15T12:48:39.998Z,Y1142579,7995,45.12650,8.83579,32268.7,6.2,3.2,117.7,-39.0,0.1,-1.0,RS41-SG,404.900,8.4,250,11,2.7,,
2026-09-15T12:48:40.998Z,Y1142579,7996,45.12649,8.83583,32275.2,6.7,3.8,111.3,-39.2,0.2,-1.0,RS41-SG,404.900,8.4,250,11,2.6,,
2026-09-15T12:48:42.998Z,Y1142579,7998,45.12646,8.83592,32287.0,5.1,4.3,113.9,-39.2,0.2,-1.0,RS41-SG,404.900,8.3,250,11,2.7,,
2026-09-15T12:48:43.998Z,Y1142579,7999,45.12644,8.83597,32292.3,5.3,3.8,123.1,-39.1,0.1,-1.0,RS41-SG,404.900,8.3,250,11,2.7,,
2026-09-15T12:48:44.998Z,Y1142579,8000,45.12642,8.83600,32298.1,6.3,3.1,143.2,-39.2,0.1,-1.0,RS41-SG,404.900,7.6,250,11,2.6,,
2026-09-15T12:48:45.998Z,Y1142579,8001,45.12640,8.83602,32304.4,6.3,2.9,167.2,-39.3,0.1,-1.0,RS41-SG,404.900,7.3,250,11,2.6,,
2026-09-15T12:48:50.998Z,Y1142579,8006,45.12626,8.83614,32335.1,4.5,6.6,118.8,-39.4,0.2,-1.0,RS41-SG,404.900,8.2,250,11,2.7,,
2026-09-15T12:48:51.998Z,Y1142579,8007,45.12624,8.83622,32339.7,4.5,7.7,114.1,-39.4,0.2,-1.0,RS41-SG,404.900,8.2,250,11,2.7,,
2026-09-15T12:48:52.998Z,Y1142579,8008,45.12621,8.83631,32344.9,6.0,7.9,112.7,-39.6,0.2,-1.0,RS41-SG,404.900,7.6,250,11,2.7,,
2026-09-15T12:48:53.998Z,Y1142579,8009,45.12618,8.83640,32351.5,7.0,6.8,114.8,-39.6,0.1,-1.0,RS41-SG,404.900,7.6,250,11,2.6,,
2026-09-15T12:48:54.998Z,Y1142579,8010,45.12616,8.83647,32357.9,5.7,5.6,119.0,-39.5,0.2,-1.0,RS41-SG,404.900,8.0,250,11,2.6,,
2026-09-15T12:48:55.998Z,Y1142579,8011,45.12613,8.83652,32363.5,5.4,4.9,127.0,-39.6,0.2,-1.0,RS41-SG,404.900,8.0,250,11,2.6,,
2026-09-15T12:48:57.998Z,Y1142579,8013,45.12607,8.83662,32375.5,6.8,5.4,133.0,-39.7,0.2,-1.0,RS41-SG,404.900,8.1,250,11,2.7,,
2026-09-15T12:48:58.998Z,Y1142579,8014,45.12604,8.83667,32382.0,6.2,6.2,130.7,-39.7,0.2,-1.0,RS41-SG,404.900,8.5,250,11,2.7,,
2026-09-15T12:48:59.998Z,Y1142579,8015,45.12600,8.83673,32387.7,5.2,6.7,127.5,-39.8,0.2,-1.0,RS41-SG,404.900,8.5,250,11,2.6,,
2026-09-15T12:49:00.998Z,Y1142579,8016,45.12597,8.83680,32393.1,5.6,6.9,126.7,-39.9,0.2,-1.0,RS41-SG,404.900,7.4,250,11,2.6,,
2026-09-15T12:49:01.998Z,Y1142579,8017,45.12593,8.83687,32399.2,6.6,6.3,126.3,-39.8,0.1,-1.0,RS41-SG,404.900,7.4,250,11,2.6,,
2026-09-15T12:49:07.998Z,Y1142579,8023,45.12577,8.83734,32435.0,4.8,10.5,106.8,-40.1,0.2,-1.0,RS41-SG,404.900,7.2,250,11,2.6,,
2026-09-15T12:49:17.998Z,Y1142579,8033,45.12546,8.83825,32491.5,4.9,10.4,113.7,-39.8,0.1,-1.0,RS41-SG,404.900,6.8,250,11,2.6,,
2026-09-15T12:49:19.998Z,Y1142579,8035,45.12539,8.83851,32501.7,6.0,10.9,112.2,-39.9,0.2,-1.0,RS41-SG,404.900,7.2,250,11,2.6,,
2026-09-15T12:49:21.998Z,Y1142579,8037,45.12532,8.83872,32514.6,5.7,7.7,118.3,-39.8,0.2,-1.0,RS41-SG,404.900,7.1,250,11,2.7,,
2026-09-15T12:49:33.998Z,Y1142579,8049,45.12486,8.83969,32583.8,6.3,9.5,117.3,-39.6,0.2,-1.0,RS41-SG,404.900,7.6,250,10,2.7,,
2026-09-15T12:49:35.998Z,Y1142579,8051,45.12479,8.83992,32594.8,5.8,10.1,113.3,-39.6,0.2,-1.0,RS41-SG,404.900,7.1,250,10,2.7,,
2026-09-15T12:49:36.998Z,Y1142579,8052,45.12475,8.84003,32601.3,6.9,8.9,116.7,-39.4,0.2,-1.0,RS41-SG,404.900,7.2,250,10,2.6,,
2026-09-15T12:49:37.998Z,Y1142579,8053,45.12472,8.84012,32608.1,6.8,7.2,124.8,-39.3,0.1,-1.0,RS41-SG,404.900,7.2,250,10,2.6,,
2026-09-15T12:49:40.998Z,Y1142579,8056,45.12460,8.84026,32623.7,5.4,5.5,150.3,-39.2,0.2,-1.0,RS41-SG,404.900,8.4,250,10,2.7,,
2026-09-15T12:49:43.998Z,Y1142579,8059,45.12446,8.84043,32641.7,4.9,8.1,131.1,-39.1,0.1,-1.0,RS41-SG,404.900,7.1,250,10,2.6,,
2026-09-15T12:49:46.998Z,Y1142579,8062,45.12431,8.84067,32658.3,6.9,7.9,138.1,-38.9,0.1,-1.0,RS41-SG,404.900,7.5,250,10,2.7,,
2026-09-15T12:49:47.998Z,Y1142579,8063,45.12426,8.84073,32664.7,5.9,7.2,144.3,-38.8,0.2,-1.0,RS41-SG,404.900,7.5,250,10,2.7,,
2026-09-15T12:49:51.998Z,Y1142579,8067,45.12409,8.84092,32687.5,6.4,6.1,124.4,-38.7,0.1,-1.0,RS41-SG,404.900,7.4,250,10,2.7,,
2026-09-15T12:49:52.998Z,Y1142579,8068,45.12406,8.84099,32693.4,5.2,6.6,117.8,-38.8,0.1,-1.0,RS41-SG,404.900,7.6,250,10,2.7,,
2026-09-15T12:49:53.998Z,Y1142579,8069,45.12403,8.84106,32699.0,6.0,6.6,116.2,-38.8,0.1,-1.0,RS41-SG,404.900,7.6,250,10,2.7,,
2026-09-15T12:49:54.998Z,Y1142579,8070,45.12400,8.84113,32705.3,6.6,5.9,123.4,-38.8,0.1,-1.0,RS41-SG,404.900,7.8,250,10,2.6,,
2026-09-15T12:49:55.998Z,Y1142579,8071,45.12397,8.84118,32712.0,6.7,5.1,139.6,-38.7,0.2,-1.0,RS41-SG,404.900,8.6,250,10,2.6,,
2026-09-15T12:50:03.998Z,Y1142579,8079,45.12367,8.84146,32757.9,5.7,5.6,107.1,-38.7,0.1,-1.0,RS41-SG,404.900,6.9,250,10,2.7,,
2026-09-15T12:50:07.998Z,Y1142579,8083,45.12362,8.84160,32781.8,5.2,1.2,158.4,-38.7,0.1,-1.0,RS41-SG,404.900,8.5,250,10,2.7,,
2026-09-15T12:50:11.998Z,Y1142579,8087,45.12360,8.84168,32805.5,5.7,3.4,88.6,-38.7,0.1,-1.0,RS41-SG,404.900,7.5,250,10,2.7,,
2026-09-15T12:50:14.998Z,Y1142579,8090,45.12362,8.84179,32823.8,6.8,2.2,43.5,-38.8,0.1,-1.0,RS41-SG,404.900,7.1,250,10,2.6,,
2026-09-15T12:51:03.998Z,Y1142579,8139,45.12521,8.84359,33121.5,7.5,7.2,72.4,-37.8,0.1,-1.0,RS41-SG,404.900,6.3,250,10,2.7,,
2026-09-15T12:52:39.998Z,Y1142579,8235,45.12353,8.85139,33705.2,4.8,11.4,113.8,-37.4,0.1,-1.0,RS41-SG,404.900,6.6,250,10,2.6,,
2026-09-15T12:52:40.998Z,Y1142579,8236,45.12349,8.85153,33710.2,5.1,11.5,108.8,-37.5,0.1,-1.0,RS41-SG,404.900,7.0,250,10,2.7,,
2026-09-15T12:52:52.998Z,Y1142579,8248,45.12295,8.85244,33780.1,5.5,12.4,103.3,-37.9,0.1,-1.0,RS41-SG,404.900,6.4,250,10,2.7,,
2026-09-15T12:53:03.998Z,Y1142579,8259,45.12262,8.85339,33841.4,4.9,11.2,105.6,-37.7,0.1,-1.0,RS41-SG,404.900,7.7,250,10,2.6,,
2026-09-15T12:53:04.998Z,Y1142579,8260,45.12260,8.85352,33846.2,4.7,11.0,95.6,-37.8,0.1,-1.0,RS41-SG,404.900,7.7,250,10,2.6,,
2026-09-15T12:53:05.998Z,Y1142579,8261,45.12260,8.85366,33851.3,5.5,10.1,88.7,-37.9,0.1,-1.0,RS41-SG,404.900,7.4,250,10,2.7,,
2026-09-15T12:53:07.998Z,Y1142579,8263,45.12260,8.85387,33863.5,6.2,6.9,87.5,-37.8,0.1,-1.0,RS41-SG,404.900,6.9,250,10,2.7,,
2026-09-15T12:53:08.998Z,Y1142579,8264,45.12260,8.85395,33869.0,4.9,6.0,94.3,-37.7,0.1,-1.0,RS41-SG,404.900,7.2,250,10,2.6,,
2026-09-15T12:53:10.998Z,Y1142579,8266,45.12258,8.85410,33878.4,5.1,6.5,105.0,-37.5,0.1,-1.0,RS41-SG,404.900,7.3,250,10,2.6,,
2026-09-15T12:53:13.998Z,Y1142579,8269,45.12254,8.85442,33896.4,5.6,10.4,95.9,-37.6,0.1,-1.0,RS41-SG,404.900,7.1,250,10,2.7,,
2026-09-15T12:53:14.998Z,Y1142579,8270,45.12253,8.85455,33901.8,5.3,11.0,95.7,-37.6,0.1,-1.0,RS41-SG,404.900,8.9,250,10,2.6,,
2026-09-15T12:53:15.998Z,Y1142579,8271,45.12252,8.85469,33907.3,5.6,10.8,96.9,-37.6,0.1,-1.0,RS41-SG,404.900,8.9,250,10,2.6,,
2026-09-15T12:53:21.998Z,Y1142579,8277,45.12246,8.85522,33942.6,6.5,5.6,77.0,-36.9,0.1,-1.0,RS41-SG,404.900,7.0,250,10,2.6,,
2026-09-15T12:53:33.998Z,Y1142579,8289,45.12258,8.85633,34008.5,4.8,9.0,72.6,-36.5,0.1,-1.0,RS41-SG,404.900,6.8,250,10,2.6,,
2026-09-15T12:53:34.998Z,Y1142579,8290,45.12261,8.85644,34013.8,5.6,8.8,75.2,-36.4,0.1,-1.0,RS41-SG,404.900,8.5,250,10,2.7,,
2026-09-15T12:53:35.998Z,Y1142579,8291,45.12262,8.85654,34019.9,6.5,8.0,83.6,-36.4,0.1,-1.0,RS41-SG,404.900,8.5,250,10,2.7,,
2026-09-15T12:53:41.998Z,Y1142579,8297,45.12257,8.85714,34054.8,6.4,9.5,81.5,-36.8,0.1,-1.0,RS41-SG,404.900,6.3,250,10,2.6,,
2026-09-15T12:53:42.998Z,Y1142579,8298,45.12259,8.85726,34060.9,5.7,10.3,73.7,-36.8,0.1,-1.0,RS41-SG,404.900,6.4,250,10,2.6,,
2026-09-15T12:53:43.998Z,Y1142579,8299,45.12262,8.85738,34066.2,4.9,10.4,68.8,-36.8,0.1,-1.0,RS41-SG,404.900,6.6,250,10,2.7,,
2026-09-15T12:53:48.998Z,Y1142579,8304,45.12269,8.85781,34094.5,4.1,4.3,118.9,-36.7,0.1,-1.0,RS41-SG,404.900,7.0,250,10,2.6,,
2026-09-15T12:53:56.998Z,Y1142579,8312,45.12271,8.85859,34138.8,6.9,9.8,79.1,-36.9,0.1,-1.0,RS41-SG,404.900,7.2,250,10,2.7,,
2026-09-15T12:53:57.998Z,Y1142579,8313,45.12272,8.85870,34145.5,6.5,8.1,87.7,-36.8,0.1,-1.0,RS41-SG,404.900,7.2,250,10,2.7,,
2026-09-15T12:54:03.998Z,Y1142579,8319,45.12263,8.85925,34177.8,5.2,9.2,92.6,-36.5,0.1,-1.0,RS41-SG,404.900,7.5,250,10,2.7,,
2026-09-15T12:54:04.998Z,Y1142579,8320,45.12263,8.85937,34182.8,4.8,10.1,87.2,-36.6,0.1,-1.0,RS41-SG,404.900,7.4,250,10,2.7,,
2026-09-15T12:54:05.998Z,Y1142579,8321,45.12264,8.85950,34187.9,5.5,10.5,84.2,-36.8,0.1,-1.0,RS41-SG,404.900,7.9,250,10,2.6,,
2026-09-15T12:54:06.998Z,Y1142579,8322,45.12265,8.85963,34193.9,6.3,10.1,84.7,-36.9,0.1,-1.0,RS41-SG,404.900,7.9,250,10,2.6,,
2026-09-15T12:54:07.998Z,Y1142579,8323,45.12265,8.85975,34200.2,6.3,9.3,87.6,-36.9,0.1,-1.0,RS41-SG,404.900,8.4,250,10,2.6,,
2026-09-15T12:54:13.998Z,Y1142579,8329,45.12263,8.86049,34233.3,5.4,11.5,90.1,-36.5,0.1,-1.0,RS41-SG,404.900,7.4,250,10,2.7,,
2026-09-15T12:54:14.998Z,Y1142579,8330,45.12263,8.86063,34238.7,5.6,11.3,90.1,-36.5,0.1,-1.0,RS41-SG,404.900,7.3,250,10,2.7,,
2026-09-15T12:54:16.998Z,Y1142579,8332,45.12262,8.86089,34250.4,6.0,8.6,95.3,-36.6,0.1,-1.0,RS41-SG,404.900,7.7,250,10,2.6,,
2026-09-15T12:54:17.998Z,Y1142579,8333,45.12261,8.86098,34256.5,6.2,6.8,102.2,-36.7,0.1,-1.0,RS41-SG,404.900,7.9,250,10,2.7,,
2026-09-15T12:54:18.998Z,Y1142579,8334,45.12260,8.86106,34262.5,5.8,5.5,108.9,-36.8,0.1,-1.0,RS41-SG,404.900,7.9,250,10,2.7,,
2026-09-15T12:54:19.998Z,Y1142579,8335,45.12258,8.86112,34267.9,4.9,5.0,110.2,-36.8,0.1,-1.0,RS41-SG,404.900,7.4,250,10,2.7,,
2026-09-15T12:54:20.998Z,Y1142579,8336,45.12257,8.86118,34273.2,5.7,5.4,101.5,-36.8,0.1,-1.0,RS41-SG,404.900,7.7,250,10,2.6,,
2026-09-15T12:54:23.998Z,Y1142579,8339,45.12259,8.86151,34291.4,5.3,12.3,79.4,-36.7,0.1,-1.0,RS41-SG,404.900,6.8,250,10,2.7,,
2026-09-15T12:54:24.998Z,Y1142579,8340,45.12261,8.86167,34296.0,3.8,13.9,78.4,-36.7,0.1,-1.0,RS41-SG,404.900,7.3,250,10,2.7,,
2026-09-15T12:54:27.998Z,Y1142579,8343,45.12266,8.86217,34312.9,7.0,11.0,87.5,-36.9,0.1,-1.0,RS41-SG,404.900,6.9,250,10,2.6,,
2026-09-15T12:54:28.998Z,Y1142579,8344,45.12266,8.86229,34319.1,5.2,8.8,94.9,-37.0,0.1,-1.0,RS41-SG,404.900,7.6,250,10,2.6,,
2026-09-15T12:54:29.998Z,Y1142579,8345,45.12265,8.86239,34323.9,4.5,6.9,105.3,-37.0,0.1,-1.0,RS41-SG,404.900,7.6,250,10,2.7,,
2026-09-15T12:54:30.998Z,Y1142579,8346,45.12263,8.86247,34328.6,4.9,5.8,114.0,-37.0,0.1,-1.0,RS41-SG,404.900,7.1,250,10,2.7,,
2026-09-15T12:54:35.998Z,Y1142579,8351,45.12259,8.86289,34356.4,4.3,8.9,84.6,-37.2,0.1,-1.0,RS41-SG,404.900,7.5,250,10,2.6,,
2026-09-15T12:54:39.998Z,Y1142579,8355,45.12261,8.86332,34378.9,4.9,7.5,91.9,-37.1,0.1,-1.0,RS41-SG,404.900,6.8,250,10,2.6,,
2026-09-15T12:54:41.998Z,Y1142579,8357,45.12260,8.86351,34389.8,6.1,7.9,92.7,-37.1,0.1,-1.0,RS41-SG,404.900,6.6,250,10,2.6,,
2026-09-15T12:54:42.998Z,Y1142579,8358,45.12260,8.86362,34396.0,6.4,8.8,89.2,-37.1,0.1,-1.0,RS41-SG,404.900,6.6,250,10,2.7,,
2026-09-15T12:54:51.998Z,Y1142579,8367,45.12267,8.86437,34447.3,6.0,6.2,74.7,-37.1,0.1,-1.0,RS41-SG,404.900,7.3,250,10,2.7,,
2026-09-15T12:54:52.998Z,Y1142579,8368,45.12269,8.86446,34453.2,5.8,8.7,73.9,-37.2,0.1,-1.0,RS41-SG,404.900,7.4,250,10,2.7,,
2026-09-15T12:54:53.998Z,Y1142579,8369,45.12272,8.86458,34458.9,5.6,11.1,73.8,-37.3,0.1,-1.0,RS41-SG,404.900,7.4,250,10,2.7,,
2026-09-15T12:54:55.998Z,Y1142579,8371,45.12278,8.86489,34469.5,5.2,13.5,76.2,-37.4,0.1,-1.0,RS41-SG,404.900,6.5,250,10,2.6,,
2026-09-15T12:54:56.998Z,Y1142579,8372,45.12280,8.86505,34475.1,5.9,12.3,78.5,-37.4,0.1,-1.0,RS41-SG,404.900,7.6,250,10,2.6,,
2026-09-15T12:54:59.998Z,Y1142579,8375,45.12281,8.86535,34492.9,5.3,3.8,112.3,-37.1,0.1,-1.0,RS41-SG,404.900,7.3,250,10,2.7,,
2026-09-15T12:55:00.998Z,Y1142579,8376,45.12280,8.86538,34497.6,4.2,2.5,148.8,-37.1,0.1,-1.0,RS41-SG,404.900,7.3,250,10,2.6,,
2026-09-15T12:55:10.998Z,Y1142579,8386,45.12285,8.86627,34442.2,-38.7,10.4,79.6,-36.9,0.1,-1.0,RS41-SG,404.900,6.8,250,10,2.7,,
2026-09-15T12:56:11.998Z,Y1142579,8447,45.12257,8.87157,32631.3,-36.5,4.5,126.9,-39.6,0.1,-1.0,RS41-SG,404.900,7.9,250,11,2.6,,
2026-09-15T12:56:12.998Z,Y1142579,8448,45.12255,8.87162,32595.1,-36.0,5.3,123.3,-39.8,0.1,-1.0,RS41-SG,404.900,7.9,250,11,2.6,,
2026-09-15T12:56:14.998Z,Y1142579,8450,45.12249,8.87175,32523.4,-36.3,6.7,120.9,-40.1,0.1,-1.0,RS41,404.900,7.1,250,11,2.6,,
2026-09-15T12:56:18.998Z,Y1142579,8454,45.12232,8.87210,32392.4,-29.9,9.3,125.3,-40.3,0.1,-1.0,RS41,404.900,7.0,250,10,2.6,,
2026-09-15T12:56:23.998Z,Y1142579,8459,45.12217,8.87251,32259.4,-23.8,4.2,106.7,-39.7,0.1,-1.0,RS41,404.900,6.8,250,10,2.6,,
2026-09-15T12:56:24.998Z,Y1142579,8460,45.12216,8.87255,32235.7,-23.6,2.3,96.1,-39.6,0.1,-1.0,RS41,404.900,7.0,250,11,2.6,,
2026-09-15T12:57:01.998Z,Y1142579,8497,45.12075,8.87377,31287.4,-27.4,6.0,163.3,-43.1,0.2,-1.0,RS41,404.900,7.2,250,9,2.7,,
2026-09-15T12:57:04.998Z,Y1142579,8500,45.12062,8.87387,31206.0,-27.4,5.7,144.0,-43.3,0.2,-1.0,RS41,404.900,7.6,250,10,2.6,,
2026-09-15T12:57:05.998Z,Y1142579,8501,45.12058,8.87391,31178.9,-27.1,5.9,141.1,-43.2,0.2,-1.0,RS41-SG,404.900,7.6,250,10,2.6,,
2026-09-15T12:57:06.998Z,Y1142579,8502,45.12054,8.87396,31152.1,-27.0,6.1,142.3,-43.2,0.2,-1.0,RS41-SG,404.900,7.3,250,10,2.6,,
2026-09-15T12:57:07.998Z,Y1142579,8503,45.12049,8.87400,31125.4,-26.9,6.3,147.3,-43.4,0.2,-1.0,RS41-SG,404.900,7.9,250,10,2.6,,
2026-09-15T12:57:08.998Z,Y1142579,8504,45.12045,8.87405,31099.1,-26.3,6.3,149.4,-43.6,0.2,-1.0,RS41-SG,404.900,7.9,250,10,2.7,,
2026-09-15T12:57:13.998Z,Y1142579,8509,45.12025,8.87429,30968.4,-26.2,6.1,117.7,-43.9,0.2,-1.0,RS41-SG,404.900,7.9,250,9,2.6,,
2026-09-15T12:57:14.998Z,Y1142579,8510,45.12023,8.87437,30942.2,-26.3,6.7,108.1,-43.8,0.2,-1.0,RS41-SG,404.900,8.1,250,8,2.7,,
2026-09-15T12:57:15.998Z,Y1142579,8511,45.12022,8.87445,30915.7,-26.9,7.4,101.8,-43.8,0.2,-1.0,RS41-SG,404.900,8.5,250,9,2.7,,
2026-09-15T12:57:16.998Z,Y1142579,8512,45.12021,8.87455,30889.0,-26.7,7.9,96.8,-44.0,0.2,-1.0,RS41-SG,404.900,9.0,250,9,2.7,,
2026-09-15T12:57:17.998Z,Y1142579,8513,45.12020,8.87465,30862.4,-26.7,8.2,94.5,-44.1,0.2,-1.0,RS41-SG,404.900,9.0,250,10,2.6,,
2026-09-15T12:57:18.998Z,Y1142579,8514,45.12020,8.87475,30835.9,-26.5,8.1,93.3,-44.1,0.2,-1.0,RS41-SG,404.900,8.6,250,8,2.6,,
2026-09-15T12:57:19.998Z,Y1142579,8515,45.12020,8.87485,30809.9,-25.9,7.3,94.8,-44.0,0.2,-1.0,RS41-SG,404.900,8.5,250,8,2.6,,
2026-09-15T12:57:20.998Z,Y1142579,8516,45.12019,8.87493,30783.9,-26.3,6.5,96.0,-43.8,0.2,-1.0,RS41-SG,404.900,8.3,250,8,2.7,,
2026-09-15T12:57:22.998Z,Y1142579,8518,45.12018,8.87506,30731.1,-26.5,4.2,99.9,-43.5,0.2,-1.0,RS41-SG,404.900,8.0,250,8,2.7,,
2026-09-15T12:57:23.998Z,Y1142579,8519,45.12018,8.87511,30704.0,-27.3,3.1,101.1,-43.4,0.2,-1.0,RS41-SG,404.900,8.0,250,7,2.6,,
2026-09-15T12:57:24.998Z,Y1142579,8520,45.12018,8.87514,30676.0,-27.6,2.3,90.7,-43.3,0.2,-1.0,RS41-SG,404.900,7.7,250,9,2.6,,
2026-09-15T12:57:25.998Z,Y1142579,8521,45.12018,8.87516,30648.4,-27.6,1.9,82.8,-43.3,0.2,-1.0,RS41-SG,404.900,7.9,250,7,2.7,,
2026-09-15T12:57:26.998Z,Y1142579,8522,45.12019,8.87519,30620.7,-27.9,1.8,70.0,-43.3,0.2,-1.0,RS41-SG,404.900,7.9,250,9,2.7,,
2026-09-15T12:57:27.998Z,Y1142579,8523,45.12020,8.87521,30592.9,-27.7,1.8,61.1,-43.3,0.2,-1.0,RS41-SG,404.900,7.8,250,8,2.7,,
2026-09-15T12:57:28.998Z,Y1142579,8524,45.12021,8.87523,30564.9,-28.2,2.3,54.5,-43.2,0.2,-1.0,RS41-SG,404.900,8.1,250,10,2.6,,
2026-09-15T12:57:29.998Z,Y1142579,8525,45.12022,8.87525,30536.7,-28.3,2.5,52.4,-43.3,0.2,-1.0,RS41-SG,404.900,8.1,250,7,2.6,,
2026-09-15T12:57:30.998Z,Y1142579,8526,45.12024,8.87528,30508.1,-28.8,2.4,51.6,-43.4,0.2,-1.0,RS41-SG,404.900,8.0,250,7,2.6,,
2026-09-15T12:57:31.998Z,Y1142579,8527,45.12025,8.87530,30479.2,-29.1,2.1,53.2,-43.6,0.2,-1.0,RS41-SG,404.900,8.2,250,9,2.6,,
2026-09-15T12:57:32.998Z,Y1142579,8528,45.12026,8.87532,30450.3,-28.8,1.5,51.2,-43.7,0.2,-1.0,RS41-SG,404.900,9.1,250,10,2.7,,
2026-09-15T12:57:33.998Z,Y1142579,8529,45.12027,8.87533,30421.2,-29.6,0.6,50.9,-43.7,0.2,-1.0,RS41-SG,404.900,9.1,250,8,2.7,,
2026-09-15T12:57:34.998Z,Y1142579,8530,45.12027,8.87533,30391.9,-29.3,0.3,242.9,-43.8,0.2,-1.0,RS41-SG,404.900,8.8,250,7,2.6,,
2026-09-15T12:57:35.998Z,Y1142579,8531,45.12027,8.87533,30363.0,-29.1,1.1,234.0,-44.0,0.2,-1.0,RS41-SG,404.900,8.9,250,11,2.6,,
2026-09-15T12:57:36.998Z,Y1142579,8532,45.12026,8.87531,30334.5,-29.0,1.8,229.8,-44.2,0.2,-1.0,RS41-SG,404.900,8.9,250,11,2.6,,
2026-09-15T12:57:37.998Z,Y1142579,8533,45.12025,8.87529,30306.1,-28.6,2.5,229.1,-44.4,0.2,-1.0,RS41-SG,404.900,8.0,250,10,2.6,,
2026-09-15T12:57:38.998Z,Y1142579,8534,45.12023,8.87527,30277.9,-28.3,3.1,230.6,-44.5,0.2,-1.0,RS41-SG,404.900,8.3,250,10,2.7,,
2026-09-15T12:57:39.998Z,Y1142579,8535,45.12021,8.87523,30249.7,-28.4,3.8,228.4,-44.5,0.2,-1.0,RS41-SG,404.900,8.4,250,7,2.7,,
2026-09-15T12:57:40.998Z,Y1142579,8536,45.12019,8.87520,30221.5,-28.2,4.3,227.8,-44.5,0.2,-1.0,RS41-SG,404.900,8.4,250,8,2.7,,
2026-09-15T12:57:41.998Z,Y1142579,8537,45.12016,8.87515,30192.9,-28.6,4.4,227.4,-44.6,0.2,-1.0,RS41-SG,404.900,7.8,250,8,2.6,,
2026-09-15T12:57:42.998Z,Y1142579,8538,45.12014,8.87511,30164.1,-28.7,4.2,233.1,-44.7,0.2,-1.0,RS41-SG,404.900,7.8,250,10,2.6,,
2026-09-15T12:57:43.998Z,Y1142579,8539,45.12012,8.87507,30135.8,-28.2,4.0,234.4,-44.7,0.2,-1.0,RS41-SG,404.900,7.7,250,9,2.6,,
2026-09-15T12:57:44.998Z,Y1142579,8540,45.12010,8.87503,30107.6,-27.9,4.0,232.5,-44.7,0.2,-1.0,RS41-SG,404.900,7.7,250,11,2.6,,
2026-09-15T12:57:45.998Z,Y1142579,8541,45.12008,8.87499,30080.5,-26.5,4.2,234.4,-44.7,0.2,-1.0,RS41-SG,404.900,7.8,250,9,2.7,,
2026-09-15T12:57:46.998Z,Y1142579,8542,45.12005,8.87495,30054.1,-26.5,4.1,223.7,-44.8,0.2,-1.0,RS41-SG,404.900,8.4,250,10,2.7,,
2026-09-15T12:57:47.998Z,Y1142579,8543,45.12003,8.87492,30028.7,-25.5,3.8,225.6,-44.8,0.2,-1.0,RS41-SG,404.900,8.5,250,9,2.6,,
2026-09-15T12:57:48.998Z,Y1142579,8544,45.12001,8.87488,30003.0,-25.8,4.1,231.8,-44.8,0.2,-1.0,RS41-SG,404.900,8.5,250,9,2.6,,
2026-09-15T12:57:49.998Z,Y1142579,8545,45.11998,8.87483,29977.4,-25.6,4.7,232.3,-45.0,0.2,-1.0,RS41-SG,404.900,8.5,250,9,2.6,,
2026-09-15T12:57:51.998Z,Y1142579,8547,45.11992,8.87475,29926.6,-25.8,5.2,216.3,-45.1,0.2,-1.0,RS41-SG,404.900,6.8,250,7,2.7,,
2026-09-15T12:57:53.998Z,Y1142579,8549,45.11983,8.87466,29873.8,-26.8,6.9,215.9,-44.9,0.2,-1.0,RS41-SG,404.900,7.1,250,10,2.7,,
2026-09-15T12:57:54.998Z,Y1142579,8550,45.11978,8.87461,29846.8,-27.3,7.8,209.3,-44.9,0.2,-1.0,RS41-SG,404.900,7.6,250,9,2.6,,
2026-09-15T12:57:55.998Z,Y1142579,8551,45.11971,8.87456,29820.0,-26.9,9.3,203.9,-44.9,0.2,-1.0,RS41-SG,404.900,8.0,250,9,2.6,,
2026-09-15T12:57:56.998Z,Y1142579,8552,45.11964,8.87452,29793.5,-26.1,9.1,204.0,-44.9,0.2,-1.0,RS41-SG,404.900,8.0,250,8,2.6,,
2026-09-15T12:57:57.998Z,Y1142579,8553,45.11956,8.87447,29767.9,-25.5,9.3,199.5,-44.9,0.2,-1.0,RS41-SG,404.900,7.6,250,10,2.7,,
2026-09-15T12:57:58.998Z,Y1142579,8554,45.11948,8.87443,29742.7,-24.7,9.6,201.7,-44.9,0.2,-1.0,RS41-SG,404.900,7.7,250,9,2.7,,
2026-09-15T12:57:59.998Z,Y1142579,8555,45.11940,8.87439,29718.0,-24.3,8.8,203.0,-44.9,0.2,-1.0,RS41-SG,404.900,8.3,250,8,2.7,,
2026-09-15T12:58:00.998Z,Y1142579,8556,45.11934,8.87435,29693.8,-24.1,7.6,204.4,-44.8,0.2,-1.0,RS41-SG,404.900,8.3,250,11,2.6,,
2026-09-15T12:58:01.998Z,Y1142579,8557,45.11928,8.87431,29670.2,-23.9,6.5,205.5,-44.9,0.2,-1.0,RS41-SG,404.900,8.3,250,10,2.6,,
2026-09-15T12:58:03.998Z,Y1142579,8559,45.11919,8.87425,29621.0,-24.5,5.1,207.3,-44.9,0.2,-1.0,RS41-SG,404.900,7.8,250,10,2.6,,
2026-09-15T12:58:05.998Z,Y1142579,8561,45.11912,8.87420,29571.3,-24.6,3.9,203.2,-45.1,0.2,-1.0,RS41-SG,404.900,7.8,250,10,2.7,,
2026-09-15T12:58:06.998Z,Y1142579,8562,45.11909,8.87418,29546.4,-24.9,4.2,196.7,-45.4,0.2,-1.0,RS41-SG,404.900,7.8,250,10,2.6,,
2026-09-15T12:58:07.998Z,Y1142579,8563,45.11905,8.87417,29521.2,-24.9,4.9,196.7,-45.7,0.2,-1.0,RS41-SG,404.900,8.1,250,10,2.6,,
2026-09-15T12:58:08.998Z,Y1142579,8564,45.11900,8.87415,29496.2,-25.4,5.8,195.0,-45.8,0.2,-1.0,RS41-SG,404.900,8.5,250,11,2.7,,
2026-09-15T12:58:09.998Z,Y1142579,8565,45.11895,8.87413,29470.4,-26.1,6.6,192.9,-46.0,0.2,-1.0,RS41-SG,404.900,8.5,250,10,2.7,,
2026-09-15T12:58:10.998Z,Y1142579,8566,45.11889,8.87411,29444.2,-26.1,7.8,190.6,-46.2,0.2,-1.0,RS41-SG,404.900,8.2,250,9,2.7,,
2026-09-15T12:58:11.998Z,Y1142579,8567,45.11882,8.87410,29418.3,-26.0,8.4,185.7,-46.4,0.2,-1.0,RS41-SG,404.900,8.4,250,10,2.6,,
2026-09-15T12:58:12.998Z,Y1142579,8568,45.11874,8.87409,29392.0,-26.4,9.3,184.8,-46.4,0.2,-1.0,RS41-SG,404.900,8.4,250,10,2.6,08:27:24,
2026-09-15T12:58:15.998Z,Y1142579,8571,45.11850,8.87407,29313.9,-25.6,8.3,178.1,-46.1,0.2,-1.0,RS41-SG,404.900,7.9,250,10,2.7,08:27:24,
2026-09-15T12:58:19.998Z,Y1142579,8575,45.11826,8.87412,29211.8,-25.5,5.2,164.5,-45.6,0.2,-1.0,RS41-SG,404.900,7.2,250,9,2.6,08:27:24,
2026-09-15T12:58:20.998Z,Y1142579,8576,45.11822,8.87414,29185.8,-25.7,5.1,157.5,-45.6,0.2,-1.0,RS41-SG,404.900,9.1,250,10,2.6,08:27:24,
2026-09-15T12:58:21.998Z,Y1142579,8577,45.11818,8.87417,29160.1,-25.8,4.9,149.7,-45.6,0.2,-1.0,RS41-SG,404.900,9.1,250,10,2.7,08:27:24,
2026-09-15T12:58:22.998Z,Y1142579,8578,45.11814,8.87420,29133.9,-26.5,5.1,144.6,-45.7,0.2,-1.0,RS41-SG,404.900,8.7,250,10,2.7,08:27:24,
2026-09-15T12:58:23.998Z,Y1142579,8579,45.11811,8.87424,29107.3,-26.3,4.9,138.5,-45.8,0.2,-1.0,RS41-SG,404.900,9.3,250,11,2.7,08:27:24,
2026-09-15T12:58:24.998Z,Y1142579,8580,45.11807,8.87428,29080.8,-26.1,5.1,137.0,-45.8,0.2,-1.0,RS41-SG,404.900,9.3,250,11,2.6,08:27:24,
2026-09-15T12:58:25.998Z,Y1142579,8581,45.11804,8.87433,29054.2,-26.2,4.8,133.5,-45.7,0.2,-1.0,RS41-SG,404.900,7.8,250,10,2.6,08:27:24,
2026-09-15T12:58:26.998Z,Y1142579,8582,45.11802,8.87437,29028.5,-25.7,4.5,131.5,-45.7,0.2,-1.0,RS41-SG,404.900,8.0,250,11,2.6,08:27:24,
2026-09-15T12:58:27.998Z,Y1142579,8583,45.11799,8.87441,29002.3,-26.0,3.8,121.7,-45.8,0.2,-1.0,RS41-SG,404.900,8.0,250,11,2.6,08:27:24,
2026-09-15T12:58:28.998Z,Y1142579,8584,45.11798,8.87445,28976.0,-26.4,3.0,123.0,-45.9,0.2,-1.0,RS41-SG,404.900,8.7,250,11,2.7,08:27:24,
2026-09-15T12:58:29.998Z,Y1142579,8585,45.11796,8.87448,28949.1,-26.9,2.8,124.8,-46.0,0.2,-1.0,RS41-SG,404.900,8.7,250,11,2.7,08:27:24,
2026-09-15T12:58:30.998Z,Y1142579,8586,45.11795,8.87451,28922.0,-27.1,2.4,137.5,-46.1,0.2,-1.0,RS41-SG,404.900,8.3,250,11,2.6,08:27:24,
2026-09-15T12:58:31.998Z,Y1142579,8587,45.11793,8.87452,28893.9,-29.3,1.9,145.9,-46.2,0.2,-1.0,RS41-SG,404.900,8.1,250,11,2.6,08:27:24,
2026-09-15T12:58:32.998Z,Y1142579,8588,45.11791,8.87453,28864.6,-29.7,3.1,165.8,-46.2,0.2,-1.0,RS41-SG,404.900,8.0,250,11,2.6,08:27:24,
2026-09-15T12:58:33.998Z,Y1142579,8589,45.11788,8.87454,28835.0,-29.8,3.6,173.5,-46.3,0.2,-1.0,RS41-SG,404.900,7.9,250,11,2.6,08:27:24,
2026-09-15T12:58:34.998Z,Y1142579,8590,45.11785,8.87455,28805.2,-29.9,3.9,172.3,-46.4,0.2,-1.0,RS41-SG,404.900,7.7,250,11,2.7,08:27:24,
2026-09-15T12:58:35.998Z,Y1142579,8591,45.11781,8.87456,28775.6,-29.9,4.1,170.6,-46.6,0.2,-1.0,RS41-SG,404.900,8.1,250,9,2.7,08:27:24,
2026-09-15T12:58:36.998Z,Y1142579,8592,45.11778,8.87457,28745.5,-30.4,3.2,169.7,-46.7,0.3,-1.0,RS41-SG,404.900,8.1,250,9,2.7,08:27:24,
2026-09-15T12:58:37.998Z,Y1142579,8593,45.11776,8.87458,28715.4,-29.8,3.2,156.4,-46.8,0.3,-1.0,RS41-SG,404.900,7.5,250,10,2.6,08:27:24,
2026-09-15T12:58:40.998Z,Y1142579,8596,45.11769,8.87464,28624.9,-30.5,3.3,134.7,-47.2,0.3,-1.0,RS41-SG,404.900,7.5,250,10,2.6,08:27:24,
2026-09-15T12:58:41.998Z,Y1142579,8597,45.11767,8.87467,28594.5,-30.2,3.0,128.1,-47.3,0.3,-1.0,RS41-SG,404.900,7.5,250,10,2.7,08:27:24,
2026-09-15T12:58:42.998Z,Y1142579,8598,45.11765,8.87470,28564.2,-30.1,3.6,134.0,-47.2,0.3,-1.0,RS41-SG,404.900,7.5,250,11,2.7,08:27:24,
2026-09-15T12:58:43.998Z,Y1142579,8599,45.11763,8.87474,28534.6,-29.6,3.8,119.3,-47.3,0.3,-1.0,RS41-SG,404.900,7.5,250,10,2.6,08:27:24,
2026-09-15T12:58:44.998Z,Y1142579,8600,45.11762,8.87478,28504.5,-30.1,3.2,114.3,-47.3,0.2,-1.0,RS41-SG,404.900,6.9,250,11,2.6,08:27:24,
2026-09-15T12:58:45.998Z,Y1142579,8601,45.11761,8.87481,28474.3,-30.2,2.6,109.6,-47.3,0.3,-1.0,RS41-SG,404.900,7.2,250,11,2.6,08:27:24,
2026-09-15T12:58:46.998Z,Y1142579,8602,45.11760,8.87484,28444.3,-30.1,2.5,105.5,-47.4,0.3,-1.0,RS41-SG,404.900,7.2,250,11,2.6,08:27:24,
2026-09-15T12:58:47.998Z,Y1142579,8603,45.11760,8.87487,28414.0,-30.3,2.4,96.2,-47.4,0.3,-1.0,RS41-SG,404.900,7.4,250,11,2.7,08:27:24,
2026-09-15T12:58:48.998Z,Y1142579,8604,45.11760,8.87491,28383.9,-30.2,2.3,85.4,-47.4,0.2,-1.0,RS41-SG,404.900,7.4,250,11,2.7,08:27:24,
2026-09-15T12:58:49.998Z,Y1142579,8605,45.11760,8.87494,28354.0,-29.6,2.4,75.9,-47.4,0.3,-1.0,RS41-SG,404.900,7.3,250,11,2.6,08:27:24,
2026-09-15T12:58:50.998Z,Y1142579,8606,45.11761,8.87497,28324.5,-29.5,2.8,68.9,-47.3,0.3,-1.0,RS41-SG,404.900,7.3,250,9,2.6,08:27:24,
2026-09-15T12:58:52.998Z,Y1142579,8608,45.11763,8.87504,28267.9,-28.4,3.1,65.2,-47.6,0.3,-1.0,RS41-SG,404.900,6.9,250,10,2.7,08:27:24,
2026-09-15T12:58:53.998Z,Y1142579,8609,45.11764,8.87508,28239.6,-28.3,2.6,61.6,-47.7,0.3,-1.0,RS41-SG,404.900,7.7,250,11,2.7,08:27:24,
2026-09-15T12:58:54.998Z,Y1142579,8610,45.11765,8.87510,28211.3,-28.4,1.9,58.7,-47.9,0.3,-1.0,RS41-SG,404.900,7.7,250,11,2.6,08:27:24,
2026-09-15T12:58:57.998Z,Y1142579,8613,45.11767,8.87512,28127.1,-28.3,0.6,291.5,-48.4,0.3,-1.0,RS41-SG,404.900,7.6,250,10,2.6,08:27:24,
2026-09-15T12:58:58.998Z,Y1142579,8614,45.11767,8.87511,28099.3,-27.4,1.5,259.0,-48.6,0.3,-1.0,RS41-SG,404.900,7.6,250,9,2.6,08:27:24,
2026-09-15T12:58:59.998Z,Y1142579,8615,45.11766,8.87509,28071.4,-28.2,2.1,263.3,-48.8,0.3,-1.0,RS41-SG,404.900,6.8,250,7,2.7,08:27:24,
2026-09-15T12:59:03.998Z,Y1142579,8619,45.11766,8.87495,27957.4,-29.0,3.5,260.3,-48.7,0.3,-1.0,RS41-SG,404.900,7.2,250,7,2.6,08:26:33,
2026-09-15T12:59:11.998Z,Y1142579,8627,45.11749,8.87473,27744.8,-25.2,2.7,170.3,-49.4,0.4,-1.0,RS41-SG,404.900,7.1,250,9,2.6,08:26:33,
2026-09-15T12:59:13.998Z,Y1142579,8629,45.11744,8.87476,27694.6,-24.9,3.8,149.6,-49.9,0.4,-1.0,RS41-SG,404.900,7.8,250,8,2.6,08:26:33,
2026-09-15T13:00:45.998Z,Y1142579,8721,45.11584,8.87658,25555.4,-24.8,3.4,86.8,-50.9,0.4,-1.0,RS41-SG,404.900,6.8,250,11,2.6,08:24:51,
2026-09-15T13:00:46.998Z,Y1142579,8722,45.11584,8.87663,25531.7,-22.8,3.8,90.4,-50.8,0.4,-1.0,RS41-SG,404.900,7.2,250,11,2.6,08:24:51,
2026-09-15T13:00:47.998Z,Y1142579,8723,45.11585,8.87668,25509.7,-21.4,4.1,79.1,-51.0,0.3,-1.0,RS41-SG,404.900,7.2,250,11,2.7,08:24:51,
2026-09-15T13:00:49.998Z,Y1142579,8725,45.11587,8.87676,25467.6,-20.8,3.2,58.1,-51.4,0.4,-1.0,RS41-SG,404.900,7.2,250,11,2.6,08:24:51,
2026-09-15T13:00:57.998Z,Y1142579,8733,45.11602,8.87677,25286.9,-23.0,2.0,331.7,-51.5,0.4,-1.0,RS41-SG,404.900,7.7,250,11,2.6,08:24:51,
2026-09-15T13:00:58.998Z,Y1142579,8734,45.11604,8.87676,25264.1,-22.8,2.0,322.5,-51.4,0.4,-1.0,RS41-SG,404.900,7.8,250,11,2.6,08:24:51,
2026-09-15T13:00:59.998Z,Y1142579,8735,45.11605,8.87674,25241.0,-23.4,2.6,317.0,-51.3,0.4,-1.0,RS41-SG,404.900,7.8,250,11,2.6,08:24:51,
2026-09-15T13:01:00.998Z,Y1142579,8736,45.11607,8.87672,25217.6,-23.4,2.8,316.5,-51.5,0.4,-1.0,RS41-SG,404.900,7.6,250,11,2.7,08:24:51,
2026-09-15T13:01:01.998Z,Y1142579,8737,45.11609,8.87669,25194.6,-23.0,3.3,313.4,-51.8,0.4,-1.0,RS41-SG,404.900,7.6,250,11,2.6,08:24:51,
2026-09-15T13:01:02.998Z,Y1142579,8738,45.11611,8.87666,25171.4,-23.5,3.7,308.3,-52.1,0.4,-1.0,RS41-SG,404.900,7.5,250,11,2.6,08:24:51,
2026-09-15T13:01:03.998Z,Y1142579,8739,45.11613,8.87662,25148.3,-23.1,3.7,306.9,-52.2,0.4,-1.0,RS41-SG,404.900,7.1,250,11,2.6,08:24:51,
2026-09-15T13:01:08.998Z,Y1142579,8744,45.11619,8.87641,25035.6,-21.8,2.7,272.2,-52.6,0.5,-1.0,RS41-SG,404.900,7.2,250,11,2.6,08:24:51,
2026-09-15T13:01:19.998Z,Y1142579,8755,45.11630,8.87632,24795.3,-22.2,3.3,340.7,-52.4,0.5,-1.0,RS41-SG,404.900,7.3,250,11,2.6,08:24:51,
2026-09-15T13:01:33.998Z,Y1142579,8769,45.11636,8.87585,24506.3,-19.2,3.4,314.2,-52.7,0.5,-1.0,RS41-SG,404.900,6.6,250,10,2.6,08:24:51,
2026-09-15T13:01:40.998Z,Y1142579,8776,45.11653,8.87554,24366.9,-21.1,4.7,289.6,-52.5,0.4,-1.0,RS41-SG,404.900,7.7,250,10,2.6,08:24:51,
