timestamp,serial,frame,lat,lon,alt,vel_v,vel_h,heading,temp,humidity,pressure,type,freq_mhz,snr,f_error_hz,sats,batt_v,burst_timer,aux_data
2026-09-18T00:47:05.994Z,Y1142678,7949,45.55976,9.18544,32339.3,6.1,6.0,176.2,-273.0,-1.0,-1.0,RS41,404.900,7.2,250,9,2.5,,
2026-09-18T00:47:06.994Z,Y1142678,7950,45.55970,9.18545,32345.6,6.4,7.1,169.0,-273.0,-1.0,-1.0,RS41,404.900,8.0,250,9,2.5,,
2026-09-18T00:47:07.994Z,Y1142678,7951,45.55964,9.18547,32352.1,6.6,7.8,160.5,-273.0,-1.0,-1.0,RS41,404.900,8.1,250,9,2.5,,
2026-09-18T00:47:08.994Z,Y1142678,7952,45.55957,9.18551,32358.4,5.8,8.0,155.7,-273.0,-1.0,-1.0,RS41,404.900,8.4,250,9,2.5,,
2026-09-18T00:47:09.994Z,Y1142678,7953,45.55951,9.18555,32364.1,5.7,7.3,153.5,-273.0,-1.0,-1.0,RS41,404.900,8.6,250,9,2.6,,
2026-09-18T00:47:10.994Z,Y1142678,7954,45.55945,9.18559,32370.1,6.2,5.9,155.8,-273.0,-1.0,-1.0,RS41,404.900,8.6,250,9,2.6,,
2026-09-18T00:47:11.994Z,Y1142678,7955,45.55941,9.18561,32376.4,6.4,4.2,169.2,-273.0,-1.0,-1.0,RS41,404.900,8.4,250,9,2.5,,
2026-09-18T00:47:12.994Z,Y1142678,7956,45.55938,9.18561,32382.9,6.6,3.0,197.8,-273.0,-1.0,-1.0,RS41,404.900,8.9,250,9,2.5,,
2026-09-18T00:47:13.994Z,Y1142678,7957,45.55936,9.18559,32389.3,5.9,2.9,225.5,-273.0,-1.0,-1.0,RS41,404.900,8.9,250,9,2.5,,
2026-09-18T00:47:14.994Z,Y1142678,7958,45.55934,9.18556,32395.1,5.5,2.6,234.4,-273.0,-1.0,-1.0,RS41,404.900,8.4,250,9,2.5,,
2026-09-18T00:47:15.994Z,Y1142678,7959,45.55933,9.18554,32400.8,6.1,1.6,219.7,-273.0,-1.0,-1.0,RS41,404.900,7.8,250,9,2.6,,
2026-09-18T00:47:16.994Z,Y1142678,7960,45.55932,9.18554,32407.3,7.0,1.9,142.4,-273.0,-1.0,-1.0,RS41,404.900,8.0,250,9,2.6,,
2026-09-18T00:47:17.994Z,Y1142678,7961,45.55930,9.18557,32414.2,6.7,4.0,116.3,-273.0,-1.0,-1.0,RS41,404.900,8.0,250,9,2.6,,
2026-09-18T00:47:18.994Z,Y1142678,7962,45.55929,9.18563,32420.1,5.0,6.0,112.3,-273.0,-1.0,-1.0,RS41,404.900,8.0,250,9,2.5,,
2026-09-18T00:47:19.994Z,Y1142678,7963,45.55926,9.18571,32425.3,5.2,7.3,112.8,-45.1,-1.0,-1.0,RS41,404.900,7.9,250,9,2.5,,
2026-09-18T00:47:20.994Z,Y1142678,7964,45.55924,9.18579,32431.3,6.6,7.2,116.3,-45.1,-1.0,-1.0,RS41,404.900,8.3,250,9,2.5,,
2026-09-18T00:47:21.994Z,Y1142678,7965,45.55921,9.18587,32438.2,7.3,5.9,123.6,-45.1,-1.0,-1.0,RS41,404.900,8.3,250,9,2.5,,
2026-09-18T00:47:22.994Z,Y1142678,7966,45.55918,9.18592,32445.2,6.6,4.2,131.3,-45.1,-1.0,-1.0,RS41,404.900,8.1,250,9,2.5,,
2026-09-18T00:47:23.994Z,Y1142678,7967,45.55916,9.18595,32451.2,5.4,2.5,143.7,-45.1,-1.0,-1.0,RS41,404.900,7.7,250,9,2.6,,
2026-09-18T00:47:24.994Z,Y1142678,7968,45.55915,9.18596,32456.5,5.2,0.8,155.0,-45.1,-1.0,-1.0,RS41,404.900,8.0,250,9,2.6,,
2026-09-18T00:47:25.994Z,Y1142678,7969,45.55915,9.18596,32462.3,6.0,0.9,22.1,-45.1,-1.0,-1.0,RS41,404.900,8.0,250,9,2.6,,
2026-09-18T00:47:26.994Z,Y1142678,7970,45.55916,9.18597,32468.9,7.0,2.5,31.4,-45.0,-1.0,-1.0,RS41,404.900,7.8,250,9,2.5,,
2026-09-18T00:47:27.994Z,Y1142678,7971,45.55918,9.18600,32475.8,6.7,3.8,44.2,-45.0,-1.0,-1.0,RS41,404.900,7.3,250,9,2.5,,
2026-09-18T00:47:28.994Z,Y1142678,7972,45.55920,9.18604,32482.0,5.6,4.7,57.6,-45.0,-1.0,-1.0,RS41,404.900,7.0,250,9,2.5,,
2026-09-18T00:47:29.994Z,Y1142678,7973,45.55922,9.18610,32487.4,5.1,5.1,72.9,-45.0,-1.0,-1.0,RS41,404.900,7.4,250,9,2.5,,
2026-09-18T00:47:30.994Z,Y1142678,7974,45.55923,9.18616,32493.0,6.1,5.2,91.6,-44.9,-1.0,-1.0,RS41,404.900,7.5,250,9,2.5,,
2026-09-18T00:47:31.994Z,Y1142678,7975,45.55922,9.18623,32499.7,7.0,5.1,111.8,-44.8,-1.0,-1.0,RS41,404.900,7.7,250,9,2.6,,
2026-09-18T00:47:32.994Z,Y1142678,7976,45.55920,9.18628,32506.5,6.4,5.2,130.0,-44.7,-1.0,-1.0,RS41,404.900,7.7,250,9,2.6,,
2026-09-18T00:47:35.994Z,Y1142678,7979,45.55909,9.18642,32525.5,7.4,5.5,136.6,-44.6,-1.0,-1.0,RS41,404.900,7.6,250,9,2.5,,
2026-09-18T00:47:36.994Z,Y1142678,7980,45.55905,9.18647,32532.6,6.6,5.6,124.1,-44.5,-1.0,-1.0,RS41,404.900,7.6,250,9,2.5,,
2026-09-18T00:47:37.994Z,Y1142678,7981,45.55903,9.18653,32538.5,5.4,5.7,115.2,-44.5,-1.0,-1.0,RS41,404.900,7.6,250,9,2.5,,
2026-09-18T00:47:38.994Z,Y1142678,7982,45.55901,9.18660,32544.1,5.7,5.4,110.2,-44.5,-1.0,-1.0,RS41,404.900,7.9,250,9,2.5,,
2026-09-18T00:47:39.994Z,Y1142678,7983,45.55899,9.18666,32549.9,6.1,4.7,112.4,-44.4,-1.0,-1.0,RS41,404.900,7.9,250,9,2.6,,
2026-09-18T00:47:40.994Z,Y1142678,7984,45.55898,9.18670,32556.4,6.8,3.9,124.7,-44.3,-1.0,-1.0,RS41,404.900,7.4,250,9,2.6,,
2026-09-18T00:47:41.994Z,Y1142678,7985,45.55895,9.18674,32563.1,6.7,3.6,142.2,-44.3,-1.0,-1.0,RS41,404.900,7.1,250,9,2.6,,
2026-09-18T00:47:42.994Z,Y1142678,7986,45.55892,9.18677,32569.6,6.3,4.0,148.8,-44.2,-1.0,-1.0,RS41,404.900,7.4,250,9,2.5,,
2026-09-18T00:47:43.994Z,Y1142678,7987,45.55889,9.18680,32576.1,6.5,4.8,146.0,-44.2,-1.0,-1.0,RS41,404.900,7.8,250,9,2.5,,
2026-09-18T00:47:44.994Z,Y1142678,7988,45.55885,9.18684,32582.9,7.2,5.9,136.2,-44.1,-1.0,-1.0,RS41,404.900,8.1,250,9,2.5,,
2026-09-18T00:47:45.994Z,Y1142678,7989,45.55882,9.18690,32590.1,7.2,7.2,124.9,-44.1,-1.0,-1.0,RS41,404.900,8.1,250,9,2.5,,
2026-09-18T00:47:46.994Z,Y1142678,7990,45.55878,9.18699,32596.6,5.8,8.1,118.2,-44.1,-1.0,-1.0,RS41,404.900,8.1,250,9,2.6,,
2026-09-18T00:47:47.994Z,Y1142678,7991,45.55875,9.18708,32602.3,5.5,8.6,114.3,-44.1,-1.0,-1.0,RS41-SG,404.900,7.9,250,9,2.6,,
2026-09-18T00:47:48.994Z,Y1142678,7992,45.55872,9.18718,32608.1,6.1,8.2,115.0,-44.1,-1.0,-1.0,RS41-SG,404.900,7.8,250,9,2.5,,
2026-09-18T00:47:49.994Z,Y1142678,7993,45.55869,9.18727,32614.4,6.8,7.0,120.3,-44.1,-1.0,-1.0,RS41-SG,404.900,7.7,250,9,2.5,,
2026-09-18T00:47:50.994Z,Y1142678,7994,45.55865,9.18733,32621.5,7.2,5.5,131.4,-44.1,-1.0,-1.0,RS41-SG,404.900,7.7,250,9,2.5,,
2026-09-18T00:47:51.994Z,Y1142678,7995,45.55862,9.18737,32628.2,6.4,4.3,144.4,-44.2,-1.0,-1.0,RS41-SG,404.900,7.1,250,9,2.5,,
2026-09-18T00:47:57.994Z,Y1142678,8001,45.55852,9.18769,32666.7,5.4,8.2,95.1,-44.3,-1.0,-1.0,RS41-SG,404.900,8.3,250,9,2.5,,
2026-09-18T00:47:58.994Z,Y1142678,8002,45.55851,9.18779,32672.7,6.6,8.5,97.4,-44.3,-1.0,-1.0,RS41-SG,404.900,8.3,250,9,2.5,,
2026-09-18T00:47:59.994Z,Y1142678,8003,45.55850,9.18789,32679.7,7.5,7.8,104.2,-44.4,-1.0,-1.0,RS41-SG,404.900,8.1,250,9,2.5,,
2026-09-18T00:48:00.994Z,Y1142678,8004,45.55848,9.18798,32686.8,6.6,7.1,112.6,-44.4,-1.0,-1.0,RS41-SG,404.900,8.2,250,9,2.6,,
2026-09-18T00:48:01.994Z,Y1142678,8005,45.55845,9.18806,32693.1,6.1,6.8,121.8,-44.4,-1.0,-1.0,RS41-SG,404.900,8.2,250,9,2.6,,
2026-09-18T00:48:02.994Z,Y1142678,8006,45.55841,9.18813,32699.3,6.4,6.9,127.1,-44.5,-1.0,-1.0,RS41-SG,404.900,8.0,250,9,2.6,,
2026-09-18T00:48:03.994Z,Y1142678,8007,45.55838,9.18821,32706.1,7.4,7.5,127.2,-44.5,-1.0,-1.0,RS41-SG,404.900,8.0,250,9,2.5,,
2026-09-18T00:48:05.994Z,Y1142678,8009,45.55830,9.18837,32719.8,6.0,8.2,119.7,-44.5,-1.0,-1.0,RS41-SG,404.900,7.4,250,9,2.5,,
2026-09-18T00:48:06.994Z,Y1142678,8010,45.55826,9.18846,32725.9,6.2,7.8,114.8,-44.5,-1.0,-1.0,RS41-SG,404.900,7.4,250,9,2.5,,
2026-09-18T00:48:07.994Z,Y1142678,8011,45.55824,9.18855,32732.4,6.8,6.8,108.7,-44.5,-1.0,-1.0,RS41-SG,404.900,7.7,250,9,2.5,,
2026-09-18T00:48:08.994Z,Y1142678,8012,45.55822,9.18863,32739.5,7.3,5.6,101.3,-44.6,-1.0,-1.0,RS41-SG,404.900,7.7,250,9,2.6,,
2026-09-18T00:48:09.994Z,Y1142678,8013,45.55822,9.18869,32746.2,6.3,4.8,95.3,-44.6,-1.0,-1.0,RS41-SG,404.900,8.1,250,9,2.6,,
2026-09-18T00:48:10.994Z,Y1142678,8014,45.55822,9.18875,32752.5,6.3,4.8,88.9,-44.7,-1.0,-1.0,RS41-SG,404.900,8.1,250,9,2.6,,
2026-09-18T00:48:11.994Z,Y1142678,8015,45.55822,9.18882,32759.2,7.0,5.8,87.7,-44.7,-1.0,-1.0,RS41-SG,404.900,7.7,250,9,2.5,,
2026-09-18T00:48:12.994Z,Y1142678,8016,45.55822,9.18891,32766.4,7.6,7.7,90.2,-44.7,-1.0,-1.0,RS41-SG,404.900,7.7,250,9,2.5,,
2026-09-18T00:48:14.994Z,Y1142678,8018,45.55821,9.18914,32779.6,5.5,10.7,98.1,-44.8,-1.0,-1.0,RS41-SG,404.900,8.3,250,9,2.5,,
2026-09-18T00:48:15.994Z,Y1142678,8019,45.55819,9.18928,32785.8,6.8,11.1,103.6,-44.8,-1.0,-1.0,RS41-SG,404.900,8.3,250,9,2.6,,
2026-09-18T00:48:16.994Z,Y1142678,8020,45.55816,9.18941,32793.3,8.2,10.1,111.4,-44.8,-1.0,-1.0,RS41-SG,404.900,8.8,250,9,2.6,,
2026-09-18T00:48:17.994Z,Y1142678,8021,45.55812,9.18952,32801.3,7.7,8.5,119.4,-44.8,-1.0,-1.0,RS41-SG,404.900,8.8,250,9,2.5,,
2026-09-18T00:48:18.994Z,Y1142678,8022,45.55809,9.18960,32807.9,5.7,7.1,128.0,-44.7,-1.0,-1.0,RS41-SG,404.900,8.8,250,9,2.5,,
2026-09-18T00:48:19.994Z,Y1142678,8023,45.55805,9.18966,32813.6,5.7,5.6,134.3,-44.7,-1.0,-1.0,RS41-SG,404.900,8.8,250,9,2.5,,
2026-09-18T00:48:20.994Z,Y1142678,8024,45.55802,9.18971,32819.7,6.6,4.2,130.8,-44.6,-1.0,-1.0,RS41-SG,404.900,8.0,250,9,2.5,,
2026-09-18T00:48:21.994Z,Y1142678,8025,45.55800,9.18975,32826.7,7.3,3.6,111.6,-44.7,-1.0,-1.0,RS41-SG,404.900,7.2,250,9,2.6,,
2026-09-18T00:48:22.994Z,Y1142678,8026,45.55799,9.18979,32833.7,6.8,3.9,88.3,-44.6,-1.0,-1.0,RS41-SG,404.900,8.2,250,10,2.6,,
2026-09-18T00:48:23.994Z,Y1142678,8027,45.55800,9.18985,32840.1,5.7,4.4,74.2,-44.4,-1.0,-1.0,RS41-SG,404.900,8.7,250,10,2.6,,
2026-09-18T00:48:24.994Z,Y1142678,8028,45.55802,9.18990,32846.0,6.0,4.7,64.8,-44.3,-1.0,-1.0,RS41-SG,404.900,8.7,250,10,2.5,,
2026-09-18T00:48:25.994Z,Y1142678,8029,45.55803,9.18995,32852.7,7.1,4.4,60.7,-44.2,-1.0,-1.0,RS41-SG,404.900,8.3,250,10,2.5,,
2026-09-18T00:48:26.994Z,Y1142678,8030,45.55805,9.19000,32859.9,7.4,3.6,61.1,-44.1,-1.0,-1.0,RS41-SG,404.900,7.9,250,10,2.5,,
2026-09-18T00:48:27.994Z,Y1142678,8031,45.55806,9.19003,32866.8,6.4,3.1,68.5,-44.1,-1.0,-1.0,RS41-SG,404.900,7.7,250,10,2.5,,
2026-09-18T00:48:28.994Z,Y1142678,8032,45.55807,9.19007,32873.0,6.1,3.1,82.8,-44.1,-1.0,-1.0,RS41-SG,404.900,7.8,250,10,2.5,,
2026-09-18T00:48:29.994Z,Y1142678,8033,45.55807,9.19012,32879.4,6.6,4.1,97.5,-44.1,-1.0,-1.0,RS41-SG,404.900,7.8,250,10,2.6,,
2026-09-18T00:48:30.994Z,Y1142678,8034,45.55806,9.19018,32886.3,7.1,5.6,103.0,-44.1,-1.0,-1.0,RS41-SG,404.900,8.2,250,10,2.6,,
2026-09-18T00:48:31.994Z,Y1142678,8035,45.55805,9.19026,32893.1,6.2,6.8,104.1,-44.1,-1.0,-1.0,RS41-SG,404.900,8.5,250,10,2.6,,
2026-09-18T00:48:32.994Z,Y1142678,8036,45.55803,9.19034,32899.4,6.3,7.1,104.8,-44.1,-1.0,-1.0,RS41-SG,404.900,8.5,250,10,2.5,,
2026-09-18T00:48:33.994Z,Y1142678,8037,45.55802,9.19043,32906.1,7.1,6.3,106.7,-44.1,-1.0,-1.0,RS41-SG,404.900,8.2,250,10,2.5,,
2026-09-18T00:48:34.994Z,Y1142678,8038,45.55800,9.19049,32913.4,7.5,4.4,111.4,-44.1,-1.0,-1.0,RS41-SG,404.900,8.3,250,10,2.5,,
2026-09-18T00:48:35.994Z,Y1142678,8039,45.55799,9.19053,32920.8,7.3,2.2,123.0,-44.2,-1.0,-1.0,RS41-SG,404.900,8.3,250,10,2.5,,
2026-09-18T00:48:36.994Z,Y1142678,8040,45.55798,9.19054,32927.3,5.6,0.7,166.7,-44.2,-1.0,-1.0,RS41-SG,404.900,8.6,250,10,2.6,,
2026-09-18T00:48:37.994Z,Y1142678,8041,45.55798,9.19054,32932.7,5.2,0.8,272.1,-44.2,-1.0,-1.0,RS41-SG,404.900,8.6,250,10,2.6,,
2026-09-18T00:48:38.994Z,Y1142678,8042,45.55798,9.19053,32938.5,6.3,1.2,319.4,-44.2,-1.0,-1.0,RS41-SG,404.900,8.2,250,10,2.5,,
2026-09-18T00:48:39.994Z,Y1142678,8043,45.55800,9.19053,32945.3,7.4,1.6,17.5,-44.2,-1.0,-1.0,RS41-SG,404.900,8.2,250,10,2.5,,
2026-09-18T00:48:40.994Z,Y1142678,8044,45.55801,9.19054,32952.2,6.2,2.7,45.5,-44.2,-1.0,-1.0,RS41-SG,404.900,7.6,250,10,2.5,,
2026-09-18T00:48:41.994Z,Y1142678,8045,45.55803,9.19058,32958.2,5.8,4.0,58.1,-44.2,-1.0,-1.0,RS41-SG,404.900,8.0,250,10,2.5,,
2026-09-18T00:48:42.994Z,Y1142678,8046,45.55805,9.19062,32964.0,6.1,4.6,65.3,-44.2,-1.0,-1.0,RS41-SG,404.900,8.6,250,10,2.6,,
2026-09-18T00:48:43.994Z,Y1142678,8047,45.55806,9.19067,32970.6,7.1,4.3,69.4,-44.2,-1.0,-1.0,RS41-SG,404.900,8.6,250,10,2.6,,
2026-09-18T00:48:44.994Z,Y1142678,8048,45.55807,9.19072,32977.8,7.3,3.0,74.5,-44.2,-1.0,-1.0,RS41-SG,404.900,8.1,250,10,2.6,,
2026-09-18T00:48:45.994Z,Y1142678,8049,45.55808,9.19075,32984.3,5.8,2.0,83.0,-44.3,-1.0,-1.0,RS41-SG,404.900,8.1,250,10,2.5,,
2026-09-18T00:48:46.994Z,Y1142678,8050,45.55808,9.19077,32989.9,5.4,1.3,102.0,-44.3,0.3,-1.0,RS41-SG,404.900,7.7,250,10,2.5,,
2026-09-18T00:48:47.994Z,Y1142678,8051,45.55807,9.19079,32995.7,6.0,1.2,118.8,-44.3,0.3,-1.0,RS41-SG,404.900,7.4,250,10,2.5,,
2026-09-18T00:48:48.994Z,Y1142678,8052,45.55807,9.19080,33001.9,6.6,1.5,112.0,-44.4,0.3,-1.0,RS41-SG,404.900,7.5,250,10,2.5,,
2026-09-18T00:48:49.994Z,Y1142678,8053,45.55806,9.19082,33008.8,7.0,2.1,98.8,-44.4,0.3,-1.0,RS41-SG,404.900,7.8,250,10,2.5,,
2026-09-18T00:48:50.994Z,Y1142678,8054,45.55806,9.19085,33015.6,6.7,2.5,86.3,-44.5,0.3,-1.0,RS41-SG,404.900,8.4,250,10,2.6,,
2026-09-18T00:48:51.994Z,Y1142678,8055,45.55807,9.19088,33022.0,6.1,2.4,73.2,-44.5,0.3,-1.0,RS41-SG,404.900,8.4,250,10,2.6,,
2026-09-18T00:48:52.994Z,Y1142678,8056,45.55807,9.19091,33028.2,6.2,2.0,54.7,-44.5,0.3,-1.0,RS41-SG,404.900,8.9,250,10,2.6,,
2026-09-18T00:48:53.994Z,Y1142678,8057,45.55809,9.19092,33034.7,7.0,1.6,16.4,-44.6,0.3,-1.0,RS41-SG,404.900,8.9,250,10,2.5,,
2026-09-18T00:48:54.994Z,Y1142678,8058,45.55810,9.19092,33041.7,6.9,1.7,336.0,-44.6,0.3,-1.0,RS41-SG,404.900,8.4,250,10,2.5,,
2026-09-18T00:48:55.994Z,Y1142678,8059,45.55811,9.19091,33047.9,5.7,2.0,323.2,-44.6,0.3,-1.0,RS41-SG,404.900,8.4,250,10,2.5,,
2026-09-18T00:48:56.994Z,Y1142678,8060,45.55813,9.19089,33053.7,5.8,1.7,333.8,-44.6,0.3,-1.0,RS41-SG,404.900,7.9,250,10,2.5,,
2026-09-18T00:48:57.994Z,Y1142678,8061,45.55814,9.19089,33059.8,6.5,1.9,25.6,-44.6,0.4,-1.0,RS41-SG,404.900,7.4,250,10,2.6,,
2026-09-18T00:48:59.994Z,Y1142678,8063,45.55818,9.19097,33072.9,6.1,5.7,71.7,-44.7,0.3,-1.0,RS41-SG,404.900,7.2,250,10,2.5,,
2026-09-18T00:49:00.994Z,Y1142678,8064,45.55819,9.19105,33078.6,5.1,7.0,77.9,-44.6,0.3,-1.0,RS41-SG,404.900,8.3,250,10,2.5,,
2026-09-18T00:49:01.994Z,Y1142678,8065,45.55820,9.19114,33084.1,5.9,7.4,85.0,-44.6,0.3,-1.0,RS41-SG,404.900,8.6,250,10,2.5,,
2026-09-18T00:49:02.994Z,Y1142678,8066,45.55820,9.19123,33090.6,7.1,6.3,94.2,-44.7,0.3,-1.0,RS41-SG,404.900,8.6,250,10,2.5,,
2026-09-18T00:49:03.994Z,Y1142678,8067,45.55819,9.19130,33097.8,7.5,4.5,110.5,-44.7,0.3,-1.0,RS41-SG,404.900,8.2,250,10,2.6,,
2026-09-18T00:49:04.994Z,Y1142678,8068,45.55817,9.19134,33104.4,5.6,3.2,137.2,-44.7,0.3,-1.0,RS41-SG,404.900,7.8,250,10,2.6,,
2026-09-18T00:49:05.994Z,Y1142678,8069,45.55815,9.19135,33109.3,4.3,2.7,169.3,-44.8,0.3,-1.0,RS41-SG,404.900,7.8,250,10,2.6,,
2026-09-18T00:49:06.994Z,Y1142678,8070,45.55813,9.19135,33113.8,4.7,2.6,194.9,-44.8,0.3,-1.0,RS41-SG,404.900,7.7,250,10,2.5,,
2026-09-18T00:49:08.994Z,Y1142678,8072,45.55810,9.19134,33125.7,7.1,0.7,166.6,-44.8,0.3,-1.0,RS41-SG,404.900,7.6,250,10,2.5,,
2026-09-18T00:49:09.994Z,Y1142678,8073,45.55810,9.19135,33132.7,6.9,1.6,78.8,-44.8,0.3,-1.0,RS41-SG,404.900,8.4,250,10,2.5,,
2026-09-18T00:49:10.994Z,Y1142678,8074,45.55810,9.19138,33138.8,5.3,2.9,73.2,-44.8,0.3,-1.0,RS41-SG,404.900,8.4,250,10,2.5,,
2026-09-18T00:49:11.994Z,Y1142678,8075,45.55811,9.19142,33144.1,5.3,3.8,75.1,-44.8,0.3,-1.0,RS41-SG,404.900,8.0,250,10,2.6,,
2026-09-18T00:49:12.994Z,Y1142678,8076,45.55812,9.19147,33150.0,6.5,4.0,82.8,-44.8,0.3,-1.0,RS41-SG,404.900,7.6,250,10,2.6,,
2026-09-18T00:49:19.994Z,Y1142678,8083,45.55795,9.19180,33193.1,5.2,6.6,128.7,-44.9,0.3,-1.0,RS41-SG,404.900,8.1,250,10,2.6,,
2026-09-18T00:49:20.994Z,Y1142678,8084,45.55791,9.19186,33198.6,5.7,6.7,132.5,-45.0,0.3,-1.0,RS41-SG,404.900,8.2,250,10,2.5,,
2026-09-18T00:49:21.994Z,Y1142678,8085,45.55787,9.19192,33204.5,6.2,6.4,140.5,-45.0,0.3,-1.0,RS41-SG,404.900,8.2,250,10,2.5,,
2026-09-18T00:49:22.994Z,Y1142678,8086,45.55782,9.19197,33211.0,6.7,6.3,152.2,-45.0,0.3,-1.0,RS41-SG,404.900,7.9,250,10,2.5,,
2026-09-18T00:49:23.994Z,Y1142678,8087,45.55777,9.19200,33217.4,6.3,6.2,160.9,-45.0,0.3,-1.0,RS41-SG,404.900,7.3,250,10,2.5,,
2026-09-18T00:49:28.994Z,Y1142678,8092,45.55756,9.19224,33247.7,5.4,7.8,111.4,-45.0,0.3,-1.0,RS41-SG,404.900,6.6,250,10,2.5,,
2026-09-18T00:49:29.994Z,Y1142678,8093,45.55753,9.19233,33252.7,4.8,8.9,109.8,-44.9,0.3,-1.0,RS41-SG,404.900,7.1,250,10,2.5,,
2026-09-18T00:49:30.994Z,Y1142678,8094,45.55750,9.19244,33258.0,5.7,9.3,115.2,-44.8,0.3,-1.0,RS41-SG,404.900,7.6,250,10,2.5,,
2026-09-18T00:49:31.994Z,Y1142678,8095,45.55746,9.19254,33264.2,6.7,9.1,126.4,-44.7,0.3,-1.0,RS41-SG,404.900,7.6,250,10,2.5,,
2026-09-18T00:49:32.994Z,Y1142678,8096,45.55741,9.19262,33270.9,6.5,8.6,141.4,-44.5,0.3,-1.0,RS41-SG,404.900,7.7,250,10,2.6,,
2026-09-18T00:49:33.994Z,Y1142678,8097,45.55734,9.19268,33276.9,5.2,8.0,154.8,-44.4,0.3,-1.0,RS41-SG,404.900,7.7,250,10,2.6,,
2026-09-18T00:49:36.994Z,Y1142678,8100,45.55718,9.19273,33293.8,6.4,3.5,178.5,-44.2,0.3,-1.0,RS41-SG,404.900,7.5,250,10,2.5,,
2026-09-18T00:49:37.994Z,Y1142678,8101,45.55716,9.19273,33300.0,5.9,1.3,157.9,-44.1,0.3,-1.0,RS41-SG,404.900,7.7,250,10,2.5,,
2026-09-18T00:49:38.994Z,Y1142678,8102,45.55716,9.19274,33305.5,5.1,1.4,52.0,-43.9,0.3,-1.0,RS41-SG,404.900,7.8,250,10,2.5,,
2026-09-18T00:49:39.994Z,Y1142678,8103,45.55718,9.19276,33310.3,4.6,2.9,31.5,-43.6,0.3,-1.0,RS41-SG,404.900,7.9,250,10,2.6,,
2026-09-18T00:49:46.994Z,Y1142678,8110,45.55722,9.19291,33351.1,4.7,5.2,139.9,-43.0,0.3,-1.0,RS41-SG,404.900,7.5,250,10,2.5,,
2026-09-18T00:49:47.994Z,Y1142678,8111,45.55718,9.19296,33356.3,5.6,6.9,130.9,-42.9,0.3,-1.0,RS41-SG,404.900,7.5,250,10,2.5,,
2026-09-18T00:49:48.994Z,Y1142678,8112,45.55714,9.19304,33362.1,6.0,8.2,121.6,-42.9,0.3,-1.0,RS41-SG,404.900,7.8,250,10,2.5,,
2026-09-18T00:49:49.994Z,Y1142678,8113,45.55711,9.19314,33367.7,5.2,8.6,113.4,-42.9,0.3,-1.0,RS41-SG,404.900,7.8,250,10,2.5,,
2026-09-18T00:49:50.994Z,Y1142678,8114,45.55708,9.19323,33373.4,6.0,7.8,105.0,-43.0,0.3,-1.0,RS41-SG,404.900,7.4,250,10,2.6,,
2026-09-18T00:49:53.994Z,Y1142678,8117,45.55709,9.19340,33392.0,5.7,2.0,6.5,-43.0,0.3,-1.0,RS41-SG,404.900,7.6,250,10,2.5,,
2026-09-18T00:49:54.994Z,Y1142678,8118,45.55711,9.19339,33397.2,4.7,3.4,319.7,-43.0,0.3,-1.0,RS41-SG,404.900,7.6,250,10,2.5,,
2026-09-18T00:49:55.994Z,Y1142678,8119,45.55713,9.19335,33401.5,4.0,4.8,309.4,-43.0,0.3,-1.0,RS41-SG,404.900,7.5,250,10,2.5,,
2026-09-18T00:49:56.994Z,Y1142678,8120,45.55716,9.19330,33405.9,4.8,5.3,311.8,-43.0,0.3,-1.0,RS41-SG,404.900,7.3,250,10,2.5,,
2026-09-18T00:50:02.994Z,Y1142678,8126,45.55733,9.19352,33438.0,4.5,8.6,89.5,-43.0,0.3,-1.0,RS41-SG,404.900,7.2,250,10,2.5,,
2026-09-18T00:50:03.994Z,Y1142678,8127,45.55732,9.19362,33443.3,5.8,7.7,100.9,-43.0,0.3,-1.0,RS41-SG,404.900,7.4,250,10,2.5,,
2026-09-18T00:50:04.994Z,Y1142678,8128,45.55731,9.19371,33449.3,6.3,5.7,112.1,-43.0,0.3,-1.0,RS41-SG,404.900,8.1,250,10,2.5,,
2026-09-18T00:50:05.994Z,Y1142678,8129,45.55729,9.19376,33455.4,5.8,3.0,129.2,-42.9,0.3,-1.0,RS41-SG,404.900,8.1,250,10,2.6,,
2026-09-18T00:50:09.994Z,Y1142678,8133,45.55738,9.19366,33476.6,5.2,9.2,335.9,-42.7,0.3,-1.0,RS41-SG,404.900,7.5,250,10,2.5,,
2026-09-18T00:50:10.994Z,Y1142678,8134,45.55747,9.19362,33481.8,5.2,10.7,346.1,-42.6,0.3,-1.0,RS41-SG,404.900,7.5,250,10,2.5,,
2026-09-18T00:50:15.994Z,Y1142678,8139,45.55780,9.19371,33509.5,4.7,4.4,73.7,-42.3,0.3,-1.0,RS41-SG,404.900,7.4,250,10,2.5,,
2026-09-18T00:50:16.994Z,Y1142678,8140,45.55781,9.19377,33513.8,3.8,4.5,99.8,-42.3,0.3,-1.0,RS41-SG,404.900,7.5,250,10,2.5,,
2026-09-18T00:50:19.994Z,Y1142678,8143,45.55778,9.19393,33530.3,7.2,4.0,74.2,-42.3,0.3,-1.0,RS41-SG,404.900,7.4,250,10,2.6,,
2026-09-18T00:50:20.994Z,Y1142678,8144,45.55780,9.19398,33536.9,6.0,4.9,43.4,-42.3,0.3,-1.0,RS41-SG,404.900,8.2,250,10,2.5,,
2026-09-18T00:50:21.994Z,Y1142678,8145,45.55784,9.19401,33541.9,4.1,6.4,24.1,-42.3,0.3,-1.0,RS41-SG,404.900,8.2,250,10,2.5,,
2026-09-18T00:50:22.994Z,Y1142678,8146,45.55790,9.19404,33545.9,4.0,8.0,9.9,-42.3,0.3,-1.0,RS41-SG,404.900,8.0,250,10,2.5,,
2026-09-18T00:50:23.994Z,Y1142678,8147,45.55798,9.19405,33550.1,4.4,8.9,359.4,-42.4,0.3,-1.0,RS41-SG,404.900,8.0,250,10,2.5,,
2026-09-18T00:50:24.994Z,Y1142678,8148,45.55806,9.19404,33555.1,5.6,9.0,351.7,-42.4,0.3,-1.0,RS41-SG,404.900,8.0,250,10,2.6,,
2026-09-18T00:50:27.994Z,Y1142678,8151,45.55825,9.19399,33572.5,5.1,4.7,0.6,-42.5,0.3,-1.0,RS41-SG,404.900,7.4,250,10,2.5,,
2026-09-18T00:50:28.994Z,Y1142678,8152,45.55828,9.19401,33577.5,4.8,4.2,33.9,-42.5,0.3,-1.0,RS41-SG,404.900,7.4,250,10,2.5,,
2026-09-18T00:50:31.994Z,Y1142678,8155,45.55837,9.19425,33592.1,5.1,10.5,68.0,-42.6,0.3,-1.0,RS41-SG,404.900,8.0,250,10,2.6,,
2026-09-18T00:50:32.994Z,Y1142678,8156,45.55841,9.19438,33597.2,5.0,11.2,63.6,-42.6,0.3,-1.0,RS41-SG,404.900,8.0,250,10,2.6,,
2026-09-18T00:50:33.994Z,Y1142678,8157,45.55846,9.19450,33602.6,5.7,10.5,55.7,-42.6,0.3,-1.0,RS41-SG,404.900,7.6,250,10,2.5,,
2026-09-18T00:50:34.994Z,Y1142678,8158,45.55851,9.19459,33608.6,6.2,8.8,40.8,-42.6,0.3,-1.0,RS41-SG,404.900,7.9,250,10,2.5,,
2026-09-18T00:50:35.994Z,Y1142678,8159,45.55858,9.19464,33614.8,6.1,7.2,18.2,-42.7,0.3,-1.0,RS41-SG,404.900,7.9,250,10,2.5,,
2026-09-18T00:50:36.994Z,Y1142678,8160,45.55864,9.19465,33620.1,4.3,6.7,353.4,-42.7,0.3,-1.0,RS41-SG,404.900,7.5,250,10,2.5,,
2026-09-18T00:50:37.994Z,Y1142678,8161,45.55869,9.19463,33623.9,3.2,7.0,334.5,-42.8,0.3,-1.0,RS41-SG,404.900,7.5,250,10,2.6,,
2026-09-18T00:50:41.994Z,Y1142678,8165,45.55889,9.19453,33647.0,5.2,5.6,25.7,-42.9,0.3,-1.0,RS41-SG,404.900,7.6,250,10,2.5,,
2026-09-18T00:50:42.994Z,Y1142678,8166,45.55894,9.19458,33651.5,3.9,6.9,47.6,-43.0,0.3,-1.0,RS41-SG,404.900,8.0,250,10,2.5,,
2026-09-18T00:50:43.994Z,Y1142678,8167,45.55897,9.19466,33655.6,4.2,8.4,62.4,-43.0,0.3,-1.0,RS41-SG,404.900,8.0,250,10,2.5,,
2026-09-18T00:50:44.994Z,Y1142678,8168,45.55900,9.19476,33660.6,5.6,9.2,70.3,-43.0,0.3,-1.0,RS41-SG,404.900,7.9,250,10,2.6,,
2026-09-18T00:50:45.994Z,Y1142678,8169,45.55903,9.19487,33666.2,5.6,9.2,73.6,-43.1,0.2,-1.0,RS41-SG,404.900,7.9,250,10,2.6,,
2026-09-18T00:50:46.994Z,Y1142678,8170,45.55905,9.19498,33671.6,5.1,8.8,72.5,-43.1,0.3,-1.0,RS41-SG,404.900,7.5,250,10,2.5,,
2026-09-18T00:50:47.994Z,Y1142678,8171,45.55908,9.19509,33676.8,5.3,8.4,66.9,-43.1,0.3,-1.0,RS41-SG,404.900,7.3,250,10,2.5,,
2026-09-18T00:50:48.994Z,Y1142678,8172,45.55911,9.19518,33682.2,5.7,8.3,57.4,-43.2,0.3,-1.0,RS41-SG,404.900,7.7,250,10,2.5,,
2026-09-18T00:50:49.994Z,Y1142678,8173,45.55916,9.19526,33688.1,6.1,8.6,46.5,-43.2,0.3,-1.0,RS41-SG,404.900,7.7,250,10,2.5,,
2026-09-18T00:50:50.994Z,Y1142678,8174,45.55922,9.19534,33693.8,5.2,8.9,38.1,-43.3,0.3,-1.0,RS41-SG,404.900,7.7,250,10,2.6,,
2026-09-18T00:50:51.994Z,Y1142678,8175,45.55928,9.19540,33698.7,4.5,8.9,30.7,-43.3,0.3,-1.0,RS41-SG,404.900,7.5,250,10,2.6,,
2026-09-18T00:50:52.994Z,Y1142678,8176,45.55935,9.19545,33703.4,4.8,8.2,22.9,-43.3,0.3,-1.0,RS41-SG,404.900,7.3,250,10,2.6,,
2026-09-18T00:50:53.994Z,Y1142678,8177,45.55942,9.19548,33708.4,5.2,7.0,15.8,-43.4,0.3,-1.0,RS41-SG,404.900,7.1,250,10,2.5,,
2026-09-18T00:50:59.994Z,Y1142678,8183,45.55961,9.19575,33743.9,5.2,11.4,73.8,-43.6,0.3,-1.0,RS41-SG,404.900,7.2,250,10,2.5,,
2026-09-18T00:51:00.994Z,Y1142678,8184,45.55964,9.19590,33748.2,3.4,14.4,73.7,-43.6,0.3,-1.0,RS41-SG,404.900,7.6,250,10,2.5,,
2026-09-18T00:51:01.994Z,Y1142678,8185,45.55968,9.19609,33751.3,2.7,16.5,72.6,-43.6,0.3,-1.0,RS41-SG,404.900,8.2,250,10,2.5,,
2026-09-18T00:51:02.994Z,Y1142678,8186,45.55973,9.19630,33754.7,4.2,17.1,71.8,-43.6,0.3,-1.0,RS41-SG,404.900,8.2,250,10,2.5,,
2026-09-18T00:51:03.994Z,Y1142678,8187,45.55978,9.19650,33760.1,6.4,15.6,71.2,-43.6,0.3,-1.0,RS41-SG,404.900,7.9,250,10,2.6,,
2026-09-18T00:51:04.994Z,Y1142678,8188,45.55982,9.19667,33766.7,7.0,12.8,70.8,-43.5,0.3,-1.0,RS41-SG,404.900,7.8,250,10,2.6,,
2026-09-18T00:51:05.994Z,Y1142678,8189,45.55985,9.19680,33772.8,5.1,10.0,69.7,-43.5,0.3,-1.0,RS41-SG,404.900,7.8,250,10,2.6,,
2026-09-18T00:51:06.994Z,Y1142678,8190,45.55988,9.19691,33777.3,3.9,7.4,67.4,-43.4,0.3,-1.0,RS41-SG,404.900,8.0,250,10,2.5,,
2026-09-18T00:51:07.994Z,Y1142678,8191,45.55991,9.19698,33781.3,4.3,5.5,59.6,-43.4,0.3,-1.0,RS41-SG,404.900,8.0,250,10,2.5,,
2026-09-18T00:51:08.994Z,Y1142678,8192,45.55993,9.19704,33786.3,5.9,5.0,50.9,-43.3,0.3,-1.0,RS41-SG,404.900,7.9,250,10,2.5,,
2026-09-18T00:51:12.994Z,Y1142678,8196,45.56007,9.19734,33807.8,5.1,10.0,69.3,-43.1,0.3,-1.0,RS41-SG,404.900,7.7,250,10,2.5,,
2026-09-18T00:51:13.994Z,Y1142678,8197,45.56010,9.19747,33813.2,5.8,11.2,77.0,-43.1,0.3,-1.0,RS41-SG,404.900,8.0,250,10,2.5,,
2026-09-18T00:51:14.994Z,Y1142678,8198,45.56012,9.19762,33818.6,5.0,12.2,82.4,-43.1,0.3,-1.0,RS41-SG,404.900,8.0,250,10,2.5,,
2026-09-18T00:51:15.994Z,Y1142678,8199,45.56013,9.19778,33823.5,4.8,13.1,84.4,-43.0,0.3,-1.0,RS41-SG,404.900,8.0,250,10,2.6,,
2026-09-18T00:51:16.994Z,Y1142678,8200,45.56014,9.19795,33828.4,5.0,13.8,83.4,-43.0,0.3,-1.0,RS41-SG,404.900,7.9,250,10,2.6,,
2026-09-18T00:51:17.994Z,Y1142678,8201,45.56016,9.19813,33833.7,5.5,14.3,79.6,-42.9,0.3,-1.0,RS41-SG,404.900,7.0,250,10,2.5,,
2026-09-18T00:51:18.994Z,Y1142678,8202,45.56019,9.19831,33839.2,5.6,14.3,74.4,-42.9,0.3,-1.0,RS41-SG,404.900,7.4,250,10,2.5,,
2026-09-18T00:51:19.994Z,Y1142678,8203,45.56023,9.19848,33844.7,5.5,13.9,69.1,-42.8,0.3,-1.0,RS41-SG,404.900,7.6,250,10,2.5,,
2026-09-18T00:51:20.994Z,Y1142678,8204,45.56027,9.19863,33849.9,4.9,13.0,65.4,-42.8,0.3,-1.0,RS41-SG,404.900,7.8,250,10,2.5,,
2026-09-18T00:51:21.994Z,Y1142678,8205,45.56032,9.19877,33854.8,5.0,11.1,63.4,-42.8,0.3,-1.0,RS41-SG,404.900,7.8,250,10,2.6,,
2026-09-18T00:51:22.994Z,Y1142678,8206,45.56036,9.19888,33860.0,5.3,8.5,65.8,-42.8,0.3,-1.0,RS41-SG,404.900,7.8,250,10,2.6,,
2026-09-18T00:51:23.994Z,Y1142678,8207,45.56038,9.19897,33865.4,5.4,6.0,73.9,-42.8,0.3,-1.0,RS41-SG,404.900,7.8,250,10,2.6,,
2026-09-18T00:51:24.994Z,Y1142678,8208,45.56039,9.19904,33870.1,4.1,4.4,88.5,-42.8,0.3,-1.0,RS41-SG,404.900,7.4,250,10,2.5,,
2026-09-18T00:51:31.994Z,Y1142678,8215,45.56047,9.19971,33904.1,4.3,13.7,71.0,-42.9,0.3,-1.0,RS41-SG,404.900,7.5,250,10,2.5,,
2026-09-18T00:51:32.994Z,Y1142678,8216,45.56051,9.19988,33909.0,5.5,13.6,75.3,-42.9,0.3,-1.0,RS41-SG,404.900,7.8,250,10,2.5,,
2026-09-18T00:51:35.994Z,Y1142678,8219,45.56053,9.20033,33925.3,3.9,10.3,97.4,-43.0,0.3,-1.0,RS41-SG,404.900,6.8,250,10,2.6,,
2026-09-18T00:51:36.994Z,Y1142678,8220,45.56052,9.20046,33929.5,4.4,9.1,102.4,-43.0,0.3,-1.0,RS41-SG,404.900,7.1,250,10,2.6,,
2026-09-18T00:51:37.994Z,Y1142678,8221,45.56050,9.20056,33934.6,5.7,8.0,99.8,-42.9,0.3,-1.0,RS41-SG,404.900,7.2,250,10,2.5,,
2026-09-18T00:51:40.994Z,Y1142678,8224,45.56052,9.20086,33950.5,4.3,8.6,74.6,-42.9,0.3,-1.0,RS41-SG,404.900,7.0,250,10,2.5,,
2026-09-18T00:51:41.994Z,Y1142678,8225,45.56054,9.20097,33954.9,4.6,9.4,72.4,-42.9,0.3,-1.0,RS41-SG,404.900,7.4,250,10,2.6,,
2026-09-18T00:51:42.994Z,Y1142678,8226,45.56056,9.20109,33959.9,5.4,10.1,75.1,-42.9,0.2,-1.0,RS41-SG,404.900,7.4,250,10,2.6,,
2026-09-18T00:51:43.994Z,Y1142678,8227,45.56058,9.20122,33965.6,5.9,10.8,80.1,-42.9,0.3,-1.0,RS41-SG,404.900,7.3,250,10,2.5,,
2026-09-18T00:51:44.994Z,Y1142678,8228,45.56060,9.20136,33971.0,4.8,11.5,83.1,-42.9,0.3,-1.0,RS41-SG,404.900,7.7,250,10,2.5,,
2026-09-18T00:51:45.994Z,Y1142678,8229,45.56061,9.20151,33975.8,4.7,12.1,84.0,-42.9,0.3,-1.0,RS41-SG,404.900,8.0,250,10,2.5,,
2026-09-18T00:51:46.994Z,Y1142678,8230,45.56062,9.20167,33980.7,5.0,12.7,81.4,-42.9,0.3,-1.0,RS41-SG,404.900,8.0,250,10,2.6,,
2026-09-18T00:51:47.994Z,Y1142678,8231,45.56065,9.20183,33986.0,5.6,13.2,76.2,-42.9,0.3,-1.0,RS41-SG,404.900,7.4,250,10,2.6,,
2026-09-18T00:51:48.994Z,Y1142678,8232,45.56068,9.20199,33991.6,5.6,13.5,70.1,-43.0,0.3,-1.0,RS41-SG,404.900,7.5,250,10,2.5,,
2026-09-18T00:51:49.994Z,Y1142678,8233,45.56073,9.20215,33996.7,4.4,13.5,66.1,-43.0,0.3,-1.0,RS41-SG,404.900,7.5,250,10,2.5,,
2026-09-18T00:51:50.994Z,Y1142678,8234,45.56078,9.20231,34001.3,4.6,13.0,64.2,-43.0,0.3,-1.0,RS41-SG,404.900,7.3,250,10,2.5,,
2026-09-18T00:51:51.994Z,Y1142678,8235,45.56082,9.20245,34006.2,5.2,11.7,66.2,-43.0,0.3,-1.0,RS41-SG,404.900,7.3,250,10,2.5,,
2026-09-18T00:51:52.994Z,Y1142678,8236,45.56086,9.20258,34011.4,5.2,10.0,73.2,-43.0,0.3,-1.0,RS41-SG,404.900,7.3,250,10,2.6,,
2026-09-18T00:51:54.994Z,Y1142678,8238,45.56087,9.20280,34022.0,5.1,8.2,97.8,-43.1,0.3,-1.0,RS41-SG,404.900,7.2,250,10,2.6,,
2026-09-18T00:51:58.994Z,Y1142678,8242,45.56084,9.20324,34043.2,6.0,10.3,77.2,-43.1,0.3,-1.0,RS41-SG,404.900,6.9,250,10,2.5,,
2026-09-18T00:51:59.994Z,Y1142678,8243,45.56087,9.20338,34048.5,4.4,11.8,67.7,-43.1,0.3,-1.0,RS41-SG,404.900,7.8,250,10,2.6,,
2026-09-18T00:52:00.994Z,Y1142678,8244,45.56092,9.20352,34052.6,3.7,13.2,62.1,-43.1,0.3,-1.0,RS41-SG,404.900,7.8,250,10,2.6,,
2026-09-18T00:52:01.994Z,Y1142678,8245,45.56098,9.20367,34056.8,4.7,13.9,60.4,-43.1,0.3,-1.0,RS41-SG,404.900,7.8,250,10,2.5,,
2026-09-18T00:52:04.994Z,Y1142678,8248,45.56111,9.20412,34074.2,5.1,11.4,80.4,-43.2,0.3,-1.0,RS41-SG,404.900,6.7,250,10,2.5,,
2026-09-18T00:52:05.994Z,Y1142678,8249,45.56112,9.20427,34078.8,4.1,10.8,89.1,-43.2,0.3,-1.0,RS41-SG,404.900,7.3,250,10,2.6,,
2026-09-18T00:52:06.994Z,Y1142678,8250,45.56111,9.20440,34082.9,4.1,10.4,95.1,-43.2,0.3,-1.0,RS41-SG,404.900,7.5,250,10,2.6,,
2026-09-18T00:52:07.994Z,Y1142678,8251,45.56110,9.20453,34087.4,4.9,9.9,95.6,-43.2,0.3,-1.0,RS41-SG,404.900,7.5,250,10,2.6,,
2026-09-18T00:52:08.994Z,Y1142678,8252,45.56110,9.20465,34092.6,5.6,9.8,90.2,-43.2,0.3,-1.0,RS41-SG,404.900,7.4,250,10,2.5,,
2026-09-18T00:52:09.994Z,Y1142678,8253,45.56111,9.20478,34098.4,6.1,9.9,81.6,-43.3,0.3,-1.0,RS41-SG,404.900,7.6,250,10,2.5,,
2026-09-18T00:52:10.994Z,Y1142678,8254,45.56113,9.20491,34104.3,5.5,10.4,73.0,-43.3,0.3,-1.0,RS41-SG,404.900,8.1,250,10,2.5,,
2026-09-18T00:52:11.994Z,Y1142678,8255,45.56116,9.20503,34109.2,4.3,10.9,67.9,-43.3,0.3,-1.0,RS41-SG,404.900,8.1,250,10,2.5,,
2026-09-18T00:52:12.994Z,Y1142678,8256,45.56120,9.20516,34113.4,4.1,11.1,65.5,-43.3,0.3,-1.0,RS41-SG,404.900,7.9,250,10,2.6,,
2026-09-18T00:52:13.994Z,Y1142678,8257,45.56124,9.20529,34117.8,4.8,10.8,67.2,-43.3,0.3,-1.0,RS41-SG,404.900,7.6,250,10,2.6,,
2026-09-18T00:52:14.994Z,Y1142678,8258,45.56127,9.20541,34122.9,5.4,10.2,73.2,-43.3,0.3,-1.0,RS41-SG,404.900,7.7,250,10,2.5,,
2026-09-18T00:52:15.994Z,Y1142678,8259,45.56129,9.20554,34128.5,5.7,9.7,83.1,-43.3,0.3,-1.0,RS41-SG,404.900,7.7,250,10,2.5,,
2026-09-18T00:52:19.994Z,Y1142678,8263,45.56127,9.20608,34149.2,5.6,12.6,87.0,-43.3,0.3,-1.0,RS41-SG,404.900,6.9,250,10,2.5,,
2026-09-18T00:52:20.994Z,Y1142678,8264,45.56129,9.20625,34155.0,5.9,14.1,78.4,-43.3,0.3,-1.0,RS41-SG,404.900,6.9,250,10,2.5,,
2026-09-18T00:52:21.994Z,Y1142678,8265,45.56133,9.20643,34160.4,4.9,15.4,71.0,-43.3,0.3,-1.0,RS41-SG,404.900,6.9,250,10,2.5,,
2026-09-18T00:52:25.994Z,Y1142678,8269,45.56156,9.20714,34181.0,6.3,13.0,66.6,-43.3,0.3,-1.0,RS41-SG,404.900,7.9,250,10,2.6,,
2026-09-18T00:52:26.994Z,Y1142678,8270,45.56159,9.20729,34186.6,5.0,11.4,71.9,-43.3,0.3,-1.0,RS41-SG,404.900,8.2,250,10,2.5,,
2026-09-18T00:52:28.994Z,Y1142678,8272,45.56163,9.20754,34195.9,5.1,9.7,84.0,-43.3,0.3,-1.0,RS41-SG,404.900,6.9,250,10,2.5,,
2026-09-18T00:52:29.994Z,Y1142678,8273,45.56164,9.20767,34201.5,6.1,10.1,83.8,-43.3,0.3,-1.0,RS41-SG,404.900,7.5,250,10,2.5,,
2026-09-18T00:52:30.994Z,Y1142678,8274,45.56166,9.20780,34207.8,6.5,11.2,79.9,-43.3,0.3,-1.0,RS41-SG,404.900,8.2,250,10,2.6,,
2026-09-18T00:52:31.994Z,Y1142678,8275,45.56168,9.20795,34213.5,4.8,12.3,76.3,-43.4,0.3,-1.0,RS41-SG,404.900,8.2,250,10,2.6,,
2026-09-18T00:52:32.994Z,Y1142678,8276,45.56171,9.20811,34218.1,4.5,13.6,74.0,-43.4,0.3,-1.0,RS41-SG,404.900,8.0,250,10,2.5,,
2026-09-18T00:52:35.994Z,Y1142678,8279,45.56180,9.20864,34234.3,6.0,14.2,78.4,-43.5,0.3,-1.0,RS41-SG,404.900,7.0,250,10,2.6,,
2026-09-18T00:52:36.994Z,Y1142678,8280,45.56183,9.20881,34239.9,5.0,13.9,80.9,-43.5,0.3,-1.0,RS41-SG,404.900,7.5,250,10,2.6,,
2026-09-18T00:52:38.994Z,Y1142678,8282,45.56187,9.20916,34250.1,5.3,14.0,80.4,-43.5,0.3,-1.0,RS41-SG,404.900,6.8,250,10,2.5,,
2026-09-18T00:52:39.994Z,Y1142678,8283,45.56189,9.20934,34255.5,5.7,14.6,77.6,-43.5,0.3,-1.0,RS41-SG,404.900,7.4,250,10,2.5,,
2026-09-18T00:52:40.994Z,Y1142678,8284,45.56192,9.20953,34261.3,5.8,15.1,74.3,-43.5,0.3,-1.0,RS41-SG,404.900,7.7,250,10,2.5,,
2026-09-18T00:52:41.994Z,Y1142678,8285,45.56196,9.20971,34266.9,5.6,15.6,72.5,-43.6,0.3,-1.0,RS41-SG,404.900,7.7,250,10,2.6,,
2026-09-18T00:52:42.994Z,Y1142678,8286,45.56200,9.20990,34272.1,5.1,15.7,73.1,-43.6,0.3,-1.0,RS41-SG,404.900,7.0,250,10,2.6,,
2026-09-18T00:52:43.994Z,Y1142678,8287,45.56204,9.21009,34277.3,5.2,15.3,76.1,-43.5,0.3,-1.0,RS41-SG,404.900,7.1,250,10,2.6,,
2026-09-18T00:52:44.994Z,Y1142678,8288,45.56207,9.21028,34282.7,5.6,14.5,81.3,-43.5,0.3,-1.0,RS41-SG,404.900,7.4,250,10,2.5,,
2026-09-18T00:52:45.994Z,Y1142678,8289,45.56208,9.21046,34288.5,5.8,13.5,88.6,-43.5,0.3,-1.0,RS41-SG,404.900,7.9,250,10,2.5,,
2026-09-18T00:52:46.994Z,Y1142678,8290,45.56207,9.21063,34294.0,5.3,12.6,94.4,-43.5,0.3,-1.0,RS41-SG,404.900,7.9,250,10,2.5,,
2026-09-18T00:52:47.994Z,Y1142678,8291,45.56206,9.21078,34299.2,5.2,11.7,96.8,-43.5,0.3,-1.0,RS41-SG,404.900,7.6,250,10,2.5,,
2026-09-18T00:52:48.994Z,Y1142678,8292,45.56206,9.21093,34304.7,5.8,11.1,92.8,-43.5,0.3,-1.0,RS41-SG,404.900,8.3,250,10,2.6,,
2026-09-18T00:52:52.994Z,Y1142678,8296,45.56219,9.21155,34328.4,4.6,16.4,61.6,-43.6,0.3,-1.0,RS41-SG,404.900,7.4,250,10,2.5,,
2026-09-18T00:52:53.994Z,Y1142678,8297,45.56226,9.21175,34333.2,5.2,17.8,62.2,-43.6,0.3,-1.0,RS41-SG,404.900,7.7,250,10,2.6,,
2026-09-18T00:52:55.994Z,Y1142678,8299,45.56239,9.21217,34345.6,6.7,18.4,72.9,-43.6,0.3,-1.0,RS41-SG,404.900,7.3,250,10,2.5,,
2026-09-18T00:52:57.994Z,Y1142678,8301,45.56245,9.21263,34356.1,4.2,18.1,84.9,-43.7,0.3,-1.0,RS41-SG,404.900,7.0,250,10,2.5,,
2026-09-18T00:52:58.994Z,Y1142678,8302,45.56246,9.21286,34360.7,4.9,18.1,88.1,-43.7,0.3,-1.0,RS41-SG,404.900,7.9,250,10,2.5,,
2026-09-18T00:52:59.994Z,Y1142678,8303,45.56247,9.21309,34366.1,5.9,18.0,87.9,-43.6,0.3,-1.0,RS41-SG,404.900,7.9,250,10,2.6,,
2026-09-18T00:53:01.994Z,Y1142678,8305,45.56250,9.21354,34378.2,5.9,17.8,80.2,-43.6,0.3,-1.0,RS41-SG,404.900,6.8,250,10,2.6,,
2026-09-18T00:53:02.994Z,Y1142678,8306,45.56253,9.21376,34383.9,5.3,17.6,76.1,-43.5,0.3,-1.0,RS41-SG,404.900,6.7,250,10,2.5,,
2026-09-18T00:53:03.994Z,Y1142678,8307,45.56257,9.21398,34390.4,8.5,17.4,72.1,-43.5,0.3,-1.0,RS41-SG,404.900,6.9,250,10,2.5,,
2026-09-18T00:53:04.994Z,Y1142678,8308,45.56262,9.21419,34394.6,-0.9,17.3,71.9,-43.5,0.3,-1.0,RS41-SG,404.900,7.4,250,10,2.5,,
2026-09-18T00:53:06.994Z,Y1142678,8310,45.56272,9.21461,34374.5,-19.4,17.1,71.7,-43.5,0.3,-1.0,RS41-SG,404.900,7.8,250,10,2.6,,
2026-09-18T00:53:07.994Z,Y1142678,8311,45.56277,9.21481,34350.7,-28.1,17.2,71.4,-43.4,0.3,-1.0,RS41-SG,404.900,8.2,250,10,2.6,,
2026-09-18T00:53:10.994Z,Y1142678,8314,45.56288,9.21539,34260.3,-14.5,9.8,90.6,-43.3,0.3,-1.0,RS41-SG,404.900,7.3,250,10,2.5,,
2026-09-18T00:53:17.994Z,Y1142678,8321,45.56296,9.21639,34127.4,-22.0,15.8,71.8,-43.0,0.2,-1.0,RS41-SG,404.900,7.5,250,10,2.6,,
2026-09-18T00:53:19.994Z,Y1142678,8323,45.56307,9.21676,34082.3,-21.9,15.8,65.0,-42.8,0.3,-1.0,RS41-SG,404.900,6.6,250,9,2.6,,
2026-09-18T00:53:20.994Z,Y1142678,8324,45.56313,9.21694,34058.2,-26.1,15.5,64.0,-42.8,0.3,-1.0,RS41-SG,404.900,7.7,250,10,2.5,,
2026-09-18T00:53:21.994Z,Y1142678,8325,45.56318,9.21711,34032.3,-25.7,14.4,65.8,-42.7,0.3,-1.0,RS41-SG,404.900,7.7,250,10,2.5,,
2026-09-18T00:53:22.994Z,Y1142678,8326,45.56323,9.21727,34006.6,-24.9,12.3,70.4,-42.6,0.3,-1.0,RS41-SG,404.900,7.2,250,10,2.5,,
2026-09-18T00:53:23.994Z,Y1142678,8327,45.56326,9.21741,33980.4,-28.0,11.1,74.4,-42.5,0.3,-1.0,RS41-SG,404.900,7.2,250,10,2.5,,
2026-09-18T00:53:24.994Z,Y1142678,8328,45.56328,9.21754,33951.1,-30.7,10.4,76.3,-42.4,0.2,-1.0,RS41-SG,404.900,7.9,250,10,2.6,,
2026-09-18T00:53:25.994Z,Y1142678,8329,45.56330,9.21767,33920.4,-30.6,9.3,85.5,-42.2,0.2,-1.0,RS41-SG,404.900,7.9,250,10,2.6,,
2026-09-18T00:53:26.994Z,Y1142678,8330,45.56330,9.21778,33893.0,-24.2,8.8,94.9,-42.1,0.2,-1.0,RS41-SG,404.900,7.2,250,9,2.5,,
2026-09-18T00:53:28.994Z,Y1142678,8332,45.56328,9.21801,33845.7,-20.0,10.2,88.4,-42.1,0.2,-1.0,RS41-SG,404.900,7.5,250,9,2.5,,
2026-09-18T00:53:29.994Z,Y1142678,8333,45.56329,9.21815,33823.5,-24.4,11.4,85.7,-42.0,0.2,-1.0,RS41-SG,404.900,7.5,250,10,2.6,,
2026-09-18T00:53:30.994Z,Y1142678,8334,45.56330,9.21831,33799.2,-23.9,13.1,82.2,-42.0,0.2,-1.0,RS41-SG,404.900,8.1,250,10,2.6,,
2026-09-18T00:53:31.994Z,Y1142678,8335,45.56332,9.21847,33773.2,-27.5,13.2,76.5,-41.9,0.2,-1.0,RS41-SG,404.900,8.1,250,10,2.5,,
2026-09-18T00:53:32.994Z,Y1142678,8336,45.56335,9.21864,33744.5,-29.3,14.3,74.4,-41.8,0.2,-1.0,RS41-SG,404.900,8.3,250,10,2.5,,
2026-09-18T00:53:33.994Z,Y1142678,8337,45.56339,9.21881,33715.9,-27.9,14.2,72.8,-41.7,0.2,-1.0,RS41-SG,404.900,8.3,250,10,2.5,,
2026-09-18T00:53:34.994Z,Y1142678,8338,45.56343,9.21898,33687.5,-29.0,14.3,68.2,-41.8,0.2,-1.0,RS41-SG,404.900,8.3,250,9,2.5,,
2026-09-18T00:53:35.994Z,Y1142678,8339,45.56349,9.21914,33657.8,-30.2,13.8,62.5,-41.8,0.2,-1.0,RS41-SG,404.900,8.1,250,9,2.6,,
2026-09-18T00:53:36.994Z,Y1142678,8340,45.56354,9.21930,33628.1,-29.2,13.4,62.9,-41.9,0.2,-1.0,RS41-SG,404.900,8.3,250,9,2.6,,
2026-09-18T00:53:37.994Z,Y1142678,8341,45.56360,9.21944,33596.9,-33.1,13.0,59.0,-41.9,0.2,-1.0,RS41-SG,404.900,8.6,250,9,2.6,,
2026-09-18T00:53:38.994Z,Y1142678,8342,45.56366,9.21957,33563.9,-32.5,11.8,53.2,-41.8,0.2,-1.0,RS41-SG,404.900,8.6,250,9,2.5,,
2026-09-18T00:53:39.994Z,Y1142678,8343,45.56372,9.21969,33530.5,-34.0,10.5,52.1,-41.7,0.2,-1.0,RS41-SG,404.900,8.5,250,9,2.5,,
2026-09-18T00:53:40.994Z,Y1142678,8344,45.56378,9.21979,33495.5,-36.3,10.1,47.8,-41.5,0.2,-1.0,RS41-SG,404.900,8.5,250,9,2.5,,
2026-09-18T00:53:41.994Z,Y1142678,8345,45.56384,9.21988,33457.6,-39.0,9.3,46.3,-41.2,0.2,-1.0,RS41-SG,404.900,8.8,250,10,2.5,,
2026-09-18T00:53:42.994Z,Y1142678,8346,45.56390,9.21995,33417.6,-41.2,8.8,39.9,-40.8,0.2,-1.0,RS41-SG,404.900,8.8,250,10,2.6,,
2026-09-18T00:53:43.994Z,Y1142678,8347,45.56395,9.22001,33380.1,-34.1,6.8,32.4,-40.7,0.2,-1.0,RS41-SG,404.900,8.5,250,9,2.6,,
2026-09-18T00:53:44.994Z,Y1142678,8348,45.56401,9.22006,33350.5,-26.4,6.8,25.1,-40.6,0.2,-1.0,RS41-SG,404.900,8.5,250,7,2.5,,
2026-09-18T00:53:45.994Z,Y1142678,8349,45.56406,9.22008,33325.7,-24.1,5.4,19.4,-40.6,0.2,-1.0,RS41-SG,404.900,8.3,250,7,2.5,,
2026-09-18T00:53:46.994Z,Y1142678,8350,45.56410,9.22010,33301.5,-25.1,3.9,17.8,-40.6,0.2,-1.0,RS41-SG,404.900,8.3,250,7,2.5,,
2026-09-18T00:53:47.994Z,Y1142678,8351,45.56413,9.22012,33274.8,-29.6,4.0,10.0,-40.7,0.2,-1.0,RS41-SG,404.900,8.3,250,10,2.6,,
2026-09-18T00:53:48.994Z,Y1142678,8352,45.56416,9.22012,33243.9,-32.3,3.5,8.4,-40.9,0.2,-1.0,RS41-SG,404.900,8.3,250,9,2.6,,
2026-09-18T00:53:49.994Z,Y1142678,8353,45.56420,9.22012,33215.1,-26.1,3.6,359.3,-41.0,0.2,-1.0,RS41-SG,404.900,8.1,250,7,2.5,,
2026-09-18T00:53:50.994Z,Y1142678,8354,45.56422,9.22013,33189.5,-25.7,2.6,8.1,-41.1,0.2,-1.0,RS41-SG,404.900,8.8,250,9,2.5,,
2026-09-18T00:53:51.994Z,Y1142678,8355,45.56424,9.22013,33161.9,-30.3,1.8,3.2,-41.1,0.2,-1.0,RS41-SG,404.900,8.8,250,8,2.5,,
2026-09-18T00:53:52.994Z,Y1142678,8356,45.56426,9.22013,33131.0,-31.8,1.6,354.5,-41.5,0.2,-1.0,RS41-SG,404.900,8.4,250,9,2.5,,
2026-09-18T00:53:53.994Z,Y1142678,8357,45.56426,9.22012,33098.0,-33.7,0.3,241.0,-42.1,0.2,-1.0,RS41-SG,404.900,8.4,250,8,2.6,,
2026-09-18T00:53:54.994Z,Y1142678,8358,45.56426,9.22012,33063.4,-36.1,0.6,174.7,-42.6,0.2,-1.0,RS41-SG,404.900,8.9,250,9,2.6,,
2026-09-18T00:53:55.994Z,Y1142678,8359,45.56424,9.22013,33026.9,-37.5,2.8,160.2,-42.9,0.3,-1.0,RS41-SG,404.900,9.4,250,8,2.6,,
2026-09-18T00:53:57.994Z,Y1142678,8361,45.56419,9.22016,32950.9,-37.5,4.3,154.4,-42.9,0.3,-1.0,RS41-SG,404.900,8.9,250,7,2.5,,
2026-09-18T00:53:58.994Z,Y1142678,8362,45.56415,9.22019,32913.7,-36.3,4.9,149.8,-42.9,0.3,-1.0,RS41-SG,404.900,8.9,250,8,2.5,,
2026-09-18T00:53:59.994Z,Y1142678,8363,45.56411,9.22023,32878.3,-34.4,5.2,138.0,-42.9,0.3,-1.0,RS41-SG,404.900,9.5,250,9,2.5,,
2026-09-18T00:54:00.994Z,Y1142678,8364,45.56408,9.22027,32844.1,-34.3,5.0,134.6,-42.8,0.3,-1.0,RS41-SG,404.900,9.7,250,9,2.6,08:29:34,
2026-09-18T00:54:01.994Z,Y1142678,8365,45.56405,9.22032,32810.6,-32.6,3.9,126.5,-42.8,0.3,-1.0,RS41-SG,404.900,9.7,250,8,2.6,08:29:34,
2026-09-18T00:54:02.994Z,Y1142678,8366,45.56404,9.22035,32777.2,-34.1,3.0,111.2,-42.8,0.3,-1.0,RS41-SG,404.900,9.5,250,9,2.5,08:29:34,
2026-09-18T00:54:03.994Z,Y1142678,8367,45.56403,9.22039,32742.1,-36.0,3.0,93.8,-42.7,0.3,-1.0,RS41-SG,404.900,9.5,250,10,2.5,08:29:34,
2026-09-18T00:54:04.994Z,Y1142678,8368,45.56404,9.22042,32707.3,-33.8,2.2,59.1,-43.0,0.3,-1.0,RS41-SG,404.900,9.3,250,9,2.5,08:29:34,
2026-09-18T00:54:05.994Z,Y1142678,8369,45.56404,9.22045,32673.2,-34.6,2.1,61.9,-43.2,0.3,-1.0,RS41-SG,404.900,9.4,250,9,2.6,08:29:34,
2026-09-18T00:54:06.994Z,Y1142678,8370,45.56405,9.22048,32639.1,-33.8,2.8,58.9,-43.2,0.3,-1.0,RS41-SG,404.900,9.5,250,10,2.6,08:29:34,
2026-09-18T00:54:07.994Z,Y1142678,8371,45.56406,9.22051,32608.8,-27.5,2.8,94.3,-43.3,0.3,-1.0,RS41-SG,404.900,9.5,250,10,2.5,08:29:34,
2026-09-18T00:54:08.994Z,Y1142678,8372,45.56405,9.22054,32582.2,-26.5,3.3,124.4,-43.3,0.3,-1.0,RS41-SG,404.900,9.5,250,7,2.5,08:29:34,
2026-09-18T00:54:09.994Z,Y1142678,8373,45.56403,9.22059,32555.0,-26.9,5.1,134.8,-43.2,0.3,-1.0,RS41-SG,404.900,9.4,250,9,2.5,08:29:34,
2026-09-18T00:54:10.994Z,Y1142678,8374,45.56399,9.22064,32527.3,-28.7,7.2,134.4,-43.1,0.3,-1.0,RS41-SG,404.900,9.8,250,10,2.6,08:29:34,
2026-09-18T00:54:11.994Z,Y1142678,8375,45.56394,9.22071,32497.7,-30.5,7.9,130.4,-43.0,0.3,-1.0,RS41-SG,404.900,9.8,250,10,2.6,08:29:34,
2026-09-18T00:54:12.994Z,Y1142678,8376,45.56390,9.22078,32465.1,-35.0,7.4,132.3,-43.0,0.3,-1.0,RS41-SG,404.900,9.6,250,9,2.5,08:29:34,
2026-09-18T00:54:13.994Z,Y1142678,8377,45.56385,9.22086,32430.6,-33.9,7.6,131.9,-43.2,0.3,-1.0,RS41-SG,404.900,9.7,250,10,2.5,08:29:34,
2026-09-18T00:54:14.994Z,Y1142678,8378,45.56381,9.22093,32395.8,-35.6,7.0,129.5,-43.5,0.3,-1.0,RS41-SG,404.900,9.7,250,9,2.5,08:29:34,
2026-09-18T00:54:15.994Z,Y1142678,8379,45.56377,9.22099,32361.1,-34.2,5.5,132.3,-43.7,0.3,-1.0,RS41-SG,404.900,9.8,250,10,2.5,08:29:34,
2026-09-18T00:54:16.994Z,Y1142678,8380,45.56374,9.22103,32324.4,-38.7,5.2,140.8,-43.8,0.3,-1.0,RS41-SG,404.900,9.8,250,9,2.6,08:29:34,
2026-09-18T00:54:17.994Z,Y1142678,8381,45.56370,9.22107,32284.2,-42.0,4.6,143.9,-43.8,0.3,-1.0,RS41-SG,404.900,9.7,250,9,2.6,08:29:34,
2026-09-18T00:54:18.994Z,Y1142678,8382,45.56367,9.22110,32241.8,-43.4,4.0,155.5,-43.6,0.3,-1.0,RS41-SG,404.900,9.7,250,10,2.6,08:29:34,
2026-09-18T00:54:19.994Z,Y1142678,8383,45.56363,9.22111,32199.5,-41.5,4.2,180.0,-43.6,0.3,-1.0,RS41-SG,404.900,9.7,250,8,2.5,08:29:34,
2026-09-18T00:54:20.994Z,Y1142678,8384,45.56359,9.22110,32158.4,-41.0,4.5,197.0,-43.6,0.3,-1.0,RS41-SG,404.900,9.3,250,9,2.5,08:29:34,
2026-09-18T00:54:21.994Z,Y1142678,8385,45.56355,9.22107,32120.0,-35.8,5.9,211.0,-43.8,0.3,-1.0,RS41-SG,404.900,9.4,250,8,2.5,08:29:34,
2026-09-18T00:54:22.994Z,Y1142678,8386,45.56350,9.22103,32084.1,-36.1,7.0,208.4,-43.9,0.3,-1.0,RS41-SG,404.900,9.4,250,9,2.5,08:29:34,
2026-09-18T00:54:23.994Z,Y1142678,8387,45.56345,9.22099,32051.7,-28.7,7.6,203.9,-44.0,0.3,-1.0,RS41-SG,404.900,9.4,250,8,2.6,08:29:34,
2026-09-18T00:54:24.994Z,Y1142678,8388,45.56338,9.22096,32023.1,-29.1,7.7,196.4,-44.1,0.3,-1.0,RS41-SG,404.900,9.5,250,9,2.6,08:29:34,
2026-09-18T00:54:25.994Z,Y1142678,8389,45.56332,9.22093,31994.0,-30.2,7.0,191.8,-44.2,0.3,-1.0,RS41-SG,404.900,9.5,250,8,2.5,08:29:34,
2026-09-18T00:54:26.994Z,Y1142678,8390,45.56326,9.22092,31963.8,-31.2,6.2,185.4,-44.2,0.3,-1.0,RS41-SG,404.900,9.7,250,9,2.5,08:29:34,
2026-09-18T00:54:27.994Z,Y1142678,8391,45.56321,9.22092,31935.9,-24.6,5.3,168.0,-44.4,0.3,-1.0,RS41-SG,404.900,9.7,250,7,2.5,08:29:34,
2026-09-18T00:54:28.994Z,Y1142678,8392,45.56317,9.22095,31909.8,-26.8,5.6,156.7,-44.6,0.3,-1.0,RS41-SG,404.900,9.4,250,9,2.6,08:29:34,
2026-09-18T00:54:29.994Z,Y1142678,8393,45.56312,9.22098,31882.0,-29.1,5.7,142.5,-44.7,0.3,-1.0,RS41-SG,404.900,9.4,250,8,2.6,08:29:34,
2026-09-18T00:54:30.994Z,Y1142678,8394,45.56308,9.22103,31851.7,-31.9,5.5,142.9,-44.8,0.3,-1.0,RS41-SG,404.900,9.9,250,8,2.5,08:29:34,
2026-09-18T00:54:31.994Z,Y1142678,8395,45.56305,9.22107,31819.2,-33.4,5.6,137.6,-44.8,0.3,-1.0,RS41-SG,404.900,10.3,250,10,2.5,08:29:34,
2026-09-18T00:54:32.994Z,Y1142678,8396,45.56301,9.22112,31785.5,-34.3,5.0,142.7,-44.8,0.3,-1.0,RS41-SG,404.900,10.3,250,9,2.5,08:29:34,
2026-09-18T00:54:33.994Z,Y1142678,8397,45.56297,9.22116,31751.6,-34.1,5.5,146.4,-44.8,0.3,-1.0,RS41-SG,404.900,9.8,250,8,2.6,08:29:34,
2026-09-18T00:54:34.994Z,Y1142678,8398,45.56293,9.22120,31717.6,-33.8,6.4,156.2,-44.9,0.3,-1.0,RS41-SG,404.900,9.8,250,9,2.6,08:29:34,
2026-09-18T00:54:35.994Z,Y1142678,8399,45.56287,9.22123,31683.0,-35.6,7.6,156.3,-45.0,0.3,-1.0,RS41-SG,404.900,9.8,250,10,2.5,08:29:34,
2026-09-18T00:54:36.994Z,Y1142678,8400,45.56280,9.22128,31647.6,-35.5,8.7,155.0,-45.1,0.3,-1.0,RS41-SG,404.900,10.4,250,10,2.5,08:29:34,
2026-09-18T00:54:37.994Z,Y1142678,8401,45.56273,9.22133,31611.6,-37.5,9.4,154.0,-45.1,0.3,-1.0,RS41-SG,404.900,10.4,250,9,2.5,08:29:34,
2026-09-18T00:54:38.994Z,Y1142678,8402,45.56265,9.22138,31572.4,-40.3,10.2,155.6,-45.2,0.3,-1.0,RS41-SG,404.900,9.5,250,9,2.5,08:29:34,
2026-09-18T00:54:39.994Z,Y1142678,8403,45.56256,9.22146,31534.6,-35.9,12.7,147.5,-45.4,0.3,-1.0,RS41-SG,404.900,9.5,250,9,2.6,08:29:34,
2026-09-18T00:54:40.994Z,Y1142678,8404,45.56246,9.22155,31499.5,-34.0,13.4,145.3,-45.7,0.3,-1.0,RS41-SG,404.900,9.2,250,10,2.6,08:29:34,
2026-09-18T00:54:41.994Z,Y1142678,8405,45.56237,9.22166,31464.6,-36.4,14.3,139.7,-46.0,0.4,-1.0,RS41-SG,404.900,9.2,250,8,2.6,08:29:34,
2026-09-18T00:54:42.994Z,Y1142678,8406,45.56227,9.22178,31429.8,-33.7,14.5,137.6,-46.2,0.3,-1.0,RS41-SG,404.900,8.8,250,10,2.5,08:29:34,
2026-09-18T00:54:43.994Z,Y1142678,8407,45.56218,9.22191,31397.2,-31.4,15.5,133.5,-46.3,0.4,-1.0,RS41-SG,404.900,9.0,250,9,2.5,08:29:34,
2026-09-18T00:54:44.994Z,Y1142678,8408,45.56208,9.22206,31366.2,-31.2,15.5,133.0,-46.3,0.4,-1.0,RS41-SG,404.900,9.4,250,10,2.5,08:29:34,
2026-09-18T00:54:45.994Z,Y1142678,8409,45.56199,9.22221,31334.4,-32.6,15.8,131.0,-46.3,0.4,-1.0,RS41-SG,404.900,9.4,250,10,2.5,08:29:34,
2026-09-18T00:54:46.994Z,Y1142678,8410,45.56190,9.22236,31300.6,-35.8,15.8,131.0,-46.1,0.4,-1.0,RS41-SG,404.900,9.3,250,9,2.6,08:29:34,
2026-09-18T00:54:47.994Z,Y1142678,8411,45.56180,9.22252,31266.7,-32.4,16.6,127.5,-46.0,0.4,-1.0,RS41-SG,404.900,9.3,250,9,2.6,08:29:34,
2026-09-18T00:54:48.994Z,Y1142678,8412,45.56172,9.22269,31233.1,-35.1,16.0,127.3,-46.0,0.4,-1.0,RS41-SG,404.900,9.2,250,10,2.5,08:29:34,
2026-09-18T00:54:49.994Z,Y1142678,8413,45.56163,9.22285,31198.9,-33.3,16.0,126.8,-46.2,0.4,-1.0,RS41-SG,404.900,9.0,250,9,2.5,08:29:34,
2026-09-18T00:54:50.994Z,Y1142678,8414,45.56155,9.22302,31165.5,-33.6,15.4,124.4,-46.7,0.4,-1.0,RS41-SG,404.900,9.3,250,10,2.5,08:29:34,
2026-09-18T00:54:51.994Z,Y1142678,8415,45.56147,9.22317,31131.7,-34.1,14.4,123.9,-47.3,0.4,-1.0,RS41-SG,404.900,9.5,250,8,2.6,08:28:43,
2026-09-18T00:54:52.994Z,Y1142678,8416,45.56141,9.22332,31097.6,-33.9,12.5,121.0,-48.0,0.4,-1.0,RS41-SG,404.900,9.6,250,8,2.6,08:28:43,
2026-09-18T00:54:53.994Z,Y1142678,8417,45.56136,9.22345,31063.8,-34.2,10.3,119.9,-48.4,0.4,-1.0,RS41-SG,404.900,9.6,250,9,2.5,08:28:43,
2026-09-18T00:54:54.994Z,Y1142678,8418,45.56132,9.22355,31031.2,-31.9,7.4,114.5,-48.8,0.4,-1.0,RS41-SG,404.900,9.6,250,9,2.5,08:28:43,
2026-09-18T00:54:55.994Z,Y1142678,8419,45.56130,9.22362,30999.8,-30.5,5.8,116.7,-49.1,0.5,-1.0,RS41-SG,404.900,9.8,250,9,2.5,08:28:43,
2026-09-18T00:54:56.994Z,Y1142678,8420,45.56128,9.22368,30968.1,-33.3,4.7,111.0,-49.3,0.5,-1.0,RS41-SG,404.900,9.8,250,9,2.6,08:28:43,
2026-09-18T00:54:57.994Z,Y1142678,8421,45.56127,9.22373,30935.8,-31.7,3.2,108.0,-49.5,0.5,-1.0,RS41-SG,404.900,9.3,250,8,2.6,08:28:43,
2026-09-18T00:54:58.994Z,Y1142678,8422,45.56126,9.22376,30906.1,-28.3,2.3,105.1,-49.6,0.5,-1.0,RS41-SG,404.900,8.8,250,7,2.5,08:28:43,
2026-09-18T00:54:59.994Z,Y1142678,8423,45.56125,9.22380,30876.7,-30.6,3.0,120.1,-49.8,0.5,-1.0,RS41-SG,404.900,8.2,250,7,2.5,08:28:43,
2026-09-18T00:55:00.994Z,Y1142678,8424,45.56124,9.22383,30846.9,-30.3,3.2,133.9,-49.9,0.5,-1.0,RS41-SG,404.900,8.2,250,10,2.5,08:28:43,
2026-09-18T00:55:01.994Z,Y1142678,8425,45.56120,9.22386,30816.3,-31.1,5.1,152.3,-50.0,0.5,-1.0,RS41-SG,404.900,8.3,250,8,2.5,08:28:43,
2026-09-18T00:55:02.994Z,Y1142678,8426,45.56116,9.22389,30786.0,-29.5,5.9,155.3,-50.1,0.5,-1.0,RS41-SG,404.900,8.8,250,9,2.6,08:28:43,
2026-09-18T00:55:03.994Z,Y1142678,8427,45.56111,9.22392,30755.1,-31.0,7.4,153.5,-50.2,0.5,-1.0,RS41-SG,404.900,8.8,250,10,2.6,08:28:43,
2026-09-18T00:55:04.994Z,Y1142678,8428,45.56105,9.22396,30722.8,-33.7,7.5,159.1,-50.2,0.5,-1.0,RS41-SG,404.900,8.8,250,9,2.6,08:28:43,
2026-09-18T00:55:06.994Z,Y1142678,8430,45.56092,9.22404,30654.1,-33.0,7.7,155.6,-50.1,0.5,-1.0,RS41-SG,404.900,8.7,250,10,2.5,08:28:43,
2026-09-18T00:55:07.994Z,Y1142678,8431,45.56086,9.22407,30622.7,-29.7,6.8,156.0,-50.2,0.5,-1.0,RS41-SG,404.900,9.3,250,8,2.5,08:28:43,
2026-09-18T00:55:08.994Z,Y1142678,8432,45.56080,9.22411,30593.0,-29.9,6.5,155.9,-50.2,0.5,-1.0,RS41-SG,404.900,9.3,250,9,2.5,08:28:43,
2026-09-18T00:55:09.994Z,Y1142678,8433,45.56076,9.22414,30563.9,-28.4,4.6,151.7,-50.2,0.5,-1.0,RS41-SG,404.900,8.8,250,8,2.6,08:28:43,
2026-09-18T00:55:10.994Z,Y1142678,8434,45.56073,9.22417,30534.8,-29.8,4.5,139.7,-50.1,0.5,-1.0,RS41-SG,404.900,8.8,250,9,2.6,08:28:43,
2026-09-18T00:55:11.994Z,Y1142678,8435,45.56070,9.22421,30505.7,-29.0,4.0,128.9,-50.1,0.5,-1.0,RS41-SG,404.900,8.3,250,8,2.5,08:28:43,
2026-09-18T00:55:12.994Z,Y1142678,8436,45.56068,9.22425,30477.5,-27.7,3.8,125.8,-50.0,0.5,-1.0,RS41-SG,404.900,8.2,250,9,2.5,08:28:43,
2026-09-18T00:55:13.994Z,Y1142678,8437,45.56066,9.22430,30449.7,-28.0,4.5,121.9,-50.0,0.5,-1.0,RS41-SG,404.900,7.4,250,8,2.5,08:28:43,
2026-09-18T00:55:14.994Z,Y1142678,8438,45.56063,9.22435,30422.4,-26.4,5.6,128.8,-49.9,0.5,-1.0,RS41-SG,404.900,7.7,250,8,2.6,08:28:43,
2026-09-18T00:55:15.994Z,Y1142678,8439,45.56060,9.22441,30395.1,-28.3,6.1,128.2,-49.9,0.5,-1.0,RS41-SG,404.900,7.8,250,10,2.6,08:28:43,
2026-09-18T00:55:16.994Z,Y1142678,8440,45.56056,9.22446,30364.9,-30.3,5.2,137.8,-49.8,0.5,-1.0,RS41-SG,404.900,7.8,250,10,2.5,08:28:43,
2026-09-18T00:55:17.994Z,Y1142678,8441,45.56053,9.22451,30337.0,-28.0,6.9,135.1,-49.7,0.5,-1.0,RS41-SG,404.900,7.2,250,8,2.5,08:28:43,
2026-09-18T00:55:18.994Z,Y1142678,8442,45.56047,9.22458,30308.7,-29.2,8.5,140.3,-49.7,0.5,-1.0,RS41-SG,404.900,7.8,250,8,2.5,08:28:43,
2026-09-18T00:55:19.994Z,Y1142678,8443,45.56041,9.22465,30278.6,-31.2,9.4,141.3,-49.6,0.5,-1.0,RS41-SG,404.900,8.3,250,9,2.6,08:28:43,
2026-09-18T00:55:20.994Z,Y1142678,8444,45.56035,9.22473,30248.8,-28.8,9.4,141.9,-49.5,0.4,-1.0,RS41-SG,404.900,8.3,250,10,2.6,08:28:43,
2026-09-18T00:55:21.994Z,Y1142678,8445,45.56029,9.22480,30219.4,-31.0,9.1,136.5,-49.4,0.4,-1.0,RS41-SG,404.900,8.2,250,10,2.5,08:28:43,
2026-09-18T00:55:22.994Z,Y1142678,8446,45.56022,9.22489,30189.9,-28.3,10.1,132.9,-49.4,0.4,-1.0,RS41-SG,404.900,8.5,250,8,2.5,08:28:43,
2026-09-18T00:55:23.994Z,Y1142678,8447,45.56017,9.22500,30163.0,-25.8,10.1,119.5,-49.5,0.4,-1.0,RS41-SG,404.900,8.5,250,8,2.5,08:28:43,
2026-09-18T00:55:24.994Z,Y1142678,8448,45.56013,9.22511,30137.4,-25.7,9.9,117.9,-49.7,0.5,-1.0,RS41-SG,404.900,7.9,250,10,2.6,08:28:43,
2026-09-18T00:55:25.994Z,Y1142678,8449,45.56009,9.22522,30111.0,-27.3,10.0,113.7,-49.6,0.4,-1.0,RS41-SG,404.900,8.2,250,9,2.6,08:28:43,
2026-09-18T00:55:26.994Z,Y1142678,8450,45.56006,9.22534,30084.8,-25.4,10.4,104.7,-49.6,0.4,-1.0,RS41-SG,404.900,8.2,250,9,2.5,08:28:43,
2026-09-18T00:55:27.994Z,Y1142678,8451,45.56004,9.22547,30058.4,-27.9,9.8,104.6,-49.6,0.4,-1.0,RS41-SG,404.900,8.2,250,10,2.5,08:28:43,
2026-09-18T00:55:28.994Z,Y1142678,8452,45.56002,9.22559,30030.6,-28.0,10.1,105.8,-49.7,0.4,-1.0,RS41-SG,404.900,8.6,250,9,2.5,08:28:43,
2026-09-18T00:55:29.994Z,Y1142678,8453,45.55999,9.22572,30002.2,-29.0,10.5,105.9,-49.9,0.5,-1.0,RS41-SG,404.900,8.6,250,9,2.5,08:28:43,
2026-09-18T00:55:30.994Z,Y1142678,8454,45.55997,9.22584,29974.1,-27.7,10.1,104.1,-49.9,0.4,-1.0,RS41-SG,404.900,8.5,250,9,2.6,08:28:43,
2026-09-18T00:55:31.994Z,Y1142678,8455,45.55995,9.22596,29945.6,-29.3,9.2,105.9,-49.9,0.5,-1.0,RS41-SG,404.900,7.7,250,9,2.6,08:28:43,
2026-09-18T00:55:32.994Z,Y1142678,8456,45.55992,9.22607,29915.3,-31.2,9.3,111.7,-50.0,0.5,-1.0,RS41-SG,404.900,7.9,250,8,2.6,08:28:43,
2026-09-18T00:55:33.994Z,Y1142678,8457,45.55989,9.22618,29885.5,-28.4,9.1,108.8,-50.3,0.5,-1.0,RS41-SG,404.900,7.9,250,7,2.5,08:28:43,
2026-09-18T00:55:34.994Z,Y1142678,8458,45.55987,9.22629,29858.3,-26.2,8.3,112.8,-50.5,0.5,-1.0,RS41-SG,404.900,7.7,250,9,2.5,08:28:43,
2026-09-18T00:55:36.994Z,Y1142678,8460,45.55982,9.22648,29806.6,-26.3,7.6,109.8,-51.0,0.5,-1.0,RS41-SG,404.900,7.3,250,8,2.5,08:28:43,
2026-09-18T00:55:37.994Z,Y1142678,8461,45.55980,9.22657,29780.3,-27.0,7.0,106.1,-51.0,0.5,-1.0,RS41-SG,404.900,7.3,250,9,2.6,08:28:43,
2026-09-18T00:55:40.994Z,Y1142678,8464,45.55978,9.22680,29701.4,-27.4,4.8,86.3,-51.3,0.5,-1.0,RS41-SG,404.900,6.6,250,8,2.5,08:28:43,
2026-09-18T00:55:42.994Z,Y1142678,8466,45.55979,9.22691,29649.0,-25.6,3.3,81.2,-51.7,0.5,-1.0,RS41-SG,404.900,7.1,250,8,2.6,08:27:52,
2026-09-18T00:55:43.994Z,Y1142678,8467,45.55979,9.22695,29623.9,-25.0,2.4,93.5,-51.9,0.5,-1.0,RS41-SG,404.900,7.3,250,10,2.6,08:27:52,
