timestamp,serial,frame,lat,lon,alt,vel_v,vel_h,heading,temp,humidity,pressure,type,freq_mhz,snr,f_error_hz,sats,batt_v,burst_timer,aux_data
2026-10-04T00:41:36.993Z,Y1152795,7628,45.39242,8.82110,32522.2,5.7,9.4,104.8,-273.0,-1.0,-1.0,RS41,404.900,9.7,250,11,2.5,,
2026-10-04T00:41:37.993Z,Y1152795,7629,45.39240,8.82121,32528.1,6.2,9.5,101.5,-273.0,-1.0,-1.0,RS41,404.900,9.5,250,11,2.5,,
2026-10-04T00:41:38.993Z,Y1152795,7630,45.39238,8.82133,32534.7,7.0,10.2,103.5,-273.0,-1.0,-1.0,RS41,404.900,9.5,250,11,2.5,,
2026-10-04T00:41:39.993Z,Y1152795,7631,45.39235,8.82147,32541.6,6.7,11.2,108.3,-273.0,-1.0,-1.0,RS41,404.900,9.8,250,11,2.6,,
2026-10-04T00:41:40.993Z,Y1152795,7632,45.39232,8.82160,32547.8,5.5,11.7,114.7,-273.0,-1.0,-1.0,RS41,404.900,9.8,250,11,2.6,,
2026-10-04T00:41:41.993Z,Y1152795,7633,45.39227,8.82173,32553.3,5.4,12.0,122.9,-273.0,-1.0,-1.0,RS41,404.900,9.4,250,11,2.5,,
2026-10-04T00:41:42.993Z,Y1152795,7634,45.39220,8.82185,32558.8,5.8,12.0,131.7,-273.0,-1.0,-1.0,RS41-SG,404.900,9.4,250,11,2.5,,
2026-10-04T00:41:43.993Z,Y1152795,7635,45.39213,8.82196,32564.7,5.9,11.7,140.0,-273.0,-1.0,-1.0,RS41-SG,404.900,9.3,250,11,2.5,,
2026-10-04T00:41:44.993Z,Y1152795,7636,45.39204,8.82205,32570.6,5.9,11.5,146.1,-273.0,-1.0,-1.0,RS41-SG,404.900,8.4,250,11,2.5,,
2026-10-04T00:41:48.993Z,Y1152795,7640,45.39171,8.82244,32596.1,7.0,14.0,124.1,-273.0,-1.0,-1.0,RS41-SG,404.900,7.3,250,11,2.5,,
2026-10-04T00:41:49.993Z,Y1152795,7641,45.39165,8.82261,32602.6,6.0,15.4,114.6,-273.0,-1.0,-1.0,RS41-SG,404.900,8.3,250,11,2.5,,
2026-10-04T00:41:50.993Z,Y1152795,7642,45.39160,8.82280,32608.3,5.2,16.5,106.2,-273.0,-1.0,-1.0,RS41-SG,404.900,8.8,250,11,2.5,,
2026-10-04T00:41:51.993Z,Y1152795,7643,45.39157,8.82300,32613.5,5.2,16.8,98.3,-273.0,-1.0,-1.0,RS41-SG,404.900,8.8,250,11,2.5,,
2026-10-04T00:41:52.993Z,Y1152795,7644,45.39155,8.82321,32619.1,5.7,16.0,92.0,-273.0,-1.0,-1.0,RS41-SG,404.900,8.8,250,11,2.6,,
2026-10-04T00:41:53.993Z,Y1152795,7645,45.39155,8.82340,32625.2,6.4,13.9,88.5,-273.0,-1.0,-1.0,RS41-SG,404.900,8.4,250,11,2.6,,
2026-10-04T00:41:54.993Z,Y1152795,7646,45.39155,8.82356,32631.7,6.8,10.9,89.7,-273.0,-1.0,-1.0,RS41-SG,404.900,7.5,250,11,2.5,,
2026-10-04T00:41:55.993Z,Y1152795,7647,45.39155,8.82367,32638.5,6.7,8.0,102.6,-273.0,-1.0,-1.0,RS41-SG,404.900,8.0,250,11,2.5,,
2026-10-04T00:41:56.993Z,Y1152795,7648,45.39152,8.82376,32644.8,5.9,7.2,128.9,-273.0,-1.0,-1.0,RS41-SG,404.900,8.2,250,11,2.5,,
2026-10-04T00:41:57.993Z,Y1152795,7649,45.39146,8.82382,32650.4,5.1,9.0,149.6,-273.0,-1.0,-1.0,RS41-SG,404.900,9.2,250,11,2.6,,
2026-10-04T00:41:58.993Z,Y1152795,7650,45.39138,8.82388,32655.6,5.2,12.2,155.6,-273.0,-1.0,-1.0,RS41-SG,404.900,9.2,250,11,2.6,,
2026-10-04T00:42:02.993Z,Y1152795,7654,45.39091,8.82440,32679.9,6.2,18.9,124.9,-273.0,-1.0,-1.0,RS41-SG,404.900,8.5,250,11,2.6,,
2026-10-04T00:42:03.993Z,Y1152795,7655,45.39083,8.82461,32685.8,5.6,18.0,114.5,-273.0,-1.0,-1.0,RS41-SG,404.900,9.6,250,11,2.6,,
2026-10-04T00:42:04.993Z,Y1152795,7656,45.39078,8.82481,32691.1,5.1,16.3,104.6,-273.0,-1.0,-1.0,RS41-SG,404.900,9.6,250,11,2.5,,
2026-10-04T00:42:05.993Z,Y1152795,7657,45.39075,8.82500,32696.3,5.1,13.8,95.6,-44.7,-1.0,-1.0,RS41-SG,404.900,9.2,250,11,2.5,,
2026-10-04T00:42:06.993Z,Y1152795,7658,45.39075,8.82515,32701.7,5.8,10.8,90.6,-44.8,-1.0,-1.0,RS41-SG,404.900,9.3,250,11,2.5,,
2026-10-04T00:42:07.993Z,Y1152795,7659,45.39074,8.82527,32707.8,6.3,7.9,95.0,-44.8,-1.0,-1.0,RS41-SG,404.900,9.4,250,11,2.5,,
2026-10-04T00:42:08.993Z,Y1152795,7660,45.39073,8.82536,32714.1,6.4,6.6,114.9,-44.8,-1.0,-1.0,RS41-SG,404.900,9.4,250,11,2.6,,
2026-10-04T00:42:09.993Z,Y1152795,7661,45.39069,8.82543,32720.5,6.4,8.0,137.0,-44.8,-1.0,-1.0,RS41-SG,404.900,8.6,250,11,2.6,,
2026-10-04T00:42:10.993Z,Y1152795,7662,45.39062,8.82551,32726.7,5.9,11.0,144.8,-44.9,-1.0,-1.0,RS41-SG,404.900,8.1,250,11,2.6,,
2026-10-04T00:42:11.993Z,Y1152795,7663,45.39053,8.82560,32732.4,5.4,14.3,144.7,-44.9,-1.0,-1.0,RS41-SG,404.900,8.3,250,11,2.5,,
2026-10-04T00:42:12.993Z,Y1152795,7664,45.39042,8.82572,32737.6,5.1,17.1,140.8,-44.9,-1.0,-1.0,RS41-SG,404.900,8.3,250,11,2.5,,
2026-10-04T00:42:13.993Z,Y1152795,7665,45.39030,8.82587,32742.9,5.4,18.7,135.4,-44.9,-1.0,-1.0,RS41-SG,404.900,8.2,250,11,2.5,,
2026-10-04T00:42:14.993Z,Y1152795,7666,45.39018,8.82605,32748.4,5.6,19.1,130.1,-44.9,-1.0,-1.0,RS41-SG,404.900,8.9,250,11,2.5,,
2026-10-04T00:42:15.993Z,Y1152795,7667,45.39008,8.82624,32754.1,5.9,18.3,125.3,-44.9,-1.0,-1.0,RS41-SG,404.900,8.9,250,11,2.6,,
2026-10-04T00:42:16.993Z,Y1152795,7668,45.39000,8.82642,32760.1,6.1,16.7,121.7,-44.9,-1.0,-1.0,RS41-SG,404.900,9.0,250,11,2.6,,
2026-10-04T00:42:17.993Z,Y1152795,7669,45.38992,8.82659,32766.3,6.1,14.8,119.9,-44.9,-1.0,-1.0,RS41-SG,404.900,9.8,250,11,2.5,,
2026-10-04T00:42:18.993Z,Y1152795,7670,45.38986,8.82675,32772.2,5.7,13.1,119.6,-45.0,0.7,-1.0,RS41-SG,404.900,10.0,250,11,2.5,,
2026-10-04T00:42:19.993Z,Y1152795,7671,45.38981,8.82689,32777.8,5.6,12.0,120.3,-45.0,0.7,-1.0,RS41-SG,404.900,10.0,250,11,2.5,,
2026-10-04T00:42:20.993Z,Y1152795,7672,45.38975,8.82702,32783.4,5.6,11.7,121.0,-45.0,0.7,-1.0,RS41-SG,404.900,7.7,250,11,2.6,,
2026-10-04T00:42:21.993Z,Y1152795,7673,45.38970,8.82715,32789.3,6.0,12.2,120.7,-45.0,0.7,-1.0,RS41-SG,404.900,8.4,250,11,2.6,,
2026-10-04T00:42:22.993Z,Y1152795,7674,45.38964,8.82729,32795.2,6.0,13.3,119.9,-45.1,0.7,-1.0,RS41-SG,404.900,8.4,250,11,2.5,,
2026-10-04T00:42:23.993Z,Y1152795,7675,45.38958,8.82744,32801.0,5.6,14.3,118.4,-45.1,0.7,-1.0,RS41-SG,404.900,9.6,250,11,2.5,,
2026-10-04T00:42:24.993Z,Y1152795,7676,45.38952,8.82760,32806.6,5.6,15.0,117.4,-45.1,0.7,-1.0,RS41-SG,404.900,9.6,250,11,2.5,,
2026-10-04T00:42:25.993Z,Y1152795,7677,45.38946,8.82777,32812.5,6.1,15.1,118.1,-45.1,0.7,-1.0,RS41-SG,404.900,9.8,250,11,2.6,,
2026-10-04T00:42:26.993Z,Y1152795,7678,45.38939,8.82794,32819.0,6.9,14.6,120.8,-45.1,0.7,-1.0,RS41-SG,404.900,9.8,250,11,2.6,,
2026-10-04T00:42:27.993Z,Y1152795,7679,45.38932,8.82809,32825.8,6.8,13.9,126.3,-45.1,0.7,-1.0,RS41-SG,404.900,8.9,250,11,2.5,,
2026-10-04T00:42:28.993Z,Y1152795,7680,45.38924,8.82822,32832.0,5.8,13.8,133.2,-45.2,0.7,-1.0,RS41-SG,404.900,8.9,250,11,2.5,,
2026-10-04T00:42:29.993Z,Y1152795,7681,45.38915,8.82835,32837.6,5.3,14.2,139.7,-45.2,0.7,-1.0,RS41-SG,404.900,8.4,250,11,2.5,,
2026-10-04T00:42:30.993Z,Y1152795,7682,45.38905,8.82846,32842.9,5.3,15.2,143.5,-45.2,0.7,-1.0,RS41-SG,404.900,8.2,250,11,2.5,,
2026-10-04T00:42:34.993Z,Y1152795,7686,45.38862,8.82904,32867.3,6.1,16.6,122.6,-45.4,0.7,-1.0,RS41-SG,404.900,8.2,250,11,2.5,,
2026-10-04T00:42:36.993Z,Y1152795,7688,45.38851,8.82940,32878.6,5.5,14.2,105.6,-45.4,0.7,-1.0,RS41-SG,404.900,7.9,250,11,2.5,,
2026-10-04T00:42:37.993Z,Y1152795,7689,45.38848,8.82956,32884.2,5.7,12.1,100.5,-45.4,0.7,-1.0,RS41-SG,404.900,7.9,250,11,2.5,,
2026-10-04T00:42:38.993Z,Y1152795,7690,45.38846,8.82970,32890.1,6.0,9.8,101.9,-45.4,0.7,-1.0,RS41-SG,404.900,7.8,250,11,2.6,,
2026-10-04T00:42:39.993Z,Y1152795,7691,45.38844,8.82981,32896.3,6.3,8.1,115.1,-45.4,0.7,-1.0,RS41-SG,404.900,7.7,250,11,2.6,,
2026-10-04T00:42:40.993Z,Y1152795,7692,45.38840,8.82989,32902.6,6.4,8.5,137.9,-45.4,0.7,-1.0,RS41-SG,404.900,7.6,250,11,2.5,,
2026-10-04T00:42:44.993Z,Y1152795,7696,45.38795,8.83023,32924.7,4.7,19.3,148.3,-45.3,0.7,-1.0,RS41-SG,404.900,7.7,250,11,2.6,,
2026-10-04T00:42:45.993Z,Y1152795,7697,45.38781,8.83037,32929.7,5.3,20.0,142.1,-45.2,0.7,-1.0,RS41-SG,404.900,7.7,250,11,2.5,,
2026-10-04T00:42:46.993Z,Y1152795,7698,45.38768,8.83054,32935.4,6.2,19.3,134.9,-45.0,0.6,-1.0,RS41-SG,404.900,7.6,250,11,2.5,,
2026-10-04T00:42:47.993Z,Y1152795,7699,45.38757,8.83071,32941.8,6.6,17.6,128.1,-44.7,0.6,-1.0,RS41-SG,404.900,7.4,250,11,2.5,,
2026-10-04T00:42:48.993Z,Y1152795,7700,45.38748,8.83088,32947.9,5.6,15.5,123.4,-44.6,0.6,-1.0,RS41-SG,404.900,8.3,250,11,2.6,,
2026-10-04T00:42:49.993Z,Y1152795,7701,45.38741,8.83104,32953.1,4.7,13.5,120.7,-44.5,0.6,-1.0,RS41-SG,404.900,8.7,250,11,2.6,,
2026-10-04T00:42:50.993Z,Y1152795,7702,45.38735,8.83118,32957.8,4.9,12.0,121.7,-44.4,0.6,-1.0,RS41-SG,404.900,9.1,250,11,2.5,,
2026-10-04T00:42:51.993Z,Y1152795,7703,45.38729,8.83130,32963.0,5.6,11.2,126.9,-44.4,0.6,-1.0,RS41-SG,404.900,9.3,250,11,2.5,,
2026-10-04T00:42:52.993Z,Y1152795,7704,45.38723,8.83141,32968.8,6.0,11.6,134.4,-44.4,0.6,-1.0,RS41-SG,404.900,9.4,250,10,2.5,,
2026-10-04T00:42:53.993Z,Y1152795,7705,45.38715,8.83151,32974.8,6.0,12.8,139.8,-44.3,0.6,-1.0,RS41-SG,404.900,9.4,250,10,2.6,,
2026-10-04T00:42:54.993Z,Y1152795,7706,45.38705,8.83162,32980.4,5.1,13.8,141.9,-44.3,0.6,-1.0,RS41-SG,404.900,9.0,250,11,2.6,,
2026-10-04T00:42:55.993Z,Y1152795,7707,45.38695,8.83173,32985.6,5.4,14.3,141.8,-44.2,0.6,-1.0,RS41-SG,404.900,9.0,250,11,2.5,,
2026-10-04T00:42:56.993Z,Y1152795,7708,45.38686,8.83184,32991.3,6.0,13.9,139.1,-44.2,0.6,-1.0,RS41-SG,404.900,8.5,250,11,2.5,,
2026-10-04T00:42:57.993Z,Y1152795,7709,45.38677,8.83196,32997.5,6.4,12.6,135.2,-44.2,0.6,-1.0,RS41-SG,404.900,8.5,250,11,2.5,,
2026-10-04T00:42:58.993Z,Y1152795,7710,45.38670,8.83207,33004.0,6.5,10.9,130.0,-44.2,0.6,-1.0,RS41-SG,404.900,8.5,250,11,2.5,,
2026-10-04T00:42:59.993Z,Y1152795,7711,45.38664,8.83217,33010.3,6.2,9.4,124.6,-44.1,0.6,-1.0,RS41-SG,404.900,8.5,250,11,2.6,,
2026-10-04T00:43:00.993Z,Y1152795,7712,45.38660,8.83227,33016.2,5.5,8.3,120.3,-44.0,0.6,-1.0,RS41-SG,404.900,8.1,250,11,2.6,,
2026-10-04T00:43:01.993Z,Y1152795,7713,45.38656,8.83235,33021.4,5.0,7.8,120.6,-43.9,0.6,-1.0,RS41-SG,404.900,8.0,250,11,2.6,,
2026-10-04T00:43:02.993Z,Y1152795,7714,45.38652,8.83244,33026.9,5.7,8.3,127.1,-43.9,0.6,-1.0,RS41-SG,404.900,7.6,250,11,2.5,,
2026-10-04T00:43:04.993Z,Y1152795,7716,45.38639,8.83262,33039.7,6.4,12.3,141.7,-43.7,0.6,-1.0,RS41-SG,404.900,8.8,250,11,2.5,,
2026-10-04T00:43:05.993Z,Y1152795,7717,45.38630,8.83272,33045.2,4.7,14.2,143.7,-43.6,0.6,-1.0,RS41-SG,404.900,8.8,250,11,2.5,,
2026-10-04T00:43:06.993Z,Y1152795,7718,45.38619,8.83283,33050.1,5.0,15.5,142.5,-43.6,0.6,-1.0,RS41-SG,404.900,8.7,250,11,2.6,,
2026-10-04T00:43:08.993Z,Y1152795,7720,45.38599,8.83309,33062.7,7.3,14.6,131.9,-43.5,0.6,-1.0,RS41-SG,404.900,7.7,250,11,2.5,,
2026-10-04T00:43:09.993Z,Y1152795,7721,45.38591,8.83323,33069.6,6.7,13.0,124.0,-43.4,0.6,-1.0,RS41-SG,404.900,8.2,250,11,2.5,,
2026-10-04T00:43:10.993Z,Y1152795,7722,45.38586,8.83337,33075.4,4.8,11.9,116.9,-43.4,0.6,-1.0,RS41-SG,404.900,8.3,250,11,2.5,,
2026-10-04T00:43:11.993Z,Y1152795,7723,45.38582,8.83350,33080.1,4.5,10.9,110.3,-43.4,0.6,-1.0,RS41-SG,404.900,8.3,250,11,2.6,,
2026-10-04T00:43:12.993Z,Y1152795,7724,45.38578,8.83363,33085.2,5.6,10.3,108.7,-43.4,0.6,-1.0,RS41-SG,404.900,8.3,250,11,2.6,,
2026-10-04T00:43:13.993Z,Y1152795,7725,45.38575,8.83375,33091.5,7.1,10.1,114.8,-43.4,0.6,-1.0,RS41-SG,404.900,8.3,250,11,2.5,,
2026-10-04T00:43:14.993Z,Y1152795,7726,45.38571,8.83386,33098.4,6.4,10.5,123.1,-43.4,0.6,-1.0,RS41-SG,404.900,7.5,250,11,2.5,,
2026-10-04T00:43:15.993Z,Y1152795,7727,45.38565,8.83397,33104.1,5.0,11.1,129.7,-43.5,0.6,-1.0,RS41-SG,404.900,8.6,250,11,2.5,,
2026-10-04T00:43:16.993Z,Y1152795,7728,45.38558,8.83408,33109.2,5.4,11.6,134.2,-43.5,0.6,-1.0,RS41-SG,404.900,8.6,250,11,2.6,,
2026-10-04T00:43:17.993Z,Y1152795,7729,45.38551,8.83419,33115.2,6.5,11.8,134.9,-43.5,0.6,-1.0,RS41-SG,404.900,8.7,250,11,2.6,,
2026-10-04T00:43:18.993Z,Y1152795,7730,45.38544,8.83429,33121.9,6.9,11.6,132.9,-43.5,0.6,-1.0,RS41-SG,404.900,8.7,250,10,2.5,,
2026-10-04T00:43:19.993Z,Y1152795,7731,45.38537,8.83440,33128.2,5.5,11.4,130.0,-43.6,0.6,-1.0,RS41-SG,404.900,8.7,250,11,2.5,,
2026-10-04T00:43:20.993Z,Y1152795,7732,45.38530,8.83452,33133.8,5.5,11.7,126.9,-43.6,0.6,-1.0,RS41-SG,404.900,8.5,250,11,2.5,,
2026-10-04T00:43:21.993Z,Y1152795,7733,45.38524,8.83464,33139.7,6.3,12.3,125.8,-43.6,0.7,-1.0,RS41-SG,404.900,7.9,250,11,2.6,,
2026-10-04T00:43:22.993Z,Y1152795,7734,45.38517,8.83477,33146.2,6.6,13.1,126.8,-43.7,0.6,-1.0,RS41-SG,404.900,8.0,250,11,2.6,,
2026-10-04T00:43:23.993Z,Y1152795,7735,45.38510,8.83490,33152.3,5.6,13.5,128.7,-43.7,0.6,-1.0,RS41-SG,404.900,8.4,250,11,2.5,,
2026-10-04T00:43:24.993Z,Y1152795,7736,45.38502,8.83504,33158.2,5.9,13.1,129.5,-43.7,0.6,-1.0,RS41-SG,404.900,9.1,250,11,2.5,,
2026-10-04T00:43:25.993Z,Y1152795,7737,45.38495,8.83516,33164.2,6.3,12.1,130.2,-43.7,0.6,-1.0,RS41-SG,404.900,9.1,250,11,2.5,,
2026-10-04T00:43:26.993Z,Y1152795,7738,45.38489,8.83527,33170.7,6.6,10.5,128.6,-43.6,0.6,-1.0,RS41-SG,404.900,8.9,250,11,2.6,,
2026-10-04T00:43:27.993Z,Y1152795,7739,45.38483,8.83537,33177.0,6.1,8.8,127.2,-43.6,0.6,-1.0,RS41-SG,404.900,8.2,250,11,2.6,,
2026-10-04T00:43:28.993Z,Y1152795,7740,45.38479,8.83545,33182.6,5.1,7.4,127.7,-43.6,0.6,-1.0,RS41-SG,404.900,8.3,250,11,2.5,,
2026-10-04T00:43:29.993Z,Y1152795,7741,45.38475,8.83552,33187.8,5.1,6.6,133.2,-43.6,0.6,-1.0,RS41-SG,404.900,8.3,250,11,2.5,,
2026-10-04T00:43:30.993Z,Y1152795,7742,45.38470,8.83557,33193.1,5.7,6.9,141.6,-43.6,0.6,-1.0,RS41-SG,404.900,8.4,250,11,2.5,,
2026-10-04T00:43:31.993Z,Y1152795,7743,45.38465,8.83563,33199.3,6.7,8.3,148.9,-43.5,0.6,-1.0,RS41-SG,404.900,8.4,250,11,2.5,,
2026-10-04T00:43:32.993Z,Y1152795,7744,45.38458,8.83569,33206.1,6.9,10.2,150.8,-43.5,0.6,-1.0,RS41-SG,404.900,8.3,250,11,2.6,,
2026-10-04T00:43:35.993Z,Y1152795,7747,45.38431,8.83594,33224.3,6.8,13.0,135.9,-43.3,0.6,-1.0,RS41-SG,404.900,8.4,250,11,2.5,,
2026-10-04T00:43:37.993Z,Y1152795,7749,45.38418,8.83621,33237.9,5.6,12.4,115.0,-43.4,0.6,-1.0,RS41-SG,404.900,8.1,250,10,2.5,,
2026-10-04T00:43:38.993Z,Y1152795,7750,45.38414,8.83635,33242.7,4.1,12.1,106.8,-43.4,0.6,-1.0,RS41-SG,404.900,8.1,250,11,2.5,,
2026-10-04T00:43:39.993Z,Y1152795,7751,45.38412,8.83650,33247.4,5.2,11.4,101.7,-43.4,0.6,-1.0,RS41-SG,404.900,7.8,250,11,2.6,,
2026-10-04T00:43:40.993Z,Y1152795,7752,45.38410,8.83663,33253.4,6.5,10.5,103.9,-43.4,0.6,-1.0,RS41-SG,404.900,7.8,250,10,2.6,,
2026-10-04T00:43:41.993Z,Y1152795,7753,45.38407,8.83675,33260.3,7.3,9.5,112.7,-43.4,0.6,-1.0,RS41-SG,404.900,7.7,250,12,2.5,,
2026-10-04T00:43:42.993Z,Y1152795,7754,45.38403,8.83686,33267.0,6.2,9.0,122.6,-43.5,0.6,-1.0,RS41-SG,404.900,8.3,250,12,2.5,,
2026-10-04T00:43:43.993Z,Y1152795,7755,45.38398,8.83694,33272.8,5.3,8.4,132.3,-43.5,0.6,-1.0,RS41-SG,404.900,8.3,250,12,2.5,,
2026-10-04T00:43:44.993Z,Y1152795,7756,45.38393,8.83702,33278.2,5.8,7.8,140.9,-43.5,0.6,-1.0,RS41-SG,404.900,8.2,250,12,2.6,,
2026-10-04T00:43:45.993Z,Y1152795,7757,45.38388,8.83707,33284.4,6.6,7.0,145.6,-43.6,0.6,-1.0,RS41-SG,404.900,8.6,250,12,2.6,,
2026-10-04T00:43:46.993Z,Y1152795,7758,45.38383,8.83712,33290.8,6.2,6.4,145.7,-43.6,0.6,-1.0,RS41-SG,404.900,8.6,250,12,2.5,,
2026-10-04T00:43:51.993Z,Y1152795,7763,45.38357,8.83746,33321.5,5.1,11.0,132.5,-43.8,0.6,-1.0,RS41-SG,404.900,7.4,250,12,2.5,,
2026-10-04T00:43:52.993Z,Y1152795,7764,45.38350,8.83757,33326.7,5.3,11.9,128.7,-43.8,0.7,-1.0,RS41-SG,404.900,7.4,250,12,2.5,,
2026-10-04T00:43:53.993Z,Y1152795,7765,45.38344,8.83770,33332.5,6.2,12.2,123.9,-43.8,0.6,-1.0,RS41-SG,404.900,7.3,250,12,2.5,,
2026-10-04T00:43:54.993Z,Y1152795,7766,45.38339,8.83783,33338.9,6.5,11.9,117.7,-43.8,0.6,-1.0,RS41-SG,404.900,8.4,250,12,2.6,,
2026-10-04T00:43:55.993Z,Y1152795,7767,45.38334,8.83796,33344.9,5.5,11.4,113.0,-43.8,0.7,-1.0,RS41-SG,404.900,8.4,250,12,2.6,,
2026-10-04T00:43:56.993Z,Y1152795,7768,45.38330,8.83809,33350.5,5.7,11.1,111.7,-43.8,0.6,-1.0,RS41-SG,404.900,8.5,250,12,2.5,,
2026-10-04T00:43:57.993Z,Y1152795,7769,45.38326,8.83822,33356.6,6.5,11.0,114.6,-43.7,0.6,-1.0,RS41-SG,404.900,8.5,250,12,2.5,,
2026-10-04T00:43:58.993Z,Y1152795,7770,45.38322,8.83835,33363.3,6.9,11.3,122.1,-43.6,0.6,-1.0,RS41-SG,404.900,9.1,250,12,2.5,,
2026-10-04T00:43:59.993Z,Y1152795,7771,45.38315,8.83847,33369.9,6.2,12.0,129.3,-43.5,0.6,-1.0,RS41-SG,404.900,9.1,250,12,2.6,,
2026-10-04T00:44:00.993Z,Y1152795,7772,45.38308,8.83858,33375.3,4.6,12.5,133.8,-43.5,0.6,-1.0,RS41-SG,404.900,8.0,250,12,2.6,,
2026-10-04T00:44:01.993Z,Y1152795,7773,45.38300,8.83870,33380.1,5.1,12.6,135.8,-43.4,0.6,-1.0,RS41-SG,404.900,8.3,250,12,2.5,,
2026-10-04T00:44:02.993Z,Y1152795,7774,45.38293,8.83881,33385.9,6.4,11.9,133.8,-43.4,0.6,-1.0,RS41-SG,404.900,8.3,250,12,2.5,,
2026-10-04T00:44:03.993Z,Y1152795,7775,45.38286,8.83892,33392.6,7.0,10.9,127.5,-43.3,0.6,-1.0,RS41-SG,404.900,7.9,250,12,2.5,,
2026-10-04T00:44:04.993Z,Y1152795,7776,45.38281,8.83903,33398.9,5.7,10.1,119.7,-43.2,0.6,-1.0,RS41-SG,404.900,8.5,250,12,2.6,,
2026-10-04T00:44:05.993Z,Y1152795,7777,45.38277,8.83914,33404.3,5.1,10.0,112.7,-43.1,0.6,-1.0,RS41-SG,404.900,8.8,250,12,2.6,,
2026-10-04T00:44:06.993Z,Y1152795,7778,45.38273,8.83926,33409.9,5.9,10.3,109.1,-43.0,0.6,-1.0,RS41-SG,404.900,8.9,250,12,2.5,,
2026-10-04T00:44:07.993Z,Y1152795,7779,45.38270,8.83939,33416.3,6.9,11.1,111.0,-42.9,0.6,-1.0,RS41-SG,404.900,9.1,250,12,2.5,,
2026-10-04T00:44:08.993Z,Y1152795,7780,45.38266,8.83952,33423.1,6.8,12.0,115.9,-42.7,0.6,-1.0,RS41-SG,404.900,9.1,250,12,2.5,,
2026-10-04T00:44:09.993Z,Y1152795,7781,45.38261,8.83966,33429.3,5.4,12.7,120.8,-42.5,0.6,-1.0,RS41-SG,404.900,8.5,250,12,2.5,,
2026-10-04T00:44:10.993Z,Y1152795,7782,45.38255,8.83980,33434.6,5.2,13.1,124.2,-42.4,0.5,-1.0,RS41-SG,404.900,8.2,250,12,2.6,,
2026-10-04T00:44:13.993Z,Y1152795,7785,45.38235,8.84019,33453.0,6.2,11.8,125.4,-42.0,0.6,-1.0,RS41-SG,404.900,7.3,250,12,2.5,,
2026-10-04T00:44:17.993Z,Y1152795,7789,45.38209,8.84065,33477.3,6.6,12.4,133.8,-41.9,0.6,-1.0,RS41-SG,404.900,7.4,250,12,2.6,,
2026-10-04T00:44:18.993Z,Y1152795,7790,45.38201,8.84076,33483.2,5.3,13.0,135.3,-41.9,0.5,-1.0,RS41-SG,404.900,7.4,250,12,2.6,,
2026-10-04T00:44:19.993Z,Y1152795,7791,45.38193,8.84088,33488.7,5.7,13.2,134.2,-41.9,0.5,-1.0,RS41-SG,404.900,7.4,250,12,2.5,,
2026-10-04T00:44:20.993Z,Y1152795,7792,45.38185,8.84101,33494.8,6.4,12.8,130.3,-41.9,0.6,-1.0,RS41-SG,404.900,7.4,250,12,2.5,,
2026-10-04T00:44:21.993Z,Y1152795,7793,45.38178,8.84113,33501.4,6.8,12.0,123.6,-41.9,0.6,-1.0,RS41-SG,404.900,7.4,250,12,2.5,,
2026-10-04T00:44:22.993Z,Y1152795,7794,45.38173,8.84126,33507.9,6.0,11.6,117.6,-41.9,0.6,-1.0,RS41-SG,404.900,7.7,250,12,2.6,,
2026-10-04T00:44:23.993Z,Y1152795,7795,45.38168,8.84139,33513.8,5.8,11.5,114.4,-41.9,0.6,-1.0,RS41-SG,404.900,7.7,250,12,2.6,,
2026-10-04T00:44:25.993Z,Y1152795,7797,45.38159,8.84166,33526.1,6.7,12.7,120.5,-41.8,0.5,-1.0,RS41-SG,404.900,7.8,250,12,2.5,,
2026-10-04T00:44:26.993Z,Y1152795,7798,45.38152,8.84180,33532.8,6.6,14.0,127.0,-41.8,0.6,-1.0,RS41-SG,404.900,6.9,250,12,2.5,,
2026-10-04T00:44:27.993Z,Y1152795,7799,45.38144,8.84195,33539.2,6.1,15.5,132.5,-41.8,0.6,-1.0,RS41-SG,404.900,8.2,250,12,2.6,,
2026-10-04T00:44:28.993Z,Y1152795,7800,45.38134,8.84209,33545.1,5.7,16.8,136.4,-41.8,0.5,-1.0,RS41-SG,404.900,8.2,250,12,2.6,,
2026-10-04T00:44:29.993Z,Y1152795,7801,45.38122,8.84224,33550.8,5.6,17.8,138.0,-41.8,0.6,-1.0,RS41-SG,404.900,8.2,250,12,2.5,,
2026-10-04T00:44:32.993Z,Y1152795,7804,45.38089,8.84272,33569.9,7.1,16.2,127.1,-41.8,0.6,-1.0,RS41-SG,404.900,6.8,250,12,2.6,,
2026-10-04T00:44:33.993Z,Y1152795,7805,45.38082,8.84288,33576.9,6.7,15.0,119.3,-41.8,0.6,-1.0,RS41-SG,404.900,8.9,250,12,2.6,,
2026-10-04T00:44:34.993Z,Y1152795,7806,45.38076,8.84305,33583.1,5.8,14.2,112.7,-41.8,0.6,-1.0,RS41-SG,404.900,8.9,250,12,2.5,,
2026-10-04T00:44:35.993Z,Y1152795,7807,45.38072,8.84321,33588.7,5.3,13.5,110.0,-41.8,0.6,-1.0,RS41-SG,404.900,8.3,250,12,2.5,,
2026-10-04T00:44:36.993Z,Y1152795,7808,45.38067,8.84337,33594.4,6.1,13.0,112.8,-41.8,0.6,-1.0,RS41-SG,404.900,8.1,250,12,2.5,,
2026-10-04T00:44:37.993Z,Y1152795,7809,45.38062,8.84351,33600.7,6.6,13.0,122.2,-41.8,0.6,-1.0,RS41-SG,404.900,8.5,250,12,2.6,,
2026-10-04T00:44:39.993Z,Y1152795,7811,45.38045,8.84377,33613.5,5.9,15.1,143.9,-41.8,0.6,-1.0,RS41-SG,404.900,8.6,250,12,2.5,,
2026-10-04T00:44:40.993Z,Y1152795,7812,45.38033,8.84387,33618.9,5.0,16.3,150.0,-41.7,0.6,-1.0,RS41-SG,404.900,8.6,250,12,2.5,,
2026-10-04T00:44:41.993Z,Y1152795,7813,45.38020,8.84398,33623.9,5.0,16.9,152.3,-41.7,0.5,-1.0,RS41-SG,404.900,7.3,250,12,2.5,,
2026-10-04T00:44:42.993Z,Y1152795,7814,45.38007,8.84408,33629.4,6.0,16.7,149.7,-41.8,0.6,-1.0,RS41-SG,404.900,7.3,250,12,2.6,,
2026-10-04T00:44:45.993Z,Y1152795,7817,45.37977,8.84448,33649.5,5.5,15.0,120.1,-41.2,0.5,-1.0,RS41-SG,404.900,6.8,250,12,2.5,,
2026-10-04T00:44:46.993Z,Y1152795,7818,45.37971,8.84466,33654.6,4.5,15.3,111.2,-41.1,0.5,-1.0,RS41-SG,404.900,8.7,250,12,2.5,,
2026-10-04T00:44:47.993Z,Y1152795,7819,45.37967,8.84484,33659.4,5.2,15.8,107.2,-41.0,0.5,-1.0,RS41-SG,404.900,8.7,250,12,2.6,,
2026-10-04T00:44:48.993Z,Y1152795,7820,45.37962,8.84504,33665.4,6.7,16.2,109.6,-40.9,0.5,-1.0,RS41-SG,404.900,8.8,250,12,2.6,,
2026-10-04T00:44:49.993Z,Y1152795,7821,45.37956,8.84523,33672.4,7.4,16.4,116.2,-40.8,0.5,-1.0,RS41-SG,404.900,8.8,250,12,2.5,,
2026-10-04T00:44:50.993Z,Y1152795,7822,45.37949,8.84541,33679.4,6.6,16.8,124.2,-40.7,0.5,-1.0,RS41-SG,404.900,8.8,250,12,2.5,,
2026-10-04T00:44:51.993Z,Y1152795,7823,45.37940,8.84558,33685.1,4.9,17.1,130.8,-40.7,0.5,-1.0,RS41-SG,404.900,8.7,250,12,2.5,,
2026-10-04T00:44:52.993Z,Y1152795,7824,45.37929,8.84574,33689.9,4.5,17.5,136.3,-40.6,0.5,-1.0,RS41-SG,404.900,8.7,250,12,2.6,,
2026-10-04T00:44:53.993Z,Y1152795,7825,45.37918,8.84589,33694.8,5.3,17.3,139.6,-40.6,0.5,-1.0,RS41-SG,404.900,8.4,250,11,2.6,,
2026-10-04T00:44:54.993Z,Y1152795,7826,45.37906,8.84602,33700.7,6.6,16.5,140.2,-40.5,0.5,-1.0,RS41-SG,404.900,8.2,250,12,2.5,,
2026-10-04T00:44:55.993Z,Y1152795,7827,45.37895,8.84616,33707.5,6.9,15.3,137.6,-40.4,0.5,-1.0,RS41-SG,404.900,9.8,250,12,2.5,,
2026-10-04T00:44:56.993Z,Y1152795,7828,45.37886,8.84629,33713.8,5.7,14.4,134.3,-40.3,0.5,-1.0,RS41-SG,404.900,9.8,250,12,2.5,,
2026-10-04T00:44:57.993Z,Y1152795,7829,45.37877,8.84642,33719.2,5.1,13.8,130.5,-40.2,0.5,-1.0,RS41-SG,404.900,9.0,250,12,2.6,,
2026-10-04T00:44:58.993Z,Y1152795,7830,45.37869,8.84655,33724.6,5.6,13.7,128.1,-40.1,0.5,-1.0,RS41-SG,404.900,8.7,250,12,2.6,,
2026-10-04T00:44:59.993Z,Y1152795,7831,45.37862,8.84669,33730.5,6.3,13.9,128.5,-40.1,0.5,-1.0,RS41-SG,404.900,8.5,250,12,2.5,,
2026-10-04T00:45:00.993Z,Y1152795,7832,45.37854,8.84683,33737.2,6.9,14.3,130.4,-40.1,0.5,-1.0,RS41-SG,404.900,8.5,250,12,2.5,,
2026-10-04T00:45:01.993Z,Y1152795,7833,45.37845,8.84697,33744.2,7.1,14.7,132.2,-40.0,0.5,-1.0,RS41-SG,404.900,8.8,250,12,2.5,,
2026-10-04T00:45:02.993Z,Y1152795,7834,45.37836,8.84711,33751.3,7.0,14.9,132.6,-39.8,0.5,-1.0,RS41-SG,404.900,8.8,250,12,2.6,,
2026-10-04T00:45:03.993Z,Y1152795,7835,45.37827,8.84725,33758.4,7.2,14.8,131.2,-39.8,0.5,-1.0,RS41-SG,404.900,9.3,250,12,2.6,,
2026-10-04T00:45:04.993Z,Y1152795,7836,45.37819,8.84739,33766.0,7.9,14.7,126.9,-39.7,0.5,-1.0,RS41-SG,404.900,9.6,250,12,2.5,,
2026-10-04T00:45:05.993Z,Y1152795,7837,45.37812,8.84755,33774.0,8.3,14.4,121.0,-39.6,0.5,-1.0,RS41-SG,404.900,9.7,250,12,2.5,,
2026-10-04T00:45:06.993Z,Y1152795,7838,45.37806,8.84771,33781.8,7.0,14.3,116.2,-39.6,0.5,-1.0,RS41-SG,404.900,9.9,250,12,2.5,,
2026-10-04T00:45:07.993Z,Y1152795,7839,45.37800,8.84787,33788.2,5.9,14.1,114.1,-39.6,0.5,-1.0,RS41-SG,404.900,9.9,250,12,2.6,,
2026-10-04T00:45:08.993Z,Y1152795,7840,45.37795,8.84803,33794.6,7.0,13.4,116.7,-39.6,0.5,-1.0,RS41-SG,404.900,9.9,250,12,2.6,,
2026-10-04T00:45:09.993Z,Y1152795,7841,45.37789,8.84817,33802.1,8.1,12.5,126.0,-39.6,0.5,-1.0,RS41-SG,404.900,9.0,250,12,2.5,,
2026-10-04T00:45:10.993Z,Y1152795,7842,45.37782,8.84829,33809.6,6.7,12.1,136.0,-39.6,0.5,-1.0,RS41-SG,404.900,9.4,250,12,2.5,,
2026-10-04T00:45:11.993Z,Y1152795,7843,45.37774,8.84838,33815.4,4.9,11.6,144.3,-39.6,0.5,-1.0,RS41-SG,404.900,9.4,250,12,2.5,,
2026-10-04T00:45:13.993Z,Y1152795,7845,45.37757,8.84853,33820.0,-5.1,11.0,149.0,-39.5,0.5,-1.0,RS41-SG,404.900,8.0,250,12,2.6,,
2026-10-04T00:45:14.993Z,Y1152795,7846,45.37748,8.84860,33810.3,-14.3,11.0,147.8,-39.4,0.5,-1.0,RS41-SG,404.900,8.3,250,12,2.5,,
2026-10-04T00:45:15.993Z,Y1152795,7847,45.37740,8.84868,33791.8,-22.8,11.0,147.5,-39.2,0.5,-1.0,RS41-SG,404.900,8.3,250,12,2.5,,
2026-10-04T00:45:18.993Z,Y1152795,7850,45.37714,8.84894,33690.1,-43.4,13.4,141.0,-39.4,0.5,-1.0,RS41-SG,404.900,7.3,250,11,2.6,,
2026-10-04T00:45:20.993Z,Y1152795,7852,45.37693,8.84921,33598.7,-44.8,20.7,133.9,-40.4,0.6,-1.0,RS41-SG,404.900,7.3,250,12,2.5,,
2026-10-04T00:45:21.993Z,Y1152795,7853,45.37680,8.84943,33556.2,-40.2,25.0,128.0,-40.8,0.5,-1.0,RS41-SG,404.900,8.9,250,12,2.5,,
2026-10-04T00:45:22.993Z,Y1152795,7854,45.37666,8.84970,33519.0,-34.4,27.9,124.5,-41.0,0.6,-1.0,RS41-SG,404.900,9.0,250,12,2.6,,
2026-10-04T00:45:23.993Z,Y1152795,7855,45.37652,8.84999,33485.5,-32.5,28.0,124.3,-41.2,0.6,-1.0,RS41-SG,404.900,9.0,250,12,2.6,,
2026-10-04T00:45:24.993Z,Y1152795,7856,45.37639,8.85029,33454.8,-29.0,27.1,117.9,-41.3,0.6,-1.0,RS41-SG,404.900,8.4,250,12,2.5,,
2026-10-04T00:45:25.993Z,Y1152795,7857,45.37629,8.85059,33425.8,-28.9,25.1,113.4,-41.4,0.6,-1.0,RS41-SG,404.900,8.4,250,12,2.5,,
2026-10-04T00:45:26.993Z,Y1152795,7858,45.37621,8.85088,33397.5,-28.0,23.6,107.4,-41.9,0.6,-1.0,RS41-SG,404.900,8.4,250,12,2.5,,
2026-10-04T00:45:27.993Z,Y1152795,7859,45.37616,8.85116,33370.1,-26.8,22.5,103.8,-42.4,0.7,-1.0,RS41-SG,404.900,9.1,250,12,2.6,,
2026-10-04T00:45:28.993Z,Y1152795,7860,45.37612,8.85143,33343.0,-27.4,21.6,99.6,-42.6,0.7,-1.0,RS41-SG,404.900,9.1,250,11,2.6,,
2026-10-04T00:45:29.993Z,Y1152795,7861,45.37608,8.85170,33316.2,-25.8,20.8,101.2,-43.0,0.7,-1.0,RS41-SG,404.900,9.4,250,12,2.5,,
2026-10-04T00:45:30.993Z,Y1152795,7862,45.37604,8.85195,33289.7,-27.7,19.5,107.5,-43.2,0.7,-1.0,RS41-SG,404.900,9.4,250,12,2.5,,
2026-10-04T00:45:31.993Z,Y1152795,7863,45.37597,8.85217,33262.7,-26.3,18.9,117.2,-43.2,0.7,-1.0,RS41-SG,404.900,10.1,250,11,2.5,,
2026-10-04T00:45:32.993Z,Y1152795,7864,45.37589,8.85238,33235.2,-28.7,18.3,124.7,-43.2,0.7,-1.0,RS41-SG,404.900,10.1,250,12,2.6,,
2026-10-04T00:45:33.993Z,Y1152795,7865,45.37578,8.85254,33205.9,-29.8,17.1,137.9,-43.1,0.7,-1.0,RS41-SG,404.900,10.6,250,12,2.6,,
2026-10-04T00:45:34.993Z,Y1152795,7866,45.37567,8.85267,33175.7,-30.5,15.7,149.6,-43.1,0.6,-1.0,RS41-SG,404.900,10.6,250,12,2.5,,
2026-10-04T00:45:35.993Z,Y1152795,7867,45.37555,8.85275,33144.9,-31.1,14.8,159.4,-43.1,0.6,-1.0,RS41-SG,404.900,10.4,250,12,2.5,,
2026-10-04T00:45:36.993Z,Y1152795,7868,45.37542,8.85280,33113.9,-30.7,13.5,170.5,-43.1,0.7,-1.0,RS41-SG,404.900,9.2,250,11,2.5,,
2026-10-04T00:45:37.993Z,Y1152795,7869,45.37532,8.85281,33084.2,-28.9,10.3,179.3,-43.1,0.6,-1.0,RS41-SG,404.900,9.2,250,11,2.6,,
2026-10-04T00:45:38.993Z,Y1152795,7870,45.37524,8.85282,33054.6,-30.3,7.1,174.4,-43.0,0.6,-1.0,RS41-SG,404.900,8.5,250,11,2.6,,
2026-10-04T00:45:39.993Z,Y1152795,7871,45.37519,8.85284,33024.7,-29.4,5.1,144.9,-43.0,0.6,-1.0,RS41-SG,404.900,8.5,250,11,2.5,,
2026-10-04T00:45:40.993Z,Y1152795,7872,45.37517,8.85290,32996.0,-28.4,6.2,97.2,-43.2,0.6,-1.0,RS41-SG,404.900,7.9,250,12,2.5,,
2026-10-04T00:45:41.993Z,Y1152795,7873,45.37518,8.85302,32968.9,-25.7,12.9,82.3,-43.4,0.7,-1.0,RS41-SG,404.900,7.9,250,12,2.5,,
2026-10-04T00:45:42.993Z,Y1152795,7874,45.37519,8.85321,32942.7,-26.5,18.1,88.1,-43.6,0.7,-1.0,RS41-SG,404.900,7.9,250,10,2.6,,
2026-10-04T00:45:43.993Z,Y1152795,7875,45.37519,8.85346,32914.8,-29.2,21.3,92.6,-43.9,0.7,-1.0,RS41-SG,404.900,8.1,250,12,2.6,,
2026-10-04T00:45:44.993Z,Y1152795,7876,45.37516,8.85375,32884.9,-30.5,25.4,99.2,-44.4,0.7,-1.0,RS41-SG,404.900,8.6,250,12,2.5,,
2026-10-04T00:45:45.993Z,Y1152795,7877,45.37511,8.85408,32853.6,-32.5,27.6,104.8,-44.6,0.7,-1.0,RS41-SG,404.900,9.5,250,12,2.5,,
2026-10-04T00:45:46.993Z,Y1152795,7878,45.37504,8.85442,32821.2,-32.5,29.3,111.1,-44.7,0.7,-1.0,RS41-SG,404.900,9.7,250,12,2.5,,
2026-10-04T00:45:47.993Z,Y1152795,7879,45.37493,8.85477,32789.6,-30.6,31.1,116.1,-44.7,0.7,-1.0,RS41-SG,404.900,10.7,250,12,2.6,,
2026-10-04T00:45:48.993Z,Y1152795,7880,45.37480,8.85513,32759.6,-29.7,31.7,119.7,-44.7,0.7,-1.0,RS41-SG,404.900,11.1,250,10,2.6,,
2026-10-04T00:45:49.993Z,Y1152795,7881,45.37466,8.85547,32731.3,-26.8,31.1,121.6,-44.7,0.7,-1.0,RS41-SG,404.900,11.1,250,11,2.5,,
2026-10-04T00:45:50.993Z,Y1152795,7882,45.37453,8.85578,32707.3,-21.3,26.5,118.2,-44.7,0.7,-1.0,RS41-SG,404.900,9.6,250,10,2.5,,
2026-10-04T00:45:51.993Z,Y1152795,7883,45.37444,8.85603,32687.3,-19.1,17.9,112.7,-44.6,0.7,-1.0,RS41-SG,404.900,9.7,250,12,2.5,,
2026-10-04T00:45:52.993Z,Y1152795,7884,45.37439,8.85620,32666.4,-22.1,10.8,108.7,-44.6,0.7,-1.0,RS41-SG,404.900,9.7,250,12,2.6,,
2026-10-04T00:45:53.993Z,Y1152795,7885,45.37437,8.85629,32642.0,-26.6,4.9,121.9,-44.6,0.7,-1.0,RS41-SG,404.900,10.5,250,11,2.6,,
2026-10-04T00:45:54.993Z,Y1152795,7886,45.37435,8.85632,32613.2,-31.6,1.8,169.3,-44.6,0.7,-1.0,RS41-SG,404.900,10.8,250,12,2.5,,
2026-10-04T00:45:55.993Z,Y1152795,7887,45.37433,8.85631,32580.2,-34.9,3.8,238.5,-44.6,0.7,-1.0,RS41-SG,404.900,10.8,250,12,2.5,,
2026-10-04T00:45:56.993Z,Y1152795,7888,45.37431,8.85624,32545.9,-34.3,8.6,247.6,-44.7,0.7,-1.0,RS41-SG,404.900,10.4,250,12,2.5,,
2026-10-04T00:45:57.993Z,Y1152795,7889,45.37426,8.85612,32513.0,-32.0,11.7,238.5,-44.9,0.7,-1.0,RS41-SG,404.900,10.0,250,11,2.6,,
2026-10-04T00:46:04.993Z,Y1152795,7896,45.37322,8.85658,32335.2,-30.7,28.9,114.4,-45.1,0.7,-1.0,RS41-SG,404.900,8.6,250,11,2.5,,
2026-10-04T00:46:05.993Z,Y1152795,7897,45.37315,8.85692,32304.1,-32.2,28.1,98.9,-45.1,0.7,-1.0,RS41-SG,404.900,10.1,250,12,2.5,,
2026-10-04T00:46:06.993Z,Y1152795,7898,45.37315,8.85726,32273.0,-30.9,26.0,81.9,-45.1,0.7,-1.0,RS41-SG,404.900,10.1,250,12,2.5,,
2026-10-04T00:46:07.993Z,Y1152795,7899,45.37321,8.85755,32244.0,-28.2,22.1,64.0,-45.2,0.7,-1.0,RS41-SG,404.900,9.8,250,12,2.6,,
2026-10-04T00:46:08.993Z,Y1152795,7900,45.37331,8.85775,32217.4,-25.7,17.3,37.5,-45.6,0.7,-1.0,RS41-SG,404.900,9.0,250,11,2.6,,
2026-10-04T00:46:17.993Z,Y1152795,7909,45.37244,8.85796,31969.5,-26.3,30.2,117.2,-47.4,0.9,-1.0,RS41-SG,404.900,7.1,250,11,2.6,,
2026-10-04T00:46:18.993Z,Y1152795,7910,45.37236,8.85831,31943.8,-26.4,27.2,96.5,-47.5,0.8,-1.0,RS41-SG,404.900,9.9,250,12,2.6,,
2026-10-04T00:46:19.993Z,Y1152795,7911,45.37237,8.85863,31917.6,-27.2,24.0,76.1,-47.7,0.8,-1.0,RS41-SG,404.900,9.9,250,10,2.5,,
2026-10-04T00:46:20.993Z,Y1152795,7912,45.37245,8.85887,31890.5,-27.8,20.0,52.6,-47.9,0.8,-1.0,RS41-SG,404.900,8.1,250,10,2.5,,
2026-10-04T00:46:30.993Z,Y1152795,7922,45.37162,8.85950,31621.6,-27.6,32.0,105.8,-48.5,0.8,-1.0,RS41-SG,404.900,7.8,250,11,2.5,,
2026-10-04T00:46:31.993Z,Y1152795,7923,45.37159,8.85988,31594.3,-28.2,29.4,87.0,-48.6,0.9,-1.0,RS41-SG,404.900,8.4,250,11,2.5,,
2026-10-04T00:46:32.993Z,Y1152795,7924,45.37164,8.86022,31566.2,-28.5,26.4,68.2,-48.5,0.9,-1.0,RS41-SG,404.900,8.4,250,9,2.6,,
2026-10-04T00:46:33.993Z,Y1152795,7925,45.37174,8.86047,31539.3,-27.0,21.1,46.3,-48.5,0.8,-1.0,RS41-SG,404.900,8.5,250,10,2.6,,
2026-10-04T00:46:43.993Z,Y1152795,7935,45.37076,8.86149,31279.1,-25.5,31.3,97.4,-49.4,0.9,-1.0,RS41-SG,404.900,7.8,250,10,2.6,,
2026-10-04T00:46:44.993Z,Y1152795,7936,45.37077,8.86186,31254.2,-25.5,28.4,76.7,-49.9,0.9,-1.0,RS41-SG,404.900,7.8,250,10,2.5,,
2026-10-04T00:46:46.993Z,Y1152795,7938,45.37099,8.86235,31203.4,-26.7,18.0,31.5,-50.5,1.0,-1.0,RS41-SG,404.900,7.7,250,11,2.5,,
2026-10-04T00:46:55.993Z,Y1152795,7947,45.37034,8.86297,30975.7,-25.1,30.7,100.8,-50.4,0.9,-1.0,RS41-SG,404.900,7.2,250,11,2.5,,
2026-10-04T00:46:57.993Z,Y1152795,7949,45.37042,8.86368,30925.3,-26.0,27.1,59.4,-50.3,0.9,-1.0,RS41-SG,404.900,7.5,250,10,2.6,,
2026-10-04T00:47:34.993Z,Y1152795,7986,45.37003,8.86843,30036.8,-23.8,30.5,75.1,-49.1,0.8,-1.0,RS41-SG,404.900,7.6,250,9,2.5,,
2026-10-04T00:47:46.993Z,Y1152795,7998,45.37005,8.86930,29752.8,-22.7,24.9,108.2,-48.7,0.7,-1.0,RS41-SG,404.900,6.8,250,11,2.5,,
2026-10-04T00:48:01.993Z,Y1152795,8013,45.36983,8.87011,29416.6,-24.2,22.7,50.1,-48.8,0.8,-1.0,RS41-SG,404.900,7.4,250,11,2.5,,
2026-10-04T00:48:02.993Z,Y1152795,8014,45.36999,8.87028,29393.4,-23.7,22.6,24.8,-48.7,0.8,-1.0,RS41-SG,404.900,7.4,250,9,2.6,,
2026-10-04T00:48:12.993Z,Y1152795,8024,45.36987,8.86996,29170.8,-22.7,21.8,101.8,-48.7,0.8,-1.0,RS41-SG,404.900,7.4,250,11,2.6,,
2026-10-04T00:48:13.993Z,Y1152795,8025,45.36987,8.87023,29148.5,-22.7,21.8,77.9,-48.7,0.8,-1.0,RS41-SG,404.900,7.9,250,10,2.6,,
2026-10-04T00:48:14.993Z,Y1152795,8026,45.36995,8.87048,29126.2,-22.8,21.2,54.8,-48.8,0.8,-1.0,RS41-SG,404.900,8.7,250,11,2.5,,
2026-10-04T00:48:15.993Z,Y1152795,8027,45.37008,8.87066,29103.9,-22.5,19.8,29.7,-48.8,0.8,-1.0,RS41-SG,404.900,9.5,250,12,2.5,,
2026-10-04T00:48:16.993Z,Y1152795,8028,45.37023,8.87073,29082.1,-22.3,17.9,2.9,-48.9,0.8,-1.0,RS41-SG,404.900,9.5,250,10,2.5,,
2026-10-04T00:48:25.993Z,Y1152795,8037,45.36972,8.87053,28888.2,-21.5,24.6,105.8,-49.4,0.8,-1.0,RS41-SG,404.900,7.0,250,9,2.5,,
2026-10-04T00:48:26.993Z,Y1152795,8038,45.36971,8.87084,28867.4,-21.5,24.0,82.2,-49.7,0.8,-1.0,RS41-SG,404.900,7.5,250,11,2.5,,
2026-10-04T00:48:27.993Z,Y1152795,8039,45.36977,8.87113,28845.6,-22.3,22.9,61.1,-49.9,0.8,-1.0,RS41-SG,404.900,8.5,250,11,2.6,,
2026-10-04T00:48:28.993Z,Y1152795,8040,45.36989,8.87134,28824.0,-21.9,21.2,36.7,-50.0,0.9,-1.0,RS41-SG,404.900,8.5,250,11,2.6,,
2026-10-04T00:48:29.993Z,Y1152795,8041,45.37005,8.87144,28802.6,-21.8,19.0,11.6,-50.2,0.9,-1.0,RS41-SG,404.900,7.8,250,11,2.5,,
2026-10-04T00:48:30.993Z,Y1152795,8042,45.37021,8.87144,28781.2,-21.5,16.9,343.7,-50.5,0.9,-1.0,RS41-SG,404.900,7.6,250,11,2.5,,
2026-10-04T00:48:40.993Z,Y1152795,8052,45.36986,8.87182,28573.6,-20.9,21.5,53.6,-52.0,1.0,-1.0,RS41-SG,404.900,9.1,250,11,2.5,,
2026-10-04T00:48:41.993Z,Y1152795,8053,45.37000,8.87200,28553.5,-20.5,20.8,30.8,-52.2,1.0,-1.0,RS41-SG,404.900,9.1,250,12,2.5,,
2026-10-04T00:48:42.993Z,Y1152795,8054,45.37016,8.87208,28532.5,-21.8,20.0,4.8,-52.4,1.0,-1.0,RS41-SG,404.900,9.3,250,12,2.6,,
2026-10-04T00:48:43.993Z,Y1152795,8055,45.37034,8.87204,28511.7,-20.9,19.7,339.5,-52.5,1.0,-1.0,RS41-SG,404.900,9.3,250,11,2.6,,
2026-10-04T00:48:52.993Z,Y1152795,8064,45.36986,8.87165,28325.5,-20.4,19.3,89.5,-52.8,1.0,-1.0,RS41-SG,404.900,8.5,250,11,2.6,,
2026-10-04T00:48:53.993Z,Y1152795,8065,45.36990,8.87187,28305.5,-20.5,18.5,61.2,-52.9,1.0,-1.0,RS41-SG,404.900,8.5,250,12,2.6,,
2026-10-04T00:48:54.993Z,Y1152795,8066,45.37001,8.87205,28285.2,-20.9,19.3,34.3,-52.9,1.0,-1.0,RS41-SG,404.900,8.5,250,11,2.5,,
2026-10-04T00:48:55.993Z,Y1152795,8067,45.37017,8.87214,28265.4,-20.0,19.5,7.7,-52.9,1.0,-1.0,RS41-SG,404.900,8.5,250,11,2.5,,
2026-10-04T00:49:05.993Z,Y1152795,8077,45.36980,8.87172,28063.0,-21.0,22.2,101.6,-52.6,1.0,-1.0,RS41-SG,404.900,8.6,250,11,2.5,,
2026-10-04T00:49:06.993Z,Y1152795,8078,45.36980,8.87200,28042.3,-20.9,21.7,79.4,-52.6,1.0,-1.0,RS41-SG,404.900,9.0,250,12,2.5,,
2026-10-04T00:49:07.993Z,Y1152795,8079,45.36987,8.87224,28022.1,-20.5,20.7,55.5,-52.6,1.0,-1.0,RS41-SG,404.900,9.8,250,11,2.6,,
2026-10-04T00:49:08.993Z,Y1152795,8080,45.37000,8.87241,28002.1,-20.5,19.4,30.8,-52.6,0.9,-1.0,RS41-SG,404.900,9.8,250,12,2.6,,
2026-10-04T00:49:19.993Z,Y1152795,8091,45.36967,8.87279,27791.9,-19.2,23.5,79.2,-53.4,1.0,-1.0,RS41-SG,404.900,8.7,250,11,2.5,,
2026-10-04T00:49:20.993Z,Y1152795,8092,45.36975,8.87306,27772.8,-19.5,22.8,55.0,-53.5,1.0,-1.0,RS41-SG,404.900,8.6,250,12,2.5,,
2026-10-04T00:49:21.993Z,Y1152795,8093,45.36989,8.87325,27753.9,-19.2,22.2,32.3,-53.5,1.1,-1.0,RS41-SG,404.900,8.6,250,12,2.5,,
2026-10-04T00:49:22.993Z,Y1152795,8094,45.37007,8.87334,27735.1,-19.4,20.7,5.7,-53.6,1.0,-1.0,RS41-SG,404.900,9.2,250,10,2.6,,
2026-10-04T00:49:23.993Z,Y1152795,8095,45.37025,8.87332,27715.7,-19.8,20.4,342.2,-53.6,1.0,-1.0,RS41-SG,404.900,9.3,250,10,2.6,,
2026-10-04T00:49:25.993Z,Y1152795,8097,45.37049,8.87301,27676.3,-20.2,17.8,289.4,-53.4,1.0,-1.0,RS41-SG,404.900,8.2,250,11,2.5,,
2026-10-04T00:49:31.993Z,Y1152795,8103,45.37001,8.87274,27563.6,-18.8,17.4,108.8,-53.8,1.0,-1.0,RS41-SG,404.900,8.7,250,11,2.5,,
2026-10-04T00:49:32.993Z,Y1152795,8104,45.37000,8.87296,27545.1,-18.9,18.9,82.7,-53.8,1.1,-1.0,RS41-SG,404.900,8.7,250,12,2.6,,
2026-10-04T00:49:33.993Z,Y1152795,8105,45.37006,8.87319,27526.8,-18.5,20.3,56.4,-53.8,1.0,-1.0,RS41-SG,404.900,9.8,250,11,2.6,,
2026-10-04T00:49:34.993Z,Y1152795,8106,45.37019,8.87338,27508.6,-18.9,21.5,33.5,-53.8,1.0,-1.0,RS41-SG,404.900,10.2,250,12,2.5,,
2026-10-04T00:49:35.993Z,Y1152795,8107,45.37036,8.87348,27489.7,-19.6,21.9,11.3,-53.8,1.0,-1.0,RS41-SG,404.900,10.2,250,11,2.5,,
2026-10-04T00:49:36.993Z,Y1152795,8108,45.37056,8.87348,27470.9,-18.9,21.8,349.1,-53.7,1.0,-1.0,RS41-SG,404.900,9.6,250,12,2.5,,
2026-10-04T00:49:37.993Z,Y1152795,8109,45.37073,8.87338,27452.4,-18.8,20.9,325.3,-53.7,1.0,-1.0,RS41-SG,404.900,9.5,250,11,2.6,08:26:05,
2026-10-04T00:49:42.993Z,Y1152795,8114,45.37064,8.87246,27361.5,-18.8,17.2,192.2,-53.7,1.0,-1.0,RS41-SG,404.900,7.9,250,11,2.6,08:26:05,
2026-10-04T00:49:43.993Z,Y1152795,8115,45.37049,8.87247,27343.1,-18.7,16.8,165.7,-53.8,1.0,-1.0,RS41-SG,404.900,8.6,250,11,2.6,08:26:05,
2026-10-04T00:49:44.993Z,Y1152795,8116,45.37037,8.87256,27324.9,-18.4,15.9,137.7,-53.8,1.0,-1.0,RS41-SG,404.900,8.6,250,11,2.5,08:26:05,
2026-10-04T00:49:45.993Z,Y1152795,8117,45.37029,8.87272,27306.7,-18.3,15.1,108.8,-53.8,1.0,-1.0,RS41-SG,404.900,9.2,250,11,2.5,08:26:05,
2026-10-04T00:49:46.993Z,Y1152795,8118,45.37029,8.87291,27289.0,-17.7,14.9,77.0,-53.7,1.0,-1.0,RS41-SG,404.900,9.2,250,12,2.5,08:26:05,
2026-10-04T00:49:47.993Z,Y1152795,8119,45.37035,8.87307,27271.8,-17.0,15.5,43.3,-53.7,1.0,-1.0,RS41-SG,404.900,9.5,250,11,2.6,08:26:05,
2026-10-04T00:49:48.993Z,Y1152795,8120,45.37048,8.87316,27255.1,-17.0,16.9,13.4,-53.6,1.0,-1.0,RS41-SG,404.900,9.5,250,12,2.6,08:26:05,
2026-10-04T00:49:49.993Z,Y1152795,8121,45.37063,8.87316,27238.4,-17.1,18.6,346.0,-53.5,1.0,-1.0,RS41-SG,404.900,9.0,250,11,2.5,08:26:05,
2026-10-04T00:49:50.993Z,Y1152795,8122,45.37078,8.87306,27221.2,-17.7,19.9,321.4,-53.5,1.0,-1.0,RS41-SG,404.900,9.7,250,11,2.5,08:26:05,
2026-10-04T00:49:51.993Z,Y1152795,8123,45.37090,8.87286,27203.4,-18.3,21.0,299.3,-53.4,1.0,-1.0,RS41-SG,404.900,9.7,250,10,2.5,08:26:05,
2026-10-04T00:49:59.993Z,Y1152795,8131,45.37029,8.87224,27062.0,-17.6,15.5,91.2,-53.0,0.9,-1.0,RS41-SG,404.900,9.4,250,7,2.5,08:26:05,
2026-10-04T00:50:00.993Z,Y1152795,8132,45.37032,8.87243,27044.5,-17.8,16.2,60.5,-52.9,0.9,-1.0,RS41-SG,404.900,9.8,250,10,2.5,08:26:05,
2026-10-04T00:50:01.993Z,Y1152795,8133,45.37043,8.87259,27026.9,-17.8,17.7,31.2,-52.9,0.9,-1.0,RS41-SG,404.900,9.8,250,10,2.5,08:26:05,
2026-10-04T00:50:02.993Z,Y1152795,8134,45.37058,8.87266,27009.5,-17.5,19.3,5.0,-52.9,0.9,-1.0,RS41-SG,404.900,9.0,250,11,2.6,08:26:05,
2026-10-04T00:50:03.993Z,Y1152795,8135,45.37076,8.87263,26992.2,-17.3,21.4,341.9,-52.8,0.9,-1.0,RS41-SG,404.900,8.5,250,10,2.6,08:26:05,
2026-10-04T00:50:04.993Z,Y1152795,8136,45.37093,8.87250,26974.8,-17.3,22.2,318.5,-52.8,0.9,-1.0,RS41-SG,404.900,8.6,250,11,2.5,08:26:05,
2026-10-04T00:50:13.993Z,Y1152795,8145,45.37065,8.87174,26820.0,-17.6,14.7,71.4,-52.3,0.9,-1.0,RS41-SG,404.900,8.1,250,10,2.6,08:26:05,
2026-10-04T00:50:14.993Z,Y1152795,8146,45.37073,8.87190,26802.6,-17.2,16.4,41.0,-52.3,0.9,-1.0,RS41-SG,404.900,8.3,250,10,2.5,08:26:05,
2026-10-04T00:50:15.993Z,Y1152795,8147,45.37086,8.87200,26785.1,-17.6,17.9,15.8,-52.4,0.9,-1.0,RS41-SG,404.900,8.3,250,11,2.5,08:26:05,
2026-10-04T00:50:16.993Z,Y1152795,8148,45.37102,8.87201,26767.7,-17.7,18.3,351.6,-52.5,0.9,-1.0,RS41-SG,404.900,7.7,250,10,2.5,08:26:05,
2026-10-04T00:50:27.993Z,Y1152795,8159,45.37061,8.87122,26583.5,-15.7,13.9,75.4,-52.8,0.9,-1.0,RS41-SG,404.900,7.7,250,10,2.6,08:26:05,
2026-10-04T00:50:28.993Z,Y1152795,8160,45.37068,8.87136,26567.1,-16.2,13.8,40.8,-52.7,1.0,-1.0,RS41-SG,404.900,7.7,250,9,2.6,08:25:14,
2026-10-04T00:50:29.993Z,Y1152795,8161,45.37079,8.87143,26550.3,-16.5,14.8,7.4,-52.7,0.9,-1.0,RS41-SG,404.900,8.3,250,11,2.5,08:25:14,
