timestamp,serial,frame,lat,lon,alt,vel_v,vel_h,heading,temp,humidity,pressure,type,freq_mhz,snr,f_error_hz,sats,batt_v,burst_timer,aux_data
2026-10-09T12:19:12.997Z,Y1153026,6250,45.34179,8.49906,24038.0,6.3,10.7,45.8,-273.0,-1.0,-1.0,RS41,404.900,6.6,250,11,2.7,,
2026-10-09T12:19:14.997Z,Y1153026,6252,45.34191,8.49927,24049.7,4.9,10.5,55.6,-273.0,-1.0,-1.0,RS41,404.900,7.3,250,11,2.6,,
2026-10-09T12:19:34.997Z,Y1153026,6272,45.34271,8.50094,24165.8,5.8,5.5,60.3,-273.0,-1.0,-1.0,RS41,404.900,7.3,250,11,2.7,,
2026-10-09T12:19:40.997Z,Y1153026,6278,45.34287,8.50135,24201.1,5.4,6.9,72.9,-273.0,-1.0,-1.0,RS41,404.900,7.1,250,11,2.6,,
2026-10-09T12:19:41.997Z,Y1153026,6279,45.34289,8.50143,24207.2,6.7,7.0,68.5,-273.0,-1.0,-1.0,RS41,404.900,7.1,250,11,2.6,,
2026-10-09T12:19:42.997Z,Y1153026,6280,45.34291,8.50151,24213.2,5.3,6.9,63.8,-273.0,-1.0,-1.0,RS41,404.900,7.3,250,11,2.6,,
2026-10-09T12:19:44.997Z,Y1153026,6282,45.34296,8.50165,24225.9,6.9,5.6,72.2,-273.0,-1.0,-1.0,RS41,404.900,7.3,250,11,2.7,,
2026-10-09T12:19:45.997Z,Y1153026,6283,45.34297,8.50172,24231.8,5.0,5.0,79.3,-273.0,-1.0,-1.0,RS41,404.900,7.3,250,11,2.7,,
2026-10-09T12:19:47.997Z,Y1153026,6285,45.34298,8.50183,24242.5,5.9,3.6,80.1,-273.0,-1.0,-1.0,RS41,404.900,7.5,250,11,2.6,,
2026-10-09T12:19:53.997Z,Y1153026,6291,45.34299,8.50213,24276.8,4.8,6.2,106.1,-273.0,-1.0,-1.0,RS41,404.900,7.0,250,12,2.6,,
2026-10-09T12:19:54.997Z,Y1153026,6292,45.34298,8.50221,24282.6,6.7,6.3,104.0,-273.0,-1.0,-1.0,RS41,404.900,7.4,250,12,2.7,,
2026-10-09T12:20:00.997Z,Y1153026,6298,45.34291,8.50255,24316.1,5.8,2.2,127.7,-273.0,-1.0,-1.0,RS41,404.900,7.5,250,12,2.7,,
2026-10-09T12:20:05.997Z,Y1153026,6303,45.34289,8.50260,24344.3,5.1,2.5,103.9,-273.0,-1.0,-1.0,RS41,404.900,7.4,250,12,2.7,,
2026-10-09T12:20:12.997Z,Y1153026,6310,45.34284,8.50298,24381.3,4.9,5.9,114.7,-273.0,-1.0,-1.0,RS41,404.900,7.1,250,12,2.7,,
2026-10-09T12:20:13.997Z,Y1153026,6311,45.34282,8.50304,24386.9,6.2,5.2,115.7,-273.0,-1.0,-1.0,RS41,404.900,7.6,250,12,2.7,,
2026-10-09T12:20:18.997Z,Y1153026,6316,45.34283,8.50329,24414.0,5.7,5.8,67.2,-273.0,-1.0,-1.0,RS41,404.900,6.9,250,12,2.7,,
2026-10-09T12:20:24.997Z,Y1153026,6322,45.34300,8.50374,24445.4,5.9,4.4,78.8,-273.0,-1.0,-1.0,RS41,404.900,7.2,250,12,2.7,,
2026-10-09T12:20:25.997Z,Y1153026,6323,45.34300,8.50379,24451.2,5.6,4.3,106.4,-273.0,-1.0,-1.0,RS41,404.900,6.8,250,12,2.7,,
2026-10-09T12:20:26.997Z,Y1153026,6324,45.34298,8.50385,24456.0,3.9,4.9,124.3,-273.0,-1.0,-1.0,RS41,404.900,6.7,250,12,2.6,,
2026-10-09T12:20:28.997Z,Y1153026,6326,45.34292,8.50393,24465.3,6.2,4.3,142.0,-273.0,-1.0,-1.0,RS41,404.900,7.1,250,12,2.6,,
2026-10-09T12:20:29.997Z,Y1153026,6327,45.34290,8.50396,24471.2,5.6,3.1,137.8,-273.0,-1.0,-1.0,RS41,404.900,7.5,250,12,2.7,,
2026-10-09T12:20:34.997Z,Y1153026,6332,45.34293,8.50419,24497.7,5.9,6.0,68.4,-273.0,-1.0,-1.0,RS41,404.900,6.8,250,12,2.7,,
2026-10-09T12:20:38.997Z,Y1153026,6336,45.34298,8.50445,24520.8,5.7,5.3,91.4,-273.0,-1.0,-1.0,RS41,404.900,7.4,250,12,2.6,,
2026-10-09T12:20:39.997Z,Y1153026,6337,45.34298,8.50452,24525.9,4.6,5.5,100.1,-273.0,-1.0,-1.0,RS41,404.900,7.8,250,12,2.6,,
2026-10-09T12:20:40.997Z,Y1153026,6338,45.34297,8.50458,24531.2,6.0,5.2,104.7,-273.0,-1.0,-1.0,RS41,404.900,7.8,250,12,2.7,,
2026-10-09T12:20:43.997Z,Y1153026,6341,45.34296,8.50474,24548.4,6.0,3.7,79.7,-273.0,-1.0,-1.0,RS41,404.900,7.6,250,12,2.6,,
2026-10-09T12:20:44.997Z,Y1153026,6342,45.34297,8.50479,24554.6,6.5,4.5,74.5,-273.0,-1.0,-1.0,RS41,404.900,7.7,250,12,2.6,,
2026-10-09T12:20:45.997Z,Y1153026,6343,45.34298,8.50485,24560.3,4.9,5.3,70.7,-273.0,-1.0,-1.0,RS41,404.900,7.7,250,12,2.7,,
2026-10-09T12:20:46.997Z,Y1153026,6344,45.34300,8.50491,24565.3,5.1,6.1,62.6,-273.0,-1.0,-1.0,RS41,404.900,7.6,250,12,2.7,,
2026-10-09T12:21:06.997Z,Y1153026,6364,45.34353,8.50621,24669.7,4.7,7.6,54.2,-273.0,-1.0,-1.0,RS41,404.900,7.5,250,12,2.6,,
2026-10-09T12:21:07.997Z,Y1153026,6365,45.34357,8.50628,24675.0,5.9,7.3,53.1,-273.0,-1.0,-1.0,RS41,404.900,8.0,250,12,2.6,,
2026-10-09T12:21:31.997Z,Y1153026,6389,45.34398,8.50804,24798.4,5.4,7.2,66.2,-57.7,-1.0,-1.0,RS41,404.900,6.8,250,12,2.7,,
2026-10-09T12:21:54.997Z,Y1153026,6412,45.34409,8.51046,24918.4,6.2,9.5,88.9,-56.9,-1.0,-1.0,RS41,404.900,7.4,250,12,2.7,,
