timestamp,serial,frame,lat,lon,alt,vel_v,vel_h,heading,temp,humidity,pressure,type,freq_mhz,snr,f_error_hz,sats,batt_v,burst_timer,aux_data
2026-10-03T00:17:11.005Z,W4140709,6022,46.80080,7.12214,25845.6,6.2,2.3,7.0,-273.0,-1.0,-1.0,RS41,403.501,7.2,-875,10,2.5,,
2026-10-03T00:20:52.005Z,W4140709,6243,46.79764,7.12064,27076.0,6.3,1.1,147.2,-273.0,-1.0,-1.0,RS41,403.501,7.4,-875,10,2.5,,
2026-10-03T00:21:01.005Z,W4140709,6252,46.79740,7.12073,27126.2,4.6,1.8,255.8,-273.0,-1.0,-1.0,RS41,403.501,8.2,-875,10,2.5,,
2026-10-03T00:21:10.005Z,W4140709,6261,46.79734,7.12060,27174.2,5.3,6.1,147.0,-273.0,-1.0,-1.0,RS41,403.501,6.5,-875,10,2.5,,
2026-10-03T00:21:11.005Z,W4140709,6262,46.79729,7.12064,27180.1,6.5,6.3,154.8,-273.0,-1.0,-1.0,RS41,403.501,7.3,-875,10,2.5,,
2026-10-03T00:21:15.005Z,W4140709,6266,46.79712,7.12066,27203.5,6.2,2.1,204.8,-273.0,-1.0,-1.0,RS41,403.501,7.2,-875,10,2.6,,
2026-10-03T00:21:17.005Z,W4140709,6268,46.79711,7.12064,27213.4,4.8,0.2,271.6,-273.0,-1.0,-1.0,RS41,403.501,7.5,-875,10,2.5,,
2026-10-03T00:21:18.005Z,W4140709,6269,46.79711,7.12064,27218.8,6.0,0.2,253.2,-273.0,-1.0,-1.0,RS41,403.501,7.5,-875,10,2.5,,
2026-10-03T00:21:24.005Z,W4140709,6275,46.79697,7.12076,27253.3,4.4,6.2,128.7,-273.0,-1.0,-1.0,RS41,403.501,7.5,-875,10,2.5,,
2026-10-03T00:21:25.005Z,W4140709,6276,46.79694,7.12082,27258.5,5.8,5.9,129.6,-273.0,-1.0,-1.0,RS41,403.501,7.5,-875,10,2.5,,
2026-10-03T00:21:26.005Z,W4140709,6277,46.79691,7.12087,27264.7,6.7,4.7,137.0,-273.0,-1.0,-1.0,RS41,403.501,7.2,-875,10,2.6,,
2026-10-03T00:21:27.005Z,W4140709,6278,46.79688,7.12090,27270.9,5.7,3.2,152.3,-273.0,-1.0,-1.0,RS41,403.501,7.2,-875,10,2.6,,
2026-10-03T00:21:28.005Z,W4140709,6279,46.79686,7.12092,27276.0,4.6,1.8,176.1,-53.3,-1.0,-1.0,RS41,403.501,8.1,-875,10,2.5,,
2026-10-03T00:21:32.005Z,W4140709,6283,46.79687,7.12089,27297.3,5.0,1.0,28.6,-53.2,-1.0,-1.0,RS41,403.501,7.1,-875,10,2.6,,
2026-10-03T00:21:35.005Z,W4140709,6286,46.79683,7.12093,27315.2,5.2,3.6,168.6,-53.1,-1.0,-1.0,RS41,403.501,8.4,-875,10,2.5,,
2026-10-03T00:21:36.005Z,W4140709,6287,46.79680,7.12094,27320.4,5.1,4.6,166.3,-53.1,-1.0,-1.0,RS41,403.501,8.4,-875,10,2.5,,
2026-10-03T00:21:48.005Z,W4140709,6299,46.79661,7.12110,27387.1,5.8,2.3,60.1,-52.9,-1.0,-1.0,RS41,403.501,8.0,-875,10,2.5,,
2026-10-03T00:21:49.005Z,W4140709,6300,46.79661,7.12113,27393.5,7.0,2.6,106.3,-52.9,-1.0,-1.0,RS41,403.501,8.0,-875,10,2.5,,
2026-10-03T00:21:51.005Z,W4140709,6302,46.79656,7.12119,27405.2,3.9,4.9,157.0,-52.9,-1.0,-1.0,RS41,403.501,7.3,-875,10,2.6,,
2026-10-03T00:21:52.005Z,W4140709,6303,46.79652,7.12122,27409.4,4.3,6.0,163.3,-52.9,-1.0,-1.0,RS41,403.501,7.3,-875,10,2.5,,
2026-10-03T00:21:53.005Z,W4140709,6304,46.79646,7.12124,27414.7,6.3,6.1,165.1,-52.9,-1.0,-1.0,RS41,403.501,8.0,-875,10,2.5,,
2026-10-03T00:21:54.005Z,W4140709,6305,46.79641,7.12126,27420.8,5.8,5.2,163.0,-52.9,-1.0,-1.0,RS41,403.501,8.0,-875,10,2.5,,
2026-10-03T00:21:55.005Z,W4140709,6306,46.79637,7.12127,27426.4,5.4,4.3,164.0,-52.9,-1.0,-1.0,RS41,403.501,7.8,-875,10,2.5,,
2026-10-03T00:21:56.005Z,W4140709,6307,46.79634,7.12128,27432.1,5.9,3.3,173.7,-52.9,-1.0,-1.0,RS41,403.501,7.8,-875,10,2.6,,
2026-10-03T00:21:57.005Z,W4140709,6308,46.79631,7.12128,27438.2,6.3,2.8,194.3,-52.9,-1.0,-1.0,RS41-SG,403.501,7.8,-875,10,2.6,,
2026-10-03T00:21:58.005Z,W4140709,6309,46.79629,7.12127,27444.1,5.4,2.8,210.1,-52.9,-1.0,-1.0,RS41-SG,403.501,7.8,-875,10,2.5,,
2026-10-03T00:22:01.005Z,W4140709,6312,46.79625,7.12123,27460.0,6.0,0.8,108.9,-52.9,-1.0,-1.0,RS41-SG,403.501,7.6,-875,10,2.5,,
2026-10-03T00:22:02.005Z,W4140709,6313,46.79625,7.12126,27466.0,5.8,2.6,81.9,-52.9,-1.0,-1.0,RS41-SG,403.501,8.3,-875,10,2.6,,
2026-10-03T00:22:05.005Z,W4140709,6316,46.79624,7.12141,27481.4,6.3,4.9,125.3,-52.9,-1.0,-1.0,RS41-SG,403.501,7.3,-875,10,2.5,,
2026-10-03T00:22:06.005Z,W4140709,6317,46.79620,7.12145,27487.9,6.6,5.5,151.1,-52.8,-1.0,-1.0,RS41-SG,403.501,7.3,-875,10,2.5,,
2026-10-03T00:22:07.005Z,W4140709,6318,46.79615,7.12147,27493.6,4.7,6.3,168.0,-52.8,-1.0,-1.0,RS41-SG,403.501,7.5,-875,10,2.5,,
2026-10-03T00:22:08.005Z,W4140709,6319,46.79609,7.12148,27498.2,4.6,7.0,180.5,-52.8,-1.0,-1.0,RS41-SG,403.501,7.5,-875,10,2.6,,
2026-10-03T00:22:11.005Z,W4140709,6322,46.79594,7.12145,27515.4,4.8,3.8,198.3,-52.7,-1.0,-1.0,RS41-SG,403.501,7.7,-875,10,2.5,,
2026-10-03T00:22:12.005Z,W4140709,6323,46.79592,7.12143,27519.9,4.4,2.6,206.4,-52.7,-1.0,-1.0,RS41-SG,403.501,7.9,-875,10,2.5,,
2026-10-03T00:22:18.005Z,W4140709,6329,46.79582,7.12136,27555.4,5.9,2.5,149.4,-52.7,-1.0,-1.0,RS41-SG,403.501,8.5,-875,10,2.5,,
2026-10-03T00:22:19.005Z,W4140709,6330,46.79580,7.12138,27560.7,4.6,3.5,135.8,-52.7,-1.0,-1.0,RS41-SG,403.501,8.5,-875,10,2.5,,
2026-10-03T00:22:20.005Z,W4140709,6331,46.79577,7.12142,27565.7,5.4,4.7,139.8,-52.7,-1.0,-1.0,RS41-SG,403.501,7.7,-875,10,2.6,,
2026-10-03T00:22:28.005Z,W4140709,6339,46.79541,7.12150,27610.3,5.6,2.5,194.9,-52.4,-1.0,-1.0,RS41-SG,403.501,7.9,-875,10,2.5,,
2026-10-03T00:22:30.005Z,W4140709,6341,46.79535,7.12147,27622.4,5.8,4.3,197.6,-52.4,-1.0,-1.0,RS41-SG,403.501,7.7,-875,10,2.5,,
2026-10-03T00:22:31.005Z,W4140709,6342,46.79531,7.12145,27627.7,4.7,5.1,193.9,-52.4,-1.0,-1.0,RS41-SG,403.501,7.7,-875,10,2.5,,
2026-10-03T00:22:32.005Z,W4140709,6343,46.79527,7.12144,27632.7,5.3,5.2,185.9,-52.5,-1.0,-1.0,RS41-SG,403.501,7.6,-875,10,2.6,,
2026-10-03T00:22:33.005Z,W4140709,6344,46.79522,7.12144,27638.5,6.3,4.8,172.0,-52.5,-1.0,-1.0,RS41-SG,403.501,7.4,-875,10,2.6,,
2026-10-03T00:22:34.005Z,W4140709,6345,46.79518,7.12146,27644.7,6.3,4.2,154.7,-52.5,-1.0,-1.0,RS41-SG,403.501,7.6,-875,10,2.5,,
2026-10-03T00:22:35.005Z,W4140709,6346,46.79515,7.12149,27650.2,4.7,4.2,139.8,-52.5,-1.0,-1.0,RS41-SG,403.501,7.6,-875,10,2.5,,
2026-10-03T00:22:38.005Z,W4140709,6349,46.79506,7.12163,27666.8,6.4,5.7,143.7,-52.4,-1.0,-1.0,RS41-SG,403.501,6.7,-875,10,2.6,,
2026-10-03T00:22:44.005Z,W4140709,6355,46.79484,7.12171,27699.1,4.8,2.3,219.0,-52.3,-1.0,-1.0,RS41-SG,403.501,6.8,-875,10,2.6,,
2026-10-03T00:22:45.005Z,W4140709,6356,46.79482,7.12169,27704.7,6.1,3.1,220.2,-52.3,-1.0,-1.0,RS41-SG,403.501,7.7,-875,10,2.5,,
2026-10-03T00:22:46.005Z,W4140709,6357,46.79479,7.12166,27711.0,6.5,4.2,209.5,-52.3,-1.0,-1.0,RS41-SG,403.501,7.7,-875,9,2.5,,
2026-10-03T00:22:47.005Z,W4140709,6358,46.79475,7.12164,27717.0,5.2,5.3,200.1,-52.3,-1.0,-1.0,RS41-SG,403.501,7.1,-875,10,2.5,,
2026-10-03T00:22:49.005Z,W4140709,6360,46.79465,7.12161,27726.1,5.3,6.3,178.5,-52.2,-1.0,-1.0,RS41-SG,403.501,7.7,-875,10,2.6,,
2026-10-03T00:22:50.005Z,W4140709,6361,46.79460,7.12162,27732.1,6.7,6.0,164.5,-52.2,-1.0,-1.0,RS41-SG,403.501,7.9,-875,10,2.6,,
2026-10-03T00:22:51.005Z,W4140709,6362,46.79455,7.12165,27738.4,5.8,5.7,151.8,-52.2,-1.0,-1.0,RS41-SG,403.501,7.9,-875,10,2.5,,
2026-10-03T00:22:52.005Z,W4140709,6363,46.79450,7.12169,27743.9,5.2,5.6,142.6,-52.3,-1.0,-1.0,RS41-SG,403.501,7.5,-875,10,2.5,,
2026-10-03T00:22:53.005Z,W4140709,6364,46.79446,7.12174,27749.3,5.6,5.8,140.5,-52.3,-1.0,-1.0,RS41-SG,403.501,7.7,-875,10,2.5,,
2026-10-03T00:22:54.005Z,W4140709,6365,46.79442,7.12178,27755.5,6.8,6.3,147.0,-52.3,-1.0,-1.0,RS41-SG,403.501,8.6,-875,10,2.5,,
2026-10-03T00:22:55.005Z,W4140709,6366,46.79437,7.12182,27761.8,5.8,6.9,156.8,-52.3,-1.0,-1.0,RS41-SG,403.501,8.6,-875,10,2.6,,
2026-10-03T00:22:56.005Z,W4140709,6367,46.79431,7.12185,27767.2,4.9,7.3,167.3,-52.4,-1.0,-1.0,RS41-SG,403.501,8.1,-875,10,2.6,,
2026-10-03T00:22:57.005Z,W4140709,6368,46.79425,7.12186,27772.6,5.9,7.0,178.4,-52.4,-1.0,-1.0,RS41-SG,403.501,8.4,-875,10,2.5,,
2026-10-03T00:22:58.005Z,W4140709,6369,46.79419,7.12186,27778.9,6.5,6.1,191.2,-52.4,-1.0,-1.0,RS41-SG,403.501,8.4,-875,10,2.5,,
2026-10-03T00:22:59.005Z,W4140709,6370,46.79414,7.12184,27784.6,4.7,5.6,200.3,-52.4,-1.0,-1.0,RS41-SG,403.501,7.8,-875,10,2.5,,
2026-10-03T00:23:00.005Z,W4140709,6371,46.79409,7.12181,27789.6,5.3,5.5,207.4,-52.5,-1.0,-1.0,RS41-SG,403.501,7.8,-875,10,2.5,,
2026-10-03T00:23:01.005Z,W4140709,6372,46.79405,7.12177,27795.6,6.6,6.0,207.0,-52.5,-1.0,-1.0,RS41-SG,403.501,7.9,-875,10,2.6,,
2026-10-03T00:23:02.005Z,W4140709,6373,46.79399,7.12174,27802.3,6.7,6.9,200.7,-52.5,-1.0,-1.0,RS41-SG,403.501,8.0,-875,10,2.6,,
2026-10-03T00:23:06.005Z,W4140709,6377,46.79376,7.12171,27825.9,5.9,5.0,162.2,-52.6,-1.0,-1.0,RS41-SG,403.501,8.2,-875,10,2.5,,
2026-10-03T00:23:07.005Z,W4140709,6378,46.79372,7.12173,27831.3,4.7,4.1,152.0,-52.6,-1.0,-1.0,RS41-SG,403.501,9.3,-875,10,2.6,,
2026-10-03T00:23:09.005Z,W4140709,6380,46.79366,7.12178,27841.6,6.3,3.4,156.2,-52.6,-1.0,-1.0,RS41-SG,403.501,7.6,-875,10,2.5,,
2026-10-03T00:23:10.005Z,W4140709,6381,46.79363,7.12179,27848.0,6.6,4.0,173.9,-52.6,-1.0,-1.0,RS41-SG,403.501,8.4,-875,10,2.5,,
2026-10-03T00:23:11.005Z,W4140709,6382,46.79359,7.12179,27854.1,5.5,4.9,191.7,-52.7,-1.0,-1.0,RS41-SG,403.501,8.4,-875,10,2.5,,
2026-10-03T00:23:12.005Z,W4140709,6383,46.79355,7.12176,27859.4,4.9,6.0,208.6,-52.7,-1.0,-1.0,RS41-SG,403.501,8.4,-875,10,2.5,,
2026-10-03T00:23:13.005Z,W4140709,6384,46.79350,7.12171,27864.8,5.9,7.1,223.9,-52.7,-1.0,-1.0,RS41-SG,403.501,8.4,-875,10,2.6,,
2026-10-03T00:23:14.005Z,W4140709,6385,46.79346,7.12164,27870.8,6.0,7.5,234.9,-52.7,-1.0,-1.0,RS41-SG,403.501,7.5,-875,10,2.6,,
2026-10-03T00:23:18.005Z,W4140709,6389,46.79331,7.12140,27895.2,6.2,5.1,191.6,-52.7,-1.0,-1.0,RS41-SG,403.501,8.2,-875,10,2.5,,
2026-10-03T00:23:19.005Z,W4140709,6390,46.79327,7.12140,27900.3,4.1,5.4,171.9,-52.7,-1.0,-1.0,RS41-SG,403.501,8.2,-875,10,2.6,,
2026-10-03T00:23:20.005Z,W4140709,6391,46.79322,7.12142,27904.8,4.8,5.4,154.8,-52.7,-1.0,-1.0,RS41-SG,403.501,7.4,-875,10,2.6,,
2026-10-03T00:23:21.005Z,W4140709,6392,46.79318,7.12145,27910.5,6.5,4.5,142.0,-52.7,-1.0,-1.0,RS41-SG,403.501,8.3,-875,10,2.5,,
2026-10-03T00:23:22.005Z,W4140709,6393,46.79316,7.12148,27917.3,7.0,2.8,135.9,-52.7,-1.0,-1.0,RS41-SG,403.501,8.3,-875,10,2.5,,
2026-10-03T00:23:23.005Z,W4140709,6394,46.79314,7.12150,27923.5,5.3,1.3,151.5,-52.8,-1.0,-1.0,RS41-SG,403.501,8.0,-875,10,2.5,,
2026-10-03T00:23:24.005Z,W4140709,6395,46.79313,7.12149,27929.0,5.7,1.5,236.8,-52.8,-1.0,-1.0,RS41-SG,403.501,8.2,-875,10,2.5,,
2026-10-03T00:23:25.005Z,W4140709,6396,46.79312,7.12146,27935.2,6.5,3.5,243.9,-52.8,-1.0,-1.0,RS41-SG,403.501,8.9,-875,10,2.6,,
2026-10-03T00:23:26.005Z,W4140709,6397,46.79310,7.12142,27941.6,6.2,5.2,238.6,-52.8,-1.0,-1.0,RS41-SG,403.501,8.9,-875,10,2.6,,
2026-10-03T00:23:27.005Z,W4140709,6398,46.79308,7.12135,27947.0,4.3,6.1,234.7,-52.8,-1.0,-1.0,RS41-SG,403.501,8.3,-875,10,2.5,,
2026-10-03T00:23:28.005Z,W4140709,6399,46.79304,7.12128,27952.0,5.4,7.0,235.6,-52.8,-1.0,-1.0,RS41-SG,403.501,7.4,-875,10,2.5,,
2026-10-03T00:23:29.005Z,W4140709,6400,46.79301,7.12121,27958.2,6.9,6.9,240.5,-52.8,-1.0,-1.0,RS41-SG,403.501,8.4,-875,10,2.5,,
2026-10-03T00:23:30.005Z,W4140709,6401,46.79298,7.12113,27965.0,6.6,6.3,246.7,-52.8,-1.0,-1.0,RS41-SG,403.501,8.5,-875,10,2.5,,
2026-10-03T00:23:34.005Z,W4140709,6405,46.79291,7.12096,27989.8,5.0,2.8,191.6,-52.9,-1.0,-1.0,RS41-SG,403.501,7.6,-875,10,2.5,,
2026-10-03T00:23:35.005Z,W4140709,6406,46.79288,7.12095,27994.7,4.8,3.0,182.3,-52.9,-1.0,-1.0,RS41-SG,403.501,7.6,-875,10,2.5,,
2026-10-03T00:23:36.005Z,W4140709,6407,46.79286,7.12095,28000.3,6.2,2.7,190.9,-52.9,-1.0,-1.0,RS41-SG,403.501,8.5,-875,10,2.5,,
2026-10-03T00:23:37.005Z,W4140709,6408,46.79284,7.12094,28006.7,6.8,2.5,220.0,-52.9,-1.0,-1.0,RS41-SG,403.501,9.3,-875,10,2.6,,
2026-10-03T00:23:38.005Z,W4140709,6409,46.79282,7.12091,28013.1,5.9,3.0,249.2,-52.9,-1.0,-1.0,RS41-SG,403.501,9.3,-875,10,2.6,,
2026-10-03T00:23:39.005Z,W4140709,6410,46.79282,7.12087,28018.4,4.7,3.9,256.6,-52.9,-1.0,-1.0,RS41-SG,403.501,7.7,-875,10,2.5,,
2026-10-03T00:23:42.005Z,W4140709,6413,46.79276,7.12070,28036.7,5.7,5.8,227.4,-52.9,-1.0,-1.0,RS41-SG,403.501,8.6,-875,10,2.6,,
2026-10-03T00:23:43.005Z,W4140709,6414,46.79272,7.12064,28042.2,5.3,5.9,218.8,-52.9,-1.0,-1.0,RS41-SG,403.501,8.6,-875,10,2.6,,
2026-10-03T00:23:44.005Z,W4140709,6415,46.79268,7.12060,28047.8,6.1,5.4,216.4,-52.9,-1.0,-1.0,RS41-SG,403.501,7.7,-875,10,2.5,,
2026-10-03T00:23:45.005Z,W4140709,6416,46.79264,7.12056,28054.1,6.6,4.2,224.3,-52.9,-1.0,-1.0,RS41-SG,403.501,7.3,-875,10,2.5,,
2026-10-03T00:23:47.005Z,W4140709,6418,46.79262,7.12049,28067.3,5.2,2.7,271.9,-52.9,-1.0,-1.0,RS41-SG,403.501,6.7,-875,10,2.5,,
2026-10-03T00:23:48.005Z,W4140709,6419,46.79262,7.12045,28072.5,5.3,2.4,293.7,-52.9,-1.0,-1.0,RS41-SG,403.501,6.9,-875,10,2.6,,
2026-10-03T00:23:49.005Z,W4140709,6420,46.79263,7.12043,28078.4,6.6,1.7,309.5,-52.9,-1.0,-1.0,RS41-SG,403.501,8.5,-875,10,2.6,,
2026-10-03T00:23:51.005Z,W4140709,6422,46.79264,7.12042,28090.8,4.8,0.4,175.3,-52.9,-1.0,-1.0,RS41-SG,403.501,7.3,-875,10,2.5,,
2026-10-03T00:23:52.005Z,W4140709,6423,46.79264,7.12042,28095.7,5.0,0.9,176.1,-52.9,-1.0,-1.0,RS41-SG,403.501,8.9,-875,10,2.5,,
2026-10-03T00:23:53.005Z,W4140709,6424,46.79263,7.12041,28101.4,6.5,0.9,222.9,-52.9,-1.0,-1.0,RS41-SG,403.501,8.9,-875,10,2.5,,
2026-10-03T00:23:54.005Z,W4140709,6425,46.79262,7.12040,28108.2,7.0,1.8,262.7,-52.9,-1.0,-1.0,RS41-SG,403.501,8.8,-875,10,2.6,,
2026-10-03T00:23:55.005Z,W4140709,6426,46.79262,7.12037,28114.8,6.1,3.0,269.1,-52.9,-1.0,-1.0,RS41-SG,403.501,8.9,-875,10,2.6,,
2026-10-03T00:23:56.005Z,W4140709,6427,46.79262,7.12032,28120.8,5.8,4.0,263.6,-52.9,-1.0,-1.0,RS41-SG,403.501,8.9,-875,10,2.5,,
2026-10-03T00:23:57.005Z,W4140709,6428,46.79261,7.12026,28126.8,6.3,4.8,253.4,-52.9,-1.0,-1.0,RS41-SG,403.501,8.6,-875,10,2.5,,
2026-10-03T00:23:58.005Z,W4140709,6429,46.79260,7.12021,28133.2,6.4,4.8,245.4,-52.9,-1.0,-1.0,RS41-SG,403.501,8.6,-875,10,2.5,,
2026-10-03T00:24:00.005Z,W4140709,6431,46.79256,7.12011,28144.8,5.7,2.9,242.1,-53.0,-1.0,-1.0,RS41-SG,403.501,7.5,-875,10,2.6,,
2026-10-03T00:24:03.005Z,W4140709,6434,46.79260,7.12009,28162.7,5.0,4.3,12.2,-52.9,-1.0,-1.0,RS41-SG,403.501,7.2,-875,10,2.5,,
2026-10-03T00:24:04.005Z,W4140709,6435,46.79264,7.12010,28167.6,4.7,5.2,19.6,-52.9,-1.0,-1.0,RS41-SG,403.501,8.4,-875,10,2.5,,
2026-10-03T00:24:05.005Z,W4140709,6436,46.79268,7.12013,28173.1,6.4,5.0,30.2,-52.8,-1.0,-1.0,RS41-SG,403.501,8.4,-875,10,2.5,,
2026-10-03T00:24:07.005Z,W4140709,6438,46.79273,7.12020,28186.8,5.7,2.5,79.7,-52.7,-1.0,-1.0,RS41-SG,403.501,7.4,-875,10,2.6,,
2026-10-03T00:24:08.005Z,W4140709,6439,46.79272,7.12023,28192.0,4.8,2.1,125.2,-52.7,-1.0,-1.0,RS41-SG,403.501,7.4,-875,10,2.5,,
2026-10-03T00:24:10.005Z,W4140709,6441,46.79269,7.12024,28203.7,7.0,2.0,198.5,-52.6,-1.0,-1.0,RS41-SG,403.501,7.9,-875,10,2.5,,
2026-10-03T00:24:11.005Z,W4140709,6442,46.79267,7.12023,28209.7,5.3,1.8,226.6,-52.6,-1.0,-1.0,RS41-SG,403.501,7.9,-875,10,2.5,,
2026-10-03T00:24:12.005Z,W4140709,6443,46.79267,7.12021,28214.9,5.2,1.7,248.5,-52.6,-1.0,-1.0,RS41-SG,403.501,7.3,-875,10,2.6,,
2026-10-03T00:24:13.005Z,W4140709,6444,46.79266,7.12019,28220.8,6.5,1.4,251.2,-52.6,-1.0,-1.0,RS41-SG,403.501,7.3,-875,10,2.6,,
2026-10-03T00:24:14.005Z,W4140709,6445,46.79266,7.12018,28227.6,7.1,0.9,217.1,-52.6,-1.0,-1.0,RS41-SG,403.501,7.7,-875,10,2.5,,
2026-10-03T00:24:17.005Z,W4140709,6448,46.79264,7.12023,28245.3,5.2,3.2,82.0,-52.7,-1.0,-1.0,RS41-SG,403.501,7.8,-875,10,2.5,,
2026-10-03T00:24:18.005Z,W4140709,6449,46.79265,7.12028,28250.9,6.0,4.7,64.7,-52.7,-1.0,-1.0,RS41-SG,403.501,7.8,-875,10,2.6,,
2026-10-03T00:24:21.005Z,W4140709,6452,46.79273,7.12045,28268.7,6.3,4.8,56.8,-52.6,-1.0,-1.0,RS41-SG,403.501,7.2,-875,10,2.5,,
2026-10-03T00:24:23.005Z,W4140709,6454,46.79274,7.12053,28282.8,6.4,2.1,135.1,-52.6,-1.0,-1.0,RS41-SG,403.501,7.4,-875,10,2.5,,
2026-10-03T00:24:24.005Z,W4140709,6455,46.79272,7.12054,28288.1,4.3,3.1,171.9,-52.6,-1.0,-1.0,RS41-SG,403.501,7.4,-875,10,2.6,,
2026-10-03T00:24:25.005Z,W4140709,6456,46.79269,7.12054,28292.7,5.0,4.3,189.6,-52.6,-1.0,-1.0,RS41-SG,403.501,7.9,-875,10,2.6,,
2026-10-03T00:24:26.005Z,W4140709,6457,46.79265,7.12052,28298.7,6.8,4.1,201.0,-52.5,-1.0,-1.0,RS41-SG,403.501,7.9,-875,10,2.5,,
2026-10-03T00:24:27.005Z,W4140709,6458,46.79263,7.12050,28305.4,6.4,3.0,214.5,-52.5,-1.0,-1.0,RS41-SG,403.501,7.9,-875,10,2.5,,
2026-10-03T00:24:28.005Z,W4140709,6459,46.79261,7.12048,28311.2,5.2,2.0,239.8,-52.5,-1.0,-1.0,RS41-SG,403.501,7.9,-875,10,2.5,,
2026-10-03T00:24:29.005Z,W4140709,6460,46.79261,7.12046,28316.8,5.8,1.6,270.9,-52.5,-1.0,-1.0,RS41-SG,403.501,7.5,-875,10,2.5,,
2026-10-03T00:24:31.005Z,W4140709,6462,46.79261,7.12043,28330.3,6.7,0.7,312.5,-52.5,-1.0,-1.0,RS41-SG,403.501,8.3,-875,10,2.6,,
2026-10-03T00:24:35.005Z,W4140709,6466,46.79264,7.12052,28354.7,6.6,4.4,70.6,-52.6,-1.0,-1.0,RS41-SG,403.501,7.4,-875,10,2.6,,
2026-10-03T00:24:36.005Z,W4140709,6467,46.79265,7.12058,28361.3,6.5,4.8,71.6,-52.6,-1.0,-1.0,RS41-SG,403.501,7.6,-875,10,2.6,,
2026-10-03T00:24:37.005Z,W4140709,6468,46.79266,7.12063,28367.4,5.7,4.2,76.5,-52.6,-1.0,-1.0,RS41-SG,403.501,7.8,-875,10,2.5,,
2026-10-03T00:24:38.005Z,W4140709,6469,46.79266,7.12068,28373.2,6.0,2.7,96.2,-52.7,-1.0,-1.0,RS41-SG,403.501,8.4,-875,10,2.5,,
2026-10-03T00:24:39.005Z,W4140709,6470,46.79265,7.12070,28379.5,6.4,2.2,164.7,-52.7,-1.0,-1.0,RS41-SG,403.501,8.4,-875,10,2.5,,
2026-10-03T00:24:40.005Z,W4140709,6471,46.79263,7.12069,28385.8,6.0,4.1,200.8,-52.8,-1.0,-1.0,RS41-SG,403.501,6.9,-875,10,2.5,,
2026-10-03T00:24:41.005Z,W4140709,6472,46.79259,7.12066,28391.3,5.1,5.7,208.8,-52.8,-1.0,-1.0,RS41-SG,403.501,8.4,-875,10,2.6,,
2026-10-03T00:24:44.005Z,W4140709,6475,46.79247,7.12059,28409.7,7.5,2.0,166.9,-52.9,-1.0,-1.0,RS41-SG,403.501,8.1,-875,10,2.5,,
2026-10-03T00:24:45.005Z,W4140709,6476,46.79247,7.12060,28416.7,6.2,2.5,77.5,-53.0,-1.0,-1.0,RS41-SG,403.501,8.1,-875,10,2.5,,
2026-10-03T00:24:46.005Z,W4140709,6477,46.79248,7.12065,28421.9,4.1,4.7,59.6,-53.0,-1.0,-1.0,RS41-SG,403.501,8.4,-875,10,2.5,,
2026-10-03T00:24:47.005Z,W4140709,6478,46.79251,7.12071,28426.3,4.8,6.4,51.6,-53.0,-1.0,-1.0,RS41-SG,403.501,8.6,-875,10,2.6,,
2026-10-03T00:24:48.005Z,W4140709,6479,46.79255,7.12077,28432.3,7.3,6.3,48.0,-53.0,-1.0,-1.0,RS41-SG,403.501,8.9,-875,10,2.6,,
2026-10-03T00:24:52.005Z,W4140709,6483,46.79260,7.12092,28457.3,6.2,2.5,134.6,-53.1,-1.0,-1.0,RS41-SG,403.501,8.0,-875,10,2.5,,
2026-10-03T00:24:54.005Z,W4140709,6485,46.79255,7.12097,28469.9,5.7,3.5,148.7,-53.2,-1.0,-1.0,RS41-SG,403.501,8.8,-875,10,2.6,,
2026-10-03T00:24:55.005Z,W4140709,6486,46.79253,7.12099,28475.2,4.8,3.1,152.2,-53.2,-1.0,-1.0,RS41-SG,403.501,8.8,-875,10,2.5,,
2026-10-03T00:24:56.005Z,W4140709,6487,46.79250,7.12101,28480.8,6.3,1.9,163.6,-53.2,-1.0,-1.0,RS41-SG,403.501,7.4,-875,10,2.5,,
2026-10-03T00:24:57.005Z,W4140709,6488,46.79249,7.12100,28487.3,6.8,0.9,229.7,-53.2,0.8,-1.0,RS41-SG,403.501,8.8,-875,10,2.5,,
2026-10-03T00:25:00.005Z,W4140709,6491,46.79252,7.12097,28506.3,7.2,2.3,13.1,-53.3,0.8,-1.0,RS41-SG,403.501,7.7,-875,10,2.6,,
2026-10-03T00:25:02.005Z,W4140709,6493,46.79256,7.12104,28519.3,4.9,4.8,59.7,-53.2,0.7,-1.0,RS41-SG,403.501,7.2,-875,10,2.5,,
2026-10-03T00:25:05.005Z,W4140709,6496,46.79258,7.12124,28537.6,6.7,4.7,106.6,-53.2,0.7,-1.0,RS41-SG,403.501,7.3,-875,10,2.6,,
2026-10-03T00:25:06.005Z,W4140709,6497,46.79257,7.12129,28543.5,4.9,4.3,122.9,-53.2,0.7,-1.0,RS41-SG,403.501,7.3,-875,10,2.6,,
2026-10-03T00:25:07.005Z,W4140709,6498,46.79254,7.12133,28549.0,6.0,4.4,141.5,-53.2,0.7,-1.0,RS41-SG,403.501,7.3,-875,10,2.5,,
2026-10-03T00:25:08.005Z,W4140709,6499,46.79251,7.12137,28555.4,6.5,5.0,146.1,-53.2,0.8,-1.0,RS41-SG,403.501,8.4,-875,10,2.5,,
2026-10-03T00:25:10.005Z,W4140709,6501,46.79243,7.12145,28567.2,5.1,5.7,140.9,-53.2,0.7,-1.0,RS41-SG,403.501,7.9,-875,10,2.5,,
2026-10-03T00:25:11.005Z,W4140709,6502,46.79239,7.12149,28572.6,5.6,5.0,139.0,-53.2,0.7,-1.0,RS41-SG,403.501,8.2,-875,10,2.6,,
2026-10-03T00:25:15.005Z,W4140709,6506,46.79232,7.12158,28597.7,5.4,0.9,38.5,-53.3,0.7,-1.0,RS41-SG,403.501,6.9,-875,10,2.5,,
2026-10-03T00:25:24.005Z,W4140709,6515,46.79239,7.12215,28651.2,4.5,6.1,156.8,-53.5,0.8,-1.0,RS41-SG,403.501,7.8,-875,10,2.5,,
2026-10-03T00:25:35.005Z,W4140709,6526,46.79240,7.12274,28717.5,6.9,7.7,115.0,-53.7,0.8,-1.0,RS41-SG,403.501,7.9,-875,10,2.6,,
2026-10-03T00:25:36.005Z,W4140709,6527,46.79237,7.12283,28724.0,6.0,7.3,115.2,-53.7,0.8,-1.0,RS41-SG,403.501,8.7,-875,10,2.5,,
2026-10-03T00:25:37.005Z,W4140709,6528,46.79235,7.12291,28729.9,5.7,6.3,116.6,-53.7,0.8,-1.0,RS41-SG,403.501,8.7,-875,10,2.5,,
2026-10-03T00:25:41.005Z,W4140709,6532,46.79230,7.12307,28755.8,7.3,2.1,62.0,-53.8,0.7,-1.0,RS41-SG,403.501,6.8,-875,10,2.6,,
2026-10-03T00:25:42.005Z,W4140709,6533,46.79231,7.12310,28763.3,7.4,4.4,46.0,-53.8,0.8,-1.0,RS41-SG,403.501,6.8,-875,10,2.5,,
2026-10-03T00:25:46.005Z,W4140709,6537,46.79246,7.12342,28786.2,6.7,8.9,74.4,-53.9,0.8,-1.0,RS41-SG,403.501,6.8,-875,10,2.6,,
2026-10-03T00:29:17.005Z,W4140709,6748,46.78588,7.13876,30025.8,5.0,9.7,129.0,-51.5,0.6,-1.0,RS41-SG,403.501,6.5,-875,10,2.6,,
2026-10-03T00:30:12.005Z,W4140709,6803,46.78214,7.14258,30352.6,5.3,10.4,162.2,-51.7,0.7,-1.0,RS41-SG,403.501,7.9,-875,10,2.5,,
2026-10-03T00:30:13.005Z,W4140709,6804,46.78204,7.14262,30358.3,6.1,12.0,165.7,-51.8,0.6,-1.0,RS41-SG,403.501,7.9,-875,10,2.5,,
2026-10-03T00:30:19.005Z,W4140709,6810,46.78146,7.14292,30396.7,4.3,9.2,136.0,-51.9,0.7,-1.0,RS41-SG,403.501,7.6,-875,10,2.5,,
2026-10-03T00:30:22.005Z,W4140709,6813,46.78132,7.14314,30412.9,7.0,6.0,143.7,-51.8,0.7,-1.0,RS41-SG,403.501,7.9,-875,10,2.6,,
2026-10-03T00:30:31.005Z,W4140709,6822,46.78069,7.14364,30465.1,6.9,12.4,141.0,-51.8,0.7,-1.0,RS41-SG,403.501,7.3,-875,10,2.5,,
2026-10-03T00:30:35.005Z,W4140709,6826,46.78040,7.14395,30491.4,6.7,6.3,136.8,-51.8,0.7,-1.0,RS41-SG,403.501,7.2,-875,10,2.5,,
2026-10-03T00:30:37.005Z,W4140709,6828,46.78034,7.14405,30501.5,4.9,4.0,118.6,-51.8,0.6,-1.0,RS41-SG,403.501,8.0,-875,10,2.5,,
2026-10-03T00:31:13.005Z,W4140709,6864,46.77822,7.14620,30717.5,6.3,11.9,151.2,-51.2,0.6,-1.0,RS41-SG,403.501,7.4,-875,10,2.6,,
2026-10-03T00:31:14.005Z,W4140709,6865,46.77812,7.14628,30723.8,6.3,13.6,151.6,-51.2,0.6,-1.0,RS41-SG,403.501,7.4,-875,10,2.6,,
2026-10-03T00:31:19.005Z,W4140709,6870,46.77766,7.14670,30754.2,5.4,8.1,132.7,-51.2,0.6,-1.0,RS41-SG,403.501,7.3,-875,10,2.6,,
2026-10-03T00:31:21.005Z,W4140709,6872,46.77759,7.14683,30764.4,5.4,5.2,133.1,-51.1,0.6,-1.0,RS41-SG,403.501,8.2,-875,10,2.5,,
2026-10-03T00:31:31.005Z,W4140709,6882,46.77681,7.14740,30824.6,7.0,11.1,134.5,-50.6,0.6,-1.0,RS41-SG,403.501,8.5,-875,10,2.6,,
2026-10-03T00:31:32.005Z,W4140709,6883,46.77674,7.14749,30831.8,7.5,9.9,140.4,-50.5,0.6,-1.0,RS41-SG,403.501,8.7,-875,10,2.6,,
2026-10-03T00:31:33.005Z,W4140709,6884,46.77667,7.14756,30838.5,6.0,8.8,148.3,-50.4,0.6,-1.0,RS41-SG,403.501,8.7,-875,10,2.5,,
2026-10-03T00:31:34.005Z,W4140709,6885,46.77661,7.14761,30844.0,5.0,7.6,158.0,-50.3,0.6,-1.0,RS41-SG,403.501,8.7,-875,10,2.5,,
2026-10-03T00:31:35.005Z,W4140709,6886,46.77655,7.14764,30849.2,5.3,6.4,167.9,-50.2,0.6,-1.0,RS41-SG,403.501,7.3,-875,10,2.5,,
2026-10-03T00:31:38.005Z,W4140709,6889,46.77641,7.14767,30867.3,6.2,5.2,168.0,-50.1,0.5,-1.0,RS41-SG,403.501,7.4,-875,10,2.5,,
2026-10-03T00:31:56.005Z,W4140709,6907,46.77495,7.14858,30975.6,6.0,12.5,141.9,-50.1,0.6,-1.0,RS41-SG,403.501,7.3,-875,10,2.5,,
2026-10-03T00:31:58.005Z,W4140709,6909,46.77476,7.14880,30987.9,5.4,14.9,143.9,-50.1,0.6,-1.0,RS41-SG,403.501,8.6,-875,10,2.5,,
2026-10-03T00:31:59.005Z,W4140709,6910,46.77465,7.14891,30993.4,5.7,14.6,146.1,-50.2,0.6,-1.0,RS41-SG,403.501,8.6,-875,10,2.5,,
2026-10-03T00:32:00.005Z,W4140709,6911,46.77454,7.14901,30999.7,6.7,13.5,146.6,-50.2,0.6,-1.0,RS41-SG,403.501,8.8,-875,10,2.6,,
2026-10-03T00:32:01.005Z,W4140709,6912,46.77445,7.14910,31006.6,7.0,11.7,145.9,-50.2,0.6,-1.0,RS41-SG,403.501,8.8,-875,10,2.6,,
2026-10-03T00:32:02.005Z,W4140709,6913,46.77437,7.14918,31012.9,5.6,10.2,145.2,-50.2,0.6,-1.0,RS41-SG,403.501,7.5,-875,10,2.5,,
2026-10-03T00:32:03.005Z,W4140709,6914,46.77430,7.14925,31018.4,5.4,8.7,148.3,-50.2,0.6,-1.0,RS41-SG,403.501,8.6,-875,10,2.5,,
2026-10-03T00:32:04.005Z,W4140709,6915,46.77423,7.14930,31024.2,6.1,8.0,157.7,-50.2,0.6,-1.0,RS41-SG,403.501,9.1,-875,10,2.5,,
2026-10-03T00:32:06.005Z,W4140709,6917,46.77408,7.14934,31037.2,5.9,9.4,177.1,-50.1,0.6,-1.0,RS41-SG,403.501,7.5,-875,10,2.6,,
2026-10-03T00:32:08.005Z,W4140709,6919,46.77390,7.14936,31049.0,6.2,10.7,173.8,-50.1,0.6,-1.0,RS41-SG,403.501,8.4,-875,10,2.5,,
2026-10-03T00:32:11.005Z,W4140709,6922,46.77364,7.14951,31068.0,6.3,10.8,140.7,-50.2,0.6,-1.0,RS41-SG,403.501,8.5,-875,10,2.6,,
2026-10-03T00:32:12.005Z,W4140709,6923,46.77357,7.14960,31073.9,5.6,11.4,134.9,-50.2,0.6,-1.0,RS41-SG,403.501,8.5,-875,10,2.6,,
2026-10-03T00:32:13.005Z,W4140709,6924,46.77349,7.14971,31079.7,5.7,12.0,134.1,-50.2,0.6,-1.0,RS41-SG,403.501,7.7,-875,10,2.5,,
2026-10-03T00:32:14.005Z,W4140709,6925,46.77341,7.14982,31085.9,6.8,12.5,139.9,-50.3,0.6,-1.0,RS41-SG,403.501,7.7,-875,10,2.5,,
2026-10-03T00:32:15.005Z,W4140709,6926,46.77332,7.14992,31093.0,7.4,12.9,149.9,-50.3,0.6,-1.0,RS41-SG,403.501,7.7,-875,10,2.5,,
2026-10-03T00:32:16.005Z,W4140709,6927,46.77322,7.14999,31099.9,6.2,12.8,160.1,-50.4,0.6,-1.0,RS41-SG,403.501,8.1,-875,10,2.5,,
2026-10-03T00:32:18.005Z,W4140709,6929,46.77300,7.15004,31110.6,5.1,11.2,182.2,-50.4,0.6,-1.0,RS41-SG,403.501,7.9,-875,10,2.6,,
2026-10-03T00:32:26.005Z,W4140709,6937,46.77255,7.15032,31157.5,5.2,15.8,135.4,-50.1,0.6,-1.0,RS41-SG,403.501,7.1,-875,10,2.5,,
2026-10-03T00:32:27.005Z,W4140709,6938,46.77243,7.15047,31162.6,5.1,17.6,140.0,-50.0,0.6,-1.0,RS41-SG,403.501,7.1,-875,10,2.5,,
2026-10-03T00:32:28.005Z,W4140709,6939,46.77231,7.15061,31168.2,6.1,17.1,145.1,-50.0,0.6,-1.0,RS41-SG,403.501,8.1,-875,10,2.5,,
2026-10-03T00:32:32.005Z,W4140709,6943,46.77196,7.15081,31194.3,3.2,4.8,194.2,-50.1,0.6,-1.0,RS41-SG,403.501,9.0,-875,10,2.5,,
2026-10-03T00:32:33.005Z,W4140709,6944,46.77193,7.15079,31197.7,3.7,3.6,229.8,-50.2,0.6,-1.0,RS41-SG,403.501,9.0,-875,10,2.5,,
2026-10-03T00:32:34.005Z,W4140709,6945,46.77191,7.15075,31202.9,6.7,3.3,239.7,-50.2,0.6,-1.0,RS41-SG,403.501,8.1,-875,10,2.6,,
2026-10-03T00:32:36.005Z,W4140709,6947,46.77185,7.15072,31218.5,7.1,5.0,172.1,-50.2,0.6,-1.0,RS41-SG,403.501,8.2,-875,10,2.5,,
2026-10-03T00:32:38.005Z,W4140709,6949,46.77173,7.15079,31229.8,4.8,10.5,147.8,-50.2,0.6,-1.0,RS41-SG,403.501,7.5,-875,10,2.5,,
2026-10-03T00:32:40.005Z,W4140709,6951,46.77155,7.15100,31241.3,5.7,14.2,138.7,-50.1,0.6,-1.0,RS41-SG,403.501,7.6,-875,10,2.6,,
2026-10-03T00:32:42.005Z,W4140709,6953,46.77136,7.15125,31253.2,6.9,14.8,140.2,-50.1,0.6,-1.0,RS41-SG,403.501,6.9,-875,10,2.5,,
2026-10-03T00:32:43.005Z,W4140709,6954,46.77125,7.15136,31260.4,7.5,14.4,144.3,-50.1,0.6,-1.0,RS41-SG,403.501,7.5,-875,10,2.5,,
2026-10-03T00:32:44.005Z,W4140709,6955,46.77115,7.15146,31267.6,6.7,13.7,150.7,-50.1,0.6,-1.0,RS41-SG,403.501,7.5,-875,10,2.5,,
2026-10-03T00:32:45.005Z,W4140709,6956,46.77105,7.15153,31274.2,6.6,11.9,158.6,-50.1,0.6,-1.0,RS41-SG,403.501,7.4,-875,10,2.5,,
2026-10-03T00:32:47.005Z,W4140709,6958,46.77088,7.15158,31287.3,6.1,6.9,184.7,-50.1,0.6,-1.0,RS41-SG,403.501,7.7,-875,10,2.6,,
2026-10-03T00:32:48.005Z,W4140709,6959,46.77083,7.15156,31292.8,4.9,5.3,201.1,-50.1,0.6,-1.0,RS41-SG,403.501,7.7,-875,10,2.5,,
2026-10-03T00:32:55.005Z,W4140709,6966,46.77044,7.15182,31335.6,7.0,12.4,135.5,-49.8,0.6,-1.0,RS41-SG,403.501,7.2,-875,10,2.5,,
2026-10-03T00:32:56.005Z,W4140709,6967,46.77036,7.15193,31342.7,7.0,11.5,134.5,-49.8,0.6,-1.0,RS41-SG,403.501,8.7,-875,10,2.5,,
2026-10-03T00:32:58.005Z,W4140709,6969,46.77023,7.15211,31355.2,6.3,8.4,144.8,-49.8,0.6,-1.0,RS41-SG,403.501,7.4,-875,10,2.6,,
2026-10-03T00:33:00.005Z,W4140709,6971,46.77011,7.15218,31368.5,6.5,7.3,171.9,-49.7,0.5,-1.0,RS41-SG,403.501,7.4,-875,10,2.5,,
2026-10-03T00:33:01.005Z,W4140709,6972,46.77004,7.15219,31374.4,5.1,7.0,181.8,-49.7,0.5,-1.0,RS41-SG,403.501,7.6,-875,10,2.5,,
2026-10-03T00:33:02.005Z,W4140709,6973,46.76998,7.15218,31379.9,5.8,6.7,193.1,-49.7,0.5,-1.0,RS41-SG,403.501,7.6,-875,10,2.5,,
2026-10-03T00:33:04.005Z,W4140709,6975,46.76989,7.15212,31392.6,6.5,4.2,209.9,-49.6,0.5,-1.0,RS41-SG,403.501,6.2,-875,10,2.6,,
2026-10-03T00:33:08.005Z,W4140709,6979,46.76978,7.15213,31416.7,6.4,6.1,149.3,-49.5,0.6,-1.0,RS41-SG,403.501,6.9,-875,10,2.5,,
2026-10-03T00:33:09.005Z,W4140709,6980,46.76972,7.15218,31423.3,6.6,9.0,147.7,-49.5,0.6,-1.0,RS41-SG,403.501,6.9,-875,10,2.6,,
2026-10-03T00:33:10.005Z,W4140709,6981,46.76965,7.15225,31429.1,5.0,10.8,147.2,-49.6,0.5,-1.0,RS41-SG,403.501,7.5,-875,10,2.6,,
2026-10-03T00:33:12.005Z,W4140709,6983,46.76948,7.15241,31440.3,6.9,10.8,144.4,-49.6,0.5,-1.0,RS41-SG,403.501,6.5,-875,10,2.5,,
2026-10-03T00:33:14.005Z,W4140709,6985,46.76937,7.15255,31454.7,6.1,6.1,131.4,-49.6,0.6,-1.0,RS41-SG,403.501,7.3,-875,10,2.5,,
2026-10-03T00:33:15.005Z,W4140709,6986,46.76934,7.15261,31460.0,4.4,4.3,116.4,-49.7,0.5,-1.0,RS41-SG,403.501,7.3,-875,10,2.6,,
2026-10-03T00:33:16.005Z,W4140709,6987,46.76933,7.15265,31464.7,4.8,3.4,93.7,-49.6,0.5,-1.0,RS41-SG,403.501,6.7,-875,10,2.6,,
2026-10-03T00:33:17.005Z,W4140709,6988,46.76933,7.15270,31470.6,6.7,3.4,90.7,-49.6,0.6,-1.0,RS41-SG,403.501,8.1,-875,10,2.5,,
2026-10-03T00:33:19.005Z,W4140709,6990,46.76931,7.15280,31484.7,6.2,5.0,117.0,-49.5,0.5,-1.0,RS41-SG,403.501,6.9,-875,10,2.5,,
2026-10-03T00:33:21.005Z,W4140709,6992,46.76925,7.15293,31496.3,5.9,7.1,125.5,-49.3,0.5,-1.0,RS41-SG,403.501,7.8,-875,10,2.6,,
2026-10-03T00:33:32.005Z,W4140709,7003,46.76880,7.15387,31567.6,6.4,5.6,113.4,-49.0,0.5,-1.0,RS41-SG,403.501,6.8,-875,10,2.6,,
2026-10-03T00:33:43.005Z,W4140709,7014,46.76821,7.15495,31636.2,5.0,10.6,104.1,-49.2,0.5,-1.0,RS41-SG,403.501,6.8,-875,10,2.5,,
2026-10-03T00:33:45.005Z,W4140709,7016,46.76818,7.15518,31647.9,6.9,8.4,103.8,-49.2,0.5,-1.0,RS41-SG,403.501,7.6,-875,10,2.6,,
2026-10-03T00:33:46.005Z,W4140709,7017,46.76815,7.15528,31655.2,7.4,7.7,115.7,-49.2,0.6,-1.0,RS41-SG,403.501,7.6,-875,10,2.5,,
2026-10-03T00:33:47.005Z,W4140709,7018,46.76811,7.15537,31662.0,6.2,8.1,130.4,-49.2,0.5,-1.0,RS41-SG,403.501,7.4,-875,10,2.5,,
2026-10-03T00:33:49.005Z,W4140709,7020,46.76800,7.15552,31672.5,5.2,9.5,143.1,-49.3,0.5,-1.0,RS41-SG,403.501,7.0,-875,10,2.6,,
2026-10-03T00:33:56.005Z,W4140709,7027,46.76759,7.15619,31718.6,6.8,11.7,130.4,-49.4,0.6,-1.0,RS41-SG,403.501,7.4,-875,10,2.6,,
2026-10-03T00:33:58.005Z,W4140709,7029,46.76745,7.15642,31731.0,6.3,12.0,133.2,-49.4,0.5,-1.0,RS41-SG,403.501,7.0,-875,10,2.5,,
2026-10-03T00:34:05.005Z,W4140709,7036,46.76709,7.15715,31777.1,5.3,10.6,130.1,-49.4,0.5,-1.0,RS41-SG,403.501,7.9,-875,10,2.5,,
2026-10-03T00:34:07.005Z,W4140709,7038,46.76696,7.15737,31789.5,7.1,10.9,125.3,-49.3,0.5,-1.0,RS41-SG,403.501,7.1,-875,10,2.6,,
2026-10-03T00:34:16.005Z,W4140709,7047,46.76654,7.15832,31848.0,6.8,7.3,122.2,-49.2,0.5,-1.0,RS41-SG,403.501,7.3,-875,10,2.5,,
2026-10-03T00:34:25.005Z,W4140709,7056,46.76616,7.15943,31905.2,7.0,9.7,120.3,-49.4,0.5,-1.0,RS41-SG,403.501,7.2,-875,10,2.6,,
2026-10-03T00:34:35.005Z,W4140709,7066,46.76590,7.16045,31967.4,6.0,10.1,104.1,-49.4,0.6,-1.0,RS41-SG,403.501,7.7,-875,10,2.6,,
2026-10-03T00:34:39.005Z,W4140709,7070,46.76574,7.16093,31992.3,5.8,10.0,131.3,-49.4,0.5,-1.0,RS41-SG,403.501,8.4,-875,10,2.5,,
2026-10-03T00:34:44.005Z,W4140709,7075,46.76556,7.16118,32024.4,5.8,2.9,84.6,-49.4,0.5,-1.0,RS41-SG,403.501,6.9,-875,10,2.5,,
2026-10-03T00:34:47.005Z,W4140709,7078,46.76558,7.16143,32043.4,6.8,10.7,92.5,-49.1,0.5,-1.0,RS41-SG,403.501,7.8,-875,10,2.6,,
2026-10-03T00:34:49.005Z,W4140709,7080,46.76554,7.16175,32054.5,5.4,13.5,105.6,-49.0,0.5,-1.0,RS41-SG,403.501,7.2,-875,10,2.5,,
2026-10-03T00:34:50.005Z,W4140709,7081,46.76551,7.16191,32060.8,7.2,12.8,112.9,-48.9,0.5,-1.0,RS41-SG,403.501,7.3,-875,10,2.5,,
2026-10-03T00:34:51.005Z,W4140709,7082,46.76546,7.16205,32068.3,7.8,10.6,121.1,-48.9,0.5,-1.0,RS41-SG,403.501,7.3,-875,10,2.5,,
2026-10-03T00:34:52.005Z,W4140709,7083,46.76541,7.16215,32075.2,5.8,8.5,129.0,-48.8,0.5,-1.0,RS41-SG,403.501,7.7,-875,10,2.5,,
2026-10-03T00:34:53.005Z,W4140709,7084,46.76536,7.16222,32080.2,4.3,6.5,139.0,-48.8,0.5,-1.0,RS41-SG,403.501,7.7,-875,10,2.6,,
2026-10-03T00:35:40.005Z,W4140709,7131,46.76326,7.16655,32364.4,4.7,1.8,87.1,-48.2,0.5,-1.0,RS41-SG,403.501,6.8,-875,10,2.5,,
2026-10-03T00:35:48.005Z,W4140709,7139,46.76298,7.16717,32413.4,4.5,11.3,159.8,-47.7,0.5,-1.0,RS41-SG,403.501,6.5,-875,10,2.5,,
2026-10-03T00:35:52.005Z,W4140709,7143,46.76269,7.16734,32438.3,5.1,6.3,138.2,-47.5,0.5,-1.0,RS41-SG,403.501,6.7,-875,10,2.5,,
2026-10-03T00:36:09.005Z,W4140709,7160,46.76196,7.16826,32543.3,5.0,5.0,110.4,-46.9,0.4,-1.0,RS41-SG,403.501,6.4,-875,10,2.5,,
2026-10-03T00:36:10.005Z,W4140709,7161,46.76195,7.16833,32548.1,4.7,6.5,101.7,-46.9,0.4,-1.0,RS41-SG,403.501,8.3,-875,10,2.5,,
2026-10-03T00:36:12.005Z,W4140709,7163,46.76191,7.16852,32560.3,7.3,8.5,114.7,-46.8,0.4,-1.0,RS41-SG,403.501,7.9,-875,10,2.5,,
2026-10-03T00:36:14.005Z,W4140709,7165,46.76182,7.16870,32572.7,5.3,9.1,134.3,-46.8,0.5,-1.0,RS41-SG,403.501,7.4,-875,10,2.6,,
2026-10-03T00:36:15.005Z,W4140709,7166,46.76176,7.16879,32578.2,5.6,9.5,139.7,-46.8,0.4,-1.0,RS41-SG,403.501,7.4,-875,10,2.5,,
2026-10-03T00:36:16.005Z,W4140709,7167,46.76169,7.16887,32584.3,6.6,9.6,140.4,-46.8,0.4,-1.0,RS41-SG,403.501,7.4,-875,10,2.5,,
2026-10-03T00:36:18.005Z,W4140709,7169,46.76157,7.16903,32597.8,5.8,8.6,136.4,-46.7,0.4,-1.0,RS41-SG,403.501,7.8,-875,10,2.6,,
2026-10-03T00:36:19.005Z,W4140709,7170,46.76152,7.16910,32603.4,5.5,7.6,136.7,-46.7,0.4,-1.0,RS41-SG,403.501,8.9,-875,10,2.6,,
2026-10-03T00:36:20.005Z,W4140709,7171,46.76147,7.16916,32609.4,6.4,6.6,142.6,-46.7,0.4,-1.0,RS41-SG,403.501,8.9,-875,10,2.5,,
2026-10-03T00:36:26.005Z,W4140709,7177,46.76119,7.16947,32648.7,5.6,9.0,117.0,-46.6,0.4,-1.0,RS41-SG,403.501,6.3,-875,10,2.5,,
2026-10-03T00:36:36.005Z,W4140709,7187,46.76073,7.17043,32706.8,6.5,5.1,104.7,-46.2,0.4,-1.0,RS41-SG,403.501,7.7,-875,10,2.6,,
2026-10-03T00:36:37.005Z,W4140709,7188,46.76072,7.17050,32712.8,5.5,6.0,94.2,-46.2,0.4,-1.0,RS41-SG,403.501,7.9,-875,10,2.5,,
2026-10-03T00:36:40.005Z,W4140709,7191,46.76067,7.17077,32732.5,7.0,8.6,123.9,-46.0,0.4,-1.0,RS41-SG,403.501,8.3,-875,10,2.5,,
2026-10-03T00:36:42.005Z,W4140709,7193,46.76053,7.17094,32745.4,5.2,11.2,149.8,-45.9,0.4,-1.0,RS41-SG,403.501,7.2,-875,10,2.6,,
2026-10-03T00:36:43.005Z,W4140709,7194,46.76044,7.17100,32750.4,4.7,11.7,157.0,-45.9,0.4,-1.0,RS41-SG,403.501,7.2,-875,10,2.5,,
2026-10-03T00:36:44.005Z,W4140709,7195,46.76035,7.17106,32755.6,5.5,11.2,161.1,-46.0,0.4,-1.0,RS41-SG,403.501,7.9,-875,10,2.5,,
2026-10-03T00:36:49.005Z,W4140709,7200,46.76011,7.17127,32786.1,5.5,4.1,102.7,-46.1,0.4,-1.0,RS41-SG,403.501,7.0,-875,10,2.5,,
2026-10-03T00:36:52.005Z,W4140709,7203,46.76005,7.17143,32806.4,5.6,6.1,138.3,-46.2,0.4,-1.0,RS41-SG,403.501,7.2,-875,10,2.6,,
2026-10-03T00:36:53.005Z,W4140709,7204,46.76000,7.17149,32812.2,5.7,7.4,143.3,-46.2,0.4,-1.0,RS41-SG,403.501,7.2,-875,10,2.6,,
2026-10-03T00:36:55.005Z,W4140709,7206,46.75989,7.17162,32824.9,7.0,8.3,136.7,-46.3,0.4,-1.0,RS41-SG,403.501,7.2,-875,10,2.5,,
2026-10-03T00:36:56.005Z,W4140709,7207,46.75984,7.17169,32831.9,7.1,7.8,130.5,-46.3,0.4,-1.0,RS41-SG,403.501,8.2,-875,10,2.5,,
2026-10-03T00:36:57.005Z,W4140709,7208,46.75980,7.17177,32838.4,5.8,7.2,126.0,-46.3,0.4,-1.0,RS41-SG,403.501,8.2,-875,10,2.5,,
2026-10-03T00:36:58.005Z,W4140709,7209,46.75976,7.17184,32844.3,5.7,6.2,123.7,-46.4,0.5,-1.0,RS41-SG,403.501,6.9,-875,10,2.6,,
2026-10-03T00:37:00.005Z,W4140709,7211,46.75970,7.17195,32856.0,6.3,4.7,141.1,-46.4,0.5,-1.0,RS41-SG,403.501,7.5,-875,10,2.5,,
2026-10-03T00:37:01.005Z,W4140709,7212,46.75966,7.17198,32862.5,6.6,5.0,155.9,-46.5,0.4,-1.0,RS41-SG,403.501,7.5,-875,10,2.5,,
2026-10-03T00:37:09.005Z,W4140709,7220,46.75950,7.17252,32910.3,6.4,7.3,83.9,-46.5,0.4,-1.0,RS41-SG,403.501,8.9,-875,10,2.6,,
2026-10-03T00:37:11.005Z,W4140709,7222,46.75948,7.17267,32924.1,6.8,4.5,130.2,-46.5,0.4,-1.0,RS41-SG,403.501,8.3,-875,10,2.5,,
2026-10-03T00:37:12.005Z,W4140709,7223,46.75945,7.17270,32930.3,5.5,5.1,157.0,-46.5,0.4,-1.0,RS41-SG,403.501,8.3,-875,10,2.5,,
2026-10-03T00:37:13.005Z,W4140709,7224,46.75940,7.17272,32935.5,4.7,6.2,169.6,-46.5,0.4,-1.0,RS41-SG,403.501,7.8,-875,10,2.5,,
2026-10-03T00:37:18.005Z,W4140709,7229,46.75922,7.17300,32967.5,4.6,9.1,93.3,-46.6,0.4,-1.0,RS41-SG,403.501,8.8,-875,10,2.5,,
2026-10-03T00:37:19.005Z,W4140709,7230,46.75922,7.17312,32972.4,5.3,10.3,87.2,-46.6,0.4,-1.0,RS41-SG,403.501,8.8,-875,10,2.5,,
2026-10-03T00:37:20.005Z,W4140709,7231,46.75922,7.17326,32978.6,7.0,10.4,87.0,-46.6,0.4,-1.0,RS41-SG,403.501,8.1,-875,10,2.5,,
2026-10-03T00:37:21.005Z,W4140709,7232,46.75922,7.17339,32985.8,7.4,9.4,92.0,-46.6,0.4,-1.0,RS41-SG,403.501,8.6,-875,10,2.6,,
2026-10-03T00:37:22.005Z,W4140709,7233,46.75921,7.17350,32992.4,5.7,8.3,98.3,-46.6,0.4,-1.0,RS41-SG,403.501,8.6,-875,10,2.6,,
2026-10-03T00:37:23.005Z,W4140709,7234,46.75920,7.17360,32997.9,5.4,6.8,104.5,-46.6,0.4,-1.0,RS41-SG,403.501,8.3,-875,10,2.5,,
2026-10-03T00:37:24.005Z,W4140709,7235,46.75919,7.17367,33003.7,6.1,5.2,106.3,-46.6,0.4,-1.0,RS41-SG,403.501,8.3,-875,10,2.5,,
2026-10-03T00:37:25.005Z,W4140709,7236,46.75918,7.17373,33010.4,6.9,3.8,102.8,-46.6,0.4,-1.0,RS41-SG,403.501,7.1,-875,10,2.5,,
2026-10-03T00:37:26.005Z,W4140709,7237,46.75917,7.17377,33017.1,6.3,2.9,86.5,-46.6,0.4,-1.0,RS41-SG,403.501,7.3,-875,10,2.6,,
2026-10-03T00:37:27.005Z,W4140709,7238,46.75918,7.17381,33022.9,5.2,2.6,73.4,-46.6,0.4,-1.0,RS41-SG,403.501,8.5,-875,10,2.6,,
2026-10-03T00:37:34.005Z,W4140709,7245,46.75914,7.17425,33067.3,5.9,11.2,94.8,-46.6,0.4,-1.0,RS41-SG,403.501,7.6,-875,10,2.5,,
2026-10-03T00:37:37.005Z,W4140709,7248,46.75916,7.17480,33083.7,5.6,15.8,83.3,-46.4,0.4,-1.0,RS41-SG,403.501,8.8,-875,10,2.5,,
2026-10-03T00:37:38.005Z,W4140709,7249,46.75917,7.17500,33089.9,6.6,15.4,84.1,-46.4,0.4,-1.0,RS41-SG,403.501,9.0,-875,10,2.6,,
2026-10-03T00:37:39.005Z,W4140709,7250,46.75918,7.17519,33096.9,7.4,13.9,89.6,-46.3,0.4,-1.0,RS41-SG,403.501,9.0,-875,10,2.6,,
2026-10-03T00:37:40.005Z,W4140709,7251,46.75917,7.17535,33104.2,7.1,11.8,97.3,-46.3,0.4,-1.0,RS41-SG,403.501,8.5,-875,10,2.5,,
2026-10-03T00:37:41.005Z,W4140709,7252,46.75915,7.17549,33110.8,6.0,9.7,109.4,-46.2,0.4,-1.0,RS41-SG,403.501,8.8,-875,10,2.5,,
2026-10-03T00:37:42.005Z,W4140709,7253,46.75912,7.17559,33116.4,5.1,7.7,124.7,-46.2,0.4,-1.0,RS41-SG,403.501,8.8,-875,10,2.5,,
2026-10-03T00:37:43.005Z,W4140709,7254,46.75908,7.17565,33121.4,4.8,5.8,141.2,-46.2,0.4,-1.0,RS41-SG,403.501,8.0,-875,10,2.6,,
2026-10-03T00:37:44.005Z,W4140709,7255,46.75904,7.17569,33126.7,5.6,4.1,151.3,-46.1,0.4,-1.0,RS41-SG,403.501,8.3,-875,10,2.6,,
2026-10-03T00:37:49.005Z,W4140709,7260,46.75910,7.17615,33158.9,4.6,16.1,76.6,-45.9,0.4,-1.0,RS41-SG,403.501,8.3,-875,10,2.6,,
2026-10-03T00:37:50.005Z,W4140709,7261,46.75913,7.17637,33163.4,4.3,18.5,82.3,-45.9,0.4,-1.0,RS41-SG,403.501,8.6,-875,10,2.6,,
2026-10-03T00:37:51.005Z,W4140709,7262,46.75914,7.17661,33168.2,5.2,19.3,89.2,-45.9,0.4,-1.0,RS41-SG,403.501,8.6,-875,10,2.5,,
2026-10-03T00:37:52.005Z,W4140709,7263,46.75913,7.17686,33174.2,6.8,17.9,96.8,-45.9,0.4,-1.0,RS41-SG,403.501,8.3,-875,10,2.5,,
2026-10-03T00:37:53.005Z,W4140709,7264,46.75911,7.17707,33181.5,7.6,14.9,104.5,-45.9,0.4,-1.0,RS41-SG,403.501,8.6,-875,10,2.5,,
2026-10-03T00:37:54.005Z,W4140709,7265,46.75907,7.17723,33188.6,6.4,11.5,111.8,-46.0,0.4,-1.0,RS41-SG,403.501,8.6,-875,10,2.5,,
2026-10-03T00:37:56.005Z,W4140709,7267,46.75901,7.17743,33197.6,3.7,5.6,116.4,-46.0,0.4,-1.0,RS41-SG,403.501,6.6,-875,10,2.6,,
2026-10-03T00:37:57.005Z,W4140709,7268,46.75899,7.17749,33202.4,5.8,4.1,96.7,-46.0,0.4,-1.0,RS41-SG,403.501,7.5,-875,10,2.5,,
2026-10-03T00:38:00.005Z,W4140709,7271,46.75905,7.17775,33222.8,5.3,10.8,68.0,-46.1,0.4,-1.0,RS41-SG,403.501,6.6,-875,10,2.6,,
2026-10-03T00:38:02.005Z,W4140709,7273,46.75913,7.17807,33233.4,6.2,15.2,75.0,-46.2,0.4,-1.0,RS41-SG,403.501,6.4,-875,10,2.5,,
2026-10-03T00:38:03.005Z,W4140709,7274,46.75916,7.17827,33240.2,7.2,15.8,80.1,-46.2,0.4,-1.0,RS41-SG,403.501,8.2,-875,10,2.5,,
2026-10-03T00:38:08.005Z,W4140709,7279,46.75905,7.17926,33271.0,6.1,15.9,115.3,-46.3,0.4,-1.0,RS41-SG,403.501,7.0,-875,10,2.5,,
2026-10-03T00:38:09.005Z,W4140709,7280,46.75899,7.17944,33277.2,6.0,14.8,117.8,-46.3,0.4,-1.0,RS41-SG,403.501,7.0,-875,10,2.5,,
2026-10-03T00:38:10.005Z,W4140709,7281,46.75893,7.17960,33283.5,6.5,12.9,118.6,-46.2,0.4,-1.0,RS41-SG,403.501,8.1,-875,10,2.5,,
2026-10-03T00:38:13.005Z,W4140709,7284,46.75883,7.17994,33301.9,5.2,7.3,101.8,-46.2,0.4,-1.0,RS41-SG,403.501,7.7,-875,10,2.6,,
2026-10-03T00:38:17.005Z,W4140709,7288,46.75884,7.18053,33328.3,5.7,17.0,89.7,-46.0,0.4,-1.0,RS41-SG,403.501,6.4,-875,10,2.6,,
2026-10-03T00:38:19.005Z,W4140709,7290,46.75881,7.18101,33338.7,5.7,19.5,98.6,-45.9,0.4,-1.0,RS41-SG,403.501,7.2,-875,10,2.5,,
2026-10-03T00:38:20.005Z,W4140709,7291,46.75878,7.18125,33345.0,7.0,18.5,104.2,-45.9,0.4,-1.0,RS41-SG,403.501,8.5,-875,10,2.5,,
2026-10-03T00:38:21.005Z,W4140709,7292,46.75874,7.18146,33352.3,7.3,16.2,110.3,-45.9,0.4,-1.0,RS41-SG,403.501,9.9,-875,10,2.5,,
2026-10-03T00:38:22.005Z,W4140709,7293,46.75868,7.18165,33358.5,5.3,14.0,114.8,-45.9,0.4,-1.0,RS41-SG,403.501,9.9,-875,10,2.5,,
2026-10-03T00:38:24.005Z,W4140709,7295,46.75858,7.18192,33368.3,5.1,10.6,121.7,-45.8,0.4,-1.0,RS41-SG,403.501,8.1,-875,10,2.6,,
2026-10-03T00:38:25.005Z,W4140709,7296,46.75853,7.18204,33374.1,6.4,10.2,118.8,-45.7,0.4,-1.0,RS41-SG,403.501,8.4,-875,10,2.5,,
2026-10-03T00:38:26.005Z,W4140709,7297,46.75849,7.18216,33380.8,7.1,10.9,112.9,-45.7,0.4,-1.0,RS41-SG,403.501,8.6,-875,10,2.5,,
2026-10-03T00:38:27.005Z,W4140709,7298,46.75846,7.18230,33387.4,6.0,12.0,108.9,-45.7,0.4,-1.0,RS41-SG,403.501,9.4,-875,10,2.5,,
2026-10-03T00:38:28.005Z,W4140709,7299,46.75842,7.18246,33393.2,5.3,13.1,105.8,-45.6,0.4,-1.0,RS41-SG,403.501,9.4,-875,10,2.5,,
2026-10-03T00:38:29.005Z,W4140709,7300,46.75839,7.18263,33398.5,5.1,13.8,104.9,-45.6,0.4,-1.0,RS41-SG,403.501,8.7,-875,10,2.6,,
2026-10-03T00:38:31.005Z,W4140709,7302,46.75832,7.18297,33410.8,7.0,13.3,107.7,-45.5,0.4,-1.0,RS41-SG,403.501,8.2,-875,10,2.5,,
2026-10-03T00:38:32.005Z,W4140709,7303,46.75828,7.18313,33417.5,6.1,12.9,111.1,-45.5,0.4,-1.0,RS41-SG,403.501,8.2,-875,10,2.5,,
2026-10-03T00:38:33.005Z,W4140709,7304,46.75824,7.18329,33423.1,5.1,12.6,114.4,-45.5,0.4,-1.0,RS41-SG,403.501,8.9,-875,10,2.5,,
2026-10-03T00:38:34.005Z,W4140709,7305,46.75819,7.18344,33428.7,5.7,13.0,117.3,-45.5,0.4,-1.0,RS41-SG,403.501,8.9,-875,9,2.6,,
2026-10-03T00:38:37.005Z,W4140709,7308,46.75802,7.18395,33447.6,5.6,16.0,114.7,-45.4,0.4,-1.0,RS41-SG,403.501,6.9,-875,10,2.5,,
2026-10-03T00:38:38.005Z,W4140709,7309,46.75796,7.18414,33453.3,5.8,16.1,112.7,-45.4,0.4,-1.0,RS41-SG,403.501,8.7,-875,10,2.5,,
2026-10-03T00:38:39.005Z,W4140709,7310,46.75791,7.18433,33459.4,6.4,15.0,110.9,-45.3,0.4,-1.0,RS41-SG,403.501,8.7,-875,10,2.5,,
2026-10-03T00:38:40.005Z,W4140709,7311,46.75786,7.18450,33466.2,6.9,13.3,108.0,-45.3,0.4,-1.0,RS41-SG,403.501,9.4,-875,10,2.6,,
2026-10-03T00:38:41.005Z,W4140709,7312,46.75783,7.18466,33472.7,6.1,11.6,104.6,-45.3,0.4,-1.0,RS41-SG,403.501,9.4,-875,10,2.6,,
2026-10-03T00:38:42.005Z,W4140709,7313,46.75781,7.18480,33478.4,5.3,10.8,100.4,-45.3,0.4,-1.0,RS41-SG,403.501,8.3,-875,10,2.5,,
2026-10-03T00:38:43.005Z,W4140709,7314,46.75780,7.18494,33484.2,6.1,10.9,95.0,-45.3,0.4,-1.0,RS41-SG,403.501,9.8,-875,10,2.5,,
2026-10-03T00:38:44.005Z,W4140709,7315,46.75779,7.18509,33490.9,7.1,12.2,93.0,-45.2,0.4,-1.0,RS41-SG,403.501,9.8,-875,10,2.5,,
2026-10-03T00:38:46.005Z,W4140709,7317,46.75777,7.18545,33504.3,5.4,15.7,96.6,-45.2,0.4,-1.0,RS41-SG,403.501,8.7,-875,10,2.6,,
2026-10-03T00:38:47.005Z,W4140709,7318,46.75775,7.18566,33509.5,5.0,16.9,99.6,-45.2,0.4,-1.0,RS41-SG,403.501,8.7,-875,10,2.5,,
2026-10-03T00:38:49.005Z,W4140709,7320,46.75767,7.18609,33521.6,6.9,16.5,110.6,-45.1,0.4,-1.0,RS41-SG,403.501,7.5,-875,10,2.5,,
2026-10-03T00:38:51.005Z,W4140709,7322,46.75755,7.18646,33533.2,4.8,15.1,120.9,-45.2,0.4,-1.0,RS41-SG,403.501,8.3,-875,10,2.6,,
2026-10-03T00:38:53.005Z,W4140709,7324,46.75740,7.18678,33544.6,6.5,15.2,123.3,-45.1,0.4,-1.0,RS41-SG,403.501,8.5,-875,10,2.5,,
2026-10-03T00:38:55.005Z,W4140709,7326,46.75727,7.18714,33558.3,6.4,16.1,114.1,-45.1,0.4,-1.0,RS41-SG,403.501,8.0,-875,10,2.5,,
2026-10-03T00:38:57.005Z,W4140709,7328,46.75718,7.18753,33570.1,5.6,15.6,101.6,-45.2,0.4,-1.0,RS41,403.501,9.1,-875,10,2.6,,
2026-10-03T00:38:58.005Z,W4140709,7329,46.75716,7.18773,33576.1,6.2,14.8,96.1,-45.2,0.4,-1.0,RS41,403.501,9.1,-875,10,2.6,,
2026-10-03T00:39:03.005Z,W4140709,7334,46.75707,7.18859,33596.4,-7.4,13.5,104.2,-45.3,0.4,-1.0,RS41,403.501,8.7,-875,10,2.6,,
2026-10-03T00:39:04.005Z,W4140709,7335,46.75704,7.18876,33584.6,-16.5,13.7,104.1,-45.3,0.4,-1.0,RS41,403.501,8.7,-875,10,2.5,,
2026-10-03T00:39:08.005Z,W4140709,7339,46.75683,7.18954,33474.6,-33.4,20.7,119.2,-44.9,0.4,-1.0,RS41,403.501,8.3,-875,10,2.6,,
2026-10-03T00:39:10.005Z,W4140709,7341,46.75662,7.19004,33409.3,-31.3,23.8,122.1,-45.0,0.4,-1.0,RS41,403.501,7.3,-875,10,2.5,,
2026-10-03T00:39:11.005Z,W4140709,7342,46.75651,7.19031,33381.5,-23.8,23.3,119.9,-45.1,0.4,-1.0,RS41,403.501,7.6,-875,9,2.5,,
2026-10-03T00:39:13.005Z,W4140709,7344,46.75632,7.19082,33322.4,-33.0,20.5,115.1,-45.3,0.4,-1.0,RS41,403.501,7.9,-875,9,2.6,,
2026-10-03T00:39:14.005Z,W4140709,7345,46.75626,7.19105,33287.7,-36.9,18.2,110.4,-45.5,0.4,-1.0,RS41,403.501,7.9,-875,10,2.6,,
2026-10-03T00:39:15.005Z,W4140709,7346,46.75621,7.19126,33248.8,-40.7,16.1,107.0,-45.5,0.4,-1.0,RS41,403.501,8.6,-875,9,2.5,,
2026-10-03T00:39:16.005Z,W4140709,7347,46.75617,7.19144,33207.3,-42.5,13.0,102.4,-45.5,0.4,-1.0,RS41,403.501,8.6,-875,10,2.5,,
2026-10-03T00:39:19.005Z,W4140709,7350,46.75618,7.19183,33068.9,-43.6,6.4,64.5,-45.5,0.4,-1.0,RS41,403.501,8.8,-875,9,2.6,,
2026-10-03T00:39:20.005Z,W4140709,7351,46.75621,7.19188,33027.3,-40.0,4.8,22.5,-45.8,0.4,-1.0,RS41,403.501,8.8,-875,9,2.6,,
2026-10-03T00:39:21.005Z,W4140709,7352,46.75625,7.19190,32990.0,-34.7,5.1,13.9,-45.9,0.4,-1.0,RS41,403.501,8.6,-875,9,2.5,,
2026-10-03T00:39:22.005Z,W4140709,7353,46.75629,7.19192,32955.3,-34.8,3.9,14.1,-46.1,0.4,-1.0,RS41,403.501,8.9,-875,9,2.5,,
2026-10-03T00:39:25.005Z,W4140709,7356,46.75634,7.19200,32850.8,-37.4,4.3,102.7,-46.0,0.4,-1.0,RS41,403.501,7.1,-875,9,2.6,,
2026-10-03T00:39:26.005Z,W4140709,7357,46.75632,7.19207,32813.2,-36.7,6.9,117.9,-46.0,0.4,-1.0,RS41,403.501,7.1,-875,10,2.6,,
2026-10-03T00:39:27.005Z,W4140709,7358,46.75629,7.19216,32774.7,-39.8,8.6,120.8,-45.9,0.4,-1.0,RS41,403.501,7.1,-875,9,2.5,,
2026-10-03T00:39:28.005Z,W4140709,7359,46.75624,7.19225,32733.3,-43.8,9.9,127.3,-45.6,0.4,-1.0,RS41,403.501,8.9,-875,9,2.5,,
2026-10-03T00:39:30.005Z,W4140709,7361,46.75612,7.19247,32640.6,-48.9,11.0,129.0,-45.6,0.4,-1.0,RS41,403.501,7.9,-875,7,2.6,,
2026-10-03T00:39:31.005Z,W4140709,7362,46.75606,7.19257,32591.8,-49.2,10.8,135.5,-45.6,0.4,-1.0,RS41,403.501,7.9,-875,8,2.6,,
2026-10-03T00:39:32.005Z,W4140709,7363,46.75600,7.19266,32541.6,-51.1,9.4,135.3,-45.7,0.4,-1.0,RS41,403.501,8.5,-500,9,2.5,,
2026-10-03T00:39:33.005Z,W4140709,7364,46.75594,7.19275,32489.6,-52.8,9.6,134.6,-45.9,0.4,-1.0,RS41,403.501,8.5,-500,9,2.5,,
2026-10-03T00:39:34.005Z,W4140709,7365,46.75587,7.19284,32435.9,-54.9,9.7,137.2,-46.2,0.4,-1.0,RS41,403.501,7.8,-875,9,2.5,,
2026-10-03T00:39:35.005Z,W4140709,7366,46.75582,7.19292,32379.5,-56.8,7.6,131.7,-46.4,0.4,-1.0,RS41,403.501,7.8,-875,9,2.5,,
2026-10-03T00:39:37.005Z,W4140709,7368,46.75573,7.19307,32262.1,-60.7,7.0,128.4,-47.0,0.4,-1.0,RS41,403.501,6.7,-875,9,2.6,,
2026-10-03T00:39:43.005Z,W4140709,7374,46.75557,7.19357,31926.1,-55.8,8.3,107.8,-48.2,0.5,-1.0,RS41,403.501,7.2,-875,9,2.5,,
2026-10-03T00:39:49.005Z,W4140709,7380,46.75528,7.19425,31607.1,-53.1,11.0,128.5,-48.4,0.5,-1.0,RS41,403.501,7.0,-500,9,2.5,,
2026-10-03T00:40:32.005Z,W4140709,7423,46.75233,7.19706,29691.8,-50.2,8.3,122.4,-51.0,0.6,-1.0,RS41,403.501,7.2,-875,10,2.6,,
2026-10-03T00:40:40.005Z,W4140709,7431,46.75211,7.19768,29290.8,-53.3,5.6,119.2,-50.3,0.5,-1.0,RS41,403.501,8.0,-500,10,2.5,,
2026-10-03T00:40:41.005Z,W4140709,7432,46.75209,7.19773,29237.9,-53.8,4.2,126.6,-50.9,0.6,-1.0,RS41,403.501,8.0,-500,9,2.5,,
2026-10-03T00:40:43.005Z,W4140709,7434,46.75203,7.19781,29131.8,-52.8,4.1,144.6,-51.6,0.6,-1.0,RS41,403.501,8.4,-500,10,2.6,,
2026-10-03T00:40:45.005Z,W4140709,7436,46.75194,7.19785,29025.4,-51.1,5.5,171.4,-51.8,0.6,-1.0,RS41,403.501,8.7,-500,10,2.5,,
2026-10-03T00:40:46.005Z,W4140709,7437,46.75189,7.19786,28975.0,-50.3,6.0,176.8,-52.1,0.6,-1.0,RS41,403.501,8.7,-875,10,2.5,,
2026-10-03T00:40:49.005Z,W4140709,7440,46.75173,7.19788,28828.3,-48.4,6.2,171.6,-52.5,0.6,-1.0,RS41,403.501,6.8,-500,9,2.6,,
2026-10-03T00:40:55.005Z,W4140709,7446,46.75147,7.19807,28541.9,-50.1,5.2,118.2,-52.1,0.6,-1.0,RS41,403.501,6.2,-500,7,2.6,08:28:37,
2026-10-03T00:40:56.005Z,W4140709,7447,46.75145,7.19813,28491.2,-51.9,5.1,105.4,-52.0,0.6,-1.0,RS41,403.501,7.0,-500,9,2.5,08:28:37,
2026-10-03T00:40:58.005Z,W4140709,7449,46.75143,7.19828,28383.5,-55.0,5.9,96.7,-51.7,0.6,-1.0,RS41,403.501,8.3,-875,9,2.5,08:28:37,
2026-10-03T00:40:59.005Z,W4140709,7450,46.75143,7.19836,28329.6,-53.9,6.2,89.6,-51.6,0.6,-1.0,RS41,403.501,8.3,-875,9,2.5,08:28:37,
2026-10-03T00:41:00.005Z,W4140709,7451,46.75143,7.19844,28275.8,-54.3,6.3,85.3,-51.4,0.6,-1.0,RS41,403.501,8.1,-875,9,2.6,08:28:37,
2026-10-03T00:41:01.005Z,W4140709,7452,46.75144,7.19852,28220.5,-56.0,6.4,73.8,-51.4,0.6,-1.0,RS41,403.501,8.6,-875,10,2.6,08:28:37,
2026-10-03T00:41:02.005Z,W4140709,7453,46.75146,7.19859,28167.0,-51.3,6.6,67.0,-51.6,0.6,-1.0,RS41,403.501,8.6,-875,9,2.5,08:28:37,
2026-10-03T00:41:03.005Z,W4140709,7454,46.75148,7.19867,28114.7,-53.0,6.0,72.6,-51.8,0.6,-1.0,RS41,403.501,8.1,-875,9,2.5,08:28:37,
2026-10-03T00:41:04.005Z,W4140709,7455,46.75150,7.19874,28060.3,-56.2,5.6,58.8,-51.9,0.6,-1.0,RS41,403.501,9.2,-500,9,2.5,08:28:37,
2026-10-03T00:41:05.005Z,W4140709,7456,46.75152,7.19880,28005.1,-54.4,5.2,59.6,-52.1,0.6,-1.0,RS41,403.501,9.2,-500,10,2.6,08:28:37,
2026-10-03T00:41:06.005Z,W4140709,7457,46.75154,7.19885,27951.6,-53.0,3.8,73.0,-52.2,0.6,-1.0,RS41,403.501,8.3,-500,10,2.6,08:28:37,
2026-10-03T00:41:07.005Z,W4140709,7458,46.75154,7.19888,27899.1,-52.3,1.6,100.0,-52.2,0.6,-1.0,RS41,403.501,8.3,-500,10,2.5,08:28:37,
2026-10-03T00:41:08.005Z,W4140709,7459,46.75153,7.19889,27846.7,-52.5,1.0,206.2,-52.2,0.6,-1.0,RS41,403.501,9.0,-500,9,2.5,08:28:37,
2026-10-03T00:41:09.005Z,W4140709,7460,46.75152,7.19888,27794.5,-52.6,2.2,218.4,-52.1,0.6,-1.0,RS41,403.501,9.0,-500,10,2.5,08:28:37,
2026-10-03T00:41:10.005Z,W4140709,7461,46.75150,7.19885,27742.2,-52.7,3.2,221.6,-52.1,0.6,-1.0,RS41,403.501,8.6,-500,10,2.5,08:28:37,
2026-10-03T00:41:12.005Z,W4140709,7463,46.75144,7.19878,27639.1,-51.3,5.6,219.3,-52.3,0.6,-1.0,RS41,403.501,8.7,-500,10,2.6,08:28:37,
2026-10-03T00:41:13.005Z,W4140709,7464,46.75139,7.19873,27587.6,-53.2,6.2,220.2,-52.4,0.6,-1.0,RS41,403.501,9.4,-500,10,2.5,08:28:37,
2026-10-03T00:41:14.005Z,W4140709,7465,46.75135,7.19868,27534.6,-55.2,5.5,210.4,-52.5,0.6,-1.0,RS41,403.501,9.4,-500,9,2.5,08:28:37,
2026-10-03T00:41:15.005Z,W4140709,7466,46.75130,7.19865,27481.1,-52.8,6.9,208.1,-52.6,0.6,-1.0,RS41,403.501,8.7,-500,10,2.5,08:28:37,
2026-10-03T00:41:16.005Z,W4140709,7467,46.75124,7.19861,27428.8,-53.3,6.2,201.3,-52.6,0.6,-1.0,RS41,403.501,8.1,-500,9,2.6,08:28:37,
2026-10-03T00:41:17.005Z,W4140709,7468,46.75119,7.19858,27376.0,-53.6,5.9,200.5,-52.6,0.6,-1.0,RS41,403.501,6.7,-500,10,2.6,08:28:37,
2026-10-03T00:41:19.005Z,W4140709,7470,46.75111,7.19856,27274.8,-50.0,3.7,173.8,-52.9,0.6,-1.0,RS41,403.501,7.1,-500,9,2.5,08:28:37,
2026-10-03T00:41:20.005Z,W4140709,7471,46.75109,7.19857,27225.6,-49.2,2.8,172.9,-52.9,0.6,-1.0,RS41,403.501,8.2,-875,9,2.5,08:28:37,
2026-10-03T00:41:21.005Z,W4140709,7472,46.75107,7.19858,27178.3,-47.1,1.8,142.7,-52.9,0.7,-1.0,RS41,403.501,8.6,-875,9,2.5,08:28:37,
2026-10-03T00:41:22.005Z,W4140709,7473,46.75107,7.19859,27131.1,-46.5,0.8,59.6,-53.1,0.7,-1.0,RS41,403.501,8.6,-500,10,2.6,08:28:37,
2026-10-03T00:41:23.005Z,W4140709,7474,46.75107,7.19860,27087.1,-42.4,1.6,71.5,-53.1,0.7,-1.0,RS41,403.501,8.3,-875,8,2.6,08:28:37,
2026-10-03T00:41:24.005Z,W4140709,7475,46.75108,7.19862,27044.7,-43.2,1.8,55.6,-53.2,0.7,-1.0,RS41,403.501,7.5,-500,9,2.5,08:28:37,
2026-10-03T00:41:25.005Z,W4140709,7476,46.75109,7.19863,27002.4,-42.2,0.5,83.7,-53.2,0.7,-1.0,RS41,403.501,8.1,-875,10,2.5,08:28:37,
2026-10-03T00:41:26.005Z,W4140709,7477,46.75109,7.19863,26962.2,-39.7,0.4,195.3,-53.2,0.7,-1.0,RS41,403.501,8.3,-875,8,2.5,08:28:37,
2026-10-03T00:41:27.005Z,W4140709,7478,46.75108,7.19862,26923.4,-38.8,1.0,203.6,-53.4,0.7,-1.0,RS41,403.501,9.1,-500,9,2.6,08:28:37,
2026-10-03T00:41:28.005Z,W4140709,7479,46.75108,7.19861,26884.7,-37.7,1.4,244.2,-53.4,0.7,-1.0,RS41,403.501,9.1,-500,9,2.6,08:28:37,
2026-10-03T00:41:29.005Z,W4140709,7480,46.75107,7.19859,26847.5,-37.8,2.0,248.7,-53.4,0.7,-1.0,RS41,403.501,8.5,-500,7,2.5,08:28:37,
2026-10-03T00:41:30.005Z,W4140709,7481,46.75106,7.19856,26812.0,-34.9,2.9,228.5,-53.4,0.7,-1.0,RS41-SG,403.501,9.6,-875,9,2.5,08:28:37,
2026-10-03T00:41:31.005Z,W4140709,7482,46.75104,7.19852,26778.6,-33.6,4.2,225.5,-53.4,0.7,-1.0,RS41-SG,403.501,9.6,-875,8,2.5,08:28:37,
2026-10-03T00:41:32.005Z,W4140709,7483,46.75101,7.19848,26745.5,-31.9,4.4,217.8,-53.4,0.7,-1.0,RS41-SG,403.501,9.8,-500,8,2.5,08:28:37,
2026-10-03T00:41:33.005Z,W4140709,7484,46.75097,7.19846,26714.7,-30.1,5.1,197.7,-53.3,0.7,-1.0,RS41-SG,403.501,9.8,-500,8,2.6,08:28:37,
2026-10-03T00:41:34.005Z,W4140709,7485,46.75093,7.19843,26685.7,-29.8,4.5,200.0,-53.3,0.7,-1.0,RS41-SG,403.501,8.4,-500,9,2.6,08:28:37,
2026-10-03T00:41:35.005Z,W4140709,7486,46.75089,7.19842,26655.9,-29.2,5.7,185.9,-53.3,0.7,-1.0,RS41-SG,403.501,7.7,-500,10,2.5,08:28:37,
2026-10-03T00:41:36.005Z,W4140709,7487,46.75084,7.19841,26627.6,-28.1,3.9,188.1,-53.4,0.7,-1.0,RS41-SG,403.501,7.7,-875,10,2.5,08:28:37,
2026-10-03T00:41:37.005Z,W4140709,7488,46.75081,7.19841,26599.0,-29.2,4.7,170.8,-53.3,0.7,-1.0,RS41-SG,403.501,8.6,-875,10,2.5,08:28:37,
2026-10-03T00:41:38.005Z,W4140709,7489,46.75077,7.19843,26570.5,-29.2,3.1,160.2,-53.3,0.7,-1.0,RS41-SG,403.501,8.8,-875,7,2.5,08:28:37,
2026-10-03T00:41:39.005Z,W4140709,7490,46.75075,7.19843,26541.2,-30.1,2.9,165.2,-53.1,0.6,-1.0,RS41-SG,403.501,9.3,-875,9,2.6,08:28:37,
2026-10-03T00:41:40.005Z,W4140709,7491,46.75073,7.19844,26511.2,-29.5,1.2,133.4,-53.2,0.7,-1.0,RS41-SG,403.501,9.3,-875,10,2.6,08:28:37,
2026-10-03T00:41:41.005Z,W4140709,7492,46.75072,7.19846,26480.4,-31.9,1.3,111.1,-53.2,0.7,-1.0,RS41-SG,403.501,8.0,-875,9,2.5,08:28:37,
2026-10-03T00:41:42.005Z,W4140709,7493,46.75072,7.19848,26448.6,-32.0,1.7,94.0,-53.2,0.7,-1.0,RS41-SG,403.501,8.2,-875,10,2.5,08:28:37,
2026-10-03T00:41:43.005Z,W4140709,7494,46.75073,7.19849,26417.9,-30.7,1.3,21.5,-53.3,0.7,-1.0,RS41-SG,403.501,9.0,-875,10,2.5,08:28:37,
2026-10-03T00:41:44.005Z,W4140709,7495,46.75074,7.19850,26385.7,-33.5,1.1,57.8,-53.5,0.7,-1.0,RS41-SG,403.501,9.0,-875,10,2.6,08:28:37,
2026-10-03T00:41:45.005Z,W4140709,7496,46.75074,7.19850,26353.3,-32.4,1.0,325.3,-53.7,0.7,-1.0,RS41-SG,403.501,8.5,-875,8,2.6,08:28:37,
2026-10-03T00:41:46.005Z,W4140709,7497,46.75075,7.19849,26320.2,-34.3,0.8,328.8,-53.6,0.7,-1.0,RS41-SG,403.501,9.0,-875,11,2.5,08:27:46,
2026-10-03T00:41:47.005Z,W4140709,7498,46.75075,7.19848,26286.6,-33.3,1.2,265.0,-53.5,0.7,-1.0,RS41-SG,403.501,9.0,-875,10,2.5,08:27:46,
2026-10-03T00:41:48.005Z,W4140709,7499,46.75074,7.19847,26253.4,-33.5,1.8,200.2,-53.4,0.7,-1.0,RS41-SG,403.501,7.6,-875,11,2.5,08:27:46,
2026-10-03T00:41:49.005Z,W4140709,7500,46.75071,7.19847,26219.2,-35.5,3.2,188.5,-53.2,0.7,-1.0,RS41-SG,403.501,7.6,-875,11,2.5,08:27:46,
2026-10-03T00:41:51.005Z,W4140709,7502,46.75064,7.19845,26150.3,-35.2,5.4,177.0,-53.3,0.7,-1.0,RS41-SG,403.501,7.3,-500,11,2.6,08:27:46,
2026-10-03T00:41:52.005Z,W4140709,7503,46.75058,7.19846,26115.4,-35.4,5.4,179.8,-53.5,0.7,-1.0,RS41-SG,403.501,7.3,-875,11,2.5,08:27:46,
