timestamp,serial,frame,lat,lon,alt,vel_v,vel_h,heading,temp,humidity,pressure,type,freq_mhz,snr,f_error_hz,sats,batt_v,burst_timer,aux_data
2026-10-05T12:16:27.006Z,W4120409,6988,46.45189,6.83071,23354.9,4.0,4.4,6.5,-273.0,-1.0,-1.0,RS41,403.500,7.8,625,11,2.5,,
2026-10-05T12:16:29.006Z,W4120409,6990,46.45195,6.83072,23364.4,5.4,1.0,345.7,-273.0,-1.0,-1.0,RS41,403.500,8.1,625,11,2.6,,05010617082CDA605300
2026-10-05T12:16:32.006Z,W4120409,6993,46.45191,6.83066,23379.1,4.2,4.2,218.3,-273.0,-1.0,-1.0,RS41,403.500,8.0,625,11,2.5,,05010616081F4A604B00
2026-10-05T12:16:38.006Z,W4120409,6999,46.45190,6.83036,23407.7,4.9,3.5,317.3,-273.0,-1.0,-1.0,RS41,403.500,7.8,625,11,2.5,,0501061408152A604800
2026-10-05T12:16:44.006Z,W4120409,7005,46.45192,6.83036,23435.8,4.8,1.0,163.1,-273.0,-1.0,-1.0,RS41,403.500,8.2,625,11,2.5,,0501061208140A605500
2026-10-05T12:16:47.006Z,W4120409,7008,46.45191,6.83032,23450.4,4.5,1.9,283.7,-273.0,-1.0,-1.0,RS41,403.500,6.9,625,11,2.6,,05010611081E8A604800
2026-10-05T12:16:49.006Z,W4120409,7010,46.45192,6.83027,23458.8,4.4,1.8,259.2,-273.0,-1.0,-1.0,RS41,403.500,8.9,625,11,2.5,,050106100811DA604900
2026-10-05T12:16:50.006Z,W4120409,7011,46.45191,6.83025,23463.4,4.8,1.0,215.5,-273.0,-1.0,-1.0,RS41,403.500,8.9,625,11,2.5,,050106100821EA604B00
2026-10-05T12:16:52.006Z,W4120409,7013,46.45189,6.83026,23472.9,4.7,2.7,150.6,-273.0,-1.0,-1.0,RS41,403.500,8.8,625,11,2.6,,0501060F082ECA604A00
2026-10-05T12:16:53.006Z,W4120409,7014,46.45186,6.83028,23477.0,3.6,3.1,133.6,-273.0,-1.0,-1.0,RS41,403.500,8.8,625,11,2.6,,0501060F08258A604E00
2026-10-05T12:16:54.006Z,W4120409,7015,46.45185,6.83031,23480.8,4.0,2.6,125.4,-273.0,-1.0,-1.0,RS41,403.500,7.4,625,11,2.5,,0501060E081F5A605800
2026-10-05T12:16:55.006Z,W4120409,7016,46.45184,6.83034,23484.9,4.1,2.2,106.7,-273.0,-1.0,-1.0,RS41,403.500,8.2,625,11,2.5,,0501060E081EDA604E00
2026-10-05T12:16:58.006Z,W4120409,7019,46.45187,6.83037,23498.7,4.9,2.9,355.3,-273.0,-1.0,-1.0,RS41,403.500,8.0,625,11,2.6,,0501W17403720000006EI
2026-10-05T12:17:00.006Z,W4120409,7021,46.45193,6.83035,23507.7,4.1,2.5,337.3,-273.0,-1.0,-1.0,RS41,403.500,7.7,625,11,2.5,,0501060C0824AA604A00
2026-10-05T12:17:06.006Z,W4120409,7027,46.45181,6.83047,23533.0,4.2,5.5,138.2,-273.0,-1.0,-1.0,RS41,403.500,7.9,625,11,2.5,,0501060A0826DA605400
2026-10-05T12:17:09.006Z,W4120409,7030,46.45178,6.83056,23547.0,5.2,2.3,21.3,-273.0,-1.0,-1.0,RS41,403.500,9.0,625,11,2.6,,0501060908494A604D00
2026-10-05T12:17:12.006Z,W4120409,7033,46.45189,6.83052,23560.2,4.6,4.6,331.9,-273.0,-1.0,-1.0,RS41,403.500,8.1,625,11,2.5,,05010608083A5A605500
2026-10-05T12:17:17.006Z,W4120409,7038,46.45188,6.83044,23583.5,3.6,3.9,178.8,-273.0,-1.0,-1.0,RS41,403.500,8.6,625,11,2.6,,0501060708253A604700
2026-10-05T12:17:23.006Z,W4120409,7044,46.45181,6.83039,23609.8,4.1,1.7,332.7,-273.0,-1.0,-1.0,RS41,403.500,7.3,625,11,2.5,,05010604083FCA605400
2026-10-05T12:17:28.006Z,W4120409,7049,46.45185,6.83037,23633.7,4.5,0.1,195.4,-273.0,-1.0,-1.0,RS41,403.500,8.6,625,11,2.6,,050106030834FA604700
2026-10-05T12:17:39.006Z,W4120409,7060,46.45183,6.83028,23685.1,5.0,2.8,10.5,-273.0,-1.0,-1.0,RS41,403.500,8.0,625,11,2.6,,050105FF08406A604D00
2026-10-05T12:17:47.006Z,W4120409,7068,46.45201,6.83030,23721.1,3.7,2.5,147.2,-273.0,-1.0,-1.0,RS41,403.500,7.8,625,11,2.5,,050105FC0833DA605600
2026-10-05T12:18:10.006Z,W4120409,7091,46.45245,6.83035,23827.4,4.8,0.5,299.3,-273.0,-1.0,-1.0,RS41,403.500,7.4,625,11,2.5,,050105F50843CA605600
2026-10-05T12:18:15.006Z,W4120409,7096,46.45249,6.83023,23851.2,5.0,0.9,277.9,-273.0,-1.0,-1.0,RS41,403.500,7.8,625,11,2.6,,050105F308380A604900
2026-10-05T12:18:18.006Z,W4120409,7099,46.45249,6.83028,23865.9,3.9,2.9,98.1,-273.0,-1.0,-1.0,RS41,403.500,8.1,625,11,2.5,,050105F20829BA605000
2026-10-05T12:19:02.006Z,W4120409,7143,46.45308,6.83077,24069.4,4.4,4.7,86.5,-273.0,-1.0,-1.0,RS41,403.500,8.6,625,11,2.5,,050105E30832CA605400
2026-10-05T12:19:17.006Z,W4120409,7158,46.45323,6.83114,24142.3,4.8,1.4,345.8,-273.0,-1.0,-1.0,RS41,403.500,8.0,625,11,2.6,,050105DE08307A605500
2026-10-05T12:19:27.006Z,W4120409,7168,46.45325,6.83132,24187.3,5.9,2.9,86.6,-273.0,-1.0,-1.0,RS41,403.500,7.7,625,11,2.6,,050105DA08312A604900
2026-10-05T12:19:32.006Z,W4120409,7173,46.45330,6.83142,24212.0,5.5,1.2,99.7,-273.0,-1.0,-1.0,RS41,403.500,8.0,625,11,2.6,,050105D90824EA604700
2026-10-05T12:19:35.006Z,W4120409,7176,46.45328,6.83148,24226.3,4.4,2.0,124.7,-273.0,-1.0,-1.0,RS41,403.500,7.8,625,11,2.5,,050105D8080C3A605800
2026-10-05T12:20:19.006Z,W4120409,7220,46.45371,6.83246,24432.2,4.0,3.2,133.7,-273.0,-1.0,-1.0,RS41,403.500,8.0,625,11,2.5,,050105C908077A605200
2026-10-05T12:20:42.006Z,W4120409,7243,46.45407,6.83263,24540.2,4.6,2.8,79.9,-273.0,-1.0,-1.0,RS41,403.500,7.7,625,11,2.5,,050105C107FE4A604800
2026-10-05T12:20:44.006Z,W4120409,7245,46.45408,6.83267,24550.3,5.1,1.2,17.7,-273.0,-1.0,-1.0,RS41,403.500,8.3,625,11,2.6,,050105C0080EFA605800
2026-10-05T12:20:52.006Z,W4120409,7253,46.45411,6.83267,24587.7,3.8,2.0,133.4,-273.0,-1.0,-1.0,RS41,403.500,7.3,625,11,2.5,,050105BE07FCFA604800
2026-10-05T12:30:41.006Z,W4120409,7842,46.44509,6.83648,27520.3,5.2,13.3,103.2,-273.0,-1.0,-1.0,RS41,403.501,7.1,-500,10,2.6,,050105190661AA405700
2026-10-05T12:42:01.006Z,W4120409,8522,46.42552,6.89635,30982.5,3.3,7.4,161.1,-273.0,-1.0,-1.0,RS41,403.501,7.1,-500,11,2.6,,050104780400BA405600
