timestamp,serial,frame,lat,lon,alt,vel_v,vel_h,heading,temp,humidity,pressure,type,freq_mhz,snr,f_error_hz,sats,batt_v,burst_timer,aux_data
2026-08-23T00:39:57.987Z,W4140643,7549,46.92941,7.72877,32041.1,5.5,17.4,235.4,-273.0,-1.0,-1.0,RS41,403.500,7.4,250,10,2.6,,
2026-08-23T00:40:09.987Z,W4140643,7561,46.92877,7.72688,32114.9,6.2,11.5,248.1,-273.0,-1.0,-1.0,RS41,403.500,7.3,250,10,2.6,,
2026-08-23T00:40:12.987Z,W4140643,7564,46.92869,7.72645,32131.4,6.3,11.4,257.4,-273.0,-1.0,-1.0,RS41,403.500,8.0,250,10,2.5,,
2026-08-23T00:40:18.987Z,W4140643,7570,46.92851,7.72561,32168.5,6.7,9.5,262.6,-273.0,-1.0,-1.0,RS41,403.500,7.5,250,10,2.5,,
2026-08-23T00:40:20.987Z,W4140643,7572,46.92850,7.72538,32180.0,5.6,8.7,273.2,-273.0,-1.0,-1.0,RS41,403.500,7.5,250,10,2.6,,
2026-08-23T00:40:22.987Z,W4140643,7574,46.92850,7.72515,32193.4,7.2,8.6,259.9,-273.0,-1.0,-1.0,RS41,403.500,7.4,250,10,2.5,,
2026-08-23T00:40:28.987Z,W4140643,7580,46.92839,7.72437,32229.4,5.7,10.8,269.4,-273.0,-1.0,-1.0,RS41,403.500,7.7,250,10,2.5,,
2026-08-23T00:40:33.987Z,W4140643,7585,46.92832,7.72377,32260.5,6.0,8.1,252.7,-273.0,-1.0,-1.0,RS41,403.500,7.4,250,10,2.5,,
2026-08-23T00:40:34.987Z,W4140643,7586,46.92830,7.72367,32267.0,6.8,7.8,258.1,-273.0,-1.0,-1.0,RS41,403.500,7.4,250,10,2.5,,
2026-08-23T00:40:35.987Z,W4140643,7587,46.92829,7.72357,32273.4,6.0,8.1,261.7,-273.0,-1.0,-1.0,RS41,403.500,7.1,250,10,2.5,,
2026-08-23T00:40:36.987Z,W4140643,7588,46.92828,7.72346,32279.3,5.9,8.7,262.4,-273.0,-1.0,-1.0,RS41,403.500,7.2,250,10,2.5,,
2026-08-23T00:40:37.987Z,W4140643,7589,46.92826,7.72334,32285.3,6.2,9.7,257.9,-273.0,-1.0,-1.0,RS41,403.500,7.8,250,10,2.6,,
2026-08-23T00:40:38.987Z,W4140643,7590,46.92824,7.72321,32291.7,6.7,11.0,250.4,-273.0,-1.0,-1.0,RS41,403.500,8.1,250,10,2.6,,
2026-08-23T00:40:45.987Z,W4140643,7597,46.92797,7.72222,32336.0,4.9,8.9,275.8,-273.0,-1.0,-1.0,RS41,403.500,6.9,250,10,2.5,,
2026-08-23T00:40:46.987Z,W4140643,7598,46.92798,7.72211,32341.3,5.5,7.8,284.8,-273.0,-1.0,-1.0,RS41,403.500,7.3,250,10,2.5,,
2026-08-23T00:40:51.987Z,W4140643,7603,46.92798,7.72169,32371.7,6.3,7.6,256.9,-273.0,-1.0,-1.0,RS41,403.500,6.9,250,10,2.5,,
2026-08-23T00:40:52.987Z,W4140643,7604,46.92797,7.72159,32378.3,7.0,8.4,262.6,-273.0,-1.0,-1.0,RS41,403.500,7.9,250,10,2.5,,
2026-08-23T00:40:53.987Z,W4140643,7605,46.92796,7.72147,32385.1,6.5,9.2,266.9,-273.0,-1.0,-1.0,RS41,403.500,7.9,250,10,2.6,,
2026-08-23T00:41:03.987Z,W4140643,7615,46.92789,7.72034,32448.1,5.5,6.7,293.2,-273.0,-1.0,-1.0,RS41,403.500,7.2,250,10,2.5,,
2026-08-23T00:41:04.987Z,W4140643,7616,46.92791,7.72026,32454.1,6.5,6.7,289.3,-273.0,-1.0,-1.0,RS41,403.500,7.3,250,10,2.5,,
2026-08-23T00:41:06.987Z,W4140643,7618,46.92792,7.72009,32468.0,6.6,7.3,259.1,-273.0,-1.0,-1.0,RS41,403.500,7.2,250,10,2.6,,
2026-08-23T00:41:08.987Z,W4140643,7620,46.92787,7.71989,32479.0,5.2,8.8,244.6,-273.0,-1.0,-1.0,RS41,403.500,6.9,250,10,2.5,,
2026-08-23T00:41:14.987Z,W4140643,7626,46.92779,7.71925,32515.4,6.8,6.6,265.3,-273.0,-1.0,-1.0,RS41,403.500,8.4,250,10,2.5,,
2026-08-23T00:41:15.987Z,W4140643,7627,46.92778,7.71917,32522.0,6.3,6.2,253.9,-273.0,-1.0,-1.0,RS41,403.500,8.4,250,10,2.6,,
2026-08-23T00:41:28.987Z,W4140643,7640,46.92740,7.71802,32601.6,6.6,5.1,242.9,-273.0,-1.0,-1.0,RS41,403.500,7.5,250,10,2.6,,
2026-08-23T00:41:29.987Z,W4140643,7641,46.92739,7.71796,32607.6,5.4,4.4,253.8,-273.0,-1.0,-1.0,RS41,403.500,7.5,250,10,2.6,,
2026-08-23T00:41:31.987Z,W4140643,7643,46.92736,7.71785,32619.6,6.8,4.7,246.9,-273.0,-1.0,-1.0,RS41,403.500,8.1,250,10,2.5,,
2026-08-23T00:41:32.987Z,W4140643,7644,46.92734,7.71779,32626.5,7.0,5.8,235.7,-273.0,-1.0,-1.0,RS41,403.500,8.1,250,10,2.5,,
2026-08-23T00:41:34.987Z,W4140643,7646,46.92726,7.71765,32638.2,5.3,8.3,227.9,-273.0,-1.0,-1.0,RS41,403.500,6.6,250,10,2.6,,
2026-08-23T00:41:36.987Z,W4140643,7648,46.92716,7.71747,32650.6,7.0,8.5,237.2,-273.0,-1.0,-1.0,RS41,403.500,8.2,250,10,2.5,,
2026-08-23T00:41:37.987Z,W4140643,7649,46.92713,7.71738,32656.9,5.5,8.0,243.9,-273.0,-1.0,-1.0,RS41,403.500,8.5,250,10,2.5,,
2026-08-23T00:41:38.987Z,W4140643,7650,46.92710,7.71729,32662.2,5.1,7.5,248.5,-273.0,-1.0,-1.0,RS41,403.500,9.1,250,10,2.6,,
2026-08-23T00:41:39.987Z,W4140643,7651,46.92708,7.71720,32667.7,5.8,7.1,248.1,-273.0,-1.0,-1.0,RS41,403.500,9.1,250,10,2.6,,
2026-08-23T00:41:40.987Z,W4140643,7652,46.92705,7.71712,32673.6,6.1,7.0,240.4,-273.0,-1.0,-1.0,RS41,403.500,8.6,250,10,2.5,,
2026-08-23T00:41:41.987Z,W4140643,7653,46.92701,7.71704,32679.7,6.0,7.3,230.1,-273.0,-1.0,-1.0,RS41,403.500,8.6,250,10,2.5,,
2026-08-23T00:41:42.987Z,W4140643,7654,46.92697,7.71697,32685.8,6.1,7.9,222.0,-273.0,-1.0,-1.0,RS41,403.500,8.7,250,10,2.5,,
2026-08-23T00:41:43.987Z,W4140643,7655,46.92691,7.71690,32691.8,6.0,8.3,218.9,-273.0,-1.0,-1.0,RS41,403.500,8.7,250,10,2.6,,
2026-08-23T00:41:44.987Z,W4140643,7656,46.92685,7.71683,32697.8,5.9,8.5,221.4,-273.0,-1.0,-1.0,RS41,403.500,8.2,250,10,2.6,,
2026-08-23T00:41:45.987Z,W4140643,7657,46.92680,7.71675,32703.7,6.0,8.4,228.2,-41.5,-1.0,-1.0,RS41,403.500,8.1,250,10,2.5,,
2026-08-23T00:41:46.987Z,W4140643,7658,46.92676,7.71666,32709.8,6.4,8.0,241.5,-41.5,-1.0,-1.0,RS41,403.500,8.1,250,10,2.5,,
2026-08-23T00:41:47.987Z,W4140643,7659,46.92673,7.71657,32716.2,6.4,7.8,257.7,-41.5,-1.0,-1.0,RS41,403.500,8.3,250,10,2.5,,
2026-08-23T00:41:48.987Z,W4140643,7660,46.92672,7.71647,32722.1,5.3,7.6,269.1,-41.4,-1.0,-1.0,RS41,403.500,9.0,250,10,2.6,,
2026-08-23T00:41:49.987Z,W4140643,7661,46.92673,7.71637,32727.2,4.7,7.0,276.8,-41.4,-1.0,-1.0,RS41,403.500,9.0,250,10,2.6,,
2026-08-23T00:41:50.987Z,W4140643,7662,46.92673,7.71629,32732.4,5.7,5.9,271.8,-41.4,-1.0,-1.0,RS41,403.500,8.6,250,10,2.5,,
2026-08-23T00:41:51.987Z,W4140643,7663,46.92673,7.71622,32738.5,6.5,5.2,249.5,-41.4,-1.0,-1.0,RS41,403.500,8.6,250,10,2.5,,
2026-08-23T00:41:52.987Z,W4140643,7664,46.92670,7.71616,32745.0,6.4,6.1,222.4,-41.4,-1.0,-1.0,RS41,403.500,8.5,250,10,2.5,,
2026-08-23T00:41:53.987Z,W4140643,7665,46.92664,7.71611,32751.1,5.6,8.1,209.7,-41.3,-1.0,-1.0,RS41,403.500,8.6,250,10,2.5,,
2026-08-23T00:41:54.987Z,W4140643,7666,46.92657,7.71605,32756.5,5.1,9.9,208.9,-41.3,-1.0,-1.0,RS41,403.500,9.1,250,10,2.6,,
2026-08-23T00:41:55.987Z,W4140643,7667,46.92650,7.71598,32761.8,5.7,11.1,215.1,-41.3,-1.0,-1.0,RS41,403.500,9.4,250,10,2.6,,
2026-08-23T00:41:56.987Z,W4140643,7668,46.92642,7.71588,32768.0,6.7,11.8,226.3,-41.2,-1.0,-1.0,RS41,403.500,9.4,250,10,2.6,,
2026-08-23T00:41:57.987Z,W4140643,7669,46.92635,7.71575,32775.0,7.1,12.4,240.5,-41.2,-1.0,-1.0,RS41,403.500,8.6,250,10,2.5,,
2026-08-23T00:41:58.987Z,W4140643,7670,46.92631,7.71560,32781.3,5.5,12.6,251.8,-41.2,-1.0,-1.0,RS41,403.500,8.3,250,10,2.5,,
2026-08-23T00:41:59.987Z,W4140643,7671,46.92628,7.71544,32786.4,4.5,12.7,261.4,-41.1,-1.0,-1.0,RS41,403.500,8.1,250,10,2.5,,
2026-08-23T00:42:02.987Z,W4140643,7674,46.92626,7.71499,32804.4,6.9,10.1,262.9,-41.0,-1.0,-1.0,RS41,403.500,8.5,250,10,2.6,,
2026-08-23T00:42:03.987Z,W4140643,7675,46.92625,7.71486,32810.5,5.3,9.2,255.3,-41.0,-1.0,-1.0,RS41,403.500,9.5,250,10,2.5,,
2026-08-23T00:42:04.987Z,W4140643,7676,46.92622,7.71475,32815.3,4.3,8.5,247.6,-41.0,-1.0,-1.0,RS41,403.500,9.5,250,10,2.5,,
2026-08-23T00:42:05.987Z,W4140643,7677,46.92619,7.71466,32819.9,4.9,8.2,243.7,-41.0,-1.0,-1.0,RS41,403.500,9.5,250,10,2.5,,
2026-08-23T00:42:06.987Z,W4140643,7678,46.92616,7.71456,32825.5,6.3,8.1,245.7,-40.9,-1.0,-1.0,RS41,403.500,8.8,250,10,2.6,,
2026-08-23T00:42:07.987Z,W4140643,7679,46.92613,7.71446,32832.1,6.9,8.5,252.2,-40.9,-1.0,-1.0,RS41,403.500,8.6,250,10,2.6,,
2026-08-23T00:42:08.987Z,W4140643,7680,46.92611,7.71435,32838.6,6.0,9.3,256.3,-40.9,-1.0,-1.0,RS41,403.500,9.4,250,10,2.5,,
2026-08-23T00:42:09.987Z,W4140643,7681,46.92609,7.71422,32844.3,5.5,10.4,257.4,-40.9,-1.0,-1.0,RS41,403.500,9.4,250,10,2.5,,
2026-08-23T00:42:10.987Z,W4140643,7682,46.92607,7.71408,32849.8,5.5,11.7,256.2,-40.8,-1.0,-1.0,RS41,403.500,7.7,250,10,2.5,,
2026-08-23T00:42:11.987Z,W4140643,7683,46.92604,7.71392,32855.6,6.3,13.0,251.9,-40.8,-1.0,-1.0,RS41,403.500,8.0,250,10,2.6,,
2026-08-23T00:42:12.987Z,W4140643,7684,46.92600,7.71376,32861.9,6.3,14.0,248.3,-40.7,-1.0,-1.0,RS41,403.500,9.4,250,10,2.6,,
2026-08-23T00:42:13.987Z,W4140643,7685,46.92595,7.71359,32867.6,5.2,14.5,246.4,-40.6,-1.0,-1.0,RS41-SG,403.500,9.4,250,10,2.5,,
2026-08-23T00:42:14.987Z,W4140643,7686,46.92590,7.71341,32873.0,5.5,14.1,247.0,-40.6,-1.0,-1.0,RS41-SG,403.500,8.3,250,10,2.5,,
2026-08-23T00:42:18.987Z,W4140643,7690,46.92584,7.71282,32897.1,4.7,9.6,281.9,-40.4,-1.0,-1.0,RS41-SG,403.500,8.3,250,10,2.5,,
2026-08-23T00:42:22.987Z,W4140643,7694,46.92586,7.71240,32921.3,5.2,7.9,252.8,-40.3,-1.0,-1.0,RS41-SG,403.500,8.1,250,10,2.6,,
2026-08-23T00:42:26.987Z,W4140643,7698,46.92574,7.71195,32944.6,5.3,10.4,255.2,-40.1,-1.0,-1.0,RS41-SG,403.500,8.1,250,10,2.5,,
2026-08-23T00:42:27.987Z,W4140643,7699,46.92572,7.71181,32949.7,4.9,11.0,259.4,-40.1,-1.0,-1.0,RS41-SG,403.500,8.1,250,10,2.5,,
2026-08-23T00:42:30.987Z,W4140643,7702,46.92566,7.71136,32967.5,6.1,12.2,258.9,-39.9,-1.0,-1.0,RS41-SG,403.500,7.7,250,10,2.6,,
2026-08-23T00:42:32.987Z,W4140643,7704,46.92563,7.71105,32979.4,6.1,11.6,264.7,-39.8,-1.0,-1.0,RS41-SG,403.500,7.4,250,10,2.5,,
2026-08-23T00:42:33.987Z,W4140643,7705,46.92563,7.71090,32985.7,6.5,11.1,271.3,-39.8,-1.0,-1.0,RS41-SG,403.500,7.6,250,10,2.5,,
2026-08-23T00:42:34.987Z,W4140643,7706,46.92564,7.71076,32991.8,5.6,10.9,278.0,-39.7,-1.0,-1.0,RS41-SG,403.500,7.6,250,9,2.6,,
2026-08-23T00:42:36.987Z,W4140643,7708,46.92567,7.71049,33003.0,6.2,10.4,278.2,-39.7,-1.0,-1.0,RS41-SG,403.500,7.9,250,10,2.5,,
2026-08-23T00:42:37.987Z,W4140643,7709,46.92567,7.71035,33009.6,7.0,10.1,268.7,-39.6,-1.0,-1.0,RS41-SG,403.500,9.1,250,10,2.5,,
2026-08-23T00:42:38.987Z,W4140643,7710,46.92566,7.71022,33016.2,6.1,10.2,257.2,-39.6,-1.0,-1.0,RS41-SG,403.500,9.1,250,10,2.5,,
2026-08-23T00:42:39.987Z,W4140643,7711,46.92564,7.71009,33021.6,4.6,10.6,249.2,-39.6,-1.0,-1.0,RS41-SG,403.500,8.6,250,10,2.6,,
2026-08-23T00:42:40.987Z,W4140643,7712,46.92560,7.70996,33026.6,5.3,11.0,243.7,-39.6,-1.0,-1.0,RS41-SG,403.500,8.8,250,10,2.6,,
2026-08-23T00:42:41.987Z,W4140643,7713,46.92555,7.70984,33032.7,6.9,10.8,245.4,-39.6,-1.0,-1.0,RS41-SG,403.500,9.7,250,10,2.5,,
2026-08-23T00:42:42.987Z,W4140643,7714,46.92552,7.70971,33039.3,6.2,10.3,250.7,-39.6,-1.0,-1.0,RS41-SG,403.500,9.7,250,10,2.5,,
2026-08-23T00:42:43.987Z,W4140643,7715,46.92549,7.70958,33045.1,5.3,9.7,256.5,-39.6,-1.0,-1.0,RS41-SG,403.500,9.7,250,10,2.5,,
2026-08-23T00:42:44.987Z,W4140643,7716,46.92548,7.70946,33050.6,5.7,9.2,261.3,-39.5,-1.0,-1.0,RS41-SG,403.500,9.1,250,10,2.6,,
2026-08-23T00:42:45.987Z,W4140643,7717,46.92547,7.70934,33056.5,6.2,8.9,262.0,-39.5,-1.0,-1.0,RS41-SG,403.500,9.0,250,10,2.6,,
2026-08-23T00:42:46.987Z,W4140643,7718,46.92545,7.70923,33062.7,6.2,8.7,260.5,-39.4,-1.0,-1.0,RS41-SG,403.500,9.0,250,10,2.5,,
2026-08-23T00:42:47.987Z,W4140643,7719,46.92544,7.70912,33068.5,5.3,8.6,259.8,-39.3,-1.0,-1.0,RS41-SG,403.500,10.2,250,10,2.5,,
2026-08-23T00:42:48.987Z,W4140643,7720,46.92543,7.70901,33074.2,6.0,8.5,261.7,-39.3,-1.0,-1.0,RS41-SG,403.500,10.2,250,10,2.5,,
2026-08-23T00:42:49.987Z,W4140643,7721,46.92542,7.70890,33080.2,6.1,8.4,267.7,-39.2,-1.0,-1.0,RS41-SG,403.500,9.9,250,10,2.6,,
2026-08-23T00:42:50.987Z,W4140643,7722,46.92542,7.70879,33086.4,6.0,8.7,274.6,-39.2,-1.0,-1.0,RS41-SG,403.500,8.8,250,10,2.6,,
2026-08-23T00:42:51.987Z,W4140643,7723,46.92543,7.70867,33092.2,5.5,9.3,278.7,-39.2,-1.0,-1.0,RS41-SG,403.500,8.9,250,9,2.5,,
2026-08-23T00:42:52.987Z,W4140643,7724,46.92545,7.70855,33097.6,5.2,10.2,277.0,-39.2,-1.0,-1.0,RS41-SG,403.500,8.9,250,9,2.5,,
2026-08-23T00:42:53.987Z,W4140643,7725,46.92545,7.70841,33102.9,5.4,11.1,271.2,-39.2,-1.0,-1.0,RS41-SG,403.500,8.7,250,10,2.5,,
2026-08-23T00:42:54.987Z,W4140643,7726,46.92545,7.70826,33108.5,5.7,12.2,262.8,-39.2,-1.0,-1.0,RS41-SG,403.500,9.5,250,10,2.6,,
2026-08-23T00:42:55.987Z,W4140643,7727,46.92542,7.70809,33114.2,6.1,13.2,254.6,-39.2,-1.0,-1.0,RS41-SG,403.500,9.9,250,10,2.6,,
2026-08-23T00:42:56.987Z,W4140643,7728,46.92539,7.70793,33120.1,5.7,13.6,248.1,-39.3,-1.0,-1.0,RS41-SG,403.500,9.9,250,10,2.5,,
2026-08-23T00:42:57.987Z,W4140643,7729,46.92534,7.70777,33125.3,4.9,13.3,244.8,-39.2,-1.0,-1.0,RS41-SG,403.500,7.8,250,10,2.5,,
2026-08-23T00:42:58.987Z,W4140643,7730,46.92529,7.70762,33130.6,5.8,11.7,243.9,-39.2,-1.0,-1.0,RS41-SG,403.500,7.7,250,10,2.5,,
2026-08-23T00:42:59.987Z,W4140643,7731,46.92525,7.70749,33136.8,6.6,9.4,250.5,-39.2,-1.0,-1.0,RS41-SG,403.500,8.7,250,10,2.5,,
2026-08-23T00:43:00.987Z,W4140643,7732,46.92524,7.70739,33143.2,6.4,7.3,265.9,-39.2,-1.0,-1.0,RS41-SG,403.500,9.3,250,10,2.6,,
2026-08-23T00:43:01.987Z,W4140643,7733,46.92524,7.70730,33148.8,4.7,6.7,285.6,-39.2,-1.0,-1.0,RS41-SG,403.500,9.3,250,10,2.6,,
2026-08-23T00:43:02.987Z,W4140643,7734,46.92527,7.70722,33153.2,3.9,7.4,300.9,-39.3,-1.0,-1.0,RS41-SG,403.500,9.2,250,10,2.6,,
2026-08-23T00:43:03.987Z,W4140643,7735,46.92530,7.70713,33157.8,5.4,8.7,302.3,-39.3,-1.0,-1.0,RS41-SG,403.500,9.5,250,10,2.5,,
2026-08-23T00:43:04.987Z,W4140643,7736,46.92534,7.70702,33163.8,6.7,10.1,292.0,-39.3,-1.0,-1.0,RS41-SG,403.500,9.5,250,10,2.5,,
2026-08-23T00:43:05.987Z,W4140643,7737,46.92537,7.70688,33170.5,6.9,11.8,278.9,-39.3,-1.0,-1.0,RS41-SG,403.500,8.7,250,10,2.5,,
2026-08-23T00:43:06.987Z,W4140643,7738,46.92537,7.70672,33176.6,5.3,13.3,268.6,-39.3,-1.0,-1.0,RS41-SG,403.500,7.9,250,10,2.5,,
2026-08-23T00:43:07.987Z,W4140643,7739,46.92536,7.70654,33181.2,4.0,14.5,262.0,-39.3,-1.0,-1.0,RS41-SG,403.500,8.9,250,10,2.6,,
2026-08-23T00:43:08.987Z,W4140643,7740,46.92534,7.70635,33185.5,4.7,15.1,257.1,-39.3,-1.0,-1.0,RS41-SG,403.500,8.9,250,10,2.6,,
2026-08-23T00:43:09.987Z,W4140643,7741,46.92531,7.70616,33191.0,6.5,14.3,255.6,-39.3,-1.0,-1.0,RS41-SG,403.500,9.2,250,10,2.5,,
2026-08-23T00:43:12.987Z,W4140643,7744,46.92526,7.70571,33209.6,4.5,9.0,270.3,-39.3,-1.0,-1.0,RS41-SG,403.500,8.4,250,10,2.6,,
2026-08-23T00:43:13.987Z,W4140643,7745,46.92526,7.70560,33214.1,4.5,7.8,276.9,-39.3,-1.0,-1.0,RS41-SG,403.500,8.4,250,10,2.6,,
2026-08-23T00:43:14.987Z,W4140643,7746,46.92527,7.70550,33219.2,5.7,7.4,280.9,-39.3,-1.0,-1.0,RS41-SG,403.500,8.5,250,10,2.5,,
2026-08-23T00:43:15.987Z,W4140643,7747,46.92529,7.70541,33225.3,6.7,7.6,279.0,-39.3,0.7,-1.0,RS41-SG,403.500,9.1,250,10,2.5,,
2026-08-23T00:43:16.987Z,W4140643,7748,46.92530,7.70530,33231.6,5.8,8.5,277.2,-39.3,0.7,-1.0,RS41-SG,403.500,10.4,250,10,2.5,,
2026-08-23T00:43:17.987Z,W4140643,7749,46.92531,7.70518,33237.1,5.3,9.5,278.1,-39.3,0.7,-1.0,RS41-SG,403.500,10.4,250,10,2.6,,
2026-08-23T00:43:18.987Z,W4140643,7750,46.92532,7.70505,33242.5,5.5,10.6,281.2,-39.3,0.7,-1.0,RS41-SG,403.500,9.1,250,10,2.6,,
2026-08-23T00:43:19.987Z,W4140643,7751,46.92534,7.70491,33248.3,6.0,11.5,285.7,-39.3,0.7,-1.0,RS41-SG,403.500,9.0,250,10,2.5,,
2026-08-23T00:43:20.987Z,W4140643,7752,46.92538,7.70477,33254.3,6.0,12.2,290.3,-39.4,0.7,-1.0,RS41-SG,403.500,8.7,250,10,2.5,,
2026-08-23T00:43:21.987Z,W4140643,7753,46.92542,7.70462,33260.0,5.4,12.5,292.8,-39.3,0.6,-1.0,RS41-SG,403.500,8.7,250,10,2.5,,
2026-08-23T00:43:22.987Z,W4140643,7754,46.92546,7.70447,33265.2,5.0,12.4,292.2,-39.4,0.7,-1.0,RS41-SG,403.500,8.7,250,10,2.6,,
2026-08-23T00:43:23.987Z,W4140643,7755,46.92550,7.70432,33270.5,5.6,12.1,286.8,-39.3,0.7,-1.0,RS41-SG,403.500,8.6,250,10,2.6,,
2026-08-23T00:43:24.987Z,W4140643,7756,46.92552,7.70417,33276.3,6.1,11.7,277.9,-39.3,0.7,-1.0,RS41-SG,403.500,7.8,250,10,2.5,,
2026-08-23T00:43:25.987Z,W4140643,7757,46.92552,7.70402,33282.4,6.0,11.3,266.7,-39.3,0.7,-1.0,RS41-SG,403.500,8.2,250,10,2.5,,
2026-08-23T00:43:26.987Z,W4140643,7758,46.92551,7.70388,33288.2,5.6,10.6,255.8,-39.3,0.6,-1.0,RS41-SG,403.500,8.2,250,10,2.5,,
2026-08-23T00:43:28.987Z,W4140643,7760,46.92545,7.70365,33299.0,5.6,7.8,241.8,-39.3,0.7,-1.0,RS41-SG,403.500,7.5,250,10,2.6,,
2026-08-23T00:43:29.987Z,W4140643,7761,46.92542,7.70357,33304.8,6.1,5.2,245.7,-39.3,0.7,-1.0,RS41-SG,403.500,9.8,250,10,2.5,,
2026-08-23T00:43:30.987Z,W4140643,7762,46.92541,7.70352,33311.1,6.5,2.9,278.3,-39.3,0.7,-1.0,RS41-SG,403.500,10.0,250,10,2.5,,
2026-08-23T00:43:31.987Z,W4140643,7763,46.92543,7.70349,33317.1,5.5,3.5,324.3,-39.2,0.7,-1.0,RS41-SG,403.500,10.0,250,10,2.5,,
2026-08-23T00:43:32.987Z,W4140643,7764,46.92546,7.70346,33322.4,5.1,5.6,333.3,-39.2,0.7,-1.0,RS41-SG,403.500,9.1,250,10,2.6,,
2026-08-23T00:43:33.987Z,W4140643,7765,46.92551,7.70342,33327.8,6.0,8.0,326.5,-39.2,0.6,-1.0,RS41-SG,403.500,9.0,250,10,2.6,,
2026-08-23T00:43:34.987Z,W4140643,7766,46.92558,7.70334,33334.3,6.8,10.1,312.1,-39.1,0.6,-1.0,RS41-SG,403.500,10.3,250,10,2.5,,
2026-08-23T00:43:35.987Z,W4140643,7767,46.92563,7.70322,33340.7,6.1,12.2,298.7,-39.1,0.6,-1.0,RS41-SG,403.500,10.3,250,10,2.5,,
2026-08-23T00:43:36.987Z,W4140643,7768,46.92568,7.70307,33345.9,4.2,13.7,288.4,-39.1,0.6,-1.0,RS41-SG,403.500,10.3,250,10,2.5,,
2026-08-23T00:43:37.987Z,W4140643,7769,46.92571,7.70289,33350.3,4.4,14.4,279.5,-39.1,0.6,-1.0,RS41-SG,403.500,10.3,250,10,2.6,,
2026-08-23T00:43:38.987Z,W4140643,7770,46.92572,7.70271,33355.4,6.0,13.8,272.6,-39.0,0.6,-1.0,RS41-SG,403.500,9.7,250,10,2.6,,
2026-08-23T00:43:40.987Z,W4140643,7772,46.92572,7.70241,33368.7,6.8,8.5,264.7,-39.0,0.6,-1.0,RS41-SG,403.500,7.4,250,10,2.5,,
2026-08-23T00:43:41.987Z,W4140643,7773,46.92571,7.70232,33374.9,5.4,5.6,259.9,-38.9,0.6,-1.0,RS41-SG,403.500,8.0,250,9,2.5,,
2026-08-23T00:43:42.987Z,W4140643,7774,46.92570,7.70226,33379.7,4.2,3.1,252.4,-38.9,0.7,-1.0,RS41-SG,403.500,9.9,250,10,2.6,,
2026-08-23T00:43:43.987Z,W4140643,7775,46.92569,7.70223,33383.9,4.2,1.5,234.8,-38.9,0.6,-1.0,RS41-SG,403.500,9.9,250,10,2.6,,
2026-08-23T00:43:44.987Z,W4140643,7776,46.92568,7.70222,33388.7,5.4,1.1,222.5,-38.8,0.6,-1.0,RS41-SG,403.500,10.4,250,10,2.5,,
2026-08-23T00:43:45.987Z,W4140643,7777,46.92568,7.70220,33394.9,6.9,2.1,253.8,-38.8,0.6,-1.0,RS41-SG,403.500,10.4,250,10,2.5,,
2026-08-23T00:43:46.987Z,W4140643,7778,46.92567,7.70216,33401.9,7.1,4.3,268.5,-38.8,0.6,-1.0,RS41-SG,403.500,9.8,250,10,2.5,,
2026-08-23T00:43:47.987Z,W4140643,7779,46.92567,7.70209,33408.2,5.5,6.6,275.6,-38.7,0.6,-1.0,RS41-SG,403.500,10.1,250,10,2.5,,
2026-08-23T00:43:48.987Z,W4140643,7780,46.92569,7.70199,33413.1,4.4,8.8,283.4,-38.7,0.6,-1.0,RS41-SG,403.500,10.1,250,10,2.6,,
2026-08-23T00:43:49.987Z,W4140643,7781,46.92571,7.70187,33417.8,4.8,10.6,291.1,-38.7,0.7,-1.0,RS41-SG,403.500,10.1,250,10,2.6,,
2026-08-23T00:43:50.987Z,W4140643,7782,46.92576,7.70174,33423.3,6.1,11.5,298.5,-38.7,0.6,-1.0,RS41-SG,403.500,9.9,250,10,2.6,,
2026-08-23T00:43:51.987Z,W4140643,7783,46.92581,7.70161,33429.8,6.8,11.2,305.9,-38.7,0.6,-1.0,RS41-SG,403.500,9.9,250,10,2.5,,
2026-08-23T00:43:52.987Z,W4140643,7784,46.92587,7.70150,33436.2,6.0,10.0,309.7,-38.6,0.6,-1.0,RS41-SG,403.500,9.9,250,10,2.5,,
2026-08-23T00:43:53.987Z,W4140643,7785,46.92592,7.70141,33442.2,5.9,7.9,309.0,-38.6,0.6,-1.0,RS41-SG,403.500,8.6,250,10,2.5,,
2026-08-23T00:43:54.987Z,W4140643,7786,46.92595,7.70134,33448.3,6.4,5.4,296.1,-38.6,0.6,-1.0,RS41-SG,403.500,8.6,250,10,2.5,,
2026-08-23T00:43:55.987Z,W4140643,7787,46.92596,7.70128,33454.8,6.6,4.1,257.9,-38.6,0.6,-1.0,RS41-SG,403.500,9.1,250,10,2.6,,
2026-08-23T00:43:56.987Z,W4140643,7788,46.92594,7.70123,33460.9,5.5,5.2,227.0,-38.6,0.6,-1.0,RS41-SG,403.500,9.7,250,10,2.6,,
2026-08-23T00:43:57.987Z,W4140643,7789,46.92590,7.70119,33465.9,4.5,6.6,213.5,-38.6,0.6,-1.0,RS41-SG,403.500,9.7,250,10,2.5,,
2026-08-23T00:43:58.987Z,W4140643,7790,46.92584,7.70114,33470.8,5.2,7.3,207.3,-38.6,0.6,-1.0,RS41-SG,403.500,9.0,250,10,2.5,,
2026-08-23T00:44:00.987Z,W4140643,7792,46.92575,7.70106,33483.8,7.4,4.6,214.3,-38.5,0.6,-1.0,RS41-SG,403.500,10.3,250,10,2.6,,
2026-08-23T00:44:01.987Z,W4140643,7793,46.92572,7.70103,33490.6,6.0,3.3,237.9,-38.5,0.6,-1.0,RS41-SG,403.500,10.5,250,10,2.6,,
2026-08-23T00:44:02.987Z,W4140643,7794,46.92571,7.70099,33496.3,5.4,3.7,275.0,-38.5,0.6,-1.0,RS41-SG,403.500,10.5,250,10,2.5,,
2026-08-23T00:44:03.987Z,W4140643,7795,46.92572,7.70093,33501.9,5.8,5.7,288.9,-38.5,0.6,-1.0,RS41-SG,403.500,10.0,250,10,2.5,,
2026-08-23T00:44:04.987Z,W4140643,7796,46.92574,7.70084,33508.0,6.3,8.2,287.5,-38.5,0.6,-1.0,RS41-SG,403.500,10.0,250,10,2.5,,
2026-08-23T00:44:05.987Z,W4140643,7797,46.92577,7.70072,33514.1,5.9,10.2,282.5,-38.4,0.6,-1.0,RS41-SG,403.500,9.9,250,10,2.6,,
2026-08-23T00:44:06.987Z,W4140643,7798,46.92578,7.70059,33519.7,5.3,11.3,276.7,-38.4,0.6,-1.0,RS41-SG,403.500,8.3,250,10,2.6,,
2026-08-23T00:44:07.987Z,W4140643,7799,46.92579,7.70044,33525.2,5.7,11.3,270.1,-38.4,0.6,-1.0,RS41-SG,403.500,8.6,250,10,2.5,,
2026-08-23T00:44:08.987Z,W4140643,7800,46.92578,7.70030,33531.3,6.3,10.1,262.5,-38.4,0.6,-1.0,RS41-SG,403.500,9.5,250,10,2.5,,
2026-08-23T00:44:09.987Z,W4140643,7801,46.92577,7.70018,33537.7,6.5,8.3,253.8,-38.4,0.6,-1.0,RS41-SG,403.500,9.5,250,10,2.5,,
2026-08-23T00:44:10.987Z,W4140643,7802,46.92574,7.70009,33543.9,5.9,6.5,241.7,-38.3,0.6,-1.0,RS41-SG,403.500,9.1,250,10,2.6,,
2026-08-23T00:44:11.987Z,W4140643,7803,46.92571,7.70003,33549.2,4.6,5.5,229.9,-38.2,0.6,-1.0,RS41-SG,403.500,8.9,250,10,2.6,,
2026-08-23T00:44:12.987Z,W4140643,7804,46.92568,7.69998,33554.0,4.9,5.5,221.0,-38.2,0.6,-1.0,RS41-SG,403.500,9.8,250,10,2.5,,
2026-08-23T00:44:13.987Z,W4140643,7805,46.92564,7.69992,33559.5,6.1,6.2,223.9,-38.1,0.6,-1.0,RS41-SG,403.500,9.9,250,10,2.5,,
2026-08-23T00:44:14.987Z,W4140643,7806,46.92560,7.69986,33566.0,6.8,7.8,232.3,-38.1,0.6,-1.0,RS41-SG,403.500,9.9,250,10,2.5,,
2026-08-23T00:44:15.987Z,W4140643,7807,46.92556,7.69976,33572.8,6.6,9.7,240.4,-38.1,0.6,-1.0,RS41-SG,403.500,9.8,250,10,2.6,,
2026-08-23T00:44:16.987Z,W4140643,7808,46.92551,7.69964,33578.6,5.0,11.3,246.0,-38.1,0.6,-1.0,RS41-SG,403.500,9.8,250,10,2.6,,
2026-08-23T00:44:17.987Z,W4140643,7809,46.92547,7.69949,33583.3,4.5,12.4,249.9,-38.1,0.6,-1.0,RS41-SG,403.500,8.8,250,10,2.5,,
2026-08-23T00:44:18.987Z,W4140643,7810,46.92544,7.69934,33588.3,5.5,12.6,253.1,-38.0,0.6,-1.0,RS41-SG,403.500,7.5,250,10,2.5,,
2026-08-23T00:44:19.987Z,W4140643,7811,46.92541,7.69919,33594.3,6.5,11.5,255.5,-38.0,0.6,-1.0,RS41-SG,403.500,7.7,250,10,2.5,,
2026-08-23T00:44:20.987Z,W4140643,7812,46.92539,7.69905,33601.0,6.7,9.6,256.6,-38.0,0.6,-1.0,RS41-SG,403.500,8.5,250,10,2.6,,
2026-08-23T00:44:21.987Z,W4140643,7813,46.92537,7.69894,33607.2,5.6,8.0,255.4,-38.0,0.6,-1.0,RS41-SG,403.500,9.3,250,10,2.6,,
2026-08-23T00:44:22.987Z,W4140643,7814,46.92535,7.69885,33612.6,5.1,6.9,253.5,-38.0,0.6,-1.0,RS41-SG,403.500,9.7,250,10,2.5,,
2026-08-23T00:44:23.987Z,W4140643,7815,46.92533,7.69876,33617.9,5.5,6.8,251.0,-38.0,0.6,-1.0,RS41-SG,403.500,9.7,250,10,2.5,,
2026-08-23T00:44:24.987Z,W4140643,7816,46.92531,7.69867,33623.8,6.3,7.7,249.1,-38.0,0.6,-1.0,RS41-SG,403.500,9.9,250,10,2.5,,
2026-08-23T00:44:25.987Z,W4140643,7817,46.92528,7.69857,33630.5,7.1,9.6,249.0,-38.0,0.6,-1.0,RS41-SG,403.500,9.9,250,10,2.6,,
2026-08-23T00:44:26.987Z,W4140643,7818,46.92525,7.69844,33637.1,6.1,11.3,248.2,-38.0,0.6,-1.0,RS41-SG,403.500,9.3,250,10,2.6,,
2026-08-23T00:44:27.987Z,W4140643,7819,46.92521,7.69830,33642.8,5.2,12.7,246.8,-38.0,0.6,-1.0,RS41-SG,403.500,9.3,250,10,2.5,,
2026-08-23T00:44:28.987Z,W4140643,7820,46.92516,7.69814,33647.9,5.1,13.4,244.9,-38.0,0.6,-1.0,RS41-SG,403.500,8.4,250,10,2.5,,
2026-08-23T00:44:29.987Z,W4140643,7821,46.92511,7.69798,33653.4,5.9,13.2,242.2,-38.0,0.6,-1.0,RS41-SG,403.500,8.2,250,10,2.5,,
2026-08-23T00:44:30.987Z,W4140643,7822,46.92505,7.69784,33659.8,6.8,12.0,240.4,-38.0,0.6,-1.0,RS41-SG,403.500,8.9,250,10,2.6,,
2026-08-23T00:44:31.987Z,W4140643,7823,46.92500,7.69771,33666.5,6.5,10.5,240.2,-38.0,0.7,-1.0,RS41-SG,403.500,9.2,250,10,2.6,,
2026-08-23T00:44:32.987Z,W4140643,7824,46.92496,7.69760,33672.6,5.6,9.3,243.8,-38.0,0.6,-1.0,RS41-SG,403.500,9.8,250,10,2.5,,
2026-08-23T00:44:33.987Z,W4140643,7825,46.92493,7.69749,33678.3,5.7,8.9,252.1,-38.0,0.6,-1.0,RS41-SG,403.500,9.8,250,10,2.5,,
2026-08-23T00:44:34.987Z,W4140643,7826,46.92491,7.69737,33684.1,5.9,9.8,262.3,-37.9,0.6,-1.0,RS41-SG,403.500,9.6,250,10,2.5,,
2026-08-23T00:44:35.987Z,W4140643,7827,46.92491,7.69723,33690.3,6.3,11.6,270.4,-37.9,0.6,-1.0,RS41-SG,403.500,9.5,250,10,2.6,,
2026-08-23T00:44:36.987Z,W4140643,7828,46.92491,7.69706,33696.7,6.4,13.8,273.9,-37.9,0.6,-1.0,RS41-SG,403.500,9.5,250,10,2.6,,
2026-08-23T00:44:37.987Z,W4140643,7829,46.92492,7.69687,33702.6,5.4,15.3,274.3,-37.9,0.6,-1.0,RS41-SG,403.500,8.5,250,10,2.5,,
2026-08-23T00:44:38.987Z,W4140643,7830,46.92493,7.69667,33707.9,5.3,15.9,273.2,-37.8,0.6,-1.0,RS41-SG,403.500,8.2,250,10,2.5,,
2026-08-23T00:44:39.987Z,W4140643,7831,46.92493,7.69647,33713.5,5.9,15.3,270.7,-37.8,0.6,-1.0,RS41-SG,403.500,8.0,250,10,2.5,,
2026-08-23T00:44:40.987Z,W4140643,7832,46.92493,7.69628,33719.8,6.6,13.6,267.3,-37.8,0.6,-1.0,RS41-SG,403.500,8.0,250,10,2.6,,
2026-08-23T00:44:41.987Z,W4140643,7833,46.92492,7.69612,33726.2,6.1,11.3,262.9,-37.8,0.6,-1.0,RS41-SG,403.500,8.6,250,10,2.6,,
2026-08-23T00:44:42.987Z,W4140643,7834,46.92491,7.69598,33731.8,5.2,9.4,259.5,-37.8,0.6,-1.0,RS41-SG,403.500,9.8,250,10,2.5,,
2026-08-23T00:44:43.987Z,W4140643,7835,46.92489,7.69587,33736.9,5.0,8.0,257.2,-37.8,0.6,-1.0,RS41-SG,403.500,10.2,250,10,2.5,,
2026-08-23T00:44:44.987Z,W4140643,7836,46.92488,7.69577,33742.2,5.7,7.7,261.8,-37.7,0.6,-1.0,RS41-SG,403.500,10.2,250,10,2.5,,
2026-08-23T00:44:45.987Z,W4140643,7837,46.92487,7.69566,33748.3,6.6,8.9,269.6,-37.7,0.6,-1.0,RS41-SG,403.500,8.9,250,10,2.6,,
2026-08-23T00:44:46.987Z,W4140643,7838,46.92488,7.69553,33755.2,7.1,11.1,276.6,-37.7,0.6,-1.0,RS41-SG,403.500,9.2,250,10,2.6,,
2026-08-23T00:44:47.987Z,W4140643,7839,46.92490,7.69538,33761.9,6.3,13.4,279.8,-37.7,0.6,-1.0,RS41-SG,403.500,9.2,250,10,2.5,,
2026-08-23T00:44:48.987Z,W4140643,7840,46.92492,7.69519,33767.5,4.9,15.2,281.0,-37.6,0.6,-1.0,RS41-SG,403.500,9.0,250,10,2.5,,
2026-08-23T00:44:49.987Z,W4140643,7841,46.92495,7.69499,33772.4,4.9,16.3,281.6,-37.6,0.6,-1.0,RS41-SG,403.500,8.7,250,10,2.5,,
2026-08-23T00:44:50.987Z,W4140643,7842,46.92498,7.69478,33778.0,6.3,15.9,281.5,-37.5,0.6,-1.0,RS41-SG,403.500,8.7,250,10,2.6,,
2026-08-23T00:44:51.987Z,W4140643,7843,46.92500,7.69459,33784.9,7.6,14.1,281.0,-37.5,0.6,-1.0,RS41-SG,403.500,9.5,250,10,2.6,,
2026-08-23T00:44:52.987Z,W4140643,7844,46.92502,7.69442,33792.1,6.7,11.8,280.2,-37.5,0.6,-1.0,RS41-SG,403.500,9.5,250,10,2.5,,
2026-08-23T00:44:53.987Z,W4140643,7845,46.92504,7.69428,33797.8,4.7,9.9,279.2,-37.4,0.6,-1.0,RS41-SG,403.500,10.5,250,10,2.5,,
2026-08-23T00:44:54.987Z,W4140643,7846,46.92505,7.69417,33802.6,4.8,8.3,277.1,-37.4,0.6,-1.0,RS41-SG,403.500,10.5,250,10,2.5,,
2026-08-23T00:44:55.987Z,W4140643,7847,46.92506,7.69406,33808.0,6.0,7.7,276.2,-37.4,0.6,-1.0,RS41-SG,403.500,10.1,250,10,2.6,,
2026-08-23T00:44:56.987Z,W4140643,7848,46.92507,7.69396,33814.7,7.2,8.5,276.8,-37.3,0.6,-1.0,RS41-SG,403.500,10.0,250,10,2.6,,
2026-08-23T00:44:57.987Z,W4140643,7849,46.92508,7.69384,33821.5,6.4,9.6,278.7,-37.3,0.6,-1.0,RS41-SG,403.500,9.5,250,10,2.5,,
2026-08-23T00:44:58.987Z,W4140643,7850,46.92509,7.69371,33827.6,5.6,10.6,281.0,-37.3,0.6,-1.0,RS41-SG,403.500,9.5,250,10,2.5,,
2026-08-23T00:44:59.987Z,W4140643,7851,46.92511,7.69357,33833.3,5.8,11.3,283.9,-37.3,0.6,-1.0,RS41-SG,403.500,9.5,250,10,2.5,,
2026-08-23T00:45:00.987Z,W4140643,7852,46.92514,7.69343,33839.5,6.6,11.5,287.8,-37.3,0.6,-1.0,RS41-SG,403.500,9.7,250,10,2.6,,
2026-08-23T00:45:01.987Z,W4140643,7853,46.92518,7.69329,33846.4,7.0,11.4,292.6,-37.3,0.6,-1.0,RS41-SG,403.500,9.7,250,10,2.6,,
2026-08-23T00:45:02.987Z,W4140643,7854,46.92522,7.69315,33853.0,6.0,11.1,295.7,-37.3,0.6,-1.0,RS41-SG,403.500,9.7,250,10,2.5,,
2026-08-23T00:45:03.987Z,W4140643,7855,46.92526,7.69302,33858.6,5.2,11.2,298.0,-37.4,0.6,-1.0,RS41-SG,403.500,9.7,250,10,2.5,,
2026-08-23T00:45:04.987Z,W4140643,7856,46.92531,7.69289,33864.0,5.4,11.6,298.0,-37.4,0.6,-1.0,RS41-SG,403.500,9.0,250,10,2.5,,
2026-08-23T00:45:05.987Z,W4140643,7857,46.92536,7.69275,33869.8,6.2,12.5,296.2,-37.4,0.6,-1.0,RS41-SG,403.500,9.2,250,10,2.6,,
2026-08-23T00:45:06.987Z,W4140643,7858,46.92541,7.69260,33876.2,6.7,13.5,294.2,-37.4,0.6,-1.0,RS41-SG,403.500,9.2,250,10,2.6,,
2026-08-23T00:45:07.987Z,W4140643,7859,46.92546,7.69244,33882.8,6.5,13.9,292.6,-37.4,0.6,-1.0,RS41-SG,403.500,8.7,250,10,2.5,,
2026-08-23T00:45:08.987Z,W4140643,7860,46.92551,7.69227,33889.1,6.1,13.6,292.1,-37.4,0.6,-1.0,RS41-SG,403.500,8.4,250,10,2.5,,
2026-08-23T00:45:09.987Z,W4140643,7861,46.92555,7.69211,33895.4,6.4,12.3,293.4,-37.5,0.6,-1.0,RS41-SG,403.500,7.9,250,10,2.5,,
2026-08-23T00:45:10.987Z,W4140643,7862,46.92559,7.69198,33902.0,6.8,10.2,296.9,-37.5,0.6,-1.0,RS41-SG,403.500,8.0,250,10,2.6,,
2026-08-23T00:45:11.987Z,W4140643,7863,46.92563,7.69188,33908.6,6.5,7.9,305.0,-37.5,0.6,-1.0,RS41-SG,403.500,8.0,250,10,2.6,,
2026-08-23T00:45:12.987Z,W4140643,7864,46.92567,7.69181,33914.8,5.7,6.3,315.9,-37.5,0.6,-1.0,RS41-SG,403.500,8.9,250,10,2.5,,
2026-08-23T00:45:13.987Z,W4140643,7865,46.92571,7.69176,33920.3,5.3,5.6,325.7,-37.5,0.6,-1.0,RS41-SG,403.500,9.8,250,10,2.5,,
2026-08-23T00:45:14.987Z,W4140643,7866,46.92576,7.69172,33926.0,6.3,6.0,324.1,-37.5,0.6,-1.0,RS41-SG,403.500,9.8,250,10,2.5,,
2026-08-23T00:45:15.987Z,W4140643,7867,46.92580,7.69166,33932.9,7.4,7.5,312.1,-37.5,0.6,-1.0,RS41-SG,403.500,10.0,250,10,2.6,,
2026-08-23T00:45:16.987Z,W4140643,7868,46.92585,7.69157,33940.3,7.3,9.9,301.3,-37.5,0.6,-1.0,RS41-SG,403.500,10.0,250,10,2.6,,
2026-08-23T00:45:17.987Z,W4140643,7869,46.92589,7.69144,33946.9,5.8,12.4,294.1,-37.5,0.6,-1.0,RS41-SG,403.500,9.6,250,10,2.5,,
2026-08-23T00:45:18.987Z,W4140643,7870,46.92594,7.69127,33952.0,4.4,14.3,289.8,-37.5,0.6,-1.0,RS41-SG,403.500,9.6,250,10,2.5,,
2026-08-23T00:45:19.987Z,W4140643,7871,46.92598,7.69109,33956.7,5.1,15.2,286.7,-37.5,0.6,-1.0,RS41-SG,403.500,8.7,250,10,2.5,,
2026-08-23T00:45:20.987Z,W4140643,7872,46.92601,7.69091,33962.4,6.3,14.5,285.1,-37.5,0.6,-1.0,RS41-SG,403.500,7.3,250,10,2.6,,
2026-08-23T00:45:21.987Z,W4140643,7873,46.92605,7.69074,33969.3,7.4,12.4,285.4,-37.6,0.6,-1.0,RS41-SG,403.500,7.6,250,10,2.6,,
2026-08-23T00:45:22.987Z,W4140643,7874,46.92607,7.69060,33976.7,7.3,9.7,287.3,-37.6,0.6,-1.0,RS41-SG,403.500,8.8,250,10,2.5,,
2026-08-23T00:45:23.987Z,W4140643,7875,46.92610,7.69049,33983.1,5.5,7.5,290.8,-37.6,0.6,-1.0,RS41-SG,403.500,9.6,250,10,2.5,,
2026-08-23T00:45:24.987Z,W4140643,7876,46.92612,7.69041,33988.3,5.0,5.9,295.7,-37.5,0.6,-1.0,RS41-SG,403.500,10.2,250,10,2.5,,
2026-08-23T00:45:25.987Z,W4140643,7877,46.92615,7.69034,33993.7,5.8,5.6,301.2,-37.5,0.6,-1.0,RS41-SG,403.500,10.2,250,10,2.6,,
2026-08-23T00:45:26.987Z,W4140643,7878,46.92617,7.69027,34000.3,7.3,6.7,300.2,-37.5,0.6,-1.0,RS41-SG,403.500,10.1,250,10,2.6,,
2026-08-23T00:45:27.987Z,W4140643,7879,46.92621,7.69019,34007.7,7.3,8.8,297.0,-37.5,0.6,-1.0,RS41-SG,403.500,10.1,250,10,2.5,,
2026-08-23T00:45:28.987Z,W4140643,7880,46.92625,7.69007,34014.2,5.6,10.9,294.9,-37.4,0.6,-1.0,RS41-SG,403.500,10.1,250,10,2.5,,
2026-08-23T00:45:29.987Z,W4140643,7881,46.92629,7.68993,34019.5,4.9,12.7,292.9,-37.4,0.6,-1.0,RS41-SG,403.500,9.4,250,10,2.5,,
2026-08-23T00:45:30.987Z,W4140643,7882,46.92633,7.68977,34024.9,5.7,13.7,291.3,-37.4,0.6,-1.0,RS41-SG,403.500,8.4,250,9,2.6,,
2026-08-23T00:45:31.987Z,W4140643,7883,46.92638,7.68960,34031.2,6.9,13.6,290.6,-37.4,0.6,-1.0,RS41-SG,403.500,8.4,250,10,2.6,,
2026-08-23T00:45:32.987Z,W4140643,7884,46.92642,7.68944,34038.2,7.1,12.4,289.2,-37.4,0.6,-1.0,RS41-SG,403.500,7.9,250,10,2.5,,
2026-08-23T00:45:33.987Z,W4140643,7885,46.92645,7.68929,34044.8,5.9,11.3,286.5,-37.4,0.6,-1.0,RS41-SG,403.500,8.9,250,10,2.5,,
2026-08-23T00:45:34.987Z,W4140643,7886,46.92647,7.68916,34050.6,5.8,10.5,281.8,-37.4,0.6,-1.0,RS41-SG,403.500,9.3,250,10,2.5,,
2026-08-23T00:45:35.987Z,W4140643,7887,46.92649,7.68902,34056.7,6.4,10.2,275.4,-37.3,0.6,-1.0,RS41-SG,403.500,9.3,250,10,2.6,,
2026-08-23T00:45:36.987Z,W4140643,7888,46.92649,7.68889,34063.3,6.7,10.6,269.5,-37.3,0.6,-1.0,RS41-SG,403.500,9.9,250,10,2.6,,
2026-08-23T00:45:37.987Z,W4140643,7889,46.92649,7.68875,34069.9,6.5,11.1,267.4,-37.3,0.6,-1.0,RS41-SG,403.500,9.9,250,10,2.5,,
2026-08-23T00:45:38.987Z,W4140643,7890,46.92648,7.68860,34076.1,5.8,11.2,268.4,-37.2,0.6,-1.0,RS41-SG,403.500,8.8,250,10,2.5,,
2026-08-23T00:45:39.987Z,W4140643,7891,46.92649,7.68846,34082.1,6.2,10.9,273.2,-37.2,0.6,-1.0,RS41-SG,403.500,8.8,250,10,2.5,,
2026-08-23T00:45:40.987Z,W4140643,7892,46.92650,7.68832,34088.6,6.8,10.0,281.0,-37.2,0.6,-1.0,RS41-SG,403.500,9.3,250,10,2.6,,
2026-08-23T00:45:41.987Z,W4140643,7893,46.92652,7.68820,34095.2,6.5,9.2,290.9,-37.2,0.6,-1.0,RS41-SG,403.500,9.9,250,10,2.6,,
2026-08-23T00:45:42.987Z,W4140643,7894,46.92656,7.68810,34101.2,5.5,9.0,299.9,-37.1,0.6,-1.0,RS41-SG,403.500,9.9,250,10,2.5,,
2026-08-23T00:45:43.987Z,W4140643,7895,46.92660,7.68799,34107.0,6.0,9.5,304.4,-37.1,0.6,-1.0,RS41-SG,403.500,9.6,250,10,2.5,,
2026-08-23T00:45:44.987Z,W4140643,7896,46.92665,7.68788,34113.4,6.9,10.5,302.3,-37.1,0.6,-1.0,RS41-SG,403.500,10.0,250,10,2.5,,
2026-08-23T00:45:45.987Z,W4140643,7897,46.92670,7.68776,34120.5,7.3,12.0,295.8,-37.1,0.6,-1.0,RS41-SG,403.500,10.0,250,10,2.6,,
2026-08-23T00:45:46.987Z,W4140643,7898,46.92674,7.68760,34127.3,6.4,13.4,289.1,-37.1,0.6,-1.0,RS41-SG,403.500,10.0,250,10,2.6,,
2026-08-23T00:45:47.987Z,W4140643,7899,46.92677,7.68743,34133.1,5.1,14.3,283.4,-37.0,0.6,-1.0,RS41-SG,403.500,10.1,250,10,2.5,,
2026-08-23T00:45:48.987Z,W4140643,7900,46.92680,7.68725,34138.3,5.3,14.6,278.7,-37.0,0.6,-1.0,RS41-SG,403.500,10.1,250,10,2.5,,
2026-08-23T00:45:49.987Z,W4140643,7901,46.92681,7.68706,34144.2,6.3,13.6,274.5,-37.0,0.6,-1.0,RS41-SG,403.500,9.1,250,10,2.5,,
2026-08-23T00:45:50.987Z,W4140643,7902,46.92682,7.68690,34150.8,6.9,11.9,272.5,-36.9,0.6,-1.0,RS41-SG,403.500,8.3,250,10,2.6,,
2026-08-23T00:45:51.987Z,W4140643,7903,46.92683,7.68675,34157.4,6.2,10.1,272.3,-37.0,0.6,-1.0,RS41-SG,403.500,9.4,250,9,2.6,,
2026-08-23T00:45:52.987Z,W4140643,7904,46.92683,7.68663,34163.1,5.1,8.7,273.3,-36.9,0.6,-1.0,RS41-SG,403.500,10.0,250,10,2.5,,
2026-08-23T00:45:53.987Z,W4140643,7905,46.92684,7.68652,34168.6,5.8,8.0,276.7,-36.9,0.6,-1.0,RS41-SG,403.500,10.0,250,10,2.5,,
2026-08-23T00:45:54.987Z,W4140643,7906,46.92685,7.68642,34174.9,7.0,8.5,280.2,-36.9,0.6,-1.0,RS41-SG,403.500,9.8,250,10,2.5,,
2026-08-23T00:45:55.987Z,W4140643,7907,46.92686,7.68630,34181.9,7.0,9.7,282.1,-36.9,0.6,-1.0,RS41-SG,403.500,9.5,250,10,2.6,,
2026-08-23T00:45:56.987Z,W4140643,7908,46.92688,7.68617,34188.2,5.5,10.8,283.6,-36.9,0.6,-1.0,RS41-SG,403.500,9.9,250,10,2.6,,
2026-08-23T00:45:57.987Z,W4140643,7909,46.92691,7.68603,34193.6,5.3,11.7,285.9,-36.9,0.6,-1.0,RS41-SG,403.500,9.9,250,10,2.5,,
2026-08-23T00:45:58.987Z,W4140643,7910,46.92694,7.68588,34199.4,6.3,11.9,288.8,-36.8,0.6,-1.0,RS41-SG,403.500,9.9,250,10,2.5,,
2026-08-23T00:45:59.987Z,W4140643,7911,46.92698,7.68574,34206.1,7.1,11.3,292.5,-36.8,0.6,-1.0,RS41-SG,403.500,9.3,250,10,2.5,,
2026-08-23T00:46:00.987Z,W4140643,7912,46.92702,7.68561,34212.8,6.4,10.3,295.2,-36.8,0.6,-1.0,RS41-SG,403.500,8.9,250,10,2.6,,
2026-08-23T00:46:01.987Z,W4140643,7913,46.92705,7.68549,34218.9,5.7,9.4,295.0,-36.8,0.6,-1.0,RS41-SG,403.500,9.9,250,10,2.6,,
2026-08-23T00:46:02.987Z,W4140643,7914,46.92708,7.68538,34224.8,6.1,8.7,290.0,-36.8,0.6,-1.0,RS41-SG,403.500,9.9,250,10,2.5,,
2026-08-23T00:46:03.987Z,W4140643,7915,46.92710,7.68527,34231.1,6.4,8.6,281.0,-36.8,0.6,-1.0,RS41-SG,403.500,9.9,250,10,2.5,,
2026-08-23T00:46:04.987Z,W4140643,7916,46.92711,7.68516,34237.6,6.4,9.3,272.7,-36.9,0.6,-1.0,RS41-SG,403.500,9.5,250,10,2.5,,
2026-08-23T00:46:05.987Z,W4140643,7917,46.92712,7.68503,34243.6,5.6,9.8,268.8,-36.9,0.6,-1.0,RS41-SG,403.500,8.9,250,10,2.6,,
2026-08-23T00:46:06.987Z,W4140643,7918,46.92711,7.68490,34249.4,5.9,9.9,269.5,-36.9,0.6,-1.0,RS41-SG,403.500,8.9,250,10,2.6,,
2026-08-23T00:46:08.987Z,W4140643,7920,46.92713,7.68467,34262.4,7.0,7.7,284.1,-36.9,0.6,-1.0,RS41-SG,403.500,8.1,250,10,2.5,,
2026-08-23T00:46:09.987Z,W4140643,7921,46.92715,7.68459,34269.2,6.6,6.8,299.6,-36.9,0.6,-1.0,RS41-SG,403.500,8.6,250,10,2.5,,
2026-08-23T00:46:10.987Z,W4140643,7922,46.92719,7.68452,34275.4,5.6,6.9,315.0,-36.9,0.6,-1.0,RS41-SG,403.500,9.0,250,10,2.6,,
2026-08-23T00:46:11.987Z,W4140643,7923,46.92724,7.68445,34281.0,5.5,7.6,322.5,-36.9,0.6,-1.0,RS41-SG,403.500,10.0,250,10,2.6,,
2026-08-23T00:46:12.987Z,W4140643,7924,46.92729,7.68439,34286.9,6.1,8.4,320.0,-37.0,0.6,-1.0,RS41-SG,403.500,10.0,250,10,2.5,,
2026-08-23T00:46:13.987Z,W4140643,7925,46.92735,7.68431,34293.2,6.5,9.4,311.2,-37.0,0.6,-1.0,RS41-SG,403.500,9.8,250,10,2.5,,
2026-08-23T00:46:14.987Z,W4140643,7926,46.92740,7.68420,34299.7,6.5,10.6,300.0,-37.0,0.6,-1.0,RS41-SG,403.500,9.8,250,10,2.5,,
2026-08-23T00:46:15.987Z,W4140643,7927,46.92744,7.68407,34306.0,5.9,11.7,291.1,-36.9,0.6,-1.0,RS41-SG,403.500,10.2,250,10,2.6,,
2026-08-23T00:46:16.987Z,W4140643,7928,46.92748,7.68392,34311.6,5.3,12.1,284.3,-36.9,0.6,-1.0,RS41-SG,403.500,10.2,250,10,2.6,,
2026-08-23T00:46:17.987Z,W4140643,7929,46.92750,7.68377,34317.3,5.8,11.5,279.4,-36.9,0.6,-1.0,RS41-SG,403.500,9.0,250,10,2.5,,
2026-08-23T00:46:18.987Z,W4140643,7930,46.92751,7.68363,34323.6,6.7,9.6,277.9,-37.0,0.6,-1.0,RS41-SG,403.500,7.6,250,10,2.5,,
2026-08-23T00:46:19.987Z,W4140643,7931,46.92752,7.68353,34330.6,7.1,6.8,281.4,-37.0,0.6,-1.0,RS41-SG,403.500,8.4,250,10,2.5,,
2026-08-23T00:46:20.987Z,W4140643,7932,46.92754,7.68346,34337.0,5.7,4.6,291.1,-36.9,0.6,-1.0,RS41-SG,403.500,9.1,250,10,2.6,,
2026-08-23T00:46:21.987Z,W4140643,7933,46.92755,7.68341,34342.2,4.6,3.1,315.1,-36.9,0.6,-1.0,RS41-SG,403.500,9.1,250,10,2.6,,
2026-08-23T00:46:22.987Z,W4140643,7934,46.92758,7.68339,34347.1,5.1,3.0,339.3,-36.9,0.6,-1.0,RS41-SG,403.500,8.2,250,10,2.5,,
2026-08-23T00:46:23.987Z,W4140643,7935,46.92760,7.68338,34352.9,6.4,3.7,335.3,-36.9,0.6,-1.0,RS41-SG,403.500,8.2,250,10,2.5,,
2026-08-23T00:46:24.987Z,W4140643,7936,46.92764,7.68334,34359.7,7.1,5.0,317.3,-36.9,0.6,-1.0,RS41-SG,403.500,8.4,250,10,2.5,,
2026-08-23T00:46:25.987Z,W4140643,7937,46.92767,7.68329,34366.5,6.4,6.6,304.1,-36.9,0.6,-1.0,RS41-SG,403.500,9.7,250,10,2.6,,
2026-08-23T00:46:26.987Z,W4140643,7938,46.92770,7.68321,34372.2,4.9,7.9,296.8,-36.8,0.6,-1.0,RS41-SG,403.500,9.7,250,10,2.6,,
2026-08-23T00:46:29.987Z,W4140643,7941,46.92779,7.68290,34388.7,6.7,7.6,292.8,-36.8,0.6,-1.0,RS41-SG,403.500,7.7,250,10,2.5,,
2026-08-23T00:46:30.987Z,W4140643,7942,46.92781,7.68282,34395.7,7.2,6.0,299.2,-36.8,0.6,-1.0,RS41-SG,403.500,9.2,250,10,2.6,,
2026-08-23T00:46:31.987Z,W4140643,7943,46.92784,7.68276,34402.2,5.7,4.6,310.6,-36.7,0.6,-1.0,RS41-SG,403.500,9.2,250,10,2.6,,
2026-08-23T00:46:33.987Z,W4140643,7945,46.92789,7.68270,34412.5,5.1,3.3,331.9,-36.7,0.6,-1.0,RS41-SG,403.500,9.1,250,10,2.5,,
2026-08-23T00:46:34.987Z,W4140643,7946,46.92792,7.68268,34418.3,6.4,3.7,324.1,-36.7,0.5,-1.0,RS41-SG,403.500,9.1,250,10,2.5,,
2026-08-23T00:46:35.987Z,W4140643,7947,46.92794,7.68264,34425.0,6.8,4.6,309.1,-36.7,0.6,-1.0,RS41-SG,403.500,8.6,250,10,2.6,,
2026-08-23T00:46:36.987Z,W4140643,7948,46.92797,7.68258,34431.2,5.6,5.7,300.3,-36.7,0.6,-1.0,RS41-SG,403.500,8.4,250,10,2.6,,
2026-08-23T00:46:37.987Z,W4140643,7949,46.92800,7.68251,34436.9,5.6,6.4,296.1,-36.7,0.6,-1.0,RS41-SG,403.500,8.4,250,10,2.5,,
2026-08-23T00:46:38.987Z,W4140643,7950,46.92802,7.68244,34442.8,6.0,6.5,295.9,-36.7,0.6,-1.0,RS41-SG,403.500,7.6,250,10,2.5,,
2026-08-23T00:46:39.987Z,W4140643,7951,46.92805,7.68237,34449.1,6.5,5.6,299.9,-36.8,0.6,-1.0,RS41-SG,403.500,7.9,250,10,2.5,,
2026-08-23T00:46:40.987Z,W4140643,7952,46.92807,7.68231,34455.8,6.9,4.3,310.7,-36.8,0.6,-1.0,RS41-SG,403.500,9.3,250,10,2.6,,
2026-08-23T00:46:41.987Z,W4140643,7953,46.92810,7.68228,34462.5,6.3,3.3,328.0,-36.8,0.6,-1.0,RS41-SG,403.500,9.3,250,10,2.6,,
2026-08-23T00:46:42.987Z,W4140643,7954,46.92812,7.68227,34468.3,5.2,2.6,345.2,-36.8,0.6,-1.0,RS41-SG,403.500,8.7,250,10,2.5,,
2026-08-23T00:46:43.987Z,W4140643,7955,46.92814,7.68226,34473.4,5.1,2.2,353.6,-36.8,0.6,-1.0,RS41-SG,403.500,8.5,250,10,2.5,,
2026-08-23T00:46:44.987Z,W4140643,7956,46.92816,7.68225,34478.7,5.3,2.0,338.4,-36.8,0.6,-1.0,RS41-SG,403.500,8.5,250,10,2.5,,
2026-08-23T00:46:45.987Z,W4140643,7957,46.92818,7.68223,34484.5,6.2,2.6,306.1,-36.8,0.6,-1.0,RS41-SG,403.500,9.1,250,10,2.6,,
2026-08-23T00:46:46.987Z,W4140643,7958,46.92819,7.68219,34490.9,6.6,3.9,286.4,-36.8,0.6,-1.0,RS41-SG,403.500,9.1,250,10,2.6,,
2026-08-23T00:46:47.987Z,W4140643,7959,46.92820,7.68214,34497.2,5.8,5.2,279.3,-36.8,0.6,-1.0,RS41-SG,403.500,8.8,250,10,2.5,,
2026-08-23T00:46:48.987Z,W4140643,7960,46.92820,7.68207,34502.6,5.1,5.7,275.3,-36.8,0.6,-1.0,RS41-SG,403.500,7.7,250,10,2.5,,
2026-08-23T00:46:49.987Z,W4140643,7961,46.92821,7.68200,34508.0,5.6,5.1,273.1,-36.8,0.6,-1.0,RS41-SG,403.500,8.4,250,10,2.5,,
2026-08-23T00:46:50.987Z,W4140643,7962,46.92821,7.68194,34514.0,6.4,3.3,272.5,-36.7,0.6,-1.0,RS41-SG,403.500,8.8,250,10,2.6,,
2026-08-23T00:46:51.987Z,W4140643,7963,46.92821,7.68191,34520.5,6.6,1.0,282.5,-36.7,0.6,-1.0,RS41-SG,403.500,8.8,250,10,2.6,,
2026-08-23T00:46:52.987Z,W4140643,7964,46.92821,7.68191,34526.4,5.2,0.9,67.8,-36.7,0.6,-1.0,RS41-SG,403.500,8.6,250,10,2.5,,
2026-08-23T00:46:53.987Z,W4140643,7965,46.92822,7.68193,34531.5,5.1,2.2,73.8,-36.6,0.6,-1.0,RS41-SG,403.500,9.1,250,10,2.5,,
2026-08-23T00:46:54.987Z,W4140643,7966,46.92823,7.68196,34536.9,5.8,2.2,66.5,-36.6,0.6,-1.0,RS41-SG,403.500,9.1,250,10,2.5,,
2026-08-23T00:46:55.987Z,W4140643,7967,46.92823,7.68198,34543.0,6.4,1.3,26.3,-36.6,0.6,-1.0,RS41-SG,403.500,9.3,250,10,2.6,,
2026-08-23T00:46:56.987Z,W4140643,7968,46.92825,7.68197,34549.6,6.8,2.3,303.3,-36.5,0.6,-1.0,RS41-SG,403.500,9.3,250,10,2.6,,
2026-08-23T00:46:57.987Z,W4140643,7969,46.92826,7.68192,34556.2,6.5,4.9,286.1,-36.5,0.6,-1.0,RS41-SG,403.500,8.8,250,10,2.5,,
2026-08-23T00:46:58.987Z,W4140643,7970,46.92827,7.68185,34562.1,5.1,7.0,280.5,-36.5,0.6,-1.0,RS41-SG,403.500,8.4,250,10,2.5,,
2026-08-23T00:46:59.987Z,W4140643,7971,46.92828,7.68175,34566.9,4.5,8.2,277.3,-36.4,0.6,-1.0,RS41-SG,403.500,8.9,250,10,2.5,,
2026-08-23T00:47:00.987Z,W4140643,7972,46.92829,7.68164,34571.8,5.3,8.2,275.3,-36.4,0.6,-1.0,RS41-SG,403.500,8.9,250,10,2.6,,
2026-08-23T00:47:01.987Z,W4140643,7973,46.92829,7.68155,34577.9,6.6,6.7,273.4,-36.4,0.5,-1.0,RS41-SG,403.500,8.2,250,10,2.6,,
2026-08-23T00:47:03.987Z,W4140643,7975,46.92830,7.68143,34590.8,5.4,2.1,270.3,-36.3,0.6,-1.0,RS41-SG,403.500,7.3,250,10,2.5,,
2026-08-23T00:47:04.987Z,W4140643,7976,46.92830,7.68142,34595.7,4.3,0.4,258.3,-36.3,0.6,-1.0,RS41-SG,403.500,8.2,250,10,2.5,,
2026-08-23T00:47:05.987Z,W4140643,7977,46.92829,7.68142,34600.6,5.4,0.6,130.6,-36.2,0.6,-1.0,RS41-SG,403.500,8.4,250,10,2.6,,
2026-08-23T00:47:06.987Z,W4140643,7978,46.92829,7.68142,34606.6,6.8,0.8,210.8,-36.2,0.5,-1.0,RS41-SG,403.500,8.4,250,10,2.6,,
2026-08-23T00:47:07.987Z,W4140643,7979,46.92828,7.68140,34613.6,7.1,2.4,251.4,-36.2,0.6,-1.0,RS41-SG,403.500,8.0,250,10,2.5,,
2026-08-23T00:47:08.987Z,W4140643,7980,46.92828,7.68136,34620.0,5.6,4.4,257.6,-36.2,0.5,-1.0,RS41-SG,403.500,8.3,250,10,2.5,,
2026-08-23T00:47:09.987Z,W4140643,7981,46.92827,7.68129,34625.2,4.9,6.2,260.2,-36.2,0.6,-1.0,RS41-SG,403.500,8.3,250,10,2.5,,
2026-08-23T00:47:10.987Z,W4140643,7982,46.92826,7.68120,34630.3,5.2,7.3,260.4,-36.2,0.5,-1.0,RS41-SG,403.500,8.9,250,10,2.6,,
2026-08-23T00:47:11.987Z,W4140643,7983,46.92824,7.68111,34636.0,6.3,7.4,259.2,-36.2,0.6,-1.0,RS41-SG,403.500,8.9,250,10,2.6,,
2026-08-23T00:47:12.987Z,W4140643,7984,46.92823,7.68102,34642.6,6.8,6.7,258.5,-36.3,0.5,-1.0,RS41-SG,403.500,8.0,250,10,2.5,,
2026-08-23T00:47:13.987Z,W4140643,7985,46.92822,7.68094,34648.9,5.8,5.6,256.5,-36.3,0.6,-1.0,RS41-SG,403.500,7.6,250,10,2.5,,
2026-08-23T00:47:14.987Z,W4140643,7986,46.92821,7.68087,34654.5,5.3,4.8,254.7,-36.2,0.6,-1.0,RS41-SG,403.500,8.2,250,10,2.5,,
2026-08-23T00:47:15.987Z,W4140643,7987,46.92820,7.68081,34659.9,5.6,4.4,255.2,-36.2,0.6,-1.0,RS41-SG,403.500,8.7,250,10,2.6,,
2026-08-23T00:47:16.987Z,W4140643,7988,46.92819,7.68076,34665.9,6.4,4.6,258.9,-36.2,0.6,-1.0,RS41-SG,403.500,9.0,250,10,2.6,,
2026-08-23T00:47:17.987Z,W4140643,7989,46.92818,7.68069,34672.4,6.6,5.1,261.0,-36.1,0.6,-1.0,RS41-SG,403.500,9.0,250,10,2.5,,
2026-08-23T00:47:18.987Z,W4140643,7990,46.92818,7.68062,34678.6,5.6,5.7,263.7,-36.1,0.6,-1.0,RS41-SG,403.500,8.1,250,10,2.5,,
2026-08-23T00:47:19.987Z,W4140643,7991,46.92817,7.68055,34684.0,5.2,5.7,265.4,-36.1,0.6,-1.0,RS41-SG,403.500,8.0,250,10,2.5,,
2026-08-23T00:47:20.987Z,W4140643,7992,46.92817,7.68048,34689.4,5.6,5.2,265.5,-36.1,0.6,-1.0,RS41-SG,403.500,8.8,250,10,2.6,,
2026-08-23T00:47:21.987Z,W4140643,7993,46.92816,7.68042,34695.2,6.0,4.1,261.6,-36.1,0.6,-1.0,RS41-SG,403.500,8.8,250,10,2.6,,
2026-08-23T00:47:22.987Z,W4140643,7994,46.92815,7.68037,34701.5,6.4,2.9,247.2,-36.2,0.6,-1.0,RS41-SG,403.500,8.8,250,10,2.5,,
2026-08-23T00:47:23.987Z,W4140643,7995,46.92814,7.68034,34707.7,5.9,2.5,226.3,-36.2,0.6,-1.0,RS41-SG,403.500,7.4,250,10,2.5,,
2026-08-23T00:47:24.987Z,W4140643,7996,46.92812,7.68032,34713.6,5.7,3.1,211.4,-36.1,0.6,-1.0,RS41-SG,403.500,7.5,250,10,2.5,,
2026-08-23T00:47:25.987Z,W4140643,7997,46.92809,7.68029,34719.4,6.0,4.5,214.6,-36.1,0.6,-1.0,RS41-SG,403.500,9.2,250,10,2.6,,
2026-08-23T00:47:26.987Z,W4140643,7998,46.92806,7.68025,34725.7,6.5,6.3,224.0,-36.1,0.6,-1.0,RS41-SG,403.500,9.2,250,10,2.6,,
2026-08-23T00:47:27.987Z,W4140643,7999,46.92801,7.68018,34732.2,6.5,8.4,232.0,-36.1,0.5,-1.0,RS41-SG,403.500,8.5,250,10,2.5,,
2026-08-23T00:47:28.987Z,W4140643,8000,46.92797,7.68008,34738.1,5.2,10.0,237.5,-36.1,0.5,-1.0,RS41-SG,403.500,8.7,250,10,2.5,,
2026-08-23T00:47:29.987Z,W4140643,8001,46.92792,7.67996,34743.3,5.1,10.6,242.6,-36.1,0.6,-1.0,RS41-SG,403.500,8.9,250,10,2.5,,
2026-08-23T00:47:30.987Z,W4140643,8002,46.92788,7.67984,34748.9,6.1,10.0,246.2,-36.1,0.6,-1.0,RS41-SG,403.500,8.9,250,10,2.6,,
2026-08-23T00:47:31.987Z,W4140643,8003,46.92785,7.67973,34755.3,6.7,8.1,248.5,-36.1,0.5,-1.0,RS41-SG,403.500,7.9,250,10,2.6,,
2026-08-23T00:47:33.987Z,W4140643,8005,46.92782,7.67959,34767.8,5.1,3.4,255.8,-36.1,0.6,-1.0,RS41-SG,403.500,7.3,250,10,2.5,,
2026-08-23T00:47:34.987Z,W4140643,8006,46.92781,7.67955,34772.8,5.1,1.8,264.9,-36.1,0.6,-1.0,RS41-SG,403.500,8.4,250,10,2.5,,
2026-08-23T00:47:35.987Z,W4140643,8007,46.92781,7.67953,34778.4,6.1,1.5,269.1,-36.1,0.5,-1.0,RS41-SG,403.500,9.1,250,10,2.6,,
2026-08-23T00:47:36.987Z,W4140643,8008,46.92781,7.67951,34785.0,7.1,2.7,259.9,-36.1,0.6,-1.0,RS41-SG,403.500,9.1,250,10,2.6,,
2026-08-23T00:47:37.987Z,W4140643,8009,46.92780,7.67946,34792.1,7.2,4.7,254.9,-36.1,0.6,-1.0,RS41-SG,403.500,9.1,250,10,2.5,,
2026-08-23T00:47:38.987Z,W4140643,8010,46.92779,7.67939,34798.6,5.6,6.9,251.9,-36.1,0.5,-1.0,RS41-SG,403.500,9.1,250,10,2.5,,
2026-08-23T00:47:39.987Z,W4140643,8011,46.92776,7.67929,34803.8,4.7,8.7,250.0,-36.1,0.6,-1.0,RS41-SG,403.500,8.6,250,10,2.5,,
2026-08-23T00:47:40.987Z,W4140643,8012,46.92773,7.67918,34808.5,4.9,10.1,246.8,-36.1,0.5,-1.0,RS41-SG,403.500,8.7,250,10,2.6,,
2026-08-23T00:47:41.987Z,W4140643,8013,46.92769,7.67906,34814.0,6.0,10.3,243.4,-36.1,0.5,-1.0,RS41-SG,403.500,8.7,250,10,2.6,,
2026-08-23T00:47:42.987Z,W4140643,8014,46.92765,7.67894,34820.4,6.7,9.4,240.5,-36.1,0.6,-1.0,RS41-SG,403.500,8.0,250,10,2.5,,
2026-08-23T00:47:43.987Z,W4140643,8015,46.92761,7.67884,34827.0,6.4,8.2,238.6,-36.1,0.6,-1.0,RS41-SG,403.500,8.0,250,10,2.5,,
2026-08-23T00:47:44.987Z,W4140643,8016,46.92758,7.67876,34832.6,5.1,7.0,239.7,-36.1,0.5,-1.0,RS41-SG,403.500,8.9,250,10,2.5,,
2026-08-23T00:47:45.987Z,W4140643,8017,46.92755,7.67868,34837.7,5.1,6.2,245.5,-36.1,0.5,-1.0,RS41-SG,403.500,9.3,250,10,2.6,,
2026-08-23T00:47:46.987Z,W4140643,8018,46.92753,7.67861,34843.1,5.7,6.2,254.4,-36.1,0.6,-1.0,RS41-SG,403.500,9.3,250,10,2.6,,
2026-08-23T00:47:47.987Z,W4140643,8019,46.92752,7.67852,34849.3,6.5,7.2,263.9,-36.1,0.6,-1.0,RS41-SG,403.500,8.5,250,10,2.5,,
2026-08-23T00:47:48.987Z,W4140643,8020,46.92752,7.67842,34855.6,6.1,8.4,267.6,-36.1,0.6,-1.0,RS41-SG,403.500,8.5,250,10,2.5,,
2026-08-23T00:47:49.987Z,W4140643,8021,46.92751,7.67830,34861.3,5.2,9.2,268.2,-36.1,0.6,-1.0,RS41-SG,403.500,8.9,250,10,2.5,,
2026-08-23T00:47:50.987Z,W4140643,8022,46.92751,7.67818,34866.6,5.5,9.3,265.2,-36.0,0.5,-1.0,RS41-SG,403.500,8.9,250,10,2.6,,
2026-08-23T00:47:53.987Z,W4140643,8025,46.92746,7.67789,34885.2,6.1,6.3,239.6,-36.0,0.5,-1.0,RS41-SG,403.500,7.8,250,10,2.5,,
2026-08-23T00:47:54.987Z,W4140643,8026,46.92742,7.67782,34890.8,5.1,5.8,230.0,-36.0,0.6,-1.0,RS41-SG,403.500,8.0,250,10,2.5,,
2026-08-23T00:47:55.987Z,W4140643,8027,46.92739,7.67777,34896.2,5.5,5.7,227.4,-36.0,0.6,-1.0,RS41-SG,403.500,8.0,250,10,2.6,,
2026-08-23T00:47:56.987Z,W4140643,8028,46.92736,7.67770,34902.1,6.4,6.4,234.4,-36.0,0.6,-1.0,RS41-SG,403.500,7.9,250,10,2.6,,
2026-08-23T00:47:57.987Z,W4140643,8029,46.92733,7.67762,34908.8,6.9,7.6,247.4,-36.1,0.6,-1.0,RS41-SG,403.500,7.8,250,10,2.5,,
2026-08-23T00:47:58.987Z,W4140643,8030,46.92731,7.67752,34915.4,6.3,9.2,258.0,-36.1,0.6,-1.0,RS41-SG,403.500,8.0,250,10,2.5,,
2026-08-23T00:47:59.987Z,W4140643,8031,46.92729,7.67739,34921.2,5.1,10.4,265.9,-36.1,0.6,-1.0,RS41-SG,403.500,8.2,250,10,2.5,,
2026-08-23T00:48:00.987Z,W4140643,8032,46.92729,7.67725,34926.4,5.4,11.0,271.9,-36.1,0.6,-1.0,RS41-SG,403.500,8.2,250,10,2.6,,
2026-08-23T00:48:01.987Z,W4140643,8033,46.92730,7.67711,34932.3,6.4,10.6,277.1,-36.1,0.6,-1.0,RS41-SG,403.500,8.1,250,10,2.6,,
2026-08-23T00:48:02.987Z,W4140643,8034,46.92731,7.67698,34938.8,6.7,9.2,280.6,-36.1,0.6,-1.0,RS41-SG,403.500,7.8,250,10,2.5,,
2026-08-23T00:48:03.987Z,W4140643,8035,46.92733,7.67687,34944.9,5.6,7.7,282.1,-36.1,0.6,-1.0,RS41-SG,403.500,7.7,250,10,2.5,,
2026-08-23T00:48:04.987Z,W4140643,8036,46.92734,7.67678,34950.4,5.2,6.3,280.3,-36.0,0.5,-1.0,RS41-SG,403.500,8.2,250,10,2.5,,
2026-08-23T00:48:05.987Z,W4140643,8037,46.92735,7.67671,34955.9,5.8,5.7,273.9,-36.0,0.5,-1.0,RS41-SG,403.500,8.6,250,10,2.6,,
2026-08-23T00:48:06.987Z,W4140643,8038,46.92735,7.67663,34961.9,6.3,6.2,264.4,-36.1,0.6,-1.0,RS41-SG,403.500,8.6,250,10,2.6,,
2026-08-23T00:48:07.987Z,W4140643,8039,46.92734,7.67654,34968.5,6.8,7.5,259.2,-36.1,0.6,-1.0,RS41-SG,403.500,8.5,250,10,2.5,,
2026-08-23T00:48:08.986Z,W4140643,8040,46.92732,7.67643,34975.1,6.3,9.0,257.8,-36.1,0.6,-1.0,RS41-SG,403.500,8.2,250,10,2.5,,
2026-08-23T00:48:09.986Z,W4140643,8041,46.92731,7.67631,34981.0,5.4,10.0,257.0,-36.1,0.5,-1.0,RS41-SG,403.500,7.6,250,10,2.5,,
2026-08-23T00:48:10.986Z,W4140643,8042,46.92729,7.67618,34986.4,5.5,10.5,258.1,-36.1,0.6,-1.0,RS41-SG,403.500,8.0,250,10,2.6,,
2026-08-23T00:48:11.986Z,W4140643,8043,46.92727,7.67605,34992.3,6.3,10.1,259.2,-36.1,0.6,-1.0,RS41-SG,403.500,8.0,250,10,2.6,,
2026-08-23T00:48:12.986Z,W4140643,8044,46.92725,7.67593,34998.8,6.6,9.1,261.5,-36.1,0.5,-1.0,RS41-SG,403.500,7.9,250,10,2.5,,
2026-08-23T00:48:15.986Z,W4140643,8047,46.92726,7.67562,35016.0,5.7,7.7,283.9,-36.1,0.6,-1.0,RS41-SG,403.500,7.5,250,10,2.6,,
2026-08-23T00:48:16.986Z,W4140643,8048,46.92728,7.67551,35022.0,6.1,9.0,289.9,-36.1,0.6,-1.0,RS41-SG,403.500,8.4,250,10,2.6,,
2026-08-23T00:48:17.986Z,W4140643,8049,46.92731,7.67539,35028.1,5.9,10.7,291.1,-36.1,0.6,-1.0,RS41-SG,403.500,8.6,250,10,2.5,,
2026-08-23T00:48:18.986Z,W4140643,8050,46.92734,7.67525,35034.0,5.8,12.1,289.5,-36.1,0.6,-1.0,RS41-SG,403.500,8.6,250,10,2.5,,
2026-08-23T00:48:20.986Z,W4140643,8052,46.92741,7.67493,35045.5,5.5,13.1,284.6,-36.1,0.6,-1.0,RS41-SG,403.500,7.4,250,10,2.6,,
2026-08-23T00:48:23.986Z,W4140643,8055,46.92746,7.67451,35063.2,6.1,8.4,271.5,-36.1,0.5,-1.0,RS41-SG,403.500,8.2,250,10,2.5,,
2026-08-23T00:48:24.986Z,W4140643,8056,46.92746,7.67441,35069.2,5.9,6.3,263.4,-36.1,0.6,-1.0,RS41-SG,403.500,8.2,250,10,2.5,,
2026-08-23T00:48:26.986Z,W4140643,8058,46.92743,7.67428,35080.8,5.6,4.7,242.9,-36.1,0.6,-1.0,RS41-SG,403.500,8.3,250,10,2.6,,
2026-08-23T00:48:27.986Z,W4140643,8059,46.92741,7.67422,35086.8,6.3,5.7,246.6,-36.1,0.5,-1.0,RS41-SG,403.500,8.3,250,10,2.5,,
2026-08-23T00:48:28.986Z,W4140643,8060,46.92739,7.67414,35093.3,6.6,7.8,257.0,-36.1,0.6,-1.0,RS41-SG,403.500,7.6,250,10,2.5,,
2026-08-23T00:48:29.986Z,W4140643,8061,46.92738,7.67402,35099.9,6.5,10.8,265.2,-36.0,0.5,-1.0,RS41-SG,403.500,7.5,250,10,2.5,,
2026-08-23T00:48:30.986Z,W4140643,8062,46.92738,7.67385,35106.0,5.6,13.9,271.5,-36.0,0.5,-1.0,RS41-SG,403.500,7.4,250,10,2.6,,
2026-08-23T00:48:31.986Z,W4140643,8063,46.92739,7.67366,35111.1,4.5,16.2,276.3,-36.0,0.5,-1.0,RS41-SG,403.500,7.4,250,10,2.6,,
2026-08-23T00:48:37.986Z,W4140643,8069,46.92764,7.67268,35146.1,4.1,6.0,305.7,-35.8,0.5,-1.0,RS41-SG,403.500,7.3,250,10,2.5,,
2026-08-23T00:48:38.986Z,W4140643,8070,46.92766,7.67263,35150.6,4.8,3.8,290.9,-35.8,0.5,-1.0,RS41-SG,403.500,8.0,250,10,2.5,,
2026-08-23T00:48:39.986Z,W4140643,8071,46.92766,7.67257,35156.1,6.1,4.3,260.5,-35.8,0.5,-1.0,RS41-SG,403.500,8.3,250,10,2.5,,
2026-08-23T00:48:40.986Z,W4140643,8072,46.92765,7.67250,35162.8,7.1,7.0,251.3,-35.8,0.6,-1.0,RS41-SG,403.500,8.3,250,10,2.6,,
2026-08-23T00:48:41.986Z,W4140643,8073,46.92763,7.67240,35169.7,6.8,10.0,253.2,-35.7,0.5,-1.0,RS41-SG,403.500,8.6,250,10,2.6,,
2026-08-23T00:48:42.986Z,W4140643,8074,46.92760,7.67226,35175.7,5.2,12.6,257.0,-35.7,0.5,-1.0,RS41-SG,403.500,8.6,250,10,2.5,,
2026-08-23T00:48:43.986Z,W4140643,8075,46.92758,7.67208,35180.6,4.6,14.6,262.5,-35.7,0.5,-1.0,RS41-SG,403.500,7.7,250,10,2.5,,
2026-08-23T00:48:44.986Z,W4140643,8076,46.92757,7.67189,35185.4,5.2,15.5,269.4,-35.7,0.5,-1.0,RS41-SG,403.500,7.4,250,10,2.5,,
2026-08-23T00:48:48.986Z,W4140643,8080,46.92770,7.67122,35209.5,5.2,10.8,306.8,-35.6,0.5,-1.0,RS41-SG,403.500,7.0,250,10,2.5,,
2026-08-23T00:48:49.986Z,W4140643,8081,46.92776,7.67112,35214.6,4.9,9.6,314.0,-35.6,0.5,-1.0,RS41-SG,403.500,7.8,250,10,2.5,,
2026-08-23T00:48:50.986Z,W4140643,8082,46.92782,7.67103,35219.7,5.3,8.7,314.6,-35.6,0.5,-1.0,RS41-SG,403.500,8.0,250,10,2.6,,
2026-08-23T00:48:51.986Z,W4140643,8083,46.92787,7.67095,35225.6,6.3,8.2,305.5,-35.5,0.5,-1.0,RS41-SG,403.500,8.5,250,10,2.6,,
2026-08-23T00:48:52.986Z,W4140643,8084,46.92790,7.67085,35232.0,6.6,8.7,289.4,-35.5,0.5,-1.0,RS41-SG,403.500,8.5,250,10,2.5,,
2026-08-23T00:48:53.986Z,W4140643,8085,46.92792,7.67073,35238.5,6.3,10.2,273.7,-35.5,0.5,-1.0,RS41-SG,403.500,8.3,250,10,2.5,,
2026-08-23T00:49:00.986Z,W4140643,8092,46.92776,7.66978,35280.2,5.6,4.2,288.7,-35.3,0.5,-1.0,RS41-SG,403.500,7.4,250,10,2.6,,
2026-08-23T00:49:01.986Z,W4140643,8093,46.92779,7.66973,35285.2,4.4,4.2,326.1,-35.3,0.5,-1.0,RS41-SG,403.500,7.9,250,10,2.6,,
2026-08-23T00:49:02.986Z,W4140643,8094,46.92783,7.66971,35289.8,4.8,5.8,340.4,-35.3,0.5,-1.0,RS41-SG,403.500,7.9,250,9,2.6,,
2026-08-23T00:49:03.986Z,W4140643,8095,46.92788,7.66968,35295.1,5.8,7.2,335.2,-35.2,0.5,-1.0,RS41-SG,403.500,7.7,250,10,2.5,,
2026-08-23T00:49:13.986Z,W4140643,8105,46.92799,7.66861,35354.8,4.3,0.5,311.6,-35.1,0.5,-1.0,RS41-SG,403.500,6.9,250,10,2.6,,
2026-08-23T00:49:14.986Z,W4140643,8106,46.92800,7.66861,35359.4,5.1,2.2,15.5,-35.1,0.5,-1.0,RS41-SG,403.500,7.5,250,10,2.5,,
2026-08-23T00:49:16.986Z,W4140643,8108,46.92806,7.66859,35371.9,6.9,4.9,331.9,-35.0,0.5,-1.0,RS41-SG,403.500,7.5,250,10,2.5,,
2026-08-23T00:49:40.986Z,W4140643,8132,46.92811,7.66735,35512.7,6.0,7.2,273.1,-35.0,0.5,-1.0,RS41-SG,403.500,7.0,250,10,2.6,,
2026-08-23T00:49:41.986Z,W4140643,8133,46.92810,7.66724,35518.5,5.7,9.2,263.6,-34.9,0.5,-1.0,RS41-SG,403.500,7.0,250,10,2.5,,
2026-08-23T00:49:53.986Z,W4140643,8145,46.92788,7.66632,35589.9,6.1,11.5,283.8,-34.0,0.5,-1.0,RS41-SG,403.500,7.0,250,10,2.5,,
2026-08-23T00:49:54.986Z,W4140643,8146,46.92789,7.66616,35595.8,5.6,13.7,271.3,-33.9,0.5,-1.0,RS41-SG,403.500,7.0,250,10,2.6,,
2026-08-23T00:50:06.986Z,W4140643,8158,46.92770,7.66503,35664.3,6.0,15.0,290.6,-33.6,0.5,-1.0,RS41-SG,403.500,7.1,250,10,2.6,,
2026-08-23T00:55:26.986Z,W4140643,8478,46.92042,7.64219,34642.0,-37.7,4.3,243.8,-35.6,0.5,-1.0,RS41-SG,403.500,6.5,250,9,2.6,,
2026-08-23T00:55:27.986Z,W4140643,8479,46.92040,7.64215,34604.0,-38.5,3.8,219.8,-35.6,0.5,-1.0,RS41-SG,403.500,7.7,250,8,2.6,,
2026-08-23T00:55:28.986Z,W4140643,8480,46.92037,7.64212,34565.3,-39.2,4.3,211.8,-35.6,0.5,-1.0,RS41-SG,403.500,8.5,250,8,2.5,,
2026-08-23T00:55:29.986Z,W4140643,8481,46.92035,7.64208,34526.4,-38.3,3.7,219.5,-35.7,0.5,-1.0,RS41-SG,403.500,8.5,250,9,2.5,,
2026-08-23T00:55:30.986Z,W4140643,8482,46.92033,7.64205,34488.6,-37.4,3.8,221.3,-35.9,0.5,-1.0,RS41-SG,403.500,7.9,250,9,2.5,,
2026-08-23T00:55:31.986Z,W4140643,8483,46.92031,7.64201,34451.3,-37.2,3.7,237.2,-36.0,0.5,-1.0,RS41-SG,403.500,7.8,250,9,2.5,,
2026-08-23T00:55:32.986Z,W4140643,8484,46.92030,7.64197,34413.1,-39.2,3.7,257.5,-36.1,0.5,-1.0,RS41-SG,403.500,7.3,250,9,2.6,,
2026-08-23T00:55:33.986Z,W4140643,8485,46.92030,7.64192,34375.0,-37.7,4.2,277.5,-36.1,0.5,-1.0,RS41-SG,403.500,8.2,250,8,2.6,,
2026-08-23T00:55:34.986Z,W4140643,8486,46.92032,7.64185,34338.5,-35.9,6.0,300.4,-36.2,0.5,-1.0,RS41-SG,403.500,8.3,250,7,2.6,,
2026-08-23T00:55:35.986Z,W4140643,8487,46.92035,7.64178,34302.5,-36.8,7.2,309.7,-36.3,0.5,-1.0,RS41-SG,403.500,8.3,250,8,2.5,,
2026-08-23T00:55:36.986Z,W4140643,8488,46.92040,7.64171,34265.9,-37.0,8.1,316.8,-36.3,0.5,-1.0,RS41-SG,403.500,8.8,250,8,2.5,,
2026-08-23T00:55:37.986Z,W4140643,8489,46.92046,7.64164,34228.8,-37.9,8.6,318.7,-36.3,0.5,-1.0,RS41-SG,403.500,9.1,250,8,2.5,,
2026-08-23T00:55:38.986Z,W4140643,8490,46.92052,7.64156,34190.4,-39.2,8.4,317.3,-36.3,0.5,-1.0,RS41-SG,403.500,9.1,250,8,2.5,,
2026-08-23T00:55:39.986Z,W4140643,8491,46.92057,7.64149,34151.0,-40.3,8.0,314.3,-36.2,0.5,-1.0,RS41-SG,403.500,9.0,250,9,2.6,,
2026-08-23T00:55:40.986Z,W4140643,8492,46.92062,7.64141,34110.2,-41.8,7.9,310.0,-36.2,0.5,-1.0,RS41-SG,403.500,8.5,250,7,2.6,,
2026-08-23T00:55:41.986Z,W4140643,8493,46.92066,7.64133,34069.3,-40.6,8.2,303.3,-36.4,0.5,-1.0,RS41-SG,403.500,8.9,250,9,2.6,,
2026-08-23T00:55:42.986Z,W4140643,8494,46.92069,7.64124,34027.4,-43.3,8.9,300.4,-36.5,0.5,-1.0,RS41-SG,403.500,8.9,250,8,2.5,,
2026-08-23T00:55:43.986Z,W4140643,8495,46.92073,7.64114,33983.2,-45.2,8.9,299.0,-36.5,0.5,-1.0,RS41-SG,403.500,8.4,250,8,2.5,,
2026-08-23T00:55:44.986Z,W4140643,8496,46.92076,7.64103,33938.0,-45.6,9.0,289.5,-36.6,0.5,-1.0,RS41-SG,403.500,8.4,250,8,2.5,,
2026-08-23T00:55:45.986Z,W4140643,8497,46.92078,7.64092,33892.7,-45.2,10.0,284.2,-36.6,0.5,-1.0,RS41-SG,403.500,8.4,250,9,2.5,,
2026-08-23T00:55:46.986Z,W4140643,8498,46.92081,7.64079,33848.0,-44.2,9.7,279.0,-36.7,0.5,-1.0,RS41-SG,403.500,8.4,250,7,2.6,,
2026-08-23T00:55:47.986Z,W4140643,8499,46.92082,7.64066,33804.8,-42.3,10.5,280.5,-36.7,0.5,-1.0,RS41-SG,403.500,8.6,250,8,2.6,,
2026-08-23T00:55:48.986Z,W4140643,8500,46.92084,7.64053,33763.8,-40.1,9.9,280.2,-36.7,0.5,-1.0,RS41-SG,403.500,8.6,250,8,2.6,,
2026-08-23T00:55:49.986Z,W4140643,8501,46.92086,7.64041,33724.0,-39.4,10.7,287.5,-36.9,0.5,-1.0,RS41-SG,403.500,8.3,250,8,2.5,,
2026-08-23T00:55:51.986Z,W4140643,8503,46.92092,7.64015,33644.9,-39.8,10.2,286.8,-37.2,0.5,-1.0,RS41-SG,403.500,8.0,250,9,2.5,,
2026-08-23T00:55:52.986Z,W4140643,8504,46.92095,7.64002,33606.8,-37.0,10.5,291.7,-37.3,0.5,-1.0,RS41-SG,403.500,7.9,250,9,2.5,,
2026-08-23T00:55:53.986Z,W4140643,8505,46.92098,7.63989,33569.2,-38.0,10.8,292.2,-37.4,0.5,-1.0,RS41-SG,403.500,8.0,250,9,2.6,,
2026-08-23T00:55:54.986Z,W4140643,8506,46.92101,7.63977,33531.2,-38.1,9.3,288.4,-37.5,0.5,-1.0,RS41-SG,403.500,8.2,250,8,2.6,,
2026-08-23T00:55:55.986Z,W4140643,8507,46.92103,7.63966,33493.3,-37.8,8.7,279.2,-37.7,0.5,-1.0,RS41-SG,403.500,8.5,250,8,2.6,,
2026-08-23T00:55:56.986Z,W4140643,8508,46.92104,7.63955,33454.9,-38.9,8.1,277.7,-37.8,0.5,-1.0,RS41-SG,403.500,8.5,250,8,2.5,,
2026-08-23T00:55:57.986Z,W4140643,8509,46.92104,7.63946,33416.3,-37.7,6.5,265.5,-37.9,0.5,-1.0,RS41-SG,403.500,8.4,250,9,2.5,,
2026-08-23T00:55:58.986Z,W4140643,8510,46.92103,7.63938,33378.4,-38.0,5.8,255.3,-38.0,0.5,-1.0,RS41-SG,403.500,8.9,250,8,2.5,,
2026-08-23T00:55:59.986Z,W4140643,8511,46.92102,7.63930,33340.8,-36.7,5.8,250.3,-38.2,0.5,-1.0,RS41-SG,403.500,8.9,250,8,2.5,,
2026-08-23T00:56:00.986Z,W4140643,8512,46.92101,7.63923,33302.6,-39.6,5.7,255.4,-38.3,0.5,-1.0,RS41-SG,403.500,8.0,250,8,2.6,,
2026-08-23T00:56:01.986Z,W4140643,8513,46.92100,7.63916,33262.7,-40.2,5.2,260.8,-38.4,0.5,-1.0,RS41-SG,403.500,8.9,250,8,2.6,,
2026-08-23T00:56:02.986Z,W4140643,8514,46.92100,7.63908,33222.6,-40.4,6.0,269.1,-38.4,0.5,-1.0,RS41-SG,403.500,8.9,250,7,2.6,,
2026-08-23T00:56:03.986Z,W4140643,8515,46.92101,7.63899,33182.2,-40.7,8.0,292.6,-38.5,0.5,-1.0,RS41-SG,403.500,8.9,250,7,2.5,,
2026-08-23T00:56:04.986Z,W4140643,8516,46.92105,7.63889,33141.3,-41.5,8.8,293.3,-38.4,0.5,-1.0,RS41-SG,403.500,8.9,250,8,2.5,,
2026-08-23T00:56:05.986Z,W4140643,8517,46.92108,7.63877,33101.5,-38.6,11.6,294.7,-38.4,0.5,-1.0,RS41-SG,403.500,8.8,250,8,2.5,08:28:51,
2026-08-23T00:56:06.986Z,W4140643,8518,46.92113,7.63862,33064.2,-36.3,13.4,298.7,-38.4,0.5,-1.0,RS41-SG,403.500,8.7,250,9,2.5,08:28:51,
2026-08-23T00:56:07.986Z,W4140643,8519,46.92119,7.63846,33028.0,-36.6,14.0,293.5,-38.4,0.5,-1.0,RS41-SG,403.500,8.7,250,8,2.6,08:28:51,
2026-08-23T00:56:08.986Z,W4140643,8520,46.92124,7.63829,32992.3,-35.5,14.3,292.9,-38.5,0.5,-1.0,RS41-SG,403.500,7.7,250,7,2.6,08:28:51,
2026-08-23T00:56:11.986Z,W4140643,8523,46.92130,7.63780,32880.2,-37.9,10.6,268.6,-39.0,0.5,-1.0,RS41-SG,403.500,7.2,250,8,2.5,08:28:51,
2026-08-23T00:56:12.986Z,W4140643,8524,46.92129,7.63766,32841.5,-40.5,11.3,263.9,-39.1,0.5,-1.0,RS41-SG,403.500,7.2,250,7,2.5,08:28:51,
2026-08-23T00:56:14.986Z,W4140643,8526,46.92125,7.63741,32763.5,-39.3,9.2,246.0,-39.5,0.6,-1.0,RS41-SG,403.500,7.2,250,9,2.6,08:28:51,
2026-08-23T00:56:17.986Z,W4140643,8529,46.92117,7.63710,32645.7,-40.8,8.2,252.5,-40.0,0.5,-1.0,RS41-SG,403.500,7.0,250,9,2.5,08:28:51,
2026-08-23T00:56:19.986Z,W4140643,8531,46.92114,7.63689,32568.0,-36.2,8.5,259.0,-40.2,0.6,-1.0,RS41-SG,403.500,6.9,250,7,2.5,08:28:51,
2026-08-23T00:56:23.986Z,W4140643,8535,46.92109,7.63644,32436.8,-33.0,8.4,257.6,-40.6,0.6,-1.0,RS41-SG,403.500,7.4,250,8,2.5,08:28:51,
2026-08-23T00:56:24.986Z,W4140643,8536,46.92107,7.63634,32403.0,-35.0,8.2,254.8,-40.6,0.6,-1.0,RS41-SG,403.500,7.4,250,8,2.5,08:28:51,
2026-08-23T00:56:28.986Z,W4140643,8540,46.92099,7.63594,32258.2,-35.6,8.2,259.4,-40.6,0.6,-1.0,RS41-SG,403.500,6.3,250,9,2.5,08:28:51,
2026-08-23T00:56:32.986Z,W4140643,8544,46.92097,7.63546,32133.9,-28.3,10.7,271.7,-40.8,0.6,-1.0,RS41-SG,403.500,6.1,250,8,2.6,08:28:51,
2026-08-23T00:56:35.986Z,W4140643,8547,46.92093,7.63502,32046.9,-29.7,12.0,258.5,-40.6,0.5,-1.0,RS41-SG,403.500,7.1,250,9,2.5,08:28:51,
2026-08-23T00:56:36.986Z,W4140643,8548,46.92090,7.63486,32015.2,-34.5,12.5,254.3,-40.7,0.5,-1.0,RS41-SG,403.500,7.1,250,7,2.5,08:28:51,
2026-08-23T00:56:37.986Z,W4140643,8549,46.92087,7.63471,31981.2,-34.0,12.4,246.9,-40.8,0.5,-1.0,RS41-SG,403.500,8.0,250,7,2.6,08:28:51,
2026-08-23T00:56:48.986Z,W4140643,8560,46.92045,7.63330,31562.7,-38.8,7.5,250.5,-42.8,0.6,-1.0,RS41-SG,403.500,6.7,250,8,2.5,08:28:51,
2026-08-23T00:56:54.986Z,W4140643,8566,46.92026,7.63266,31339.3,-34.5,12.4,243.7,-43.3,0.6,-1.0,RS41-SG,403.500,6.7,250,9,2.5,08:28:51,
