timestamp,serial,frame,lat,lon,alt,vel_v,vel_h,heading,temp,humidity,pressure,type,freq_mhz,snr,f_error_hz,sats,batt_v,burst_timer,aux_data
2026-08-16T00:32:33.000Z,W4214325,7108,46.82851,7.25699,28124.7,5.0,2.4,86.5,-273.0,-1.0,-1.0,RS41,403.500,6.3,250,10,2.6,,
2026-08-16T00:32:37.000Z,W4214325,7112,46.82844,7.25708,28148.7,5.0,4.7,189.2,-273.0,-1.0,-1.0,RS41,403.500,6.9,250,10,2.6,,
2026-08-16T00:32:42.000Z,W4214325,7117,46.82833,7.25681,28177.0,6.4,5.2,266.0,-273.0,-1.0,-1.0,RS41,403.500,6.4,250,10,2.5,,
2026-08-16T00:32:49.000Z,W4214325,7124,46.82813,7.25663,28218.6,5.8,3.3,179.1,-273.0,-1.0,-1.0,RS41,403.500,7.0,250,9,2.6,,
2026-08-16T00:32:50.000Z,W4214325,7125,46.82810,7.25663,28224.8,6.6,3.7,198.5,-273.0,-1.0,-1.0,RS41,403.500,7.0,250,10,2.6,,
2026-08-16T00:32:51.000Z,W4214325,7126,46.82806,7.25660,28231.5,6.8,5.0,214.7,-273.0,-1.0,-1.0,RS41,403.500,7.2,250,10,2.5,,
2026-08-16T00:32:58.000Z,W4214325,7133,46.82798,7.25615,28272.9,7.2,3.4,270.1,-273.0,-1.0,-1.0,RS41,403.500,6.8,250,10,2.5,,
2026-08-16T00:33:00.000Z,W4214325,7135,46.82795,7.25608,28284.6,5.0,3.4,214.3,-273.0,-1.0,-1.0,RS41,403.500,7.0,250,10,2.6,,
2026-08-16T00:33:01.000Z,W4214325,7136,46.82793,7.25607,28289.9,5.7,3.5,196.0,-273.0,-1.0,-1.0,RS41,403.500,7.4,250,10,2.6,,
2026-08-16T00:33:02.000Z,W4214325,7137,46.82790,7.25606,28296.1,6.7,2.9,186.0,-273.0,-1.0,-1.0,RS41,403.500,7.4,250,10,2.5,,
2026-08-16T00:33:03.000Z,W4214325,7138,46.82788,7.25605,28302.2,5.5,2.1,186.6,-273.0,-1.0,-1.0,RS41,403.500,7.5,250,10,2.5,,
2026-08-16T00:33:04.000Z,W4214325,7139,46.82786,7.25605,28307.8,5.5,1.8,209.0,-273.0,-1.0,-1.0,RS41,403.500,7.5,250,10,2.5,,
2026-08-16T00:33:05.000Z,W4214325,7140,46.82784,7.25603,28313.5,6.1,2.7,236.3,-273.0,-1.0,-1.0,RS41,403.500,7.4,250,10,2.5,,
2026-08-16T00:33:06.000Z,W4214325,7141,46.82783,7.25598,28319.8,6.3,4.4,244.7,-273.0,-1.0,-1.0,RS41,403.500,7.3,250,10,2.6,,
2026-08-16T00:33:11.000Z,W4214325,7146,46.82776,7.25567,28348.7,5.3,2.6,289.1,-273.0,-1.0,-1.0,RS41,403.500,7.1,250,10,2.6,,
2026-08-16T00:33:12.000Z,W4214325,7147,46.82777,7.25565,28353.8,5.1,2.1,325.0,-273.0,-1.0,-1.0,RS41,403.500,7.1,250,10,2.6,,
2026-08-16T00:33:13.000Z,W4214325,7148,46.82779,7.25564,28359.2,5.8,2.0,334.4,-273.0,-1.0,-1.0,RS41,403.500,7.0,250,10,2.5,,
2026-08-16T00:33:15.000Z,W4214325,7150,46.82780,7.25560,28372.3,7.0,2.3,249.5,-273.0,-1.0,-1.0,RS41,403.500,7.0,250,10,2.5,,
2026-08-16T00:33:18.000Z,W4214325,7153,46.82773,7.25549,28389.1,6.1,4.3,223.7,-273.0,-1.0,-1.0,RS41,403.500,7.2,250,10,2.5,,
2026-08-16T00:33:19.000Z,W4214325,7154,46.82771,7.25546,28395.3,6.4,3.4,222.6,-273.0,-1.0,-1.0,RS41,403.500,7.9,250,10,2.5,,
2026-08-16T00:33:20.000Z,W4214325,7155,46.82769,7.25543,28401.0,4.9,2.6,222.8,-273.0,-1.0,-1.0,RS41,403.500,8.1,250,10,2.5,,
2026-08-16T00:33:21.000Z,W4214325,7156,46.82767,7.25541,28406.4,5.8,2.3,222.9,-273.0,-1.0,-1.0,RS41,403.500,8.1,250,10,2.6,,
2026-08-16T00:33:22.000Z,W4214325,7157,46.82766,7.25538,28412.5,6.5,3.0,224.1,-273.0,-1.0,-1.0,RS41,403.500,7.4,250,10,2.6,,
2026-08-16T00:33:28.000Z,W4214325,7163,46.82743,7.25517,28447.4,6.2,4.9,185.6,-273.0,-1.0,-1.0,RS41,403.500,7.4,250,10,2.6,,
2026-08-16T00:33:29.000Z,W4214325,7164,46.82739,7.25516,28453.0,5.1,4.0,179.1,-273.0,-1.0,-1.0,RS41,403.500,7.4,250,10,2.6,,
2026-08-16T00:33:30.000Z,W4214325,7165,46.82736,7.25516,28458.2,5.5,2.5,190.1,-273.0,-1.0,-1.0,RS41,403.500,7.0,250,10,2.5,,
2026-08-16T00:33:31.000Z,W4214325,7166,46.82734,7.25514,28464.2,6.4,2.7,246.5,-273.0,-1.0,-1.0,RS41,403.500,7.4,250,10,2.5,,
2026-08-16T00:33:37.000Z,W4214325,7172,46.82723,7.25475,28499.1,5.5,6.2,197.1,-273.0,-1.0,-1.0,RS41,403.500,7.1,250,10,2.5,,
2026-08-16T00:33:38.000Z,W4214325,7173,46.82717,7.25473,28504.0,4.3,6.6,179.9,-273.0,-1.0,-1.0,RS41,403.500,7.4,250,10,2.6,,
2026-08-16T00:33:39.000Z,W4214325,7174,46.82711,7.25474,28508.8,5.1,6.6,171.7,-273.0,-1.0,-1.0,RS41,403.500,7.7,250,10,2.6,,
2026-08-16T00:33:40.000Z,W4214325,7175,46.82706,7.25475,28514.9,7.1,5.6,177.7,-273.0,-1.0,-1.0,RS41-SG,403.500,7.7,250,10,2.5,,
2026-08-16T00:33:41.000Z,W4214325,7176,46.82701,7.25474,28522.0,7.0,4.4,200.8,-273.0,-1.0,-1.0,RS41-SG,403.500,7.5,250,10,2.5,,
2026-08-16T00:33:43.000Z,W4214325,7178,46.82696,7.25466,28532.5,4.9,4.9,251.4,-273.0,-1.0,-1.0,RS41-SG,403.500,6.9,250,10,2.6,,
2026-08-16T00:33:45.000Z,W4214325,7180,46.82694,7.25453,28544.2,6.1,4.9,255.1,-273.0,-1.0,-1.0,RS41-SG,403.500,7.6,250,10,2.6,,
2026-08-16T00:33:46.000Z,W4214325,7181,46.82692,7.25447,28549.8,5.2,4.8,242.8,-273.0,-1.0,-1.0,RS41-SG,403.500,7.6,250,10,2.5,,
2026-08-16T00:33:47.000Z,W4214325,7182,46.82690,7.25442,28555.1,5.6,5.5,227.8,-273.0,-1.0,-1.0,RS41-SG,403.500,7.6,250,10,2.5,,
2026-08-16T00:33:48.000Z,W4214325,7183,46.82686,7.25436,28560.9,5.9,6.8,220.5,-273.0,-1.0,-1.0,RS41-SG,403.500,7.6,250,10,2.5,,
2026-08-16T00:33:51.000Z,W4214325,7186,46.82667,7.25417,28577.0,5.1,9.6,206.7,-273.0,-1.0,-1.0,RS41-SG,403.500,7.0,250,10,2.6,,
2026-08-16T00:33:52.000Z,W4214325,7187,46.82659,7.25413,28582.6,6.0,9.8,197.7,-273.0,-1.0,-1.0,RS41-SG,403.500,7.3,250,10,2.5,,
2026-08-16T00:33:56.000Z,W4214325,7191,46.82631,7.25405,28607.4,6.4,4.5,210.3,-273.0,-1.0,-1.0,RS41-SG,403.500,7.5,250,10,2.6,,
2026-08-16T00:33:57.000Z,W4214325,7192,46.82629,7.25401,28613.3,5.5,4.5,243.8,-273.0,-1.0,-1.0,RS41-SG,403.500,8.1,250,10,2.5,,
2026-08-16T00:33:58.000Z,W4214325,7193,46.82627,7.25394,28618.3,4.5,5.9,259.0,-273.0,-1.0,-1.0,RS41-SG,403.500,8.1,250,11,2.5,,
2026-08-16T00:33:59.000Z,W4214325,7194,46.82626,7.25386,28623.2,5.2,7.4,256.6,-273.0,-1.0,-1.0,RS41-SG,403.500,7.5,250,11,2.5,,
2026-08-16T00:34:02.000Z,W4214325,7197,46.82612,7.25361,28640.7,5.1,9.7,206.7,-273.0,-1.0,-1.0,RS41-SG,403.500,7.9,250,11,2.5,,
2026-08-16T00:34:03.000Z,W4214325,7198,46.82604,7.25357,28645.4,4.6,10.1,193.3,-273.0,-1.0,-1.0,RS41-SG,403.500,7.9,250,11,2.5,,
2026-08-16T00:34:05.000Z,W4214325,7200,46.82588,7.25355,28655.9,6.7,7.7,179.6,-273.0,-1.0,-1.0,RS41-SG,403.500,7.6,250,10,2.6,,
2026-08-16T00:34:06.000Z,W4214325,7201,46.82582,7.25354,28662.7,7.0,5.5,186.2,-273.0,-1.0,-1.0,RS41-SG,403.500,8.0,250,11,2.6,,
2026-08-16T00:34:07.000Z,W4214325,7202,46.82577,7.25353,28668.6,4.9,4.4,205.5,-273.0,-1.0,-1.0,RS41-SG,403.500,8.0,250,11,2.6,,
2026-08-16T00:34:08.000Z,W4214325,7203,46.82574,7.25349,28673.0,4.0,4.6,230.8,-273.0,-1.0,-1.0,RS41-SG,403.500,7.9,250,11,2.5,,
2026-08-16T00:34:09.000Z,W4214325,7204,46.82572,7.25343,28677.6,5.2,5.9,242.3,-273.0,-1.0,-1.0,RS41-SG,403.500,8.0,250,11,2.5,,
2026-08-16T00:34:10.000Z,W4214325,7205,46.82569,7.25336,28683.5,6.6,7.5,238.4,-273.0,-1.0,-1.0,RS41-SG,403.500,8.0,250,11,2.5,,
2026-08-16T00:34:11.000Z,W4214325,7206,46.82565,7.25327,28689.5,5.2,8.5,231.4,-273.0,-1.0,-1.0,RS41-SG,403.500,7.7,250,11,2.5,,
2026-08-16T00:34:12.000Z,W4214325,7207,46.82560,7.25319,28694.9,5.5,8.9,225.8,-273.0,-1.0,-1.0,RS41-SG,403.500,7.7,250,11,2.6,,
2026-08-16T00:34:13.000Z,W4214325,7208,46.82554,7.25311,28700.7,6.2,8.5,222.5,-273.0,-1.0,-1.0,RS41-SG,403.500,7.7,250,10,2.6,,
2026-08-16T00:34:14.000Z,W4214325,7209,46.82549,7.25304,28707.2,6.7,7.3,222.9,-273.0,-1.0,-1.0,RS41-SG,403.500,7.6,250,10,2.5,,
2026-08-16T00:34:15.000Z,W4214325,7210,46.82544,7.25298,28713.7,6.2,6.0,224.3,-273.0,-1.0,-1.0,RS41-SG,403.500,7.6,250,10,2.5,,
2026-08-16T00:34:16.000Z,W4214325,7211,46.82541,7.25293,28719.3,5.0,5.0,224.8,-273.0,-1.0,-1.0,RS41-SG,403.500,7.7,250,10,2.5,,
2026-08-16T00:34:17.000Z,W4214325,7212,46.82538,7.25289,28724.4,5.1,4.6,219.9,-273.0,-1.0,-1.0,RS41-SG,403.500,8.2,250,11,2.6,,
2026-08-16T00:34:18.000Z,W4214325,7213,46.82534,7.25285,28729.8,5.7,5.1,209.1,-273.0,-1.0,-1.0,RS41-SG,403.500,8.2,250,11,2.6,,
2026-08-16T00:34:19.000Z,W4214325,7214,46.82529,7.25282,28735.9,6.6,6.5,203.5,-273.0,-1.0,-1.0,RS41-SG,403.500,7.9,250,11,2.5,,
2026-08-16T00:34:20.000Z,W4214325,7215,46.82523,7.25278,28742.0,5.4,7.9,203.2,-273.0,-1.0,-1.0,RS41-SG,403.500,7.9,250,10,2.5,,
2026-08-16T00:34:31.000Z,W4214325,7226,46.82489,7.25195,28806.7,6.4,2.7,236.0,-273.0,-1.0,-1.0,RS41,403.500,6.5,250,11,2.5,,
2026-08-16T00:34:39.000Z,W4214325,7234,46.82473,7.25136,28853.4,5.8,6.0,226.7,-273.0,-1.0,-1.0,RS41,403.500,8.3,250,11,2.6,,
2026-08-16T00:34:40.000Z,W4214325,7235,46.82470,7.25132,28859.1,5.7,3.6,241.7,-273.0,-1.0,-1.0,RS41,403.500,8.3,250,11,2.6,,
2026-08-16T00:34:41.000Z,W4214325,7236,46.82470,7.25128,28864.6,5.3,3.0,290.6,-273.0,-1.0,-1.0,RS41,403.500,7.8,250,11,2.5,,
2026-08-16T00:34:42.000Z,W4214325,7237,46.82472,7.25124,28869.7,4.9,4.9,317.7,-273.0,-1.0,-1.0,RS41,403.500,8.0,250,11,2.5,,
2026-08-16T00:34:43.000Z,W4214325,7238,46.82476,7.25118,28874.8,5.0,6.8,318.4,-273.0,-1.0,-1.0,RS41,403.500,8.0,250,11,2.5,,
2026-08-16T00:34:44.000Z,W4214325,7239,46.82480,7.25112,28880.2,5.7,7.7,308.0,-273.0,-1.0,-1.0,RS41,403.500,7.7,250,11,2.6,,
2026-08-16T00:34:45.000Z,W4214325,7240,46.82483,7.25103,28886.3,6.5,7.8,288.6,-273.0,-1.0,-1.0,RS41,403.500,7.0,250,11,2.6,,
2026-08-16T00:34:46.000Z,W4214325,7241,46.82484,7.25093,28892.5,6.0,7.9,264.0,-273.0,-1.0,-1.0,RS41,403.500,7.8,250,11,2.6,,
2026-08-16T00:34:47.000Z,W4214325,7242,46.82482,7.25083,28898.1,5.0,8.2,241.6,-273.0,-1.0,-1.0,RS41,403.500,7.8,250,11,2.5,,
2026-08-16T00:34:48.000Z,W4214325,7243,46.82477,7.25075,28902.9,4.6,8.4,222.7,-273.0,-1.0,-1.0,RS41,403.500,7.5,250,11,2.5,,
2026-08-16T00:34:49.000Z,W4214325,7244,46.82472,7.25068,28907.8,5.1,7.7,208.9,-273.0,-1.0,-1.0,RS41,403.500,7.8,250,11,2.5,,
2026-08-16T00:34:50.000Z,W4214325,7245,46.82466,7.25065,28913.2,5.7,5.8,202.6,-273.0,-1.0,-1.0,RS41,403.500,7.8,250,11,2.5,,
2026-08-16T00:34:51.000Z,W4214325,7246,46.82463,7.25062,28919.1,6.1,3.5,213.4,-273.0,-1.0,-1.0,RS41,403.500,8.0,250,11,2.6,,
2026-08-16T00:34:52.000Z,W4214325,7247,46.82461,7.25059,28925.0,5.8,2.9,262.7,-45.4,0.4,-1.0,RS41,403.500,8.3,250,11,2.6,,
2026-08-16T00:34:53.000Z,W4214325,7248,46.82461,7.25054,28930.4,5.0,4.8,287.0,-45.4,0.4,-1.0,RS41,403.500,8.3,250,11,2.5,,
2026-08-16T00:34:54.000Z,W4214325,7249,46.82463,7.25047,28935.1,4.5,6.6,286.4,-45.4,0.4,-1.0,RS41,403.500,7.7,250,11,2.5,,
2026-08-16T00:34:55.000Z,W4214325,7250,46.82464,7.25037,28940.1,5.4,7.8,278.9,-45.4,0.4,-1.0,RS41,403.500,7.7,250,11,2.5,,
2026-08-16T00:34:56.000Z,W4214325,7251,46.82465,7.25027,28945.9,6.2,8.0,266.3,-45.4,0.4,-1.0,RS41,403.500,7.4,250,11,2.6,,
2026-08-16T00:34:57.000Z,W4214325,7252,46.82463,7.25017,28951.9,5.8,7.5,252.6,-45.4,0.4,-1.0,RS41,403.500,7.1,250,11,2.6,,
2026-08-16T00:34:58.000Z,W4214325,7253,46.82461,7.25009,28957.1,4.8,6.6,238.7,-45.5,0.4,-1.0,RS41,403.500,7.0,250,11,2.5,,
2026-08-16T00:34:59.000Z,W4214325,7254,46.82458,7.25003,28962.1,5.2,5.4,225.6,-45.5,0.4,-1.0,RS41,403.500,7.0,250,11,2.5,,
2026-08-16T00:35:00.000Z,W4214325,7255,46.82455,7.24999,28967.5,5.8,4.0,218.9,-45.5,0.4,-1.0,RS41,403.500,8.2,250,11,2.5,,
2026-08-16T00:35:01.000Z,W4214325,7256,46.82452,7.24996,28973.4,5.9,2.8,225.7,-45.5,0.4,-1.0,RS41,403.500,8.2,250,11,2.6,,
2026-08-16T00:35:02.000Z,W4214325,7257,46.82451,7.24993,28978.8,5.1,2.6,246.7,-45.5,0.4,-1.0,RS41,403.500,8.2,250,11,2.6,,
2026-08-16T00:35:03.000Z,W4214325,7258,46.82450,7.24989,28983.9,5.0,3.2,253.6,-45.5,0.4,-1.0,RS41,403.500,7.9,250,11,2.6,,
2026-08-16T00:35:04.000Z,W4214325,7259,46.82449,7.24984,28989.3,5.9,4.5,247.9,-45.4,0.4,-1.0,RS41,403.500,7.9,250,11,2.5,,
2026-08-16T00:35:05.000Z,W4214325,7260,46.82447,7.24979,28995.5,6.3,5.8,237.6,-45.4,0.4,-1.0,RS41,403.500,7.9,250,11,2.5,,
2026-08-16T00:35:06.000Z,W4214325,7261,46.82443,7.24972,29001.2,5.1,6.7,231.1,-45.4,0.4,-1.0,RS41,403.500,8.0,250,11,2.5,,
2026-08-16T00:35:07.000Z,W4214325,7262,46.82439,7.24965,29006.4,5.3,6.7,228.7,-45.4,0.4,-1.0,RS41,403.500,8.0,250,11,2.5,,
2026-08-16T00:35:08.000Z,W4214325,7263,46.82436,7.24959,29011.9,5.8,5.9,234.5,-45.4,0.4,-1.0,RS41,403.500,7.5,250,11,2.6,,
2026-08-16T00:35:10.000Z,W4214325,7265,46.82433,7.24947,29024.1,6.0,4.1,276.9,-45.4,0.4,-1.0,RS41,403.500,7.2,250,11,2.5,,
2026-08-16T00:35:11.000Z,W4214325,7266,46.82434,7.24942,29029.4,4.6,4.0,295.2,-45.3,0.4,-1.0,RS41,403.500,7.4,250,11,2.5,,
2026-08-16T00:35:12.000Z,W4214325,7267,46.82436,7.24938,29034.2,5.1,3.4,305.6,-45.3,0.4,-1.0,RS41,403.500,7.5,250,11,2.5,,
2026-08-16T00:35:13.000Z,W4214325,7268,46.82437,7.24935,29039.9,6.3,1.7,289.8,-45.3,0.4,-1.0,RS41,403.500,7.5,250,11,2.6,,
2026-08-16T00:35:14.000Z,W4214325,7269,46.82436,7.24934,29046.4,6.7,2.0,205.6,-45.3,0.4,-1.0,RS41,403.500,7.4,250,11,2.6,,
2026-08-16T00:35:15.000Z,W4214325,7270,46.82434,7.24933,29052.1,4.9,3.9,189.6,-45.3,0.4,-1.0,RS41,403.500,8.0,250,11,2.5,,
2026-08-16T00:35:16.000Z,W4214325,7271,46.82430,7.24931,29057.0,4.7,5.5,191.2,-45.3,0.4,-1.0,RS41,403.500,8.2,250,11,2.5,,
2026-08-16T00:35:17.000Z,W4214325,7272,46.82425,7.24929,29062.4,6.1,6.0,202.1,-45.3,0.4,-1.0,RS41,403.500,8.5,250,11,2.5,,
2026-08-16T00:35:18.000Z,W4214325,7273,46.82420,7.24925,29068.7,6.6,5.8,221.9,-45.3,0.4,-1.0,RS41,403.500,8.9,250,11,2.6,,
2026-08-16T00:35:19.000Z,W4214325,7274,46.82417,7.24920,29074.7,5.2,5.6,242.8,-45.3,0.4,-1.0,RS41,403.500,8.9,250,11,2.6,,
2026-08-16T00:35:20.000Z,W4214325,7275,46.82416,7.24913,29079.4,4.3,5.8,259.0,-45.4,0.4,-1.0,RS41,403.500,8.5,250,11,2.6,,
2026-08-16T00:35:21.000Z,W4214325,7276,46.82415,7.24905,29084.3,5.4,5.7,266.5,-45.4,0.4,-1.0,RS41,403.500,8.1,250,11,2.5,,
2026-08-16T00:35:22.000Z,W4214325,7277,46.82415,7.24898,29090.2,6.4,4.9,261.3,-45.4,0.4,-1.0,RS41-SG,403.500,8.1,250,11,2.5,,
2026-08-16T00:35:23.000Z,W4214325,7278,46.82413,7.24893,29096.5,6.0,4.1,245.2,-45.4,0.4,-1.0,RS41-SG,403.500,7.8,250,11,2.5,,
2026-08-16T00:35:24.000Z,W4214325,7279,46.82412,7.24888,29101.9,4.7,4.0,229.5,-45.5,0.4,-1.0,RS41-SG,403.500,7.6,250,11,2.5,,
2026-08-16T00:35:25.000Z,W4214325,7280,46.82409,7.24885,29106.6,4.7,4.1,218.9,-45.5,0.4,-1.0,RS41-SG,403.500,8.4,250,11,2.6,,
2026-08-16T00:35:26.000Z,W4214325,7281,46.82406,7.24881,29111.6,5.5,4.1,221.0,-45.5,0.4,-1.0,RS41-SG,403.500,8.4,250,11,2.6,,
2026-08-16T00:35:27.000Z,W4214325,7282,46.82404,7.24877,29117.3,5.8,4.4,233.0,-45.5,0.4,-1.0,RS41-SG,403.500,8.1,250,11,2.5,,
2026-08-16T00:35:28.000Z,W4214325,7283,46.82401,7.24872,29122.8,5.1,5.2,244.1,-45.5,0.4,-1.0,RS41-SG,403.500,8.0,250,11,2.5,,
2026-08-16T00:35:29.000Z,W4214325,7284,46.82399,7.24865,29127.8,4.9,6.4,248.4,-45.5,0.4,-1.0,RS41-SG,403.500,7.7,250,11,2.5,,
2026-08-16T00:35:30.000Z,W4214325,7285,46.82397,7.24856,29132.9,5.2,7.9,244.9,-45.4,0.4,-1.0,RS41-SG,403.500,8.0,250,11,2.6,,
2026-08-16T00:35:31.000Z,W4214325,7286,46.82393,7.24847,29138.4,6.0,9.1,237.8,-45.4,0.4,-1.0,RS41-SG,403.500,8.2,250,11,2.6,,
2026-08-16T00:35:32.000Z,W4214325,7287,46.82388,7.24837,29144.6,6.3,9.7,229.7,-45.3,0.4,-1.0,RS41-SG,403.500,8.2,250,11,2.5,,
2026-08-16T00:35:33.000Z,W4214325,7288,46.82382,7.24828,29150.4,5.4,9.2,224.9,-45.3,0.4,-1.0,RS41-SG,403.500,7.0,250,11,2.5,,
2026-08-16T00:35:34.000Z,W4214325,7289,46.82377,7.24820,29155.9,5.4,7.9,222.4,-45.3,0.4,-1.0,RS41-SG,403.500,7.3,250,11,2.5,,
2026-08-16T00:35:35.000Z,W4214325,7290,46.82372,7.24814,29161.5,5.8,5.5,226.1,-45.3,0.4,-1.0,RS41-SG,403.500,8.3,250,11,2.6,,
2026-08-16T00:35:36.000Z,W4214325,7291,46.82370,7.24809,29167.3,5.8,3.5,246.0,-45.3,0.4,-1.0,RS41-SG,403.500,8.4,250,11,2.6,,
2026-08-16T00:35:37.000Z,W4214325,7292,46.82370,7.24805,29172.3,4.2,3.0,277.0,-45.3,0.4,-1.0,RS41-SG,403.500,8.5,250,11,2.6,,
2026-08-16T00:35:38.000Z,W4214325,7293,46.82370,7.24801,29177.0,5.2,3.5,289.1,-45.3,0.4,-1.0,RS41-SG,403.500,8.5,250,11,2.5,,
2026-08-16T00:35:39.000Z,W4214325,7294,46.82371,7.24796,29183.0,6.9,4.2,267.0,-45.3,0.4,-1.0,RS41-SG,403.500,7.9,250,11,2.5,,
2026-08-16T00:35:40.000Z,W4214325,7295,46.82369,7.24790,29189.9,7.0,5.9,242.7,-45.3,0.4,-1.0,RS41-SG,403.500,7.8,250,11,2.5,,
2026-08-16T00:35:41.000Z,W4214325,7296,46.82366,7.24783,29195.9,5.0,8.0,229.7,-45.3,0.4,-1.0,RS41-SG,403.500,8.7,250,11,2.5,,
2026-08-16T00:35:42.000Z,W4214325,7297,46.82360,7.24774,29200.5,4.2,10.1,224.1,-45.3,0.4,-1.0,RS41-SG,403.500,8.7,250,11,2.6,,
2026-08-16T00:35:43.000Z,W4214325,7298,46.82353,7.24765,29205.3,5.4,11.2,224.0,-45.3,0.4,-1.0,RS41-SG,403.500,7.7,250,11,2.6,,
2026-08-16T00:35:44.000Z,W4214325,7299,46.82347,7.24754,29211.5,7.0,10.7,228.4,-45.3,0.4,-1.0,RS41-SG,403.500,7.9,250,11,2.5,,
2026-08-16T00:35:45.000Z,W4214325,7300,46.82341,7.24744,29217.8,5.6,9.6,235.0,-45.3,0.4,-1.0,RS41-SG,403.500,8.4,250,11,2.5,,
2026-08-16T00:35:46.000Z,W4214325,7301,46.82337,7.24734,29222.9,4.6,8.3,242.2,-45.3,0.4,-1.0,RS41-SG,403.500,8.6,250,11,2.5,,
2026-08-16T00:35:47.000Z,W4214325,7302,46.82334,7.24725,29227.7,5.2,7.1,249.6,-45.3,0.4,-1.0,RS41-SG,403.500,8.6,250,11,2.6,,
2026-08-16T00:35:48.000Z,W4214325,7303,46.82332,7.24717,29233.4,6.3,6.4,251.1,-45.2,0.4,-1.0,RS41-SG,403.500,8.6,250,11,2.6,,
2026-08-16T00:35:49.000Z,W4214325,7304,46.82330,7.24709,29239.3,5.4,6.1,247.3,-45.2,0.4,-1.0,RS41-SG,403.500,8.5,250,11,2.6,,
2026-08-16T00:35:50.000Z,W4214325,7305,46.82328,7.24702,29244.6,5.2,6.0,245.4,-45.2,0.4,-1.0,RS41-SG,403.500,8.5,250,11,2.5,,
2026-08-16T00:35:51.000Z,W4214325,7306,46.82326,7.24695,29250.0,5.7,5.9,246.8,-45.1,0.4,-1.0,RS41-SG,403.500,8.0,250,11,2.5,,
2026-08-16T00:35:52.000Z,W4214325,7307,46.82324,7.24687,29256.0,6.3,6.0,251.2,-45.1,0.4,-1.0,RS41-SG,403.500,8.0,250,11,2.5,,
2026-08-16T00:35:53.000Z,W4214325,7308,46.82322,7.24680,29261.7,5.0,6.5,252.7,-45.1,0.4,-1.0,RS41-SG,403.500,8.2,250,11,2.5,,
2026-08-16T00:35:54.000Z,W4214325,7309,46.82320,7.24671,29266.9,5.6,7.7,249.8,-45.1,0.4,-1.0,RS41-SG,403.500,8.2,250,11,2.6,,
2026-08-16T00:35:55.000Z,W4214325,7310,46.82317,7.24661,29272.6,6.0,9.6,243.5,-45.1,0.4,-1.0,RS41-SG,403.500,8.2,250,11,2.6,,
2026-08-16T00:35:56.000Z,W4214325,7311,46.82312,7.24648,29278.4,5.6,11.5,238.7,-45.1,0.4,-1.0,RS41-SG,403.500,8.2,250,11,2.5,,
2026-08-16T00:35:57.000Z,W4214325,7312,46.82306,7.24635,29283.2,4.0,12.7,236.7,-45.1,0.4,-1.0,RS41-SG,403.500,8.1,250,11,2.5,,
2026-08-16T00:35:58.000Z,W4214325,7313,46.82300,7.24621,29287.7,5.0,12.8,238.3,-45.0,0.4,-1.0,RS41-SG,403.500,7.9,250,11,2.5,,
2026-08-16T00:36:00.000Z,W4214325,7315,46.82292,7.24595,29299.9,6.0,9.4,255.4,-44.9,0.4,-1.0,RS41-SG,403.500,8.0,250,11,2.6,,
2026-08-16T00:36:01.000Z,W4214325,7316,46.82291,7.24584,29305.2,4.3,7.6,267.2,-44.9,0.4,-1.0,RS41-SG,403.500,8.4,250,11,2.5,,
2026-08-16T00:36:02.000Z,W4214325,7317,46.82291,7.24575,29309.4,4.2,5.8,279.2,-44.8,0.4,-1.0,RS41-SG,403.500,8.7,250,11,2.5,,
2026-08-16T00:36:03.000Z,W4214325,7318,46.82292,7.24568,29314.1,5.1,4.3,281.8,-44.8,0.4,-1.0,RS41-SG,403.500,8.7,250,10,2.5,,
2026-08-16T00:36:04.000Z,W4214325,7319,46.82292,7.24563,29319.8,6.3,3.6,264.3,-44.8,0.4,-1.0,RS41-SG,403.500,8.3,250,10,2.6,,
2026-08-16T00:36:05.000Z,W4214325,7320,46.82291,7.24558,29325.6,5.3,4.5,246.5,-44.8,0.4,-1.0,RS41-SG,403.500,8.8,250,11,2.6,,
2026-08-16T00:36:06.000Z,W4214325,7321,46.82289,7.24552,29330.5,4.6,6.1,244.6,-44.8,0.4,-1.0,RS41-SG,403.500,8.8,250,11,2.6,,
2026-08-16T00:36:07.000Z,W4214325,7322,46.82287,7.24543,29335.2,4.7,8.1,249.3,-44.8,0.4,-1.0,RS41-SG,403.500,8.7,250,11,2.5,,
2026-08-16T00:36:08.000Z,W4214325,7323,46.82284,7.24532,29340.5,5.8,10.0,258.8,-44.8,0.4,-1.0,RS41-SG,403.500,8.7,250,11,2.5,,
2026-08-16T00:36:09.000Z,W4214325,7324,46.82283,7.24518,29346.2,5.4,11.4,266.3,-44.8,0.4,-1.0,RS41-SG,403.500,8.5,250,11,2.5,,
2026-08-16T00:36:10.000Z,W4214325,7325,46.82283,7.24503,29351.3,4.8,12.1,271.0,-44.8,0.4,-1.0,RS41-SG,403.500,7.8,250,11,2.5,,
2026-08-16T00:36:11.000Z,W4214325,7326,46.82283,7.24487,29356.3,5.3,12.2,271.2,-44.8,0.4,-1.0,RS41-SG,403.500,7.8,250,11,2.6,,
2026-08-16T00:36:13.000Z,W4214325,7328,46.82282,7.24458,29368.3,5.7,10.2,260.8,-44.8,0.4,-1.0,RS41,403.500,7.0,250,11,2.5,,
2026-08-16T00:36:14.000Z,W4214325,7329,46.82280,7.24446,29373.4,4.7,8.6,254.3,-44.8,0.4,-1.0,RS41,403.500,7.7,250,11,2.5,,
2026-08-16T00:36:15.000Z,W4214325,7330,46.82278,7.24436,29378.3,5.0,6.7,252.5,-44.8,0.4,-1.0,RS41,403.500,8.1,250,11,2.5,,
2026-08-16T00:36:16.000Z,W4214325,7331,46.82277,7.24429,29383.4,5.4,4.8,261.8,-44.8,0.4,-1.0,RS41,403.500,8.5,250,10,2.6,,
2026-08-16T00:36:17.000Z,W4214325,7332,46.82277,7.24423,29388.9,5.5,4.0,286.6,-44.7,0.4,-1.0,RS41,403.500,8.5,250,11,2.6,,
2026-08-16T00:36:18.000Z,W4214325,7333,46.82279,7.24418,29393.9,4.4,4.8,301.4,-44.7,0.4,-1.0,RS41,403.500,8.8,250,11,2.5,,
2026-08-16T00:36:19.000Z,W4214325,7334,46.82281,7.24412,29398.4,4.8,6.0,299.3,-44.7,0.4,-1.0,RS41,403.500,8.8,250,11,2.5,,
2026-08-16T00:36:20.000Z,W4214325,7335,46.82284,7.24404,29403.7,5.8,7.6,285.6,-44.7,0.4,-1.0,RS41,403.500,8.0,250,11,2.5,,
2026-08-16T00:36:21.000Z,W4214325,7336,46.82285,7.24393,29409.7,6.0,9.3,271.4,-44.7,0.4,-1.0,RS41,403.500,8.0,250,11,2.6,,
2026-08-16T00:36:22.000Z,W4214325,7337,46.82284,7.24380,29414.7,4.1,10.6,262.9,-44.7,0.4,-1.0,RS41,403.500,7.6,250,11,2.6,,
2026-08-16T00:36:23.000Z,W4214325,7338,46.82283,7.24366,29418.9,4.2,11.7,257.9,-44.7,0.4,-1.0,RS41,403.500,7.5,250,11,2.6,,
2026-08-16T00:36:24.000Z,W4214325,7339,46.82281,7.24351,29423.8,5.8,11.7,259.1,-44.7,0.4,-1.0,RS41,403.500,8.0,250,11,2.5,,
2026-08-16T00:36:25.000Z,W4214325,7340,46.82279,7.24336,29429.9,6.4,10.9,265.9,-44.7,0.4,-1.0,RS41,403.500,8.0,250,11,2.5,,
2026-08-16T00:36:26.000Z,W4214325,7341,46.82279,7.24323,29435.3,4.5,10.1,274.2,-44.7,0.4,-1.0,RS41,403.500,8.5,250,11,2.5,,
2026-08-16T00:36:27.000Z,W4214325,7342,46.82280,7.24310,29439.4,3.6,9.2,282.1,-44.7,0.4,-1.0,RS41,403.500,8.5,250,11,2.5,,
2026-08-16T00:36:28.000Z,W4214325,7343,46.82282,7.24299,29443.4,4.4,8.4,286.7,-44.7,0.4,-1.0,RS41,403.500,8.3,250,11,2.6,,
2026-08-16T00:36:29.000Z,W4214325,7344,46.82284,7.24289,29448.5,5.8,8.0,285.9,-44.7,0.4,-1.0,RS41,403.500,8.4,250,11,2.6,,
2026-08-16T00:36:30.000Z,W4214325,7345,46.82286,7.24279,29454.3,5.8,7.9,280.6,-44.7,0.4,-1.0,RS41,403.500,8.8,250,11,2.5,,
2026-08-16T00:36:31.000Z,W4214325,7346,46.82287,7.24268,29459.8,5.2,8.2,278.5,-44.6,0.4,-1.0,RS41,403.500,8.8,250,11,2.5,,
2026-08-16T00:36:32.000Z,W4214325,7347,46.82289,7.24257,29465.0,5.2,8.7,280.9,-44.6,0.4,-1.0,RS41,403.500,8.6,250,11,2.5,,
2026-08-16T00:36:33.000Z,W4214325,7348,46.82291,7.24246,29470.5,5.8,9.2,288.0,-44.6,0.4,-1.0,RS41,403.500,7.8,250,11,2.6,,
2026-08-16T00:36:34.000Z,W4214325,7349,46.82294,7.24234,29476.2,5.4,9.9,294.6,-44.5,0.4,-1.0,RS41,403.500,7.8,250,11,2.6,,
2026-08-16T00:36:35.000Z,W4214325,7350,46.82298,7.24222,29481.0,4.1,10.5,298.2,-44.5,0.4,-1.0,RS41,403.500,7.8,250,11,2.6,,
2026-08-16T00:36:36.000Z,W4214325,7351,46.82302,7.24210,29485.5,4.9,10.8,297.2,-44.5,0.4,-1.0,RS41,403.500,7.1,250,11,2.5,,
2026-08-16T00:36:39.000Z,W4214325,7354,46.82309,7.24170,29502.1,4.1,10.4,271.9,-44.4,0.4,-1.0,RS41,403.500,6.9,250,11,2.5,,
2026-08-16T00:36:40.000Z,W4214325,7355,46.82309,7.24157,29506.4,4.6,9.7,266.9,-44.4,0.4,-1.0,RS41,403.500,7.7,250,11,2.6,,
2026-08-16T00:36:41.000Z,W4214325,7356,46.82309,7.24146,29511.6,5.9,8.3,268.4,-44.4,0.4,-1.0,RS41,403.500,7.9,250,11,2.6,,
2026-08-16T00:36:42.000Z,W4214325,7357,46.82309,7.24136,29517.3,5.5,6.9,276.4,-44.4,0.4,-1.0,RS41,403.500,8.5,250,11,2.5,,
2026-08-16T00:36:43.000Z,W4214325,7358,46.82310,7.24127,29522.2,4.4,6.3,285.4,-44.4,0.4,-1.0,RS41,403.500,8.8,250,11,2.5,,
2026-08-16T00:36:44.000Z,W4214325,7359,46.82312,7.24119,29526.9,5.2,6.5,291.0,-44.3,0.4,-1.0,RS41,403.500,8.8,250,11,2.5,,
2026-08-16T00:36:45.000Z,W4214325,7360,46.82314,7.24111,29532.7,6.2,7.5,287.8,-44.2,0.4,-1.0,RS41,403.500,8.5,250,11,2.6,,
2026-08-16T00:36:46.000Z,W4214325,7361,46.82316,7.24100,29538.8,6.0,8.9,281.6,-44.1,0.4,-1.0,RS41,403.500,8.5,250,11,2.6,,
2026-08-16T00:36:47.000Z,W4214325,7362,46.82318,7.24088,29543.9,4.2,10.1,277.5,-44.1,0.4,-1.0,RS41,403.500,8.1,250,11,2.5,,
2026-08-16T00:36:49.000Z,W4214325,7364,46.82320,7.24060,29552.5,4.9,10.8,276.9,-43.9,0.4,-1.0,RS41,403.500,6.6,250,11,2.5,,
2026-08-16T00:36:50.000Z,W4214325,7365,46.82321,7.24047,29557.9,5.7,9.8,280.8,-43.9,0.4,-1.0,RS41,403.500,6.6,250,11,2.6,,
2026-08-16T00:36:51.000Z,W4214325,7366,46.82323,7.24035,29563.3,5.1,8.3,284.2,-44.0,0.4,-1.0,RS41,403.500,7.6,250,11,2.6,,
2026-08-16T00:36:52.000Z,W4214325,7367,46.82325,7.24026,29568.2,4.6,6.6,283.7,-43.9,0.3,-1.0,RS41,403.500,8.3,250,11,2.6,,
2026-08-16T00:36:53.000Z,W4214325,7368,46.82325,7.24018,29572.8,4.5,5.2,270.2,-43.8,0.4,-1.0,RS41,403.500,8.7,250,10,2.5,,
2026-08-16T00:36:54.000Z,W4214325,7369,46.82324,7.24012,29577.6,5.0,5.2,248.3,-43.7,0.3,-1.0,RS41,403.500,8.7,250,11,2.5,,
2026-08-16T00:36:55.000Z,W4214325,7370,46.82322,7.24005,29582.7,5.2,6.7,233.5,-43.7,0.4,-1.0,RS41,403.500,8.6,250,11,2.5,,
2026-08-16T00:36:56.000Z,W4214325,7371,46.82318,7.23997,29587.9,5.2,8.4,230.9,-43.6,0.4,-1.0,RS41,403.500,8.6,250,11,2.5,,
2026-08-16T00:36:57.000Z,W4214325,7372,46.82313,7.23988,29592.8,4.7,9.3,234.4,-43.6,0.4,-1.0,RS41,403.500,7.9,250,11,2.6,,
2026-08-16T00:37:00.000Z,W4214325,7375,46.82307,7.23954,29608.9,5.5,9.3,286.0,-43.5,0.3,-1.0,RS41,403.500,7.6,250,11,2.5,,
2026-08-16T00:37:01.000Z,W4214325,7376,46.82311,7.23943,29613.5,3.7,10.6,301.5,-43.5,0.4,-1.0,RS41,403.500,8.0,250,11,2.5,,
2026-08-16T00:37:02.000Z,W4214325,7377,46.82317,7.23931,29616.9,3.1,12.2,309.5,-43.4,0.4,-1.0,RS41,403.500,8.8,250,11,2.6,,
2026-08-16T00:37:03.000Z,W4214325,7378,46.82324,7.23918,29620.7,4.6,13.4,309.1,-43.4,0.4,-1.0,RS41,403.500,8.8,250,11,2.6,,
2026-08-16T00:37:04.000Z,W4214325,7379,46.82331,7.23903,29626.1,6.3,13.5,301.2,-43.4,0.3,-1.0,RS41-SG,403.500,8.8,250,11,2.5,,
2026-08-16T00:37:05.000Z,W4214325,7380,46.82336,7.23888,29632.3,6.0,13.1,290.6,-43.3,0.3,-1.0,RS41-SG,403.500,8.3,250,11,2.5,,
2026-08-16T00:37:09.000Z,W4214325,7384,46.82338,7.23834,29652.6,5.3,6.4,253.8,-43.2,0.3,-1.0,RS41-SG,403.500,8.2,250,11,2.6,,
2026-08-16T00:37:10.000Z,W4214325,7385,46.82336,7.23828,29657.8,4.9,4.3,258.0,-43.1,0.3,-1.0,RS41-SG,403.500,8.2,250,11,2.5,,
2026-08-16T00:37:11.000Z,W4214325,7386,46.82336,7.23822,29662.2,4.1,3.7,275.9,-43.1,0.3,-1.0,RS41-SG,403.500,7.8,250,11,2.5,,
2026-08-16T00:37:12.000Z,W4214325,7387,46.82337,7.23817,29666.6,4.6,5.1,292.3,-43.2,0.3,-1.0,RS41-SG,403.500,8.6,250,11,2.5,,
2026-08-16T00:37:13.000Z,W4214325,7388,46.82339,7.23809,29671.6,5.3,7.6,293.5,-43.2,0.3,-1.0,RS41-SG,403.500,8.6,250,11,2.5,,
2026-08-16T00:37:14.000Z,W4214325,7389,46.82342,7.23798,29676.9,5.4,10.4,290.0,-43.2,0.4,-1.0,RS41-SG,403.500,9.0,250,11,2.6,,
2026-08-16T00:37:15.000Z,W4214325,7390,46.82345,7.23784,29681.8,4.4,12.1,285.7,-43.1,0.3,-1.0,RS41-SG,403.500,9.0,250,11,2.6,,
2026-08-16T00:37:16.000Z,W4214325,7391,46.82348,7.23769,29686.3,4.5,12.8,282.5,-43.1,0.3,-1.0,RS41-SG,403.500,7.8,250,11,2.5,,
2026-08-16T00:37:19.000Z,W4214325,7394,46.82354,7.23729,29703.7,5.6,6.7,285.4,-43.0,0.3,-1.0,RS41-SG,403.500,8.1,250,11,2.6,,
2026-08-16T00:37:20.000Z,W4214325,7395,46.82355,7.23722,29708.6,4.2,4.4,295.7,-42.9,0.3,-1.0,RS41-SG,403.500,8.5,250,11,2.6,,
2026-08-16T00:37:21.000Z,W4214325,7396,46.82357,7.23718,29712.4,3.5,3.1,311.6,-42.9,0.3,-1.0,RS41-SG,403.500,8.5,250,11,2.6,,
2026-08-16T00:37:22.000Z,W4214325,7397,46.82359,7.23715,29716.7,5.1,3.1,312.0,-42.9,0.3,-1.0,RS41-SG,403.500,8.5,250,11,2.5,,
2026-08-16T00:37:23.000Z,W4214325,7398,46.82361,7.23711,29722.6,6.5,4.7,300.8,-42.8,0.3,-1.0,RS41-SG,403.500,8.5,250,11,2.5,,
2026-08-16T00:37:24.000Z,W4214325,7399,46.82363,7.23704,29729.0,6.2,7.0,291.7,-42.8,0.4,-1.0,RS41-SG,403.500,8.5,250,11,2.5,,
2026-08-16T00:37:25.000Z,W4214325,7400,46.82366,7.23694,29734.1,4.0,8.9,288.2,-42.8,0.3,-1.0,RS41-SG,403.500,8.0,250,11,2.5,,
2026-08-16T00:37:26.000Z,W4214325,7401,46.82368,7.23682,29738.0,3.8,10.4,287.4,-42.7,0.3,-1.0,RS41-SG,403.500,8.0,250,11,2.6,,
2026-08-16T00:37:29.000Z,W4214325,7404,46.82379,7.23646,29753.9,5.1,8.9,303.4,-42.7,0.3,-1.0,RS41-SG,403.500,8.2,250,11,2.5,,
2026-08-16T00:37:30.000Z,W4214325,7405,46.82384,7.23637,29758.9,4.7,7.9,311.0,-42.6,0.3,-1.0,RS41-SG,403.500,8.5,250,11,2.5,,
2026-08-16T00:37:31.000Z,W4214325,7406,46.82388,7.23630,29764.1,5.7,7.2,314.8,-42.6,0.3,-1.0,RS41-SG,403.500,8.8,250,11,2.6,,
2026-08-16T00:37:32.000Z,W4214325,7407,46.82392,7.23624,29770.2,6.5,6.8,310.6,-42.5,0.3,-1.0,RS41-SG,403.500,8.8,250,11,2.6,,
2026-08-16T00:37:33.000Z,W4214325,7408,46.82396,7.23617,29776.0,5.1,6.7,304.8,-42.5,0.3,-1.0,RS41-SG,403.500,8.7,250,11,2.6,,
2026-08-16T00:37:34.000Z,W4214325,7409,46.82399,7.23609,29781.0,4.8,6.7,301.7,-42.5,0.3,-1.0,RS41-SG,403.500,8.6,250,11,2.5,,
2026-08-16T00:37:35.000Z,W4214325,7410,46.82403,7.23602,29786.1,5.5,6.5,305.1,-42.4,0.3,-1.0,RS41-SG,403.500,8.4,250,11,2.5,,
2026-08-16T00:37:36.000Z,W4214325,7411,46.82406,7.23596,29792.0,6.3,6.3,313.3,-42.4,0.3,-1.0,RS41-SG,403.500,8.7,250,11,2.5,,
2026-08-16T00:37:37.000Z,W4214325,7412,46.82410,7.23590,29797.8,5.2,6.5,318.9,-42.4,0.3,-1.0,RS41-SG,403.500,8.7,250,11,2.5,,
2026-08-16T00:37:38.000Z,W4214325,7413,46.82415,7.23584,29803.3,5.8,7.1,318.4,-42.4,0.3,-1.0,RS41-SG,403.500,8.6,250,11,2.6,,
2026-08-16T00:37:39.000Z,W4214325,7414,46.82420,7.23577,29809.3,6.3,8.4,311.7,-42.4,0.3,-1.0,RS41-SG,403.500,8.6,250,11,2.6,,
2026-08-16T00:37:40.000Z,W4214325,7415,46.82425,7.23568,29815.5,6.0,9.9,304.7,-42.4,0.3,-1.0,RS41-SG,403.500,8.3,250,11,2.5,,
2026-08-16T00:37:41.000Z,W4214325,7416,46.82430,7.23556,29820.8,4.6,11.0,300.5,-42.4,0.3,-1.0,RS41-SG,403.500,7.8,250,10,2.5,,
2026-08-16T00:37:43.000Z,W4214325,7418,46.82441,7.23532,29831.0,6.1,10.8,307.4,-42.3,0.3,-1.0,RS41-SG,403.500,7.1,250,10,2.6,,
2026-08-16T00:37:44.000Z,W4214325,7419,46.82447,7.23522,29837.2,6.4,9.7,318.9,-42.3,0.3,-1.0,RS41-SG,403.500,7.4,250,10,2.6,,
2026-08-16T00:37:45.000Z,W4214325,7420,46.82453,7.23515,29843.1,5.5,8.8,331.8,-42.3,0.3,-1.0,RS41-SG,403.500,8.0,250,10,2.6,,
2026-08-16T00:37:46.000Z,W4214325,7421,46.82460,7.23511,29848.3,4.8,8.3,340.6,-42.3,0.3,-1.0,RS41-SG,403.500,8.2,250,10,2.5,,
2026-08-16T00:37:47.000Z,W4214325,7422,46.82467,7.23507,29853.4,5.3,7.4,341.7,-42.3,0.3,-1.0,RS41-SG,403.500,8.2,250,10,2.5,,
2026-08-16T00:37:48.000Z,W4214325,7423,46.82473,7.23504,29859.5,6.8,6.4,328.7,-42.2,0.3,-1.0,RS41-SG,403.500,8.7,250,10,2.5,,
2026-08-16T00:37:49.000Z,W4214325,7424,46.82477,7.23498,29866.2,6.5,6.5,308.7,-42.2,0.3,-1.0,RS41-SG,403.500,8.7,250,10,2.5,,
2026-08-16T00:37:50.000Z,W4214325,7425,46.82480,7.23490,29871.7,4.6,7.3,295.1,-42.2,0.3,-1.0,RS41-SG,403.500,8.1,250,10,2.6,,
2026-08-16T00:37:51.000Z,W4214325,7426,46.82483,7.23481,29876.2,4.5,8.3,290.0,-42.2,0.3,-1.0,RS41-SG,403.500,8.0,250,10,2.6,,
2026-08-16T00:37:52.000Z,W4214325,7427,46.82485,7.23471,29881.6,6.2,8.6,293.0,-42.2,0.3,-1.0,RS41-SG,403.500,8.8,250,10,2.5,,
2026-08-16T00:37:53.000Z,W4214325,7428,46.82489,7.23461,29888.0,6.4,8.4,302.0,-42.2,0.3,-1.0,RS41-SG,403.500,8.8,250,10,2.5,,
2026-08-16T00:37:54.000Z,W4214325,7429,46.82493,7.23452,29893.7,4.8,8.0,310.1,-42.2,0.3,-1.0,RS41-SG,403.500,8.3,250,10,2.5,,
2026-08-16T00:37:55.000Z,W4214325,7430,46.82498,7.23445,29898.7,5.3,7.8,316.3,-42.1,0.3,-1.0,RS41-SG,403.500,8.3,250,10,2.6,,
2026-08-16T00:37:56.000Z,W4214325,7431,46.82503,7.23438,29904.3,5.7,7.7,314.5,-42.1,0.3,-1.0,RS41-SG,403.500,8.6,250,10,2.6,,
2026-08-16T00:37:57.000Z,W4214325,7432,46.82507,7.23430,29910.2,6.1,7.5,306.9,-42.1,0.3,-1.0,RS41-SG,403.500,8.6,250,10,2.6,,
2026-08-16T00:37:58.000Z,W4214325,7433,46.82511,7.23422,29916.4,6.2,7.3,296.6,-42.2,0.3,-1.0,RS41-SG,403.500,8.2,250,10,2.5,,
2026-08-16T00:37:59.000Z,W4214325,7434,46.82513,7.23413,29922.1,5.2,7.0,289.9,-42.2,0.3,-1.0,RS41-SG,403.500,7.8,250,10,2.5,,
2026-08-16T00:38:00.000Z,W4214325,7435,46.82515,7.23405,29927.3,5.2,6.4,286.1,-42.2,0.3,-1.0,RS41-SG,403.500,7.7,250,10,2.5,,
2026-08-16T00:38:01.000Z,W4214325,7436,46.82517,7.23398,29932.7,5.4,5.5,289.7,-42.2,0.3,-1.0,RS41-SG,403.500,8.0,250,10,2.5,,
2026-08-16T00:38:02.000Z,W4214325,7437,46.82519,7.23392,29938.4,5.9,4.5,304.9,-42.2,0.3,-1.0,RS41-SG,403.500,8.0,250,10,2.6,,
2026-08-16T00:38:03.000Z,W4214325,7438,46.82522,7.23388,29944.2,5.8,4.6,328.0,-42.2,0.3,-1.0,RS41-SG,403.500,8.1,250,10,2.6,,
2026-08-16T00:38:04.000Z,W4214325,7439,46.82526,7.23385,29949.9,5.6,6.1,339.9,-42.2,0.3,-1.0,RS41-SG,403.500,8.1,250,10,2.5,,
2026-08-16T00:38:05.000Z,W4214325,7440,46.82532,7.23382,29955.6,5.8,7.7,337.2,-42.1,0.3,-1.0,RS41-SG,403.500,8.3,250,10,2.5,,
2026-08-16T00:38:06.000Z,W4214325,7441,46.82538,7.23376,29961.5,6.2,9.4,325.8,-42.1,0.3,-1.0,RS41-SG,403.500,8.5,250,10,2.5,,
2026-08-16T00:38:07.000Z,W4214325,7442,46.82545,7.23368,29967.4,5.6,10.6,313.4,-42.1,0.3,-1.0,RS41-SG,403.500,8.5,250,10,2.6,,
2026-08-16T00:38:08.000Z,W4214325,7443,46.82551,7.23357,29972.6,4.9,10.9,301.6,-42.1,0.3,-1.0,RS41-SG,403.500,7.4,250,10,2.6,,
2026-08-16T00:38:09.000Z,W4214325,7444,46.82555,7.23345,29977.9,5.5,10.1,289.8,-42.1,0.3,-1.0,RS41-SG,403.500,7.4,250,10,2.6,,
2026-08-16T00:38:10.000Z,W4214325,7445,46.82557,7.23333,29983.9,6.5,8.0,276.7,-42.1,0.3,-1.0,RS41-SG,403.500,8.6,250,10,2.5,,
2026-08-16T00:38:11.000Z,W4214325,7446,46.82557,7.23324,29990.2,6.0,5.6,266.7,-42.1,0.3,-1.0,RS41-SG,403.500,8.6,250,10,2.5,,
2026-08-16T00:38:12.000Z,W4214325,7447,46.82557,7.23319,29995.6,4.7,3.4,261.6,-42.1,0.3,-1.0,RS41-SG,403.500,8.3,250,10,2.5,,
2026-08-16T00:38:13.000Z,W4214325,7448,46.82557,7.23315,30000.6,5.2,1.7,295.8,-42.1,0.3,-1.0,RS41-SG,403.500,7.9,250,10,2.5,,
2026-08-16T00:38:14.000Z,W4214325,7449,46.82559,7.23314,30006.5,6.7,3.2,340.0,-42.1,0.3,-1.0,RS41-SG,403.500,7.0,250,10,2.6,,
2026-08-16T00:38:15.000Z,W4214325,7450,46.82562,7.23312,30013.3,6.9,5.8,339.3,-42.1,0.3,-1.0,RS41-SG,403.500,7.5,250,10,2.6,,
2026-08-16T00:38:16.000Z,W4214325,7451,46.82568,7.23308,30019.1,4.8,7.8,335.9,-42.1,0.3,-1.0,RS41-SG,403.500,7.5,250,10,2.5,,
2026-08-16T00:38:17.000Z,W4214325,7452,46.82575,7.23303,30023.7,4.6,9.4,333.7,-42.1,0.3,-1.0,RS41-SG,403.500,7.9,250,10,2.5,,
2026-08-16T00:38:18.000Z,W4214325,7453,46.82583,7.23298,30029.2,6.2,10.0,333.4,-42.1,0.3,-1.0,RS41-SG,403.500,7.9,250,10,2.5,,
2026-08-16T00:38:19.000Z,W4214325,7454,46.82591,7.23292,30035.9,7.2,9.2,334.3,-42.1,0.3,-1.0,RS41-SG,403.500,7.9,250,10,2.6,,
2026-08-16T00:38:20.000Z,W4214325,7455,46.82597,7.23287,30042.3,5.5,7.8,333.4,-42.2,0.3,-1.0,RS41-SG,403.500,8.3,250,10,2.6,,
2026-08-16T00:38:21.000Z,W4214325,7456,46.82603,7.23283,30047.9,5.6,6.2,326.5,-42.2,0.3,-1.0,RS41-SG,403.500,8.3,250,10,2.6,,
2026-08-16T00:38:22.000Z,W4214325,7457,46.82607,7.23278,30053.7,5.9,5.1,307.6,-42.2,0.3,-1.0,RS41-SG,403.500,8.1,250,10,2.5,,
2026-08-16T00:38:23.000Z,W4214325,7458,46.82609,7.23272,30059.7,6.1,5.2,284.7,-42.2,0.3,-1.0,RS41-SG,403.500,8.2,250,10,2.5,,
2026-08-16T00:38:24.000Z,W4214325,7459,46.82609,7.23265,30065.6,5.4,5.8,273.3,-42.3,0.3,-1.0,RS41-SG,403.500,8.2,250,10,2.5,,
2026-08-16T00:38:25.000Z,W4214325,7460,46.82609,7.23258,30070.8,5.0,5.5,269.8,-42.3,0.3,-1.0,RS41-SG,403.500,8.3,250,10,2.5,,
2026-08-16T00:38:26.000Z,W4214325,7461,46.82609,7.23251,30076.2,6.0,4.2,270.6,-42.2,0.3,-1.0,RS41-SG,403.500,8.3,250,10,2.6,,
2026-08-16T00:38:27.000Z,W4214325,7462,46.82610,7.23247,30082.5,6.6,2.2,287.7,-42.2,0.3,-1.0,RS41-SG,403.500,7.3,250,10,2.6,,
2026-08-16T00:38:28.000Z,W4214325,7463,46.82611,7.23246,30088.7,5.9,1.4,355.7,-42.2,0.3,-1.0,RS41-SG,403.500,7.5,250,10,2.5,,
2026-08-16T00:38:29.000Z,W4214325,7464,46.82612,7.23246,30094.1,5.1,2.6,21.5,-42.2,0.3,-1.0,RS41-SG,403.500,8.4,250,10,2.5,,
2026-08-16T00:38:30.000Z,W4214325,7465,46.82615,7.23247,30099.6,5.8,3.4,12.8,-42.2,0.3,-1.0,RS41-SG,403.500,8.7,250,10,2.5,,
2026-08-16T00:38:31.000Z,W4214325,7466,46.82618,7.23247,30105.7,6.5,4.1,346.5,-42.2,0.3,-1.0,RS41-SG,403.500,8.7,250,10,2.6,,
2026-08-16T00:38:32.000Z,W4214325,7467,46.82622,7.23244,30112.3,6.6,5.5,318.5,-42.2,0.3,-1.0,RS41-SG,403.500,8.2,250,10,2.6,,
2026-08-16T00:38:33.000Z,W4214325,7468,46.82625,7.23238,30118.6,5.9,7.4,302.6,-42.2,0.3,-1.0,RS41-SG,403.500,8.2,250,10,2.6,,
2026-08-16T00:38:34.000Z,W4214325,7469,46.82629,7.23229,30123.9,4.5,8.5,294.5,-42.2,0.3,-1.0,RS41-SG,403.500,8.1,250,10,2.5,,
2026-08-16T00:38:35.000Z,W4214325,7470,46.82632,7.23219,30128.7,5.3,8.3,290.6,-42.2,0.3,-1.0,RS41-SG,403.500,8.0,250,10,2.5,,
2026-08-16T00:38:36.000Z,W4214325,7471,46.82634,7.23210,30134.8,6.7,6.2,291.2,-42.2,0.3,-1.0,RS41-SG,403.500,7.5,250,10,2.5,,
2026-08-16T00:38:37.000Z,W4214325,7472,46.82636,7.23204,30141.7,7.0,3.3,302.5,-42.2,0.3,-1.0,RS41-SG,403.500,6.9,250,10,2.5,,
2026-08-16T00:38:38.000Z,W4214325,7473,46.82637,7.23202,30148.0,5.6,1.3,356.7,-42.2,0.3,-1.0,RS41-SG,403.500,6.9,250,10,2.6,,
2026-08-16T00:38:39.000Z,W4214325,7474,46.82638,7.23203,30153.1,4.7,2.1,66.4,-42.2,0.3,-1.0,RS41-SG,403.500,7.7,250,10,2.6,,
2026-08-16T00:38:40.000Z,W4214325,7475,46.82639,7.23206,30158.4,5.6,2.6,83.9,-42.3,0.3,-1.0,RS41-SG,403.500,8.0,250,10,2.5,,
2026-08-16T00:38:41.000Z,W4214325,7476,46.82639,7.23209,30164.8,7.2,1.4,97.6,-42.3,0.3,-1.0,RS41-SG,403.500,8.0,250,10,2.5,,
2026-08-16T00:38:42.000Z,W4214325,7477,46.82639,7.23209,30172.1,7.3,1.0,268.3,-42.3,0.3,-1.0,RS41-SG,403.500,8.2,250,10,2.5,,
2026-08-16T00:38:43.000Z,W4214325,7478,46.82639,7.23206,30178.4,5.2,3.3,276.4,-42.3,0.3,-1.0,RS41-SG,403.500,8.2,250,10,2.6,,
2026-08-16T00:38:44.000Z,W4214325,7479,46.82639,7.23201,30183.5,4.9,5.4,282.5,-42.4,0.3,-1.0,RS41-SG,403.500,8.2,250,10,2.6,,
2026-08-16T00:38:45.000Z,W4214325,7480,46.82641,7.23193,30188.9,6.0,6.4,290.0,-42.4,0.3,-1.0,RS41-SG,403.500,8.2,250,10,2.6,,
2026-08-16T00:38:46.000Z,W4214325,7481,46.82643,7.23186,30195.5,7.2,6.0,300.9,-42.4,0.3,-1.0,RS41-SG,403.500,7.3,250,10,2.5,,
2026-08-16T00:38:47.000Z,W4214325,7482,46.82646,7.23180,30202.2,6.1,5.1,312.2,-42.4,0.3,-1.0,RS41-SG,403.500,7.4,250,10,2.5,,
2026-08-16T00:38:48.000Z,W4214325,7483,46.82649,7.23176,30207.9,5.3,3.9,322.3,-42.5,0.3,-1.0,RS41-SG,403.500,8.3,250,10,2.5,,
2026-08-16T00:38:49.000Z,W4214325,7484,46.82651,7.23174,30213.6,6.0,2.6,328.5,-42.5,0.3,-1.0,RS41-SG,403.500,8.3,250,10,2.5,,
2026-08-16T00:38:50.000Z,W4214325,7485,46.82653,7.23172,30220.2,7.1,1.7,309.4,-42.6,0.3,-1.0,RS41-SG,403.500,7.7,250,10,2.6,,
2026-08-16T00:38:51.000Z,W4214325,7486,46.82653,7.23170,30226.9,6.3,1.5,266.2,-42.6,0.3,-1.0,RS41-SG,403.500,7.7,250,10,2.6,,
2026-08-16T00:38:52.000Z,W4214325,7487,46.82653,7.23168,30232.8,5.6,2.0,238.1,-42.6,0.3,-1.0,RS41-SG,403.500,7.7,250,10,2.5,,
2026-08-16T00:38:55.000Z,W4214325,7490,46.82649,7.23166,30251.1,6.7,1.2,140.7,-42.7,0.3,-1.0,RS41-SG,403.500,7.8,250,10,2.6,,
2026-08-16T00:38:56.000Z,W4214325,7491,46.82649,7.23167,30257.6,6.2,1.1,96.7,-42.7,0.3,-1.0,RS41-SG,403.500,8.2,250,10,2.6,,
2026-08-16T00:38:57.000Z,W4214325,7492,46.82649,7.23168,30263.6,5.7,0.7,45.7,-42.7,0.3,-1.0,RS41-SG,403.500,8.2,250,10,2.6,,
2026-08-16T00:38:58.000Z,W4214325,7493,46.82649,7.23168,30269.8,6.5,1.5,305.5,-42.7,0.3,-1.0,RS41-SG,403.500,8.2,250,10,2.5,,
2026-08-16T00:39:00.000Z,W4214325,7495,46.82650,7.23158,30283.1,6.1,6.0,269.9,-42.7,0.3,-1.0,RS41-SG,403.500,7.7,250,10,2.5,,
2026-08-16T00:39:01.000Z,W4214325,7496,46.82650,7.23150,30288.6,5.1,7.2,265.9,-42.7,0.3,-1.0,RS41-SG,403.500,7.7,250,10,2.5,,
2026-08-16T00:39:05.000Z,W4214325,7500,46.82647,7.23125,30314.3,5.0,0.6,209.0,-42.7,0.3,-1.0,RS41-SG,403.500,7.4,250,10,2.5,,
2026-08-16T00:39:06.000Z,W4214325,7501,46.82647,7.23126,30319.1,4.9,1.3,112.9,-42.7,0.3,-1.0,RS41-SG,403.500,7.4,250,10,2.5,,
2026-08-16T00:39:07.000Z,W4214325,7502,46.82646,7.23128,30325.1,6.9,1.6,124.6,-42.7,0.3,-1.0,RS41-SG,403.500,7.4,250,10,2.5,,
2026-08-16T00:39:08.000Z,W4214325,7503,46.82645,7.23128,30332.6,8.0,1.4,196.9,-42.7,0.3,-1.0,RS41-SG,403.500,7.4,250,10,2.5,,
2026-08-16T00:39:15.000Z,W4214325,7510,46.82643,7.23084,30377.3,7.5,5.7,273.0,-42.7,0.3,-1.0,RS41-SG,403.500,6.9,250,10,2.6,,
2026-08-16T00:39:22.000Z,W4214325,7517,46.82634,7.23053,30424.1,7.0,2.0,254.2,-42.8,0.3,-1.0,RS41-SG,403.500,7.3,250,10,2.6,,
2026-08-16T00:41:38.000Z,W4214325,7653,46.82254,7.21501,31267.0,5.5,10.4,268.3,-42.1,0.3,-1.0,RS41-SG,403.500,6.9,250,10,2.6,,
2026-08-16T00:41:39.000Z,W4214325,7654,46.82255,7.21487,31271.4,3.6,11.8,276.4,-42.1,0.3,-1.0,RS41-SG,403.500,7.2,250,10,2.6,,
2026-08-16T00:41:40.000Z,W4214325,7655,46.82256,7.21471,31275.3,4.2,13.1,277.3,-42.1,0.3,-1.0,RS41-SG,403.500,7.2,250,10,2.6,,
2026-08-16T00:41:41.000Z,W4214325,7656,46.82257,7.21453,31280.5,6.3,13.7,270.0,-42.1,0.3,-1.0,RS41-SG,403.500,7.1,250,10,2.5,,
2026-08-16T00:41:42.000Z,W4214325,7657,46.82256,7.21435,31287.0,6.6,13.8,257.9,-42.1,0.3,-1.0,RS41-SG,403.500,7.1,250,10,2.5,,
2026-08-16T00:41:47.000Z,W4214325,7662,46.82225,7.21358,31312.7,5.4,12.7,238.4,-42.1,0.3,-1.0,RS41-SG,403.500,6.9,250,10,2.6,,
2026-08-16T00:43:31.999Z,W4214325,7767,46.82025,7.20107,31862.4,4.4,7.3,217.5,-41.7,0.3,-1.0,RS41-SG,403.500,6.9,250,10,2.6,,
2026-08-16T00:43:43.999Z,W4214325,7779,46.81981,7.19953,31931.7,6.0,8.9,260.5,-41.5,0.3,-1.0,RS41-SG,403.500,7.3,250,10,2.6,,
2026-08-16T00:43:44.999Z,W4214325,7780,46.81980,7.19941,31937.3,5.3,9.2,261.9,-41.5,0.3,-1.0,RS41-SG,403.500,7.3,250,10,2.6,,
2026-08-16T00:43:46.999Z,W4214325,7782,46.81975,7.19917,31948.6,6.0,11.0,245.5,-41.5,0.3,-1.0,RS41-SG,403.500,7.1,250,10,2.5,,
2026-08-16T00:43:51.999Z,W4214325,7787,46.81937,7.19838,31977.5,6.6,16.9,243.9,-41.5,0.3,-1.0,RS41,403.500,6.5,250,10,2.6,,
2026-08-16T00:43:58.999Z,W4214325,7794,46.81930,7.19732,32019.8,4.8,4.4,237.6,-41.6,0.3,-1.0,RS41,403.500,7.4,250,10,2.6,,
2026-08-16T00:43:59.999Z,W4214325,7795,46.81927,7.19727,32025.5,6.5,6.2,219.8,-41.7,0.3,-1.0,RS41,403.500,7.2,250,10,2.6,,
2026-08-16T00:44:00.999Z,W4214325,7796,46.81922,7.19720,32032.7,8.0,9.1,226.4,-41.7,0.3,-1.0,RS41,403.500,7.6,250,10,2.5,,
2026-08-16T00:44:08.999Z,W4214325,7804,46.81894,7.19593,32081.1,5.2,9.0,278.7,-41.6,0.2,-1.0,RS41,403.500,7.3,250,10,2.5,,
2026-08-16T00:44:09.999Z,W4214325,7805,46.81896,7.19582,32086.7,6.1,8.4,290.2,-41.6,0.3,-1.0,RS41,403.500,7.3,250,10,2.5,,
2026-08-16T00:44:10.999Z,W4214325,7806,46.81899,7.19571,32093.2,6.7,8.5,294.9,-41.6,0.3,-1.0,RS41,403.500,6.9,250,10,2.5,,
2026-08-16T00:44:13.999Z,W4214325,7809,46.81903,7.19539,32113.4,6.5,9.2,254.5,-41.6,0.3,-1.0,RS41,403.500,7.2,250,10,2.6,,
2026-08-16T00:44:20.999Z,W4214325,7816,46.81875,7.19439,32157.7,4.8,12.9,282.6,-41.8,0.3,-1.0,RS41,403.500,8.0,250,10,2.6,,
2026-08-16T00:44:23.999Z,W4214325,7819,46.81887,7.19401,32176.1,6.7,7.5,302.7,-41.8,0.3,-1.0,RS41,403.500,7.9,250,10,2.5,,
2026-08-16T00:44:24.999Z,W4214325,7820,46.81890,7.19394,32182.3,5.6,5.8,291.5,-41.8,0.3,-1.0,RS41,403.500,8.1,250,10,2.5,,
2026-08-16T00:44:25.999Z,W4214325,7821,46.81891,7.19387,32188.1,6.1,5.5,270.3,-41.8,0.3,-1.0,RS41,403.500,8.1,250,10,2.6,,
2026-08-16T00:44:26.999Z,W4214325,7822,46.81891,7.19379,32194.3,6.4,7.2,258.2,-41.9,0.2,-1.0,RS41,403.500,8.3,250,10,2.6,,
2026-08-16T00:44:27.999Z,W4214325,7823,46.81889,7.19368,32200.9,6.6,9.4,257.3,-41.9,0.2,-1.0,RS41,403.500,8.5,250,10,2.6,,
2026-08-16T00:44:28.999Z,W4214325,7824,46.81887,7.19355,32207.2,5.9,11.2,260.1,-41.9,0.3,-1.0,RS41,403.500,8.5,250,10,2.5,,
2026-08-16T00:44:31.999Z,W4214325,7827,46.81885,7.19311,32224.6,6.7,9.8,271.1,-42.0,0.3,-1.0,RS41,403.500,7.1,250,10,2.5,,
2026-08-16T00:44:32.999Z,W4214325,7828,46.81885,7.19300,32231.4,6.8,7.3,273.0,-42.0,0.3,-1.0,RS41,403.500,7.7,250,10,2.6,,
2026-08-16T00:44:33.999Z,W4214325,7829,46.81885,7.19291,32238.0,6.3,5.1,275.1,-42.1,0.3,-1.0,RS41,403.500,7.7,250,10,2.6,,
2026-08-16T00:44:34.999Z,W4214325,7830,46.81886,7.19286,32243.7,5.2,3.7,277.9,-42.1,0.3,-1.0,RS41,403.500,7.6,250,10,2.6,,
2026-08-16T00:44:35.999Z,W4214325,7831,46.81886,7.19281,32249.0,5.4,3.5,284.6,-42.1,0.3,-1.0,RS41,403.500,8.6,250,10,2.5,,
2026-08-16T00:44:36.999Z,W4214325,7832,46.81887,7.19276,32255.2,6.8,4.8,287.6,-42.1,0.3,-1.0,RS41,403.500,8.6,250,10,2.5,,
2026-08-16T00:44:37.999Z,W4214325,7833,46.81889,7.19269,32262.3,7.3,7.1,286.7,-42.0,0.3,-1.0,RS41,403.500,8.0,250,10,2.5,,
2026-08-16T00:44:38.999Z,W4214325,7834,46.81891,7.19258,32269.0,5.9,9.3,284.3,-42.0,0.3,-1.0,RS41,403.500,7.9,250,10,2.5,,
2026-08-16T00:44:39.999Z,W4214325,7835,46.81893,7.19246,32274.5,5.1,10.9,280.3,-41.9,0.3,-1.0,RS41,403.500,8.5,250,10,2.6,,
2026-08-16T00:44:45.999Z,W4214325,7841,46.81884,7.19185,32312.2,6.6,2.7,237.7,-41.8,0.3,-1.0,RS41,403.500,7.0,250,10,2.5,,
2026-08-16T00:44:46.999Z,W4214325,7842,46.81884,7.19182,32319.0,7.1,2.4,305.1,-41.8,0.3,-1.0,RS41,403.500,7.1,250,10,2.6,,
2026-08-16T00:44:47.999Z,W4214325,7843,46.81886,7.19179,32325.3,5.6,4.4,325.9,-41.8,0.3,-1.0,RS41,403.500,7.1,250,10,2.6,,
2026-08-16T00:44:48.999Z,W4214325,7844,46.81890,7.19175,32330.6,5.2,6.2,325.9,-41.8,0.2,-1.0,RS41,403.500,6.9,250,10,2.6,,
2026-08-16T00:44:49.999Z,W4214325,7845,46.81895,7.19170,32336.1,5.9,6.9,319.4,-41.7,0.3,-1.0,RS41,403.500,8.0,250,10,2.5,,
2026-08-16T00:44:50.999Z,W4214325,7846,46.81899,7.19164,32342.7,7.1,6.3,304.8,-41.7,0.3,-1.0,RS41,403.500,8.0,250,10,2.5,,
2026-08-16T00:44:51.999Z,W4214325,7847,46.81901,7.19157,32350.1,7.5,5.5,279.1,-41.7,0.2,-1.0,RS41,403.500,8.0,250,10,2.5,,
2026-08-16T00:44:52.999Z,W4214325,7848,46.81900,7.19149,32357.0,6.3,5.7,250.7,-41.7,0.3,-1.0,RS41,403.500,8.0,250,10,2.5,,
2026-08-16T00:44:53.999Z,W4214325,7849,46.81898,7.19142,32362.5,4.7,6.6,235.3,-41.7,0.3,-1.0,RS41,403.500,7.4,250,10,2.6,,
2026-08-16T00:44:57.999Z,W4214325,7853,46.81883,7.19108,32387.0,6.5,8.1,257.9,-41.6,0.2,-1.0,RS41,403.500,7.3,250,10,2.5,,
2026-08-16T00:44:58.999Z,W4214325,7854,46.81882,7.19098,32392.8,5.2,7.7,267.8,-41.6,0.3,-1.0,RS41,403.500,7.7,250,10,2.5,,
2026-08-16T00:44:59.999Z,W4214325,7855,46.81883,7.19089,32398.1,5.6,6.6,274.0,-41.6,0.3,-1.0,RS41,403.500,7.9,250,10,2.5,,
2026-08-16T00:45:00.999Z,W4214325,7856,46.81883,7.19082,32404.2,6.6,4.5,271.0,-41.5,0.2,-1.0,RS41,403.500,7.9,250,10,2.6,,
2026-08-16T00:45:01.999Z,W4214325,7857,46.81882,7.19077,32410.8,6.8,2.8,245.5,-41.5,0.3,-1.0,RS41,403.500,7.7,250,10,2.6,,
2026-08-16T00:45:02.999Z,W4214325,7858,46.81881,7.19075,32417.0,5.5,2.9,204.1,-41.5,0.3,-1.0,RS41,403.500,8.2,250,10,2.6,,
2026-08-16T00:45:03.999Z,W4214325,7859,46.81878,7.19073,32422.6,5.9,3.8,194.9,-41.4,0.2,-1.0,RS41,403.500,8.2,250,10,2.5,,
2026-08-16T00:45:04.999Z,W4214325,7860,46.81874,7.19071,32429.0,6.9,4.6,206.0,-41.3,0.2,-1.0,RS41,403.500,8.2,250,10,2.5,,
2026-08-16T00:45:05.999Z,W4214325,7861,46.81871,7.19067,32436.3,7.5,5.5,229.2,-41.3,0.3,-1.0,RS41,403.500,7.9,250,10,2.5,,
2026-08-16T00:45:06.999Z,W4214325,7862,46.81868,7.19061,32443.0,5.9,6.6,243.1,-41.2,0.3,-1.0,RS41,403.500,7.9,250,10,2.5,,
2026-08-16T00:45:07.999Z,W4214325,7863,46.81865,7.19052,32448.5,5.2,7.7,252.8,-41.2,0.3,-1.0,RS41,403.500,7.3,250,10,2.6,,
2026-08-16T00:45:08.999Z,W4214325,7864,46.81863,7.19042,32454.0,5.9,8.4,255.6,-41.1,0.2,-1.0,RS41,403.500,7.3,250,10,2.6,,
2026-08-16T00:45:09.999Z,W4214325,7865,46.81861,7.19032,32460.6,7.1,7.8,250.5,-41.1,0.2,-1.0,RS41,403.500,7.3,250,10,2.6,,
2026-08-16T00:45:10.999Z,W4214325,7866,46.81859,7.19023,32467.7,7.1,6.9,239.1,-41.0,0.2,-1.0,RS41,403.500,7.5,250,10,2.5,,
2026-08-16T00:45:11.999Z,W4214325,7867,46.81855,7.19017,32474.2,5.9,6.0,224.9,-41.0,0.2,-1.0,RS41,403.500,7.8,250,10,2.5,,
2026-08-16T00:45:12.999Z,W4214325,7868,46.81851,7.19012,32479.6,5.1,5.3,213.6,-40.9,0.2,-1.0,RS41,403.500,7.8,250,10,2.5,,
2026-08-16T00:45:13.999Z,W4214325,7869,46.81847,7.19008,32485.1,5.7,4.4,210.9,-40.9,0.2,-1.0,RS41,403.500,7.6,250,10,2.5,,
2026-08-16T00:45:14.999Z,W4214325,7870,46.81845,7.19005,32491.1,6.5,3.5,224.5,-40.9,0.2,-1.0,RS41,403.500,7.1,250,10,2.6,,
2026-08-16T00:45:15.999Z,W4214325,7871,46.81843,7.19002,32497.8,7.0,3.6,253.0,-40.9,0.2,-1.0,RS41,403.500,8.0,250,10,2.6,,
2026-08-16T00:45:19.999Z,W4214325,7875,46.81840,7.18975,32522.3,6.3,6.6,243.0,-40.7,0.2,-1.0,RS41,403.500,7.6,250,10,2.5,,
2026-08-16T00:45:20.999Z,W4214325,7876,46.81836,7.18967,32528.5,6.0,7.5,224.7,-40.7,0.2,-1.0,RS41,403.500,7.8,250,10,2.5,,
2026-08-16T00:45:21.999Z,W4214325,7877,46.81830,7.18961,32534.3,5.5,8.7,212.2,-40.7,0.2,-1.0,RS41,403.500,7.8,250,10,2.6,,
2026-08-16T00:45:23.999Z,W4214325,7879,46.81815,7.18949,32545.4,6.0,10.2,209.9,-40.6,0.2,-1.0,RS41,403.500,6.9,250,10,2.6,,
2026-08-16T00:45:24.999Z,W4214325,7880,46.81808,7.18941,32551.7,6.6,10.2,219.8,-40.5,0.2,-1.0,RS41,403.500,7.2,250,10,2.5,,
2026-08-16T00:45:27.999Z,W4214325,7883,46.81796,7.18906,32571.3,6.3,10.6,266.4,-40.4,0.2,-1.0,RS41,403.500,7.0,250,10,2.5,,
2026-08-16T00:45:32.999Z,W4214325,7888,46.81802,7.18861,32604.7,6.8,2.1,213.2,-40.2,0.2,-1.0,RS41,403.500,8.2,250,10,2.5,,
2026-08-16T00:45:33.999Z,W4214325,7889,46.81799,7.18860,32611.2,6.2,5.3,179.5,-40.2,0.2,-1.0,RS41-SG,403.500,8.2,250,10,2.5,,
2026-08-16T00:45:34.999Z,W4214325,7890,46.81792,7.18860,32617.3,5.9,9.0,183.5,-40.2,0.2,-1.0,RS41-SG,403.500,7.9,250,10,2.5,,
2026-08-16T00:45:45.999Z,W4214325,7901,46.81760,7.18740,32684.0,6.7,4.8,155.9,-40.0,0.2,-1.0,RS41-SG,403.500,7.7,250,10,2.5,,
2026-08-16T00:45:46.999Z,W4214325,7902,46.81753,7.18741,32690.5,6.3,9.8,182.9,-40.1,0.2,-1.0,RS41-SG,403.500,7.7,250,10,2.5,,
2026-08-16T00:45:54.999Z,W4214325,7910,46.81715,7.18596,32734.1,5.1,8.9,315.7,-40.1,0.2,-1.0,RS41-SG,403.500,7.1,250,10,2.5,,
2026-08-16T00:46:06.999Z,W4214325,7922,46.81678,7.18436,32798.4,5.1,6.9,313.0,-40.2,0.2,-1.0,RS41-SG,403.500,7.2,250,10,2.5,,
2026-08-16T00:46:08.999Z,W4214325,7924,46.81678,7.18429,32809.1,5.7,6.1,205.7,-40.2,0.2,-1.0,RS41-SG,403.500,7.3,250,10,2.5,,
2026-08-16T00:46:09.999Z,W4214325,7925,46.81671,7.18423,32814.7,5.5,11.7,210.6,-40.1,0.2,-1.0,RS41-SG,403.500,7.3,250,10,2.5,,
2026-08-16T00:46:10.999Z,W4214325,7926,46.81661,7.18412,32820.0,5.0,16.7,221.9,-40.1,0.2,-1.0,RS41-SG,403.500,7.3,250,10,2.6,,
2026-08-16T00:46:17.999Z,W4214325,7933,46.81653,7.18253,32856.2,3.8,10.7,312.3,-40.1,0.2,-1.0,RS41-SG,403.500,8.0,250,10,2.6,,
2026-08-16T00:46:18.999Z,W4214325,7934,46.81658,7.18244,32860.1,4.0,6.4,311.0,-40.1,0.2,-1.0,RS41-SG,403.500,8.0,250,10,2.6,,
2026-08-16T00:46:19.999Z,W4214325,7935,46.81659,7.18238,32864.8,5.5,4.5,260.4,-40.2,0.2,-1.0,RS41-SG,403.500,7.8,250,10,2.6,,
2026-08-16T00:46:20.999Z,W4214325,7936,46.81657,7.18231,32870.6,6.3,8.9,233.1,-40.2,0.2,-1.0,RS41-SG,403.500,8.0,250,10,2.5,,
2026-08-16T00:46:21.999Z,W4214325,7937,46.81651,7.18219,32876.6,5.6,14.0,234.0,-40.2,0.2,-1.0,RS41-SG,403.500,8.0,250,10,2.5,,
2026-08-16T00:46:28.999Z,W4214325,7944,46.81644,7.18062,32913.6,2.6,14.5,310.2,-40.3,0.2,-1.0,RS41-SG,403.500,7.9,250,10,2.5,,
2026-08-16T00:46:29.999Z,W4214325,7945,46.81653,7.18050,32916.9,3.9,12.5,318.8,-40.3,0.2,-1.0,RS41-SG,403.500,8.1,250,10,2.5,,
2026-08-16T00:46:30.999Z,W4214325,7946,46.81660,7.18040,32922.0,6.3,10.1,314.7,-40.3,0.2,-1.0,RS41-SG,403.500,8.1,250,10,2.5,,
2026-08-16T00:46:31.999Z,W4214325,7947,46.81665,7.18030,32929.1,7.7,9.0,291.4,-40.3,0.2,-1.0,RS41-SG,403.500,7.8,250,10,2.6,,
2026-08-16T00:46:32.999Z,W4214325,7948,46.81666,7.18017,32936.1,6.3,10.4,266.4,-40.3,0.2,-1.0,RS41-SG,403.500,7.2,250,10,2.6,,
2026-08-16T00:46:33.999Z,W4214325,7949,46.81664,7.18003,32941.2,3.8,13.1,251.6,-40.3,0.2,-1.0,RS41-SG,403.500,7.6,250,10,2.6,,
2026-08-16T00:46:34.999Z,W4214325,7950,46.81659,7.17985,32944.2,2.2,15.8,243.1,-40.3,0.2,-1.0,RS41-SG,403.500,7.6,250,10,2.5,,
2026-08-16T00:46:40.999Z,W4214325,7956,46.81635,7.17882,32976.5,2.9,12.4,298.0,-40.2,0.2,-1.0,RS41-SG,403.500,7.6,250,10,2.6,,
2026-08-16T00:46:41.999Z,W4214325,7957,46.81642,7.17867,32979.8,3.7,14.9,309.3,-40.2,0.2,-1.0,RS41-SG,403.500,8.1,250,10,2.5,,
2026-08-16T00:46:42.999Z,W4214325,7958,46.81651,7.17852,32984.4,5.5,16.5,311.1,-40.1,0.2,-1.0,RS41-SG,403.500,8.2,250,10,2.5,,
2026-08-16T00:46:43.999Z,W4214325,7959,46.81660,7.17835,32990.5,6.5,16.0,305.8,-40.1,0.2,-1.0,RS41-SG,403.500,8.2,250,10,2.5,,
2026-08-16T00:46:47.999Z,W4214325,7963,46.81665,7.17776,33014.0,2.4,10.9,233.9,-40.2,0.2,-1.0,RS41-SG,403.500,7.3,250,10,2.6,,
2026-08-16T00:46:48.999Z,W4214325,7964,46.81658,7.17765,33016.8,3.1,12.5,222.1,-40.2,0.2,-1.0,RS41-SG,403.500,7.8,250,10,2.5,,
2026-08-16T00:46:55.999Z,W4214325,7971,46.81634,7.17663,33055.6,5.0,9.5,305.5,-40.2,0.2,-1.0,RS41-SG,403.500,6.7,250,10,2.5,,
2026-08-16T00:46:57.999Z,W4214325,7973,46.81643,7.17649,33066.3,5.5,4.9,310.0,-40.2,0.2,-1.0,RS41-SG,403.500,7.3,250,10,2.5,,
2026-08-16T00:46:58.999Z,W4214325,7974,46.81644,7.17644,33072.2,6.0,4.0,267.3,-40.2,0.2,-1.0,RS41-SG,403.500,7.7,250,10,2.5,,
2026-08-16T00:46:59.999Z,W4214325,7975,46.81642,7.17637,33078.0,5.6,7.2,236.0,-40.2,0.2,-1.0,RS41-SG,403.500,7.7,250,10,2.6,,
2026-08-16T00:47:00.999Z,W4214325,7976,46.81637,7.17628,33083.0,4.5,11.3,230.6,-40.1,0.2,-1.0,RS41-SG,403.500,7.9,250,10,2.6,,
2026-08-16T00:47:01.999Z,W4214325,7977,46.81630,7.17614,33087.2,3.9,15.0,231.1,-40.1,0.2,-1.0,RS41-SG,403.500,7.9,250,10,2.6,,
2026-08-16T00:47:08.999Z,W4214325,7984,46.81590,7.17532,33121.9,3.1,1.5,292.9,-40.0,0.2,-1.0,RS41-SG,403.500,7.4,250,9,2.6,,
2026-08-16T00:47:09.999Z,W4214325,7985,46.81591,7.17530,33126.0,5.0,2.5,315.2,-39.9,0.2,-1.0,RS41-SG,403.500,7.4,250,10,2.5,,
2026-08-16T00:47:12.999Z,W4214325,7988,46.81593,7.17506,33145.0,5.0,10.6,259.5,-39.8,0.2,-1.0,RS41-SG,403.500,7.3,250,10,2.6,,
2026-08-16T00:47:16.999Z,W4214325,7992,46.81565,7.17447,33163.4,5.9,14.7,212.2,-39.7,0.2,-1.0,RS41-SG,403.500,6.9,250,10,2.5,,
2026-08-16T00:47:21.999Z,W4214325,7997,46.81528,7.17422,33191.0,5.5,5.7,252.6,-39.5,0.2,-1.0,RS41-SG,403.500,7.1,250,10,2.5,,
2026-08-16T00:47:22.999Z,W4214325,7998,46.81527,7.17414,33195.5,3.5,7.7,267.1,-39.5,0.2,-1.0,RS41-SG,403.500,7.1,250,10,2.6,,
2026-08-16T00:47:30.999Z,W4214325,8006,46.81478,7.17338,33234.9,5.6,12.9,199.9,-39.0,0.2,-1.0,RS41-SG,403.500,7.5,250,10,2.6,,
2026-08-16T00:47:37.999Z,W4214325,8013,46.81445,7.17251,33271.5,6.1,7.2,253.6,-38.6,0.2,-1.0,RS41-SG,403.500,7.2,250,10,2.6,,
2026-08-16T00:47:38.999Z,W4214325,8014,46.81442,7.17243,33276.9,4.8,5.6,231.5,-38.5,0.2,-1.0,RS41-SG,403.500,7.2,250,10,2.6,,
2026-08-16T00:47:50.999Z,W4214325,8026,46.81350,7.17115,33338.3,4.5,9.5,212.3,-38.2,0.2,-1.0,RS41-SG,403.500,7.0,250,10,2.6,,
2026-08-16T00:47:51.999Z,W4214325,8027,46.81343,7.17108,33343.5,5.9,9.7,216.8,-38.2,0.2,-1.0,RS41-SG,403.500,7.2,250,10,2.6,,
2026-08-16T00:47:52.999Z,W4214325,8028,46.81336,7.17100,33349.7,6.5,10.6,226.9,-38.2,0.2,-1.0,RS41-SG,403.500,7.3,250,10,2.6,,
2026-08-16T00:48:03.999Z,W4214325,8039,46.81277,7.16967,33409.0,4.7,10.0,250.1,-37.8,0.2,-1.0,RS41-SG,403.500,7.1,250,10,2.5,,
2026-08-16T00:48:06.999Z,W4214325,8042,46.81266,7.16930,33425.7,6.3,10.3,237.5,-37.8,0.2,-1.0,RS41,403.500,6.9,250,10,2.6,,
2026-08-16T00:48:17.999Z,W4214325,8053,46.81215,7.16807,33486.1,4.7,6.1,230.4,-37.9,0.2,-1.0,RS41,403.500,7.0,250,10,2.5,,
2026-08-16T00:48:45.999Z,W4214325,8081,46.81068,7.16412,33639.9,5.9,8.0,244.7,-37.2,0.2,-1.0,RS41,403.500,6.5,250,11,2.6,,
2026-08-16T00:53:36.999Z,W4214325,8372,46.80077,7.14423,33189.4,-33.8,10.9,233.8,-35.8,0.1,-1.0,RS41,403.500,6.6,250,10,2.5,,
2026-08-16T00:54:05.999Z,W4214325,8401,46.80016,7.14062,32164.3,-36.2,4.7,251.0,-40.4,0.2,-1.0,RS41,403.500,6.5,250,10,2.5,,
2026-08-16T00:54:08.999Z,W4214325,8404,46.80014,7.14036,32057.5,-35.4,9.9,274.1,-40.7,0.2,-1.0,RS41,403.500,6.9,250,11,2.6,,
2026-08-16T00:54:09.999Z,W4214325,8405,46.80014,7.14022,32020.5,-39.0,10.6,271.2,-40.6,0.2,-1.0,RS41,403.500,6.9,250,10,2.6,,
2026-08-16T00:54:10.999Z,W4214325,8406,46.80015,7.14007,31981.7,-39.0,12.2,272.6,-40.7,0.2,-1.0,RS41,403.500,6.9,250,10,2.5,,
2026-08-16T00:54:11.999Z,W4214325,8407,46.80015,7.13991,31942.9,-38.5,13.4,271.2,-40.7,0.2,-1.0,RS41,403.500,6.9,250,11,2.5,,
2026-08-16T00:54:18.999Z,W4214325,8414,46.80000,7.13878,31667.2,-39.3,10.0,246.0,-41.6,0.2,-1.0,RS41,403.500,7.4,250,11,2.5,,
2026-08-16T00:54:19.999Z,W4214325,8415,46.79997,7.13866,31628.0,-39.5,9.4,250.6,-41.7,0.3,-1.0,RS41,403.500,7.6,250,8,2.6,08:28:52,
2026-08-16T00:54:20.999Z,W4214325,8416,46.79994,7.13855,31587.6,-41.4,8.8,251.1,-41.8,0.3,-1.0,RS41,403.500,7.6,250,9,2.6,08:28:52,
2026-08-16T00:54:21.999Z,W4214325,8417,46.79992,7.13844,31546.1,-41.9,9.5,255.1,-42.0,0.2,-1.0,RS41,403.500,7.8,250,10,2.5,08:28:52,
2026-08-16T00:54:22.999Z,W4214325,8418,46.79990,7.13831,31504.6,-41.6,11.2,267.1,-42.2,0.3,-1.0,RS41,403.500,7.8,250,9,2.5,08:28:52,
2026-08-16T00:54:23.999Z,W4214325,8419,46.79990,7.13815,31463.6,-40.8,12.6,268.2,-42.2,0.2,-1.0,RS41,403.500,7.4,250,10,2.5,08:28:52,
2026-08-16T00:54:24.999Z,W4214325,8420,46.79990,7.13798,31422.3,-41.8,13.5,268.2,-42.1,0.3,-1.0,RS41,403.500,7.4,250,10,2.6,08:28:52,
2026-08-16T00:54:25.999Z,W4214325,8421,46.79989,7.13779,31381.3,-40.2,14.9,268.2,-42.0,0.3,-1.0,RS41,403.500,7.3,250,9,2.6,08:28:52,
2026-08-16T00:54:26.999Z,W4214325,8422,46.79989,7.13759,31342.2,-38.4,15.6,266.7,-42.0,0.3,-1.0,RS41,403.500,7.3,250,10,2.6,08:28:52,
2026-08-16T00:55:55.999Z,W4214325,8511,46.79742,7.12952,28313.7,-29.7,1.4,288.6,-46.5,0.4,-1.0,RS41,403.500,7.1,250,9,2.5,08:28:52,
2026-08-16T00:55:56.999Z,W4214325,8512,46.79742,7.12951,28284.8,-28.1,1.4,304.7,-46.6,0.4,-1.0,RS41,403.500,7.7,250,10,2.5,08:28:52,
2026-08-16T00:55:57.999Z,W4214325,8513,46.79743,7.12949,28256.0,-29.0,1.4,301.7,-46.6,0.4,-1.0,RS41,403.500,7.8,250,11,2.5,08:28:52,
2026-08-16T00:55:58.999Z,W4214325,8514,46.79744,7.12948,28224.9,-33.3,1.1,284.9,-46.6,0.4,-1.0,RS41,403.500,7.8,250,7,2.6,08:28:52,
2026-08-16T00:55:59.999Z,W4214325,8515,46.79744,7.12946,28191.7,-33.0,1.5,260.4,-46.7,0.4,-1.0,RS41,403.500,7.7,250,9,2.6,08:28:52,
2026-08-16T00:56:00.999Z,W4214325,8516,46.79743,7.12944,28157.5,-34.1,2.1,249.3,-46.7,0.4,-1.0,RS41,403.500,8.2,250,11,2.5,08:28:52,
2026-08-16T00:56:01.999Z,W4214325,8517,46.79742,7.12941,28122.6,-35.3,3.0,235.7,-46.7,0.4,-1.0,RS41,403.500,8.2,250,11,2.5,08:27:10,
2026-08-16T00:56:02.999Z,W4214325,8518,46.79741,7.12937,28088.0,-33.2,3.2,245.8,-46.7,0.4,-1.0,RS41,403.500,8.4,250,10,2.5,08:27:10,
2026-08-16T00:56:03.999Z,W4214325,8519,46.79739,7.12933,28055.4,-32.1,3.7,239.8,-46.7,0.4,-1.0,RS41,403.500,8.4,250,9,2.6,08:27:10,
2026-08-16T00:56:04.999Z,W4214325,8520,46.79738,7.12929,28024.8,-28.8,3.5,258.9,-46.7,0.4,-1.0,RS41,403.500,7.8,250,9,2.6,08:27:10,
2026-08-16T00:56:05.999Z,W4214325,8521,46.79738,7.12924,27995.0,-30.6,3.6,269.9,-46.7,0.4,-1.0,RS41,403.500,7.8,250,10,2.6,08:27:10,
2026-08-16T00:56:06.999Z,W4214325,8522,46.79738,7.12919,27964.8,-30.1,4.1,279.0,-46.5,0.4,-1.0,RS41,403.500,7.8,250,9,2.5,08:27:10,
2026-08-16T00:56:07.999Z,W4214325,8523,46.79740,7.12913,27934.6,-29.6,5.0,298.3,-46.5,0.4,-1.0,RS41,403.500,7.9,250,9,2.5,08:27:10,
2026-08-16T00:56:08.999Z,W4214325,8524,46.79742,7.12908,27904.6,-30.3,4.8,305.3,-46.6,0.4,-1.0,RS41,403.500,8.2,250,9,2.5,08:27:10,
2026-08-16T00:56:09.999Z,W4214325,8525,46.79745,7.12903,27874.6,-29.7,5.3,312.0,-46.8,0.4,-1.0,RS41,403.500,8.2,250,9,2.6,08:27:10,
2026-08-16T00:56:10.999Z,W4214325,8526,46.79748,7.12898,27844.8,-29.3,4.7,312.6,-46.9,0.4,-1.0,RS41,403.500,7.9,250,10,2.6,08:27:10,
2026-08-16T00:56:11.999Z,W4214325,8527,46.79751,7.12894,27815.9,-28.6,3.7,323.1,-47.0,0.4,-1.0,RS41,403.500,7.9,250,10,2.5,08:27:10,
2026-08-16T00:56:12.999Z,W4214325,8528,46.79753,7.12892,27787.3,-28.7,2.8,322.6,-47.1,0.4,-1.0,RS41,403.500,7.0,250,10,2.5,08:27:10,
2026-08-16T00:56:13.999Z,W4214325,8529,46.79754,7.12890,27758.6,-28.5,2.0,294.9,-47.2,0.4,-1.0,RS41,403.500,7.4,250,9,2.5,08:27:10,
2026-08-16T00:56:14.999Z,W4214325,8530,46.79754,7.12887,27730.5,-27.0,2.1,224.4,-47.3,0.4,-1.0,RS41,403.500,7.6,250,11,2.6,08:27:10,
2026-08-16T00:56:15.999Z,W4214325,8531,46.79752,7.12886,27703.5,-27.2,2.8,192.1,-47.3,0.4,-1.0,RS41,403.500,7.6,250,10,2.6,08:27:10,
2026-08-16T00:56:16.999Z,W4214325,8532,46.79750,7.12885,27675.9,-27.6,3.5,200.5,-47.2,0.4,-1.0,RS41,403.500,7.4,250,10,2.6,08:27:10,
2026-08-16T00:56:17.999Z,W4214325,8533,46.79746,7.12884,27648.7,-27.3,4.5,189.9,-47.1,0.4,-1.0,RS41,403.500,7.4,250,10,2.5,08:27:10,
2026-08-16T00:56:19.999Z,W4214325,8535,46.79739,7.12881,27594.9,-27.9,3.7,192.2,-47.0,0.4,-1.0,RS41,403.500,7.5,250,8,2.5,08:27:10,
2026-08-16T00:56:23.999Z,W4214325,8539,46.79737,7.12877,27482.9,-29.4,1.8,358.0,-46.9,0.4,-1.0,RS41,403.500,7.3,250,9,2.5,08:27:10,
2026-08-16T00:56:24.999Z,W4214325,8540,46.79738,7.12878,27454.5,-27.3,2.5,10.3,-46.8,0.4,-1.0,RS41,403.500,7.8,250,9,2.5,08:27:10,
2026-08-16T00:56:25.999Z,W4214325,8541,46.79741,7.12879,27427.6,-26.4,3.7,14.7,-46.7,0.4,-1.0,RS41,403.500,7.9,250,10,2.6,08:27:10,
2026-08-16T00:56:26.999Z,W4214325,8542,46.79744,7.12880,27400.0,-28.7,3.7,16.1,-46.7,0.4,-1.0,RS41,403.500,7.9,250,9,2.6,08:27:10,
2026-08-16T00:56:27.999Z,W4214325,8543,46.79747,7.12881,27369.8,-31.0,3.2,19.4,-46.6,0.4,-1.0,RS41,403.500,7.6,250,10,2.6,08:27:10,
2026-08-16T00:56:28.999Z,W4214325,8544,46.79749,7.12883,27340.3,-28.5,2.1,37.4,-46.5,0.4,-1.0,RS41,403.500,8.0,250,9,2.5,08:27:10,
2026-08-16T00:56:29.999Z,W4214325,8545,46.79750,7.12884,27311.1,-29.6,1.0,57.5,-46.5,0.4,-1.0,RS41,403.500,8.1,250,10,2.5,08:27:10,
2026-08-16T00:56:30.999Z,W4214325,8546,46.79750,7.12885,27281.2,-30.0,0.6,118.9,-46.5,0.4,-1.0,RS41,403.500,8.1,250,10,2.5,08:27:10,
2026-08-16T00:56:31.999Z,W4214325,8547,46.79749,7.12886,27252.2,-28.5,1.0,165.5,-46.6,0.4,-1.0,RS41,403.500,8.2,250,9,2.5,08:27:10,
2026-08-16T00:56:32.999Z,W4214325,8548,46.79748,7.12885,27224.7,-26.9,1.5,199.5,-46.6,0.4,-1.0,RS41,403.500,8.2,250,11,2.6,08:27:10,
2026-08-16T00:56:33.999Z,W4214325,8549,46.79747,7.12885,27198.2,-26.7,1.2,220.8,-46.7,0.4,-1.0,RS41,403.500,7.9,250,9,2.6,08:27:10,
2026-08-16T00:56:34.999Z,W4214325,8550,46.79747,7.12883,27171.3,-27.6,1.1,277.7,-46.7,0.4,-1.0,RS41,403.500,7.9,250,8,2.6,08:27:10,
2026-08-16T00:56:35.999Z,W4214325,8551,46.79748,7.12882,27143.1,-28.8,2.2,328.0,-46.9,0.4,-1.0,RS41,403.500,7.7,250,9,2.5,08:27:10,
2026-08-16T00:56:36.999Z,W4214325,8552,46.79751,7.12880,27114.2,-29.5,4.3,341.7,-46.9,0.4,-1.0,RS41-SG,403.500,7.8,250,8,2.5,08:27:10,
2026-08-16T00:56:37.999Z,W4214325,8553,46.79756,7.12878,27085.6,-28.0,6.8,345.9,-47.1,0.4,-1.0,RS41-SG,403.500,7.8,250,8,2.5,08:27:10,
2026-08-16T00:56:38.999Z,W4214325,8554,46.79762,7.12876,27058.2,-27.1,8.6,348.8,-47.2,0.4,-1.0,RS41-SG,403.500,7.9,250,8,2.6,08:27:10,
2026-08-16T00:56:39.999Z,W4214325,8555,46.79770,7.12873,27032.2,-25.3,9.6,346.8,-47.3,0.4,-1.0,RS41-SG,403.500,8.2,250,9,2.6,08:27:10,
2026-08-16T00:56:40.999Z,W4214325,8556,46.79779,7.12870,27006.4,-26.3,9.9,345.1,-47.5,0.4,-1.0,RS41-SG,403.500,8.2,250,8,2.5,08:27:10,
2026-08-16T00:56:41.999Z,W4214325,8557,46.79788,7.12866,26979.7,-26.4,9.9,343.1,-47.6,0.4,-1.0,RS41-SG,403.500,8.0,250,10,2.5,08:27:10,
2026-08-16T00:56:42.999Z,W4214325,8558,46.79796,7.12862,26952.9,-25.7,9.7,341.2,-47.7,0.5,-1.0,RS41-SG,403.500,7.7,250,10,2.5,08:27:10,
2026-08-16T00:56:43.999Z,W4214325,8559,46.79804,7.12858,26926.5,-26.5,8.9,338.1,-47.6,0.4,-1.0,RS41-SG,403.500,8.5,250,10,2.6,08:27:10,
2026-08-16T00:56:44.999Z,W4214325,8560,46.79811,7.12853,26899.9,-25.9,8.4,333.4,-47.5,0.4,-1.0,RS41-SG,403.500,8.5,250,10,2.6,08:27:10,
2026-08-16T00:56:45.999Z,W4214325,8561,46.79817,7.12848,26874.1,-25.5,8.3,330.6,-47.4,0.4,-1.0,RS41-SG,403.500,8.4,250,11,2.6,08:27:10,
2026-08-16T00:56:46.999Z,W4214325,8562,46.79824,7.12842,26848.8,-24.9,8.7,324.1,-47.3,0.4,-1.0,RS41-SG,403.500,8.4,250,9,2.5,08:27:10,
2026-08-16T00:56:47.999Z,W4214325,8563,46.79830,7.12835,26823.0,-26.6,8.7,322.9,-47.1,0.4,-1.0,RS41-SG,403.500,7.4,250,11,2.5,08:27:10,
2026-08-16T00:56:48.999Z,W4214325,8564,46.79837,7.12828,26796.8,-25.7,9.5,322.4,-47.0,0.4,-1.0,RS41-SG,403.500,7.4,250,11,2.5,08:27:10,
2026-08-16T00:56:49.999Z,W4214325,8565,46.79844,7.12820,26770.9,-25.6,10.3,322.8,-47.0,0.4,-1.0,RS41-SG,403.500,8.1,250,11,2.6,08:27:10,
2026-08-16T00:56:50.999Z,W4214325,8566,46.79851,7.12812,26745.7,-24.9,10.2,324.1,-47.0,0.4,-1.0,RS41-SG,403.500,8.1,250,10,2.6,08:27:10,
2026-08-16T00:56:51.999Z,W4214325,8567,46.79859,7.12804,26720.8,-25.4,9.9,323.1,-47.0,0.4,-1.0,RS41-SG,403.500,7.6,250,8,2.5,08:27:10,
2026-08-16T00:56:52.999Z,W4214325,8568,46.79866,7.12797,26695.9,-24.3,9.7,323.8,-47.0,0.4,-1.0,RS41-SG,403.500,7.6,250,9,2.5,08:26:19,
2026-08-16T00:56:53.999Z,W4214325,8569,46.79873,7.12789,26670.0,-27.4,9.1,323.4,-47.0,0.4,-1.0,RS41-SG,403.500,7.6,250,9,2.5,08:26:19,
2026-08-16T00:56:54.999Z,W4214325,8570,46.79879,7.12782,26642.2,-28.0,8.7,321.5,-46.9,0.4,-1.0,RS41-SG,403.500,7.9,250,10,2.6,08:26:19,
2026-08-16T00:56:56.999Z,W4214325,8572,46.79888,7.12770,26588.1,-26.6,6.0,313.2,-46.9,0.4,-1.0,RS41-SG,403.500,7.6,250,10,2.6,08:26:19,
2026-08-16T00:56:57.999Z,W4214325,8573,46.79892,7.12764,26560.5,-28.2,5.3,308.5,-46.8,0.4,-1.0,RS41-SG,403.500,7.6,250,11,2.5,08:26:19,
2026-08-16T00:56:58.999Z,W4214325,8574,46.79895,7.12759,26532.0,-29.4,4.8,306.8,-46.8,0.4,-1.0,RS41-SG,403.500,7.3,250,11,2.5,08:26:19,
2026-08-16T00:57:00.999Z,W4214325,8576,46.79900,7.12749,26476.6,-27.0,4.6,309.2,-46.8,0.4,-1.0,RS41-SG,403.500,7.7,250,10,2.5,08:26:19,
2026-08-16T00:57:01.999Z,W4214325,8577,46.79903,7.12745,26451.4,-24.0,5.2,316.5,-46.8,0.4,-1.0,RS41-SG,403.500,7.8,250,10,2.6,08:26:19,
2026-08-16T00:57:02.999Z,W4214325,8578,46.79906,7.12740,26427.2,-24.6,6.0,316.6,-46.8,0.4,-1.0,RS41-SG,403.500,7.8,250,10,2.6,08:26:19,
2026-08-16T00:57:03.999Z,W4214325,8579,46.79911,7.12734,26402.6,-24.9,6.8,315.9,-46.9,0.4,-1.0,RS41-SG,403.500,7.6,250,8,2.6,08:26:19,
2026-08-16T00:57:04.999Z,W4214325,8580,46.79915,7.12727,26378.2,-24.2,7.4,313.1,-47.0,0.4,-1.0,RS41-SG,403.500,7.6,250,8,2.5,08:26:19,
2026-08-16T00:57:07.999Z,W4214325,8583,46.79927,7.12702,26306.1,-24.1,8.4,292.9,-47.1,0.4,-1.0,RS41-SG,403.500,6.5,250,10,2.6,08:26:19,
