timestamp,serial,frame,lat,lon,alt,vel_v,vel_h,heading,temp,humidity,pressure,type,freq_mhz,snr,f_error_hz,sats,batt_v,burst_timer,aux_data
2026-10-03T11:38:31.000Z,M20-404-2-00984,1475062711,43.94197,4.40041,7830.5,7.1,7.6,341.5,-25.8,54.7,386.0,0x20,405.002,8.3,750,-1,2.5,,
2026-10-03T11:39:42.000Z,M20-404-2-00984,1475062782,43.94430,4.40023,8204.6,3.3,3.0,64.5,-28.7,53.8,366.3,0x20,405.002,4.4,1125,-1,2.4,,
2026-10-03T11:39:48.000Z,M20-404-2-00984,1475062788,43.94441,4.40015,8231.7,3.9,3.7,331.9,-28.9,54.5,365.0,0x20,405.002,7.2,1125,-1,2.5,,
2026-10-03T11:39:51.000Z,M20-404-2-00984,1475062791,43.94450,4.40011,8250.1,5.2,3.8,339.5,-29.1,54.2,364.1,0x20,405.002,6.9,1125,-1,2.4,,
2026-10-03T11:39:56.000Z,M20-404-2-00984,1475062796,43.94465,4.40009,8277.3,5.8,7.0,315.3,-29.4,53.6,362.6,0x20,405.002,6.1,1125,-1,2.4,,
2026-10-03T11:40:01.000Z,M20-404-2-00984,1475062801,43.94483,4.39996,8304.6,4.3,2.2,357.6,-29.5,53.7,361.3,0x20,405.002,6.4,1125,-1,2.4,,
2026-10-03T11:40:09.000Z,M20-404-2-00984,1475062809,43.94508,4.39991,8347.5,3.4,2.3,305.3,-29.8,53.4,359.1,0x20,405.002,7.2,1125,-1,2.4,,
2026-10-03T11:40:12.000Z,M20-404-2-00984,1475062812,43.94515,4.39984,8362.2,5.0,5.1,346.6,-30.0,53.2,358.4,0x20,405.002,6.1,1125,-1,2.4,,
2026-10-03T11:40:14.000Z,M20-404-2-00984,1475062814,43.94523,4.39984,8372.4,4.7,2.5,24.1,-30.0,53.0,357.9,0x20,405.002,6.4,1125,-1,2.4,,
2026-10-03T11:40:20.000Z,M20-404-2-00984,1475062820,43.94543,4.39970,8398.8,4.0,7.9,345.8,-30.2,53.1,356.6,0x20,405.002,3.0,1125,-1,2.4,,
2026-10-03T11:40:23.000Z,M20-404-2-00984,1475062823,43.94559,4.39967,8412.5,4.9,4.3,354.1,-30.3,53.5,355.8,0x20,405.002,7.0,1125,-1,2.4,,
2026-10-03T11:40:27.000Z,M20-404-2-00984,1475062827,43.94573,4.39968,8435.6,5.4,3.1,358.7,-30.5,53.4,354.7,0x20,405.002,7.4,1125,-1,2.4,,
2026-10-03T11:40:29.000Z,M20-404-2-00984,1475062829,43.94579,4.39965,8446.6,2.9,4.0,337.2,-30.6,53.2,354.2,0x20,405.002,7.6,1125,-1,2.4,,
2026-10-03T11:40:30.000Z,M20-404-2-00984,1475062830,43.94582,4.39963,8450.8,5.3,4.2,328.1,-30.6,53.0,353.9,0x20,405.002,6.2,1125,-1,2.5,,
2026-10-03T11:40:35.000Z,M20-404-2-00984,1475062835,43.94600,4.39953,8480.9,5.8,5.2,339.2,-30.9,52.4,352.5,0x20,405.002,6.4,1125,-1,2.4,,
2026-10-03T11:40:36.000Z,M20-404-2-00984,1475062836,43.94604,4.39951,8486.6,4.8,3.7,349.2,-30.9,52.3,352.3,0x20,405.002,7.5,1125,-1,2.5,,
2026-10-03T11:40:38.000Z,M20-404-2-00984,1475062838,43.94612,4.39950,8498.4,3.4,4.9,4.6,-31.0,52.1,351.8,0x20,405.002,7.0,1125,-1,2.4,,
2026-10-03T11:40:39.000Z,M20-404-2-00984,1475062839,43.94617,4.39951,8502.0,4.0,4.9,0.2,-31.0,52.1,351.6,0x20,405.002,7.4,1125,-1,2.5,,
2026-10-03T11:40:40.000Z,M20-404-2-00984,1475062840,43.94620,4.39951,8505.4,3.6,3.6,349.9,-31.0,52.1,351.3,0x20,405.002,7.9,1125,-1,2.5,,
2026-10-03T11:40:41.000Z,M20-404-2-00984,1475062841,43.94623,4.39949,8509.8,5.0,2.9,342.6,-31.1,52.0,351.1,0x20,405.002,8.4,1125,-1,2.5,,
2026-10-03T11:40:42.000Z,M20-404-2-00984,1475062842,43.94626,4.39948,8514.0,3.4,4.0,341.7,-31.1,52.0,350.9,0x20,405.002,8.9,1125,-1,2.5,,
2026-10-03T11:40:44.000Z,M20-404-2-00984,1475062844,43.94634,4.39947,8522.5,3.9,5.6,359.7,-31.2,51.9,350.4,0x20,405.002,5.1,1125,-1,2.5,,
2026-10-03T11:40:47.000Z,M20-404-2-00984,1475062847,43.94645,4.39947,8535.8,3.3,2.9,348.1,-31.3,51.6,349.8,0x20,405.002,7.0,1125,-1,2.4,,
2026-10-03T11:40:48.000Z,M20-404-2-00984,1475062848,43.94648,4.39945,8540.1,5.2,4.1,328.8,-31.3,51.5,349.5,0x20,405.002,7.6,1125,-1,2.4,,
2026-10-03T11:40:49.000Z,M20-404-2-00984,1475062849,43.94651,4.39942,8544.9,4.4,5.1,324.2,-31.4,51.3,349.3,0x20,405.002,9.0,1125,-1,2.4,,
2026-10-03T11:40:50.000Z,M20-404-2-00984,1475062850,43.94655,4.39939,8549.2,4.3,4.6,325.0,-31.4,51.2,349.1,0x20,405.002,9.0,1125,-1,2.4,,
2026-10-03T11:40:51.000Z,M20-404-2-00984,1475062851,43.94658,4.39937,8553.3,4.1,3.3,336.6,-31.4,51.2,348.9,0x20,405.002,7.7,1125,-1,2.5,,
2026-10-03T11:40:53.000Z,M20-404-2-00984,1475062853,43.94661,4.39936,8563.0,5.8,2.1,11.9,-31.6,51.0,348.4,0x20,405.002,10.0,1125,-1,2.5,,
2026-10-03T11:40:54.000Z,M20-404-2-00984,1475062854,43.94664,4.39936,8567.7,3.8,3.3,3.5,-31.6,51.0,348.2,0x20,405.002,10.4,1125,-1,2.5,,
2026-10-03T11:40:55.000Z,M20-404-2-00984,1475062855,43.94667,4.39937,8571.5,3.9,4.4,2.6,-31.6,50.9,347.9,0x20,405.002,10.4,1125,-1,2.4,,
2026-10-03T11:40:56.000Z,M20-404-2-00984,1475062856,43.94671,4.39937,8576.3,5.8,4.6,358.6,-31.6,50.8,347.8,0x20,405.002,10.4,1125,-1,2.5,,
2026-10-03T11:40:59.000Z,M20-404-2-00984,1475062859,43.94679,4.39933,8593.7,8.3,3.4,311.6,-31.8,50.5,346.9,0x20,405.002,3.4,1125,-1,2.4,,
2026-10-03T11:41:00.000Z,M20-404-2-00984,1475062860,43.94681,4.39930,8600.8,5.8,3.4,317.4,-31.8,50.3,346.6,0x20,405.002,6.1,1125,-1,2.4,,
2026-10-03T11:41:01.000Z,M20-404-2-00984,1475062861,43.94683,4.39927,8606.6,6.0,3.8,314.5,-31.8,50.2,346.3,0x20,405.002,6.7,1125,-1,2.4,,
2026-10-03T11:41:04.000Z,M20-404-2-00984,1475062864,43.94690,4.39916,8624.0,5.6,4.3,324.7,-32.0,49.9,345.4,0x20,405.002,5.5,1125,-1,2.4,,
2026-10-03T11:41:05.000Z,M20-404-2-00984,1475062865,43.94694,4.39913,8629.1,4.8,5.7,334.7,-32.1,49.8,345.1,0x20,405.002,7.0,1125,-1,2.4,,
2026-10-03T11:41:06.000Z,M20-404-2-00984,1475062866,43.94699,4.39911,8633.7,4.3,6.1,350.4,-32.1,49.7,344.8,0x20,405.002,7.0,1125,-1,2.4,,
2026-10-03T11:41:10.000Z,M20-404-2-00984,1475062870,43.94714,4.39914,8652.4,5.7,1.9,6.8,-32.2,50.0,343.9,0x20,405.002,5.2,1125,-1,2.4,,
2026-10-03T11:41:12.000Z,M20-404-2-00984,1475062872,43.94718,4.39913,8661.3,4.7,3.5,340.1,-32.2,50.3,343.5,0x20,405.002,2.9,1125,-1,2.4,,
2026-10-03T11:41:13.000Z,M20-404-2-00984,1475062873,43.94721,4.39912,8665.6,4.0,3.4,346.7,-32.3,50.3,343.3,0x20,405.002,5.1,1125,-1,2.4,,
2026-10-03T11:41:14.000Z,M20-404-2-00984,1475062874,43.94724,4.39912,8670.1,5.1,3.3,359.3,-32.3,50.3,343.1,0x20,405.002,7.3,1125,-1,2.4,,
2026-10-03T11:41:15.000Z,M20-404-2-00984,1475062875,43.94727,4.39912,8674.7,4.2,2.8,2.6,-32.3,50.3,342.9,0x20,405.002,10.0,1125,-1,2.4,,
2026-10-03T11:41:16.000Z,M20-404-2-00984,1475062876,43.94729,4.39912,8679.0,4.5,3.3,353.6,-32.4,50.2,342.7,0x20,405.002,10.0,1125,-1,2.4,,
2026-10-03T11:41:17.000Z,M20-404-2-00984,1475062877,43.94733,4.39911,8683.4,4.5,4.6,350.5,-32.4,50.1,342.5,0x20,405.002,7.3,1125,-1,2.4,,
2026-10-03T11:41:19.000Z,M20-404-2-00984,1475062879,43.94740,4.39909,8692.1,6.4,3.2,349.8,-32.4,49.8,342.1,0x20,405.002,8.0,1125,-1,2.4,,
2026-10-03T11:41:22.000Z,M20-404-2-00984,1475062882,43.94748,4.39909,8706.0,4.6,3.2,343.7,-32.5,49.8,341.4,0x20,405.002,6.0,1125,-1,2.4,,
2026-10-03T11:41:23.000Z,M20-404-2-00984,1475062883,43.94752,4.39907,8711.8,6.9,3.8,344.0,-32.6,49.7,341.1,0x20,405.002,6.0,1125,-1,2.4,,
2026-10-03T11:41:24.000Z,M20-404-2-00984,1475062884,43.94755,4.39907,8716.9,3.3,3.6,5.1,-32.7,49.7,340.9,0x20,405.002,3.8,1125,-1,2.4,,
2026-10-03T11:41:28.000Z,M20-404-2-00984,1475062888,43.94771,4.39901,8732.2,3.5,5.6,346.4,-32.7,49.5,340.1,0x20,405.002,7.2,1125,-1,2.4,,
2026-10-03T11:41:29.000Z,M20-404-2-00984,1475062889,43.94776,4.39900,8736.7,5.4,5.8,3.3,-32.8,49.5,339.9,0x20,405.002,8.4,1125,-1,2.4,,
2026-10-03T11:41:30.000Z,M20-404-2-00984,1475062890,43.94781,4.39901,8741.3,4.0,4.9,11.5,-32.8,49.6,339.7,0x20,405.002,8.4,1125,-1,2.4,,
2026-10-03T11:41:32.000Z,M20-404-2-00984,1475062892,43.94788,4.39902,8751.2,5.1,2.7,358.9,-32.9,49.5,339.2,0x20,405.002,7.8,1125,-1,2.4,,
2026-10-03T11:41:33.000Z,M20-404-2-00984,1475062893,43.94790,4.39902,8756.5,5.8,2.1,1.9,-33.0,49.5,338.9,0x20,405.002,7.8,1125,-1,2.4,,
2026-10-03T11:41:34.000Z,M20-404-2-00984,1475062894,43.94792,4.39903,8760.8,3.2,2.5,22.7,-33.0,49.4,338.8,0x20,405.002,7.2,1125,-1,2.4,,
2026-10-03T11:41:35.000Z,M20-404-2-00984,1475062895,43.94794,4.39904,8764.3,4.1,3.0,351.8,-33.0,49.3,338.6,0x20,405.002,6.6,1125,-1,2.4,,
2026-10-03T11:41:37.000Z,M20-404-2-00984,1475062897,43.94801,4.39901,8771.8,2.9,3.0,330.1,-33.0,49.2,338.2,0x20,405.002,3.6,1125,-1,2.4,,
2026-10-03T11:41:38.000Z,M20-404-2-00984,1475062898,43.94804,4.39899,8775.4,4.2,3.0,334.9,-33.1,49.2,338.0,0x20,405.002,3.6,1125,-1,2.4,,
2026-10-03T11:41:39.000Z,M20-404-2-00984,1475062899,43.94806,4.39898,8778.9,2.8,2.4,348.3,-33.1,49.2,337.8,0x20,405.002,6.6,1125,-1,2.4,,
2026-10-03T11:41:41.000Z,M20-404-2-00984,1475062901,43.94812,4.39899,8787.8,4.6,4.9,12.7,-33.2,49.1,337.4,0x20,405.002,7.6,1125,-1,2.4,,
2026-10-03T11:41:42.000Z,M20-404-2-00984,1475062902,43.94817,4.39900,8792.1,4.2,4.8,22.0,-33.2,49.0,337.2,0x20,405.002,9.1,1125,-1,2.4,,
2026-10-03T11:41:46.000Z,M20-404-2-00984,1475062906,43.94827,4.39904,8812.3,5.0,3.4,347.4,-33.4,48.8,336.3,0x20,405.002,7.8,1125,-1,2.4,,
2026-10-03T11:41:47.000Z,M20-404-2-00984,1475062907,43.94830,4.39903,8817.6,6.0,3.6,3.8,-33.5,48.7,336.0,0x20,405.002,8.1,1125,-1,2.4,,
2026-10-03T11:41:48.000Z,M20-404-2-00984,1475062908,43.94833,4.39904,8822.9,4.8,3.2,10.1,-33.5,48.7,335.8,0x20,405.002,9.2,1125,-1,2.4,,
2026-10-03T11:41:49.000Z,M20-404-2-00984,1475062909,43.94837,4.39905,8827.1,4.2,3.1,14.0,-33.5,48.6,335.6,0x20,405.002,9.2,1125,-1,2.4,,
2026-10-03T11:41:50.000Z,M20-404-2-00984,1475062910,43.94840,4.39905,8831.7,5.4,3.8,7.9,-33.5,48.5,335.3,0x20,405.002,2.7,1125,-1,2.4,,
2026-10-03T11:41:51.000Z,M20-404-2-00984,1475062911,43.94844,4.39906,8835.7,3.3,5.0,0.0,-33.6,48.4,335.1,0x20,405.002,3.2,1125,-1,2.4,,
2026-10-03T11:41:52.000Z,M20-404-2-00984,1475062912,43.94848,4.39906,8839.9,5.3,3.3,357.0,-33.6,48.3,334.9,0x20,405.002,3.5,1125,-1,2.4,,
2026-10-03T11:41:53.000Z,M20-404-2-00984,1475062913,43.94851,4.39906,8844.8,4.3,3.1,3.9,-33.6,48.3,334.7,0x20,405.002,8.0,1125,-1,2.4,,
2026-10-03T11:41:54.000Z,M20-404-2-00984,1475062914,43.94854,4.39906,8848.5,3.4,3.5,6.1,-33.7,48.3,334.5,0x20,405.002,9.2,1125,-1,2.4,,
2026-10-03T11:41:55.000Z,M20-404-2-00984,1475062915,43.94857,4.39906,8851.9,3.9,4.0,348.4,-33.7,48.3,334.3,0x20,405.002,9.2,1125,-1,2.4,,
2026-10-03T11:41:56.000Z,M20-404-2-00984,1475062916,43.94861,4.39905,8856.3,5.2,3.4,339.3,-33.7,48.3,334.1,0x20,405.002,7.7,1125,-1,2.4,,
2026-10-03T11:41:57.000Z,M20-404-2-00984,1475062917,43.94864,4.39903,8861.4,5.0,4.2,347.5,-33.8,48.3,333.9,0x20,405.002,10.9,1125,-1,2.4,,
2026-10-03T11:41:59.000Z,M20-404-2-00984,1475062919,43.94871,4.39907,8871.6,4.0,4.5,48.6,-33.9,48.4,333.4,0x20,405.002,7.9,1125,-1,2.4,,
2026-10-03T11:42:00.000Z,M20-404-2-00984,1475062920,43.94874,4.39911,8875.5,3.9,5.3,45.7,-33.9,48.5,333.3,0x20,405.002,8.8,1125,-1,2.4,,
2026-10-03T11:42:01.000Z,M20-404-2-00984,1475062921,43.94877,4.39915,8879.5,4.5,4.9,27.3,-34.0,48.7,333.1,0x20,405.002,9.3,1125,-1,2.4,,
2026-10-03T11:42:02.000Z,M20-404-2-00984,1475062922,43.94882,4.39917,8883.6,3.7,5.3,9.9,-34.0,48.8,332.8,0x20,405.002,9.3,1125,-1,2.4,,
2026-10-03T11:42:03.000Z,M20-404-2-00984,1475062923,43.94887,4.39917,8887.4,4.2,5.6,359.5,-34.0,48.8,332.7,0x20,405.002,4.1,1125,-1,2.4,,
2026-10-03T11:42:04.000Z,M20-404-2-00984,1475062924,43.94891,4.39917,8891.5,4.1,4.6,359.3,-34.1,48.8,332.4,0x20,405.002,3.1,1125,-1,2.4,,
2026-10-03T11:42:05.000Z,M20-404-2-00984,1475062925,43.94895,4.39917,8896.5,6.0,3.6,356.7,-34.2,48.9,332.2,0x20,405.002,3.1,1125,-1,2.4,,
2026-10-03T11:42:06.000Z,M20-404-2-00984,1475062926,43.94898,4.39916,8901.7,4.3,2.8,354.4,-34.2,48.8,331.9,0x20,405.002,8.1,1125,-1,2.4,,
2026-10-03T11:42:07.000Z,M20-404-2-00984,1475062927,43.94900,4.39916,8906.1,4.3,2.0,11.4,-34.2,48.8,331.7,0x20,405.002,8.1,1125,-1,2.4,,
2026-10-03T11:42:08.000Z,M20-404-2-00984,1475062928,43.94902,4.39918,8910.8,4.9,2.7,38.0,-34.2,48.9,331.5,0x20,405.002,9.3,1125,-1,2.4,,
2026-10-03T11:42:09.000Z,M20-404-2-00984,1475062929,43.94904,4.39920,8916.0,4.9,3.4,30.9,-34.3,48.9,331.3,0x20,405.002,9.3,1125,-1,2.4,,
2026-10-03T11:42:10.000Z,M20-404-2-00984,1475062930,43.94907,4.39922,8920.7,4.6,4.4,25.0,-34.3,48.9,331.1,0x20,405.002,7.3,1125,-1,2.4,,
2026-10-03T11:42:11.000Z,M20-404-2-00984,1475062931,43.94911,4.39923,8925.2,4.9,4.7,9.7,-34.4,48.8,330.8,0x20,405.002,8.4,1125,-1,2.4,,
2026-10-03T11:42:23.000Z,M20-404-2-00984,1475062943,43.94943,4.39942,8980.2,4.8,3.6,9.7,-34.8,48.6,328.3,0x20,405.002,8.6,1125,-1,2.4,,
2026-10-03T11:42:24.000Z,M20-404-2-00984,1475062944,43.94946,4.39942,8985.5,5.6,3.1,10.1,-34.9,48.5,328.0,0x20,405.002,8.6,1125,-1,2.4,,
2026-10-03T11:42:27.000Z,M20-404-2-00984,1475062947,43.94955,4.39944,8998.6,5.1,2.9,347.5,-35.0,48.3,327.3,0x20,405.002,7.8,1125,-1,2.4,,
2026-10-03T11:42:28.000Z,M20-404-2-00984,1475062948,43.94958,4.39943,9003.1,4.2,3.9,353.0,-35.0,48.1,327.1,0x20,405.002,7.8,1125,-1,2.4,,
2026-10-03T11:42:29.000Z,M20-404-2-00984,1475062949,43.94961,4.39944,9007.4,4.2,4.2,14.7,-35.1,48.0,326.9,0x20,405.002,3.5,1125,-1,2.4,,
2026-10-03T11:42:30.000Z,M20-404-2-00984,1475062950,43.94965,4.39945,9012.7,6.2,4.5,28.9,-35.2,47.9,326.7,0x20,405.002,2.9,1125,-1,2.4,,
2026-10-03T11:42:32.000Z,M20-404-2-00984,1475062952,43.94971,4.39949,9022.8,4.7,3.5,20.5,-35.3,47.8,326.2,0x20,405.002,7.9,1125,-1,2.4,,
2026-10-03T11:42:33.000Z,M20-404-2-00984,1475062953,43.94974,4.39951,9027.6,4.9,2.9,23.2,-35.3,47.7,326.0,0x20,405.002,7.9,1125,-1,2.4,,
2026-10-03T11:42:34.000Z,M20-404-2-00984,1475062954,43.94976,4.39953,9032.0,4.1,2.5,46.5,-35.3,47.7,325.8,0x20,405.002,8.2,1125,-1,2.4,,
2026-10-03T11:42:35.000Z,M20-404-2-00984,1475062955,43.94978,4.39956,9036.0,3.8,3.8,59.5,-35.3,47.7,325.7,0x20,405.002,8.7,1125,-1,2.4,,
2026-10-03T11:42:36.000Z,M20-404-2-00984,1475062956,43.94979,4.39960,9039.7,3.7,3.6,74.8,-35.3,47.8,325.5,0x20,405.002,9.3,1125,-1,2.4,,
2026-10-03T11:42:37.000Z,M20-404-2-00984,1475062957,43.94980,4.39964,9044.1,5.0,3.4,49.3,-35.4,47.9,325.2,0x20,405.002,9.3,1125,-1,2.4,,
2026-10-03T11:42:38.000Z,M20-404-2-00984,1475062958,43.94983,4.39965,9048.7,4.2,3.1,6.8,-35.5,48.0,325.0,0x20,405.002,8.6,1125,-1,2.4,,
2026-10-03T11:42:39.000Z,M20-404-2-00984,1475062959,43.94985,4.39965,9053.2,4.8,3.3,344.2,-35.4,48.0,324.9,0x20,405.002,8.1,1125,-1,2.4,,
2026-10-03T11:42:40.000Z,M20-404-2-00984,1475062960,43.94989,4.39964,9057.8,4.8,3.3,354.2,-35.5,48.1,324.6,0x20,405.002,9.9,1125,-1,2.4,,
2026-10-03T11:42:42.000Z,M20-404-2-00984,1475062962,43.94994,4.39966,9062.5,2.6,4.0,37.5,-35.6,48.1,324.2,0x20,405.002,7.1,1125,-1,2.4,,
2026-10-03T11:42:45.000Z,M20-404-2-00984,1475062965,43.95003,4.39973,9075.8,4.1,2.7,13.8,-35.6,47.8,323.7,0x20,405.002,5.7,1125,-1,2.4,,
2026-10-03T11:42:46.000Z,M20-404-2-00984,1475062966,43.95006,4.39974,9080.5,6.0,3.3,22.5,-35.7,47.7,323.4,0x20,405.002,6.9,1125,-1,2.4,,
2026-10-03T11:42:47.000Z,M20-404-2-00984,1475062967,43.95009,4.39976,9084.8,4.0,3.7,32.4,-35.7,47.5,323.2,0x20,405.002,7.7,1125,-1,2.4,,
2026-10-03T11:42:50.000Z,M20-404-2-00984,1475062970,43.95016,4.39981,9098.5,5.0,3.1,22.9,-35.9,46.8,322.5,0x20,405.002,6.1,1125,-1,2.4,,
2026-10-03T11:42:51.000Z,M20-404-2-00984,1475062971,43.95019,4.39983,9103.5,4.7,3.4,31.3,-35.9,46.7,322.3,0x20,405.002,7.9,1125,-1,2.4,,
2026-10-03T11:42:52.000Z,M20-404-2-00984,1475062972,43.95022,4.39986,9108.5,5.0,5.3,32.2,-36.0,46.5,322.1,0x20,405.002,8.0,1125,-1,2.4,,
2026-10-03T11:42:53.000Z,M20-404-2-00984,1475062973,43.95026,4.39989,9114.3,6.4,5.0,30.8,-36.1,46.3,321.8,0x20,405.002,8.0,1125,-1,2.4,,
2026-10-03T11:42:54.000Z,M20-404-2-00984,1475062974,43.95030,4.39992,9119.7,4.6,5.1,24.2,-36.1,46.0,321.6,0x20,405.002,6.6,1125,-1,2.4,,
2026-10-03T11:42:55.000Z,M20-404-2-00984,1475062975,43.95034,4.39995,9125.2,7.1,5.0,27.9,-36.1,45.9,321.2,0x20,405.002,3.5,1125,-1,2.4,,
2026-10-03T11:42:56.000Z,M20-404-2-00984,1475062976,43.95037,4.39998,9132.1,6.3,4.5,38.9,-36.2,45.7,320.9,0x20,405.002,3.3,1125,-1,2.4,,
2026-10-03T11:42:57.000Z,M20-404-2-00984,1475062977,43.95040,4.40001,9138.2,5.9,3.3,55.5,-36.2,45.6,320.7,0x20,405.002,3.1,1125,-1,2.4,,
2026-10-03T11:42:58.000Z,M20-404-2-00984,1475062978,43.95041,4.40005,9142.7,3.4,3.0,76.2,-36.2,45.6,320.5,0x20,405.002,10.3,1125,-1,2.4,,
2026-10-03T11:42:59.000Z,M20-404-2-00984,1475062979,43.95041,4.40008,9146.9,4.9,2.8,71.8,-36.3,45.7,320.3,0x20,405.002,10.3,1125,-1,2.4,,
2026-10-03T11:43:00.000Z,M20-404-2-00984,1475062980,43.95043,4.40012,9152.0,5.5,3.5,49.5,-36.4,45.8,320.1,0x20,405.002,10.8,1125,-1,2.4,,
2026-10-03T11:43:01.000Z,M20-404-2-00984,1475062981,43.95045,4.40015,9157.2,5.3,4.2,51.6,-36.4,45.9,319.8,0x20,405.002,10.8,1125,-1,2.4,,
2026-10-03T11:43:02.000Z,M20-404-2-00984,1475062982,43.95047,4.40019,9161.1,3.0,4.1,42.9,-36.3,45.9,319.6,0x20,405.002,11.5,1125,-1,2.4,,
2026-10-03T11:43:03.000Z,M20-404-2-00984,1475062983,43.95050,4.40023,9165.4,5.9,3.9,50.1,-36.4,45.9,319.4,0x20,405.002,11.5,1125,-1,2.4,,
2026-10-03T11:43:04.000Z,M20-404-2-00984,1475062984,43.95052,4.40027,9170.4,3.9,3.6,57.7,-36.4,45.9,319.2,0x20,405.002,11.3,1125,-1,2.4,,
2026-10-03T11:43:05.000Z,M20-404-2-00984,1475062985,43.95054,4.40030,9174.9,5.1,3.5,45.8,-36.4,45.8,319.0,0x20,405.002,11.3,1125,-1,2.4,,
2026-10-03T11:43:06.000Z,M20-404-2-00984,1475062986,43.95056,4.40033,9180.7,6.1,3.8,31.5,-36.6,45.8,318.7,0x20,405.002,11.7,1125,-1,2.4,,
2026-10-03T11:43:07.000Z,M20-404-2-00984,1475062987,43.95059,4.40035,9186.6,5.3,3.2,23.0,-36.6,45.7,318.4,0x20,405.002,11.7,1125,-1,2.4,,
2026-10-03T11:43:08.000Z,M20-404-2-00984,1475062988,43.95062,4.40036,9190.7,3.0,2.6,15.6,-36.5,45.8,318.2,0x20,405.002,3.3,1125,-1,2.4,,
2026-10-03T11:43:09.000Z,M20-404-2-00984,1475062989,43.95063,4.40037,9195.2,5.7,1.5,55.5,-36.6,45.8,318.0,0x20,405.002,3.3,1125,-1,2.4,,
2026-10-03T11:43:10.000Z,M20-404-2-00984,1475062990,43.95064,4.40039,9200.1,4.0,1.9,85.6,-36.6,45.8,317.8,0x20,405.002,2.9,1125,-1,2.4,,
2026-10-03T11:43:11.000Z,M20-404-2-00984,1475062991,43.95064,4.40042,9204.3,4.3,3.8,66.9,-36.7,45.8,317.6,0x20,405.002,10.5,1125,-1,2.4,,
2026-10-03T11:43:12.000Z,M20-404-2-00984,1475062992,43.95066,4.40047,9208.6,4.2,5.4,56.5,-36.8,46.0,317.4,0x20,405.002,10.8,1125,-1,2.4,,
2026-10-03T11:43:13.000Z,M20-404-2-00984,1475062993,43.95070,4.40053,9212.7,4.0,5.8,44.4,-36.8,45.9,317.2,0x20,405.002,10.8,1125,-1,2.4,,
2026-10-03T11:43:15.000Z,M20-404-2-00984,1475062995,43.95076,4.40060,9223.5,3.8,3.2,31.6,-36.9,45.7,316.7,0x20,405.002,7.9,1125,-1,2.4,,
2026-10-03T11:43:16.000Z,M20-404-2-00984,1475062996,43.95079,4.40061,9228.0,5.1,2.2,31.7,-36.9,45.9,316.5,0x20,405.002,7.9,1125,-1,2.4,,
2026-10-03T11:43:17.000Z,M20-404-2-00984,1475062997,43.95080,4.40063,9233.3,5.4,2.1,41.9,-37.0,45.8,316.3,0x20,405.002,7.8,1125,-1,2.4,,
2026-10-03T11:43:18.000Z,M20-404-2-00984,1475062998,43.95081,4.40065,9238.2,4.4,1.9,71.9,-37.1,45.8,316.1,0x20,405.002,9.5,1125,-1,2.4,,
2026-10-03T11:43:19.000Z,M20-404-2-00984,1475062999,43.95081,4.40068,9242.4,3.8,3.2,87.8,-37.0,45.8,315.9,0x20,405.002,9.5,1125,-1,2.4,,
2026-10-03T11:43:20.000Z,M20-404-2-00984,1475063000,43.95081,4.40073,9246.7,4.8,4.8,93.9,-37.1,45.9,315.6,0x20,405.002,9.1,1125,-1,2.4,,
2026-10-03T11:43:21.000Z,M20-404-2-00984,1475063001,43.95081,4.40079,9251.6,5.0,4.7,85.4,-37.2,45.9,315.4,0x20,405.002,4.0,1125,-1,2.4,,
2026-10-03T11:43:22.000Z,M20-404-2-00984,1475063002,43.95083,4.40084,9256.4,4.6,4.2,58.4,-37.3,46.0,315.2,0x20,405.002,3.2,1125,-1,2.4,,
2026-10-03T11:43:23.000Z,M20-404-2-00984,1475063003,43.95085,4.40087,9260.7,4.1,4.0,35.5,-37.2,45.9,315.0,0x20,405.002,3.1,1125,-1,2.4,,
2026-10-03T11:43:28.000Z,M20-404-2-00984,1475063008,43.95098,4.40093,9285.8,4.6,4.0,11.8,-37.4,45.9,313.9,0x20,405.002,8.7,1125,-1,2.4,,
2026-10-03T11:43:29.000Z,M20-404-2-00984,1475063009,43.95101,4.40094,9290.9,5.4,3.5,26.3,-37.5,46.0,313.7,0x20,405.002,10.0,1125,-1,2.4,,
2026-10-03T11:43:30.000Z,M20-404-2-00984,1475063010,43.95103,4.40097,9296.2,5.2,2.9,57.4,-37.5,46.1,313.4,0x20,405.002,10.0,1125,-1,2.4,,
2026-10-03T11:43:31.000Z,M20-404-2-00984,1475063011,43.95105,4.40100,9302.0,6.2,2.6,56.3,-37.6,46.1,313.1,0x20,405.002,9.7,1125,-1,2.4,,
2026-10-03T11:43:32.000Z,M20-404-2-00984,1475063012,43.95106,4.40102,9306.5,2.8,2.3,45.3,-37.6,46.1,313.0,0x20,405.002,11.0,1125,-1,2.4,,
2026-10-03T11:43:33.000Z,M20-404-2-00984,1475063013,43.95108,4.40104,9311.0,6.3,3.0,18.0,-37.6,46.1,312.8,0x20,405.002,11.0,1125,-1,2.4,,
2026-10-03T11:43:34.000Z,M20-404-2-00984,1475063014,43.95111,4.40105,9316.4,4.4,4.6,20.9,-37.7,46.1,312.5,0x20,405.002,4.2,1125,-1,2.4,,
2026-10-03T11:43:35.000Z,M20-404-2-00984,1475063015,43.95115,4.40108,9321.4,5.2,4.5,26.8,-37.8,46.1,312.4,0x20,405.002,4.2,1125,-1,2.4,,
2026-10-03T11:43:36.000Z,M20-404-2-00984,1475063016,43.95118,4.40110,9326.5,5.0,3.6,39.7,-37.8,46.0,312.1,0x20,405.002,2.8,1125,-1,2.4,,
2026-10-03T11:43:37.000Z,M20-404-2-00984,1475063017,43.95120,4.40114,9332.6,7.3,3.5,54.5,-37.9,46.0,311.8,0x20,405.002,9.2,1125,-1,2.4,,
2026-10-03T11:43:38.000Z,M20-404-2-00984,1475063018,43.95122,4.40117,9339.4,6.1,3.8,50.5,-37.9,46.1,311.5,0x20,405.002,12.0,1125,-1,2.4,,
2026-10-03T11:43:39.000Z,M20-404-2-00984,1475063019,43.95125,4.40121,9344.3,3.7,4.3,49.2,-38.0,46.0,311.3,0x20,405.002,12.0,1125,-1,2.4,,
2026-10-03T11:43:40.000Z,M20-404-2-00984,1475063020,43.95127,4.40126,9349.1,5.9,5.2,56.2,-38.0,45.9,311.0,0x20,405.002,10.2,1125,-1,2.4,,
2026-10-03T11:43:41.000Z,M20-404-2-00984,1475063021,43.95129,4.40131,9354.0,3.8,5.0,63.3,-38.0,45.8,310.8,0x20,405.002,10.4,1125,-1,2.4,,
2026-10-03T11:43:42.000Z,M20-404-2-00984,1475063022,43.95131,4.40136,9358.0,4.3,3.3,73.2,-38.0,45.8,310.7,0x20,405.002,10.8,1125,-1,2.4,,
2026-10-03T11:43:43.000Z,M20-404-2-00984,1475063023,43.95131,4.40139,9362.7,5.0,1.3,85.6,-38.1,45.7,310.4,0x20,405.002,10.8,1125,-1,2.4,,
2026-10-03T11:43:44.000Z,M20-404-2-00984,1475063024,43.95131,4.40140,9367.4,4.3,0.2,80.5,-38.2,45.4,310.3,0x20,405.002,9.9,1125,-1,2.4,,
2026-10-03T11:43:45.000Z,M20-404-2-00984,1475063025,43.95132,4.40140,9371.9,4.5,1.2,27.7,-38.2,45.5,310.1,0x20,405.002,9.9,1125,-1,2.4,,
2026-10-03T11:43:46.000Z,M20-404-2-00984,1475063026,43.95133,4.40142,9376.0,3.7,2.6,44.2,-38.2,45.4,309.9,0x20,405.002,10.1,1125,-1,2.4,,
2026-10-03T11:43:47.000Z,M20-404-2-00984,1475063027,43.95135,4.40145,9379.8,4.0,3.8,67.6,-38.2,45.3,309.7,0x20,405.002,10.1,1125,-1,2.4,,
2026-10-03T11:43:48.000Z,M20-404-2-00984,1475063028,43.95136,4.40150,9384.3,4.9,5.0,77.4,-38.3,45.1,309.4,0x20,405.002,3.4,1125,-1,2.4,,
2026-10-03T11:43:49.000Z,M20-404-2-00984,1475063029,43.95137,4.40156,9389.1,4.7,4.0,76.7,-38.4,45.1,309.3,0x20,405.002,3.4,1125,-1,2.4,,
2026-10-03T11:43:50.000Z,M20-404-2-00984,1475063030,43.95138,4.40159,9394.2,5.4,2.1,53.3,-38.4,45.0,309.0,0x20,405.002,9.8,1125,-1,2.4,,
2026-10-03T11:43:51.000Z,M20-404-2-00984,1475063031,43.95139,4.40160,9399.2,4.6,2.0,14.0,-38.5,45.1,308.8,0x20,405.002,12.1,1125,-1,2.4,,
2026-10-03T11:43:52.000Z,M20-404-2-00984,1475063032,43.95141,4.40161,9404.6,6.1,2.2,23.0,-38.6,45.0,308.5,0x20,405.002,12.1,1125,-1,2.4,,
2026-10-03T11:43:53.000Z,M20-404-2-00984,1475063033,43.95143,4.40163,9409.9,4.6,2.4,31.4,-38.6,45.1,308.3,0x20,405.002,11.7,1125,-1,2.4,,
2026-10-03T11:43:59.000Z,M20-404-2-00984,1475063039,43.95164,4.40168,9440.0,4.5,2.9,317.2,-38.9,45.2,306.9,0x20,405.002,10.0,1125,-1,2.4,,
2026-10-03T11:44:00.000Z,M20-404-2-00984,1475063040,43.95166,4.40168,9445.4,6.0,1.7,26.6,-39.0,45.3,306.6,0x20,405.002,10.0,1125,-1,2.4,,
2026-10-03T11:44:01.000Z,M20-404-2-00984,1475063041,43.95167,4.40170,9451.4,5.7,2.4,85.3,-39.0,45.5,306.4,0x20,405.002,5.4,1125,-1,2.4,,
2026-10-03T11:44:02.000Z,M20-404-2-00984,1475063042,43.95167,4.40172,9455.4,2.5,2.5,63.4,-39.0,45.6,306.2,0x20,405.002,4.1,1125,-1,2.4,,
2026-10-03T11:44:03.000Z,M20-404-2-00984,1475063043,43.95168,4.40174,9459.7,5.6,1.5,55.6,-39.0,45.8,306.1,0x20,405.002,3.9,1125,-1,2.4,,
2026-10-03T11:44:04.000Z,M20-404-2-00984,1475063044,43.95169,4.40176,9465.3,5.5,0.9,80.0,-39.1,45.8,305.8,0x20,405.002,9.3,1125,-1,2.4,,
2026-10-03T11:44:05.000Z,M20-404-2-00984,1475063045,43.95169,4.40177,9471.5,6.5,1.5,83.9,-39.2,45.9,305.6,0x20,405.002,9.3,1125,-1,2.4,,
2026-10-03T11:44:06.000Z,M20-404-2-00984,1475063046,43.95170,4.40179,9478.2,6.6,2.1,37.5,-39.2,45.9,305.3,0x20,405.002,10.0,1125,-1,2.4,,
2026-10-03T11:44:07.000Z,M20-404-2-00984,1475063047,43.95171,4.40180,9484.1,4.9,2.2,55.0,-39.3,45.9,305.1,0x20,405.002,10.4,1125,-1,2.4,,
2026-10-03T11:44:08.000Z,M20-404-2-00984,1475063048,43.95172,4.40182,9487.8,2.7,1.1,88.4,-39.3,45.9,304.9,0x20,405.002,12.3,1125,-1,2.4,,
2026-10-03T11:44:09.000Z,M20-404-2-00984,1475063049,43.95171,4.40183,9492.4,6.0,1.2,171.7,-39.4,46.0,304.6,0x20,405.002,12.3,1125,-1,2.4,,
2026-10-03T11:44:10.000Z,M20-404-2-00984,1475063050,43.95170,4.40184,9498.3,5.3,2.1,146.8,-39.5,46.2,304.3,0x20,405.002,10.9,1125,-1,2.4,,
2026-10-03T11:44:11.000Z,M20-404-2-00984,1475063051,43.95169,4.40185,9503.0,3.9,2.0,102.7,-39.4,46.5,304.1,0x20,405.002,10.8,1125,-1,2.4,,
2026-10-03T11:44:12.000Z,M20-404-2-00984,1475063052,43.95170,4.40189,9508.1,5.7,4.6,62.8,-39.5,46.6,303.9,0x20,405.002,8.8,1125,-1,2.4,,
2026-10-03T11:44:13.000Z,M20-404-2-00984,1475063053,43.95172,4.40194,9513.6,4.6,5.5,61.5,-39.6,46.5,303.7,0x20,405.002,4.3,1125,-1,2.4,,
2026-10-03T11:44:15.000Z,M20-404-2-00984,1475063055,43.95175,4.40203,9526.1,5.2,2.0,70.5,-39.7,46.6,303.1,0x20,405.002,6.0,1125,-1,2.4,,
2026-10-03T11:44:16.000Z,M20-404-2-00984,1475063056,43.95175,4.40204,9531.1,4.6,0.3,295.6,-39.7,46.6,302.9,0x20,405.002,12.2,1500,-1,2.4,,
2026-10-03T11:44:17.000Z,M20-404-2-00984,1475063057,43.95176,4.40205,9536.5,5.4,1.0,51.6,-39.8,46.6,302.7,0x20,405.002,12.2,1125,-1,2.4,,
2026-10-03T11:44:18.000Z,M20-404-2-00984,1475063058,43.95176,4.40206,9541.7,5.1,2.2,97.9,-39.8,46.8,302.5,0x20,405.002,11.4,1125,-1,2.4,,
2026-10-03T11:44:19.000Z,M20-404-2-00984,1475063059,43.95176,4.40210,9547.5,7.0,3.7,98.2,-39.9,46.7,302.2,0x20,405.002,11.4,1125,-1,2.4,,
2026-10-03T11:44:20.000Z,M20-404-2-00984,1475063060,43.95175,4.40217,9554.0,6.4,6.9,99.6,-40.0,46.7,301.9,0x20,405.002,11.3,1500,-1,2.4,,
2026-10-03T11:44:21.000Z,M20-404-2-00984,1475063061,43.95174,4.40225,9562.0,9.4,6.7,99.1,-40.2,46.9,301.4,0x20,405.002,11.3,1125,-1,2.4,,
2026-10-03T11:44:22.000Z,M20-404-2-00984,1475063062,43.95173,4.40231,9572.4,11.6,3.8,106.9,-40.3,47.1,300.9,0x20,405.002,11.3,1125,-1,2.4,,
2026-10-03T11:44:25.000Z,M20-404-2-00984,1475063065,43.95172,4.40244,9588.7,3.4,4.5,130.4,-40.3,47.7,300.1,0x20,405.002,4.5,1125,-1,2.4,,
2026-10-03T11:44:26.000Z,M20-404-2-00984,1475063066,43.95170,4.40248,9592.9,2.8,3.9,131.3,-40.3,47.9,300.0,0x20,405.002,3.8,1125,-1,2.4,,
2026-10-03T11:44:27.000Z,M20-404-2-00984,1475063067,43.95167,4.40252,9595.6,1.8,3.4,147.9,-40.3,48.1,299.8,0x20,405.002,3.8,1500,-1,2.4,,
2026-10-03T11:44:28.000Z,M20-404-2-00984,1475063068,43.95165,4.40254,9598.5,2.9,3.0,144.9,-40.4,48.3,299.7,0x20,405.002,2.9,1500,-1,2.4,,
2026-10-03T11:44:29.000Z,M20-404-2-00984,1475063069,43.95164,4.40256,9602.1,3.7,2.0,78.5,-40.4,48.2,299.4,0x20,405.002,6.2,1500,-1,2.4,,
2026-10-03T11:44:30.000Z,M20-404-2-00984,1475063070,43.95165,4.40258,9607.0,3.8,2.2,40.8,-40.4,48.1,299.3,0x20,405.002,8.6,1500,-1,2.4,,
2026-10-03T11:44:31.000Z,M20-404-2-00984,1475063071,43.95166,4.40260,9612.9,7.0,2.4,30.1,-40.5,48.0,299.0,0x20,405.002,12.1,1500,-1,2.4,,
2026-10-03T11:44:32.000Z,M20-404-2-00984,1475063072,43.95168,4.40262,9620.6,7.3,1.5,70.5,-40.6,47.9,298.7,0x20,405.002,12.1,1500,-1,2.4,,
2026-10-03T11:44:33.000Z,M20-404-2-00984,1475063073,43.95168,4.40263,9627.7,5.3,1.1,127.8,-40.6,47.9,298.4,0x20,405.002,7.9,1500,-1,2.4,,
2026-10-03T11:44:34.000Z,M20-404-2-00984,1475063074,43.95166,4.40266,9633.4,5.6,4.9,121.0,-40.6,47.8,298.1,0x20,405.002,8.2,1125,-1,2.4,,
2026-10-03T11:44:35.000Z,M20-404-2-00984,1475063075,43.95165,4.40274,9639.9,6.3,7.9,103.0,-40.6,47.6,297.8,0x20,405.002,10.0,1125,-1,2.4,,
2026-10-03T11:44:36.000Z,M20-404-2-00984,1475063076,43.95163,4.40283,9645.2,4.3,8.5,94.3,-40.7,47.5,297.5,0x20,405.002,10.0,1500,-1,2.4,,
2026-10-03T11:44:37.000Z,M20-404-2-00984,1475063077,43.95164,4.40293,9651.4,5.8,6.3,77.6,-40.7,47.5,297.4,0x20,405.002,5.9,1500,-1,2.4,,
2026-10-03T11:44:39.000Z,M20-404-2-00984,1475063079,43.95167,4.40301,9664.2,3.7,2.3,22.7,-40.8,47.4,296.8,0x20,405.002,3.3,1500,-1,2.4,,
2026-10-03T11:44:40.000Z,M20-404-2-00984,1475063080,43.95168,4.40302,9669.1,5.9,2.1,357.8,-40.8,47.3,296.6,0x20,405.002,4.0,1500,-1,2.4,,
2026-10-03T11:44:41.000Z,M20-404-2-00984,1475063081,43.95170,4.40303,9675.2,4.8,2.3,66.2,-40.9,47.3,296.4,0x20,405.002,4.0,1500,-1,2.4,,
2026-10-03T11:44:42.000Z,M20-404-2-00984,1475063082,43.95172,4.40307,9681.0,7.3,5.6,48.5,-41.0,47.3,296.0,0x20,405.002,8.2,1875,-1,2.4,,
2026-10-03T11:44:43.000Z,M20-404-2-00984,1475063083,43.95176,4.40313,9687.8,6.2,7.2,49.1,-41.0,47.2,295.7,0x20,405.002,8.2,1500,-1,2.4,,
2026-10-03T11:44:44.000Z,M20-404-2-00984,1475063084,43.95179,4.40319,9694.9,6.0,5.6,44.1,-41.1,47.2,295.5,0x20,405.002,8.2,1875,-1,2.4,,
2026-10-03T11:44:46.000Z,M20-404-2-00984,1475063086,43.95182,4.40322,9709.5,5.9,1.2,263.0,-41.2,47.2,295.0,0x20,405.002,13.1,1875,-1,2.4,,
2026-10-03T11:44:47.000Z,M20-404-2-00984,1475063087,43.95182,4.40322,9713.8,2.3,1.3,330.4,-41.2,47.3,294.8,0x20,405.002,13.1,1875,-1,2.4,,
2026-10-03T11:44:48.000Z,M20-404-2-00984,1475063088,43.95184,4.40323,9718.8,6.0,3.1,14.7,-41.2,47.2,294.6,0x20,405.002,12.2,1875,-1,2.4,,
2026-10-03T11:44:49.000Z,M20-404-2-00984,1475063089,43.95187,4.40326,9723.5,3.6,4.7,43.3,-41.3,47.2,294.4,0x20,405.002,12.2,1500,-1,2.4,,
2026-10-03T11:44:50.000Z,M20-404-2-00984,1475063090,43.95190,4.40330,9727.8,4.6,5.0,43.7,-41.2,47.1,294.1,0x20,405.002,12.7,1500,-1,2.4,,
2026-10-03T11:44:51.000Z,M20-404-2-00984,1475063091,43.95193,4.40335,9732.2,3.9,4.6,48.1,-41.3,47.1,293.9,0x20,405.002,12.7,1500,-1,2.4,,
2026-10-03T11:44:52.000Z,M20-404-2-00984,1475063092,43.95195,4.40338,9736.7,5.2,2.6,20.4,-41.3,47.1,293.8,0x20,405.002,3.7,1500,-1,2.4,,
2026-10-03T11:44:53.000Z,M20-404-2-00984,1475063093,43.95197,4.40338,9741.4,2.9,1.6,349.9,-41.2,46.9,293.6,0x20,405.002,3.2,1500,-1,2.4,,
2026-10-03T11:44:54.000Z,M20-404-2-00984,1475063094,43.95198,4.40338,9745.2,5.1,1.3,347.7,-41.3,46.8,293.4,0x20,405.002,3.5,1875,-1,2.4,,
2026-10-03T11:44:55.000Z,M20-404-2-00984,1475063095,43.95199,4.40339,9749.8,4.5,2.3,36.7,-41.4,46.7,293.2,0x20,405.002,6.8,1875,-1,2.4,,
2026-10-03T11:44:56.000Z,M20-404-2-00984,1475063096,43.95201,4.40342,9753.4,3.3,3.3,46.2,-41.4,46.7,293.1,0x20,405.002,9.3,1875,-1,2.4,,
2026-10-03T11:44:57.000Z,M20-404-2-00984,1475063097,43.95203,4.40345,9757.3,4.7,3.9,35.8,-41.5,46.6,292.8,0x20,405.002,11.1,1875,-1,2.4,,
2026-10-03T11:44:58.000Z,M20-404-2-00984,1475063098,43.95206,4.40348,9761.3,3.3,4.2,25.5,-41.5,46.5,292.7,0x20,405.002,11.1,1875,-1,2.4,,
2026-10-03T11:44:59.000Z,M20-404-2-00984,1475063099,43.95209,4.40350,9765.0,4.0,3.0,21.1,-41.5,46.5,292.6,0x20,405.002,10.7,1875,-1,2.4,,
2026-10-03T11:45:00.000Z,M20-404-2-00984,1475063100,43.95211,4.40351,9768.9,4.0,2.0,36.3,-41.5,46.3,292.3,0x20,405.002,10.6,1875,-1,2.4,,
2026-10-03T11:45:01.000Z,M20-404-2-00984,1475063101,43.95212,4.40353,9772.8,3.7,2.4,56.9,-41.5,46.2,292.2,0x20,405.002,11.3,1875,-1,2.4,,
2026-10-03T11:45:02.000Z,M20-404-2-00984,1475063102,43.95214,4.40357,9777.5,5.4,4.1,63.6,-41.6,46.1,292.0,0x20,405.002,12.5,1875,-1,2.4,,
2026-10-03T11:45:03.000Z,M20-404-2-00984,1475063103,43.95216,4.40362,9781.7,2.8,5.3,54.1,-41.7,46.1,291.8,0x20,405.002,13.3,1875,-1,2.4,,
2026-10-03T11:45:04.000Z,M20-404-2-00984,1475063104,43.95219,4.40367,9785.8,5.5,4.7,49.1,-41.7,46.0,291.6,0x20,405.002,13.3,1875,-1,2.4,,
2026-10-03T11:45:05.000Z,M20-404-2-00984,1475063105,43.95221,4.40371,9790.1,3.6,3.8,43.5,-41.7,45.9,291.4,0x20,405.002,3.7,1875,-1,2.4,,
2026-10-03T11:45:06.000Z,M20-404-2-00984,1475063106,43.95224,4.40374,9794.4,4.3,3.5,31.9,-41.7,45.8,291.2,0x20,405.002,3.7,1875,-1,2.4,,
2026-10-03T11:45:07.000Z,M20-404-2-00984,1475063107,43.95226,4.40376,9799.5,5.4,3.4,30.6,-41.8,45.7,291.1,0x20,405.002,3.7,1875,-1,2.4,,
2026-10-03T11:45:08.000Z,M20-404-2-00984,1475063108,43.95229,4.40379,9805.1,5.7,3.3,37.0,-41.9,45.6,290.9,0x20,405.002,9.5,1875,-1,2.4,,
2026-10-03T11:45:09.000Z,M20-404-2-00984,1475063109,43.95231,4.40381,9810.3,3.9,2.9,35.5,-41.9,45.4,290.7,0x20,405.002,9.5,1875,-1,2.4,,
2026-10-03T11:45:10.000Z,M20-404-2-00984,1475063110,43.95233,4.40383,9814.5,4.7,2.3,45.2,-41.9,45.3,290.5,0x20,405.002,9.5,1875,-1,2.4,,
2026-10-03T11:45:11.000Z,M20-404-2-00984,1475063111,43.95235,4.40386,9818.1,4.2,4.4,43.5,-42.0,45.2,290.3,0x20,405.002,9.5,1875,-1,2.4,,
2026-10-03T11:45:12.000Z,M20-404-2-00984,1475063112,43.95238,4.40390,9822.3,5.0,5.7,41.2,-42.0,45.1,290.1,0x20,405.002,9.9,1875,-1,2.4,,
2026-10-03T11:45:13.000Z,M20-404-2-00984,1475063113,43.95243,4.40395,9826.6,4.3,6.3,37.1,-42.1,44.9,290.0,0x20,405.002,9.9,1875,-1,2.4,,
2026-10-03T11:45:14.000Z,M20-404-2-00984,1475063114,43.95246,4.40400,9831.7,6.0,4.9,53.5,-42.1,44.7,289.8,0x20,405.002,10.1,1875,-1,2.4,,
2026-10-03T11:45:15.000Z,M20-404-2-00984,1475063115,43.95249,4.40404,9835.8,2.7,3.9,40.8,-42.1,44.7,289.6,0x20,405.002,10.1,1875,-1,2.4,,
2026-10-03T11:45:16.000Z,M20-404-2-00984,1475063116,43.95251,4.40406,9839.7,5.6,3.5,20.5,-42.2,44.6,289.4,0x20,405.002,10.6,1875,-1,2.4,,
2026-10-03T11:45:17.000Z,M20-404-2-00984,1475063117,43.95255,4.40407,9844.3,4.6,4.5,13.4,-42.3,44.4,289.2,0x20,405.002,10.6,1875,-1,2.4,,
2026-10-03T11:45:18.000Z,M20-404-2-00984,1475063118,43.95258,4.40409,9849.1,4.9,3.5,22.9,-42.3,44.3,289.0,0x20,405.002,3.8,1875,-1,2.4,,
2026-10-03T11:45:19.000Z,M20-404-2-00984,1475063119,43.95260,4.40410,9854.4,5.8,2.1,30.1,-42.3,44.1,288.8,0x20,405.002,2.9,1875,-1,2.4,,
2026-10-03T11:45:20.000Z,M20-404-2-00984,1475063120,43.95262,4.40412,9858.9,3.8,2.6,55.8,-42.3,44.0,288.7,0x20,405.002,3.1,1875,-1,2.4,,
2026-10-03T11:45:21.000Z,M20-404-2-00984,1475063121,43.95264,4.40416,9862.7,5.1,3.6,68.0,-42.3,43.8,288.5,0x20,405.002,7.1,1875,-1,2.4,,
2026-10-03T11:45:22.000Z,M20-404-2-00984,1475063122,43.95266,4.40421,9866.5,3.4,6.1,58.6,-42.4,43.6,288.3,0x20,405.002,7.7,1875,-1,2.4,,
2026-10-03T11:45:23.000Z,M20-404-2-00984,1475063123,43.95270,4.40426,9869.9,4.1,7.2,37.2,-42.5,43.5,288.1,0x20,405.002,9.9,1875,-1,2.4,,
2026-10-03T11:45:24.000Z,M20-404-2-00984,1475063124,43.95276,4.40431,9873.1,3.4,7.9,28.0,-42.6,43.3,288.0,0x20,405.002,9.9,1875,-1,2.4,,
2026-10-03T11:45:26.000Z,M20-404-2-00984,1475063126,43.95285,4.40435,9882.4,6.0,3.2,19.3,-42.6,43.1,287.5,0x20,405.002,7.9,1875,-1,2.4,,
2026-10-03T11:45:27.000Z,M20-404-2-00984,1475063127,43.95288,4.40437,9887.3,3.5,2.7,48.8,-42.6,43.1,287.4,0x20,405.002,9.6,1875,-1,2.4,,
2026-10-03T11:45:28.000Z,M20-404-2-00984,1475063128,43.95289,4.40440,9892.2,7.0,4.2,52.6,-42.7,43.1,287.1,0x20,405.002,9.6,1875,-1,2.4,,
2026-10-03T11:45:32.000Z,M20-404-2-00984,1475063132,43.95295,4.40456,9912.9,6.4,2.8,76.0,-42.9,43.1,286.2,0x20,405.002,2.9,1875,-1,2.4,,
2026-10-03T11:45:33.000Z,M20-404-2-00984,1475063133,43.95297,4.40459,9918.6,5.4,3.9,42.5,-43.0,43.0,286.0,0x20,405.002,3.2,1875,-1,2.4,,
2026-10-03T11:45:34.000Z,M20-404-2-00984,1475063134,43.95300,4.40463,9922.1,2.5,4.8,40.0,-42.9,43.2,285.8,0x20,405.002,6.4,1875,-1,2.4,,
2026-10-03T11:45:35.000Z,M20-404-2-00984,1475063135,43.95303,4.40467,9925.8,4.7,5.9,50.8,-42.9,43.1,285.7,0x20,405.002,8.8,1875,-1,2.4,,
2026-10-03T11:45:36.000Z,M20-404-2-00984,1475063136,43.95306,4.40473,9930.5,5.1,6.2,61.9,-43.1,43.1,285.4,0x20,405.002,10.3,1875,-1,2.4,,
2026-10-03T11:45:37.000Z,M20-404-2-00984,1475063137,43.95309,4.40480,9934.7,3.3,6.2,56.8,-43.0,42.9,285.3,0x20,405.002,13.0,1875,-1,2.4,,
2026-10-03T11:45:38.000Z,M20-404-2-00984,1475063138,43.95312,4.40486,9939.1,5.8,5.5,48.9,-43.1,43.0,285.1,0x20,405.002,13.0,1875,-1,2.4,,
2026-10-03T11:45:39.000Z,M20-404-2-00984,1475063139,43.95316,4.40490,9943.9,3.8,4.8,38.2,-43.1,42.9,284.9,0x20,405.002,11.0,1875,-1,2.4,,
2026-10-03T11:45:42.000Z,M20-404-2-00984,1475063142,43.95327,4.40503,9956.5,3.5,5.9,41.6,-43.2,42.8,284.4,0x20,405.002,9.7,1875,-1,2.4,,
2026-10-03T11:45:43.000Z,M20-404-2-00984,1475063143,43.95331,4.40508,9961.2,5.9,6.6,39.6,-43.3,42.8,284.2,0x20,405.002,9.7,1875,-1,2.4,,
2026-10-03T11:45:44.000Z,M20-404-2-00984,1475063144,43.95336,4.40513,9966.0,3.9,7.2,34.3,-43.3,42.7,284.0,0x20,405.002,4.6,1875,-1,2.4,,
2026-10-03T11:45:45.000Z,M20-404-2-00984,1475063145,43.95341,4.40518,9970.1,4.9,6.1,42.7,-43.4,42.6,283.8,0x20,405.002,2.9,1875,-1,2.4,,
2026-10-03T11:45:46.000Z,M20-404-2-00984,1475063146,43.95344,4.40524,9974.0,3.2,5.8,54.6,-43.4,42.6,283.7,0x20,405.002,3.3,1875,-1,2.4,,
2026-10-03T11:45:47.000Z,M20-404-2-00984,1475063147,43.95347,4.40529,9977.8,4.9,5.8,48.2,-43.4,42.6,283.4,0x20,405.002,8.4,1875,-1,2.4,,
2026-10-03T11:45:48.000Z,M20-404-2-00984,1475063148,43.95351,4.40534,9982.7,5.0,6.7,40.9,-43.5,42.6,283.2,0x20,405.002,11.6,1875,-1,2.4,,
2026-10-03T11:45:49.000Z,M20-404-2-00984,1475063149,43.95356,4.40540,9987.1,3.8,8.0,40.8,-43.6,42.5,283.0,0x20,405.002,11.6,1875,-1,2.4,,
2026-10-03T11:45:50.000Z,M20-404-2-00984,1475063150,43.95362,4.40547,9991.7,5.4,9.3,40.8,-43.6,42.4,282.8,0x20,405.002,10.7,1875,-1,2.4,,
2026-10-03T11:45:51.000Z,M20-404-2-00984,1475063151,43.95368,4.40555,9996.7,4.2,8.7,47.8,-43.7,42.3,282.6,0x20,405.002,10.7,1875,-1,2.4,,
2026-10-03T11:45:52.000Z,M20-404-2-00984,1475063152,43.95372,4.40562,10000.7,3.9,6.8,51.2,-43.6,42.3,282.4,0x20,405.002,8.3,1875,-1,2.4,,
2026-10-03T11:45:53.000Z,M20-404-2-00984,1475063153,43.95376,4.40568,10005.0,4.8,4.7,54.3,-43.7,42.3,282.3,0x20,405.002,11.3,1875,-1,2.4,,
2026-10-03T11:45:54.000Z,M20-404-2-00984,1475063154,43.95378,4.40572,10009.0,3.5,3.8,62.6,-43.7,42.3,282.1,0x20,405.002,11.3,1875,-1,2.4,,
2026-10-03T11:45:55.000Z,M20-404-2-00984,1475063155,43.95379,4.40577,10013.2,5.5,4.6,66.8,-43.7,42.3,281.9,0x20,405.002,10.5,1875,-1,2.4,,
2026-10-03T11:45:56.000Z,M20-404-2-00984,1475063156,43.95381,4.40582,10017.9,3.8,5.9,54.9,-43.7,42.4,281.8,0x20,405.002,10.4,1875,-1,2.4,,
2026-10-03T11:45:57.000Z,M20-404-2-00984,1475063157,43.95385,4.40588,10022.4,5.4,6.0,47.9,-43.8,42.4,281.6,0x20,405.002,3.2,1875,-1,2.4,,
2026-10-03T11:45:58.000Z,M20-404-2-00984,1475063158,43.95389,4.40593,10027.6,5.3,5.5,39.2,-43.9,42.4,281.4,0x20,405.002,2.7,1875,-1,2.4,,
2026-10-03T11:45:59.000Z,M20-404-2-00984,1475063159,43.95392,4.40597,10032.6,4.8,5.3,42.5,-43.9,42.3,281.2,0x20,405.002,3.1,1875,-1,2.4,,
2026-10-03T11:46:00.000Z,M20-404-2-00984,1475063160,43.95396,4.40603,10037.5,5.4,6.3,50.8,-44.0,42.3,280.9,0x20,405.002,5.4,1875,-1,2.4,,
2026-10-03T11:46:01.000Z,M20-404-2-00984,1475063161,43.95399,4.40610,10041.6,2.9,7.7,57.4,-43.9,42.2,280.8,0x20,405.002,10.0,1875,-1,2.4,,
2026-10-03T11:46:02.000Z,M20-404-2-00984,1475063162,43.95403,4.40619,10045.0,4.3,9.2,62.5,-44.0,42.1,280.6,0x20,405.002,11.1,1875,-1,2.4,,
2026-10-03T11:46:03.000Z,M20-404-2-00984,1475063163,43.95407,4.40629,10050.5,6.5,9.3,57.7,-44.1,42.1,280.4,0x20,405.002,11.9,1875,-1,2.4,,
2026-10-03T11:46:04.000Z,M20-404-2-00984,1475063164,43.95412,4.40638,10056.9,6.2,7.6,52.4,-44.2,42.1,280.1,0x20,405.002,11.9,1875,-1,2.4,,
2026-10-03T11:46:05.000Z,M20-404-2-00984,1475063165,43.95415,4.40644,10062.5,5.1,5.7,55.2,-44.2,42.1,279.9,0x20,405.002,11.7,1875,-1,2.4,,
2026-10-03T11:46:07.000Z,M20-404-2-00984,1475063167,43.95417,4.40654,10074.0,4.6,4.2,86.5,-44.3,42.0,279.4,0x20,405.002,10.7,1875,-1,2.4,,
2026-10-03T11:46:08.000Z,M20-404-2-00984,1475063168,43.95418,4.40661,10079.2,5.9,6.2,75.6,-44.4,42.0,279.1,0x20,405.002,10.7,1875,-1,2.4,,
2026-10-03T11:46:09.000Z,M20-404-2-00984,1475063169,43.95420,4.40669,10085.3,6.3,7.9,65.8,-44.4,42.1,278.9,0x20,405.002,11.5,1875,-1,2.4,,
2026-10-03T11:46:10.000Z,M20-404-2-00984,1475063170,43.95424,4.40678,10092.1,7.5,7.8,56.3,-44.5,42.1,278.6,0x20,405.002,11.5,1875,-1,2.4,,
2026-10-03T11:46:11.000Z,M20-404-2-00984,1475063171,43.95427,4.40686,10098.3,4.8,7.1,55.7,-44.6,42.2,278.3,0x20,405.002,11.5,1875,-1,2.4,,
2026-10-03T11:46:12.000Z,M20-404-2-00984,1475063172,43.95432,4.40693,10103.0,4.7,7.3,45.1,-44.5,42.2,278.2,0x20,405.002,3.2,1875,-1,2.4,,
2026-10-03T11:46:13.000Z,M20-404-2-00984,1475063173,43.95436,4.40700,10108.2,5.8,8.1,57.0,-44.5,42.3,278.0,0x20,405.002,8.4,1875,-1,2.4,,
2026-10-03T11:46:14.000Z,M20-404-2-00984,1475063174,43.95439,4.40709,10112.3,2.8,8.3,60.8,-44.5,42.4,277.8,0x20,405.002,8.4,1875,-1,2.4,,
2026-10-03T11:46:15.000Z,M20-404-2-00984,1475063175,43.95443,4.40717,10116.2,4.6,7.3,61.7,-44.6,42.5,277.7,0x20,405.002,9.4,1875,-1,2.4,,
2026-10-03T11:46:16.000Z,M20-404-2-00984,1475063176,43.95446,4.40725,10120.4,3.6,5.9,62.1,-44.6,42.5,277.4,0x20,405.002,10.6,1875,-1,2.4,,
2026-10-03T11:46:17.000Z,M20-404-2-00984,1475063177,43.95448,4.40731,10124.6,4.8,5.4,73.9,-44.7,42.5,277.3,0x20,405.002,10.6,1875,-1,2.4,,
2026-10-03T11:46:18.000Z,M20-404-2-00984,1475063178,43.95449,4.40738,10129.4,4.8,6.0,72.9,-44.7,42.6,277.1,0x20,405.002,11.0,1875,-1,2.4,,
2026-10-03T11:46:19.000Z,M20-404-2-00984,1475063179,43.95450,4.40745,10133.4,3.6,6.5,72.1,-44.7,42.7,276.9,0x20,405.002,11.0,1875,-1,2.4,,
2026-10-03T11:46:20.000Z,M20-404-2-00984,1475063180,43.95453,4.40753,10137.5,4.6,6.4,58.2,-44.8,42.7,276.7,0x20,405.002,10.0,1875,-1,2.4,,
2026-10-03T11:46:21.000Z,M20-404-2-00984,1475063181,43.95456,4.40759,10142.5,5.2,6.4,50.7,-44.8,42.8,276.6,0x20,405.002,10.2,1875,-1,2.4,,
2026-10-03T11:46:22.000Z,M20-404-2-00984,1475063182,43.95460,4.40765,10146.6,3.2,6.2,53.7,-44.8,42.8,276.4,0x20,405.002,10.5,1875,-1,2.4,,
2026-10-03T11:46:23.000Z,M20-404-2-00984,1475063183,43.95463,4.40772,10150.0,3.6,7.1,60.0,-44.8,43.0,276.3,0x20,405.002,10.5,1875,-1,2.4,,
2026-10-03T11:46:24.000Z,M20-404-2-00984,1475063184,43.95466,4.40781,10154.5,5.5,8.3,68.2,-44.9,42.9,276.0,0x20,405.002,3.4,1875,-1,2.4,,
2026-10-03T11:46:25.000Z,M20-404-2-00984,1475063185,43.95468,4.40791,10158.8,3.3,8.5,73.6,-44.9,42.7,275.9,0x20,405.002,3.4,1875,-1,2.4,,
2026-10-03T11:46:26.000Z,M20-404-2-00984,1475063186,43.95470,4.40800,10162.7,4.6,7.7,72.9,-45.0,42.7,275.7,0x20,405.002,7.8,1875,-1,2.4,,
2026-10-03T11:46:27.000Z,M20-404-2-00984,1475063187,43.95472,4.40809,10167.0,4.1,7.1,67.7,-45.0,42.6,275.5,0x20,405.002,10.0,1875,-1,2.4,,
2026-10-03T11:46:28.000Z,M20-404-2-00984,1475063188,43.95475,4.40817,10171.1,4.2,7.3,65.3,-45.1,42.7,275.3,0x20,405.002,10.9,1875,-1,2.4,,
2026-10-03T11:46:29.000Z,M20-404-2-00984,1475063189,43.95478,4.40826,10174.7,3.2,8.0,59.9,-45.0,42.6,275.2,0x20,405.002,11.7,1875,-1,2.4,,
2026-10-03T11:46:30.000Z,M20-404-2-00984,1475063190,43.95482,4.40834,10178.5,4.5,8.7,53.5,-45.1,42.6,275.0,0x20,405.002,11.7,1875,-1,2.4,,
2026-10-03T11:46:31.000Z,M20-404-2-00984,1475063191,43.95487,4.40843,10183.0,4.5,8.8,51.2,-45.2,42.4,274.8,0x20,405.002,11.5,1875,-1,2.4,,
2026-10-03T11:46:32.000Z,M20-404-2-00984,1475063192,43.95491,4.40851,10187.6,4.9,7.2,56.7,-45.2,42.3,274.6,0x20,405.002,11.5,1875,-1,2.4,,
2026-10-03T11:46:33.000Z,M20-404-2-00984,1475063193,43.95494,4.40858,10191.5,2.9,6.0,66.0,-45.2,42.4,274.5,0x20,405.002,10.7,1875,-1,2.4,,
2026-10-03T11:46:34.000Z,M20-404-2-00984,1475063194,43.95496,4.40865,10195.7,5.4,5.9,72.3,-45.2,42.5,274.3,0x20,405.002,11.1,1875,-1,2.4,,
2026-10-03T11:46:35.000Z,M20-404-2-00984,1475063195,43.95498,4.40873,10200.3,4.0,6.2,69.2,-45.3,42.5,274.1,0x20,405.002,11.1,1875,-1,2.4,,
2026-10-03T11:46:36.000Z,M20-404-2-00984,1475063196,43.95500,4.40881,10204.1,4.0,7.2,72.4,-45.3,42.2,273.9,0x20,405.002,9.8,1875,-1,2.4,,
2026-10-03T11:46:37.000Z,M20-404-2-00984,1475063197,43.95502,4.40890,10208.2,4.2,8.2,80.9,-45.3,42.1,273.8,0x20,405.002,3.8,1875,-1,2.4,,
2026-10-03T11:46:38.000Z,M20-404-2-00984,1475063198,43.95502,4.40900,10212.3,4.0,8.0,85.1,-45.4,41.9,273.6,0x20,405.002,2.9,1875,-1,2.4,,
2026-10-03T11:46:39.000Z,M20-404-2-00984,1475063199,43.95503,4.40910,10216.1,3.7,6.8,83.8,-45.4,41.8,273.4,0x20,405.002,4.2,1875,-1,2.4,,
2026-10-03T11:46:40.000Z,M20-404-2-00984,1475063200,43.95504,4.40917,10220.8,5.8,5.4,70.0,-45.5,41.8,273.3,0x20,405.002,9.1,1875,-1,2.4,,
2026-10-03T11:46:41.000Z,M20-404-2-00984,1475063201,43.95506,4.40923,10225.7,3.6,5.5,59.3,-45.5,41.7,273.0,0x20,405.002,9.2,1875,-1,2.4,,
2026-10-03T11:46:42.000Z,M20-404-2-00984,1475063202,43.95509,4.40930,10230.5,6.2,6.7,60.3,-45.6,41.6,272.8,0x20,405.002,9.2,1875,-1,2.4,,
2026-10-03T11:46:43.000Z,M20-404-2-00984,1475063203,43.95512,4.40938,10237.0,6.1,8.5,68.0,-45.7,41.5,272.6,0x20,405.002,10.0,1875,-1,2.4,,
2026-10-03T11:46:44.000Z,M20-404-2-00984,1475063204,43.95515,4.40949,10241.9,3.9,9.1,69.3,-45.7,41.5,272.4,0x20,405.002,10.2,1875,-1,2.3,,
2026-10-03T11:46:45.000Z,M20-404-2-00984,1475063205,43.95518,4.40958,10245.8,3.8,7.6,70.0,-45.7,41.5,272.2,0x20,405.002,10.2,1875,-1,2.4,,
2026-10-03T11:46:46.000Z,M20-404-2-00984,1475063206,43.95520,4.40967,10250.9,6.6,6.3,65.8,-45.7,41.4,272.0,0x20,405.002,10.2,1875,-1,2.4,,
2026-10-03T11:46:47.000Z,M20-404-2-00984,1475063207,43.95522,4.40974,10256.5,4.7,6.2,66.0,-45.7,41.3,271.8,0x20,405.002,10.6,1875,-1,2.4,,
2026-10-03T11:46:48.000Z,M20-404-2-00984,1475063208,43.95524,4.40981,10262.8,8.4,7.0,77.3,-45.8,41.0,271.5,0x20,405.002,10.6,1875,-1,2.4,,
2026-10-03T11:46:49.000Z,M20-404-2-00984,1475063209,43.95525,4.40990,10270.8,7.8,7.6,81.1,-45.9,41.0,271.2,0x20,405.002,10.0,1875,-1,2.3,,
2026-10-03T11:46:50.000Z,M20-404-2-00984,1475063210,43.95526,4.41000,10277.0,4.5,7.4,84.4,-45.9,40.8,270.9,0x20,405.002,3.7,1875,-1,2.4,,
2026-10-03T11:46:51.000Z,M20-404-2-00984,1475063211,43.95526,4.41008,10281.8,5.2,6.7,95.7,-45.9,40.5,270.7,0x20,405.002,3.3,1875,-1,2.4,,
2026-10-03T11:46:52.000Z,M20-404-2-00984,1475063212,43.95526,4.41017,10286.4,4.1,6.7,97.7,-46.0,40.4,270.5,0x20,405.002,5.6,1875,-1,2.4,,
2026-10-03T11:46:53.000Z,M20-404-2-00984,1475063213,43.95526,4.41025,10291.0,4.8,7.3,84.8,-46.0,40.4,270.4,0x20,405.002,8.5,1875,-1,2.4,,
2026-10-03T11:46:54.000Z,M20-404-2-00984,1475063214,43.95527,4.41035,10295.7,4.4,8.7,75.8,-46.1,40.5,270.2,0x20,405.002,9.8,1875,-1,2.3,,
2026-10-03T11:46:55.000Z,M20-404-2-00984,1475063215,43.95529,4.41046,10300.3,4.8,10.3,73.0,-46.2,40.4,270.0,0x20,405.002,9.8,1875,-1,2.3,,
2026-10-03T11:46:56.000Z,M20-404-2-00984,1475063216,43.95531,4.41059,10305.4,5.5,10.3,76.8,-46.2,40.0,269.8,0x20,405.002,10.2,1875,-1,2.4,,
2026-10-03T11:46:57.000Z,M20-404-2-00984,1475063217,43.95533,4.41070,10311.3,6.2,8.9,80.5,-46.2,39.9,269.5,0x20,405.002,10.2,1875,-1,2.3,,
2026-10-03T11:46:58.000Z,M20-404-2-00984,1475063218,43.95535,4.41080,10316.0,3.4,7.5,76.5,-46.3,39.9,269.3,0x20,405.002,11.7,1875,-1,2.4,,
2026-10-03T11:46:59.000Z,M20-404-2-00984,1475063219,43.95537,4.41088,10319.9,4.2,6.1,61.1,-46.3,39.7,269.2,0x20,405.002,11.7,1875,-1,2.4,,
2026-10-03T11:47:00.000Z,M20-404-2-00984,1475063220,43.95540,4.41094,10324.5,5.0,6.0,50.3,-46.4,39.7,269.0,0x20,405.002,10.8,1875,-1,2.4,,
2026-10-03T11:47:01.000Z,M20-404-2-00984,1475063221,43.95543,4.41101,10329.3,4.5,6.5,54.5,-46.5,39.7,268.8,0x20,405.002,10.7,1875,-1,2.3,,
2026-10-03T11:47:02.000Z,M20-404-2-00984,1475063222,43.95546,4.41108,10334.4,5.6,7.3,68.4,-46.4,39.7,268.6,0x20,405.002,10.7,1875,-1,2.3,,
2026-10-03T11:47:03.000Z,M20-404-2-00984,1475063223,43.95548,4.41117,10339.9,5.4,7.8,83.2,-46.5,39.8,268.4,0x20,405.002,3.2,1875,-1,2.3,,
2026-10-03T11:47:04.000Z,M20-404-2-00984,1475063224,43.95549,4.41126,10345.5,5.9,7.3,83.0,-46.6,39.8,268.1,0x20,405.002,3.4,1875,-1,2.3,,
2026-10-03T11:47:05.000Z,M20-404-2-00984,1475063225,43.95550,4.41136,10351.1,5.7,8.2,80.4,-46.7,39.8,267.9,0x20,405.002,8.4,1875,-1,2.3,,
2026-10-03T11:47:06.000Z,M20-404-2-00984,1475063226,43.95551,4.41146,10356.6,5.3,8.3,70.7,-46.7,39.9,267.7,0x20,405.002,10.1,1875,-1,2.3,,
2026-10-03T11:47:07.000Z,M20-404-2-00984,1475063227,43.95554,4.41156,10362.6,7.2,8.6,65.4,-46.8,39.8,267.4,0x20,405.002,10.3,1875,-1,2.3,,
2026-10-03T11:47:08.000Z,M20-404-2-00984,1475063228,43.95558,4.41166,10367.6,3.4,8.9,61.2,-46.8,39.9,267.2,0x20,405.002,10.5,1875,-1,2.3,,
2026-10-03T11:47:09.000Z,M20-404-2-00984,1475063229,43.95561,4.41175,10371.5,4.5,7.9,70.6,-46.8,39.8,267.1,0x20,405.002,12.1,1875,-1,2.4,,
2026-10-03T11:47:10.000Z,M20-404-2-00984,1475063230,43.95562,4.41185,10375.9,4.3,7.6,88.8,-46.8,39.8,266.9,0x20,405.002,12.1,1875,-1,2.3,,
2026-10-03T11:47:11.000Z,M20-404-2-00984,1475063231,43.95562,4.41194,10380.3,4.3,7.7,100.5,-46.8,39.7,266.7,0x20,405.002,11.5,1875,-1,2.3,,
2026-10-03T11:47:12.000Z,M20-404-2-00984,1475063232,43.95560,4.41204,10385.1,5.2,9.5,108.7,-47.0,39.7,266.5,0x20,405.002,11.5,1875,-1,2.3,,
2026-10-03T11:47:13.000Z,M20-404-2-00984,1475063233,43.95558,4.41216,10389.6,3.6,9.8,101.9,-47.0,39.9,266.3,0x20,405.002,11.3,1875,-1,2.3,,
2026-10-03T11:47:14.000Z,M20-404-2-00984,1475063234,43.95557,4.41227,10394.5,6.0,8.8,88.3,-47.0,39.9,266.1,0x20,405.002,11.3,1875,-1,2.3,,
2026-10-03T11:47:15.000Z,M20-404-2-00984,1475063235,43.95558,4.41238,10400.1,4.8,8.2,72.2,-47.1,39.9,265.9,0x20,405.002,8.3,1875,-1,2.3,,
2026-10-03T11:47:16.000Z,M20-404-2-00984,1475063236,43.95561,4.41246,10404.7,3.8,7.7,59.9,-47.2,39.9,265.7,0x20,405.002,3.8,1875,-1,2.3,,
2026-10-03T11:47:17.000Z,M20-404-2-00984,1475063237,43.95565,4.41256,10408.5,4.0,9.0,64.0,-47.1,39.9,265.6,0x20,405.002,3.6,1875,-1,2.3,,
2026-10-03T11:47:18.000Z,M20-404-2-00984,1475063238,43.95568,4.41267,10413.3,5.7,10.1,70.3,-47.2,40.0,265.3,0x20,405.002,5.9,1875,-1,2.3,,
2026-10-03T11:47:19.000Z,M20-404-2-00984,1475063239,43.95571,4.41279,10418.1,4.2,11.0,74.9,-47.2,40.1,265.2,0x20,405.002,9.1,1875,-1,2.3,,
2026-10-03T11:47:20.000Z,M20-404-2-00984,1475063240,43.95573,4.41292,10423.1,5.9,9.7,81.3,-47.3,40.1,265.0,0x20,405.002,9.2,1875,-1,2.3,,
2026-10-03T11:47:21.000Z,M20-404-2-00984,1475063241,43.95574,4.41303,10428.8,5.6,8.0,80.6,-47.3,40.2,264.7,0x20,405.002,11.4,1875,-1,2.3,,
2026-10-03T11:47:22.000Z,M20-404-2-00984,1475063242,43.95575,4.41312,10433.4,3.5,8.0,81.8,-47.3,40.4,264.6,0x20,405.002,11.9,1875,-1,2.3,,
2026-10-03T11:47:23.000Z,M20-404-2-00984,1475063243,43.95576,4.41323,10437.8,5.3,9.2,79.9,-47.4,40.5,264.4,0x20,405.002,14.1,1875,-1,2.3,,
2026-10-03T11:47:24.000Z,M20-404-2-00984,1475063244,43.95578,4.41335,10442.5,4.3,10.1,75.9,-47.5,40.4,264.2,0x20,405.002,14.1,1875,-1,2.3,,
2026-10-03T11:47:25.000Z,M20-404-2-00984,1475063245,43.95580,4.41347,10447.0,4.8,9.7,76.6,-47.5,40.4,264.0,0x20,405.002,14.5,1875,-1,2.3,,
2026-10-03T11:47:26.000Z,M20-404-2-00984,1475063246,43.95582,4.41358,10451.1,3.5,8.5,81.0,-47.6,40.4,263.9,0x20,405.002,14.5,1875,-1,2.3,,
2026-10-03T11:47:27.000Z,M20-404-2-00984,1475063247,43.95583,4.41368,10454.8,3.9,7.6,90.5,-47.5,40.4,263.7,0x20,405.002,14.6,1875,-1,2.3,,
2026-10-03T11:47:28.000Z,M20-404-2-00984,1475063248,43.95582,4.41377,10458.6,3.8,7.6,100.3,-47.6,40.3,263.6,0x20,405.002,14.6,1875,-1,2.3,,
2026-10-03T11:47:29.000Z,M20-404-2-00984,1475063249,43.95580,4.41387,10462.7,4.3,9.0,106.7,-47.7,40.4,263.4,0x20,405.002,14.6,1875,-1,2.3,,
2026-10-03T11:47:30.000Z,M20-404-2-00984,1475063250,43.95578,4.41399,10466.8,4.0,10.8,98.6,-47.8,40.3,263.2,0x20,405.002,3.5,1875,-1,2.3,,
2026-10-03T11:47:31.000Z,M20-404-2-00984,1475063251,43.95578,4.41414,10471.1,4.7,12.2,87.2,-47.8,40.1,263.1,0x20,405.002,8.9,1875,-1,2.3,,
2026-10-03T11:47:32.000Z,M20-404-2-00984,1475063252,43.95579,4.41429,10475.4,4.1,13.1,82.4,-47.9,40.0,262.8,0x20,405.002,9.4,1875,-1,2.3,,
2026-10-03T11:47:33.000Z,M20-404-2-00984,1475063253,43.95581,4.41445,10479.8,4.9,12.2,80.6,-47.9,40.0,262.7,0x20,405.002,12.4,1875,-1,2.3,,
2026-10-03T11:47:34.000Z,M20-404-2-00984,1475063254,43.95582,4.41458,10485.9,7.4,9.6,88.6,-48.0,39.9,262.4,0x20,405.002,12.7,1875,-1,2.3,,
2026-10-03T11:47:35.000Z,M20-404-2-00984,1475063255,43.95582,4.41469,10491.8,4.5,8.1,91.3,-48.0,39.9,262.1,0x20,405.002,13.8,1875,-1,2.3,,
2026-10-03T11:47:36.000Z,M20-404-2-00984,1475063256,43.95582,4.41479,10496.1,3.9,8.2,89.0,-48.0,40.0,262.0,0x20,405.002,13.8,1875,-1,2.3,,
2026-10-03T11:47:37.000Z,M20-404-2-00984,1475063257,43.95583,4.41491,10500.5,4.6,9.9,80.5,-48.0,39.9,261.9,0x20,405.002,13.6,1875,-1,2.3,,
2026-10-03T11:47:39.000Z,M20-404-2-00984,1475063259,43.95586,4.41516,10508.3,4.8,10.7,83.0,-48.1,39.9,261.6,0x20,405.002,10.2,1875,-1,2.3,,
2026-10-03T11:47:41.000Z,M20-404-2-00984,1475063261,43.95587,4.41541,10516.4,4.2,9.2,87.1,-48.1,39.9,261.2,0x20,405.002,12.7,1875,-1,2.3,,
2026-10-03T11:47:42.000Z,M20-404-2-00984,1475063262,43.95588,4.41552,10521.1,4.5,9.5,81.0,-48.2,40.0,261.0,0x20,405.002,12.7,1875,-1,2.3,,
2026-10-03T11:47:43.000Z,M20-404-2-00984,1475063263,43.95589,4.41564,10525.5,3.7,10.0,79.6,-48.2,39.9,260.9,0x20,405.002,12.7,1875,-1,2.3,,
2026-10-03T11:47:44.000Z,M20-404-2-00984,1475063264,43.95590,4.41577,10529.8,4.5,10.1,86.7,-48.2,39.8,260.7,0x20,405.002,3.1,1875,-1,2.3,,
2026-10-03T11:47:45.000Z,M20-404-2-00984,1475063265,43.95590,4.41589,10533.8,3.7,10.1,92.1,-48.2,39.7,260.6,0x20,405.002,9.0,1875,-1,2.3,,
2026-10-03T11:47:46.000Z,M20-404-2-00984,1475063266,43.95590,4.41602,10538.2,5.2,10.2,91.4,-48.3,39.5,260.4,0x20,405.002,12.9,1875,-1,2.3,,
2026-10-03T11:47:47.000Z,M20-404-2-00984,1475063267,43.95590,4.41614,10543.4,5.3,10.1,86.2,-48.4,39.4,260.2,0x20,405.002,12.9,1875,-1,2.3,,
2026-10-03T11:47:48.000Z,M20-404-2-00984,1475063268,43.95591,4.41626,10547.5,3.6,9.3,86.2,-48.4,39.4,260.0,0x20,405.002,13.4,1875,-1,2.3,,
2026-10-03T11:47:49.000Z,M20-404-2-00984,1475063269,43.95591,4.41638,10551.4,4.6,9.0,85.0,-48.4,39.2,259.9,0x20,405.002,13.4,1875,-1,2.3,,
2026-10-03T11:47:50.000Z,M20-404-2-00984,1475063270,43.95591,4.41648,10555.4,3.7,8.4,94.6,-48.5,39.1,259.7,0x20,405.002,12.9,1875,-1,2.3,,
2026-10-03T11:47:51.000Z,M20-404-2-00984,1475063271,43.95591,4.41659,10559.7,4.6,8.6,89.6,-48.5,38.9,259.6,0x20,405.002,13.7,1875,-1,2.3,,
2026-10-03T11:47:52.000Z,M20-404-2-00984,1475063272,43.95592,4.41670,10564.0,4.0,9.8,82.0,-48.6,38.8,259.4,0x20,405.002,13.7,1875,-1,2.3,,
2026-10-03T11:47:53.000Z,M20-404-2-00984,1475063273,43.95593,4.41683,10566.9,1.9,10.2,83.2,-48.6,38.7,259.2,0x20,405.002,12.4,1875,-1,2.3,,
2026-10-03T11:47:54.000Z,M20-404-2-00984,1475063274,43.95594,4.41695,10570.2,4.3,11.5,82.4,-48.6,38.5,259.1,0x20,405.002,11.2,1875,-1,2.3,,
2026-10-03T11:47:55.000Z,M20-404-2-00984,1475063275,43.95595,4.41710,10574.1,3.9,12.1,87.4,-48.6,38.3,258.9,0x20,405.002,3.3,1875,-1,2.3,,
2026-10-03T11:47:56.000Z,M20-404-2-00984,1475063276,43.95595,4.41725,10578.2,4.8,11.5,88.3,-48.7,38.1,258.7,0x20,405.002,3.4,1875,-1,2.3,,
2026-10-03T11:47:57.000Z,M20-404-2-00984,1475063277,43.95596,4.41739,10583.3,5.1,11.2,83.7,-48.8,38.0,258.5,0x20,405.002,6.2,1875,-1,2.3,,
2026-10-03T11:47:58.000Z,M20-404-2-00984,1475063278,43.95597,4.41752,10587.3,3.0,10.8,82.4,-48.8,37.9,258.4,0x20,405.002,9.4,1875,-1,2.3,,
2026-10-03T11:47:59.000Z,M20-404-2-00984,1475063279,43.95598,4.41765,10590.7,3.2,11.0,88.1,-48.8,37.8,258.2,0x20,405.002,9.4,1875,-1,2.3,,
2026-10-03T11:48:00.000Z,M20-404-2-00984,1475063280,43.95598,4.41779,10594.2,4.0,10.8,93.2,-48.8,37.7,258.1,0x20,405.002,11.4,1875,-1,2.3,,
2026-10-03T11:48:01.000Z,M20-404-2-00984,1475063281,43.95597,4.41791,10598.5,3.5,9.7,98.3,-48.9,37.5,257.9,0x20,405.002,11.4,1875,-1,2.3,,
2026-10-03T11:48:02.000Z,M20-404-2-00984,1475063282,43.95596,4.41802,10603.1,4.7,8.7,96.5,-49.0,37.4,257.7,0x20,405.002,10.1,1875,-1,2.3,,
2026-10-03T11:48:03.000Z,M20-404-2-00984,1475063283,43.95596,4.41812,10607.2,3.3,8.1,86.0,-49.1,37.3,257.5,0x20,405.002,9.1,1875,-1,2.3,,
2026-10-03T11:48:04.000Z,M20-404-2-00984,1475063284,43.95596,4.41822,10610.2,2.2,8.5,79.8,-49.0,37.3,257.4,0x20,405.002,9.1,1875,-1,2.3,,
2026-10-03T11:48:05.000Z,M20-404-2-00984,1475063285,43.95597,4.41833,10613.9,5.0,9.5,86.6,-49.0,37.1,257.3,0x20,405.002,9.9,1875,-1,2.3,,
2026-10-03T11:48:06.000Z,M20-404-2-00984,1475063286,43.95598,4.41845,10619.4,5.7,10.6,90.5,-49.1,37.1,257.1,0x20,405.002,9.9,1875,-1,2.3,,
2026-10-03T11:48:07.000Z,M20-404-2-00984,1475063287,43.95598,4.41859,10624.1,3.5,11.5,85.0,-49.2,37.0,256.9,0x20,405.002,9.2,1875,-1,2.3,,
2026-10-03T11:48:08.000Z,M20-404-2-00984,1475063288,43.95600,4.41873,10628.3,4.7,11.3,74.3,-49.2,36.8,256.7,0x20,405.002,4.0,1875,-1,2.3,,
2026-10-03T11:48:09.000Z,M20-404-2-00984,1475063289,43.95602,4.41886,10632.4,3.3,11.0,74.1,-49.3,36.8,256.6,0x20,405.002,4.0,1875,-1,2.3,,
2026-10-03T11:48:10.000Z,M20-404-2-00984,1475063290,43.95605,4.41899,10636.5,4.8,11.0,77.2,-49.3,36.8,256.4,0x20,405.002,3.6,1875,-1,2.3,,
2026-10-03T11:48:11.000Z,M20-404-2-00984,1475063291,43.95606,4.41912,10641.9,6.1,10.3,86.4,-49.4,36.7,256.2,0x20,405.002,5.8,1875,-1,2.3,,
2026-10-03T11:48:12.000Z,M20-404-2-00984,1475063292,43.95606,4.41924,10648.5,7.2,8.9,98.1,-49.5,36.7,255.9,0x20,405.002,10.8,1875,-1,2.3,,
2026-10-03T11:48:13.000Z,M20-404-2-00984,1475063293,43.95605,4.41935,10655.4,6.5,8.3,98.1,-49.6,36.5,255.6,0x20,405.002,10.8,1875,-1,2.3,,
2026-10-03T11:48:14.000Z,M20-404-2-00984,1475063294,43.95604,4.41945,10662.6,7.9,8.7,86.6,-49.6,36.6,255.3,0x20,405.002,9.4,1875,-1,2.3,,
2026-10-03T11:48:15.000Z,M20-404-2-00984,1475063295,43.95605,4.41957,10671.0,8.3,10.9,78.9,-49.8,36.6,255.0,0x20,405.002,9.4,1875,-1,2.3,,
2026-10-03T11:48:16.000Z,M20-404-2-00984,1475063296,43.95608,4.41972,10678.8,7.4,13.5,72.1,-49.8,36.5,254.7,0x20,405.002,11.0,1875,-1,2.3,,
2026-10-03T11:48:17.000Z,M20-404-2-00984,1475063297,43.95611,4.41988,10686.0,7.0,13.9,79.3,-49.9,36.4,254.5,0x20,405.002,11.2,1875,-1,2.3,,
2026-10-03T11:48:18.000Z,M20-404-2-00984,1475063298,43.95613,4.42004,10694.2,9.1,11.9,86.7,-49.9,36.4,254.2,0x20,405.002,12.5,1875,-1,2.3,,
2026-10-03T11:48:19.000Z,M20-404-2-00984,1475063299,43.95612,4.42017,10703.9,9.6,8.8,100.0,-50.0,36.4,253.8,0x20,405.002,12.5,1875,-1,2.3,,
2026-10-03T11:48:20.000Z,M20-404-2-00984,1475063300,43.95610,4.42027,10711.7,6.2,7.8,119.8,-50.1,36.4,253.5,0x20,405.002,9.2,1875,-1,2.3,,
2026-10-03T11:48:21.000Z,M20-404-2-00984,1475063301,43.95607,4.42036,10718.6,7.9,8.5,104.8,-50.2,36.5,253.2,0x20,405.002,3.6,1875,-1,2.3,,
2026-10-03T11:48:24.000Z,M20-404-2-00984,1475063304,43.95610,4.42086,10739.8,6.9,17.6,74.0,-50.4,36.7,252.3,0x20,405.002,6.9,1875,-1,2.3,,
2026-10-03T11:48:29.000Z,M20-404-2-00984,1475063309,43.95610,4.42162,10768.0,4.5,8.0,110.5,-50.4,37.5,251.3,0x20,405.002,10.1,1875,-1,2.3,,
2026-10-03T11:48:30.000Z,M20-404-2-00984,1475063310,43.95608,4.42171,10772.2,3.2,8.1,99.4,-50.4,37.7,251.1,0x20,405.002,10.5,1875,-1,2.3,,
2026-10-03T11:48:31.000Z,M20-404-2-00984,1475063311,43.95608,4.42183,10776.4,6.5,10.6,79.9,-50.4,38.0,250.8,0x20,405.002,10.5,1875,-1,2.3,,
2026-10-03T11:48:32.000Z,M20-404-2-00984,1475063312,43.95610,4.42198,10782.7,4.8,14.8,77.5,-50.4,38.1,250.7,0x20,405.002,10.5,1875,-1,2.3,,
2026-10-03T11:48:33.000Z,M20-404-2-00984,1475063313,43.95613,4.42216,10786.9,4.1,15.6,82.7,-50.4,38.2,250.5,0x20,405.002,12.4,1875,-1,2.3,,
2026-10-03T11:48:34.000Z,M20-404-2-00984,1475063314,43.95614,4.42234,10790.5,3.9,14.5,85.7,-50.4,38.3,250.3,0x20,405.002,4.5,1875,-1,2.3,,
2026-10-03T11:48:36.000Z,M20-404-2-00984,1475063316,43.95613,4.42270,10798.4,1.8,13.8,95.4,-50.5,38.6,250.0,0x20,405.002,3.2,1875,-1,2.3,,
2026-10-03T11:48:37.000Z,M20-404-2-00984,1475063317,43.95612,4.42286,10803.1,6.9,11.5,94.7,-50.6,38.8,249.7,0x20,405.002,10.0,1875,-1,2.3,,
2026-10-03T11:48:38.000Z,M20-404-2-00984,1475063318,43.95612,4.42300,10810.2,6.0,11.2,81.7,-50.6,39.0,249.5,0x20,405.002,14.5,1875,-1,2.3,,
2026-10-03T11:48:39.000Z,M20-404-2-00984,1475063319,43.95614,4.42314,10816.4,4.6,11.5,80.5,-50.6,39.1,249.3,0x20,405.002,14.5,1875,-1,2.3,,
2026-10-03T11:48:40.000Z,M20-404-2-00984,1475063320,43.95616,4.42328,10821.9,5.7,12.0,76.1,-50.7,39.2,249.1,0x20,405.002,12.3,1875,-1,2.3,,
2026-10-03T11:48:41.000Z,M20-404-2-00984,1475063321,43.95618,4.42343,10827.5,4.3,13.2,77.1,-50.8,39.3,248.9,0x20,405.002,12.0,1875,-1,2.3,,
2026-10-03T11:48:42.000Z,M20-404-2-00984,1475063322,43.95621,4.42360,10831.9,3.5,14.1,77.9,-50.8,39.5,248.8,0x20,405.002,13.1,1875,-1,2.3,,
2026-10-03T11:48:43.000Z,M20-404-2-00984,1475063323,43.95623,4.42377,10835.7,4.4,15.2,81.2,-50.8,39.5,248.6,0x20,405.002,14.2,1875,-1,2.3,,
2026-10-03T11:48:44.000Z,M20-404-2-00984,1475063324,43.95625,4.42397,10840.1,3.8,16.1,87.3,-50.8,39.6,248.4,0x20,405.002,14.2,1875,-1,2.3,,
2026-10-03T11:48:45.000Z,M20-404-2-00984,1475063325,43.95625,4.42416,10844.4,4.5,15.7,92.1,-50.9,39.7,248.2,0x20,405.002,13.4,1875,-1,2.3,,
2026-10-03T11:48:46.000Z,M20-404-2-00984,1475063326,43.95624,4.42435,10849.4,5.5,14.5,92.9,-50.9,39.8,248.1,0x20,405.002,12.7,1875,-1,2.3,,
2026-10-03T11:48:47.000Z,M20-404-2-00984,1475063327,43.95624,4.42452,10854.2,4.0,13.3,88.7,-50.9,40.0,247.9,0x20,405.002,12.7,1875,-1,2.3,,
2026-10-03T11:48:48.000Z,M20-404-2-00984,1475063328,43.95625,4.42468,10858.9,4.6,12.7,86.6,-50.9,40.0,247.7,0x20,405.002,3.4,1875,-1,2.3,,
2026-10-03T11:48:49.000Z,M20-404-2-00984,1475063329,43.95625,4.42484,10864.0,5.2,13.3,86.2,-51.0,40.1,247.6,0x20,405.002,3.5,1875,-1,2.3,,
2026-10-03T11:48:50.000Z,M20-404-2-00984,1475063330,43.95626,4.42501,10868.7,3.9,13.7,86.0,-51.0,40.2,247.4,0x20,405.002,8.1,1875,-1,2.3,,
2026-10-03T11:48:51.000Z,M20-404-2-00984,1475063331,43.95627,4.42518,10873.5,5.8,13.0,83.7,-51.1,40.2,247.2,0x20,405.002,14.7,1875,-1,2.3,,
2026-10-03T11:48:52.000Z,M20-404-2-00984,1475063332,43.95629,4.42534,10878.3,3.9,13.5,79.3,-51.1,40.2,247.1,0x20,405.002,14.7,1875,-1,2.3,,
2026-10-03T11:48:53.000Z,M20-404-2-00984,1475063333,43.95631,4.42551,10882.9,5.5,14.1,80.3,-51.1,40.2,246.8,0x20,405.002,13.5,1875,-1,2.3,,
2026-10-03T11:48:54.000Z,M20-404-2-00984,1475063334,43.95633,4.42568,10887.8,4.0,14.6,83.0,-51.2,40.2,246.7,0x20,405.002,12.9,1875,-1,2.3,,
2026-10-03T11:48:55.000Z,M20-404-2-00984,1475063335,43.95634,4.42587,10892.3,5.5,15.2,85.1,-51.2,40.2,246.5,0x20,405.002,12.9,1875,-1,2.3,,
2026-10-03T11:48:56.000Z,M20-404-2-00984,1475063336,43.95635,4.42605,10897.8,5.4,13.8,84.1,-51.3,40.3,246.3,0x20,405.002,14.3,1875,-1,2.3,,
2026-10-03T11:48:57.000Z,M20-404-2-00984,1475063337,43.95636,4.42621,10902.9,4.5,12.9,83.8,-51.3,40.2,246.2,0x20,405.002,14.3,1875,-1,2.3,,
2026-10-03T11:48:58.000Z,M20-404-2-00984,1475063338,43.95637,4.42637,10908.3,6.4,12.2,89.3,-51.3,40.1,246.0,0x20,405.002,11.0,1875,-1,2.3,,
2026-10-03T11:48:59.000Z,M20-404-2-00984,1475063339,43.95637,4.42653,10913.4,3.9,13.1,94.4,-51.4,40.1,245.8,0x20,405.002,9.5,1875,-1,2.3,,
2026-10-03T11:49:00.000Z,M20-404-2-00984,1475063340,43.95637,4.42670,10918.0,5.4,13.8,88.5,-51.4,40.1,245.6,0x20,405.002,3.6,1875,-1,2.3,,
2026-10-03T11:49:01.000Z,M20-404-2-00984,1475063341,43.95638,4.42687,10924.3,6.7,13.3,84.2,-51.5,40.0,245.3,0x20,405.002,3.6,1875,-1,2.3,,
2026-10-03T11:49:02.000Z,M20-404-2-00984,1475063342,43.95639,4.42704,10930.0,5.0,14.2,81.1,-51.6,40.0,245.1,0x20,405.002,5.5,1875,-1,2.3,,
2026-10-03T11:49:03.000Z,M20-404-2-00984,1475063343,43.95641,4.42722,10935.7,6.9,14.9,84.5,-51.6,39.8,244.9,0x20,405.002,10.7,1875,-1,2.3,,
2026-10-03T11:49:04.000Z,M20-404-2-00984,1475063344,43.95642,4.42740,10941.2,4.3,15.5,87.1,-51.7,39.8,244.8,0x20,405.002,10.7,1875,-1,2.3,,
2026-10-03T11:49:05.000Z,M20-404-2-00984,1475063345,43.95642,4.42759,10946.7,7.1,14.9,91.0,-51.7,39.7,244.5,0x20,405.002,10.7,1875,-1,2.3,,
2026-10-03T11:49:06.000Z,M20-404-2-00984,1475063346,43.95643,4.42777,10952.8,5.4,13.7,87.9,-51.8,39.6,244.3,0x20,405.002,9.8,1875,-1,2.3,,
2026-10-03T11:49:07.000Z,M20-404-2-00984,1475063347,43.95643,4.42794,10957.1,3.4,14.4,89.2,-51.8,39.6,244.1,0x20,405.002,10.9,1875,-1,2.3,,
2026-10-03T11:49:08.000Z,M20-404-2-00984,1475063348,43.95644,4.42813,10961.1,5.0,14.6,86.7,-51.8,39.5,244.0,0x20,405.002,11.3,1875,-1,2.3,,
2026-10-03T11:49:09.000Z,M20-404-2-00984,1475063349,43.95644,4.42831,10965.6,3.8,15.6,90.6,-51.9,39.4,243.8,0x20,405.002,11.3,1875,-1,2.3,,
2026-10-03T11:49:10.000Z,M20-404-2-00984,1475063350,43.95644,4.42852,10970.1,4.9,17.5,88.8,-51.9,39.3,243.7,0x20,405.002,12.0,1875,-1,2.3,,
2026-10-03T11:49:11.000Z,M20-404-2-00984,1475063351,43.95645,4.42873,10974.5,4.0,16.8,82.4,-52.0,39.2,243.5,0x20,405.002,12.0,1875,-1,2.3,,
2026-10-03T11:49:12.000Z,M20-404-2-00984,1475063352,43.95647,4.42894,10977.8,3.3,16.4,84.7,-52.0,39.2,243.3,0x20,405.002,10.5,1875,-1,2.3,,
2026-10-03T11:49:13.000Z,M20-404-2-00984,1475063353,43.95648,4.42913,10982.6,6.3,14.5,86.1,-52.1,39.1,243.1,0x20,405.002,3.5,1875,-1,2.3,,
2026-10-03T11:49:14.000Z,M20-404-2-00984,1475063354,43.95649,4.42930,10987.0,3.3,13.7,90.9,-52.1,39.0,243.0,0x20,405.002,3.2,1875,-1,2.3,,
2026-10-03T11:49:15.000Z,M20-404-2-00984,1475063355,43.95649,4.42947,10989.9,3.5,13.7,88.0,-52.0,38.9,242.9,0x20,405.002,9.0,1875,-1,2.3,,
2026-10-03T11:49:16.000Z,M20-404-2-00984,1475063356,43.95649,4.42965,10993.7,3.9,14.7,84.7,-52.1,38.9,242.7,0x20,405.002,10.0,1875,-1,2.3,,
2026-10-03T11:49:17.000Z,M20-404-2-00984,1475063357,43.95651,4.42983,10997.6,4.0,15.1,84.6,-52.1,38.8,242.6,0x20,405.002,10.5,1875,-1,2.3,,
2026-10-03T11:49:18.000Z,M20-404-2-00984,1475063358,43.95652,4.43002,11002.4,5.1,14.6,86.3,-52.2,38.7,242.4,0x20,405.002,10.5,1875,-1,2.3,,
2026-10-03T11:49:19.000Z,M20-404-2-00984,1475063359,43.95653,4.43020,11005.9,2.7,14.7,87.7,-52.2,38.6,242.2,0x20,405.002,13.6,1875,-1,2.3,,
2026-10-03T11:49:20.000Z,M20-404-2-00984,1475063360,43.95653,4.43038,11010.0,5.5,14.1,87.7,-52.2,38.5,242.1,0x20,405.002,13.6,1875,-1,2.3,,
2026-10-03T11:49:21.000Z,M20-404-2-00984,1475063361,43.95654,4.43056,11014.4,3.0,15.3,88.5,-52.3,38.5,241.9,0x20,405.002,11.9,1875,-1,2.3,,
2026-10-03T11:49:22.000Z,M20-404-2-00984,1475063362,43.95655,4.43074,11018.8,5.4,14.9,82.0,-52.3,38.4,241.8,0x20,405.002,11.9,1875,-1,2.3,,
2026-10-03T11:49:23.000Z,M20-404-2-00984,1475063363,43.95656,4.43092,11024.1,5.5,13.7,88.7,-52.4,38.3,241.6,0x20,405.002,10.2,1875,-1,2.3,,
2026-10-03T11:49:24.000Z,M20-404-2-00984,1475063364,43.95656,4.43109,11028.3,3.7,13.9,92.9,-52.4,38.2,241.5,0x20,405.002,9.9,1875,-1,2.3,,
2026-10-03T11:49:25.000Z,M20-404-2-00984,1475063365,43.95656,4.43127,11031.9,4.2,14.9,91.8,-52.4,38.1,241.3,0x20,405.002,9.9,1875,-1,2.3,,
2026-10-03T11:49:26.000Z,M20-404-2-00984,1475063366,43.95656,4.43146,11036.4,4.8,16.0,91.7,-52.5,38.0,241.1,0x20,405.002,3.6,1875,-1,2.3,,
2026-10-03T11:49:27.000Z,M20-404-2-00984,1475063367,43.95656,4.43167,11040.2,3.2,17.2,85.7,-52.5,37.8,241.0,0x20,405.002,3.6,1875,-1,2.3,,
2026-10-03T11:49:28.000Z,M20-404-2-00984,1475063368,43.95657,4.43187,11044.9,5.9,14.6,84.2,-52.6,37.7,240.8,0x20,405.002,4.9,1875,-1,2.3,,
2026-10-03T11:49:29.000Z,M20-404-2-00984,1475063369,43.95658,4.43204,11049.2,3.8,13.8,84.1,-52.6,37.7,240.7,0x20,405.002,10.0,1875,-1,2.3,,
2026-10-03T11:49:30.000Z,M20-404-2-00984,1475063370,43.95660,4.43220,11053.3,4.5,12.9,82.1,-52.6,37.5,240.5,0x20,405.002,10.3,1875,-1,2.3,,
2026-10-03T11:49:31.000Z,M20-404-2-00984,1475063371,43.95661,4.43237,11057.1,3.6,14.0,86.0,-52.7,37.4,240.4,0x20,405.002,11.2,1875,-1,2.3,,
2026-10-03T11:49:32.000Z,M20-404-2-00984,1475063372,43.95662,4.43256,11060.6,3.5,15.9,86.8,-52.7,37.3,240.3,0x20,405.002,11.2,1875,-1,2.3,,
2026-10-03T11:49:33.000Z,M20-404-2-00984,1475063373,43.95663,4.43276,11063.9,4.4,16.0,82.5,-52.8,37.2,240.1,0x20,405.002,10.4,1875,-1,2.3,,
2026-10-03T11:49:34.000Z,M20-404-2-00984,1475063374,43.95666,4.43296,11067.8,3.4,16.0,79.9,-52.8,37.0,239.9,0x20,405.002,9.9,1875,-1,2.3,,
2026-10-03T11:49:35.000Z,M20-404-2-00984,1475063375,43.95668,4.43315,11071.1,3.4,15.0,85.0,-52.8,36.9,239.8,0x20,405.002,10.5,1875,-1,2.3,,
2026-10-03T11:49:36.000Z,M20-404-2-00984,1475063376,43.95669,4.43333,11074.7,4.2,14.5,89.1,-52.8,36.7,239.7,0x20,405.002,11.0,1875,-1,2.3,,
2026-10-03T11:49:37.000Z,M20-404-2-00984,1475063377,43.95668,4.43351,11079.1,3.9,13.4,96.4,-52.9,36.5,239.5,0x20,405.002,11.0,1875,-1,2.3,,
2026-10-03T11:49:38.000Z,M20-404-2-00984,1475063378,43.95667,4.43367,11083.6,4.7,13.3,96.3,-52.9,36.4,239.4,0x20,405.002,8.3,1875,-1,2.3,,
2026-10-03T11:49:39.000Z,M20-404-2-00984,1475063379,43.95667,4.43384,11088.9,5.6,13.9,89.2,-53.0,36.3,239.2,0x20,405.002,3.6,1875,-1,2.3,,
2026-10-03T11:49:40.000Z,M20-404-2-00984,1475063380,43.95667,4.43402,11093.8,4.5,14.9,84.7,-53.0,36.3,239.0,0x20,405.002,3.2,1875,-1,2.3,,
2026-10-03T11:49:41.000Z,M20-404-2-00984,1475063381,43.95669,4.43421,11098.2,5.2,15.8,85.2,-53.1,36.2,238.8,0x20,405.002,3.1,1875,-1,2.3,,
2026-10-03T11:49:42.000Z,M20-404-2-00984,1475063382,43.95670,4.43441,11102.4,4.0,16.6,87.0,-53.2,36.2,238.7,0x20,405.002,9.2,1875,-1,2.3,,
2026-10-03T11:49:43.000Z,M20-404-2-00984,1475063383,43.95671,4.43461,11106.7,5.2,16.6,86.2,-53.2,36.1,238.5,0x20,405.002,10.1,1875,-1,2.3,,
2026-10-03T11:49:44.000Z,M20-404-2-00984,1475063384,43.95672,4.43481,11112.0,6.2,15.6,85.7,-53.3,36.0,238.3,0x20,405.002,11.2,1875,-1,2.3,,
2026-10-03T11:49:45.000Z,M20-404-2-00984,1475063385,43.95673,4.43500,11116.9,4.0,14.7,84.3,-53.3,36.0,238.1,0x20,405.002,11.2,1875,-1,2.3,,
2026-10-03T11:49:46.000Z,M20-404-2-00984,1475063386,43.95675,4.43518,11120.6,3.4,14.3,84.2,-53.3,35.9,238.0,0x20,405.002,10.3,1875,-1,2.3,,
2026-10-03T11:49:47.000Z,M20-404-2-00984,1475063387,43.95677,4.43536,11124.9,5.5,14.9,80.0,-53.3,35.8,237.8,0x20,405.002,12.4,1875,-1,2.3,,
2026-10-03T11:49:48.000Z,M20-404-2-00984,1475063388,43.95679,4.43555,11130.0,4.4,15.8,83.2,-53.4,35.8,237.7,0x20,405.002,12.4,1875,-1,2.3,,
2026-10-03T11:49:49.000Z,M20-404-2-00984,1475063389,43.95680,4.43574,11133.6,3.2,15.2,86.2,-53.4,35.7,237.5,0x20,405.002,10.7,1875,-1,2.3,,
2026-10-03T11:49:50.000Z,M20-404-2-00984,1475063390,43.95681,4.43592,11137.8,5.5,13.9,90.1,-53.5,35.7,237.3,0x20,405.002,9.3,1875,-1,2.3,,
2026-10-03T11:49:51.000Z,M20-404-2-00984,1475063391,43.95681,4.43608,11141.9,3.5,12.7,91.9,-53.5,35.6,237.2,0x20,405.002,12.7,1875,-1,2.3,,
2026-10-03T11:49:52.000Z,M20-404-2-00984,1475063392,43.95681,4.43625,11146.1,5.2,13.7,91.6,-53.6,35.5,237.0,0x20,405.002,12.7,1875,-1,2.3,,
2026-10-03T11:49:53.000Z,M20-404-2-00984,1475063393,43.95681,4.43642,11150.3,3.0,14.7,89.1,-53.6,35.6,236.9,0x20,405.002,5.3,1875,-1,2.3,,
2026-10-03T11:49:54.000Z,M20-404-2-00984,1475063394,43.95681,4.43661,11154.7,5.4,14.9,88.1,-53.6,35.5,236.7,0x20,405.002,3.1,1875,-1,2.3,,
2026-10-03T11:49:55.000Z,M20-404-2-00984,1475063395,43.95681,4.43679,11159.2,3.6,14.6,89.8,-53.7,35.5,236.5,0x20,405.002,6.4,1875,-1,2.3,,
2026-10-03T11:49:56.000Z,M20-404-2-00984,1475063396,43.95681,4.43698,11162.6,3.6,15.6,89.2,-53.6,35.5,236.4,0x20,405.002,11.9,1875,-1,2.3,,
2026-10-03T11:49:57.000Z,M20-404-2-00984,1475063397,43.95682,4.43718,11166.8,5.0,16.8,88.7,-53.7,35.5,236.3,0x20,405.002,13.2,1875,-1,2.3,,
2026-10-03T11:49:58.000Z,M20-404-2-00984,1475063398,43.95682,4.43739,11171.1,3.6,17.0,87.9,-53.8,35.4,236.1,0x20,405.002,13.2,1875,-1,2.3,,
2026-10-03T11:49:59.000Z,M20-404-2-00984,1475063399,43.95683,4.43759,11174.9,4.3,15.6,88.0,-53.8,35.4,236.0,0x20,405.002,13.3,1875,-1,2.3,,
2026-10-03T11:50:00.000Z,M20-404-2-00984,1475063400,43.95683,4.43778,11178.3,2.8,14.2,87.3,-53.8,35.4,235.8,0x20,405.002,13.3,1875,-1,2.3,,
2026-10-03T11:50:01.000Z,M20-404-2-00984,1475063401,43.95684,4.43795,11182.0,4.9,13.2,90.4,-53.9,35.4,235.7,0x20,405.002,12.4,1875,-1,2.3,,
2026-10-03T11:50:02.000Z,M20-404-2-00984,1475063402,43.95684,4.43813,11186.4,3.9,14.7,88.8,-54.0,35.4,235.5,0x20,405.002,12.4,1875,-1,2.3,,
2026-10-03T11:50:03.000Z,M20-404-2-00984,1475063403,43.95685,4.43831,11190.2,4.1,14.5,87.1,-54.0,35.3,235.4,0x20,405.002,10.8,1875,-1,2.3,,
2026-10-03T11:50:04.000Z,M20-404-2-00984,1475063404,43.95685,4.43849,11194.2,4.5,14.0,86.7,-54.0,35.3,235.2,0x20,405.002,11.5,1875,-1,2.3,,
2026-10-03T11:50:05.000Z,M20-404-2-00984,1475063405,43.95686,4.43866,11197.8,3.3,13.8,84.4,-54.0,35.3,235.1,0x20,405.002,11.5,1875,-1,2.3,,
2026-10-03T11:50:06.000Z,M20-404-2-00984,1475063406,43.95687,4.43884,11201.9,5.4,15.3,86.5,-54.1,35.3,234.9,0x20,405.002,3.6,1875,-1,2.3,,
2026-10-03T11:50:07.000Z,M20-404-2-00984,1475063407,43.95688,4.43904,11206.1,3.4,16.2,86.3,-54.1,35.2,234.8,0x20,405.002,3.6,1875,-1,2.3,,
2026-10-03T11:50:08.000Z,M20-404-2-00984,1475063408,43.95689,4.43924,11209.9,4.1,16.0,90.1,-54.1,35.2,234.7,0x20,405.002,7.1,1875,-1,2.3,,
2026-10-03T11:50:09.000Z,M20-404-2-00984,1475063409,43.95689,4.43943,11214.4,4.9,14.6,91.1,-54.2,35.1,234.5,0x20,405.002,9.7,1875,-1,2.3,,
2026-10-03T11:50:10.000Z,M20-404-2-00984,1475063410,43.95688,4.43961,11218.6,4.0,14.1,89.5,-54.2,35.1,234.4,0x20,405.002,9.7,1875,-1,2.3,,
2026-10-03T11:50:11.000Z,M20-404-2-00984,1475063411,43.95688,4.43978,11222.8,4.8,14.4,92.7,-54.2,35.1,234.3,0x20,405.002,9.2,1875,-1,2.3,,
2026-10-03T11:50:13.000Z,M20-404-2-00984,1475063413,43.95687,4.44016,11229.5,4.2,15.1,94.5,-54.3,35.0,234.0,0x20,405.002,8.7,1875,-1,2.3,,
2026-10-03T11:50:14.000Z,M20-404-2-00984,1475063414,43.95687,4.44034,11232.6,2.8,14.4,91.4,-54.3,35.0,233.9,0x20,405.002,8.7,1875,-1,2.3,,
2026-10-03T11:50:15.000Z,M20-404-2-00984,1475063415,43.95687,4.44053,11235.7,4.9,15.4,88.2,-54.4,35.0,233.8,0x20,405.002,7.7,1875,-1,2.3,,
2026-10-03T11:50:19.000Z,M20-404-2-00984,1475063419,43.95692,4.44129,11248.9,4.5,14.8,85.2,-54.5,34.9,233.2,0x20,405.002,3.0,1875,-1,2.3,,
2026-10-03T11:50:25.000Z,M20-404-2-00984,1475063425,43.95696,4.44241,11271.2,2.5,16.1,89.4,-54.7,34.9,232.4,0x20,405.002,7.9,1875,-1,2.3,,
2026-10-03T11:50:26.000Z,M20-404-2-00984,1475063426,43.95696,4.44261,11274.4,3.8,15.8,89.9,-54.7,34.9,232.3,0x20,405.002,7.9,1875,-1,2.3,,
2026-10-03T11:50:34.000Z,M20-404-2-00984,1475063434,43.95699,4.44408,11304.7,3.2,15.1,86.5,-55.1,34.8,231.1,0x20,405.002,5.4,1875,-1,2.3,,
2026-10-03T11:50:39.000Z,M20-404-2-00984,1475063439,43.95703,4.44498,11324.1,2.9,15.1,86.2,-55.2,34.8,230.5,0x20,405.002,8.0,1875,-1,2.3,,
2026-10-03T11:50:42.000Z,M20-404-2-00984,1475063442,43.95704,4.44555,11334.7,4.1,14.7,91.8,-55.3,34.8,230.1,0x20,405.002,8.2,1875,-1,2.3,,
2026-10-03T11:50:43.000Z,M20-404-2-00984,1475063443,43.95704,4.44573,11338.7,3.7,14.9,88.7,-55.4,34.8,229.9,0x20,405.002,8.2,1875,-1,2.3,,
2026-10-03T11:50:44.000Z,M20-404-2-00984,1475063444,43.95705,4.44592,11341.9,2.7,15.3,85.7,-55.4,34.9,229.8,0x20,405.002,8.2,2250,-1,2.3,,
2026-10-03T11:50:45.000Z,M20-404-2-00984,1475063445,43.95705,4.44610,11344.9,3.7,14.5,89.1,-55.4,34.9,229.7,0x20,405.002,8.1,2250,-1,2.3,,
2026-10-03T11:50:46.000Z,M20-404-2-00984,1475063446,43.95705,4.44628,11348.0,3.6,14.0,91.1,-55.4,34.9,229.5,0x20,405.002,3.0,2250,-1,2.3,,
2026-10-03T11:50:47.000Z,M20-404-2-00984,1475063447,43.95706,4.44647,11352.5,5.1,15.0,87.8,-55.5,34.9,229.3,0x20,405.002,7.0,1875,-1,2.3,,
2026-10-03T11:50:48.000Z,M20-404-2-00984,1475063448,43.95707,4.44666,11356.8,3.3,16.0,84.8,-55.5,34.9,229.2,0x20,405.002,8.1,1875,-1,2.3,,
2026-10-03T11:50:49.000Z,M20-404-2-00984,1475063449,43.95708,4.44686,11360.5,4.5,16.2,88.2,-55.5,34.9,229.1,0x20,405.002,9.3,1875,-1,2.3,,
2026-10-03T11:50:51.000Z,M20-404-2-00984,1475063451,43.95707,4.44725,11368.5,4.9,14.4,95.5,-55.6,34.9,228.9,0x20,405.002,9.3,1875,-1,2.3,,
2026-10-03T11:50:53.000Z,M20-404-2-00984,1475063453,43.95705,4.44760,11376.3,3.7,14.1,93.5,-55.6,34.9,228.6,0x20,405.002,8.7,1875,-1,2.3,,
2026-10-03T11:50:54.000Z,M20-404-2-00984,1475063454,43.95704,4.44778,11380.8,5.4,14.6,95.7,-55.6,34.9,228.5,0x20,405.002,7.7,1875,-1,2.3,,
2026-10-03T11:50:56.000Z,M20-404-2-00984,1475063456,43.95702,4.44816,11388.7,4.8,15.8,93.0,-55.7,34.9,228.2,0x20,405.002,9.0,1875,-1,2.3,,
2026-10-03T11:50:57.000Z,M20-404-2-00984,1475063457,43.95702,4.44836,11392.4,4.0,15.5,90.2,-55.8,34.9,228.1,0x20,405.002,5.7,1875,-1,2.3,,
2026-10-03T11:50:59.000Z,M20-404-2-00984,1475063459,43.95701,4.44874,11400.7,5.4,15.6,96.5,-55.8,34.9,227.8,0x20,405.002,6.6,1875,-1,2.3,,
2026-10-03T11:51:00.000Z,M20-404-2-00984,1475063460,43.95699,4.44893,11404.9,4.0,15.3,101.5,-55.8,34.8,227.6,0x20,405.002,6.6,1875,-1,2.3,,
2026-10-03T11:51:01.000Z,M20-404-2-00984,1475063461,43.95696,4.44911,11409.4,5.6,14.6,99.0,-55.8,34.7,227.5,0x20,405.002,5.9,1875,-1,2.3,,
2026-10-03T11:51:02.000Z,M20-404-2-00984,1475063462,43.95695,4.44930,11413.8,4.0,14.6,96.8,-55.8,34.7,227.4,0x20,405.002,9.8,1875,-1,2.3,,
2026-10-03T11:51:03.000Z,M20-404-2-00984,1475063463,43.95693,4.44948,11417.7,4.9,14.8,98.6,-55.8,34.7,227.3,0x20,405.002,10.2,1875,-1,2.3,,
2026-10-03T11:51:04.000Z,M20-404-2-00984,1475063464,43.95691,4.44967,11420.9,3.4,15.9,100.2,-55.8,34.6,227.1,0x20,405.002,11.7,1875,-1,2.3,,
2026-10-03T11:51:05.000Z,M20-404-2-00984,1475063465,43.95689,4.44987,11422.8,4.7,16.2,99.3,-55.8,34.6,227.0,0x20,405.002,12.5,1875,-1,2.3,,
2026-10-03T11:51:06.000Z,M20-404-2-00984,1475063466,43.95687,4.45007,11426.7,3.4,16.3,98.5,-55.8,34.5,226.8,0x20,405.002,12.8,1875,-1,2.3,,
2026-10-03T11:51:07.000Z,M20-404-2-00984,1475063467,43.95685,4.45027,11430.3,3.9,16.1,96.6,-55.8,34.6,226.8,0x20,405.002,12.8,1875,-1,2.3,,
2026-10-03T11:51:08.000Z,M20-404-2-00984,1475063468,43.95683,4.45047,11434.0,3.9,16.4,101.2,-55.8,34.5,226.6,0x20,405.002,8.6,1875,-1,2.3,,
2026-10-03T11:51:09.000Z,M20-404-2-00984,1475063469,43.95681,4.45067,11436.8,3.3,15.8,100.8,-55.8,34.5,226.4,0x20,405.002,9.8,1875,-1,2.3,,
2026-10-03T11:51:11.000Z,M20-404-2-00984,1475063471,43.95677,4.45105,11443.7,3.3,14.1,93.9,-55.8,34.4,226.2,0x20,405.002,3.4,1875,-1,2.3,,
2026-10-03T11:51:12.000Z,M20-404-2-00984,1475063472,43.95676,4.45122,11447.4,4.6,13.7,95.0,-55.8,34.3,226.1,0x20,405.002,3.4,1875,-1,2.3,,
2026-10-03T11:51:13.000Z,M20-404-2-00984,1475063473,43.95674,4.45139,11451.1,2.9,14.6,98.5,-55.8,34.3,225.9,0x20,405.002,8.2,1875,-1,2.3,,
2026-10-03T11:51:14.000Z,M20-404-2-00984,1475063474,43.95672,4.45158,11454.5,3.6,14.9,102.3,-55.9,34.2,225.8,0x20,405.002,10.0,1875,-1,2.3,,
2026-10-03T11:51:15.000Z,M20-404-2-00984,1475063475,43.95670,4.45176,11457.2,2.6,15.1,97.8,-55.9,34.3,225.7,0x20,405.002,10.0,1875,-1,2.3,,
2026-10-03T11:51:16.000Z,M20-404-2-00984,1475063476,43.95667,4.45194,11460.5,4.7,14.7,103.1,-55.9,34.2,225.5,0x20,405.002,8.7,1875,-1,2.3,,
2026-10-03T11:51:17.000Z,M20-404-2-00984,1475063477,43.95663,4.45212,11464.1,3.4,14.7,106.4,-56.0,34.1,225.3,0x20,405.002,8.0,1875,-1,2.3,,
2026-10-03T11:51:18.000Z,M20-404-2-00984,1475063478,43.95660,4.45229,11468.1,4.3,14.6,107.8,-56.0,34.0,225.2,0x20,405.002,8.6,1875,-1,2.3,,
2026-10-03T11:51:19.000Z,M20-404-2-00984,1475063479,43.95656,4.45247,11472.3,4.7,14.3,102.4,-56.0,34.0,225.1,0x20,405.002,9.3,1875,-1,2.3,,
2026-10-03T11:51:20.000Z,M20-404-2-00984,1475063480,43.95654,4.45264,11476.0,3.0,14.4,99.7,-55.9,34.0,225.0,0x20,405.002,10.4,1875,-1,2.3,,
2026-10-03T11:51:21.000Z,M20-404-2-00984,1475063481,43.95652,4.45282,11478.9,3.0,14.2,100.6,-55.9,33.9,224.9,0x20,405.002,10.4,1875,-1,2.3,,
2026-10-03T11:51:22.000Z,M20-404-2-00984,1475063482,43.95649,4.45298,11483.1,4.6,13.9,110.3,-55.8,33.8,224.7,0x20,405.002,7.7,1875,-1,2.3,,
2026-10-03T11:51:23.000Z,M20-404-2-00984,1475063483,43.95644,4.45314,11487.3,3.4,13.4,110.4,-55.8,33.8,224.6,0x20,405.002,6.6,1875,-1,2.3,,
2026-10-03T11:51:24.000Z,M20-404-2-00984,1475063484,43.95641,4.45330,11491.1,4.7,13.4,105.5,-55.8,33.7,224.5,0x20,405.002,3.8,1875,-1,2.3,,
2026-10-03T11:51:25.000Z,M20-404-2-00984,1475063485,43.95638,4.45347,11494.8,3.1,14.0,102.9,-55.9,33.6,224.3,0x20,405.002,3.8,1875,-1,2.3,,
2026-10-03T11:51:26.000Z,M20-404-2-00984,1475063486,43.95636,4.45364,11498.6,4.1,14.1,100.6,-55.9,33.5,224.2,0x20,405.002,6.5,2250,-1,2.3,,
2026-10-03T11:51:27.000Z,M20-404-2-00984,1475063487,43.95633,4.45381,11502.7,4.4,13.9,102.8,-55.9,33.4,224.0,0x20,405.002,9.9,1875,-1,2.3,,
2026-10-03T11:51:29.000Z,M20-404-2-00984,1475063489,43.95628,4.45414,11511.8,4.4,12.8,100.1,-56.0,33.3,223.7,0x20,405.002,9.0,1875,-1,2.2,,
2026-10-03T11:51:30.000Z,M20-404-2-00984,1475063490,43.95626,4.45429,11515.7,3.5,12.2,94.6,-56.0,33.2,223.6,0x20,405.002,9.0,1875,-1,2.3,,
2026-10-03T11:51:31.000Z,M20-404-2-00984,1475063491,43.95626,4.45445,11519.7,4.2,12.6,95.4,-56.0,33.0,223.4,0x20,405.002,10.7,1875,-1,2.3,,
2026-10-03T11:51:32.000Z,M20-404-2-00984,1475063492,43.95624,4.45461,11524.1,4.1,13.7,100.8,-56.0,33.0,223.3,0x20,405.002,10.7,1875,-1,2.3,,
2026-10-03T11:51:33.000Z,M20-404-2-00984,1475063493,43.95622,4.45478,11527.8,3.3,14.5,104.3,-55.9,32.9,223.1,0x20,405.002,10.9,1875,-1,2.3,,
2026-10-03T11:51:34.000Z,M20-404-2-00984,1475063494,43.95618,4.45496,11532.0,5.2,14.7,104.1,-56.0,32.8,223.0,0x20,405.002,10.9,1875,-1,2.3,,
2026-10-03T11:51:35.000Z,M20-404-2-00984,1475063495,43.95615,4.45513,11535.9,2.8,14.3,102.7,-56.0,32.7,222.8,0x20,405.002,9.1,1875,-1,2.3,,
2026-10-03T11:51:36.000Z,M20-404-2-00984,1475063496,43.95612,4.45531,11538.9,3.5,14.2,105.1,-55.9,32.6,222.8,0x20,405.002,9.1,1875,-1,2.3,,
2026-10-03T11:51:38.000Z,M20-404-2-00984,1475063498,43.95604,4.45563,11547.3,4.2,13.4,111.0,-56.0,32.5,222.4,0x20,405.002,3.0,1875,-1,2.3,,
2026-10-03T11:51:39.000Z,M20-404-2-00984,1475063499,43.95600,4.45578,11552.0,5.1,11.8,108.9,-56.1,32.4,222.2,0x20,405.002,3.9,1875,-1,2.3,,
2026-10-03T11:51:40.000Z,M20-404-2-00984,1475063500,43.95597,4.45592,11555.9,2.9,11.1,104.4,-56.1,32.4,222.2,0x20,405.002,6.7,1875,-1,2.3,,
2026-10-03T11:51:41.000Z,M20-404-2-00984,1475063501,43.95595,4.45606,11560.3,5.6,11.8,101.3,-56.1,32.2,222.0,0x20,405.002,11.1,1875,-1,2.3,,
2026-10-03T11:51:42.000Z,M20-404-2-00984,1475063502,43.95593,4.45621,11565.1,3.3,13.2,101.8,-56.1,32.3,221.8,0x20,405.002,11.1,1875,-1,2.3,,
2026-10-03T11:51:43.000Z,M20-404-2-00984,1475063503,43.95591,4.45637,11569.2,4.8,13.5,100.9,-56.2,32.2,221.7,0x20,405.002,10.4,1875,-1,2.3,,
2026-10-03T11:51:45.000Z,M20-404-2-00984,1475063505,43.95588,4.45669,11578.7,4.2,12.9,94.9,-56.3,32.0,221.4,0x20,405.002,9.2,1875,-1,2.3,,
2026-10-03T11:51:46.000Z,M20-404-2-00984,1475063506,43.95586,4.45686,11583.0,4.0,13.5,101.0,-56.3,31.9,221.2,0x20,405.002,9.3,1875,-1,2.3,,
2026-10-03T11:51:47.000Z,M20-404-2-00984,1475063507,43.95583,4.45702,11587.0,4.2,14.1,108.0,-56.3,31.8,221.1,0x20,405.002,9.3,1875,-1,2.3,,
2026-10-03T11:51:48.000Z,M20-404-2-00984,1475063508,43.95578,4.45719,11590.8,3.3,14.0,112.6,-56.3,31.8,220.9,0x20,405.002,9.4,1875,-1,2.3,,
2026-10-03T11:51:50.000Z,M20-404-2-00984,1475063510,43.95570,4.45747,11599.8,3.6,11.4,110.1,-56.5,31.6,220.6,0x20,405.002,3.2,1875,-1,2.2,,
2026-10-03T11:51:51.000Z,M20-404-2-00984,1475063511,43.95567,4.45761,11603.8,4.6,11.5,105.6,-56.5,31.6,220.5,0x20,405.002,3.6,1875,-1,2.3,,
2026-10-03T11:51:52.000Z,M20-404-2-00984,1475063512,43.95564,4.45775,11608.4,4.7,12.2,106.6,-56.5,31.6,220.4,0x20,405.002,7.4,1875,-1,2.3,,
2026-10-03T11:51:53.000Z,M20-404-2-00984,1475063513,43.95560,4.45790,11612.2,2.9,12.6,108.7,-56.5,31.6,220.2,0x20,405.002,11.1,1875,-1,2.3,,
2026-10-03T11:51:54.000Z,M20-404-2-00984,1475063514,43.95557,4.45805,11615.6,4.0,12.9,106.8,-56.5,31.6,220.1,0x20,405.002,11.1,1875,-1,2.3,,
2026-10-03T11:51:55.000Z,M20-404-2-00984,1475063515,43.95553,4.45820,11619.9,4.4,12.0,105.8,-56.5,31.5,219.9,0x20,405.002,11.8,1875,-1,2.3,,
2026-10-03T11:51:56.000Z,M20-404-2-00984,1475063516,43.95550,4.45834,11624.1,4.5,12.2,107.2,-56.5,31.4,219.8,0x20,405.002,11.8,1875,-1,2.3,,
2026-10-03T11:51:57.000Z,M20-404-2-00984,1475063517,43.95547,4.45849,11628.3,3.9,12.8,111.2,-56.5,31.3,219.6,0x20,405.002,11.8,1875,-1,2.3,,
2026-10-03T11:51:58.000Z,M20-404-2-00984,1475063518,43.95542,4.45864,11631.6,2.8,13.2,111.9,-56.5,31.3,219.5,0x20,405.002,11.3,1875,-1,2.3,,
2026-10-03T11:51:59.000Z,M20-404-2-00984,1475063519,43.95538,4.45879,11635.6,5.0,13.2,107.2,-56.5,31.4,219.4,0x20,405.002,11.3,1875,-1,2.3,,
2026-10-03T11:52:00.000Z,M20-404-2-00984,1475063520,43.95535,4.45895,11640.1,4.0,12.5,105.5,-56.5,31.2,219.2,0x20,405.002,9.5,1875,-1,2.3,,
2026-10-03T11:52:01.000Z,M20-404-2-00984,1475063521,43.95532,4.45910,11644.6,5.4,12.6,106.0,-56.5,31.2,219.1,0x20,405.002,10.4,1875,-1,2.3,,
2026-10-03T11:52:02.000Z,M20-404-2-00984,1475063522,43.95528,4.45925,11648.7,3.1,13.7,110.6,-56.5,31.1,218.9,0x20,405.002,10.4,1875,-1,2.3,,
2026-10-03T11:52:03.000Z,M20-404-2-00984,1475063523,43.95524,4.45941,11652.4,4.6,13.6,110.6,-56.5,31.0,218.8,0x20,405.002,4.0,1875,-1,2.3,,
2026-10-03T11:52:04.000Z,M20-404-2-00984,1475063524,43.95520,4.45957,11656.3,3.2,13.2,107.2,-56.5,30.9,218.7,0x20,405.002,4.0,1875,-1,2.3,,
2026-10-03T11:52:05.000Z,M20-404-2-00984,1475063525,43.95516,4.45973,11659.5,3.6,13.6,106.0,-56.5,31.0,218.5,0x20,405.002,5.0,1875,-1,2.3,,
2026-10-03T11:52:07.000Z,M20-404-2-00984,1475063527,43.95507,4.46005,11667.8,3.8,14.0,115.1,-56.5,30.8,218.2,0x20,405.002,11.4,1875,-1,2.2,,
2026-10-03T11:52:08.000Z,M20-404-2-00984,1475063528,43.95502,4.46020,11671.9,5.0,12.9,113.5,-56.5,30.6,218.1,0x20,405.002,11.4,1875,-1,2.3,,
2026-10-03T11:52:09.000Z,M20-404-2-00984,1475063529,43.95498,4.46035,11675.8,2.7,12.7,113.9,-56.5,30.6,218.0,0x20,405.002,10.4,1875,-1,2.3,,
2026-10-03T11:52:10.000Z,M20-404-2-00984,1475063530,43.95493,4.46049,11679.4,4.9,13.0,112.8,-56.5,30.6,217.8,0x20,405.002,11.1,1875,-1,2.3,,
2026-10-03T11:52:11.000Z,M20-404-2-00984,1475063531,43.95488,4.46064,11683.9,3.9,13.4,116.3,-56.5,30.4,217.7,0x20,405.002,11.5,1875,-1,2.3,,
2026-10-03T11:52:12.000Z,M20-404-2-00984,1475063532,43.95483,4.46079,11687.8,3.9,13.7,113.9,-56.5,30.3,217.5,0x20,405.002,11.5,1875,-1,2.3,,
2026-10-03T11:52:13.000Z,M20-404-2-00984,1475063533,43.95478,4.46095,11692.1,4.6,13.7,112.1,-56.6,30.3,217.4,0x20,405.002,11.5,1875,-1,2.3,,
2026-10-03T11:52:14.000Z,M20-404-2-00984,1475063534,43.95473,4.46110,11696.7,4.4,13.3,111.7,-56.6,30.2,217.3,0x20,405.002,10.9,1875,-1,2.3,,
2026-10-03T11:52:15.000Z,M20-404-2-00984,1475063535,43.95469,4.46125,11700.9,4.8,13.2,116.4,-56.7,30.1,217.1,0x20,405.002,10.2,1875,-1,2.3,,
2026-10-03T11:52:16.000Z,M20-404-2-00984,1475063536,43.95463,4.46140,11705.0,3.1,13.7,117.6,-56.6,30.0,217.0,0x20,405.002,4.1,1875,-1,2.3,,
2026-10-03T11:52:17.000Z,M20-404-2-00984,1475063537,43.95458,4.46155,11709.1,4.8,12.9,119.4,-56.7,29.9,216.8,0x20,405.002,4.1,1875,-1,2.3,,
2026-10-03T11:52:18.000Z,M20-404-2-00984,1475063538,43.95452,4.46169,11713.0,3.3,12.4,116.8,-56.7,29.8,216.7,0x20,405.002,6.5,1875,-1,2.3,,
2026-10-03T11:52:19.000Z,M20-404-2-00984,1475063539,43.95447,4.46183,11717.2,5.1,12.9,116.7,-56.7,29.7,216.5,0x20,405.002,6.5,1875,-1,2.3,,
2026-10-03T11:52:20.000Z,M20-404-2-00984,1475063540,43.95442,4.46197,11721.2,2.5,13.3,120.4,-56.7,29.5,216.4,0x20,405.002,7.9,1875,-1,2.3,,
2026-10-03T11:52:23.000Z,M20-404-2-00984,1475063543,43.95427,4.46239,11733.5,4.9,12.0,117.5,-56.9,29.3,215.9,0x20,405.002,13.1,1875,-1,2.2,,
2026-10-03T11:52:24.000Z,M20-404-2-00984,1475063544,43.95421,4.46252,11738.7,3.7,12.7,119.8,-56.8,29.1,215.8,0x20,405.002,13.1,1875,-1,2.3,,
2026-10-03T11:52:25.000Z,M20-404-2-00984,1475063545,43.95415,4.46265,11741.7,3.7,12.9,122.3,-56.8,29.1,215.7,0x20,405.002,10.6,1875,-1,2.3,,
2026-10-03T11:52:26.000Z,M20-404-2-00984,1475063546,43.95410,4.46279,11746.4,5.2,12.4,116.7,-56.9,29.1,215.5,0x20,405.002,9.6,1875,-1,2.3,,
2026-10-03T11:52:28.000Z,M20-404-2-00984,1475063548,43.95399,4.46306,11755.4,5.8,12.8,118.8,-57.0,28.8,215.2,0x20,405.002,9.6,1875,-1,2.3,,
2026-10-03T11:52:29.000Z,M20-404-2-00984,1475063549,43.95393,4.46320,11760.2,3.4,13.9,123.3,-57.0,28.7,215.1,0x20,405.002,4.9,1875,-1,2.3,,
2026-10-03T11:52:30.000Z,M20-404-2-00984,1475063550,43.95386,4.46334,11764.0,4.5,13.6,123.3,-57.0,28.6,214.9,0x20,405.002,3.1,1875,-1,2.3,,
2026-10-03T11:52:32.000Z,M20-404-2-00984,1475063552,43.95374,4.46361,11772.7,6.3,12.1,123.7,-57.0,28.5,214.7,0x20,405.002,4.6,2250,-1,2.3,,
2026-10-03T11:52:38.000Z,M20-404-2-00984,1475063558,43.95332,4.46434,11797.7,3.0,13.7,128.7,-57.2,27.8,213.8,0x20,405.002,7.1,1875,-1,2.3,,
2026-10-03T11:52:39.000Z,M20-404-2-00984,1475063559,43.95325,4.46447,11801.8,4.8,13.0,127.7,-57.2,27.7,213.6,0x20,405.002,9.1,1875,-1,2.3,,
2026-10-03T11:52:40.000Z,M20-404-2-00984,1475063560,43.95318,4.46460,11805.8,3.3,12.3,124.1,-57.2,27.7,213.5,0x20,405.002,9.4,1875,-1,2.3,,
2026-10-03T11:52:41.000Z,M20-404-2-00984,1475063561,43.95312,4.46472,11809.7,5.1,12.4,119.0,-57.2,27.6,213.3,0x20,405.002,9.4,1875,-1,2.3,,
2026-10-03T11:52:42.000Z,M20-404-2-00984,1475063562,43.95306,4.46487,11814.1,3.3,13.8,119.7,-57.2,27.5,213.2,0x20,405.002,9.4,1875,-1,2.3,,
2026-10-03T11:52:43.000Z,M20-404-2-00984,1475063563,43.95300,4.46501,11818.6,4.5,14.0,120.8,-57.2,27.5,213.1,0x20,405.002,4.0,2250,-1,2.3,,
2026-10-03T11:52:45.000Z,M20-404-2-00984,1475063565,43.95287,4.46529,11828.4,6.0,12.8,123.6,-57.2,27.3,212.7,0x20,405.002,10.9,1875,-1,2.3,,
2026-10-03T11:52:46.000Z,M20-404-2-00984,1475063566,43.95281,4.46543,11833.3,4.0,13.2,125.1,-57.2,27.2,212.6,0x20,405.002,11.5,1875,-1,2.3,,
2026-10-03T11:52:47.000Z,M20-404-2-00984,1475063567,43.95274,4.46556,11837.1,3.4,13.8,124.0,-57.2,27.1,212.4,0x20,405.002,11.5,1875,-1,2.3,,
2026-10-03T11:52:48.000Z,M20-404-2-00984,1475063568,43.95267,4.46570,11841.2,4.3,12.9,120.8,-57.2,27.1,212.3,0x20,405.002,11.3,1875,-1,2.3,,
2026-10-03T11:52:49.000Z,M20-404-2-00984,1475063569,43.95262,4.46584,11846.0,5.0,12.3,122.3,-57.2,26.9,212.1,0x20,405.002,9.3,1875,-1,2.3,,
2026-10-03T11:52:50.000Z,M20-404-2-00984,1475063570,43.95255,4.46597,11851.0,5.9,13.2,121.6,-57.3,26.9,211.9,0x20,405.002,10.0,1875,-1,2.3,,
2026-10-03T11:52:52.000Z,M20-404-2-00984,1475063572,43.95243,4.46626,11860.9,5.1,13.7,119.7,-57.3,26.7,211.7,0x20,405.002,5.3,1875,-1,2.2,,
2026-10-03T11:52:53.000Z,M20-404-2-00984,1475063573,43.95237,4.46640,11865.7,4.6,13.1,118.1,-57.3,26.7,211.5,0x20,405.002,9.5,1875,-1,2.3,,
2026-10-03T11:52:54.000Z,M20-404-2-00984,1475063574,43.95231,4.46655,11869.5,5.8,14.1,117.8,-57.4,26.6,211.3,0x20,405.002,9.5,1875,-1,2.3,,
2026-10-03T11:52:55.000Z,M20-404-2-00984,1475063575,43.95225,4.46671,11873.7,2.9,14.2,118.8,-57.3,26.5,211.2,0x20,405.002,2.9,1875,-1,2.3,,
2026-10-03T11:52:56.000Z,M20-404-2-00984,1475063576,43.95219,4.46686,11877.6,4.6,13.6,117.6,-57.3,26.5,211.1,0x20,405.002,2.9,1875,-1,2.3,,
2026-10-03T11:52:57.000Z,M20-404-2-00984,1475063577,43.95214,4.46700,11881.6,4.7,11.8,115.2,-57.5,26.4,210.9,0x20,405.002,9.4,1875,-1,2.3,,
2026-10-03T11:52:58.000Z,M20-404-2-00984,1475063578,43.95209,4.46714,11885.7,4.3,12.0,118.7,-57.5,26.3,210.8,0x20,405.002,9.4,1875,-1,2.3,,
2026-10-03T11:52:59.000Z,M20-404-2-00984,1475063579,43.95203,4.46727,11890.5,5.2,13.2,121.5,-57.5,26.2,210.6,0x20,405.002,9.5,1875,-1,2.3,,
2026-10-03T11:53:00.000Z,M20-404-2-00984,1475063580,43.95197,4.46741,11895.4,4.4,14.0,120.5,-57.5,26.2,210.4,0x20,405.002,11.1,1875,-1,2.3,,
2026-10-03T11:53:01.000Z,M20-404-2-00984,1475063581,43.95191,4.46757,11899.6,4.6,14.1,115.6,-57.5,26.1,210.3,0x20,405.002,11.1,1875,-1,2.3,,
2026-10-03T11:53:02.000Z,M20-404-2-00984,1475063582,43.95186,4.46773,11904.2,4.8,13.9,113.0,-57.6,26.0,210.1,0x20,405.002,11.4,1875,-1,2.3,,
2026-10-03T11:53:03.000Z,M20-404-2-00984,1475063583,43.95181,4.46788,11909.2,4.1,13.4,112.9,-57.6,26.0,210.0,0x20,405.002,11.4,1875,-1,2.3,,
2026-10-03T11:53:04.000Z,M20-404-2-00984,1475063584,43.95176,4.46803,11913.8,4.9,13.8,119.4,-57.7,25.9,209.8,0x20,405.002,9.4,1875,-1,2.3,,
2026-10-03T11:53:05.000Z,M20-404-2-00984,1475063585,43.95169,4.46818,11918.9,4.2,14.7,122.8,-57.7,25.9,209.7,0x20,405.002,8.4,1875,-1,2.3,,
2026-10-03T11:53:06.000Z,M20-404-2-00984,1475063586,43.95162,4.46833,11923.9,5.4,13.9,121.7,-57.8,25.8,209.5,0x20,405.002,8.4,1875,-1,2.3,,
2026-10-03T11:53:07.000Z,M20-404-2-00984,1475063587,43.95156,4.46848,11928.5,3.6,13.4,120.6,-57.8,25.8,209.3,0x20,405.002,5.5,1875,-1,2.3,,
2026-10-03T11:53:10.000Z,M20-404-2-00984,1475063590,43.95137,4.46893,11942.9,4.9,15.2,122.5,-57.9,25.7,208.9,0x20,405.002,5.6,1875,-1,2.3,,
2026-10-03T11:53:11.000Z,M20-404-2-00984,1475063591,43.95130,4.46909,11947.9,5.5,15.0,116.7,-58.0,25.6,208.7,0x20,405.002,9.8,1875,-1,2.3,,
2026-10-03T11:53:12.000Z,M20-404-2-00984,1475063592,43.95125,4.46926,11952.4,3.4,14.9,112.2,-58.0,25.6,208.5,0x20,405.002,9.8,1875,-1,2.2,,
2026-10-03T11:53:13.000Z,M20-404-2-00984,1475063593,43.95120,4.46943,11956.7,4.4,14.1,109.7,-58.0,25.5,208.4,0x20,405.002,8.7,1875,-1,2.2,,
2026-10-03T11:53:16.000Z,M20-404-2-00984,1475063596,43.95105,4.46991,11971.8,5.2,13.5,115.9,-58.2,25.3,207.9,0x20,405.002,7.4,1875,-1,2.2,,
2026-10-03T11:53:17.000Z,M20-404-2-00984,1475063597,43.95100,4.47006,11976.5,3.6,13.8,116.4,-58.1,25.3,207.8,0x20,405.002,12.1,1875,-1,2.2,,
2026-10-03T11:53:18.000Z,M20-404-2-00984,1475063598,43.95094,4.47021,11981.4,5.7,14.7,118.9,-58.2,25.2,207.6,0x20,405.002,12.1,1875,-1,2.3,,
2026-10-03T11:53:19.000Z,M20-404-2-00984,1475063599,43.95087,4.47038,11985.9,3.8,15.7,122.3,-58.2,25.2,207.5,0x20,405.002,11.4,1875,-1,2.3,,
2026-10-03T11:53:21.000Z,M20-404-2-00984,1475063601,43.95074,4.47070,11995.0,3.6,13.9,118.4,-58.3,25.1,207.2,0x20,405.002,3.9,1875,-1,2.3,,
2026-10-03T11:53:22.000Z,M20-404-2-00984,1475063602,43.95068,4.47085,11999.5,5.6,13.9,119.0,-58.4,25.1,207.0,0x20,405.002,2.9,1875,-1,2.3,,
2026-10-03T11:53:23.000Z,M20-404-2-00984,1475063603,43.95061,4.47100,12004.4,4.7,14.5,119.3,-58.4,25.1,206.8,0x20,405.002,5.3,1875,-1,2.3,,
2026-10-03T11:53:24.000Z,M20-404-2-00984,1475063604,43.95055,4.47116,12009.0,5.0,14.0,118.8,-58.5,25.1,206.7,0x20,405.002,8.2,1875,-1,2.3,,
2026-10-03T11:53:25.000Z,M20-404-2-00984,1475063605,43.95050,4.47131,12014.1,4.2,13.0,115.9,-58.5,25.1,206.5,0x20,405.002,11.9,1875,-1,2.3,,
2026-10-03T11:53:26.000Z,M20-404-2-00984,1475063606,43.95045,4.47145,12018.0,3.9,13.2,115.1,-58.5,25.1,206.4,0x20,405.002,11.9,1875,-1,2.2,,
2026-10-03T11:53:27.000Z,M20-404-2-00984,1475063607,43.95040,4.47161,12022.4,5.0,14.6,112.2,-58.6,25.0,206.2,0x20,405.002,8.8,1875,-1,2.3,,
2026-10-03T11:53:28.000Z,M20-404-2-00984,1475063608,43.95035,4.47179,12026.9,4.2,15.6,112.6,-58.6,25.0,206.1,0x20,405.002,9.3,1875,-1,2.2,,
2026-10-03T11:53:29.000Z,M20-404-2-00984,1475063609,43.95029,4.47197,12031.8,5.8,16.0,114.1,-58.6,25.0,205.9,0x20,405.002,9.3,1875,-1,2.2,,
2026-10-03T11:53:30.000Z,M20-404-2-00984,1475063610,43.95024,4.47214,12036.9,4.1,15.3,114.9,-58.7,25.0,205.8,0x20,405.002,11.0,1875,-1,2.2,,
2026-10-03T11:53:31.000Z,M20-404-2-00984,1475063611,43.95018,4.47231,12040.9,4.2,15.1,114.5,-58.7,25.0,205.6,0x20,405.002,11.0,1875,-1,2.2,,
2026-10-03T11:53:32.000Z,M20-404-2-00984,1475063612,43.95012,4.47248,12045.7,4.3,15.4,117.1,-58.8,24.9,205.4,0x20,405.002,8.6,1875,-1,2.2,,
2026-10-03T11:53:33.000Z,M20-404-2-00984,1475063613,43.95006,4.47265,12050.4,5.0,15.2,117.8,-58.8,24.9,205.3,0x20,405.002,5.5,1875,-1,2.2,,
2026-10-03T11:53:34.000Z,M20-404-2-00984,1475063614,43.94999,4.47281,12055.4,4.8,14.2,121.6,-58.9,24.9,205.2,0x20,405.002,3.0,1875,-1,2.2,,
2026-10-03T11:53:37.000Z,M20-404-2-00984,1475063617,43.94980,4.47326,12070.2,5.7,15.2,117.3,-59.0,24.9,204.7,0x20,405.002,10.4,1875,-1,2.2,,
2026-10-03T11:53:38.000Z,M20-404-2-00984,1475063618,43.94974,4.47343,12073.9,3.9,16.3,113.9,-59.0,24.9,204.5,0x20,405.002,10.4,1875,-1,2.2,,
2026-10-03T11:53:39.000Z,M20-404-2-00984,1475063619,43.94968,4.47362,12079.2,4.4,16.4,104.7,-59.0,24.7,204.4,0x20,405.002,10.5,1875,-1,2.3,,
2026-10-03T11:53:43.000Z,M20-404-2-00984,1475063623,43.94953,4.47435,12097.7,3.6,15.0,114.8,-59.0,24.8,203.8,0x20,405.002,8.5,1875,-1,2.3,,
2026-10-03T11:53:44.000Z,M20-404-2-00984,1475063624,43.94947,4.47452,12102.8,6.3,15.4,117.3,-59.1,24.7,203.7,0x20,405.002,11.5,1875,-1,2.3,,
2026-10-03T11:53:45.000Z,M20-404-2-00984,1475063625,43.94941,4.47469,12107.5,3.8,15.3,114.1,-59.2,24.7,203.5,0x20,405.002,11.5,1875,-1,2.3,,
2026-10-03T11:53:46.000Z,M20-404-2-00984,1475063626,43.94936,4.47487,12112.4,5.7,15.7,114.0,-59.2,24.7,203.3,0x20,405.002,10.1,1875,-1,2.3,,
2026-10-03T11:53:47.000Z,M20-404-2-00984,1475063627,43.94930,4.47505,12117.9,5.1,16.3,117.3,-59.2,24.8,203.2,0x20,405.002,3.3,1875,-1,2.3,,
2026-10-03T11:53:48.000Z,M20-404-2-00984,1475063628,43.94923,4.47523,12122.9,5.4,16.1,114.4,-59.3,24.7,203.1,0x20,405.002,3.3,1875,-1,2.3,,
2026-10-03T11:53:50.000Z,M20-404-2-00984,1475063630,43.94913,4.47558,12130.9,4.0,14.0,110.4,-59.3,24.8,202.7,0x20,405.002,9.8,1875,-1,2.3,,
2026-10-03T11:53:51.000Z,M20-404-2-00984,1475063631,43.94909,4.47574,12135.7,6.0,13.2,114.8,-59.3,24.8,202.6,0x20,405.002,13.6,1875,-1,2.3,,
2026-10-03T11:53:52.000Z,M20-404-2-00984,1475063632,43.94903,4.47588,12141.1,4.7,13.8,118.5,-59.4,24.8,202.4,0x20,405.002,13.6,1875,-1,2.3,,
2026-10-03T11:53:53.000Z,M20-404-2-00984,1475063633,43.94897,4.47604,12145.7,4.3,15.4,118.1,-59.4,24.8,202.3,0x20,405.002,9.5,1875,-1,2.2,,
2026-10-03T11:53:54.000Z,M20-404-2-00984,1475063634,43.94891,4.47622,12150.5,5.2,16.0,112.6,-59.5,24.9,202.1,0x20,405.002,9.5,1875,-1,2.2,,
2026-10-03T11:53:55.000Z,M20-404-2-00984,1475063635,43.94886,4.47641,12155.5,5.1,16.5,110.6,-59.5,24.9,202.0,0x20,405.002,11.1,1875,-1,2.3,,
2026-10-03T11:53:56.000Z,M20-404-2-00984,1475063636,43.94881,4.47660,12160.7,5.5,16.8,111.9,-59.6,24.8,201.8,0x20,405.002,11.1,1875,-1,2.3,,
2026-10-03T11:53:57.000Z,M20-404-2-00984,1475063637,43.94875,4.47679,12165.5,4.2,16.7,115.2,-59.6,24.9,201.6,0x20,405.002,11.1,1875,-1,2.2,,
2026-10-03T11:53:58.000Z,M20-404-2-00984,1475063638,43.94869,4.47697,12170.7,6.7,15.4,114.6,-59.6,25.0,201.5,0x20,405.002,10.8,1875,-1,2.2,,
2026-10-03T11:53:59.000Z,M20-404-2-00984,1475063639,43.94864,4.47714,12176.0,4.0,14.7,110.2,-59.6,24.9,201.3,0x20,405.002,3.9,1875,-1,2.2,,
2026-10-03T11:54:01.000Z,M20-404-2-00984,1475063641,43.94853,4.47748,12185.2,4.4,15.2,116.1,-59.6,25.0,201.0,0x20,405.002,3.2,1875,-1,2.2,,
2026-10-03T11:54:02.000Z,M20-404-2-00984,1475063642,43.94848,4.47765,12189.6,4.1,15.3,115.2,-59.6,24.9,200.9,0x20,405.002,7.1,1875,-1,2.2,,
