timestamp,serial,frame,lat,lon,alt,vel_v,vel_h,heading,temp,humidity,pressure,type,freq_mhz,snr,f_error_hz,sats,batt_v,burst_timer,aux_data
2026-09-14T12:35:12.002Z,Y1212225,7274,44.83404,8.45297,28992.8,5.3,2.0,7.9,-273.0,-1.0,-1.0,RS41,404.900,6.7,250,10,2.7,,
2026-09-14T12:35:17.002Z,Y1212225,7279,44.83404,8.45288,29023.7,6.9,3.6,257.1,-273.0,-1.0,-1.0,RS41,404.900,7.0,250,10,2.6,,
2026-09-14T12:35:45.002Z,Y1212225,7307,44.83401,8.45220,29187.0,5.5,6.4,215.2,-273.0,-1.0,-1.0,RS41,404.900,7.2,250,11,2.7,,
2026-09-14T12:35:46.002Z,Y1212225,7308,44.83396,8.45215,29192.1,4.9,6.5,212.0,-273.0,-1.0,-1.0,RS41,404.900,7.4,250,11,2.7,,
2026-09-14T12:35:53.002Z,Y1212225,7315,44.83389,8.45195,29233.5,4.9,1.8,17.8,-273.0,-1.0,-1.0,RS41,404.900,7.6,250,11,2.6,,
2026-09-14T12:35:54.002Z,Y1212225,7316,44.83390,8.45196,29239.2,6.6,1.9,21.2,-273.0,-1.0,-1.0,RS41,404.900,7.6,250,11,2.7,,
2026-09-14T12:35:55.002Z,Y1212225,7317,44.83392,8.45196,29245.8,6.7,1.9,356.7,-273.0,-1.0,-1.0,RS41,404.900,7.4,250,11,2.7,,
2026-09-14T12:35:58.002Z,Y1212225,7320,44.83395,8.45193,29263.6,6.7,1.3,246.5,-273.0,-1.0,-1.0,RS41,404.900,7.8,250,11,2.6,,
2026-09-14T12:35:59.002Z,Y1212225,7321,44.83394,8.45191,29269.9,5.8,1.8,209.8,-273.0,-1.0,-1.0,RS41,404.900,7.8,250,11,2.6,,
2026-09-14T12:36:02.002Z,Y1212225,7324,44.83389,8.45185,29288.8,6.4,3.6,239.6,-273.0,-1.0,-1.0,RS41,404.900,7.6,250,11,2.7,,
2026-09-14T12:36:07.002Z,Y1212225,7329,44.83384,8.45167,29318.0,5.3,0.9,248.8,-273.0,-1.0,-1.0,RS41,404.900,7.3,250,11,2.7,,
2026-09-14T12:36:08.002Z,Y1212225,7330,44.83384,8.45166,29323.8,6.3,0.5,282.9,-273.0,-1.0,-1.0,RS41,404.900,7.3,250,11,2.7,,
2026-09-14T12:36:09.002Z,Y1212225,7331,44.83385,8.45165,29330.1,6.4,1.1,318.4,-273.0,-1.0,-1.0,RS41,404.900,7.5,250,11,2.6,,
2026-09-14T12:36:10.002Z,Y1212225,7332,44.83386,8.45164,29335.9,5.2,1.8,328.2,-273.0,-1.0,-1.0,RS41,404.900,8.3,250,11,2.6,,
2026-09-14T12:36:23.002Z,Y1212225,7345,44.83390,8.45161,29412.4,5.4,2.0,100.3,-273.0,-1.0,-1.0,RS41,404.900,7.2,250,11,2.6,,
2026-09-14T12:36:24.002Z,Y1212225,7346,44.83391,8.45163,29418.0,5.7,2.3,72.8,-273.0,-1.0,-1.0,RS41,404.900,7.2,250,11,2.6,,
2026-09-14T12:36:25.002Z,Y1212225,7347,44.83391,8.45166,29424.0,6.4,2.2,47.0,-273.0,-1.0,-1.0,RS41,404.900,6.9,250,11,2.7,,
2026-09-14T12:36:26.002Z,Y1212225,7348,44.83393,8.45167,29430.5,6.6,2.1,17.4,-273.0,-1.0,-1.0,RS41,404.900,7.4,250,11,2.7,,
2026-09-14T12:36:29.002Z,Y1212225,7351,44.83399,8.45168,29447.3,5.8,2.1,18.2,-273.0,-1.0,-1.0,RS41,404.900,6.9,250,11,2.6,,
2026-09-14T12:36:30.002Z,Y1212225,7352,44.83401,8.45170,29453.5,6.5,2.3,51.4,-273.0,-1.0,-1.0,RS41,404.900,7.4,250,11,2.6,,
2026-09-14T12:36:31.002Z,Y1212225,7353,44.83402,8.45173,29459.9,6.1,3.2,69.5,-273.0,-1.0,-1.0,RS41,404.900,8.4,250,11,2.7,,
2026-09-14T12:36:32.002Z,Y1212225,7354,44.83403,8.45177,29465.4,5.0,3.7,74.2,-273.0,-1.0,-1.0,RS41,404.900,8.4,250,11,2.7,,
2026-09-14T12:36:33.002Z,Y1212225,7355,44.83404,8.45181,29470.6,5.4,3.6,71.3,-273.0,-1.0,-1.0,RS41,404.900,8.2,250,11,2.6,,
2026-09-14T12:36:34.002Z,Y1212225,7356,44.83405,8.45185,29476.8,6.8,2.7,55.8,-273.0,-1.0,-1.0,RS41,404.900,8.2,250,11,2.6,,
2026-09-14T12:36:35.002Z,Y1212225,7357,44.83406,8.45187,29483.4,6.4,2.1,25.2,-273.0,-1.0,-1.0,RS41,404.900,8.2,250,11,2.7,,
2026-09-14T12:36:36.002Z,Y1212225,7358,44.83408,8.45187,29489.2,5.2,2.2,356.2,-273.0,-1.0,-1.0,RS41,404.900,7.8,250,11,2.7,,
2026-09-14T12:36:37.002Z,Y1212225,7359,44.83410,8.45187,29495.0,6.3,2.4,350.7,-273.0,-1.0,-1.0,RS41,404.900,7.8,250,11,2.6,,
2026-09-14T12:36:38.002Z,Y1212225,7360,44.83413,8.45187,29501.9,7.4,2.6,7.9,-273.0,-1.0,-1.0,RS41,404.900,7.9,250,11,2.6,,
2026-09-14T12:36:39.002Z,Y1212225,7361,44.83415,8.45188,29508.2,5.3,2.9,27.1,-273.0,-1.0,-1.0,RS41,404.900,7.9,250,11,2.6,,
2026-09-14T12:36:40.002Z,Y1212225,7362,44.83417,8.45190,29513.6,5.4,3.3,40.1,-273.0,-1.0,-1.0,RS41,404.900,7.9,250,11,2.7,,
2026-09-14T12:36:41.002Z,Y1212225,7363,44.83419,8.45193,29519.6,6.7,3.2,44.7,-273.0,-1.0,-1.0,RS41,404.900,7.9,250,11,2.7,,
2026-09-14T12:36:43.002Z,Y1212225,7365,44.83423,8.45197,29532.7,5.5,2.4,42.7,-273.0,-1.0,-1.0,RS41,404.900,7.1,250,11,2.6,,
2026-09-14T12:36:44.002Z,Y1212225,7366,44.83424,8.45200,29538.6,6.4,2.2,59.5,-273.0,-1.0,-1.0,RS41,404.900,8.2,250,11,2.6,,
2026-09-14T12:36:46.002Z,Y1212225,7368,44.83425,8.45207,29551.6,5.9,3.8,90.3,-273.0,-1.0,-1.0,RS41,404.900,8.3,250,11,2.7,,
2026-09-14T12:36:47.002Z,Y1212225,7369,44.83425,8.45212,29557.3,5.5,4.1,95.5,-273.0,-1.0,-1.0,RS41,404.900,8.3,250,11,2.7,,
2026-09-14T12:36:48.002Z,Y1212225,7370,44.83425,8.45217,29563.3,6.6,3.4,99.3,-273.0,-1.0,-1.0,RS41,404.900,8.2,250,11,2.7,,
2026-09-14T12:36:49.002Z,Y1212225,7371,44.83424,8.45220,29570.2,7.2,1.8,101.2,-273.0,-1.0,-1.0,RS41,404.900,8.2,250,11,2.6,,
2026-09-14T12:36:50.002Z,Y1212225,7372,44.83424,8.45221,29576.8,5.8,0.4,112.0,-273.0,-1.0,-1.0,RS41,404.900,8.2,250,11,2.6,,
2026-09-14T12:36:54.002Z,Y1212225,7376,44.83427,8.45220,29600.6,6.0,1.9,32.0,-273.0,-1.0,-1.0,RS41,404.900,8.2,250,11,2.7,,
2026-09-14T12:36:55.002Z,Y1212225,7377,44.83429,8.45222,29606.1,5.1,2.8,37.6,-273.0,-1.0,-1.0,RS41,404.900,9.0,250,11,2.6,,
2026-09-14T12:36:57.002Z,Y1212225,7379,44.83433,8.45226,29617.2,6.4,2.7,15.0,-273.0,-1.0,-1.0,RS41,404.900,9.1,250,11,2.6,,
2026-09-14T12:36:58.002Z,Y1212225,7380,44.83435,8.45226,29623.7,6.6,2.1,346.6,-273.0,-1.0,-1.0,RS41,404.900,9.1,250,11,2.7,,
2026-09-14T12:37:02.002Z,Y1212225,7384,44.83435,8.45224,29647.6,6.3,3.1,147.0,-273.0,-1.0,-1.0,RS41,404.900,8.0,250,11,2.7,,
2026-09-14T12:37:03.002Z,Y1212225,7385,44.83432,8.45227,29653.1,4.7,4.4,134.7,-273.0,-1.0,-1.0,RS41,404.900,8.1,250,11,2.7,,
2026-09-14T12:37:04.002Z,Y1212225,7386,44.83429,8.45231,29658.2,5.5,5.0,124.1,-273.0,-1.0,-1.0,RS41,404.900,8.1,250,11,2.6,,
2026-09-14T12:37:19.002Z,Y1212225,7401,44.83437,8.45290,29750.9,5.2,6.6,97.2,-273.0,-1.0,-1.0,RS41,404.900,6.3,250,11,2.7,,
2026-09-14T12:37:21.002Z,Y1212225,7403,44.83435,8.45306,29762.9,7.5,5.7,94.4,-273.0,-1.0,-1.0,RS41,404.900,6.7,250,11,2.7,,
2026-09-14T12:37:22.002Z,Y1212225,7404,44.83435,8.45312,29770.1,6.9,4.0,89.0,-273.0,-1.0,-1.0,RS41,404.900,7.3,250,11,2.6,,
2026-09-14T12:37:23.002Z,Y1212225,7405,44.83436,8.45316,29775.8,4.6,2.7,79.9,-273.0,-1.0,-1.0,RS41,404.900,7.3,250,11,2.6,,
2026-09-14T12:37:27.002Z,Y1212225,7409,44.83439,8.45327,29799.1,5.2,3.1,76.0,-273.0,-1.0,-1.0,RS41,404.900,7.0,250,11,2.6,,
2026-09-14T12:37:28.002Z,Y1212225,7410,44.83439,8.45331,29805.0,6.6,3.1,83.3,-273.0,-1.0,-1.0,RS41,404.900,8.1,250,11,2.6,,
2026-09-14T12:37:29.002Z,Y1212225,7411,44.83440,8.45335,29811.8,7.0,2.7,87.9,-273.0,-1.0,-1.0,RS41,404.900,8.1,250,11,2.7,,
2026-09-14T12:37:30.002Z,Y1212225,7412,44.83440,8.45338,29818.3,6.0,2.5,89.0,-273.0,-1.0,-1.0,RS41,404.900,7.2,250,11,2.7,,
2026-09-14T12:37:32.002Z,Y1212225,7414,44.83440,8.45346,29831.8,7.3,4.5,78.8,-273.0,-1.0,-1.0,RS41,404.900,6.6,250,11,2.6,,
2026-09-14T12:37:33.002Z,Y1212225,7415,44.83442,8.45353,29838.4,5.9,5.9,75.1,-273.0,-1.0,-1.0,RS41,404.900,8.5,250,11,2.7,,
2026-09-14T12:37:35.002Z,Y1212225,7417,44.83446,8.45369,29849.0,5.6,7.1,63.4,-273.0,-1.0,-1.0,RS41,404.900,8.2,250,11,2.6,,
2026-09-14T12:37:36.002Z,Y1212225,7418,44.83449,8.45376,29855.2,6.7,6.6,54.0,-273.0,-1.0,-1.0,RS41,404.900,8.2,250,11,2.6,,
2026-09-14T12:37:37.002Z,Y1212225,7419,44.83453,8.45382,29861.7,6.4,6.1,45.5,-273.0,-1.0,-1.0,RS41,404.900,7.6,250,11,2.6,,
2026-09-14T12:37:38.002Z,Y1212225,7420,44.83456,8.45387,29867.8,5.6,5.8,39.7,-273.0,-1.0,-1.0,RS41,404.900,7.4,250,11,2.7,,
2026-09-14T12:37:46.002Z,Y1212225,7428,44.83480,8.45434,29917.0,5.5,4.4,50.1,-273.0,-1.0,-1.0,RS41,404.900,7.2,250,11,2.7,,
2026-09-14T12:37:47.002Z,Y1212225,7429,44.83483,8.45438,29923.3,6.9,4.4,56.5,-273.0,-1.0,-1.0,RS41,404.900,7.3,250,11,2.6,,
2026-09-14T12:37:50.002Z,Y1212225,7432,44.83487,8.45456,29941.0,5.1,5.4,77.8,-273.0,-1.0,-1.0,RS41,404.900,6.8,250,11,2.7,,
2026-09-14T12:37:55.002Z,Y1212225,7437,44.83494,8.45484,29972.0,6.8,6.1,54.6,-273.0,-1.0,-1.0,RS41,404.900,8.0,250,11,2.6,,
2026-09-14T12:37:56.002Z,Y1212225,7438,44.83498,8.45491,29978.9,6.8,7.5,55.5,-273.0,-1.0,-1.0,RS41,404.900,8.2,250,11,2.7,,
2026-09-14T12:37:57.002Z,Y1212225,7439,44.83502,8.45499,29984.9,5.3,8.4,57.2,-273.0,-1.0,-1.0,RS41,404.900,8.2,250,11,2.7,,
2026-09-14T12:37:58.002Z,Y1212225,7440,44.83506,8.45508,29990.2,5.4,8.5,59.4,-273.0,-1.0,-1.0,RS41,404.900,8.2,250,11,2.7,,
2026-09-14T12:37:59.002Z,Y1212225,7441,44.83509,8.45517,29996.4,7.0,7.5,60.7,-273.0,-1.0,-1.0,RS41,404.900,8.0,250,11,2.6,,
2026-09-14T12:38:02.002Z,Y1212225,7444,44.83516,8.45534,30015.0,5.3,3.1,73.2,-273.0,-1.0,-1.0,RS41,404.900,6.7,250,11,2.7,,
2026-09-14T12:38:03.002Z,Y1212225,7445,44.83516,8.45538,30021.1,6.7,3.2,85.2,-273.0,-1.0,-1.0,RS41,404.900,8.1,250,11,2.7,,
2026-09-14T12:38:04.002Z,Y1212225,7446,44.83516,8.45542,30027.9,7.1,4.1,88.3,-273.0,-1.0,-1.0,RS41,404.900,8.1,250,11,2.6,,
2026-09-14T12:38:05.002Z,Y1212225,7447,44.83516,8.45548,30034.1,5.4,5.0,85.9,-273.0,-1.0,-1.0,RS41,404.900,7.8,250,11,2.6,,
2026-09-14T12:38:06.002Z,Y1212225,7448,44.83517,8.45554,30040.0,6.2,5.5,80.8,-273.0,-1.0,-1.0,RS41,404.900,7.9,250,11,2.7,,
2026-09-14T12:38:07.002Z,Y1212225,7449,44.83518,8.45561,30046.7,7.2,5.4,73.8,-273.0,-1.0,-1.0,RS41,404.900,8.6,250,11,2.7,,
2026-09-14T12:38:08.002Z,Y1212225,7450,44.83520,8.45567,30053.7,6.9,5.1,65.6,-273.0,-1.0,-1.0,RS41,404.900,8.6,250,11,2.6,,
2026-09-14T12:38:09.002Z,Y1212225,7451,44.83522,8.45573,30059.8,5.6,5.0,58.3,-44.3,-1.0,-1.0,RS41,404.900,8.0,250,11,2.6,,
2026-09-14T12:38:12.002Z,Y1212225,7454,44.83530,8.45592,30078.6,6.7,7.1,64.4,-44.3,-1.0,-1.0,RS41,404.900,7.4,250,11,2.6,,
2026-09-14T12:38:14.002Z,Y1212225,7456,44.83534,8.45609,30090.6,5.9,6.5,78.2,-44.1,-1.0,-1.0,RS41,404.900,7.1,250,11,2.6,,
2026-09-14T12:38:16.002Z,Y1212225,7458,44.83534,8.45621,30103.6,6.7,3.7,113.1,-44.3,-1.0,-1.0,RS41,404.900,7.8,250,11,2.7,,
2026-09-14T12:38:17.002Z,Y1212225,7459,44.83532,8.45625,30109.7,5.5,3.2,134.3,-44.4,-1.0,-1.0,RS41,404.900,8.1,250,11,2.7,,
2026-09-14T12:38:18.002Z,Y1212225,7460,44.83530,8.45628,30115.3,5.7,3.3,142.3,-44.5,-1.0,-1.0,RS41,404.900,8.1,250,11,2.6,,
2026-09-14T12:38:20.002Z,Y1212225,7462,44.83526,8.45635,30128.7,7.2,4.9,114.4,-44.6,-1.0,-1.0,RS41,404.900,6.9,250,11,2.6,,
2026-09-14T12:38:21.002Z,Y1212225,7463,44.83524,8.45642,30134.9,5.2,5.9,103.6,-44.5,-1.0,-1.0,RS41,404.900,7.6,250,11,2.7,,
2026-09-14T12:38:23.002Z,Y1212225,7465,44.83524,8.45658,30146.1,6.5,6.7,87.1,-44.2,-1.0,-1.0,RS41,404.900,7.3,250,11,2.7,,
2026-09-14T12:38:26.002Z,Y1212225,7468,44.83525,8.45678,30165.2,5.7,4.5,81.9,-44.0,-1.0,-1.0,RS41,404.900,6.9,250,11,2.6,,
2026-09-14T12:38:27.002Z,Y1212225,7469,44.83526,8.45684,30171.4,6.7,4.5,87.4,-44.0,-1.0,-1.0,RS41,404.900,7.4,250,11,2.7,,
2026-09-14T12:38:28.002Z,Y1212225,7470,44.83526,8.45690,30178.3,7.1,5.2,93.3,-44.0,-1.0,-1.0,RS41,404.900,8.4,250,11,2.7,,
2026-09-14T12:38:29.002Z,Y1212225,7471,44.83525,8.45697,30184.9,6.2,5.5,101.3,-44.0,-1.0,-1.0,RS41,404.900,8.9,250,11,2.7,,
2026-09-14T12:38:30.002Z,Y1212225,7472,44.83524,8.45703,30191.3,6.4,5.6,112.2,-44.0,-1.0,-1.0,RS41,404.900,8.9,250,11,2.6,,
2026-09-14T12:38:38.002Z,Y1212225,7480,44.83511,8.45732,30241.3,5.0,5.9,61.0,-44.2,-1.0,-1.0,RS41,404.900,6.9,250,11,2.6,,
2026-09-14T12:38:39.002Z,Y1212225,7481,44.83514,8.45739,30246.3,5.0,6.7,63.9,-44.3,-1.0,-1.0,RS41-SG,404.900,7.4,250,11,2.7,,
2026-09-14T12:38:40.002Z,Y1212225,7482,44.83516,8.45746,30252.1,6.6,6.2,74.0,-44.4,-1.0,-1.0,RS41-SG,404.900,7.4,250,11,2.7,,
2026-09-14T12:38:50.002Z,Y1212225,7492,44.83497,8.45781,30314.3,6.3,3.0,113.7,-44.7,-1.0,-1.0,RS41-SG,404.900,7.0,250,11,2.7,,
2026-09-14T12:38:51.002Z,Y1212225,7493,44.83496,8.45785,30320.2,5.6,3.6,108.4,-44.7,0.6,-1.0,RS41-SG,404.900,7.4,250,11,2.6,,
2026-09-14T12:38:53.002Z,Y1212225,7495,44.83494,8.45797,30331.7,5.9,6.4,98.5,-44.7,0.6,-1.0,RS41-SG,404.900,7.7,250,11,2.7,,
2026-09-14T12:38:54.002Z,Y1212225,7496,44.83493,8.45806,30337.8,6.3,7.9,97.7,-44.6,0.6,-1.0,RS41-SG,404.900,7.7,250,11,2.7,,
2026-09-14T12:38:55.002Z,Y1212225,7497,44.83492,8.45816,30343.9,6.0,8.7,101.4,-44.6,0.6,-1.0,RS41-SG,404.900,7.6,250,11,2.6,,
2026-09-14T12:38:56.002Z,Y1212225,7498,44.83490,8.45826,30349.9,5.9,8.7,108.4,-44.5,0.6,-1.0,RS41-SG,404.900,7.6,250,11,2.6,,
2026-09-14T12:38:57.002Z,Y1212225,7499,44.83486,8.45836,30356.0,6.3,7.8,121.8,-44.5,0.6,-1.0,RS41-SG,404.900,7.9,250,11,2.6,,
2026-09-14T12:38:59.002Z,Y1212225,7501,44.83477,8.45846,30369.1,6.3,6.3,167.3,-44.5,0.6,-1.0,RS41-SG,404.900,7.0,250,11,2.7,,
2026-09-14T12:39:11.002Z,Y1212225,7513,44.83445,8.45892,30437.9,5.8,4.0,107.6,-44.2,0.6,-1.0,RS41-SG,404.900,8.1,250,11,2.7,,
2026-09-14T12:39:12.002Z,Y1212225,7514,44.83444,8.45897,30444.3,7.0,3.8,116.6,-44.4,0.6,-1.0,RS41-SG,404.900,8.1,250,11,2.7,,
2026-09-14T12:39:13.002Z,Y1212225,7515,44.83442,8.45901,30450.9,6.3,4.3,126.6,-44.4,0.6,-1.0,RS41-SG,404.900,8.0,250,11,2.6,,
2026-09-14T12:39:14.002Z,Y1212225,7516,44.83439,8.45905,30456.7,5.2,4.8,139.2,-44.4,0.6,-1.0,RS41-SG,404.900,8.3,250,11,2.6,,
2026-09-14T12:39:21.002Z,Y1212225,7523,44.83400,8.45916,30499.6,5.6,5.4,141.9,-44.1,0.6,-1.0,RS41-SG,404.900,7.2,250,11,2.6,,
2026-09-14T12:39:22.002Z,Y1212225,7524,44.83397,8.45921,30505.0,5.1,5.0,122.0,-44.1,0.6,-1.0,RS41-SG,404.900,7.3,250,11,2.7,,
2026-09-14T12:39:23.002Z,Y1212225,7525,44.83396,8.45926,30510.7,6.3,4.3,105.8,-44.1,0.6,-1.0,RS41-SG,404.900,7.3,250,11,2.7,,
2026-09-14T12:39:24.002Z,Y1212225,7526,44.83395,8.45931,30517.5,7.1,3.1,102.1,-44.2,0.6,-1.0,RS41-SG,404.900,7.9,250,11,2.7,,
2026-09-14T12:39:25.002Z,Y1212225,7527,44.83394,8.45934,30523.8,5.4,2.1,110.7,-44.1,0.6,-1.0,RS41-SG,404.900,7.9,250,11,2.6,,
2026-09-14T12:39:26.002Z,Y1212225,7528,44.83393,8.45936,30529.1,5.2,1.6,136.3,-44.0,0.6,-1.0,RS41-SG,404.900,7.2,250,11,2.6,,
2026-09-14T12:39:27.002Z,Y1212225,7529,44.83392,8.45937,30534.8,6.1,2.1,160.3,-43.9,0.6,-1.0,RS41-SG,404.900,7.5,250,11,2.6,,
2026-09-14T12:39:28.002Z,Y1212225,7530,44.83390,8.45938,30541.2,6.8,2.9,160.8,-43.9,0.6,-1.0,RS41-SG,404.900,7.5,250,11,2.7,,
2026-09-14T12:39:29.002Z,Y1212225,7531,44.83387,8.45939,30547.4,5.7,3.6,159.1,-44.0,0.6,-1.0,RS41-SG,404.900,7.9,250,11,2.7,,
2026-09-14T12:39:30.002Z,Y1212225,7532,44.83384,8.45941,30552.9,5.5,4.3,164.7,-44.1,0.6,-1.0,RS41-SG,404.900,8.7,250,11,2.7,,
2026-09-14T12:39:31.002Z,Y1212225,7533,44.83380,8.45942,30558.7,6.2,4.9,173.9,-44.1,0.6,-1.0,RS41-SG,404.900,8.8,250,11,2.6,,
2026-09-14T12:39:32.002Z,Y1212225,7534,44.83375,8.45942,30565.2,6.7,5.5,184.3,-44.0,0.6,-1.0,RS41-SG,404.900,8.8,250,11,2.6,,
2026-09-14T12:39:33.002Z,Y1212225,7535,44.83370,8.45941,30571.3,5.6,5.7,187.8,-43.9,0.6,-1.0,RS41-SG,404.900,7.6,250,11,2.6,,
2026-09-14T12:39:35.002Z,Y1212225,7537,44.83361,8.45941,30583.8,7.0,4.6,164.6,-43.7,0.6,-1.0,RS41-SG,404.900,7.3,250,11,2.7,,
2026-09-14T12:39:36.002Z,Y1212225,7538,44.83357,8.45944,30590.5,6.4,4.6,139.1,-43.7,0.6,-1.0,RS41-SG,404.900,7.3,250,11,2.7,,
2026-09-14T12:39:37.002Z,Y1212225,7539,44.83354,8.45948,30596.0,4.7,5.1,120.5,-43.9,0.6,-1.0,RS41-SG,404.900,7.3,250,11,2.6,,
2026-09-14T12:39:38.002Z,Y1212225,7540,44.83352,8.45954,30601.1,5.7,5.5,109.8,-43.9,0.6,-1.0,RS41-SG,404.900,7.3,250,11,2.6,,
2026-09-14T12:39:39.002Z,Y1212225,7541,44.83351,8.45961,30607.6,7.1,4.9,108.0,-43.8,0.6,-1.0,RS41-SG,404.900,7.9,250,11,2.6,,
2026-09-14T12:39:40.002Z,Y1212225,7542,44.83349,8.45966,30613.9,5.5,4.3,112.9,-43.8,0.6,-1.0,RS41-SG,404.900,7.9,250,11,2.7,,
2026-09-14T12:39:41.002Z,Y1212225,7543,44.83348,8.45971,30619.4,5.4,3.6,120.6,-43.7,0.6,-1.0,RS41-SG,404.900,7.8,250,11,2.7,,
2026-09-14T12:39:42.002Z,Y1212225,7544,44.83346,8.45974,30625.3,6.4,3.5,124.9,-43.6,0.6,-1.0,RS41-SG,404.900,7.7,250,11,2.6,,
2026-09-14T12:39:43.002Z,Y1212225,7545,44.83344,8.45978,30631.9,6.8,3.7,123.0,-43.6,0.6,-1.0,RS41-SG,404.900,8.1,250,11,2.6,,
2026-09-14T12:39:44.002Z,Y1212225,7546,44.83342,8.45982,30637.8,5.1,3.7,122.0,-43.5,0.6,-1.0,RS41-SG,404.900,8.1,250,11,2.7,,
2026-09-14T12:39:45.002Z,Y1212225,7547,44.83341,8.45985,30643.3,5.9,3.2,129.9,-43.6,0.6,-1.0,RS41-SG,404.900,8.3,250,11,2.7,,
2026-09-14T12:39:46.002Z,Y1212225,7548,44.83339,8.45988,30649.6,6.6,2.5,154.0,-43.7,0.6,-1.0,RS41-SG,404.900,8.6,250,11,2.6,,
2026-09-14T12:39:47.002Z,Y1212225,7549,44.83337,8.45988,30656.0,6.2,2.2,189.3,-43.8,0.6,-1.0,RS41-SG,404.900,8.6,250,11,2.6,,
2026-09-14T12:39:49.002Z,Y1212225,7551,44.83334,8.45985,30667.1,5.7,1.9,237.5,-43.7,0.6,-1.0,RS41-SG,404.900,6.5,250,11,2.7,,
2026-09-14T12:39:52.002Z,Y1212225,7554,44.83335,8.45984,30685.5,5.1,2.0,41.7,-43.6,0.6,-1.0,RS41-SG,404.900,7.1,250,11,2.7,,
2026-09-14T12:39:53.002Z,Y1212225,7555,44.83336,8.45986,30690.8,5.5,2.3,48.8,-43.6,0.6,-1.0,RS41-SG,404.900,8.1,250,11,2.7,,
2026-09-14T12:39:54.002Z,Y1212225,7556,44.83337,8.45988,30696.7,6.3,1.4,61.7,-43.6,0.6,-1.0,RS41-SG,404.900,8.4,250,11,2.6,,
2026-09-14T12:39:57.002Z,Y1212225,7559,44.83334,8.45986,30715.0,4.7,3.2,218.8,-43.7,0.6,-1.0,RS41-SG,404.900,7.4,250,11,2.7,,
2026-09-14T12:39:58.002Z,Y1212225,7560,44.83332,8.45983,30720.2,5.7,3.6,221.6,-43.6,0.6,-1.0,RS41-SG,404.900,7.2,250,11,2.7,,
2026-09-14T12:39:59.002Z,Y1212225,7561,44.83330,8.45981,30726.5,6.8,2.8,224.7,-43.6,0.6,-1.0,RS41-SG,404.900,8.9,250,11,2.7,,
2026-09-14T12:40:00.002Z,Y1212225,7562,44.83328,8.45979,30732.9,6.1,1.6,234.5,-43.6,0.6,-1.0,RS41-SG,404.900,8.9,250,11,2.6,,
2026-09-14T12:40:01.002Z,Y1212225,7563,44.83328,8.45977,30738.5,5.0,1.1,270.7,-43.6,0.6,-1.0,RS41-SG,404.900,9.1,250,11,2.6,,
2026-09-14T12:40:02.002Z,Y1212225,7564,44.83328,8.45975,30744.0,5.9,1.9,304.8,-43.6,0.6,-1.0,RS41-SG,404.900,9.1,250,11,2.6,,
2026-09-14T12:40:03.002Z,Y1212225,7565,44.83330,8.45973,30750.3,6.8,3.4,303.3,-43.8,0.6,-1.0,RS41-SG,404.900,8.8,250,11,2.7,,
2026-09-14T12:40:08.002Z,Y1212225,7570,44.83338,8.45947,30779.9,6.2,2.9,303.8,-43.6,0.6,-1.0,RS41-SG,404.900,7.8,250,11,2.6,,
2026-09-14T12:40:09.002Z,Y1212225,7571,44.83340,8.45945,30785.5,4.9,2.0,319.0,-43.8,0.6,-1.0,RS41-SG,404.900,7.8,250,11,2.7,,
2026-09-14T12:40:10.002Z,Y1212225,7572,44.83341,8.45943,30790.9,5.8,1.4,320.9,-43.8,0.6,-1.0,RS41-SG,404.900,8.8,250,11,2.7,,
2026-09-14T12:40:11.002Z,Y1212225,7573,44.83342,8.45942,30797.2,6.9,1.5,301.0,-43.7,0.6,-1.0,RS41-SG,404.900,8.8,250,11,2.7,,
2026-09-14T12:40:12.002Z,Y1212225,7574,44.83342,8.45940,30803.6,5.9,2.2,286.4,-43.5,0.6,-1.0,RS41-SG,404.900,8.5,250,11,2.6,,
2026-09-14T12:40:13.002Z,Y1212225,7575,44.83343,8.45937,30809.0,5.0,2.7,287.7,-43.4,0.6,-1.0,RS41-SG,404.900,7.9,250,11,2.6,,
2026-09-14T12:40:14.002Z,Y1212225,7576,44.83344,8.45934,30814.4,5.6,3.0,299.8,-43.3,0.6,-1.0,RS41-SG,404.900,8.1,250,11,2.6,,
2026-09-14T12:40:15.002Z,Y1212225,7577,44.83346,8.45931,30820.5,6.6,3.1,324.9,-43.3,0.6,-1.0,RS41-SG,404.900,8.1,250,11,2.7,,
2026-09-14T12:40:16.002Z,Y1212225,7578,44.83349,8.45929,30826.9,6.2,3.7,345.1,-43.3,0.6,-1.0,RS41-SG,404.900,8.1,250,11,2.7,,
2026-09-14T12:40:17.002Z,Y1212225,7579,44.83352,8.45928,30832.5,5.0,4.4,353.3,-43.2,0.6,-1.0,RS41-SG,404.900,7.8,250,11,2.7,,
2026-09-14T12:40:18.002Z,Y1212225,7580,44.83356,8.45928,30837.8,5.6,4.9,350.9,-43.2,0.6,-1.0,RS41-SG,404.900,8.1,250,11,2.6,,
2026-09-14T12:40:19.002Z,Y1212225,7581,44.83361,8.45926,30843.9,6.6,5.2,340.0,-43.2,0.5,-1.0,RS41-SG,404.900,8.1,250,11,2.6,,
2026-09-14T12:40:20.002Z,Y1212225,7582,44.83365,8.45923,30850.1,5.6,5.4,327.4,-43.3,0.6,-1.0,RS41-SG,404.900,7.5,250,10,2.6,,
2026-09-14T12:40:21.002Z,Y1212225,7583,44.83369,8.45919,30855.4,5.1,5.4,318.8,-43.2,0.6,-1.0,RS41-SG,404.900,7.6,250,11,2.7,,
2026-09-14T12:40:23.002Z,Y1212225,7585,44.83376,8.45911,30867.3,6.8,4.6,332.7,-43.1,0.5,-1.0,RS41-SG,404.900,6.7,250,11,2.7,,
2026-09-14T12:40:24.002Z,Y1212225,7586,44.83380,8.45909,30873.9,6.2,4.3,350.8,-43.1,0.5,-1.0,RS41-SG,404.900,7.1,250,11,2.6,,
2026-09-14T12:40:25.002Z,Y1212225,7587,44.83383,8.45909,30879.6,5.1,4.4,6.8,-43.1,0.6,-1.0,RS41-SG,404.900,9.3,250,11,2.6,,
2026-09-14T12:40:26.002Z,Y1212225,7588,44.83387,8.45910,30884.8,5.3,4.7,15.5,-43.1,0.6,-1.0,RS41-SG,404.900,9.3,250,11,2.6,,
2026-09-14T12:40:27.002Z,Y1212225,7589,44.83391,8.45912,30890.5,6.2,4.6,12.8,-43.1,0.6,-1.0,RS41-SG,404.900,7.9,250,10,2.7,,
2026-09-14T12:40:32.002Z,Y1212225,7594,44.83417,8.45911,30919.5,6.6,7.8,2.7,-42.9,0.5,-1.0,RS41-SG,404.900,7.6,250,11,2.6,,
2026-09-14T12:40:33.002Z,Y1212225,7595,44.83424,8.45912,30925.7,5.7,8.5,8.0,-43.0,0.6,-1.0,RS41-SG,404.900,7.8,250,11,2.7,,
2026-09-14T12:40:34.002Z,Y1212225,7596,44.83431,8.45914,30931.2,5.5,8.4,11.8,-43.1,0.6,-1.0,RS41-SG,404.900,8.6,250,11,2.7,,
2026-09-14T12:40:35.002Z,Y1212225,7597,44.83438,8.45916,30936.8,5.9,7.6,13.5,-43.0,0.5,-1.0,RS41-SG,404.900,8.6,250,11,2.7,,
2026-09-14T12:40:36.002Z,Y1212225,7598,44.83444,8.45918,30943.1,6.7,5.7,12.0,-43.0,0.5,-1.0,RS41-SG,404.900,8.2,250,11,2.6,,
2026-09-14T12:40:37.002Z,Y1212225,7599,44.83448,8.45919,30949.6,6.3,3.9,7.2,-43.0,0.6,-1.0,RS41-SG,404.900,8.0,250,11,2.6,,
2026-09-14T12:40:38.002Z,Y1212225,7600,44.83451,8.45919,30955.2,4.9,2.8,1.7,-43.0,0.6,-1.0,RS41-SG,404.900,8.3,250,11,2.6,,
2026-09-14T12:40:39.002Z,Y1212225,7601,44.83454,8.45920,30960.4,5.6,2.4,7.8,-43.0,0.6,-1.0,RS41-SG,404.900,8.3,250,11,2.7,,
2026-09-14T12:40:40.002Z,Y1212225,7602,44.83456,8.45921,30966.6,6.9,3.3,23.9,-43.0,0.5,-1.0,RS41-SG,404.900,7.8,250,11,2.7,,
2026-09-14T12:40:41.002Z,Y1212225,7603,44.83459,8.45923,30973.3,6.7,4.9,32.5,-42.8,0.5,-1.0,RS41-SG,404.900,7.8,250,11,2.7,,
2026-09-14T12:40:42.002Z,Y1212225,7604,44.83463,8.45927,30979.1,5.0,6.4,33.9,-42.6,0.5,-1.0,RS41-SG,404.900,7.7,250,11,2.6,,
2026-09-14T12:40:43.002Z,Y1212225,7605,44.83469,8.45932,30984.2,5.1,7.6,33.1,-42.4,0.5,-1.0,RS41-SG,404.900,8.0,250,11,2.6,,
2026-09-14T12:40:44.002Z,Y1212225,7606,44.83475,8.45937,30989.6,5.9,7.8,30.4,-42.3,0.5,-1.0,RS41-SG,404.900,8.0,250,11,2.6,,
2026-09-14T12:40:45.002Z,Y1212225,7607,44.83480,8.45942,30995.9,6.7,7.1,27.1,-42.2,0.5,-1.0,RS41-SG,404.900,9.2,250,11,2.7,,
2026-09-14T12:40:46.002Z,Y1212225,7608,44.83486,8.45945,31002.4,6.2,6.1,24.8,-42.2,0.5,-1.0,RS41-SG,404.900,9.2,250,11,2.7,,
2026-09-14T12:40:47.002Z,Y1212225,7609,44.83490,8.45948,31008.0,5.0,5.3,26.3,-42.1,0.5,-1.0,RS41-SG,404.900,9.0,250,11,2.7,,
2026-09-14T12:40:48.002Z,Y1212225,7610,44.83494,8.45952,31013.1,5.3,4.9,34.5,-42.1,0.5,-1.0,RS41-SG,404.900,8.9,250,11,2.6,,
2026-09-14T12:40:49.002Z,Y1212225,7611,44.83498,8.45956,31018.9,6.3,5.2,47.6,-42.1,0.5,-1.0,RS41-SG,404.900,9.7,250,11,2.6,,
2026-09-14T12:40:50.002Z,Y1212225,7612,44.83501,8.45961,31025.2,6.2,5.9,58.2,-42.2,0.5,-1.0,RS41-SG,404.900,9.7,250,11,2.6,,
2026-09-14T12:40:51.002Z,Y1212225,7613,44.83503,8.45968,31030.9,5.1,6.5,65.5,-42.1,0.5,-1.0,RS41-SG,404.900,8.7,250,11,2.7,,
2026-09-14T12:40:52.002Z,Y1212225,7614,44.83505,8.45976,31036.2,5.5,6.6,73.9,-42.0,0.5,-1.0,RS41-SG,404.900,8.9,250,11,2.7,,
2026-09-14T12:40:53.002Z,Y1212225,7615,44.83506,8.45984,31042.3,6.6,6.0,84.2,-41.9,0.5,-1.0,RS41-SG,404.900,8.9,250,11,2.7,,
2026-09-14T12:40:54.002Z,Y1212225,7616,44.83506,8.45991,31048.8,6.3,5.1,93.7,-41.9,0.5,-1.0,RS41-SG,404.900,8.7,250,11,2.6,,
2026-09-14T12:40:55.002Z,Y1212225,7617,44.83506,8.45997,31054.7,5.2,4.4,98.6,-41.8,0.5,-1.0,RS41-SG,404.900,8.7,250,11,2.6,,
2026-09-14T12:40:56.002Z,Y1212225,7618,44.83506,8.46002,31060.4,6.2,4.1,91.6,-41.8,0.5,-1.0,RS41-SG,404.900,7.8,250,11,2.6,,
2026-09-14T12:40:57.002Z,Y1212225,7619,44.83506,8.46007,31067.0,7.0,4.8,73.0,-41.7,0.5,-1.0,RS41-SG,404.900,7.6,250,11,2.7,,
2026-09-14T12:40:58.002Z,Y1212225,7620,44.83508,8.46013,31073.5,5.9,6.0,60.2,-41.6,0.5,-1.0,RS41-SG,404.900,7.2,250,11,2.7,,
2026-09-14T12:40:59.002Z,Y1212225,7621,44.83511,8.46020,31078.8,4.8,7.0,53.9,-41.5,0.5,-1.0,RS41-SG,404.900,7.2,250,11,2.7,,
2026-09-14T12:41:00.002Z,Y1212225,7622,44.83515,8.46028,31084.1,5.8,7.7,50.5,-41.4,0.5,-1.0,RS41-SG,404.900,7.4,250,11,2.6,,
2026-09-14T12:41:01.002Z,Y1212225,7623,44.83520,8.46035,31090.4,6.9,7.3,49.7,-41.3,0.5,-1.0,RS41-SG,404.900,7.7,250,11,2.6,,
2026-09-14T12:41:02.002Z,Y1212225,7624,44.83524,8.46042,31096.9,5.9,6.6,50.8,-41.3,0.5,-1.0,RS41-SG,404.900,8.0,250,11,2.6,,
2026-09-14T12:41:03.002Z,Y1212225,7625,44.83527,8.46048,31102.4,5.4,6.2,55.6,-41.3,0.5,-1.0,RS41-SG,404.900,8.0,250,11,2.7,,
2026-09-14T12:41:04.002Z,Y1212225,7626,44.83530,8.46055,31108.0,6.0,6.5,62.8,-41.3,0.5,-1.0,RS41-SG,404.900,7.7,250,11,2.7,,
2026-09-14T12:41:05.002Z,Y1212225,7627,44.83533,8.46063,31114.3,6.6,7.5,67.5,-41.5,0.5,-1.0,RS41-SG,404.900,7.4,250,11,2.7,,
2026-09-14T12:41:06.002Z,Y1212225,7628,44.83535,8.46072,31120.5,5.8,8.3,70.6,-41.7,0.5,-1.0,RS41-SG,404.900,7.3,250,11,2.6,,
2026-09-14T12:41:07.002Z,Y1212225,7629,44.83538,8.46082,31126.1,5.3,8.7,74.0,-41.7,0.5,-1.0,RS41-SG,404.900,8.1,250,11,2.6,,
2026-09-14T12:41:08.002Z,Y1212225,7630,44.83539,8.46093,31131.5,5.7,8.3,78.0,-41.7,0.5,-1.0,RS41-SG,404.900,8.7,250,11,2.6,,
2026-09-14T12:41:09.002Z,Y1212225,7631,44.83541,8.46102,31137.6,6.6,7.3,82.5,-41.7,0.5,-1.0,RS41-SG,404.900,8.7,250,11,2.7,,
2026-09-14T12:41:10.002Z,Y1212225,7632,44.83541,8.46111,31144.0,6.2,6.3,86.4,-41.7,0.5,-1.0,RS41-SG,404.900,8.5,250,11,2.7,,
2026-09-14T12:41:11.002Z,Y1212225,7633,44.83542,8.46118,31149.7,5.4,5.7,86.3,-41.7,0.5,-1.0,RS41-SG,404.900,7.7,250,11,2.7,,
2026-09-14T12:41:12.002Z,Y1212225,7634,44.83542,8.46125,31155.4,6.1,5.6,77.9,-41.8,0.5,-1.0,RS41-SG,404.900,8.2,250,11,2.6,,
2026-09-14T12:41:13.002Z,Y1212225,7635,44.83544,8.46132,31161.8,6.8,6.3,66.4,-41.8,0.5,-1.0,RS41-SG,404.900,8.6,250,11,2.6,,
2026-09-14T12:41:14.002Z,Y1212225,7636,44.83547,8.46140,31167.9,5.3,7.1,58.5,-41.8,0.5,-1.0,RS41-SG,404.900,8.6,250,11,2.6,,
2026-09-14T12:41:15.002Z,Y1212225,7637,44.83550,8.46148,31173.0,5.0,7.7,53.2,-41.8,0.5,-1.0,RS41-SG,404.900,9.3,250,11,2.7,,
2026-09-14T12:41:16.002Z,Y1212225,7638,44.83555,8.46155,31178.3,5.7,7.4,49.9,-41.8,0.5,-1.0,RS41-SG,404.900,9.3,250,11,2.7,,
2026-09-14T12:41:17.002Z,Y1212225,7639,44.83558,8.46161,31184.5,6.6,6.1,50.1,-41.8,0.5,-1.0,RS41-SG,404.900,9.0,250,11,2.7,,
2026-09-14T12:41:18.002Z,Y1212225,7640,44.83561,8.46167,31191.1,6.5,4.6,54.0,-41.8,0.5,-1.0,RS41-SG,404.900,9.0,250,11,2.6,,
2026-09-14T12:41:19.002Z,Y1212225,7641,44.83563,8.46171,31196.9,5.1,3.7,63.6,-41.8,0.5,-1.0,RS41-SG,404.900,9.1,250,11,2.6,,
2026-09-14T12:41:20.002Z,Y1212225,7642,44.83564,8.46175,31202.3,5.6,3.6,79.9,-41.8,0.5,-1.0,RS41-SG,404.900,9.1,250,11,2.6,,
2026-09-14T12:41:21.002Z,Y1212225,7643,44.83565,8.46181,31208.3,6.7,4.6,88.5,-41.8,0.5,-1.0,RS41-SG,404.900,7.8,250,11,2.7,,
2026-09-14T12:41:22.002Z,Y1212225,7644,44.83565,8.46187,31214.8,6.2,5.7,89.2,-41.8,0.5,-1.0,RS41-SG,404.900,7.8,250,11,2.7,,
2026-09-14T12:41:23.002Z,Y1212225,7645,44.83565,8.46195,31220.4,5.0,6.6,87.6,-41.7,0.5,-1.0,RS41-SG,404.900,7.1,250,11,2.7,,
2026-09-14T12:41:24.002Z,Y1212225,7646,44.83565,8.46203,31225.8,5.7,6.8,87.2,-41.6,0.5,-1.0,RS41-SG,404.900,7.9,250,11,2.6,,
2026-09-14T12:41:25.002Z,Y1212225,7647,44.83566,8.46211,31231.9,6.7,6.0,87.1,-41.6,0.5,-1.0,RS41-SG,404.900,8.4,250,11,2.6,,
2026-09-14T12:41:26.002Z,Y1212225,7648,44.83566,8.46218,31238.6,6.6,4.8,89.2,-41.6,0.5,-1.0,RS41-SG,404.900,8.4,250,11,2.6,,
2026-09-14T12:41:27.002Z,Y1212225,7649,44.83566,8.46223,31244.5,5.4,3.9,88.2,-41.7,0.5,-1.0,RS41-SG,404.900,8.4,250,11,2.7,,
2026-09-14T12:41:28.002Z,Y1212225,7650,44.83566,8.46228,31250.1,5.8,3.4,79.6,-41.8,0.5,-1.0,RS41-SG,404.900,7.4,250,11,2.7,,
2026-09-14T12:41:29.002Z,Y1212225,7651,44.83567,8.46232,31256.4,6.7,4.0,68.2,-41.9,0.6,-1.0,RS41-SG,404.900,7.3,250,11,2.7,,
2026-09-14T12:41:30.002Z,Y1212225,7652,44.83569,8.46237,31262.7,5.8,4.8,62.2,-41.9,0.5,-1.0,RS41-SG,404.900,7.6,250,11,2.6,,
2026-09-14T12:41:31.002Z,Y1212225,7653,44.83571,8.46243,31268.4,5.6,5.4,60.7,-41.9,0.6,-1.0,RS41-SG,404.900,7.9,250,11,2.6,,
2026-09-14T12:41:32.002Z,Y1212225,7654,44.83573,8.46249,31274.4,6.6,5.1,61.0,-41.9,0.5,-1.0,RS41-SG,404.900,7.9,250,11,2.6,,
2026-09-14T12:41:33.002Z,Y1212225,7655,44.83575,8.46254,31281.3,7.1,4.0,66.6,-41.9,0.5,-1.0,RS41-SG,404.900,8.0,250,11,2.7,,
2026-09-14T12:41:34.002Z,Y1212225,7656,44.83576,8.46258,31287.5,5.3,3.2,73.6,-41.8,0.5,-1.0,RS41-SG,404.900,8.0,250,11,2.7,,
2026-09-14T12:41:36.002Z,Y1212225,7658,44.83577,8.46265,31298.3,6.3,2.9,88.1,-41.8,0.6,-1.0,RS41-SG,404.900,7.4,250,11,2.6,,
2026-09-14T12:41:37.002Z,Y1212225,7659,44.83577,8.46269,31304.7,6.7,3.7,83.8,-41.8,0.6,-1.0,RS41-SG,404.900,8.8,250,11,2.6,,
2026-09-14T12:41:38.002Z,Y1212225,7660,44.83578,8.46274,31310.7,5.2,4.3,81.4,-41.9,0.6,-1.0,RS41-SG,404.900,8.8,250,11,2.6,,
2026-09-14T12:41:39.002Z,Y1212225,7661,44.83578,8.46280,31316.2,5.9,4.2,82.0,-42.0,0.5,-1.0,RS41-SG,404.900,8.7,250,11,2.7,,
2026-09-14T12:41:40.002Z,Y1212225,7662,44.83578,8.46284,31322.4,6.4,3.5,88.0,-42.1,0.6,-1.0,RS41-SG,404.900,8.9,250,11,2.7,,
2026-09-14T12:41:41.002Z,Y1212225,7663,44.83578,8.46288,31328.9,6.6,2.4,108.0,-42.0,0.6,-1.0,RS41-SG,404.900,8.9,250,11,2.7,,
2026-09-14T12:41:42.002Z,Y1212225,7664,44.83577,8.46290,31335.0,5.6,2.0,136.1,-41.9,0.5,-1.0,RS41-SG,404.900,8.9,250,11,2.6,,
2026-09-14T12:41:43.002Z,Y1212225,7665,44.83576,8.46292,31340.2,4.9,1.9,150.3,-41.8,0.5,-1.0,RS41-SG,404.900,8.3,250,11,2.6,,
2026-09-14T12:41:44.002Z,Y1212225,7666,44.83574,8.46293,31345.6,5.7,1.7,138.0,-41.7,0.5,-1.0,RS41-SG,404.900,8.3,250,11,2.6,,
2026-09-14T12:41:46.002Z,Y1212225,7668,44.83574,8.46298,31358.2,5.9,3.1,73.8,-41.6,0.5,-1.0,RS41-SG,404.900,7.9,250,11,2.7,,
2026-09-14T12:41:47.002Z,Y1212225,7669,44.83575,8.46302,31363.7,5.1,3.9,65.2,-41.5,0.5,-1.0,RS41-SG,404.900,7.9,250,11,2.7,,
2026-09-14T12:41:48.002Z,Y1212225,7670,44.83577,8.46307,31369.4,6.1,4.1,62.9,-41.4,0.5,-1.0,RS41-SG,404.900,9.1,250,11,2.6,,
2026-09-14T12:41:49.002Z,Y1212225,7671,44.83578,8.46311,31376.0,7.2,3.3,65.2,-41.6,0.5,-1.0,RS41-SG,404.900,9.2,250,11,2.6,,
2026-09-14T12:41:50.002Z,Y1212225,7672,44.83579,8.46314,31382.7,6.1,2.0,77.7,-41.6,0.5,-1.0,RS41-SG,404.900,9.2,250,11,2.6,,
2026-09-14T12:41:51.002Z,Y1212225,7673,44.83579,8.46316,31388.1,4.8,1.1,109.9,-41.6,0.5,-1.0,RS41-SG,404.900,8.1,250,11,2.7,,
2026-09-14T12:41:52.002Z,Y1212225,7674,44.83578,8.46317,31393.2,5.5,1.1,163.6,-41.5,0.5,-1.0,RS41-SG,404.900,8.6,250,11,2.7,,
2026-09-14T12:41:53.002Z,Y1212225,7675,44.83577,8.46317,31399.3,6.6,1.1,159.8,-41.5,0.5,-1.0,RS41-SG,404.900,8.6,250,11,2.7,,
2026-09-14T12:41:54.002Z,Y1212225,7676,44.83576,8.46318,31405.8,6.2,1.2,136.5,-41.7,0.5,-1.0,RS41-SG,404.900,9.1,250,11,2.6,,
2026-09-14T12:41:55.002Z,Y1212225,7677,44.83576,8.46319,31411.6,5.5,1.4,126.7,-41.7,0.5,-1.0,RS41-SG,404.900,9.1,250,11,2.6,,
2026-09-14T12:41:57.002Z,Y1212225,7679,44.83573,8.46322,31423.4,6.1,2.4,161.2,-41.6,0.5,-1.0,RS41-SG,404.900,9.3,250,11,2.7,,
2026-09-14T12:41:58.002Z,Y1212225,7680,44.83571,8.46323,31429.6,6.2,3.4,173.8,-41.6,0.5,-1.0,RS41-SG,404.900,9.3,250,11,2.7,,
2026-09-14T12:42:00.002Z,Y1212225,7682,44.83564,8.46323,31441.1,5.4,4.3,174.5,-41.8,0.5,-1.0,RS41-SG,404.900,6.9,250,11,2.6,,
2026-09-14T12:42:01.002Z,Y1212225,7683,44.83560,8.46324,31446.6,5.6,3.8,163.6,-41.8,0.5,-1.0,RS41-SG,404.900,8.6,250,11,2.6,,
2026-09-14T12:42:02.002Z,Y1212225,7684,44.83557,8.46326,31452.4,6.0,2.9,142.4,-41.7,0.5,-1.0,RS41-SG,404.900,8.6,250,11,2.6,,
2026-09-14T12:42:03.002Z,Y1212225,7685,44.83556,8.46328,31458.3,5.8,2.1,101.9,-41.9,0.5,-1.0,RS41-SG,404.900,8.7,250,11,2.7,,
2026-09-14T12:42:04.002Z,Y1212225,7686,44.83557,8.46331,31463.8,5.3,2.2,51.1,-41.9,0.5,-1.0,RS41-SG,404.900,8.7,250,11,2.7,,
2026-09-14T12:42:05.002Z,Y1212225,7687,44.83558,8.46332,31469.4,5.7,2.8,6.4,-41.9,0.5,-1.0,RS41-SG,404.900,7.9,250,11,2.7,,
2026-09-14T12:42:06.002Z,Y1212225,7688,44.83561,8.46331,31475.2,5.9,3.6,331.9,-41.8,0.5,-1.0,RS41-SG,404.900,8.3,250,11,2.6,,
2026-09-14T12:42:07.002Z,Y1212225,7689,44.83564,8.46328,31481.2,6.0,4.4,303.7,-41.9,0.5,-1.0,RS41-SG,404.900,8.5,250,11,2.6,,
2026-09-14T12:42:08.002Z,Y1212225,7690,44.83565,8.46322,31487.2,6.0,5.2,281.7,-41.9,0.5,-1.0,RS41-SG,404.900,8.5,250,11,2.6,,
2026-09-14T12:42:10.002Z,Y1212225,7692,44.83565,8.46309,31498.1,5.3,4.8,251.1,-41.8,0.5,-1.0,RS41-SG,404.900,7.8,250,11,2.7,,
2026-09-14T12:42:11.002Z,Y1212225,7693,44.83563,8.46305,31503.6,5.7,3.6,233.2,-41.6,0.5,-1.0,RS41-SG,404.900,8.6,250,11,2.7,,
2026-09-14T12:42:12.002Z,Y1212225,7694,44.83561,8.46303,31509.4,5.9,2.0,199.2,-41.7,0.5,-1.0,RS41-SG,404.900,8.6,250,11,2.6,,
2026-09-14T12:42:13.002Z,Y1212225,7695,44.83560,8.46303,31515.4,6.0,1.6,125.5,-41.7,0.5,-1.0,RS41-SG,404.900,7.9,250,11,2.6,,
2026-09-14T12:42:14.002Z,Y1212225,7696,44.83560,8.46305,31521.0,5.2,2.5,82.3,-41.6,0.5,-1.0,RS41-SG,404.900,8.2,250,11,2.6,,
2026-09-14T12:42:15.002Z,Y1212225,7697,44.83560,8.46308,31526.1,4.9,3.0,57.5,-41.4,0.5,-1.0,RS41-SG,404.900,8.3,250,11,2.7,,
2026-09-14T12:42:16.002Z,Y1212225,7698,44.83562,8.46311,31531.5,5.8,2.7,27.1,-41.5,0.5,-1.0,RS41-SG,404.900,9.6,250,11,2.7,,
2026-09-14T12:42:17.002Z,Y1212225,7699,44.83564,8.46311,31537.9,7.0,2.7,340.9,-41.6,0.5,-1.0,RS41-SG,404.900,9.6,250,11,2.7,,
2026-09-14T12:42:18.002Z,Y1212225,7700,44.83567,8.46309,31544.5,6.3,3.7,307.4,-41.5,0.5,-1.0,RS41-SG,404.900,7.6,250,11,2.6,,
2026-09-14T12:42:19.002Z,Y1212225,7701,44.83568,8.46304,31550.1,4.8,4.8,291.8,-41.4,0.5,-1.0,RS41-SG,404.900,7.8,250,11,2.6,,
2026-09-14T12:42:20.002Z,Y1212225,7702,44.83570,8.46298,31555.0,5.0,5.6,286.1,-41.4,0.5,-1.0,RS41-SG,404.900,8.7,250,11,2.6,,
2026-09-14T12:42:24.002Z,Y1212225,7706,44.83579,8.46279,31579.1,5.1,4.1,338.8,-41.5,0.5,-1.0,RS41-SG,404.900,7.0,250,11,2.6,,
2026-09-14T12:42:27.002Z,Y1212225,7709,44.83591,8.46273,31596.0,7.0,5.3,332.8,-41.6,0.5,-1.0,RS41-SG,404.900,8.1,250,11,2.7,,
2026-09-14T12:42:40.002Z,Y1212225,7722,44.83654,8.46204,31673.0,5.8,10.1,309.0,-41.6,0.5,-1.0,RS41-SG,404.900,7.3,250,11,2.7,,
2026-09-14T12:42:41.002Z,Y1212225,7723,44.83660,8.46194,31679.3,6.6,10.3,316.5,-41.5,0.5,-1.0,RS41-SG,404.900,7.3,250,11,2.7,,
2026-09-14T12:42:43.002Z,Y1212225,7725,44.83676,8.46181,31692.8,6.6,10.3,339.1,-41.4,0.5,-1.0,RS41-SG,404.900,7.4,250,11,2.6,,
2026-09-14T12:42:45.002Z,Y1212225,7727,44.83693,8.46176,31704.9,5.6,8.9,357.0,-41.2,0.5,-1.0,RS41-SG,404.900,7.5,250,11,2.7,,
2026-09-14T12:42:46.002Z,Y1212225,7728,44.83700,8.46176,31710.7,6.1,7.2,3.1,-41.2,0.5,-1.0,RS41-SG,404.900,8.3,250,11,2.7,,
2026-09-14T12:42:47.002Z,Y1212225,7729,44.83706,8.46176,31717.1,6.6,4.9,3.5,-41.2,0.5,-1.0,RS41-SG,404.900,8.3,250,11,2.7,,
2026-09-14T12:42:48.002Z,Y1212225,7730,44.83709,8.46176,31723.8,6.8,2.9,349.5,-41.3,0.5,-1.0,RS41-SG,404.900,8.5,250,11,2.6,,
2026-09-14T12:42:49.002Z,Y1212225,7731,44.83711,8.46174,31729.9,5.3,2.5,315.4,-41.3,0.5,-1.0,RS41-SG,404.900,8.5,250,11,2.6,,
2026-09-14T12:42:50.002Z,Y1212225,7732,44.83713,8.46171,31735.1,5.2,3.7,300.4,-41.3,0.5,-1.0,RS41-SG,404.900,7.8,250,11,2.6,,
2026-09-14T12:43:00.002Z,Y1212225,7742,44.83774,8.46143,31797.2,6.0,5.2,33.7,-41.0,0.5,-1.0,RS41-SG,404.900,8.2,250,11,2.6,,
2026-09-14T12:43:05.002Z,Y1212225,7747,44.83783,8.46161,31827.2,7.3,0.6,97.1,-41.2,0.5,-1.0,RS41-SG,404.900,7.6,250,11,2.7,,
2026-09-14T12:43:06.002Z,Y1212225,7748,44.83783,8.46161,31833.9,6.1,0.8,289.3,-41.2,0.5,-1.0,RS41-SG,404.900,7.1,250,11,2.6,,
2026-09-14T12:43:13.002Z,Y1212225,7755,44.83829,8.46136,31877.2,8.1,9.1,355.0,-41.2,0.5,-1.0,RS41-SG,404.900,7.4,250,11,2.6,,
2026-09-14T12:43:14.002Z,Y1212225,7756,44.83837,8.46135,31884.3,6.1,6.9,1.8,-41.3,0.5,-1.0,RS41-SG,404.900,7.4,250,11,2.6,,
2026-09-14T12:43:15.002Z,Y1212225,7757,44.83842,8.46136,31889.9,5.0,4.8,14.6,-41.2,0.5,-1.0,RS41-SG,404.900,7.3,250,11,2.7,,
2026-09-14T12:43:16.002Z,Y1212225,7758,44.83845,8.46138,31895.2,5.5,3.5,36.6,-41.1,0.5,-1.0,RS41-SG,404.900,7.2,250,11,2.7,,
2026-09-14T12:43:17.002Z,Y1212225,7759,44.83847,8.46141,31901.4,6.9,3.4,52.0,-41.1,0.5,-1.0,RS41-SG,404.900,7.5,250,11,2.7,,
2026-09-14T12:43:18.002Z,Y1212225,7760,44.83849,8.46145,31908.1,6.6,3.5,53.2,-41.1,0.5,-1.0,RS41-SG,404.900,8.2,250,11,2.6,,
2026-09-14T12:43:19.002Z,Y1212225,7761,44.83851,8.46148,31914.4,6.0,3.1,48.0,-41.0,0.5,-1.0,RS41-SG,404.900,8.2,250,11,2.6,,
2026-09-14T12:43:20.002Z,Y1212225,7762,44.83853,8.46151,31920.5,6.2,2.7,36.0,-41.0,0.5,-1.0,RS41-SG,404.900,8.1,250,11,2.6,,
2026-09-14T12:43:21.002Z,Y1212225,7763,44.83855,8.46152,31927.2,7.1,2.2,13.4,-41.1,0.5,-1.0,RS41-SG,404.900,8.1,250,11,2.7,,
2026-09-14T12:43:22.002Z,Y1212225,7764,44.83857,8.46152,31933.9,6.3,2.4,350.9,-41.1,0.5,-1.0,RS41-SG,404.900,7.5,250,11,2.7,,
2026-09-14T12:43:24.002Z,Y1212225,7766,44.83864,8.46149,31946.9,6.8,5.7,342.4,-41.0,0.5,-1.0,RS41-SG,404.900,8.2,250,11,2.6,,
2026-09-14T12:43:25.002Z,Y1212225,7767,44.83869,8.46147,31953.8,6.9,8.0,347.3,-40.9,0.5,-1.0,RS41-SG,404.900,9.2,250,11,2.6,,
2026-09-14T12:43:26.002Z,Y1212225,7768,44.83877,8.46145,31959.9,5.2,9.4,351.9,-41.0,0.5,-1.0,RS41-SG,404.900,9.2,250,11,2.6,,
2026-09-14T12:43:27.002Z,Y1212225,7769,44.83886,8.46144,31965.3,5.7,10.0,357.5,-41.2,0.5,-1.0,RS41-SG,404.900,8.6,250,11,2.7,,
2026-09-14T12:43:30.002Z,Y1212225,7772,44.83906,8.46149,31985.6,6.3,5.1,32.2,-41.0,0.5,-1.0,RS41-SG,404.900,7.3,250,11,2.6,,
2026-09-14T12:43:31.002Z,Y1212225,7773,44.83909,8.46152,31991.0,4.4,4.1,54.6,-40.8,0.5,-1.0,RS41-SG,404.900,7.3,250,11,2.6,,
2026-09-14T12:43:32.002Z,Y1212225,7774,44.83911,8.46157,31995.4,4.4,4.1,73.3,-40.7,0.5,-1.0,RS41-SG,404.900,8.7,250,11,2.6,,
2026-09-14T12:43:33.002Z,Y1212225,7775,44.83912,8.46162,32000.5,5.9,4.3,75.7,-40.9,0.5,-1.0,RS41-SG,404.900,8.7,250,10,2.7,,
2026-09-14T12:43:34.002Z,Y1212225,7776,44.83913,8.46167,32007.2,7.5,4.4,61.7,-41.1,0.5,-1.0,RS41-SG,404.900,8.0,250,11,2.7,,
2026-09-14T12:43:35.002Z,Y1212225,7777,44.83916,8.46171,32014.4,6.9,4.7,40.6,-41.0,0.5,-1.0,RS41-SG,404.900,7.8,250,11,2.7,,
2026-09-14T12:43:36.002Z,Y1212225,7778,44.83920,8.46174,32020.8,5.8,5.2,18.4,-41.0,0.5,-1.0,RS41-SG,404.900,7.8,250,10,2.6,,
2026-09-14T12:43:37.002Z,Y1212225,7779,44.83925,8.46175,32026.3,5.1,6.1,357.9,-40.8,0.5,-1.0,RS41-SG,404.900,7.6,250,11,2.6,,
2026-09-14T12:43:38.002Z,Y1212225,7780,44.83930,8.46174,32031.9,5.9,7.1,340.2,-40.9,0.5,-1.0,RS41-SG,404.900,8.2,250,11,2.6,,
2026-09-14T12:43:39.002Z,Y1212225,7781,44.83936,8.46169,32038.0,6.3,7.8,327.3,-41.0,0.5,-1.0,RS41-SG,404.900,8.7,250,11,2.7,,
2026-09-14T12:43:40.002Z,Y1212225,7782,44.83942,8.46164,32044.0,5.6,8.0,322.1,-40.9,0.5,-1.0,RS41-SG,404.900,8.7,250,11,2.7,,
2026-09-14T12:43:43.002Z,Y1212225,7785,44.83960,8.46150,32064.5,7.4,7.7,350.6,-40.8,0.5,-1.0,RS41-SG,404.900,8.3,250,11,2.6,,
2026-09-14T12:43:44.002Z,Y1212225,7786,44.83967,8.46149,32070.9,5.5,8.2,4.3,-40.7,0.5,-1.0,RS41-SG,404.900,9.1,250,11,2.6,,
2026-09-14T12:43:45.002Z,Y1212225,7787,44.83974,8.46151,32076.2,5.1,8.4,17.8,-40.7,0.5,-1.0,RS41-SG,404.900,9.1,250,11,2.7,,
2026-09-14T12:43:46.002Z,Y1212225,7788,44.83981,8.46155,32081.8,6.1,7.9,29.3,-40.6,0.5,-1.0,RS41-SG,404.900,8.3,250,11,2.7,,
2026-09-14T12:43:47.002Z,Y1212225,7789,44.83986,8.46161,32088.3,6.8,6.9,39.3,-40.5,0.5,-1.0,RS41-SG,404.900,8.5,250,11,2.7,,
2026-09-14T12:43:48.002Z,Y1212225,7790,44.83991,8.46166,32094.5,5.7,6.0,43.7,-40.3,0.5,-1.0,RS41-SG,404.900,9.5,250,11,2.6,,
2026-09-14T12:43:49.002Z,Y1212225,7791,44.83994,8.46171,32100.6,6.3,5.2,40.8,-40.3,0.5,-1.0,RS41-SG,404.900,9.5,250,11,2.6,,
2026-09-14T12:43:50.002Z,Y1212225,7792,44.83998,8.46174,32107.2,7.0,5.1,27.0,-40.5,0.5,-1.0,RS41-SG,404.900,9.7,250,11,2.6,,
2026-09-14T12:43:51.002Z,Y1212225,7793,44.84003,8.46176,32114.3,7.2,6.0,11.4,-40.5,0.5,-1.0,RS41-SG,404.900,9.7,250,11,2.7,,
2026-09-14T12:43:52.002Z,Y1212225,7794,44.84009,8.46177,32120.8,5.7,7.2,2.1,-40.4,0.5,-1.0,RS41-SG,404.900,9.6,250,11,2.7,,
2026-09-14T12:43:55.002Z,Y1212225,7797,44.84030,8.46172,32138.4,7.1,7.7,340.3,-40.1,0.5,-1.0,RS41-SG,404.900,9.0,250,11,2.6,,
2026-09-14T12:43:58.002Z,Y1212225,7800,44.84045,8.46166,32156.9,6.4,5.1,359.9,-39.6,0.4,-1.0,RS41-SG,404.900,8.2,250,11,2.7,,
2026-09-14T12:43:59.002Z,Y1212225,7801,44.84050,8.46167,32163.6,6.9,5.9,20.6,-39.4,0.4,-1.0,RS41-SG,404.900,9.6,250,11,2.7,,
2026-09-14T12:44:00.002Z,Y1212225,7802,44.84055,8.46171,32170.2,6.3,7.3,32.2,-39.5,0.4,-1.0,RS41-SG,404.900,9.6,250,11,2.6,,
2026-09-14T12:44:01.002Z,Y1212225,7803,44.84061,8.46176,32175.9,5.2,8.3,38.5,-39.5,0.4,-1.0,RS41-SG,404.900,8.2,250,10,2.6,,
2026-09-14T12:44:02.002Z,Y1212225,7804,44.84067,8.46183,32181.3,5.7,8.6,42.9,-39.5,0.4,-1.0,RS41-SG,404.900,8.3,250,11,2.6,,
2026-09-14T12:44:03.002Z,Y1212225,7805,44.84072,8.46190,32187.6,6.8,7.7,46.9,-39.3,0.4,-1.0,RS41-SG,404.900,8.3,250,11,2.7,,
2026-09-14T12:44:04.002Z,Y1212225,7806,44.84076,8.46197,32194.5,7.0,6.3,48.0,-39.2,0.4,-1.0,RS41-SG,404.900,8.9,250,11,2.7,,
2026-09-14T12:44:05.002Z,Y1212225,7807,44.84080,8.46202,32200.8,5.6,5.2,45.1,-39.1,0.4,-1.0,RS41-SG,404.900,8.9,250,11,2.7,,
2026-09-14T12:44:06.002Z,Y1212225,7808,44.84083,8.46206,32206.5,5.7,4.4,32.8,-39.2,0.4,-1.0,RS41-SG,404.900,9.1,250,11,2.6,,
2026-09-14T12:44:07.002Z,Y1212225,7809,44.84087,8.46208,32212.5,6.4,5.0,16.8,-39.3,0.4,-1.0,RS41-SG,404.900,9.3,250,11,2.6,,
2026-09-14T12:44:08.002Z,Y1212225,7810,44.84092,8.46210,32219.1,6.8,6.4,9.0,-39.3,0.5,-1.0,RS41-SG,404.900,10.2,250,11,2.6,,
2026-09-14T12:44:09.002Z,Y1212225,7811,44.84098,8.46211,32225.2,5.5,7.6,6.9,-39.3,0.4,-1.0,RS41-SG,404.900,10.2,250,11,2.7,,
2026-09-14T12:44:10.002Z,Y1212225,7812,44.84105,8.46212,32230.8,5.6,8.2,7.8,-39.2,0.4,-1.0,RS41-SG,404.900,8.6,250,11,2.7,,
2026-09-14T12:44:11.002Z,Y1212225,7813,44.84112,8.46214,32237.0,6.8,7.8,10.9,-39.1,0.4,-1.0,RS41-SG,404.900,7.6,250,11,2.7,,
2026-09-14T12:44:12.002Z,Y1212225,7814,44.84118,8.46216,32244.1,7.2,6.6,16.7,-39.1,0.4,-1.0,RS41-SG,404.900,7.5,250,11,2.6,,
2026-09-14T12:44:13.002Z,Y1212225,7815,44.84123,8.46219,32250.6,5.7,5.5,25.2,-39.0,0.4,-1.0,RS41-SG,404.900,7.4,250,11,2.6,,
2026-09-14T12:44:14.002Z,Y1212225,7816,44.84127,8.46223,32256.3,5.5,5.0,40.7,-38.9,0.4,-1.0,RS41-SG,404.900,7.9,250,11,2.6,,
2026-09-14T12:44:15.002Z,Y1212225,7817,44.84131,8.46227,32261.9,5.8,5.5,52.3,-39.0,0.4,-1.0,RS41-SG,404.900,8.4,250,11,2.7,,
2026-09-14T12:44:16.002Z,Y1212225,7818,44.84134,8.46233,32268.2,6.8,6.6,55.0,-39.2,0.4,-1.0,RS41-SG,404.900,8.4,250,11,2.7,,
2026-09-14T12:44:17.002Z,Y1212225,7819,44.84138,8.46241,32274.8,6.3,7.5,52.8,-39.2,0.4,-1.0,RS41-SG,404.900,8.9,250,11,2.7,,
2026-09-14T12:44:18.002Z,Y1212225,7820,44.84142,8.46248,32280.8,5.8,7.7,49.9,-39.2,0.5,-1.0,RS41-SG,404.900,8.9,250,11,2.6,,
2026-09-14T12:44:19.002Z,Y1212225,7821,44.84146,8.46255,32286.9,6.3,7.3,46.8,-39.1,0.4,-1.0,RS41-SG,404.900,7.9,250,11,2.6,,
2026-09-14T12:44:20.002Z,Y1212225,7822,44.84150,8.46261,32293.5,6.8,6.1,43.7,-39.0,0.4,-1.0,RS41-SG,404.900,7.9,250,11,2.6,,
2026-09-14T12:44:21.002Z,Y1212225,7823,44.84154,8.46266,32300.0,6.1,4.7,39.7,-39.0,0.4,-1.0,RS41-SG,404.900,8.8,250,11,2.7,,
2026-09-14T12:44:22.002Z,Y1212225,7824,44.84157,8.46269,32305.7,5.2,4.0,31.7,-39.0,0.4,-1.0,RS41-SG,404.900,8.8,250,11,2.7,,
2026-09-14T12:44:23.002Z,Y1212225,7825,44.84160,8.46271,32311.1,5.5,3.9,21.1,-39.2,0.4,-1.0,RS41-SG,404.900,7.8,250,11,2.7,,
2026-09-14T12:44:24.002Z,Y1212225,7826,44.84164,8.46273,32317.0,6.3,4.9,17.3,-39.3,0.4,-1.0,RS41-SG,404.900,7.8,250,11,2.6,,
2026-09-14T12:44:26.002Z,Y1212225,7828,44.84175,8.46278,32330.3,6.2,7.3,20.6,-39.2,0.4,-1.0,RS41-SG,404.900,7.4,250,11,2.6,,
2026-09-14T12:44:30.002Z,Y1212225,7832,44.84195,8.46297,32355.9,5.5,5.4,56.6,-39.1,0.4,-1.0,RS41-SG,404.900,8.0,250,11,2.6,,
2026-09-14T12:44:31.002Z,Y1212225,7833,44.84197,8.46303,32361.1,4.9,4.9,67.9,-39.1,0.5,-1.0,RS41-SG,404.900,8.0,250,11,2.6,,
2026-09-14T12:44:32.002Z,Y1212225,7834,44.84199,8.46309,32366.5,5.8,5.0,71.8,-39.3,0.5,-1.0,RS41-SG,404.900,8.9,250,11,2.6,,
2026-09-14T12:44:33.002Z,Y1212225,7835,44.84200,8.46315,32372.8,6.7,5.4,65.5,-39.5,0.5,-1.0,RS41-SG,404.900,8.9,250,11,2.7,,
2026-09-14T12:44:34.002Z,Y1212225,7836,44.84203,8.46321,32379.4,6.6,6.1,55.9,-39.5,0.4,-1.0,RS41-SG,404.900,8.3,250,11,2.7,,
2026-09-14T12:44:35.002Z,Y1212225,7837,44.84206,8.46327,32385.4,5.3,6.6,47.8,-39.4,0.5,-1.0,RS41-SG,404.900,8.3,250,11,2.7,,
2026-09-14T12:44:36.002Z,Y1212225,7838,44.84211,8.46333,32390.7,5.3,6.7,43.5,-39.4,0.5,-1.0,RS41-SG,404.900,8.1,250,11,2.6,,
2026-09-14T12:44:37.002Z,Y1212225,7839,44.84215,8.46339,32396.5,6.2,6.1,41.3,-39.3,0.4,-1.0,RS41-SG,404.900,7.2,250,11,2.6,,
2026-09-14T12:44:38.002Z,Y1212225,7840,44.84218,8.46343,32403.1,6.9,5.0,42.3,-39.3,0.4,-1.0,RS41-SG,404.900,8.4,250,11,2.6,,
2026-09-14T12:44:39.002Z,Y1212225,7841,44.84221,8.46347,32409.3,5.5,4.1,44.5,-39.4,0.5,-1.0,RS41-SG,404.900,9.9,250,11,2.7,,
2026-09-14T12:44:40.002Z,Y1212225,7842,44.84224,8.46351,32414.9,5.6,3.7,45.1,-39.5,0.4,-1.0,RS41-SG,404.900,9.9,250,11,2.7,,
2026-09-14T12:44:41.002Z,Y1212225,7843,44.84226,8.46354,32420.7,6.0,4.1,42.6,-39.6,0.5,-1.0,RS41-SG,404.900,8.8,250,11,2.7,,
2026-09-14T12:44:42.002Z,Y1212225,7844,44.84230,8.46358,32427.0,6.7,5.2,38.5,-39.6,0.5,-1.0,RS41-SG,404.900,6.9,250,11,2.6,,
2026-09-14T12:44:43.002Z,Y1212225,7845,44.84234,8.46362,32433.8,6.8,6.8,36.6,-39.6,0.5,-1.0,RS41-SG,404.900,7.2,250,11,2.6,,
2026-09-14T12:44:44.002Z,Y1212225,7846,44.84239,8.46368,32439.6,4.9,7.8,37.4,-39.5,0.5,-1.0,RS41-SG,404.900,7.3,250,10,2.6,,
2026-09-14T12:44:45.002Z,Y1212225,7847,44.84245,8.46374,32444.8,5.3,8.1,40.8,-39.6,0.4,-1.0,RS41-SG,404.900,8.3,250,11,2.7,,
2026-09-14T12:44:46.002Z,Y1212225,7848,44.84250,8.46381,32450.6,6.4,7.5,47.2,-39.8,0.5,-1.0,RS41-SG,404.900,8.3,250,10,2.7,,
2026-09-14T12:44:48.002Z,Y1212225,7850,44.84255,8.46395,32463.7,5.9,5.2,73.6,-39.8,0.5,-1.0,RS41-SG,404.900,8.0,250,11,2.6,,
2026-09-14T12:44:49.002Z,Y1212225,7851,44.84256,8.46401,32469.0,4.7,4.7,86.3,-39.7,0.5,-1.0,RS41-SG,404.900,8.0,250,11,2.6,,
2026-09-14T12:44:50.002Z,Y1212225,7852,44.84256,8.46406,32473.9,5.2,4.4,92.7,-39.7,0.5,-1.0,RS41-SG,404.900,7.9,250,11,2.6,,
2026-09-14T12:44:51.002Z,Y1212225,7853,44.84256,8.46412,32479.5,6.0,4.3,82.5,-39.9,0.5,-1.0,RS41-SG,404.900,7.7,250,11,2.7,,
2026-09-14T12:44:52.002Z,Y1212225,7854,44.84258,8.46417,32486.1,7.0,4.9,64.8,-40.0,0.5,-1.0,RS41-SG,404.900,7.9,250,11,2.7,,
2026-09-14T12:44:57.002Z,Y1212225,7859,44.84276,8.46445,32517.1,6.7,5.2,55.6,-40.1,0.5,-1.0,RS41-SG,404.900,7.6,250,11,2.7,,
2026-09-14T12:44:58.002Z,Y1212225,7860,44.84278,8.46451,32522.8,4.8,4.6,66.7,-40.3,0.5,-1.0,RS41-SG,404.900,7.6,250,11,2.7,,
2026-09-14T12:45:00.002Z,Y1212225,7862,44.84280,8.46461,32532.6,5.2,4.1,78.2,-40.2,0.5,-1.0,RS41-SG,404.900,7.7,250,10,2.6,,
2026-09-14T12:45:02.002Z,Y1212225,7864,44.84283,8.46472,32544.4,6.3,5.4,65.8,-40.2,0.5,-1.0,RS41-SG,404.900,8.2,250,10,2.6,,
2026-09-14T12:45:03.002Z,Y1212225,7865,44.84285,8.46479,32550.5,6.1,6.4,65.7,-40.4,0.5,-1.0,RS41-SG,404.900,8.2,250,11,2.7,,
2026-09-14T12:45:06.002Z,Y1212225,7868,44.84290,8.46506,32567.1,6.0,8.5,87.9,-40.4,0.5,-1.0,RS41-SG,404.900,7.2,250,11,2.6,,
2026-09-14T12:45:07.002Z,Y1212225,7869,44.84289,8.46517,32573.4,6.5,8.3,98.8,-40.3,0.5,-1.0,RS41-SG,404.900,7.2,250,11,2.6,,
2026-09-14T12:45:08.002Z,Y1212225,7870,44.84288,8.46527,32579.4,5.6,7.9,107.3,-40.3,0.5,-1.0,RS41-SG,404.900,8.9,250,11,2.6,,
2026-09-14T12:45:09.002Z,Y1212225,7871,44.84286,8.46535,32584.8,5.2,6.8,112.0,-40.5,0.5,-1.0,RS41-SG,404.900,9.1,250,11,2.7,,
2026-09-14T12:45:10.002Z,Y1212225,7872,44.84284,8.46543,32590.3,5.9,5.2,108.4,-40.6,0.5,-1.0,RS41-SG,404.900,9.3,250,11,2.7,,
2026-09-14T12:45:11.002Z,Y1212225,7873,44.84283,8.46548,32596.5,6.4,3.8,86.6,-40.6,0.5,-1.0,RS41-SG,404.900,9.3,250,11,2.7,,
2026-09-14T12:45:12.002Z,Y1212225,7874,44.84284,8.46552,32602.8,6.0,4.0,52.1,-40.7,0.5,-1.0,RS41-SG,404.900,9.2,250,11,2.6,,
2026-09-14T12:45:13.002Z,Y1212225,7875,44.84287,8.46556,32608.2,4.7,5.0,37.4,-40.6,0.5,-1.0,RS41-SG,404.900,9.2,250,11,2.6,,
2026-09-14T12:45:14.002Z,Y1212225,7876,44.84291,8.46561,32613.2,5.4,5.8,38.0,-40.6,0.5,-1.0,RS41-SG,404.900,8.1,250,11,2.6,,
2026-09-14T12:45:15.002Z,Y1212225,7877,44.84295,8.46566,32619.4,6.8,6.1,49.5,-40.6,0.5,-1.0,RS41-SG,404.900,7.7,250,11,2.7,,
2026-09-14T12:45:17.002Z,Y1212225,7879,44.84299,8.46581,32632.7,5.2,7.0,86.2,-40.5,0.5,-1.0,RS41-SG,404.900,7.1,250,11,2.7,,
2026-09-14T12:45:18.002Z,Y1212225,7880,44.84298,8.46590,32637.5,4.4,8.1,98.1,-40.5,0.5,-1.0,RS41-SG,404.900,8.6,250,11,2.6,,
2026-09-14T12:45:19.002Z,Y1212225,7881,44.84297,8.46601,32642.2,4.9,9.0,104.3,-40.5,0.5,-1.0,RS41-SG,404.900,8.6,250,11,2.6,,
2026-09-14T12:45:20.002Z,Y1212225,7882,44.84295,8.46612,32647.8,6.3,9.1,105.0,-40.6,0.5,-1.0,RS41-SG,404.900,8.9,250,11,2.6,,
2026-09-14T12:45:21.002Z,Y1212225,7883,44.84293,8.46622,32654.3,6.7,8.4,101.8,-40.6,0.5,-1.0,RS41-SG,404.900,9.0,250,11,2.7,,
2026-09-14T12:45:22.002Z,Y1212225,7884,44.84292,8.46632,32660.4,5.4,7.4,99.1,-40.6,0.5,-1.0,RS41-SG,404.900,9.2,250,11,2.7,,
2026-09-14T12:45:23.002Z,Y1212225,7885,44.84291,8.46640,32665.8,5.3,6.1,99.5,-40.6,0.5,-1.0,RS41-SG,404.900,9.2,250,11,2.7,,
2026-09-14T12:45:24.002Z,Y1212225,7886,44.84290,8.46647,32671.3,5.7,4.8,106.0,-40.6,0.5,-1.0,RS41-SG,404.900,7.9,250,11,2.6,,
2026-09-14T12:45:26.002Z,Y1212225,7888,44.84286,8.46656,32683.3,5.4,3.9,134.8,-40.6,0.5,-1.0,RS41-SG,404.900,7.4,250,11,2.6,,
2026-09-14T12:45:27.002Z,Y1212225,7889,44.84283,8.46659,32688.6,5.1,3.8,139.6,-40.5,0.5,-1.0,RS41-SG,404.900,8.1,250,11,2.7,,
2026-09-14T12:45:31.002Z,Y1212225,7893,44.84279,8.46676,32711.9,5.1,4.7,79.0,-40.4,0.5,-1.0,RS41-SG,404.900,6.9,250,11,2.6,,
2026-09-14T12:45:32.002Z,Y1212225,7894,44.84280,8.46682,32717.0,5.1,5.6,83.5,-40.3,0.5,-1.0,RS41-SG,404.900,7.6,250,11,2.6,,
2026-09-14T12:45:33.002Z,Y1212225,7895,44.84280,8.46690,32722.4,5.5,6.5,94.7,-40.2,0.5,-1.0,RS41-SG,404.900,8.5,250,11,2.7,,
2026-09-14T12:45:34.002Z,Y1212225,7896,44.84279,8.46698,32727.9,5.6,7.7,108.0,-40.2,0.5,-1.0,RS41-SG,404.900,8.5,250,11,2.7,,
2026-09-14T12:45:35.002Z,Y1212225,7897,44.84276,8.46708,32733.6,5.8,8.9,120.8,-40.1,0.5,-1.0,RS41-SG,404.900,7.9,250,11,2.7,,
2026-09-14T12:45:36.002Z,Y1212225,7898,44.84271,8.46717,32739.2,5.3,9.5,131.0,-40.1,0.5,-1.0,RS41-SG,404.900,7.7,250,11,2.6,,
2026-09-14T12:45:37.002Z,Y1212225,7899,44.84265,8.46725,32744.4,5.1,9.3,139.9,-40.0,0.5,-1.0,RS41-SG,404.900,7.7,250,11,2.6,,
2026-09-14T12:45:47.002Z,Y1212225,7909,44.84239,8.46747,32798.6,4.9,5.9,140.6,-39.1,0.4,-1.0,RS41-SG,404.900,7.3,250,11,2.7,,
2026-09-14T12:45:48.002Z,Y1212225,7910,44.84235,8.46752,32804.1,6.0,6.5,135.4,-39.1,0.4,-1.0,RS41-SG,404.900,8.6,250,11,2.6,,
2026-09-14T12:45:49.002Z,Y1212225,7911,44.84231,8.46758,32810.3,6.4,6.2,131.5,-39.0,0.5,-1.0,RS41-SG,404.900,8.6,250,11,2.6,,
2026-09-14T12:45:50.002Z,Y1212225,7912,44.84228,8.46763,32816.2,5.4,5.6,129.7,-38.9,0.4,-1.0,RS41-SG,404.900,8.5,250,11,2.6,,
2026-09-14T12:45:51.002Z,Y1212225,7913,44.84225,8.46768,32821.5,5.1,5.1,135.4,-38.9,0.4,-1.0,RS41-SG,404.900,8.5,250,11,2.7,,
2026-09-14T12:45:52.002Z,Y1212225,7914,44.84221,8.46772,32826.8,5.5,4.6,148.0,-38.9,0.4,-1.0,RS41-SG,404.900,7.7,250,11,2.7,,
2026-09-14T12:45:54.002Z,Y1212225,7916,44.84213,8.46775,32838.7,5.9,5.4,178.6,-38.9,0.4,-1.0,RS41-SG,404.900,8.5,250,11,2.6,,
2026-09-14T12:45:56.002Z,Y1212225,7918,44.84203,8.46774,32849.3,5.6,4.8,194.0,-38.7,0.4,-1.0,RS41-SG,404.900,7.1,250,11,2.6,,
2026-09-14T12:45:57.002Z,Y1212225,7919,44.84200,8.46772,32855.3,6.3,3.3,205.9,-38.8,0.4,-1.0,RS41-SG,404.900,8.3,250,11,2.7,,
2026-09-14T12:45:58.002Z,Y1212225,7920,44.84198,8.46771,32861.7,6.5,1.4,237.3,-38.8,0.4,-1.0,RS41-SG,404.900,8.9,250,11,2.7,,
2026-09-14T12:45:59.002Z,Y1212225,7921,44.84198,8.46769,32867.6,5.2,1.1,329.9,-38.8,0.4,-1.0,RS41-SG,404.900,9.0,250,11,2.7,,
2026-09-14T12:46:03.002Z,Y1212225,7925,44.84202,8.46783,32889.9,5.2,6.5,98.1,-38.9,0.4,-1.0,RS41-SG,404.900,7.2,250,11,2.7,,
2026-09-14T12:46:04.002Z,Y1212225,7926,44.84201,8.46792,32894.7,4.3,7.8,106.5,-38.9,0.4,-1.0,RS41-SG,404.900,7.5,250,11,2.7,,
2026-09-14T12:46:05.002Z,Y1212225,7927,44.84198,8.46801,32899.3,5.0,8.3,111.9,-38.9,0.4,-1.0,RS41-SG,404.900,8.5,250,11,2.7,,
2026-09-14T12:46:06.002Z,Y1212225,7928,44.84196,8.46811,32905.0,6.4,7.3,113.8,-38.9,0.4,-1.0,RS41-SG,404.900,8.5,250,11,2.6,,
2026-09-14T12:46:07.002Z,Y1212225,7929,44.84193,8.46818,32911.9,7.2,5.3,115.4,-39.0,0.4,-1.0,RS41-SG,404.900,7.7,250,11,2.6,,
2026-09-14T12:46:08.002Z,Y1212225,7930,44.84192,8.46822,32918.7,6.3,2.9,116.0,-39.0,0.4,-1.0,RS41-SG,404.900,8.2,250,11,2.6,,
2026-09-14T12:46:09.002Z,Y1212225,7931,44.84191,8.46825,32924.3,4.9,0.9,135.8,-38.8,0.4,-1.0,RS41-SG,404.900,8.3,250,11,2.7,,
2026-09-14T12:46:10.002Z,Y1212225,7932,44.84190,8.46824,32929.4,5.0,1.4,259.2,-38.7,0.4,-1.0,RS41-SG,404.900,8.7,250,11,2.7,,
2026-09-14T12:46:11.002Z,Y1212225,7933,44.84190,8.46821,32934.7,5.7,3.2,258.8,-38.6,0.4,-1.0,RS41-SG,404.900,8.7,250,11,2.7,,
2026-09-14T12:46:12.002Z,Y1212225,7934,44.84189,8.46817,32940.3,5.3,4.3,252.9,-38.6,0.4,-1.0,RS41-SG,404.900,8.0,250,11,2.6,,
2026-09-14T12:46:13.002Z,Y1212225,7935,44.84188,8.46811,32945.3,4.6,5.1,250.3,-38.6,0.4,-1.0,RS41-SG,404.900,8.0,250,11,2.6,,
2026-09-14T12:46:19.002Z,Y1212225,7941,44.84189,8.46790,32980.7,5.9,4.1,61.0,-38.5,0.4,-1.0,RS41-SG,404.900,7.4,250,11,2.6,,
2026-09-14T12:46:20.002Z,Y1212225,7942,44.84191,8.46797,32986.3,5.4,6.8,78.5,-38.5,0.4,-1.0,RS41-SG,404.900,8.6,250,11,2.6,,
2026-09-14T12:46:21.002Z,Y1212225,7943,44.84191,8.46807,32991.3,4.5,8.9,87.2,-38.5,0.4,-1.0,RS41-SG,404.900,9.5,250,11,2.7,,
2026-09-14T12:46:22.002Z,Y1212225,7944,44.84191,8.46818,32995.8,4.5,9.9,92.6,-38.3,0.4,-1.0,RS41-SG,404.900,9.5,250,10,2.7,,
2026-09-14T12:46:23.002Z,Y1212225,7945,44.84191,8.46830,33000.9,5.7,9.3,96.4,-38.1,0.4,-1.0,RS41-SG,404.900,8.8,250,10,2.7,,
2026-09-14T12:46:24.002Z,Y1212225,7946,44.84190,8.46841,33007.2,6.6,7.0,99.3,-37.9,0.4,-1.0,RS41-SG,404.900,9.1,250,11,2.6,,
2026-09-14T12:46:25.002Z,Y1212225,7947,44.84189,8.46847,33013.7,6.4,4.0,102.9,-37.8,0.4,-1.0,RS41-SG,404.900,9.1,250,11,2.6,,
2026-09-14T12:46:26.002Z,Y1212225,7948,44.84188,8.46850,33019.7,5.5,0.9,131.1,-37.7,0.4,-1.0,RS41-SG,404.900,10.1,250,11,2.6,,
2026-09-14T12:46:27.002Z,Y1212225,7949,44.84188,8.46849,33024.6,4.3,2.1,255.0,-37.6,0.4,-1.0,RS41-SG,404.900,10.1,250,11,2.7,,
2026-09-14T12:46:28.002Z,Y1212225,7950,44.84187,8.46846,33028.8,4.0,3.8,255.2,-37.5,0.4,-1.0,RS41-SG,404.900,9.2,250,11,2.7,,
2026-09-14T12:46:31.002Z,Y1212225,7953,44.84179,8.46835,33046.6,7.1,5.2,178.5,-37.6,0.4,-1.0,RS41-SG,404.900,6.9,250,11,2.6,,
2026-09-14T12:46:32.002Z,Y1212225,7954,44.84174,8.46837,33052.9,5.5,6.5,151.7,-37.6,0.4,-1.0,RS41-SG,404.900,7.0,250,11,2.7,,
2026-09-14T12:46:33.002Z,Y1212225,7955,44.84169,8.46843,33057.7,4.2,8.2,131.5,-37.6,0.4,-1.0,RS41-SG,404.900,7.1,250,11,2.7,,
2026-09-14T12:46:35.002Z,Y1212225,7957,44.84162,8.46864,33066.5,5.0,10.3,98.2,-37.4,0.4,-1.0,RS41-SG,404.900,6.8,250,11,2.6,,
2026-09-14T12:46:36.002Z,Y1212225,7958,44.84162,8.46877,33071.9,5.8,10.3,83.1,-37.3,0.4,-1.0,RS41-SG,404.900,8.7,250,11,2.7,,
2026-09-14T12:46:37.002Z,Y1212225,7959,44.84164,8.46889,33078.0,6.5,9.4,68.8,-37.2,0.4,-1.0,RS41-SG,404.900,8.7,250,11,2.7,,
2026-09-14T12:46:38.002Z,Y1212225,7960,44.84168,8.46899,33084.0,5.7,7.9,57.6,-37.2,0.4,-1.0,RS41-SG,404.900,8.2,250,11,2.6,,
2026-09-14T12:46:39.002Z,Y1212225,7961,44.84171,8.46906,33089.8,5.8,5.3,49.5,-37.2,0.4,-1.0,RS41-SG,404.900,7.8,250,11,2.6,,
2026-09-14T12:46:40.002Z,Y1212225,7962,44.84173,8.46909,33095.6,5.8,1.8,49.1,-37.1,0.4,-1.0,RS41-SG,404.900,8.3,250,11,2.7,,
2026-09-14T12:46:41.002Z,Y1212225,7963,44.84173,8.46909,33101.4,5.8,2.4,196.7,-37.0,0.4,-1.0,RS41-SG,404.900,8.6,250,11,2.7,,
2026-09-14T12:46:42.002Z,Y1212225,7964,44.84169,8.46908,33106.6,4.8,5.8,195.0,-37.0,0.4,-1.0,RS41-SG,404.900,8.6,250,11,2.6,,
2026-09-14T12:46:43.002Z,Y1212225,7965,44.84163,8.46906,33110.9,3.9,8.3,189.6,-37.0,0.4,-1.0,RS41-SG,404.900,7.6,250,11,2.6,,
2026-09-14T12:46:45.002Z,Y1212225,7967,44.84147,8.46906,33121.0,6.5,9.1,173.1,-36.9,0.4,-1.0,RS41-SG,404.900,7.0,250,11,2.7,,
2026-09-14T12:46:46.002Z,Y1212225,7968,44.84140,8.46908,33127.9,7.4,7.4,159.4,-37.0,0.4,-1.0,RS41-SG,404.900,9.0,250,11,2.7,,
2026-09-14T12:46:47.002Z,Y1212225,7969,44.84135,8.46912,33134.9,6.6,5.8,136.6,-37.1,0.4,-1.0,RS41-SG,404.900,9.0,250,11,2.6,,
2026-09-14T12:46:49.002Z,Y1212225,7971,44.84131,8.46925,33144.6,3.9,6.2,90.3,-37.0,0.4,-1.0,RS41-SG,404.900,8.6,250,11,2.6,,
2026-09-14T12:46:50.002Z,Y1212225,7972,44.84131,8.46933,33148.9,4.9,7.3,81.9,-37.0,0.4,-1.0,RS41-SG,404.900,8.6,250,11,2.7,,
2026-09-14T12:46:51.002Z,Y1212225,7973,44.84132,8.46943,33154.6,6.5,7.4,85.5,-37.0,0.4,-1.0,RS41-SG,404.900,7.7,250,11,2.7,,
2026-09-14T12:46:52.002Z,Y1212225,7974,44.84132,8.46952,33161.2,6.6,7.1,95.7,-37.1,0.4,-1.0,RS41-SG,404.900,8.2,250,11,2.7,,
2026-09-14T12:46:53.002Z,Y1212225,7975,44.84131,8.46960,33167.2,5.6,6.3,110.3,-37.0,0.4,-1.0,RS41-SG,404.900,8.3,250,11,2.6,,
2026-09-14T12:46:54.002Z,Y1212225,7976,44.84128,8.46966,33172.6,5.2,5.5,131.0,-37.0,0.4,-1.0,RS41-SG,404.900,8.8,250,11,2.6,,
2026-09-14T12:46:55.002Z,Y1212225,7977,44.84125,8.46970,33178.0,5.6,4.8,158.0,-37.1,0.4,-1.0,RS41-SG,404.900,9.1,250,11,2.6,,
2026-09-14T12:46:56.002Z,Y1212225,7978,44.84120,8.46971,33183.8,6.2,4.8,185.2,-37.2,0.4,-1.0,RS41-SG,404.900,9.1,250,11,2.7,,
2026-09-14T12:46:57.002Z,Y1212225,7979,44.84116,8.46969,33189.6,5.3,5.0,200.9,-37.2,0.4,-1.0,RS41-SG,404.900,8.1,250,11,2.7,,
2026-09-14T12:46:58.002Z,Y1212225,7980,44.84112,8.46967,33194.8,5.1,5.1,208.3,-37.2,0.4,-1.0,RS41-SG,404.900,8.8,250,11,2.7,,
2026-09-14T12:46:59.002Z,Y1212225,7981,44.84108,8.46964,33200.4,6.0,5.2,203.8,-37.2,0.4,-1.0,RS41-SG,404.900,8.8,250,11,2.6,,
2026-09-14T12:47:00.002Z,Y1212225,7982,44.84104,8.46962,33206.8,6.9,5.3,189.5,-37.2,0.4,-1.0,RS41-SG,404.900,8.5,250,11,2.6,,
2026-09-14T12:47:01.002Z,Y1212225,7983,44.84099,8.46962,33213.2,5.8,5.4,174.3,-37.3,0.4,-1.0,RS41-SG,404.900,8.8,250,11,2.6,,
2026-09-14T12:47:02.002Z,Y1212225,7984,44.84094,8.46963,33218.9,5.6,5.0,156.4,-37.4,0.4,-1.0,RS41-SG,404.900,9.7,250,11,2.7,,
2026-09-14T12:47:03.002Z,Y1212225,7985,44.84091,8.46967,33224.8,6.3,4.4,131.1,-37.4,0.4,-1.0,RS41-SG,404.900,9.7,250,11,2.7,,
2026-09-14T12:47:04.002Z,Y1212225,7986,44.84089,8.46971,33231.3,6.7,4.0,99.7,-37.3,0.4,-1.0,RS41-SG,404.900,9.2,250,11,2.7,,
2026-09-14T12:47:05.002Z,Y1212225,7987,44.84090,8.46976,33237.5,5.8,4.1,72.7,-37.2,0.4,-1.0,RS41-SG,404.900,9.2,250,11,2.6,,
2026-09-14T12:47:06.002Z,Y1212225,7988,44.84091,8.46981,33242.8,5.0,4.2,56.0,-37.1,0.4,-1.0,RS41-SG,404.900,7.9,250,11,2.6,,
2026-09-14T12:47:07.002Z,Y1212225,7989,44.84093,8.46985,33248.1,5.6,3.6,48.5,-37.0,0.4,-1.0,RS41-SG,404.900,8.0,250,11,2.6,,
2026-09-14T12:47:08.002Z,Y1212225,7990,44.84095,8.46987,33254.1,6.3,2.1,56.8,-37.0,0.4,-1.0,RS41-SG,404.900,9.8,250,11,2.7,,
2026-09-14T12:47:09.002Z,Y1212225,7991,44.84095,8.46989,33260.5,6.7,1.0,137.6,-37.1,0.4,-1.0,RS41-SG,404.900,9.8,250,11,2.7,,
2026-09-14T12:47:10.002Z,Y1212225,7992,44.84094,8.46989,33266.9,6.2,2.5,185.2,-37.1,0.4,-1.0,RS41-SG,404.900,9.7,250,11,2.7,,
2026-09-14T12:47:11.002Z,Y1212225,7993,44.84091,8.46988,33272.3,4.7,3.5,195.7,-37.0,0.4,-1.0,RS41-SG,404.900,9.7,250,11,2.6,,
2026-09-14T12:47:12.002Z,Y1212225,7994,44.84088,8.46987,33277.3,5.2,4.0,207.9,-37.0,0.4,-1.0,RS41-SG,404.900,8.6,250,11,2.6,,
2026-09-14T12:47:13.002Z,Y1212225,7995,44.84085,8.46984,33283.2,6.5,3.8,230.5,-36.9,0.4,-1.0,RS41-SG,404.900,9.3,250,11,2.6,,
2026-09-14T12:47:14.002Z,Y1212225,7996,44.84084,8.46979,33290.0,7.0,3.7,260.5,-37.0,0.4,-1.0,RS41-SG,404.900,10.0,250,11,2.7,,
2026-09-14T12:47:15.002Z,Y1212225,7997,44.84084,8.46975,33296.3,5.6,4.2,286.6,-37.2,0.4,-1.0,RS41-SG,404.900,10.0,250,11,2.7,,
2026-09-14T12:47:16.002Z,Y1212225,7998,44.84086,8.46970,33301.5,5.0,4.6,306.1,-37.2,0.4,-1.0,RS41-SG,404.900,8.7,250,11,2.7,,
2026-09-14T12:47:17.002Z,Y1212225,7999,44.84089,8.46966,33306.8,5.6,4.7,321.2,-37.2,0.4,-1.0,RS41-SG,404.900,8.3,250,11,2.6,,
2026-09-14T12:47:18.002Z,Y1212225,8000,44.84092,8.46963,33312.7,6.3,4.0,335.8,-37.2,0.4,-1.0,RS41-SG,404.900,7.6,250,11,2.6,,
2026-09-14T12:47:19.002Z,Y1212225,8001,44.84095,8.46961,33319.0,6.3,3.1,354.9,-37.2,0.4,-1.0,RS41-SG,404.900,7.6,250,11,2.6,,
2026-09-14T12:47:20.002Z,Y1212225,8002,44.84097,8.46962,33325.2,6.0,2.5,16.7,-37.2,0.4,-1.0,RS41-SG,404.900,7.4,250,11,2.7,,
2026-09-14T12:47:21.002Z,Y1212225,8003,44.84100,8.46963,33331.1,5.8,2.7,33.1,-37.0,0.4,-1.0,RS41-SG,404.900,8.6,250,11,2.7,,
2026-09-14T12:47:22.002Z,Y1212225,8004,44.84102,8.46965,33337.0,6.0,3.0,33.5,-36.8,0.4,-1.0,RS41-SG,404.900,8.7,250,11,2.7,,
2026-09-14T12:47:23.002Z,Y1212225,8005,44.84104,8.46967,33343.2,6.4,3.2,20.9,-36.7,0.4,-1.0,RS41-SG,404.900,9.3,250,11,2.6,,
2026-09-14T12:47:25.003Z,Y1212225,8007,44.84110,8.46967,33356.5,7.1,4.3,343.7,-36.4,0.4,-1.0,RS41-SG,404.900,8.7,250,11,2.7,,
2026-09-14T12:47:26.003Z,Y1212225,8008,44.84114,8.46965,33359.0,-2.1,4.6,337.1,-36.3,0.4,-1.0,RS41-SG,404.900,9.0,250,10,2.7,,
2026-09-14T12:47:28.003Z,Y1212225,8010,44.84121,8.46961,33335.1,-21.1,4.3,336.2,-36.4,0.4,-1.0,RS41-SG,404.900,7.6,250,11,2.6,,
2026-09-14T12:47:32.003Z,Y1212225,8014,44.84126,8.46952,33198.9,-40.4,5.6,206.2,-37.0,0.4,-1.0,RS41-SG,404.900,7.4,250,11,2.6,,
2026-09-14T12:47:33.003Z,Y1212225,8015,44.84120,8.46948,33158.2,-41.1,9.0,196.4,-37.0,0.4,-1.0,RS41-SG,404.900,7.0,250,11,2.7,,
2026-09-14T12:47:34.003Z,Y1212225,8016,44.84112,8.46945,33116.0,-43.6,10.2,194.3,-36.8,0.4,-1.0,RS41-SG,404.900,8.2,250,11,2.7,,
2026-09-14T12:47:36.003Z,Y1212225,8018,44.84094,8.46940,33023.5,-48.9,10.3,184.8,-36.8,0.4,-1.0,RS41-SG,404.900,7.5,250,11,2.6,,
2026-09-14T12:47:39.003Z,Y1212225,8021,44.84071,8.46942,32872.3,-50.0,5.8,155.7,-37.8,0.4,-1.0,RS41-SG,404.900,8.2,250,11,2.7,,
2026-09-14T12:47:40.003Z,Y1212225,8022,44.84068,8.46945,32820.9,-52.4,3.9,150.3,-38.0,0.4,-1.0,RS41-SG,404.900,8.2,250,11,2.7,,
2026-09-14T12:47:41.003Z,Y1212225,8023,44.84065,8.46948,32769.2,-51.7,3.7,118.2,-38.0,0.4,-1.0,RS41-SG,404.900,8.3,250,11,2.7,,
2026-09-14T12:47:42.003Z,Y1212225,8024,44.84065,8.46953,32718.2,-50.4,4.2,72.7,-38.3,0.4,-1.0,RS41-SG,404.900,8.3,250,11,2.6,,
2026-09-14T12:47:43.003Z,Y1212225,8025,44.84067,8.46958,32668.1,-48.7,5.9,52.0,-38.9,0.5,-1.0,RS41-SG,404.900,8.2,250,10,2.6,,
2026-09-14T12:47:44.003Z,Y1212225,8026,44.84071,8.46965,32619.1,-49.6,7.1,50.3,-39.4,0.5,-1.0,RS41-SG,404.900,7.7,250,11,2.6,,
2026-09-14T12:47:45.003Z,Y1212225,8027,44.84076,8.46971,32569.8,-48.8,7.8,43.6,-39.7,0.5,-1.0,RS41-SG,404.900,7.5,250,11,2.7,,
2026-09-14T12:47:46.003Z,Y1212225,8028,44.84081,8.46978,32521.2,-48.0,8.3,44.6,-39.7,0.5,-1.0,RS41-SG,404.900,7.4,250,9,2.7,,
2026-09-14T12:47:50.003Z,Y1212225,8032,44.84092,8.47005,32328.7,-47.9,4.6,97.6,-38.9,0.4,-1.0,RS41-SG,404.900,6.4,250,11,2.6,,
2026-09-14T12:47:54.003Z,Y1212225,8036,44.84086,8.47026,32143.7,-47.0,3.8,96.6,-38.5,0.4,-1.0,RS41-SG,404.900,7.3,250,10,2.6,,
2026-09-14T12:47:58.003Z,Y1212225,8040,44.84095,8.47043,31953.1,-49.7,5.4,27.1,-40.1,0.5,-1.0,RS41-SG,404.900,7.3,250,9,2.7,,
2026-09-14T12:47:59.003Z,Y1212225,8041,44.84100,8.47046,31903.4,-50.3,6.6,24.5,-40.3,0.5,-1.0,RS41-SG,404.900,7.3,250,10,2.7,,
2026-09-14T12:48:00.003Z,Y1212225,8042,44.84105,8.47049,31852.6,-50.5,7.0,17.4,-40.4,0.5,-1.0,RS41-SG,404.900,8.3,250,11,2.6,,
2026-09-14T12:48:01.003Z,Y1212225,8043,44.84111,8.47051,31802.4,-50.6,7.4,8.9,-40.7,0.5,-1.0,RS41-SG,404.900,8.3,250,10,2.6,,
2026-09-14T12:48:08.003Z,Y1212225,8050,44.84141,8.47052,31479.0,-37.1,0.5,281.7,-41.5,0.5,-1.0,RS41-SG,404.900,6.7,250,10,2.7,,
2026-09-14T12:48:09.003Z,Y1212225,8051,44.84141,8.47051,31442.5,-36.3,0.7,329.6,-41.7,0.6,-1.0,RS41-SG,404.900,8.0,250,10,2.7,,
2026-09-14T12:48:10.003Z,Y1212225,8052,44.84142,8.47050,31406.9,-35.9,1.7,310.6,-41.7,0.5,-1.0,RS41-SG,404.900,8.0,250,9,2.6,,
2026-09-14T12:48:11.003Z,Y1212225,8053,44.84143,8.47049,31372.3,-34.1,0.6,317.4,-41.6,0.5,-1.0,RS41-SG,404.900,8.0,250,11,2.6,,
2026-09-14T12:48:12.003Z,Y1212225,8054,44.84143,8.47050,31337.3,-35.6,1.3,109.4,-41.5,0.5,-1.0,RS41-SG,404.900,7.9,250,11,2.7,,
2026-09-14T12:48:13.003Z,Y1212225,8055,44.84142,8.47052,31302.5,-34.1,2.9,98.1,-41.6,0.5,-1.0,RS41-SG,404.900,7.9,250,10,2.7,,
2026-09-14T12:48:15.003Z,Y1212225,8057,44.84140,8.47060,31237.4,-31.9,4.1,120.0,-41.8,0.5,-1.0,RS41-SG,404.900,8.0,250,10,2.6,,
2026-09-14T12:48:16.003Z,Y1212225,8058,44.84138,8.47065,31206.0,-31.7,5.6,130.6,-41.7,0.5,-1.0,RS41-SG,404.900,8.0,250,10,2.7,08:29:40,
2026-09-14T12:48:22.003Z,Y1212225,8064,44.84106,8.47150,31020.4,-32.0,17.1,108.1,-41.5,0.5,-1.0,RS41-SG,404.900,7.1,250,9,2.7,08:29:40,
2026-09-14T12:48:24.003Z,Y1212225,8066,44.84098,8.47194,30956.2,-32.5,18.5,100.8,-41.9,0.5,-1.0,RS41-SG,404.900,7.4,250,10,2.7,08:29:40,
2026-09-14T12:48:25.003Z,Y1212225,8067,44.84096,8.47216,30923.8,-32.5,17.4,95.6,-42.3,0.5,-1.0,RS41-SG,404.900,7.8,250,8,2.6,08:29:40,
2026-09-14T12:48:26.003Z,Y1212225,8068,44.84096,8.47237,30891.9,-30.5,16.4,85.7,-42.5,0.6,-1.0,RS41-SG,404.900,8.7,250,11,2.6,08:29:40,
2026-09-14T12:48:27.003Z,Y1212225,8069,44.84099,8.47256,30862.5,-28.4,14.8,68.1,-42.7,0.6,-1.0,RS41-SG,404.900,8.7,250,9,2.6,08:29:40,
2026-09-14T12:48:28.003Z,Y1212225,8070,44.84106,8.47270,30833.5,-29.0,13.8,48.1,-42.9,0.6,-1.0,RS41-SG,404.900,7.8,250,10,2.7,08:29:40,
2026-09-14T12:48:29.003Z,Y1212225,8071,44.84115,8.47281,30803.5,-31.5,13.4,28.6,-43.0,0.6,-1.0,RS41-SG,404.900,7.8,250,9,2.7,08:29:40,
2026-09-14T12:48:43.003Z,Y1212225,8085,44.84060,8.47228,30345.9,-32.1,18.4,107.7,-44.4,0.6,-1.0,RS41-SG,404.900,7.7,250,10,2.7,08:29:40,
2026-09-14T12:48:44.003Z,Y1212225,8086,44.84059,8.47250,30315.9,-28.6,17.6,82.0,-44.5,0.6,-1.0,RS41-SG,404.900,7.7,250,11,2.7,08:29:40,
2026-09-14T12:48:45.003Z,Y1212225,8087,44.84064,8.47270,30286.8,-29.3,16.2,54.4,-44.5,0.6,-1.0,RS41-SG,404.900,7.5,250,11,2.6,08:29:40,
2026-09-14T12:48:46.003Z,Y1212225,8088,44.84075,8.47283,30257.7,-29.7,16.4,31.2,-44.5,0.6,-1.0,RS41-SG,404.900,7.5,250,10,2.6,08:29:40,
2026-09-14T12:48:58.003Z,Y1212225,8100,44.84081,8.47277,29887.1,-35.9,19.2,102.4,-44.9,0.6,-1.0,RS41-SG,404.900,6.4,250,11,2.6,08:29:40,
2026-09-14T12:48:59.003Z,Y1212225,8101,44.84081,8.47300,29852.8,-34.9,18.1,77.3,-44.7,0.6,-1.0,RS41-SG,404.900,7.4,250,11,2.7,08:29:40,
2026-09-14T12:49:00.003Z,Y1212225,8102,44.84087,8.47321,29818.1,-36.4,18.3,59.1,-44.6,0.6,-1.0,RS41-SG,404.900,7.4,250,9,2.7,08:29:40,
2026-09-14T12:54:08.003Z,Y1212225,8410,44.83867,8.46436,22557.9,-18.7,6.6,93.5,-56.0,1.1,-1.0,RS41-SG,404.900,6.9,250,11,2.6,08:29:40,
2026-09-14T12:54:12.003Z,Y1212225,8414,44.83866,8.46467,22488.7,-16.3,6.0,114.0,-55.8,1.1,-1.0,RS41-SG,404.900,7.3,250,11,2.6,08:29:40,
2026-09-14T12:54:22.003Z,Y1212225,8424,44.83830,8.46530,22324.5,-15.9,5.3,44.8,-55.0,1.0,-1.0,RS41-SG,404.900,6.9,250,11,2.6,08:29:40,
2026-09-14T12:54:24.003Z,Y1212225,8426,44.83839,8.46538,22289.8,-18.7,6.8,19.2,-54.6,1.0,-1.0,RS41-SG,404.900,7.6,250,11,2.6,08:29:40,
2026-09-14T12:54:25.003Z,Y1212225,8427,44.83845,8.46540,22271.3,-18.4,7.5,7.2,-54.6,1.0,-1.0,RS41-SG,404.900,7.6,250,11,2.6,08:29:40,
2026-09-14T12:54:26.003Z,Y1212225,8428,44.83852,8.46540,22253.6,-17.0,7.8,351.4,-54.4,1.0,-1.0,RS41-SG,404.900,7.6,250,11,2.6,08:29:40,
2026-09-14T12:54:30.003Z,Y1212225,8432,44.83872,8.46507,22188.6,-16.7,11.3,278.6,-54.0,1.0,-1.0,RS41-SG,404.900,7.9,250,11,2.6,08:29:40,
2026-09-14T12:54:32.003Z,Y1212225,8434,44.83871,8.46476,22154.1,-18.0,13.4,257.9,-53.8,1.0,-1.0,RS41-SG,404.900,7.2,250,11,2.6,08:29:40,
2026-09-14T12:54:34.003Z,Y1212225,8436,44.83863,8.46444,22116.0,-18.6,13.7,246.5,-54.0,1.0,-1.0,RS41-SG,404.900,7.6,250,11,2.7,08:29:40,
2026-09-14T12:54:35.003Z,Y1212225,8437,44.83858,8.46428,22097.9,-17.6,13.5,244.4,-54.0,1.0,-1.0,RS41-SG,404.900,7.6,250,11,2.6,08:29:40,
2026-09-14T12:54:36.003Z,Y1212225,8438,44.83853,8.46413,22080.4,-17.4,12.6,244.6,-54.0,1.0,-1.0,RS41-SG,404.900,7.2,250,11,2.6,08:29:40,
2026-09-14T12:54:37.003Z,Y1212225,8439,44.83848,8.46399,22063.3,-17.0,11.7,246.6,-54.1,1.0,-1.0,RS41-SG,404.900,7.3,250,11,2.7,08:29:40,
2026-09-14T12:54:38.003Z,Y1212225,8440,44.83844,8.46386,22046.5,-16.6,10.8,248.5,-54.4,1.0,-1.0,RS41-SG,404.900,8.2,250,11,2.7,08:29:40,
2026-09-14T12:54:39.003Z,Y1212225,8441,44.83841,8.46374,22030.2,-16.1,10.3,249.5,-54.6,1.0,-1.0,RS41-SG,404.900,8.2,250,11,2.6,08:29:40,
2026-09-14T12:54:40.003Z,Y1212225,8442,44.83838,8.46362,22014.1,-16.1,9.5,253.2,-54.9,1.1,-1.0,RS41-SG,404.900,7.5,250,11,2.6,08:29:40,
2026-09-14T12:54:41.003Z,Y1212225,8443,44.83836,8.46351,21998.3,-15.7,9.2,258.7,-55.2,1.1,-1.0,RS41-SG,404.900,7.7,250,11,2.6,08:29:40,
2026-09-14T12:54:42.003Z,Y1212225,8444,44.83835,8.46339,21982.6,-15.6,8.9,261.7,-55.5,1.1,-1.0,RS41-SG,404.900,8.4,250,11,2.6,08:29:40,
2026-09-14T12:54:44.003Z,Y1212225,8446,44.83834,8.46317,21950.9,-16.1,9.0,271.1,-56.0,1.2,-1.0,RS41-SG,404.900,7.5,250,11,2.7,08:29:40,
2026-09-14T12:54:45.003Z,Y1212225,8447,44.83834,8.46305,21934.9,-15.9,9.3,272.1,-56.0,1.2,-1.0,RS41-SG,404.900,7.5,250,10,2.6,08:29:40,
2026-09-14T12:54:47.003Z,Y1212225,8449,44.83834,8.46282,21903.7,-15.8,9.5,264.1,-56.1,1.2,-1.0,RS41-SG,404.900,7.9,250,10,2.6,08:29:40,
2026-09-14T12:54:48.003Z,Y1212225,8450,44.83833,8.46270,21887.8,-16.0,9.6,260.4,-56.0,1.2,-1.0,RS41-SG,404.900,7.9,250,10,2.6,08:29:40,
2026-09-14T12:54:49.003Z,Y1212225,8451,44.83831,8.46258,21871.5,-16.6,9.7,255.1,-56.0,1.2,-1.0,RS41-SG,404.900,8.2,250,9,2.6,08:29:40,
2026-09-14T12:54:50.003Z,Y1212225,8452,44.83828,8.46246,21855.5,-15.6,9.6,248.9,-55.9,1.2,-1.0,RS41-SG,404.900,8.2,250,9,2.7,08:29:40,
2026-09-14T12:54:51.003Z,Y1212225,8453,44.83825,8.46236,21839.8,-15.8,9.2,239.7,-55.8,1.2,-1.0,RS41-SG,404.900,7.8,250,10,2.6,08:29:40,
2026-09-14T12:54:52.003Z,Y1212225,8454,44.83820,8.46226,21824.1,-15.7,9.0,229.3,-55.7,1.2,-1.0,RS41-SG,404.900,7.8,250,10,2.6,08:29:40,
2026-09-14T12:54:53.003Z,Y1212225,8455,44.83814,8.46218,21808.2,-16.3,9.1,220.6,-55.7,1.2,-1.0,RS41-SG,404.900,7.9,250,10,2.6,08:29:40,
2026-09-14T12:54:54.003Z,Y1212225,8456,44.83808,8.46211,21791.9,-16.3,9.1,212.3,-55.9,1.2,-1.0,RS41-SG,404.900,7.9,250,10,2.6,08:29:40,
2026-09-14T12:54:58.003Z,Y1212225,8460,44.83778,8.46199,21727.4,-16.2,8.0,184.5,-56.0,1.2,-1.0,RS41-SG,404.900,7.0,250,9,2.6,08:29:40,
2026-09-14T12:54:59.003Z,Y1212225,8461,44.83771,8.46198,21711.0,-16.6,7.6,181.7,-56.0,1.1,-1.0,RS41-SG,404.900,7.4,250,10,2.6,08:29:40,
2026-09-14T12:55:00.003Z,Y1212225,8462,44.83765,8.46198,21694.7,-15.9,6.7,176.0,-55.9,1.2,-1.0,RS41-SG,404.900,7.4,250,10,2.6,08:29:40,
2026-09-14T12:55:01.003Z,Y1212225,8463,44.83759,8.46199,21679.2,-15.3,5.2,167.8,-55.9,1.1,-1.0,RS41-SG,404.900,8.0,250,10,2.7,08:29:40,
2026-09-14T12:55:05.003Z,Y1212225,8467,44.83754,8.46208,21616.9,-15.7,2.4,57.7,-55.8,1.1,-1.0,RS41-SG,404.900,8.4,250,10,2.6,08:29:40,
2026-09-14T12:55:06.003Z,Y1212225,8468,44.83755,8.46211,21600.9,-16.2,2.6,49.1,-55.8,1.1,-1.0,RS41-SG,404.900,8.4,250,10,2.6,08:29:40,
2026-09-14T12:55:13.003Z,Y1212225,8475,44.83777,8.46216,21493.6,-14.8,6.0,344.7,-55.9,1.1,-1.0,RS41-SG,404.900,7.5,250,10,2.6,08:29:40,
2026-09-14T12:55:14.003Z,Y1212225,8476,44.83783,8.46213,21478.6,-15.1,6.6,341.7,-55.9,1.2,-1.0,RS41-SG,404.900,7.8,250,10,2.6,08:29:40,
2026-09-14T12:55:17.003Z,Y1212225,8479,44.83800,8.46202,21433.0,-15.2,7.4,328.3,-56.1,1.2,-1.0,RS41-SG,404.900,7.0,250,10,2.7,08:29:40,
2026-09-14T12:55:21.003Z,Y1212225,8483,44.83821,8.46176,21372.4,-14.7,9.1,304.7,-56.5,1.2,-1.0,RS41-SG,404.900,7.6,250,10,2.6,08:29:40,
2026-09-14T12:55:22.003Z,Y1212225,8484,44.83825,8.46165,21357.6,-14.9,10.1,296.7,-56.6,1.2,-1.0,RS41-SG,404.900,7.6,250,10,2.6,08:29:40,
2026-09-14T12:55:23.003Z,Y1212225,8485,44.83829,8.46153,21342.6,-15.1,11.1,290.4,-56.5,1.2,-1.0,RS41-SG,404.900,7.2,250,10,2.6,08:29:40,
2026-09-14T12:55:24.003Z,Y1212225,8486,44.83832,8.46139,21327.5,-15.1,12.3,285.5,-56.4,1.2,-1.0,RS41-SG,404.900,7.2,250,10,2.6,08:29:40,
2026-09-14T12:55:25.003Z,Y1212225,8487,44.83835,8.46124,21312.4,-15.2,12.8,283.5,-56.4,1.2,-1.0,RS41-SG,404.900,7.8,250,10,2.6,08:29:40,
2026-09-14T12:55:26.003Z,Y1212225,8488,44.83837,8.46108,21297.1,-15.3,13.3,281.6,-56.2,1.2,-1.0,RS41-SG,404.900,7.8,250,10,2.6,08:29:40,
2026-09-14T12:55:28.003Z,Y1212225,8490,44.83842,8.46075,21267.4,-14.5,13.2,282.2,-56.4,1.2,-1.0,RS41-SG,404.900,7.7,250,10,2.6,08:29:40,
2026-09-14T12:55:35.003Z,Y1212225,8497,44.83865,8.45999,21166.7,-15.3,4.1,317.2,-56.3,1.2,-1.0,RS41-SG,404.900,7.4,250,10,2.6,08:29:40,
2026-09-14T12:55:36.003Z,Y1212225,8498,44.83868,8.45996,21151.3,-15.5,2.8,322.7,-56.3,1.2,-1.0,RS41-SG,404.900,7.7,250,10,2.6,08:29:40,
2026-09-14T12:55:37.003Z,Y1212225,8499,44.83869,8.45995,21135.8,-15.4,1.7,318.8,-56.4,1.2,-1.0,RS41-SG,404.900,7.7,250,10,2.6,08:29:40,
2026-09-14T12:55:46.003Z,Y1212225,8508,44.83822,8.45997,21002.0,-14.9,12.4,184.4,-56.3,1.2,-1.0,RS41-SG,404.900,6.6,250,10,2.6,08:29:40,
2026-09-14T12:55:48.003Z,Y1212225,8510,44.83798,8.45991,20973.2,-14.1,14.5,195.5,-56.3,1.2,-1.0,RS41-SG,404.900,6.8,250,10,2.6,08:29:40,
2026-09-14T12:55:49.003Z,Y1212225,8511,44.83785,8.45985,20959.0,-14.3,15.1,202.0,-56.2,1.2,-1.0,RS41-SG,404.900,6.9,250,10,2.6,08:29:40,
2026-09-14T12:55:52.003Z,Y1212225,8514,44.83749,8.45954,20916.0,-14.3,16.1,221.7,-56.4,1.2,-1.0,RS41-SG,404.900,6.9,250,10,2.6,08:29:40,
