timestamp,serial,frame,lat,lon,alt,vel_v,vel_h,heading,temp,humidity,pressure,type,freq_mhz,snr,f_error_hz,sats,batt_v,burst_timer,aux_data
2026-10-09T00:48:42.004Z,Y1152797,7938,45.43856,8.84633,32088.5,4.6,9.4,140.2,-273.0,-1.0,-1.0,RS41,404.900,7.6,250,8,2.6,,
2026-10-09T00:48:43.004Z,Y1152797,7939,45.43849,8.84641,32093.4,5.3,10.4,138.4,-273.0,-1.0,-1.0,RS41,404.900,7.6,250,8,2.6,,
2026-10-09T00:48:44.004Z,Y1152797,7940,45.43843,8.84650,32099.1,6.1,10.9,132.6,-273.0,-1.0,-1.0,RS41-SG,404.900,8.1,250,7,2.5,,
2026-10-09T00:48:45.004Z,Y1152797,7941,45.43837,8.84661,32105.1,5.8,10.8,125.0,-273.0,-1.0,-1.0,RS41-SG,404.900,8.9,250,8,2.5,,
2026-10-09T00:48:46.004Z,Y1152797,7942,45.43831,8.84672,32110.4,4.8,10.4,119.3,-273.0,-1.0,-1.0,RS41-SG,404.900,8.9,250,8,2.5,,
2026-10-09T00:48:47.004Z,Y1152797,7943,45.43827,8.84684,32115.2,4.8,9.4,114.6,-273.0,-1.0,-1.0,RS41-SG,404.900,9.1,250,8,2.5,,
2026-10-09T00:48:48.004Z,Y1152797,7944,45.43824,8.84694,32120.2,5.5,8.1,112.4,-273.0,-1.0,-1.0,RS41-SG,404.900,9.7,250,8,2.5,,
2026-10-09T00:48:49.004Z,Y1152797,7945,45.43822,8.84702,32126.0,6.0,6.7,115.2,-273.0,-1.0,-1.0,RS41-SG,404.900,9.7,250,8,2.6,,
2026-10-09T00:48:50.004Z,Y1152797,7946,45.43819,8.84709,32131.7,5.4,5.7,120.3,-273.0,-1.0,-1.0,RS41-SG,404.900,8.6,250,8,2.6,,
2026-10-09T00:48:51.004Z,Y1152797,7947,45.43817,8.84715,32136.5,4.4,5.2,123.0,-273.0,-1.0,-1.0,RS41-SG,404.900,8.9,250,8,2.5,,
2026-10-09T00:48:52.004Z,Y1152797,7948,45.43814,8.84721,32141.0,4.6,5.1,118.6,-273.0,-1.0,-1.0,RS41-SG,404.900,8.9,250,8,2.5,,
2026-10-09T00:48:53.004Z,Y1152797,7949,45.43812,8.84727,32146.0,5.4,5.7,108.3,-273.0,-1.0,-1.0,RS41-SG,404.900,8.8,250,8,2.5,,
2026-10-09T00:48:54.004Z,Y1152797,7950,45.43811,8.84735,32151.7,6.0,7.0,97.6,-273.0,-1.0,-1.0,RS41-SG,404.900,8.5,250,8,2.6,,
2026-10-09T00:48:55.004Z,Y1152797,7951,45.43811,8.84745,32157.5,5.4,8.5,93.1,-273.0,-1.0,-1.0,RS41-SG,404.900,9.0,250,8,2.6,,
2026-10-09T00:48:56.004Z,Y1152797,7952,45.43810,8.84756,32162.5,4.6,9.6,92.5,-273.0,-1.0,-1.0,RS41-SG,404.900,9.0,250,8,2.5,,
2026-10-09T00:48:57.004Z,Y1152797,7953,45.43809,8.84769,32167.3,5.0,10.2,96.1,-273.0,-1.0,-1.0,RS41-SG,404.900,9.0,250,8,2.5,,
2026-10-09T00:48:58.004Z,Y1152797,7954,45.43808,8.84782,32172.8,6.0,10.2,104.1,-273.0,-1.0,-1.0,RS41-SG,404.900,9.1,250,8,2.5,,
2026-10-09T00:48:59.004Z,Y1152797,7955,45.43805,8.84794,32178.9,6.1,9.8,114.0,-273.0,-1.0,-1.0,RS41-SG,404.900,9.2,250,8,2.5,,
2026-10-09T00:49:00.004Z,Y1152797,7956,45.43801,8.84804,32184.2,4.6,9.3,121.0,-273.0,-1.0,-1.0,RS41-SG,404.900,9.8,250,8,2.6,,
2026-10-09T00:49:01.004Z,Y1152797,7957,45.43797,8.84814,32188.9,4.7,8.7,125.7,-273.0,-1.0,-1.0,RS41-SG,404.900,9.8,250,8,2.6,,
2026-10-09T00:49:02.004Z,Y1152797,7958,45.43793,8.84822,32194.2,6.0,7.7,122.7,-273.0,-1.0,-1.0,RS41-SG,404.900,8.5,250,8,2.5,,
2026-10-09T00:49:04.004Z,Y1152797,7960,45.43788,8.84839,32206.3,5.0,6.8,95.6,-273.0,-1.0,-1.0,RS41-SG,404.900,9.3,250,8,2.5,,
2026-10-09T00:49:05.004Z,Y1152797,7961,45.43788,8.84848,32210.9,4.3,7.2,83.7,-273.0,-1.0,-1.0,RS41-SG,404.900,9.3,250,8,2.5,,
2026-10-09T00:49:06.004Z,Y1152797,7962,45.43789,8.84857,32215.5,4.9,7.5,75.9,-273.0,-1.0,-1.0,RS41-SG,404.900,10.2,250,8,2.6,,
2026-10-09T00:49:07.004Z,Y1152797,7963,45.43791,8.84866,32220.9,6.0,7.3,74.7,-49.3,-1.0,-1.0,RS41-SG,404.900,10.2,250,8,2.6,,
2026-10-09T00:49:08.004Z,Y1152797,7964,45.43793,8.84875,32226.6,5.6,7.0,78.4,-49.3,-1.0,-1.0,RS41-SG,404.900,9.6,250,8,2.6,,
2026-10-09T00:49:10.004Z,Y1152797,7966,45.43794,8.84893,32236.6,5.0,7.5,85.3,-49.1,-1.0,-1.0,RS41-SG,404.900,7.7,250,8,2.5,,
2026-10-09T00:49:12.004Z,Y1152797,7968,45.43796,8.84915,32247.6,5.7,9.6,83.7,-49.0,-1.0,-1.0,RS41-SG,404.900,9.6,250,8,2.5,,
2026-10-09T00:49:13.004Z,Y1152797,7969,45.43797,8.84927,32253.0,4.8,10.2,82.8,-49.0,-1.0,-1.0,RS41-SG,404.900,9.7,250,8,2.5,,
2026-10-09T00:49:15.004Z,Y1152797,7971,45.43799,8.84953,32263.3,5.8,9.5,83.5,-48.9,-1.0,-1.0,RS41-SG,404.900,7.5,250,8,2.6,,
2026-10-09T00:49:17.004Z,Y1152797,7973,45.43800,8.84974,32274.8,5.0,7.5,86.9,-48.8,-1.0,-1.0,RS41-SG,404.900,8.0,250,8,2.5,,
2026-10-09T00:49:21.004Z,Y1152797,7977,45.43806,8.85015,32297.4,6.0,11.3,70.6,-48.5,-1.0,-1.0,RS41-SG,404.900,8.3,250,8,2.5,,
2026-10-09T00:49:22.004Z,Y1152797,7978,45.43810,8.85030,32302.8,4.6,13.1,69.4,-48.5,-1.0,-1.0,RS41-SG,404.900,9.8,250,8,2.5,,
2026-10-09T00:49:23.004Z,Y1152797,7979,45.43814,8.85046,32307.0,4.0,14.3,70.0,-48.4,-1.0,-1.0,RS41-SG,404.900,9.8,250,8,2.5,,
2026-10-09T00:49:24.004Z,Y1152797,7980,45.43818,8.85063,32311.3,4.7,14.6,71.5,-48.3,-1.0,-1.0,RS41-SG,404.900,10.0,250,8,2.5,,
2026-10-09T00:49:25.004Z,Y1152797,7981,45.43822,8.85081,32316.6,5.7,13.7,73.5,-48.1,-1.0,-1.0,RS41-SG,404.900,10.0,250,8,2.6,,
2026-10-09T00:49:26.004Z,Y1152797,7982,45.43825,8.85096,32322.4,5.8,12.2,74.6,-48.0,-1.0,-1.0,RS41-SG,404.900,9.8,250,8,2.6,,
2026-10-09T00:49:27.004Z,Y1152797,7983,45.43828,8.85110,32327.7,5.0,10.7,73.8,-47.9,-1.0,-1.0,RS41-SG,404.900,10.4,250,8,2.5,,
2026-10-09T00:49:29.004Z,Y1152797,7985,45.43834,8.85133,32337.7,5.3,9.0,60.4,-47.7,-1.0,-1.0,RS41-SG,404.900,8.9,250,8,2.5,,
2026-10-09T00:49:30.004Z,Y1152797,7986,45.43839,8.85143,32343.3,5.9,9.5,52.5,-47.5,-1.0,-1.0,RS41-SG,404.900,8.9,250,8,2.6,,
2026-10-09T00:49:31.004Z,Y1152797,7987,45.43845,8.85152,32348.8,5.1,10.4,47.6,-47.4,-1.0,-1.0,RS41-SG,404.900,9.6,250,8,2.6,,
2026-10-09T00:49:32.004Z,Y1152797,7988,45.43851,8.85162,32353.6,4.5,11.0,45.8,-47.2,-1.0,-1.0,RS41-SG,404.900,9.6,250,8,2.5,,
2026-10-09T00:49:33.004Z,Y1152797,7989,45.43858,8.85172,32358.5,5.2,11.0,47.5,-47.1,-1.0,-1.0,RS41-SG,404.900,9.8,250,8,2.5,,
2026-10-09T00:49:34.004Z,Y1152797,7990,45.43864,8.85183,32364.1,6.1,10.4,52.6,-47.0,-1.0,-1.0,RS41-SG,404.900,9.8,250,8,2.5,,
2026-10-09T00:49:35.004Z,Y1152797,7991,45.43869,8.85193,32370.3,6.3,9.6,61.1,-46.9,-1.0,-1.0,RS41-SG,404.900,8.6,250,8,2.5,,
2026-10-09T00:49:36.004Z,Y1152797,7992,45.43872,8.85204,32376.1,5.1,9.2,71.1,-46.8,-1.0,-1.0,RS41-SG,404.900,8.9,250,8,2.6,,
2026-10-09T00:49:37.004Z,Y1152797,7993,45.43875,8.85216,32381.0,4.6,9.6,78.7,-46.8,-1.0,-1.0,RS41-SG,404.900,8.9,250,8,2.6,,
2026-10-09T00:49:38.004Z,Y1152797,7994,45.43876,8.85228,32385.8,4.8,10.6,82.6,-46.7,-1.0,-1.0,RS41-SG,404.900,8.8,250,8,2.5,,
2026-10-09T00:49:39.004Z,Y1152797,7995,45.43877,8.85243,32390.9,5.3,12.1,81.7,-46.7,-1.0,-1.0,RS41-SG,404.900,8.8,250,8,2.5,,
2026-10-09T00:49:41.004Z,Y1152797,7997,45.43882,8.85277,32402.1,5.3,14.9,76.4,-46.6,-1.0,-1.0,RS41-SG,404.900,8.8,250,8,2.5,,
2026-10-09T00:49:42.004Z,Y1152797,7998,45.43886,8.85295,32407.1,4.6,15.5,75.1,-46.6,-1.0,-1.0,RS41-SG,404.900,9.1,250,8,2.6,,
2026-10-09T00:49:43.004Z,Y1152797,7999,45.43889,8.85314,32411.8,5.0,15.3,76.0,-46.5,-1.0,-1.0,RS41-SG,404.900,10.3,250,8,2.6,,
2026-10-09T00:49:44.004Z,Y1152797,8000,45.43892,8.85333,32417.1,5.7,14.3,78.9,-46.4,-1.0,-1.0,RS41-SG,404.900,10.3,250,8,2.6,,
2026-10-09T00:49:46.004Z,Y1152797,8002,45.43894,8.85365,32428.9,5.7,10.9,90.5,-46.3,-1.0,-1.0,RS41-SG,404.900,8.2,250,8,2.5,,
2026-10-09T00:49:47.004Z,Y1152797,8003,45.43894,8.85378,32434.0,4.6,9.7,96.2,-46.2,-1.0,-1.0,RS41-SG,404.900,8.2,250,8,2.5,,
2026-10-09T00:49:53.004Z,Y1152797,8009,45.43899,8.85458,32465.5,4.5,14.6,73.8,-45.9,-1.0,-1.0,RS41-SG,404.900,6.5,250,8,2.5,,
2026-10-09T00:49:54.004Z,Y1152797,8010,45.43902,8.85477,32470.3,5.2,15.5,77.0,-45.9,-1.0,-1.0,RS41-SG,404.900,7.0,250,8,2.5,,
2026-10-09T00:49:56.004Z,Y1152797,8012,45.43905,8.85516,32481.8,6.1,15.0,92.7,-45.9,-1.0,-1.0,RS41-SG,404.900,8.4,250,8,2.6,,
2026-10-09T00:49:57.004Z,Y1152797,8013,45.43904,8.85534,32487.5,5.5,14.5,102.2,-45.9,-1.0,-1.0,RS41-SG,404.900,9.9,250,8,2.5,,
2026-10-09T00:49:58.004Z,Y1152797,8014,45.43900,8.85552,32492.4,4.5,14.1,109.7,-45.9,-1.0,-1.0,RS41-SG,404.900,9.9,250,8,2.5,,
2026-10-09T00:49:59.004Z,Y1152797,8015,45.43896,8.85568,32496.9,4.6,13.6,113.1,-45.9,-1.0,-1.0,RS41-SG,404.900,9.6,250,8,2.5,,
2026-10-09T00:50:00.004Z,Y1152797,8016,45.43891,8.85584,32502.0,5.8,12.9,111.2,-46.0,-1.0,-1.0,RS41-SG,404.900,9.6,250,8,2.5,,
2026-10-09T00:50:01.004Z,Y1152797,8017,45.43888,8.85599,32508.3,6.8,12.2,103.2,-46.0,-1.0,-1.0,RS41-SG,404.900,9.8,250,8,2.6,,
2026-10-09T00:50:02.004Z,Y1152797,8018,45.43886,8.85614,32514.7,6.0,12.0,92.4,-46.0,-1.0,-1.0,RS41-SG,404.900,9.8,250,8,2.6,,
2026-10-09T00:50:09.004Z,Y1152797,8025,45.43895,8.85724,32552.6,5.0,11.6,98.5,-45.8,-1.0,-1.0,RS41-SG,404.900,8.2,250,8,2.5,,
2026-10-09T00:50:11.004Z,Y1152797,8027,45.43891,8.85753,32563.6,6.3,11.9,101.9,-45.7,-1.0,-1.0,RS41-SG,404.900,8.4,250,8,2.5,,
2026-10-09T00:50:12.004Z,Y1152797,8028,45.43889,8.85768,32570.0,6.7,12.1,97.8,-45.6,-1.0,-1.0,RS41-SG,404.900,9.4,250,8,2.6,,
2026-10-09T00:50:14.004Z,Y1152797,8030,45.43888,8.85799,32581.1,4.8,12.2,90.9,-45.5,-1.0,-1.0,RS41-SG,404.900,8.9,250,8,2.5,,
2026-10-09T00:50:15.004Z,Y1152797,8031,45.43888,8.85814,32586.2,5.5,11.7,89.0,-45.5,-1.0,-1.0,RS41-SG,404.900,9.5,250,8,2.5,,
2026-10-09T00:50:16.004Z,Y1152797,8032,45.43888,8.85828,32592.2,6.4,10.9,89.9,-45.5,-1.0,-1.0,RS41-SG,404.900,9.5,250,8,2.5,,
2026-10-09T00:50:17.004Z,Y1152797,8033,45.43888,8.85842,32598.4,6.0,10.4,93.3,-45.5,-1.0,-1.0,RS41-SG,404.900,8.3,250,8,2.6,,
2026-10-09T00:50:18.004Z,Y1152797,8034,45.43887,8.85855,32604.0,5.2,10.4,95.5,-45.5,-1.0,-1.0,RS41-SG,404.900,9.3,250,8,2.6,,
2026-10-09T00:50:19.004Z,Y1152797,8035,45.43886,8.85868,32609.5,5.6,10.7,94.9,-45.6,-1.0,-1.0,RS41-SG,404.900,9.3,250,8,2.5,,
2026-10-09T00:50:20.004Z,Y1152797,8036,45.43885,8.85882,32615.5,6.4,11.6,92.0,-45.6,-1.0,-1.0,RS41-SG,404.900,8.5,250,8,2.5,,
2026-10-09T00:50:21.004Z,Y1152797,8037,45.43886,8.85898,32622.0,6.4,12.6,87.9,-45.6,-1.0,-1.0,RS41-SG,404.900,9.3,250,8,2.5,,
2026-10-09T00:50:22.004Z,Y1152797,8038,45.43886,8.85914,32627.8,5.3,13.2,85.7,-45.7,-1.0,-1.0,RS41-SG,404.900,9.3,250,8,2.5,,
2026-10-09T00:50:23.004Z,Y1152797,8039,45.43887,8.85931,32633.3,5.7,13.4,85.5,-45.7,-1.0,-1.0,RS41-SG,404.900,8.1,250,8,2.6,,
2026-10-09T00:50:24.004Z,Y1152797,8040,45.43888,8.85947,32639.4,6.5,12.7,88.5,-45.8,-1.0,-1.0,RS41-SG,404.900,8.8,250,8,2.6,,
2026-10-09T00:50:25.004Z,Y1152797,8041,45.43888,8.85963,32646.2,7.1,11.4,94.0,-45.8,-1.0,-1.0,RS41-SG,404.900,8.8,250,8,2.5,,
2026-10-09T00:50:26.004Z,Y1152797,8042,45.43886,8.85976,32652.7,5.9,10.2,100.4,-45.9,-1.0,-1.0,RS41-SG,404.900,8.2,250,8,2.5,,
2026-10-09T00:50:27.004Z,Y1152797,8043,45.43885,8.85988,32658.1,4.9,8.9,104.5,-45.9,-1.0,-1.0,RS41-SG,404.900,8.0,250,8,2.5,,
2026-10-09T00:50:29.004Z,Y1152797,8045,45.43881,8.86008,32669.0,6.2,7.6,97.6,-46.0,-1.0,-1.0,RS41-SG,404.900,8.5,250,8,2.6,,
2026-10-09T00:50:31.004Z,Y1152797,8047,45.43882,8.86029,32681.7,5.9,8.9,77.4,-46.1,-1.0,-1.0,RS41-SG,404.900,8.6,250,8,2.6,,
2026-10-09T00:50:32.004Z,Y1152797,8048,45.43885,8.86040,32687.0,4.9,9.8,72.1,-46.1,-1.0,-1.0,RS41-SG,404.900,9.1,250,8,2.5,,
2026-10-09T00:50:34.004Z,Y1152797,8050,45.43890,8.86065,32697.8,6.2,10.2,73.8,-46.1,-1.0,-1.0,RS41-SG,404.900,8.3,250,8,2.5,,
2026-10-09T00:50:36.004Z,Y1152797,8052,45.43893,8.86090,32710.9,6.2,9.8,87.4,-46.1,-1.0,-1.0,RS41-SG,404.900,8.5,250,8,2.5,,
2026-10-09T00:50:37.004Z,Y1152797,8053,45.43893,8.86102,32716.7,5.4,10.1,93.9,-46.1,-1.0,-1.0,RS41-SG,404.900,10.0,250,8,2.6,,
2026-10-09T00:50:38.004Z,Y1152797,8054,45.43892,8.86115,32722.2,5.6,10.9,97.2,-46.2,-1.0,-1.0,RS41-SG,404.900,10.0,250,8,2.6,,
2026-10-09T00:50:39.004Z,Y1152797,8055,45.43891,8.86130,32728.2,6.5,12.0,96.9,-46.2,-1.0,-1.0,RS41-SG,404.900,9.6,250,8,2.5,,
2026-10-09T00:50:40.004Z,Y1152797,8056,45.43890,8.86146,32735.0,7.2,12.9,92.6,-46.2,-1.0,-1.0,RS41-SG,404.900,9.6,250,8,2.5,,
2026-10-09T00:50:41.004Z,Y1152797,8057,45.43890,8.86162,32741.6,6.2,13.4,88.4,-46.3,-1.0,-1.0,RS41-SG,404.900,9.0,250,8,2.5,,
2026-10-09T00:50:42.004Z,Y1152797,8058,45.43891,8.86179,32747.6,5.8,13.2,83.8,-46.3,-1.0,-1.0,RS41-SG,404.900,9.0,250,8,2.6,,
2026-10-09T00:50:43.004Z,Y1152797,8059,45.43892,8.86195,32753.8,6.4,12.2,79.1,-46.3,-1.0,-1.0,RS41-SG,404.900,8.3,250,8,2.6,,
2026-10-09T00:50:44.004Z,Y1152797,8060,45.43895,8.86209,32760.5,7.1,10.5,76.1,-46.3,-1.0,-1.0,RS41-SG,404.900,8.3,250,8,2.5,,
2026-10-09T00:50:45.004Z,Y1152797,8061,45.43897,8.86221,32767.1,6.1,8.7,72.0,-46.4,-1.0,-1.0,RS41-SG,404.900,8.8,250,8,2.5,,
2026-10-09T00:50:46.004Z,Y1152797,8062,45.43899,8.86231,32772.8,5.3,7.5,68.8,-46.4,-1.0,-1.0,RS41-SG,404.900,8.8,250,8,2.5,,
2026-10-09T00:50:47.004Z,Y1152797,8063,45.43902,8.86239,32778.3,5.7,7.0,63.7,-46.4,-1.0,-1.0,RS41-SG,404.900,9.4,250,8,2.5,,
2026-10-09T00:50:48.004Z,Y1152797,8064,45.43905,8.86248,32784.4,6.5,7.7,61.5,-46.5,-1.0,-1.0,RS41-SG,404.900,9.4,250,8,2.6,,
2026-10-09T00:50:49.004Z,Y1152797,8065,45.43909,8.86257,32791.3,7.2,9.4,61.5,-46.5,-1.0,-1.0,RS41-SG,404.900,9.1,250,8,2.6,,
2026-10-09T00:50:50.004Z,Y1152797,8066,45.43913,8.86269,32798.4,6.9,11.2,62.4,-46.4,-1.0,-1.0,RS41-SG,404.900,9.1,250,8,2.5,,
2026-10-09T00:50:51.004Z,Y1152797,8067,45.43918,8.86282,32804.6,5.5,12.6,65.0,-46.4,-1.0,-1.0,RS41-SG,404.900,8.2,250,8,2.5,,
2026-10-09T00:50:52.004Z,Y1152797,8068,45.43922,8.86297,32810.0,5.3,13.3,68.2,-46.4,-1.0,-1.0,RS41-SG,404.900,9.8,250,8,2.5,,
2026-10-09T00:50:53.004Z,Y1152797,8069,45.43926,8.86313,32815.6,5.7,13.3,72.2,-46.4,-1.0,-1.0,RS41-SG,404.900,9.8,250,8,2.6,,
2026-10-09T00:50:54.004Z,Y1152797,8070,45.43929,8.86329,32821.6,6.3,12.5,77.3,-46.3,-1.0,-1.0,RS41-SG,404.900,9.2,250,8,2.6,,
2026-10-09T00:50:55.004Z,Y1152797,8071,45.43931,8.86344,32828.1,6.8,11.2,82.3,-46.3,-1.0,-1.0,RS41-SG,404.900,9.2,250,8,2.5,,
2026-10-09T00:50:56.004Z,Y1152797,8072,45.43932,8.86357,32834.8,6.7,9.9,85.1,-46.3,-1.0,-1.0,RS41-SG,404.900,9.2,250,8,2.5,,
2026-10-09T00:50:57.004Z,Y1152797,8073,45.43933,8.86369,32841.1,6.1,8.6,82.7,-46.3,-1.0,-1.0,RS41-SG,404.900,9.2,250,8,2.5,,
2026-10-09T00:50:58.004Z,Y1152797,8074,45.43935,8.86379,32847.1,5.9,8.0,73.0,-46.3,-1.0,-1.0,RS41-SG,404.900,8.2,250,8,2.5,,
2026-10-09T00:51:01.004Z,Y1152797,8077,45.43950,8.86410,32865.4,6.2,12.9,44.2,-46.3,0.7,-1.0,RS41-SG,404.900,9.2,250,8,2.5,,
2026-10-09T00:51:02.004Z,Y1152797,8078,45.43959,8.86422,32871.4,5.6,14.8,43.9,-46.3,0.6,-1.0,RS41-SG,404.900,9.2,250,8,2.5,,
2026-10-09T00:51:03.004Z,Y1152797,8079,45.43969,8.86436,32877.1,5.6,16.1,46.7,-46.3,0.7,-1.0,RS41-SG,404.900,8.1,250,8,2.5,,
2026-10-09T00:51:04.004Z,Y1152797,8080,45.43978,8.86451,32883.1,6.5,15.9,52.3,-46.3,0.6,-1.0,RS41-SG,404.900,9.5,250,8,2.6,,
2026-10-09T00:51:05.004Z,Y1152797,8081,45.43986,8.86467,32890.0,7.3,14.7,60.6,-46.3,0.6,-1.0,RS41-SG,404.900,9.5,250,8,2.6,,
2026-10-09T00:51:06.004Z,Y1152797,8082,45.43991,8.86483,32897.2,7.2,13.0,71.6,-46.3,0.7,-1.0,RS41-SG,404.900,8.2,250,8,2.5,,
2026-10-09T00:51:07.004Z,Y1152797,8083,45.43993,8.86499,32903.5,5.6,11.8,82.5,-46.3,0.6,-1.0,RS41-SG,404.900,8.7,250,8,2.5,,
2026-10-09T00:51:08.004Z,Y1152797,8084,45.43994,8.86513,32908.5,4.6,10.9,92.6,-46.2,0.6,-1.0,RS41-SG,404.900,8.8,250,8,2.5,,
2026-10-09T00:51:09.004Z,Y1152797,8085,45.43993,8.86527,32913.3,5.0,10.4,98.8,-46.2,0.7,-1.0,RS41-SG,404.900,9.1,250,8,2.5,,
2026-10-09T00:51:10.004Z,Y1152797,8086,45.43991,8.86540,32919.1,6.5,10.2,97.2,-46.2,0.6,-1.0,RS41-SG,404.900,9.1,250,8,2.6,,
2026-10-09T00:51:11.004Z,Y1152797,8087,45.43991,8.86553,32926.2,7.6,10.5,88.8,-46.2,0.6,-1.0,RS41-SG,404.900,9.0,250,8,2.6,,
2026-10-09T00:51:12.004Z,Y1152797,8088,45.43992,8.86566,32933.2,6.5,11.2,79.0,-46.1,0.6,-1.0,RS41-SG,404.900,9.0,250,8,2.5,,
2026-10-09T00:51:13.004Z,Y1152797,8089,45.43995,8.86581,32939.0,5.0,12.2,71.4,-46.1,0.6,-1.0,RS41-SG,404.900,8.5,250,8,2.5,,
2026-10-09T00:51:14.004Z,Y1152797,8090,45.43999,8.86596,32944.0,5.0,13.2,67.7,-46.0,0.6,-1.0,RS41-SG,404.900,9.3,250,8,2.5,,
2026-10-09T00:51:15.004Z,Y1152797,8091,45.44003,8.86612,32949.5,6.0,13.8,67.2,-45.9,0.6,-1.0,RS41-SG,404.900,9.3,250,8,2.6,,
2026-10-09T00:51:16.004Z,Y1152797,8092,45.44008,8.86628,32956.1,7.2,13.7,70.6,-45.8,0.6,-1.0,RS41-SG,404.900,8.7,250,8,2.6,,
2026-10-09T00:51:17.004Z,Y1152797,8093,45.44011,8.86644,32963.0,6.5,13.3,74.9,-45.7,0.6,-1.0,RS41-SG,404.900,8.7,250,8,2.5,,
2026-10-09T00:51:18.004Z,Y1152797,8094,45.44014,8.86661,32969.1,5.7,13.0,79.8,-45.7,0.6,-1.0,RS41-SG,404.900,8.7,250,8,2.5,,
2026-10-09T00:51:19.004Z,Y1152797,8095,45.44015,8.86677,32974.9,5.8,12.7,83.6,-45.6,0.6,-1.0,RS41-SG,404.900,8.8,250,8,2.5,,
2026-10-09T00:51:21.004Z,Y1152797,8097,45.44017,8.86708,32987.9,6.9,12.3,84.7,-45.5,0.6,-1.0,RS41-SG,404.900,8.4,250,8,2.6,,
2026-10-09T00:51:22.004Z,Y1152797,8098,45.44019,8.86724,32994.4,6.0,12.1,83.4,-45.4,0.6,-1.0,RS41-SG,404.900,8.4,250,8,2.6,,
2026-10-09T00:51:23.004Z,Y1152797,8099,45.44020,8.86739,33000.3,5.8,11.9,83.9,-45.4,0.6,-1.0,RS41-SG,404.900,8.2,250,8,2.5,,
2026-10-09T00:51:24.004Z,Y1152797,8100,45.44021,8.86754,33006.2,6.1,11.6,86.6,-45.4,0.6,-1.0,RS41-SG,404.900,9.1,250,8,2.5,,
2026-10-09T00:51:25.004Z,Y1152797,8101,45.44021,8.86769,33012.6,6.9,11.4,90.6,-45.4,0.6,-1.0,RS41-SG,404.900,9.1,250,8,2.5,,
2026-10-09T00:51:26.004Z,Y1152797,8102,45.44020,8.86783,33019.5,6.7,11.6,95.1,-45.4,0.6,-1.0,RS41-SG,404.900,7.9,250,8,2.6,,
2026-10-09T00:51:29.004Z,Y1152797,8105,45.44019,8.86830,33039.1,6.8,13.2,86.5,-45.4,0.6,-1.0,RS41-SG,404.900,7.7,250,8,2.5,,
2026-10-09T00:51:30.004Z,Y1152797,8106,45.44020,8.86847,33045.7,6.6,14.4,79.8,-45.4,0.6,-1.0,RS41-SG,404.900,7.7,250,8,2.5,,
2026-10-09T00:51:32.004Z,Y1152797,8108,45.44027,8.86885,33057.8,5.6,16.5,73.9,-45.4,0.6,-1.0,RS41-SG,404.900,9.5,250,8,2.6,,
2026-10-09T00:51:33.004Z,Y1152797,8109,45.44031,8.86906,33063.6,6.0,16.7,76.0,-45.5,0.6,-1.0,RS41-SG,404.900,9.5,250,8,2.6,,
2026-10-09T00:51:34.004Z,Y1152797,8110,45.44034,8.86926,33070.0,6.7,16.2,81.6,-45.5,0.6,-1.0,RS41-SG,404.900,8.6,250,8,2.5,,
2026-10-09T00:51:35.004Z,Y1152797,8111,45.44035,8.86946,33076.8,7.0,15.4,89.6,-45.5,0.6,-1.0,RS41-SG,404.900,9.2,250,8,2.5,,
2026-10-09T00:51:36.004Z,Y1152797,8112,45.44034,8.86965,33083.5,6.4,14.6,99.1,-45.5,0.6,-1.0,RS41-SG,404.900,9.2,250,8,2.5,,
2026-10-09T00:51:37.004Z,Y1152797,8113,45.44031,8.86983,33089.4,5.4,13.9,106.7,-45.5,0.6,-1.0,RS41-SG,404.900,8.7,250,8,2.6,,
2026-10-09T00:51:38.004Z,Y1152797,8114,45.44027,8.86999,33095.0,6.0,13.1,111.5,-45.5,0.6,-1.0,RS41-SG,404.900,8.7,250,8,2.6,,
2026-10-09T00:51:39.004Z,Y1152797,8115,45.44023,8.87014,33101.6,7.2,12.1,109.7,-45.5,0.6,-1.0,RS41-SG,404.900,9.5,250,8,2.5,,
2026-10-09T00:51:40.004Z,Y1152797,8116,45.44021,8.87028,33109.0,7.6,11.1,100.4,-45.5,0.6,-1.0,RS41-SG,404.900,9.5,250,8,2.5,,
2026-10-09T00:51:41.004Z,Y1152797,8117,45.44020,8.87042,33116.0,6.3,11.0,89.5,-45.4,0.6,-1.0,RS41-SG,404.900,9.3,250,8,2.5,,
2026-10-09T00:51:42.004Z,Y1152797,8118,45.44021,8.87056,33121.6,5.1,11.5,79.2,-45.4,0.6,-1.0,RS41-SG,404.900,8.9,250,8,2.5,,
2026-10-09T00:51:43.004Z,Y1152797,8119,45.44023,8.87071,33126.8,5.1,12.2,72.9,-45.4,0.6,-1.0,RS41-SG,404.900,9.6,250,8,2.6,,
2026-10-09T00:51:44.004Z,Y1152797,8120,45.44027,8.87086,33132.3,5.9,12.9,71.3,-45.3,0.6,-1.0,RS41-SG,404.900,9.6,250,8,2.6,,
2026-10-09T00:51:45.004Z,Y1152797,8121,45.44030,8.87102,33138.8,7.0,13.2,74.8,-45.3,0.6,-1.0,RS41-SG,404.900,8.9,250,8,2.5,,
2026-10-09T00:51:46.004Z,Y1152797,8122,45.44033,8.87118,33145.8,7.2,13.5,80.2,-45.2,0.6,-1.0,RS41-SG,404.900,8.9,250,8,2.5,,
2026-10-09T00:51:47.004Z,Y1152797,8123,45.44034,8.87135,33152.4,6.1,13.7,85.6,-45.2,0.6,-1.0,RS41-SG,404.900,8.3,250,8,2.5,,
2026-10-09T00:51:48.004Z,Y1152797,8124,45.44035,8.87153,33158.1,5.5,14.0,89.4,-45.2,0.6,-1.0,RS41-SG,404.900,9.5,250,8,2.6,,
2026-10-09T00:51:49.004Z,Y1152797,8125,45.44035,8.87171,33163.6,5.6,14.1,91.3,-45.2,0.6,-1.0,RS41-SG,404.900,9.5,250,8,2.6,,
2026-10-09T00:51:50.004Z,Y1152797,8126,45.44034,8.87189,33169.5,6.2,14.1,90.9,-45.2,0.6,-1.0,RS41-SG,404.900,9.3,250,8,2.5,,
2026-10-09T00:51:51.004Z,Y1152797,8127,45.44034,8.87207,33176.1,6.9,13.7,87.8,-45.2,0.6,-1.0,RS41-SG,404.900,9.3,250,8,2.5,,
2026-10-09T00:51:52.004Z,Y1152797,8128,45.44035,8.87223,33183.0,6.7,13.0,83.5,-45.3,0.6,-1.0,RS41-SG,404.900,9.3,250,8,2.5,,
2026-10-09T00:51:53.004Z,Y1152797,8129,45.44037,8.87239,33189.2,5.7,12.0,79.7,-45.3,0.6,-1.0,RS41-SG,404.900,9.3,250,8,2.5,,
2026-10-09T00:51:54.004Z,Y1152797,8130,45.44039,8.87253,33194.7,5.4,10.5,77.8,-45.3,0.6,-1.0,RS41-SG,404.900,8.9,250,8,2.6,,
2026-10-09T00:51:55.004Z,Y1152797,8131,45.44041,8.87265,33200.4,5.9,8.7,77.7,-45.3,0.6,-1.0,RS41-SG,404.900,8.9,250,8,2.6,,
2026-10-09T00:51:56.004Z,Y1152797,8132,45.44042,8.87275,33206.5,6.3,7.0,84.5,-45.4,0.6,-1.0,RS41-SG,404.900,8.5,250,8,2.6,,
2026-10-09T00:51:57.004Z,Y1152797,8133,45.44042,8.87283,33212.7,6.0,6.2,94.3,-45.4,0.6,-1.0,RS41-SG,404.900,9.4,250,8,2.5,,
2026-10-09T00:51:59.004Z,Y1152797,8135,45.44040,8.87300,33225.3,6.6,8.1,100.9,-45.4,0.6,-1.0,RS41-SG,404.900,8.2,250,8,2.5,,
2026-10-09T00:52:00.004Z,Y1152797,8136,45.44039,8.87312,33231.9,6.6,10.2,95.8,-45.4,0.6,-1.0,RS41-SG,404.900,8.2,250,8,2.5,,
2026-10-09T00:52:01.004Z,Y1152797,8137,45.44038,8.87326,33238.3,6.2,12.7,90.4,-45.5,0.6,-1.0,RS41-SG,404.900,7.7,250,8,2.5,,
2026-10-09T00:52:02.004Z,Y1152797,8138,45.44039,8.87344,33244.1,5.5,15.2,87.4,-45.5,0.6,-1.0,RS41-SG,404.900,7.9,250,8,2.6,,
2026-10-09T00:52:03.004Z,Y1152797,8139,45.44039,8.87365,33249.3,5.0,17.2,85.3,-45.5,0.6,-1.0,RS41-SG,404.900,8.7,250,8,2.6,,
2026-10-09T00:52:04.004Z,Y1152797,8140,45.44041,8.87387,33254.4,5.3,18.5,85.7,-45.5,0.6,-1.0,RS41-SG,404.900,8.9,250,8,2.5,,
2026-10-09T00:52:05.004Z,Y1152797,8141,45.44042,8.87411,33260.2,6.3,18.6,88.9,-45.5,0.6,-1.0,RS41-SG,404.900,8.9,250,8,2.5,,
2026-10-09T00:52:06.004Z,Y1152797,8142,45.44041,8.87434,33266.9,7.1,17.4,94.1,-45.5,0.6,-1.0,RS41-SG,404.900,8.1,250,8,2.5,,
2026-10-09T00:52:07.004Z,Y1152797,8143,45.44039,8.87455,33274.0,7.1,15.6,101.3,-45.6,0.6,-1.0,RS41-SG,404.900,10.1,250,8,2.6,,
2026-10-09T00:52:08.004Z,Y1152797,8144,45.44036,8.87472,33280.9,6.6,13.5,110.9,-45.6,0.6,-1.0,RS41-SG,404.900,10.1,250,8,2.6,,
2026-10-09T00:52:09.004Z,Y1152797,8145,45.44031,8.87487,33287.0,5.8,11.5,122.2,-45.6,0.6,-1.0,RS41-SG,404.900,9.2,250,8,2.5,,
2026-10-09T00:52:10.004Z,Y1152797,8146,45.44025,8.87497,33292.8,5.7,9.7,132.3,-45.7,0.6,-1.0,RS41-SG,404.900,9.0,250,8,2.5,,
2026-10-09T00:52:12.004Z,Y1152797,8148,45.44015,8.87512,33305.3,6.8,7.0,129.5,-45.8,0.6,-1.0,RS41-SG,404.900,8.4,250,8,2.5,,
2026-10-09T00:52:13.004Z,Y1152797,8149,45.44012,8.87520,33312.4,7.3,7.1,106.9,-45.8,0.7,-1.0,RS41-SG,404.900,8.4,250,8,2.6,,
2026-10-09T00:52:16.004Z,Y1152797,8152,45.44016,8.87562,33331.2,4.7,15.8,75.4,-45.9,0.6,-1.0,RS41-SG,404.900,8.8,250,8,2.5,,
2026-10-09T00:52:17.004Z,Y1152797,8153,45.44019,8.87583,33335.7,4.2,18.3,77.1,-45.9,0.6,-1.0,RS41-SG,404.900,9.4,250,8,2.5,,
2026-10-09T00:52:18.004Z,Y1152797,8154,45.44022,8.87607,33340.5,5.5,19.6,82.8,-46.0,0.6,-1.0,RS41-SG,404.900,9.5,250,8,2.5,,
2026-10-09T00:52:19.004Z,Y1152797,8155,45.44023,8.87631,33346.7,6.9,19.2,92.0,-46.0,0.7,-1.0,RS41-SG,404.900,9.5,250,8,2.5,,
2026-10-09T00:52:20.004Z,Y1152797,8156,45.44021,8.87654,33353.5,6.8,17.8,103.4,-46.0,0.6,-1.0,RS41-SG,404.900,8.4,250,8,2.5,,
2026-10-09T00:52:21.004Z,Y1152797,8157,45.44016,8.87675,33359.9,6.0,16.1,116.1,-46.0,0.7,-1.0,RS41-SG,404.900,8.3,250,8,2.6,,
2026-10-09T00:52:22.004Z,Y1152797,8158,45.44009,8.87691,33365.1,4.5,14.4,128.2,-46.0,0.6,-1.0,RS41-SG,404.900,8.3,250,7,2.6,,
2026-10-09T00:52:23.004Z,Y1152797,8159,45.44000,8.87703,33369.4,4.4,12.3,138.6,-46.0,0.6,-1.0,RS41-SG,404.900,9.1,250,8,2.6,,
2026-10-09T00:52:24.004Z,Y1152797,8160,45.43993,8.87712,33374.2,5.3,9.4,144.1,-46.0,0.6,-1.0,RS41-SG,404.900,9.2,250,8,2.5,,
2026-10-09T00:52:25.004Z,Y1152797,8161,45.43987,8.87718,33380.0,6.3,6.4,136.1,-46.0,0.6,-1.0,RS41-SG,404.900,9.2,250,8,2.5,,
2026-10-09T00:52:31.004Z,Y1152797,8167,45.44005,8.87790,33412.6,6.7,15.8,76.4,-45.9,0.6,-1.0,RS41-SG,404.900,8.6,250,8,2.5,,
2026-10-09T00:52:32.004Z,Y1152797,8168,45.44006,8.87809,33419.4,7.0,15.5,87.7,-45.9,0.6,-1.0,RS41-SG,404.900,9.7,250,8,2.5,,
2026-10-09T00:52:33.004Z,Y1152797,8169,45.44006,8.87828,33425.5,5.1,14.8,97.9,-46.0,0.6,-1.0,RS41-SG,404.900,9.7,250,8,2.5,,
2026-10-09T00:52:34.004Z,Y1152797,8170,45.44003,8.87846,33430.1,4.2,14.0,108.0,-46.0,0.6,-1.0,RS41-SG,404.900,9.4,250,8,2.6,,
2026-10-09T00:52:35.004Z,Y1152797,8171,45.43999,8.87862,33434.4,4.4,13.0,116.1,-46.0,0.6,-1.0,RS41-SG,404.900,9.1,250,8,2.6,,
2026-10-09T00:52:36.004Z,Y1152797,8172,45.43993,8.87876,33439.3,5.5,11.6,119.8,-46.0,0.6,-1.0,RS41-SG,404.900,8.6,250,8,2.5,,
2026-10-09T00:52:37.004Z,Y1152797,8173,45.43989,8.87888,33445.4,6.7,9.8,116.1,-46.0,0.6,-1.0,RS41-SG,404.900,8.3,250,8,2.5,,
2026-10-09T00:52:38.004Z,Y1152797,8174,45.43986,8.87899,33452.1,6.6,8.3,105.3,-46.1,0.6,-1.0,RS41-SG,404.900,9.1,250,8,2.5,,
2026-10-09T00:52:39.004Z,Y1152797,8175,45.43985,8.87909,33457.9,5.0,7.7,89.9,-46.1,0.6,-1.0,RS41-SG,404.900,9.5,250,8,2.5,,
2026-10-09T00:52:40.004Z,Y1152797,8176,45.43986,8.87918,33462.6,4.5,7.8,75.7,-46.1,0.6,-1.0,RS41-SG,404.900,9.5,250,8,2.6,,
2026-10-09T00:52:41.004Z,Y1152797,8177,45.43988,8.87928,33467.3,4.8,8.3,67.2,-46.1,0.6,-1.0,RS41-SG,404.900,8.1,250,8,2.6,,
2026-10-09T00:52:44.004Z,Y1152797,8180,45.43997,8.87960,33485.0,6.1,9.6,78.1,-46.1,0.6,-1.0,RS41-SG,404.900,8.1,250,8,2.5,,
2026-10-09T00:52:45.004Z,Y1152797,8181,45.43998,8.87972,33490.5,4.8,10.4,83.7,-46.1,0.6,-1.0,RS41-SG,404.900,8.1,250,8,2.5,,
2026-10-09T00:52:46.004Z,Y1152797,8182,45.43999,8.87986,33495.3,4.7,11.7,87.4,-46.1,0.6,-1.0,RS41-SG,404.900,7.8,250,8,2.5,,
2026-10-09T00:52:47.004Z,Y1152797,8183,45.43999,8.88002,33500.0,4.8,13.1,88.2,-46.1,0.6,-1.0,RS41-SG,404.900,7.9,250,7,2.5,,
2026-10-09T00:52:48.004Z,Y1152797,8184,45.44000,8.88020,33505.2,5.4,14.5,86.6,-46.1,0.6,-1.0,RS41-SG,404.900,9.4,250,7,2.6,,
2026-10-09T00:52:49.004Z,Y1152797,8185,45.44001,8.88039,33510.9,5.8,15.3,84.0,-46.1,0.6,-1.0,RS41-SG,404.900,9.9,250,7,2.6,,
2026-10-09T00:52:50.004Z,Y1152797,8186,45.44003,8.88058,33516.6,5.6,15.2,82.0,-46.2,0.6,-1.0,RS41-SG,404.900,9.9,250,7,2.6,,
2026-10-09T00:52:51.004Z,Y1152797,8187,45.44005,8.88076,33522.5,6.0,14.2,80.3,-46.2,0.6,-1.0,RS41-SG,404.900,9.5,250,7,2.5,,
2026-10-09T00:52:52.004Z,Y1152797,8188,45.44007,8.88093,33528.7,6.4,12.2,80.2,-46.2,0.6,-1.0,RS41-SG,404.900,9.3,250,7,2.5,,
2026-10-09T00:52:53.004Z,Y1152797,8189,45.44008,8.88107,33535.1,6.2,10.1,81.6,-46.2,0.6,-1.0,RS41-SG,404.900,9.3,250,7,2.5,,
2026-10-09T00:52:54.004Z,Y1152797,8190,45.44009,8.88119,33540.5,4.6,8.3,83.8,-46.2,0.6,-1.0,RS41-SG,404.900,8.5,250,7,2.5,,
2026-10-09T00:52:55.004Z,Y1152797,8191,45.44010,8.88128,33544.9,4.3,7.2,84.6,-46.2,0.6,-1.0,RS41-SG,404.900,8.5,250,7,2.5,,
2026-10-09T00:52:57.004Z,Y1152797,8193,45.44012,8.88146,33555.9,6.5,7.9,73.1,-46.2,0.6,-1.0,RS41-SG,404.900,7.3,250,7,2.6,,
2026-10-09T00:52:58.004Z,Y1152797,8194,45.44015,8.88157,33562.1,5.9,9.6,69.0,-46.2,0.6,-1.0,RS41-SG,404.900,8.7,250,7,2.6,,
2026-10-09T00:52:59.004Z,Y1152797,8195,45.44018,8.88169,33567.4,4.4,11.3,67.1,-46.3,0.6,-1.0,RS41-SG,404.900,9.0,250,7,2.5,,
2026-10-09T00:53:00.004Z,Y1152797,8196,45.44022,8.88183,33571.9,4.6,12.6,68.7,-46.3,0.6,-1.0,RS41-SG,404.900,9.0,250,7,2.5,,
2026-10-09T00:53:01.004Z,Y1152797,8197,45.44026,8.88199,33576.8,5.3,13.3,72.2,-46.3,0.7,-1.0,RS41-SG,404.900,9.3,250,7,2.5,,
2026-10-09T00:53:02.004Z,Y1152797,8198,45.44029,8.88215,33582.4,5.7,13.0,77.5,-46.3,0.6,-1.0,RS41-SG,404.900,9.3,250,7,2.5,,
2026-10-09T00:53:03.004Z,Y1152797,8199,45.44031,8.88231,33587.9,5.3,12.2,81.4,-46.4,0.6,-1.0,RS41-SG,404.900,8.7,250,7,2.5,,
2026-10-09T00:53:04.004Z,Y1152797,8200,45.44033,8.88245,33592.8,4.4,11.3,83.4,-46.4,0.6,-1.0,RS41-SG,404.900,8.8,250,7,2.6,,
2026-10-09T00:53:05.004Z,Y1152797,8201,45.44034,8.88259,33597.5,4.9,10.2,81.9,-46.4,0.7,-1.0,RS41-SG,404.900,8.8,250,7,2.6,,
2026-10-09T00:53:06.004Z,Y1152797,8202,45.44036,8.88271,33602.8,5.6,9.3,73.7,-46.4,0.6,-1.0,RS41-SG,404.900,8.2,250,7,2.6,,
2026-10-09T00:53:07.004Z,Y1152797,8203,45.44039,8.88282,33608.5,5.8,9.0,62.5,-46.5,0.6,-1.0,RS41-SG,404.900,8.3,250,7,2.5,,
2026-10-09T00:53:08.004Z,Y1152797,8204,45.44043,8.88292,33614.0,5.3,9.5,51.5,-46.5,0.6,-1.0,RS41-SG,404.900,8.8,250,7,2.5,,
2026-10-09T00:53:09.004Z,Y1152797,8205,45.44050,8.88301,33619.0,4.7,10.3,43.5,-46.5,0.6,-1.0,RS41-SG,404.900,9.0,250,7,2.5,,
2026-10-09T00:53:10.004Z,Y1152797,8206,45.44057,8.88310,33623.6,4.5,10.8,39.0,-46.5,0.7,-1.0,RS41-SG,404.900,9.0,250,7,2.5,,
2026-10-09T00:53:11.004Z,Y1152797,8207,45.44064,8.88318,33628.3,5.1,11.0,37.5,-46.5,0.7,-1.0,RS41-SG,404.900,8.5,250,7,2.5,,
2026-10-09T00:53:12.004Z,Y1152797,8208,45.44072,8.88327,33633.7,5.6,10.8,38.3,-46.5,0.6,-1.0,RS41-SG,404.900,8.5,250,7,2.6,,
2026-10-09T00:53:13.004Z,Y1152797,8209,45.44079,8.88335,33639.5,5.9,10.5,42.9,-46.5,0.6,-1.0,RS41-SG,404.900,8.3,250,7,2.6,,
2026-10-09T00:53:14.004Z,Y1152797,8210,45.44086,8.88345,33645.2,5.6,10.7,47.9,-46.5,0.6,-1.0,RS41-SG,404.900,8.3,250,7,2.6,,
2026-10-09T00:53:16.004Z,Y1152797,8212,45.44098,8.88368,33655.4,4.6,12.6,58.1,-46.4,0.6,-1.0,RS41-SG,404.900,7.2,250,7,2.5,,
2026-10-09T00:53:18.004Z,Y1152797,8214,45.44110,8.88400,33664.2,4.4,16.0,62.4,-46.3,0.6,-1.0,RS41-SG,404.900,9.4,250,7,2.5,,
2026-10-09T00:53:19.004Z,Y1152797,8215,45.44117,8.88419,33669.0,5.0,17.4,62.3,-46.3,0.6,-1.0,RS41-SG,404.900,9.4,250,7,2.5,,
2026-10-09T00:53:20.004Z,Y1152797,8216,45.44125,8.88439,33674.4,5.7,18.0,61.3,-46.2,0.6,-1.0,RS41-SG,404.900,8.7,250,7,2.6,,
2026-10-09T00:53:21.004Z,Y1152797,8217,45.44133,8.88458,33680.4,6.2,17.7,59.1,-46.1,0.6,-1.0,RS41-SG,404.900,8.6,250,7,2.6,,
2026-10-09T00:53:24.004Z,Y1152797,8220,45.44157,8.88507,33698.1,4.7,13.3,47.3,-45.9,0.6,-1.0,RS41-SG,404.900,7.9,250,7,2.5,,
2026-10-09T00:53:27.004Z,Y1152797,8223,45.44180,8.88531,33710.2,4.4,8.9,20.8,-45.9,0.6,-1.0,RS41-SG,404.900,7.4,250,7,2.5,,
2026-10-09T00:53:29.004Z,Y1152797,8225,45.44195,8.88538,33721.0,6.5,9.3,22.8,-45.9,0.6,-1.0,RS41-SG,404.900,8.2,250,7,2.6,,
2026-10-09T00:53:30.004Z,Y1152797,8226,45.44203,8.88544,33727.5,6.5,10.7,35.1,-45.8,0.6,-1.0,RS41-SG,404.900,8.2,250,7,2.6,,
2026-10-09T00:53:31.004Z,Y1152797,8227,45.44211,8.88555,33733.7,5.7,13.2,47.9,-45.8,0.6,-1.0,RS41-SG,404.900,8.2,250,7,2.5,,
2026-10-09T00:53:32.004Z,Y1152797,8228,45.44219,8.88570,33738.7,4.4,16.3,57.0,-45.7,0.6,-1.0,RS41-SG,404.900,8.4,250,7,2.5,,
2026-10-09T00:53:33.004Z,Y1152797,8229,45.44227,8.88589,33742.6,3.4,19.6,63.8,-45.7,0.6,-1.0,RS41-SG,404.900,8.4,250,7,2.5,,
2026-10-09T00:53:34.004Z,Y1152797,8230,45.44234,8.88614,33746.0,3.4,22.1,68.6,-45.6,0.6,-1.0,RS41-SG,404.900,8.1,250,7,2.5,,
2026-10-09T00:53:35.004Z,Y1152797,8231,45.44241,8.88641,33749.8,4.3,23.1,71.3,-45.5,0.6,-1.0,RS41-SG,404.900,7.6,250,7,2.5,,
2026-10-09T00:53:39.004Z,Y1152797,8235,45.44262,8.88729,33772.1,4.5,10.9,66.0,-45.5,0.6,-1.0,RS41-SG,404.900,9.0,250,7,2.5,,
2026-10-09T00:53:47.004Z,Y1152797,8243,45.44314,8.88804,33808.7,2.5,21.6,64.1,-45.4,0.6,-1.0,RS41-SG,404.900,8.9,250,7,2.5,,
2026-10-09T00:53:48.004Z,Y1152797,8244,45.44322,8.88831,33811.0,2.2,24.1,70.7,-45.4,0.6,-1.0,RS41-SG,404.900,8.9,250,7,2.5,,
2026-10-09T00:53:49.004Z,Y1152797,8245,45.44328,8.88861,33813.9,3.6,24.8,77.3,-45.4,0.6,-1.0,RS41-SG,404.900,8.9,250,7,2.5,,
2026-10-09T00:53:50.004Z,Y1152797,8246,45.44331,8.88891,33818.6,5.7,23.2,83.4,-45.4,0.6,-1.0,RS41-SG,404.900,8.5,250,7,2.5,,
2026-10-09T00:53:52.004Z,Y1152797,8248,45.44333,8.88940,33830.8,5.6,15.3,92.1,-45.5,0.6,-1.0,RS41-SG,404.900,8.4,250,7,2.6,,
2026-10-09T00:53:53.004Z,Y1152797,8249,45.44332,8.88957,33835.3,3.3,11.4,92.3,-45.5,0.6,-1.0,RS41-SG,404.900,8.6,250,7,2.6,,
2026-10-09T00:53:54.004Z,Y1152797,8250,45.44333,8.88969,33838.2,2.4,7.8,84.0,-45.5,0.6,-1.0,RS41-SG,404.900,8.9,250,7,2.6,,
2026-10-09T00:53:55.004Z,Y1152797,8251,45.44334,8.88977,33840.9,3.1,6.3,56.2,-45.5,0.6,-1.0,RS41-SG,404.900,8.9,250,7,2.5,,
2026-10-09T00:53:59.004Z,Y1152797,8255,45.44367,8.89019,33861.7,5.2,19.2,51.4,-45.6,0.6,-1.0,RS41-SG,404.900,7.5,250,7,2.5,,
2026-10-09T00:54:00.004Z,Y1152797,8256,45.44377,8.89041,33866.5,4.4,21.8,61.6,-45.6,0.6,-1.0,RS41-SG,404.900,8.6,250,7,2.6,,
2026-10-09T00:54:03.004Z,Y1152797,8259,45.44391,8.89129,33877.3,3.7,24.9,91.4,-45.5,0.6,-1.0,RS41-SG,404.900,9.0,250,7,2.5,,
2026-10-09T00:54:04.004Z,Y1152797,8260,45.44389,8.89160,33881.4,4.5,23.8,98.8,-45.4,0.6,-1.0,RS41-SG,404.900,9.7,250,7,2.5,,
2026-10-09T00:54:05.004Z,Y1152797,8261,45.44385,8.89188,33886.2,5.1,21.2,103.2,-45.4,0.6,-1.0,RS41-SG,404.900,9.7,250,7,2.5,,
2026-10-09T00:54:06.004Z,Y1152797,8262,45.44381,8.89212,33891.3,5.2,17.9,103.0,-45.4,0.6,-1.0,RS41-SG,404.900,9.3,250,7,2.5,,
2026-10-09T00:54:07.004Z,Y1152797,8263,45.44379,8.89232,33896.3,4.8,14.4,95.5,-45.3,0.6,-1.0,RS41-SG,404.900,9.0,250,7,2.5,,
2026-10-09T00:54:08.004Z,Y1152797,8264,45.44379,8.89249,33900.8,4.1,12.4,78.7,-45.3,0.6,-1.0,RS41-SG,404.900,9.0,250,7,2.6,,
2026-10-09T00:54:09.004Z,Y1152797,8265,45.44384,8.89264,33904.5,3.3,12.9,58.8,-45.2,0.6,-1.0,RS41-SG,404.900,7.9,250,7,2.6,,
2026-10-09T00:54:10.004Z,Y1152797,8266,45.44391,8.89278,33907.5,2.9,15.5,46.0,-45.2,0.6,-1.0,RS41-SG,404.900,7.8,250,7,2.6,,
2026-10-09T00:54:11.004Z,Y1152797,8267,45.44402,8.89293,33910.7,3.5,18.4,41.7,-45.1,0.5,-1.0,RS41-SG,404.900,9.3,250,8,2.5,,
2026-10-09T00:54:12.004Z,Y1152797,8268,45.44415,8.89310,33914.6,4.4,20.4,44.4,-45.0,0.5,-1.0,RS41-SG,404.900,9.3,250,8,2.5,,
2026-10-09T00:54:13.004Z,Y1152797,8269,45.44427,8.89329,33919.8,6.0,20.7,52.6,-45.0,0.6,-1.0,RS41-SG,404.900,8.7,250,8,2.5,,
2026-10-09T00:54:16.004Z,Y1152797,8272,45.44444,8.89399,33935.5,3.3,19.5,92.3,-44.9,0.5,-1.0,RS41-SG,404.900,7.7,250,8,2.6,,
2026-10-09T00:54:17.004Z,Y1152797,8273,45.44441,8.89424,33938.1,2.0,19.9,104.8,-44.9,0.6,-1.0,RS41-SG,404.900,8.2,250,8,2.6,,
2026-10-09T00:54:18.004Z,Y1152797,8274,45.44435,8.89448,33939.9,1.7,20.2,113.3,-44.9,0.6,-1.0,RS41-SG,404.900,8.4,250,8,2.6,,
2026-10-09T00:54:24.004Z,Y1152797,8280,45.44406,8.89578,33911.0,-23.5,17.6,70.7,-44.7,0.5,-1.0,RS41-SG,404.900,9.0,250,8,2.6,,
2026-10-09T00:54:26.004Z,Y1152797,8282,45.44423,8.89620,33851.2,-35.0,21.1,51.7,-44.7,0.5,-1.0,RS41-SG,404.900,7.3,250,8,2.6,,
2026-10-09T00:54:27.004Z,Y1152797,8283,45.44436,8.89641,33815.1,-37.1,23.1,45.1,-44.8,0.5,-1.0,RS41-SG,404.900,7.3,250,8,2.5,,
2026-10-09T00:54:28.004Z,Y1152797,8284,45.44452,8.89662,33779.8,-33.3,25.5,40.0,-44.7,0.5,-1.0,RS41-SG,404.900,8.9,250,8,2.5,,
2026-10-09T00:54:29.004Z,Y1152797,8285,45.44470,8.89682,33748.0,-30.7,25.2,38.8,-44.6,0.6,-1.0,RS41-SG,404.900,8.9,250,8,2.5,,
2026-10-09T00:54:30.004Z,Y1152797,8286,45.44486,8.89702,33717.5,-30.1,22.6,41.5,-44.6,0.5,-1.0,RS41-SG,404.900,9.1,250,8,2.5,,
2026-10-09T00:54:31.004Z,Y1152797,8287,45.44499,8.89720,33688.8,-27.5,18.0,50.9,-44.6,0.5,-1.0,RS41-SG,404.900,9.2,250,8,2.5,,
2026-10-09T00:54:32.004Z,Y1152797,8288,45.44506,8.89738,33661.4,-27.7,14.7,63.2,-44.6,0.5,-1.0,RS41-SG,404.900,9.2,250,8,2.6,,
2026-10-09T00:54:33.004Z,Y1152797,8289,45.44511,8.89754,33632.8,-29.5,13.2,74.1,-44.8,0.6,-1.0,RS41-SG,404.900,10.1,250,8,2.6,,
2026-10-09T00:54:34.004Z,Y1152797,8290,45.44513,8.89770,33603.0,-30.0,11.9,86.4,-44.9,0.6,-1.0,RS41-SG,404.900,10.1,250,8,2.6,,
2026-10-09T00:54:35.004Z,Y1152797,8291,45.44513,8.89785,33572.0,-31.5,11.3,88.4,-45.1,0.6,-1.0,RS41-SG,404.900,9.5,250,8,2.5,,
2026-10-09T00:54:36.004Z,Y1152797,8292,45.44514,8.89799,33542.0,-28.4,11.0,89.0,-45.3,0.6,-1.0,RS41-SG,404.900,9.5,250,8,2.5,,
2026-10-09T00:54:37.004Z,Y1152797,8293,45.44514,8.89813,33513.7,-28.6,10.8,80.9,-45.3,0.6,-1.0,RS41-SG,404.900,9.3,250,8,2.5,,
2026-10-09T00:54:38.004Z,Y1152797,8294,45.44516,8.89826,33482.8,-33.0,11.3,77.9,-45.3,0.6,-1.0,RS41-SG,404.900,9.3,250,8,2.5,,
2026-10-09T00:54:39.004Z,Y1152797,8295,45.44519,8.89841,33447.7,-37.1,11.6,71.1,-45.1,0.6,-1.0,RS41-SG,404.900,8.9,250,8,2.5,,
2026-10-09T00:54:40.004Z,Y1152797,8296,45.44523,8.89854,33410.2,-38.4,12.1,63.4,-45.0,0.6,-1.0,RS41-SG,404.900,9.8,250,8,2.6,,
2026-10-09T00:54:41.004Z,Y1152797,8297,45.44528,8.89869,33370.5,-40.3,13.0,58.1,-44.9,0.6,-1.0,RS41-SG,404.900,9.8,250,7,2.6,,
2026-10-09T00:54:42.004Z,Y1152797,8298,45.44535,8.89883,33330.3,-40.2,13.5,55.6,-44.8,0.6,-1.0,RS41-SG,404.900,9.8,250,8,2.6,,
2026-10-09T00:54:43.004Z,Y1152797,8299,45.44541,8.89897,33289.7,-41.2,14.0,58.2,-44.8,0.5,-1.0,RS41-SG,404.900,9.4,250,8,2.5,,
2026-10-09T00:54:44.004Z,Y1152797,8300,45.44547,8.89913,33248.1,-42.3,13.4,62.5,-44.7,0.5,-1.0,RS41-SG,404.900,9.6,250,8,2.5,,
2026-10-09T00:54:45.004Z,Y1152797,8301,45.44552,8.89928,33204.8,-44.1,13.0,66.2,-44.6,0.6,-1.0,RS41-SG,404.900,9.6,250,8,2.5,,
2026-10-09T00:54:46.004Z,Y1152797,8302,45.44555,8.89943,33161.6,-42.9,12.2,81.2,-44.5,0.5,-1.0,RS41-SG,404.900,9.8,250,8,2.5,,
2026-10-09T00:54:47.004Z,Y1152797,8303,45.44556,8.89959,33118.3,-44.1,12.7,88.2,-44.4,0.5,-1.0,RS41-SG,404.900,9.8,250,7,2.5,,
2026-10-09T00:54:48.004Z,Y1152797,8304,45.44556,8.89975,33073.4,-45.8,12.8,94.6,-44.3,0.5,-1.0,RS41-SG,404.900,10.7,250,7,2.6,,
2026-10-09T00:54:49.004Z,Y1152797,8305,45.44554,8.89992,33028.7,-44.0,13.4,102.2,-44.5,0.5,-1.0,RS41-SG,404.900,10.7,250,7,2.6,,
2026-10-09T00:54:50.004Z,Y1152797,8306,45.44551,8.90008,32985.1,-43.2,13.7,104.6,-44.6,0.6,-1.0,RS41-SG,404.900,10.5,250,7,2.6,,
2026-10-09T00:54:51.004Z,Y1152797,8307,45.44548,8.90025,32943.5,-40.3,13.9,102.4,-45.0,0.6,-1.0,RS41-SG,404.900,9.2,250,7,2.5,,
2026-10-09T00:54:52.004Z,Y1152797,8308,45.44546,8.90043,32905.8,-35.5,13.9,97.1,-45.6,0.6,-1.0,RS41-SG,404.900,9.8,250,8,2.5,,
2026-10-09T00:54:53.004Z,Y1152797,8309,45.44546,8.90060,32870.7,-34.9,14.0,88.0,-45.9,0.6,-1.0,RS41-SG,404.900,9.8,250,7,2.5,,
2026-10-09T00:54:54.004Z,Y1152797,8310,45.44547,8.90077,32835.1,-35.7,13.5,79.1,-46.2,0.7,-1.0,RS41-SG,404.900,9.8,250,8,2.5,,
2026-10-09T00:54:55.004Z,Y1152797,8311,45.44550,8.90094,32797.2,-38.9,14.1,76.8,-46.3,0.7,-1.0,RS41-SG,404.900,9.5,250,8,2.6,,
2026-10-09T00:54:56.004Z,Y1152797,8312,45.44553,8.90111,32758.7,-38.5,13.5,67.3,-46.2,0.7,-1.0,RS41-SG,404.900,9.7,250,8,2.6,,
2026-10-09T00:54:57.004Z,Y1152797,8313,45.44558,8.90127,32720.2,-38.6,13.6,68.2,-46.2,0.6,-1.0,RS41-SG,404.900,9.7,250,7,2.5,08:29:54,
2026-10-09T00:54:58.004Z,Y1152797,8314,45.44563,8.90142,32680.5,-40.2,13.6,67.0,-46.0,0.7,-1.0,RS41-SG,404.900,9.6,250,8,2.5,08:29:54,
2026-10-09T00:54:59.004Z,Y1152797,8315,45.44567,8.90158,32640.2,-40.1,13.0,69.5,-45.8,0.6,-1.0,RS41-SG,404.900,9.2,250,8,2.5,08:29:54,
2026-10-09T00:55:00.004Z,Y1152797,8316,45.44571,8.90173,32599.0,-42.0,12.3,71.5,-45.6,0.6,-1.0,RS41-SG,404.900,8.8,250,8,2.5,08:29:54,
2026-10-09T00:55:01.004Z,Y1152797,8317,45.44573,8.90188,32556.9,-41.9,11.8,80.0,-45.7,0.6,-1.0,RS41-SG,404.900,8.8,250,8,2.6,08:29:54,
2026-10-09T00:55:02.004Z,Y1152797,8318,45.44574,8.90203,32515.0,-41.3,11.8,89.3,-45.7,0.6,-1.0,RS41-SG,404.900,8.4,250,8,2.6,08:29:54,
2026-10-09T00:55:03.004Z,Y1152797,8319,45.44573,8.90218,32475.5,-38.1,12.5,100.5,-45.8,0.6,-1.0,RS41-SG,404.900,8.4,250,8,2.6,08:29:54,
2026-10-09T00:55:04.004Z,Y1152797,8320,45.44571,8.90234,32437.8,-37.9,13.0,104.5,-45.9,0.6,-1.0,RS41-SG,404.900,8.5,250,7,2.5,08:29:54,
2026-10-09T00:55:05.004Z,Y1152797,8321,45.44568,8.90250,32399.6,-38.5,13.1,104.5,-46.0,0.6,-1.0,RS41-SG,404.900,8.9,250,8,2.5,08:29:54,
2026-10-09T00:55:06.004Z,Y1152797,8322,45.44565,8.90266,32361.5,-38.2,13.3,102.0,-46.2,0.6,-1.0,RS41-SG,404.900,9.1,250,8,2.5,08:29:54,
2026-10-09T00:55:07.004Z,Y1152797,8323,45.44563,8.90283,32323.1,-38.5,13.3,97.0,-46.6,0.7,-1.0,RS41-SG,404.900,9.1,250,8,2.5,08:29:54,
2026-10-09T00:55:08.004Z,Y1152797,8324,45.44562,8.90300,32284.1,-39.4,13.1,92.3,-47.3,0.7,-1.0,RS41-SG,404.900,9.7,250,8,2.5,08:29:54,
2026-10-09T00:55:09.004Z,Y1152797,8325,45.44561,8.90316,32244.9,-38.8,13.0,87.9,-47.8,0.8,-1.0,RS41-SG,404.900,9.7,250,8,2.6,08:29:54,
2026-10-09T00:55:10.004Z,Y1152797,8326,45.44563,8.90332,32206.1,-39.6,12.1,75.0,-48.0,0.8,-1.0,RS41-SG,404.900,9.2,250,8,2.6,08:29:54,
2026-10-09T00:55:11.004Z,Y1152797,8327,45.44567,8.90346,32169.1,-34.4,11.1,61.5,-48.3,0.7,-1.0,RS41-SG,404.900,9.1,250,8,2.6,08:29:54,
2026-10-09T00:55:12.004Z,Y1152797,8328,45.44572,8.90357,32137.5,-29.3,10.2,54.9,-48.6,0.8,-1.0,RS41-SG,404.900,8.9,250,8,2.5,08:29:54,
2026-10-09T00:55:13.004Z,Y1152797,8329,45.44576,8.90368,32107.4,-30.3,8.9,55.2,-48.9,0.8,-1.0,RS41-SG,404.900,8.8,250,8,2.5,08:29:54,
2026-10-09T00:55:14.004Z,Y1152797,8330,45.44580,8.90377,32077.0,-30.8,7.5,66.2,-49.2,0.8,-1.0,RS41-SG,404.900,8.8,250,8,2.5,08:29:54,
2026-10-09T00:55:17.004Z,Y1152797,8333,45.44577,8.90402,31979.5,-35.2,8.1,121.2,-49.1,0.8,-1.0,RS41-SG,404.900,8.2,250,7,2.6,08:29:54,
2026-10-09T00:55:18.004Z,Y1152797,8334,45.44572,8.90411,31943.6,-36.6,9.5,130.9,-49.0,0.8,-1.0,RS41-SG,404.900,8.2,250,8,2.6,08:29:54,
2026-10-09T00:55:22.004Z,Y1152797,8338,45.44543,8.90453,31786.5,-35.2,12.6,128.5,-50.1,0.9,-1.0,RS41-SG,404.900,7.6,250,8,2.5,08:29:54,
2026-10-09T00:55:23.004Z,Y1152797,8339,45.44537,8.90466,31752.0,-34.1,12.4,120.2,-50.6,0.9,-1.0,RS41-SG,404.900,7.8,250,8,2.5,08:29:54,
2026-10-09T00:55:24.004Z,Y1152797,8340,45.44531,8.90480,31715.3,-38.4,12.8,115.7,-51.0,1.0,-1.0,RS41-SG,404.900,7.8,250,8,2.6,08:29:54,
2026-10-09T00:56:15.004Z,Y1152797,8391,45.44317,8.91097,29560.7,-34.4,7.0,93.7,-55.8,1.2,-1.0,RS41-SG,404.900,7.0,250,7,2.6,08:29:54,
2026-10-09T00:56:22.004Z,Y1152797,8398,45.44325,8.91144,29314.5,-35.6,6.5,91.3,-55.6,1.1,-1.0,RS41-SG,404.900,7.1,250,8,2.6,08:29:54,
2026-10-09T00:56:24.004Z,Y1152797,8400,45.44324,8.91162,29242.1,-36.8,7.0,94.5,-55.4,1.0,-1.0,RS41-SG,404.900,7.8,250,7,2.5,08:29:54,
2026-10-09T00:56:25.004Z,Y1152797,8401,45.44324,8.91172,29206.3,-35.4,8.3,97.5,-55.4,1.1,-1.0,RS41-SG,404.900,8.0,250,8,2.5,08:29:54,
2026-10-09T00:56:26.004Z,Y1152797,8402,45.44323,8.91183,29171.1,-35.5,8.4,93.3,-55.4,1.0,-1.0,RS41-SG,404.900,8.3,250,8,2.5,08:29:54,
2026-10-09T00:56:28.004Z,Y1152797,8404,45.44324,8.91202,29100.1,-35.7,7.6,79.8,-55.3,1.0,-1.0,RS41-SG,404.900,8.8,250,8,2.6,08:29:54,
2026-10-09T00:56:29.004Z,Y1152797,8405,45.44325,8.91211,29065.1,-35.2,6.6,71.2,-55.3,1.0,-1.0,RS41-SG,404.900,8.8,250,8,2.6,08:29:54,
2026-10-09T00:56:33.004Z,Y1152797,8409,45.44338,8.91235,28927.5,-34.6,5.0,33.8,-55.3,1.0,-1.0,RS41-SG,404.900,7.7,250,7,2.5,08:29:54,
2026-10-09T00:56:38.004Z,Y1152797,8414,45.44347,8.91252,28755.0,-34.9,3.6,90.9,-55.4,1.0,-1.0,RS41-SG,404.900,7.9,250,8,2.5,08:29:54,
2026-10-09T00:56:39.004Z,Y1152797,8415,45.44346,8.91256,28719.7,-35.5,3.4,106.2,-55.4,1.0,-1.0,RS41-SG,404.900,7.9,250,8,2.5,08:28:12,
2026-10-09T00:56:44.004Z,Y1152797,8420,45.44339,8.91288,28547.2,-34.6,6.6,107.2,-55.3,1.0,-1.0,RS41-SG,404.900,8.4,250,8,2.5,08:28:12,
2026-10-09T00:56:45.004Z,Y1152797,8421,45.44338,8.91296,28511.9,-35.8,6.9,99.0,-55.2,1.0,-1.0,RS41-SG,404.900,8.4,250,8,2.5,08:28:12,
2026-10-09T00:56:46.004Z,Y1152797,8422,45.44337,8.91305,28476.9,-34.5,7.7,102.8,-55.1,0.9,-1.0,RS41-SG,404.900,7.6,250,8,2.5,08:28:12,
2026-10-09T00:56:47.004Z,Y1152797,8423,45.44335,8.91314,28441.7,-35.5,6.8,95.2,-55.0,1.0,-1.0,RS41-SG,404.900,8.2,250,8,2.5,08:28:12,
2026-10-09T00:56:48.004Z,Y1152797,8424,45.44334,8.91324,28406.5,-35.4,7.9,102.2,-55.1,1.0,-1.0,RS41-SG,404.900,8.2,250,7,2.5,08:28:12,
2026-10-09T00:56:49.004Z,Y1152797,8425,45.44333,8.91333,28371.0,-35.2,7.2,97.9,-55.3,1.0,-1.0,RS41-SG,404.900,7.9,250,7,2.6,08:28:12,
2026-10-09T00:56:50.004Z,Y1152797,8426,45.44332,8.91343,28336.0,-34.7,8.2,103.1,-55.5,1.0,-1.0,RS41-SG,404.900,8.2,250,8,2.6,08:28:12,
2026-10-09T00:56:51.004Z,Y1152797,8427,45.44331,8.91353,28301.2,-34.9,8.4,99.8,-55.6,1.0,-1.0,RS41-SG,404.900,8.2,250,8,2.6,08:28:12,
2026-10-09T00:56:52.004Z,Y1152797,8428,45.44329,8.91363,28266.7,-33.6,7.8,100.2,-55.6,1.1,-1.0,RS41-SG,404.900,8.0,250,8,2.5,08:28:12,
2026-10-09T00:56:53.004Z,Y1152797,8429,45.44328,8.91373,28233.8,-32.6,8.1,102.4,-55.6,1.0,-1.0,RS41-SG,404.900,7.7,250,8,2.5,08:28:12,
2026-10-09T00:56:54.004Z,Y1152797,8430,45.44326,8.91384,28201.6,-31.7,9.4,103.2,-55.6,1.0,-1.0,RS41-SG,404.900,7.9,250,8,2.5,08:28:12,
2026-10-09T00:56:55.004Z,Y1152797,8431,45.44325,8.91395,28169.9,-31.8,8.8,98.8,-55.7,1.0,-1.0,RS41-SG,404.900,8.0,250,8,2.5,08:28:12,
2026-10-09T00:56:56.004Z,Y1152797,8432,45.44323,8.91407,28138.7,-30.9,9.7,101.9,-55.7,1.1,-1.0,RS41-SG,404.900,8.0,250,8,2.6,08:28:12,
2026-10-09T00:56:57.004Z,Y1152797,8433,45.44322,8.91419,28107.9,-30.6,10.3,97.6,-55.7,1.0,-1.0,RS41-SG,404.900,8.7,250,8,2.6,08:28:12,
2026-10-09T00:56:58.004Z,Y1152797,8434,45.44321,8.91433,28077.5,-30.6,10.3,93.7,-55.7,1.1,-1.0,RS41-SG,404.900,8.7,250,8,2.5,08:28:12,
2026-10-09T00:56:59.004Z,Y1152797,8435,45.44320,8.91446,28047.6,-29.5,10.7,96.1,-55.8,1.1,-1.0,RS41-SG,404.900,8.6,250,8,2.5,08:28:12,
2026-10-09T00:57:00.004Z,Y1152797,8436,45.44319,8.91459,28018.3,-29.4,10.2,89.4,-56.1,1.1,-1.0,RS41-SG,404.900,8.6,250,7,2.5,08:28:12,
2026-10-09T00:57:01.004Z,Y1152797,8437,45.44319,8.91473,27989.2,-29.1,11.4,91.5,-56.3,1.1,-1.0,RS41-SG,404.900,8.6,250,8,2.5,08:28:12,
2026-10-09T00:57:02.004Z,Y1152797,8438,45.44319,8.91487,27959.9,-29.0,10.4,88.1,-56.3,1.1,-1.0,RS41-SG,404.900,8.2,250,8,2.6,08:28:12,
2026-10-09T00:57:03.004Z,Y1152797,8439,45.44320,8.91499,27930.6,-29.5,9.5,81.8,-56.2,1.1,-1.0,RS41-SG,404.900,8.0,250,7,2.6,08:28:12,
2026-10-09T00:57:04.004Z,Y1152797,8440,45.44321,8.91511,27901.3,-29.3,8.5,77.7,-56.0,1.1,-1.0,RS41-SG,404.900,8.4,250,7,2.6,08:28:12,
2026-10-09T00:57:05.004Z,Y1152797,8441,45.44323,8.91521,27871.6,-29.7,8.1,75.1,-55.9,1.0,-1.0,RS41-SG,404.900,9.3,250,8,2.5,08:28:12,
2026-10-09T00:57:06.004Z,Y1152797,8442,45.44325,8.91531,27842.3,-29.3,7.8,68.1,-55.8,1.1,-1.0,RS41-SG,404.900,9.3,250,8,2.5,08:28:12,
2026-10-09T00:57:07.004Z,Y1152797,8443,45.44327,8.91540,27813.2,-28.8,7.5,61.4,-55.7,1.0,-1.0,RS41-SG,404.900,8.8,250,8,2.5,08:28:12,
2026-10-09T00:57:08.004Z,Y1152797,8444,45.44330,8.91549,27784.1,-29.3,7.7,63.7,-55.8,1.0,-1.0,RS41-SG,404.900,9.2,250,8,2.5,08:28:12,
2026-10-09T00:57:09.004Z,Y1152797,8445,45.44333,8.91558,27756.1,-27.6,7.7,62.8,-55.7,1.0,-1.0,RS41-SG,404.900,9.2,250,7,2.5,08:28:12,
2026-10-09T00:57:10.004Z,Y1152797,8446,45.44336,8.91566,27727.8,-29.1,7.5,64.5,-55.7,1.0,-1.0,RS41-SG,404.900,8.8,250,7,2.6,08:28:12,
2026-10-09T00:57:11.004Z,Y1152797,8447,45.44338,8.91575,27699.3,-28.6,7.0,67.5,-55.7,1.0,-1.0,RS41-SG,404.900,8.7,250,8,2.6,08:28:12,
2026-10-09T00:57:12.004Z,Y1152797,8448,45.44341,8.91582,27670.4,-29.3,6.4,57.4,-55.6,1.0,-1.0,RS41-SG,404.900,8.7,250,8,2.6,08:28:12,
2026-10-09T00:57:13.004Z,Y1152797,8449,45.44344,8.91590,27641.0,-29.3,7.1,62.4,-55.5,1.0,-1.0,RS41-SG,404.900,8.7,250,8,2.5,08:28:12,
2026-10-09T00:57:14.004Z,Y1152797,8450,45.44347,8.91598,27612.0,-29.3,6.8,59.7,-55.3,1.0,-1.0,RS41-SG,404.900,8.5,250,8,2.5,08:28:12,
2026-10-09T00:57:15.004Z,Y1152797,8451,45.44350,8.91606,27582.8,-29.6,7.5,69.4,-55.2,1.0,-1.0,RS41-SG,404.900,8.6,250,7,2.5,08:28:12,
2026-10-09T00:57:16.004Z,Y1152797,8452,45.44352,8.91615,27553.6,-28.8,7.4,66.4,-55.1,0.9,-1.0,RS41-SG,404.900,9.0,250,8,2.5,08:28:12,
2026-10-09T00:57:17.004Z,Y1152797,8453,45.44355,8.91624,27525.5,-27.6,8.0,73.3,-55.0,0.9,-1.0,RS41-SG,404.900,9.0,250,8,2.6,08:28:12,
2026-10-09T00:57:18.004Z,Y1152797,8454,45.44357,8.91633,27498.0,-27.0,7.8,57.2,-54.9,0.9,-1.0,RS41-SG,404.900,8.5,250,8,2.6,08:28:12,
2026-10-09T00:57:19.004Z,Y1152797,8455,45.44361,8.91641,27471.1,-26.7,6.6,49.5,-54.8,0.9,-1.0,RS41-SG,404.900,8.7,250,8,2.5,08:28:12,
2026-10-09T00:57:20.004Z,Y1152797,8456,45.44365,8.91646,27444.2,-26.7,5.5,49.1,-54.6,0.9,-1.0,RS41-SG,404.900,9.0,250,8,2.5,08:28:12,
2026-10-09T00:57:21.004Z,Y1152797,8457,45.44369,8.91650,27417.2,-27.3,6.3,15.4,-54.5,0.9,-1.0,RS41-SG,404.900,9.0,250,7,2.5,08:28:12,
2026-10-09T00:57:22.004Z,Y1152797,8458,45.44374,8.91652,27389.6,-28.0,4.9,13.5,-54.4,0.9,-1.0,RS41-SG,404.900,8.5,250,7,2.5,08:28:12,
2026-10-09T00:57:23.004Z,Y1152797,8459,45.44378,8.91652,27361.7,-27.9,5.6,354.3,-54.3,0.9,-1.0,RS41-SG,404.900,8.5,250,7,2.6,08:28:12,
2026-10-09T00:57:24.004Z,Y1152797,8460,45.44383,8.91651,27333.9,-27.9,4.0,347.0,-54.2,0.9,-1.0,RS41-SG,404.900,9.1,250,8,2.6,08:28:12,
2026-10-09T00:57:25.004Z,Y1152797,8461,45.44386,8.91650,27305.9,-28.1,3.9,342.0,-54.0,0.9,-1.0,RS41-SG,404.900,9.1,250,8,2.6,08:28:12,
2026-10-09T00:57:26.004Z,Y1152797,8462,45.44388,8.91648,27278.0,-27.5,2.5,335.1,-53.9,0.8,-1.0,RS41-SG,404.900,8.2,250,8,2.5,08:28:12,
2026-10-09T00:57:27.004Z,Y1152797,8463,45.44391,8.91648,27250.7,-27.4,2.2,356.2,-53.8,0.8,-1.0,RS41-SG,404.900,8.2,250,8,2.5,08:28:12,
2026-10-09T00:57:28.004Z,Y1152797,8464,45.44392,8.91648,27223.4,-27.1,2.1,7.0,-53.7,0.9,-1.0,RS41-SG,404.900,7.8,250,8,2.5,08:28:12,
2026-10-09T00:57:31.004Z,Y1152797,8467,45.44401,8.91660,27142.3,-27.2,7.8,52.1,-53.4,0.8,-1.0,RS41-SG,404.900,8.0,250,8,2.6,08:28:12,
2026-10-09T00:57:32.004Z,Y1152797,8468,45.44406,8.91668,27114.9,-27.8,9.4,48.9,-53.4,0.9,-1.0,RS41-SG,404.900,8.0,250,8,2.6,08:28:12,
2026-10-09T00:57:33.004Z,Y1152797,8469,45.44412,8.91679,27087.0,-27.8,11.4,52.7,-53.3,0.8,-1.0,RS41-SG,404.900,7.7,250,8,2.6,08:28:12,
2026-10-09T00:57:35.004Z,Y1152797,8471,45.44426,8.91703,27031.2,-27.8,14.1,49.1,-53.3,0.9,-1.0,RS41-SG,404.900,7.6,250,8,2.5,08:28:12,
2026-10-09T00:57:37.004Z,Y1152797,8473,45.44443,8.91731,26975.9,-27.5,16.0,51.2,-53.1,0.8,-1.0,RS41-SG,404.900,7.8,250,8,2.5,08:28:12,
2026-10-09T00:57:38.004Z,Y1152797,8474,45.44452,8.91748,26948.4,-27.5,16.2,52.5,-53.0,0.9,-1.0,RS41-SG,404.900,7.8,250,8,2.5,08:28:12,
2026-10-09T00:57:39.004Z,Y1152797,8475,45.44460,8.91765,26920.8,-27.7,16.8,57.3,-52.9,0.8,-1.0,RS41-SG,404.900,7.8,250,8,2.6,08:28:12,
2026-10-09T00:57:40.004Z,Y1152797,8476,45.44469,8.91783,26892.9,-27.5,16.5,56.0,-52.9,0.8,-1.0,RS41-SG,404.900,7.8,250,8,2.6,08:28:12,
2026-10-09T00:57:41.004Z,Y1152797,8477,45.44476,8.91800,26866.4,-26.5,16.2,59.9,-52.9,0.8,-1.0,RS41-SG,404.900,7.8,250,7,2.6,08:28:12,
2026-10-09T00:57:42.004Z,Y1152797,8478,45.44484,8.91817,26839.9,-26.5,15.3,53.6,-52.9,0.8,-1.0,RS41-SG,404.900,7.8,250,7,2.5,08:28:12,
2026-10-09T00:57:43.004Z,Y1152797,8479,45.44492,8.91832,26814.2,-25.6,14.1,54.1,-53.1,0.8,-1.0,RS41-SG,404.900,7.6,250,7,2.5,08:28:12,
2026-10-09T00:57:44.004Z,Y1152797,8480,45.44500,8.91846,26788.4,-25.7,13.5,48.2,-53.2,0.8,-1.0,RS41-SG,404.900,7.6,250,8,2.5,08:28:12,
2026-10-09T00:57:45.004Z,Y1152797,8481,45.44507,8.91857,26762.5,-26.2,12.0,45.8,-53.2,0.9,-1.0,RS41-SG,404.900,8.0,250,8,2.5,08:28:12,
2026-10-09T00:57:46.004Z,Y1152797,8482,45.44515,8.91867,26736.0,-26.7,11.5,36.9,-53.2,0.8,-1.0,RS41-SG,404.900,8.0,250,8,2.6,08:28:12,
2026-10-09T00:57:47.004Z,Y1152797,8483,45.44523,8.91875,26709.4,-26.4,9.7,34.8,-53.1,0.8,-1.0,RS41-SG,404.900,7.4,250,8,2.6,08:28:12,
2026-10-09T00:57:48.004Z,Y1152797,8484,45.44530,8.91881,26682.9,-26.8,9.1,24.5,-53.1,0.9,-1.0,RS41-SG,404.900,7.5,250,8,2.5,08:28:12,
2026-10-09T00:57:49.004Z,Y1152797,8485,45.44537,8.91885,26655.7,-26.8,7.2,26.1,-53.3,0.9,-1.0,RS41-SG,404.900,7.5,250,8,2.5,08:28:12,
