timestamp,serial,frame,lat,lon,alt,vel_v,vel_h,heading,temp,humidity,pressure,type,freq_mhz,snr,f_error_hz,sats,batt_v,burst_timer,aux_data
2026-08-02T12:39:49.999Z,X1413545,7519,45.73394,8.71908,28159.3,4.9,9.8,241.9,-273.0,-1.0,-1.0,RS41,404.901,6.3,-500,11,2.7,,
2026-08-02T12:39:57.999Z,X1413545,7527,45.73373,8.71828,28206.8,5.0,6.6,229.5,-273.0,-1.0,-1.0,RS41,404.901,6.6,-500,11,2.7,,
2026-08-02T12:40:13.999Z,X1413545,7543,45.73323,8.71675,28302.8,5.5,9.4,230.4,-273.0,-1.0,-1.0,RS41,404.901,7.0,-500,11,2.7,,
2026-08-02T12:40:17.999Z,X1413545,7547,45.73306,8.71624,28326.0,5.9,12.0,262.1,-273.0,-1.0,-1.0,RS41,404.901,7.2,-500,11,2.6,,
2026-08-02T12:40:34.999Z,X1413545,7564,45.73264,8.71390,28426.3,6.1,10.1,270.5,-273.0,-1.0,-1.0,RS41,404.901,7.2,-500,11,2.7,,
2026-08-02T12:40:35.999Z,X1413545,7565,45.73264,8.71378,28431.7,4.7,8.9,275.6,-273.0,-1.0,-1.0,RS41,404.901,8.1,-500,11,2.7,,
2026-08-02T12:40:36.999Z,X1413545,7566,45.73265,8.71367,28436.6,5.3,7.9,276.2,-273.0,-1.0,-1.0,RS41,404.901,8.1,-500,11,2.6,,
2026-08-02T12:40:37.999Z,X1413545,7567,45.73265,8.71358,28442.5,6.3,7.7,268.8,-273.0,-1.0,-1.0,RS41,404.901,7.5,-500,11,2.6,,
2026-08-02T12:40:38.999Z,X1413545,7568,45.73264,8.71347,28449.0,6.7,8.5,258.9,-273.0,-1.0,-1.0,RS41,404.901,7.5,-500,11,2.6,,
2026-08-02T12:40:39.999Z,X1413545,7569,45.73262,8.71336,28454.9,5.3,9.6,252.8,-273.0,-1.0,-1.0,RS41,404.901,7.5,-500,11,2.7,,
2026-08-02T12:40:40.999Z,X1413545,7570,45.73259,8.71324,28459.9,4.6,10.8,251.0,-273.0,-1.0,-1.0,RS41,404.901,7.5,-500,11,2.7,,
2026-08-02T12:40:47.999Z,X1413545,7577,45.73256,8.71222,28499.0,6.5,9.7,274.5,-273.0,-1.0,-1.0,RS41,404.901,6.7,-500,11,2.6,,
2026-08-02T12:40:57.999Z,X1413545,7587,45.73262,8.71071,28556.6,5.5,13.6,268.7,-273.0,-1.0,-1.0,RS41,404.901,7.5,-500,10,2.7,,
2026-08-02T12:41:01.999Z,X1413545,7591,45.73262,8.71009,28579.7,4.8,10.9,276.2,-273.0,-1.0,-1.0,RS41,404.901,6.8,-500,10,2.7,,
2026-08-02T12:41:03.999Z,X1413545,7593,45.73264,8.70982,28591.0,6.5,10.1,270.4,-273.0,-1.0,-1.0,RS41,404.901,7.0,-500,10,2.7,,
2026-08-02T12:41:04.999Z,X1413545,7594,45.73264,8.70969,28597.0,5.5,10.5,264.4,-273.0,-1.0,-1.0,RS41,404.901,7.1,-500,10,2.6,,
2026-08-02T12:41:06.999Z,X1413545,7596,45.73261,8.70940,28607.3,5.2,12.6,261.5,-273.0,-1.0,-1.0,RS41,404.901,6.9,-500,10,2.6,,
2026-08-02T12:41:07.999Z,X1413545,7597,45.73259,8.70923,28612.9,6.0,13.8,265.4,-273.0,-1.0,-1.0,RS41,404.901,7.5,-500,10,2.7,,
2026-08-02T12:41:08.999Z,X1413545,7598,45.73259,8.70905,28618.7,5.7,14.5,269.4,-273.0,-1.0,-1.0,RS41,404.901,7.5,-500,10,2.7,,
2026-08-02T12:41:14.999Z,X1413545,7604,45.73256,8.70807,28651.5,5.0,9.8,261.8,-273.0,-1.0,-1.0,RS41,404.901,6.5,-500,10,2.6,,
2026-08-02T12:41:16.999Z,X1413545,7606,45.73256,8.70783,28663.0,5.9,9.2,276.6,-273.0,-1.0,-1.0,RS41,404.901,7.9,-500,10,2.7,,
2026-08-02T12:41:17.999Z,X1413545,7607,45.73257,8.70771,28668.3,4.8,9.6,281.9,-273.0,-1.0,-1.0,RS41,404.901,7.9,-500,10,2.7,,
2026-08-02T12:41:18.999Z,X1413545,7608,45.73259,8.70759,28673.3,5.3,10.1,283.4,-273.0,-1.0,-1.0,RS41,404.901,7.8,-500,10,2.7,,
2026-08-02T12:41:19.999Z,X1413545,7609,45.73261,8.70746,28679.0,6.2,10.7,279.5,-273.0,-1.0,-1.0,RS41,404.901,7.3,-500,10,2.6,,
2026-08-02T12:41:20.999Z,X1413545,7610,45.73262,8.70732,28685.1,6.1,11.3,273.9,-273.0,-1.0,-1.0,RS41,404.901,7.0,-500,10,2.6,,
2026-08-02T12:41:21.999Z,X1413545,7611,45.73262,8.70717,28690.5,4.5,11.8,270.7,-273.0,-1.0,-1.0,RS41,404.901,7.8,-500,10,2.6,,
2026-08-02T12:41:22.999Z,X1413545,7612,45.73262,8.70702,28695.1,4.8,12.3,270.7,-273.0,-1.0,-1.0,RS41,404.901,7.9,-500,10,2.7,,
2026-08-02T12:41:23.999Z,X1413545,7613,45.73263,8.70686,28700.4,5.8,12.7,273.8,-273.0,-1.0,-1.0,RS41,404.901,7.9,-500,10,2.7,,
2026-08-02T12:41:24.999Z,X1413545,7614,45.73264,8.70670,28706.3,6.1,12.9,278.8,-273.0,-1.0,-1.0,RS41,404.901,7.7,-500,10,2.6,,
2026-08-02T12:41:29.999Z,X1413545,7619,45.73273,8.70601,28734.0,4.7,8.1,267.3,-273.0,-1.0,-1.0,RS41,404.901,7.6,-500,10,2.7,,
2026-08-02T12:41:30.999Z,X1413545,7620,45.73272,8.70591,28738.8,4.8,7.4,262.9,-273.0,-1.0,-1.0,RS41,404.901,7.9,-500,10,2.6,,
2026-08-02T12:41:31.999Z,X1413545,7621,45.73271,8.70581,28743.8,5.3,7.1,264.7,-273.0,-1.0,-1.0,RS41,404.901,7.9,-500,10,2.6,,
2026-08-02T12:41:32.999Z,X1413545,7622,45.73271,8.70572,28749.5,6.1,7.3,273.2,-273.0,-1.0,-1.0,RS41,404.901,7.6,-500,10,2.6,,
2026-08-02T12:41:33.999Z,X1413545,7623,45.73272,8.70563,28755.5,5.8,8.0,282.4,-273.0,-1.0,-1.0,RS41,404.901,8.4,-500,10,2.7,,
2026-08-02T12:41:34.999Z,X1413545,7624,45.73274,8.70552,28760.5,4.2,8.7,287.7,-273.0,-1.0,-1.0,RS41,404.901,8.4,-500,10,2.7,,
2026-08-02T12:41:35.999Z,X1413545,7625,45.73277,8.70541,28764.7,4.1,9.5,288.3,-273.0,-1.0,-1.0,RS41,404.901,8.2,-500,10,2.6,,
2026-08-02T12:41:36.999Z,X1413545,7626,45.73279,8.70529,28769.4,5.5,10.0,284.4,-273.0,-1.0,-1.0,RS41,404.901,8.2,-500,10,2.6,,
2026-08-02T12:41:37.999Z,X1413545,7627,45.73281,8.70516,28775.2,6.1,10.1,278.3,-273.0,-1.0,-1.0,RS41,404.901,8.2,-500,10,2.7,,
2026-08-02T12:41:38.999Z,X1413545,7628,45.73282,8.70504,28780.8,5.1,10.0,273.8,-273.0,-1.0,-1.0,RS41,404.901,7.9,-500,10,2.7,,
2026-08-02T12:41:39.999Z,X1413545,7629,45.73282,8.70491,28785.9,5.2,9.7,272.2,-273.0,-1.0,-1.0,RS41,404.901,7.8,-500,10,2.6,,
2026-08-02T12:41:40.999Z,X1413545,7630,45.73283,8.70479,28791.3,5.6,9.2,275.8,-273.0,-1.0,-1.0,RS41,404.901,7.6,-500,10,2.6,,
2026-08-02T12:41:41.999Z,X1413545,7631,45.73284,8.70468,28797.0,5.7,8.9,283.1,-273.0,-1.0,-1.0,RS41,404.901,7.9,-500,10,2.6,,
2026-08-02T12:41:42.999Z,X1413545,7632,45.73286,8.70457,28802.3,4.9,8.6,289.6,-273.0,-1.0,-1.0,RS41,404.901,8.2,-500,10,2.7,,
2026-08-02T12:41:43.999Z,X1413545,7633,45.73289,8.70447,28806.7,3.8,8.5,293.7,-273.0,-1.0,-1.0,RS41,404.901,8.7,-500,10,2.7,,
2026-08-02T12:41:44.999Z,X1413545,7634,45.73292,8.70437,28810.9,4.6,8.2,293.0,-273.0,-1.0,-1.0,RS41-SG,404.901,8.7,-500,10,2.7,,
2026-08-02T12:41:45.999Z,X1413545,7635,45.73294,8.70427,28815.8,5.4,7.8,285.9,-273.0,-1.0,-1.0,RS41-SG,404.901,7.7,-500,10,2.6,,
2026-08-02T12:41:46.999Z,X1413545,7636,45.73296,8.70418,28821.4,5.6,7.6,275.0,-273.0,-1.0,-1.0,RS41-SG,404.901,7.8,-500,10,2.6,,
2026-08-02T12:41:47.999Z,X1413545,7637,45.73296,8.70408,28826.6,4.9,7.6,266.8,-273.0,-1.0,-1.0,RS41-SG,404.901,8.0,-500,10,2.6,,
2026-08-02T12:41:48.999Z,X1413545,7638,45.73295,8.70398,28831.4,4.6,7.7,263.0,-273.0,-1.0,-1.0,RS41-SG,404.901,8.0,-500,10,2.7,,
2026-08-02T12:41:49.999Z,X1413545,7639,45.73295,8.70388,28836.2,5.0,7.7,266.9,-273.0,-1.0,-1.0,RS41-SG,404.901,7.9,-500,10,2.7,,
2026-08-02T12:41:50.999Z,X1413545,7640,45.73295,8.70378,28841.3,5.3,7.8,276.6,-273.0,-1.0,-1.0,RS41-SG,404.901,7.9,-500,10,2.6,,
2026-08-02T12:41:51.999Z,X1413545,7641,45.73296,8.70368,28846.6,5.2,8.4,287.6,-273.0,-1.0,-1.0,RS41-SG,404.901,8.0,-500,10,2.6,,
2026-08-02T12:41:52.999Z,X1413545,7642,45.73299,8.70358,28851.3,4.2,9.5,294.7,-273.0,-1.0,-1.0,RS41-SG,404.901,8.1,-500,10,2.6,,
2026-08-02T12:41:53.999Z,X1413545,7643,45.73303,8.70346,28855.4,3.9,10.8,295.7,-273.0,-1.0,-1.0,RS41-SG,404.901,8.1,-500,10,2.7,,
2026-08-02T12:41:54.999Z,X1413545,7644,45.73307,8.70333,28859.8,4.8,11.9,291.6,-273.0,-1.0,-1.0,RS41-SG,404.901,7.8,-500,9,2.7,,
2026-08-02T12:41:55.999Z,X1413545,7645,45.73310,8.70318,28864.9,5.5,12.5,284.9,-273.0,-1.0,-1.0,RS41-SG,404.901,7.7,-500,9,2.7,,
2026-08-02T12:41:56.999Z,X1413545,7646,45.73313,8.70302,28870.4,5.3,12.1,276.9,-273.0,-1.0,-1.0,RS41-SG,404.901,8.1,-500,10,2.6,,
2026-08-02T12:41:57.999Z,X1413545,7647,45.73313,8.70288,28875.4,4.8,11.1,269.3,-273.0,-1.0,-1.0,RS41-SG,404.901,8.1,-500,10,2.6,,
2026-08-02T12:41:58.999Z,X1413545,7648,45.73313,8.70274,28880.0,4.3,9.6,262.8,-273.0,-1.0,-1.0,RS41-SG,404.901,7.4,-500,10,2.6,,
2026-08-02T12:41:59.999Z,X1413545,7649,45.73311,8.70263,28884.4,4.6,7.6,258.5,-273.0,-1.0,-1.0,RS41-SG,404.901,7.6,-500,10,2.7,,
2026-08-02T12:42:00.999Z,X1413545,7650,45.73310,8.70255,28889.2,4.8,5.7,260.4,-273.0,-1.0,-1.0,RS41-SG,404.901,8.6,-500,10,2.7,,
2026-08-02T12:42:01.999Z,X1413545,7651,45.73310,8.70248,28893.8,4.5,4.9,271.5,-273.0,-1.0,-1.0,RS41-SG,404.901,9.4,-500,10,2.6,,
2026-08-02T12:42:02.999Z,X1413545,7652,45.73310,8.70242,28898.2,4.2,5.3,280.9,-273.0,-1.0,-1.0,RS41-SG,404.901,9.4,-500,10,2.6,,
2026-08-02T12:42:03.999Z,X1413545,7653,45.73311,8.70234,28902.8,4.7,6.6,281.8,-273.0,-1.0,-1.0,RS41-SG,404.901,8.3,-500,10,2.7,,
2026-08-02T12:42:04.999Z,X1413545,7654,45.73312,8.70225,28907.9,5.5,8.4,276.7,-273.0,-1.0,-1.0,RS41-SG,404.901,8.6,-500,10,2.7,,
2026-08-02T12:42:05.999Z,X1413545,7655,45.73313,8.70213,28913.2,4.9,9.9,271.6,-273.0,-1.0,-1.0,RS41-SG,404.901,8.6,-500,10,2.6,,
2026-08-02T12:42:06.999Z,X1413545,7656,45.73313,8.70200,28917.7,4.1,11.0,269.0,-45.2,0.9,-1.0,RS41-SG,404.901,8.4,-500,10,2.6,,
2026-08-02T12:42:07.999Z,X1413545,7657,45.73313,8.70186,28922.0,4.6,11.4,269.0,-45.2,0.9,-1.0,RS41-SG,404.901,7.6,-500,10,2.6,,
2026-08-02T12:42:09.999Z,X1413545,7659,45.73313,8.70157,28932.8,5.3,10.6,274.4,-45.1,0.9,-1.0,RS41-SG,404.901,7.1,-500,10,2.7,,
2026-08-02T12:42:10.999Z,X1413545,7660,45.73314,8.70144,28937.7,4.4,9.9,275.7,-45.1,0.9,-1.0,RS41-SG,404.901,7.4,-500,10,2.7,,
2026-08-02T12:42:11.999Z,X1413545,7661,45.73315,8.70132,28942.5,5.3,9.1,272.9,-45.0,0.9,-1.0,RS41-SG,404.901,8.4,-500,10,2.6,,
2026-08-02T12:42:12.999Z,X1413545,7662,45.73315,8.70121,28948.0,5.7,8.7,265.6,-44.9,0.9,-1.0,RS41-SG,404.901,8.4,-500,10,2.6,,
2026-08-02T12:42:13.999Z,X1413545,7663,45.73314,8.70110,28952.9,4.1,8.7,259.8,-44.9,0.9,-1.0,RS41-SG,404.901,7.6,-500,10,2.6,,
2026-08-02T12:42:14.999Z,X1413545,7664,45.73312,8.70099,28957.1,4.3,8.5,255.6,-44.8,0.9,-1.0,RS41-SG,404.901,7.6,-500,10,2.7,,
2026-08-02T12:42:15.999Z,X1413545,7665,45.73310,8.70088,28961.7,5.1,8.3,256.6,-44.8,0.9,-1.0,RS41-SG,404.901,7.5,-500,10,2.7,,
2026-08-02T12:42:16.999Z,X1413545,7666,45.73309,8.70078,28967.1,5.7,7.9,261.6,-44.7,0.9,-1.0,RS41-SG,404.901,8.4,-500,10,2.6,,
2026-08-02T12:42:17.999Z,X1413545,7667,45.73308,8.70068,28972.3,4.7,7.9,266.6,-44.7,0.9,-1.0,RS41-SG,404.901,8.4,-500,10,2.6,,
2026-08-02T12:42:19.999Z,X1413545,7669,45.73307,8.70046,28981.7,4.9,9.5,265.0,-44.6,0.9,-1.0,RS41-SG,404.901,7.7,-500,10,2.7,,
2026-08-02T12:42:20.999Z,X1413545,7670,45.73306,8.70033,28987.0,5.6,10.9,259.9,-44.6,0.9,-1.0,RS41-SG,404.901,8.1,-500,10,2.7,,
2026-08-02T12:42:21.999Z,X1413545,7671,45.73304,8.70019,28992.1,4.7,12.0,255.4,-44.6,0.9,-1.0,RS41-SG,404.901,8.1,-500,10,2.7,,
2026-08-02T12:42:22.999Z,X1413545,7672,45.73301,8.70004,28996.5,4.1,12.7,252.9,-44.6,0.9,-1.0,RS41-SG,404.901,7.8,-500,10,2.6,,
2026-08-02T12:42:23.999Z,X1413545,7673,45.73297,8.69988,29001.1,5.0,12.6,252.8,-44.6,0.9,-1.0,RS41-SG,404.901,7.2,-500,10,2.6,,
2026-08-02T12:42:24.999Z,X1413545,7674,45.73294,8.69973,29006.5,6.0,11.8,256.5,-44.6,0.9,-1.0,RS41-SG,404.901,7.6,-500,10,2.6,,
2026-08-02T12:42:25.999Z,X1413545,7675,45.73292,8.69959,29011.8,4.5,10.8,260.8,-44.6,0.9,-1.0,RS41-SG,404.901,8.3,-500,10,2.7,,
2026-08-02T12:42:26.999Z,X1413545,7676,45.73291,8.69946,29016.1,4.2,10.1,263.5,-44.6,0.9,-1.0,RS41-SG,404.901,8.3,-500,10,2.7,,
2026-08-02T12:42:27.999Z,X1413545,7677,45.73290,8.69934,29020.7,4.9,9.6,261.9,-44.6,0.9,-1.0,RS41-SG,404.901,7.7,-500,10,2.6,,
2026-08-02T12:42:28.999Z,X1413545,7678,45.73288,8.69921,29025.8,5.3,10.0,256.5,-44.5,0.9,-1.0,RS41-SG,404.901,8.0,-500,10,2.6,,
2026-08-02T12:42:29.999Z,X1413545,7679,45.73286,8.69908,29031.0,5.3,11.0,251.5,-44.5,0.9,-1.0,RS41-SG,404.901,8.1,-500,10,2.7,,
2026-08-02T12:42:30.999Z,X1413545,7680,45.73282,8.69894,29036.0,4.6,12.2,249.2,-44.5,0.9,-1.0,RS41-SG,404.901,8.6,-500,10,2.7,,
2026-08-02T12:42:31.999Z,X1413545,7681,45.73278,8.69879,29040.6,4.5,13.7,249.5,-44.5,0.9,-1.0,RS41-SG,404.901,9.1,-500,10,2.6,,
2026-08-02T12:42:32.999Z,X1413545,7682,45.73274,8.69862,29045.4,5.1,14.9,253.0,-44.5,0.9,-1.0,RS41-SG,404.901,9.1,-500,10,2.6,,
2026-08-02T12:42:33.999Z,X1413545,7683,45.73271,8.69843,29050.8,5.7,15.8,257.3,-44.4,0.9,-1.0,RS41-SG,404.901,8.9,-500,10,2.6,,
2026-08-02T12:42:34.999Z,X1413545,7684,45.73268,8.69823,29055.7,4.1,16.0,260.8,-44.4,0.8,-1.0,RS41-SG,404.901,8.1,-500,10,2.7,,
2026-08-02T12:42:36.999Z,X1413545,7686,45.73264,8.69783,29064.1,5.0,14.9,259.9,-44.2,0.9,-1.0,RS41-SG,404.901,8.2,-500,10,2.7,,
2026-08-02T12:42:37.999Z,X1413545,7687,45.73261,8.69765,29069.3,5.4,13.9,253.2,-44.2,0.8,-1.0,RS41-SG,404.901,8.2,-500,10,2.6,,
2026-08-02T12:42:38.999Z,X1413545,7688,45.73256,8.69749,29074.6,5.1,13.4,245.0,-44.2,0.9,-1.0,RS41-SG,404.901,8.2,-500,10,2.6,,
2026-08-02T12:42:39.999Z,X1413545,7689,45.73251,8.69734,29079.1,4.0,13.2,239.7,-44.2,0.9,-1.0,RS41-SG,404.901,8.1,-500,10,2.6,,
2026-08-02T12:42:40.999Z,X1413545,7690,45.73245,8.69720,29083.2,4.2,13.1,237.6,-44.2,0.9,-1.0,RS41-SG,404.901,7.9,-500,10,2.7,,
2026-08-02T12:42:41.999Z,X1413545,7691,45.73239,8.69705,29087.7,4.7,13.1,240.7,-44.2,0.9,-1.0,RS41-SG,404.901,8.1,-500,10,2.7,,
2026-08-02T12:42:42.999Z,X1413545,7692,45.73234,8.69690,29092.8,5.5,13.4,248.2,-44.2,0.9,-1.0,RS41-SG,404.901,8.4,-500,10,2.6,,
2026-08-02T12:42:43.999Z,X1413545,7693,45.73230,8.69673,29098.2,5.3,14.1,255.9,-44.2,0.9,-1.0,RS41-SG,404.901,8.4,-500,10,2.6,,
2026-08-02T12:42:44.999Z,X1413545,7694,45.73227,8.69655,29102.8,3.9,15.1,261.2,-44.2,0.9,-1.0,RS41-SG,404.901,8.8,-500,10,2.7,,
2026-08-02T12:42:45.999Z,X1413545,7695,45.73225,8.69635,29106.4,3.3,16.0,262.8,-44.1,0.8,-1.0,RS41-SG,404.901,8.8,-500,10,2.7,,
2026-08-02T12:42:46.999Z,X1413545,7696,45.73223,8.69615,29110.3,4.4,16.8,260.7,-44.1,0.8,-1.0,RS41-SG,404.901,8.3,-500,10,2.6,,
2026-08-02T12:42:47.999Z,X1413545,7697,45.73220,8.69593,29115.4,5.6,17.3,255.5,-44.1,0.9,-1.0,RS41-SG,404.901,8.3,-500,10,2.6,,
2026-08-02T12:42:48.999Z,X1413545,7698,45.73216,8.69572,29120.6,4.9,17.2,250.5,-44.2,0.9,-1.0,RS41-SG,404.901,8.5,-500,10,2.6,,
2026-08-02T12:42:49.999Z,X1413545,7699,45.73210,8.69552,29125.4,4.5,16.5,246.4,-44.2,0.9,-1.0,RS41-SG,404.901,8.5,-500,10,2.7,,
2026-08-02T12:42:50.999Z,X1413545,7700,45.73204,8.69534,29130.2,5.2,15.2,244.2,-44.3,0.9,-1.0,RS41-SG,404.901,8.2,-500,10,2.7,,
2026-08-02T12:42:51.999Z,X1413545,7701,45.73199,8.69517,29135.8,5.9,13.6,245.5,-44.4,0.9,-1.0,RS41-SG,404.901,8.4,-500,10,2.7,,
2026-08-02T12:42:52.999Z,X1413545,7702,45.73194,8.69502,29141.2,5.0,12.3,249.3,-44.5,0.9,-1.0,RS41-SG,404.901,8.5,-500,10,2.6,,
2026-08-02T12:42:53.999Z,X1413545,7703,45.73191,8.69487,29145.6,3.6,11.4,253.1,-44.5,0.9,-1.0,RS41-SG,404.901,8.5,-500,10,2.6,,
2026-08-02T12:42:54.999Z,X1413545,7704,45.73188,8.69473,29149.5,4.1,11.0,256.2,-44.5,0.9,-1.0,RS41-SG,404.901,8.5,-500,10,2.6,,
2026-08-02T12:42:55.999Z,X1413545,7705,45.73186,8.69459,29154.0,4.9,11.4,255.8,-44.4,0.9,-1.0,RS41-SG,404.901,8.5,-500,10,2.7,,
2026-08-02T12:42:56.999Z,X1413545,7706,45.73183,8.69445,29159.1,5.5,12.5,254.2,-44.2,0.9,-1.0,RS41-SG,404.901,8.2,-500,10,2.7,,
2026-08-02T12:42:57.999Z,X1413545,7707,45.73179,8.69429,29164.5,5.3,13.8,252.9,-44.1,0.9,-1.0,RS41-SG,404.901,8.2,-500,10,2.6,,
2026-08-02T12:42:58.999Z,X1413545,7708,45.73176,8.69411,29169.2,4.1,15.2,253.2,-44.0,0.9,-1.0,RS41-SG,404.901,8.3,-500,10,2.6,,
2026-08-02T12:42:59.999Z,X1413545,7709,45.73172,8.69391,29173.3,4.1,16.3,256.0,-44.0,0.8,-1.0,RS41-SG,404.901,8.3,-500,10,2.6,,
2026-08-02T12:43:00.999Z,X1413545,7710,45.73169,8.69370,29177.9,5.1,17.2,261.0,-44.0,0.9,-1.0,RS41-SG,404.901,8.0,-500,10,2.7,,
2026-08-02T12:43:04.999Z,X1413545,7714,45.73167,8.69287,29197.1,5.1,13.9,268.9,-43.9,0.8,-1.0,RS41-SG,404.901,7.6,-500,10,2.6,,
2026-08-02T12:43:05.999Z,X1413545,7715,45.73166,8.69271,29202.5,5.7,12.5,263.4,-44.0,0.9,-1.0,RS41-SG,404.901,7.7,-500,10,2.6,,
2026-08-02T12:43:06.999Z,X1413545,7716,45.73164,8.69255,29207.6,4.5,11.9,258.4,-44.0,0.8,-1.0,RS41-SG,404.901,7.7,-500,10,2.7,,
2026-08-02T12:43:07.999Z,X1413545,7717,45.73162,8.69240,29212.1,4.6,11.8,255.9,-44.0,0.8,-1.0,RS41-SG,404.901,8.1,-500,10,2.7,,
2026-08-02T12:43:08.999Z,X1413545,7718,45.73159,8.69225,29217.1,5.6,12.4,257.9,-44.0,0.8,-1.0,RS41-SG,404.901,8.1,-500,10,2.7,,
2026-08-02T12:43:09.999Z,X1413545,7719,45.73157,8.69209,29223.1,6.2,13.4,263.4,-44.0,0.8,-1.0,RS41-SG,404.901,8.0,-500,10,2.6,,
2026-08-02T12:43:10.999Z,X1413545,7720,45.73157,8.69191,29228.4,4.4,14.5,267.8,-43.9,0.8,-1.0,RS41-SG,404.901,8.0,-500,10,2.6,,
2026-08-02T12:43:11.999Z,X1413545,7721,45.73156,8.69172,29232.7,4.2,16.0,269.9,-43.9,0.9,-1.0,RS41-SG,404.901,8.0,-500,10,2.6,,
2026-08-02T12:43:12.999Z,X1413545,7722,45.73156,8.69150,29237.3,5.0,17.3,269.7,-43.8,0.8,-1.0,RS41-SG,404.901,8.4,-500,10,2.7,,
2026-08-02T12:43:13.999Z,X1413545,7723,45.73156,8.69128,29242.6,5.6,18.1,267.6,-43.8,0.8,-1.0,RS41-SG,404.901,8.4,-500,10,2.7,,
2026-08-02T12:43:14.999Z,X1413545,7724,45.73155,8.69105,29247.6,4.4,18.4,265.6,-43.8,0.8,-1.0,RS41-SG,404.901,7.9,-500,10,2.6,,
2026-08-02T12:43:15.999Z,X1413545,7725,45.73154,8.69081,29252.1,4.6,18.5,265.4,-43.8,0.8,-1.0,RS41-SG,404.901,7.9,-500,10,2.6,,
2026-08-02T12:43:16.999Z,X1413545,7726,45.73152,8.69057,29256.9,5.1,18.4,267.2,-43.9,0.8,-1.0,RS41-SG,404.901,7.5,-500,10,2.6,,
2026-08-02T12:43:17.999Z,X1413545,7727,45.73152,8.69034,29262.3,5.6,18.1,270.3,-44.0,0.9,-1.0,RS41-SG,404.901,7.5,-500,10,2.7,,
2026-08-02T12:43:19.999Z,X1413545,7729,45.73153,8.68989,29272.4,4.4,17.2,273.6,-44.0,0.8,-1.0,RS41-SG,404.901,7.0,-500,10,2.7,,
2026-08-02T12:43:22.999Z,X1413545,7732,45.73153,8.68928,29287.3,5.5,14.7,262.0,-43.9,0.9,-1.0,RS41-SG,404.901,7.6,-500,10,2.6,,
2026-08-02T12:43:25.999Z,X1413545,7735,45.73146,8.68874,29302.4,5.9,13.7,262.5,-44.0,0.9,-1.0,RS41-SG,404.901,7.2,-500,10,2.6,,
2026-08-02T12:43:26.999Z,X1413545,7736,45.73145,8.68857,29308.2,5.5,13.8,269.0,-44.0,0.9,-1.0,RS41-SG,404.901,7.4,-500,10,2.6,,
2026-08-02T12:43:27.999Z,X1413545,7737,45.73145,8.68839,29313.1,4.3,14.0,274.5,-44.0,0.9,-1.0,RS41-SG,404.901,7.4,-500,10,2.7,,
2026-08-02T12:43:28.999Z,X1413545,7738,45.73147,8.68821,29317.3,4.1,14.1,277.7,-44.1,0.9,-1.0,RS41-SG,404.901,7.3,-500,10,2.7,,
2026-08-02T12:43:29.999Z,X1413545,7739,45.73148,8.68804,29321.8,4.9,14.0,277.2,-44.1,0.9,-1.0,RS41-SG,404.901,7.3,-500,10,2.6,,
2026-08-02T12:43:30.999Z,X1413545,7740,45.73150,8.68786,29327.4,6.2,13.8,273.5,-44.2,0.9,-1.0,RS41-SG,404.901,7.0,-500,10,2.6,,
2026-08-02T12:43:31.999Z,X1413545,7741,45.73150,8.68768,29333.2,5.7,13.8,268.5,-44.2,0.9,-1.0,RS41-SG,404.901,7.0,-500,10,2.6,,
2026-08-02T12:43:32.999Z,X1413545,7742,45.73149,8.68751,29338.5,4.9,14.0,264.8,-44.2,0.9,-1.0,RS41-SG,404.901,7.0,-500,10,2.7,,
2026-08-02T12:43:35.999Z,X1413545,7745,45.73146,8.68695,29354.8,6.2,14.9,268.8,-44.1,0.9,-1.0,RS41-SG,404.901,6.7,-500,10,2.6,,
2026-08-02T12:43:36.999Z,X1413545,7746,45.73146,8.68676,29360.3,4.6,14.8,272.5,-44.1,0.9,-1.0,RS41-SG,404.901,7.4,-500,10,2.6,,
2026-08-02T12:43:37.999Z,X1413545,7747,45.73147,8.68658,29365.1,5.1,14.4,274.4,-44.1,0.9,-1.0,RS41-SG,404.901,7.4,-500,10,2.6,,
2026-08-02T12:43:38.999Z,X1413545,7748,45.73147,8.68640,29370.6,5.9,13.6,273.9,-44.2,0.9,-1.0,RS41-SG,404.901,7.1,-500,10,2.7,,
2026-08-02T12:43:39.999Z,X1413545,7749,45.73148,8.68623,29376.5,5.9,12.6,271.2,-44.2,0.9,-1.0,RS41-SG,404.901,7.1,-500,10,2.7,,
2026-08-02T12:43:40.999Z,X1413545,7750,45.73148,8.68607,29381.7,4.7,11.9,268.9,-44.1,0.9,-1.0,RS41-SG,404.901,7.0,-500,10,2.6,,
2026-08-02T12:43:42.999Z,X1413545,7752,45.73148,8.68578,29392.3,5.8,11.0,272.7,-44.1,0.9,-1.0,RS41-SG,404.901,7.4,-500,10,2.7,,
2026-08-02T12:43:43.999Z,X1413545,7753,45.73149,8.68564,29398.1,5.8,11.4,276.7,-44.1,0.9,-1.0,RS41-SG,404.901,7.6,-500,10,2.7,,
2026-08-02T12:43:44.999Z,X1413545,7754,45.73150,8.68549,29403.4,4.7,11.9,278.8,-44.0,0.9,-1.0,RS41-SG,404.901,7.9,-500,10,2.6,,
2026-08-02T12:43:45.999Z,X1413545,7755,45.73152,8.68534,29408.3,5.2,12.8,276.9,-44.0,0.9,-1.0,RS41-SG,404.901,7.9,-500,10,2.6,,
2026-08-02T12:43:46.999Z,X1413545,7756,45.73153,8.68517,29413.9,5.7,13.7,271.8,-44.0,0.9,-1.0,RS41-SG,404.901,7.8,-500,10,2.6,,
2026-08-02T12:43:47.999Z,X1413545,7757,45.73152,8.68499,29419.9,6.2,14.8,265.6,-44.0,0.9,-1.0,RS41-SG,404.901,7.8,-500,10,2.7,,
2026-08-02T12:43:48.999Z,X1413545,7758,45.73151,8.68480,29425.5,4.9,15.7,261.1,-44.1,0.9,-1.0,RS41-SG,404.901,7.3,-500,10,2.7,,
2026-08-02T12:43:49.999Z,X1413545,7759,45.73148,8.68459,29430.3,4.6,16.2,259.4,-44.1,0.9,-1.0,RS41-SG,404.901,7.3,-500,10,2.7,,
2026-08-02T12:43:52.999Z,X1413545,7762,45.73144,8.68400,29447.6,5.8,15.0,271.8,-44.1,0.9,-1.0,RS41-SG,404.901,7.1,-500,10,2.6,,
2026-08-02T12:43:54.999Z,X1413545,7764,45.73146,8.68362,29458.2,5.5,14.2,278.5,-44.0,0.9,-1.0,RS41-SG,404.901,7.3,-500,10,2.7,,
2026-08-02T12:43:55.999Z,X1413545,7765,45.73148,8.68345,29464.3,6.7,13.6,276.7,-44.0,0.9,-1.0,RS41-SG,404.901,7.9,-500,10,2.6,,
2026-08-02T12:43:56.999Z,X1413545,7766,45.73149,8.68327,29470.4,5.6,13.4,272.9,-44.1,0.9,-1.0,RS41-SG,404.901,7.9,-500,10,2.6,,
2026-08-02T12:43:57.999Z,X1413545,7767,45.73149,8.68310,29475.9,5.3,13.5,269.2,-44.1,0.9,-1.0,RS41-SG,404.901,7.9,-500,10,2.7,,
2026-08-02T12:43:58.999Z,X1413545,7768,45.73149,8.68293,29481.4,5.9,13.9,267.5,-44.0,0.9,-1.0,RS41-SG,404.901,8.1,-500,10,2.7,,
2026-08-02T12:43:59.999Z,X1413545,7769,45.73149,8.68275,29487.8,6.7,14.5,268.5,-44.0,0.9,-1.0,RS41-SG,404.901,8.2,-500,10,2.6,,
2026-08-02T12:44:00.999Z,X1413545,7770,45.73148,8.68256,29494.0,5.8,14.9,270.1,-43.9,0.9,-1.0,RS41-SG,404.901,8.5,-500,10,2.6,,
2026-08-02T12:44:01.999Z,X1413545,7771,45.73148,8.68237,29499.8,5.6,15.3,270.1,-43.9,0.9,-1.0,RS41-SG,404.901,9.0,-500,10,2.6,,
2026-08-02T12:44:02.999Z,X1413545,7772,45.73148,8.68217,29505.8,6.4,15.6,268.1,-43.9,0.9,-1.0,RS41-SG,404.901,9.0,-500,10,2.7,,
2026-08-02T12:44:03.999Z,X1413545,7773,45.73147,8.68197,29512.2,6.6,15.8,264.7,-43.9,0.9,-1.0,RS41-SG,404.901,8.4,-500,10,2.7,,
2026-08-02T12:44:04.999Z,X1413545,7774,45.73146,8.68176,29518.1,5.2,15.8,262.7,-43.8,0.9,-1.0,RS41-SG,404.901,7.7,-500,10,2.7,,
2026-08-02T12:44:05.999Z,X1413545,7775,45.73144,8.68157,29523.6,5.8,15.6,263.2,-43.8,0.9,-1.0,RS41-SG,404.901,8.0,-500,10,2.6,,
2026-08-02T12:44:06.999Z,X1413545,7776,45.73143,8.68137,29530.0,6.9,15.3,267.3,-43.8,0.9,-1.0,RS41-SG,404.901,8.0,-500,10,2.6,,
2026-08-02T12:44:07.999Z,X1413545,7777,45.73143,8.68117,29536.7,6.5,15.1,272.3,-43.8,0.9,-1.0,RS41-SG,404.901,8.2,-500,10,2.6,,
2026-08-02T12:44:08.999Z,X1413545,7778,45.73144,8.68098,29542.5,5.0,15.0,276.3,-43.9,0.9,-1.0,RS41-SG,404.901,8.7,-500,10,2.7,,
2026-08-02T12:44:09.999Z,X1413545,7779,45.73145,8.68079,29547.9,5.9,14.9,278.0,-43.8,0.9,-1.0,RS41-SG,404.901,8.9,-500,10,2.7,,
2026-08-02T12:44:10.999Z,X1413545,7780,45.73147,8.68060,29554.3,6.8,14.7,276.2,-43.8,0.8,-1.0,RS41-SG,404.901,9.2,-500,10,2.6,,
2026-08-02T12:44:11.999Z,X1413545,7781,45.73148,8.68042,29561.1,6.8,14.6,273.1,-43.7,0.9,-1.0,RS41-SG,404.901,9.2,-500,10,2.6,,
2026-08-02T12:44:12.999Z,X1413545,7782,45.73149,8.68023,29567.5,5.9,14.7,270.7,-43.7,0.9,-1.0,RS41-SG,404.901,8.4,-500,10,2.7,,
2026-08-02T12:44:13.999Z,X1413545,7783,45.73149,8.68004,29573.6,6.3,15.1,270.5,-43.6,0.9,-1.0,RS41-SG,404.901,8.8,-500,10,2.7,,
2026-08-02T12:44:14.999Z,X1413545,7784,45.73149,8.67984,29580.4,7.2,15.7,272.8,-43.6,0.8,-1.0,RS41-SG,404.901,8.9,-500,10,2.6,,
2026-08-02T12:44:15.999Z,X1413545,7785,45.73150,8.67964,29587.0,6.0,16.1,275.3,-43.6,0.8,-1.0,RS41-SG,404.901,9.0,-500,10,2.6,,
2026-08-02T12:44:16.999Z,X1413545,7786,45.73152,8.67943,29593.0,5.8,16.3,275.9,-43.5,0.9,-1.0,RS41-SG,404.901,9.2,-500,10,2.6,,
2026-08-02T12:44:17.999Z,X1413545,7787,45.73153,8.67923,29599.2,6.6,16.3,274.5,-43.5,0.9,-1.0,RS41-SG,404.901,9.2,-500,10,2.7,,
2026-08-02T12:44:18.999Z,X1413545,7788,45.73154,8.67902,29606.1,7.1,15.9,271.2,-43.5,0.8,-1.0,RS41-SG,404.901,9.2,-500,10,2.7,,
2026-08-02T12:44:19.999Z,X1413545,7789,45.73154,8.67882,29612.6,5.9,15.5,268.4,-43.5,0.9,-1.0,RS41-SG,404.901,9.2,-500,10,2.7,,
2026-08-02T12:44:20.999Z,X1413545,7790,45.73153,8.67862,29618.5,5.9,15.0,268.1,-43.5,0.8,-1.0,RS41-SG,404.901,8.7,-500,10,2.6,,
2026-08-02T12:44:21.999Z,X1413545,7791,45.73153,8.67843,29624.9,6.8,14.6,271.0,-43.5,0.9,-1.0,RS41-SG,404.901,8.7,-500,10,2.6,,
2026-08-02T12:44:22.999Z,X1413545,7792,45.73154,8.67825,29632.0,7.3,14.6,276.7,-43.6,0.9,-1.0,RS41-SG,404.901,9.1,-500,10,2.6,,
2026-08-02T12:44:23.999Z,X1413545,7793,45.73156,8.67806,29638.7,6.0,14.9,281.0,-43.5,0.8,-1.0,RS41-SG,404.901,9.1,-500,10,2.7,,
2026-08-02T12:44:24.999Z,X1413545,7794,45.73159,8.67787,29644.7,5.9,15.3,283.3,-43.5,0.9,-1.0,RS41-SG,404.901,9.5,-500,10,2.7,,
2026-08-02T12:44:25.999Z,X1413545,7795,45.73162,8.67768,29651.0,6.6,15.5,282.5,-43.5,0.8,-1.0,RS41-SG,404.901,9.8,-500,10,2.6,,
2026-08-02T12:44:26.999Z,X1413545,7796,45.73164,8.67748,29658.0,7.5,15.6,278.7,-43.6,0.9,-1.0,RS41-SG,404.901,9.8,-500,10,2.6,,
2026-08-02T12:44:27.999Z,X1413545,7797,45.73166,8.67729,29664.9,6.2,15.7,274.9,-43.6,0.9,-1.0,RS41-SG,404.901,9.0,-500,10,2.7,,
2026-08-02T12:44:28.999Z,X1413545,7798,45.73167,8.67708,29670.9,5.9,15.9,272.1,-43.6,0.9,-1.0,RS41-SG,404.901,9.0,-500,10,2.7,,
2026-08-02T12:44:29.999Z,X1413545,7799,45.73168,8.67688,29677.3,6.8,16.2,272.2,-43.6,0.9,-1.0,RS41-SG,404.901,8.3,-500,10,2.6,,
2026-08-02T12:44:30.999Z,X1413545,7800,45.73168,8.67667,29684.4,7.5,16.6,274.9,-43.6,0.9,-1.0,RS41-SG,404.901,8.6,-500,10,2.6,,
2026-08-02T12:44:31.999Z,X1413545,7801,45.73170,8.67646,29691.4,6.6,17.0,278.0,-43.7,0.9,-1.0,RS41-SG,404.901,9.4,-500,10,2.6,,
2026-08-02T12:44:32.999Z,X1413545,7802,45.73173,8.67624,29697.4,5.4,17.2,280.0,-43.6,0.8,-1.0,RS41-SG,404.901,9.9,-500,10,2.7,,
2026-08-02T12:44:33.999Z,X1413545,7803,45.73175,8.67602,29703.0,5.8,17.1,280.4,-43.6,0.9,-1.0,RS41-SG,404.901,9.9,-500,10,2.7,,
2026-08-02T12:44:34.999Z,X1413545,7804,45.73178,8.67581,29709.2,6.6,16.5,278.7,-43.7,0.9,-1.0,RS41-SG,404.901,9.5,-500,10,2.7,,
2026-08-02T12:44:35.999Z,X1413545,7805,45.73180,8.67561,29716.1,7.1,15.6,276.3,-43.7,0.9,-1.0,RS41-SG,404.901,8.6,-500,10,2.6,,
2026-08-02T12:44:36.999Z,X1413545,7806,45.73181,8.67542,29722.9,6.6,14.5,275.0,-43.8,0.9,-1.0,RS41-SG,404.901,8.1,-500,10,2.6,,
2026-08-02T12:44:37.999Z,X1413545,7807,45.73182,8.67524,29729.2,6.0,13.5,275.4,-43.7,0.9,-1.0,RS41-SG,404.901,9.2,-500,10,2.6,,
2026-08-02T12:44:38.999Z,X1413545,7808,45.73184,8.67507,29735.6,6.8,13.0,279.9,-43.7,0.9,-1.0,RS41-SG,404.901,9.6,-500,10,2.7,,
2026-08-02T12:44:39.999Z,X1413545,7809,45.73186,8.67491,29742.7,7.5,13.3,285.6,-43.8,0.9,-1.0,RS41-SG,404.901,9.6,-500,10,2.7,,
2026-08-02T12:44:40.999Z,X1413545,7810,45.73190,8.67474,29749.7,6.5,14.3,289.3,-43.9,0.9,-1.0,RS41-SG,404.901,9.5,-500,10,2.6,,
2026-08-02T12:44:41.999Z,X1413545,7811,45.73194,8.67456,29755.9,5.9,15.3,290.2,-43.9,0.9,-1.0,RS41-SG,404.901,9.0,-500,10,2.6,,
2026-08-02T12:44:43.999Z,X1413545,7813,45.73203,8.67417,29768.8,7.2,16.7,281.9,-43.8,0.8,-1.0,RS41-SG,404.901,8.7,-500,10,2.7,,
2026-08-02T12:44:44.999Z,X1413545,7814,45.73205,8.67396,29775.9,7.1,17.0,275.5,-43.8,0.9,-1.0,RS41-SG,404.901,8.7,-500,10,2.6,,
2026-08-02T12:44:45.999Z,X1413545,7815,45.73206,8.67374,29782.4,5.9,17.4,271.0,-43.8,0.9,-1.0,RS41-SG,404.901,8.5,-500,10,2.6,,
2026-08-02T12:44:46.999Z,X1413545,7816,45.73206,8.67351,29788.3,5.9,17.7,269.0,-43.8,0.9,-1.0,RS41-SG,404.901,7.3,-500,10,2.6,,
2026-08-02T12:44:48.999Z,X1413545,7818,45.73206,8.67306,29802.2,8.0,17.3,274.3,-43.9,0.9,-1.0,RS41-SG,404.901,7.3,-500,10,2.7,,
2026-08-02T12:44:50.999Z,X1413545,7820,45.73211,8.67264,29815.7,6.1,15.9,283.4,-43.8,0.9,-1.0,RS41-SG,404.901,7.3,-500,10,2.6,,
2026-08-02T12:44:51.999Z,X1413545,7821,45.73214,8.67246,29822.2,6.7,14.6,286.4,-43.8,0.9,-1.0,RS41-SG,404.901,7.3,-500,10,2.6,,
2026-08-02T12:44:52.999Z,X1413545,7822,45.73218,8.67228,29829.3,7.5,13.1,285.9,-43.8,0.9,-1.0,RS41-SG,404.901,8.0,-500,10,2.6,,
2026-08-02T12:44:53.999Z,X1413545,7823,45.73221,8.67213,29836.3,6.5,12.1,283.6,-43.8,0.9,-1.0,RS41-SG,404.901,8.0,-500,10,2.7,,
2026-08-02T12:44:54.999Z,X1413545,7824,45.73223,8.67198,29842.5,5.8,11.5,281.5,-43.8,0.9,-1.0,RS41-SG,404.901,8.0,-500,10,2.7,,
2026-08-02T12:44:55.999Z,X1413545,7825,45.73225,8.67184,29848.5,6.2,11.9,281.5,-43.7,0.9,-1.0,RS41-SG,404.901,8.0,-500,10,2.6,,
2026-08-02T12:44:56.999Z,X1413545,7826,45.73227,8.67168,29855.0,6.9,12.9,283.4,-43.7,0.9,-1.0,RS41-SG,404.901,7.9,-500,10,2.6,,
2026-08-02T12:44:57.999Z,X1413545,7827,45.73230,8.67151,29862.2,7.4,14.3,286.1,-43.8,0.9,-1.0,RS41-SG,404.901,7.9,-500,10,2.7,,
2026-08-02T12:44:58.999Z,X1413545,7828,45.73234,8.67133,29869.0,6.1,15.4,286.8,-43.8,0.9,-1.0,RS41-SG,404.901,7.9,-500,10,2.7,,
2026-08-02T12:45:01.999Z,X1413545,7831,45.73244,8.67072,29888.4,7.6,16.3,275.8,-44.0,0.9,-1.0,RS41-SG,404.901,7.4,-500,10,2.6,,
2026-08-02T12:45:02.999Z,X1413545,7832,45.73245,8.67052,29895.4,6.3,15.7,270.4,-44.0,0.9,-1.0,RS41-SG,404.901,7.4,-500,10,2.7,,
2026-08-02T12:45:03.999Z,X1413545,7833,45.73244,8.67032,29901.5,5.9,15.0,266.4,-44.0,0.9,-1.0,RS41-SG,404.901,8.1,-500,10,2.7,,
2026-08-02T12:45:04.999Z,X1413545,7834,45.73243,8.67014,29907.8,6.7,14.0,265.8,-44.1,0.9,-1.0,RS41-SG,404.901,8.1,-500,10,2.7,,
2026-08-02T12:45:05.999Z,X1413545,7835,45.73243,8.66997,29914.9,7.5,12.9,270.1,-44.1,0.9,-1.0,RS41-SG,404.901,7.8,-500,10,2.6,,
2026-08-02T12:45:06.999Z,X1413545,7836,45.73244,8.66981,29921.8,6.3,12.3,276.1,-44.1,0.9,-1.0,RS41-SG,404.901,7.5,-500,10,2.6,,
2026-08-02T12:45:07.999Z,X1413545,7837,45.73245,8.66965,29927.9,5.9,11.9,281.4,-44.0,0.9,-1.0,RS41-SG,404.901,7.6,-500,10,2.6,,
2026-08-02T12:45:08.999Z,X1413545,7838,45.73247,8.66951,29934.2,6.6,11.4,283.7,-44.0,0.9,-1.0,RS41-SG,404.901,7.6,-500,10,2.7,,
2026-08-02T12:45:09.999Z,X1413545,7839,45.73250,8.66937,29941.1,7.2,11.1,281.7,-44.0,0.9,-1.0,RS41-SG,404.901,7.6,-500,10,2.7,,
2026-08-02T12:45:10.999Z,X1413545,7840,45.73251,8.66923,29948.0,6.5,10.9,277.9,-44.1,0.9,-1.0,RS41-SG,404.901,8.1,-500,10,2.7,,
2026-08-02T12:45:11.999Z,X1413545,7841,45.73252,8.66909,29954.0,5.5,10.9,275.1,-44.1,0.9,-1.0,RS41-SG,404.901,8.1,-500,10,2.6,,
2026-08-02T12:45:12.999Z,X1413545,7842,45.73253,8.66895,29959.6,5.6,11.2,274.4,-44.0,0.9,-1.0,RS41-SG,404.901,7.5,-500,10,2.6,,
2026-08-02T12:45:13.999Z,X1413545,7843,45.73254,8.66880,29965.6,6.3,11.6,275.7,-44.0,0.9,-1.0,RS41-SG,404.901,8.5,-500,10,2.6,,
2026-08-02T12:45:14.999Z,X1413545,7844,45.73256,8.66865,29972.3,7.1,12.1,278.5,-44.0,0.9,-1.0,RS41-SG,404.901,8.5,-500,10,2.7,,
2026-08-02T12:45:15.999Z,X1413545,7845,45.73257,8.66850,29978.9,6.2,12.6,280.0,-44.0,0.9,-1.0,RS41-SG,404.901,8.2,-500,10,2.7,,
2026-08-02T12:45:16.999Z,X1413545,7846,45.73259,8.66834,29985.2,6.3,13.1,278.9,-44.0,0.9,-1.0,RS41-SG,404.901,8.1,-500,10,2.6,,
2026-08-02T12:45:17.999Z,X1413545,7847,45.73261,8.66817,29991.8,6.8,13.8,274.8,-44.0,0.9,-1.0,RS41-SG,404.901,8.0,-500,10,2.6,,
2026-08-02T12:45:20.999Z,X1413545,7850,45.73259,8.66761,30011.4,5.6,14.7,262.2,-43.9,0.9,-1.0,RS41-SG,404.901,7.0,-500,10,2.7,,
2026-08-02T12:45:24.999Z,X1413545,7854,45.73257,8.66697,30036.9,5.5,10.5,278.8,-43.7,0.9,-1.0,RS41-SG,404.901,7.1,-500,10,2.6,,
2026-08-02T12:45:25.999Z,X1413545,7855,45.73259,8.66684,30042.5,5.9,10.2,280.6,-43.7,0.9,-1.0,RS41-SG,404.901,8.6,-500,10,2.7,,
2026-08-02T12:45:26.999Z,X1413545,7856,45.73260,8.66671,30048.8,6.7,10.7,277.3,-43.7,0.8,-1.0,RS41-SG,404.901,8.6,-500,10,2.7,,
2026-08-02T12:45:27.999Z,X1413545,7857,45.73261,8.66657,30055.8,7.3,11.8,271.0,-43.6,0.9,-1.0,RS41-SG,404.901,7.7,-500,10,2.7,,
2026-08-02T12:45:28.999Z,X1413545,7858,45.73260,8.66641,30063.1,7.0,13.3,265.5,-43.5,0.8,-1.0,RS41-SG,404.901,7.6,-500,10,2.6,,
2026-08-02T12:45:29.999Z,X1413545,7859,45.73259,8.66623,30069.1,5.1,14.4,263.0,-43.5,0.8,-1.0,RS41-SG,404.901,7.2,-500,10,2.6,,
2026-08-02T12:45:30.999Z,X1413545,7860,45.73258,8.66604,30074.3,5.3,15.3,262.6,-43.4,0.8,-1.0,RS41-SG,404.901,8.0,-500,10,2.6,,
2026-08-02T12:45:31.999Z,X1413545,7861,45.73256,8.66584,30080.2,6.5,15.6,265.9,-43.5,0.9,-1.0,RS41-SG,404.901,8.0,-500,10,2.7,,
2026-08-02T12:45:33.999Z,X1413545,7863,45.73257,8.66545,30093.5,5.9,15.2,276.9,-43.4,0.8,-1.0,RS41-SG,404.901,7.1,-500,10,2.6,,
2026-08-02T12:45:34.999Z,X1413545,7864,45.73259,8.66526,30099.3,5.7,15.1,281.1,-43.3,0.8,-1.0,RS41-SG,404.901,7.1,-500,10,2.6,,
2026-08-02T12:45:36.999Z,X1413545,7866,45.73264,8.66488,30112.4,7.0,15.4,279.8,-43.3,0.9,-1.0,RS41-SG,404.901,7.4,-500,10,2.7,,
2026-08-02T12:45:37.999Z,X1413545,7867,45.73266,8.66468,30119.0,6.2,15.5,276.3,-43.3,0.8,-1.0,RS41-SG,404.901,7.7,-500,10,2.6,,
2026-08-02T12:45:41.999Z,X1413545,7871,45.73270,8.66390,30141.9,6.5,14.5,274.9,-43.3,0.8,-1.0,RS41-SG,404.901,7.4,-500,10,2.7,,
2026-08-02T12:45:42.999Z,X1413545,7872,45.73271,8.66372,30148.3,6.4,13.7,276.2,-43.3,0.8,-1.0,RS41-SG,404.901,7.4,-500,10,2.7,,
2026-08-02T12:45:43.999Z,X1413545,7873,45.73273,8.66355,30154.3,5.6,13.0,276.4,-43.4,0.8,-1.0,RS41-SG,404.901,7.5,-500,10,2.6,,
2026-08-02T12:45:45.999Z,X1413545,7875,45.73274,8.66323,30166.6,6.8,12.8,270.3,-43.3,0.9,-1.0,RS41-SG,404.901,7.5,-500,9,2.6,,
2026-08-02T12:47:28.999Z,X1413545,7978,45.73505,8.64440,30727.8,5.2,14.4,301.5,-41.3,0.7,-1.0,RS41-SG,404.901,6.4,-500,10,2.7,,
2026-08-02T12:47:39.999Z,X1413545,7989,45.73578,8.64215,30783.2,5.9,13.4,288.4,-41.1,0.7,-1.0,RS41-SG,404.901,7.3,-500,10,2.6,,
2026-08-02T12:47:40.999Z,X1413545,7990,45.73582,8.64199,30789.1,5.8,14.0,290.0,-41.1,0.8,-1.0,RS41-SG,404.901,7.3,-500,10,2.6,,
2026-08-02T12:52:05.999Z,X1413545,8255,45.74298,8.60378,32222.4,6.0,12.6,274.1,-34.8,0.6,-1.0,RS41-SG,404.901,7.1,-500,10,2.6,,
2026-08-02T12:52:08.999Z,X1413545,8258,45.74298,8.60333,32238.8,5.4,11.3,264.1,-34.8,0.6,-1.0,RS41-SG,404.901,6.7,-500,9,2.7,,
2026-08-02T12:52:10.999Z,X1413545,8260,45.74295,8.60304,32250.7,6.3,11.5,257.0,-34.8,0.6,-1.0,RS41-SG,404.901,7.1,-500,10,2.6,,
2026-08-02T12:52:14.999Z,X1413545,8264,45.74280,8.60254,32273.7,5.9,9.1,236.2,-34.8,0.6,-1.0,RS41-SG,404.901,6.9,-500,10,2.6,,
2026-08-02T12:52:15.999Z,X1413545,8265,45.74276,8.60245,32279.8,6.2,7.8,231.5,-34.9,0.6,-1.0,RS41-SG,404.901,7.4,-500,10,2.6,,
2026-08-02T12:52:17.999Z,X1413545,8267,45.74269,8.60231,32291.9,5.9,6.4,244.5,-34.9,0.6,-1.0,RS41-SG,404.901,7.4,-500,10,2.7,,
2026-08-02T12:52:19.999Z,X1413545,8269,45.74267,8.60211,32303.8,6.0,9.6,270.5,-34.8,0.6,-1.0,RS41-SG,404.901,7.2,-500,10,2.6,,
2026-08-02T12:52:20.999Z,X1413545,8270,45.74267,8.60198,32309.6,5.6,12.2,273.6,-34.8,0.6,-1.0,RS41-SG,404.901,7.2,-500,10,2.7,,
2026-08-02T12:52:24.999Z,X1413545,8274,45.74265,8.60127,32332.4,6.9,12.3,254.2,-34.8,0.6,-1.0,RS41-SG,404.901,7.2,-500,10,2.7,,
2026-08-02T12:52:27.999Z,X1413545,8277,45.74250,8.60096,32348.3,4.1,8.7,216.1,-34.9,0.6,-1.0,RS41-SG,404.901,7.0,-500,10,2.6,,
2026-08-02T12:52:28.999Z,X1413545,8278,45.74244,8.60090,32352.9,4.9,8.3,212.1,-34.8,0.6,-1.0,RS41-SG,404.901,7.3,-500,10,2.7,,
2026-08-02T12:52:29.999Z,X1413545,8279,45.74238,8.60084,32358.4,6.1,8.0,219.5,-34.8,0.6,-1.0,RS41-SG,404.901,7.9,-500,10,2.7,,
2026-08-02T12:52:30.999Z,X1413545,8280,45.74233,8.60076,32365.0,7.0,8.4,236.9,-34.8,0.6,-1.0,RS41-SG,404.901,8.1,-500,10,2.6,,
2026-08-02T12:52:31.999Z,X1413545,8281,45.74230,8.60065,32371.9,6.7,9.7,254.4,-34.9,0.6,-1.0,RS41-SG,404.901,8.1,-500,10,2.6,,
2026-08-02T12:52:32.999Z,X1413545,8282,45.74228,8.60052,32377.6,4.7,11.3,266.0,-34.9,0.6,-1.0,RS41-SG,404.901,7.4,-500,10,2.6,,
2026-08-02T12:52:38.999Z,X1413545,8288,45.74239,8.59966,32409.5,4.9,8.5,275.3,-34.7,0.6,-1.0,RS41-SG,404.901,7.0,-500,10,2.6,,
2026-08-02T12:52:39.999Z,X1413545,8289,45.74239,8.59955,32414.6,5.2,8.2,265.3,-34.6,0.6,-1.0,RS41-SG,404.901,7.0,-500,10,2.7,,
2026-08-02T12:52:40.999Z,X1413545,8290,45.74238,8.59944,32420.2,6.0,9.1,256.2,-34.7,0.6,-1.0,RS41-SG,404.901,7.3,-500,10,2.7,,
2026-08-02T12:52:41.999Z,X1413545,8291,45.74236,8.59932,32426.4,6.3,10.6,252.6,-34.7,0.6,-1.0,RS41-SG,404.901,7.3,-500,10,2.7,,
2026-08-02T12:52:42.999Z,X1413545,8292,45.74233,8.59918,32432.1,5.2,11.7,252.4,-34.7,0.6,-1.0,RS41-SG,404.901,7.4,-500,10,2.6,,
2026-08-02T12:52:43.999Z,X1413545,8293,45.74230,8.59904,32437.2,4.9,12.5,253.7,-34.7,0.6,-1.0,RS41-SG,404.901,7.4,-500,10,2.6,,
2026-08-02T12:52:44.999Z,X1413545,8294,45.74227,8.59888,32442.5,5.5,12.3,256.0,-34.8,0.6,-1.0,RS41-SG,404.901,7.4,-500,10,2.6,,
2026-08-02T12:52:46.999Z,X1413545,8296,45.74223,8.59860,32454.6,6.5,10.2,262.3,-34.7,0.6,-1.0,RS41-SG,404.901,6.8,-500,10,2.7,,
2026-08-02T12:52:49.999Z,X1413545,8299,45.74223,8.59823,32471.8,5.6,10.0,281.0,-34.5,0.6,-1.0,RS41-SG,404.901,8.1,-500,10,2.6,,
2026-08-02T12:52:50.999Z,X1413545,8300,45.74225,8.59810,32477.7,6.2,11.3,283.3,-34.5,0.6,-1.0,RS41-SG,404.901,8.1,-500,10,2.6,,
2026-08-02T12:52:51.999Z,X1413545,8301,45.74228,8.59795,32483.9,6.1,12.7,282.3,-34.5,0.6,-1.0,RS41-SG,404.901,7.8,-500,10,2.7,,
2026-08-02T12:52:55.999Z,X1413545,8305,45.74231,8.59729,32507.4,6.5,11.5,260.2,-34.4,0.6,-1.0,RS41-SG,404.901,7.5,-500,10,2.6,,
2026-08-02T12:52:58.999Z,X1413545,8308,45.74221,8.59693,32523.7,5.9,9.6,240.8,-34.5,0.6,-1.0,RS41-SG,404.901,6.5,-500,10,2.7,,
2026-08-02T12:53:01.999Z,X1413545,8311,45.74212,8.59655,32543.0,5.3,11.7,261.7,-34.5,0.6,-1.0,RS41-SG,404.901,6.8,-500,10,2.6,,
2026-08-02T12:53:02.999Z,X1413545,8312,45.74211,8.59640,32548.1,5.0,12.5,270.0,-34.4,0.6,-1.0,RS41-SG,404.901,7.3,-500,10,2.6,,
2026-08-02T12:53:03.999Z,X1413545,8313,45.74212,8.59624,32553.4,5.5,12.9,278.1,-34.4,0.6,-1.0,RS41-SG,404.901,7.3,-500,10,2.7,,
2026-08-02T12:53:04.999Z,X1413545,8314,45.74214,8.59608,32559.2,6.0,12.9,284.8,-34.3,0.6,-1.0,RS41-SG,404.901,7.4,-500,10,2.7,,
2026-08-02T12:53:05.999Z,X1413545,8315,45.74218,8.59592,32564.9,5.5,12.7,289.8,-34.3,0.6,-1.0,RS41-SG,404.901,7.9,-500,10,2.7,,
2026-08-02T12:53:06.999Z,X1413545,8316,45.74222,8.59577,32570.5,5.5,12.7,292.0,-34.3,0.6,-1.0,RS41-SG,404.901,7.9,-500,10,2.6,,
2026-08-02T12:53:07.999Z,X1413545,8317,45.74226,8.59561,32576.3,6.0,13.0,290.7,-34.3,0.6,-1.0,RS41-SG,404.901,7.8,-500,10,2.6,,
2026-08-02T12:53:08.999Z,X1413545,8318,45.74230,8.59545,32582.6,6.6,13.5,285.7,-34.3,0.6,-1.0,RS41-SG,404.901,7.8,-500,10,2.6,,
2026-08-02T12:53:09.999Z,X1413545,8319,45.74232,8.59528,32589.1,6.3,13.9,280.0,-34.3,0.6,-1.0,RS41-SG,404.901,7.7,-500,9,2.7,,
2026-08-02T12:53:16.999Z,X1413545,8326,45.74226,8.59424,32628.4,5.8,9.2,260.3,-34.5,0.6,-1.0,RS41-SG,404.901,6.7,-500,10,2.7,,
2026-08-02T12:53:17.999Z,X1413545,8327,45.74225,8.59412,32634.4,6.3,10.5,266.5,-34.6,0.6,-1.0,RS41-SG,404.901,7.6,-500,10,2.7,,
2026-08-02T12:53:18.999Z,X1413545,8328,45.74225,8.59397,32640.7,6.4,12.6,272.1,-34.6,0.6,-1.0,RS41-SG,404.901,7.6,-500,10,2.6,,
2026-08-02T12:53:19.999Z,X1413545,8329,45.74226,8.59379,32647.1,6.3,15.2,276.5,-34.6,0.6,-1.0,RS41-SG,404.901,7.3,-500,10,2.6,,
2026-08-02T12:53:20.999Z,X1413545,8330,45.74228,8.59359,32653.0,5.4,17.5,280.1,-34.6,0.6,-1.0,RS41-SG,404.901,7.4,-500,10,2.6,,
2026-08-02T12:53:23.999Z,X1413545,8333,45.74242,8.59290,32669.1,6.4,18.0,290.3,-34.7,0.6,-1.0,RS41-SG,404.901,7.4,-500,10,2.7,,
2026-08-02T12:53:24.999Z,X1413545,8334,45.74247,8.59270,32675.7,6.7,15.6,293.6,-34.8,0.6,-1.0,RS41-SG,404.901,7.4,-500,10,2.6,,
2026-08-02T12:53:26.999Z,X1413545,8336,45.74257,8.59239,32687.6,4.9,11.0,295.5,-34.8,0.6,-1.0,RS41-SG,404.901,7.7,-500,10,2.6,,
2026-08-02T12:53:27.999Z,X1413545,8337,45.74261,8.59227,32692.5,5.0,9.7,291.4,-34.6,0.6,-1.0,RS41-SG,404.901,7.7,-500,10,2.7,,
2026-08-02T12:53:28.999Z,X1413545,8338,45.74263,8.59215,32698.1,6.0,9.8,282.4,-34.6,0.6,-1.0,RS41-SG,404.901,8.1,-500,10,2.7,,
2026-08-02T12:53:29.999Z,X1413545,8339,45.74265,8.59202,32704.6,7.1,11.6,274.5,-34.6,0.6,-1.0,RS41-SG,404.901,8.1,-500,10,2.7,,
2026-08-02T12:53:30.999Z,X1413545,8340,45.74265,8.59185,32711.4,6.5,14.0,271.0,-34.7,0.6,-1.0,RS41-SG,404.901,7.9,-500,10,2.6,,
2026-08-02T12:53:31.999Z,X1413545,8341,45.74265,8.59166,32717.0,4.7,16.2,270.8,-34.8,0.6,-1.0,RS41-SG,404.901,7.4,-500,10,2.6,,
2026-08-02T12:53:33.999Z,X1413545,8343,45.74267,8.59120,32726.6,5.5,18.9,275.4,-34.8,0.6,-1.0,RS41-SG,404.901,7.2,-500,10,2.7,,
2026-08-02T12:53:34.999Z,X1413545,8344,45.74269,8.59097,32732.7,6.6,18.5,279.7,-34.8,0.6,-1.0,RS41-SG,404.901,7.6,-500,10,2.7,,
2026-08-02T12:53:35.999Z,X1413545,8345,45.74273,8.59074,32739.5,6.9,17.3,285.1,-35.0,0.6,-1.0,RS41-SG,404.901,7.6,-500,10,2.7,,
2026-08-02T12:53:36.999Z,X1413545,8346,45.74277,8.59054,32745.8,5.7,16.3,290.0,-35.0,0.6,-1.0,RS41-SG,404.901,7.3,-500,10,2.6,,
2026-08-02T12:53:37.999Z,X1413545,8347,45.74282,8.59035,32751.1,5.0,15.5,294.9,-35.0,0.6,-1.0,RS41-SG,404.901,7.4,-500,10,2.6,,
2026-08-02T12:53:38.999Z,X1413545,8348,45.74289,8.59018,32756.3,5.2,15.0,297.6,-34.9,0.6,-1.0,RS41-SG,404.901,7.7,-500,10,2.6,,
2026-08-02T12:53:39.999Z,X1413545,8349,45.74295,8.59000,32761.9,5.9,15.1,298.1,-34.9,0.6,-1.0,RS41-SG,404.901,7.9,-500,10,2.7,,
2026-08-02T12:53:40.999Z,X1413545,8350,45.74301,8.58983,32768.0,6.3,15.5,296.3,-34.9,0.6,-1.0,RS41-SG,404.901,8.4,-500,10,2.7,,
2026-08-02T12:53:41.999Z,X1413545,8351,45.74307,8.58965,32774.0,5.8,16.1,293.8,-35.0,0.6,-1.0,RS41-SG,404.901,8.4,-500,10,2.7,,
2026-08-02T12:53:44.999Z,X1413545,8354,45.74322,8.58907,32790.0,5.8,15.2,287.6,-35.0,0.6,-1.0,RS41-SG,404.901,7.2,-500,10,2.6,,
2026-08-02T12:53:45.999Z,X1413545,8355,45.74326,8.58889,32796.2,6.4,13.8,286.0,-35.0,0.6,-1.0,RS41-SG,404.901,8.4,-500,10,2.7,,
2026-08-02T12:53:46.999Z,X1413545,8356,45.74329,8.58873,32802.3,5.9,12.6,284.4,-35.1,0.6,-1.0,RS41-SG,404.901,8.4,-500,10,2.7,,
2026-08-02T12:53:47.999Z,X1413545,8357,45.74332,8.58858,32808.0,5.5,12.1,282.9,-35.1,0.6,-1.0,RS41-SG,404.901,7.8,-500,10,2.7,,
2026-08-02T12:53:48.999Z,X1413545,8358,45.74334,8.58842,32813.8,6.0,12.4,281.5,-35.0,0.6,-1.0,RS41-SG,404.901,7.9,-500,10,2.6,,
2026-08-02T12:53:49.999Z,X1413545,8359,45.74336,8.58826,32820.2,6.6,13.4,281.0,-35.0,0.6,-1.0,RS41-SG,404.901,8.2,-500,10,2.6,,
2026-08-02T12:53:50.999Z,X1413545,8360,45.74339,8.58809,32826.4,5.9,14.7,280.7,-35.0,0.6,-1.0,RS41-SG,404.901,8.2,-500,10,2.6,,
2026-08-02T12:53:51.999Z,X1413545,8361,45.74341,8.58790,32831.9,5.0,15.6,281.6,-35.1,0.6,-1.0,RS41-SG,404.901,7.7,-500,10,2.7,,
2026-08-02T12:53:53.999Z,X1413545,8363,45.74348,8.58750,32842.9,6.1,15.3,284.7,-34.9,0.6,-1.0,RS41-SG,404.901,6.8,-500,10,2.7,,
2026-08-02T12:53:54.999Z,X1413545,8364,45.74351,8.58733,32849.2,6.5,13.9,286.9,-34.9,0.6,-1.0,RS41-SG,404.901,7.9,-500,10,2.6,,
2026-08-02T12:53:55.999Z,X1413545,8365,45.74355,8.58717,32855.4,5.7,12.4,288.6,-34.9,0.6,-1.0,RS41-SG,404.901,7.9,-500,10,2.6,,
2026-08-02T12:53:56.999Z,X1413545,8366,45.74358,8.58702,32860.7,5.0,11.3,289.0,-34.9,0.6,-1.0,RS41-SG,404.901,7.1,-500,10,2.6,,
2026-08-02T12:53:58.999Z,X1413545,8368,45.74364,8.58676,32871.8,6.0,10.9,284.6,-34.8,0.6,-1.0,RS41-SG,404.901,7.2,-500,10,2.7,,
2026-08-02T12:53:59.999Z,X1413545,8369,45.74366,8.58662,32877.9,6.2,11.7,280.9,-34.8,0.6,-1.0,RS41-SG,404.901,7.9,-500,10,2.7,,
2026-08-02T12:54:00.999Z,X1413545,8370,45.74368,8.58646,32883.8,5.5,12.5,277.8,-34.9,0.6,-1.0,RS41-SG,404.901,7.9,-500,10,2.6,,
2026-08-02T12:54:02.999Z,X1413545,8372,45.74370,8.58614,32894.1,5.3,12.9,273.2,-34.8,0.6,-1.0,RS41-SG,404.901,6.8,-500,10,2.6,,
2026-08-02T12:54:03.999Z,X1413545,8373,45.74370,8.58598,32899.5,5.6,12.0,271.7,-34.8,0.6,-1.0,RS41-SG,404.901,7.1,-500,10,2.7,,
2026-08-02T12:54:04.999Z,X1413545,8374,45.74371,8.58583,32905.3,5.9,10.6,271.5,-34.8,0.6,-1.0,RS41-SG,404.901,7.3,-500,10,2.7,,
2026-08-02T12:54:05.999Z,X1413545,8375,45.74371,8.58571,32911.3,6.1,9.2,273.2,-34.9,0.6,-1.0,RS41-SG,404.901,7.3,-500,10,2.7,,
2026-08-02T12:54:06.999Z,X1413545,8376,45.74372,8.58559,32917.4,6.0,8.5,278.9,-34.9,0.6,-1.0,RS41-SG,404.901,6.9,-500,10,2.6,,
2026-08-02T12:54:07.999Z,X1413545,8377,45.74374,8.58549,32923.1,5.5,8.6,287.8,-34.8,0.6,-1.0,RS41-SG,404.901,7.3,-500,10,2.6,,
2026-08-02T12:54:08.999Z,X1413545,8378,45.74377,8.58538,32928.7,5.4,9.7,295.8,-34.8,0.6,-1.0,RS41-SG,404.901,7.3,-500,10,2.6,,
2026-08-02T12:54:09.999Z,X1413545,8379,45.74381,8.58526,32934.0,5.3,11.6,299.7,-34.8,0.6,-1.0,RS41-SG,404.901,8.2,-500,10,2.7,,
2026-08-02T12:54:10.999Z,X1413545,8380,45.74387,8.58512,32939.4,5.6,13.7,299.9,-34.8,0.6,-1.0,RS41-SG,404.901,8.2,-500,10,2.7,,
2026-08-02T12:54:14.999Z,X1413545,8384,45.74407,8.58438,32963.1,5.9,15.1,277.9,-34.6,0.6,-1.0,RS41-SG,404.901,7.6,-500,10,2.6,,
2026-08-02T12:54:19.999Z,X1413545,8389,45.74395,8.58378,32988.1,5.7,4.8,233.3,-34.4,0.6,-1.0,RS41-SG,404.901,7.5,-500,10,2.6,,
2026-08-02T12:54:20.999Z,X1413545,8390,45.74393,8.58374,32994.1,6.2,3.8,271.3,-34.4,0.6,-1.0,RS41-SG,404.901,7.5,-500,10,2.6,,
2026-08-02T12:54:21.999Z,X1413545,8391,45.74395,8.58368,33000.1,5.7,6.2,301.9,-34.5,0.6,-1.0,RS41-SG,404.901,7.6,-500,10,2.7,,
2026-08-02T12:54:22.999Z,X1413545,8392,45.74399,8.58360,33005.3,4.8,9.7,307.3,-34.6,0.6,-1.0,RS41-SG,404.901,7.8,-500,9,2.7,,
2026-08-02T12:54:23.999Z,X1413545,8393,45.74405,8.58348,33009.7,4.1,13.0,304.4,-34.6,0.6,-1.0,RS41-SG,404.901,8.0,-500,9,2.7,,
2026-08-02T12:54:24.999Z,X1413545,8394,45.74411,8.58332,33013.9,4.1,15.6,297.9,-34.5,0.6,-1.0,RS41-SG,404.901,8.0,-500,10,2.6,,
2026-08-02T12:54:38.999Z,X1413545,8408,45.74425,8.58161,33083.5,5.4,11.5,279.3,-34.5,0.6,-1.0,RS41-SG,404.901,6.6,-500,10,2.6,,
2026-08-02T12:54:40.999Z,X1413545,8410,45.74424,8.58131,33093.4,4.1,12.0,258.1,-34.4,0.6,-1.0,RS41-SG,404.901,7.1,-500,10,2.7,,
2026-08-02T12:54:42.999Z,X1413545,8412,45.74418,8.58103,33102.4,5.4,10.5,252.2,-34.4,0.6,-1.0,RS41-SG,404.901,7.1,-500,10,2.6,,
2026-08-02T12:54:43.999Z,X1413545,8413,45.74416,8.58091,33108.2,6.2,9.0,259.9,-34.5,0.6,-1.0,RS41-SG,404.901,7.5,-500,10,2.6,,
2026-08-02T12:54:44.999Z,X1413545,8414,45.74416,8.58080,33114.2,5.8,7.9,274.8,-34.6,0.6,-1.0,RS41-SG,404.901,7.5,-500,10,2.6,,
2026-08-02T12:54:45.999Z,X1413545,8415,45.74417,8.58070,33119.2,4.3,7.5,290.4,-34.5,0.6,-1.0,RS41-SG,404.901,7.2,-500,10,2.7,,
2026-08-02T12:54:46.999Z,X1413545,8416,45.74420,8.58062,33123.3,3.9,7.3,303.1,-34.4,0.6,-1.0,RS41-SG,404.901,7.2,-500,10,2.7,,
2026-08-02T12:54:47.999Z,X1413545,8417,45.74424,8.58055,33127.5,4.6,7.1,311.1,-34.3,0.6,-1.0,RS41-SG,404.901,7.6,-500,10,2.7,,
2026-08-02T12:54:48.999Z,X1413545,8418,45.74428,8.58048,33132.7,5.7,6.4,309.3,-34.3,0.6,-1.0,RS41-SG,404.901,7.7,-500,10,2.6,,
2026-08-02T12:54:49.999Z,X1413545,8419,45.74431,8.58042,33138.6,6.1,5.9,298.5,-34.2,0.6,-1.0,RS41-SG,404.901,7.7,-500,10,2.6,,
2026-08-02T12:54:50.999Z,X1413545,8420,45.74433,8.58034,33144.3,5.1,6.2,283.3,-34.2,0.6,-1.0,RS41-SG,404.901,7.7,-500,10,2.6,,
2026-08-02T12:54:51.999Z,X1413545,8421,45.74434,8.58026,33149.1,4.6,7.5,271.5,-34.2,0.6,-1.0,RS41-SG,404.901,8.4,-500,10,2.7,,
2026-08-02T12:54:52.999Z,X1413545,8422,45.74434,8.58015,33153.9,4.8,9.4,266.9,-34.2,0.6,-1.0,RS41-SG,404.901,8.4,-500,10,2.7,,
2026-08-02T12:54:53.999Z,X1413545,8423,45.74433,8.58002,33158.9,5.2,11.4,267.1,-34.2,0.6,-1.0,RS41-SG,404.901,8.3,-500,10,2.7,,
2026-08-02T12:54:54.999Z,X1413545,8424,45.74433,8.57986,33164.1,5.2,12.9,269.3,-34.2,0.6,-1.0,RS41-SG,404.901,8.4,-500,10,2.6,,
2026-08-02T12:54:55.999Z,X1413545,8425,45.74433,8.57969,33169.1,4.9,13.6,271.1,-34.2,0.6,-1.0,RS41-SG,404.901,8.4,-500,10,2.6,,
2026-08-02T12:54:56.999Z,X1413545,8426,45.74433,8.57952,33174.0,4.8,13.6,271.5,-34.2,0.6,-1.0,RS41-SG,404.901,8.3,-500,10,2.6,,
2026-08-02T12:54:57.999Z,X1413545,8427,45.74433,8.57935,33178.9,4.9,12.6,270.7,-34.1,0.6,-1.0,RS41-SG,404.901,7.5,-500,10,2.7,,
2026-08-02T12:54:58.999Z,X1413545,8428,45.74433,8.57920,33184.0,5.1,10.8,268.2,-34.0,0.5,-1.0,RS41-SG,404.901,7.3,-500,10,2.7,,
2026-08-02T12:54:59.999Z,X1413545,8429,45.74433,8.57908,33189.0,5.1,8.7,264.9,-34.0,0.5,-1.0,RS41-SG,404.901,6.8,-500,10,2.7,,
2026-08-02T12:55:00.999Z,X1413545,8430,45.74432,8.57898,33193.9,4.7,6.6,260.2,-34.0,0.6,-1.0,RS41-SG,404.901,6.7,-500,10,2.6,,
2026-08-02T12:55:01.999Z,X1413545,8431,45.74431,8.57891,33198.6,4.5,4.6,257.2,-33.9,0.5,-1.0,RS41-SG,404.901,7.2,-500,10,2.6,,
2026-08-02T12:55:02.999Z,X1413545,8432,45.74430,8.57886,33203.3,4.8,3.3,265.9,-33.8,0.5,-1.0,RS41-SG,404.901,9.0,-500,10,2.6,,
2026-08-02T12:55:03.999Z,X1413545,8433,45.74431,8.57882,33208.3,5.3,3.5,292.0,-33.9,0.6,-1.0,RS41-SG,404.901,9.0,-500,10,2.7,,
2026-08-02T12:55:04.999Z,X1413545,8434,45.74433,8.57877,33213.8,5.6,5.6,305.0,-34.0,0.6,-1.0,RS41-SG,404.901,8.7,-500,10,2.7,,
2026-08-02T12:55:05.999Z,X1413545,8435,45.74437,8.57869,33219.3,5.6,8.7,304.5,-34.0,0.5,-1.0,RS41-SG,404.901,8.2,-500,10,2.7,,
2026-08-02T12:55:06.999Z,X1413545,8436,45.74441,8.57858,33224.6,4.8,12.0,299.6,-33.9,0.6,-1.0,RS41-SG,404.901,8.2,-500,10,2.6,,
2026-08-02T12:55:07.999Z,X1413545,8437,45.74447,8.57842,33229.1,4.2,15.1,293.0,-33.8,0.5,-1.0,RS41-SG,404.901,7.7,-500,10,2.6,,
2026-08-02T12:55:08.999Z,X1413545,8438,45.74451,8.57823,33233.3,4.1,17.3,285.7,-33.8,0.5,-1.0,RS41-SG,404.901,7.7,-500,10,2.6,,
2026-08-02T12:55:09.999Z,X1413545,8439,45.74455,8.57800,33237.7,4.6,18.5,277.5,-33.8,0.5,-1.0,RS41-SG,404.901,7.4,-500,10,2.7,,
2026-08-02T12:55:10.999Z,X1413545,8440,45.74456,8.57777,33242.7,5.3,18.2,269.0,-33.9,0.6,-1.0,RS41-SG,404.901,7.4,-500,10,2.7,,
2026-08-02T12:55:11.999Z,X1413545,8441,45.74454,8.57755,33248.0,5.4,16.5,260.3,-33.8,0.5,-1.0,RS41-SG,404.901,7.7,-500,10,2.7,,
2026-08-02T12:55:12.999Z,X1413545,8442,45.74451,8.57736,33253.4,5.2,13.6,251.6,-33.8,0.5,-1.0,RS41-SG,404.901,7.7,-500,10,2.6,,
2026-08-02T12:55:13.999Z,X1413545,8443,45.74447,8.57722,33258.3,4.6,10.1,244.2,-33.9,0.5,-1.0,RS41-SG,404.901,7.2,-500,10,2.6,,
2026-08-02T12:55:16.999Z,X1413545,8446,45.74443,8.57703,33271.0,4.6,3.8,308.4,-33.9,0.5,-1.0,RS41-SG,404.901,6.6,-500,9,2.7,,
2026-08-02T12:55:17.999Z,X1413545,8447,45.74446,8.57698,33276.0,5.5,6.9,318.4,-33.8,0.5,-1.0,RS41-SG,404.901,7.9,-500,9,2.7,,
2026-08-02T12:55:27.999Z,X1413545,8457,45.74491,8.57555,33089.5,-48.7,12.0,252.9,-33.9,0.5,-1.0,RS41-SG,404.901,6.9,-500,10,2.6,,
2026-08-02T12:55:28.999Z,X1413545,8458,45.74484,8.57541,33045.2,-40.1,15.7,220.4,-34.0,0.5,-1.0,RS41-SG,404.901,8.3,-500,10,2.7,,
2026-08-02T12:55:29.999Z,X1413545,8459,45.74472,8.57528,33006.9,-36.8,17.6,213.0,-34.2,0.5,-1.0,RS41-SG,404.901,8.3,-500,10,2.7,,
2026-08-02T12:55:32.999Z,X1413545,8462,45.74444,8.57493,32905.9,-31.1,10.1,242.3,-34.4,0.5,-1.0,RS41-SG,404.901,7.5,-500,10,2.7,,
2026-08-02T12:55:33.999Z,X1413545,8463,45.74442,8.57481,32875.8,-29.4,10.0,280.1,-34.6,0.5,-1.0,RS41-SG,404.901,7.6,-500,10,2.7,,
2026-08-02T12:55:34.999Z,X1413545,8464,45.74445,8.57468,32844.9,-32.7,11.2,294.4,-34.7,0.5,-1.0,RS41-SG,404.901,8.0,-500,10,2.6,,
2026-08-02T12:55:35.999Z,X1413545,8465,45.74451,8.57455,32812.8,-31.8,13.9,305.0,-34.7,0.5,-1.0,RS41-SG,404.901,8.2,-500,10,2.6,,
2026-08-02T12:55:36.999Z,X1413545,8466,45.74459,8.57440,32781.3,-31.4,15.6,308.2,-34.8,0.6,-1.0,RS41-SG,404.901,8.2,-500,10,2.7,,
2026-08-02T12:55:37.999Z,X1413545,8467,45.74468,8.57423,32751.0,-29.6,16.6,307.0,-34.9,0.6,-1.0,RS41-SG,404.901,8.2,-500,10,2.7,,
2026-08-02T12:55:38.999Z,X1413545,8468,45.74476,8.57406,32722.0,-28.8,16.4,301.8,-34.9,0.6,-1.0,RS41-SG,404.901,8.4,-500,10,2.6,,
2026-08-02T12:55:39.999Z,X1413545,8469,45.74483,8.57388,32691.6,-32.1,16.3,297.6,-34.9,0.6,-1.0,RS41-SG,404.901,8.4,-500,10,2.6,,
2026-08-02T12:55:40.999Z,X1413545,8470,45.74489,8.57369,32657.9,-35.8,15.7,292.5,-34.7,0.6,-1.0,RS41-SG,404.901,8.1,-500,10,2.7,,
2026-08-02T12:55:41.999Z,X1413545,8471,45.74494,8.57350,32623.1,-33.7,15.3,282.6,-34.7,0.6,-1.0,RS41-SG,404.901,8.6,-500,10,2.7,,
2026-08-02T12:55:42.999Z,X1413545,8472,45.74495,8.57331,32589.5,-33.8,15.0,270.7,-34.6,0.6,-1.0,RS41-SG,404.901,8.6,-500,10,2.7,,
2026-08-02T12:55:43.999Z,X1413545,8473,45.74495,8.57312,32553.6,-38.2,14.9,268.7,-34.5,0.5,-1.0,RS41-SG,404.901,8.0,-500,10,2.6,,
2026-08-02T12:55:44.999Z,X1413545,8474,45.74495,8.57293,32515.1,-39.3,14.5,265.8,-34.4,0.5,-1.0,RS41-SG,404.901,7.8,-500,10,2.6,,
2026-08-02T12:55:45.999Z,X1413545,8475,45.74493,8.57275,32475.9,-39.7,14.4,263.0,-34.4,0.6,-1.0,RS41-SG,404.901,7.8,-500,10,2.6,,
2026-08-02T12:55:46.999Z,X1413545,8476,45.74492,8.57257,32436.0,-40.3,13.7,264.3,-34.5,0.5,-1.0,RS41-SG,404.901,7.6,-500,10,2.7,,
2026-08-02T12:55:47.999Z,X1413545,8477,45.74491,8.57240,32394.8,-42.2,12.6,264.3,-34.6,0.6,-1.0,RS41-SG,404.901,7.3,-500,10,2.7,,
2026-08-02T12:55:48.999Z,X1413545,8478,45.74490,8.57225,32354.7,-38.3,11.3,266.9,-34.8,0.5,-1.0,RS41-SG,404.901,7.5,-500,10,2.7,,
2026-08-02T12:55:49.999Z,X1413545,8479,45.74490,8.57211,32315.3,-40.6,10.8,269.5,-34.9,0.5,-1.0,RS41-SG,404.901,8.3,-500,10,2.6,,
2026-08-02T12:55:50.999Z,X1413545,8480,45.74489,8.57197,32276.7,-37.2,10.5,265.9,-34.9,0.5,-1.0,RS41-SG,404.901,8.5,-500,10,2.6,,
2026-08-02T12:55:51.999Z,X1413545,8481,45.74489,8.57184,32239.5,-37.7,10.8,268.0,-35.0,0.6,-1.0,RS41-SG,404.901,8.5,-500,10,2.6,,
2026-08-02T12:55:52.999Z,X1413545,8482,45.74488,8.57170,32201.3,-39.4,10.8,265.7,-35.0,0.5,-1.0,RS41-SG,404.901,8.5,-500,10,2.7,,
2026-08-02T12:55:53.999Z,X1413545,8483,45.74488,8.57156,32162.9,-37.8,10.5,265.8,-35.0,0.6,-1.0,RS41-SG,404.901,8.5,-500,10,2.7,,
2026-08-02T12:55:54.999Z,X1413545,8484,45.74487,8.57143,32125.4,-37.3,10.9,261.4,-35.0,0.6,-1.0,RS41-SG,404.901,8.5,-500,10,2.7,,
2026-08-02T12:55:55.999Z,X1413545,8485,45.74485,8.57129,32087.9,-38.7,11.2,260.6,-34.9,0.5,-1.0,RS41-SG,404.901,8.1,-500,10,2.6,,
2026-08-02T12:55:56.999Z,X1413545,8486,45.74484,8.57114,32050.7,-36.4,12.3,262.6,-34.9,0.6,-1.0,RS41-SG,404.901,8.1,-500,9,2.6,,
2026-08-02T12:55:57.999Z,X1413545,8487,45.74483,8.57098,32014.5,-36.7,13.2,267.2,-34.9,0.6,-1.0,RS41-SG,404.901,7.9,-500,9,2.6,,
2026-08-02T12:55:58.999Z,X1413545,8488,45.74482,8.57081,31977.9,-37.3,12.9,271.8,-35.0,0.6,-1.0,RS41-SG,404.901,7.5,-500,8,2.7,,
2026-08-02T12:55:59.999Z,X1413545,8489,45.74483,8.57064,31941.3,-36.6,12.8,272.5,-35.1,0.6,-1.0,RS41-SG,404.901,7.9,-500,10,2.7,,
2026-08-02T12:56:00.999Z,X1413545,8490,45.74484,8.57048,31904.1,-38.1,13.1,274.8,-35.2,0.6,-1.0,RS41-SG,404.901,7.9,-500,10,2.7,,
2026-08-02T12:56:01.999Z,X1413545,8491,45.74485,8.57030,31867.0,-36.4,14.2,275.1,-35.2,0.6,-1.0,RS41-SG,404.901,7.6,-500,10,2.6,,
2026-08-02T12:56:02.999Z,X1413545,8492,45.74486,8.57013,31830.3,-37.7,13.2,278.7,-35.3,0.6,-1.0,RS41-SG,404.901,7.7,-500,8,2.6,,
2026-08-02T12:56:03.999Z,X1413545,8493,45.74488,8.56996,31793.8,-36.2,13.1,276.5,-35.4,0.6,-1.0,RS41-SG,404.901,7.7,-500,9,2.6,,
2026-08-02T12:56:04.999Z,X1413545,8494,45.74489,8.56980,31758.9,-34.0,12.4,274.1,-35.6,0.6,-1.0,RS41-SG,404.901,7.4,-500,8,2.7,,
2026-08-02T12:56:05.999Z,X1413545,8495,45.74489,8.56964,31724.8,-35.3,11.9,272.7,-35.8,0.6,-1.0,RS41-SG,404.901,7.2,-500,9,2.7,,
2026-08-02T12:56:06.999Z,X1413545,8496,45.74489,8.56950,31690.2,-34.2,10.5,271.4,-36.0,0.6,-1.0,RS41-SG,404.901,7.0,-500,7,2.7,,
2026-08-02T12:56:07.999Z,X1413545,8497,45.74490,8.56937,31656.2,-34.0,9.9,270.8,-36.2,0.6,-1.0,RS41-SG,404.901,7.2,-500,8,2.6,,
2026-08-02T12:56:08.999Z,X1413545,8498,45.74489,8.56924,31622.7,-33.5,9.8,267.6,-36.5,0.6,-1.0,RS41-SG,404.901,7.3,-500,10,2.6,,
2026-08-02T12:56:11.999Z,X1413545,8501,45.74489,8.56888,31521.0,-33.7,9.2,269.9,-37.1,0.7,-1.0,RS41,404.901,7.9,-500,9,2.7,,
2026-08-02T12:56:12.999Z,X1413545,8502,45.74489,8.56876,31487.2,-34.2,8.6,273.9,-37.3,0.7,-1.0,RS41,404.901,7.9,-500,8,2.7,,
2026-08-02T12:56:13.999Z,X1413545,8503,45.74490,8.56865,31453.9,-32.8,8.9,275.4,-37.4,0.6,-1.0,RS41,404.901,7.4,-500,8,2.6,,
2026-08-02T12:56:14.999Z,X1413545,8504,45.74491,8.56853,31420.8,-34.0,9.3,276.4,-37.6,0.7,-1.0,RS41,404.901,7.4,-500,9,2.6,,
2026-08-02T12:56:15.999Z,X1413545,8505,45.74492,8.56841,31387.4,-33.3,9.6,279.4,-37.8,0.7,-1.0,RS41,404.901,7.6,-500,10,2.6,,
2026-08-02T12:56:16.999Z,X1413545,8506,45.74494,8.56829,31354.0,-34.0,9.4,279.4,-38.0,0.7,-1.0,RS41,404.901,7.6,-500,9,2.7,,
2026-08-02T12:56:17.999Z,X1413545,8507,45.74495,8.56817,31318.1,-37.5,9.4,277.1,-38.2,0.7,-1.0,RS41,404.901,7.4,-500,7,2.7,,
2026-08-02T12:56:18.999Z,X1413545,8508,45.74496,8.56805,31280.6,-38.1,9.6,283.4,-38.5,0.7,-1.0,RS41,404.901,7.7,-500,9,2.7,,
2026-08-02T12:56:19.999Z,X1413545,8509,45.74498,8.56792,31243.1,-37.9,11.2,282.7,-38.8,0.7,-1.0,RS41,404.901,7.7,-500,8,2.6,,
2026-08-02T12:56:21.999Z,X1413545,8511,45.74503,8.56762,31169.9,-36.8,12.3,281.9,-39.2,0.8,-1.0,RS41,404.901,7.5,-500,9,2.7,,
2026-08-02T12:56:24.999Z,X1413545,8514,45.74510,8.56713,31059.4,-36.4,13.4,280.1,-39.5,0.8,-1.0,RS41,404.901,8.0,-500,8,2.6,,
2026-08-02T12:56:26.999Z,X1413545,8516,45.74514,8.56678,30986.2,-35.1,13.6,278.3,-39.9,0.8,-1.0,RS41,404.901,6.9,-500,8,2.7,,
2026-08-02T12:56:31.999Z,X1413545,8521,45.74525,8.56588,30820.1,-34.6,14.1,285.1,-41.1,0.8,-1.0,RS41,404.901,7.1,-500,7,2.6,,
2026-08-02T12:56:32.999Z,X1413545,8522,45.74528,8.56571,30785.6,-35.1,14.5,283.9,-41.3,0.8,-1.0,RS41,404.901,7.2,-500,9,2.6,,
2026-08-02T12:56:35.999Z,X1413545,8525,45.74541,8.56513,30681.2,-34.0,16.5,289.1,-41.7,0.8,-1.0,RS41,404.901,6.8,-500,8,2.7,,
2026-08-02T12:56:36.999Z,X1413545,8526,45.74546,8.56492,30647.4,-34.8,17.3,285.6,-41.7,0.8,-1.0,RS41,404.901,6.8,-500,7,2.6,,
2026-08-02T12:56:48.999Z,X1413545,8538,45.74548,8.56243,30281.6,-31.9,12.6,272.3,-43.5,0.9,-1.0,RS41,404.901,7.3,-500,8,2.6,,
2026-08-02T12:56:49.999Z,X1413545,8539,45.74549,8.56227,30249.5,-32.9,12.6,279.1,-43.5,0.9,-1.0,RS41,404.901,7.3,-500,10,2.6,,
2026-08-02T12:56:50.999Z,X1413545,8540,45.74552,8.56211,30216.6,-33.5,13.2,282.8,-43.6,0.9,-1.0,RS41,404.901,7.4,-500,9,2.6,,
2026-08-02T12:56:51.999Z,X1413545,8541,45.74554,8.56195,30183.1,-33.4,12.9,285.2,-43.7,0.9,-1.0,RS41,404.901,7.5,-500,8,2.7,,
2026-08-02T12:56:52.999Z,X1413545,8542,45.74557,8.56179,30149.3,-34.5,12.9,283.7,-43.8,0.9,-1.0,RS41,404.901,7.5,-500,9,2.7,,
2026-08-02T12:56:55.999Z,X1413545,8545,45.74564,8.56126,30053.0,-32.8,14.2,275.6,-44.6,1.0,-1.0,RS41,404.901,7.0,-500,10,2.6,,
2026-08-02T12:56:56.999Z,X1413545,8546,45.74565,8.56108,30019.4,-34.7,13.4,273.4,-44.8,1.0,-1.0,RS41,404.901,7.2,-500,8,2.6,,
2026-08-02T12:56:57.999Z,X1413545,8547,45.74566,8.56091,29984.4,-35.9,13.7,274.2,-44.9,1.0,-1.0,RS41,404.901,7.2,-500,10,2.7,,
2026-08-02T12:56:59.999Z,X1413545,8549,45.74567,8.56057,29913.6,-36.0,12.8,273.6,-45.1,1.0,-1.0,RS41,404.901,6.8,-500,9,2.7,,
2026-08-02T12:57:00.999Z,X1413545,8550,45.74568,8.56040,29878.2,-35.8,13.4,271.9,-45.1,0.9,-1.0,RS41,404.901,7.4,-500,8,2.6,,
2026-08-02T12:57:01.999Z,X1413545,8551,45.74568,8.56023,29843.2,-35.0,13.3,272.9,-45.1,1.0,-1.0,RS41,404.901,7.5,-500,10,2.6,,
2026-08-02T12:57:02.999Z,X1413545,8552,45.74569,8.56006,29810.7,-30.6,13.7,275.2,-45.1,1.0,-1.0,RS41-SG,404.901,7.5,-500,8,2.7,,
2026-08-02T12:57:03.999Z,X1413545,8553,45.74571,8.55988,29778.6,-32.2,14.1,281.3,-45.1,0.9,-1.0,RS41-SG,404.901,7.1,-500,9,2.7,,
2026-08-02T12:57:04.999Z,X1413545,8554,45.74573,8.55970,29747.1,-31.4,14.5,281.4,-45.2,0.9,-1.0,RS41-SG,404.901,7.7,-500,8,2.6,,
2026-08-02T12:57:06.999Z,X1413545,8556,45.74578,8.55931,29682.8,-32.8,15.7,277.9,-45.3,1.0,-1.0,RS41-SG,404.901,7.6,-500,10,2.7,,
2026-08-02T12:57:07.999Z,X1413545,8557,45.74580,8.55911,29650.4,-33.2,15.8,274.9,-45.4,0.9,-1.0,RS41-SG,404.901,7.6,-500,10,2.7,,
2026-08-02T12:57:08.999Z,X1413545,8558,45.74581,8.55891,29616.8,-34.7,14.9,272.8,-45.5,1.0,-1.0,RS41-SG,404.901,7.4,-500,9,2.6,,
2026-08-02T12:57:09.999Z,X1413545,8559,45.74581,8.55872,29583.8,-31.8,14.8,267.5,-45.6,1.0,-1.0,RS41-SG,404.901,7.6,-500,9,2.6,,
2026-08-02T12:57:10.999Z,X1413545,8560,45.74580,8.55853,29552.0,-32.9,14.5,266.5,-45.7,1.0,-1.0,RS41-SG,404.901,7.6,-500,8,2.7,,
2026-08-02T12:57:11.999Z,X1413545,8561,45.74579,8.55835,29519.7,-31.8,13.7,265.1,-45.7,1.0,-1.0,RS41-SG,404.901,8.0,-500,7,2.7,,
2026-08-02T12:57:12.999Z,X1413545,8562,45.74578,8.55817,29487.5,-33.4,13.9,262.6,-45.7,1.0,-1.0,RS41-SG,404.901,8.0,-500,8,2.7,,
2026-08-02T12:57:13.999Z,X1413545,8563,45.74576,8.55800,29455.8,-29.5,14.3,257.2,-45.7,1.0,-1.0,RS41-SG,404.901,8.1,-500,8,2.6,,
2026-08-02T12:57:14.999Z,X1413545,8564,45.74574,8.55782,29428.1,-27.2,13.0,265.3,-45.7,1.0,-1.0,RS41-SG,404.901,8.7,-500,9,2.6,,
2026-08-02T12:57:15.999Z,X1413545,8565,45.74573,8.55765,29400.3,-29.3,13.5,264.5,-45.6,0.9,-1.0,RS41-SG,404.901,8.7,-500,9,2.6,,
2026-08-02T12:57:16.999Z,X1413545,8566,45.74572,8.55749,29370.5,-30.5,12.9,265.0,-45.6,0.9,-1.0,RS41-SG,404.901,8.1,-500,10,2.7,,
2026-08-02T12:57:17.999Z,X1413545,8567,45.74571,8.55732,29340.8,-29.3,13.7,266.0,-45.5,0.9,-1.0,RS41-SG,404.901,8.4,-500,9,2.7,,
2026-08-02T12:57:18.999Z,X1413545,8568,45.74570,8.55714,29310.9,-30.3,13.4,265.6,-45.5,0.9,-1.0,RS41-SG,404.901,8.4,-500,10,2.7,08:28:32,
2026-08-02T12:57:19.999Z,X1413545,8569,45.74569,8.55697,29280.9,-30.3,14.2,265.1,-45.6,0.9,-1.0,RS41-SG,404.901,8.6,-500,9,2.6,08:28:32,
2026-08-02T12:57:20.999Z,X1413545,8570,45.74568,8.55679,29251.1,-29.6,14.1,262.1,-45.7,0.9,-1.0,RS41-SG,404.901,8.6,-500,10,2.6,08:28:32,
2026-08-02T12:57:21.999Z,X1413545,8571,45.74566,8.55661,29221.7,-30.0,14.2,258.4,-45.8,0.9,-1.0,RS41-SG,404.901,8.0,-500,9,2.6,08:28:32,
2026-08-02T12:57:22.999Z,X1413545,8572,45.74563,8.55643,29190.6,-32.8,14.0,257.6,-45.8,0.9,-1.0,RS41-SG,404.901,7.7,-500,9,2.7,08:28:32,
2026-08-02T12:57:23.999Z,X1413545,8573,45.74561,8.55627,29158.1,-32.6,12.6,254.1,-45.8,1.0,-1.0,RS41-SG,404.901,8.7,-500,7,2.7,08:28:32,
2026-08-02T12:57:24.999Z,X1413545,8574,45.74557,8.55611,29124.9,-34.2,13.0,251.1,-45.8,0.9,-1.0,RS41-SG,404.901,8.7,-500,9,2.7,08:28:32,
2026-08-02T12:57:25.999Z,X1413545,8575,45.74553,8.55596,29091.3,-33.5,11.8,248.0,-45.7,0.9,-1.0,RS41-SG,404.901,8.4,-500,9,2.6,08:28:32,
2026-08-02T12:57:26.999Z,X1413545,8576,45.74550,8.55582,29058.5,-33.1,12.1,248.3,-45.7,0.9,-1.0,RS41-SG,404.901,8.1,-500,9,2.6,08:28:32,
2026-08-02T12:57:27.999Z,X1413545,8577,45.74546,8.55569,29025.7,-32.7,10.4,248.4,-45.7,0.9,-1.0,RS41-SG,404.901,8.6,-500,8,2.6,08:28:32,
2026-08-02T12:57:28.999Z,X1413545,8578,45.74542,8.55556,28992.6,-34.0,10.4,245.7,-45.8,0.9,-1.0,RS41-SG,404.901,8.6,-500,9,2.7,08:28:32,
2026-08-02T12:57:29.999Z,X1413545,8579,45.74539,8.55545,28957.8,-36.6,9.4,254.2,-45.8,0.9,-1.0,RS41-SG,404.901,8.8,-500,7,2.7,08:28:32,
2026-08-02T12:57:30.999Z,X1413545,8580,45.74537,8.55534,28922.2,-33.9,8.4,254.8,-45.8,0.9,-1.0,RS41-SG,404.901,8.8,-500,10,2.7,08:28:32,
2026-08-02T12:57:31.999Z,X1413545,8581,45.74537,8.55524,28888.5,-32.5,7.5,271.8,-45.9,0.9,-1.0,RS41-SG,404.901,8.5,-500,10,2.6,08:28:32,
2026-08-02T12:57:32.999Z,X1413545,8582,45.74536,8.55514,28856.8,-30.6,7.8,267.7,-46.0,0.9,-1.0,RS41-SG,404.901,9.0,-500,9,2.6,08:28:32,
2026-08-02T12:57:33.999Z,X1413545,8583,45.74537,8.55505,28826.0,-32.1,6.6,276.7,-45.9,0.9,-1.0,RS41-SG,404.901,9.0,-500,9,2.6,08:28:32,
2026-08-02T12:57:34.999Z,X1413545,8584,45.74537,8.55496,28792.9,-34.3,7.2,273.6,-45.9,0.9,-1.0,RS41-SG,404.901,9.8,-500,8,2.7,08:28:32,
2026-08-02T12:57:35.999Z,X1413545,8585,45.74538,8.55487,28759.7,-33.0,7.0,275.2,-45.9,0.9,-1.0,RS41-SG,404.901,9.8,-500,10,2.7,08:28:32,
2026-08-02T12:57:36.999Z,X1413545,8586,45.74539,8.55478,28726.5,-32.9,7.5,280.5,-46.0,0.9,-1.0,RS41-SG,404.901,9.0,-500,9,2.7,08:28:32,
2026-08-02T12:57:37.999Z,X1413545,8587,45.74540,8.55468,28693.9,-31.4,7.5,275.0,-46.1,0.9,-1.0,RS41-SG,404.901,8.7,-500,10,2.6,08:28:32,
2026-08-02T12:57:38.999Z,X1413545,8588,45.74540,8.55458,28661.8,-32.6,9.0,271.4,-46.1,0.9,-1.0,RS41-SG,404.901,9.0,-500,10,2.6,08:28:32,
2026-08-02T12:57:39.999Z,X1413545,8589,45.74541,8.55446,28629.2,-32.6,9.9,274.6,-46.2,0.9,-1.0,RS41-SG,404.901,9.2,-500,8,2.7,08:28:32,
2026-08-02T12:57:40.999Z,X1413545,8590,45.74541,8.55433,28596.4,-33.1,10.0,271.2,-46.2,0.9,-1.0,RS41-SG,404.901,9.8,-500,9,2.7,08:28:32,
2026-08-02T12:57:41.999Z,X1413545,8591,45.74541,8.55419,28564.3,-31.8,11.1,268.3,-46.2,0.9,-1.0,RS41-SG,404.901,9.8,-500,9,2.6,08:28:32,
2026-08-02T12:57:42.999Z,X1413545,8592,45.74541,8.55405,28533.1,-31.3,11.7,272.3,-46.2,0.9,-1.0,RS41-SG,404.901,9.2,-500,8,2.6,08:28:32,
2026-08-02T12:57:43.999Z,X1413545,8593,45.74542,8.55390,28501.4,-32.6,11.8,269.5,-46.1,1.0,-1.0,RS41-SG,404.901,9.2,-500,9,2.7,08:28:32,
2026-08-02T12:57:44.999Z,X1413545,8594,45.74542,8.55374,28467.8,-35.2,12.1,271.3,-46.2,0.9,-1.0,RS41-SG,404.901,9.0,-500,9,2.7,08:28:32,
2026-08-02T12:57:45.999Z,X1413545,8595,45.74542,8.55360,28433.1,-34.2,10.7,270.9,-46.2,0.9,-1.0,RS41-SG,404.901,8.9,-500,9,2.6,08:28:32,
2026-08-02T12:57:46.999Z,X1413545,8596,45.74542,8.55346,28398.7,-34.1,10.9,268.3,-46.2,0.9,-1.0,RS41-SG,404.901,8.9,-500,10,2.6,08:28:32,
2026-08-02T12:57:47.999Z,X1413545,8597,45.74542,8.55332,28365.0,-34.5,10.7,267.8,-46.2,0.9,-1.0,RS41-SG,404.901,9.1,-500,9,2.7,08:28:32,
2026-08-02T12:57:48.999Z,X1413545,8598,45.74541,8.55319,28330.0,-36.0,9.8,267.0,-46.2,0.9,-1.0,RS41-SG,404.901,9.1,-500,8,2.7,08:28:32,
2026-08-02T12:57:49.999Z,X1413545,8599,45.74541,8.55307,28292.7,-39.3,9.4,264.2,-46.1,0.9,-1.0,RS41-SG,404.901,9.0,-500,8,2.7,08:28:32,
2026-08-02T12:57:50.999Z,X1413545,8600,45.74539,8.55295,28253.7,-39.3,9.2,256.1,-46.0,0.9,-1.0,RS41-SG,404.901,8.9,-500,9,2.6,08:28:32,
2026-08-02T12:57:51.999Z,X1413545,8601,45.74537,8.55284,28215.2,-38.7,8.6,255.8,-45.8,0.9,-1.0,RS41-SG,404.901,8.9,-500,9,2.6,08:28:32,
2026-08-02T12:57:52.999Z,X1413545,8602,45.74535,8.55274,28176.7,-39.2,8.5,251.8,-45.7,0.9,-1.0,RS41-SG,404.901,8.7,-500,7,2.6,08:28:32,
2026-08-02T12:57:53.999Z,X1413545,8603,45.74533,8.55264,28136.8,-41.2,7.8,248.5,-45.6,0.9,-1.0,RS41-SG,404.901,8.7,-500,7,2.7,08:28:32,
2026-08-02T12:57:54.999Z,X1413545,8604,45.74530,8.55254,28096.3,-40.3,7.4,249.6,-45.4,0.8,-1.0,RS41-SG,404.901,7.4,-500,9,2.7,08:28:32,
2026-08-02T12:57:55.999Z,X1413545,8605,45.74528,8.55245,28056.6,-39.8,7.7,247.5,-45.4,0.8,-1.0,RS41-SG,404.901,7.7,-500,9,2.7,08:28:32,
2026-08-02T12:57:57.999Z,X1413545,8607,45.74524,8.55228,27977.4,-38.1,5.7,257.5,-45.8,0.9,-1.0,RS41-SG,404.901,6.7,-500,7,2.6,08:28:32,
2026-08-02T12:57:58.999Z,X1413545,8608,45.74523,8.55220,27940.1,-37.1,6.4,262.5,-46.1,0.9,-1.0,RS41-SG,404.901,7.2,-500,8,2.6,08:28:32,
2026-08-02T12:57:59.999Z,X1413545,8609,45.74523,8.55212,27903.6,-36.9,6.5,272.9,-46.5,1.0,-1.0,RS41-SG,404.901,7.6,-500,7,2.7,08:28:32,
2026-08-02T12:58:00.999Z,X1413545,8610,45.74523,8.55204,27867.5,-35.6,6.4,280.0,-46.6,1.0,-1.0,RS41-SG,404.901,7.6,-500,8,2.7,08:28:32,
