timestamp,serial,frame,lat,lon,alt,vel_v,vel_h,heading,temp,humidity,pressure,type,freq_mhz,snr,f_error_hz,sats,batt_v,burst_timer,aux_data
2026-08-20T00:39:44.986Z,X1432665,7512,45.74107,9.29891,31339.2,5.5,3.4,231.0,-273.0,-1.0,-1.0,RS41,402.000,6.4,250,11,2.6,,
2026-08-20T00:39:48.986Z,X1432665,7516,45.74095,9.29864,31364.3,5.3,9.2,240.4,-273.0,-1.0,-1.0,RS41,402.000,6.8,250,11,2.7,,
2026-08-20T00:39:52.986Z,X1432665,7520,45.74082,9.29824,31389.8,5.5,7.0,251.7,-273.0,-1.0,-1.0,RS41,402.000,7.0,250,11,2.6,,
2026-08-20T00:39:53.986Z,X1432665,7521,45.74080,9.29816,31395.5,5.5,6.3,254.8,-273.0,-1.0,-1.0,RS41,402.000,7.0,250,11,2.6,,
2026-08-20T00:40:02.986Z,X1432665,7530,45.74071,9.29753,31450.9,6.1,3.5,287.9,-273.0,-1.0,-1.0,RS41,402.000,6.9,250,10,2.6,,
2026-08-20T00:40:03.986Z,X1432665,7531,45.74071,9.29748,31457.7,7.3,4.6,274.8,-273.0,-1.0,-1.0,RS41,402.000,7.1,250,11,2.6,,
2026-08-20T00:40:04.986Z,X1432665,7532,45.74071,9.29741,31464.8,6.7,6.2,264.1,-273.0,-1.0,-1.0,RS41-SG,402.000,7.1,-125,11,2.6,,
2026-08-20T00:40:13.986Z,X1432665,7541,45.74078,9.29666,31518.8,7.4,6.8,303.6,-273.0,-1.0,-1.0,RS41-SG,402.000,6.9,-125,11,2.7,,
2026-08-20T00:40:24.986Z,X1432665,7552,45.74084,9.29595,31588.5,6.0,6.6,281.5,-273.0,-1.0,-1.0,RS41-SG,402.000,6.3,250,11,2.7,,
2026-08-20T00:40:31.986Z,X1432665,7559,45.74087,9.29554,31631.4,5.8,6.5,254.7,-273.0,-1.0,-1.0,RS41-SG,402.000,6.8,250,11,2.7,,
2026-08-20T00:40:47.986Z,X1432665,7575,45.74114,9.29458,31732.4,6.5,6.0,286.6,-273.0,-1.0,-1.0,RS41-SG,402.000,7.1,250,10,2.6,,
2026-08-20T00:40:50.986Z,X1432665,7578,45.74122,9.29436,31751.9,7.3,6.4,309.9,-273.0,-1.0,-1.0,RS41-SG,402.000,6.8,-125,11,2.7,,
2026-08-20T00:40:51.986Z,X1432665,7579,45.74126,9.29430,31758.7,6.3,6.2,325.7,-273.0,-1.0,-1.0,RS41-SG,402.000,6.8,250,11,2.7,,
2026-08-20T00:40:56.986Z,X1432665,7584,45.74144,9.29413,31789.7,5.1,4.5,294.6,-273.0,-1.0,-1.0,RS41-SG,402.000,6.8,250,10,2.7,,
2026-08-20T00:41:00.986Z,X1432665,7588,45.74151,9.29393,31815.4,6.3,4.5,317.0,-273.0,-1.0,-1.0,RS41-SG,402.000,6.6,-125,10,2.6,,
2026-08-20T00:41:01.986Z,X1432665,7589,45.74154,9.29389,31821.5,6.0,5.1,321.7,-273.0,-1.0,-1.0,RS41-SG,402.000,7.5,250,10,2.6,,
2026-08-20T00:41:02.986Z,X1432665,7590,45.74158,9.29384,31827.6,6.2,5.7,318.0,-273.0,-1.0,-1.0,RS41-SG,402.000,7.5,-125,10,2.6,,
2026-08-20T00:41:03.986Z,X1432665,7591,45.74162,9.29379,31834.2,7.1,6.4,310.2,-273.0,-1.0,-1.0,RS41-SG,402.000,7.5,250,10,2.7,,
2026-08-20T00:41:06.986Z,X1432665,7594,45.74171,9.29357,31852.6,6.0,6.0,297.3,-273.0,-1.0,-1.0,RS41-SG,402.000,7.0,250,10,2.6,,
2026-08-20T00:41:07.986Z,X1432665,7595,45.74173,9.29352,31859.2,7.0,4.2,305.5,-273.0,-1.0,-1.0,RS41-SG,402.000,7.0,250,10,2.6,,
2026-08-20T00:41:08.986Z,X1432665,7596,45.74176,9.29349,31866.1,6.8,2.7,331.9,-273.0,-1.0,-1.0,RS41-SG,402.000,7.0,250,10,2.6,,
2026-08-20T00:41:09.986Z,X1432665,7597,45.74178,9.29348,31872.2,5.4,2.4,7.1,-273.0,-1.0,-1.0,RS41-SG,402.000,7.1,-125,10,2.7,,
2026-08-20T00:41:10.986Z,X1432665,7598,45.74180,9.29349,31877.6,5.6,2.4,26.5,-273.0,-1.0,-1.0,RS41-SG,402.000,7.5,250,10,2.7,,
2026-08-20T00:41:11.986Z,X1432665,7599,45.74182,9.29350,31883.8,6.8,2.1,13.0,-273.0,-1.0,-1.0,RS41-SG,402.000,7.5,250,10,2.6,,
2026-08-20T00:41:12.986Z,X1432665,7600,45.74183,9.29349,31891.0,7.5,2.3,327.2,-273.0,-1.0,-1.0,RS41-SG,402.000,7.6,250,10,2.6,,
2026-08-20T00:41:13.986Z,X1432665,7601,45.74185,9.29347,31897.6,5.8,3.5,303.5,-273.0,-1.0,-1.0,RS41-SG,402.000,7.6,250,10,2.6,,
2026-08-20T00:41:14.986Z,X1432665,7602,45.74187,9.29342,31903.4,5.7,4.8,295.8,-273.0,-1.0,-1.0,RS41-SG,402.000,7.6,250,10,2.7,,
2026-08-20T00:41:15.986Z,X1432665,7603,45.74189,9.29336,31909.4,6.2,5.5,296.9,-273.0,-1.0,-1.0,RS41-SG,402.000,7.5,250,10,2.7,,
2026-08-20T00:41:16.986Z,X1432665,7604,45.74192,9.29330,31915.9,6.7,5.3,305.4,-273.0,-1.0,-1.0,RS41-SG,402.000,7.5,250,10,2.7,,
2026-08-20T00:41:17.986Z,X1432665,7605,45.74195,9.29326,31922.7,7.0,5.0,322.4,-273.0,-1.0,-1.0,RS41-SG,402.000,7.5,250,10,2.6,,
2026-08-20T00:41:18.986Z,X1432665,7606,45.74199,9.29322,31929.4,6.3,5.0,339.0,-39.6,-1.0,-1.0,RS41-SG,402.000,7.5,-125,10,2.6,,
2026-08-20T00:41:21.986Z,X1432665,7609,45.74214,9.29319,31945.8,5.9,6.3,349.3,-39.6,-1.0,-1.0,RS41-SG,402.000,7.2,250,10,2.7,,
2026-08-20T00:41:22.986Z,X1432665,7610,45.74219,9.29316,31952.4,7.1,6.5,339.4,-39.6,-1.0,-1.0,RS41-SG,402.000,7.2,250,10,2.7,,
2026-08-20T00:41:23.986Z,X1432665,7611,45.74224,9.29313,31959.1,6.4,6.5,329.7,-39.6,-1.0,-1.0,RS41-SG,402.000,7.4,250,10,2.7,,
2026-08-20T00:41:28.986Z,X1432665,7616,45.74243,9.29302,31991.4,5.8,4.1,30.8,-39.7,-1.0,-1.0,RS41-SG,402.000,6.9,-125,10,2.7,,
2026-08-20T00:41:29.986Z,X1432665,7617,45.74246,9.29305,31997.1,5.6,5.2,35.3,-39.7,-1.0,-1.0,RS41-SG,402.000,7.2,-125,10,2.6,,
2026-08-20T00:41:30.986Z,X1432665,7618,45.74251,9.29309,32003.1,6.3,6.0,26.9,-39.7,-1.0,-1.0,RS41-SG,402.000,8.1,-125,10,2.6,,
2026-08-20T00:41:31.986Z,X1432665,7619,45.74256,9.29312,32009.8,7.1,7.1,9.9,-39.7,-1.0,-1.0,RS41-SG,402.000,8.1,-125,10,2.6,,
2026-08-20T00:41:32.986Z,X1432665,7620,45.74263,9.29312,32016.7,6.6,8.2,354.9,-39.8,-1.0,-1.0,RS41-SG,402.000,7.9,-125,10,2.7,,
2026-08-20T00:41:34.986Z,X1432665,7622,45.74279,9.29306,32027.5,4.8,10.4,341.5,-39.8,-1.0,-1.0,RS41-SG,402.000,7.3,250,10,2.7,,
2026-08-20T00:41:35.986Z,X1432665,7623,45.74288,9.29302,32032.9,6.0,10.8,343.0,-39.8,-1.0,-1.0,RS41-SG,402.000,7.4,-125,10,2.6,,
2026-08-20T00:41:38.986Z,X1432665,7626,45.74314,9.29298,32053.3,5.8,8.6,7.9,-39.8,-1.0,-1.0,RS41-SG,402.000,6.8,-125,10,2.6,,
2026-08-20T00:41:39.986Z,X1432665,7627,45.74321,9.29300,32059.2,6.0,7.5,15.9,-39.7,-1.0,-1.0,RS41-SG,402.000,7.3,-125,10,2.7,,
2026-08-20T00:41:41.986Z,X1432665,7629,45.74332,9.29305,32072.4,6.6,5.1,11.9,-39.7,-1.0,-1.0,RS41-SG,402.000,7.3,250,10,2.7,,
2026-08-20T00:41:42.986Z,X1432665,7630,45.74336,9.29306,32078.6,5.6,4.5,4.1,-39.7,-1.0,-1.0,RS41-SG,402.000,7.3,-125,10,2.6,,
2026-08-20T00:41:45.986Z,X1432665,7633,45.74349,9.29307,32097.6,7.1,5.9,10.9,-39.8,-1.0,-1.0,RS41-SG,402.000,7.1,250,10,2.6,,
2026-08-20T00:41:46.986Z,X1432665,7634,45.74355,9.29308,32104.4,6.6,7.0,15.0,-39.8,-1.0,-1.0,RS41-SG,402.000,7.5,-125,10,2.7,,
2026-08-20T00:41:47.986Z,X1432665,7635,45.74361,9.29311,32110.7,5.9,7.8,14.8,-39.8,-1.0,-1.0,RS41-SG,402.000,7.5,-125,10,2.7,,
2026-08-20T00:41:48.986Z,X1432665,7636,45.74368,9.29313,32116.6,6.0,8.1,9.3,-39.8,-1.0,-1.0,RS41-SG,402.000,7.9,250,10,2.7,,
2026-08-20T00:41:49.986Z,X1432665,7637,45.74375,9.29314,32122.8,6.3,8.3,359.4,-39.9,-1.0,-1.0,RS41-SG,402.000,8.0,250,10,2.6,,
2026-08-20T00:41:50.986Z,X1432665,7638,45.74383,9.29313,32129.2,6.5,8.6,347.5,-39.9,-1.0,-1.0,RS41-SG,402.000,8.4,-125,10,2.6,,
2026-08-20T00:41:51.986Z,X1432665,7639,45.74390,9.29309,32136.0,6.7,8.9,336.8,-39.9,-1.0,-1.0,RS41-SG,402.000,8.4,-125,10,2.6,,
2026-08-20T00:41:52.986Z,X1432665,7640,45.74398,9.29304,32142.8,6.9,8.9,329.9,-39.9,-1.0,-1.0,RS41-SG,402.000,7.7,250,10,2.7,,
2026-08-20T00:41:53.986Z,X1432665,7641,45.74404,9.29298,32149.5,6.5,8.4,328.4,-40.0,-1.0,-1.0,RS41-SG,402.000,7.6,250,10,2.7,,
2026-08-20T00:41:54.986Z,X1432665,7642,45.74410,9.29293,32155.9,6.4,7.3,335.1,-40.0,-1.0,-1.0,RS41-SG,402.000,7.1,250,10,2.6,,
2026-08-20T00:41:57.986Z,X1432665,7645,45.74427,9.29297,32175.5,5.8,7.7,39.1,-40.0,-1.0,-1.0,RS41-SG,402.000,7.6,-125,10,2.7,,
2026-08-20T00:41:58.986Z,X1432665,7646,45.74432,9.29304,32181.1,5.3,8.4,48.9,-40.0,-1.0,-1.0,RS41-SG,402.000,8.4,-125,10,2.7,,
2026-08-20T00:41:59.986Z,X1432665,7647,45.74437,9.29312,32186.8,6.1,7.8,50.7,-40.1,-1.0,-1.0,RS41-SG,402.000,8.4,-125,10,2.7,,
2026-08-20T00:42:00.986Z,X1432665,7648,45.74441,9.29318,32193.7,7.6,6.0,40.2,-40.0,-1.0,-1.0,RS41-SG,402.000,8.4,-125,10,2.6,,
2026-08-20T00:42:02.986Z,X1432665,7650,45.74449,9.29320,32208.3,5.9,5.3,333.3,-40.0,-1.0,-1.0,RS41-SG,402.000,7.7,-125,10,2.6,,
2026-08-20T00:42:03.986Z,X1432665,7651,45.74454,9.29315,32213.3,4.2,7.5,318.1,-40.0,-1.0,-1.0,RS41-SG,402.000,7.9,-125,10,2.6,,
2026-08-20T00:42:04.986Z,X1432665,7652,45.74459,9.29308,32217.7,4.7,9.6,314.9,-40.0,-1.0,-1.0,RS41-SG,402.000,7.9,-125,10,2.7,,
2026-08-20T00:42:09.986Z,X1432665,7657,45.74497,9.29280,32250.1,6.6,7.2,357.5,-40.0,-1.0,-1.0,RS41-SG,402.000,7.5,-125,10,2.6,,
2026-08-20T00:42:10.986Z,X1432665,7658,45.74503,9.29280,32256.9,7.1,4.9,3.8,-40.0,-1.0,-1.0,RS41-SG,402.000,7.5,250,10,2.7,,
2026-08-20T00:42:12.986Z,X1432665,7660,45.74508,9.29281,32269.5,5.1,1.2,5.8,-40.0,-1.0,-1.0,RS41-SG,402.000,7.7,-125,10,2.6,,
2026-08-20T00:42:13.986Z,X1432665,7661,45.74509,9.29281,32274.7,5.2,0.2,22.9,-40.0,-1.0,-1.0,RS41-SG,402.000,7.9,-125,10,2.6,,
2026-08-20T00:42:14.986Z,X1432665,7662,45.74509,9.29281,32280.4,6.0,0.2,21.4,-40.0,-1.0,-1.0,RS41-SG,402.000,8.3,-125,10,2.6,,
2026-08-20T00:42:15.986Z,X1432665,7663,45.74509,9.29281,32287.0,7.2,1.1,2.1,-40.0,-1.0,-1.0,RS41-SG,402.000,8.5,250,10,2.7,,
2026-08-20T00:42:16.986Z,X1432665,7664,45.74511,9.29281,32294.4,7.5,2.5,352.9,-40.0,-1.0,-1.0,RS41-SG,402.000,8.5,250,10,2.7,,
2026-08-20T00:42:17.986Z,X1432665,7665,45.74514,9.29280,32301.3,6.2,4.2,345.3,-40.0,-1.0,-1.0,RS41-SG,402.000,8.2,-125,10,2.7,,
2026-08-20T00:42:18.986Z,X1432665,7666,45.74518,9.29278,32307.3,5.8,6.2,335.3,-40.0,-1.0,-1.0,RS41-SG,402.000,8.7,250,10,2.6,,
2026-08-20T00:42:19.986Z,X1432665,7667,45.74524,9.29273,32313.3,6.1,8.4,324.6,-40.0,-1.0,-1.0,RS41-SG,402.000,8.7,250,10,2.6,,
2026-08-20T00:42:20.986Z,X1432665,7668,45.74530,9.29265,32319.7,6.5,10.3,315.1,-40.0,-1.0,-1.0,RS41-SG,402.000,8.4,250,10,2.6,,
2026-08-20T00:42:23.986Z,X1432665,7671,45.74548,9.29232,32338.4,7.2,9.3,303.1,-40.1,-1.0,-1.0,RS41-SG,402.000,7.3,250,10,2.7,,
2026-08-20T00:42:24.986Z,X1432665,7672,45.74552,9.29224,32346.0,7.9,6.2,309.8,-40.1,-1.0,-1.0,RS41-SG,402.000,7.6,250,10,2.7,,
2026-08-20T00:42:25.986Z,X1432665,7673,45.74555,9.29220,32353.4,6.7,3.5,333.2,-40.1,-1.0,-1.0,RS41-SG,402.000,7.8,-125,9,2.6,,
2026-08-20T00:42:26.986Z,X1432665,7674,45.74557,9.29220,32359.0,4.4,2.8,18.7,-40.1,-1.0,-1.0,RS41-SG,402.000,7.9,-125,9,2.6,,
2026-08-20T00:42:27.986Z,X1432665,7675,45.74560,9.29222,32363.4,4.6,3.7,54.8,-40.1,-1.0,-1.0,RS41-SG,402.000,8.6,-125,10,2.6,,
2026-08-20T00:42:28.986Z,X1432665,7676,45.74561,9.29226,32368.9,6.3,3.8,62.6,-40.1,-1.0,-1.0,RS41-SG,402.000,8.6,-125,10,2.7,,
2026-08-20T00:42:29.986Z,X1432665,7677,45.74563,9.29230,32375.9,7.8,2.7,52.2,-40.1,-1.0,-1.0,RS41-SG,402.000,8.5,250,9,2.7,,
2026-08-20T00:42:30.986Z,X1432665,7678,45.74564,9.29231,32383.3,6.9,1.8,8.7,-40.1,-1.0,-1.0,RS41-SG,402.000,8.4,250,9,2.6,,
2026-08-20T00:42:31.986Z,X1432665,7679,45.74566,9.29231,32389.7,5.6,2.7,324.7,-40.1,-1.0,-1.0,RS41-SG,402.000,8.1,250,10,2.6,,
2026-08-20T00:42:32.986Z,X1432665,7680,45.74568,9.29228,32395.4,5.8,4.4,314.6,-40.1,-1.0,-1.0,RS41-SG,402.000,8.1,250,9,2.6,,
2026-08-20T00:42:33.986Z,X1432665,7681,45.74572,9.29223,32401.6,6.6,5.8,316.8,-40.1,-1.0,-1.0,RS41-SG,402.000,7.8,250,10,2.7,,
2026-08-20T00:42:34.986Z,X1432665,7682,45.74576,9.29218,32408.5,7.2,6.7,323.1,-40.1,-1.0,-1.0,RS41-SG,402.000,7.7,250,10,2.7,,
2026-08-20T00:42:35.986Z,X1432665,7683,45.74581,9.29213,32415.1,5.9,6.9,327.0,-40.2,-1.0,-1.0,RS41-SG,402.000,7.9,-125,10,2.7,,
2026-08-20T00:42:36.986Z,X1432665,7684,45.74586,9.29208,32420.9,5.7,6.6,328.2,-40.2,-1.0,-1.0,RS41-SG,402.000,8.5,250,10,2.6,,
2026-08-20T00:42:37.986Z,X1432665,7685,45.74591,9.29204,32427.2,6.6,6.1,323.9,-40.2,-1.0,-1.0,RS41-SG,402.000,8.7,250,10,2.6,,
2026-08-20T00:42:38.986Z,X1432665,7686,45.74595,9.29199,32434.2,7.3,5.3,313.7,-40.2,-1.0,-1.0,RS41-SG,402.000,8.7,250,10,2.6,,
2026-08-20T00:42:39.986Z,X1432665,7687,45.74597,9.29194,32441.0,6.3,4.4,301.9,-40.3,-1.0,-1.0,RS41-SG,402.000,7.2,250,10,2.6,,
2026-08-20T00:42:40.986Z,X1432665,7688,45.74599,9.29190,32447.4,6.5,3.1,293.6,-40.3,-1.0,-1.0,RS41-SG,402.000,7.2,-125,10,2.7,,
2026-08-20T00:42:41.986Z,X1432665,7689,45.74600,9.29187,32453.9,6.7,1.2,290.2,-40.3,-1.0,-1.0,RS41-SG,402.000,7.5,-125,10,2.7,,
2026-08-20T00:42:42.986Z,X1432665,7690,45.74600,9.29187,32460.7,6.7,1.0,76.5,-40.4,-1.0,-1.0,RS41-SG,402.000,8.2,250,10,2.7,,
2026-08-20T00:42:43.986Z,X1432665,7691,45.74600,9.29190,32467.2,6.3,2.8,80.2,-40.5,-1.0,-1.0,RS41-SG,402.000,8.2,250,10,2.6,,
2026-08-20T00:42:44.986Z,X1432665,7692,45.74601,9.29194,32473.2,5.6,3.8,73.4,-40.5,-1.0,-1.0,RS41-SG,402.000,8.2,-125,10,2.6,,
2026-08-20T00:42:45.986Z,X1432665,7693,45.74602,9.29198,32478.9,5.9,3.8,63.3,-40.5,-1.0,-1.0,RS41-SG,402.000,8.1,-125,10,2.6,,
2026-08-20T00:42:46.986Z,X1432665,7694,45.74604,9.29202,32485.1,6.4,3.0,35.8,-40.6,-1.0,-1.0,RS41-SG,402.000,8.2,-125,10,2.7,,
2026-08-20T00:42:47.986Z,X1432665,7695,45.74606,9.29202,32492.0,7.1,3.1,343.7,-40.6,-1.0,-1.0,RS41-SG,402.000,8.3,250,10,2.7,,
2026-08-20T00:42:48.986Z,X1432665,7696,45.74609,9.29199,32498.8,6.5,4.8,313.8,-40.7,-1.0,-1.0,RS41-SG,402.000,8.3,250,10,2.6,,
2026-08-20T00:42:49.986Z,X1432665,7697,45.74612,9.29194,32504.7,5.1,6.3,303.2,-40.7,-1.0,-1.0,RS41-SG,402.000,7.8,-125,10,2.6,,
2026-08-20T00:42:53.986Z,X1432665,7701,45.74625,9.29172,32531.5,6.5,3.3,351.6,-40.9,-1.0,-1.0,RS41-SG,402.000,6.9,250,10,2.7,,
2026-08-20T00:42:54.986Z,X1432665,7702,45.74628,9.29173,32537.1,4.7,3.3,30.6,-41.0,-1.0,-1.0,RS41-SG,402.000,7.9,250,10,2.6,,
2026-08-20T00:42:55.986Z,X1432665,7703,45.74630,9.29176,32542.1,5.3,4.0,57.6,-41.0,-1.0,-1.0,RS41-SG,402.000,8.4,250,10,2.6,,
2026-08-20T00:42:56.986Z,X1432665,7704,45.74631,9.29180,32548.1,6.8,3.9,72.9,-41.0,-1.0,-1.0,RS41-SG,402.000,8.9,-125,10,2.6,,
2026-08-20T00:42:57.986Z,X1432665,7705,45.74632,9.29185,32555.2,7.1,2.7,83.2,-41.1,-1.0,-1.0,RS41-SG,402.000,8.9,250,10,2.6,,
2026-08-20T00:42:58.986Z,X1432665,7706,45.74632,9.29187,32561.7,6.0,1.6,90.4,-41.1,-1.0,-1.0,RS41-SG,402.000,8.7,-125,10,2.7,,
2026-08-20T00:42:59.986Z,X1432665,7707,45.74632,9.29188,32567.5,5.8,0.4,84.2,-41.2,-1.0,-1.0,RS41-SG,402.000,8.7,250,10,2.7,,
2026-08-20T00:43:00.986Z,X1432665,7708,45.74632,9.29189,32573.6,6.0,0.7,329.0,-41.2,-1.0,-1.0,RS41-SG,402.000,8.1,250,10,2.7,,
2026-08-20T00:43:01.986Z,X1432665,7709,45.74633,9.29188,32579.8,6.4,1.5,336.2,-41.2,-1.0,-1.0,RS41-SG,402.000,7.9,-125,10,2.6,,
2026-08-20T00:43:02.986Z,X1432665,7710,45.74635,9.29187,32586.2,6.2,2.1,341.3,-41.2,0.8,-1.0,RS41-SG,402.000,7.8,250,10,2.6,,
2026-08-20T00:43:03.986Z,X1432665,7711,45.74637,9.29186,32592.1,5.6,2.2,338.7,-41.3,0.8,-1.0,RS41-SG,402.000,8.6,-125,10,2.6,,
2026-08-20T00:43:04.986Z,X1432665,7712,45.74638,9.29185,32597.7,5.5,1.9,321.0,-41.3,0.8,-1.0,RS41-SG,402.000,8.6,250,10,2.7,,
2026-08-20T00:43:05.986Z,X1432665,7713,45.74639,9.29183,32603.5,6.3,2.1,286.5,-41.3,0.8,-1.0,RS41-SG,402.000,9.0,250,10,2.7,,
2026-08-20T00:43:06.986Z,X1432665,7714,45.74639,9.29179,32610.0,6.9,3.0,260.3,-41.4,0.8,-1.0,RS41-SG,402.000,9.0,250,10,2.6,,
2026-08-20T00:43:07.986Z,X1432665,7715,45.74638,9.29175,32616.6,6.2,3.8,251.8,-41.4,0.8,-1.0,RS41-SG,402.000,7.9,250,10,2.6,,
2026-08-20T00:43:09.986Z,X1432665,7717,45.74636,9.29166,32628.6,6.3,2.9,253.1,-41.4,0.8,-1.0,RS41-SG,402.000,7.3,250,10,2.7,,
2026-08-20T00:43:10.986Z,X1432665,7718,45.74636,9.29164,32635.0,6.7,1.3,280.0,-41.5,0.8,-1.0,RS41-SG,402.000,7.6,250,10,2.7,,
2026-08-20T00:43:11.986Z,X1432665,7719,45.74637,9.29163,32641.6,6.5,1.8,20.5,-41.5,0.8,-1.0,RS41-SG,402.000,8.1,250,10,2.7,,
2026-08-20T00:43:12.986Z,X1432665,7720,45.74639,9.29165,32647.9,5.9,3.7,35.1,-41.5,0.8,-1.0,RS41-SG,402.000,8.7,-125,10,2.6,,
2026-08-20T00:43:13.986Z,X1432665,7721,45.74642,9.29168,32653.7,5.7,5.2,32.9,-41.5,0.8,-1.0,RS41-SG,402.000,8.7,-125,10,2.6,,
2026-08-20T00:43:14.986Z,X1432665,7722,45.74647,9.29172,32659.7,6.4,5.4,24.4,-41.5,0.8,-1.0,RS41-SG,402.000,8.6,250,10,2.6,,
2026-08-20T00:43:15.986Z,X1432665,7723,45.74651,9.29173,32666.2,6.9,4.8,5.6,-41.5,0.8,-1.0,RS41-SG,402.000,8.5,250,9,2.6,,
2026-08-20T00:43:16.986Z,X1432665,7724,45.74655,9.29172,32673.1,7.2,4.3,329.8,-41.6,0.8,-1.0,RS41-SG,402.000,8.3,250,9,2.7,,
2026-08-20T00:43:17.986Z,X1432665,7725,45.74657,9.29168,32680.0,6.5,5.1,291.6,-41.6,0.8,-1.0,RS41-SG,402.000,8.3,250,10,2.7,,
2026-08-20T00:43:18.986Z,X1432665,7726,45.74658,9.29161,32685.9,5.5,6.5,268.6,-41.6,0.8,-1.0,RS41-SG,402.000,8.1,250,10,2.7,,
2026-08-20T00:43:19.986Z,X1432665,7727,45.74657,9.29152,32691.0,4.5,7.5,251.2,-41.6,0.8,-1.0,RS41-SG,402.000,8.1,250,8,2.6,,
2026-08-20T00:43:20.986Z,X1432665,7728,45.74654,9.29144,32696.0,5.7,7.3,234.5,-41.6,0.8,-1.0,RS41-SG,402.000,8.1,250,9,2.6,,
2026-08-20T00:43:21.986Z,X1432665,7729,45.74650,9.29138,32702.3,6.8,6.0,213.7,-41.6,0.8,-1.0,RS41-SG,402.000,7.7,250,9,2.6,,
2026-08-20T00:43:22.986Z,X1432665,7730,45.74645,9.29135,32709.2,7.0,4.4,184.5,-41.6,0.8,-1.0,RS41-SG,402.000,8.1,250,10,2.7,,
2026-08-20T00:43:23.986Z,X1432665,7731,45.74642,9.29136,32715.6,5.9,3.4,142.6,-41.6,0.8,-1.0,RS41-SG,402.000,8.2,-125,10,2.7,,
2026-08-20T00:43:24.986Z,X1432665,7732,45.74641,9.29140,32721.0,4.9,3.5,96.9,-41.6,0.8,-1.0,RS41-SG,402.000,8.5,-125,10,2.6,,
2026-08-20T00:43:25.986Z,X1432665,7733,45.74642,9.29144,32726.2,5.4,4.0,57.7,-41.6,0.8,-1.0,RS41-SG,402.000,9.2,-125,10,2.6,,
2026-08-20T00:43:26.986Z,X1432665,7734,45.74645,9.29148,32732.3,6.7,4.8,21.0,-41.6,0.8,-1.0,RS41-SG,402.000,9.2,-125,10,2.6,,
2026-08-20T00:43:27.986Z,X1432665,7735,45.74649,9.29148,32739.3,7.1,5.5,351.7,-41.6,0.8,-1.0,RS41-SG,402.000,9.2,-125,10,2.7,,
2026-08-20T00:43:28.986Z,X1432665,7736,45.74654,9.29146,32745.8,5.8,6.2,328.9,-41.6,0.8,-1.0,RS41-SG,402.000,8.8,250,10,2.7,,
2026-08-20T00:43:29.986Z,X1432665,7737,45.74658,9.29140,32751.5,5.6,6.6,310.3,-41.6,0.8,-1.0,RS41-SG,402.000,8.8,250,10,2.7,,
2026-08-20T00:43:30.986Z,X1432665,7738,45.74661,9.29133,32757.4,6.0,6.4,292.8,-41.6,0.8,-1.0,RS41-SG,402.000,8.4,250,10,2.6,,
2026-08-20T00:43:31.986Z,X1432665,7739,45.74662,9.29126,32763.7,6.7,5.4,273.8,-41.7,0.8,-1.0,RS41-SG,402.000,8.4,-125,10,2.6,,
2026-08-20T00:43:32.986Z,X1432665,7740,45.74662,9.29120,32770.4,6.8,4.2,246.2,-41.7,0.8,-1.0,RS41-SG,402.000,8.4,-125,10,2.6,,
2026-08-20T00:43:33.986Z,X1432665,7741,45.74659,9.29116,32777.1,6.5,4.0,211.3,-41.7,0.8,-1.0,RS41-SG,402.000,8.1,250,10,2.6,,
2026-08-20T00:43:34.986Z,X1432665,7742,45.74656,9.29115,32783.0,5.3,4.6,188.1,-41.7,0.8,-1.0,RS41-SG,402.000,8.4,-125,10,2.7,,
2026-08-20T00:43:37.986Z,X1432665,7745,45.74643,9.29113,32799.7,6.8,3.9,205.7,-41.7,0.8,-1.0,RS41-SG,402.000,8.4,250,10,2.6,,
2026-08-20T00:43:38.986Z,X1432665,7746,45.74641,9.29110,32806.8,7.2,4.1,244.6,-41.7,0.8,-1.0,RS41-SG,402.000,9.2,250,10,2.6,,
2026-08-20T00:43:39.986Z,X1432665,7747,45.74640,9.29104,32813.5,6.3,5.6,268.5,-41.7,0.8,-1.0,RS41-SG,402.000,9.2,250,10,2.6,,
2026-08-20T00:43:40.986Z,X1432665,7748,45.74641,9.29096,32819.2,5.0,6.9,281.6,-41.7,0.8,-1.0,RS41-SG,402.000,8.7,-125,10,2.7,,
2026-08-20T00:43:41.986Z,X1432665,7749,45.74643,9.29087,32824.3,5.1,7.5,290.7,-41.7,0.8,-1.0,RS41-SG,402.000,8.2,250,10,2.7,,
2026-08-20T00:43:42.986Z,X1432665,7750,45.74645,9.29079,32829.9,6.2,6.8,300.8,-41.7,0.8,-1.0,RS41-SG,402.000,7.1,250,10,2.6,,
2026-08-20T00:43:44.986Z,X1432665,7752,45.74651,9.29069,32843.8,7.0,3.0,327.6,-41.6,0.8,-1.0,RS41-SG,402.000,7.5,-125,10,2.6,,
2026-08-20T00:43:45.986Z,X1432665,7753,45.74653,9.29068,32850.0,5.5,1.2,354.4,-41.6,0.8,-1.0,RS41-SG,402.000,7.7,250,10,2.7,,
2026-08-20T00:43:46.986Z,X1432665,7754,45.74653,9.29069,32855.6,5.6,0.8,140.3,-41.6,0.8,-1.0,RS41-SG,402.000,8.0,-125,10,2.7,,
2026-08-20T00:43:47.986Z,X1432665,7755,45.74652,9.29069,32861.7,6.4,2.5,188.5,-41.5,0.8,-1.0,RS41-SG,402.000,8.7,250,10,2.7,,
2026-08-20T00:43:48.986Z,X1432665,7756,45.74649,9.29067,32868.3,7.0,4.7,209.2,-41.5,0.8,-1.0,RS41-SG,402.000,8.7,250,10,2.6,,
2026-08-20T00:43:49.986Z,X1432665,7757,45.74645,9.29063,32874.9,5.8,6.6,221.9,-41.4,0.8,-1.0,RS41-SG,402.000,8.4,250,10,2.6,,
2026-08-20T00:43:50.986Z,X1432665,7758,45.74640,9.29056,32880.3,4.8,8.0,230.7,-41.4,0.8,-1.0,RS41-SG,402.000,8.4,250,10,2.6,,
2026-08-20T00:43:51.986Z,X1432665,7759,45.74636,9.29047,32885.8,6.0,8.5,237.9,-41.4,0.8,-1.0,RS41-SG,402.000,8.0,250,10,2.6,,
2026-08-20T00:43:52.986Z,X1432665,7760,45.74633,9.29038,32892.4,7.3,7.5,247.9,-41.3,0.8,-1.0,RS41-SG,402.000,7.8,250,10,2.7,,
2026-08-20T00:43:53.986Z,X1432665,7761,45.74631,9.29030,32899.9,7.6,5.6,262.0,-41.3,0.8,-1.0,RS41-SG,402.000,7.8,250,10,2.7,,
2026-08-20T00:43:54.986Z,X1432665,7762,45.74631,9.29024,32906.6,5.7,4.4,283.7,-41.3,0.8,-1.0,RS41-SG,402.000,7.8,250,10,2.7,,
2026-08-20T00:43:55.986Z,X1432665,7763,45.74633,9.29019,32912.0,5.0,4.3,314.1,-41.3,0.8,-1.0,RS41-SG,402.000,8.0,250,10,2.6,,
2026-08-20T00:43:56.986Z,X1432665,7764,45.74636,9.29016,32917.4,5.8,5.3,332.8,-41.3,0.8,-1.0,RS41-SG,402.000,8.0,-125,10,2.6,,
2026-08-20T00:43:57.986Z,X1432665,7765,45.74641,9.29013,32923.4,6.4,6.1,336.4,-41.3,0.8,-1.0,RS41-SG,402.000,7.8,250,10,2.6,,
2026-08-20T00:43:58.986Z,X1432665,7766,45.74646,9.29009,32929.7,6.1,6.5,333.8,-41.3,0.8,-1.0,RS41-SG,402.000,8.1,-125,10,2.7,,
2026-08-20T00:43:59.986Z,X1432665,7767,45.74651,9.29005,32935.7,5.8,6.3,329.3,-41.3,0.8,-1.0,RS41-SG,402.000,8.1,250,10,2.7,,
2026-08-20T00:44:00.986Z,X1432665,7768,45.74656,9.29001,32941.5,5.8,5.8,327.6,-41.3,0.8,-1.0,RS41-SG,402.000,7.9,250,10,2.6,,
2026-08-20T00:44:01.986Z,X1432665,7769,45.74660,9.28998,32947.4,5.9,4.9,326.7,-41.2,0.8,-1.0,RS41-SG,402.000,7.8,250,9,2.6,,
2026-08-20T00:44:02.986Z,X1432665,7770,45.74663,9.28994,32953.5,6.5,3.9,326.5,-41.2,0.8,-1.0,RS41-SG,402.000,8.3,250,10,2.6,,
2026-08-20T00:44:03.986Z,X1432665,7771,45.74666,9.28992,32960.2,6.8,3.0,325.0,-41.3,0.8,-1.0,RS41-SG,402.000,8.3,250,10,2.7,,
2026-08-20T00:44:07.986Z,X1432665,7775,45.74671,9.28979,32986.1,6.0,4.8,281.0,-41.3,0.8,-1.0,RS41-SG,402.000,7.9,250,10,2.6,,
2026-08-20T00:44:08.986Z,X1432665,7776,45.74672,9.28972,32992.3,6.3,6.6,277.4,-41.3,0.8,-1.0,RS41-SG,402.000,7.9,250,10,2.6,,
2026-08-20T00:44:09.986Z,X1432665,7777,45.74673,9.28962,32998.7,6.5,8.1,277.9,-41.3,0.8,-1.0,RS41-SG,402.000,7.9,250,10,2.6,,
2026-08-20T00:44:15.986Z,X1432665,7783,45.74698,9.28923,33035.2,5.0,9.6,6.5,-41.3,0.8,-1.0,RS41-SG,402.000,7.6,-125,10,2.6,,
2026-08-20T00:44:16.986Z,X1432665,7784,45.74707,9.28925,33040.3,5.3,9.9,11.8,-41.3,0.8,-1.0,RS41-SG,402.000,7.6,250,10,2.7,,
2026-08-20T00:44:17.986Z,X1432665,7785,45.74715,9.28927,33046.2,6.3,8.9,8.6,-41.3,0.8,-1.0,RS41-SG,402.000,8.3,250,10,2.7,,
2026-08-20T00:44:18.986Z,X1432665,7786,45.74722,9.28927,33052.9,7.1,7.1,353.5,-41.3,0.8,-1.0,RS41-SG,402.000,8.3,250,10,2.6,,
2026-08-20T00:44:19.986Z,X1432665,7787,45.74728,9.28924,33059.7,6.5,6.2,322.6,-41.3,0.8,-1.0,RS41-SG,402.000,7.8,250,10,2.6,,
2026-08-20T00:44:20.986Z,X1432665,7788,45.74731,9.28918,33065.4,4.7,7.3,298.1,-41.3,0.8,-1.0,RS41-SG,402.000,7.7,250,10,2.6,,
2026-08-20T00:44:21.986Z,X1432665,7789,45.74734,9.28908,33069.5,3.6,8.8,284.7,-41.3,0.8,-1.0,RS41-SG,402.000,7.6,250,10,2.7,,
2026-08-20T00:44:25.986Z,X1432665,7793,45.74744,9.28869,33093.9,6.9,6.2,325.7,-41.2,0.8,-1.0,RS41-SG,402.000,7.7,250,10,2.6,,
2026-08-20T00:44:26.986Z,X1432665,7794,45.74749,9.28866,33099.8,4.8,6.4,349.7,-41.2,0.8,-1.0,RS41-SG,402.000,8.5,-125,10,2.6,,
2026-08-20T00:44:27.986Z,X1432665,7795,45.74755,9.28866,33104.2,4.0,7.5,5.6,-41.3,0.8,-1.0,RS41-SG,402.000,8.5,-125,10,2.6,,
2026-08-20T00:44:28.986Z,X1432665,7796,45.74762,9.28867,33108.9,5.3,8.3,11.3,-41.3,0.8,-1.0,RS41-SG,402.000,8.3,-125,10,2.7,,
2026-08-20T00:44:29.986Z,X1432665,7797,45.74770,9.28869,33114.9,7.0,8.3,7.3,-41.3,0.8,-1.0,RS41-SG,402.000,7.9,250,10,2.7,,
2026-08-20T00:44:30.986Z,X1432665,7798,45.74777,9.28870,33121.4,5.9,7.7,357.5,-41.3,0.8,-1.0,RS41-SG,402.000,8.3,-125,10,2.7,,
2026-08-20T00:44:31.986Z,X1432665,7799,45.74783,9.28868,33127.0,5.2,7.0,344.4,-41.3,0.8,-1.0,RS41-SG,402.000,8.3,-125,10,2.6,,
2026-08-20T00:44:32.986Z,X1432665,7800,45.74789,9.28865,33132.4,5.5,6.4,331.0,-41.3,0.8,-1.0,RS41-SG,402.000,8.0,250,10,2.6,,
2026-08-20T00:44:34.986Z,X1432665,7802,45.74797,9.28856,33144.6,6.4,5.0,317.0,-41.2,0.8,-1.0,RS41-SG,402.000,7.9,250,10,2.7,,
2026-08-20T00:44:35.986Z,X1432665,7803,45.74800,9.28852,33150.6,5.4,4.4,312.8,-41.2,0.8,-1.0,RS41-SG,402.000,7.9,250,10,2.7,,
2026-08-20T00:44:36.986Z,X1432665,7804,45.74802,9.28848,33156.0,5.2,4.3,308.2,-41.2,0.8,-1.0,RS41-SG,402.000,7.6,250,10,2.6,,
2026-08-20T00:44:37.986Z,X1432665,7805,45.74805,9.28843,33161.3,5.4,4.5,304.6,-41.1,0.8,-1.0,RS41-SG,402.000,7.3,250,10,2.6,,
2026-08-20T00:44:38.986Z,X1432665,7806,45.74807,9.28838,33167.0,5.9,4.9,304.1,-41.0,0.8,-1.0,RS41-SG,402.000,7.8,250,10,2.6,,
2026-08-20T00:44:39.986Z,X1432665,7807,45.74810,9.28833,33173.1,6.3,5.4,306.6,-41.0,0.7,-1.0,RS41-SG,402.000,7.8,250,10,2.7,,
2026-08-20T00:44:40.986Z,X1432665,7808,45.74813,9.28828,33179.2,6.0,5.5,312.1,-40.9,0.8,-1.0,RS41-SG,402.000,7.3,-125,10,2.7,,
2026-08-20T00:44:44.986Z,X1432665,7812,45.74828,9.28821,33202.0,5.8,4.9,33.1,-40.9,0.8,-1.0,RS41-SG,402.000,7.7,-125,10,2.6,,
2026-08-20T00:44:45.986Z,X1432665,7813,45.74831,9.28825,33207.7,5.4,5.6,46.7,-40.9,0.7,-1.0,RS41-SG,402.000,8.5,-125,10,2.6,,
2026-08-20T00:44:46.986Z,X1432665,7814,45.74835,9.28831,33213.1,5.2,5.5,47.6,-40.8,0.7,-1.0,RS41-SG,402.000,8.5,-125,10,2.7,,
2026-08-20T00:44:47.986Z,X1432665,7815,45.74838,9.28835,33218.7,6.0,4.5,37.1,-40.8,0.7,-1.0,RS41-SG,402.000,8.2,250,10,2.7,,
2026-08-20T00:44:48.986Z,X1432665,7816,45.74841,9.28837,33224.8,6.0,3.6,1.3,-40.8,0.8,-1.0,RS41-SG,402.000,8.2,-125,10,2.7,,
2026-08-20T00:44:49.986Z,X1432665,7817,45.74845,9.28835,33230.7,5.7,4.7,323.3,-40.9,0.7,-1.0,RS41-SG,402.000,8.1,250,10,2.6,,
2026-08-20T00:44:50.986Z,X1432665,7818,45.74848,9.28830,33236.4,5.3,6.6,302.3,-40.9,0.7,-1.0,RS41-SG,402.000,7.8,250,10,2.6,,
2026-08-20T00:44:57.986Z,X1432665,7825,45.74857,9.28807,33274.9,4.4,7.0,84.7,-40.8,0.8,-1.0,RS41-SG,402.000,8.6,-125,10,2.7,,
2026-08-20T00:44:58.986Z,X1432665,7826,45.74858,9.28817,33279.4,4.9,8.0,80.7,-40.8,0.7,-1.0,RS41-SG,402.000,8.6,-125,10,2.7,,
2026-08-20T00:45:00.986Z,X1432665,7828,45.74862,9.28833,33292.3,7.6,4.7,48.1,-40.7,0.8,-1.0,RS41-SG,402.000,8.2,250,10,2.6,,
2026-08-20T00:45:01.986Z,X1432665,7829,45.74865,9.28835,33299.4,6.7,4.0,354.7,-40.7,0.7,-1.0,RS41-SG,402.000,8.2,-125,10,2.6,,
2026-08-20T00:45:02.986Z,X1432665,7830,45.74869,9.28832,33304.7,4.0,5.8,321.1,-40.7,0.8,-1.0,RS41-SG,402.000,8.1,250,10,2.6,,
2026-08-20T00:45:03.986Z,X1432665,7831,45.74873,9.28826,33308.1,2.9,8.0,305.8,-40.7,0.8,-1.0,RS41-SG,402.000,8.1,250,10,2.6,,
2026-08-20T00:45:07.986Z,X1432665,7835,45.74885,9.28794,33331.5,5.7,2.7,308.0,-40.7,0.8,-1.0,RS41-SG,402.000,7.5,250,10,2.6,,
2026-08-20T00:45:08.986Z,X1432665,7836,45.74886,9.28794,33336.5,4.4,1.1,42.5,-40.6,0.7,-1.0,RS41-SG,402.000,7.5,250,10,2.6,,
2026-08-20T00:45:09.986Z,X1432665,7837,45.74887,9.28796,33340.8,4.4,3.0,87.3,-40.6,0.7,-1.0,RS41-SG,402.000,7.9,250,10,2.6,,
2026-08-20T00:45:10.986Z,X1432665,7838,45.74887,9.28801,33345.7,5.6,4.4,94.8,-40.6,0.7,-1.0,RS41-SG,402.000,7.9,250,10,2.7,,
2026-08-20T00:45:11.986Z,X1432665,7839,45.74886,9.28806,33351.8,6.5,4.4,97.2,-40.6,0.7,-1.0,RS41-SG,402.000,8.0,-125,10,2.7,,
2026-08-20T00:45:12.986Z,X1432665,7840,45.74886,9.28812,33357.6,5.3,3.9,98.5,-40.6,0.8,-1.0,RS41-SG,402.000,8.0,-125,10,2.6,,
2026-08-20T00:45:13.986Z,X1432665,7841,45.74885,9.28816,33362.5,4.8,3.1,95.4,-40.5,0.8,-1.0,RS41-SG,402.000,7.9,250,10,2.6,,
2026-08-20T00:45:14.986Z,X1432665,7842,45.74885,9.28820,33367.3,4.9,2.4,87.0,-40.5,0.7,-1.0,RS41-SG,402.000,8.0,250,10,2.6,,
2026-08-20T00:45:15.986Z,X1432665,7843,45.74886,9.28822,33372.6,5.7,1.9,72.4,-40.5,0.7,-1.0,RS41-SG,402.000,8.1,250,10,2.7,,
2026-08-20T00:45:16.986Z,X1432665,7844,45.74886,9.28824,33378.7,6.4,1.8,57.8,-40.4,0.7,-1.0,RS41-SG,402.000,8.1,-125,10,2.7,,
2026-08-20T00:45:17.986Z,X1432665,7845,45.74887,9.28826,33384.8,5.9,1.7,46.5,-40.4,0.7,-1.0,RS41-SG,402.000,8.0,250,10,2.7,,
2026-08-20T00:45:18.986Z,X1432665,7846,45.74888,9.28827,33390.2,5.0,1.2,30.3,-40.3,0.7,-1.0,RS41-SG,402.000,7.9,250,10,2.6,,
2026-08-20T00:45:19.986Z,X1432665,7847,45.74889,9.28828,33395.3,5.0,0.9,330.7,-40.3,0.7,-1.0,RS41-SG,402.000,7.5,250,10,2.6,,
2026-08-20T00:45:20.986Z,X1432665,7848,45.74890,9.28826,33400.6,5.7,1.9,280.9,-40.3,0.7,-1.0,RS41-SG,402.000,7.2,250,10,2.6,,
2026-08-20T00:45:26.986Z,X1432665,7854,45.74882,9.28819,33437.3,5.4,5.8,118.0,-40.2,0.7,-1.0,RS41-SG,402.000,7.7,250,10,2.6,,
2026-08-20T00:45:27.986Z,X1432665,7855,45.74880,9.28827,33442.2,4.5,7.3,109.4,-40.2,0.7,-1.0,RS41-SG,402.000,7.9,-125,10,2.6,,
2026-08-20T00:45:28.986Z,X1432665,7856,45.74878,9.28836,33446.9,5.2,7.8,102.4,-40.2,0.7,-1.0,RS41-SG,402.000,7.9,-125,10,2.7,,
2026-08-20T00:45:29.986Z,X1432665,7857,45.74877,9.28845,33452.6,6.0,6.9,96.4,-40.2,0.7,-1.0,RS41-SG,402.000,7.8,-125,10,2.7,,
2026-08-20T00:45:30.986Z,X1432665,7858,45.74876,9.28853,33458.9,6.6,4.8,89.1,-40.2,0.7,-1.0,RS41-SG,402.000,7.9,250,10,2.6,,
2026-08-20T00:45:31.986Z,X1432665,7859,45.74877,9.28857,33465.2,6.1,2.6,75.7,-40.2,0.7,-1.0,RS41-SG,402.000,7.9,250,10,2.6,,
2026-08-20T00:45:32.986Z,X1432665,7860,45.74878,9.28859,33470.6,4.7,1.2,34.9,-40.2,0.8,-1.0,RS41-SG,402.000,7.4,-125,10,2.6,,
2026-08-20T00:45:33.986Z,X1432665,7861,45.74878,9.28860,33475.1,4.5,1.0,334.7,-40.2,0.7,-1.0,RS41-SG,402.000,6.6,250,10,2.7,,
2026-08-20T00:45:34.986Z,X1432665,7862,45.74879,9.28859,33479.9,5.3,0.7,326.2,-40.2,0.7,-1.0,RS41-SG,402.000,6.7,-125,10,2.7,,
2026-08-20T00:45:36.986Z,X1432665,7864,45.74878,9.28862,33492.1,6.1,3.2,119.8,-40.1,0.7,-1.0,RS41-SG,402.000,7.5,-125,10,2.6,,
2026-08-20T00:45:38.986Z,X1432665,7866,45.74873,9.28872,33502.4,4.8,6.6,126.1,-40.1,0.7,-1.0,RS41-SG,402.000,7.3,-125,10,2.6,,
2026-08-20T00:45:39.986Z,X1432665,7867,45.74870,9.28879,33507.5,5.5,7.0,131.7,-40.1,0.7,-1.0,RS41-SG,402.000,7.3,250,10,2.6,,
2026-08-20T00:45:40.986Z,X1432665,7868,45.74865,9.28885,33513.5,6.4,6.3,140.5,-40.1,0.7,-1.0,RS41-SG,402.000,7.3,250,9,2.7,,
2026-08-20T00:45:41.986Z,X1432665,7869,45.74861,9.28889,33519.9,6.6,4.9,155.0,-40.0,0.7,-1.0,RS41-SG,402.000,7.6,250,10,2.7,,
2026-08-20T00:45:42.986Z,X1432665,7870,45.74858,9.28890,33526.3,6.1,3.8,175.5,-40.0,0.7,-1.0,RS41-SG,402.000,7.7,250,10,2.7,,
2026-08-20T00:45:43.986Z,X1432665,7871,45.74855,9.28890,33532.2,5.6,3.1,201.0,-40.0,0.7,-1.0,RS41-SG,402.000,7.7,250,9,2.6,,
2026-08-20T00:45:44.986Z,X1432665,7872,45.74852,9.28888,33537.7,5.4,2.6,225.9,-39.9,0.7,-1.0,RS41-SG,402.000,7.8,250,9,2.6,,
2026-08-20T00:45:48.986Z,X1432665,7876,45.74855,9.28885,33559.7,5.1,3.7,31.8,-39.9,0.7,-1.0,RS41-SG,402.000,7.2,-125,9,2.6,,
2026-08-20T00:45:50.986Z,X1432665,7878,45.74861,9.28891,33570.4,5.8,3.7,37.5,-39.9,0.7,-1.0,RS41-SG,402.000,7.6,-125,10,2.6,,
2026-08-20T00:45:55.986Z,X1432665,7883,45.74853,9.28880,33597.2,3.9,7.8,214.1,-39.8,0.7,-1.0,RS41-SG,402.000,7.9,250,10,2.6,,
2026-08-20T00:45:56.986Z,X1432665,7884,45.74847,9.28875,33601.7,5.1,7.7,206.2,-39.8,0.7,-1.0,RS41-SG,402.000,7.9,-125,10,2.6,,
2026-08-20T00:45:59.986Z,X1432665,7887,45.74836,9.28873,33620.0,5.2,2.2,112.1,-39.8,0.7,-1.0,RS41-SG,402.000,7.8,250,10,2.7,,
2026-08-20T00:46:00.986Z,X1432665,7888,45.74836,9.28876,33624.6,4.1,3.2,57.4,-39.8,0.7,-1.0,RS41-SG,402.000,7.9,250,10,2.7,,
2026-08-20T00:46:01.986Z,X1432665,7889,45.74839,9.28879,33629.0,4.5,4.4,27.3,-39.8,0.7,-1.0,RS41-SG,402.000,8.5,250,10,2.6,,
2026-08-20T00:46:02.986Z,X1432665,7890,45.74843,9.28880,33634.1,5.7,5.1,359.3,-39.8,0.7,-1.0,RS41-SG,402.000,8.5,250,10,2.6,,
2026-08-20T00:46:03.986Z,X1432665,7891,45.74847,9.28879,33639.9,6.0,5.7,333.1,-39.8,0.7,-1.0,RS41-SG,402.000,8.2,250,10,2.6,,
2026-08-20T00:46:10.986Z,X1432665,7898,45.74854,9.28838,33677.8,4.2,2.6,185.5,-39.8,0.7,-1.0,RS41-SG,402.000,6.6,250,10,2.7,,
2026-08-20T00:46:11.986Z,X1432665,7899,45.74851,9.28838,33682.4,5.0,3.7,158.4,-39.8,0.7,-1.0,RS41-SG,402.000,7.4,250,10,2.7,,
2026-08-20T00:46:14.986Z,X1432665,7902,45.74840,9.28846,33699.0,5.6,4.0,150.5,-39.8,0.7,-1.0,RS41-SG,402.000,7.7,250,10,2.6,,
2026-08-20T00:46:15.986Z,X1432665,7903,45.74838,9.28848,33704.5,5.6,2.7,137.5,-39.7,0.7,-1.0,RS41-SG,402.000,7.7,-125,10,2.6,,
2026-08-20T00:46:16.986Z,X1432665,7904,45.74837,9.28851,33710.2,5.8,1.8,89.0,-39.7,0.7,-1.0,RS41-SG,402.000,7.8,250,10,2.7,,
2026-08-20T00:46:17.986Z,X1432665,7905,45.74838,9.28853,33716.1,5.8,2.6,39.0,-39.6,0.7,-1.0,RS41-SG,402.000,7.8,-125,10,2.7,,
2026-08-20T00:46:18.986Z,X1432665,7906,45.74840,9.28855,33721.7,5.4,3.6,21.9,-39.6,0.7,-1.0,RS41-SG,402.000,7.7,-125,10,2.7,,
2026-08-20T00:46:19.986Z,X1432665,7907,45.74843,9.28856,33726.9,5.2,3.6,8.4,-39.5,0.7,-1.0,RS41-SG,402.000,7.2,250,10,2.6,,
2026-08-20T00:46:20.986Z,X1432665,7908,45.74846,9.28856,33732.2,5.6,2.7,348.2,-39.5,0.7,-1.0,RS41-SG,402.000,7.2,250,10,2.6,,
2026-08-20T00:46:21.986Z,X1432665,7909,45.74848,9.28854,33738.0,6.0,2.1,286.0,-39.5,0.7,-1.0,RS41-SG,402.000,7.3,250,10,2.6,,
2026-08-20T00:46:22.986Z,X1432665,7910,45.74847,9.28851,33743.9,5.8,3.9,240.9,-39.5,0.7,-1.0,RS41-SG,402.000,8.6,250,10,2.7,,
2026-08-20T00:46:23.986Z,X1432665,7911,45.74844,9.28846,33749.0,4.5,5.8,223.6,-39.5,0.7,-1.0,RS41-SG,402.000,8.6,250,10,2.7,,
2026-08-20T00:46:25.986Z,X1432665,7913,45.74834,9.28837,33758.6,5.6,6.9,197.1,-39.4,0.7,-1.0,RS41-SG,402.000,7.4,250,10,2.6,,
2026-08-20T00:46:26.986Z,X1432665,7914,45.74828,9.28837,33764.6,6.3,6.0,174.8,-39.4,0.7,-1.0,RS41-SG,402.000,7.6,250,10,2.6,,
2026-08-20T00:46:27.986Z,X1432665,7915,45.74824,9.28839,33770.8,6.2,5.3,142.6,-39.4,0.7,-1.0,RS41-SG,402.000,7.6,250,10,2.7,,
2026-08-20T00:46:28.986Z,X1432665,7916,45.74821,9.28844,33776.5,5.1,5.6,112.6,-39.4,0.7,-1.0,RS41-SG,402.000,7.9,250,10,2.7,,
2026-08-20T00:46:29.986Z,X1432665,7917,45.74820,9.28852,33780.8,3.7,6.3,93.6,-39.4,0.7,-1.0,RS41-SG,402.000,8.1,-125,10,2.7,,
2026-08-20T00:46:30.986Z,X1432665,7918,45.74820,9.28860,33784.9,4.6,6.2,78.7,-39.3,0.7,-1.0,RS41-SG,402.000,8.1,-125,10,2.6,,
2026-08-20T00:46:31.986Z,X1432665,7919,45.74822,9.28866,33790.2,6.1,4.9,67.8,-39.3,0.7,-1.0,RS41-SG,402.000,7.8,250,9,2.6,,
2026-08-20T00:46:32.986Z,X1432665,7920,45.74823,9.28870,33796.7,6.8,2.4,48.7,-39.3,0.7,-1.0,RS41-SG,402.000,8.0,250,9,2.6,,
2026-08-20T00:46:33.986Z,X1432665,7921,45.74824,9.28871,33802.7,5.2,0.8,307.5,-39.3,0.7,-1.0,RS41-SG,402.000,8.4,250,9,2.6,,
2026-08-20T00:46:34.986Z,X1432665,7922,45.74824,9.28869,33807.3,3.7,2.7,255.0,-39.3,0.7,-1.0,RS41-SG,402.000,8.4,250,10,2.7,,
2026-08-20T00:46:36.986Z,X1432665,7924,45.74820,9.28860,33815.9,5.5,4.8,230.8,-39.4,0.7,-1.0,RS41-SG,402.000,7.2,-125,10,2.7,,
2026-08-20T00:46:37.986Z,X1432665,7925,45.74818,9.28856,33821.9,6.6,4.0,212.2,-39.4,0.7,-1.0,RS41-SG,402.000,7.2,250,10,2.6,,
2026-08-20T00:46:39.986Z,X1432665,7927,45.74812,9.28856,33834.1,4.8,3.7,151.2,-39.4,0.7,-1.0,RS41-SG,402.000,7.1,250,10,2.6,,
2026-08-20T00:46:40.986Z,X1432665,7928,45.74809,9.28859,33838.7,4.5,4.5,134.2,-39.4,0.7,-1.0,RS41-SG,402.000,7.2,250,10,2.7,,
2026-08-20T00:46:41.986Z,X1432665,7929,45.74806,9.28864,33843.7,5.4,4.8,128.8,-39.4,0.7,-1.0,RS41-SG,402.000,7.6,-125,10,2.7,,
2026-08-20T00:46:42.986Z,X1432665,7930,45.74803,9.28868,33849.6,6.4,4.3,130.8,-39.4,0.7,-1.0,RS41-SG,402.000,7.7,250,10,2.6,,
2026-08-20T00:46:43.986Z,X1432665,7931,45.74801,9.28872,33855.7,5.5,3.3,140.3,-39.4,0.7,-1.0,RS41-SG,402.000,7.7,-125,10,2.6,,
2026-08-20T00:46:44.986Z,X1432665,7932,45.74799,9.28874,33861.0,5.0,2.3,158.1,-39.4,0.7,-1.0,RS41-SG,402.000,7.5,250,10,2.6,,
2026-08-20T00:46:45.986Z,X1432665,7933,45.74797,9.28874,33866.1,5.1,1.3,186.9,-39.4,0.7,-1.0,RS41-SG,402.000,7.1,250,10,2.7,,
2026-08-20T00:46:46.986Z,X1432665,7934,45.74797,9.28874,33871.5,5.9,0.7,225.1,-39.4,0.7,-1.0,RS41-SG,402.000,7.9,-125,10,2.7,,
2026-08-20T00:46:47.986Z,X1432665,7935,45.74796,9.28873,33877.3,5.8,0.5,285.7,-39.5,0.7,-1.0,RS41-SG,402.000,7.9,-125,10,2.7,,
2026-08-20T00:46:49.986Z,X1432665,7937,45.74797,9.28871,33888.4,5.5,1.1,270.1,-39.4,0.7,-1.0,RS41-SG,402.000,6.8,-125,10,2.6,,
2026-08-20T00:46:50.986Z,X1432665,7938,45.74797,9.28869,33894.0,5.5,2.3,243.6,-39.4,0.7,-1.0,RS41-SG,402.000,7.1,250,10,2.6,,
2026-08-20T00:46:51.986Z,X1432665,7939,45.74795,9.28866,33899.5,5.5,3.8,232.7,-39.4,0.7,-1.0,RS41-SG,402.000,7.7,250,10,2.6,,
2026-08-20T00:46:52.986Z,X1432665,7940,45.74792,9.28862,33905.0,5.3,5.3,227.9,-39.3,0.7,-1.0,RS41-SG,402.000,7.8,250,10,2.7,,
2026-08-20T00:46:56.986Z,X1432665,7944,45.74778,9.28841,33926.1,5.6,3.5,230.3,-39.4,0.7,-1.0,RS41-SG,402.000,7.1,-125,10,2.6,,
2026-08-20T00:47:05.986Z,X1432665,7953,45.74785,9.28822,33974.9,3.6,10.9,240.3,-39.1,0.7,-1.0,RS41-SG,402.000,7.7,250,10,2.7,,
2026-08-20T00:47:06.986Z,X1432665,7954,45.74780,9.28809,33978.7,4.0,12.9,239.6,-39.0,0.7,-1.0,RS41-SG,402.000,7.7,250,10,2.6,,
2026-08-20T00:47:14.986Z,X1432665,7962,45.74784,9.28765,34021.2,7.1,3.7,17.4,-38.6,0.7,-1.0,RS41-SG,402.000,6.6,-125,10,2.6,,
2026-08-20T00:47:15.986Z,X1432665,7963,45.74786,9.28765,34028.4,7.2,1.5,316.1,-38.6,0.7,-1.0,RS41-SG,402.000,7.4,250,10,2.6,,
2026-08-20T00:47:16.986Z,X1432665,7964,45.74786,9.28762,34035.1,6.1,4.0,251.8,-38.6,0.6,-1.0,RS41-SG,402.000,8.0,250,10,2.7,,
2026-08-20T00:47:17.986Z,X1432665,7965,45.74784,9.28755,34040.5,4.5,7.1,245.0,-38.6,0.6,-1.0,RS41-SG,402.000,8.0,250,10,2.7,,
2026-08-20T00:47:18.986Z,X1432665,7966,45.74781,9.28746,34044.5,3.5,9.8,246.8,-38.5,0.7,-1.0,RS41-SG,402.000,7.5,250,9,2.6,,
2026-08-20T00:47:19.986Z,X1432665,7967,45.74778,9.28733,34048.4,4.3,11.4,251.1,-38.5,0.6,-1.0,RS41-SG,402.000,7.5,250,9,2.6,,
2026-08-20T00:47:25.986Z,X1432665,7973,45.74788,9.28677,34081.6,4.8,6.0,342.2,-38.4,0.7,-1.0,RS41-SG,402.000,7.3,250,10,2.6,,
2026-08-20T00:47:26.986Z,X1432665,7974,45.74793,9.28675,34087.1,6.4,4.6,339.1,-38.4,0.7,-1.0,RS41-SG,402.000,7.4,250,10,2.6,,
2026-08-20T00:47:27.986Z,X1432665,7975,45.74796,9.28672,34093.9,7.2,3.3,303.4,-38.4,0.7,-1.0,RS41-SG,402.000,7.4,250,9,2.6,,
2026-08-20T00:47:28.986Z,X1432665,7976,45.74796,9.28668,34100.9,6.6,4.5,259.4,-38.3,0.7,-1.0,RS41-SG,402.000,7.7,250,10,2.7,,
2026-08-20T00:47:29.986Z,X1432665,7977,45.74794,9.28661,34106.3,4.5,6.8,244.1,-38.3,0.7,-1.0,RS41-SG,402.000,8.1,250,10,2.7,,
2026-08-20T00:47:30.986Z,X1432665,7978,45.74791,9.28652,34110.4,3.6,8.9,239.2,-38.3,0.7,-1.0,RS41-SG,402.000,8.1,250,10,2.7,,
2026-08-20T00:47:31.986Z,X1432665,7979,45.74787,9.28641,34114.4,4.3,10.1,239.1,-38.3,0.7,-1.0,RS41-SG,402.000,8.5,250,10,2.6,,
2026-08-20T00:47:32.986Z,X1432665,7980,45.74782,9.28630,34119.4,5.6,9.8,243.9,-38.4,0.7,-1.0,RS41-SG,402.000,8.5,250,10,2.6,,
2026-08-20T00:47:33.986Z,X1432665,7981,45.74779,9.28619,34125.5,6.7,8.4,253.2,-38.4,0.7,-1.0,RS41-SG,402.000,7.9,250,10,2.6,,
2026-08-20T00:47:34.986Z,X1432665,7982,45.74778,9.28610,34132.1,6.4,6.9,266.4,-38.4,0.7,-1.0,RS41-SG,402.000,7.9,250,10,2.7,,
2026-08-20T00:47:35.986Z,X1432665,7983,45.74778,9.28602,34137.8,4.9,6.3,283.3,-38.3,0.7,-1.0,RS41-SG,402.000,7.7,250,9,2.7,,
2026-08-20T00:47:36.986Z,X1432665,7984,45.74780,9.28594,34142.6,4.8,6.3,297.3,-38.3,0.7,-1.0,RS41-SG,402.000,7.7,250,10,2.6,,
2026-08-20T00:47:37.986Z,X1432665,7985,45.74783,9.28587,34147.6,5.4,6.8,301.7,-38.3,0.7,-1.0,RS41-SG,402.000,7.6,250,10,2.6,,
2026-08-20T00:47:38.986Z,X1432665,7986,45.74786,9.28579,34153.5,6.6,7.4,296.1,-38.3,0.7,-1.0,RS41-SG,402.000,7.5,250,10,2.6,,
2026-08-20T00:47:40.986Z,X1432665,7988,45.74790,9.28559,34165.9,5.2,8.7,274.1,-38.3,0.7,-1.0,RS41-SG,402.000,6.8,250,10,2.7,,
2026-08-20T00:47:43.986Z,X1432665,7991,45.74787,9.28526,34181.9,6.5,7.7,253.9,-38.2,0.7,-1.0,RS41,402.000,6.6,250,10,2.6,,
2026-08-20T00:47:45.986Z,X1432665,7993,45.74784,9.28510,34194.0,5.3,5.1,257.8,-38.1,0.7,-1.0,RS41,402.000,7.7,250,9,2.7,,
2026-08-20T00:47:47.986Z,X1432665,7995,45.74784,9.28498,34205.0,5.7,5.0,278.4,-38.0,0.7,-1.0,RS41,402.000,7.0,-125,10,2.6,,
2026-08-20T00:47:48.986Z,X1432665,7996,45.74785,9.28491,34210.8,6.0,6.1,282.7,-38.0,0.7,-1.0,RS41,402.000,7.6,250,10,2.6,,
2026-08-20T00:47:49.986Z,X1432665,7997,45.74786,9.28483,34217.0,6.2,7.7,285.4,-38.0,0.7,-1.0,RS41,402.000,7.6,250,10,2.6,,
2026-08-20T00:47:50.986Z,X1432665,7998,45.74788,9.28473,34223.0,5.8,9.0,286.8,-38.0,0.6,-1.0,RS41,402.000,7.5,250,10,2.7,,
2026-08-20T00:47:54.986Z,X1432665,8002,45.74802,9.28431,34245.1,6.3,7.6,313.5,-37.7,0.6,-1.0,RS41,402.000,6.8,250,9,2.6,,
2026-08-20T00:47:55.986Z,X1432665,8003,45.74807,9.28425,34251.4,6.3,6.2,326.6,-37.6,0.6,-1.0,RS41,402.000,7.2,250,10,2.6,,
2026-08-20T00:47:56.986Z,X1432665,8004,45.74811,9.28422,34257.5,5.9,4.8,340.5,-37.6,0.6,-1.0,RS41,402.000,7.9,-125,10,2.6,,
2026-08-20T00:48:02.986Z,X1432665,8010,45.74811,9.28398,34291.9,5.3,8.9,255.0,-37.5,0.6,-1.0,RS41,402.000,7.6,250,10,2.6,,
2026-08-20T00:48:03.986Z,X1432665,8011,45.74809,9.28386,34297.5,5.8,9.9,267.7,-37.5,0.6,-1.0,RS41,402.000,7.7,250,10,2.7,,
2026-08-20T00:48:04.986Z,X1432665,8012,45.74810,9.28373,34303.5,6.1,10.2,284.8,-37.5,0.6,-1.0,RS41,402.000,7.7,250,10,2.7,,
2026-08-20T00:48:11.986Z,X1432665,8019,45.74847,9.28333,34346.0,6.1,2.2,237.1,-37.6,0.7,-1.0,RS41,402.000,7.6,250,10,2.6,,
2026-08-20T00:48:12.986Z,X1432665,8020,45.74845,9.28330,34351.2,4.3,5.1,215.3,-37.6,0.6,-1.0,RS41,402.000,7.3,250,10,2.6,,
2026-08-20T00:48:13.986Z,X1432665,8021,45.74840,9.28325,34355.3,3.9,7.7,215.6,-37.5,0.6,-1.0,RS41,402.000,7.4,250,10,2.6,,
2026-08-20T00:48:14.986Z,X1432665,8022,45.74834,9.28318,34359.9,5.4,9.1,222.9,-37.6,0.6,-1.0,RS41,402.000,7.4,250,10,2.6,,
2026-08-20T00:48:16.986Z,X1432665,8024,45.74826,9.28300,34373.4,7.2,8.3,256.2,-37.5,0.6,-1.0,RS41,402.000,6.6,250,10,2.7,,
2026-08-20T00:48:20.986Z,X1432665,8028,45.74836,9.28260,34393.9,5.7,8.9,308.0,-37.4,0.6,-1.0,RS41,402.000,7.2,250,10,2.6,,
2026-08-20T00:48:21.986Z,X1432665,8029,45.74840,9.28252,34400.3,7.1,7.8,304.0,-37.4,0.6,-1.0,RS41,402.000,7.2,250,10,2.7,,
2026-08-20T00:48:22.986Z,X1432665,8030,45.74843,9.28244,34407.3,7.0,6.5,293.5,-37.4,0.6,-1.0,RS41,402.000,7.4,250,10,2.7,,
2026-08-20T00:48:23.986Z,X1432665,8031,45.74845,9.28236,34413.3,5.1,5.6,279.5,-37.3,0.7,-1.0,RS41,402.000,7.4,250,10,2.6,,
2026-08-20T00:48:25.986Z,X1432665,8033,45.74844,9.28224,34422.9,5.2,4.3,243.8,-37.3,0.6,-1.0,RS41,402.000,7.1,250,9,2.6,,
2026-08-20T00:48:27.986Z,X1432665,8035,45.74841,9.28217,34435.0,6.3,3.0,241.0,-37.4,0.7,-1.0,RS41,402.000,6.8,-125,10,2.7,,
2026-08-20T00:48:28.986Z,X1432665,8036,45.74840,9.28213,34441.0,5.7,3.0,258.7,-37.3,0.6,-1.0,RS41,402.000,7.2,250,10,2.7,,
2026-08-20T00:48:29.986Z,X1432665,8037,45.74840,9.28209,34446.7,5.6,3.9,272.8,-37.3,0.6,-1.0,RS41,402.000,7.5,250,10,2.6,,
2026-08-20T00:48:30.986Z,X1432665,8038,45.74840,9.28203,34452.4,5.7,5.5,276.6,-37.3,0.6,-1.0,RS41,402.000,7.5,250,10,2.6,,
2026-08-20T00:48:43.986Z,X1432665,8051,45.74857,9.28129,34529.9,5.7,6.0,236.1,-37.4,0.7,-1.0,RS41,402.000,7.1,250,10,2.6,,
2026-08-20T00:49:41.986Z,X1432665,8109,45.74832,9.27749,34197.7,-86.0,3.0,201.4,-35.3,0.5,-1.0,RS41,402.000,7.0,250,9,2.5,,
2026-08-20T00:49:42.986Z,X1432665,8110,45.74831,9.27745,34117.4,-74.5,6.0,285.1,-35.8,0.6,-1.0,RS41,402.000,7.0,250,10,2.6,,
2026-08-20T00:49:43.986Z,X1432665,8111,45.74833,9.27736,34042.3,-75.9,8.1,288.9,-36.2,0.6,-1.0,RS41,402.000,7.7,250,10,2.7,,
2026-08-20T00:49:44.986Z,X1432665,8112,45.74835,9.27727,33965.5,-76.1,7.4,290.8,-36.7,0.6,-1.0,RS41,402.000,7.7,250,10,2.7,,
2026-08-20T00:49:45.986Z,X1432665,8113,45.74838,9.27718,33889.1,-76.8,7.6,289.4,-37.1,0.7,-1.0,RS41,402.000,7.2,250,9,2.5,,
2026-08-20T00:49:50.986Z,X1432665,8118,45.74838,9.27680,33500.0,-82.6,5.2,250.5,-37.7,0.7,-1.0,RS41,402.000,6.7,250,9,2.5,,
