timestamp,serial,frame,lat,lon,alt,vel_v,vel_h,heading,temp,humidity,pressure,type,freq_mhz,snr,f_error_hz,sats,batt_v,burst_timer,aux_data
2026-08-24T00:30:39.993Z,W4140647,6989,46.87099,7.54350,29627.3,6.0,17.2,281.1,-273.0,-1.0,-1.0,RS41,403.500,6.8,250,10,2.5,,
2026-08-24T00:30:45.993Z,W4140647,6995,46.87113,7.54235,29665.4,6.3,11.3,276.3,-273.0,-1.0,-1.0,RS41,403.500,7.4,250,10,2.5,,
2026-08-24T00:30:47.993Z,W4140647,6997,46.87113,7.54205,29678.4,6.0,12.2,267.7,-273.0,-1.0,-1.0,RS41,403.500,7.3,250,10,2.6,,
2026-08-24T00:30:48.993Z,W4140647,6998,46.87113,7.54188,29684.2,5.6,12.7,268.9,-273.0,-1.0,-1.0,RS41,403.500,7.3,250,10,2.6,,
2026-08-24T00:30:49.993Z,W4140647,6999,46.87113,7.54172,29690.1,6.2,13.0,273.4,-273.0,-1.0,-1.0,RS41,403.500,7.2,250,10,2.5,,
2026-08-24T00:30:50.993Z,W4140647,7000,46.87115,7.54155,29696.8,7.2,13.1,281.1,-273.0,-1.0,-1.0,RS41,403.500,7.2,250,10,2.5,,
2026-08-24T00:30:51.993Z,W4140647,7001,46.87118,7.54138,29704.0,6.9,13.3,288.6,-273.0,-1.0,-1.0,RS41,403.500,6.7,250,10,2.5,,
2026-08-24T00:30:52.993Z,W4140647,7002,46.87122,7.54122,29710.3,5.7,13.7,293.4,-273.0,-1.0,-1.0,RS41,403.500,6.9,250,10,2.5,,
2026-08-24T00:30:53.993Z,W4140647,7003,46.87127,7.54105,29715.9,5.6,14.2,295.1,-273.0,-1.0,-1.0,RS41,403.500,6.9,250,10,2.6,,
2026-08-24T00:30:54.993Z,W4140647,7004,46.87133,7.54088,29721.9,6.3,15.0,293.3,-273.0,-1.0,-1.0,RS41,403.500,7.7,250,10,2.6,,
2026-08-24T00:30:55.993Z,W4140647,7005,46.87138,7.54069,29728.4,6.8,15.7,288.9,-273.0,-1.0,-1.0,RS41,403.500,7.7,250,10,2.6,,
2026-08-24T00:30:56.993Z,W4140647,7006,46.87141,7.54049,29735.3,6.9,16.1,283.5,-273.0,-1.0,-1.0,RS41,403.500,7.7,250,10,2.5,,
2026-08-24T00:31:00.993Z,W4140647,7010,46.87150,7.53978,29761.0,7.0,9.9,283.1,-273.0,-1.0,-1.0,RS41,403.500,7.1,250,10,2.6,,
2026-08-24T00:31:01.993Z,W4140647,7011,46.87152,7.53967,29767.1,5.3,8.4,289.4,-273.0,-1.0,-1.0,RS41,403.500,7.2,250,10,2.6,,
2026-08-24T00:31:03.993Z,W4140647,7013,46.87158,7.53948,29777.8,6.5,7.5,294.2,-273.0,-1.0,-1.0,RS41,403.500,7.0,250,10,2.5,,
2026-08-24T00:31:04.993Z,W4140647,7014,46.87161,7.53938,29784.8,7.5,8.6,289.6,-273.0,-1.0,-1.0,RS41,403.500,7.2,250,10,2.5,,
2026-08-24T00:31:05.993Z,W4140647,7015,46.87163,7.53927,29791.8,6.3,9.9,285.8,-273.0,-1.0,-1.0,RS41,403.500,7.5,250,10,2.6,,
2026-08-24T00:31:06.993Z,W4140647,7016,46.87166,7.53914,29797.8,5.8,11.0,285.1,-273.0,-1.0,-1.0,RS41,403.500,7.5,250,10,2.6,,
2026-08-24T00:31:16.993Z,W4140647,7026,46.87205,7.53774,29862.3,7.0,8.9,288.5,-273.0,-1.0,-1.0,RS41,403.500,6.5,250,10,2.5,,
2026-08-24T00:31:18.993Z,W4140647,7028,46.87211,7.53755,29875.2,5.2,7.3,304.2,-273.0,-1.0,-1.0,RS41,403.500,6.7,250,10,2.5,,
2026-08-24T00:31:19.993Z,W4140647,7029,46.87215,7.53747,29880.4,5.4,6.9,306.8,-273.0,-1.0,-1.0,RS41,403.500,7.4,250,10,2.6,,
2026-08-24T00:31:20.993Z,W4140647,7030,46.87218,7.53740,29886.5,6.8,6.8,298.8,-273.0,-1.0,-1.0,RS41,403.500,7.4,250,10,2.6,,
2026-08-24T00:31:21.993Z,W4140647,7031,46.87220,7.53732,29893.4,7.0,7.1,285.9,-273.0,-1.0,-1.0,RS41,403.500,7.4,250,10,2.5,,
2026-08-24T00:31:22.993Z,W4140647,7032,46.87222,7.53722,29899.9,5.8,7.7,276.2,-273.0,-1.0,-1.0,RS41,403.500,7.4,250,10,2.5,,
2026-08-24T00:31:23.993Z,W4140647,7033,46.87222,7.53712,29905.5,5.4,8.1,270.7,-273.0,-1.0,-1.0,RS41,403.500,7.0,250,10,2.5,,
2026-08-24T00:31:24.993Z,W4140647,7034,46.87222,7.53701,29911.2,6.0,8.1,270.8,-273.0,-1.0,-1.0,RS41,403.500,7.9,250,10,2.6,,
2026-08-24T00:31:25.993Z,W4140647,7035,46.87223,7.53691,29917.5,6.6,7.7,275.9,-273.0,-1.0,-1.0,RS41,403.500,7.9,250,10,2.6,,
2026-08-24T00:31:26.993Z,W4140647,7036,46.87224,7.53681,29924.3,6.9,7.4,285.0,-273.0,-1.0,-1.0,RS41,403.500,8.0,250,10,2.6,,
2026-08-24T00:31:27.993Z,W4140647,7037,46.87226,7.53672,29930.9,6.1,7.3,292.4,-273.0,-1.0,-1.0,RS41,403.500,8.0,250,10,2.5,,
2026-08-24T00:31:28.993Z,W4140647,7038,46.87228,7.53664,29936.5,5.2,7.3,294.6,-273.0,-1.0,-1.0,RS41,403.500,8.4,250,10,2.5,,
2026-08-24T00:31:29.993Z,W4140647,7039,46.87231,7.53655,29941.9,5.5,7.6,291.3,-273.0,-1.0,-1.0,RS41,403.500,8.4,250,10,2.5,,
2026-08-24T00:31:30.993Z,W4140647,7040,46.87233,7.53645,29948.0,6.7,8.6,282.4,-273.0,-1.0,-1.0,RS41,403.500,8.2,250,10,2.5,,
2026-08-24T00:31:31.993Z,W4140647,7041,46.87234,7.53633,29954.6,6.6,9.9,275.5,-273.0,-1.0,-1.0,RS41,403.500,8.5,250,10,2.6,,
2026-08-24T00:31:32.993Z,W4140647,7042,46.87235,7.53619,29960.9,5.8,11.0,272.2,-273.0,-1.0,-1.0,RS41,403.500,8.5,250,10,2.6,,
2026-08-24T00:31:33.993Z,W4140647,7043,46.87235,7.53604,29966.7,5.8,11.6,272.2,-273.0,-1.0,-1.0,RS41,403.500,7.5,250,10,2.6,,
2026-08-24T00:31:35.993Z,W4140647,7045,46.87238,7.53576,29980.0,7.4,10.5,284.5,-273.0,-1.0,-1.0,RS41,403.500,7.2,250,10,2.5,,
2026-08-24T00:31:36.993Z,W4140647,7046,46.87241,7.53563,29986.8,6.0,9.8,292.9,-273.0,-1.0,-1.0,RS41,403.500,7.9,250,10,2.5,,
2026-08-24T00:31:37.993Z,W4140647,7047,46.87245,7.53552,29992.4,5.2,9.4,299.4,-273.0,-1.0,-1.0,RS41,403.500,8.4,250,10,2.5,,
2026-08-24T00:31:38.993Z,W4140647,7048,46.87249,7.53541,29998.1,6.2,9.3,301.3,-273.0,-1.0,-1.0,RS41,403.500,8.4,250,10,2.6,,
2026-08-24T00:31:39.993Z,W4140647,7049,46.87253,7.53531,30004.8,7.3,9.3,296.3,-273.0,-1.0,-1.0,RS41,403.500,8.4,250,10,2.6,,
2026-08-24T00:31:40.993Z,W4140647,7050,46.87256,7.53519,30011.4,5.8,9.6,289.5,-273.0,-1.0,-1.0,RS41,403.500,8.4,250,10,2.6,,
2026-08-24T00:31:41.993Z,W4140647,7051,46.87259,7.53507,30017.1,5.6,9.9,284.0,-273.0,-1.0,-1.0,RS41,403.500,8.4,250,10,2.5,,
2026-08-24T00:31:42.993Z,W4140647,7052,46.87260,7.53495,30023.1,6.4,9.8,281.2,-273.0,-1.0,-1.0,RS41,403.500,8.1,250,10,2.5,,
2026-08-24T00:31:43.993Z,W4140647,7053,46.87262,7.53482,30029.6,6.7,9.4,281.6,-273.0,-1.0,-1.0,RS41,403.500,8.2,250,10,2.5,,
2026-08-24T00:31:44.993Z,W4140647,7054,46.87264,7.53471,30036.2,6.4,9.2,284.5,-273.0,-1.0,-1.0,RS41,403.500,8.3,250,10,2.5,,
2026-08-24T00:31:45.993Z,W4140647,7055,46.87266,7.53459,30042.1,5.6,9.3,286.1,-273.0,-1.0,-1.0,RS41,403.500,8.4,250,10,2.6,,
2026-08-24T00:31:46.993Z,W4140647,7056,46.87269,7.53447,30047.9,5.9,9.9,286.0,-273.0,-1.0,-1.0,RS41,403.500,8.6,250,10,2.6,,
2026-08-24T00:31:47.993Z,W4140647,7057,46.87271,7.53434,30054.0,6.4,10.7,284.2,-273.0,-1.0,-1.0,RS41,403.500,8.6,250,10,2.5,,
2026-08-24T00:31:48.993Z,W4140647,7058,46.87273,7.53420,30060.6,6.7,11.6,282.3,-273.0,-1.0,-1.0,RS41,403.500,8.2,250,10,2.5,,
2026-08-24T00:31:52.993Z,W4140647,7062,46.87281,7.53367,30085.5,6.8,6.9,292.2,-273.0,-1.0,-1.0,RS41,403.500,6.6,250,10,2.6,,
2026-08-24T00:31:53.993Z,W4140647,7063,46.87284,7.53360,30091.8,5.7,5.0,306.4,-273.0,-1.0,-1.0,RS41,403.500,7.1,250,10,2.5,,
2026-08-24T00:31:54.993Z,W4140647,7064,46.87287,7.53356,30097.0,4.8,4.2,322.9,-273.0,-1.0,-1.0,RS41,403.500,8.4,250,10,2.5,,
2026-08-24T00:31:55.993Z,W4140647,7065,46.87289,7.53353,30102.5,6.0,4.0,325.4,-273.0,-1.0,-1.0,RS41,403.500,8.4,250,10,2.5,,
2026-08-24T00:31:56.993Z,W4140647,7066,46.87292,7.53349,30109.3,7.6,4.7,307.8,-273.0,-1.0,-1.0,RS41,403.500,8.1,250,10,2.5,,
2026-08-24T00:31:59.993Z,W4140647,7069,46.87298,7.53324,30127.3,5.3,8.8,279.9,-273.0,-1.0,-1.0,RS41,403.500,7.8,250,10,2.6,,
2026-08-24T00:32:00.993Z,W4140647,7070,46.87299,7.53312,30133.2,6.6,9.5,279.6,-273.0,-1.0,-1.0,RS41,403.500,7.8,250,10,2.5,,
2026-08-24T00:32:01.993Z,W4140647,7071,46.87301,7.53300,30139.9,6.7,9.3,281.5,-273.0,-1.0,-1.0,RS41,403.500,7.6,250,10,2.5,,
2026-08-24T00:32:02.993Z,W4140647,7072,46.87303,7.53289,30146.0,5.5,9.0,284.9,-273.0,-1.0,-1.0,RS41,403.500,7.3,250,10,2.5,,
2026-08-24T00:32:03.993Z,W4140647,7073,46.87305,7.53277,30151.6,5.7,8.9,287.0,-273.0,-1.0,-1.0,RS41-SG,403.500,7.7,250,10,2.5,,
2026-08-24T00:32:07.993Z,W4140647,7077,46.87315,7.53234,30177.0,6.8,7.5,295.6,-273.0,-1.0,-1.0,RS41-SG,403.500,6.7,250,10,2.5,,
2026-08-24T00:32:08.993Z,W4140647,7078,46.87318,7.53227,30183.9,7.0,6.1,305.7,-273.0,-1.0,-1.0,RS41-SG,403.500,8.3,250,10,2.5,,
2026-08-24T00:32:09.993Z,W4140647,7079,46.87322,7.53221,30190.1,5.3,5.2,317.0,-273.0,-1.0,-1.0,RS41-SG,403.500,8.3,250,10,2.5,,
2026-08-24T00:32:10.993Z,W4140647,7080,46.87325,7.53217,30195.3,5.1,4.9,322.6,-273.0,-1.0,-1.0,RS41-SG,403.500,7.8,250,10,2.5,,
2026-08-24T00:32:11.993Z,W4140647,7081,46.87328,7.53212,30201.3,6.8,5.2,313.3,-273.0,-1.0,-1.0,RS41-SG,403.500,7.8,250,10,2.6,,
2026-08-24T00:32:12.993Z,W4140647,7082,46.87331,7.53206,30208.3,7.3,6.5,297.7,-273.0,-1.0,-1.0,RS41-SG,403.500,8.1,250,10,2.6,,
2026-08-24T00:32:13.993Z,W4140647,7083,46.87334,7.53198,30214.7,5.3,8.0,289.5,-273.0,-1.0,-1.0,RS41-SG,403.500,8.1,250,10,2.6,,
2026-08-24T00:32:14.993Z,W4140647,7084,46.87336,7.53187,30219.9,5.0,9.5,284.9,-273.0,-1.0,-1.0,RS41-SG,403.500,8.1,250,10,2.5,,
2026-08-24T00:32:15.993Z,W4140647,7085,46.87338,7.53174,30225.5,6.1,10.5,284.6,-273.0,-1.0,-1.0,RS41-SG,403.500,8.2,250,10,2.5,,
2026-08-24T00:32:16.993Z,W4140647,7086,46.87341,7.53161,30232.0,6.9,10.6,287.8,-273.0,-1.0,-1.0,RS41-SG,403.500,8.2,250,10,2.5,,
2026-08-24T00:32:17.993Z,W4140647,7087,46.87344,7.53148,30238.2,5.5,10.3,291.6,-273.0,-1.0,-1.0,RS41-SG,403.500,7.5,250,10,2.5,,
2026-08-24T00:32:18.993Z,W4140647,7088,46.87348,7.53136,30243.6,5.2,9.9,295.2,-273.0,-1.0,-1.0,RS41-SG,403.500,7.6,250,10,2.6,,
2026-08-24T00:32:19.993Z,W4140647,7089,46.87352,7.53124,30249.1,5.7,9.8,296.8,-273.0,-1.0,-1.0,RS41-SG,403.500,7.6,250,10,2.6,,
2026-08-24T00:32:20.993Z,W4140647,7090,46.87355,7.53113,30255.4,6.8,9.6,294.2,-273.0,-1.0,-1.0,RS41-SG,403.500,7.0,250,10,2.5,,
2026-08-24T00:32:21.993Z,W4140647,7091,46.87359,7.53101,30262.0,6.4,9.4,291.0,-273.0,-1.0,-1.0,RS41-SG,403.500,7.1,250,10,2.5,,
2026-08-24T00:32:22.993Z,W4140647,7092,46.87361,7.53090,30268.1,5.7,8.8,288.6,-273.0,-1.0,-1.0,RS41-SG,403.500,7.1,250,10,2.5,,
2026-08-24T00:32:23.993Z,W4140647,7093,46.87364,7.53080,30274.1,6.3,7.5,288.2,-273.0,-1.0,-1.0,RS41-SG,403.500,7.3,250,10,2.6,,
2026-08-24T00:32:24.993Z,W4140647,7094,46.87366,7.53072,30280.6,6.8,6.0,292.8,-273.0,-1.0,-1.0,RS41-SG,403.500,7.3,250,10,2.6,,
2026-08-24T00:32:26.993Z,W4140647,7096,46.87370,7.53060,30292.2,5.2,4.5,300.7,-273.0,-1.0,-1.0,RS41-SG,403.500,7.4,250,10,2.5,,
2026-08-24T00:32:27.993Z,W4140647,7097,46.87372,7.53055,30297.8,6.1,5.0,292.5,-273.0,-1.0,-1.0,RS41-SG,403.500,7.4,250,10,2.5,,
2026-08-24T00:32:28.993Z,W4140647,7098,46.87373,7.53048,30304.1,6.4,6.4,281.8,-273.0,-1.0,-1.0,RS41-SG,403.500,7.5,250,10,2.5,,
2026-08-24T00:32:29.993Z,W4140647,7099,46.87374,7.53038,30310.3,6.1,8.4,275.5,-273.0,-1.0,-1.0,RS41-SG,403.500,7.5,250,10,2.5,,
2026-08-24T00:32:35.993Z,W4140647,7105,46.87383,7.52966,30345.5,6.1,6.7,312.0,-273.0,-1.0,-1.0,RS41-SG,403.500,6.5,250,10,2.5,,
2026-08-24T00:32:36.993Z,W4140647,7106,46.87388,7.52961,30350.6,4.1,6.1,325.2,-273.0,-1.0,-1.0,RS41-SG,403.500,7.1,250,10,2.5,,
2026-08-24T00:32:37.993Z,W4140647,7107,46.87392,7.52956,30355.0,4.8,5.7,330.9,-273.0,-1.0,-1.0,RS41-SG,403.500,7.5,250,10,2.6,,
2026-08-24T00:32:38.993Z,W4140647,7108,46.87396,7.52952,30360.9,6.9,5.3,318.7,-273.0,-1.0,-1.0,RS41-SG,403.500,8.3,250,10,2.6,,
2026-08-24T00:32:39.993Z,W4140647,7109,46.87399,7.52947,30367.9,7.1,5.8,295.2,-273.0,-1.0,-1.0,RS41-SG,403.500,8.5,250,10,2.6,,
2026-08-24T00:32:40.993Z,W4140647,7110,46.87401,7.52939,30373.9,4.9,6.9,280.0,-273.0,-1.0,-1.0,RS41-SG,403.500,8.5,250,10,2.5,,
2026-08-24T00:32:41.993Z,W4140647,7111,46.87401,7.52929,30378.8,5.0,8.3,269.6,-273.0,-1.0,-1.0,RS41-SG,403.500,7.7,250,10,2.5,,
2026-08-24T00:32:42.993Z,W4140647,7112,46.87401,7.52918,30384.4,6.2,8.9,264.1,-273.0,-1.0,-1.0,RS41-SG,403.500,6.8,250,10,2.5,,
2026-08-24T00:32:44.993Z,W4140647,7114,46.87399,7.52896,30397.2,5.4,7.8,266.0,-273.0,-1.0,-1.0,RS41-SG,403.500,7.4,250,10,2.6,,
2026-08-24T00:32:45.993Z,W4140647,7115,46.87399,7.52886,30402.4,5.2,7.1,271.0,-273.0,-1.0,-1.0,RS41-SG,403.500,7.8,250,10,2.6,,
2026-08-24T00:32:46.993Z,W4140647,7116,46.87400,7.52877,30407.8,5.4,6.7,277.0,-273.0,-1.0,-1.0,RS41-SG,403.500,8.1,250,10,2.6,,
2026-08-24T00:32:47.993Z,W4140647,7117,46.87401,7.52869,30413.5,6.2,6.8,283.6,-273.0,-1.0,-1.0,RS41-SG,403.500,8.1,250,10,2.5,,
2026-08-24T00:32:48.993Z,W4140647,7118,46.87402,7.52860,30419.9,6.7,6.9,289.9,-273.0,-1.0,-1.0,RS41-SG,403.500,7.0,250,10,2.5,,
2026-08-24T00:32:51.993Z,W4140647,7121,46.87412,7.52838,30436.8,5.5,6.5,320.2,-273.0,-1.0,-1.0,RS41-SG,403.500,7.2,250,10,2.6,,
2026-08-24T00:32:52.993Z,W4140647,7122,46.87417,7.52833,30442.8,6.4,6.4,336.2,-273.0,-1.0,-1.0,RS41-SG,403.500,8.0,250,10,2.6,,
2026-08-24T00:32:53.993Z,W4140647,7123,46.87422,7.52831,30448.9,5.7,6.2,346.9,-273.0,-1.0,-1.0,RS41-SG,403.500,8.0,250,10,2.6,,
2026-08-24T00:32:54.993Z,W4140647,7124,46.87427,7.52829,30454.6,5.8,5.3,349.6,-273.0,-1.0,-1.0,RS41-SG,403.500,7.7,250,10,2.5,,
2026-08-24T00:32:55.993Z,W4140647,7125,46.87431,7.52828,30461.2,7.3,3.6,334.3,-273.0,-1.0,-1.0,RS41-SG,403.500,7.7,250,10,2.5,,
2026-08-24T00:32:56.993Z,W4140647,7126,46.87433,7.52825,30468.3,7.0,3.3,288.0,-273.0,-1.0,-1.0,RS41-SG,403.500,6.9,250,10,2.5,,
2026-08-24T00:32:57.993Z,W4140647,7127,46.87433,7.52820,30474.0,4.2,4.5,262.9,-273.0,-1.0,-1.0,RS41-SG,403.500,7.0,250,10,2.5,,
2026-08-24T00:32:59.993Z,W4140647,7129,46.87430,7.52805,30483.9,6.5,6.8,247.3,-273.0,-1.0,-1.0,RS41-SG,403.500,6.6,250,10,2.6,,
2026-08-24T00:33:00.993Z,W4140647,7130,46.87428,7.52797,30490.5,6.8,6.2,250.0,-273.0,-1.0,-1.0,RS41-SG,403.500,7.6,250,10,2.6,,
2026-08-24T00:33:01.993Z,W4140647,7131,46.87426,7.52790,30496.7,5.5,5.3,255.8,-273.0,-1.0,-1.0,RS41-SG,403.500,7.6,250,10,2.5,,
2026-08-24T00:33:02.993Z,W4140647,7132,46.87426,7.52784,30502.3,5.6,4.6,266.7,-273.0,-1.0,-1.0,RS41-SG,403.500,7.2,250,10,2.5,,
2026-08-24T00:33:05.993Z,W4140647,7135,46.87428,7.52766,30521.0,6.0,4.8,287.1,-273.0,-1.0,-1.0,RS41-SG,403.500,6.9,250,10,2.6,,
2026-08-24T00:33:06.993Z,W4140647,7136,46.87429,7.52760,30526.7,5.4,4.8,292.7,-273.0,-1.0,-1.0,RS41-SG,403.500,7.1,250,10,2.6,,
2026-08-24T00:33:07.993Z,W4140647,7137,46.87431,7.52755,30532.2,5.6,4.3,300.3,-273.0,-1.0,-1.0,RS41-SG,403.500,7.6,250,10,2.6,,
2026-08-24T00:33:08.993Z,W4140647,7138,46.87433,7.52750,30538.3,6.6,3.8,314.2,-273.0,-1.0,-1.0,RS41-SG,403.500,8.2,250,10,2.5,,
2026-08-24T00:33:09.993Z,W4140647,7139,46.87436,7.52747,30544.6,6.0,3.5,326.1,-273.0,-1.0,-1.0,RS41-SG,403.500,8.2,250,10,2.5,,
2026-08-24T00:33:10.993Z,W4140647,7140,46.87438,7.52745,30550.2,5.2,3.4,325.6,-273.0,-1.0,-1.0,RS41-SG,403.500,7.5,250,10,2.5,,
2026-08-24T00:33:11.993Z,W4140647,7141,46.87440,7.52741,30556.0,6.3,3.9,306.3,-273.0,-1.0,-1.0,RS41-SG,403.500,8.1,250,10,2.5,,
2026-08-24T00:33:12.993Z,W4140647,7142,46.87442,7.52736,30562.4,6.7,5.5,284.7,-273.0,-1.0,-1.0,RS41-SG,403.500,8.1,250,10,2.6,,
2026-08-24T00:33:13.993Z,W4140647,7143,46.87443,7.52727,30568.6,5.6,7.4,273.1,-273.0,-1.0,-1.0,RS41-SG,403.500,7.7,250,10,2.6,,
2026-08-24T00:33:20.993Z,W4140647,7150,46.87447,7.52659,30606.9,5.9,3.9,296.3,-273.0,-1.0,-1.0,RS41-SG,403.500,7.1,250,10,2.6,,
2026-08-24T00:33:23.993Z,W4140647,7153,46.87449,7.52647,30624.7,5.6,2.9,273.7,-273.0,-1.0,-1.0,RS41-SG,403.500,7.3,250,10,2.5,,
2026-08-24T00:33:24.993Z,W4140647,7154,46.87450,7.52644,30630.6,6.3,2.8,281.9,-273.0,-1.0,-1.0,RS41-SG,403.500,7.6,250,10,2.5,,
2026-08-24T00:33:25.993Z,W4140647,7155,46.87451,7.52640,30637.0,6.4,3.1,299.6,-273.0,-1.0,-1.0,RS41-SG,403.500,8.1,250,10,2.5,,
2026-08-24T00:33:26.993Z,W4140647,7156,46.87452,7.52636,30643.3,6.2,4.0,308.4,-273.0,-1.0,-1.0,RS41-SG,403.500,8.5,250,10,2.6,,
2026-08-24T00:33:27.993Z,W4140647,7157,46.87455,7.52631,30649.3,5.8,5.3,303.8,-273.0,-1.0,-1.0,RS41-SG,403.500,8.5,250,10,2.6,,
2026-08-24T00:33:28.993Z,W4140647,7158,46.87458,7.52624,30655.1,5.7,7.1,297.3,-273.0,-1.0,-1.0,RS41-SG,403.500,8.1,250,10,2.6,,
2026-08-24T00:33:29.993Z,W4140647,7159,46.87460,7.52615,30660.9,6.0,9.1,288.6,-273.0,-1.0,-1.0,RS41-SG,403.500,7.8,250,10,2.5,,
2026-08-24T00:33:30.993Z,W4140647,7160,46.87463,7.52602,30666.8,5.9,10.9,282.4,-273.0,-1.0,-1.0,RS41-SG,403.500,7.6,250,10,2.5,,
2026-08-24T00:33:35.993Z,W4140647,7165,46.87472,7.52539,30695.9,5.1,6.0,301.8,-273.0,-1.0,-1.0,RS41-SG,403.500,6.7,250,10,2.6,,
2026-08-24T00:33:36.993Z,W4140647,7166,46.87475,7.52534,30700.8,4.6,5.1,318.7,-273.0,-1.0,-1.0,RS41-SG,403.500,7.9,250,10,2.5,,
2026-08-24T00:33:37.993Z,W4140647,7167,46.87478,7.52530,30706.2,6.2,4.7,326.3,-273.0,-1.0,-1.0,RS41-SG,403.500,7.9,250,10,2.5,,
2026-08-24T00:33:38.993Z,W4140647,7168,46.87481,7.52526,30712.9,7.1,4.7,315.2,-273.0,-1.0,-1.0,RS41-SG,403.500,7.6,250,10,2.5,,
2026-08-24T00:33:39.993Z,W4140647,7169,46.87484,7.52521,30719.1,5.5,5.3,301.0,-273.0,-1.0,-1.0,RS41-SG,403.500,7.5,250,10,2.5,,
2026-08-24T00:33:40.993Z,W4140647,7170,46.87486,7.52514,30724.5,5.3,6.5,289.2,-273.0,-1.0,-1.0,RS41-SG,403.500,7.5,250,10,2.6,,
2026-08-24T00:33:41.993Z,W4140647,7171,46.87488,7.52505,30730.1,5.9,7.5,284.4,-273.0,-1.0,-1.0,RS41-SG,403.500,7.4,250,10,2.6,,
2026-08-24T00:33:42.993Z,W4140647,7172,46.87490,7.52495,30736.2,6.5,8.2,282.7,-273.0,-1.0,-1.0,RS41-SG,403.500,7.5,250,10,2.6,,
2026-08-24T00:33:43.993Z,W4140647,7173,46.87492,7.52484,30742.2,5.5,8.7,282.9,-273.0,-1.0,-1.0,RS41-SG,403.500,7.6,250,10,2.5,,
2026-08-24T00:33:44.993Z,W4140647,7174,46.87493,7.52473,30747.5,5.0,9.3,280.9,-273.0,-1.0,-1.0,RS41-SG,403.500,7.6,250,10,2.5,,
2026-08-24T00:33:45.993Z,W4140647,7175,46.87495,7.52460,30752.9,5.8,10.0,277.7,-273.0,-1.0,-1.0,RS41-SG,403.500,7.4,250,10,2.5,,
2026-08-24T00:33:49.993Z,W4140647,7179,46.87498,7.52404,30776.8,6.6,9.9,280.9,-273.0,-1.0,-1.0,RS41-SG,403.500,6.2,250,10,2.6,,
2026-08-24T00:33:50.993Z,W4140647,7180,46.87500,7.52393,30783.5,6.8,8.3,292.5,-273.0,-1.0,-1.0,RS41-SG,403.500,7.5,250,10,2.5,,
2026-08-24T00:33:52.993Z,W4140647,7182,46.87507,7.52377,30794.0,4.3,6.6,313.8,-273.0,-1.0,-1.0,RS41-SG,403.500,7.3,250,10,2.5,,
2026-08-24T00:33:54.993Z,W4140647,7184,46.87515,7.52365,30805.6,7.2,6.0,298.6,-273.0,-1.0,-1.0,RS41-SG,403.500,7.2,250,10,2.6,,
2026-08-24T00:33:55.993Z,W4140647,7185,46.87517,7.52357,30812.3,6.1,6.8,283.4,-273.0,-1.0,-1.0,RS41-SG,403.500,7.2,250,10,2.6,,
2026-08-24T00:34:01.993Z,W4140647,7191,46.87523,7.52287,30846.9,5.1,10.3,286.8,-273.0,-1.0,-1.0,RS41-SG,403.500,7.4,250,10,2.6,,
2026-08-24T00:34:02.993Z,W4140647,7192,46.87526,7.52273,30852.5,6.1,10.7,287.9,-273.0,-1.0,-1.0,RS41-SG,403.500,7.4,250,10,2.6,,
2026-08-24T00:34:07.993Z,W4140647,7197,46.87539,7.52217,30883.7,6.4,6.0,306.8,-42.1,0.4,-1.0,RS41-SG,403.500,7.1,250,10,2.5,,
2026-08-24T00:34:09.993Z,W4140647,7199,46.87546,7.52207,30894.9,5.3,5.0,324.0,-42.2,0.3,-1.0,RS41-SG,403.500,7.0,250,10,2.6,,
2026-08-24T00:34:10.993Z,W4140647,7200,46.87549,7.52203,30900.5,5.8,4.8,312.5,-42.2,0.3,-1.0,RS41-SG,403.500,7.4,250,10,2.6,,
2026-08-24T00:34:11.993Z,W4140647,7201,46.87552,7.52197,30906.6,6.3,5.3,291.4,-42.2,0.4,-1.0,RS41-SG,403.500,8.4,250,10,2.5,,
2026-08-24T00:34:12.993Z,W4140647,7202,46.87553,7.52189,30913.1,6.7,7.0,272.8,-42.2,0.3,-1.0,RS41-SG,403.500,8.4,250,10,2.5,,
2026-08-24T00:34:13.993Z,W4140647,7203,46.87553,7.52179,30919.1,5.2,8.6,265.6,-42.2,0.3,-1.0,RS41-SG,403.500,7.4,250,10,2.5,,
2026-08-24T00:34:15.993Z,W4140647,7205,46.87551,7.52154,30928.9,5.5,10.1,269.1,-42.3,0.4,-1.0,RS41-SG,403.500,6.7,250,10,2.6,,
2026-08-24T00:34:16.993Z,W4140647,7206,46.87552,7.52142,30934.9,6.7,9.3,278.6,-42.3,0.3,-1.0,RS41-SG,403.500,7.0,250,10,2.6,,
2026-08-24T00:34:17.993Z,W4140647,7207,46.87554,7.52131,30941.6,6.5,8.2,291.6,-42.3,0.3,-1.0,RS41-SG,403.500,7.6,250,10,2.6,,
2026-08-24T00:34:18.993Z,W4140647,7208,46.87557,7.52122,30947.3,4.9,7.1,304.8,-42.3,0.3,-1.0,RS41-SG,403.500,7.6,250,10,2.5,,
2026-08-24T00:34:19.993Z,W4140647,7209,46.87561,7.52116,30951.8,4.2,5.8,316.6,-42.3,0.4,-1.0,RS41-SG,403.500,8.0,250,10,2.5,,
2026-08-24T00:34:27.993Z,W4140647,7217,46.87561,7.52074,30998.4,5.1,6.3,274.6,-42.1,0.3,-1.0,RS41-SG,403.500,7.1,250,10,2.5,,
2026-08-24T00:34:30.993Z,W4140647,7220,46.87564,7.52047,31016.1,6.7,7.7,273.9,-42.0,0.3,-1.0,RS41-SG,403.500,7.9,250,10,2.6,,
2026-08-24T00:34:31.993Z,W4140647,7221,46.87564,7.52037,31022.3,5.7,7.6,270.0,-42.0,0.3,-1.0,RS41-SG,403.500,7.9,250,10,2.6,,
2026-08-24T00:34:33.993Z,W4140647,7223,46.87564,7.52019,31034.6,6.6,5.7,276.4,-42.0,0.3,-1.0,RS41-SG,403.500,7.6,250,10,2.5,,
2026-08-24T00:34:34.993Z,W4140647,7224,46.87565,7.52013,31041.1,6.4,4.8,289.6,-42.0,0.3,-1.0,RS41-SG,403.500,8.0,250,10,2.5,,
2026-08-24T00:34:35.993Z,W4140647,7225,46.87567,7.52007,31047.0,5.3,4.3,298.5,-42.0,0.4,-1.0,RS41-SG,403.500,8.0,250,10,2.5,,
2026-08-24T00:34:36.993Z,W4140647,7226,46.87569,7.52002,31052.6,5.7,4.1,296.5,-42.0,0.4,-1.0,RS41-SG,403.500,7.6,250,10,2.6,,
2026-08-24T00:34:38.993Z,W4140647,7228,46.87570,7.51991,31065.2,6.6,5.6,264.0,-42.0,0.3,-1.0,RS41-SG,403.500,7.9,250,10,2.6,,
2026-08-24T00:34:39.993Z,W4140647,7229,46.87569,7.51983,31071.5,6.0,7.2,254.5,-42.0,0.3,-1.0,RS41-SG,403.500,8.0,250,10,2.5,,
2026-08-24T00:34:40.993Z,W4140647,7230,46.87567,7.51973,31077.1,5.0,8.4,251.0,-42.1,0.3,-1.0,RS41-SG,403.500,8.0,250,10,2.5,,
2026-08-24T00:34:41.993Z,W4140647,7231,46.87564,7.51962,31082.2,5.2,8.8,250.3,-42.0,0.3,-1.0,RS41-SG,403.500,7.5,250,10,2.5,,
2026-08-24T00:34:42.993Z,W4140647,7232,46.87562,7.51952,31087.9,6.4,8.3,254.6,-42.1,0.4,-1.0,RS41-SG,403.500,7.5,250,10,2.5,,
2026-08-24T00:34:43.993Z,W4140647,7233,46.87561,7.51942,31094.6,7.0,7.1,266.6,-42.1,0.4,-1.0,RS41-SG,403.500,7.4,250,10,2.6,,
2026-08-24T00:34:44.993Z,W4140647,7234,46.87561,7.51933,31101.1,5.8,6.5,282.0,-42.1,0.3,-1.0,RS41-SG,403.500,7.1,250,10,2.6,,
2026-08-24T00:34:46.993Z,W4140647,7236,46.87566,7.51917,31111.6,5.7,7.7,301.3,-42.1,0.3,-1.0,RS41-SG,403.500,7.2,250,10,2.5,,
2026-08-24T00:34:47.993Z,W4140647,7237,46.87570,7.51907,31118.1,7.1,8.7,297.1,-42.1,0.3,-1.0,RS41-SG,403.500,7.3,250,10,2.5,,
2026-08-24T00:34:48.993Z,W4140647,7238,46.87573,7.51897,31124.7,6.0,9.2,289.6,-42.1,0.4,-1.0,RS41-SG,403.500,7.3,250,10,2.5,,
2026-08-24T00:34:52.993Z,W4140647,7242,46.87577,7.51851,31148.8,6.6,7.7,269.1,-42.1,0.3,-1.0,RS41-SG,403.500,7.8,250,10,2.6,,
2026-08-24T00:34:53.993Z,W4140647,7243,46.87577,7.51841,31155.0,5.7,7.1,263.9,-42.1,0.3,-1.0,RS41-SG,403.500,7.8,250,10,2.5,,
2026-08-24T00:34:54.993Z,W4140647,7244,46.87576,7.51832,31160.9,6.2,7.2,257.2,-42.1,0.3,-1.0,RS41-SG,403.500,7.2,250,10,2.5,,
2026-08-24T00:34:55.993Z,W4140647,7245,46.87574,7.51822,31167.5,6.9,8.2,251.3,-42.2,0.4,-1.0,RS41-SG,403.500,7.3,250,10,2.5,,
2026-08-24T00:34:59.993Z,W4140647,7249,46.87565,7.51775,31191.8,7.1,9.3,267.4,-42.2,0.4,-1.0,RS41-SG,403.500,6.7,250,10,2.6,,
2026-08-24T00:35:01.993Z,W4140647,7251,46.87567,7.51752,31204.2,5.2,9.0,288.5,-42.3,0.4,-1.0,RS41-SG,403.500,7.2,250,10,2.5,,
2026-08-24T00:35:02.993Z,W4140647,7252,46.87570,7.51740,31209.7,5.7,9.6,292.5,-42.3,0.4,-1.0,RS41-SG,403.500,7.5,250,10,2.5,,
2026-08-24T00:35:03.993Z,W4140647,7253,46.87573,7.51728,31216.0,7.0,10.4,290.0,-42.3,0.4,-1.0,RS41-SG,403.500,7.5,250,10,2.5,,
2026-08-24T00:35:04.993Z,W4140647,7254,46.87576,7.51715,31222.8,6.6,11.0,283.5,-42.3,0.4,-1.0,RS41-SG,403.500,7.5,250,10,2.6,,
2026-08-24T00:35:21.993Z,W4140647,7271,46.87608,7.51489,31323.9,6.7,11.9,295.8,-42.3,0.3,-1.0,RS41-SG,403.500,6.2,250,10,2.5,,
2026-08-24T00:44:59.993Z,W4140647,7849,46.88505,7.46984,34769.0,5.5,6.3,199.3,-273.0,-1.0,-1.0,RS41,403.500,6.7,250,10,2.6,,
2026-08-24T00:45:18.993Z,W4140647,7868,46.88370,7.46884,34888.3,6.2,13.1,195.7,-273.0,-1.0,-1.0,RS41,403.500,6.7,250,10,2.5,,
2026-08-24T00:45:32.993Z,W4140647,7882,46.88253,7.46780,34972.4,6.5,11.3,198.5,-273.0,-1.0,-1.0,RS41,403.500,6.6,250,10,2.6,,
2026-08-24T00:45:33.993Z,W4140647,7883,46.88243,7.46775,34979.3,7.3,10.9,204.4,-273.0,-1.0,-1.0,RS41,403.500,6.6,250,10,2.6,,
2026-08-24T00:45:51.993Z,W4140647,7901,46.88116,7.46582,35089.9,6.1,11.9,204.0,-273.0,-1.0,-1.0,RS41,403.500,7.0,250,10,2.6,,
2026-08-24T00:45:53.993Z,W4140647,7903,46.88099,7.46567,35103.1,7.0,11.3,222.5,-273.0,-1.0,-1.0,RS41,403.500,6.7,250,10,2.5,,
2026-08-24T00:45:54.993Z,W4140647,7904,46.88092,7.46555,35109.9,6.5,12.0,238.0,-273.0,-1.0,-1.0,RS41,403.500,7.4,250,10,2.5,,
2026-08-24T00:46:02.993Z,W4140647,7912,46.88053,7.46426,35157.2,4.2,12.7,206.8,-273.0,-1.0,-1.0,RS41,403.500,6.5,250,10,2.6,,
2026-08-24T00:46:03.993Z,W4140647,7913,46.88042,7.46420,35161.5,4.5,12.8,197.9,-273.0,-1.0,-1.0,RS41,403.500,6.9,250,10,2.6,,
2026-08-24T00:46:04.993Z,W4140647,7914,46.88032,7.46415,35166.8,6.0,12.2,197.1,-273.0,-1.0,-1.0,RS41,403.500,6.9,250,10,2.5,,
2026-08-24T00:46:16.993Z,W4140647,7926,46.87956,7.46272,35236.9,5.9,12.7,198.0,-273.0,-1.0,-1.0,RS41,403.500,6.2,250,10,2.5,,
2026-08-24T00:46:17.993Z,W4140647,7927,46.87946,7.46266,35243.5,7.3,11.3,201.3,-273.0,-1.0,-1.0,RS41,403.500,7.0,250,10,2.5,,
2026-08-24T00:46:19.993Z,W4140647,7929,46.87931,7.46253,35257.5,6.0,8.8,227.1,-273.0,-1.0,-1.0,RS41,403.500,6.8,250,10,2.6,,
2026-08-24T00:46:20.993Z,W4140647,7930,46.87927,7.46244,35262.8,4.7,8.8,242.1,-273.0,-1.0,-1.0,RS41,403.500,7.0,250,10,2.6,,
2026-08-24T00:46:21.993Z,W4140647,7931,46.87924,7.46233,35267.3,4.3,9.3,254.0,-273.0,-1.0,-1.0,RS41,403.500,7.0,250,10,2.6,,
2026-08-24T00:46:27.993Z,W4140647,7937,46.87899,7.46166,35302.5,4.7,11.4,215.9,-273.0,-1.0,-1.0,RS41,403.500,6.7,250,10,2.5,,
2026-08-24T00:46:28.993Z,W4140647,7938,46.87890,7.46157,35307.4,5.1,12.0,213.9,-273.0,-1.0,-1.0,RS41,403.500,7.0,250,10,2.5,,
2026-08-24T00:46:29.993Z,W4140647,7939,46.87882,7.46148,35312.9,6.0,11.9,218.7,-273.0,-1.0,-1.0,RS41,403.500,7.1,250,10,2.6,,
2026-08-24T00:46:30.993Z,W4140647,7940,46.87874,7.46137,35319.2,6.6,11.6,229.2,-273.0,-1.0,-1.0,RS41-SG,403.500,7.5,250,10,2.6,,
2026-08-24T00:46:31.993Z,W4140647,7941,46.87868,7.46125,35325.7,6.3,11.4,242.2,-273.0,-1.0,-1.0,RS41-SG,403.500,7.5,250,10,2.5,,
2026-08-24T00:46:40.993Z,W4140647,7950,46.87842,7.46030,35376.1,6.0,9.3,218.4,-273.0,-1.0,-1.0,RS41-SG,403.500,7.1,250,10,2.5,,
2026-08-24T00:46:41.993Z,W4140647,7951,46.87835,7.46021,35382.3,6.6,10.5,228.6,-273.0,-1.0,-1.0,RS41-SG,403.500,7.3,250,10,2.6,,
2026-08-24T00:46:42.993Z,W4140647,7952,46.87830,7.46009,35388.8,6.4,11.7,240.5,-273.0,-1.0,-1.0,RS41-SG,403.500,7.4,250,10,2.6,,
2026-08-24T00:46:51.993Z,W4140647,7961,46.87812,7.45900,35437.1,5.6,4.4,247.6,-273.0,-1.0,-1.0,RS41-SG,403.500,6.7,250,10,2.5,,
2026-08-24T00:46:55.993Z,W4140647,7965,46.87809,7.45858,35462.1,5.4,13.1,267.9,-273.0,-1.0,-1.0,RS41-SG,403.500,7.2,250,10,2.5,,
2026-08-24T00:46:56.993Z,W4140647,7966,46.87809,7.45840,35467.3,5.0,15.1,266.4,-273.0,-1.0,-1.0,RS41-SG,403.500,7.2,250,10,2.5,,
2026-08-24T00:47:04.993Z,W4140647,7974,46.87783,7.45737,35512.1,5.2,2.1,199.1,-273.0,-1.0,-1.0,RS41-SG,403.500,7.0,250,10,2.6,,
2026-08-24T00:47:05.993Z,W4140647,7975,46.87783,7.45736,35517.6,5.9,1.1,283.9,-273.0,-1.0,-1.0,RS41-SG,403.500,7.5,250,10,2.6,,
2026-08-24T00:47:06.993Z,W4140647,7976,46.87784,7.45733,35523.7,6.3,4.1,308.2,-273.0,-1.0,-1.0,RS41-SG,403.500,7.5,250,10,2.5,,
2026-08-24T00:47:07.993Z,W4140647,7977,46.87787,7.45727,35530.0,6.1,7.6,302.2,-273.0,-1.0,-1.0,RS41-SG,403.500,7.2,250,10,2.5,,
2026-08-24T00:47:08.993Z,W4140647,7978,46.87791,7.45716,35535.7,5.3,11.3,294.5,-273.0,-1.0,-1.0,RS41-SG,403.500,7.1,250,10,2.5,,
2026-08-24T00:47:09.993Z,W4140647,7979,46.87795,7.45700,35540.5,4.5,14.6,287.2,-273.0,-1.0,-1.0,RS41-SG,403.500,7.1,250,10,2.6,,
2026-08-24T00:47:18.993Z,W4140647,7988,46.87763,7.45592,35586.4,5.1,3.5,107.1,-273.0,-1.0,-1.0,RS41-SG,403.500,6.7,250,10,2.5,,
2026-08-24T00:47:19.993Z,W4140647,7989,46.87764,7.45596,35592.0,6.1,3.2,27.6,-273.0,-1.0,-1.0,RS41-SG,403.500,6.8,250,10,2.5,,
2026-08-24T00:47:31.993Z,W4140647,8001,46.87725,7.45458,35653.6,5.5,6.1,153.3,-273.0,-1.0,-1.0,RS41-SG,403.500,6.7,250,10,2.6,,
2026-08-24T00:47:32.993Z,W4140647,8002,46.87722,7.45461,35659.5,6.2,1.3,126.2,-273.0,-1.0,-1.0,RS41-SG,403.500,7.0,250,10,2.6,,
2026-08-24T00:47:33.993Z,W4140647,8003,46.87723,7.45460,35665.5,5.7,4.1,318.7,-273.0,-1.0,-1.0,RS41-SG,403.500,7.0,250,10,2.5,,
2026-08-24T00:47:34.993Z,W4140647,8004,46.87727,7.45453,35670.6,4.5,9.0,306.8,-273.0,-1.0,-1.0,RS41-SG,403.500,7.3,250,10,2.5,,
2026-08-24T00:47:45.993Z,W4140647,8015,46.87704,7.45327,35722.7,7.6,1.5,145.4,-273.0,-1.0,-1.0,RS41-SG,403.500,6.3,250,10,2.5,,
2026-08-24T00:47:46.993Z,W4140647,8016,46.87704,7.45326,35730.3,7.4,3.5,297.3,-273.0,-1.0,-1.0,RS41-SG,403.500,7.4,250,10,2.5,,
2026-08-24T00:47:57.993Z,W4140647,8027,46.87698,7.45171,35781.2,3.9,5.4,158.7,-273.0,-1.0,-1.0,RS41-SG,403.500,7.1,250,10,2.5,,
2026-08-24T00:47:58.993Z,W4140647,8028,46.87694,7.45173,35786.4,6.6,3.4,159.1,-273.0,-1.0,-1.0,RS41-SG,403.500,7.1,250,10,2.6,,
2026-08-24T00:47:59.993Z,W4140647,8029,46.87692,7.45172,35793.8,7.9,2.4,241.8,-273.0,-1.0,-1.0,RS41-SG,403.500,7.2,250,10,2.6,,
2026-08-24T00:48:00.993Z,W4140647,8030,46.87692,7.45167,35801.3,7.1,6.4,273.6,-273.0,-1.0,-1.0,RS41-SG,403.500,7.3,250,10,2.6,,
2026-08-24T00:48:02.993Z,W4140647,8032,46.87695,7.45140,35810.2,2.2,14.1,278.6,-273.0,-1.0,-1.0,RS41-SG,403.500,7.5,250,10,2.5,,
2026-08-24T00:48:12.993Z,W4140647,8042,46.87693,7.45012,35858.8,6.6,3.7,262.2,-273.0,-1.0,-1.0,RS41,403.500,6.8,250,10,2.5,,
2026-08-24T00:48:25.993Z,W4140647,8055,46.87736,7.44856,35924.6,4.8,8.9,268.6,-273.0,-1.0,-1.0,RS41,403.500,6.8,250,10,2.5,,
2026-08-24T00:48:34.993Z,W4140647,8064,46.87746,7.44773,35971.5,4.6,11.5,334.2,-273.0,-1.0,-1.0,RS41,403.500,6.8,250,10,2.5,,
2026-08-24T00:48:59.993Z,W4140647,8089,46.87774,7.44593,36109.4,4.6,6.3,61.4,-273.0,-1.0,-1.0,RS41,403.500,6.6,250,10,2.5,,
2026-08-24T00:49:00.993Z,W4140647,8090,46.87778,7.44600,36114.2,4.9,8.4,32.5,-273.0,-1.0,-1.0,RS41,403.500,6.8,250,10,2.5,,
2026-08-24T00:49:01.993Z,W4140647,8091,46.87786,7.44603,36119.9,6.4,10.1,6.0,-273.0,-1.0,-1.0,RS41,403.500,7.0,250,10,2.6,,
2026-08-24T00:49:14.993Z,W4140647,8104,46.87814,7.44488,36190.4,6.3,7.8,9.7,-273.0,-1.0,-1.0,RS41,403.500,7.0,250,10,2.5,,
2026-08-24T00:49:16.993Z,W4140647,8106,46.87827,7.44482,36204.3,6.9,9.2,317.3,-273.0,-1.0,-1.0,RS41,403.500,6.9,250,10,2.6,,
2026-08-24T00:49:25.993Z,W4140647,8115,46.87837,7.44385,36254.1,3.7,3.7,15.6,-273.0,-1.0,-1.0,RS41,403.500,7.0,250,10,2.5,,
2026-08-24T00:49:26.993Z,W4140647,8116,46.87841,7.44387,36258.2,4.6,5.2,20.0,-273.0,-1.0,-1.0,RS41,403.500,7.5,250,10,2.5,,
2026-08-24T00:49:27.993Z,W4140647,8117,46.87846,7.44388,36263.7,6.4,5.3,10.4,-273.0,-1.0,-1.0,RS41,403.500,7.6,250,10,2.6,,
2026-08-24T00:49:28.993Z,W4140647,8118,46.87850,7.44388,36270.6,7.4,5.0,344.4,-273.0,-1.0,-1.0,RS41,403.500,7.6,250,10,2.6,,
2026-08-24T00:49:29.993Z,W4140647,8119,46.87854,7.44384,36277.8,6.7,5.7,313.2,-273.0,-1.0,-1.0,RS41,403.500,8.1,250,10,2.5,,
2026-08-24T00:49:30.993Z,W4140647,8120,46.87857,7.44377,36283.7,5.2,7.3,293.3,-273.0,-1.0,-1.0,RS41,403.500,8.1,250,10,2.5,,
2026-08-24T00:49:35.993Z,W4140647,8125,46.87864,7.44316,36312.8,7.2,7.3,287.8,-273.0,-1.0,-1.0,RS41,403.500,7.0,250,10,2.5,,
2026-08-24T00:49:36.993Z,W4140647,8126,46.87867,7.44309,36319.6,6.4,5.2,303.1,-273.0,-1.0,-1.0,RS41,403.500,7.6,250,10,2.5,,
2026-08-24T00:49:37.993Z,W4140647,8127,46.87869,7.44305,36325.6,5.5,3.9,329.8,-273.0,-1.0,-1.0,RS41,403.500,7.6,250,10,2.5,,
2026-08-24T00:49:38.993Z,W4140647,8128,46.87872,7.44304,36330.9,5.1,3.3,0.8,-273.0,-1.0,-1.0,RS41,403.500,8.3,250,10,2.6,,
2026-08-24T00:49:39.993Z,W4140647,8129,46.87875,7.44304,36336.1,5.4,3.0,18.3,-273.0,-1.0,-1.0,RS41,403.500,8.3,250,10,2.6,,
2026-08-24T00:49:40.993Z,W4140647,8130,46.87877,7.44305,36341.7,5.8,2.0,18.7,-273.0,-1.0,-1.0,RS41,403.500,8.2,250,10,2.5,,
2026-08-24T00:49:41.993Z,W4140647,8131,46.87878,7.44305,36347.6,6.0,0.9,303.0,-273.0,-1.0,-1.0,RS41,403.500,8.1,250,10,2.5,,
2026-08-24T00:49:42.993Z,W4140647,8132,46.87878,7.44303,36353.6,6.0,3.0,253.0,-273.0,-1.0,-1.0,RS41,403.500,8.3,250,10,2.6,,
2026-08-24T00:49:43.993Z,W4140647,8133,46.87877,7.44298,36359.5,5.7,5.4,248.6,-273.0,-1.0,-1.0,RS41,403.500,8.7,250,10,2.6,,
2026-08-24T00:49:44.993Z,W4140647,8134,46.87875,7.44290,36365.1,5.5,7.3,249.5,-273.0,-1.0,-1.0,RS41,403.500,8.7,250,10,2.5,,
2026-08-24T00:49:45.993Z,W4140647,8135,46.87873,7.44280,36370.7,5.7,8.2,253.8,-273.0,-1.0,-1.0,RS41,403.500,6.9,250,10,2.5,,
2026-08-24T00:49:47.993Z,W4140647,8137,46.87871,7.44261,36383.2,6.9,6.6,275.2,-273.0,-1.0,-1.0,RS41,403.500,6.9,250,9,2.6,,
2026-08-24T00:49:48.993Z,W4140647,8138,46.87872,7.44254,36389.9,6.6,5.2,299.8,-273.0,-1.0,-1.0,RS41,403.500,7.5,250,9,2.6,,
2026-08-24T00:49:49.993Z,W4140647,8139,46.87875,7.44249,36396.1,5.8,5.0,333.2,-273.0,-1.0,-1.0,RS41,403.500,8.0,250,9,2.6,,
2026-08-24T00:49:50.993Z,W4140647,8140,46.87880,7.44248,36401.4,4.8,5.6,358.9,-273.0,-1.0,-1.0,RS41,403.500,8.2,250,9,2.5,,
2026-08-24T00:49:51.993Z,W4140647,8141,46.87885,7.44249,36406.3,5.0,5.9,13.8,-273.0,-1.0,-1.0,RS41,403.500,8.4,250,9,2.5,,
2026-08-24T00:49:52.993Z,W4140647,8142,46.87890,7.44251,36411.8,6.1,4.8,22.1,-273.0,-1.0,-1.0,RS41,403.500,8.4,250,9,2.5,,
2026-08-24T00:49:53.993Z,W4140647,8143,46.87892,7.44252,36418.4,7.1,2.2,25.9,-273.0,-1.0,-1.0,RS41,403.500,8.0,250,9,2.6,,
2026-08-24T00:49:54.993Z,W4140647,8144,46.87893,7.44253,36425.3,6.8,1.2,224.7,-273.0,-1.0,-1.0,RS41-SG,403.500,8.6,250,9,2.6,,
2026-08-24T00:49:55.993Z,W4140647,8145,46.87891,7.44250,36431.5,5.6,4.5,220.4,-273.0,-1.0,-1.0,RS41-SG,403.500,8.8,250,9,2.5,,
2026-08-24T00:49:56.993Z,W4140647,8146,46.87887,7.44245,36436.5,4.3,7.2,222.6,-273.0,-1.0,-1.0,RS41-SG,403.500,8.8,250,9,2.5,,
2026-08-24T00:49:57.993Z,W4140647,8147,46.87882,7.44238,36440.9,4.6,9.1,226.3,-273.0,-1.0,-1.0,RS41-SG,403.500,7.4,250,9,2.5,,
2026-08-24T00:50:02.993Z,W4140647,8152,46.87871,7.44202,36471.1,4.6,3.3,338.0,-273.0,-1.0,-1.0,RS41-SG,403.500,7.2,250,9,2.5,,
2026-08-24T00:50:03.993Z,W4140647,8153,46.87874,7.44202,36475.4,4.0,4.4,7.9,-273.0,-1.0,-1.0,RS41-SG,403.500,7.3,250,9,2.5,,
2026-08-24T00:50:04.993Z,W4140647,8154,46.87878,7.44204,36479.7,4.8,4.7,23.3,-273.0,-1.0,-1.0,RS41-SG,403.500,7.7,250,9,2.6,,
2026-08-24T00:50:05.993Z,W4140647,8155,46.87881,7.44206,36485.2,6.2,3.4,35.6,-273.0,-1.0,-1.0,RS41-SG,403.500,7.8,250,9,2.6,,
2026-08-24T00:50:06.993Z,W4140647,8156,46.87883,7.44208,36491.7,6.8,1.0,78.5,-273.0,-1.0,-1.0,RS41-SG,403.500,7.8,250,9,2.5,,
2026-08-24T00:50:07.993Z,W4140647,8157,46.87882,7.44208,36498.1,6.1,2.5,195.2,-273.0,-1.0,-1.0,RS41-SG,403.500,8.3,250,9,2.5,,
2026-08-24T00:50:08.993Z,W4140647,8158,46.87878,7.44206,36503.7,5.0,5.4,206.2,-273.0,-1.0,-1.0,RS41-SG,403.500,8.7,250,9,2.6,,
2026-08-24T00:50:09.993Z,W4140647,8159,46.87873,7.44202,36508.3,4.3,7.6,211.7,-273.0,-1.0,-1.0,RS41-SG,403.500,8.7,250,9,2.6,,
2026-08-24T00:50:10.993Z,W4140647,8160,46.87867,7.44196,36512.8,4.9,8.8,216.0,-273.0,-1.0,-1.0,RS41-SG,403.500,8.0,250,9,2.5,,
2026-08-24T00:50:13.993Z,W4140647,8163,46.87854,7.44177,36531.6,6.6,3.8,247.4,-273.0,-1.0,-1.0,RS41-SG,403.500,7.2,250,9,2.6,,
2026-08-24T00:50:14.993Z,W4140647,8164,46.87854,7.44174,36537.7,5.4,2.2,302.6,-28.7,-1.0,-1.0,RS41-SG,403.500,8.0,250,9,2.6,,
2026-08-24T00:50:15.993Z,W4140647,8165,46.87856,7.44172,36542.5,4.2,3.4,354.8,-28.7,-1.0,-1.0,RS41-SG,403.500,8.0,250,9,2.6,,
2026-08-24T00:50:16.993Z,W4140647,8166,46.87859,7.44173,36546.8,4.4,4.6,12.3,-28.7,-1.0,-1.0,RS41-SG,403.500,8.5,250,9,2.5,,
2026-08-24T00:50:17.993Z,W4140647,8167,46.87863,7.44174,36551.8,5.6,4.6,19.2,-28.7,-1.0,-1.0,RS41-SG,403.500,8.5,250,9,2.5,,
2026-08-24T00:50:18.993Z,W4140647,8168,46.87866,7.44176,36557.9,6.5,2.9,22.5,-28.7,-1.0,-1.0,RS41-SG,403.500,7.7,250,9,2.5,,
2026-08-24T00:50:22.993Z,W4140647,8172,46.87861,7.44172,36569.9,-13.6,2.6,208.6,-28.8,-1.0,-1.0,RS41-SG,403.500,8.5,250,9,2.5,,
2026-08-24T00:50:23.993Z,W4140647,8173,46.87859,7.44170,36551.8,-22.4,2.7,207.7,-28.7,-1.0,-1.0,RS41-SG,403.500,8.5,250,9,2.5,,
2026-08-24T00:50:24.993Z,W4140647,8174,46.87857,7.44168,36524.6,-31.6,2.6,215.3,-28.6,-1.0,-1.0,RS41-SG,403.500,8.3,250,9,2.6,,
2026-08-24T00:50:25.993Z,W4140647,8175,46.87856,7.44166,36488.3,-40.7,2.5,217.5,-28.4,0.1,-1.0,RS41-SG,403.500,8.0,250,9,2.6,,
2026-08-24T00:50:26.993Z,W4140647,8176,46.87854,7.44165,36443.2,-49.1,2.5,219.9,-28.3,0.1,-1.0,RS41-SG,403.500,8.0,250,9,2.6,,
2026-08-24T00:50:28.993Z,W4140647,8178,46.87851,7.44160,36329.4,-63.8,2.7,227.5,-28.6,0.1,-1.0,RS41-SG,403.500,7.6,250,9,2.5,,
2026-08-24T00:50:29.993Z,W4140647,8179,46.87850,7.44152,36275.3,-43.7,10.2,269.4,-29.0,0.1,-1.0,RS41-SG,403.500,7.6,250,9,2.5,,
2026-08-24T00:50:38.993Z,W4140647,8188,46.87861,7.44080,35903.1,-33.4,1.9,274.9,-31.5,0.1,-1.0,RS41-SG,403.500,7.7,250,9,2.6,,
2026-08-24T00:50:39.993Z,W4140647,8189,46.87862,7.44076,35867.7,-37.0,4.1,286.5,-31.6,0.1,-1.0,RS41-SG,403.500,7.7,250,8,2.6,,
2026-08-24T00:50:40.993Z,W4140647,8190,46.87863,7.44070,35829.4,-39.3,6.0,273.2,-31.6,0.1,-1.0,RS41-SG,403.500,7.3,250,8,2.5,,
2026-08-24T00:50:41.993Z,W4140647,8191,46.87863,7.44060,35790.0,-39.5,8.9,273.7,-31.5,0.1,-1.0,RS41-SG,403.500,7.4,250,9,2.5,,
2026-08-24T00:50:42.993Z,W4140647,8192,46.87864,7.44047,35751.9,-37.1,11.7,275.1,-31.4,0.1,-1.0,RS41-SG,403.500,7.4,250,9,2.5,,
2026-08-24T00:50:48.993Z,W4140647,8198,46.87870,7.43961,35549.2,-35.6,6.3,273.1,-33.1,0.1,-1.0,RS41-SG,403.500,7.1,250,9,2.5,,
2026-08-24T00:50:49.993Z,W4140647,8199,46.87870,7.43954,35511.6,-39.3,5.6,269.7,-33.3,0.1,-1.0,RS41-SG,403.500,7.3,250,9,2.5,,
2026-08-24T00:50:50.993Z,W4140647,8200,46.87870,7.43947,35472.0,-39.8,4.7,262.5,-33.6,0.1,-1.0,RS41-SG,403.500,7.8,250,9,2.6,,
2026-08-24T00:50:51.993Z,W4140647,8201,46.87870,7.43941,35431.4,-41.0,4.5,257.2,-33.8,0.1,-1.0,RS41-SG,403.500,7.8,250,9,2.6,,
2026-08-24T00:50:52.993Z,W4140647,8202,46.87868,7.43935,35388.7,-44.4,4.9,253.4,-33.8,0.1,-1.0,RS41-SG,403.500,8.0,250,8,2.6,,
2026-08-24T00:50:53.993Z,W4140647,8203,46.87867,7.43928,35343.7,-45.1,6.3,249.9,-33.8,0.1,-1.0,RS41-SG,403.500,8.0,250,9,2.5,,
2026-08-24T00:50:54.993Z,W4140647,8204,46.87865,7.43919,35298.0,-46.4,8.2,250.1,-33.7,0.1,-1.0,RS41-SG,403.500,8.4,250,9,2.5,,
2026-08-24T00:50:55.993Z,W4140647,8205,46.87862,7.43908,35250.8,-47.5,9.8,254.2,-33.6,0.1,-1.0,RS41-SG,403.500,8.4,250,8,2.5,,
2026-08-24T00:50:56.993Z,W4140647,8206,46.87860,7.43895,35202.4,-49.6,10.6,258.4,-33.5,0.1,-1.0,RS41-SG,403.500,8.0,250,8,2.6,,
2026-08-24T00:50:57.993Z,W4140647,8207,46.87858,7.43881,35153.2,-49.2,10.8,254.7,-33.4,0.1,-1.0,RS41-SG,403.500,7.5,250,8,2.6,,
2026-08-24T00:51:01.993Z,W4140647,8211,46.87842,7.43829,34953.5,-51.9,9.7,240.2,-32.8,0.1,-1.0,RS41-SG,403.500,7.4,250,8,2.5,08:29:50,
2026-08-24T00:51:02.993Z,W4140647,8212,46.87838,7.43820,34902.1,-51.4,8.7,226.5,-32.7,0.1,-1.0,RS41-SG,403.500,7.4,250,8,2.5,08:29:50,
2026-08-24T00:51:03.993Z,W4140647,8213,46.87832,7.43812,34852.0,-48.5,8.3,222.5,-32.7,0.1,-1.0,RS41-SG,403.500,7.1,250,8,2.6,08:29:50,
2026-08-24T00:51:04.993Z,W4140647,8214,46.87827,7.43805,34802.6,-49.9,7.7,214.7,-32.6,0.1,-1.0,RS41-SG,403.500,7.5,250,9,2.6,08:29:50,
2026-08-24T00:51:05.993Z,W4140647,8215,46.87821,7.43800,34753.3,-48.6,7.5,205.4,-32.5,0.1,-1.0,RS41-SG,403.500,7.6,250,9,2.6,08:29:50,
2026-08-24T00:51:06.993Z,W4140647,8216,46.87815,7.43796,34705.0,-48.5,7.6,203.1,-32.5,0.1,-1.0,RS41-SG,403.500,7.9,250,8,2.5,08:29:50,
2026-08-24T00:51:07.993Z,W4140647,8217,46.87808,7.43792,34656.8,-48.3,8.1,205.1,-32.6,0.1,-1.0,RS41-SG,403.500,8.2,250,9,2.5,08:29:50,
2026-08-24T00:51:08.993Z,W4140647,8218,46.87802,7.43787,34608.3,-49.2,6.9,211.5,-32.8,0.1,-1.0,RS41-SG,403.500,8.2,250,9,2.5,08:29:50,
2026-08-24T00:51:09.993Z,W4140647,8219,46.87797,7.43782,34559.4,-49.2,7.4,213.1,-33.0,0.1,-1.0,RS41-SG,403.500,7.6,250,9,2.6,08:29:50,
2026-08-24T00:51:10.993Z,W4140647,8220,46.87792,7.43777,34510.7,-48.8,6.3,221.0,-33.3,0.1,-1.0,RS41-SG,403.500,8.1,250,8,2.6,08:29:50,
2026-08-24T00:51:11.993Z,W4140647,8221,46.87789,7.43771,34462.8,-47.6,5.9,237.3,-33.5,0.1,-1.0,RS41-SG,403.500,8.1,250,8,2.6,08:29:50,
2026-08-24T00:51:12.993Z,W4140647,8222,46.87785,7.43764,34415.0,-48.2,6.4,239.4,-33.7,0.1,-1.0,RS41-SG,403.500,8.0,250,9,2.5,08:29:50,
2026-08-24T00:51:13.993Z,W4140647,8223,46.87782,7.43756,34368.2,-46.0,6.4,242.1,-33.9,0.1,-1.0,RS41-SG,403.500,8.7,250,8,2.5,08:29:50,
2026-08-24T00:51:14.993Z,W4140647,8224,46.87780,7.43749,34322.0,-46.4,6.0,249.2,-34.2,0.1,-1.0,RS41-SG,403.500,8.7,250,9,2.5,08:29:50,
2026-08-24T00:51:15.993Z,W4140647,8225,46.87778,7.43741,34276.1,-45.9,6.4,253.7,-34.5,0.1,-1.0,RS41-SG,403.500,8.1,250,9,2.6,08:29:50,
2026-08-24T00:51:16.993Z,W4140647,8226,46.87776,7.43734,34229.5,-47.5,6.5,244.8,-34.8,0.1,-1.0,RS41-SG,403.500,8.1,250,9,2.6,08:29:50,
2026-08-24T00:51:17.993Z,W4140647,8227,46.87773,7.43725,34182.3,-46.6,7.3,246.4,-35.2,0.1,-1.0,RS41-SG,403.500,8.2,250,9,2.5,08:29:50,
2026-08-24T00:51:18.993Z,W4140647,8228,46.87771,7.43717,34135.1,-48.4,7.1,244.8,-35.6,0.1,-1.0,RS41-SG,403.500,8.2,250,8,2.5,08:29:50,
2026-08-24T00:51:19.993Z,W4140647,8229,46.87767,7.43709,34086.5,-49.2,7.6,238.2,-36.0,0.1,-1.0,RS41-SG,403.500,7.9,250,9,2.5,08:29:50,
2026-08-24T00:51:20.993Z,W4140647,8230,46.87764,7.43700,34038.4,-47.2,7.4,240.3,-36.4,0.1,-1.0,RS41-SG,403.500,7.5,250,8,2.6,08:29:50,
2026-08-24T00:51:21.993Z,W4140647,8231,46.87761,7.43692,33991.5,-47.1,7.6,243.8,-36.8,0.2,-1.0,RS41-SG,403.500,7.5,250,9,2.6,08:29:50,
2026-08-24T00:51:22.993Z,W4140647,8232,46.87757,7.43683,33944.1,-48.2,7.7,239.0,-37.0,0.1,-1.0,RS41-SG,403.500,7.0,250,8,2.6,08:29:50,
2026-08-24T00:51:23.993Z,W4140647,8233,46.87754,7.43675,33896.0,-48.4,7.0,237.7,-37.0,0.1,-1.0,RS41-SG,403.500,7.0,250,9,2.5,08:29:50,
2026-08-24T00:51:25.993Z,W4140647,8235,46.87749,7.43660,33798.8,-48.4,5.8,246.6,-37.1,0.2,-1.0,RS41-SG,403.500,7.2,250,9,2.5,08:29:50,
2026-08-24T00:51:26.993Z,W4140647,8236,46.87747,7.43653,33751.3,-47.4,5.9,247.7,-37.2,0.2,-1.0,RS41-SG,403.500,7.1,250,9,2.6,08:29:50,
2026-08-24T00:51:27.993Z,W4140647,8237,46.87744,7.43646,33704.0,-48.0,5.8,238.4,-37.4,0.2,-1.0,RS41-SG,403.500,7.2,250,9,2.6,08:29:50,
2026-08-24T00:51:28.993Z,W4140647,8238,46.87742,7.43640,33656.2,-48.3,5.1,242.5,-37.5,0.2,-1.0,RS41-SG,403.500,7.3,250,9,2.6,08:29:50,
2026-08-24T00:51:29.993Z,W4140647,8239,46.87740,7.43634,33608.6,-47.7,5.5,247.3,-37.5,0.1,-1.0,RS41-SG,403.500,7.3,250,9,2.5,08:29:50,
2026-08-24T00:51:30.993Z,W4140647,8240,46.87738,7.43628,33562.1,-46.6,5.3,238.5,-37.6,0.2,-1.0,RS41-SG,403.500,7.2,250,8,2.5,08:29:50,
2026-08-24T00:51:31.993Z,W4140647,8241,46.87736,7.43622,33516.5,-45.9,4.3,245.0,-38.0,0.2,-1.0,RS41-SG,403.500,7.1,250,9,2.5,08:29:50,
2026-08-24T00:51:32.993Z,W4140647,8242,46.87735,7.43617,33472.1,-44.0,4.1,256.7,-38.4,0.2,-1.0,RS41-SG,403.500,6.8,250,9,2.5,08:29:50,
2026-08-24T00:51:33.993Z,W4140647,8243,46.87734,7.43613,33431.1,-38.8,2.9,259.7,-38.6,0.2,-1.0,RS41-SG,403.500,6.5,250,9,2.6,08:29:50,
2026-08-24T00:51:35.993Z,W4140647,8245,46.87736,7.43607,33354.5,-39.5,3.2,312.6,-38.9,0.2,-1.0,RS41-SG,403.500,7.0,250,9,2.6,08:29:50,
2026-08-24T00:51:36.993Z,W4140647,8246,46.87738,7.43604,33314.1,-42.4,2.5,305.4,-38.9,0.2,-1.0,RS41-SG,403.500,7.0,250,8,2.5,08:29:50,
2026-08-24T00:51:37.993Z,W4140647,8247,46.87740,7.43601,33271.9,-42.7,3.5,320.9,-38.9,0.2,-1.0,RS41-SG,403.500,7.3,250,9,2.5,08:29:50,
2026-08-24T00:51:38.993Z,W4140647,8248,46.87742,7.43598,33228.8,-44.0,4.5,314.7,-38.9,0.2,-1.0,RS41-SG,403.500,7.3,250,8,2.5,08:29:50,
2026-08-24T00:51:40.993Z,W4140647,8250,46.87747,7.43588,33140.4,-43.3,5.5,288.8,-38.9,0.2,-1.0,RS41-SG,403.500,7.3,250,9,2.6,08:29:50,
2026-08-24T00:51:41.993Z,W4140647,8251,46.87748,7.43580,33097.0,-43.6,6.1,281.3,-38.9,0.2,-1.0,RS41-SG,403.500,7.3,250,9,2.6,08:29:50,
2026-08-24T00:52:05.993Z,W4140647,8275,46.87788,7.43380,32159.1,-39.0,7.8,323.4,-39.4,0.2,-1.0,RS41-SG,403.500,6.3,250,8,2.6,08:29:50,
2026-08-24T00:52:08.993Z,W4140647,8278,46.87801,7.43358,32040.9,-38.3,7.2,296.9,-39.6,0.2,-1.0,RS41-SG,403.500,6.9,250,8,2.5,08:29:50,
2026-08-24T00:52:18.993Z,W4140647,8288,46.87805,7.43288,31671.7,-38.0,4.3,340.2,-41.8,0.3,-1.0,RS41-SG,403.500,6.9,250,7,2.5,08:29:50,
2026-08-24T00:52:19.993Z,W4140647,8289,46.87809,7.43287,31634.3,-36.3,4.5,349.2,-41.8,0.3,-1.0,RS41-SG,403.500,7.1,250,8,2.5,08:29:50,
2026-08-24T00:52:20.993Z,W4140647,8290,46.87814,7.43285,31597.8,-36.4,7.3,345.6,-41.9,0.3,-1.0,RS41-SG,403.500,7.4,250,8,2.6,08:29:50,
2026-08-24T00:52:21.993Z,W4140647,8291,46.87820,7.43282,31560.7,-37.6,7.1,339.3,-42.0,0.3,-1.0,RS41-SG,403.500,7.4,250,9,2.6,08:29:50,
2026-08-24T00:52:22.993Z,W4140647,8292,46.87826,7.43278,31523.3,-37.5,8.7,337.3,-42.2,0.3,-1.0,RS41-SG,403.500,7.9,250,8,2.6,08:29:50,
2026-08-24T00:52:23.993Z,W4140647,8293,46.87834,7.43272,31485.4,-38.8,9.6,327.9,-42.2,0.3,-1.0,RS41-SG,403.500,7.9,250,8,2.5,08:29:50,
2026-08-24T00:52:24.993Z,W4140647,8294,46.87841,7.43265,31447.3,-37.9,10.0,320.7,-42.2,0.3,-1.0,RS41-SG,403.500,7.6,250,8,2.5,08:29:50,
2026-08-24T00:52:25.993Z,W4140647,8295,46.87848,7.43256,31410.5,-35.0,11.1,317.4,-42.2,0.3,-1.0,RS41-SG,403.500,8.0,250,9,2.5,08:29:50,
2026-08-24T00:52:26.993Z,W4140647,8296,46.87855,7.43246,31375.0,-35.6,11.5,314.1,-42.2,0.3,-1.0,RS41-SG,403.500,8.0,250,9,2.6,08:29:50,
2026-08-24T00:52:27.993Z,W4140647,8297,46.87862,7.43234,31339.1,-36.2,12.0,308.0,-42.2,0.3,-1.0,RS41-SG,403.500,8.1,250,8,2.6,08:29:50,
2026-08-24T00:52:28.993Z,W4140647,8298,46.87868,7.43222,31303.7,-34.8,10.8,306.9,-42.1,0.3,-1.0,RS41-SG,403.500,8.1,250,8,2.6,08:29:50,
2026-08-24T00:52:29.993Z,W4140647,8299,46.87874,7.43210,31268.4,-35.8,11.3,303.3,-42.1,0.3,-1.0,RS41-SG,403.500,8.4,250,8,2.5,08:29:50,
2026-08-24T00:52:30.993Z,W4140647,8300,46.87879,7.43199,31232.4,-36.2,9.8,300.8,-42.0,0.2,-1.0,RS41-SG,403.500,8.4,250,9,2.5,08:29:50,
2026-08-24T00:52:31.993Z,W4140647,8301,46.87883,7.43187,31196.3,-36.2,10.2,297.2,-42.0,0.3,-1.0,RS41-SG,403.500,8.4,250,9,2.5,08:29:50,
2026-08-24T00:52:32.993Z,W4140647,8302,46.87887,7.43176,31160.6,-35.4,8.7,294.0,-42.0,0.3,-1.0,RS41-SG,403.500,8.4,250,9,2.5,08:29:50,
2026-08-24T00:52:33.993Z,W4140647,8303,46.87890,7.43166,31127.7,-31.1,8.8,290.2,-42.0,0.3,-1.0,RS41-SG,403.500,8.0,250,9,2.6,08:29:50,
2026-08-24T00:52:34.993Z,W4140647,8304,46.87892,7.43156,31095.9,-32.7,7.5,284.5,-42.0,0.2,-1.0,RS41-SG,403.500,7.5,250,9,2.6,08:29:50,
2026-08-24T00:52:35.993Z,W4140647,8305,46.87894,7.43146,31062.8,-34.1,7.8,284.2,-41.9,0.2,-1.0,RS41-SG,403.500,7.5,250,9,2.6,08:29:50,
2026-08-24T00:52:37.993Z,W4140647,8307,46.87897,7.43128,30991.8,-37.9,6.9,282.0,-41.9,0.3,-1.0,RS41-SG,403.500,7.6,250,8,2.5,08:29:50,
2026-08-24T00:52:38.993Z,W4140647,8308,46.87898,7.43120,30955.3,-35.2,5.8,288.0,-42.0,0.3,-1.0,RS41-SG,403.500,7.8,250,9,2.5,08:29:50,
2026-08-24T00:52:39.993Z,W4140647,8309,46.87900,7.43113,30921.1,-34.2,5.7,284.5,-42.1,0.3,-1.0,RS41-SG,403.500,7.8,250,9,2.6,08:29:50,
2026-08-24T00:52:40.993Z,W4140647,8310,46.87901,7.43106,30887.2,-34.0,5.6,295.3,-42.1,0.3,-1.0,RS41-SG,403.500,8.1,250,8,2.6,08:29:50,
2026-08-24T00:52:41.993Z,W4140647,8311,46.87904,7.43099,30852.7,-35.7,5.4,294.3,-42.0,0.3,-1.0,RS41-SG,403.500,8.4,250,7,2.6,08:29:50,
2026-08-24T00:52:42.993Z,W4140647,8312,46.87905,7.43093,30817.5,-35.2,5.8,290.2,-42.0,0.3,-1.0,RS41-SG,403.500,8.5,250,8,2.5,08:29:50,
2026-08-24T00:52:43.993Z,W4140647,8313,46.87907,7.43085,30783.2,-33.9,6.5,292.4,-42.1,0.3,-1.0,RS41-SG,403.500,8.5,250,8,2.5,08:28:08,
2026-08-24T00:52:44.993Z,W4140647,8314,46.87910,7.43077,30749.1,-34.7,7.1,291.8,-42.1,0.3,-1.0,RS41-SG,403.500,8.3,250,8,2.5,08:28:08,
2026-08-24T00:52:45.993Z,W4140647,8315,46.87912,7.43069,30714.3,-35.4,7.6,293.7,-42.1,0.3,-1.0,RS41-SG,403.500,8.0,250,8,2.6,08:28:08,
2026-08-24T00:52:46.993Z,W4140647,8316,46.87915,7.43059,30678.9,-35.6,8.2,294.6,-42.1,0.2,-1.0,RS41-SG,403.500,8.5,250,9,2.6,08:28:08,
2026-08-24T00:52:47.993Z,W4140647,8317,46.87918,7.43050,30642.8,-37.3,7.9,296.2,-42.1,0.3,-1.0,RS41-SG,403.500,8.5,250,9,2.5,08:28:08,
2026-08-24T00:52:48.993Z,W4140647,8318,46.87921,7.43040,30606.7,-35.4,7.9,291.0,-42.1,0.3,-1.0,RS41-SG,403.500,8.1,250,9,2.5,08:28:08,
2026-08-24T00:52:49.993Z,W4140647,8319,46.87923,7.43031,30573.5,-31.3,7.2,293.7,-42.1,0.3,-1.0,RS41-SG,403.500,8.2,250,9,2.5,08:28:08,
2026-08-24T00:52:50.993Z,W4140647,8320,46.87926,7.43023,30542.9,-30.6,6.3,286.2,-42.1,0.3,-1.0,RS41-SG,403.500,8.2,250,9,2.6,08:28:08,
2026-08-24T00:52:51.993Z,W4140647,8321,46.87927,7.43015,30510.8,-34.1,6.5,291.1,-42.1,0.3,-1.0,RS41-SG,403.500,8.1,250,8,2.6,08:28:08,
2026-08-24T00:52:52.993Z,W4140647,8322,46.87929,7.43008,30475.5,-36.5,5.0,292.6,-41.9,0.2,-1.0,RS41-SG,403.500,8.1,250,9,2.6,08:28:08,
2026-08-24T00:52:54.993Z,W4140647,8324,46.87933,7.42996,30401.5,-37.2,4.0,296.2,-41.6,0.3,-1.0,RS41-SG,403.500,8.3,250,9,2.5,08:28:08,
2026-08-24T00:52:55.993Z,W4140647,8325,46.87935,7.42991,30364.5,-36.9,4.5,301.2,-41.6,0.3,-1.0,RS41-SG,403.500,8.3,250,9,2.5,08:28:08,
2026-08-24T00:52:56.993Z,W4140647,8326,46.87937,7.42986,30328.6,-35.4,4.9,300.1,-41.6,0.2,-1.0,RS41-SG,403.500,8.3,250,9,2.6,08:28:08,
2026-08-24T00:52:57.993Z,W4140647,8327,46.87939,7.42980,30294.8,-32.1,5.1,298.8,-41.7,0.3,-1.0,RS41-SG,403.500,8.5,250,9,2.6,08:28:08,
2026-08-24T00:52:58.993Z,W4140647,8328,46.87942,7.42974,30262.1,-33.4,5.8,304.8,-41.7,0.2,-1.0,RS41-SG,403.500,8.8,250,8,2.6,08:28:08,
2026-08-24T00:52:59.993Z,W4140647,8329,46.87945,7.42967,30229.0,-32.9,7.6,301.5,-41.8,0.2,-1.0,RS41-SG,403.500,8.9,250,8,2.5,08:28:08,
2026-08-24T00:53:00.993Z,W4140647,8330,46.87949,7.42958,30195.8,-32.7,7.7,299.0,-41.9,0.3,-1.0,RS41-SG,403.500,9.0,250,8,2.5,08:28:08,
2026-08-24T00:53:01.993Z,W4140647,8331,46.87952,7.42949,30161.8,-34.3,9.3,300.3,-42.1,0.3,-1.0,RS41-SG,403.500,9.0,250,9,2.5,08:28:08,
2026-08-24T00:53:02.993Z,W4140647,8332,46.87956,7.42938,30125.9,-36.6,8.8,295.4,-42.3,0.3,-1.0,RS41-SG,403.500,8.7,250,9,2.5,08:28:08,
2026-08-24T00:53:03.993Z,W4140647,8333,46.87960,7.42928,30089.0,-35.8,9.2,298.3,-42.5,0.3,-1.0,RS41-SG,403.500,8.7,250,9,2.6,08:28:08,
2026-08-24T00:53:04.993Z,W4140647,8334,46.87964,7.42917,30052.1,-37.5,10.0,298.6,-42.6,0.3,-1.0,RS41-SG,403.500,8.6,250,8,2.6,08:28:08,
2026-08-24T00:53:05.993Z,W4140647,8335,46.87968,7.42906,30014.9,-36.6,8.8,296.1,-42.6,0.3,-1.0,RS41-SG,403.500,8.4,250,9,2.6,08:28:08,
2026-08-24T00:53:07.993Z,W4140647,8337,46.87976,7.42886,29940.4,-37.8,8.2,297.4,-42.9,0.3,-1.0,RS41-SG,403.500,8.0,250,9,2.5,08:28:08,
2026-08-24T00:53:08.993Z,W4140647,8338,46.87979,7.42877,29901.9,-38.8,7.7,302.6,-43.0,0.3,-1.0,RS41-SG,403.500,8.2,250,8,2.5,08:28:08,
2026-08-24T00:53:09.993Z,W4140647,8339,46.87983,7.42869,29863.1,-38.7,7.8,302.5,-43.1,0.3,-1.0,RS41-SG,403.500,8.2,250,9,2.6,08:28:08,
2026-08-24T00:53:10.993Z,W4140647,8340,46.87987,7.42860,29824.5,-37.9,8.4,301.5,-43.4,0.3,-1.0,RS41-SG,403.500,8.2,250,9,2.6,08:28:08,
2026-08-24T00:53:11.993Z,W4140647,8341,46.87991,7.42850,29786.8,-37.5,8.6,300.1,-43.6,0.3,-1.0,RS41-SG,403.500,8.3,250,9,2.6,08:28:08,
2026-08-24T00:53:12.993Z,W4140647,8342,46.87995,7.42840,29750.3,-35.7,9.0,299.2,-43.7,0.3,-1.0,RS41-SG,403.500,8.3,250,9,2.5,08:28:08,
2026-08-24T00:53:13.993Z,W4140647,8343,46.87999,7.42829,29714.2,-36.9,9.4,298.3,-43.8,0.3,-1.0,RS41-SG,403.500,7.8,250,9,2.5,08:28:08,
2026-08-24T00:53:14.993Z,W4140647,8344,46.88003,7.42818,29677.9,-36.1,10.1,297.6,-43.7,0.3,-1.0,RS41-SG,403.500,8.1,250,8,2.5,08:28:08,
2026-08-24T00:53:15.993Z,W4140647,8345,46.88007,7.42807,29643.1,-33.8,10.1,297.9,-43.8,0.3,-1.0,RS41-SG,403.500,8.1,250,8,2.6,08:28:08,
2026-08-24T00:53:16.993Z,W4140647,8346,46.88011,7.42794,29609.7,-33.2,11.6,299.2,-43.8,0.3,-1.0,RS41-SG,403.500,7.5,250,9,2.6,08:28:08,
2026-08-24T00:53:17.993Z,W4140647,8347,46.88016,7.42781,29575.6,-35.6,11.6,300.0,-43.8,0.3,-1.0,RS41-SG,403.500,7.3,250,9,2.5,08:28:08,
2026-08-24T00:53:18.993Z,W4140647,8348,46.88021,7.42767,29539.9,-36.0,12.3,296.1,-43.8,0.3,-1.0,RS41-SG,403.500,7.7,250,9,2.5,08:28:08,
2026-08-24T00:53:19.993Z,W4140647,8349,46.88026,7.42753,29504.5,-34.9,13.2,298.4,-43.9,0.3,-1.0,RS41-SG,403.500,7.7,250,8,2.5,08:28:08,
2026-08-24T00:53:20.993Z,W4140647,8350,46.88032,7.42737,29470.0,-34.4,13.8,295.0,-44.0,0.3,-1.0,RS41-SG,403.500,7.8,250,9,2.6,08:28:08,
2026-08-24T00:53:21.993Z,W4140647,8351,46.88036,7.42721,29437.0,-31.9,13.5,292.5,-44.0,0.3,-1.0,RS41-SG,403.500,7.8,250,8,2.6,08:28:08,
2026-08-24T00:53:22.993Z,W4140647,8352,46.88041,7.42704,29404.4,-33.8,14.2,289.2,-44.0,0.3,-1.0,RS41-SG,403.500,7.1,250,9,2.6,08:28:08,
2026-08-24T00:53:23.993Z,W4140647,8353,46.88044,7.42687,29371.2,-32.3,13.2,286.6,-44.0,0.3,-1.0,RS41-SG,403.500,7.1,250,9,2.5,08:28:08,
2026-08-24T00:53:24.993Z,W4140647,8354,46.88047,7.42670,29339.0,-33.4,13.6,283.1,-44.1,0.3,-1.0,RS41-SG,403.500,7.1,250,7,2.5,08:28:08,
2026-08-24T00:53:28.993Z,W4140647,8358,46.88057,7.42608,29205.2,-33.4,10.9,283.7,-44.3,0.3,-1.0,RS41-SG,403.500,7.2,250,9,2.6,08:28:08,
2026-08-24T00:53:29.993Z,W4140647,8359,46.88060,7.42594,29172.3,-32.5,11.6,285.4,-44.2,0.3,-1.0,RS41-SG,403.500,7.2,250,9,2.5,08:28:08,
2026-08-24T00:53:30.993Z,W4140647,8360,46.88062,7.42580,29139.8,-32.7,11.4,285.2,-44.1,0.3,-1.0,RS41-SG,403.500,7.3,250,8,2.5,08:28:08,
2026-08-24T00:53:31.993Z,W4140647,8361,46.88066,7.42565,29106.8,-33.7,11.9,289.0,-44.1,0.3,-1.0,RS41-SG,403.500,7.4,250,8,2.5,08:28:08,
2026-08-24T00:53:32.993Z,W4140647,8362,46.88069,7.42550,29072.7,-34.1,13.1,289.6,-44.1,0.3,-1.0,RS41-SG,403.500,7.5,250,9,2.5,08:28:08,
2026-08-24T00:53:33.993Z,W4140647,8363,46.88073,7.42534,29039.3,-33.0,13.1,286.3,-44.2,0.3,-1.0,RS41-SG,403.500,7.5,250,9,2.6,08:28:08,
2026-08-24T00:53:34.993Z,W4140647,8364,46.88076,7.42517,29005.6,-34.3,13.7,286.2,-44.3,0.3,-1.0,RS41-SG,403.500,7.1,250,9,2.6,08:27:17,
2026-08-24T00:53:36.993Z,W4140647,8366,46.88081,7.42482,28936.7,-34.2,13.3,279.5,-44.3,0.3,-1.0,RS41-SG,403.500,6.9,250,9,2.5,08:27:17,
2026-08-24T00:53:38.993Z,W4140647,8368,46.88084,7.42447,28865.2,-36.1,13.2,270.9,-44.2,0.3,-1.0,RS41-SG,403.500,7.4,250,9,2.5,08:27:17,
2026-08-24T00:53:39.993Z,W4140647,8369,46.88084,7.42430,28829.0,-36.0,12.7,268.6,-44.2,0.3,-1.0,RS41-SG,403.500,7.7,250,9,2.6,08:27:17,
2026-08-24T00:53:40.993Z,W4140647,8370,46.88084,7.42413,28792.9,-36.3,12.9,267.8,-44.2,0.3,-1.0,RS41-SG,403.500,7.7,250,9,2.6,08:27:17,
2026-08-24T00:53:41.993Z,W4140647,8371,46.88083,7.42396,28757.3,-36.0,13.4,263.0,-44.6,0.3,-1.0,RS41-SG,403.500,7.1,250,7,2.6,08:27:17,
2026-08-24T00:53:42.993Z,W4140647,8372,46.88081,7.42379,28722.3,-34.4,12.9,261.8,-44.9,0.3,-1.0,RS41-SG,403.500,7.2,250,9,2.5,08:27:17,
2026-08-24T00:53:43.993Z,W4140647,8373,46.88080,7.42362,28688.2,-34.0,13.3,260.5,-45.0,0.4,-1.0,RS41-SG,403.500,7.3,250,9,2.5,08:27:17,
2026-08-24T00:53:44.993Z,W4140647,8374,46.88078,7.42345,28654.7,-33.4,13.4,259.6,-45.1,0.4,-1.0,RS41-SG,403.500,7.3,250,9,2.5,08:27:17,
2026-08-24T00:53:45.993Z,W4140647,8375,46.88076,7.42327,28619.9,-36.1,13.7,257.5,-45.2,0.4,-1.0,RS41-SG,403.500,7.0,250,9,2.6,08:27:17,
2026-08-24T00:53:47.993Z,W4140647,8377,46.88069,7.42294,28550.4,-35.5,12.7,249.9,-45.4,0.4,-1.0,RS41-SG,403.500,6.8,250,9,2.5,08:27:17,
2026-08-24T00:53:48.993Z,W4140647,8378,46.88065,7.42280,28514.7,-35.8,11.3,242.4,-45.7,0.4,-1.0,RS41-SG,403.500,6.8,250,8,2.5,08:27:17,
2026-08-24T00:53:53.993Z,W4140647,8383,46.88042,7.42236,28343.7,-34.4,6.0,226.6,-46.5,0.4,-1.0,RS41-SG,403.500,7.4,250,9,2.5,08:27:17,
2026-08-24T00:53:54.993Z,W4140647,8384,46.88039,7.42230,28308.8,-35.2,5.1,226.8,-46.6,0.4,-1.0,RS41-SG,403.500,7.5,250,9,2.5,08:27:17,
2026-08-24T00:53:55.993Z,W4140647,8385,46.88037,7.42225,28274.2,-33.7,4.0,243.2,-46.7,0.4,-1.0,RS41-SG,403.500,8.1,250,8,2.5,08:27:17,
2026-08-24T00:53:56.993Z,W4140647,8386,46.88036,7.42220,28240.9,-33.2,4.7,269.8,-46.7,0.4,-1.0,RS41-SG,403.500,8.1,250,8,2.6,08:27:17,
2026-08-24T00:53:57.993Z,W4140647,8387,46.88036,7.42212,28207.3,-34.5,5.8,268.9,-46.6,0.4,-1.0,RS41-SG,403.500,7.9,250,8,2.6,08:27:17,
2026-08-24T00:53:58.993Z,W4140647,8388,46.88036,7.42204,28173.1,-34.1,6.5,275.1,-46.5,0.4,-1.0,RS41-SG,403.500,7.9,250,8,2.5,08:27:17,
2026-08-24T00:53:59.993Z,W4140647,8389,46.88036,7.42195,28139.9,-32.2,8.4,269.3,-46.5,0.4,-1.0,RS41-SG,403.500,7.5,250,8,2.5,08:27:17,
2026-08-24T00:54:00.993Z,W4140647,8390,46.88035,7.42184,28106.8,-33.3,8.6,268.8,-46.3,0.4,-1.0,RS41-SG,403.500,7.5,250,9,2.6,08:27:17,
2026-08-24T00:54:01.993Z,W4140647,8391,46.88034,7.42172,28072.4,-35.0,9.9,264.3,-46.2,0.4,-1.0,RS41-SG,403.500,6.9,250,8,2.6,08:27:17,
2026-08-24T00:54:09.993Z,W4140647,8399,46.88004,7.42088,27807.3,-32.9,6.4,237.6,-46.2,0.4,-1.0,RS41,403.500,6.8,250,9,2.5,08:27:17,
2026-08-24T00:54:10.993Z,W4140647,8400,46.88001,7.42081,27774.6,-32.8,6.1,245.1,-46.1,0.4,-1.0,RS41,403.500,7.2,250,9,2.5,08:27:17,
2026-08-24T00:54:12.993Z,W4140647,8402,46.87998,7.42065,27713.7,-29.3,7.1,258.2,-46.2,0.4,-1.0,RS41,403.500,7.4,250,8,2.6,08:27:17,
2026-08-24T00:54:13.993Z,W4140647,8403,46.87997,7.42056,27683.9,-31.1,7.0,256.1,-46.1,0.4,-1.0,RS41,403.500,7.4,250,8,2.5,08:27:17,
2026-08-24T00:54:14.993Z,W4140647,8404,46.87995,7.42046,27654.2,-28.8,8.0,257.0,-46.1,0.4,-1.0,RS41,403.500,6.9,250,8,2.5,08:27:17,
2026-08-24T00:54:16.993Z,W4140647,8406,46.87990,7.42023,27594.7,-30.6,9.2,250.6,-46.0,0.4,-1.0,RS41,403.500,6.7,250,9,2.6,08:27:17,
2026-08-24T00:54:30.993Z,W4140647,8420,46.87933,7.41890,27191.9,-26.5,4.4,240.7,-47.9,0.5,-1.0,RS41,403.500,6.6,250,8,2.5,08:27:17,
