timestamp,serial,frame,lat,lon,alt,vel_v,vel_h,heading,temp,humidity,pressure,type,freq_mhz,snr,f_error_hz,sats,batt_v,burst_timer,aux_data
2026-08-31T00:47:40.991Z,X1422346,7989,45.72732,9.57319,32898.5,4.7,8.2,136.5,-273.0,-1.0,-1.0,RS41,404.900,7.0,250,9,2.6,,
2026-08-31T00:47:41.991Z,X1422346,7990,45.72727,9.57327,32903.8,5.8,8.8,133.8,-273.0,-1.0,-1.0,RS41,404.900,7.0,250,9,2.5,,
2026-08-31T00:47:42.991Z,X1422346,7991,45.72722,9.57335,32910.0,6.6,8.2,134.1,-273.0,-1.0,-1.0,RS41-SG,404.900,7.2,250,9,2.5,,
2026-08-31T00:47:43.991Z,X1422346,7992,45.72717,9.57342,32916.3,5.9,7.0,135.5,-273.0,-1.0,-1.0,RS41-SG,404.900,7.5,250,9,2.5,,
2026-08-31T00:47:44.991Z,X1422346,7993,45.72713,9.57348,32921.8,5.1,5.8,136.0,-273.0,-1.0,-1.0,RS41-SG,404.900,7.5,250,9,2.5,,
2026-08-31T00:47:45.991Z,X1422346,7994,45.72710,9.57352,32926.9,5.0,4.6,132.9,-273.0,-1.0,-1.0,RS41-SG,404.900,7.5,250,9,2.6,,
2026-08-31T00:47:46.991Z,X1422346,7995,45.72707,9.57356,32932.0,5.3,3.8,123.1,-273.0,-1.0,-1.0,RS41-SG,404.900,6.3,250,9,2.6,,
2026-08-31T00:47:47.991Z,X1422346,7996,45.72706,9.57361,32937.5,5.9,3.6,108.9,-273.0,-1.0,-1.0,RS41-SG,404.900,6.9,250,9,2.6,,
2026-08-31T00:47:48.991Z,X1422346,7997,45.72705,9.57365,32943.7,6.5,4.1,100.8,-273.0,-1.0,-1.0,RS41-SG,404.900,7.1,250,9,2.5,,
2026-08-31T00:47:49.991Z,X1422346,7998,45.72704,9.57371,32949.7,5.4,4.4,100.2,-273.0,-1.0,-1.0,RS41-SG,404.900,7.4,250,9,2.5,,
2026-08-31T00:47:50.991Z,X1422346,7999,45.72703,9.57376,32955.0,5.1,4.6,107.3,-273.0,-1.0,-1.0,RS41-SG,404.900,7.4,250,9,2.5,,
2026-08-31T00:47:51.991Z,X1422346,8000,45.72702,9.57382,32960.1,5.2,4.4,119.2,-273.0,-1.0,-1.0,RS41-SG,404.900,7.6,250,9,2.5,,
2026-08-31T00:47:52.991Z,X1422346,8001,45.72699,9.57386,32965.5,5.5,4.2,138.4,-273.0,-1.0,-1.0,RS41-SG,404.900,7.6,250,9,2.6,,
2026-08-31T00:47:53.991Z,X1422346,8002,45.72696,9.57389,32971.1,5.5,4.2,158.8,-273.0,-1.0,-1.0,RS41-SG,404.900,7.7,250,9,2.6,,
2026-08-31T00:47:54.991Z,X1422346,8003,45.72692,9.57390,32976.6,5.5,4.3,171.8,-273.0,-1.0,-1.0,RS41-SG,404.900,7.7,250,9,2.5,,
2026-08-31T00:47:55.991Z,X1422346,8004,45.72689,9.57391,32982.3,5.9,4.0,174.7,-273.0,-1.0,-1.0,RS41-SG,404.900,7.5,250,9,2.5,,
2026-08-31T00:47:56.991Z,X1422346,8005,45.72686,9.57392,32988.2,5.9,3.2,159.0,-273.0,-1.0,-1.0,RS41-SG,404.900,7.1,250,9,2.5,,
2026-08-31T00:47:57.991Z,X1422346,8006,45.72684,9.57394,32994.0,5.8,3.2,120.2,-273.0,-1.0,-1.0,RS41-SG,404.900,6.7,250,9,2.6,,
2026-08-31T00:48:00.991Z,X1422346,8009,45.72684,9.57417,33010.5,5.0,8.7,84.4,-273.0,-1.0,-1.0,RS41-SG,404.900,7.7,250,9,2.5,,
2026-08-31T00:48:01.991Z,X1422346,8010,45.72684,9.57428,33015.6,5.1,9.5,88.1,-273.0,-1.0,-1.0,RS41-SG,404.900,7.9,250,9,2.5,,
2026-08-31T00:48:02.991Z,X1422346,8011,45.72684,9.57440,33021.0,5.8,9.0,95.3,-273.0,-1.0,-1.0,RS41-SG,404.900,7.9,250,9,2.5,,
2026-08-31T00:48:03.991Z,X1422346,8012,45.72683,9.57450,33026.9,6.0,7.5,107.0,-273.0,-1.0,-1.0,RS41-SG,404.900,6.8,250,9,2.5,,
2026-08-31T00:48:04.991Z,X1422346,8013,45.72680,9.57458,33032.8,5.8,5.8,125.4,-273.0,-1.0,-1.0,RS41-SG,404.900,7.9,250,9,2.6,,
2026-08-31T00:48:05.991Z,X1422346,8014,45.72677,9.57462,33038.4,5.2,4.4,149.7,-38.0,-1.0,-1.0,RS41-SG,404.900,7.9,250,9,2.6,,
2026-08-31T00:48:06.991Z,X1422346,8015,45.72674,9.57464,33043.4,4.9,3.5,178.3,-38.0,-1.0,-1.0,RS41-SG,404.900,7.2,250,9,2.6,,
2026-08-31T00:48:11.991Z,X1422346,8020,45.72677,9.57470,33071.9,5.7,7.6,52.4,-38.2,-1.0,-1.0,RS41-SG,404.900,6.1,250,9,2.6,,
2026-08-31T00:48:12.991Z,X1422346,8021,45.72681,9.57479,33077.1,4.6,9.7,60.2,-38.2,-1.0,-1.0,RS41-SG,404.900,7.1,250,9,2.6,,
2026-08-31T00:48:13.991Z,X1422346,8022,45.72685,9.57491,33081.8,4.7,10.8,69.0,-38.3,-1.0,-1.0,RS41-SG,404.900,7.4,250,9,2.6,,
2026-08-31T00:48:14.991Z,X1422346,8023,45.72687,9.57504,33087.0,5.7,10.8,79.6,-38.3,-1.0,-1.0,RS41-SG,404.900,7.4,250,9,2.5,,
2026-08-31T00:48:15.991Z,X1422346,8024,45.72688,9.57517,33093.0,6.3,9.4,93.3,-38.4,-1.0,-1.0,RS41-SG,404.900,8.3,250,9,2.5,,
2026-08-31T00:48:16.991Z,X1422346,8025,45.72686,9.57527,33099.2,5.9,7.8,111.1,-38.4,-1.0,-1.0,RS41-SG,404.900,8.3,250,9,2.5,,
2026-08-31T00:48:17.991Z,X1422346,8026,45.72683,9.57535,33104.7,5.0,6.5,131.2,-38.4,-1.0,-1.0,RS41-SG,404.900,8.0,250,9,2.5,,
2026-08-31T00:48:18.991Z,X1422346,8027,45.72679,9.57540,33109.2,4.1,5.4,149.4,-38.5,-1.0,-1.0,RS41-SG,404.900,8.0,250,9,2.6,,
2026-08-31T00:48:21.991Z,X1422346,8030,45.72674,9.57545,33126.7,7.0,2.9,36.4,-38.6,-1.0,-1.0,RS41-SG,404.900,7.5,250,9,2.5,,
2026-08-31T00:48:22.991Z,X1422346,8031,45.72678,9.57548,33133.2,5.9,6.3,33.6,-38.6,-1.0,-1.0,RS41-SG,404.900,7.5,250,9,2.5,,
2026-08-31T00:48:23.991Z,X1422346,8032,45.72683,9.57554,33138.2,4.2,9.0,36.9,-38.6,-1.0,-1.0,RS41-SG,404.900,7.3,250,9,2.5,,
2026-08-31T00:48:24.991Z,X1422346,8033,45.72690,9.57562,33142.2,3.7,11.1,41.4,-38.6,-1.0,-1.0,RS41-SG,404.900,7.4,250,9,2.5,,
2026-08-31T00:48:25.991Z,X1422346,8034,45.72697,9.57572,33146.5,4.9,11.9,47.8,-38.6,-1.0,-1.0,RS41-SG,404.900,7.4,250,9,2.6,,
2026-08-31T00:48:26.991Z,X1422346,8035,45.72704,9.57584,33151.9,6.1,11.1,55.8,-38.6,-1.0,-1.0,RS41-SG,404.900,7.2,250,9,2.6,,
2026-08-31T00:48:27.991Z,X1422346,8036,45.72708,9.57595,33158.2,6.6,9.3,68.0,-38.6,-1.0,-1.0,RS41-SG,404.900,7.5,250,9,2.6,,
2026-08-31T00:48:28.991Z,X1422346,8037,45.72710,9.57606,33164.6,6.0,7.5,86.0,-38.6,-1.0,-1.0,RS41-SG,404.900,7.5,250,9,2.5,,
2026-08-31T00:48:29.991Z,X1422346,8038,45.72709,9.57614,33170.1,5.1,6.6,107.1,-38.6,-1.0,-1.0,RS41-SG,404.900,7.9,250,9,2.5,,
2026-08-31T00:48:30.991Z,X1422346,8039,45.72707,9.57622,33174.6,4.1,6.4,125.5,-38.6,-1.0,-1.0,RS41-SG,404.900,7.9,250,9,2.5,,
2026-08-31T00:48:31.991Z,X1422346,8040,45.72703,9.57628,33178.8,4.5,6.5,135.5,-38.5,-1.0,-1.0,RS41-SG,404.900,7.6,250,9,2.5,,
2026-08-31T00:48:32.991Z,X1422346,8041,45.72699,9.57634,33184.0,6.0,6.4,131.4,-38.5,-1.0,-1.0,RS41-SG,404.900,7.2,250,9,2.6,,
2026-08-31T00:48:33.991Z,X1422346,8042,45.72696,9.57641,33190.6,7.2,6.4,114.5,-38.5,-1.0,-1.0,RS41-SG,404.900,7.0,250,9,2.6,,
2026-08-31T00:48:35.991Z,X1422346,8044,45.72695,9.57658,33202.4,4.7,7.7,76.2,-38.4,-1.0,-1.0,RS41-SG,404.900,7.8,250,9,2.5,,
2026-08-31T00:48:36.991Z,X1422346,8045,45.72698,9.57668,33207.0,4.5,8.8,61.0,-38.4,-1.0,-1.0,RS41-SG,404.900,7.8,250,9,2.5,,
2026-08-31T00:48:37.991Z,X1422346,8046,45.72703,9.57677,33211.8,5.1,9.1,50.4,-38.4,-1.0,-1.0,RS41-SG,404.900,7.9,250,9,2.5,,
2026-08-31T00:48:38.991Z,X1422346,8047,45.72708,9.57685,33217.5,6.3,8.6,42.6,-38.4,-1.0,-1.0,RS41-SG,404.900,7.9,250,9,2.5,,
2026-08-31T00:48:39.991Z,X1422346,8048,45.72713,9.57692,33224.2,6.7,7.3,38.4,-38.4,-1.0,-1.0,RS41-SG,404.900,7.7,250,9,2.6,,
2026-08-31T00:48:40.991Z,X1422346,8049,45.72718,9.57697,33230.4,5.9,5.7,39.3,-38.3,-1.0,-1.0,RS41-SG,404.900,8.3,250,9,2.6,,
2026-08-31T00:48:41.991Z,X1422346,8050,45.72721,9.57702,33236.2,5.5,4.3,52.4,-38.3,-1.0,-1.0,RS41-SG,404.900,8.3,250,9,2.6,,
2026-08-31T00:48:43.991Z,X1422346,8052,45.72722,9.57712,33247.2,5.8,5.2,107.7,-38.3,-1.0,-1.0,RS41-SG,404.900,8.2,250,9,2.5,,
2026-08-31T00:48:44.991Z,X1422346,8053,45.72720,9.57719,33252.9,5.8,7.2,117.3,-38.3,-1.0,-1.0,RS41-SG,404.900,8.2,250,9,2.5,,
2026-08-31T00:48:45.991Z,X1422346,8054,45.72716,9.57728,33258.3,5.0,8.6,120.5,-38.3,-1.0,-1.0,RS41-SG,404.900,7.7,250,9,2.5,,
2026-08-31T00:48:46.991Z,X1422346,8055,45.72712,9.57737,33263.3,4.8,9.0,122.8,-38.2,-1.0,-1.0,RS41-SG,404.900,7.9,250,9,2.6,,
2026-08-31T00:48:47.991Z,X1422346,8056,45.72708,9.57746,33268.5,5.4,8.3,124.5,-38.2,-1.0,-1.0,RS41-SG,404.900,7.9,250,9,2.6,,
2026-08-31T00:48:48.991Z,X1422346,8057,45.72704,9.57754,33274.3,6.2,6.6,126.2,-38.2,-1.0,-1.0,RS41-SG,404.900,8.2,250,9,2.6,,
2026-08-31T00:48:49.991Z,X1422346,8058,45.72701,9.57760,33280.7,6.6,4.2,126.1,-38.2,-1.0,-1.0,RS41-SG,404.900,8.2,250,9,2.5,,
2026-08-31T00:48:50.991Z,X1422346,8059,45.72700,9.57763,33287.0,5.9,2.0,119.8,-38.2,-1.0,-1.0,RS41-SG,404.900,6.8,250,9,2.5,,
2026-08-31T00:48:51.991Z,X1422346,8060,45.72700,9.57765,33292.6,5.2,0.9,59.7,-38.2,-1.0,-1.0,RS41-SG,404.900,7.9,250,9,2.5,,
2026-08-31T00:48:52.991Z,X1422346,8061,45.72701,9.57766,33297.7,5.0,2.2,20.8,-38.1,-1.0,-1.0,RS41-SG,404.900,7.9,250,9,2.5,,
2026-08-31T00:48:53.991Z,X1422346,8062,45.72703,9.57767,33302.9,5.5,3.7,31.3,-38.1,-1.0,-1.0,RS41-SG,404.900,7.3,250,9,2.6,,
2026-08-31T00:48:54.991Z,X1422346,8063,45.72706,9.57771,33308.7,6.1,5.2,47.2,-38.1,-1.0,-1.0,RS41-SG,404.900,7.9,250,9,2.6,,
2026-08-31T00:48:55.991Z,X1422346,8064,45.72709,9.57777,33314.8,6.2,6.7,61.7,-38.0,-1.0,-1.0,RS41-SG,404.900,7.9,250,9,2.6,,
2026-08-31T00:48:56.991Z,X1422346,8065,45.72711,9.57786,33320.8,5.7,7.8,73.9,-38.0,-1.0,-1.0,RS41-SG,404.900,7.8,250,9,2.5,,
2026-08-31T00:48:57.991Z,X1422346,8066,45.72712,9.57796,33326.4,5.6,7.9,87.3,-38.0,-1.0,-1.0,RS41-SG,404.900,7.7,250,9,2.5,,
2026-08-31T00:48:58.991Z,X1422346,8067,45.72712,9.57805,33332.1,5.8,7.6,104.7,-38.0,-1.0,-1.0,RS41-SG,404.900,8.6,250,9,2.5,,
2026-08-31T00:48:59.991Z,X1422346,8068,45.72709,9.57814,33338.0,5.9,7.2,128.8,-38.0,-1.0,-1.0,RS41-SG,404.900,8.6,250,9,2.5,,
2026-08-31T00:49:00.991Z,X1422346,8069,45.72704,9.57819,33343.6,5.5,7.4,154.1,-38.1,-1.0,-1.0,RS41-SG,404.900,8.5,250,9,2.6,,
2026-08-31T00:49:01.991Z,X1422346,8070,45.72697,9.57822,33348.7,4.7,7.8,172.7,-38.1,0.6,-1.0,RS41-SG,404.900,8.5,250,9,2.6,,
2026-08-31T00:49:02.991Z,X1422346,8071,45.72690,9.57822,33353.3,4.4,8.1,184.2,-38.1,0.6,-1.0,RS41-SG,404.900,7.5,250,9,2.6,,
2026-08-31T00:49:03.991Z,X1422346,8072,45.72684,9.57821,33358.3,5.7,7.3,189.2,-38.1,0.6,-1.0,RS41-SG,404.900,7.5,250,9,2.5,,
2026-08-31T00:49:05.991Z,X1422346,8074,45.72674,9.57822,33371.3,6.9,4.2,148.6,-38.1,0.6,-1.0,RS41-SG,404.900,7.5,250,8,2.5,,
2026-08-31T00:49:06.991Z,X1422346,8075,45.72671,9.57826,33377.9,6.2,5.0,109.6,-38.1,0.6,-1.0,RS41-SG,404.900,7.5,250,9,2.5,,
2026-08-31T00:49:07.991Z,X1422346,8076,45.72671,9.57834,33383.3,4.7,7.1,92.0,-38.1,0.6,-1.0,RS41-SG,404.900,7.6,250,9,2.6,,
2026-08-31T00:49:08.991Z,X1422346,8077,45.72671,9.57844,33387.7,4.0,8.7,84.6,-38.1,0.6,-1.0,RS41-SG,404.900,8.2,250,9,2.6,,
2026-08-31T00:49:09.991Z,X1422346,8078,45.72672,9.57855,33392.1,4.8,9.4,79.9,-38.0,0.6,-1.0,RS41-SG,404.900,8.2,250,9,2.6,,
2026-08-31T00:49:10.991Z,X1422346,8079,45.72673,9.57866,33397.7,6.4,8.4,79.2,-38.0,0.6,-1.0,RS41-SG,404.900,8.2,250,9,2.5,,
2026-08-31T00:49:11.991Z,X1422346,8080,45.72674,9.57875,33404.4,6.9,6.2,80.5,-38.0,0.6,-1.0,RS41-SG,404.900,7.8,250,9,2.5,,
2026-08-31T00:49:12.991Z,X1422346,8081,45.72675,9.57882,33410.9,5.8,3.7,89.3,-37.9,0.6,-1.0,RS41-SG,404.900,8.3,250,9,2.5,,
2026-08-31T00:49:13.991Z,X1422346,8082,45.72674,9.57885,33416.1,4.6,2.0,120.4,-37.9,0.6,-1.0,RS41-SG,404.900,8.6,250,9,2.5,,
2026-08-31T00:49:14.991Z,X1422346,8083,45.72673,9.57886,33420.6,4.6,2.2,175.6,-37.8,0.6,-1.0,RS41-SG,404.900,8.6,250,9,2.6,,
2026-08-31T00:49:15.991Z,X1422346,8084,45.72671,9.57886,33425.8,5.8,3.2,183.0,-37.6,0.6,-1.0,RS41-SG,404.900,8.1,250,9,2.6,,
2026-08-31T00:49:16.991Z,X1422346,8085,45.72667,9.57887,33432.0,6.5,3.8,170.6,-37.6,0.6,-1.0,RS41-SG,404.900,7.6,250,9,2.6,,
2026-08-31T00:49:17.991Z,X1422346,8086,45.72664,9.57888,33438.2,5.9,4.2,154.1,-37.5,0.6,-1.0,RS41-SG,404.900,7.4,250,9,2.5,,
2026-08-31T00:49:18.991Z,X1422346,8087,45.72661,9.57891,33443.9,5.4,4.3,136.0,-37.4,0.6,-1.0,RS41-SG,404.900,7.4,250,9,2.5,,
2026-08-31T00:49:19.991Z,X1422346,8088,45.72659,9.57896,33449.6,5.8,4.4,115.7,-37.3,0.6,-1.0,RS41-SG,404.900,8.0,250,9,2.5,,
2026-08-31T00:49:20.991Z,X1422346,8089,45.72658,9.57901,33455.7,6.3,4.3,96.1,-37.3,0.6,-1.0,RS41-SG,404.900,8.0,250,9,2.5,,
2026-08-31T00:49:21.991Z,X1422346,8090,45.72658,9.57906,33461.7,5.8,4.2,78.8,-37.3,0.6,-1.0,RS41-SG,404.900,8.0,250,9,2.6,,
2026-08-31T00:49:22.991Z,X1422346,8091,45.72659,9.57911,33467.1,5.0,4.5,64.0,-37.2,0.6,-1.0,RS41-SG,404.900,8.0,250,9,2.6,,
2026-08-31T00:49:23.991Z,X1422346,8092,45.72661,9.57917,33472.1,5.0,5.0,56.3,-37.2,0.6,-1.0,RS41-SG,404.900,8.3,250,9,2.6,,
2026-08-31T00:49:24.991Z,X1422346,8093,45.72664,9.57922,33477.3,5.5,5.5,56.3,-37.2,0.6,-1.0,RS41-SG,404.900,8.3,250,9,2.5,,
2026-08-31T00:49:25.991Z,X1422346,8094,45.72666,9.57928,33483.1,6.0,5.9,60.2,-37.2,0.6,-1.0,RS41-SG,404.900,8.5,250,9,2.5,,
2026-08-31T00:49:26.991Z,X1422346,8095,45.72669,9.57935,33489.2,6.1,5.9,66.5,-37.2,0.6,-1.0,RS41-SG,404.900,8.5,250,9,2.5,,
2026-08-31T00:49:27.991Z,X1422346,8096,45.72671,9.57942,33495.0,5.5,5.6,71.1,-37.2,0.6,-1.0,RS41-SG,404.900,8.6,250,9,2.5,,
2026-08-31T00:49:28.991Z,X1422346,8097,45.72672,9.57948,33500.4,5.2,4.8,74.8,-37.2,0.6,-1.0,RS41-SG,404.900,8.6,250,9,2.6,,
2026-08-31T00:49:29.991Z,X1422346,8098,45.72673,9.57953,33505.7,5.3,3.5,71.1,-37.3,0.6,-1.0,RS41-SG,404.900,7.9,250,9,2.6,,
2026-08-31T00:49:30.991Z,X1422346,8099,45.72674,9.57957,33511.2,5.6,2.1,54.2,-37.3,0.6,-1.0,RS41-SG,404.900,8.2,250,9,2.6,,
2026-08-31T00:49:31.991Z,X1422346,8100,45.72676,9.57957,33517.0,5.9,1.7,356.3,-37.3,0.6,-1.0,RS41-SG,404.900,8.2,250,9,2.5,,
2026-08-31T00:49:32.991Z,X1422346,8101,45.72677,9.57957,33522.9,5.9,2.6,331.9,-37.3,0.6,-1.0,RS41-SG,404.900,7.4,250,9,2.5,,
2026-08-31T00:49:33.991Z,X1422346,8102,45.72680,9.57955,33528.6,5.3,3.1,327.7,-37.3,0.6,-1.0,RS41-SG,404.900,8.2,250,9,2.5,,
2026-08-31T00:49:34.991Z,X1422346,8103,45.72682,9.57953,33534.1,5.6,3.1,341.9,-37.2,0.6,-1.0,RS41-SG,404.900,8.2,250,9,2.5,,
2026-08-31T00:49:35.991Z,X1422346,8104,45.72685,9.57953,33540.1,6.4,3.1,19.9,-37.2,0.6,-1.0,RS41-SG,404.900,7.6,250,9,2.6,,
2026-08-31T00:49:36.991Z,X1422346,8105,45.72687,9.57956,33546.4,6.3,4.6,53.9,-37.2,0.6,-1.0,RS41-SG,404.900,8.0,250,9,2.6,,
2026-08-31T00:49:37.991Z,X1422346,8106,45.72689,9.57962,33552.2,5.1,6.4,69.5,-37.1,0.6,-1.0,RS41-SG,404.900,8.0,250,9,2.6,,
2026-08-31T00:49:38.991Z,X1422346,8107,45.72691,9.57971,33557.0,4.4,8.1,75.6,-37.0,0.6,-1.0,RS41-SG,404.900,7.5,250,9,2.5,,
2026-08-31T00:49:39.991Z,X1422346,8108,45.72693,9.57982,33562.0,5.4,8.8,76.9,-37.0,0.6,-1.0,RS41-SG,404.900,8.2,250,9,2.5,,
2026-08-31T00:49:40.991Z,X1422346,8109,45.72695,9.57992,33568.0,6.6,8.2,74.1,-37.0,0.5,-1.0,RS41-SG,404.900,8.3,250,9,2.5,,
2026-08-31T00:49:41.991Z,X1422346,8110,45.72697,9.58001,33574.8,6.8,6.6,67.3,-36.9,0.6,-1.0,RS41-SG,404.900,9.0,250,9,2.5,,
2026-08-31T00:49:42.991Z,X1422346,8111,45.72699,9.58007,33580.9,5.5,4.9,56.1,-36.9,0.6,-1.0,RS41-SG,404.900,9.0,250,9,2.6,,
2026-08-31T00:49:43.991Z,X1422346,8112,45.72702,9.58012,33586.1,4.7,3.7,38.4,-36.9,0.6,-1.0,RS41-SG,404.900,8.5,250,9,2.6,,
2026-08-31T00:49:44.991Z,X1422346,8113,45.72704,9.58014,33590.8,4.7,2.9,21.4,-36.8,0.6,-1.0,RS41-SG,404.900,8.5,250,9,2.6,,
2026-08-31T00:49:45.991Z,X1422346,8114,45.72707,9.58015,33595.8,5.4,2.3,15.1,-36.8,0.6,-1.0,RS41-SG,404.900,8.5,250,9,2.5,,
2026-08-31T00:49:46.991Z,X1422346,8115,45.72708,9.58016,33601.6,6.2,2.1,38.0,-36.8,0.6,-1.0,RS41-SG,404.900,8.5,250,9,2.5,,
2026-08-31T00:49:47.991Z,X1422346,8116,45.72710,9.58018,33608.1,6.6,2.8,66.2,-36.7,0.6,-1.0,RS41-SG,404.900,8.0,250,9,2.5,,
2026-08-31T00:49:48.991Z,X1422346,8117,45.72711,9.58022,33614.4,5.8,3.9,76.4,-36.7,0.6,-1.0,RS41-SG,404.900,8.1,250,9,2.5,,
2026-08-31T00:49:49.991Z,X1422346,8118,45.72711,9.58028,33620.0,5.3,5.1,79.5,-36.7,0.6,-1.0,RS41-SG,404.900,8.1,250,9,2.6,,
2026-08-31T00:49:50.991Z,X1422346,8119,45.72712,9.58035,33625.4,5.4,6.0,77.3,-36.7,0.5,-1.0,RS41-SG,404.900,8.5,250,9,2.6,,
2026-08-31T00:49:51.991Z,X1422346,8120,45.72714,9.58043,33630.9,5.6,6.3,70.2,-36.7,0.5,-1.0,RS41-SG,404.900,8.7,250,9,2.6,,
2026-08-31T00:49:52.991Z,X1422346,8121,45.72716,9.58050,33636.7,5.8,6.1,63.7,-36.7,0.6,-1.0,RS41-SG,404.900,8.7,250,9,2.5,,
2026-08-31T00:49:53.991Z,X1422346,8122,45.72719,9.58056,33642.5,5.8,5.4,56.0,-36.7,0.6,-1.0,RS41-SG,404.900,8.6,250,9,2.5,,
2026-08-31T00:49:54.991Z,X1422346,8123,45.72721,9.58061,33648.3,5.7,4.4,52.6,-36.7,0.6,-1.0,RS41-SG,404.900,8.6,250,9,2.5,,
2026-08-31T00:49:55.991Z,X1422346,8124,45.72723,9.58066,33654.1,5.8,3.4,59.5,-36.7,0.6,-1.0,RS41-SG,404.900,8.0,250,9,2.5,,
2026-08-31T00:49:56.991Z,X1422346,8125,45.72724,9.58069,33659.8,5.6,2.9,86.6,-36.7,0.6,-1.0,RS41-SG,404.900,8.3,250,9,2.6,,
2026-08-31T00:49:57.991Z,X1422346,8126,45.72723,9.58073,33665.5,5.6,4.0,110.3,-36.7,0.6,-1.0,RS41-SG,404.900,8.3,250,9,2.6,,
2026-08-31T00:49:58.991Z,X1422346,8127,45.72721,9.58079,33671.1,5.6,6.0,116.5,-36.7,0.6,-1.0,RS41-SG,404.900,7.6,250,9,2.6,,
2026-08-31T00:49:59.991Z,X1422346,8128,45.72719,9.58087,33676.9,5.8,8.0,113.8,-36.7,0.6,-1.0,RS41-SG,404.900,8.4,250,9,2.5,,
2026-08-31T00:50:00.991Z,X1422346,8129,45.72716,9.58098,33682.8,5.7,9.8,106.5,-36.6,0.5,-1.0,RS41-SG,404.900,8.4,250,9,2.5,,
2026-08-31T00:50:01.991Z,X1422346,8130,45.72714,9.58111,33688.6,5.7,11.1,99.2,-36.6,0.6,-1.0,RS41-SG,404.900,8.5,250,9,2.5,,
2026-08-31T00:50:02.991Z,X1422346,8131,45.72713,9.58125,33694.3,5.7,11.6,89.7,-36.5,0.5,-1.0,RS41-SG,404.900,8.7,250,9,2.5,,
2026-08-31T00:50:03.991Z,X1422346,8132,45.72714,9.58140,33700.1,5.8,11.4,80.3,-36.5,0.6,-1.0,RS41-SG,404.900,8.7,250,9,2.6,,
2026-08-31T00:50:04.991Z,X1422346,8133,45.72717,9.58153,33706.2,6.2,10.3,70.1,-36.5,0.5,-1.0,RS41-SG,404.900,8.9,250,9,2.6,,
2026-08-31T00:50:05.991Z,X1422346,8134,45.72720,9.58164,33712.3,5.9,8.5,59.6,-36.4,0.5,-1.0,RS41-SG,404.900,8.9,250,9,2.6,,
2026-08-31T00:50:06.991Z,X1422346,8135,45.72724,9.58172,33718.0,5.4,6.1,48.2,-36.3,0.5,-1.0,RS41-SG,404.900,8.8,250,9,2.5,,
2026-08-31T00:50:07.991Z,X1422346,8136,45.72727,9.58176,33723.3,5.3,3.3,40.1,-36.3,0.5,-1.0,RS41-SG,404.900,8.8,250,9,2.5,,
2026-08-31T00:50:08.991Z,X1422346,8137,45.72728,9.58178,33728.6,5.2,0.5,67.3,-36.3,0.5,-1.0,RS41-SG,404.900,8.5,250,9,2.5,,
2026-08-31T00:50:09.991Z,X1422346,8138,45.72727,9.58178,33734.0,5.6,2.6,178.9,-36.2,0.5,-1.0,RS41-SG,404.900,8.5,250,9,2.5,,
2026-08-31T00:50:10.991Z,X1422346,8139,45.72723,9.58179,33739.8,5.9,5.0,167.4,-36.2,0.5,-1.0,RS41-SG,404.900,8.2,250,9,2.6,,
2026-08-31T00:50:11.991Z,X1422346,8140,45.72719,9.58182,33745.8,6.1,7.0,152.5,-36.1,0.5,-1.0,RS41-SG,404.900,7.9,250,9,2.6,,
2026-08-31T00:50:12.991Z,X1422346,8141,45.72713,9.58187,33751.9,6.0,8.5,136.7,-36.1,0.5,-1.0,RS41-SG,404.900,7.9,250,9,2.6,,
2026-08-31T00:50:13.991Z,X1422346,8142,45.72708,9.58197,33757.7,5.7,9.7,120.4,-36.0,0.5,-1.0,RS41-SG,404.900,7.8,250,9,2.5,,
2026-08-31T00:50:14.991Z,X1422346,8143,45.72705,9.58208,33763.3,5.4,10.5,103.6,-36.0,0.5,-1.0,RS41-SG,404.900,8.3,250,9,2.5,,
2026-08-31T00:50:15.991Z,X1422346,8144,45.72704,9.58222,33768.5,5.1,10.9,87.1,-36.0,0.5,-1.0,RS41-SG,404.900,8.3,250,8,2.5,,
2026-08-31T00:50:16.991Z,X1422346,8145,45.72706,9.58235,33773.6,5.1,10.7,71.4,-35.9,0.5,-1.0,RS41-SG,404.900,8.7,250,9,2.5,,
2026-08-31T00:50:17.991Z,X1422346,8146,45.72710,9.58247,33779.0,5.5,9.8,55.9,-35.9,0.6,-1.0,RS41-SG,404.900,9.0,250,9,2.6,,
2026-08-31T00:50:18.991Z,X1422346,8147,45.72715,9.58256,33784.7,5.9,8.0,40.6,-35.9,0.5,-1.0,RS41-SG,404.900,9.0,250,9,2.6,,
2026-08-31T00:50:19.991Z,X1422346,8148,45.72720,9.58260,33790.7,6.1,5.5,25.7,-35.9,0.5,-1.0,RS41-SG,404.900,8.6,250,9,2.6,,
2026-08-31T00:50:20.991Z,X1422346,8149,45.72723,9.58262,33796.8,6.0,2.5,4.0,-35.8,0.5,-1.0,RS41-SG,404.900,8.2,250,9,2.5,,
2026-08-31T00:50:21.991Z,X1422346,8150,45.72724,9.58262,33802.6,5.7,1.2,231.7,-35.8,0.5,-1.0,RS41-SG,404.900,8.0,250,9,2.5,,
2026-08-31T00:50:22.991Z,X1422346,8151,45.72722,9.58261,33808.2,5.4,4.1,188.5,-35.8,0.6,-1.0,RS41-SG,404.900,8.3,250,9,2.5,,
2026-08-31T00:50:23.991Z,X1422346,8152,45.72717,9.58261,33813.3,5.0,6.8,171.2,-35.7,0.5,-1.0,RS41-SG,404.900,8.3,250,9,2.5,,
2026-08-31T00:50:24.991Z,X1422346,8153,45.72710,9.58264,33818.3,5.0,9.0,157.3,-35.7,0.5,-1.0,RS41-SG,404.900,7.3,250,9,2.6,,
2026-08-31T00:50:25.991Z,X1422346,8154,45.72703,9.58270,33823.4,5.1,10.0,143.6,-35.7,0.5,-1.0,RS41-SG,404.900,8.8,250,9,2.6,,
2026-08-31T00:50:26.991Z,X1422346,8155,45.72696,9.58279,33828.6,5.5,10.1,128.3,-35.7,0.5,-1.0,RS41-SG,404.900,8.8,250,9,2.6,,
2026-08-31T00:50:27.991Z,X1422346,8156,45.72692,9.58289,33834.4,6.0,9.4,112.6,-35.6,0.5,-1.0,RS41-SG,404.900,8.3,250,9,2.5,,
2026-08-31T00:50:28.991Z,X1422346,8157,45.72690,9.58300,33840.4,5.9,8.3,94.3,-35.6,0.5,-1.0,RS41-SG,404.900,9.3,250,9,2.5,,
2026-08-31T00:50:29.991Z,X1422346,8158,45.72691,9.58310,33846.0,5.4,7.2,74.9,-35.6,0.5,-1.0,RS41-SG,404.900,9.3,250,9,2.5,,
2026-08-31T00:50:30.991Z,X1422346,8159,45.72693,9.58317,33851.3,5.0,6.0,55.4,-35.6,0.5,-1.0,RS41-SG,404.900,9.1,250,9,2.5,,
2026-08-31T00:50:31.991Z,X1422346,8160,45.72696,9.58322,33856.4,5.1,4.7,36.8,-35.6,0.5,-1.0,RS41-SG,404.900,9.1,250,9,2.6,,
2026-08-31T00:50:32.991Z,X1422346,8161,45.72699,9.58325,33861.7,5.5,2.8,17.5,-35.5,0.5,-1.0,RS41-SG,404.900,8.4,250,9,2.6,,
2026-08-31T00:50:33.991Z,X1422346,8162,45.72701,9.58325,33867.5,5.9,0.7,342.8,-35.5,0.5,-1.0,RS41-SG,404.900,8.7,250,9,2.6,,
2026-08-31T00:50:34.991Z,X1422346,8163,45.72700,9.58325,33873.4,5.9,2.0,188.5,-35.5,0.5,-1.0,RS41-SG,404.900,8.7,250,9,2.5,,
2026-08-31T00:50:35.991Z,X1422346,8164,45.72697,9.58325,33879.3,5.8,4.4,174.3,-35.5,0.5,-1.0,RS41-SG,404.900,8.2,250,9,2.5,,
2026-08-31T00:50:36.991Z,X1422346,8165,45.72692,9.58326,33885.1,5.6,6.4,163.6,-35.6,0.6,-1.0,RS41-SG,404.900,9.3,250,9,2.5,,
2026-08-31T00:50:37.991Z,X1422346,8166,45.72686,9.58329,33890.7,5.5,7.5,154.3,-35.6,0.6,-1.0,RS41-SG,404.900,9.3,250,9,2.5,,
2026-08-31T00:50:38.991Z,X1422346,8167,45.72681,9.58334,33896.2,5.5,7.7,145.0,-35.6,0.5,-1.0,RS41-SG,404.900,8.3,250,9,2.6,,
2026-08-31T00:50:39.991Z,X1422346,8168,45.72676,9.58340,33901.8,5.5,6.8,135.0,-35.6,0.5,-1.0,RS41-SG,404.900,9.1,250,9,2.6,,
2026-08-31T00:50:40.991Z,X1422346,8169,45.72672,9.58346,33907.3,5.5,5.3,123.8,-35.6,0.6,-1.0,RS41-SG,404.900,9.1,250,8,2.6,,
2026-08-31T00:50:41.991Z,X1422346,8170,45.72670,9.58351,33912.7,5.3,3.3,106.3,-35.7,0.6,-1.0,RS41-SG,404.900,9.1,250,9,2.5,,
2026-08-31T00:50:42.991Z,X1422346,8171,45.72670,9.58354,33918.1,5.1,1.7,71.2,-35.7,0.5,-1.0,RS41-SG,404.900,8.9,250,9,2.5,,
2026-08-31T00:50:43.991Z,X1422346,8172,45.72671,9.58355,33923.2,5.1,1.1,2.9,-35.7,0.6,-1.0,RS41-SG,404.900,8.7,250,9,2.5,,
2026-08-31T00:50:44.991Z,X1422346,8173,45.72672,9.58354,33928.5,5.5,1.2,309.7,-35.8,0.5,-1.0,RS41-SG,404.900,8.9,250,9,2.5,,
2026-08-31T00:50:45.991Z,X1422346,8174,45.72672,9.58353,33934.2,5.8,1.4,242.1,-35.8,0.6,-1.0,RS41-SG,404.900,8.9,250,9,2.6,,
2026-08-31T00:50:47.991Z,X1422346,8176,45.72668,9.58352,33946.2,5.9,4.3,172.2,-35.9,0.6,-1.0,RS41-SG,404.900,7.9,250,9,2.6,,
2026-08-31T00:50:48.991Z,X1422346,8177,45.72663,9.58354,33952.0,5.5,6.2,158.8,-35.9,0.5,-1.0,RS41-SG,404.900,8.6,250,9,2.5,,
2026-08-31T00:50:49.991Z,X1422346,8178,45.72658,9.58357,33957.3,5.1,7.5,149.5,-35.9,0.6,-1.0,RS41-SG,404.900,8.6,250,9,2.5,,
2026-08-31T00:50:50.991Z,X1422346,8179,45.72652,9.58363,33962.3,4.9,7.9,141.6,-36.0,0.6,-1.0,RS41-SG,404.900,8.4,250,9,2.5,,
2026-08-31T00:50:51.991Z,X1422346,8180,45.72647,9.58369,33967.6,5.7,7.0,133.9,-36.0,0.6,-1.0,RS41-SG,404.900,8.6,250,9,2.5,,
2026-08-31T00:50:52.991Z,X1422346,8181,45.72644,9.58375,33973.6,6.2,5.0,126.2,-36.0,0.6,-1.0,RS41-SG,404.900,8.7,250,9,2.6,,
2026-08-31T00:50:53.991Z,X1422346,8182,45.72642,9.58379,33979.9,6.2,2.4,113.9,-36.1,0.6,-1.0,RS41-SG,404.900,8.8,250,9,2.6,,
2026-08-31T00:50:54.991Z,X1422346,8183,45.72642,9.58380,33985.9,5.7,0.9,353.4,-36.1,0.6,-1.0,RS41-SG,404.900,8.8,250,9,2.6,,
2026-08-31T00:50:55.991Z,X1422346,8184,45.72643,9.58379,33991.2,5.0,3.0,310.5,-36.1,0.6,-1.0,RS41-SG,404.900,7.7,250,9,2.5,,
2026-08-31T00:50:56.991Z,X1422346,8185,45.72645,9.58375,33996.2,4.8,4.5,297.7,-36.1,0.6,-1.0,RS41-SG,404.900,7.8,250,9,2.5,,
2026-08-31T00:50:57.991Z,X1422346,8186,45.72646,9.58369,34001.1,5.3,4.9,283.7,-36.1,0.6,-1.0,RS41-SG,404.900,7.8,250,9,2.5,,
2026-08-31T00:50:59.991Z,X1422346,8188,45.72645,9.58359,34012.8,6.1,3.7,224.3,-36.1,0.6,-1.0,RS41-SG,404.900,7.1,250,9,2.6,,
2026-08-31T00:51:00.991Z,X1422346,8189,45.72642,9.58357,34018.7,5.6,4.3,179.6,-36.1,0.6,-1.0,RS41-SG,404.900,7.9,250,9,2.6,,
2026-08-31T00:51:01.991Z,X1422346,8190,45.72638,9.58359,34024.1,5.1,6.2,151.3,-36.1,0.6,-1.0,RS41-SG,404.900,8.0,250,9,2.6,,
2026-08-31T00:51:02.991Z,X1422346,8191,45.72633,9.58365,34029.0,4.8,7.9,134.3,-36.1,0.5,-1.0,RS41-SG,404.900,8.0,250,9,2.5,,
2026-08-31T00:51:03.991Z,X1422346,8192,45.72628,9.58373,34034.0,5.2,8.6,122.4,-36.0,0.5,-1.0,RS41-SG,404.900,8.1,250,9,2.5,,
2026-08-31T00:51:04.991Z,X1422346,8193,45.72625,9.58383,34039.6,5.9,8.0,109.2,-36.0,0.5,-1.0,RS41-SG,404.900,8.7,250,9,2.5,,
2026-08-31T00:51:05.991Z,X1422346,8194,45.72624,9.58392,34045.6,6.3,6.4,91.8,-36.0,0.6,-1.0,RS41-SG,404.900,8.7,250,9,2.5,,
2026-08-31T00:51:06.991Z,X1422346,8195,45.72625,9.58398,34051.8,5.9,4.6,62.8,-36.0,0.6,-1.0,RS41-SG,404.900,8.6,250,9,2.6,,
2026-08-31T00:51:07.991Z,X1422346,8196,45.72627,9.58402,34057.4,5.4,4.2,17.5,-35.9,0.5,-1.0,RS41-SG,404.900,8.6,250,9,2.6,,
2026-08-31T00:51:08.991Z,X1422346,8197,45.72632,9.58402,34062.6,4.8,5.3,344.7,-35.9,0.5,-1.0,RS41-SG,404.900,8.7,250,9,2.6,,
2026-08-31T00:51:09.991Z,X1422346,8198,45.72636,9.58399,34067.2,4.5,6.2,328.2,-35.8,0.5,-1.0,RS41-SG,404.900,8.7,250,9,2.5,,
2026-08-31T00:51:10.991Z,X1422346,8199,45.72641,9.58394,34072.2,5.3,5.9,320.4,-35.8,0.5,-1.0,RS41-SG,404.900,8.4,250,9,2.5,,
2026-08-31T00:51:11.991Z,X1422346,8200,45.72644,9.58390,34078.3,6.6,3.7,314.9,-35.7,0.6,-1.0,RS41-SG,404.900,7.9,250,9,2.5,,
2026-08-31T00:51:12.991Z,X1422346,8201,45.72645,9.58388,34084.9,6.9,0.5,331.7,-35.7,0.5,-1.0,RS41-SG,404.900,7.3,250,9,2.5,,
2026-08-31T00:51:13.991Z,X1422346,8202,45.72645,9.58389,34091.4,5.8,2.9,124.0,-35.6,0.5,-1.0,RS41-SG,404.900,7.9,250,9,2.6,,
2026-08-31T00:51:14.991Z,X1422346,8203,45.72643,9.58394,34096.3,4.0,5.8,123.6,-35.6,0.5,-1.0,RS41-SG,404.900,8.1,250,9,2.6,,
2026-08-31T00:51:15.991Z,X1422346,8204,45.72639,9.58401,34100.3,3.9,8.2,124.0,-35.6,0.5,-1.0,RS41-SG,404.900,9.0,250,9,2.6,,
2026-08-31T00:51:16.991Z,X1422346,8205,45.72635,9.58410,34105.0,5.4,8.9,123.3,-35.6,0.5,-1.0,RS41-SG,404.900,9.0,250,9,2.5,,
2026-08-31T00:51:17.991Z,X1422346,8206,45.72631,9.58419,34111.3,7.1,7.7,122.5,-35.6,0.5,-1.0,RS41-SG,404.900,8.8,250,9,2.5,,
2026-08-31T00:51:18.991Z,X1422346,8207,45.72628,9.58426,34118.7,7.6,5.1,121.4,-35.6,0.5,-1.0,RS41-SG,404.900,8.8,250,9,2.5,,
2026-08-31T00:51:19.991Z,X1422346,8208,45.72626,9.58430,34125.5,6.0,2.3,112.3,-35.6,0.5,-1.0,RS41-SG,404.900,9.7,250,9,2.5,,
2026-08-31T00:51:20.991Z,X1422346,8209,45.72626,9.58432,34130.7,4.2,0.9,351.0,-35.6,0.5,-1.0,RS41-SG,404.900,9.7,250,9,2.6,,
2026-08-31T00:51:21.991Z,X1422346,8210,45.72628,9.58430,34134.6,3.9,3.3,324.9,-35.6,0.5,-1.0,RS41-SG,404.900,8.9,250,9,2.6,,
2026-08-31T00:51:22.991Z,X1422346,8211,45.72631,9.58428,34138.7,4.5,5.0,327.6,-35.6,0.5,-1.0,RS41-SG,404.900,8.9,250,9,2.6,,
2026-08-31T00:51:23.991Z,X1422346,8212,45.72635,9.58424,34143.8,5.7,5.6,336.4,-35.6,0.5,-1.0,RS41-SG,404.900,8.8,250,9,2.5,,
2026-08-31T00:51:24.991Z,X1422346,8213,45.72640,9.58422,34149.9,6.6,5.2,352.0,-35.6,0.5,-1.0,RS41-SG,404.900,8.6,250,9,2.5,,
2026-08-31T00:51:25.991Z,X1422346,8214,45.72644,9.58423,34156.3,6.2,4.8,12.9,-35.5,0.5,-1.0,RS41-SG,404.900,8.6,250,9,2.5,,
2026-08-31T00:51:26.991Z,X1422346,8215,45.72648,9.58425,34162.1,5.4,4.8,37.1,-35.5,0.5,-1.0,RS41-SG,404.900,8.0,250,9,2.6,,
2026-08-31T00:51:27.991Z,X1422346,8216,45.72651,9.58430,34167.2,4.6,5.0,58.1,-35.5,0.5,-1.0,RS41-SG,404.900,8.8,250,9,2.6,,
2026-08-31T00:51:28.991Z,X1422346,8217,45.72653,9.58436,34171.8,4.5,5.0,75.3,-35.5,0.5,-1.0,RS41-SG,404.900,8.8,250,9,2.5,,
2026-08-31T00:51:29.991Z,X1422346,8218,45.72653,9.58442,34176.7,5.3,4.6,92.9,-35.5,0.5,-1.0,RS41-SG,404.900,9.0,250,9,2.5,,
2026-08-31T00:51:30.991Z,X1422346,8219,45.72652,9.58447,34182.4,6.1,3.8,112.1,-35.5,0.5,-1.0,RS41-SG,404.900,9.0,250,9,2.5,,
2026-08-31T00:51:31.991Z,X1422346,8220,45.72651,9.58450,34188.3,5.6,2.9,131.5,-35.5,0.5,-1.0,RS41-SG,404.900,8.9,250,9,2.6,,
2026-08-31T00:51:32.991Z,X1422346,8221,45.72649,9.58453,34193.8,5.2,2.2,146.4,-35.5,0.5,-1.0,RS41-SG,404.900,8.2,250,9,2.6,,
2026-08-31T00:51:33.991Z,X1422346,8222,45.72648,9.58454,34199.1,5.5,1.0,139.8,-35.5,0.5,-1.0,RS41-SG,404.900,8.2,250,9,2.5,,
2026-08-31T00:51:34.991Z,X1422346,8223,45.72648,9.58455,34204.7,5.7,1.1,63.7,-35.5,0.5,-1.0,RS41-SG,404.900,8.2,250,9,2.5,,
2026-08-31T00:51:35.991Z,X1422346,8224,45.72649,9.58457,34210.5,5.9,3.0,43.4,-35.5,0.5,-1.0,RS41-SG,404.900,8.6,250,9,2.5,,
2026-08-31T00:51:36.991Z,X1422346,8225,45.72652,9.58460,34216.4,5.8,5.0,43.4,-35.5,0.5,-1.0,RS41-SG,404.900,8.6,250,9,2.6,,
2026-08-31T00:51:37.991Z,X1422346,8226,45.72655,9.58465,34222.0,5.4,6.6,44.4,-35.5,0.5,-1.0,RS41-SG,404.900,8.6,250,9,2.6,,
2026-08-31T00:51:38.991Z,X1422346,8227,45.72660,9.58472,34227.3,5.0,7.6,44.6,-35.6,0.5,-1.0,RS41-SG,404.900,8.3,250,9,2.6,,
2026-08-31T00:51:39.991Z,X1422346,8228,45.72665,9.58479,34232.3,5.1,7.9,42.7,-35.6,0.5,-1.0,RS41-SG,404.900,8.9,250,9,2.5,,
2026-08-31T00:51:40.991Z,X1422346,8229,45.72670,9.58485,34237.6,5.2,7.4,38.8,-35.6,0.5,-1.0,RS41-SG,404.900,9.3,250,8,2.5,,
2026-08-31T00:51:41.991Z,X1422346,8230,45.72675,9.58490,34243.1,5.7,6.0,32.1,-35.6,0.6,-1.0,RS41-SG,404.900,9.3,250,9,2.5,,
2026-08-31T00:51:42.991Z,X1422346,8231,45.72679,9.58493,34248.8,5.8,4.4,20.7,-35.7,0.5,-1.0,RS41-SG,404.900,9.2,250,9,2.5,,
2026-08-31T00:51:43.991Z,X1422346,8232,45.72682,9.58494,34254.6,5.7,2.9,3.5,-35.7,0.6,-1.0,RS41-SG,404.900,9.1,250,9,2.6,,
2026-08-31T00:51:44.991Z,X1422346,8233,45.72684,9.58494,34259.9,5.0,1.7,343.4,-35.7,0.5,-1.0,RS41-SG,404.900,9.1,250,9,2.6,,
2026-08-31T00:51:45.991Z,X1422346,8234,45.72685,9.58494,34265.0,5.1,0.3,346.5,-35.7,0.6,-1.0,RS41-SG,404.900,8.0,250,9,2.6,,
2026-08-31T00:51:46.991Z,X1422346,8235,45.72685,9.58494,34270.3,5.4,1.8,124.8,-35.7,0.5,-1.0,RS41-SG,404.900,8.0,250,9,2.5,,
2026-08-31T00:51:47.991Z,X1422346,8236,45.72684,9.58498,34275.8,5.6,4.3,115.9,-35.7,0.5,-1.0,RS41-SG,404.900,7.8,250,9,2.5,,
2026-08-31T00:51:48.991Z,X1422346,8237,45.72682,9.58505,34281.5,5.7,6.8,107.5,-35.7,0.6,-1.0,RS41-SG,404.900,8.4,250,9,2.5,,
2026-08-31T00:51:49.991Z,X1422346,8238,45.72680,9.58514,34287.1,5.4,8.9,99.9,-35.6,0.5,-1.0,RS41-SG,404.900,9.1,250,9,2.5,,
2026-08-31T00:51:50.991Z,X1422346,8239,45.72679,9.58526,34292.2,4.9,10.1,90.9,-35.6,0.6,-1.0,RS41-SG,404.900,9.1,250,9,2.6,,
2026-08-31T00:51:51.991Z,X1422346,8240,45.72680,9.58540,34297.2,5.2,10.6,80.0,-35.5,0.6,-1.0,RS41-SG,404.900,8.8,250,9,2.6,,
2026-08-31T00:51:52.991Z,X1422346,8241,45.72683,9.58552,34302.6,5.5,10.4,65.7,-35.5,0.5,-1.0,RS41-SG,404.900,9.1,250,9,2.6,,
2026-08-31T00:51:53.991Z,X1422346,8242,45.72688,9.58563,34308.0,5.3,9.8,49.9,-35.5,0.5,-1.0,RS41-SG,404.900,9.2,250,9,2.5,,
2026-08-31T00:51:54.991Z,X1422346,8243,45.72694,9.58571,34313.2,4.9,9.3,32.4,-35.5,0.5,-1.0,RS41-SG,404.900,9.2,250,9,2.5,,
2026-08-31T00:51:55.991Z,X1422346,8244,45.72701,9.58576,34318.1,4.8,8.7,18.2,-35.4,0.5,-1.0,RS41-SG,404.900,9.1,250,9,2.5,,
2026-08-31T00:51:56.991Z,X1422346,8245,45.72708,9.58578,34323.2,5.3,7.5,8.6,-35.4,0.5,-1.0,RS41-SG,404.900,9.1,250,9,2.6,,
2026-08-31T00:51:57.991Z,X1422346,8246,45.72714,9.58579,34328.8,6.1,5.1,6.8,-35.4,0.5,-1.0,RS41-SG,404.900,8.5,250,9,2.6,,
2026-08-31T00:51:58.991Z,X1422346,8247,45.72717,9.58581,34335.0,6.2,2.4,34.9,-35.4,0.5,-1.0,RS41-SG,404.900,8.5,250,9,2.5,,
2026-08-31T00:51:59.991Z,X1422346,8248,45.72717,9.58583,34340.8,5.5,3.3,115.6,-35.3,0.5,-1.0,RS41-SG,404.900,8.0,250,9,2.5,,
2026-08-31T00:52:00.991Z,X1422346,8249,45.72715,9.58589,34345.9,4.4,6.5,130.7,-35.3,0.5,-1.0,RS41-SG,404.900,8.0,250,9,2.5,,
2026-08-31T00:52:01.991Z,X1422346,8250,45.72710,9.58596,34349.8,3.5,9.2,130.8,-35.3,0.5,-1.0,RS41-SG,404.900,8.2,250,9,2.6,,
2026-08-31T00:52:02.991Z,X1422346,8251,45.72704,9.58606,34353.7,4.3,10.8,127.0,-35.3,0.5,-1.0,RS41-SG,404.900,8.2,250,9,2.6,,
2026-08-31T00:52:03.991Z,X1422346,8252,45.72699,9.58618,34358.7,5.7,10.7,117.7,-35.3,0.5,-1.0,RS41-SG,404.900,9.2,250,9,2.5,,
2026-08-31T00:52:04.991Z,X1422346,8253,45.72696,9.58630,34365.0,6.7,9.4,102.2,-35.3,0.5,-1.0,RS41-SG,404.900,9.2,250,9,2.5,,
2026-08-31T00:52:05.991Z,X1422346,8254,45.72696,9.58641,34371.6,6.2,8.2,80.9,-35.3,0.5,-1.0,RS41-SG,404.900,9.2,250,9,2.5,,
2026-08-31T00:52:06.991Z,X1422346,8255,45.72698,9.58650,34377.1,4.7,7.9,58.6,-35.3,0.5,-1.0,RS41-SG,404.900,9.6,250,9,2.6,,
2026-08-31T00:52:07.991Z,X1422346,8256,45.72703,9.58658,34381.2,3.4,8.2,39.6,-35.3,0.5,-1.0,RS41-SG,404.900,9.6,250,9,2.6,,
2026-08-31T00:52:08.991Z,X1422346,8257,45.72709,9.58664,34385.0,4.0,8.3,26.4,-35.3,0.5,-1.0,RS41-SG,404.900,9.3,250,9,2.6,,
2026-08-31T00:52:09.991Z,X1422346,8258,45.72715,9.58668,34389.8,5.5,7.6,21.9,-35.3,0.5,-1.0,RS41-SG,404.900,8.3,250,9,2.5,,
2026-08-31T00:52:10.991Z,X1422346,8259,45.72721,9.58671,34395.9,6.7,5.5,28.9,-35.3,0.5,-1.0,RS41-SG,404.900,8.3,250,9,2.5,,
2026-08-31T00:52:11.991Z,X1422346,8260,45.72724,9.58675,34402.4,6.3,3.7,57.3,-35.3,0.5,-1.0,RS41-SG,404.900,8.9,250,9,2.5,,
2026-08-31T00:52:12.991Z,X1422346,8261,45.72724,9.58680,34408.0,4.8,3.9,102.4,-35.3,0.5,-1.0,RS41-SG,404.900,8.9,250,9,2.5,,
2026-08-31T00:52:13.991Z,X1422346,8262,45.72722,9.58685,34412.4,3.9,5.8,124.7,-35.3,0.5,-1.0,RS41-SG,404.900,8.5,250,9,2.6,,
2026-08-31T00:52:14.991Z,X1422346,8263,45.72719,9.58692,34416.4,4.2,7.5,131.4,-35.3,0.5,-1.0,RS41-SG,404.900,8.8,250,9,2.6,,
2026-08-31T00:52:15.991Z,X1422346,8264,45.72714,9.58699,34421.2,5.2,8.2,130.1,-35.3,0.5,-1.0,RS41-SG,404.900,8.8,250,9,2.6,,
2026-08-31T00:52:16.991Z,X1422346,8265,45.72710,9.58707,34426.9,6.3,7.8,123.5,-35.2,0.5,-1.0,RS41-SG,404.900,8.8,250,9,2.5,,
2026-08-31T00:52:17.991Z,X1422346,8266,45.72707,9.58716,34433.0,5.8,6.9,112.4,-35.2,0.5,-1.0,RS41-SG,404.900,9.6,250,9,2.5,,
2026-08-31T00:52:18.991Z,X1422346,8267,45.72705,9.58724,34438.4,4.8,6.1,98.4,-35.2,0.5,-1.0,RS41-SG,404.900,9.6,250,9,2.5,,
2026-08-31T00:52:19.991Z,X1422346,8268,45.72705,9.58731,34443.1,4.6,5.9,82.7,-35.2,0.5,-1.0,RS41-SG,404.900,8.8,250,9,2.5,,
2026-08-31T00:52:20.991Z,X1422346,8269,45.72706,9.58739,34447.7,4.7,5.8,73.6,-35.1,0.5,-1.0,RS41-SG,404.900,8.8,250,9,2.6,,
2026-08-31T00:52:21.991Z,X1422346,8270,45.72708,9.58746,34452.8,5.4,5.8,73.5,-35.1,0.5,-1.0,RS41-SG,404.900,9.3,250,9,2.6,,
2026-08-31T00:52:22.991Z,X1422346,8271,45.72709,9.58753,34458.6,6.0,5.6,82.3,-35.1,0.5,-1.0,RS41-SG,404.900,9.3,250,9,2.6,,
2026-08-31T00:52:23.991Z,X1422346,8272,45.72709,9.58760,34464.5,5.9,5.6,97.3,-35.1,0.5,-1.0,RS41-SG,404.900,9.5,250,9,2.5,,
2026-08-31T00:52:24.991Z,X1422346,8273,45.72707,9.58767,34470.0,5.1,5.8,112.0,-35.1,0.5,-1.0,RS41-SG,404.900,9.5,250,9,2.5,,
2026-08-31T00:52:25.991Z,X1422346,8274,45.72705,9.58773,34474.8,4.4,6.1,124.9,-35.1,0.5,-1.0,RS41-SG,404.900,8.6,250,9,2.5,,
2026-08-31T00:52:26.991Z,X1422346,8275,45.72701,9.58779,34479.0,4.1,6.1,133.8,-35.1,0.5,-1.0,RS41-SG,404.900,9.3,250,9,2.6,,
2026-08-31T00:52:27.991Z,X1422346,8276,45.72698,9.58785,34483.4,4.7,5.8,139.6,-35.1,0.5,-1.0,RS41-SG,404.900,9.8,250,9,2.6,,
2026-08-31T00:52:28.991Z,X1422346,8277,45.72694,9.58789,34488.4,5.3,4.9,141.7,-35.1,0.5,-1.0,RS41-SG,404.900,9.8,250,9,2.5,,
2026-08-31T00:52:29.991Z,X1422346,8278,45.72691,9.58792,34493.8,5.5,3.9,140.4,-35.1,0.5,-1.0,RS41-SG,404.900,9.8,250,9,2.5,,
2026-08-31T00:52:30.991Z,X1422346,8279,45.72688,9.58795,34499.1,5.1,3.2,135.4,-35.1,0.5,-1.0,RS41-SG,404.900,9.6,250,9,2.5,,
2026-08-31T00:52:31.991Z,X1422346,8280,45.72687,9.58799,34503.9,4.6,3.2,128.1,-35.0,0.5,-1.0,RS41-SG,404.900,8.9,250,9,2.6,,
2026-08-31T00:52:32.991Z,X1422346,8281,45.72685,9.58802,34508.6,4.7,4.1,123.8,-35.0,0.5,-1.0,RS41-SG,404.900,8.9,250,9,2.6,,
2026-08-31T00:52:33.991Z,X1422346,8282,45.72682,9.58807,34513.5,5.1,5.5,123.3,-35.0,0.5,-1.0,RS41-SG,404.900,8.7,250,9,2.6,,
2026-08-31T00:52:34.991Z,X1422346,8283,45.72679,9.58814,34518.7,5.3,7.3,125.3,-35.0,0.5,-1.0,RS41-SG,404.900,9.0,250,9,2.5,,
2026-08-31T00:52:35.991Z,X1422346,8284,45.72675,9.58823,34523.9,5.1,8.8,126.5,-34.9,0.5,-1.0,RS41-SG,404.900,9.0,250,9,2.5,,
2026-08-31T00:52:36.991Z,X1422346,8285,45.72670,9.58832,34528.9,4.8,9.8,128.3,-34.9,0.5,-1.0,RS41-SG,404.900,9.0,250,9,2.5,,
2026-08-31T00:52:37.991Z,X1422346,8286,45.72664,9.58842,34533.8,4.9,9.8,130.0,-34.9,0.5,-1.0,RS41-SG,404.900,9.0,250,9,2.5,,
2026-08-31T00:52:38.991Z,X1422346,8287,45.72659,9.58851,34538.8,5.1,8.6,131.7,-34.9,0.5,-1.0,RS41-SG,404.900,9.0,250,9,2.6,,
2026-08-31T00:52:39.991Z,X1422346,8288,45.72654,9.58858,34543.9,5.1,6.5,133.6,-34.8,0.5,-1.0,RS41-SG,404.900,9.5,250,9,2.6,,
2026-08-31T00:52:40.991Z,X1422346,8289,45.72651,9.58862,34548.7,4.7,4.1,138.1,-34.8,0.5,-1.0,RS41-SG,404.900,9.5,250,9,2.6,,
2026-08-31T00:52:41.991Z,X1422346,8290,45.72649,9.58865,34553.4,4.6,1.7,153.1,-34.8,0.5,-1.0,RS41-SG,404.900,9.4,250,9,2.5,,
2026-08-31T00:52:42.991Z,X1422346,8291,45.72648,9.58865,34558.0,4.7,0.8,235.7,-34.8,0.5,-1.0,RS41-SG,404.900,9.4,250,9,2.5,,
2026-08-31T00:52:43.991Z,X1422346,8292,45.72648,9.58864,34562.9,5.0,1.4,260.7,-34.8,0.5,-1.0,RS41-SG,404.900,9.0,250,9,2.5,,
2026-08-31T00:52:44.991Z,X1422346,8293,45.72647,9.58862,34568.0,5.4,1.3,233.2,-34.8,0.5,-1.0,RS41-SG,404.900,9.0,250,9,2.5,,
2026-08-31T00:52:45.991Z,X1422346,8294,45.72646,9.58861,34573.5,5.8,2.4,174.8,-34.8,0.5,-1.0,RS41-SG,404.900,8.7,250,9,2.6,,
2026-08-31T00:52:46.991Z,X1422346,8295,45.72643,9.58863,34579.1,5.4,5.0,152.9,-34.7,0.5,-1.0,RS41-SG,404.900,7.1,250,9,2.6,,
2026-08-31T00:52:47.991Z,X1422346,8296,45.72638,9.58867,34584.0,4.5,7.9,144.9,-34.8,0.5,-1.0,RS41-SG,404.900,7.7,250,9,2.6,,
2026-08-31T00:52:48.991Z,X1422346,8297,45.72631,9.58875,34588.4,4.1,10.9,140.0,-34.8,0.5,-1.0,RS41-SG,404.900,9.4,250,9,2.5,,
2026-08-31T00:52:49.991Z,X1422346,8298,45.72623,9.58885,34593.0,4.7,12.9,136.8,-34.8,0.5,-1.0,RS41-SG,404.900,9.4,250,9,2.5,,
2026-08-31T00:52:50.991Z,X1422346,8299,45.72615,9.58897,34598.1,5.6,13.4,133.5,-34.8,0.5,-1.0,RS41-SG,404.900,9.2,250,9,2.5,,
2026-08-31T00:52:51.991Z,X1422346,8300,45.72607,9.58909,34604.0,6.3,12.2,129.5,-34.8,0.5,-1.0,RS41-SG,404.900,9.2,250,9,2.5,,
2026-08-31T00:52:52.991Z,X1422346,8301,45.72601,9.58920,34610.4,6.5,9.5,124.6,-34.8,0.5,-1.0,RS41-SG,404.900,9.0,250,9,2.6,,
2026-08-31T00:52:53.991Z,X1422346,8302,45.72598,9.58929,34616.5,5.8,6.1,115.3,-34.8,0.5,-1.0,RS41-SG,404.900,9.8,250,9,2.6,,
2026-08-31T00:52:54.991Z,X1422346,8303,45.72597,9.58934,34621.5,4.3,2.7,88.6,-34.8,0.5,-1.0,RS41-SG,404.900,9.8,250,9,2.6,,
2026-08-31T00:52:55.991Z,X1422346,8304,45.72597,9.58935,34625.5,3.5,2.1,350.4,-34.7,0.5,-1.0,RS41-SG,404.900,9.7,250,9,2.5,,
2026-08-31T00:52:56.991Z,X1422346,8305,45.72600,9.58933,34629.1,3.6,4.7,314.0,-34.7,0.5,-1.0,RS41-SG,404.900,9.9,250,9,2.5,,
2026-08-31T00:52:57.991Z,X1422346,8306,45.72602,9.58927,34633.4,5.1,5.9,294.8,-34.8,0.5,-1.0,RS41-SG,404.900,9.9,250,9,2.5,,
2026-08-31T00:52:58.991Z,X1422346,8307,45.72604,9.58920,34639.1,6.4,5.6,270.0,-34.8,0.5,-1.0,RS41-SG,404.900,9.7,250,9,2.6,,
2026-08-31T00:52:59.991Z,X1422346,8308,45.72602,9.58914,34645.7,6.8,5.6,231.5,-34.7,0.5,-1.0,RS41-SG,404.900,7.6,250,9,2.6,,
2026-08-31T00:53:00.991Z,X1422346,8309,45.72597,9.58910,34652.0,6.0,7.3,195.8,-34.7,0.5,-1.0,RS41-SG,404.900,7.0,250,9,2.5,,
2026-08-31T00:53:01.991Z,X1422346,8310,45.72590,9.58909,34657.2,4.4,10.3,173.7,-34.7,0.5,-1.0,RS41-SG,404.900,8.9,250,9,2.5,,
2026-08-31T00:53:02.991Z,X1422346,8311,45.72579,9.58913,34660.9,3.0,13.2,159.8,-34.7,0.5,-1.0,RS41-SG,404.900,8.9,250,9,2.5,,
2026-08-31T00:53:03.991Z,X1422346,8312,45.72568,9.58921,34663.9,2.9,15.5,148.3,-34.7,0.5,-1.0,RS41-SG,404.900,8.7,250,9,2.6,,
2026-08-31T00:53:04.991Z,X1422346,8313,45.72557,9.58933,34667.6,4.4,15.9,137.9,-34.7,0.5,-1.0,RS41-SG,404.900,8.6,250,9,2.6,,
2026-08-31T00:53:05.991Z,X1422346,8314,45.72548,9.58947,34672.9,6.2,14.2,127.0,-34.7,0.5,-1.0,RS41-SG,404.900,10.0,250,9,2.6,,
2026-08-31T00:53:06.991Z,X1422346,8315,45.72542,9.58961,34679.3,6.6,10.9,114.7,-34.7,0.5,-1.0,RS41-SG,404.900,10.0,250,9,2.5,,
2026-08-31T00:53:07.991Z,X1422346,8316,45.72539,9.58972,34685.5,5.8,7.0,96.1,-34.7,0.5,-1.0,RS41-SG,404.900,9.8,250,9,2.5,,
2026-08-31T00:53:08.991Z,X1422346,8317,45.72540,9.58978,34690.6,4.4,3.8,61.6,-34.7,0.5,-1.0,RS41-SG,404.900,9.6,250,9,2.5,,
2026-08-31T00:53:09.991Z,X1422346,8318,45.72542,9.58980,34694.5,3.3,3.4,348.7,-34.7,0.5,-1.0,RS41-SG,404.900,9.6,250,9,2.5,,
2026-08-31T00:53:10.991Z,X1422346,8319,45.72545,9.58977,34697.8,3.4,5.5,304.7,-34.7,0.5,-1.0,RS41-SG,404.900,10.1,250,9,2.6,,
2026-08-31T00:53:11.991Z,X1422346,8320,45.72547,9.58969,34701.8,4.6,7.5,276.3,-34.7,0.5,-1.0,RS41-SG,404.900,10.1,250,9,2.6,,
2026-08-31T00:53:12.991Z,X1422346,8321,45.72546,9.58959,34706.9,5.7,8.8,249.2,-34.6,0.5,-1.0,RS41-SG,404.900,8.7,250,9,2.6,,
2026-08-31T00:53:13.991Z,X1422346,8322,45.72541,9.58949,34712.5,5.6,10.3,224.0,-34.7,0.5,-1.0,RS41-SG,404.900,8.3,250,9,2.5,,
2026-08-31T00:53:14.991Z,X1422346,8323,45.72533,9.58942,34717.7,4.7,12.1,202.6,-34.7,0.5,-1.0,RS41-SG,404.900,8.3,250,9,2.5,,
2026-08-31T00:53:15.991Z,X1422346,8324,45.72522,9.58938,34721.9,3.7,13.7,185.9,-34.7,0.5,-1.0,RS41-SG,404.900,9.0,250,9,2.5,,
2026-08-31T00:53:16.991Z,X1422346,8325,45.72509,9.58938,34725.7,3.6,14.8,171.8,-34.7,0.5,-1.0,RS41-SG,404.900,9.0,250,9,2.5,,
2026-08-31T00:53:17.991Z,X1422346,8326,45.72496,9.58943,34729.9,4.6,14.6,159.7,-34.7,0.5,-1.0,RS41-SG,404.900,9.3,250,9,2.6,,
2026-08-31T00:53:18.991Z,X1422346,8327,45.72486,9.58950,34735.1,5.9,12.7,147.2,-34.7,0.5,-1.0,RS41-SG,404.900,9.3,250,9,2.6,,
2026-08-31T00:53:19.991Z,X1422346,8328,45.72478,9.58959,34741.3,6.4,9.4,132.7,-34.7,0.5,-1.0,RS41-SG,404.900,9.9,250,9,2.6,,
2026-08-31T00:53:20.991Z,X1422346,8329,45.72474,9.58967,34747.2,5.4,6.0,110.5,-34.7,0.5,-1.0,RS41-SG,404.900,9.9,250,9,2.5,,
2026-08-31T00:53:21.991Z,X1422346,8330,45.72474,9.58973,34751.7,3.6,3.7,69.9,-34.8,0.5,-1.0,RS41-SG,404.900,10.4,250,9,2.5,,
2026-08-31T00:53:22.991Z,X1422346,8331,45.72476,9.58976,34754.9,2.8,3.6,9.7,-34.8,0.5,-1.0,RS41-SG,404.900,10.4,250,9,2.5,,
2026-08-31T00:53:23.991Z,X1422346,8332,45.72479,9.58974,34758.4,4.0,4.8,328.6,-34.8,0.5,-1.0,RS41-SG,404.900,10.4,250,9,2.6,,
2026-08-31T00:53:24.991Z,X1422346,8333,45.72482,9.58970,34763.1,5.6,5.3,295.1,-34.8,0.5,-1.0,RS41-SG,404.900,10.1,250,9,2.6,,
2026-08-31T00:53:25.991Z,X1422346,8334,45.72483,9.58963,34769.1,6.4,5.9,258.5,-34.8,0.5,-1.0,RS41-SG,404.900,9.5,250,9,2.5,,
2026-08-31T00:53:26.991Z,X1422346,8335,45.72480,9.58956,34775.4,6.0,7.6,225.2,-34.8,0.5,-1.0,RS41-SG,404.900,9.7,250,9,2.5,,
2026-08-31T00:53:27.991Z,X1422346,8336,45.72474,9.58950,34780.6,4.3,9.6,205.1,-34.8,0.5,-1.0,RS41-SG,404.900,9.7,250,9,2.5,,
2026-08-31T00:53:28.991Z,X1422346,8337,45.72465,9.58946,34784.4,3.2,11.6,190.5,-34.8,0.5,-1.0,RS41-SG,404.900,9.7,250,9,2.6,,
2026-08-31T00:53:29.991Z,X1422346,8338,45.72454,9.58944,34787.8,3.6,12.9,178.8,-34.8,0.5,-1.0,RS41-SG,404.900,10.1,250,9,2.6,,
2026-08-31T00:53:31.991Z,X1422346,8340,45.72432,9.58951,34797.8,6.5,11.5,158.4,-34.9,0.5,-1.0,RS41-SG,404.900,8.0,250,9,2.5,,
2026-08-31T00:53:32.991Z,X1422346,8341,45.72423,9.58956,34798.7,-4.4,11.3,158.2,-34.9,0.5,-1.0,RS41-SG,404.900,8.0,250,9,2.5,,
2026-08-31T00:53:33.991Z,X1422346,8342,45.72414,9.58961,34789.8,-14.0,11.1,158.3,-34.9,0.5,-1.0,RS41-SG,404.900,9.2,250,9,2.5,,
2026-08-31T00:53:34.991Z,X1422346,8343,45.72405,9.58966,34771.8,-22.5,10.3,158.6,-34.8,0.5,-1.0,RS41-SG,404.900,9.2,250,9,2.5,,
2026-08-31T00:53:35.991Z,X1422346,8344,45.72396,9.58971,34745.5,-30.4,9.6,158.3,-34.7,0.5,-1.0,RS41-SG,404.900,8.9,250,9,2.6,,
2026-08-31T00:53:36.991Z,X1422346,8345,45.72389,9.58975,34712.0,-36.6,7.1,157.7,-34.5,0.5,-1.0,RS41-SG,404.900,9.6,250,9,2.6,,
2026-08-31T00:53:37.991Z,X1422346,8346,45.72390,9.58973,34677.6,-32.5,10.2,321.0,-34.4,0.5,-1.0,RS41-SG,404.900,10.7,250,9,2.6,,
2026-08-31T00:53:38.991Z,X1422346,8347,45.72400,9.58961,34649.4,-24.2,18.6,321.1,-34.4,0.5,-1.0,RS41-SG,404.900,10.7,250,9,2.5,,
2026-08-31T00:53:39.991Z,X1422346,8348,45.72413,9.58946,34626.5,-21.9,17.9,318.3,-34.4,0.5,-1.0,RS41-SG,404.900,9.1,250,9,2.5,,
2026-08-31T00:53:40.991Z,X1422346,8349,45.72422,9.58932,34607.6,-16.3,12.2,309.4,-34.4,0.5,-1.0,RS41-SG,404.900,6.8,250,9,2.5,,
2026-08-31T00:53:43.991Z,X1422346,8352,45.72426,9.58913,34542.6,-30.3,3.2,208.5,-34.5,0.5,-1.0,RS41-SG,404.900,7.4,250,9,2.6,,
2026-08-31T00:53:44.991Z,X1422346,8353,45.72423,9.58912,34509.5,-36.3,4.7,170.9,-34.4,0.5,-1.0,RS41-SG,404.900,7.6,250,9,2.6,,
2026-08-31T00:53:45.991Z,X1422346,8354,45.72417,9.58915,34471.6,-39.8,8.3,151.3,-34.4,0.5,-1.0,RS41-SG,404.900,8.7,250,9,2.5,,
2026-08-31T00:53:46.991Z,X1422346,8355,45.72409,9.58925,34434.9,-34.0,17.1,138.1,-34.5,0.5,-1.0,RS41-SG,404.900,9.9,250,8,2.5,,
2026-08-31T00:53:47.991Z,X1422346,8356,45.72397,9.58942,34403.4,-29.7,20.1,132.7,-34.6,0.5,-1.0,RS41-SG,404.900,10.3,250,8,2.5,,
2026-08-31T00:53:48.991Z,X1422346,8357,45.72386,9.58961,34374.6,-28.0,18.9,128.5,-34.6,0.5,-1.0,RS41-SG,404.900,10.3,250,9,2.6,,
2026-08-31T00:53:49.991Z,X1422346,8358,45.72377,9.58978,34347.0,-27.1,15.0,124.6,-34.7,0.5,-1.0,RS41-SG,404.900,9.9,250,9,2.6,,
2026-08-31T00:53:50.991Z,X1422346,8359,45.72370,9.58992,34317.6,-31.0,11.3,117.3,-34.8,0.5,-1.0,RS41-SG,404.900,9.8,250,9,2.5,,
2026-08-31T00:53:51.991Z,X1422346,8360,45.72367,9.59004,34284.5,-35.2,8.1,107.7,-34.8,0.5,-1.0,RS41-SG,404.900,9.9,250,8,2.5,,
2026-08-31T00:53:52.991Z,X1422346,8361,45.72366,9.59012,34247.4,-39.4,5.8,91.8,-35.0,0.5,-1.0,RS41-SG,404.900,10.1,250,9,2.5,,
2026-08-31T00:53:53.991Z,X1422346,8362,45.72367,9.59018,34206.2,-43.2,4.3,65.4,-34.9,0.5,-1.0,RS41-SG,404.900,10.1,250,9,2.6,,
2026-08-31T00:53:54.991Z,X1422346,8363,45.72369,9.59023,34161.8,-46.0,4.0,35.7,-34.8,0.5,-1.0,RS41-SG,404.900,10.0,250,9,2.6,,
2026-08-31T00:53:55.991Z,X1422346,8364,45.72373,9.59024,34117.5,-43.6,5.4,1.2,-34.8,0.5,-1.0,RS41-SG,404.900,9.6,250,9,2.6,,
2026-08-31T00:53:56.991Z,X1422346,8365,45.72378,9.59023,34074.3,-43.1,6.1,347.1,-34.9,0.5,-1.0,RS41-SG,404.900,9.5,250,9,2.5,,
2026-08-31T00:53:57.991Z,X1422346,8366,45.72383,9.59022,34032.4,-41.2,4.9,351.6,-35.1,0.5,-1.0,RS41-SG,404.900,9.1,250,9,2.5,,
2026-08-31T00:53:58.991Z,X1422346,8367,45.72387,9.59022,33991.7,-40.4,3.5,2.5,-35.3,0.5,-1.0,RS41-SG,404.900,8.7,250,9,2.5,,
2026-08-31T00:53:59.991Z,X1422346,8368,45.72389,9.59023,33950.9,-41.8,1.8,31.7,-35.4,0.5,-1.0,RS41-SG,404.900,8.6,250,9,2.5,,
2026-08-31T00:54:00.991Z,X1422346,8369,45.72389,9.59024,33907.6,-45.3,1.3,89.4,-35.3,0.5,-1.0,RS41-SG,404.900,8.3,250,9,2.6,,
2026-08-31T00:54:01.991Z,X1422346,8370,45.72388,9.59027,33862.4,-45.6,2.8,127.1,-35.1,0.5,-1.0,RS41-SG,404.900,8.9,250,9,2.6,,
2026-08-31T00:54:02.991Z,X1422346,8371,45.72386,9.59031,33816.1,-47.2,4.4,129.3,-35.0,0.5,-1.0,RS41-SG,404.900,9.3,250,9,2.6,,
2026-08-31T00:54:03.991Z,X1422346,8372,45.72383,9.59035,33768.0,-49.6,5.4,133.2,-35.0,0.5,-1.0,RS41-SG,404.900,9.3,250,9,2.5,,
2026-08-31T00:54:04.991Z,X1422346,8373,45.72379,9.59040,33717.8,-51.8,5.5,138.8,-35.1,0.5,-1.0,RS41-SG,404.900,9.0,250,9,2.5,,
2026-08-31T00:54:05.991Z,X1422346,8374,45.72376,9.59045,33665.3,-53.6,4.6,126.0,-35.3,0.6,-1.0,RS41-SG,404.900,9.0,250,9,2.5,,
2026-08-31T00:54:06.991Z,X1422346,8375,45.72374,9.59050,33612.5,-52.9,4.0,122.9,-35.5,0.5,-1.0,RS41-SG,404.900,8.5,250,8,2.5,,
2026-08-31T00:54:07.991Z,X1422346,8376,45.72372,9.59055,33559.1,-54.4,4.2,110.4,-35.7,0.6,-1.0,RS41-SG,404.900,8.8,250,8,2.6,,
2026-08-31T00:54:08.991Z,X1422346,8377,45.72372,9.59060,33504.4,-54.7,4.2,87.3,-36.0,0.6,-1.0,RS41-SG,404.900,8.8,250,9,2.6,,
2026-08-31T00:54:09.991Z,X1422346,8378,45.72372,9.59065,33449.2,-55.9,3.4,72.4,-36.2,0.5,-1.0,RS41-SG,404.900,8.4,250,8,2.6,,
2026-08-31T00:54:10.991Z,X1422346,8379,45.72373,9.59069,33394.2,-55.0,3.5,83.1,-36.6,0.6,-1.0,RS41-SG,404.900,7.6,250,9,2.5,,
2026-08-31T00:54:11.991Z,X1422346,8380,45.72373,9.59073,33340.5,-53.0,3.2,82.9,-36.9,0.6,-1.0,RS41-SG,404.900,7.6,250,8,2.5,,
2026-08-31T00:54:12.991Z,X1422346,8381,45.72373,9.59077,33287.0,-54.5,3.6,86.2,-37.2,0.6,-1.0,RS41-SG,404.900,8.0,250,7,2.5,,
2026-08-31T00:54:13.991Z,X1422346,8382,45.72373,9.59082,33233.3,-53.6,3.4,87.7,-37.4,0.6,-1.0,RS41-SG,404.900,8.0,250,8,2.6,,
2026-08-31T00:54:14.991Z,X1422346,8383,45.72373,9.59086,33180.2,-53.1,3.1,91.7,-37.6,0.6,-1.0,RS41-SG,404.900,8.0,250,8,2.6,,
2026-08-31T00:54:16.991Z,X1422346,8385,45.72372,9.59094,33073.2,-54.8,4.1,102.0,-37.6,0.6,-1.0,RS41-SG,404.900,7.6,250,8,2.5,,
2026-08-31T00:54:17.991Z,X1422346,8386,45.72372,9.59099,33017.2,-56.4,3.4,93.0,-37.3,0.6,-1.0,RS41-SG,404.900,7.6,250,8,2.5,,
2026-08-31T00:54:18.991Z,X1422346,8387,45.72371,9.59103,32962.0,-55.2,3.8,98.7,-37.1,0.6,-1.0,RS41-SG,404.900,8.3,250,8,2.6,,
2026-08-31T00:54:19.991Z,X1422346,8388,45.72370,9.59109,32906.8,-56.1,4.4,97.4,-37.3,0.6,-1.0,RS41-SG,404.900,8.3,250,8,2.6,,
2026-08-31T00:54:20.991Z,X1422346,8389,45.72370,9.59114,32851.9,-54.7,3.8,92.8,-37.4,0.6,-1.0,RS41-SG,404.900,7.4,250,9,2.6,,
2026-08-31T00:54:21.991Z,X1422346,8390,45.72369,9.59118,32798.1,-53.4,3.6,97.4,-37.3,0.6,-1.0,RS41-SG,404.900,7.4,250,9,2.5,,
2026-08-31T00:54:22.991Z,X1422346,8391,45.72369,9.59123,32745.4,-52.9,3.4,102.3,-37.0,0.6,-1.0,RS41-SG,404.900,7.3,250,7,2.5,,
2026-08-31T00:54:24.991Z,X1422346,8393,45.72366,9.59131,32639.3,-53.1,3.6,115.7,-36.4,0.6,-1.0,RS41-SG,404.900,7.6,250,8,2.5,,
2026-08-31T00:54:25.991Z,X1422346,8394,45.72365,9.59136,32585.8,-53.6,5.2,112.3,-36.7,0.6,-1.0,RS41-SG,404.900,7.6,250,8,2.6,,
2026-08-31T00:54:26.991Z,X1422346,8395,45.72364,9.59143,32532.5,-53.4,5.2,95.9,-37.4,0.6,-1.0,RS41-SG,404.900,6.6,250,8,2.6,,
2026-08-31T00:54:28.991Z,X1422346,8397,45.72365,9.59159,32427.9,-52.6,7.6,82.8,-38.0,0.6,-1.0,RS41-SG,404.900,6.9,250,8,2.5,,
2026-08-31T00:54:32.991Z,X1422346,8401,45.72378,9.59198,32226.4,-48.4,9.2,51.3,-38.9,0.7,-1.0,RS41-SG,404.900,7.3,250,8,2.6,,
2026-08-31T00:54:33.991Z,X1422346,8402,45.72384,9.59207,32178.6,-48.8,9.8,44.7,-39.4,0.7,-1.0,RS41-SG,404.900,7.3,250,9,2.5,,
2026-08-31T00:54:34.991Z,X1422346,8403,45.72390,9.59215,32130.3,-48.6,10.1,38.8,-39.7,0.7,-1.0,RS41-SG,404.900,6.7,250,9,2.5,,
2026-08-31T00:54:35.991Z,X1422346,8404,45.72397,9.59223,32081.2,-51.6,9.6,40.5,-39.8,0.7,-1.0,RS41-SG,404.900,7.1,250,7,2.5,,
2026-08-31T00:54:39.991Z,X1422346,8408,45.72430,9.59252,31887.1,-48.4,10.0,32.4,-40.2,0.7,-1.0,RS41-SG,404.900,6.6,250,9,2.5,,
