timestamp,serial,frame,lat,lon,alt,vel_v,vel_h,heading,temp,humidity,pressure,type,freq_mhz,snr,f_error_hz,sats,batt_v,burst_timer,aux_data
2026-09-23T10:56:58.997Z,X3843071,4838,44.32203,7.76568,12054.3,4.9,20.8,145.0,-273.0,-1.0,-1.0,RS41,403.700,7.5,250,8,2.8,,
2026-09-23T10:57:00.997Z,X3843071,4840,44.32173,7.76596,12062.2,4.6,20.0,147.8,-273.0,-1.0,-1.0,RS41,403.700,6.8,250,8,2.8,,
2026-09-23T10:57:01.997Z,X3843071,4841,44.32158,7.76609,12066.1,3.3,19.8,147.3,-273.0,-1.0,-1.0,RS41,403.700,7.1,250,8,2.7,,
2026-09-23T10:57:02.997Z,X3843071,4842,44.32143,7.76622,12069.9,4.4,19.5,147.2,-273.0,-1.0,-1.0,RS41,403.700,7.4,250,8,2.7,,
2026-09-23T10:57:03.997Z,X3843071,4843,44.32128,7.76636,12073.7,3.3,19.5,147.8,-273.0,-1.0,-1.0,RS41,403.700,7.4,250,8,2.7,,
2026-09-23T10:57:04.997Z,X3843071,4844,44.32113,7.76649,12077.2,3.6,19.5,147.4,-273.0,-1.0,-1.0,RS41,403.700,7.8,250,8,2.8,,
2026-09-23T10:57:05.997Z,X3843071,4845,44.32098,7.76662,12081.4,5.0,20.0,145.9,-273.0,-1.0,-1.0,RS41,403.700,7.8,250,8,2.8,,
2026-09-23T10:57:10.997Z,X3843071,4850,44.32022,7.76735,12100.9,4.4,21.1,147.2,-273.0,-1.0,-1.0,RS41,403.700,7.5,250,8,2.8,,
2026-09-23T10:57:11.997Z,X3843071,4851,44.32006,7.76749,12104.8,3.7,21.1,146.4,-273.0,-1.0,-1.0,RS41,403.700,8.2,250,8,2.8,,
2026-09-23T10:57:12.997Z,X3843071,4852,44.31990,7.76764,12108.9,4.5,20.8,147.1,-273.0,-1.0,-1.0,RS41,403.700,8.2,250,8,2.7,,
2026-09-23T10:57:13.997Z,X3843071,4853,44.31974,7.76778,12112.8,3.4,20.4,148.2,-273.0,-1.0,-1.0,RS41,403.700,7.4,250,8,2.7,,
2026-09-23T10:57:14.997Z,X3843071,4854,44.31959,7.76791,12116.6,4.1,19.9,148.9,-273.0,-1.0,-1.0,RS41,403.700,6.8,250,8,2.7,,
2026-09-23T11:13:53.997Z,X3843071,5853,44.23074,7.88377,16284.4,5.1,11.2,130.4,-273.0,-1.0,-1.0,RS41,403.701,6.8,-875,9,2.7,,
2026-09-23T11:15:30.997Z,X3843071,5950,44.22388,7.89066,16702.8,4.0,6.5,160.3,-273.0,-1.0,-1.0,RS41,403.701,6.5,-875,8,2.6,,
2026-09-23T11:17:50.997Z,X3843071,6090,44.21877,7.90070,17331.0,4.9,9.2,137.0,-273.0,-1.0,-1.0,RS41,403.701,6.8,-875,10,2.6,,
2026-09-23T11:17:54.997Z,X3843071,6094,44.21856,7.90101,17348.1,4.9,8.3,127.9,-273.0,-1.0,-1.0,RS41,403.701,7.3,-875,10,2.6,,
2026-09-23T11:17:55.997Z,X3843071,6095,44.21852,7.90110,17352.5,4.0,8.1,126.8,-273.0,-1.0,-1.0,RS41,403.701,7.4,-875,10,2.6,,
2026-09-23T11:18:07.997Z,X3843071,6107,44.21788,7.90179,17405.6,3.3,8.6,135.8,-273.0,-1.0,-1.0,RS41,403.701,7.2,-875,10,2.7,,
2026-09-23T11:18:11.997Z,X3843071,6111,44.21770,7.90206,17422.7,5.1,6.3,136.5,-273.0,-1.0,-1.0,RS41,403.701,7.1,-875,10,2.6,,
2026-09-23T11:18:12.997Z,X3843071,6112,44.21765,7.90211,17427.5,4.5,6.2,139.3,-273.0,-1.0,-1.0,RS41,403.701,7.1,-875,10,2.6,,
2026-09-23T11:18:28.997Z,X3843071,6128,44.21665,7.90262,17499.6,4.9,7.9,169.9,-273.0,-1.0,-1.0,RS41,403.701,7.9,-875,10,2.6,,
2026-09-23T11:18:29.997Z,X3843071,6129,44.21659,7.90263,17504.2,4.5,7.8,169.5,-273.0,-1.0,-1.0,RS41,403.701,7.9,-875,10,2.6,,
2026-09-23T11:18:35.997Z,X3843071,6135,44.21616,7.90266,17529.7,3.7,9.2,176.4,-273.0,-1.0,-1.0,RS41,403.701,6.8,-875,10,2.6,,
2026-09-23T11:26:33.997Z,X3843071,6613,44.20591,7.90185,19684.1,4.6,8.7,148.7,-273.0,-1.0,-1.0,RS41,403.701,7.2,-875,10,2.7,,
2026-09-23T11:31:16.997Z,X3843071,6896,44.20709,7.89041,21039.8,5.4,3.6,347.9,-273.0,-1.0,-1.0,RS41,403.701,7.4,-875,9,2.6,,
2026-09-23T11:31:37.997Z,X3843071,6917,44.20787,7.89050,21140.6,5.4,4.5,21.3,-273.0,-1.0,-1.0,RS41,403.701,7.2,-875,9,2.6,,
2026-09-23T11:31:38.997Z,X3843071,6918,44.20791,7.89052,21145.2,3.9,5.1,29.5,-273.0,-1.0,-1.0,RS41,403.701,7.3,-875,9,2.6,,
2026-09-23T11:31:40.997Z,X3843071,6920,44.20799,7.89059,21154.9,5.7,4.7,33.5,-273.0,-1.0,-1.0,RS41-SG,403.701,7.0,-875,9,2.7,,
2026-09-23T11:32:06.997Z,X3843071,6946,44.20882,7.89142,21285.2,4.6,6.1,38.0,-273.0,-1.0,-1.0,RS41-SG,403.701,6.8,-875,9,2.6,,
2026-09-23T11:32:27.997Z,X3843071,6967,44.20965,7.89201,21388.7,3.6,4.2,73.5,-273.0,-1.0,-1.0,RS41-SG,403.701,7.1,-875,9,2.6,,
2026-09-23T11:35:29.996Z,X3843071,7149,44.20309,7.89337,22291.2,5.4,0.8,176.6,-273.0,-1.0,-1.0,RS41-SG,403.701,6.7,-875,9,2.7,,
2026-09-23T11:36:50.996Z,X3843071,7230,44.20324,7.89524,22717.2,6.2,1.7,177.0,-273.0,-1.0,-1.0,RS41-SG,403.701,6.9,-875,9,2.7,,
2026-09-23T11:36:52.996Z,X3843071,7232,44.20320,7.89526,22728.4,5.5,2.3,145.2,-273.0,-1.0,-1.0,RS41-SG,403.701,7.3,-875,9,2.6,,
2026-09-23T11:36:53.996Z,X3843071,7233,44.20319,7.89528,22734.2,6.1,2.2,121.5,-273.0,-1.0,-1.0,RS41-SG,403.701,7.3,-875,9,2.6,,
2026-09-23T11:36:57.996Z,X3843071,7237,44.20319,7.89540,22755.7,5.4,3.0,96.7,-273.0,-1.0,-1.0,RS41-SG,403.701,7.0,-875,9,2.6,,
2026-09-23T11:36:58.996Z,X3843071,7238,44.20318,7.89544,22760.3,4.1,3.0,107.3,-273.0,-1.0,-1.0,RS41-SG,403.701,7.7,-875,9,2.6,,
2026-09-23T11:37:01.996Z,X3843071,7241,44.20317,7.89552,22776.2,4.9,1.3,90.3,-273.0,-1.0,-1.0,RS41-SG,403.701,7.2,-875,9,2.6,,
2026-09-23T11:37:09.996Z,X3843071,7249,44.20310,7.89577,22818.9,6.2,4.4,105.7,-273.0,-1.0,-1.0,RS41-SG,403.701,7.5,-875,9,2.7,,
2026-09-23T11:37:10.996Z,X3843071,7250,44.20309,7.89582,22824.3,4.7,4.5,113.8,-273.0,-1.0,-1.0,RS41-SG,403.701,7.5,-875,9,2.7,,
2026-09-23T11:37:11.996Z,X3843071,7251,44.20307,7.89587,22829.3,5.2,4.7,117.5,-273.0,-1.0,-1.0,RS41-SG,403.701,7.9,-875,9,2.6,,
2026-09-23T11:37:12.996Z,X3843071,7252,44.20306,7.89592,22835.0,6.1,4.6,111.6,-273.0,-1.0,-1.0,RS41-SG,403.701,7.9,-875,9,2.6,,
2026-09-23T11:37:13.996Z,X3843071,7253,44.20304,7.89598,22840.4,4.8,4.4,105.0,-273.0,-1.0,-1.0,RS41-SG,403.701,7.5,-875,9,2.6,,
2026-09-23T11:37:17.996Z,X3843071,7257,44.20299,7.89619,22860.9,4.6,5.1,119.0,-273.0,-1.0,-1.0,RS41-SG,403.701,7.8,-875,9,2.6,,
2026-09-23T11:37:18.996Z,X3843071,7258,44.20296,7.89625,22865.7,5.2,5.4,113.7,-273.0,-1.0,-1.0,RS41-SG,403.701,7.3,-875,9,2.6,,
2026-09-23T11:37:19.996Z,X3843071,7259,44.20295,7.89631,22871.4,6.1,5.8,102.0,-273.0,-1.0,-1.0,RS41-SG,403.701,7.7,-875,9,2.7,,
2026-09-23T11:37:21.996Z,X3843071,7261,44.20294,7.89647,22881.3,4.4,6.6,85.9,-273.0,-1.0,-1.0,RS41-SG,403.701,7.8,-875,9,2.6,,
2026-09-23T11:37:25.996Z,X3843071,7265,44.20294,7.89680,22901.3,5.6,6.4,95.1,-273.0,-1.0,-1.0,RS41-SG,403.701,7.4,-875,9,2.7,,
2026-09-23T11:37:36.996Z,X3843071,7276,44.20300,7.89748,22959.6,6.3,6.3,57.3,-273.0,-1.0,-1.0,RS41-SG,403.701,6.8,-875,9,2.6,,
2026-09-23T11:37:39.996Z,X3843071,7279,44.20308,7.89766,22975.3,5.3,5.3,53.8,-273.0,-1.0,-1.0,RS41-SG,403.701,7.3,-875,9,2.7,,
2026-09-23T11:37:58.996Z,X3843071,7298,44.20348,7.89853,23074.2,4.8,3.0,66.5,-273.0,-1.0,-1.0,RS41-SG,403.701,6.8,-875,9,2.6,,
2026-09-23T11:38:01.996Z,X3843071,7301,44.20352,7.89863,23089.9,4.1,3.8,50.8,-273.0,-1.0,-1.0,RS41-SG,403.701,6.9,-875,9,2.7,,
2026-09-23T11:38:02.996Z,X3843071,7302,44.20354,7.89867,23094.5,5.2,3.5,44.0,-273.0,-1.0,-1.0,RS41-SG,403.701,7.1,-875,9,2.7,,
2026-09-23T11:38:18.996Z,X3843071,7318,44.20383,7.89891,23175.9,4.9,1.8,113.5,-273.0,-1.0,-1.0,RS41-SG,403.701,8.0,-875,9,2.7,,
2026-09-23T11:38:19.996Z,X3843071,7319,44.20383,7.89893,23181.3,5.9,2.0,88.0,-273.0,-1.0,-1.0,RS41-SG,403.701,8.0,-875,9,2.6,,
2026-09-23T11:38:25.996Z,X3843071,7325,44.20389,7.89912,23211.4,4.8,3.1,46.1,-273.0,-1.0,-1.0,RS41-SG,403.701,7.0,-875,9,2.6,,
2026-09-23T11:38:37.996Z,X3843071,7337,44.20404,7.89939,23270.3,5.3,3.5,63.3,-273.0,-1.0,-1.0,RS41-SG,403.701,7.1,-875,9,2.6,,
2026-09-23T11:38:48.996Z,X3843071,7348,44.20422,7.89953,23321.9,6.0,1.2,87.9,-273.0,-1.0,-1.0,RS41-SG,403.701,6.6,-875,9,2.6,,
2026-09-23T11:39:04.996Z,X3843071,7364,44.20467,7.89973,23400.9,5.6,2.0,22.7,-273.0,-1.0,-1.0,RS41-SG,403.701,8.1,-875,9,2.6,,
2026-09-23T11:39:09.996Z,X3843071,7369,44.20476,7.89983,23426.1,4.1,4.9,44.7,-273.0,-1.0,-1.0,RS41-SG,403.701,7.6,-875,9,2.6,,
2026-09-23T11:39:22.996Z,X3843071,7382,44.20480,7.90043,23498.3,5.2,4.8,80.8,-273.0,-1.0,-1.0,RS41-SG,403.701,7.8,-875,9,2.7,,
2026-09-23T11:39:23.996Z,X3843071,7383,44.20481,7.90050,23502.9,4.1,5.6,75.9,-273.0,-1.0,-1.0,RS41-SG,403.701,7.3,-875,9,2.7,,
2026-09-23T11:39:24.996Z,X3843071,7384,44.20482,7.90057,23507.7,5.5,5.8,79.1,-273.0,-1.0,-1.0,RS41-SG,403.701,8.0,-875,9,2.6,,
2026-09-23T11:39:25.996Z,X3843071,7385,44.20482,7.90064,23513.5,6.1,5.4,90.0,-273.0,-1.0,-1.0,RS41-SG,403.701,8.0,-875,9,2.6,,
2026-09-23T11:39:26.996Z,X3843071,7386,44.20482,7.90070,23519.2,5.1,5.1,102.7,-273.0,-1.0,-1.0,RS41-SG,403.701,7.8,-875,9,2.6,,
2026-09-23T11:39:27.996Z,X3843071,7387,44.20481,7.90076,23524.1,4.7,5.2,111.9,-273.0,-1.0,-1.0,RS41-SG,403.701,7.8,-875,9,2.7,,
2026-09-23T11:39:28.996Z,X3843071,7388,44.20479,7.90082,23529.2,5.4,5.6,117.1,-273.0,-1.0,-1.0,RS41-SG,403.701,7.6,-875,9,2.7,,
2026-09-23T11:39:29.996Z,X3843071,7389,44.20476,7.90088,23534.8,5.9,5.8,116.6,-273.0,-1.0,-1.0,RS41-SG,403.701,7.6,-875,9,2.7,,
2026-09-23T11:39:30.996Z,X3843071,7390,44.20474,7.90095,23540.0,4.5,5.7,117.9,-273.0,-1.0,-1.0,RS41-SG,403.701,7.6,-875,9,2.6,,
2026-09-23T11:39:31.996Z,X3843071,7391,44.20471,7.90101,23544.6,4.7,5.2,124.3,-273.0,-1.0,-1.0,RS41-SG,403.701,7.9,-875,9,2.6,,
2026-09-23T11:39:32.996Z,X3843071,7392,44.20468,7.90105,23549.9,6.0,4.6,139.0,-273.0,-1.0,-1.0,RS41-SG,403.701,8.5,-875,9,2.6,,
2026-09-23T11:39:33.996Z,X3843071,7393,44.20465,7.90108,23555.6,5.3,4.0,153.1,-273.0,-1.0,-1.0,RS41-SG,403.701,8.5,-875,9,2.6,,
2026-09-23T11:39:34.996Z,X3843071,7394,44.20462,7.90110,23560.7,5.0,3.2,160.1,-273.0,-1.0,-1.0,RS41-SG,403.701,7.7,-875,9,2.7,,
2026-09-23T11:39:38.996Z,X3843071,7398,44.20459,7.90119,23581.6,4.6,3.0,82.2,-273.0,-1.0,-1.0,RS41-SG,403.701,7.6,-875,9,2.6,,
2026-09-23T11:39:45.996Z,X3843071,7405,44.20447,7.90150,23618.8,5.8,4.3,129.1,-273.0,-1.0,-1.0,RS41-SG,403.701,7.6,-875,9,2.7,,
2026-09-23T11:39:49.996Z,X3843071,7409,44.20436,7.90157,23640.5,6.0,2.2,173.8,-273.0,-1.0,-1.0,RS41-SG,403.701,7.2,-875,9,2.6,,
2026-09-23T11:39:54.996Z,X3843071,7414,44.20429,7.90158,23665.5,4.9,2.0,174.9,-273.0,-1.0,-1.0,RS41-SG,403.701,7.6,-875,9,2.6,,
2026-09-23T11:39:55.996Z,X3843071,7415,44.20427,7.90159,23670.9,6.1,1.8,155.9,-273.0,-1.0,-1.0,RS41-SG,403.701,7.6,-875,9,2.6,,
2026-09-23T11:39:59.996Z,X3843071,7419,44.20422,7.90165,23693.0,4.9,1.9,164.5,-273.0,-1.0,-1.0,RS41-SG,403.701,7.4,-875,9,2.6,,
2026-09-23T11:40:00.996Z,X3843071,7420,44.20421,7.90165,23697.8,4.8,1.9,184.6,-273.0,-1.0,-1.0,RS41-SG,403.701,7.4,-875,9,2.6,,
2026-09-23T11:40:01.996Z,X3843071,7421,44.20419,7.90165,23703.2,6.0,1.5,201.6,-273.0,-1.0,-1.0,RS41-SG,403.701,7.8,-875,9,2.7,,
2026-09-23T11:40:02.996Z,X3843071,7422,44.20419,7.90164,23708.7,5.0,0.7,225.2,-273.0,-1.0,-1.0,RS41-SG,403.701,7.8,-875,9,2.7,,
2026-09-23T11:40:03.996Z,X3843071,7423,44.20418,7.90163,23713.7,4.9,0.8,275.7,-273.0,-1.0,-1.0,RS41-SG,403.701,7.7,-875,9,2.7,,
2026-09-23T11:40:04.996Z,X3843071,7424,44.20418,7.90162,23718.8,5.4,1.4,269.9,-273.0,-1.0,-1.0,RS41-SG,403.701,7.7,-875,9,2.6,,
2026-09-23T11:40:06.996Z,X3843071,7426,44.20418,7.90157,23729.8,4.4,2.5,247.7,-273.0,-1.0,-1.0,RS41-SG,403.701,7.6,-875,9,2.6,,
2026-09-23T11:40:10.996Z,X3843071,7430,44.20415,7.90153,23750.2,4.7,1.1,113.5,-273.0,-1.0,-1.0,RS41-SG,403.701,6.7,-875,9,2.6,,
2026-09-23T11:40:11.996Z,X3843071,7431,44.20414,7.90154,23755.4,5.8,1.2,122.2,-273.0,-1.0,-1.0,RS41-SG,403.701,7.4,-875,9,2.6,,
2026-09-23T11:40:12.996Z,X3843071,7432,44.20414,7.90155,23761.0,5.5,1.0,160.5,-273.0,-1.0,-1.0,RS41-SG,403.701,8.3,-875,9,2.6,,
2026-09-23T11:40:13.996Z,X3843071,7433,44.20413,7.90155,23766.1,4.6,1.2,209.8,-273.0,-1.0,-1.0,RS41-SG,403.701,8.3,-875,9,2.7,,
2026-09-23T11:40:15.996Z,X3843071,7435,44.20412,7.90152,23777.0,5.9,1.7,283.9,-273.0,-1.0,-1.0,RS41-SG,403.701,9.1,-875,9,2.6,,
2026-09-23T11:40:16.996Z,X3843071,7436,44.20413,7.90149,23782.5,5.2,2.5,293.3,-273.0,-1.0,-1.0,RS41-SG,403.701,9.1,-875,9,2.6,,
2026-09-23T11:40:17.996Z,X3843071,7437,44.20414,7.90146,23787.9,5.6,3.6,290.1,-273.0,-1.0,-1.0,RS41-SG,403.701,8.5,-875,9,2.6,,
2026-09-23T11:40:18.996Z,X3843071,7438,44.20415,7.90141,23793.8,5.9,4.7,281.4,-273.0,-1.0,-1.0,RS41-SG,403.701,8.5,-875,9,2.7,,
2026-09-23T11:40:20.996Z,X3843071,7440,44.20416,7.90128,23803.9,5.4,5.0,273.1,-273.0,-1.0,-1.0,RS41-SG,403.701,8.7,-875,9,2.7,,
2026-09-23T11:40:22.996Z,X3843071,7442,44.20416,7.90118,23815.3,4.6,3.0,281.9,-273.0,-1.0,-1.0,RS41-SG,403.701,8.0,-875,9,2.6,,
2026-09-23T11:40:25.996Z,X3843071,7445,44.20417,7.90110,23831.3,4.9,2.4,266.4,-273.0,-1.0,-1.0,RS41-SG,403.701,8.3,-875,9,2.7,,
2026-09-23T11:40:28.996Z,X3843071,7448,44.20418,7.90100,23847.9,5.0,3.0,300.0,-273.0,-1.0,-1.0,RS41-SG,403.701,7.1,-875,9,2.6,,
2026-09-23T11:40:30.996Z,X3843071,7450,44.20422,7.90092,23857.8,5.3,5.4,298.4,-273.0,-1.0,-1.0,RS41-SG,403.701,8.3,-875,9,2.7,,
2026-09-23T11:40:31.996Z,X3843071,7451,44.20424,7.90085,23863.5,6.1,6.9,291.0,-273.0,-1.0,-1.0,RS41-SG,403.701,8.3,-875,9,2.7,,
2026-09-23T11:40:40.996Z,X3843071,7460,44.20429,7.90023,23910.3,4.4,4.2,244.6,-273.0,-1.0,-1.0,RS41-SG,403.701,7.5,-875,9,2.6,,
2026-09-23T11:40:41.996Z,X3843071,7461,44.20428,7.90019,23915.4,5.9,3.7,251.3,-273.0,-1.0,-1.0,RS41-SG,403.701,7.8,-875,9,2.6,,
2026-09-23T11:40:42.996Z,X3843071,7462,44.20427,7.90015,23921.2,5.6,3.2,265.6,-273.0,-1.0,-1.0,RS41-SG,403.701,7.8,-875,9,2.7,,
2026-09-23T11:40:43.996Z,X3843071,7463,44.20428,7.90011,23926.5,5.0,3.5,284.5,-273.0,-1.0,-1.0,RS41-SG,403.701,8.3,-875,9,2.7,,
2026-09-23T11:40:44.996Z,X3843071,7464,44.20429,7.90006,23931.9,5.8,4.6,295.1,-273.0,-1.0,-1.0,RS41-SG,403.701,8.3,-875,9,2.6,,
2026-09-23T11:40:51.996Z,X3843071,7471,44.20447,7.89959,23968.8,6.2,5.1,290.6,-273.0,-1.0,-1.0,RS41-SG,403.701,6.9,-875,9,2.6,,
2026-09-23T11:40:53.996Z,X3843071,7473,44.20449,7.89947,23979.4,4.9,4.5,277.0,-273.0,-1.0,-1.0,RS41-SG,403.701,6.8,-875,9,2.6,,
2026-09-23T11:40:57.996Z,X3843071,7477,44.20450,7.89933,24000.9,5.3,2.5,296.2,-273.0,-1.0,-1.0,RS41-SG,403.701,7.9,-875,9,2.6,,
2026-09-23T11:40:58.996Z,X3843071,7478,44.20452,7.89929,24006.8,6.5,3.9,297.1,-273.0,-1.0,-1.0,RS41-SG,403.701,7.9,-875,9,2.6,,
2026-09-23T11:41:01.996Z,X3843071,7481,44.20459,7.89910,24022.5,5.9,7.3,305.0,-273.0,-1.0,-1.0,RS41,403.701,7.4,-875,9,2.7,,
2026-09-23T11:41:03.996Z,X3843071,7483,44.20468,7.89896,24033.4,5.0,7.5,315.2,-273.0,-1.0,-1.0,RS41,403.701,7.8,-875,9,2.6,,
2026-09-23T11:41:04.996Z,X3843071,7484,44.20473,7.89889,24038.6,5.2,7.6,313.0,-273.0,-1.0,-1.0,RS41,403.701,7.8,-875,9,2.6,,
2026-09-23T11:41:08.996Z,X3843071,7488,44.20486,7.89861,24059.8,5.9,5.0,296.5,-273.0,-1.0,-1.0,RS41,403.701,7.6,-875,9,2.6,,
2026-09-23T11:41:09.996Z,X3843071,7489,44.20488,7.89857,24065.6,5.5,3.5,300.1,-273.0,-1.0,-1.0,RS41,403.701,7.6,-875,9,2.6,,
2026-09-23T11:41:10.996Z,X3843071,7490,44.20490,7.89853,24070.7,4.7,2.7,305.4,-273.0,-1.0,-1.0,RS41,403.701,8.9,-875,9,2.6,,
2026-09-23T11:41:11.996Z,X3843071,7491,44.20491,7.89851,24076.0,6.0,2.7,309.9,-273.0,-1.0,-1.0,RS41,403.701,8.9,-875,9,2.7,,
2026-09-23T11:41:12.996Z,X3843071,7492,44.20493,7.89847,24082.0,6.0,4.0,310.2,-273.0,-1.0,-1.0,RS41,403.701,8.7,-875,9,2.7,,
2026-09-23T11:41:13.996Z,X3843071,7493,44.20496,7.89843,24087.0,4.0,5.2,309.3,-273.0,-1.0,-1.0,RS41,403.701,8.7,-875,9,2.7,,
2026-09-23T11:41:14.996Z,X3843071,7494,44.20499,7.89838,24091.4,4.9,6.5,313.2,-273.0,-1.0,-1.0,RS41,403.701,8.7,-875,9,2.6,,
2026-09-23T11:41:15.996Z,X3843071,7495,44.20504,7.89832,24096.9,6.0,7.7,319.1,-273.0,-1.0,-1.0,RS41,403.701,7.9,-875,9,2.6,,
2026-09-23T11:41:16.996Z,X3843071,7496,44.20509,7.89825,24102.7,5.5,8.3,323.0,-273.0,-1.0,-1.0,RS41,403.701,7.8,-875,9,2.6,,
2026-09-23T11:41:17.996Z,X3843071,7497,44.20515,7.89819,24108.0,5.1,8.6,323.0,-273.0,-1.0,-1.0,RS41,403.701,7.6,-875,9,2.6,,
2026-09-23T11:41:40.996Z,X3843071,7520,44.20653,7.89744,24237.4,6.3,6.1,356.7,-273.0,-1.0,-1.0,RS41,403.701,7.5,-875,9,2.6,,
2026-09-23T11:44:07.996Z,X3843071,7667,44.21350,7.90047,25024.4,6.0,1.3,37.1,-273.0,-1.0,-1.0,RS41,403.701,7.1,-875,9,2.6,,
2026-09-23T11:44:25.996Z,X3843071,7685,44.21401,7.90087,25118.0,5.4,0.7,94.5,-273.0,-1.0,-1.0,RS41,403.701,7.0,-875,9,2.7,,
2026-09-23T11:44:26.996Z,X3843071,7686,44.21401,7.90088,25122.7,4.0,1.4,93.5,-273.0,-1.0,-1.0,RS41,403.701,7.6,-875,9,2.6,,
2026-09-23T11:44:33.996Z,X3843071,7693,44.21418,7.90113,25157.0,4.8,3.7,59.2,-273.0,-1.0,-1.0,RS41,403.701,6.7,-875,9,2.6,,
2026-09-23T11:44:35.996Z,X3843071,7695,44.21419,7.90120,25166.7,5.8,1.5,77.4,-273.0,-1.0,-1.0,RS41,403.701,6.9,-875,9,2.7,,
2026-09-23T11:44:49.996Z,X3843071,7709,44.21443,7.90154,25238.2,5.5,5.0,77.6,-273.0,-1.0,-1.0,RS41,403.701,7.0,-875,9,2.7,,
2026-09-23T11:44:50.996Z,X3843071,7710,44.21444,7.90159,25243.8,5.8,3.8,74.5,-273.0,-1.0,-1.0,RS41,403.701,7.1,-875,9,2.6,,
2026-09-23T11:44:51.996Z,X3843071,7711,44.21444,7.90163,25249.0,4.6,2.6,68.1,-273.0,-1.0,-1.0,RS41,403.701,7.2,-875,9,2.6,,
2026-09-23T11:44:53.996Z,X3843071,7713,44.21445,7.90166,25258.5,5.2,0.8,130.1,-273.0,-1.0,-1.0,RS41,403.701,7.2,-875,9,2.6,,
2026-09-23T11:45:20.996Z,X3843071,7740,44.21431,7.90258,25396.0,5.1,4.2,102.9,-273.0,-1.0,-1.0,RS41,403.701,6.9,-875,9,2.7,,
2026-09-23T11:45:46.996Z,X3843071,7766,44.21446,7.90357,25531.7,5.5,5.9,70.1,-273.0,-1.0,-1.0,RS41,403.701,7.0,-875,9,2.7,,
2026-09-23T11:45:49.996Z,X3843071,7769,44.21451,7.90373,25547.9,4.2,3.4,62.5,-273.0,-1.0,-1.0,RS41,403.701,6.8,-875,9,2.6,,
2026-09-23T11:49:33.996Z,X3843071,7993,44.21929,7.90882,26776.1,6.2,5.3,110.6,-273.0,-1.0,-1.0,RS41,403.701,8.0,-875,9,2.7,,
2026-09-23T11:50:27.996Z,X3843071,8047,44.21918,7.91236,27075.0,5.8,4.5,75.7,-273.0,-1.0,-1.0,RS41,403.701,7.3,-875,9,2.7,,
2026-09-23T11:50:44.996Z,X3843071,8064,44.21902,7.91310,27170.5,6.1,5.5,116.8,-49.2,-1.0,-1.0,RS41,403.701,7.0,-875,9,2.6,,
2026-09-23T11:50:53.996Z,X3843071,8073,44.21897,7.91367,27221.5,4.8,7.2,69.2,-49.1,-1.0,-1.0,RS41,403.701,7.5,-875,9,2.6,,
2026-09-23T11:50:54.996Z,X3843071,8074,44.21900,7.91375,27226.8,5.9,7.1,66.2,-49.1,-1.0,-1.0,RS41,403.701,7.5,-875,9,2.6,,
2026-09-23T11:50:55.996Z,X3843071,8075,44.21902,7.91382,27233.1,6.7,6.2,63.3,-49.2,-1.0,-1.0,RS41,403.701,6.8,-875,9,2.7,,
2026-09-23T11:50:59.996Z,X3843071,8079,44.21906,7.91407,27257.2,5.0,5.4,101.5,-49.0,-1.0,-1.0,RS41,403.701,7.3,-875,9,2.6,,
2026-09-23T11:51:00.996Z,X3843071,8080,44.21905,7.91413,27262.3,5.2,5.8,110.3,-49.0,-1.0,-1.0,RS41,403.701,7.4,-875,9,2.6,,
2026-09-23T11:51:13.996Z,X3843071,8093,44.21918,7.91489,27338.0,6.2,5.0,86.9,-49.4,-1.0,-1.0,RS41,403.701,7.7,-875,9,2.7,,
2026-09-23T11:51:18.996Z,X3843071,8098,44.21911,7.91528,27366.1,5.9,5.4,101.2,-49.5,-1.0,-1.0,RS41,403.701,7.1,-875,9,2.7,,
2026-09-23T11:51:20.996Z,X3843071,8100,44.21910,7.91540,27376.9,5.5,4.3,89.7,-49.5,-1.0,-1.0,RS41,403.701,7.0,-875,9,2.7,,
2026-09-23T11:51:21.996Z,X3843071,8101,44.21910,7.91546,27382.7,6.3,4.7,90.2,-49.5,-1.0,-1.0,RS41,403.701,8.0,-875,9,2.6,,
2026-09-23T11:51:23.996Z,X3843071,8103,44.21909,7.91559,27394.3,4.9,6.0,99.3,-49.5,-1.0,-1.0,RS41,403.701,7.6,-875,9,2.6,,
2026-09-23T11:51:24.996Z,X3843071,8104,44.21908,7.91566,27399.3,5.0,5.9,103.5,-49.4,-1.0,-1.0,RS41,403.701,7.7,-875,9,2.6,,
2026-09-23T11:51:25.996Z,X3843071,8105,44.21907,7.91573,27404.9,6.3,5.2,108.1,-49.4,-1.0,-1.0,RS41,403.701,7.8,-875,9,2.7,,
2026-09-23T11:51:26.996Z,X3843071,8106,44.21905,7.91579,27411.0,5.8,4.7,111.1,-49.4,-1.0,-1.0,RS41,403.701,7.8,-875,9,2.7,,
2026-09-23T11:51:27.996Z,X3843071,8107,44.21904,7.91584,27416.7,5.6,4.6,113.2,-49.3,-1.0,-1.0,RS41,403.701,7.4,-875,9,2.7,,
2026-09-23T11:51:28.996Z,X3843071,8108,44.21902,7.91590,27422.5,5.9,5.3,115.3,-49.3,-1.0,-1.0,RS41,403.701,7.4,-875,9,2.6,,
2026-09-23T11:51:33.996Z,X3843071,8113,44.21887,7.91639,27451.9,6.4,9.1,109.4,-49.5,-1.0,-1.0,RS41,403.701,7.8,-875,9,2.7,,
2026-09-23T11:51:53.996Z,X3843071,8133,44.21906,7.91769,27567.2,4.6,4.0,41.4,-48.5,-1.0,-1.0,RS41,403.701,7.3,-875,10,2.6,,
2026-09-23T11:51:57.996Z,X3843071,8137,44.21920,7.91781,27590.0,5.6,4.9,47.4,-48.8,-1.0,-1.0,RS41,403.701,7.6,-875,10,2.7,,
2026-09-23T11:51:58.996Z,X3843071,8138,44.21922,7.91786,27595.9,6.2,4.6,59.4,-48.7,-1.0,-1.0,RS41,403.701,8.1,-875,10,2.6,,
2026-09-23T11:51:59.996Z,X3843071,8139,44.21924,7.91791,27602.5,6.8,3.8,70.4,-48.7,-1.0,-1.0,RS41,403.701,8.1,-875,10,2.6,,
2026-09-23T11:52:06.996Z,X3843071,8146,44.21923,7.91820,27644.1,5.9,3.4,62.9,-49.1,-1.0,-1.0,RS41,403.701,7.3,-875,10,2.7,,
2026-09-23T11:52:07.996Z,X3843071,8147,44.21925,7.91823,27650.3,6.5,3.1,25.3,-49.1,-1.0,-1.0,RS41,403.701,7.8,-875,10,2.7,,
2026-09-23T11:52:09.996Z,X3843071,8149,44.21931,7.91824,27661.3,5.2,3.9,353.9,-49.0,-1.0,-1.0,RS41,403.701,7.0,-875,10,2.6,,
2026-09-23T11:52:10.996Z,X3843071,8150,44.21934,7.91823,27667.2,6.4,3.7,1.6,-49.0,-1.0,-1.0,RS41,403.701,7.0,-875,10,2.7,,
2026-09-23T11:52:13.996Z,X3843071,8153,44.21940,7.91831,27684.9,4.7,3.4,82.5,-49.1,-1.0,-1.0,RS41,403.701,7.2,-875,10,2.6,,
2026-09-23T11:52:15.996Z,X3843071,8155,44.21939,7.91839,27695.9,6.5,3.2,123.5,-49.3,-1.0,-1.0,RS41,403.701,7.2,-875,10,2.7,,
2026-09-23T11:52:19.996Z,X3843071,8159,44.21938,7.91850,27720.3,6.5,4.2,55.2,-49.5,-1.0,-1.0,RS41,403.701,7.5,-875,10,2.6,,
2026-09-23T11:52:22.996Z,X3843071,8162,44.21950,7.91865,27737.5,6.3,7.1,28.2,-49.6,-1.0,-1.0,RS41,403.701,8.2,-875,10,2.7,,
2026-09-23T11:52:28.996Z,X3843071,8168,44.21975,7.91888,27772.5,5.0,5.2,67.6,-49.6,-1.0,-1.0,RS41,403.701,6.8,-875,10,2.7,,
2026-09-23T11:52:29.996Z,X3843071,8169,44.21977,7.91894,27777.9,5.7,4.9,71.8,-49.6,-1.0,-1.0,RS41,403.701,7.4,-875,10,2.7,,
2026-09-23T11:52:33.996Z,X3843071,8173,44.21988,7.91912,27801.7,5.3,6.3,34.2,-49.6,1.0,-1.0,RS41,403.701,7.1,-875,10,2.7,,
2026-09-23T11:52:36.996Z,X3843071,8176,44.22007,7.91931,27819.2,5.3,10.6,35.7,-49.6,0.9,-1.0,RS41,403.701,6.9,-875,10,2.6,,
2026-09-23T11:52:45.996Z,X3843071,8185,44.22063,7.91979,27870.2,4.5,8.5,67.7,-49.0,0.9,-1.0,RS41,403.701,8.2,-875,10,2.6,,
2026-09-23T11:52:46.996Z,X3843071,8186,44.22066,7.91989,27875.4,5.8,9.3,64.8,-49.0,0.9,-1.0,RS41,403.701,8.2,-875,10,2.6,,
2026-09-23T11:52:48.996Z,X3843071,8188,44.22076,7.92009,27888.0,5.3,9.4,46.1,-48.6,0.9,-1.0,RS41,403.701,7.2,-875,10,2.7,,
2026-09-23T11:52:52.996Z,X3843071,8192,44.22103,7.92036,27910.4,5.8,9.2,33.2,-48.4,0.8,-1.0,RS41,403.701,6.8,-875,10,2.7,,
2026-09-23T11:52:54.996Z,X3843071,8194,44.22116,7.92047,27920.9,5.5,7.9,30.3,-48.4,0.8,-1.0,RS41,403.701,7.5,-875,10,2.7,,
2026-09-23T11:52:55.996Z,X3843071,8195,44.22122,7.92051,27926.8,6.3,7.4,26.0,-48.3,0.8,-1.0,RS41-SG,403.701,7.5,-875,10,2.6,,
2026-09-23T11:52:59.996Z,X3843071,8199,44.22146,7.92072,27950.3,6.4,10.2,46.9,-48.6,0.9,-1.0,RS41-SG,403.701,7.4,-875,10,2.7,,
2026-09-23T11:53:00.996Z,X3843071,8200,44.22152,7.92083,27956.2,5.5,11.9,53.0,-48.6,0.9,-1.0,RS41-SG,403.701,8.2,-875,10,2.7,,
2026-09-23T11:53:01.996Z,X3843071,8201,44.22159,7.92096,27961.4,4.9,13.3,54.6,-48.5,0.9,-1.0,RS41-SG,403.701,8.2,-875,10,2.7,,
2026-09-23T11:53:02.996Z,X3843071,8202,44.22166,7.92109,27966.9,6.2,13.9,52.6,-48.5,0.9,-1.0,RS41-SG,403.701,7.8,-875,10,2.6,,
2026-09-23T11:53:04.996Z,X3843071,8204,44.22183,7.92134,27979.8,5.3,12.7,41.6,-48.6,0.9,-1.0,RS41-SG,403.701,7.7,-875,10,2.6,,
2026-09-23T11:53:05.996Z,X3843071,8205,44.22191,7.92143,27985.0,5.1,12.1,36.6,-48.6,0.9,-1.0,RS41-SG,403.701,7.2,-875,10,2.7,,
2026-09-23T11:53:06.996Z,X3843071,8206,44.22200,7.92152,27990.4,5.7,11.4,34.1,-48.5,0.9,-1.0,RS41-SG,403.701,7.6,-875,10,2.7,,
2026-09-23T11:53:09.996Z,X3843071,8209,44.22224,7.92176,28007.5,5.0,11.1,35.4,-48.6,0.9,-1.0,RS41-SG,403.701,7.2,-875,10,2.6,,
2026-09-23T11:53:56.996Z,X3843071,8256,44.22482,7.92649,28271.0,4.6,12.7,63.4,-47.2,0.8,-1.0,RS41-SG,403.701,6.9,-875,10,2.7,,
2026-09-23T11:53:57.996Z,X3843071,8257,44.22487,7.92663,28275.6,4.7,13.0,63.1,-47.1,0.8,-1.0,RS41-SG,403.701,7.5,-875,10,2.6,,
2026-09-23T11:54:11.996Z,X3843071,8271,44.22565,7.92855,28354.6,5.8,15.1,66.7,-47.3,0.9,-1.0,RS41-SG,403.701,6.6,-875,10,2.6,,
2026-09-23T11:54:14.996Z,X3843071,8274,44.22583,7.92899,28371.8,4.4,11.8,55.1,-47.4,0.8,-1.0,RS41-SG,403.701,6.9,-875,10,2.7,,
2026-09-23T11:54:17.996Z,X3843071,8277,44.22598,7.92932,28387.2,5.2,9.4,64.0,-47.5,0.9,-1.0,RS41-SG,403.701,7.0,-875,10,2.6,,
2026-09-23T11:54:26.996Z,X3843071,8286,44.22635,7.93027,28435.2,5.4,13.5,58.1,-47.3,0.8,-1.0,RS41-SG,403.701,6.9,-875,10,2.7,,
2026-09-23T11:54:58.996Z,X3843071,8318,44.22788,7.93340,28608.7,6.7,9.2,61.1,-46.4,0.8,-1.0,RS41-SG,403.701,6.9,-875,10,2.6,,
2026-09-23T11:55:03.996Z,X3843071,8323,44.22810,7.93382,28634.9,5.8,8.8,56.8,-46.3,0.8,-1.0,RS41-SG,403.701,7.8,-875,10,2.7,,
2026-09-23T11:55:04.996Z,X3843071,8324,44.22815,7.93391,28640.3,4.9,9.2,59.1,-46.1,0.8,-1.0,RS41-SG,403.701,7.8,-875,10,2.6,,
2026-09-23T11:55:13.996Z,X3843071,8333,44.22861,7.93468,28689.1,4.8,10.1,67.7,-46.1,0.8,-1.0,RS41-SG,403.701,7.2,-875,10,2.6,,
2026-09-23T11:55:14.996Z,X3843071,8334,44.22864,7.93480,28694.5,6.1,10.4,67.0,-46.2,0.8,-1.0,RS41-SG,403.701,7.3,-875,10,2.7,,
2026-09-23T11:55:15.996Z,X3843071,8335,44.22868,7.93491,28700.5,5.9,10.4,63.7,-46.2,0.8,-1.0,RS41-SG,403.701,7.4,-875,10,2.7,,
2026-09-23T11:55:16.996Z,X3843071,8336,44.22872,7.93503,28706.1,5.3,10.7,60.3,-46.2,0.8,-1.0,RS41-SG,403.701,7.4,-875,10,2.6,,
2026-09-23T11:55:17.996Z,X3843071,8337,44.22877,7.93515,28711.7,5.8,11.4,59.6,-46.1,0.8,-1.0,RS41-SG,403.701,7.0,-875,10,2.6,,
2026-09-23T11:55:28.996Z,X3843071,8348,44.22931,7.93640,28772.9,5.1,11.6,63.1,-46.3,0.8,-1.0,RS41,403.701,7.9,-875,10,2.7,,
2026-09-23T11:55:40.996Z,X3843071,8360,44.23016,7.93780,28840.6,5.7,11.2,45.2,-45.9,0.8,-1.0,RS41,403.701,7.0,-875,10,2.6,,
2026-09-23T11:55:41.996Z,X3843071,8361,44.23023,7.93791,28846.5,6.3,12.4,45.3,-45.8,0.8,-1.0,RS41,403.701,7.1,-875,10,2.6,,
2026-09-23T11:55:42.996Z,X3843071,8362,44.23031,7.93802,28852.9,6.3,14.0,46.7,-45.8,0.8,-1.0,RS41,403.701,8.1,-875,10,2.6,,
2026-09-23T11:55:43.996Z,X3843071,8363,44.23040,7.93816,28858.5,5.1,15.3,47.1,-45.7,0.8,-1.0,RS41,403.701,8.3,-875,10,2.6,,
2026-09-23T11:55:44.996Z,X3843071,8364,44.23050,7.93830,28863.6,5.0,16.5,45.6,-45.7,0.8,-1.0,RS41,403.701,8.3,-875,10,2.7,,
2026-09-23T11:55:45.996Z,X3843071,8365,44.23061,7.93844,28869.0,5.8,16.9,42.3,-45.7,0.8,-1.0,RS41,403.701,8.3,-875,10,2.7,,
2026-09-23T11:55:46.996Z,X3843071,8366,44.23072,7.93858,28875.3,6.8,16.6,39.2,-45.8,0.7,-1.0,RS41,403.701,8.3,-875,10,2.7,,
2026-09-23T11:55:47.996Z,X3843071,8367,44.23084,7.93871,28881.5,5.5,16.1,37.3,-45.9,0.8,-1.0,RS41,403.701,7.7,-875,10,2.6,,
2026-09-23T11:55:48.996Z,X3843071,8368,44.23095,7.93883,28887.0,5.5,15.5,38.3,-45.9,0.8,-1.0,RS41,403.701,8.2,-875,10,2.6,,
2026-09-23T11:55:54.996Z,X3843071,8374,44.23143,7.93965,28921.3,6.4,13.1,50.8,-46.1,0.8,-1.0,RS41,403.701,7.6,-875,10,2.6,,
2026-09-23T11:55:56.996Z,X3843071,8376,44.23159,7.93988,28932.9,5.0,13.3,40.0,-46.1,0.8,-1.0,RS41,403.701,7.3,-875,10,2.7,,
2026-09-23T11:55:57.996Z,X3843071,8377,44.23169,7.93999,28938.1,5.4,13.9,39.1,-46.1,0.8,-1.0,RS41,403.701,7.4,-875,10,2.7,,
2026-09-23T11:55:58.996Z,X3843071,8378,44.23178,7.94010,28944.1,6.5,14.9,42.1,-46.1,0.8,-1.0,RS41,403.701,8.0,-875,10,2.6,,
2026-09-23T11:55:59.996Z,X3843071,8379,44.23188,7.94024,28950.5,6.3,15.9,45.5,-46.0,0.8,-1.0,RS41,403.701,8.0,-875,10,2.6,,
2026-09-23T11:56:00.996Z,X3843071,8380,44.23198,7.94038,28955.9,4.4,16.6,48.3,-46.0,0.8,-1.0,RS41,403.701,8.3,-875,10,2.6,,
2026-09-23T11:56:01.996Z,X3843071,8381,44.23208,7.94054,28960.6,4.9,17.1,49.7,-46.0,0.8,-1.0,RS41,403.701,8.3,-875,10,2.6,,
2026-09-23T11:56:03.996Z,X3843071,8383,44.23229,7.94086,28972.6,6.1,16.8,45.0,-46.1,0.8,-1.0,RS41,403.701,7.2,-875,10,2.7,,
2026-09-23T11:56:05.996Z,X3843071,8385,44.23250,7.94114,28983.8,5.8,16.1,42.3,-46.3,0.8,-1.0,RS41,403.701,8.1,-875,10,2.6,,
2026-09-23T11:56:06.996Z,X3843071,8386,44.23261,7.94127,28989.7,6.2,15.8,44.9,-46.4,0.8,-1.0,RS41,403.701,8.1,-875,10,2.6,,
2026-09-23T11:56:07.996Z,X3843071,8387,44.23270,7.94141,28995.9,6.2,15.6,48.6,-46.4,0.8,-1.0,RS41,403.701,7.7,-875,10,2.6,,
2026-09-23T11:56:08.996Z,X3843071,8388,44.23279,7.94156,29001.7,5.3,15.7,51.1,-46.4,0.8,-1.0,RS41,403.701,7.5,-875,10,2.7,,
2026-09-23T11:56:09.996Z,X3843071,8389,44.23288,7.94172,29006.8,5.0,16.0,51.3,-46.3,0.8,-1.0,RS41,403.701,7.7,-875,10,2.7,,
2026-09-23T11:56:18.996Z,X3843071,8398,44.23380,7.94293,29057.6,4.9,14.9,57.3,-46.7,0.8,-1.0,RS41,403.701,7.7,-875,10,2.6,,
2026-09-23T11:56:19.996Z,X3843071,8399,44.23387,7.94309,29062.7,5.3,16.2,57.8,-46.8,0.9,-1.0,RS41-SG,403.701,7.7,-875,10,2.7,,
2026-09-23T11:56:20.996Z,X3843071,8400,44.23396,7.94327,29068.4,6.2,17.8,54.5,-46.9,0.8,-1.0,RS41-SG,403.701,7.5,-875,10,2.7,,
2026-09-23T11:56:21.996Z,X3843071,8401,44.23406,7.94345,29074.6,6.4,19.4,48.6,-47.0,0.9,-1.0,RS41-SG,403.701,7.5,-875,10,2.6,,
2026-09-23T11:57:56.996Z,X3843071,8496,44.24187,7.96012,29633.5,6.4,15.9,67.3,-48.1,0.9,-1.0,RS41-SG,403.701,7.2,-875,10,2.6,,
2026-09-23T11:58:01.996Z,X3843071,8501,44.24205,7.96105,29662.3,5.9,17.3,75.2,-47.7,0.8,-1.0,RS41,403.701,7.3,-875,10,2.6,,
2026-09-23T11:58:02.996Z,X3843071,8502,44.24210,7.96126,29667.7,4.9,17.7,73.9,-47.7,0.8,-1.0,RS41,403.701,7.6,-875,10,2.7,,
2026-09-23T11:58:34.996Z,X3843071,8534,44.24320,7.96650,29852.4,7.3,12.2,83.1,-47.7,0.9,-1.0,RS41,403.701,7.3,-875,10,2.6,,
2026-09-23T11:58:35.996Z,X3843071,8535,44.24322,7.96665,29859.0,5.7,12.6,73.2,-47.5,0.8,-1.0,RS41,403.701,7.5,-875,9,2.7,,
2026-09-23T11:58:37.996Z,X3843071,8537,44.24332,7.96693,29868.2,4.3,12.7,53.3,-47.4,0.8,-1.0,RS41,403.701,7.5,-875,10,2.7,,
2026-09-23T11:58:38.996Z,X3843071,8538,44.24339,7.96705,29873.0,5.2,12.1,44.3,-47.3,0.8,-1.0,RS41,403.701,7.6,-875,10,2.6,,
2026-09-23T11:58:39.996Z,X3843071,8539,44.24347,7.96714,29878.8,6.4,11.1,38.3,-47.1,0.8,-1.0,RS41,403.701,7.6,-875,10,2.6,,
2026-09-23T11:58:44.996Z,X3843071,8544,44.24376,7.96759,29907.2,6.7,11.4,67.9,-46.8,0.8,-1.0,RS41,403.701,6.5,-875,10,2.6,,
2026-09-23T11:58:50.996Z,X3843071,8550,44.24387,7.96856,29940.4,5.1,11.6,89.0,-46.7,0.8,-1.0,RS41,403.701,7.6,-875,10,2.6,,
2026-09-23T11:58:52.996Z,X3843071,8552,44.24390,7.96882,29952.0,6.5,10.4,67.8,-46.6,0.8,-1.0,RS41,403.701,7.6,-875,10,2.7,,
2026-09-23T11:58:53.996Z,X3843071,8553,44.24394,7.96893,29957.8,5.1,10.9,56.8,-46.6,0.8,-1.0,RS41,403.701,7.4,-875,10,2.7,,
2026-09-23T11:58:56.996Z,X3843071,8556,44.24414,7.96926,29974.0,7.1,11.1,51.5,-46.7,0.8,-1.0,RS41,403.701,7.5,-875,10,2.6,,
2026-09-23T11:59:00.996Z,X3843071,8560,44.24428,7.96977,29996.9,5.4,13.1,83.1,-46.7,0.8,-1.0,RS41,403.701,7.6,-875,10,2.6,,
2026-09-23T11:59:01.996Z,X3843071,8561,44.24430,7.96994,30002.5,5.7,14.8,85.3,-46.8,0.8,-1.0,RS41,403.701,7.6,-875,10,2.6,,
2026-09-23T11:59:03.996Z,X3843071,8563,44.24431,7.97034,30012.4,4.7,16.3,89.5,-46.6,0.8,-1.0,RS41,403.701,7.1,-875,10,2.7,,
2026-09-23T11:59:05.996Z,X3843071,8565,44.24430,7.97073,30023.8,6.6,15.3,94.4,-46.6,0.8,-1.0,RS41,403.701,7.8,-875,10,2.6,,
2026-09-23T11:59:06.996Z,X3843071,8566,44.24429,7.97092,30029.8,5.6,14.1,95.0,-46.5,0.8,-1.0,RS41,403.701,7.8,-875,10,2.6,,
2026-09-23T11:59:07.996Z,X3843071,8567,44.24428,7.97108,30035.1,5.0,12.4,92.8,-46.5,0.8,-1.0,RS41,403.701,7.6,-875,10,2.6,,
2026-09-23T11:59:08.996Z,X3843071,8568,44.24428,7.97122,30040.5,5.7,10.9,84.0,-46.5,0.8,-1.0,RS41,403.701,7.4,-875,10,2.7,,
2026-09-23T11:59:21.996Z,X3843071,8581,44.24445,7.97337,30113.6,6.6,14.0,97.3,-46.5,0.8,-1.0,RS41,403.701,6.3,-875,10,2.7,,
2026-09-23T11:59:34.996Z,X3843071,8594,44.24437,7.97566,30186.4,5.7,18.8,102.5,-46.6,0.8,-1.0,RS41,403.701,6.7,-875,10,2.6,,
2026-09-23T11:59:35.996Z,X3843071,8595,44.24433,7.97588,30192.2,5.9,17.5,101.7,-46.5,0.8,-1.0,RS41,403.701,6.7,-875,10,2.6,,
2026-09-23T11:59:36.996Z,X3843071,8596,44.24430,7.97608,30198.4,6.4,15.5,101.7,-46.4,0.8,-1.0,RS41,403.701,7.9,-875,10,2.7,,
2026-09-23T11:59:37.996Z,X3843071,8597,44.24427,7.97626,30204.6,6.0,13.4,102.5,-46.4,0.8,-1.0,RS41,403.701,7.9,-875,10,2.7,,
2026-09-23T11:59:46.996Z,X3843071,8606,44.24420,7.97790,30255.4,5.2,20.6,101.5,-46.2,0.8,-1.0,RS41,403.701,8.2,-875,10,2.6,,
2026-09-23T11:59:47.996Z,X3843071,8607,44.24416,7.97815,30260.1,4.2,21.0,104.5,-46.1,0.8,-1.0,RS41,403.701,8.4,-875,10,2.7,,
2026-09-23T11:59:48.996Z,X3843071,8608,44.24411,7.97840,30264.8,5.1,20.9,105.2,-46.0,0.8,-1.0,RS41,403.701,8.6,-875,11,2.7,,
2026-09-23T11:59:49.996Z,X3843071,8609,44.24406,7.97865,30270.8,6.8,20.4,103.1,-45.9,0.8,-1.0,RS41,403.701,8.6,-875,11,2.6,,
2026-09-23T11:59:50.996Z,X3843071,8610,44.24403,7.97890,30277.6,6.9,19.5,98.7,-45.9,0.8,-1.0,RS41,403.701,8.4,-875,11,2.6,,
2026-09-23T11:59:51.996Z,X3843071,8611,44.24401,7.97913,30283.7,5.3,18.4,94.4,-45.9,0.8,-1.0,RS41,403.701,8.4,-875,11,2.6,,
2026-09-23T11:59:53.996Z,X3843071,8613,44.24401,7.97955,30294.0,5.5,15.0,86.7,-45.7,0.7,-1.0,RS41,403.701,7.7,-875,11,2.7,,
2026-09-23T11:59:54.996Z,X3843071,8614,44.24402,7.97972,30299.6,5.7,13.2,85.0,-45.7,0.7,-1.0,RS41,403.701,7.7,-875,11,2.7,,
2026-09-23T11:59:56.996Z,X3843071,8616,44.24404,7.98004,30309.7,5.9,12.8,84.4,-45.6,0.7,-1.0,RS41,403.701,7.3,-875,11,2.6,,
2026-09-23T12:00:03.996Z,X3843071,8623,44.24403,7.98167,30349.8,5.9,20.9,99.6,-45.9,0.7,-1.0,RS41,403.701,7.9,-875,11,2.7,,
2026-09-23T12:00:04.996Z,X3843071,8624,44.24400,7.98192,30355.3,5.3,20.0,100.4,-46.0,0.8,-1.0,RS41,403.701,8.5,-875,11,2.7,,
2026-09-23T12:00:05.996Z,X3843071,8625,44.24397,7.98216,30360.9,5.8,18.9,97.9,-46.0,0.8,-1.0,RS41,403.701,8.5,-875,11,2.7,,
2026-09-23T12:00:06.996Z,X3843071,8626,44.24396,7.98239,30367.1,6.6,18.3,91.9,-46.0,0.8,-1.0,RS41,403.701,8.0,-875,11,2.6,,
2026-09-23T12:00:07.996Z,X3843071,8627,44.24396,7.98261,30373.4,5.9,18.0,85.1,-46.1,0.8,-1.0,RS41,403.701,8.5,-875,11,2.6,,
2026-09-23T12:00:08.996Z,X3843071,8628,44.24398,7.98283,30378.8,4.7,18.0,78.4,-46.3,0.8,-1.0,RS41,403.701,8.6,-875,11,2.6,,
2026-09-23T12:00:09.996Z,X3843071,8629,44.24402,7.98305,30383.6,4.7,17.7,72.9,-46.3,0.8,-1.0,RS41,403.701,8.6,-875,11,2.7,,
2026-09-23T12:00:10.996Z,X3843071,8630,44.24407,7.98325,30388.9,5.8,17.2,69.7,-46.4,0.8,-1.0,RS41,403.701,8.2,-875,11,2.7,,
2026-09-23T12:00:11.996Z,X3843071,8631,44.24412,7.98345,30394.8,6.0,16.7,70.1,-46.4,0.8,-1.0,RS41,403.701,8.2,-875,11,2.6,,
2026-09-23T12:00:12.996Z,X3843071,8632,44.24417,7.98365,30400.4,5.2,16.7,72.8,-46.4,0.8,-1.0,RS41,403.701,8.0,-875,11,2.6,,
2026-09-23T12:00:13.996Z,X3843071,8633,44.24421,7.98386,30405.8,5.6,17.5,76.9,-46.3,0.8,-1.0,RS41,403.701,8.0,-875,11,2.6,,
2026-09-23T12:00:14.996Z,X3843071,8634,44.24424,7.98408,30411.7,6.1,19.1,81.0,-46.3,0.8,-1.0,RS41,403.701,7.5,-875,11,2.7,,
2026-09-23T12:00:15.996Z,X3843071,8635,44.24427,7.98433,30417.8,6.1,20.8,84.2,-46.2,0.8,-1.0,RS41,403.701,7.5,-875,11,2.7,,
2026-09-23T12:00:16.996Z,X3843071,8636,44.24428,7.98459,30423.3,4.9,22.0,87.2,-46.1,0.8,-1.0,RS41,403.701,8.3,-875,11,2.7,,
2026-09-23T12:00:17.996Z,X3843071,8637,44.24428,7.98487,30428.4,5.3,22.2,91.2,-46.1,0.8,-1.0,RS41,403.701,8.3,-875,11,2.6,,
2026-09-23T12:00:18.996Z,X3843071,8638,44.24427,7.98514,30434.1,6.0,21.5,95.3,-46.1,0.8,-1.0,RS41,403.701,8.1,-875,11,2.6,,
2026-09-23T12:00:19.996Z,X3843071,8639,44.24425,7.98540,30440.2,6.3,20.0,99.1,-46.2,0.8,-1.0,RS41,403.701,8.4,-875,11,2.6,,
2026-09-23T12:00:20.996Z,X3843071,8640,44.24422,7.98563,30446.0,5.2,18.4,100.8,-46.2,0.8,-1.0,RS41,403.701,8.4,-875,11,2.7,,
2026-09-23T12:00:22.996Z,X3843071,8642,44.24418,7.98604,30455.7,5.3,14.9,92.9,-46.2,0.8,-1.0,RS41,403.701,7.7,-875,11,2.6,,
2026-09-23T12:00:23.996Z,X3843071,8643,44.24418,7.98622,30461.4,6.1,14.2,81.8,-46.2,0.8,-1.0,RS41,403.701,8.1,-875,11,2.6,,
2026-09-23T12:00:24.996Z,X3843071,8644,44.24421,7.98639,30466.8,4.7,14.6,73.8,-46.4,0.8,-1.0,RS41,403.701,8.1,-875,11,2.7,,
2026-09-23T12:00:25.996Z,X3843071,8645,44.24425,7.98657,30471.5,4.7,15.4,69.8,-46.5,0.8,-1.0,RS41,403.701,7.8,-875,11,2.7,,
2026-09-23T12:00:26.996Z,X3843071,8646,44.24430,7.98676,30476.8,6.0,16.1,71.2,-46.4,0.8,-1.0,RS41,403.701,7.8,-875,11,2.6,,
2026-09-23T12:00:31.996Z,X3843071,8651,44.24433,7.98784,30504.9,5.8,20.3,97.9,-46.3,0.8,-1.0,RS41,403.701,8.5,-875,11,2.7,,
2026-09-23T12:00:32.996Z,X3843071,8652,44.24431,7.98810,30510.6,5.7,20.9,98.2,-46.2,0.8,-1.0,RS41,403.701,8.5,-875,11,2.6,,
2026-09-23T12:00:33.996Z,X3843071,8653,44.24428,7.98835,30516.2,5.4,20.7,98.0,-46.2,0.8,-1.0,RS41,403.701,8.4,-875,11,2.6,,
2026-09-23T12:00:34.996Z,X3843071,8654,44.24426,7.98860,30521.9,5.9,19.7,98.6,-46.2,0.8,-1.0,RS41-SG,403.701,8.4,-875,11,2.6,,
2026-09-23T12:00:35.996Z,X3843071,8655,44.24423,7.98883,30528.1,6.6,18.1,100.1,-46.2,0.8,-1.0,RS41-SG,403.701,8.4,-875,11,2.7,,
2026-09-23T12:00:36.996Z,X3843071,8656,44.24420,7.98905,30534.2,5.6,16.6,101.4,-46.2,0.8,-1.0,RS41-SG,403.701,8.5,-875,11,2.7,,
2026-09-23T12:00:37.996Z,X3843071,8657,44.24417,7.98924,30539.5,5.0,15.1,100.4,-46.2,0.8,-1.0,RS41-SG,403.701,9.1,-875,11,2.6,,
2026-09-23T12:00:38.996Z,X3843071,8658,44.24415,7.98942,30544.8,5.6,13.8,95.8,-46.2,0.8,-1.0,RS41-SG,403.701,9.1,-875,11,2.6,,
2026-09-23T12:00:39.996Z,X3843071,8659,44.24415,7.98959,30550.6,6.0,13.4,88.3,-46.2,0.8,-1.0,RS41-SG,403.701,9.1,-875,11,2.6,,
2026-09-23T12:00:40.996Z,X3843071,8660,44.24416,7.98975,30556.4,5.4,13.6,82.0,-46.1,0.8,-1.0,RS41-SG,403.701,7.2,-875,11,2.7,,
2026-09-23T12:00:42.996Z,X3843071,8662,44.24420,7.99010,30566.4,5.3,14.4,82.5,-46.0,0.8,-1.0,RS41-SG,403.701,8.0,-875,11,2.7,,
2026-09-23T12:00:43.996Z,X3843071,8663,44.24421,7.99028,30572.0,6.0,14.5,88.2,-46.1,0.8,-1.0,RS41-SG,403.701,8.0,-875,11,2.6,,
2026-09-23T12:00:44.996Z,X3843071,8664,44.24421,7.99046,30578.0,5.9,14.7,95.2,-46.1,0.8,-1.0,RS41-SG,403.701,8.4,-875,11,2.6,,
2026-09-23T12:00:45.996Z,X3843071,8665,44.24419,7.99064,30583.3,4.6,14.9,99.7,-46.1,0.8,-1.0,RS41-SG,403.701,8.4,-875,11,2.6,,
2026-09-23T12:00:46.996Z,X3843071,8666,44.24416,7.99083,30588.1,5.0,15.2,101.6,-46.1,0.8,-1.0,RS41-SG,403.701,8.4,-875,11,2.7,,
2026-09-23T12:00:47.996Z,X3843071,8667,44.24414,7.99102,30593.6,5.9,15.6,99.7,-46.2,0.8,-1.0,RS41-SG,403.701,8.3,-875,11,2.7,,
2026-09-23T12:00:48.996Z,X3843071,8668,44.24412,7.99121,30599.7,6.3,16.0,95.1,-46.3,0.8,-1.0,RS41-SG,403.701,8.3,-875,11,2.6,,
2026-09-23T12:00:49.996Z,X3843071,8669,44.24411,7.99141,30605.4,5.1,16.1,90.6,-46.2,0.8,-1.0,RS41-SG,403.701,9.8,-875,11,2.6,,
2026-09-23T12:00:50.996Z,X3843071,8670,44.24412,7.99161,30610.0,4.3,15.7,86.3,-46.1,0.8,-1.0,RS41-SG,403.701,9.8,-875,11,2.6,,
2026-09-23T12:00:51.996Z,X3843071,8671,44.24413,7.99180,30614.6,4.7,15.0,83.0,-46.0,0.8,-1.0,RS41-SG,403.701,8.9,-875,11,2.7,,
2026-09-23T12:00:52.996Z,X3843071,8672,44.24415,7.99198,30619.8,5.8,13.9,82.8,-45.8,0.8,-1.0,RS41-SG,403.701,8.1,-875,11,2.7,,
2026-09-23T12:00:53.996Z,X3843071,8673,44.24416,7.99214,30625.7,5.9,13.0,84.3,-45.7,0.8,-1.0,RS41-SG,403.701,8.1,-875,11,2.7,,
2026-09-23T12:00:54.996Z,X3843071,8674,44.24417,7.99230,30631.4,5.3,12.7,86.3,-45.7,0.8,-1.0,RS41-SG,403.701,8.0,-875,11,2.6,,
2026-09-23T12:00:57.996Z,X3843071,8677,44.24420,7.99282,30649.2,6.2,15.3,82.8,-45.9,0.8,-1.0,RS41-SG,403.701,7.9,-875,11,2.7,,
2026-09-23T12:00:58.996Z,X3843071,8678,44.24422,7.99301,30654.5,4.5,16.2,81.9,-46.0,0.8,-1.0,RS41-SG,403.701,7.9,-875,11,2.7,,
2026-09-23T12:00:59.996Z,X3843071,8679,44.24424,7.99321,30659.1,4.7,16.7,83.1,-46.0,0.8,-1.0,RS41-SG,403.701,7.6,-875,11,2.6,,
2026-09-23T12:01:00.996Z,X3843071,8680,44.24425,7.99342,30664.3,5.6,16.6,86.3,-46.0,0.8,-1.0,RS41-SG,403.701,7.8,-875,11,2.6,,
2026-09-23T12:01:01.996Z,X3843071,8681,44.24425,7.99362,30670.3,6.3,15.8,90.8,-45.9,0.8,-1.0,RS41-SG,403.701,8.6,-875,11,2.6,,
2026-09-23T12:01:02.996Z,X3843071,8682,44.24425,7.99381,30676.2,5.6,14.8,93.7,-45.8,0.8,-1.0,RS41-SG,403.701,8.6,-875,11,2.7,,
2026-09-23T12:01:03.996Z,X3843071,8683,44.24424,7.99399,30681.4,4.7,13.8,94.1,-45.7,0.7,-1.0,RS41-SG,403.701,10.2,-875,11,2.7,,
2026-09-23T12:01:04.996Z,X3843071,8684,44.24424,7.99415,30686.2,5.0,12.9,90.0,-45.5,0.7,-1.0,RS41-SG,403.701,10.2,-875,11,2.7,,
2026-09-23T12:01:05.996Z,X3843071,8685,44.24424,7.99431,30691.7,5.9,12.5,82.3,-45.5,0.7,-1.0,RS41-SG,403.701,9.1,-875,11,2.6,,
2026-09-23T12:01:06.996Z,X3843071,8686,44.24427,7.99447,30697.8,6.2,13.0,74.3,-45.5,0.7,-1.0,RS41-SG,403.701,8.7,-875,11,2.6,,
2026-09-23T12:01:07.996Z,X3843071,8687,44.24430,7.99462,30703.5,5.2,13.8,69.7,-45.6,0.7,-1.0,RS41-SG,403.701,9.3,-875,11,2.6,,
2026-09-23T12:01:08.996Z,X3843071,8688,44.24435,7.99479,30708.2,4.3,14.5,67.9,-45.7,0.7,-1.0,RS41-SG,403.701,9.3,-875,11,2.7,,
2026-09-23T12:01:09.996Z,X3843071,8689,44.24440,7.99496,30712.7,4.8,14.7,70.0,-45.7,0.8,-1.0,RS41-SG,403.701,8.9,-875,11,2.7,,
2026-09-23T12:01:10.996Z,X3843071,8690,44.24443,7.99513,30718.1,6.1,14.5,76.3,-45.6,0.8,-1.0,RS41-SG,403.701,8.9,-875,11,2.6,,
2026-09-23T12:01:11.996Z,X3843071,8691,44.24446,7.99531,30724.2,6.1,14.2,83.7,-45.6,0.8,-1.0,RS41-SG,403.701,7.8,-875,11,2.6,,
2026-09-23T12:01:12.996Z,X3843071,8692,44.24446,7.99549,30729.6,4.6,14.2,89.9,-45.7,0.8,-1.0,RS41-SG,403.701,8.2,-875,11,2.7,,
2026-09-23T12:01:13.996Z,X3843071,8693,44.24446,7.99567,30734.3,4.9,14.9,94.0,-45.7,0.7,-1.0,RS41-SG,403.701,8.2,-875,11,2.7,,
2026-09-23T12:01:14.996Z,X3843071,8694,44.24445,7.99586,30739.8,6.0,15.9,94.1,-45.8,0.8,-1.0,RS41-SG,403.701,8.0,-875,11,2.6,,
2026-09-23T12:01:15.996Z,X3843071,8695,44.24444,7.99606,30746.1,6.5,16.9,90.9,-45.9,0.8,-1.0,RS41-SG,403.701,7.6,-875,11,2.6,,
2026-09-23T12:01:16.996Z,X3843071,8696,44.24444,7.99628,30751.9,5.2,17.3,87.2,-45.9,0.8,-1.0,RS41-SG,403.701,7.5,-875,11,2.6,,
2026-09-23T12:01:17.996Z,X3843071,8697,44.24446,7.99649,30757.0,4.9,17.2,83.4,-45.9,0.8,-1.0,RS41-SG,403.701,7.5,-875,11,2.7,,
2026-09-23T12:01:18.996Z,X3843071,8698,44.24448,7.99670,30762.2,5.6,16.4,79.9,-46.0,0.8,-1.0,RS41-SG,403.701,8.8,-875,11,2.7,,
2026-09-23T12:01:19.996Z,X3843071,8699,44.24451,7.99689,30768.1,6.4,15.1,77.4,-46.1,0.8,-1.0,RS41-SG,403.701,8.8,-875,11,2.7,,
2026-09-23T12:01:20.996Z,X3843071,8700,44.24454,7.99706,30774.1,5.5,13.8,75.9,-46.0,0.8,-1.0,RS41-SG,403.701,8.8,-875,11,2.6,,
2026-09-23T12:01:21.996Z,X3843071,8701,44.24457,7.99723,30779.2,4.8,13.1,74.2,-45.9,0.7,-1.0,RS41-SG,403.701,8.9,-875,11,2.6,,
2026-09-23T12:01:22.996Z,X3843071,8702,44.24460,7.99738,30784.5,5.7,13.4,71.6,-45.8,0.8,-1.0,RS41-SG,403.701,8.9,-875,11,2.6,,
2026-09-23T12:01:23.996Z,X3843071,8703,44.24464,7.99755,30790.6,6.6,14.4,69.4,-45.8,0.7,-1.0,RS41-SG,403.701,8.6,-875,11,2.7,,
2026-09-23T12:01:24.996Z,X3843071,8704,44.24469,7.99772,30796.7,5.5,15.7,69.2,-45.8,0.8,-1.0,RS41-SG,403.701,8.3,-875,11,2.7,,
2026-09-23T12:01:27.996Z,X3843071,8707,44.24482,7.99833,30812.7,6.3,17.8,80.7,-46.0,0.8,-1.0,RS41-SG,403.701,8.3,-875,11,2.6,,
2026-09-23T12:01:28.996Z,X3843071,8708,44.24484,7.99855,30818.6,5.5,17.6,85.0,-46.0,0.8,-1.0,RS41-SG,403.701,8.7,-875,11,2.7,,
2026-09-23T12:01:29.996Z,X3843071,8709,44.24485,7.99877,30823.8,5.0,17.5,87.3,-45.9,0.7,-1.0,RS41-SG,403.701,8.7,-875,11,2.7,,
2026-09-23T12:01:30.996Z,X3843071,8710,44.24486,7.99899,30829.2,5.7,17.4,86.5,-45.9,0.8,-1.0,RS41-SG,403.701,8.2,-875,11,2.7,,
2026-09-23T12:01:31.996Z,X3843071,8711,44.24487,7.99920,30835.2,6.4,17.3,82.2,-45.9,0.8,-1.0,RS41-SG,403.701,8.9,-875,11,2.6,,
2026-09-23T12:01:32.996Z,X3843071,8712,44.24490,7.99942,30841.5,6.1,17.3,76.4,-46.0,0.8,-1.0,RS41-SG,403.701,8.9,-875,11,2.6,,
2026-09-23T12:01:33.996Z,X3843071,8713,44.24494,7.99962,30846.8,4.7,16.9,70.8,-46.1,0.8,-1.0,RS41-SG,403.701,8.1,-875,11,2.6,,
2026-09-23T12:01:34.996Z,X3843071,8714,44.24500,7.99981,30851.5,4.6,15.9,65.7,-46.0,0.8,-1.0,RS41-SG,403.701,8.2,-875,11,2.7,,
2026-09-23T12:01:35.996Z,X3843071,8715,44.24506,7.99998,30856.5,5.5,14.3,61.1,-45.8,0.8,-1.0,RS41-SG,403.701,8.2,-875,11,2.7,,
2026-09-23T12:01:36.996Z,X3843071,8716,44.24512,8.00012,30862.3,6.0,12.5,60.2,-45.8,0.8,-1.0,RS41-SG,403.701,8.2,-875,11,2.6,,
2026-09-23T12:01:42.996Z,X3843071,8722,44.24533,8.00114,30897.1,5.1,20.6,81.8,-45.6,0.7,-1.0,RS41-SG,403.701,7.8,-875,11,2.6,,
2026-09-23T12:01:43.996Z,X3843071,8723,44.24536,8.00141,30901.8,4.2,22.3,83.6,-45.4,0.7,-1.0,RS41-SG,403.701,8.7,-875,11,2.7,,
2026-09-23T12:01:44.996Z,X3843071,8724,44.24538,8.00169,30906.1,4.4,22.9,85.6,-45.2,0.7,-1.0,RS41-SG,403.701,8.7,-875,11,2.7,,
2026-09-23T12:01:45.996Z,X3843071,8725,44.24539,8.00196,30911.1,5.7,22.0,87.2,-45.2,0.7,-1.0,RS41-SG,403.701,7.9,-875,11,2.7,,
2026-09-23T12:01:46.996Z,X3843071,8726,44.24540,8.00222,30917.2,6.5,19.6,87.8,-45.4,0.7,-1.0,RS41-SG,403.701,7.9,-875,11,2.6,,
2026-09-23T12:01:47.996Z,X3843071,8727,44.24540,8.00245,30923.6,6.2,16.8,86.8,-45.5,0.7,-1.0,RS41-SG,403.701,8.2,-875,11,2.6,,
2026-09-23T12:01:48.996Z,X3843071,8728,44.24542,8.00264,30929.0,4.7,14.4,82.7,-45.4,0.8,-1.0,RS41-SG,403.701,8.2,-875,11,2.6,,
2026-09-23T12:01:49.996Z,X3843071,8729,44.24544,8.00281,30933.5,4.2,12.6,74.4,-45.4,0.7,-1.0,RS41-SG,403.701,7.9,-875,11,2.7,,
2026-09-23T12:01:56.996Z,X3843071,8736,44.24592,8.00399,30970.6,6.4,17.2,69.9,-45.3,0.7,-1.0,RS41-SG,403.701,7.5,-875,11,2.7,,
2026-09-23T12:01:58.996Z,X3843071,8738,44.24600,8.00438,30982.0,4.4,15.8,80.8,-45.1,0.7,-1.0,RS41-SG,403.701,7.8,-875,11,2.6,,
2026-09-23T12:02:12.996Z,X3843071,8752,44.24666,8.00712,31060.7,6.0,17.2,77.6,-44.8,0.7,-1.0,RS41-SG,403.701,7.8,-875,11,2.6,,
2026-09-23T12:02:17.996Z,X3843071,8757,44.24676,8.00814,31089.2,6.7,17.1,80.6,-44.6,0.7,-1.0,RS41-SG,403.701,7.1,-875,11,2.6,,
2026-09-23T12:02:20.996Z,X3843071,8760,44.24687,8.00877,31106.9,5.8,16.8,72.1,-44.6,0.7,-1.0,RS41-SG,403.701,7.0,-875,11,2.7,,
2026-09-23T12:02:25.996Z,X3843071,8765,44.24709,8.00960,31136.6,6.9,14.3,76.1,-44.8,0.7,-1.0,RS41-SG,403.701,7.6,-875,11,2.6,,
2026-09-23T12:02:27.996Z,X3843071,8767,44.24714,8.00998,31147.9,4.6,16.8,84.2,-44.7,0.7,-1.0,RS41-SG,403.701,8.1,-875,11,2.7,,
2026-09-23T12:02:28.996Z,X3843071,8768,44.24715,8.01019,31152.9,5.5,17.2,88.0,-44.7,0.7,-1.0,RS41-SG,403.701,8.9,-875,11,2.6,,
2026-09-23T12:02:29.996Z,X3843071,8769,44.24715,8.01041,31158.9,6.5,16.8,90.4,-44.8,0.7,-1.0,RS41-SG,403.701,8.9,-875,11,2.6,,
2026-09-23T12:02:30.996Z,X3843071,8770,44.24715,8.01061,31164.9,5.6,15.9,91.2,-44.8,0.7,-1.0,RS41-SG,403.701,8.0,-875,11,2.7,,
2026-09-23T12:02:31.996Z,X3843071,8771,44.24715,8.01080,31170.2,5.0,15.3,90.1,-44.8,0.7,-1.0,RS41-SG,403.701,8.0,-875,11,2.7,,
2026-09-23T12:02:32.996Z,X3843071,8772,44.24715,8.01099,31175.4,5.3,15.1,87.4,-44.8,0.7,-1.0,RS41-SG,403.701,8.5,-875,11,2.6,,
2026-09-23T12:02:33.996Z,X3843071,8773,44.24716,8.01118,31181.1,6.0,15.5,84.0,-44.8,0.7,-1.0,RS41-SG,403.701,8.5,-875,11,2.6,,
2026-09-23T12:02:34.996Z,X3843071,8774,44.24718,8.01138,31187.3,6.3,16.1,81.1,-44.8,0.8,-1.0,RS41-SG,403.701,8.2,-875,11,2.6,,
2026-09-23T12:02:35.996Z,X3843071,8775,44.24720,8.01158,31193.0,5.1,16.4,79.7,-44.7,0.8,-1.0,RS41-SG,403.701,7.8,-875,11,2.7,,
2026-09-23T12:02:36.996Z,X3843071,8776,44.24723,8.01177,31198.1,5.0,16.0,79.2,-44.6,0.7,-1.0,RS41-SG,403.701,7.8,-875,11,2.7,,
2026-09-23T12:02:37.996Z,X3843071,8777,44.24725,8.01196,31203.5,5.7,14.8,80.3,-44.6,0.7,-1.0,RS41-SG,403.701,7.6,-875,11,2.7,,
2026-09-23T12:02:39.996Z,X3843071,8779,44.24728,8.01229,31215.5,5.8,11.7,88.4,-44.7,0.8,-1.0,RS41-SG,403.701,7.6,-875,11,2.6,,
2026-09-23T12:02:40.996Z,X3843071,8780,44.24728,8.01243,31220.8,4.8,11.0,93.9,-44.7,0.8,-1.0,RS41-SG,403.701,7.6,-875,11,2.6,,
2026-09-23T12:02:41.996Z,X3843071,8781,44.24727,8.01257,31225.7,4.9,11.4,98.0,-44.7,0.7,-1.0,RS41-SG,403.701,7.5,-875,11,2.7,,
2026-09-23T12:02:44.996Z,X3843071,8784,44.24722,8.01310,31243.2,5.6,17.3,94.8,-44.8,0.8,-1.0,RS41-SG,403.701,7.7,-875,11,2.6,,
2026-09-23T12:02:45.996Z,X3843071,8785,44.24721,8.01332,31248.5,4.9,18.8,91.9,-45.0,0.7,-1.0,RS41-SG,403.701,7.8,-875,11,2.7,,
2026-09-23T12:02:46.996Z,X3843071,8786,44.24721,8.01356,31253.8,5.7,19.1,88.3,-45.0,0.8,-1.0,RS41-SG,403.701,8.0,-875,11,2.7,,
2026-09-23T12:02:47.996Z,X3843071,8787,44.24722,8.01379,31260.1,7.0,18.0,84.2,-45.0,0.7,-1.0,RS41-SG,403.701,8.7,-875,11,2.6,,
2026-09-23T12:02:48.996Z,X3843071,8788,44.24724,8.01400,31266.6,6.1,16.2,80.5,-44.9,0.7,-1.0,RS41-SG,403.701,8.7,-875,11,2.6,,
2026-09-23T12:02:49.996Z,X3843071,8789,44.24727,8.01419,31271.9,4.4,14.6,77.9,-44.8,0.7,-1.0,RS41-SG,403.701,8.4,-875,11,2.6,,
2026-09-23T12:02:50.996Z,X3843071,8790,44.24729,8.01435,31276.5,4.8,12.9,76.6,-44.7,0.7,-1.0,RS41-SG,403.701,8.3,-875,11,2.7,,
2026-09-23T12:02:51.996Z,X3843071,8791,44.24732,8.01451,31281.9,6.0,12.1,78.3,-44.7,0.7,-1.0,RS41-SG,403.701,8.7,-875,11,2.7,,
2026-09-23T12:02:52.996Z,X3843071,8792,44.24734,8.01465,31288.2,6.5,12.0,82.3,-44.8,0.7,-1.0,RS41-SG,403.701,8.7,-875,11,2.7,,
2026-09-23T12:02:53.996Z,X3843071,8793,44.24735,8.01480,31294.1,5.3,12.2,87.0,-44.8,0.7,-1.0,RS41-SG,403.701,8.6,-875,11,2.6,,
2026-09-23T12:02:54.996Z,X3843071,8794,44.24735,8.01496,31299.3,5.3,12.2,90.4,-44.9,0.7,-1.0,RS41-SG,403.701,7.8,-875,10,2.6,,
2026-09-23T12:02:55.996Z,X3843071,8795,44.24735,8.01511,31304.9,5.9,12.1,93.3,-45.0,0.8,-1.0,RS41-SG,403.701,8.4,-875,11,2.6,,
2026-09-23T12:02:56.996Z,X3843071,8796,44.24734,8.01526,31311.1,6.5,11.8,93.7,-45.1,0.8,-1.0,RS41-SG,403.701,8.4,-875,11,2.7,,
2026-09-23T12:02:57.996Z,X3843071,8797,44.24733,8.01540,31317.1,5.6,12.0,92.1,-45.2,0.8,-1.0,RS41-SG,403.701,8.4,-875,11,2.7,,
2026-09-23T12:02:58.996Z,X3843071,8798,44.24733,8.01556,31322.7,5.7,12.9,88.9,-45.3,0.8,-1.0,RS41-SG,403.701,7.2,-875,11,2.6,,
2026-09-23T12:03:00.996Z,X3843071,8800,44.24735,8.01592,31334.3,5.8,16.6,84.8,-45.3,0.8,-1.0,RS41-SG,403.701,7.6,-875,11,2.6,,
2026-09-23T12:03:01.996Z,X3843071,8801,44.24736,8.01614,31340.1,5.8,18.3,83.8,-45.4,0.8,-1.0,RS41-SG,403.701,7.6,-875,11,2.7,,
2026-09-23T12:03:02.996Z,X3843071,8802,44.24738,8.01637,31345.5,5.0,19.1,83.2,-45.3,0.7,-1.0,RS41-SG,403.701,8.2,-875,11,2.7,,
2026-09-23T12:03:03.996Z,X3843071,8803,44.24741,8.01661,31350.7,5.3,18.6,82.1,-45.1,0.7,-1.0,RS41-SG,403.701,8.2,-875,11,2.7,,
2026-09-23T12:03:12.996Z,X3843071,8812,44.24748,8.01807,31402.3,4.2,17.1,95.9,-44.3,0.7,-1.0,RS41-SG,403.701,6.9,-875,10,2.7,,
2026-09-23T12:03:13.996Z,X3843071,8813,44.24746,8.01829,31406.9,5.0,18.7,94.2,-44.3,0.7,-1.0,RS41-SG,403.701,7.6,-875,10,2.6,,
2026-09-23T12:03:16.996Z,X3843071,8816,44.24746,8.01901,31424.4,5.0,19.1,87.2,-44.5,0.7,-1.0,RS41-SG,403.701,6.8,-875,11,2.7,,
2026-09-23T12:03:17.996Z,X3843071,8817,44.24747,8.01924,31429.3,5.0,18.9,86.7,-44.5,0.7,-1.0,RS41-SG,403.701,7.2,-875,11,2.7,,
2026-09-23T12:03:21.996Z,X3843071,8821,44.24748,8.02018,31452.1,5.0,18.7,93.5,-44.4,0.7,-1.0,RS41-SG,403.701,6.9,-875,11,2.6,,
2026-09-23T12:03:23.996Z,X3843071,8823,44.24745,8.02062,31463.1,6.2,16.2,94.5,-44.4,0.7,-1.0,RS41-SG,403.701,7.5,-875,11,2.7,,
2026-09-23T12:03:24.996Z,X3843071,8824,44.24744,8.02081,31469.1,5.6,15.1,93.2,-44.3,0.7,-1.0,RS41-SG,403.701,8.1,-875,11,2.6,,
2026-09-23T12:03:28.996Z,X3843071,8828,44.24745,8.02161,31493.0,5.1,18.6,87.4,-44.5,0.7,-1.0,RS41-SG,403.701,7.5,-875,11,2.6,,
2026-09-23T12:03:29.996Z,X3843071,8829,44.24746,8.02185,31498.1,5.0,19.8,86.0,-44.5,0.7,-1.0,RS41-SG,403.701,8.0,-875,11,2.6,,
2026-09-23T12:03:30.996Z,X3843071,8830,44.24747,8.02210,31503.5,5.9,20.1,84.5,-44.4,0.7,-1.0,RS41-SG,403.701,8.3,-875,11,2.6,,
2026-09-23T12:03:31.996Z,X3843071,8831,44.24749,8.02234,31509.8,6.7,19.3,82.8,-44.3,0.7,-1.0,RS41-SG,403.701,8.3,-875,11,2.7,,
2026-09-23T12:03:34.996Z,X3843071,8834,44.24755,8.02300,31526.2,5.4,16.5,85.4,-44.4,0.7,-1.0,RS41-SG,403.701,7.2,-875,11,2.6,,
2026-09-23T12:03:36.996Z,X3843071,8836,44.24755,8.02341,31538.1,6.3,16.7,93.1,-44.3,0.7,-1.0,RS41-SG,403.701,7.4,-875,11,2.6,,
2026-09-23T12:03:37.996Z,X3843071,8837,44.24754,8.02362,31543.9,5.1,16.8,95.3,-44.2,0.7,-1.0,RS41-SG,403.701,7.4,-875,11,2.7,,
2026-09-23T12:03:39.996Z,X3843071,8839,44.24752,8.02403,31554.4,5.5,15.9,92.4,-44.1,0.7,-1.0,RS41-SG,403.701,7.7,-875,11,2.6,,
2026-09-23T12:03:40.996Z,X3843071,8840,44.24752,8.02422,31560.3,6.2,15.4,87.0,-44.3,0.7,-1.0,RS41-SG,403.701,7.7,-875,11,2.6,,
2026-09-23T12:03:42.996Z,X3843071,8842,44.24756,8.02461,31572.0,5.2,16.4,76.6,-44.4,0.7,-1.0,RS41-SG,403.701,7.6,-875,11,2.7,,
2026-09-23T12:03:47.996Z,X3843071,8847,44.24772,8.02589,31599.7,4.8,23.9,87.9,-43.9,0.7,-1.0,RS41-SG,403.701,7.4,-875,11,2.7,,
2026-09-23T12:03:48.996Z,X3843071,8848,44.24772,8.02618,31604.7,5.3,23.0,91.6,-43.9,0.7,-1.0,RS41-SG,403.701,7.8,-875,11,2.7,,
2026-09-23T12:03:49.996Z,X3843071,8849,44.24771,8.02645,31610.1,5.7,20.9,94.5,-43.9,0.7,-1.0,RS41-SG,403.701,8.8,-875,11,2.6,,
2026-09-23T12:03:50.996Z,X3843071,8850,44.24769,8.02669,31615.8,5.7,18.2,95.7,-44.0,0.7,-1.0,RS41-SG,403.701,8.8,-875,11,2.6,,
2026-09-23T12:03:51.996Z,X3843071,8851,44.24768,8.02690,31621.4,5.4,15.6,95.5,-44.1,0.7,-1.0,RS41-SG,403.701,8.7,-875,11,2.6,,
2026-09-23T12:03:52.996Z,X3843071,8852,44.24767,8.02709,31626.6,5.0,13.7,93.0,-44.1,0.7,-1.0,RS41-SG,403.701,9.4,-875,11,2.7,,
2026-09-23T12:03:56.996Z,X3843071,8856,44.24770,8.02783,31649.3,6.3,19.5,84.3,-44.2,0.7,-1.0,RS41-SG,403.701,7.2,-875,11,2.7,,
2026-09-23T12:03:57.996Z,X3843071,8857,44.24772,8.02809,31654.7,4.5,21.9,85.5,-44.2,0.7,-1.0,RS41-SG,403.701,7.9,-875,11,2.7,,
2026-09-23T12:03:58.996Z,X3843071,8858,44.24773,8.02837,31659.0,4.0,23.4,86.8,-44.2,0.7,-1.0,RS41-SG,403.701,8.2,-875,11,2.6,,
2026-09-23T12:03:59.996Z,X3843071,8859,44.24774,8.02867,31663.6,5.2,24.0,88.2,-44.1,0.7,-1.0,RS41-SG,403.701,8.2,-875,11,2.6,,
2026-09-23T12:04:00.996Z,X3843071,8860,44.24775,8.02896,31669.6,6.7,23.0,89.1,-44.1,0.7,-1.0,RS41-SG,403.701,7.3,-875,11,2.6,,
2026-09-23T12:04:01.996Z,X3843071,8861,44.24775,8.02924,31676.2,6.5,21.2,89.3,-44.0,0.7,-1.0,RS41-SG,403.701,7.3,-875,11,2.7,,
2026-09-23T12:04:02.996Z,X3843071,8862,44.24775,8.02949,31681.9,4.9,19.6,90.3,-44.1,0.7,-1.0,RS41-SG,403.701,7.4,-875,11,2.7,,
2026-09-23T12:04:08.996Z,X3843071,8868,44.24768,8.03085,31714.8,5.3,19.5,93.7,-43.8,0.7,-1.0,RS41-SG,403.701,7.9,-875,11,2.7,,
2026-09-23T12:04:09.996Z,X3843071,8869,44.24767,8.03110,31720.5,6.1,19.6,91.1,-43.9,0.7,-1.0,RS41-SG,403.701,7.9,-875,11,2.6,,
2026-09-23T12:04:10.996Z,X3843071,8870,44.24767,8.03134,31726.6,6.0,19.3,88.7,-43.9,0.7,-1.0,RS41-SG,403.701,8.8,-875,11,2.6,,
2026-09-23T12:04:11.996Z,X3843071,8871,44.24768,8.03158,31732.1,5.2,19.2,87.1,-44.0,0.7,-1.0,RS41-SG,403.701,8.8,-875,11,2.7,,
2026-09-23T12:04:16.996Z,X3843071,8876,44.24765,8.03288,31761.0,5.5,22.3,98.0,-43.8,0.7,-1.0,RS41-SG,403.701,7.5,-875,11,2.7,,
2026-09-23T12:04:17.996Z,X3843071,8877,44.24762,8.03315,31766.6,5.5,21.6,100.4,-43.8,0.7,-1.0,RS41-SG,403.701,8.8,-875,11,2.7,,
2026-09-23T12:04:18.996Z,X3843071,8878,44.24759,8.03340,31772.2,5.8,20.0,102.0,-43.8,0.6,-1.0,RS41-SG,403.701,8.8,-875,11,2.7,,
2026-09-23T12:04:19.996Z,X3843071,8879,44.24755,8.03363,31778.2,6.0,18.2,103.1,-43.7,0.7,-1.0,RS41-SG,403.701,8.0,-875,11,2.6,,
2026-09-23T12:04:20.996Z,X3843071,8880,44.24751,8.03385,31784.0,5.7,16.8,103.9,-43.6,0.7,-1.0,RS41-SG,403.701,8.0,-875,10,2.6,,
2026-09-23T12:04:21.996Z,X3843071,8881,44.24748,8.03404,31789.4,4.9,16.1,104.3,-43.5,0.7,-1.0,RS41-SG,403.701,7.9,-875,11,2.6,,
2026-09-23T12:04:24.996Z,X3843071,8884,44.24737,8.03468,31805.9,6.3,20.3,100.7,-43.6,0.6,-1.0,RS41-SG,403.701,7.0,-875,11,2.6,,
2026-09-23T12:04:25.996Z,X3843071,8885,44.24734,8.03495,31812.0,5.8,22.4,99.2,-43.7,0.7,-1.0,RS41-SG,403.701,8.2,-875,11,2.6,,
2026-09-23T12:04:26.996Z,X3843071,8886,44.24730,8.03523,31817.1,4.4,23.7,98.4,-43.7,0.7,-1.0,RS41-SG,403.701,8.5,-875,11,2.7,,
2026-09-23T12:04:27.996Z,X3843071,8887,44.24727,8.03552,31821.8,5.1,23.9,98.0,-43.6,0.7,-1.0,RS41-SG,403.701,8.5,-875,11,2.7,,
2026-09-23T12:04:28.996Z,X3843071,8888,44.24724,8.03581,31827.5,6.3,22.7,98.5,-43.6,0.6,-1.0,RS41-SG,403.701,8.5,-875,11,2.6,,
2026-09-23T12:04:29.996Z,X3843071,8889,44.24721,8.03608,31834.1,6.9,20.5,99.6,-43.5,0.7,-1.0,RS41-SG,403.701,8.4,-875,11,2.6,,
2026-09-23T12:04:30.996Z,X3843071,8890,44.24718,8.03631,31840.1,5.2,18.4,101.2,-43.5,0.6,-1.0,RS41-SG,403.701,8.3,-875,11,2.6,,
2026-09-23T12:04:31.996Z,X3843071,8891,44.24715,8.03653,31845.0,4.4,16.7,103.1,-43.5,0.6,-1.0,RS41-SG,403.701,8.3,-875,11,2.7,,
2026-09-23T12:04:33.996Z,X3843071,8893,44.24707,8.03691,31855.4,6.4,15.9,106.6,-43.6,0.7,-1.0,RS41-SG,403.701,7.5,-875,11,2.7,,
2026-09-23T12:04:34.996Z,X3843071,8894,44.24703,8.03711,31861.8,6.3,17.0,106.6,-43.6,0.7,-1.0,RS41-SG,403.701,7.5,-875,11,2.6,,
2026-09-23T12:04:35.996Z,X3843071,8895,44.24699,8.03732,31867.6,5.4,18.1,106.6,-43.6,0.7,-1.0,RS41-SG,403.701,7.7,-875,11,2.6,,
2026-09-23T12:04:36.996Z,X3843071,8896,44.24694,8.03754,31872.9,5.2,19.0,107.3,-43.5,0.7,-1.0,RS41-SG,403.701,7.7,-875,11,2.6,,
2026-09-23T12:04:37.996Z,X3843071,8897,44.24689,8.03777,31878.3,5.6,19.4,108.1,-43.6,0.7,-1.0,RS41-SG,403.701,7.6,-875,11,2.7,,
2026-09-23T12:04:38.996Z,X3843071,8898,44.24683,8.03799,31884.5,6.6,19.4,108.7,-43.8,0.7,-1.0,RS41-SG,403.701,7.2,-875,11,2.7,,
2026-09-23T12:04:39.996Z,X3843071,8899,44.24678,8.03822,31890.9,6.2,19.1,109.6,-43.8,0.7,-1.0,RS41-SG,403.701,7.8,-875,11,2.6,,
2026-09-23T12:04:40.996Z,X3843071,8900,44.24672,8.03844,31896.3,4.7,19.0,109.2,-43.8,0.7,-1.0,RS41-SG,403.701,7.9,-875,11,2.6,,
2026-09-23T12:04:41.996Z,X3843071,8901,44.24666,8.03867,31901.0,4.9,19.4,108.8,-43.8,0.7,-1.0,RS41-SG,403.701,7.9,-875,11,2.7,,
2026-09-23T12:04:42.996Z,X3843071,8902,44.24661,8.03890,31906.4,5.9,20.2,108.3,-43.7,0.7,-1.0,RS41-SG,403.701,7.3,-875,10,2.7,,
2026-09-23T12:04:43.996Z,X3843071,8903,44.24655,8.03915,31912.5,6.3,21.2,108.0,-43.8,0.7,-1.0,RS41-SG,403.701,6.9,-875,11,2.6,,
2026-09-23T12:04:44.996Z,X3843071,8904,44.24649,8.03940,31918.2,5.1,21.8,108.4,-43.9,0.7,-1.0,RS41-SG,403.701,6.7,-875,11,2.6,,
2026-09-23T12:04:45.996Z,X3843071,8905,44.24643,8.03966,31923.6,5.7,21.4,110.2,-44.0,0.7,-1.0,RS41-SG,403.701,7.2,-875,11,2.6,,
2026-09-23T12:04:46.996Z,X3843071,8906,44.24636,8.03990,31929.6,6.3,20.1,112.7,-44.1,0.7,-1.0,RS41-SG,403.701,7.8,-875,11,2.7,,
2026-09-23T12:04:47.996Z,X3843071,8907,44.24629,8.04012,31935.9,6.3,18.0,116.1,-44.1,0.7,-1.0,RS41-SG,403.701,7.8,-875,11,2.7,,
2026-09-23T12:04:48.996Z,X3843071,8908,44.24622,8.04030,31942.0,5.8,16.1,119.8,-44.0,0.7,-1.0,RS41-SG,403.701,7.7,-875,11,2.7,,
2026-09-23T12:04:49.996Z,X3843071,8909,44.24615,8.04047,31947.3,5.0,14.4,122.6,-43.8,0.7,-1.0,RS41-SG,403.701,8.4,-875,11,2.6,,
2026-09-23T12:04:50.996Z,X3843071,8910,44.24608,8.04061,31952.2,4.8,13.3,122.6,-43.7,0.7,-1.0,RS41-SG,403.701,8.4,-875,11,2.6,,
2026-09-23T12:04:51.996Z,X3843071,8911,44.24602,8.04075,31957.3,5.3,12.8,117.9,-43.6,0.7,-1.0,RS41-SG,403.701,7.6,-875,11,2.6,,
2026-09-23T12:04:52.996Z,X3843071,8912,44.24597,8.04090,31962.9,5.9,13.1,109.7,-43.6,0.7,-1.0,RS41-SG,403.701,7.6,-875,11,2.7,,
2026-09-23T12:04:54.996Z,X3843071,8914,44.24592,8.04125,31974.8,5.8,16.3,96.7,-43.6,0.6,-1.0,RS41-SG,403.701,6.6,-875,11,2.7,,
2026-09-23T12:04:55.996Z,X3843071,8915,44.24590,8.04146,31980.3,5.1,17.7,95.3,-43.5,0.6,-1.0,RS41-SG,403.701,6.9,-875,11,2.6,,
2026-09-23T12:04:56.996Z,X3843071,8916,44.24589,8.04169,31985.4,4.9,18.3,96.7,-43.3,0.6,-1.0,RS41-SG,403.701,7.7,-875,11,2.6,,
2026-09-23T12:04:57.996Z,X3843071,8917,44.24586,8.04191,31990.8,5.8,17.8,100.9,-43.2,0.6,-1.0,RS41-SG,403.701,7.7,-875,11,2.6,,
2026-09-23T12:04:58.996Z,X3843071,8918,44.24582,8.04212,31996.9,6.4,16.6,108.0,-43.2,0.6,-1.0,RS41-SG,403.701,7.7,-875,11,2.6,,
2026-09-23T12:04:59.996Z,X3843071,8919,44.24577,8.04230,32003.2,6.2,15.4,117.6,-43.1,0.6,-1.0,RS41-SG,403.701,7.5,-875,11,2.7,,
2026-09-23T12:05:00.996Z,X3843071,8920,44.24570,8.04246,32008.4,4.3,14.6,125.6,-42.9,0.6,-1.0,RS41-SG,403.701,7.9,-875,11,2.7,,
2026-09-23T12:05:03.996Z,X3843071,8923,44.24546,8.04286,32023.2,6.8,13.7,124.9,-42.7,0.6,-1.0,RS41-SG,403.701,7.3,-875,11,2.6,,
2026-09-23T12:05:04.996Z,X3843071,8924,44.24540,8.04301,32029.9,6.6,14.1,114.9,-42.8,0.6,-1.0,RS41-SG,403.701,7.5,-875,11,2.6,,
2026-09-23T12:05:05.996Z,X3843071,8925,44.24535,8.04318,32035.8,5.2,14.7,106.3,-42.8,0.6,-1.0,RS41-SG,403.701,8.5,-875,11,2.7,,
2026-09-23T12:05:06.996Z,X3843071,8926,44.24532,8.04336,32040.8,4.8,15.4,99.0,-42.9,0.6,-1.0,RS41-SG,403.701,8.9,-875,11,2.7,,
2026-09-23T12:05:07.996Z,X3843071,8927,44.24531,8.04356,32045.6,4.9,15.6,94.1,-43.0,0.6,-1.0,RS41-SG,403.701,8.9,-875,11,2.7,,
2026-09-23T12:05:08.996Z,X3843071,8928,44.24530,8.04375,32051.0,5.9,15.1,92.1,-43.0,0.6,-1.0,RS41-SG,403.701,8.6,-875,11,2.6,,
2026-09-23T12:05:09.996Z,X3843071,8929,44.24530,8.04393,32056.9,5.9,14.2,92.2,-43.0,0.7,-1.0,RS41-SG,403.701,8.1,-875,10,2.6,,
2026-09-23T12:05:10.996Z,X3843071,8930,44.24529,8.04410,32062.5,5.1,13.3,93.6,-42.9,0.6,-1.0,RS41-SG,403.701,8.9,-875,11,2.6,,
2026-09-23T12:05:11.996Z,X3843071,8931,44.24528,8.04426,32067.3,4.5,12.9,95.7,-42.9,0.6,-1.0,RS41-SG,403.701,8.9,-875,11,2.7,,
2026-09-23T12:05:12.996Z,X3843071,8932,44.24527,8.04442,32072.1,5.0,12.9,97.7,-42.7,0.6,-1.0,RS41-SG,403.701,7.8,-875,11,2.7,,
2026-09-23T12:05:13.996Z,X3843071,8933,44.24525,8.04459,32077.7,6.1,13.8,98.9,-42.7,0.6,-1.0,RS41-SG,403.701,7.8,-875,11,2.6,,
2026-09-23T12:05:14.996Z,X3843071,8934,44.24523,8.04476,32083.8,6.2,14.9,100.1,-42.6,0.6,-1.0,RS41-SG,403.701,7.4,-875,11,2.6,,
2026-09-23T12:05:15.996Z,X3843071,8935,44.24520,8.04495,32089.5,5.0,15.7,101.3,-42.7,0.6,-1.0,RS41-SG,403.701,7.4,-875,11,2.7,,
2026-09-23T12:05:16.996Z,X3843071,8936,44.24517,8.04514,32094.5,5.2,16.0,103.0,-42.7,0.6,-1.0,RS41-SG,403.701,8.5,-875,11,2.7,,
2026-09-23T12:05:17.996Z,X3843071,8937,44.24514,8.04533,32100.1,5.9,15.6,105.6,-42.6,0.6,-1.0,RS41-SG,403.701,8.7,-875,11,2.6,,
2026-09-23T12:05:18.996Z,X3843071,8938,44.24510,8.04551,32106.2,6.5,14.5,108.3,-42.5,0.6,-1.0,RS41-SG,403.701,8.7,-875,11,2.6,,
2026-09-23T12:05:19.996Z,X3843071,8939,44.24506,8.04568,32112.3,5.6,13.4,109.8,-42.4,0.6,-1.0,RS41-SG,403.701,8.2,-875,11,2.6,,
2026-09-23T12:05:20.996Z,X3843071,8940,44.24502,8.04583,32117.6,5.1,12.5,108.7,-42.4,0.6,-1.0,RS41-SG,403.701,8.2,-875,11,2.7,,
2026-09-23T12:05:21.996Z,X3843071,8941,44.24499,8.04598,32123.0,5.5,12.1,103.3,-42.4,0.6,-1.0,RS41-SG,403.701,8.1,-875,11,2.7,,
2026-09-23T12:05:22.996Z,X3843071,8942,44.24497,8.04613,32128.6,5.9,12.5,95.3,-42.4,0.6,-1.0,RS41-SG,403.701,8.1,-875,11,2.7,,
2026-09-23T12:05:23.996Z,X3843071,8943,44.24497,8.04629,32134.6,6.1,13.8,87.7,-42.5,0.6,-1.0,RS41-SG,403.701,8.4,-875,11,2.6,,
2026-09-23T12:05:24.996Z,X3843071,8944,44.24498,8.04647,32140.3,5.3,14.9,83.6,-42.7,0.6,-1.0,RS41-SG,403.701,8.4,-875,11,2.6,,
2026-09-23T12:05:25.996Z,X3843071,8945,44.24500,8.04666,32145.3,4.7,15.4,82.2,-42.8,0.6,-1.0,RS41-SG,403.701,9.3,-875,11,2.6,,
2026-09-23T12:05:26.996Z,X3843071,8946,44.24501,8.04685,32150.5,5.7,15.1,82.8,-42.9,0.6,-1.0,RS41-SG,403.701,9.3,-875,11,2.7,,
2026-09-23T12:05:27.996Z,X3843071,8947,44.24503,8.04703,32156.7,6.7,13.9,86.0,-42.9,0.6,-1.0,RS41-SG,403.701,8.8,-875,11,2.7,,
2026-09-23T12:05:28.996Z,X3843071,8948,44.24503,8.04719,32163.2,6.1,12.5,90.9,-42.9,0.6,-1.0,RS41-SG,403.701,8.8,-875,11,2.6,,
2026-09-23T12:05:29.996Z,X3843071,8949,44.24502,8.04734,32168.4,4.5,11.6,96.5,-42.9,0.6,-1.0,RS41-SG,403.701,8.5,-875,11,2.6,,
2026-09-23T12:05:30.996Z,X3843071,8950,44.24501,8.04748,32173.1,4.9,11.3,101.2,-42.8,0.6,-1.0,RS41-SG,403.701,7.8,-875,11,2.7,,
2026-09-23T12:05:31.996Z,X3843071,8951,44.24499,8.04762,32178.6,6.2,11.8,102.1,-42.8,0.6,-1.0,RS41-SG,403.701,7.8,-875,11,2.7,,
2026-09-23T12:05:32.996Z,X3843071,8952,44.24497,8.04777,32184.9,6.4,12.6,99.4,-42.8,0.6,-1.0,RS41-SG,403.701,7.1,-875,11,2.6,,
2026-09-23T12:05:33.996Z,X3843071,8953,44.24495,8.04793,32190.8,5.4,13.4,95.0,-42.7,0.6,-1.0,RS41-SG,403.701,7.1,-875,11,2.6,,
2026-09-23T12:05:35.996Z,X3843071,8955,44.24495,8.04827,32201.7,5.6,13.4,84.0,-42.6,0.6,-1.0,RS41-SG,403.701,7.4,-875,11,2.7,,
2026-09-23T12:05:36.996Z,X3843071,8956,44.24497,8.04843,32207.6,6.2,12.7,78.1,-42.7,0.6,-1.0,RS41-SG,403.701,8.1,-875,11,2.7,,
2026-09-23T12:05:37.996Z,X3843071,8957,44.24500,8.04857,32213.8,6.0,11.9,72.2,-43.0,0.7,-1.0,RS41-SG,403.701,8.2,-875,11,2.7,,
2026-09-23T12:05:38.996Z,X3843071,8958,44.24504,8.04871,32219.3,5.0,11.6,67.5,-43.0,0.6,-1.0,RS41-SG,403.701,8.2,-875,11,2.6,,
2026-09-23T12:05:40.996Z,X3843071,8960,44.24513,8.04898,32229.3,5.3,12.2,63.9,-42.9,0.6,-1.0,RS41,403.701,7.3,-875,11,2.6,,
2026-09-23T12:05:45.996Z,X3843071,8965,44.24536,8.04977,32256.5,6.3,13.0,69.5,-42.8,0.6,-1.0,RS41,403.701,6.4,-875,11,2.6,,
2026-09-23T12:05:46.996Z,X3843071,8966,44.24540,8.04991,32262.9,6.4,11.3,68.8,-42.7,0.6,-1.0,RS41,403.701,7.1,-875,11,2.6,,
2026-09-23T12:05:53.996Z,X3843071,8973,44.24575,8.05076,32302.5,5.5,15.6,53.1,-43.2,0.6,-1.0,RS41,403.701,7.3,-875,11,2.7,,
2026-09-23T12:06:08.996Z,X3843071,8988,44.24629,8.05340,32388.7,5.9,15.0,63.3,-41.4,0.5,-1.0,RS41,403.701,6.4,-875,11,2.7,,
2026-09-23T12:06:09.996Z,X3843071,8989,44.24634,8.05355,32394.6,5.9,12.8,63.3,-41.3,0.5,-1.0,RS41,403.701,6.6,-875,11,2.7,,
2026-09-23T12:06:14.996Z,X3843071,8994,44.24635,8.05432,32423.8,5.4,18.1,107.2,-41.1,0.6,-1.0,RS41,403.701,7.6,-875,11,2.7,,
2026-09-23T12:06:15.996Z,X3843071,8995,44.24630,8.05455,32429.1,5.2,20.8,106.6,-41.1,0.6,-1.0,RS41,403.701,7.9,-875,11,2.7,,
2026-09-23T12:06:16.996Z,X3843071,8996,44.24625,8.05481,32434.1,4.8,22.3,104.6,-41.1,0.6,-1.0,RS41,403.701,8.0,-875,11,2.6,,
2026-09-23T12:06:17.996Z,X3843071,8997,44.24620,8.05508,32439.0,4.9,22.3,101.5,-41.1,0.5,-1.0,RS41,403.701,8.0,-875,11,2.6,,
2026-09-23T12:06:18.996Z,X3843071,8998,44.24617,8.05534,32444.4,5.9,20.7,98.1,-41.1,0.5,-1.0,RS41,403.701,8.4,-875,11,2.6,,
2026-09-23T12:06:20.996Z,X3843071,9000,44.24614,8.05578,32456.9,6.0,14.8,91.8,-41.1,0.6,-1.0,RS41,403.701,7.1,-875,11,2.7,,
2026-09-23T12:06:21.996Z,X3843071,9001,44.24614,8.05595,32462.5,5.1,12.0,88.1,-41.1,0.6,-1.0,RS41,403.701,7.1,-875,11,2.6,,
2026-09-23T12:06:27.996Z,X3843071,9007,44.24615,8.05685,32496.1,4.8,17.8,95.2,-40.9,0.5,-1.0,RS41,403.701,7.2,-875,11,2.6,,
2026-09-23T12:06:28.996Z,X3843071,9008,44.24613,8.05708,32500.6,4.1,19.8,99.1,-40.9,0.6,-1.0,RS41,403.701,8.0,-875,11,2.7,,
2026-09-23T12:06:29.996Z,X3843071,9009,44.24609,8.05733,32505.1,4.9,21.0,103.7,-40.9,0.6,-1.0,RS41,403.701,8.0,-875,11,2.7,,
2026-09-23T12:06:30.996Z,X3843071,9010,44.24604,8.05758,32510.5,6.0,20.7,109.1,-40.9,0.5,-1.0,RS41,403.701,8.2,-875,11,2.7,,
2026-09-23T12:06:31.996Z,X3843071,9011,44.24598,8.05781,32516.3,5.7,19.5,113.9,-40.8,0.5,-1.0,RS41-SG,403.701,8.2,-875,11,2.6,,
2026-09-23T12:06:32.996Z,X3843071,9012,44.24590,8.05802,32521.7,4.9,18.0,117.2,-40.7,0.6,-1.0,RS41-SG,403.701,9.3,-875,11,2.6,,
2026-09-23T12:06:33.996Z,X3843071,9013,44.24583,8.05821,32526.6,5.0,16.4,118.4,-40.6,0.5,-1.0,RS41-SG,403.701,9.3,-875,11,2.6,,
2026-09-23T12:06:34.996Z,X3843071,9014,44.24577,8.05838,32532.1,5.9,15.0,116.2,-40.5,0.5,-1.0,RS41-SG,403.701,8.1,-875,11,2.7,,
2026-09-23T12:06:35.996Z,X3843071,9015,44.24572,8.05855,32538.2,6.3,14.2,111.0,-40.4,0.5,-1.0,RS41-SG,403.701,8.1,-875,11,2.7,,
2026-09-23T12:06:36.996Z,X3843071,9016,44.24568,8.05872,32544.0,5.4,13.9,105.6,-40.3,0.5,-1.0,RS41-SG,403.701,7.6,-875,10,2.7,,
2026-09-23T12:06:37.996Z,X3843071,9017,44.24565,8.05888,32548.9,4.4,13.9,101.6,-40.2,0.5,-1.0,RS41-SG,403.701,7.7,-875,11,2.6,,
2026-09-23T12:06:38.996Z,X3843071,9018,44.24562,8.05905,32553.6,4.9,13.8,99.2,-40.1,0.5,-1.0,RS41-SG,403.701,8.3,-875,11,2.6,,
2026-09-23T12:06:40.996Z,X3843071,9020,44.24558,8.05939,32564.8,6.1,13.5,103.6,-40.1,0.5,-1.0,RS41-SG,403.701,6.6,-875,11,2.7,,
2026-09-23T12:06:41.996Z,X3843071,9021,44.24555,8.05955,32570.5,5.2,13.9,107.5,-40.1,0.5,-1.0,RS41-SG,403.701,7.8,-875,11,2.7,,
2026-09-23T12:06:42.996Z,X3843071,9022,44.24550,8.05972,32575.9,5.6,14.9,110.1,-40.2,0.5,-1.0,RS41-SG,403.701,7.8,-875,11,2.6,,
2026-09-23T12:06:43.996Z,X3843071,9023,44.24545,8.05991,32581.7,6.1,16.6,110.8,-40.2,0.5,-1.0,RS41-SG,403.701,7.8,-875,11,2.6,,
2026-09-23T12:06:44.996Z,X3843071,9024,44.24540,8.06011,32587.6,5.8,18.4,109.4,-40.3,0.5,-1.0,RS41-SG,403.701,8.8,-875,11,2.7,,
2026-09-23T12:06:45.996Z,X3843071,9025,44.24535,8.06033,32593.2,5.2,19.7,107.7,-40.2,0.6,-1.0,RS41-SG,403.701,8.8,-875,11,2.7,,
2026-09-23T12:06:46.996Z,X3843071,9026,44.24530,8.06057,32598.1,4.6,20.0,105.7,-40.1,0.5,-1.0,RS41-SG,403.701,8.6,-875,11,2.6,,
2026-09-23T12:06:47.996Z,X3843071,9027,44.24525,8.06081,32603.1,5.3,19.0,103.4,-40.0,0.5,-1.0,RS41-SG,403.701,8.6,-875,11,2.6,,
2026-09-23T12:06:48.996Z,X3843071,9028,44.24522,8.06102,32608.6,5.7,17.0,101.1,-39.9,0.5,-1.0,RS41-SG,403.701,8.3,-875,10,2.6,,
2026-09-23T12:06:49.996Z,X3843071,9029,44.24519,8.06122,32614.5,6.0,14.4,98.9,-39.8,0.5,-1.0,RS41-SG,403.701,8.3,-875,11,2.7,,
2026-09-23T12:06:50.996Z,X3843071,9030,44.24518,8.06138,32620.1,5.3,12.0,97.2,-39.7,0.5,-1.0,RS41-SG,403.701,7.5,-875,11,2.7,,
2026-09-23T12:06:51.996Z,X3843071,9031,44.24516,8.06152,32624.8,4.0,10.6,96.2,-39.5,0.5,-1.0,RS41-SG,403.701,8.0,-875,11,2.7,,
2026-09-23T12:06:52.996Z,X3843071,9032,44.24515,8.06165,32629.2,4.7,10.1,96.2,-39.2,0.5,-1.0,RS41-SG,403.701,8.0,-875,11,2.6,,
2026-09-23T12:06:55.996Z,X3843071,9035,44.24510,8.06210,32646.8,5.2,15.2,101.0,-38.8,0.5,-1.0,RS41-SG,403.701,8.4,-875,10,2.7,,
2026-09-23T12:06:56.996Z,X3843071,9036,44.24507,8.06229,32651.6,4.4,16.9,102.4,-38.7,0.5,-1.0,RS41-SG,403.701,8.4,-875,10,2.7,,
2026-09-23T12:06:57.996Z,X3843071,9037,44.24504,8.06251,32656.3,4.9,18.0,103.7,-38.6,0.5,-1.0,RS41-SG,403.701,8.5,-875,10,2.7,,
2026-09-23T12:06:58.996Z,X3843071,9038,44.24500,8.06272,32661.6,5.7,17.8,104.4,-38.6,0.5,-1.0,RS41-SG,403.701,8.8,-875,11,2.6,,
2026-09-23T12:06:59.996Z,X3843071,9039,44.24496,8.06293,32667.4,5.9,16.4,104.0,-38.6,0.5,-1.0,RS41-SG,403.701,8.8,-875,11,2.6,,
2026-09-23T12:07:00.996Z,X3843071,9040,44.24493,8.06312,32673.2,5.7,14.7,101.1,-38.6,0.5,-1.0,RS41-SG,403.701,8.2,-875,11,2.6,,
2026-09-23T12:07:01.996Z,X3843071,9041,44.24491,8.06329,32678.6,5.1,12.9,96.5,-38.7,0.5,-1.0,RS41-SG,403.701,8.2,-875,11,2.7,,
2026-09-23T12:07:04.996Z,X3843071,9044,44.24494,8.06373,32693.1,5.3,12.4,74.3,-38.9,0.5,-1.0,RS41-SG,403.701,7.6,-875,11,2.6,,
2026-09-23T12:07:07.996Z,X3843071,9047,44.24503,8.06425,32711.4,6.6,16.1,83.5,-38.7,0.5,-1.0,RS41-SG,403.701,7.2,-875,11,2.6,,
2026-09-23T12:07:08.996Z,X3843071,9048,44.24503,8.06446,32717.7,6.1,16.9,89.7,-38.6,0.5,-1.0,RS41-SG,403.701,8.8,-875,11,2.6,,
2026-09-23T12:07:09.996Z,X3843071,9049,44.24503,8.06467,32723.4,5.4,17.2,95.6,-38.5,0.5,-1.0,RS41-SG,403.701,8.8,-875,11,2.6,,
2026-09-23T12:07:12.996Z,X3843071,9052,44.24494,8.06524,32739.2,5.7,13.2,104.2,-38.3,0.5,-1.0,RS41-SG,403.701,7.2,-875,11,2.7,,
2026-09-23T12:07:13.996Z,X3843071,9053,44.24492,8.06539,32744.9,5.8,11.2,98.1,-38.2,0.5,-1.0,RS41-SG,403.701,7.2,-875,11,2.6,,
2026-09-23T12:07:14.996Z,X3843071,9054,44.24492,8.06553,32750.5,5.4,10.3,85.4,-38.2,0.5,-1.0,RS41-SG,403.701,8.0,-875,11,2.6,,
2026-09-23T12:07:15.996Z,X3843071,9055,44.24494,8.06565,32755.8,5.0,10.9,73.4,-38.2,0.5,-1.0,RS41-SG,403.701,8.8,-875,11,2.6,,
2026-09-23T12:07:16.996Z,X3843071,9056,44.24497,8.06579,32760.8,5.0,12.6,67.3,-38.2,0.5,-1.0,RS41-SG,403.701,8.8,-875,11,2.7,,
2026-09-23T12:07:17.996Z,X3843071,9057,44.24502,8.06595,32765.7,4.9,14.6,67.2,-38.2,0.5,-1.0,RS41-SG,403.701,7.1,-875,11,2.7,,
2026-09-23T12:07:18.996Z,X3843071,9058,44.24507,8.06613,32770.7,5.0,16.2,70.6,-38.2,0.5,-1.0,RS41-SG,403.701,7.6,-875,11,2.7,,
2026-09-23T12:07:19.996Z,X3843071,9059,44.24511,8.06633,32775.6,4.9,17.1,76.1,-38.2,0.5,-1.0,RS41-SG,403.701,8.2,-875,11,2.6,,
2026-09-23T12:07:21.996Z,X3843071,9061,44.24516,8.06674,32785.0,4.6,16.6,86.1,-38.1,0.5,-1.0,RS41-SG,403.701,7.7,-875,11,2.6,,
2026-09-23T12:07:25.996Z,X3843071,9065,44.24519,8.06745,32804.9,5.2,12.7,79.6,-38.4,0.5,-1.0,RS41-SG,403.701,7.3,-875,11,2.6,,
2026-09-23T12:07:27.996Z,X3843071,9067,44.24525,8.06778,32815.7,5.5,15.0,70.5,-38.3,0.5,-1.0,RS41-SG,403.701,7.6,-875,11,2.7,,
2026-09-23T12:07:28.996Z,X3843071,9068,44.24530,8.06797,32821.0,5.4,16.7,70.0,-38.2,0.5,-1.0,RS41-SG,403.701,7.6,-875,11,2.6,,
2026-09-23T12:07:32.996Z,X3843071,9072,44.24547,8.06885,32841.9,5.1,18.1,80.4,-37.9,0.5,-1.0,RS41-SG,403.701,6.7,-875,11,2.7,,
2026-09-23T12:07:34.996Z,X3843071,9074,44.24552,8.06926,32851.5,4.7,15.3,79.8,-38.0,0.5,-1.0,RS41-SG,403.701,7.1,-875,11,2.6,,
2026-09-23T12:07:36.996Z,X3843071,9076,44.24559,8.06961,32861.1,4.8,14.3,69.5,-38.0,0.5,-1.0,RS41-SG,403.701,7.1,-875,11,2.6,,
2026-09-23T12:07:37.996Z,X3843071,9077,44.24564,8.06978,32866.0,5.0,15.1,66.0,-38.1,0.5,-1.0,RS41-SG,403.701,7.2,-875,11,2.7,,
2026-09-23T12:07:38.996Z,X3843071,9078,44.24569,8.06996,32871.0,5.1,16.3,66.3,-38.1,0.5,-1.0,RS41-SG,403.701,7.2,-875,11,2.7,,
2026-09-23T12:07:39.996Z,X3843071,9079,44.24575,8.07016,32876.1,5.2,17.4,69.3,-38.0,0.5,-1.0,RS41-SG,403.701,7.3,-875,11,2.7,,
2026-09-23T12:07:42.996Z,X3843071,9082,44.24586,8.07082,32892.0,5.3,18.7,85.5,-38.0,0.5,-1.0,RS41-SG,403.701,7.0,-875,11,2.6,,
2026-09-23T12:07:43.996Z,X3843071,9083,44.24586,8.07105,32897.2,5.1,18.0,89.9,-38.0,0.5,-1.0,RS41-SG,403.701,8.0,-875,11,2.7,,
2026-09-23T12:07:44.996Z,X3843071,9084,44.24586,8.07127,32902.3,5.2,16.7,92.0,-38.0,0.5,-1.0,RS41-SG,403.701,8.0,-875,11,2.7,,
2026-09-23T12:07:45.996Z,X3843071,9085,44.24586,8.07147,32907.5,5.1,15.2,90.9,-38.0,0.5,-1.0,RS41-SG,403.701,7.5,-875,11,2.6,,
2026-09-23T12:07:51.996Z,X3843071,9091,44.24599,8.07261,32938.2,5.8,18.7,82.8,-37.7,0.5,-1.0,RS41-SG,403.701,6.7,-875,11,2.6,,
2026-09-23T12:07:52.996Z,X3843071,9092,44.24601,8.07284,32943.9,5.7,19.3,88.7,-37.6,0.5,-1.0,RS41-SG,403.701,6.8,-875,11,2.7,,
2026-09-23T12:07:54.996Z,X3843071,9094,44.24598,8.07331,32954.8,5.3,18.6,101.2,-37.6,0.5,-1.0,RS41-SG,403.701,7.1,-875,11,2.7,,
2026-09-23T12:07:55.996Z,X3843071,9095,44.24594,8.07353,32960.0,5.0,17.2,106.5,-37.6,0.5,-1.0,RS41-SG,403.701,7.4,-875,11,2.6,,
2026-09-23T12:07:56.996Z,X3843071,9096,44.24589,8.07372,32965.0,5.1,15.3,110.1,-37.6,0.5,-1.0,RS41-SG,403.701,7.6,-875,11,2.6,,
2026-09-23T12:07:57.996Z,X3843071,9097,44.24585,8.07389,32970.3,5.4,13.2,109.6,-37.5,0.5,-1.0,RS41-SG,403.701,7.6,-875,11,2.6,,
2026-09-23T12:08:04.996Z,X3843071,9104,44.24587,8.07518,33007.5,5.1,20.9,93.4,-37.8,0.5,-1.0,RS41-SG,403.701,7.1,-875,11,2.7,,
2026-09-23T12:08:05.996Z,X3843071,9105,44.24585,8.07544,33012.5,4.8,21.2,99.5,-37.8,0.5,-1.0,RS41-SG,403.701,7.5,-875,11,2.7,,
2026-09-23T12:08:06.996Z,X3843071,9106,44.24581,8.07569,33017.5,5.1,20.5,105.4,-37.8,0.5,-1.0,RS41-SG,403.701,7.8,-875,11,2.7,,
2026-09-23T12:08:07.996Z,X3843071,9107,44.24575,8.07592,33022.7,5.4,18.5,110.4,-37.7,0.5,-1.0,RS41-SG,403.701,7.8,-875,11,2.6,,
2026-09-23T12:08:08.996Z,X3843071,9108,44.24570,8.07612,33028.3,5.5,16.0,114.0,-37.7,0.5,-1.0,RS41-SG,403.701,7.7,-875,11,2.6,,
2026-09-23T12:08:09.996Z,X3843071,9109,44.24564,8.07629,33033.8,5.5,13.5,115.2,-37.8,0.5,-1.0,RS41-SG,403.701,7.7,-875,11,2.6,,
2026-09-23T12:08:16.996Z,X3843071,9116,44.24538,8.07746,33069.4,4.1,20.1,106.0,-37.8,0.5,-1.0,RS41-SG,403.701,7.1,-875,11,2.6,,
2026-09-23T12:08:18.996Z,X3843071,9118,44.24529,8.07796,33078.8,5.7,20.8,104.5,-38.0,0.5,-1.0,RS41-SG,403.701,7.7,-875,11,2.6,,
2026-09-23T12:08:19.996Z,X3843071,9119,44.24524,8.07820,33084.9,6.6,19.4,102.1,-38.1,0.5,-1.0,RS41-SG,403.701,7.7,-875,11,2.7,,
2026-09-23T12:08:20.996Z,X3843071,9120,44.24521,8.07843,33091.2,5.8,17.6,99.8,-38.2,0.5,-1.0,RS41-SG,403.701,7.2,-875,11,2.7,,
2026-09-23T12:08:21.996Z,X3843071,9121,44.24519,8.07863,33096.4,4.5,15.9,98.3,-38.1,0.5,-1.0,RS41-SG,403.701,7.2,-875,11,2.7,,
2026-09-23T12:08:22.996Z,X3843071,9122,44.24517,8.07882,33100.9,4.6,14.2,98.7,-38.0,0.5,-1.0,RS41-SG,403.701,7.9,-875,11,2.6,,
2026-09-23T12:08:23.996Z,X3843071,9123,44.24515,8.07899,33105.8,5.2,13.2,101.9,-37.9,0.5,-1.0,RS41-SG,403.701,7.9,-875,11,2.6,,
2026-09-23T12:08:24.996Z,X3843071,9124,44.24512,8.07915,33111.5,6.0,13.1,107.2,-37.8,0.5,-1.0,RS41-SG,403.701,7.1,-875,11,2.6,,
2026-09-23T12:08:27.996Z,X3843071,9127,44.24499,8.07965,33127.2,5.4,15.4,106.2,-37.9,0.5,-1.0,RS41-SG,403.701,8.3,-875,11,2.7,,
2026-09-23T12:08:28.996Z,X3843071,9128,44.24496,8.07984,33132.9,5.9,16.1,100.1,-38.0,0.5,-1.0,RS41-SG,403.701,8.3,-875,11,2.6,,
2026-09-23T12:08:29.996Z,X3843071,9129,44.24494,8.08004,33138.9,6.1,16.7,93.4,-37.9,0.5,-1.0,RS41-SG,403.701,7.3,-875,11,2.6,,
2026-09-23T12:08:34.996Z,X3843071,9134,44.24497,8.08118,33165.9,6.2,19.6,92.5,-37.9,0.5,-1.0,RS41-SG,403.701,8.0,-875,11,2.6,,
2026-09-23T12:08:35.996Z,X3843071,9135,44.24495,8.08142,33171.6,5.1,19.5,95.6,-37.9,0.5,-1.0,RS41-SG,403.701,8.0,-875,11,2.6,,
2026-09-23T12:08:36.996Z,X3843071,9136,44.24493,8.08166,33176.6,4.9,18.7,97.9,-37.8,0.5,-1.0,RS41-SG,403.701,7.6,-875,11,2.6,,
2026-09-23T12:08:38.996Z,X3843071,9138,44.24489,8.08209,33187.2,5.8,15.5,95.6,-37.9,0.5,-1.0,RS41-SG,403.701,7.6,-875,11,2.7,,
2026-09-23T12:08:39.996Z,X3843071,9139,44.24489,8.08227,33193.0,5.9,13.9,91.0,-38.1,0.5,-1.0,RS41-SG,403.701,7.7,-875,11,2.6,,
2026-09-23T12:08:40.996Z,X3843071,9140,44.24489,8.08244,33198.4,4.9,12.9,87.1,-38.1,0.5,-1.0,RS41-SG,403.701,8.1,-875,11,2.6,,
2026-09-23T12:08:41.996Z,X3843071,9141,44.24490,8.08259,33203.3,4.8,12.6,85.4,-38.0,0.5,-1.0,RS41-SG,403.701,8.1,-875,11,2.7,,
2026-09-23T12:08:48.996Z,X3843071,9148,44.24472,8.08395,33241.4,6.5,17.9,103.7,-37.8,0.5,-1.0,RS41-SG,403.701,7.2,-875,11,2.7,,
2026-09-23T12:08:52.996Z,X3843071,9152,44.24466,8.08474,33263.5,5.3,14.1,91.3,-37.9,0.5,-1.0,RS41-SG,403.701,7.7,-875,11,2.7,,
2026-09-23T12:08:53.996Z,X3843071,9153,44.24466,8.08491,33269.1,5.9,13.6,93.9,-37.8,0.5,-1.0,RS41-SG,403.701,7.7,-875,11,2.7,,
2026-09-23T12:08:54.996Z,X3843071,9154,44.24464,8.08508,33275.1,6.1,13.6,97.7,-37.8,0.5,-1.0,RS41-SG,403.701,7.2,-875,11,2.7,,
2026-09-23T12:08:56.996Z,X3843071,9156,44.24460,8.08542,33285.8,4.9,14.6,100.7,-37.9,0.5,-1.0,RS41-SG,403.701,7.4,-875,11,2.6,,
2026-09-23T12:08:57.996Z,X3843071,9157,44.24458,8.08561,33290.9,5.2,15.5,97.8,-38.0,0.5,-1.0,RS41-SG,403.701,7.4,-875,11,2.6,,
2026-09-23T12:08:58.996Z,X3843071,9158,44.24457,8.08580,33296.3,5.7,16.3,92.8,-38.0,0.5,-1.0,RS41-SG,403.701,7.7,-875,11,2.7,,
2026-09-23T12:08:59.996Z,X3843071,9159,44.24457,8.08601,33302.2,6.1,17.2,87.1,-37.9,0.5,-1.0,RS41-SG,403.701,7.7,-875,11,2.7,,
2026-09-23T12:09:00.996Z,X3843071,9160,44.24458,8.08623,33308.1,5.6,17.9,82.7,-37.8,0.5,-1.0,RS41-SG,403.701,8.0,-875,11,2.7,,
2026-09-23T12:09:01.996Z,X3843071,9161,44.24460,8.08645,33313.2,4.6,18.1,80.9,-37.7,0.5,-1.0,RS41-SG,403.701,8.0,-875,11,2.6,,
2026-09-23T12:09:02.996Z,X3843071,9162,44.24463,8.08667,33318.1,5.2,17.9,81.7,-37.8,0.5,-1.0,RS41-SG,403.701,7.5,-875,11,2.6,,
2026-09-23T12:09:03.996Z,X3843071,9163,44.24465,8.08689,33323.7,6.1,17.2,86.3,-37.9,0.5,-1.0,RS41-SG,403.701,7.5,-875,11,2.6,,
2026-09-23T12:09:04.996Z,X3843071,9164,44.24465,8.08710,33329.9,6.3,16.4,92.8,-37.8,0.5,-1.0,RS41-SG,403.701,7.1,-875,11,2.7,,
2026-09-23T12:09:08.996Z,X3843071,9168,44.24455,8.08786,33351.1,6.5,15.1,97.4,-37.8,0.5,-1.0,RS41-SG,403.701,7.1,-875,11,2.7,,
2026-09-23T12:09:16.996Z,X3843071,9176,44.24476,8.08938,33396.1,5.6,13.7,87.6,-38.3,0.5,-1.0,RS41-SG,403.701,7.3,-875,11,2.7,,
2026-09-23T12:09:17.996Z,X3843071,9177,44.24476,8.08955,33401.2,4.6,13.8,94.3,-38.2,0.5,-1.0,RS41-SG,403.701,7.3,-875,11,2.7,,
2026-09-23T12:09:18.996Z,X3843071,9178,44.24475,8.08972,33405.9,4.7,14.4,97.6,-38.1,0.5,-1.0,RS41-SG,403.701,7.2,-875,10,2.6,,
2026-09-23T12:09:20.996Z,X3843071,9180,44.24472,8.09010,33416.9,6.3,16.5,92.8,-38.1,0.5,-1.0,RS41-SG,403.701,8.2,-875,11,2.6,,
2026-09-23T12:09:21.996Z,X3843071,9181,44.24472,8.09032,33423.1,6.1,17.6,88.1,-38.0,0.5,-1.0,RS41-SG,403.701,8.2,-875,11,2.7,,
2026-09-23T12:09:22.996Z,X3843071,9182,44.24473,8.09054,33428.7,5.0,18.3,84.5,-38.1,0.5,-1.0,RS41-SG,403.701,8.2,-875,11,2.7,,
2026-09-23T12:09:23.996Z,X3843071,9183,44.24475,8.09076,33433.9,5.3,18.2,81.9,-38.2,0.5,-1.0,RS41-SG,403.701,8.2,-875,11,2.7,,
2026-09-23T12:09:24.996Z,X3843071,9184,44.24477,8.09098,33439.6,6.2,17.2,81.0,-38.3,0.5,-1.0,RS41-SG,403.701,7.9,-875,11,2.6,,
2026-09-23T12:09:25.996Z,X3843071,9185,44.24479,8.09118,33446.1,6.8,15.4,83.0,-38.3,0.5,-1.0,RS41-SG,403.701,7.9,-875,11,2.6,,
2026-09-23T12:09:26.996Z,X3843071,9186,44.24480,8.09136,33452.6,6.1,13.4,87.0,-38.2,0.5,-1.0,RS41-SG,403.701,8.2,-875,11,2.6,,
2026-09-23T12:09:27.996Z,X3843071,9187,44.24480,8.09152,33458.0,4.6,12.0,92.0,-38.1,0.5,-1.0,RS41-SG,403.701,8.2,-875,11,2.7,,
2026-09-23T12:09:28.996Z,X3843071,9188,44.24479,8.09166,33462.7,4.6,11.3,97.1,-38.1,0.5,-1.0,RS41-SG,403.701,8.6,-875,11,2.7,,
2026-09-23T12:09:29.996Z,X3843071,9189,44.24478,8.09180,33467.6,5.2,11.3,98.9,-38.1,0.5,-1.0,RS41-SG,403.701,8.6,-875,11,2.7,,
2026-09-23T12:09:30.996Z,X3843071,9190,44.24477,8.09195,33473.1,5.8,11.9,97.5,-38.2,0.5,-1.0,RS41-SG,403.701,7.6,-875,11,2.6,,
2026-09-23T12:09:31.996Z,X3843071,9191,44.24475,8.09210,33479.2,6.3,13.0,93.9,-38.2,0.5,-1.0,RS41-SG,403.701,8.1,-875,11,2.6,,
2026-09-23T12:09:32.996Z,X3843071,9192,44.24475,8.09227,33485.3,5.9,14.0,90.6,-38.2,0.5,-1.0,RS41-SG,403.701,8.8,-875,11,2.6,,
2026-09-23T12:09:33.996Z,X3843071,9193,44.24475,8.09245,33490.8,5.2,14.8,88.7,-38.1,0.5,-1.0,RS41-SG,403.701,8.8,-875,11,2.7,,
2026-09-23T12:09:35.996Z,X3843071,9195,44.24476,8.09281,33501.3,5.5,14.1,88.4,-38.0,0.5,-1.0,RS41-SG,403.701,8.9,-875,11,2.7,,
2026-09-23T12:09:36.996Z,X3843071,9196,44.24476,8.09298,33507.1,6.0,12.6,90.8,-38.1,0.5,-1.0,RS41-SG,403.701,8.9,-875,11,2.6,,
2026-09-23T12:09:37.996Z,X3843071,9197,44.24476,8.09312,33513.3,6.1,11.0,94.9,-38.2,0.5,-1.0,RS41-SG,403.701,8.2,-875,11,2.6,,
2026-09-23T12:09:38.996Z,X3843071,9198,44.24475,8.09325,33519.0,5.4,9.7,98.2,-38.1,0.5,-1.0,RS41-SG,403.701,9.1,-875,11,2.6,,
2026-09-23T12:09:39.996Z,X3843071,9199,44.24473,8.09337,33524.3,5.0,9.0,98.9,-38.1,0.5,-1.0,RS41-SG,403.701,9.1,-875,11,2.7,,
2026-09-23T12:09:40.996Z,X3843071,9200,44.24472,8.09348,33529.6,5.4,9.0,95.3,-38.0,0.5,-1.0,RS41-SG,403.701,8.6,-875,11,2.7,,
2026-09-23T12:09:41.996Z,X3843071,9201,44.24472,8.09360,33535.2,5.7,9.8,89.0,-38.0,0.5,-1.0,RS41-SG,403.701,7.8,-875,11,2.7,,
2026-09-23T12:09:42.996Z,X3843071,9202,44.24473,8.09373,33541.1,6.0,11.3,83.9,-38.0,0.5,-1.0,RS41-SG,403.701,8.2,-875,11,2.6,,
2026-09-23T12:09:43.996Z,X3843071,9203,44.24474,8.09388,33547.1,5.9,12.9,80.7,-37.9,0.5,-1.0,RS41-SG,403.701,8.2,-875,11,2.6,,
2026-09-23T12:09:44.996Z,X3843071,9204,44.24476,8.09404,33552.9,5.5,14.0,79.7,-37.9,0.5,-1.0,RS41-SG,403.701,8.2,-875,11,2.6,,
2026-09-23T12:09:45.996Z,X3843071,9205,44.24478,8.09422,33558.4,5.4,14.3,80.5,-37.9,0.5,-1.0,RS41-SG,403.701,8.1,-875,11,2.7,,
2026-09-23T12:09:46.996Z,X3843071,9206,44.24480,8.09439,33564.1,6.0,13.5,83.7,-37.9,0.5,-1.0,RS41-SG,403.701,8.1,-875,11,2.7,,
2026-09-23T12:09:47.996Z,X3843071,9207,44.24481,8.09454,33570.2,6.4,12.0,90.6,-37.9,0.5,-1.0,RS41-SG,403.701,8.7,-875,11,2.6,,
2026-09-23T12:09:48.996Z,X3843071,9208,44.24480,8.09468,33576.6,6.2,10.4,100.4,-38.0,0.5,-1.0,RS41-SG,403.701,8.7,-875,11,2.6,,
2026-09-23T12:09:49.996Z,X3843071,9209,44.24477,8.09480,33582.1,5.0,9.4,111.3,-38.1,0.5,-1.0,RS41-SG,403.701,8.3,-875,11,2.7,,
2026-09-23T12:09:50.996Z,X3843071,9210,44.24474,8.09490,33587.1,4.9,8.9,118.0,-38.2,0.5,-1.0,RS41-SG,403.701,8.3,-875,11,2.7,,
2026-09-23T12:09:51.996Z,X3843071,9211,44.24470,8.09500,33592.5,6.0,8.7,116.4,-38.3,0.5,-1.0,RS41-SG,403.701,8.0,-875,11,2.6,,
2026-09-23T12:09:54.996Z,X3843071,9214,44.24466,8.09535,33611.7,4.9,11.0,85.3,-38.3,0.5,-1.0,RS41-SG,403.701,7.2,-875,11,2.7,,
2026-09-23T12:09:55.996Z,X3843071,9215,44.24468,8.09549,33616.5,4.5,12.1,79.1,-38.3,0.5,-1.0,RS41-SG,403.701,9.2,-875,11,2.6,,
2026-09-23T12:09:56.996Z,X3843071,9216,44.24470,8.09564,33621.5,5.5,12.7,76.8,-38.5,0.5,-1.0,RS41-SG,403.701,9.2,-875,11,2.6,,
2026-09-23T12:09:57.996Z,X3843071,9217,44.24472,8.09579,33627.6,6.7,12.1,78.2,-38.4,0.5,-1.0,RS41-SG,403.701,8.3,-875,11,2.7,,
2026-09-23T12:09:58.996Z,X3843071,9218,44.24474,8.09593,33634.2,6.4,11.0,81.7,-38.4,0.5,-1.0,RS41-SG,403.701,8.8,-875,11,2.7,,
2026-09-23T12:09:59.996Z,X3843071,9219,44.24475,8.09606,33640.1,5.4,10.0,86.0,-38.4,0.5,-1.0,RS41-SG,403.701,8.9,-875,11,2.6,,
2026-09-23T12:10:00.996Z,X3843071,9220,44.24476,8.09618,33645.4,5.3,9.1,90.4,-38.4,0.5,-1.0,RS41-SG,403.701,8.9,-875,11,2.6,,
2026-09-23T12:10:01.996Z,X3843071,9221,44.24475,8.09629,33650.8,5.6,8.7,93.1,-38.6,0.5,-1.0,RS41-SG,403.701,8.2,-875,11,2.6,,
2026-09-23T12:10:02.996Z,X3843071,9222,44.24475,8.09640,33656.8,6.4,8.5,93.3,-38.7,0.5,-1.0,RS41-SG,403.701,8.2,-875,11,2.7,,
2026-09-23T12:10:03.996Z,X3843071,9223,44.24475,8.09651,33663.1,6.2,8.5,93.0,-38.7,0.6,-1.0,RS41-SG,403.701,8.7,-875,11,2.7,,
2026-09-23T12:10:04.996Z,X3843071,9224,44.24474,8.09661,33669.0,5.5,8.4,93.7,-38.6,0.5,-1.0,RS41-SG,403.701,10.1,-875,11,2.7,,
2026-09-23T12:10:05.996Z,X3843071,9225,44.24473,8.09672,33674.5,5.5,8.3,96.5,-38.7,0.5,-1.0,RS41-SG,403.701,10.1,-875,11,2.6,,
2026-09-23T12:10:06.996Z,X3843071,9226,44.24472,8.09682,33680.3,5.8,7.9,101.9,-38.7,0.5,-1.0,RS41-SG,403.701,9.5,-875,11,2.6,,
2026-09-23T12:10:07.996Z,X3843071,9227,44.24470,8.09691,33686.2,6.0,7.7,107.6,-38.8,0.6,-1.0,RS41-SG,403.701,8.8,-875,11,2.6,,
2026-09-23T12:10:08.996Z,X3843071,9228,44.24468,8.09700,33692.1,5.9,7.4,110.7,-38.9,0.5,-1.0,RS41-SG,403.701,9.6,-875,11,2.7,,
2026-09-23T12:10:09.996Z,X3843071,9229,44.24466,8.09709,33697.8,5.6,7.3,107.2,-38.9,0.5,-1.0,RS41-SG,403.701,9.6,-875,11,2.7,,
2026-09-23T12:10:10.996Z,X3843071,9230,44.24465,8.09718,33703.4,5.7,7.4,95.5,-38.9,0.6,-1.0,RS41-SG,403.701,7.9,-875,11,2.7,,
2026-09-23T12:10:11.996Z,X3843071,9231,44.24465,8.09727,33709.2,5.7,8.4,81.6,-38.9,0.6,-1.0,RS41-SG,403.701,7.6,-875,11,2.6,,
2026-09-23T12:10:12.996Z,X3843071,9232,44.24467,8.09738,33714.8,5.5,10.2,71.2,-38.8,0.5,-1.0,RS41-SG,403.701,7.5,-875,11,2.6,,
2026-09-23T12:10:13.996Z,X3843071,9233,44.24471,8.09751,33720.3,5.5,12.3,66.5,-38.9,0.5,-1.0,RS41-SG,403.701,8.2,-875,11,2.6,,
2026-09-23T12:10:14.996Z,X3843071,9234,44.24475,8.09767,33726.0,5.8,14.0,67.1,-38.9,0.5,-1.0,RS41-SG,403.701,8.4,-875,11,2.7,,
2026-09-23T12:10:15.996Z,X3843071,9235,44.24480,8.09783,33731.8,6.0,14.9,70.7,-38.8,0.5,-1.0,RS41-SG,403.701,8.5,-875,11,2.7,,
2026-09-23T12:10:16.996Z,X3843071,9236,44.24484,8.09801,33737.9,6.2,14.8,78.1,-38.7,0.5,-1.0,RS41-SG,403.701,8.5,-875,11,2.7,,
2026-09-23T12:10:17.996Z,X3843071,9237,44.24485,8.09819,33744.2,6.3,14.1,89.8,-38.6,0.5,-1.0,RS41-SG,403.701,8.1,-875,10,2.6,,
2026-09-23T12:10:18.996Z,X3843071,9238,44.24484,8.09836,33750.3,5.9,13.4,103.0,-38.5,0.5,-1.0,RS41-SG,403.701,8.1,-875,11,2.6,,
2026-09-23T12:10:19.996Z,X3843071,9239,44.24480,8.09851,33756.0,5.5,12.9,117.1,-38.3,0.5,-1.0,RS41-SG,403.701,8.6,-875,11,2.6,,
2026-09-23T12:10:20.996Z,X3843071,9240,44.24474,8.09864,33761.2,5.0,12.5,128.0,-38.2,0.5,-1.0,RS41-SG,403.701,8.6,-875,11,2.7,,
2026-09-23T12:10:21.996Z,X3843071,9241,44.24467,8.09876,33766.2,5.2,11.6,132.9,-38.2,0.5,-1.0,RS41-SG,403.701,9.2,-875,11,2.7,,
2026-09-23T12:10:22.996Z,X3843071,9242,44.24460,8.09886,33772.1,6.7,9.9,129.2,-38.1,0.5,-1.0,RS41-SG,403.701,9.2,-875,11,2.7,,
2026-09-23T12:10:23.996Z,X3843071,9243,44.24456,8.09895,33779.2,7.4,8.3,111.0,-38.2,0.5,-1.0,RS41-SG,403.701,6.9,-875,11,2.6,,
2026-09-23T12:10:25.996Z,X3843071,9245,44.24457,8.09917,33792.2,4.8,10.7,69.5,-38.3,0.5,-1.0,RS41-SG,403.701,7.1,-875,11,2.6,,
2026-09-23T12:10:26.996Z,X3843071,9246,44.24462,8.09931,33796.5,3.8,13.2,62.4,-38.3,0.5,-1.0,RS41-SG,403.701,7.3,-875,11,2.7,,
2026-09-23T12:10:27.996Z,X3843071,9247,44.24468,8.09946,33800.9,4.8,15.2,61.6,-38.3,0.5,-1.0,RS41-SG,403.701,7.9,-875,11,2.7,,
2026-09-23T12:10:28.996Z,X3843071,9248,44.24473,8.09964,33806.7,6.8,15.7,67.5,-38.3,0.5,-1.0,RS41-SG,403.701,7.9,-875,11,2.7,,
2026-09-23T12:10:33.996Z,X3843071,9253,44.24468,8.10051,33839.3,-6.0,14.3,109.5,-38.3,0.5,-1.0,RS41-SG,403.701,7.8,-875,10,2.7,,
2026-09-23T12:10:34.996Z,X3843071,9254,44.24464,8.10068,33828.8,-15.6,14.3,108.9,-38.1,0.5,-1.0,RS41-SG,403.701,7.8,-875,11,2.7,,
2026-09-23T12:10:35.996Z,X3843071,9255,44.24461,8.10085,33809.4,-23.8,13.6,103.5,-38.0,0.5,-1.0,RS41-SG,403.701,8.5,-875,11,2.6,,
2026-09-23T12:10:36.996Z,X3843071,9256,44.24458,8.10101,33781.8,-31.7,13.2,99.0,-38.0,0.5,-1.0,RS41-SG,403.701,8.5,-875,11,2.6,,
2026-09-23T12:10:37.996Z,X3843071,9257,44.24457,8.10117,33746.3,-39.8,13.0,97.2,-38.2,0.5,-1.0,RS41-SG,403.701,9.7,-875,11,2.6,,
2026-09-23T12:10:38.996Z,X3843071,9258,44.24455,8.10133,33703.2,-46.6,12.8,93.7,-38.5,0.5,-1.0,RS41-SG,403.701,9.7,-875,11,2.7,,
2026-09-23T12:10:39.996Z,X3843071,9259,44.24455,8.10149,33654.3,-51.5,12.8,90.4,-38.4,0.5,-1.0,RS41-SG,403.701,9.6,-875,11,2.7,,
2026-09-23T12:10:40.996Z,X3843071,9260,44.24455,8.10165,33601.0,-55.0,12.6,87.2,-38.2,0.4,-1.0,RS41-SG,403.701,9.1,-875,11,2.7,,
2026-09-23T12:10:41.996Z,X3843071,9261,44.24456,8.10180,33545.3,-56.3,12.7,83.4,-37.9,0.5,-1.0,RS41-SG,403.701,9.1,-875,11,2.6,,
2026-09-23T12:10:42.996Z,X3843071,9262,44.24458,8.10196,33493.0,-48.4,13.2,73.2,-38.0,0.4,-1.0,RS41-SG,403.701,7.7,-875,11,2.6,,
2026-09-23T12:10:43.996Z,X3843071,9263,44.24463,8.10212,33446.0,-46.1,15.2,62.6,-38.0,0.4,-1.0,RS41-SG,403.701,8.9,-875,11,2.6,,
2026-09-23T12:10:44.996Z,X3843071,9264,44.24470,8.10229,33399.6,-46.7,15.6,60.5,-38.0,0.4,-1.0,RS41-SG,403.701,9.3,-875,11,2.7,,
2026-09-23T12:10:45.996Z,X3843071,9265,44.24476,8.10246,33351.8,-48.9,15.0,65.4,-37.9,0.4,-1.0,RS41-SG,403.701,9.3,-875,11,2.7,,
2026-09-23T12:10:46.996Z,X3843071,9266,44.24481,8.10263,33303.5,-47.6,14.6,71.3,-37.8,0.4,-1.0,RS41-SG,403.701,8.3,-875,11,2.7,,
2026-09-23T12:10:47.996Z,X3843071,9267,44.24485,8.10281,33255.4,-48.7,14.4,72.8,-37.7,0.4,-1.0,RS41-SG,403.701,8.8,-875,11,2.6,,
2026-09-23T12:10:48.996Z,X3843071,9268,44.24488,8.10298,33206.6,-49.2,14.5,76.8,-37.6,0.4,-1.0,RS41-SG,403.701,9.0,-875,11,2.6,,
2026-09-23T12:10:49.996Z,X3843071,9269,44.24490,8.10316,33157.2,-49.5,15.1,85.2,-37.6,0.4,-1.0,RS41-SG,403.701,9.2,-875,11,2.6,,
2026-09-23T12:10:50.996Z,X3843071,9270,44.24490,8.10335,33108.3,-48.3,14.8,89.7,-37.5,0.4,-1.0,RS41-SG,403.701,9.2,-875,11,2.7,,
2026-09-23T12:10:51.996Z,X3843071,9271,44.24490,8.10353,33059.6,-49.3,15.4,96.2,-37.5,0.4,-1.0,RS41-SG,403.701,8.9,-875,11,2.7,,
2026-09-23T12:10:52.996Z,X3843071,9272,44.24488,8.10373,33011.0,-47.8,16.0,96.4,-37.4,0.4,-1.0,RS41-SG,403.701,8.1,-875,11,2.7,,
2026-09-23T12:10:53.996Z,X3843071,9273,44.24486,8.10393,32965.5,-43.1,16.4,96.2,-37.3,0.4,-1.0,RS41-SG,403.701,7.8,-875,11,2.6,,
2026-09-23T12:10:54.996Z,X3843071,9274,44.24485,8.10413,32922.8,-42.1,16.7,94.8,-37.3,0.4,-1.0,RS41-SG,403.701,8.1,-875,11,2.6,,
2026-09-23T12:10:55.996Z,X3843071,9275,44.24484,8.10434,32880.5,-42.2,16.9,92.9,-37.4,0.4,-1.0,RS41-SG,403.701,9.0,-875,11,2.6,,
2026-09-23T12:10:56.996Z,X3843071,9276,44.24484,8.10454,32841.1,-36.6,15.9,88.2,-37.6,0.4,-1.0,RS41-SG,403.701,9.0,-875,9,2.7,,
2026-09-23T12:10:57.996Z,X3843071,9277,44.24485,8.10474,32804.4,-36.2,15.6,81.3,-37.7,0.4,-1.0,RS41-SG,403.701,8.5,-875,9,2.7,,
2026-09-23T12:10:58.996Z,X3843071,9278,44.24488,8.10493,32767.9,-36.8,16.1,77.3,-37.8,0.4,-1.0,RS41-SG,403.701,9.3,-875,11,2.7,,
2026-09-23T12:10:59.996Z,X3843071,9279,44.24491,8.10512,32731.5,-36.1,15.9,77.5,-38.0,0.5,-1.0,RS41-SG,403.701,9.3,-875,10,2.6,,
2026-09-23T12:11:00.996Z,X3843071,9280,44.24494,8.10531,32694.6,-37.9,15.8,75.4,-38.0,0.4,-1.0,RS41-SG,403.701,8.0,-875,9,2.6,,
2026-09-23T12:11:01.996Z,X3843071,9281,44.24498,8.10550,32657.4,-36.1,16.2,72.3,-38.1,0.5,-1.0,RS41-SG,403.701,8.1,-875,11,2.6,,
2026-09-23T12:11:02.996Z,X3843071,9282,44.24502,8.10569,32620.8,-36.6,15.9,71.3,-38.3,0.5,-1.0,RS41-SG,403.701,8.1,-875,11,2.7,,
2026-09-23T12:11:03.996Z,X3843071,9283,44.24507,8.10587,32584.8,-35.9,15.0,71.8,-38.4,0.5,-1.0,RS41-SG,403.701,7.7,-875,9,2.7,,
2026-09-23T12:11:04.996Z,X3843071,9284,44.24510,8.10605,32549.9,-33.8,15.2,74.3,-39.0,0.5,-1.0,RS41-SG,403.701,7.9,-875,10,2.7,,
2026-09-23T12:11:05.996Z,X3843071,9285,44.24514,8.10623,32516.3,-33.9,14.6,76.3,-39.4,0.5,-1.0,RS41-SG,403.701,7.9,-875,9,2.6,,
2026-09-23T12:11:07.996Z,X3843071,9287,44.24517,8.10657,32448.1,-34.2,13.8,90.1,-40.1,0.6,-1.0,RS41-SG,403.701,7.4,-875,10,2.6,,
2026-09-23T12:11:08.996Z,X3843071,9288,44.24516,8.10674,32412.2,-37.2,13.6,92.0,-40.3,0.6,-1.0,RS41-SG,403.701,8.0,-875,10,2.7,,
2026-09-23T12:11:09.996Z,X3843071,9289,44.24515,8.10690,32375.4,-36.5,13.5,95.6,-40.5,0.5,-1.0,RS41-SG,403.701,8.0,-875,10,2.7,,
2026-09-23T12:11:10.996Z,X3843071,9290,44.24514,8.10707,32339.1,-36.9,13.9,98.5,-40.5,0.6,-1.0,RS41-SG,403.701,7.6,-875,10,2.7,,
2026-09-23T12:11:11.996Z,X3843071,9291,44.24512,8.10724,32302.8,-35.7,14.0,98.5,-40.8,0.6,-1.0,RS41-SG,403.701,7.5,-875,11,2.6,,
2026-09-23T12:11:13.996Z,X3843071,9293,44.24509,8.10760,32233.3,-33.8,15.1,91.0,-42.0,0.7,-1.0,RS41-SG,403.701,7.8,-875,9,2.6,,
2026-09-23T12:11:14.996Z,X3843071,9294,44.24510,8.10779,32198.9,-34.7,16.0,83.8,-42.3,0.6,-1.0,RS41-SG,403.701,7.8,-875,8,2.7,,
2026-09-23T12:11:31.996Z,X3843071,9311,44.24489,8.11137,31629.5,-30.4,21.1,124.3,-42.6,0.6,-1.0,RS41-SG,403.701,6.9,-875,8,2.6,,
2026-09-23T12:12:50.996Z,X3843071,9390,44.24513,8.12690,29258.1,-28.3,17.8,41.9,-49.4,0.9,-1.0,RS41-SG,403.701,6.8,-875,11,2.7,,
2026-09-23T12:12:52.996Z,X3843071,9392,44.24538,8.12721,29204.6,-25.5,19.7,40.4,-49.3,0.9,-1.0,RS41-SG,403.701,7.4,-875,11,2.7,,
2026-09-23T12:12:53.996Z,X3843071,9393,44.24553,8.12737,29179.3,-25.0,21.3,38.6,-49.1,0.8,-1.0,RS41-SG,403.701,7.4,-875,11,2.6,,
2026-09-23T12:12:56.996Z,X3843071,9396,44.24599,8.12794,29104.2,-25.7,24.8,44.1,-48.6,0.8,-1.0,RS41-SG,403.701,7.8,-875,11,2.7,,
2026-09-23T12:12:57.996Z,X3843071,9397,44.24615,8.12816,29078.1,-26.4,24.8,46.4,-48.4,0.8,-1.0,RS41-SG,403.701,8.0,-875,11,2.7,,
2026-09-23T12:13:00.996Z,X3843071,9400,44.24659,8.12878,29002.1,-25.5,20.5,43.2,-48.8,0.8,-1.0,RS41-SG,403.701,7.4,-875,11,2.6,,
2026-09-23T12:13:01.996Z,X3843071,9401,44.24671,8.12894,28976.6,-25.4,16.8,42.5,-48.8,0.8,-1.0,RS41-SG,403.701,7.4,-875,11,2.6,,
2026-09-23T12:13:02.996Z,X3843071,9402,44.24681,8.12907,28950.6,-26.6,14.4,41.3,-48.8,0.8,-1.0,RS41-SG,403.701,7.4,-875,11,2.7,,
2026-09-23T12:13:04.996Z,X3843071,9404,44.24699,8.12927,28895.2,-27.8,10.1,39.7,-48.5,0.8,-1.0,RS41-SG,403.701,7.7,-875,11,2.7,,
2026-09-23T12:13:05.996Z,X3843071,9405,44.24705,8.12934,28867.4,-27.9,9.0,39.9,-48.4,0.8,-1.0,RS41-SG,403.701,7.7,-875,11,2.6,,
2026-09-23T12:13:06.996Z,X3843071,9406,44.24711,8.12941,28839.5,-28.0,9.1,37.3,-48.3,0.8,-1.0,RS41-SG,403.701,7.4,-875,11,2.6,,
2026-09-23T12:13:07.996Z,X3843071,9407,44.24718,8.12949,28812.0,-26.8,8.9,42.0,-48.1,0.8,-1.0,RS41-SG,403.701,7.9,-875,11,2.6,,
2026-09-23T12:13:08.996Z,X3843071,9408,44.24724,8.12957,28785.0,-27.1,9.8,45.7,-48.0,0.7,-1.0,RS41-SG,403.701,7.9,-875,11,2.7,,
2026-09-23T12:13:10.996Z,X3843071,9410,44.24738,8.12976,28729.1,-28.1,12.2,43.0,-48.0,0.7,-1.0,RS41-SG,403.701,7.4,-875,11,2.7,,
2026-09-23T12:13:11.996Z,X3843071,9411,44.24746,8.12987,28701.2,-27.7,13.2,46.4,-48.0,0.7,-1.0,RS41-SG,403.701,7.4,-875,11,2.6,,
2026-09-23T12:13:13.996Z,X3843071,9413,44.24764,8.13011,28646.8,-25.6,13.9,38.6,-48.0,0.7,-1.0,RS41-SG,403.701,7.1,-875,11,2.6,,
2026-09-23T12:13:14.996Z,X3843071,9414,44.24774,8.13021,28619.1,-29.7,13.8,36.0,-47.8,0.7,-1.0,RS41-SG,403.701,8.1,-875,11,2.7,,
2026-09-23T12:13:15.996Z,X3843071,9415,44.24784,8.13031,28590.2,-28.1,13.7,32.6,-48.0,0.8,-1.0,RS41-SG,403.701,8.9,-875,11,2.7,,
2026-09-23T12:13:16.996Z,X3843071,9416,44.24795,8.13040,28562.6,-26.9,14.5,30.8,-48.2,0.8,-1.0,RS41-SG,403.701,8.9,-875,11,2.7,,
2026-09-23T12:13:17.996Z,X3843071,9417,44.24806,8.13050,28536.0,-26.5,13.8,34.5,-48.2,0.8,-1.0,RS41-SG,403.701,8.2,-875,11,2.6,,
2026-09-23T12:13:18.996Z,X3843071,9418,44.24815,8.13060,28509.9,-25.7,11.7,45.7,-48.2,0.8,-1.0,RS41-SG,403.701,9.6,-875,11,2.6,,
2026-09-23T12:13:19.996Z,X3843071,9419,44.24821,8.13070,28483.7,-26.6,10.7,49.8,-48.4,0.8,-1.0,RS41-SG,403.701,9.6,-875,11,2.6,,
2026-09-23T12:13:20.996Z,X3843071,9420,44.24827,8.13080,28457.1,-26.7,10.1,49.7,-48.5,0.8,-1.0,RS41-SG,403.701,8.6,-875,11,2.7,,
2026-09-23T12:13:21.996Z,X3843071,9421,44.24833,8.13089,28430.6,-26.1,9.2,51.3,-48.6,0.8,-1.0,RS41-SG,403.701,9.1,-875,11,2.7,,
2026-09-23T12:13:22.996Z,X3843071,9422,44.24838,8.13098,28403.8,-27.6,8.6,47.1,-48.5,0.8,-1.0,RS41-SG,403.701,9.1,-875,11,2.7,,
2026-09-23T12:13:23.996Z,X3843071,9423,44.24844,8.13105,28376.4,-27.3,8.9,41.0,-48.4,0.8,-1.0,RS41-SG,403.701,8.1,-875,11,2.6,,
2026-09-23T12:13:28.996Z,X3843071,9428,44.24868,8.13161,28249.0,-25.2,14.0,73.1,-48.8,0.8,-1.0,RS41-SG,403.701,7.1,-875,11,2.7,,
2026-09-23T12:13:29.996Z,X3843071,9429,44.24872,8.13179,28222.7,-27.2,14.9,72.8,-48.9,0.8,-1.0,RS41-SG,403.701,7.2,-875,11,2.6,,
2026-09-23T12:13:30.996Z,X3843071,9430,44.24876,8.13197,28194.5,-29.3,15.4,72.4,-49.2,0.8,-1.0,RS41-SG,403.701,8.3,-875,11,2.6,,
2026-09-23T12:13:31.996Z,X3843071,9431,44.24880,8.13215,28166.2,-27.1,15.5,73.7,-49.5,0.8,-1.0,RS41-SG,403.701,8.3,-875,11,2.6,,
2026-09-23T12:13:32.996Z,X3843071,9432,44.24884,8.13233,28140.5,-24.2,14.9,72.7,-49.7,0.9,-1.0,RS41-SG,403.701,8.0,-875,11,2.6,,
2026-09-23T12:13:33.996Z,X3843071,9433,44.24888,8.13250,28115.7,-25.3,13.7,65.3,-49.8,0.8,-1.0,RS41-SG,403.701,8.9,-875,11,2.7,,
2026-09-23T12:13:34.996Z,X3843071,9434,44.24894,8.13264,28090.0,-26.2,13.2,54.5,-49.8,0.8,-1.0,RS41-SG,403.701,8.9,-875,11,2.7,,
2026-09-23T12:13:35.996Z,X3843071,9435,44.24902,8.13277,28063.2,-27.5,13.6,45.9,-49.7,0.8,-1.0,RS41-SG,403.701,8.3,-875,11,2.6,08:27:27,
2026-09-23T12:13:36.996Z,X3843071,9436,44.24911,8.13288,28036.1,-26.5,14.0,37.7,-49.6,0.9,-1.0,RS41-SG,403.701,8.6,-875,11,2.6,08:27:27,
2026-09-23T12:13:37.996Z,X3843071,9437,44.24921,8.13298,28009.3,-27.2,13.7,31.7,-49.6,0.8,-1.0,RS41-SG,403.701,8.6,-875,11,2.6,08:27:27,
2026-09-23T12:13:38.996Z,X3843071,9438,44.24932,8.13306,27982.5,-26.4,13.9,24.7,-49.6,0.9,-1.0,RS41-SG,403.701,8.0,-875,11,2.6,08:27:27,
2026-09-23T12:13:39.996Z,X3843071,9439,44.24944,8.13313,27956.5,-25.6,13.4,21.1,-49.7,0.9,-1.0,RS41-SG,403.701,8.0,-875,11,2.7,08:27:27,
2026-09-23T12:13:40.996Z,X3843071,9440,44.24954,8.13319,27930.6,-26.2,11.9,20.2,-49.8,0.8,-1.0,RS41-SG,403.701,8.0,-875,11,2.7,08:27:27,
2026-09-23T12:13:43.996Z,X3843071,9443,44.24980,8.13330,27854.8,-24.1,8.7,23.8,-50.0,0.9,-1.0,RS41-SG,403.701,7.8,-875,11,2.6,08:27:27,
2026-09-23T12:13:44.996Z,X3843071,9444,44.24986,8.13336,27831.3,-22.9,7.8,40.7,-50.2,0.9,-1.0,RS41-SG,403.701,7.8,-875,11,2.7,08:27:27,
2026-09-23T12:13:45.996Z,X3843071,9445,44.24992,8.13343,27808.4,-22.8,8.7,46.0,-50.2,0.9,-1.0,RS41-SG,403.701,8.2,-875,11,2.7,08:27:27,
2026-09-23T12:13:46.996Z,X3843071,9446,44.24997,8.13351,27784.1,-25.7,9.3,47.3,-50.3,0.9,-1.0,RS41-SG,403.701,8.2,-875,11,2.6,08:27:27,
2026-09-23T12:13:47.996Z,X3843071,9447,44.25002,8.13360,27759.0,-24.7,9.1,51.9,-50.3,0.9,-1.0,RS41-SG,403.701,7.9,-875,11,2.6,08:27:27,
2026-09-23T12:13:48.996Z,X3843071,9448,44.25007,8.13369,27735.3,-22.4,8.9,56.6,-50.3,0.9,-1.0,RS41-SG,403.701,7.9,-875,11,2.7,08:27:27,
2026-09-23T12:13:49.996Z,X3843071,9449,44.25011,8.13377,27712.3,-23.6,7.2,58.1,-50.3,0.9,-1.0,RS41-SG,403.701,7.5,-875,11,2.7,08:27:27,
2026-09-23T12:13:50.996Z,X3843071,9450,44.25014,8.13383,27689.1,-22.7,4.5,51.8,-50.1,0.9,-1.0,RS41-SG,403.701,7.8,-875,11,2.6,08:27:27,
2026-09-23T12:13:51.996Z,X3843071,9451,44.25016,8.13387,27665.3,-24.9,3.1,43.0,-49.9,0.8,-1.0,RS41-SG,403.701,7.8,-875,11,2.6,08:27:27,
2026-09-23T12:13:52.996Z,X3843071,9452,44.25018,8.13389,27640.9,-24.0,1.8,31.1,-49.6,0.8,-1.0,RS41-SG,403.701,7.6,-875,11,2.7,08:27:27,
2026-09-23T12:13:53.996Z,X3843071,9453,44.25019,8.13390,27616.7,-24.3,1.1,33.9,-49.5,0.8,-1.0,RS41-SG,403.701,7.6,-875,11,2.7,08:27:27,
2026-09-23T12:13:54.996Z,X3843071,9454,44.25020,8.13391,27592.4,-24.0,1.4,70.4,-49.4,0.8,-1.0,RS41-SG,403.701,7.8,-875,11,2.6,08:27:27,
2026-09-23T12:13:55.996Z,X3843071,9455,44.25020,8.13393,27567.5,-26.0,2.2,84.4,-49.3,0.8,-1.0,RS41-SG,403.701,7.9,-875,10,2.6,08:27:27,
2026-09-23T12:13:57.996Z,X3843071,9457,44.25020,8.13402,27520.7,-22.4,5.2,97.3,-49.8,0.8,-1.0,RS41-SG,403.701,7.5,-875,11,2.7,08:27:27,
2026-09-23T12:13:58.996Z,X3843071,9458,44.25019,8.13410,27498.4,-22.0,7.6,93.1,-50.1,0.9,-1.0,RS41-SG,403.701,7.5,-875,11,2.6,08:27:27,
2026-09-23T12:13:59.996Z,X3843071,9459,44.25020,8.13420,27476.3,-22.1,9.5,82.3,-50.2,0.9,-1.0,RS41-SG,403.701,7.9,-875,11,2.6,08:27:27,
2026-09-23T12:14:28.996Z,X3843071,9488,44.25045,8.13684,26837.9,-22.2,16.2,119.7,-50.5,0.9,-1.0,RS41-SG,403.701,6.6,-875,11,2.6,08:27:27,
2026-09-23T12:14:31.996Z,X3843071,9491,44.25019,8.13732,26772.7,-20.8,15.4,136.3,-50.4,0.9,-1.0,RS41-SG,403.701,7.7,-875,11,2.7,08:27:27,
2026-09-23T12:14:50.996Z,X3843071,9510,44.25032,8.13932,26395.0,-19.1,13.6,140.2,-50.9,0.9,-1.0,RS41-SG,403.701,7.4,-875,11,2.7,08:27:27,
2026-09-23T12:16:32.996Z,X3843071,9612,44.25236,8.14223,24507.4,-17.4,8.0,266.3,-51.3,0.9,-1.0,RS41-SG,403.701,7.1,-875,11,2.6,08:27:27,
2026-09-23T12:16:45.996Z,X3843071,9625,44.25351,8.14266,24282.1,-17.7,9.8,87.2,-51.8,1.0,-1.0,RS41-SG,403.701,7.0,-875,11,2.6,08:27:27,
