timestamp,serial,frame,lat,lon,alt,vel_v,vel_h,heading,temp,humidity,pressure,type,freq_mhz,snr,f_error_hz,sats,batt_v,burst_timer,aux_data
2026-09-02T12:49:59.986Z,W4214316,8225,46.48124,7.68683,27816.8,4.4,7.2,39.5,-273.0,-1.0,-1.0,RS41,403.500,7.9,625,9,2.6,,0501057907A48A604B00
2026-09-02T12:50:01.986Z,W4214316,8227,46.48132,7.68693,27826.7,5.2,3.7,36.0,-273.0,-1.0,-1.0,RS41,403.500,7.3,625,9,2.5,,050105790797CA605C00
2026-09-02T12:50:14.986Z,W4214316,8240,46.48158,7.68725,27888.3,5.3,2.3,75.2,-273.0,-1.0,-1.0,RS41,403.500,7.7,625,9,2.6,,0501057407ADAA605200
2026-09-02T12:50:22.986Z,W4214316,8248,46.48153,7.68721,27926.4,3.8,4.9,4.9,-273.0,-1.0,-1.0,RS41,403.500,7.6,625,9,2.5,,05010571078AEA605B00
2026-09-02T12:50:25.986Z,W4214316,8251,46.48166,7.68723,27939.8,5.2,3.1,13.9,-273.0,-1.0,-1.0,RS41,403.500,7.4,625,9,2.6,,0501057007A87A505C00
2026-09-02T12:50:27.986Z,W4214316,8253,46.48168,7.68723,27949.9,4.8,1.0,213.3,-273.0,-1.0,-1.0,RS41,403.500,7.7,625,9,2.5,,0501057007A1DA605B00
2026-09-02T12:50:36.986Z,W4214316,8262,46.48176,7.68701,27991.2,3.9,6.3,1.4,-273.0,-1.0,-1.0,RS41,403.500,7.5,625,9,2.6,,0501056D078B9A605B00
2026-09-02T12:50:38.986Z,W4214316,8264,46.48185,7.68702,28000.4,5.1,3.9,11.1,-273.0,-1.0,-1.0,RS41,403.500,8.2,625,9,2.5,,0501056C078DAA604E00
2026-09-02T12:50:42.986Z,W4214316,8268,46.48186,7.68700,28019.6,4.6,1.7,206.9,-273.0,-1.0,-1.0,RS41,403.500,7.4,625,9,2.5,,0501W17403580000006EI
2026-09-02T12:50:50.986Z,W4214316,8276,46.48215,7.68702,28056.2,4.9,5.8,7.9,-273.0,-1.0,-1.0,RS41,403.500,7.7,625,9,2.6,,050105680794DA605300
2026-09-02T12:50:52.986Z,W4214316,8278,46.48222,7.68704,28066.2,5.0,1.5,11.3,-273.0,-1.0,-1.0,RS41,403.500,8.3,625,9,2.6,,05010567078F6A605400
2026-09-02T12:50:53.986Z,W4214316,8279,46.48223,7.68704,28070.9,4.3,0.4,328.1,-273.0,-1.0,-1.0,RS41,403.500,8.3,625,9,2.5,,0501056707854A605200
2026-09-02T12:50:54.986Z,W4214316,8280,46.48222,7.68704,28075.2,4.3,1.3,191.3,-273.0,-1.0,-1.0,RS41,403.500,8.2,625,9,2.5,,0501056707826A605100
2026-09-02T12:50:58.987Z,W4214316,8284,46.48226,7.68703,28095.4,5.7,5.4,9.4,-273.0,-1.0,-1.0,RS41,403.500,7.7,625,9,2.6,,05010566076EFA605300
2026-09-02T12:51:01.987Z,W4214316,8287,46.48248,7.68707,28108.7,4.3,9.8,9.6,-273.0,-1.0,-1.0,RS41,403.500,8.0,625,9,2.6,,050105640775DA505000
2026-09-02T12:51:02.987Z,W4214316,8288,46.48257,7.68709,28113.2,4.9,9.7,9.0,-273.0,-1.0,-1.0,RS41,403.500,8.3,625,9,2.6,,05010564077EDA605300
2026-09-02T12:51:03.987Z,W4214316,8289,46.48264,7.68711,28118.3,5.3,7.5,11.0,-273.0,-1.0,-1.0,RS41,403.500,8.6,625,9,2.6,,0501056407822A605400
2026-09-02T12:51:04.987Z,W4214316,8290,46.48270,7.68712,28123.7,5.6,5.4,4.9,-273.0,-1.0,-1.0,RS41,403.500,8.6,625,9,2.5,,05010563077F9A605300
2026-09-02T12:51:05.987Z,W4214316,8291,46.48274,7.68713,28129.0,5.1,2.5,14.9,-273.0,-1.0,-1.0,RS41,403.500,8.1,625,9,2.5,,050105630767AA504E00
2026-09-02T12:51:06.987Z,W4214316,8292,46.48275,7.68713,28133.4,3.8,0.8,321.2,-273.0,-1.0,-1.0,RS41,403.500,8.1,625,9,2.5,,05010563075B2A504F00
2026-09-02T12:51:07.987Z,W4214316,8293,46.48275,7.68713,28137.5,4.3,0.5,212.9,-273.0,-1.0,-1.0,RS41,403.500,7.9,625,9,2.6,,050105630765BA605200
2026-09-02T12:51:11.987Z,W4214316,8297,46.48281,7.68711,28157.9,5.3,5.7,3.4,-273.0,-1.0,-1.0,RS41,403.500,7.9,625,9,2.5,,0501056107818A505400
2026-09-02T12:51:13.987Z,W4214316,8299,46.48294,7.68714,28166.1,3.7,8.7,7.3,-273.0,-1.0,-1.0,RS41,403.500,8.1,625,9,2.6,,05010561077B8A505200
2026-09-02T12:51:14.987Z,W4214316,8300,46.48301,7.68716,28170.1,4.5,8.7,13.3,-273.0,-1.0,-1.0,RS41,403.500,8.3,625,9,2.6,,05010560077DEA505C00
2026-09-02T12:51:15.987Z,W4214316,8301,46.48308,7.68718,28175.0,5.3,7.3,8.1,-273.0,-1.0,-1.0,RS41,403.500,8.3,625,9,2.5,,0501056007768A505C00
2026-09-02T12:51:16.987Z,W4214316,8302,46.48314,7.68719,28180.4,5.5,6.1,11.6,-273.0,-1.0,-1.0,RS41,403.500,8.3,625,9,2.5,,05010560076F1A505B00
2026-09-02T12:51:17.987Z,W4214316,8303,46.48318,7.68721,28185.7,5.2,3.2,12.8,-273.0,-1.0,-1.0,RS41,403.500,8.2,625,9,2.5,,0501055F0760EA505A00
2026-09-02T12:51:18.987Z,W4214316,8304,46.48320,7.68721,28190.4,4.2,2.0,12.1,-273.0,-1.0,-1.0,RS41,403.500,8.2,625,9,2.6,,0501055F07593A505C00
2026-09-02T12:51:23.987Z,W4214316,8309,46.48326,7.68722,28213.4,5.8,4.6,12.0,-273.0,-1.0,-1.0,RS41,403.500,7.5,625,9,2.6,,0501055D07745A505A00
2026-09-02T12:51:42.987Z,W4214316,8328,46.48412,7.68758,28304.5,5.0,3.2,54.8,-273.0,-1.0,-1.0,RS41,403.500,8.0,625,9,2.6,,050105570756BA504D00
2026-09-02T12:51:52.987Z,W4214316,8338,46.48451,7.68788,28350.0,5.2,7.8,17.5,-273.0,-1.0,-1.0,RS41,403.500,7.7,625,9,2.6,,0501055407533A505B00
2026-09-02T12:51:56.987Z,W4214316,8342,46.48464,7.68800,28369.8,3.9,2.0,104.4,-273.0,-1.0,-1.0,RS41,403.500,7.5,625,9,2.6,,05010553074B7A505000
2026-09-02T12:51:57.987Z,W4214316,8343,46.48463,7.68802,28373.9,4.4,1.2,113.6,-273.0,-1.0,-1.0,RS41,403.500,7.5,625,9,2.6,,05010553074EEA605200
2026-09-02T12:51:58.987Z,W4214316,8344,46.48463,7.68804,28378.4,4.5,1.7,79.5,-273.0,-1.0,-1.0,RS41,403.500,7.6,625,9,2.6,,05010553074C9A605300
2026-09-02T12:52:02.987Z,W4214316,8348,46.48479,7.68809,28398.8,3.8,8.7,3.8,-273.0,-1.0,-1.0,RS41,403.500,8.0,625,9,2.6,,050105510749FA605400
2026-09-02T12:52:03.987Z,W4214316,8349,46.48487,7.68809,28402.9,4.4,9.1,3.3,-273.0,-1.0,-1.0,RS41,403.500,8.0,625,9,2.6,,05010551074EAA604A00
2026-09-02T12:52:04.987Z,W4214316,8350,46.48495,7.68810,28407.2,4.4,8.9,358.3,-273.0,-1.0,-1.0,RS41,403.500,7.9,625,9,2.6,,05010551074C1A504D00
2026-09-02T12:52:05.987Z,W4214316,8351,46.48502,7.68809,28412.1,5.2,7.0,0.8,-273.0,-1.0,-1.0,RS41,403.500,8.1,625,9,2.5,,0501055007508A505400
2026-09-02T12:52:09.987Z,W4214316,8355,46.48513,7.68806,28431.4,4.3,0.8,265.9,-273.0,-1.0,-1.0,RS41,403.500,7.5,625,9,2.6,,0501054F07407A605300
2026-09-02T12:52:12.987Z,W4214316,8358,46.48514,7.68806,28445.3,5.1,2.9,23.7,-273.0,-1.0,-1.0,RS41,403.500,7.7,625,9,2.5,,0501054E07430A505A00
2026-09-02T12:52:17.987Z,W4214316,8363,46.48546,7.68809,28468.0,4.5,8.0,354.8,-273.0,-1.0,-1.0,RS41,403.500,8.4,625,9,2.5,,0501054D073EEA605300
2026-09-02T12:52:21.987Z,W4214316,8367,46.48561,7.68798,28487.6,4.2,2.3,285.4,-273.0,-1.0,-1.0,RS41,403.500,7.9,625,9,2.5,,0501054C0729EA604D00
2026-09-02T12:52:22.987Z,W4214316,8368,46.48561,7.68796,28492.0,4.6,2.1,243.0,-273.0,-1.0,-1.0,RS41,403.500,8.5,625,9,2.5,,0501054B072BEA505500
2026-09-02T12:52:27.987Z,W4214316,8373,46.48571,7.68798,28516.8,4.0,6.9,17.0,-273.0,-1.0,-1.0,RS41,403.500,9.3,625,9,2.5,,0501054A072DDA504D00
2026-09-02T12:52:28.987Z,W4214316,8374,46.48578,7.68801,28520.7,3.8,8.6,18.1,-273.0,-1.0,-1.0,RS41,403.500,9.3,625,9,2.5,,0501054A072E1A505000
2026-09-02T12:52:29.987Z,W4214316,8375,46.48585,7.68804,28524.9,4.5,7.6,15.6,-273.0,-1.0,-1.0,RS41,403.500,9.1,625,9,2.6,,050105490734EA505C00
2026-09-02T12:52:30.987Z,W4214316,8376,46.48591,7.68807,28529.7,5.2,6.9,10.6,-273.0,-1.0,-1.0,RS41,403.500,9.1,625,9,2.6,,0501054907377A605B00
2026-09-02T12:52:31.987Z,W4214316,8377,46.48596,7.68808,28534.9,5.2,4.8,12.0,-273.0,-1.0,-1.0,RS41,403.500,8.3,625,9,2.6,,0501054907334A505200
2026-09-02T12:52:32.987Z,W4214316,8378,46.48600,7.68809,28539.9,4.9,2.9,357.8,-273.0,-1.0,-1.0,RS41,403.500,8.3,625,9,2.5,,05010548072B4A505400
2026-09-02T12:52:33.987Z,W4214316,8379,46.48601,7.68809,28544.3,3.9,0.8,24.7,-273.0,-1.0,-1.0,RS41,403.500,7.9,625,9,2.5,,050105480726EA504F00
2026-09-02T12:52:35.987Z,W4214316,8381,46.48601,7.68809,28552.9,4.4,0.4,91.5,-273.0,-1.0,-1.0,RS41,403.500,7.7,625,9,2.6,,0501054807250A605100
2026-09-02T12:52:38.987Z,W4214316,8384,46.48605,7.68814,28567.9,5.4,5.0,34.4,-273.0,-1.0,-1.0,RS41,403.500,7.9,625,9,2.6,,05010547072ACA505C00
2026-09-02T12:52:41.987Z,W4214316,8387,46.48622,7.68827,28580.3,4.4,7.7,20.8,-273.0,-1.0,-1.0,RS41,403.500,8.7,625,9,2.5,,0501054607207A505600
2026-09-02T12:52:42.987Z,W4214316,8388,46.48628,7.68830,28584.8,4.7,7.4,19.9,-273.0,-1.0,-1.0,RS41,403.500,8.7,625,9,2.6,,05010546072DCA505F00
2026-09-02T12:52:43.987Z,W4214316,8389,46.48633,7.68832,28589.8,5.3,4.8,15.6,-273.0,-1.0,-1.0,RS41,403.500,8.7,625,9,2.6,,0501W17403580000006EI
2026-09-02T12:52:45.987Z,W4214316,8391,46.48639,7.68833,28600.1,5.0,0.8,340.0,-273.0,-1.0,-1.0,RS41,403.500,7.4,625,9,2.5,,050105450712DA605500
2026-09-02T12:52:50.987Z,W4214316,8396,46.48639,7.68833,28624.8,5.7,3.4,41.6,-273.0,-1.0,-1.0,RS41,403.500,8.1,625,9,2.5,,0501054307229A605100
2026-09-02T12:52:52.987Z,W4214316,8398,46.48648,7.68842,28634.3,3.3,8.1,32.8,-273.0,-1.0,-1.0,RS41,403.500,8.0,625,9,2.5,,0501054307157A505600
2026-09-02T12:52:53.987Z,W4214316,8399,46.48655,7.68847,28637.6,3.4,8.9,27.3,-273.0,-1.0,-1.0,RS41-SG,403.500,9.1,625,9,2.6,,0501054307197A504F00
2026-09-02T12:52:54.987Z,W4214316,8400,46.48662,7.68853,28641.5,4.2,9.2,31.0,-273.0,-1.0,-1.0,RS41-SG,403.500,9.1,625,9,2.6,,05010543071DAA505A00
2026-09-02T12:52:55.987Z,W4214316,8401,46.48668,7.68858,28645.9,4.7,7.0,29.9,-273.0,-1.0,-1.0,RS41-SG,403.500,8.4,625,9,2.6,,050105420726EA605900
2026-09-02T12:52:59.987Z,W4214316,8405,46.48678,7.68865,28664.6,4.0,0.6,210.1,-273.0,-1.0,-1.0,RS41-SG,403.500,8.1,625,9,2.6,,050105410712BA604E00
2026-09-02T12:53:04.987Z,W4214316,8410,46.48688,7.68865,28690.1,4.6,7.2,21.5,-273.0,-1.0,-1.0,RS41-SG,403.500,7.4,625,9,2.6,,0501054007092A504C00
2026-09-02T12:53:08.987Z,W4214316,8414,46.48715,7.68886,28706.0,4.9,8.1,35.2,-273.0,-1.0,-1.0,RS41-SG,403.500,7.6,625,9,2.5,,
2026-09-02T12:53:09.987Z,W4214316,8415,46.48720,7.68892,28711.0,5.1,5.4,44.3,-273.0,-1.0,-1.0,RS41-SG,403.500,8.1,625,9,2.7,,0501053F07148A505700
2026-09-02T12:53:10.987Z,W4214316,8416,46.48723,7.68896,28716.2,5.4,3.4,43.1,-273.0,-1.0,-1.0,RS41-SG,403.500,8.1,625,9,2.6,,0501053E0711BA505900
2026-09-02T12:53:11.987Z,W4214316,8417,46.48724,7.68899,28721.1,4.3,1.9,82.1,-273.0,-1.0,-1.0,RS41-SG,403.500,8.8,625,9,2.6,,0501053E070DAA506100
2026-09-02T12:53:13.987Z,W4214316,8419,46.48724,7.68900,28729.9,4.8,0.4,107.4,-273.0,-1.0,-1.0,RS41-SG,403.500,8.2,625,9,2.5,,0501053E07028A505200
2026-09-02T12:53:16.987Z,W4214316,8422,46.48729,7.68902,28746.2,5.8,5.3,15.9,-273.0,-1.0,-1.0,RS41-SG,403.500,8.0,625,9,2.6,,0501053D07113A505400
2026-09-02T12:53:18.987Z,W4214316,8424,46.48742,7.68908,28754.8,3.1,9.0,23.1,-273.0,-1.0,-1.0,RS41-SG,403.500,7.6,625,9,2.6,,0501053D07002A505000
2026-09-02T12:53:19.987Z,W4214316,8425,46.48750,7.68912,28758.4,4.0,9.1,22.2,-273.0,-1.0,-1.0,RS41-SG,403.500,7.9,625,9,2.5,,0501053C06FF9A505B00
2026-09-02T12:53:20.987Z,W4214316,8426,46.48757,7.68917,28762.6,4.4,9.0,28.0,-273.0,-1.0,-1.0,RS41-SG,403.500,8.3,625,9,2.5,,0501053C06FE5A505D00
2026-09-02T12:53:21.987Z,W4214316,8427,46.48763,7.68922,28767.4,5.3,6.7,36.8,-273.0,-1.0,-1.0,RS41-SG,403.500,9.2,625,9,2.5,,0501053C0710FA504E00
2026-09-02T12:53:22.987Z,W4214316,8428,46.48767,7.68927,28772.7,5.3,5.4,39.8,-273.0,-1.0,-1.0,RS41-SG,403.500,9.2,625,9,2.6,,0501053C07074A505100
2026-09-02T12:53:23.987Z,W4214316,8429,46.48770,7.68932,28777.8,4.9,3.7,62.5,-273.0,-1.0,-1.0,RS41-SG,403.500,9.2,625,9,2.6,,0501053C07059A506100
2026-09-02T12:53:25.987Z,W4214316,8431,46.48771,7.68938,28786.4,4.6,2.3,95.8,-273.0,-1.0,-1.0,RS41-SG,403.500,8.1,625,9,2.5,,0501053B06F80A505B00
2026-09-02T12:53:28.987Z,W4214316,8434,46.48774,7.68945,28801.3,5.8,4.1,34.0,-273.0,-1.0,-1.0,RS41-SG,403.500,8.3,625,9,2.6,,0501053A06FC9A504D00
2026-09-02T12:53:29.987Z,W4214316,8435,46.48779,7.68948,28806.9,5.4,6.9,20.1,-273.0,-1.0,-1.0,RS41-SG,403.500,8.3,625,9,2.6,,0501053A06F8DA505700
2026-09-02T12:53:30.987Z,W4214316,8436,46.48785,7.68952,28811.4,3.6,8.2,25.1,-273.0,-1.0,-1.0,RS41-SG,403.500,8.3,625,9,2.5,,0501053A06E6FA506100
2026-09-02T12:53:31.987Z,W4214316,8437,46.48792,7.68956,28815.1,3.9,8.9,20.2,-273.0,-1.0,-1.0,RS41-SG,403.500,8.0,625,9,2.5,,0501053A06E85A505700
2026-09-02T12:53:32.987Z,W4214316,8438,46.48800,7.68961,28819.2,4.3,9.2,23.2,-273.0,-1.0,-1.0,RS41-SG,403.500,8.7,625,9,2.5,,0501053A06F0FA505C00
2026-09-02T12:53:33.987Z,W4214316,8439,46.48806,7.68965,28823.7,4.8,7.3,26.2,-273.0,-1.0,-1.0,RS41-SG,403.500,8.7,625,9,2.6,,0501053906F57A505900
2026-09-02T12:53:36.987Z,W4214316,8442,46.48818,7.68976,28838.4,4.3,2.4,50.4,-273.0,-1.0,-1.0,RS41-SG,403.500,7.8,625,9,2.5,,0501053906E7CA505500
2026-09-02T12:53:37.987Z,W4214316,8443,46.48819,7.68978,28842.7,4.3,2.3,86.9,-273.0,-1.0,-1.0,RS41-SG,403.500,8.2,625,9,2.5,,0501053906E0EA505F00
2026-09-02T12:53:39.987Z,W4214316,8445,46.48819,7.68983,28852.2,4.8,2.8,58.3,-273.0,-1.0,-1.0,RS41-SG,403.500,8.3,625,9,2.6,,0501053806E6AA505E00
2026-09-02T12:53:41.987Z,W4214316,8447,46.48824,7.68990,28863.0,5.6,6.0,30.7,-273.0,-1.0,-1.0,RS41-SG,403.500,8.3,625,9,2.5,,0501053806EC2A505C00
2026-09-02T12:53:42.987Z,W4214316,8448,46.48829,7.68995,28868.1,4.6,7.8,32.5,-273.0,-1.0,-1.0,RS41-SG,403.500,8.3,625,9,2.5,,0501053806EC7A504C00
2026-09-02T12:53:43.987Z,W4214316,8449,46.48836,7.69000,28872.4,3.9,8.8,24.8,-273.0,-1.0,-1.0,RS41-SG,403.500,8.2,625,9,2.5,,0501053806E52A505400
2026-09-02T12:53:44.987Z,W4214316,8450,46.48843,7.69005,28876.6,4.5,9.8,26.6,-273.0,-1.0,-1.0,RS41-SG,403.500,8.7,625,9,2.6,,0501W17403580000006EI
2026-09-02T12:53:45.987Z,W4214316,8451,46.48850,7.69011,28881.1,4.7,8.3,26.2,-273.0,-1.0,-1.0,RS41-SG,403.500,9.2,625,9,2.6,,0501053706EACA505100
2026-09-02T12:53:46.987Z,W4214316,8452,46.48857,7.69015,28886.1,5.5,7.1,25.5,-273.0,-1.0,-1.0,RS41-SG,403.500,9.2,625,9,2.6,,0501053706F56A505700
2026-09-02T12:53:47.987Z,W4214316,8453,46.48861,7.69019,28891.4,5.2,4.9,33.5,-273.0,-1.0,-1.0,RS41-SG,403.500,8.3,625,9,2.6,,0501053706EC3A505300
2026-09-02T12:53:49.987Z,W4214316,8455,46.48865,7.69024,28901.1,4.0,2.1,82.3,-273.0,-1.0,-1.0,RS41-SG,403.500,8.1,625,9,2.5,,0501053606D0EA504E00
2026-09-02T12:53:51.987Z,W4214316,8457,46.48865,7.69028,28909.6,4.5,2.2,87.9,-273.0,-1.0,-1.0,RS41-SG,403.500,8.1,625,9,2.6,,0501053606D18A505F00
2026-09-02T12:53:52.987Z,W4214316,8458,46.48865,7.69031,28914.3,5.0,2.9,79.8,-273.0,-1.0,-1.0,RS41-SG,403.500,8.0,625,9,2.6,,0501053506D8DA505400
2026-09-02T12:53:54.987Z,W4214316,8460,46.48870,7.69041,28924.7,5.2,6.8,46.1,-273.0,-1.0,-1.0,RS41-SG,403.500,8.2,625,9,2.5,,0501053506DEBA505600
2026-09-02T12:53:55.987Z,W4214316,8461,46.48875,7.69047,28929.7,4.8,8.2,34.7,-273.0,-1.0,-1.0,RS41-SG,403.500,8.4,625,9,2.5,,0501053506DA5A505300
2026-09-02T12:53:56.987Z,W4214316,8462,46.48882,7.69053,28933.9,3.6,9.9,33.2,-273.0,-1.0,-1.0,RS41-SG,403.500,8.8,625,9,2.6,,0501053506D99A505D00
2026-09-02T12:53:57.987Z,W4214316,8463,46.48889,7.69060,28937.9,4.4,9.1,31.6,-273.0,-1.0,-1.0,RS41-SG,403.500,8.9,625,9,2.6,,0501053406DD0A505D00
2026-09-02T12:53:58.987Z,W4214316,8464,46.48896,7.69066,28942.3,4.5,8.5,26.8,-273.0,-1.0,-1.0,RS41-SG,403.500,8.9,625,9,2.6,,0501053406DE7A505600
2026-09-02T12:53:59.987Z,W4214316,8465,46.48902,7.69070,28946.9,4.8,6.5,31.8,-273.0,-1.0,-1.0,RS41-SG,403.500,8.4,625,9,2.5,,0501053406E07A505600
2026-09-02T12:54:00.987Z,W4214316,8466,46.48906,7.69074,28951.6,4.7,4.3,29.4,-273.0,-1.0,-1.0,RS41-SG,403.500,8.3,625,9,2.5,,0501053406D87A505900
2026-09-02T12:54:01.987Z,W4214316,8467,46.48908,7.69077,28956.5,5.0,2.7,53.0,-273.0,-1.0,-1.0,RS41-SG,403.500,8.9,625,9,2.5,,0501053306DDBA504D00
2026-09-02T12:54:02.987Z,W4214316,8468,46.48909,7.69079,28961.2,4.3,1.7,118.6,-273.0,-1.0,-1.0,RS41-SG,403.500,8.9,625,9,2.6,,0501053306D41A505900
2026-09-02T12:54:04.987Z,W4214316,8470,46.48907,7.69084,28970.5,4.8,3.1,114.3,-273.0,-1.0,-1.0,RS41-SG,403.500,8.5,625,9,2.6,,0501053206D17A505B00
2026-09-02T12:54:06.987Z,W4214316,8472,46.48907,7.69094,28980.9,5.5,5.9,67.5,-273.0,-1.0,-1.0,RS41-SG,403.500,8.2,625,9,2.5,,0501053206D59A505300
2026-09-02T12:54:07.987Z,W4214316,8473,46.48910,7.69102,28986.4,5.6,7.3,53.2,-273.0,-1.0,-1.0,RS41-SG,403.500,8.4,625,9,2.5,,0501053206CFFA505000
2026-09-02T12:54:08.987Z,W4214316,8474,46.48915,7.69110,28991.3,4.0,9.9,44.9,-273.0,-1.0,-1.0,RS41-SG,403.500,9.1,625,9,2.5,,0501053106C89A506000
2026-09-02T12:54:09.987Z,W4214316,8475,46.48922,7.69119,28995.0,3.5,10.7,43.1,-273.0,-1.0,-1.0,RS41-SG,403.500,9.6,625,9,2.6,,0501053106C4EA505000
2026-09-02T12:54:10.987Z,W4214316,8476,46.48929,7.69128,28998.6,4.0,10.8,38.1,-273.0,-1.0,-1.0,RS41-SG,403.500,9.6,625,9,2.6,,0501053106CA7A505500
2026-09-02T12:54:11.987Z,W4214316,8477,46.48936,7.69137,29002.9,4.5,9.8,42.8,-273.0,-1.0,-1.0,RS41-SG,403.500,9.5,625,9,2.6,,0501053006CC8A505100
2026-09-02T12:54:12.987Z,W4214316,8478,46.48942,7.69144,29007.5,4.9,7.0,41.9,-273.0,-1.0,-1.0,RS41-SG,403.500,9.3,625,9,2.5,,0501053006D00A505C00
2026-09-02T12:54:13.987Z,W4214316,8479,46.48946,7.69150,29012.4,4.8,5.4,48.1,-273.0,-1.0,-1.0,RS41-SG,403.500,9.3,625,9,2.5,,0501053006CE0A505900
2026-09-02T12:54:14.987Z,W4214316,8480,46.48947,7.69154,29017.1,4.6,2.7,82.9,-273.0,-1.0,-1.0,RS41-SG,403.500,10.2,625,9,2.6,,0501053006CBDA504F00
2026-09-02T12:54:15.987Z,W4214316,8481,46.48947,7.69157,29021.6,4.3,1.8,120.9,-273.0,-1.0,-1.0,RS41-SG,403.500,10.2,625,9,2.6,,0501052F06BF8A505700
2026-09-02T12:54:16.987Z,W4214316,8482,46.48946,7.69159,29025.9,4.4,3.1,139.1,-273.0,-1.0,-1.0,RS41-SG,403.500,9.2,625,9,2.6,,0501052F06C65A505A00
2026-09-02T12:54:17.987Z,W4214316,8483,46.48944,7.69161,29030.5,4.8,2.4,140.9,-273.0,-1.0,-1.0,RS41-SG,403.500,9.2,625,9,2.5,,0501052F06C14A505B00
2026-09-02T12:54:18.987Z,W4214316,8484,46.48943,7.69164,29035.4,5.1,2.9,88.9,-273.0,-1.0,-1.0,RS41-SG,403.500,8.2,625,9,2.5,,0501052F06CBAA505100
2026-09-02T12:54:19.987Z,W4214316,8485,46.48944,7.69168,29040.7,5.6,3.9,70.7,-273.0,-1.0,-1.0,RS41-SG,403.500,8.9,625,9,2.5,,0501052E06C90A505500
2026-09-02T12:54:21.987Z,W4214316,8487,46.48951,7.69181,29050.5,3.8,9.1,47.2,-273.0,-1.0,-1.0,RS41-SG,403.500,9.6,625,9,2.6,,0501052E06BB7A504C00
2026-09-02T12:54:23.987Z,W4214316,8489,46.48964,7.69201,29058.6,4.6,11.7,48.7,-273.0,-1.0,-1.0,RS41-SG,403.500,8.4,625,9,2.6,,0501052D06BB3A505600
2026-09-02T12:54:24.987Z,W4214316,8490,46.48970,7.69212,29063.4,5.1,10.7,57.8,-273.0,-1.0,-1.0,RS41-SG,403.500,8.4,625,9,2.5,,0501052D06CD3A505C00
2026-09-02T12:54:25.987Z,W4214316,8491,46.48974,7.69224,29068.9,5.8,9.5,65.9,-273.0,-1.0,-1.0,RS41-SG,403.500,8.1,625,9,2.5,,0501052D06CC6A504C00
2026-09-02T12:54:26.987Z,W4214316,8492,46.48976,7.69235,29074.4,5.3,8.4,85.8,-273.0,-1.0,-1.0,RS41-SG,403.500,8.5,625,9,2.5,,0501052C06C40A505700
2026-09-02T12:54:27.987Z,W4214316,8493,46.48976,7.69245,29079.4,4.6,6.9,106.3,-273.0,-1.0,-1.0,RS41-SG,403.500,8.5,625,9,2.6,,0501052C06B76A506100
2026-09-02T12:54:28.987Z,W4214316,8494,46.48973,7.69253,29083.5,3.7,7.3,123.6,-273.0,-1.0,-1.0,RS41-SG,403.500,8.6,625,9,2.6,,0501052C06B45A504E00
2026-09-02T12:54:30.987Z,W4214316,8496,46.48964,7.69265,29090.9,4.0,5.6,143.1,-273.0,-1.0,-1.0,RS41-SG,403.500,9.1,625,9,2.5,,0501052B06B2AA505300
2026-09-02T12:54:31.987Z,W4214316,8497,46.48960,7.69269,29095.1,4.5,4.5,140.5,-273.0,-1.0,-1.0,RS41-SG,403.500,8.8,625,9,2.5,,0501052B06BA7A505F00
2026-09-02T12:54:32.987Z,W4214316,8498,46.48959,7.69272,29099.6,4.6,2.3,109.4,-273.0,-1.0,-1.0,RS41-SG,403.500,8.8,625,9,2.6,,0501052B06BF8A504E00
2026-09-02T12:54:33.987Z,W4214316,8499,46.48959,7.69276,29104.5,4.9,3.8,59.3,-273.0,-1.0,-1.0,RS41-SG,403.500,9.2,625,9,2.6,,0501052A06B6DA505500
2026-09-02T12:54:34.987Z,W4214316,8500,46.48962,7.69280,29109.2,4.5,5.2,37.8,-273.0,-1.0,-1.0,RS41-SG,403.500,9.6,625,9,2.6,,0501052A06ADEA504F00
2026-09-02T12:54:35.987Z,W4214316,8501,46.48967,7.69285,29113.3,3.7,7.7,34.3,-273.0,-1.0,-1.0,RS41-SG,403.500,9.6,625,9,2.5,,0501052A06A79A505C00
2026-09-02T12:54:36.987Z,W4214316,8502,46.48972,7.69291,29117.2,4.3,8.0,41.8,-273.0,-1.0,-1.0,RS41-SG,403.500,9.4,625,9,2.5,,0501052A06B0AA505600
2026-09-02T12:54:37.987Z,W4214316,8503,46.48977,7.69298,29121.9,5.1,7.8,46.2,-273.0,-1.0,-1.0,RS41-SG,403.500,9.4,625,9,2.5,,0501052906B82A505C00
2026-09-02T12:54:38.987Z,W4214316,8504,46.48981,7.69306,29127.3,5.6,7.3,69.2,-273.0,-1.0,-1.0,RS41-SG,403.500,9.4,625,9,2.6,,0501052906B9DA505C00
2026-09-02T12:54:39.987Z,W4214316,8505,46.48982,7.69314,29132.7,5.2,5.9,93.5,-273.0,-1.0,-1.0,RS41-SG,403.500,9.5,625,9,2.6,,0501052906B8EA505200
2026-09-02T12:54:40.987Z,W4214316,8506,46.48980,7.69322,29137.6,4.6,6.5,114.3,-273.0,-1.0,-1.0,RS41-SG,403.500,9.5,625,9,2.6,,0501052906AD0A504F00
2026-09-02T12:54:41.987Z,W4214316,8507,46.48977,7.69329,29141.6,3.4,7.5,139.1,-273.0,-1.0,-1.0,RS41-SG,403.500,9.8,625,9,2.6,,0501052806A2EA505200
2026-09-02T12:54:42.987Z,W4214316,8508,46.48971,7.69334,29145.1,3.7,7.1,150.1,-273.0,-1.0,-1.0,RS41-SG,403.500,9.8,625,9,2.5,,0501052806A1DA505100
2026-09-02T12:54:43.987Z,W4214316,8509,46.48966,7.69339,29149.1,4.4,7.0,151.9,-273.0,-1.0,-1.0,RS41-SG,403.500,9.3,625,9,2.5,,0501052806AC9A506000
2026-09-02T12:54:44.987Z,W4214316,8510,46.48961,7.69342,29153.8,5.1,4.9,160.5,-273.0,-1.0,-1.0,RS41-SG,403.500,9.3,625,9,2.5,,0501W17403580000006EI
2026-09-02T12:54:45.987Z,W4214316,8511,46.48958,7.69344,29159.0,5.3,2.4,132.4,-273.0,-1.0,-1.0,RS41-SG,403.500,9.2,625,9,2.6,,0501052706B5FA505500
2026-09-02T12:54:46.987Z,W4214316,8512,46.48958,7.69346,29164.3,5.3,1.4,67.3,-273.0,-1.0,-1.0,RS41-SG,403.500,9.2,625,9,2.6,,0501052706AC6A505C00
2026-09-02T12:54:47.987Z,W4214316,8513,46.48960,7.69348,29168.9,4.0,4.2,14.6,-273.0,-1.0,-1.0,RS41-SG,403.500,8.7,625,9,2.6,,0501052706A28A505000
2026-09-02T12:54:48.987Z,W4214316,8514,46.48964,7.69350,29172.5,3.3,5.7,18.5,-273.0,-1.0,-1.0,RS41-SG,403.500,8.9,625,9,2.5,,05010526069BDA505200
2026-09-02T12:54:49.987Z,W4214316,8515,46.48969,7.69352,29176.2,4.2,6.3,14.2,-273.0,-1.0,-1.0,RS41-SG,403.500,8.9,625,9,2.5,,05010526069F1A505D00
2026-09-02T12:54:50.987Z,W4214316,8516,46.48974,7.69355,29180.6,4.6,6.3,23.8,-273.0,-1.0,-1.0,RS41-SG,403.500,9.0,625,9,2.6,,0501052606A58A505F00
2026-09-02T12:54:51.987Z,W4214316,8517,46.48978,7.69358,29185.3,5.0,4.1,45.0,-273.0,-1.0,-1.0,RS41-SG,403.500,8.9,625,9,2.6,,0501052606AC8A505B00
2026-09-02T12:54:52.987Z,W4214316,8518,46.48980,7.69362,29190.3,5.1,3.2,72.5,-273.0,-1.0,-1.0,RS41-SG,403.500,9.3,625,9,2.6,,0501052606A77A504B00
2026-09-02T12:54:53.987Z,W4214316,8519,46.48979,7.69367,29195.2,4.7,4.7,122.3,-273.0,-1.0,-1.0,RS41-SG,403.500,9.5,625,9,2.5,,0501052506A04A505400
2026-09-02T12:54:54.987Z,W4214316,8520,46.48976,7.69371,29199.5,4.1,6.0,145.6,-273.0,-1.0,-1.0,RS41-SG,403.500,9.5,625,9,2.5,,05010525069BCA505E00
2026-09-02T12:54:55.987Z,W4214316,8521,46.48971,7.69376,29203.6,4.2,7.3,146.6,-273.0,-1.0,-1.0,RS41-SG,403.500,8.7,625,9,2.5,,05010525069D8A506000
2026-09-02T12:54:56.987Z,W4214316,8522,46.48965,7.69381,29208.3,5.1,7.7,151.7,-43.3,0.1,-1.0,RS41-SG,403.500,8.4,625,9,2.6,,05010525069E3A505300
2026-09-02T12:54:57.987Z,W4214316,8523,46.48960,7.69386,29213.6,5.6,5.6,143.7,-43.3,0.2,-1.0,RS41-SG,403.500,8.0,625,9,2.6,,0501052406A01A505500
2026-09-02T12:54:58.987Z,W4214316,8524,46.48957,7.69390,29219.3,5.9,4.4,122.3,-43.4,0.2,-1.0,RS41-SG,403.500,9.4,625,9,2.6,,0501052406A03A504F00
2026-09-02T12:55:00.987Z,W4214316,8526,46.48958,7.69399,29230.1,4.2,5.3,44.2,-43.4,0.1,-1.0,RS41-SG,403.500,8.7,625,9,2.5,,0501052406886A504D00
2026-09-02T12:55:01.987Z,W4214316,8527,46.48962,7.69404,29233.7,3.2,6.2,32.8,-43.3,0.1,-1.0,RS41-SG,403.500,9.1,625,9,2.5,,0501052306863A505200
2026-09-02T12:55:02.987Z,W4214316,8528,46.48968,7.69408,29237.1,3.6,7.8,23.0,-43.4,0.1,-1.0,RS41-SG,403.500,9.1,625,9,2.5,,05010523068F0A505900
2026-09-02T12:55:03.987Z,W4214316,8529,46.48974,7.69412,29241.1,4.3,7.3,29.6,-43.4,0.2,-1.0,RS41-SG,403.500,8.8,625,9,2.6,,05010523069C2A505F00
2026-09-02T12:55:04.987Z,W4214316,8530,46.48979,7.69416,29245.7,5.1,5.3,30.0,-43.3,0.1,-1.0,RS41-SG,403.500,8.8,625,9,2.6,,0501052306A55A505C00
2026-09-02T12:55:05.987Z,W4214316,8531,46.48982,7.69420,29250.9,5.2,3.9,47.1,-43.3,0.1,-1.0,RS41-SG,403.500,7.9,625,9,2.6,,05010523069DAA505200
2026-09-02T12:55:06.987Z,W4214316,8532,46.48983,7.69423,29255.6,4.4,2.5,112.9,-43.3,0.1,-1.0,RS41-SG,403.500,8.1,625,9,2.5,,0501052206972A505400
2026-09-02T12:55:07.987Z,W4214316,8533,46.48981,7.69426,29259.7,3.9,3.2,150.2,-43.2,0.1,-1.0,RS41-SG,403.500,8.8,625,9,2.5,,05010522068F1A505500
2026-09-02T12:55:08.987Z,W4214316,8534,46.48978,7.69428,29263.7,4.1,5.3,157.1,-43.2,0.2,-1.0,RS41-SG,403.500,10.0,625,9,2.6,,0501052206910A505100
2026-09-02T12:55:10.987Z,W4214316,8536,46.48969,7.69432,29273.2,5.5,3.9,155.0,-43.2,0.1,-1.0,RS41-SG,403.500,8.3,625,9,2.6,,05010522069E6A504E00
2026-09-02T12:55:11.987Z,W4214316,8537,46.48967,7.69434,29279.0,6.1,2.8,136.5,-43.2,0.1,-1.0,RS41-SG,403.500,8.3,625,9,2.5,,05010521069A2A505200
2026-09-02T12:55:12.987Z,W4214316,8538,46.48966,7.69436,29284.8,5.7,2.4,51.4,-43.1,0.1,-1.0,RS41-SG,403.500,8.3,625,9,2.5,,0501052106930A504F00
2026-09-02T12:55:13.987Z,W4214316,8539,46.48969,7.69440,29289.9,4.6,5.1,36.6,-43.2,0.1,-1.0,RS41-SG,403.500,8.6,625,9,2.5,,0501052106848A505900
2026-09-02T12:55:14.987Z,W4214316,8540,46.48973,7.69443,29293.7,3.2,6.5,24.9,-43.1,0.2,-1.0,RS41-SG,403.500,9.2,625,9,2.6,,0501052106823A505900
2026-09-02T12:55:15.987Z,W4214316,8541,46.48979,7.69447,29297.1,3.4,8.6,23.1,-43.1,0.1,-1.0,RS41-SG,403.500,9.2,625,9,2.6,,0501052006832A504C00
2026-09-02T12:55:16.987Z,W4214316,8542,46.48986,7.69452,29300.8,4.0,7.8,26.5,-43.1,0.1,-1.0,RS41-SG,403.500,9.2,625,9,2.6,,05010520068CCA505600
2026-09-02T12:55:17.987Z,W4214316,8543,46.48992,7.69456,29305.3,5.1,6.6,27.0,-43.0,0.1,-1.0,RS41-SG,403.500,9.4,625,9,2.6,,0501052006909A505E00
2026-09-02T12:55:18.987Z,W4214316,8544,46.48996,7.69460,29310.5,5.3,5.0,46.9,-43.1,0.1,-1.0,RS41-SG,403.500,9.4,625,9,2.5,,050105200692CA505400
2026-09-02T12:55:19.987Z,W4214316,8545,46.48998,7.69465,29315.8,5.2,2.8,88.0,-43.0,0.1,-1.0,RS41-SG,403.500,10.7,625,9,2.5,,0501052006877A505C00
2026-09-02T12:55:20.987Z,W4214316,8546,46.48997,7.69468,29320.6,4.5,3.4,124.0,-43.0,0.1,-1.0,RS41-SG,403.500,10.7,625,9,2.5,,05010520067C3A504E00
2026-09-02T12:55:21.987Z,W4214316,8547,46.48994,7.69472,29324.6,3.8,5.2,146.2,-43.0,0.2,-1.0,RS41-SG,403.500,9.2,625,9,2.6,,0501051F067F3A505500
2026-09-02T12:55:22.987Z,W4214316,8548,46.48990,7.69475,29328.6,4.3,5.6,152.9,-42.9,0.1,-1.0,RS41-SG,403.500,8.9,625,9,2.6,,0501051F06800A505100
2026-09-02T12:55:23.987Z,W4214316,8549,46.48986,7.69480,29333.2,5.1,5.5,137.7,-43.0,0.1,-1.0,RS41-SG,403.500,9.2,625,9,2.6,,0501051F0687BA505D00
2026-09-02T12:55:24.987Z,W4214316,8550,46.48983,7.69484,29338.5,5.7,4.8,127.7,-42.9,0.1,-1.0,RS41-SG,403.500,9.2,625,9,2.5,,0501051F0688AA506000
2026-09-02T12:55:25.987Z,W4214316,8551,46.48982,7.69489,29344.1,5.5,4.0,84.6,-42.9,0.1,-1.0,RS41-SG,403.500,9.6,625,9,2.5,,0501051E06829A505200
2026-09-02T12:55:26.987Z,W4214316,8552,46.48983,7.69495,29349.2,4.9,5.5,60.4,-42.9,0.1,-1.0,RS41-SG,403.500,9.7,625,9,2.6,,0501051E067C0A505400
2026-09-02T12:55:27.987Z,W4214316,8553,46.48986,7.69501,29353.7,4.1,6.7,39.2,-42.8,0.1,-1.0,RS41-SG,403.500,10.8,625,9,2.6,,0501051E066E3A504F00
2026-09-02T12:55:28.987Z,W4214316,8554,46.48992,7.69507,29357.7,3.8,8.3,33.3,-42.9,0.1,-1.0,RS41-SG,403.500,10.8,625,9,2.6,,0501051E06773A505A00
2026-09-02T12:55:29.987Z,W4214316,8555,46.48998,7.69512,29362.0,4.8,7.4,29.1,-42.9,0.1,-1.0,RS41-SG,403.500,9.5,625,9,2.5,,0501051E067BEA505100
2026-09-02T12:55:31.987Z,W4214316,8557,46.49008,7.69519,29372.7,5.8,4.2,36.8,-42.9,0.1,-1.0,RS41-SG,403.500,8.8,625,9,2.6,,0501051E0683AA505600
2026-09-02T12:55:32.987Z,W4214316,8558,46.49009,7.69522,29378.2,5.3,1.4,67.2,-42.8,0.1,-1.0,RS41-SG,403.500,9.7,625,9,2.6,,0501051D067FCA505300
2026-09-02T12:55:33.987Z,W4214316,8559,46.49009,7.69524,29383.0,4.3,2.1,127.9,-42.8,0.1,-1.0,RS41-SG,403.500,9.7,625,9,2.6,,0501051D067A9A505E00
2026-09-02T12:55:34.987Z,W4214316,8560,46.49007,7.69526,29387.0,3.7,4.1,157.1,-42.9,0.1,-1.0,RS41-SG,403.500,9.9,625,9,2.6,,0501051D0670AA505C00
2026-09-02T12:55:35.987Z,W4214316,8561,46.49003,7.69528,29390.9,4.2,4.8,154.0,-42.8,0.1,-1.0,RS41-SG,403.500,9.9,625,9,2.6,,0501051D06719A504D00
2026-09-02T12:55:36.987Z,W4214316,8562,46.48999,7.69532,29395.5,4.9,5.5,133.1,-42.9,0.1,-1.0,RS41-SG,403.500,9.9,625,9,2.5,,0501051D0670CA505300
2026-09-02T12:55:38.987Z,W4214316,8564,46.48996,7.69544,29406.1,5.4,5.7,87.2,-42.9,0.1,-1.0,RS41-SG,403.500,8.0,625,9,2.5,,0501051C067CFA505200
2026-09-02T12:55:39.987Z,W4214316,8565,46.48997,7.69552,29411.3,5.0,7.3,69.9,-43.0,0.1,-1.0,RS41-SG,403.500,10.9,625,9,2.6,,0501051C06799A505D00
2026-09-02T12:55:40.987Z,W4214316,8566,46.49000,7.69561,29415.4,3.5,8.1,56.1,-42.9,0.1,-1.0,RS41-SG,403.500,10.9,625,9,2.6,,0501051C0668AA504C00
2026-09-02T12:55:41.987Z,W4214316,8567,46.49005,7.69570,29419.3,4.1,9.6,52.2,-43.0,0.1,-1.0,RS41-SG,403.500,10.3,625,9,2.6,,0501051B06634A505500
2026-09-02T12:55:42.987Z,W4214316,8568,46.49010,7.69580,29423.6,4.7,8.5,50.6,-43.0,0.1,-1.0,RS41-SG,403.500,10.3,625,9,2.5,,0501051B0666FA504E00
2026-09-02T12:55:43.987Z,W4214316,8569,46.49014,7.69587,29428.6,5.2,7.3,47.9,-43.0,0.1,-1.0,RS41-SG,403.500,10.3,625,9,2.5,,0501051B066AEA505B00
2026-09-02T12:55:44.987Z,W4214316,8570,46.49018,7.69594,29433.9,5.3,5.3,63.2,-43.0,0.1,-1.0,RS41-SG,403.500,9.7,625,9,2.6,,0501051B06744A505900
2026-09-02T12:55:45.987Z,W4214316,8571,46.49019,7.69599,29438.9,4.9,3.1,89.8,-43.0,0.1,-1.0,RS41-SG,403.500,10.0,625,9,2.6,,0501W17403580000006EI
2026-09-02T12:55:46.987Z,W4214316,8572,46.49018,7.69603,29443.6,4.4,3.3,126.9,-43.0,0.1,-1.0,RS41-SG,403.500,10.0,625,9,2.6,,0501051A066A2A505600
2026-09-02T12:55:47.987Z,W4214316,8573,46.49015,7.69606,29447.8,4.0,5.0,157.3,-43.1,0.1,-1.0,RS41-SG,403.500,9.9,625,9,2.5,,0501051A06600A505C00
2026-09-02T12:55:48.987Z,W4214316,8574,46.49011,7.69608,29452.0,4.5,4.8,160.0,-43.1,0.1,-1.0,RS41-SG,403.500,9.5,625,9,2.5,,0501051A06632A505800
2026-09-02T12:55:49.987Z,W4214316,8575,46.49007,7.69611,29456.7,4.9,5.0,144.4,-43.1,0.1,-1.0,RS41-SG,403.500,9.1,625,9,2.5,,0501051A06651A505D00
2026-09-02T12:55:50.987Z,W4214316,8576,46.49004,7.69615,29462.1,6.1,3.7,129.4,-43.2,0.1,-1.0,RS41-SG,403.500,9.3,625,9,2.6,,0501051A066C9A505F00
2026-09-02T12:55:51.987Z,W4214316,8577,46.49003,7.69620,29467.9,5.6,4.4,81.2,-43.2,0.1,-1.0,RS41-SG,403.500,9.3,625,9,2.6,,05010519066BEA505D00
2026-09-02T12:55:52.987Z,W4214316,8578,46.49005,7.69626,29473.3,5.2,6.0,63.6,-43.2,0.1,-1.0,RS41-SG,403.500,10.4,625,9,2.6,,05010519066A0A504C00
2026-09-02T12:55:53.987Z,W4214316,8579,46.49008,7.69633,29477.6,3.5,7.6,46.0,-43.2,0.1,-1.0,RS41-SG,403.500,10.4,625,9,2.6,,05010519065FBA504A00
2026-09-02T12:55:54.987Z,W4214316,8580,46.49014,7.69641,29481.4,3.9,9.4,45.4,-43.2,0.1,-1.0,RS41-SG,403.500,9.7,625,9,2.5,,0501051906585A505000
2026-09-02T12:55:55.987Z,W4214316,8581,46.49019,7.69649,29485.4,4.4,8.5,44.6,-43.2,0.1,-1.0,RS41-SG,403.500,10.0,625,9,2.5,,05010519065C1A505400
2026-09-02T12:55:56.987Z,W4214316,8582,46.49024,7.69656,29490.2,5.2,7.8,45.0,-43.3,0.1,-1.0,RS41-SG,403.500,10.0,625,9,2.5,,0501051806630A505000
2026-09-02T12:55:57.987Z,W4214316,8583,46.49028,7.69663,29495.5,5.4,5.9,60.4,-43.3,0.1,-1.0,RS41-SG,403.500,9.7,625,9,2.6,,05010518066A1A505300
2026-09-02T12:55:58.987Z,W4214316,8584,46.49030,7.69669,29500.8,5.2,3.6,82.8,-43.2,0.1,-1.0,RS41-SG,403.500,10.6,625,9,2.6,,0501051806668A505F00
2026-09-02T12:55:59.987Z,W4214316,8585,46.49029,7.69674,29505.6,4.5,3.8,117.2,-43.2,0.1,-1.0,RS41-SG,403.500,10.6,625,9,2.6,,0501051806625A505700
2026-09-02T12:56:00.987Z,W4214316,8586,46.49026,7.69678,29509.6,3.7,5.3,149.2,-43.3,0.1,-1.0,RS41-SG,403.500,10.2,625,9,2.6,,050105170654BA504B00
2026-09-02T12:56:01.987Z,W4214316,8587,46.49022,7.69681,29513.6,4.3,5.0,153.7,-43.2,0.1,-1.0,RS41-SG,403.500,10.2,625,9,2.5,,050105170657EA504D00
2026-09-02T12:56:02.987Z,W4214316,8588,46.49018,7.69684,29518.1,4.7,5.6,140.8,-43.3,0.1,-1.0,RS41-SG,403.500,9.7,625,9,2.5,,050105170656DA505400
2026-09-02T12:56:04.987Z,W4214316,8590,46.49014,7.69694,29528.6,5.4,4.6,88.4,-43.3,0.1,-1.0,RS41-SG,403.500,9.2,625,9,2.6,,0501051706605A505000
2026-09-02T12:56:05.987Z,W4214316,8591,46.49015,7.69701,29533.9,5.3,6.0,66.0,-43.3,0.1,-1.0,RS41-SG,403.500,10.2,625,9,2.6,,05010516065DEA504F00
2026-09-02T12:56:06.987Z,W4214316,8592,46.49018,7.69708,29538.4,3.8,7.1,47.9,-43.3,0.1,-1.0,RS41-SG,403.500,10.8,625,9,2.6,,050105160650DA505A00
2026-09-02T12:56:07.987Z,W4214316,8593,46.49023,7.69715,29542.4,4.2,9.0,42.6,-43.3,0.2,-1.0,RS41-SG,403.500,10.8,625,9,2.5,,05010516064E2A505100
2026-09-02T12:56:08.987Z,W4214316,8594,46.49029,7.69722,29546.9,5.0,8.0,38.5,-43.3,0.1,-1.0,RS41-SG,403.500,10.3,625,9,2.5,,0501051606543A505600
2026-09-02T12:56:09.987Z,W4214316,8595,46.49035,7.69728,29552.1,5.4,6.8,30.7,-43.3,0.1,-1.0,RS41-SG,403.500,10.3,625,9,2.6,,050105150656DA505D00
2026-09-02T12:56:10.987Z,W4214316,8596,46.49039,7.69732,29557.6,5.6,4.6,41.0,-43.3,0.1,-1.0,RS41-SG,403.500,9.8,625,9,2.6,,0501051506580A505500
2026-09-02T12:56:11.987Z,W4214316,8597,46.49041,7.69735,29562.9,5.2,1.3,51.3,-43.3,0.1,-1.0,RS41-SG,403.500,10.9,625,9,2.6,,050105150655FA505700
2026-09-02T12:56:12.987Z,W4214316,8598,46.49041,7.69736,29567.8,4.7,1.2,151.9,-43.3,0.1,-1.0,RS41-SG,403.500,10.9,625,9,2.5,,050105150652CA505B00
2026-09-02T12:56:13.987Z,W4214316,8599,46.49038,7.69736,29572.0,3.8,3.7,180.7,-43.3,0.1,-1.0,RS41-SG,403.500,9.9,625,9,2.5,,050105150648FA505100
2026-09-02T12:56:14.987Z,W4214316,8600,46.49035,7.69736,29576.1,4.5,4.5,186.4,-43.2,0.1,-1.0,RS41-SG,403.500,9.6,625,9,2.5,,05010515064C1A504B00
2026-09-02T12:56:15.987Z,W4214316,8601,46.49031,7.69736,29580.9,5.2,4.0,166.2,-43.2,0.1,-1.0,RS41-SG,403.500,8.3,625,9,2.6,,05010514064A0A505300
2026-09-02T12:56:16.987Z,W4214316,8602,46.49028,7.69738,29586.4,5.8,3.4,148.4,-43.2,0.1,-1.0,RS41-SG,403.500,9.9,625,9,2.6,,0501051406507A505C00
2026-09-02T12:56:17.987Z,W4214316,8603,46.49027,7.69741,29592.0,5.6,2.7,82.5,-43.1,0.1,-1.0,RS41-SG,403.500,9.9,625,9,2.6,,050105140652BA505F00
2026-09-02T12:56:18.987Z,W4214316,8604,46.49028,7.69745,29597.2,4.9,5.0,60.7,-43.1,0.1,-1.0,RS41-SG,403.500,9.9,625,9,2.6,,0501051406505A505300
2026-09-02T12:56:19.987Z,W4214316,8605,46.49031,7.69751,29601.8,4.3,6.3,41.5,-43.0,0.1,-1.0,RS41-SG,403.500,10.5,625,9,2.5,,0501051306463A505400
2026-09-02T12:56:20.987Z,W4214316,8606,46.49036,7.69756,29605.7,3.6,8.5,33.7,-43.1,0.1,-1.0,RS41-SG,403.500,10.5,625,9,2.5,,05010513063F5A505500
2026-09-02T12:56:21.987Z,W4214316,8607,46.49043,7.69762,29609.6,4.3,8.1,30.8,-43.1,0.1,-1.0,RS41-SG,403.500,10.0,625,9,2.5,,05010513063F4A504F00
2026-09-02T12:56:22.987Z,W4214316,8608,46.49049,7.69766,29614.2,4.9,6.9,20.6,-43.0,0.1,-1.0,RS41-SG,403.500,10.5,625,9,2.6,,05010513064BFA505300
2026-09-02T12:56:23.987Z,W4214316,8609,46.49054,7.69769,29619.3,5.4,5.1,22.4,-43.0,0.1,-1.0,RS41-SG,403.500,10.5,625,9,2.6,,05010513064D9A505800
2026-09-02T12:56:24.987Z,W4214316,8610,46.49057,7.69771,29624.7,5.3,1.7,7.6,-43.0,0.1,-1.0,RS41-SG,403.500,10.2,625,9,2.6,,05010512064D9A504C00
2026-09-02T12:56:25.987Z,W4214316,8611,46.49057,7.69770,29629.8,5.0,1.1,259.1,-43.0,0.1,-1.0,RS41-SG,403.500,10.2,625,9,2.6,,05010512064ACA505400
2026-09-02T12:56:26.987Z,W4214316,8612,46.49056,7.69769,29634.4,4.3,3.0,194.0,-43.0,0.1,-1.0,RS41-SG,403.500,9.9,625,9,2.5,,05010512063E0A505E00
2026-09-02T12:56:27.987Z,W4214316,8613,46.49053,7.69768,29638.8,4.8,4.6,197.8,-43.0,0.1,-1.0,RS41-SG,403.500,9.9,625,9,2.5,,05010512063EDA505D00
2026-09-02T12:56:28.987Z,W4214316,8614,46.49049,7.69767,29643.8,5.1,3.7,180.6,-43.0,0.1,-1.0,RS41-SG,403.500,9.9,625,9,2.5,,050105110640CA505B00
2026-09-02T12:56:29.987Z,W4214316,8615,46.49046,7.69767,29649.2,5.8,3.2,155.0,-43.1,0.1,-1.0,RS41-SG,403.500,10.1,625,9,2.6,,0501051106470A505600
2026-09-02T12:56:30.987Z,W4214316,8616,46.49044,7.69770,29654.8,5.7,2.3,100.6,-43.0,0.1,-1.0,RS41-SG,403.500,10.1,625,9,2.6,,05010511064B2A505000
2026-09-02T12:56:31.987Z,W4214316,8617,46.49045,7.69774,29660.5,5.6,5.0,61.5,-43.1,0.1,-1.0,RS41-SG,403.500,9.0,625,9,2.6,,050105110645FA505300
2026-09-02T12:56:32.987Z,W4214316,8618,46.49048,7.69780,29665.6,4.6,6.5,49.4,-43.1,0.1,-1.0,RS41-SG,403.500,9.6,625,9,2.5,,0501051106352A505200
2026-09-02T12:56:33.987Z,W4214316,8619,46.49053,7.69787,29669.5,3.4,8.6,35.8,-43.1,0.1,-1.0,RS41-SG,403.500,9.7,625,9,2.5,,050105100631FA505400
2026-09-02T12:56:34.987Z,W4214316,8620,46.49060,7.69794,29673.3,4.1,9.0,37.0,-43.1,0.1,-1.0,RS41-SG,403.500,9.7,625,9,2.6,,050105100636CA505B00
2026-09-02T12:56:35.987Z,W4214316,8621,46.49066,7.69799,29677.7,4.8,7.3,29.7,-43.1,0.1,-1.0,RS41-SG,403.500,9.6,625,9,2.6,,05010510063F5A505C00
2026-09-02T12:56:36.987Z,W4214316,8622,46.49071,7.69804,29682.9,5.6,6.0,28.5,-43.1,0.1,-1.0,RS41-SG,403.500,9.6,625,9,2.6,,050105100644CA505000
2026-09-02T12:56:37.987Z,W4214316,8623,46.49074,7.69806,29688.1,5.1,2.9,32.7,-43.1,0.1,-1.0,RS41-SG,403.500,10.2,625,9,2.5,,0501050F06414A504B00
2026-09-02T12:56:38.987Z,W4214316,8624,46.49076,7.69807,29693.1,4.9,0.3,296.3,-43.1,0.1,-1.0,RS41-SG,403.500,10.3,625,9,2.5,,0501050F063D2A504C00
2026-09-02T12:56:39.987Z,W4214316,8625,46.49075,7.69807,29697.4,3.8,1.8,191.4,-43.1,0.1,-1.0,RS41-SG,403.500,10.5,625,9,2.5,,0501050F0633BA505200
2026-09-02T12:56:40.987Z,W4214316,8626,46.49072,7.69806,29701.4,4.3,3.9,192.0,-43.1,0.1,-1.0,RS41-SG,403.500,9.6,625,9,2.6,,0501050F0637EA505500
2026-09-02T12:56:41.987Z,W4214316,8627,46.49069,7.69805,29706.0,5.0,3.1,192.4,-43.1,0.1,-1.0,RS41-SG,403.500,9.2,625,9,2.6,,0501050F0635FA505000
2026-09-02T12:56:42.987Z,W4214316,8628,46.49067,7.69806,29711.1,5.3,2.4,148.6,-43.1,0.2,-1.0,RS41-SG,403.500,9.2,625,9,2.6,,0501050E063B1A504E00
2026-09-02T12:56:44.987Z,W4214316,8630,46.49068,7.69811,29722.5,5.4,4.7,46.4,-43.1,0.1,-1.0,RS41-SG,403.500,9.5,625,9,2.5,,0501050E06355A505400
2026-09-02T12:56:45.987Z,W4214316,8631,46.49072,7.69816,29727.5,4.7,7.4,41.1,-43.2,0.1,-1.0,RS41-SG,403.500,9.5,625,9,2.5,,0501W17403580000006EI
2026-09-02T12:56:46.987Z,W4214316,8632,46.49077,7.69823,29731.8,4.1,9.1,32.6,-43.1,0.1,-1.0,RS41-SG,403.500,9.5,625,9,2.5,,0501050D062C6A505200
2026-09-02T12:56:47.987Z,W4214316,8633,46.49085,7.69829,29735.9,4.2,10.6,31.7,-43.2,0.1,-1.0,RS41-SG,403.500,9.6,625,9,2.6,,0501050D062D1A505600
2026-09-02T12:56:48.987Z,W4214316,8634,46.49092,7.69836,29740.4,4.9,9.0,30.4,-43.2,0.1,-1.0,RS41-SG,403.500,10.2,625,9,2.6,,0501050D06301A505800
2026-09-02T12:56:49.987Z,W4214316,8635,46.49099,7.69841,29745.6,5.5,7.4,21.7,-43.2,0.1,-1.0,RS41-SG,403.500,10.2,625,9,2.6,,0501050D06394A505200
2026-09-02T12:56:50.987Z,W4214316,8636,46.49104,7.69844,29751.1,5.5,4.9,24.6,-43.2,0.1,-1.0,RS41-SG,403.500,9.9,625,9,2.6,,0501050D0636AA505400
2026-09-02T12:56:51.987Z,W4214316,8637,46.49107,7.69845,29756.2,4.9,1.2,349.2,-43.2,0.1,-1.0,RS41-SG,403.500,10.3,625,9,2.5,,0501050C06303A505900
2026-09-02T12:56:52.987Z,W4214316,8638,46.49107,7.69844,29760.6,4.1,1.9,254.6,-43.2,0.1,-1.0,RS41-SG,403.500,10.3,625,9,2.5,,0501050C06253A505A00
2026-09-02T12:56:53.987Z,W4214316,8639,46.49105,7.69841,29764.6,4.0,3.1,213.5,-43.2,0.1,-1.0,RS41-SG,403.500,9.5,625,9,2.5,,0501050C0628FA504F00
2026-09-02T12:56:54.987Z,W4214316,8640,46.49103,7.69839,29769.1,5.1,4.1,216.1,-43.2,0.1,-1.0,RS41-SG,403.500,9.1,625,9,2.6,,0501050B06317A504900
2026-09-02T12:56:56.987Z,W4214316,8642,46.49100,7.69836,29780.1,5.9,0.8,99.0,-43.2,0.1,-1.0,RS41-SG,403.500,9.1,625,9,2.6,,0501050B063A6A505400
2026-09-02T12:56:57.987Z,W4214316,8643,46.49101,7.69838,29786.0,6.0,3.0,43.9,-43.1,0.1,-1.0,RS41-SG,403.500,9.0,625,9,2.5,,0501050B0636AA504F00
2026-09-02T12:56:58.987Z,W4214316,8644,46.49104,7.69842,29791.4,4.7,6.8,40.8,-43.2,0.1,-1.0,RS41-SG,403.500,9.2,625,9,2.5,,0501050B0621CA505400
2026-09-02T12:56:59.987Z,W4214316,8645,46.49109,7.69849,29795.4,3.6,9.3,41.7,-43.2,0.1,-1.0,RS41-SG,403.500,9.2,625,9,2.6,,0501050A06152A505D00
2026-09-02T12:57:00.987Z,W4214316,8646,46.49116,7.69857,29799.1,3.8,10.6,39.5,-43.2,0.1,-1.0,RS41-SG,403.500,8.7,625,9,2.6,,0501050A06182A504E00
2026-09-02T12:57:01.987Z,W4214316,8647,46.49123,7.69867,29803.5,4.8,11.3,42.1,-43.2,0.1,-1.0,RS41-SG,403.500,9.1,625,9,2.6,,0501050A06240A505500
2026-09-02T12:57:02.987Z,W4214316,8648,46.49130,7.69876,29808.6,5.5,9.1,47.2,-43.2,0.1,-1.0,RS41-SG,403.500,9.9,625,9,2.5,,0501050A062BDA505500
2026-09-02T12:57:03.987Z,W4214316,8649,46.49135,7.69883,29814.3,5.8,6.6,45.6,-43.2,0.1,-1.0,RS41-SG,403.500,10.2,625,9,2.5,,05010509062FFA505200
2026-09-02T12:57:04.987Z,W4214316,8650,46.49138,7.69889,29819.9,5.5,4.5,61.8,-43.2,0.1,-1.0,RS41-SG,403.500,10.2,625,9,2.6,,050105090629AA505C00
2026-09-02T12:57:05.987Z,W4214316,8651,46.49138,7.69893,29825.0,4.6,2.0,122.7,-43.2,0.1,-1.0,RS41-SG,403.500,9.6,625,9,2.6,,05010509061FFA505800
2026-09-02T12:57:06.987Z,W4214316,8652,46.49137,7.69894,29829.1,3.7,2.1,176.4,-43.2,0.1,-1.0,RS41-SG,403.500,9.9,625,9,2.5,,050105090618AA504C00
2026-09-02T12:57:07.987Z,W4214316,8653,46.49134,7.69894,29833.1,4.3,3.3,174.9,-43.2,0.1,-1.0,RS41-SG,403.500,9.9,625,9,2.5,,05010509061D5A505600
2026-09-02T12:57:08.987Z,W4214316,8654,46.49132,7.69894,29838.0,5.4,2.8,189.7,-43.3,0.1,-1.0,RS41-SG,403.500,8.9,625,9,2.6,,050105080623DA505300
2026-09-02T12:57:09.987Z,W4214316,8655,46.49130,7.69894,29843.5,5.7,0.6,132.3,-43.3,0.1,-1.0,RS41-SG,403.500,9.8,625,9,2.6,,05010508062A4A505E00
2026-09-02T12:57:10.987Z,W4214316,8656,46.49131,7.69896,29849.1,5.6,2.9,48.7,-43.3,0.1,-1.0,RS41-SG,403.500,9.8,625,9,2.6,,0501050806265A504900
2026-09-02T12:57:11.987Z,W4214316,8657,46.49134,7.69899,29854.9,5.9,5.6,33.6,-43.3,0.1,-1.0,RS41-SG,403.500,9.3,625,9,2.5,,0501050806220A505100
2026-09-02T12:57:12.987Z,W4214316,8658,46.49139,7.69905,29859.8,4.1,9.1,34.0,-43.4,0.1,-1.0,RS41-SG,403.500,9.6,625,9,2.5,,050105070614FA505000
2026-09-02T12:57:13.987Z,W4214316,8659,46.49147,7.69912,29863.6,3.4,10.8,35.9,-43.4,0.1,-1.0,RS41-SG,403.500,10.0,625,9,2.6,,0501050706130A505500
2026-09-02T12:57:14.987Z,W4214316,8660,46.49155,7.69920,29867.4,4.4,11.5,34.8,-43.4,0.1,-1.0,RS41-SG,403.500,10.4,625,9,2.6,,0501050706188A505D00
2026-09-02T12:57:15.987Z,W4214316,8661,46.49163,7.69929,29872.4,5.4,11.3,38.6,-43.5,0.1,-1.0,RS41-SG,403.500,10.4,625,9,2.6,,05010507061CCA505E00
2026-09-02T12:57:16.987Z,W4214316,8662,46.49169,7.69938,29878.1,5.9,8.4,46.0,-43.4,0.1,-1.0,RS41-SG,403.500,11.5,625,9,2.5,,0501050706260A504E00
2026-09-02T12:57:17.987Z,W4214316,8663,46.49174,7.69944,29883.9,5.8,5.9,47.9,-43.4,0.1,-1.0,RS41-SG,403.500,11.5,625,9,2.5,,05010506061F6A504C00
2026-09-02T12:57:18.987Z,W4214316,8664,46.49176,7.69950,29889.5,5.3,4.0,73.9,-43.5,0.1,-1.0,RS41-SG,403.500,11.1,625,9,2.5,,050105060614BA505400
2026-09-02T12:57:19.987Z,W4214316,8665,46.49176,7.69954,29894.2,4.1,2.8,129.0,-43.5,0.1,-1.0,RS41-SG,403.500,10.8,625,9,2.6,,0501050606095A505300
2026-09-02T12:57:20.987Z,W4214316,8666,46.49174,7.69956,29898.2,4.1,2.6,157.6,-43.5,0.1,-1.0,RS41-SG,403.500,10.5,625,9,2.6,,05010505060E5A505A00
2026-09-02T12:57:21.987Z,W4214316,8667,46.49172,7.69958,29902.6,4.7,3.3,148.8,-43.5,0.1,-1.0,RS41-SG,403.500,9.8,625,9,2.6,,050105050611BA504A00
2026-09-02T12:57:22.987Z,W4214316,8668,46.49170,7.69960,29907.9,5.9,2.1,139.1,-43.5,0.1,-1.0,RS41-SG,403.500,9.8,625,9,2.6,,0501050506191A505200
2026-09-02T12:57:23.987Z,W4214316,8669,46.49169,7.69962,29913.9,6.0,2.9,66.3,-43.6,0.1,-1.0,RS41-SG,403.500,9.5,625,9,2.5,,050105050619EA505700
2026-09-02T12:57:24.987Z,W4214316,8670,46.49172,7.69967,29919.6,5.6,5.8,50.5,-43.6,0.1,-1.0,RS41-SG,403.500,9.7,625,9,2.5,,050105050612DA505A00
2026-09-02T12:57:25.987Z,W4214316,8671,46.49176,7.69973,29924.7,4.7,7.9,41.6,-43.6,0.1,-1.0,RS41-SG,403.500,9.7,625,9,2.5,,0501050405FC3A505300
2026-09-02T12:57:26.987Z,W4214316,8672,46.49182,7.69981,29928.6,3.2,10.8,39.7,-43.6,0.2,-1.0,RS41-SG,403.500,10.1,625,9,2.6,,0501050405FACA505B00
2026-09-02T12:57:27.987Z,W4214316,8673,46.49190,7.69991,29932.0,3.8,11.2,42.7,-43.7,0.1,-1.0,RS41-SG,403.500,10.2,625,9,2.6,,050105040604CA505000
2026-09-02T12:57:28.987Z,W4214316,8674,46.49197,7.70000,29936.2,4.6,10.9,39.3,-43.7,0.1,-1.0,RS41-SG,403.500,10.6,625,9,2.6,,05010504060EFA505000
2026-09-02T12:57:29.987Z,W4214316,8675,46.49204,7.70009,29941.4,5.7,9.7,46.1,-43.7,0.1,-1.0,RS41-SG,403.500,10.6,625,9,2.6,,0501050306165A505600
2026-09-02T12:57:30.987Z,W4214316,8676,46.49209,7.70017,29947.0,5.6,6.5,55.2,-43.7,0.1,-1.0,RS41-SG,403.500,10.6,625,9,2.5,,050105030615CA505B00
2026-09-02T12:57:31.987Z,W4214316,8677,46.49211,7.70023,29952.5,5.4,4.2,63.5,-43.7,0.1,-1.0,RS41-SG,403.500,10.1,625,9,2.5,,05010503060E4A505D00
2026-09-02T12:57:32.987Z,W4214316,8678,46.49212,7.70028,29957.3,4.3,3.6,101.3,-43.7,0.1,-1.0,RS41-SG,403.500,10.2,625,9,2.5,,050105030605BA504B00
2026-09-02T12:57:33.987Z,W4214316,8679,46.49210,7.70032,29961.3,3.9,3.3,140.2,-43.7,0.1,-1.0,RS41-SG,403.500,10.2,625,9,2.6,,050105030603EA505500
2026-09-02T12:57:34.987Z,W4214316,8680,46.49208,7.70034,29965.6,4.7,3.0,134.8,-43.7,0.1,-1.0,RS41-SG,403.500,9.8,625,9,2.6,,0501050206087A504E00
2026-09-02T12:57:35.987Z,W4214316,8681,46.49206,7.70038,29970.3,5.0,3.4,116.8,-43.8,0.1,-1.0,RS41-SG,403.500,9.2,625,9,2.6,,050105020611CA505600
2026-09-02T12:57:36.987Z,W4214316,8682,46.49206,7.70042,29975.9,6.1,3.5,87.0,-43.8,0.1,-1.0,RS41-SG,403.500,9.0,625,9,2.5,,0501050206104A505A00
2026-09-02T12:57:37.987Z,W4214316,8683,46.49207,7.70048,29981.7,5.6,6.0,61.2,-43.9,0.1,-1.0,RS41-SG,403.500,9.0,625,9,2.5,,05010502060D8A504E00
2026-09-02T12:57:38.987Z,W4214316,8684,46.49211,7.70055,29987.1,5.2,8.1,55.8,-43.9,0.1,-1.0,RS41-SG,403.500,8.5,625,9,2.6,,0501050206013A505600
2026-09-02T12:57:39.987Z,W4214316,8685,46.49216,7.70064,29991.2,3.6,9.9,46.0,-43.9,0.1,-1.0,RS41-SG,403.500,8.8,625,9,2.6,,0501050105F60A505D00
2026-09-02T12:57:40.987Z,W4214316,8686,46.49222,7.70075,29995.1,4.1,11.7,46.4,-43.9,0.1,-1.0,RS41-SG,403.500,8.8,625,9,2.6,,0501050105F9BA505C00
2026-09-02T12:57:41.987Z,W4214316,8687,46.49229,7.70085,29999.6,4.9,10.7,48.3,-43.9,0.1,-1.0,RS41-SG,403.500,10.2,625,9,2.5,,0501050105FD0A505C00
2026-09-02T12:57:42.987Z,W4214316,8688,46.49235,7.70095,30004.8,5.4,9.4,45.9,-43.9,0.1,-1.0,RS41-SG,403.500,10.2,625,9,2.5,,0501050106055A505900
2026-09-02T12:57:43.987Z,W4214316,8689,46.49240,7.70103,30010.3,5.5,7.7,58.1,-43.9,0.1,-1.0,RS41-SG,403.500,9.6,625,9,2.6,,0501050106045A504E00
2026-09-02T12:57:44.987Z,W4214316,8690,46.49242,7.70111,30015.7,5.2,4.7,75.0,-43.9,0.1,-1.0,RS41-SG,403.500,10.6,625,9,2.6,,0501050006026A505200
2026-09-02T12:57:45.987Z,W4214316,8691,46.49243,7.70116,30020.5,4.5,3.3,95.6,-43.9,0.1,-1.0,RS41-SG,403.500,10.6,625,9,2.5,,0501W17403580000006EI
2026-09-02T12:57:46.987Z,W4214316,8692,46.49242,7.70120,30024.8,4.1,3.9,130.5,-44.0,0.1,-1.0,RS41-SG,403.500,9.3,625,9,2.5,,0501050005F9EA504E00
2026-09-02T12:57:47.987Z,W4214316,8693,46.49239,7.70123,30029.0,4.4,3.8,149.4,-44.0,0.1,-1.0,RS41-SG,403.500,9.3,625,9,2.6,,0501050005F64A505400
2026-09-02T12:57:48.987Z,W4214316,8694,46.49237,7.70126,30033.5,4.6,3.4,125.1,-44.0,0.1,-1.0,RS41-SG,403.500,9.3,625,9,2.6,,050104FF05FC3A505E00
2026-09-02T12:57:49.987Z,W4214316,8695,46.49236,7.70131,30038.4,5.3,3.9,96.2,-44.0,0.1,-1.0,RS41-SG,403.500,9.3,625,9,2.6,,050104FF05FEDA505600
2026-09-02T12:57:51.987Z,W4214316,8697,46.49239,7.70143,30049.0,4.9,8.2,53.9,-44.1,0.1,-1.0,RS41-SG,403.500,8.9,625,9,2.5,,050104FF05FCAA504F00
2026-09-02T12:57:52.987Z,W4214316,8698,46.49244,7.70153,30053.5,4.1,10.0,51.0,-44.1,0.1,-1.0,RS41-SG,403.500,9.1,625,9,2.6,,
2026-09-02T12:57:53.987Z,W4214316,8699,46.49251,7.70163,30057.3,3.6,11.3,44.1,-44.0,0.1,-1.0,RS41-SG,403.500,9.1,625,9,2.7,,050104FF05EDFA505500
2026-09-02T12:57:54.987Z,W4214316,8700,46.49258,7.70174,30061.6,4.9,12.0,46.1,-44.1,0.1,-1.0,RS41-SG,403.500,9.4,625,9,2.6,,050104FE05F08A504F00
2026-09-02T12:57:55.987Z,W4214316,8701,46.49265,7.70184,30066.8,5.6,9.7,49.2,-44.0,0.1,-1.0,RS41-SG,403.500,9.4,625,9,2.5,,050104FE05F50A505000
2026-09-02T12:57:56.987Z,W4214316,8702,46.49270,7.70193,30072.4,5.7,7.6,49.1,-44.0,0.1,-1.0,RS41-SG,403.500,9.3,625,9,2.5,,050104FE05FCAA505800
2026-09-02T12:57:57.987Z,W4214316,8703,46.49273,7.70200,30078.0,5.4,5.7,69.2,-44.0,0.1,-1.0,RS41-SG,403.500,9.4,625,9,2.5,,050104FE05FADA505300
2026-09-02T12:57:58.987Z,W4214316,8704,46.49273,7.70205,30082.9,4.5,3.3,107.3,-44.0,0.1,-1.0,RS41-SG,403.500,9.6,625,9,2.6,,050104FE05F72A504A00
2026-09-02T12:57:59.987Z,W4214316,8705,46.49272,7.70209,30086.8,3.5,3.0,138.8,-44.0,0.1,-1.0,RS41-SG,403.500,9.6,625,9,2.6,,050104FD05EC2A505300
2026-09-02T12:58:00.987Z,W4214316,8706,46.49269,7.70211,30090.7,4.2,4.5,150.8,-44.0,0.1,-1.0,RS41-SG,403.500,9.4,625,9,2.6,,050104FD05E6BA505700
2026-09-02T12:58:01.987Z,W4214316,8707,46.49266,7.70214,30095.4,5.3,4.1,154.1,-44.0,0.1,-1.0,RS41-SG,403.500,8.9,625,9,2.6,,050104FD05E9CA505400
2026-09-02T12:58:02.987Z,W4214316,8708,46.49263,7.70217,30100.8,5.6,3.8,117.8,-44.0,0.1,-1.0,RS41-SG,403.500,8.2,625,9,2.5,,050104FD05F77A505F00
2026-09-02T12:58:03.987Z,W4214316,8709,46.49263,7.70223,30106.5,5.7,5.3,85.5,-44.0,0.1,-1.0,RS41-SG,403.500,8.2,625,9,2.5,,050104FC05FAAA505B00
2026-09-02T12:58:05.987Z,W4214316,8711,46.49268,7.70240,30117.0,4.0,10.3,57.1,-44.1,0.1,-1.0,RS41-SG,403.500,8.8,625,9,2.6,,050104FC05EDDA505200
2026-09-02T12:58:06.987Z,W4214316,8712,46.49273,7.70252,30120.5,3.2,12.0,55.7,-44.1,0.1,-1.0,RS41-SG,403.500,9.2,625,9,2.6,,050104FC05DB6A505100
2026-09-02T12:58:07.987Z,W4214316,8713,46.49280,7.70265,30124.0,3.9,12.4,51.5,-44.0,0.1,-1.0,RS41-SG,403.500,9.2,625,9,2.6,,050104FB05D9CA504F00
2026-09-02T12:58:08.987Z,W4214316,8714,46.49287,7.70278,30128.4,4.9,12.4,53.6,-44.1,0.1,-1.0,RS41-SG,403.500,9.2,625,9,2.6,,050104FB05DFEA505700
2026-09-02T12:58:09.987Z,W4214316,8715,46.49292,7.70290,30133.6,5.5,9.7,59.9,-44.0,0.1,-1.0,RS41-SG,403.500,9.2,625,9,2.5,,050104FB05E6EA505C00
2026-09-02T12:58:10.987Z,W4214316,8716,46.49296,7.70299,30138.9,5.2,7.2,62.5,-44.0,0.1,-1.0,RS41-SG,403.500,9.4,625,9,2.5,,050104FB05EDEA505E00
2026-09-02T12:58:11.987Z,W4214316,8717,46.49297,7.70307,30144.0,5.0,5.7,84.3,-44.0,0.1,-1.0,RS41-SG,403.500,9.4,625,9,2.5,,050104FB05E23A504B00
2026-09-02T12:58:12.987Z,W4214316,8718,46.49297,7.70313,30148.6,4.2,4.5,121.9,-44.0,0.1,-1.0,RS41-SG,403.500,8.7,625,9,2.6,,050104FA05DE5A505400
2026-09-02T12:58:13.987Z,W4214316,8719,46.49294,7.70317,30152.7,4.1,4.2,140.3,-44.0,0.1,-1.0,RS41-SG,403.500,8.7,625,9,2.6,,050104FA05D89A505400
2026-09-02T12:58:14.987Z,W4214316,8720,46.49291,7.70322,30157.0,4.7,5.7,136.8,-44.1,0.1,-1.0,RS41-SG,403.500,8.2,625,9,2.6,,050104FA05E07A505700
2026-09-02T12:58:15.987Z,W4214316,8721,46.49287,7.70327,30162.0,5.3,5.6,130.5,-44.1,0.1,-1.0,RS41-SG,403.500,8.2,625,9,2.5,,050104FA05DEEA505A00
2026-09-02T12:58:17.987Z,W4214316,8723,46.49285,7.70343,30172.9,5.1,8.2,84.5,-44.2,0.1,-1.0,RS41-SG,403.500,7.8,625,9,2.6,,050104F905E49A504C00
2026-09-02T12:58:19.987Z,W4214316,8725,46.49291,7.70367,30182.7,3.8,12.3,59.9,-44.2,0.1,-1.0,RS41-SG,403.500,8.5,625,9,2.6,,050104F905D99A505800
2026-09-02T12:58:20.987Z,W4214316,8726,46.49297,7.70381,30186.5,3.8,13.7,57.8,-44.3,0.1,-1.0,RS41-SG,403.500,8.9,625,9,2.5,,050104F805CC7A505900
2026-09-02T12:58:21.987Z,W4214316,8727,46.49304,7.70396,30190.9,5.1,12.8,55.1,-44.3,0.1,-1.0,RS41-SG,403.500,9.6,625,9,2.5,,050104F805D62A505100
2026-09-02T12:58:22.987Z,W4214316,8728,46.49310,7.70409,30196.3,5.8,11.8,55.2,-44.3,0.1,-1.0,RS41-SG,403.500,9.6,625,9,2.6,,050104F805DC2A505B00
2026-09-02T12:58:23.987Z,W4214316,8729,46.49315,7.70420,30202.1,5.9,9.1,64.4,-44.3,0.1,-1.0,RS41-SG,403.500,9.1,625,9,2.6,,050104F805E36A504E00
2026-09-02T12:58:24.987Z,W4214316,8730,46.49317,7.70429,30207.7,5.3,5.9,76.8,-44.3,0.1,-1.0,RS41-SG,403.500,9.5,625,9,2.6,,050104F705DEBA504900
2026-09-02T12:58:25.987Z,W4214316,8731,46.49318,7.70436,30212.7,4.6,4.7,103.0,-44.3,0.1,-1.0,RS41-SG,403.500,9.5,625,9,2.5,,050104F705DB4A505000
2026-09-02T12:58:26.987Z,W4214316,8732,46.49315,7.70441,30216.4,3.1,5.5,137.2,-44.3,0.1,-1.0,RS41-SG,403.500,9.2,625,9,2.5,,050104F705CF5A505100
2026-09-02T12:58:28.987Z,W4214316,8734,46.49306,7.70451,30224.1,4.4,6.7,139.0,-44.3,0.1,-1.0,RS41-SG,403.500,8.9,625,9,2.6,,050104F705D13A505000
2026-09-02T12:58:29.987Z,W4214316,8735,46.49302,7.70457,30229.0,5.4,7.4,128.9,-44.3,0.1,-1.0,RS41-SG,403.500,8.0,625,9,2.6,,050104F605DFEA505800
2026-09-02T12:58:31.987Z,W4214316,8737,46.49298,7.70476,30239.9,5.2,9.5,85.7,-44.3,0.1,-1.0,RS41-SG,403.500,8.6,625,9,2.6,,050104F605DD6A505000
2026-09-02T12:58:32.987Z,W4214316,8738,46.49300,7.70490,30244.7,4.3,10.9,76.7,-44.3,0.1,-1.0,RS41-SG,403.500,8.6,625,9,2.5,,050104F605D44A505400
2026-09-02T12:58:33.987Z,W4214316,8739,46.49303,7.70503,30248.3,3.2,11.8,64.6,-44.2,0.1,-1.0,RS41-SG,403.500,9.1,625,9,2.5,,050104F505C93A505300
2026-09-02T12:58:34.987Z,W4214316,8740,46.49308,7.70517,30252.2,4.4,12.8,61.1,-44.2,0.1,-1.0,RS41-SG,403.500,9.1,625,9,2.5,,050104F505CC8A504D00
2026-09-02T12:58:35.987Z,W4214316,8741,46.49313,7.70531,30257.0,5.2,10.8,62.2,-44.2,0.1,-1.0,RS41-SG,403.500,9.4,625,9,2.6,,050104F505CDDA505600
2026-09-02T12:58:36.987Z,W4214316,8742,46.49317,7.70542,30262.4,5.6,8.4,61.0,-44.1,0.1,-1.0,RS41-SG,403.500,9.4,625,9,2.6,,050104F505D61A505A00
2026-09-02T12:58:37.987Z,W4214316,8743,46.49320,7.70551,30268.0,5.6,6.6,76.2,-44.2,0.1,-1.0,RS41-SG,403.500,8.9,625,9,2.6,,050104F505D6EA505500
2026-09-02T12:58:38.987Z,W4214316,8744,46.49320,7.70558,30273.3,4.9,4.8,115.5,-44.2,0.1,-1.0,RS41-SG,403.500,7.9,625,9,2.6,,050104F405CD9A504E00
2026-09-02T12:58:39.987Z,W4214316,8745,46.49317,7.70563,30277.7,4.0,5.0,143.9,-44.2,0.1,-1.0,RS41-SG,403.500,7.9,625,9,2.5,,050104F405BDFA504A00
2026-09-02T12:58:40.987Z,W4214316,8746,46.49312,7.70567,30281.5,3.8,7.5,150.0,-44.2,0.1,-1.0,RS41-SG,403.500,8.0,625,9,2.5,,050104F405C48A505400
2026-09-02T12:58:46.987Z,W4214316,8752,46.49288,7.70625,30310.8,3.2,12.0,83.2,-44.3,0.1,-1.0,RS41-SG,403.500,8.4,625,9,2.5,,0501W17403580000006EI
2026-09-02T12:58:47.987Z,W4214316,8753,46.49290,7.70639,30314.5,4.1,11.4,75.6,-44.2,0.1,-1.0,RS41-SG,403.500,8.5,625,9,2.6,,050104F205C75A504C00
2026-09-02T12:58:48.987Z,W4214316,8754,46.49293,7.70653,30319.1,5.2,10.8,69.4,-44.2,0.1,-1.0,RS41-SG,403.500,8.6,625,9,2.6,,050104F205D0CA504F00
2026-09-02T12:58:49.987Z,W4214316,8755,46.49295,7.70665,30324.9,6.2,9.1,77.0,-44.2,0.1,-1.0,RS41-SG,403.500,8.4,625,9,2.6,,050104F205DDDA505500
2026-09-02T12:58:50.987Z,W4214316,8756,46.49296,7.70675,30330.8,5.8,6.3,92.4,-44.2,0.1,-1.0,RS41-SG,403.500,8.5,625,9,2.5,,050104F205DC9A505500
2026-09-02T12:58:52.987Z,W4214316,8758,46.49292,7.70688,30341.0,3.8,6.5,144.0,-44.2,0.1,-1.0,RS41-SG,403.500,8.2,625,9,2.6,,050104F105BF9A504A00
2026-09-02T12:59:01.987Z,W4214316,8767,46.49251,7.70774,30378.0,5.3,11.0,90.6,-44.0,0.1,-1.0,RS41-SG,403.500,8.4,625,9,2.6,,050104EF05B08A504900
2026-09-02T12:59:02.987Z,W4214316,8768,46.49251,7.70787,30383.6,5.9,8.6,91.7,-43.9,0.1,-1.0,RS41-SG,403.500,8.4,625,9,2.5,,050104EF05B15A504A00
2026-09-02T12:59:04.987Z,W4214316,8770,46.49248,7.70804,30395.1,5.0,6.1,135.6,-43.9,0.1,-1.0,RS41-SG,403.500,8.3,625,9,2.5,,050104EF05AFDA504F00
2026-09-02T12:59:07.987Z,W4214316,8773,46.49228,7.70809,30407.4,4.1,10.2,182.1,-43.8,0.1,-1.0,RS41-SG,403.500,8.2,625,9,2.6,,050104EE05AA3A505300
2026-09-02T12:59:27.987Z,W4214316,8793,46.49178,7.70885,30497.5,3.6,8.7,57.8,-42.9,0.1,-1.0,RS41-SG,403.500,7.8,625,9,2.6,,050104EA05A29A505400
2026-09-02T12:59:28.987Z,W4214316,8794,46.49183,7.70895,30501.5,4.4,9.6,55.7,-42.8,0.1,-1.0,RS41-SG,403.500,8.3,625,9,2.6,,050104E905A66A504D00
2026-09-02T12:59:30.987Z,W4214316,8796,46.49191,7.70916,30511.7,5.7,8.1,75.0,-42.7,0.1,-1.0,RS41-SG,403.500,7.7,625,9,2.5,,050104E905AC3A504D00
2026-09-02T12:59:31.987Z,W4214316,8797,46.49191,7.70925,30517.4,5.5,5.9,95.7,-42.6,0.1,-1.0,RS41-SG,403.500,8.6,625,9,2.6,,050104E905AB1A505400
2026-09-02T12:59:33.987Z,W4214316,8799,46.49184,7.70937,30526.3,3.4,8.1,159.6,-42.6,0.1,-1.0,RS41-SG,403.500,8.3,625,9,2.6,,050104E805A21A504D00
2026-09-02T12:59:42.987Z,W4214316,8808,46.49142,7.70968,30565.5,4.3,9.6,62.6,-42.4,0.1,-1.0,RS41-SG,403.500,7.5,625,9,2.6,,050104E605A85A505100
2026-09-02T12:59:45.987Z,W4214316,8811,46.49150,7.71004,30582.9,6.2,8.8,99.5,-42.3,0.1,-1.0,RS41-SG,403.500,7.6,625,9,2.6,,050104E605AC0A504E00
2026-09-02T12:59:47.987Z,W4214316,8813,46.49141,7.71024,30592.9,3.7,10.9,145.2,-42.2,0.1,-1.0,RS41-SG,403.500,7.9,625,9,2.5,,050104E50599CA505800
2026-09-02T12:59:48.987Z,W4214316,8814,46.49132,7.71030,30596.2,2.9,12.6,163.2,-42.2,0.1,-1.0,RS41-SG,403.500,8.3,625,9,2.5,,050104E50598EA505900
2026-09-02T12:59:49.987Z,W4214316,8815,46.49120,7.71034,30599.3,3.4,13.7,170.3,-42.2,0.1,-1.0,RS41-SG,403.500,8.3,625,9,2.6,,050104E5059DEA505900
2026-09-02T12:59:59.987Z,W4214316,8825,46.49099,7.71088,30647.3,6.1,9.8,88.3,-41.9,0.1,-1.0,RS41-SG,403.500,7.1,625,9,2.6,,050104E305A42A504C00
2026-09-02T13:08:47.987Z,W4214316,9353,46.48711,7.73275,33001.3,4.4,7.1,75.5,-273.0,-1.0,-1.0,RS41,403.501,7.3,-500,9,2.5,,050104D7041A4A406500
2026-09-02T13:08:48.987Z,W4214316,9354,46.48713,7.73282,33005.4,3.8,3.5,58.1,-273.0,-1.0,-1.0,RS41,403.501,7.8,-500,9,2.5,,050104D80417CA405400
2026-09-02T13:09:14.987Z,W4214316,9380,46.48681,7.73381,33121.5,4.9,8.5,55.2,-273.0,-1.0,-1.0,RS41,403.501,8.2,-500,10,2.6,,050104F304104A405B00
2026-09-02T13:09:15.987Z,W4214316,9381,46.48686,7.73389,33126.6,5.6,7.7,38.3,-273.0,-1.0,-1.0,RS41,403.501,8.2,-500,10,2.6,,050104F4040F5A406200
2026-09-02T13:09:43.987Z,W4214316,9409,46.48651,7.73416,33258.6,3.8,6.1,6.2,-273.0,-1.0,-1.0,RS41,403.501,8.1,-500,10,2.5,,0501050403EB6A306600
2026-09-02T13:09:45.987Z,W4214316,9411,46.48663,7.73409,33266.5,4.6,9.5,322.0,-273.0,-1.0,-1.0,RS41,403.501,8.0,-500,10,2.6,,0501050403EFFA405E00
2026-09-02T13:09:58.987Z,W4214316,9424,46.48644,7.73405,33332.5,4.6,6.4,356.2,-273.0,-1.0,-1.0,RS41,403.501,8.4,-500,10,2.5,,0501050703E4AA306300
2026-09-02T13:09:59.987Z,W4214316,9425,46.48650,7.73401,33336.9,4.4,7.6,322.2,-273.0,-1.0,-1.0,RS41,403.501,8.4,-500,10,2.6,,0501050703E3EA405C00
2026-09-02T13:10:06.987Z,W4214316,9432,46.48638,7.73354,33367.9,3.2,10.7,160.9,-273.0,-1.0,-1.0,RS41,403.501,7.3,-500,10,2.6,,0501050B03DD8A405E00
2026-09-02T13:10:09.987Z,W4214316,9435,46.48618,7.73381,33382.1,5.8,9.9,107.9,-273.0,-1.0,-1.0,RS41,403.501,8.4,-500,10,2.6,,0501050D03E9DA306100
2026-09-02T13:10:10.987Z,W4214316,9436,46.48617,7.73392,33388.0,6.1,7.3,90.9,-273.0,-1.0,-1.0,RS41,403.501,8.8,-500,10,2.6,,0501050E03E48A405400
2026-09-02T13:10:11.987Z,W4214316,9437,46.48618,7.73400,33393.4,4.8,5.3,50.9,-273.0,-1.0,-1.0,RS41,403.501,9.0,-500,10,2.6,,0501050F03DB7A406000
2026-09-02T13:10:12.987Z,W4214316,9438,46.48622,7.73403,33397.8,3.8,5.8,8.2,-273.0,-1.0,-1.0,RS41,403.501,9.0,-500,10,2.5,,0501051003D63A305A00
2026-09-02T13:10:13.987Z,W4214316,9439,46.48628,7.73402,33401.3,3.1,7.0,335.0,-273.0,-1.0,-1.0,RS41,403.501,8.1,-500,10,2.5,,0501051103D2BA405600
2026-09-02T13:10:14.987Z,W4214316,9440,46.48633,7.73395,33404.3,3.1,9.1,304.9,-273.0,-1.0,-1.0,RS41,403.501,8.7,-500,10,2.6,,0501051103D35A406600
2026-09-02T13:10:26.987Z,W4214316,9452,46.48614,7.73405,33464.1,5.9,5.5,53.8,-273.0,-1.0,-1.0,RS41,403.501,8.2,-500,10,2.6,,0501051703D5CA306400
2026-09-02T13:10:27.987Z,W4214316,9453,46.48617,7.73408,33469.5,4.8,4.0,4.4,-273.0,-1.0,-1.0,RS41,403.501,8.2,-500,10,2.5,,0501051703D1DA305A00
2026-09-02T13:10:29.987Z,W4214316,9455,46.48621,7.73398,33476.7,2.3,8.3,274.6,-273.0,-1.0,-1.0,RS41,403.501,6.9,-500,10,2.6,,0501051703CE6A405C00
2026-09-02T13:10:36.987Z,W4214316,9462,46.48593,7.73332,33508.3,2.8,4.6,141.4,-273.0,-1.0,-1.0,RS41,403.501,7.3,-500,10,2.6,,0501051803C4CA405800
2026-09-02T13:10:37.987Z,W4214316,9463,46.48591,7.73337,33510.9,2.4,4.9,97.7,-273.0,-1.0,-1.0,RS41,403.501,8.0,-500,10,2.5,,0501051803CACA406100
2026-09-02T13:10:38.987Z,W4214316,9464,46.48592,7.73344,33513.2,2.5,7.0,61.2,-273.0,-1.0,-1.0,RS41,403.501,8.0,-500,10,2.5,,0501051803CA8A306200
2026-09-02T13:10:39.987Z,W4214316,9465,46.48597,7.73352,33516.5,3.9,8.4,46.1,-273.0,-1.0,-1.0,RS41,403.501,8.1,-500,10,2.6,,0501051803CF8A305400
2026-09-02T13:10:40.987Z,W4214316,9466,46.48602,7.73358,33521.1,5.4,7.5,26.1,-273.0,-1.0,-1.0,RS41,403.501,8.1,-500,10,2.6,,0501051803CFEA405E00
2026-09-02T13:10:41.987Z,W4214316,9467,46.48608,7.73360,33526.5,5.7,6.8,353.5,-273.0,-1.0,-1.0,RS41,403.501,8.4,-500,10,2.6,,0501051803CE0A404F00
2026-09-02T13:10:45.987Z,W4214316,9471,46.48617,7.73325,33543.7,3.3,11.8,251.1,-273.0,-1.0,-1.0,RS41,403.501,8.3,-500,10,2.6,,0501051803C23A406000
2026-09-02T13:10:51.987Z,W4214316,9477,46.48578,7.73299,33570.9,3.6,7.1,119.0,-273.0,-1.0,-1.0,RS41,403.501,7.9,-500,10,2.6,,0501W17403580000006EI
2026-09-02T13:10:52.987Z,W4214316,9478,46.48576,7.73307,33574.7,4.0,6.6,96.2,-273.0,-1.0,-1.0,RS41,403.501,8.3,-500,10,2.5,,0501051703BCEA305900
2026-09-02T13:10:53.987Z,W4214316,9479,46.48577,7.73315,33578.9,4.3,6.0,62.5,-273.0,-1.0,-1.0,RS41,403.501,9.9,-500,10,2.5,,0501051603BCFA405400
2026-09-02T13:10:54.987Z,W4214316,9480,46.48580,7.73321,33583.3,4.5,6.2,32.5,-273.0,-1.0,-1.0,RS41,403.501,9.9,-500,10,2.6,,0501051603BDCA406300
2026-09-02T13:10:55.987Z,W4214316,9481,46.48585,7.73323,33587.8,4.6,5.4,3.2,-273.0,-1.0,-1.0,RS41,403.501,9.3,-500,10,2.6,,0501051603BEDA305800
2026-09-02T13:10:56.987Z,W4214316,9482,46.48589,7.73321,33592.0,4.0,5.8,318.1,-273.0,-1.0,-1.0,RS41,403.501,9.3,-500,10,2.6,,0501051503BD9A406000
2026-09-02T13:10:57.987Z,W4214316,9483,46.48593,7.73313,33595.6,3.4,8.3,291.3,-273.0,-1.0,-1.0,RS41,403.501,9.7,-500,10,2.5,,0501051503BD1A405700
2026-09-02T13:10:58.987Z,W4214316,9484,46.48594,7.73302,33599.1,3.7,9.7,272.2,-273.0,-1.0,-1.0,RS41,403.501,9.7,-500,10,2.5,,0501051403BBFA405900
2026-09-02T13:10:59.987Z,W4214316,9485,46.48593,7.73289,33603.1,4.2,10.8,250.7,-273.0,-1.0,-1.0,RS41,403.501,8.7,-500,10,2.6,,0501051403BBFA405D00
2026-09-02T13:11:00.987Z,W4214316,9486,46.48588,7.73276,33607.7,5.0,12.0,234.8,-273.0,-1.0,-1.0,RS41,403.501,8.8,-500,10,2.6,,0501051303BC0A305800
2026-09-02T13:11:04.987Z,W4214316,9490,46.48560,7.73258,33627.6,4.0,7.5,149.0,-273.0,-1.0,-1.0,RS41,403.501,8.6,-500,10,2.6,,0501051103B4BA405A00
2026-09-02T13:11:05.987Z,W4214316,9491,46.48555,7.73265,33631.0,2.9,7.0,114.6,-273.0,-1.0,-1.0,RS41,403.501,8.6,-500,10,2.6,,0501051003B1BA306100
2026-09-02T13:11:07.987Z,W4214316,9493,46.48556,7.73286,33637.2,4.0,9.4,71.1,-273.0,-1.0,-1.0,RS41,403.501,8.6,-500,10,2.5,,0501050E03B2CA405100
2026-09-02T13:11:08.987Z,W4214316,9494,46.48559,7.73296,33641.9,5.3,8.1,53.2,-273.0,-1.0,-1.0,RS41,403.501,8.6,-500,10,2.5,,0501050E03B60A306300
2026-09-02T13:11:09.987Z,W4214316,9495,46.48564,7.73303,33647.5,5.9,6.8,28.9,-273.0,-1.0,-1.0,RS41,403.501,9.5,-500,10,2.6,,0501050D03B6FA405900
2026-09-02T13:11:10.987Z,W4214316,9496,46.48569,7.73305,33653.4,5.9,5.1,4.0,-273.0,-1.0,-1.0,RS41,403.501,9.6,-500,10,2.6,,0501050C03B4AA405600
2026-09-02T13:11:11.987Z,W4214316,9497,46.48573,7.73304,33658.6,4.5,3.4,310.7,-273.0,-1.0,-1.0,RS41,403.501,9.6,-500,10,2.6,,0501050B03AFBA405D00
2026-09-02T13:11:12.987Z,W4214316,9498,46.48573,7.73298,33662.2,2.8,6.2,259.5,-273.0,-1.0,-1.0,RS41,403.501,9.8,-500,10,2.5,,0501050A03B0DA305800
2026-09-02T13:11:13.987Z,W4214316,9499,46.48571,7.73288,33664.6,2.3,9.3,245.9,-273.0,-1.0,-1.0,RS41,403.501,9.9,-500,10,2.5,,0501050A03AF5A406400
2026-09-02T13:11:15.987Z,W4214316,9501,46.48558,7.73268,33670.4,3.9,12.5,214.9,-273.0,-1.0,-1.0,RS41,403.501,7.9,-500,10,2.6,,0501050703B33A305C00
2026-09-02T13:11:16.987Z,W4214316,9502,46.48549,7.73260,33675.3,5.8,12.6,204.7,-273.0,-1.0,-1.0,RS41,403.501,7.9,-500,10,2.6,,0501050603B37A405000
2026-09-02T13:11:22.987Z,W4214316,9508,46.48531,7.73278,33701.4,2.8,9.3,35.4,-273.0,-1.0,-1.0,RS41,403.501,7.1,-500,10,2.5,,0501050003ACAA405D00
2026-09-02T13:11:35.987Z,W4214316,9521,46.48508,7.73244,33757.4,4.5,3.9,93.1,-273.0,-1.0,-1.0,RS41,403.501,7.5,-500,10,2.6,,050104F303A15A405700
2026-09-02T13:11:36.987Z,W4214316,9522,46.48510,7.73248,33761.2,3.3,4.0,28.0,-273.0,-1.0,-1.0,RS41,403.501,7.6,-500,10,2.6,,050104F203A35A405400
2026-09-02T13:11:37.987Z,W4214316,9523,46.48515,7.73249,33764.1,2.5,7.3,356.4,-273.0,-1.0,-1.0,RS41,403.501,8.0,-500,10,2.5,,050104F103A5AA305800
2026-09-02T13:11:40.987Z,W4214316,9526,46.48535,7.73231,33774.4,4.5,11.1,302.4,-273.0,-1.0,-1.0,RS41,403.501,7.7,-500,10,2.6,,050104EF039FEA405500
2026-09-02T13:11:47.987Z,W4214316,9533,46.48511,7.73181,33801.6,3.3,9.2,151.3,-273.0,-1.0,-1.0,RS41,403.501,7.7,-500,10,2.5,,050104EB039DDA305900
2026-09-02T13:11:48.987Z,W4214316,9534,46.48505,7.73187,33805.3,4.2,7.5,131.6,-273.0,-1.0,-1.0,RS41,403.501,7.7,-500,10,2.5,,050104EA039B1A404F00
2026-09-02T13:11:50.987Z,W4214316,9536,46.48503,7.73202,33813.8,4.5,5.5,63.4,-273.0,-1.0,-1.0,RS41,403.501,8.0,-500,10,2.6,,050104E903945A405700
2026-09-02T13:11:51.987Z,W4214316,9537,46.48506,7.73206,33818.7,5.0,4.8,24.9,-273.0,-1.0,-1.0,RS41,403.501,8.0,-500,10,2.6,,0501W17403580000006EI
2026-09-02T13:11:52.987Z,W4214316,9538,46.48510,7.73206,33823.1,4.1,6.0,338.7,-273.0,-1.0,-1.0,RS41,403.501,7.7,-500,10,2.5,,050104E803925A405400
2026-09-02T13:11:53.987Z,W4214316,9539,46.48516,7.73201,33827.1,4.1,8.4,316.2,-273.0,-1.0,-1.0,RS41,403.501,8.6,-500,10,2.5,,050104E70394AA306000
2026-09-02T13:11:56.987Z,W4214316,9542,46.48523,7.73166,33838.5,3.5,11.7,260.3,-273.0,-1.0,-1.0,RS41,403.501,7.1,-500,10,2.6,,050104E6039AAA305F00
2026-09-02T13:12:03.987Z,W4214316,9549,46.48494,7.73115,33862.4,3.4,0.9,14.3,-273.0,-1.0,-1.0,RS41,403.501,7.2,-500,10,2.5,,050104E3038F0A305A00
2026-09-02T13:12:04.987Z,W4214316,9550,46.48496,7.73115,33865.5,3.2,3.7,347.6,-273.0,-1.0,-1.0,RS41,403.501,7.5,-500,10,2.6,,050104E303931A405500
2026-09-02T13:12:05.987Z,W4214316,9551,46.48500,7.73113,33868.6,3.2,7.5,341.0,-273.0,-1.0,-1.0,RS41,403.501,7.6,-500,10,2.6,,050104E203919A306100
2026-09-02T13:12:06.987Z,W4214316,9552,46.48507,7.73109,33872.2,3.9,9.1,336.8,-273.0,-1.0,-1.0,RS41,403.501,8.2,-500,10,2.6,,
2026-09-02T13:12:08.987Z,W4214316,9554,46.48520,7.73095,33881.2,5.0,9.7,304.9,-273.0,-1.0,-1.0,RS41,403.501,9.9,-500,10,2.5,,050104E2038C9A405A00
2026-09-02T13:12:12.987Z,W4214316,9558,46.48523,7.73053,33896.3,2.6,7.9,233.4,-273.0,-1.0,-1.0,RS41,403.501,7.7,-500,10,2.5,,050104E0038ADA306100
2026-09-02T13:12:15.987Z,W4214316,9561,46.48511,7.73041,33905.3,3.6,3.7,172.1,-273.0,-1.0,-1.0,RS41,403.501,8.0,-500,10,2.6,,050104DF038B8A406000
2026-09-02T13:12:16.987Z,W4214316,9562,46.48508,7.73042,33909.3,4.4,1.7,151.1,-273.0,-1.0,-1.0,RS41,403.501,9.0,-500,10,2.6,,050104DF0391BA405500
2026-09-02T13:12:17.987Z,W4214316,9563,46.48509,7.73042,33913.5,4.3,1.9,1.8,-273.0,-1.0,-1.0,RS41,403.501,9.0,-500,10,2.5,,050104DE0389DA405600
2026-09-02T13:12:18.987Z,W4214316,9564,46.48512,7.73042,33917.4,3.6,5.3,353.6,-273.0,-1.0,-1.0,RS41,403.501,7.9,-500,10,2.5,,050104DE0389EA305D00
2026-09-02T13:12:19.987Z,W4214316,9565,46.48517,7.73040,33920.9,3.6,7.7,344.8,-273.0,-1.0,-1.0,RS41,403.501,7.7,-500,10,2.6,,050104DD038F9A305900
2026-09-02T13:12:20.987Z,W4214316,9566,46.48524,7.73036,33924.7,3.9,9.7,327.5,-273.0,-1.0,-1.0,RS41,403.501,7.7,-500,10,2.6,,050104DD0390DA306300
2026-09-02T13:12:21.987Z,W4214316,9567,46.48532,7.73027,33928.3,3.6,12.0,315.0,-273.0,-1.0,-1.0,RS41,403.501,8.5,-500,10,2.6,,050104DC0390BA405900
2026-09-02T13:12:22.987Z,W4214316,9568,46.48539,7.73014,33932.1,4.0,13.2,305.9,-273.0,-1.0,-1.0,RS41,403.501,10.0,-500,10,2.5,,050104DC03924A406000
2026-09-02T13:12:23.987Z,W4214316,9569,46.48545,7.73000,33936.2,4.1,12.5,293.6,-273.0,-1.0,-1.0,RS41,403.501,10.0,-500,10,2.5,,050104DC03919A405B00
2026-09-02T13:12:24.987Z,W4214316,9570,46.48548,7.72985,33940.0,3.6,12.5,278.6,-273.0,-1.0,-1.0,RS41,403.501,8.2,-500,10,2.6,,050104DB038E3A405A00
2026-09-02T13:12:25.987Z,W4214316,9571,46.48548,7.72969,33943.7,3.8,12.3,267.4,-273.0,-1.0,-1.0,RS41,403.501,8.4,-500,10,2.6,,050104DB038B2A305900
2026-09-02T13:12:29.987Z,W4214316,9575,46.48539,7.72926,33959.3,4.4,4.9,244.7,-273.0,-1.0,-1.0,RS41,403.501,7.6,-500,10,2.5,,050104D9038C5A305A00
2026-09-02T13:12:31.987Z,W4214316,9577,46.48541,7.72918,33967.0,3.2,4.7,332.6,-273.0,-1.0,-1.0,RS41,403.501,8.3,-500,10,2.6,,050104D803897A405700
2026-09-02T13:12:32.987Z,W4214316,9578,46.48546,7.72914,33970.3,3.3,7.4,335.9,-273.0,-1.0,-1.0,RS41,403.501,8.3,-500,10,2.6,,050104D703884A406400
2026-09-02T13:12:33.987Z,W4214316,9579,46.48553,7.72909,33973.1,2.9,10.3,330.5,-273.0,-1.0,-1.0,RS41,403.501,8.0,-500,10,2.6,,050104D703877A405A00
2026-09-02T13:12:34.987Z,W4214316,9580,46.48562,7.72901,33976.1,3.1,13.5,326.8,-273.0,-1.0,-1.0,RS41,403.501,9.8,-500,10,2.6,,050104D603870A405D00
2026-09-02T13:12:35.987Z,W4214316,9581,46.48572,7.72890,33979.7,4.0,14.6,322.0,-273.0,-1.0,-1.0,RS41,403.501,9.8,-500,10,2.5,,050104D60387CA405D00
2026-09-02T13:12:36.987Z,W4214316,9582,46.48581,7.72877,33983.9,4.6,14.5,311.9,-273.0,-1.0,-1.0,RS41,403.501,9.8,-500,10,2.5,,050104D503888A405A00
2026-09-02T13:12:37.987Z,W4214316,9583,46.48589,7.72862,33988.6,4.9,14.2,298.4,-273.0,-1.0,-1.0,RS41,403.501,8.4,-500,10,2.6,,050104D503833A406300
2026-09-02T13:12:45.987Z,W4214316,9591,46.48584,7.72786,34019.3,5.1,1.4,286.3,-273.0,-1.0,-1.0,RS41,403.501,8.5,-500,10,2.5,,050104D10378BA306000
2026-09-02T13:12:46.987Z,W4214316,9592,46.48586,7.72784,34024.1,4.7,4.8,327.5,-273.0,-1.0,-1.0,RS41,403.501,8.5,-500,10,2.5,,050104D10375AA405700
2026-09-02T13:12:47.987Z,W4214316,9593,46.48591,7.72780,34028.6,4.2,8.0,330.6,-273.0,-1.0,-1.0,RS41,403.501,9.1,-500,10,2.6,,050104D103747A306100
2026-09-02T13:12:48.987Z,W4214316,9594,46.48598,7.72773,34032.4,3.5,10.7,326.8,-35.7,-1.0,-1.0,RS41,403.501,9.1,-500,10,2.6,,050104D003758A405800
2026-09-02T13:12:49.987Z,W4214316,9595,46.48607,7.72764,34035.6,2.9,13.3,315.1,-35.7,-1.0,-1.0,RS41,403.501,8.9,-500,10,2.6,,050104D003749A305A00
2026-09-02T13:12:50.987Z,W4214316,9596,46.48615,7.72749,34038.2,2.5,16.1,308.6,-35.7,-1.0,-1.0,RS41,403.501,8.7,-500,10,2.5,,050104D003766A305900
2026-09-02T13:12:51.987Z,W4214316,9597,46.48624,7.72732,34041.1,3.2,17.5,303.0,-35.8,-1.0,-1.0,RS41,403.501,8.7,-500,10,2.5,,050104CF0376BA306200
2026-09-02T13:13:03.987Z,W4214316,9609,46.48672,7.72626,34089.2,4.3,10.8,337.5,-35.9,-1.0,-1.0,RS41,403.501,7.7,-500,10,2.6,,050104CB03732A404E00
2026-09-02T13:13:15.987Z,W4214316,9621,46.48721,7.72536,34132.2,4.0,8.2,358.4,-35.5,-1.0,-1.0,RS41,403.501,7.6,-500,10,2.6,,050104C6036C3A306300
2026-09-02T13:13:52.987Z,W4214316,9658,46.48857,7.72360,34289.3,3.4,6.5,240.9,-35.5,0.0,-1.0,RS41,403.501,7.2,-500,10,2.5,,0501W17403580000006EI
2026-09-02T13:13:56.987Z,W4214316,9662,46.48842,7.72354,34305.2,4.9,4.1,136.6,-35.6,0.0,-1.0,RS41,403.501,7.1,-500,10,2.5,,050104B30354CA405700
2026-09-02T13:13:59.987Z,W4214316,9665,46.48847,7.72367,34318.2,4.0,7.5,27.4,-35.6,0.0,-1.0,RS41,403.501,7.5,-500,10,2.6,,050104B20350EA305300
2026-09-02T13:14:00.987Z,W4214316,9666,46.48854,7.72370,34322.5,4.4,8.3,6.8,-35.5,0.0,-1.0,RS41,403.501,8.5,-500,10,2.6,,050104B103504A405B00
2026-09-02T13:14:01.987Z,W4214316,9667,46.48862,7.72370,34326.7,4.3,9.7,349.7,-35.5,0.0,-1.0,RS41,403.501,8.5,-500,10,2.5,,050104B10351FA305C00
2026-09-02T13:14:02.987Z,W4214316,9668,46.48870,7.72366,34331.4,5.0,10.3,336.7,-35.5,0.0,-1.0,RS41,403.501,8.3,-500,10,2.5,,050104B103530A405F00
2026-09-02T13:14:13.987Z,W4214316,9679,46.48855,7.72333,34380.0,4.9,3.2,58.9,-35.7,0.0,-1.0,RS41,403.501,7.8,-500,10,2.6,,050104AD0348DA405800
2026-09-02T13:14:15.987Z,W4214316,9681,46.48863,7.72335,34388.5,3.9,6.7,350.9,-35.7,0.0,-1.0,RS41,403.501,7.5,-500,10,2.5,,050104AC03437A406100
2026-09-02T13:23:05.988Z,W4214316,10211,46.49932,7.68139,36137.3,2.9,4.4,310.6,-273.0,-1.0,-1.0,RS41,403.501,7.7,-500,10,2.6,,050104FC02676A305600
2026-09-02T13:23:16.988Z,W4214316,10222,46.49980,7.68090,36170.8,3.3,7.0,311.7,-273.0,-1.0,-1.0,RS41,403.501,7.5,-500,10,2.6,,050104F7025E9A205B00
2026-09-02T13:23:23.988Z,W4214316,10229,46.50009,7.68061,36191.5,2.7,5.4,340.2,-273.0,-1.0,-1.0,RS41,403.501,7.5,-500,10,2.6,,050104F4025A8A305C00
2026-09-02T13:23:24.988Z,W4214316,10230,46.50014,7.68059,36194.1,2.5,6.8,339.0,-273.0,-1.0,-1.0,RS41,403.501,7.6,-500,10,2.5,,050104F4025D9A305F00
2026-09-02T13:23:25.988Z,W4214316,10231,46.50020,7.68056,36196.6,2.4,7.3,344.5,-273.0,-1.0,-1.0,RS41,403.501,8.1,-500,10,2.5,,050104F3025E6A305B00
2026-09-02T13:23:28.988Z,W4214316,10234,46.50038,7.68045,36203.2,2.2,7.8,331.6,-273.0,-1.0,-1.0,RS41,403.501,8.3,-500,10,2.6,,050104F2025C4A305F00
2026-09-02T13:23:45.988Z,W4214316,10251,46.50108,7.67994,36251.3,3.0,4.6,317.3,-273.0,-1.0,-1.0,RS41,403.501,7.1,-500,10,2.6,,050104EC025CCA306800
2026-09-02T13:23:47.988Z,W4214316,10253,46.50114,7.67987,36257.4,3.1,3.7,337.7,-273.0,-1.0,-1.0,RS41,403.501,7.8,-500,10,2.5,,050104EB025ACA305800
2026-09-02T13:23:48.988Z,W4214316,10254,46.50116,7.67985,36260.5,3.0,2.8,328.4,-273.0,-1.0,-1.0,RS41,403.501,7.8,-500,10,2.5,,050104EB025A5A306400
2026-09-02T13:23:56.988Z,W4214316,10262,46.50154,7.67973,36284.2,2.9,7.4,338.0,-273.0,-1.0,-1.0,RS41,403.501,8.1,-500,10,2.6,,0501W17403580000006EI
