timestamp,serial,frame,lat,lon,alt,vel_v,vel_h,heading,temp,humidity,pressure,type,freq_mhz,snr,f_error_hz,sats,batt_v,burst_timer,aux_data
2026-08-28T00:38:11.998Z,W4131482,7400,47.29232,7.68032,32604.5,6.6,9.7,206.1,-273.0,-1.0,-1.0,RS41,403.500,7.0,625,9,2.5,,
2026-08-28T00:38:14.998Z,W4131482,7403,47.29207,7.68017,32622.8,6.8,9.9,207.5,-273.0,-1.0,-1.0,RS41,403.500,7.2,250,9,2.6,,
2026-08-28T00:38:32.998Z,W4131482,7421,47.29126,7.67876,32738.5,6.5,4.8,216.4,-273.0,-1.0,-1.0,RS41,403.500,6.9,250,9,2.6,,
2026-08-28T00:38:34.998Z,W4131482,7423,47.29118,7.67865,32751.5,6.7,7.6,231.9,-273.0,-1.0,-1.0,RS41,403.500,7.1,625,9,2.5,,
2026-08-28T00:38:35.998Z,W4131482,7424,47.29114,7.67856,32758.1,6.5,9.5,243.0,-273.0,-1.0,-1.0,RS41,403.500,7.1,625,9,2.5,,
2026-08-28T00:38:36.998Z,W4131482,7425,47.29111,7.67843,32764.4,6.0,11.0,251.9,-273.0,-1.0,-1.0,RS41,403.500,7.1,625,9,2.5,,
2026-08-28T00:39:02.998Z,W4131482,7451,47.29120,7.67674,32945.0,7.3,3.5,296.1,-273.0,-1.0,-1.0,RS41,403.500,7.3,250,9,2.6,,
2026-08-28T00:39:03.998Z,W4131482,7452,47.29122,7.67670,32951.9,6.5,3.5,314.5,-273.0,-1.0,-1.0,RS41,403.500,7.3,250,9,2.5,,
2026-08-28T00:39:13.998Z,W4131482,7462,47.29147,7.67663,33024.8,7.7,3.3,81.1,-273.0,-1.0,-1.0,RS41,403.500,7.7,250,9,2.6,,
2026-08-28T00:39:14.998Z,W4131482,7463,47.29148,7.67667,33032.8,8.5,1.6,77.7,-273.0,-1.0,-1.0,RS41,403.500,7.7,250,9,2.6,,
2026-08-28T00:39:15.998Z,W4131482,7464,47.29148,7.67667,33041.0,7.9,0.5,293.6,-273.0,-1.0,-1.0,RS41,403.500,7.5,250,9,2.5,,
2026-08-28T00:39:21.998Z,W4131482,7470,47.29151,7.67656,33085.3,6.6,2.3,50.6,-273.0,-1.0,-1.0,RS41,403.500,7.2,250,9,2.5,,
2026-08-28T00:39:26.998Z,W4131482,7475,47.29162,7.67669,33122.1,7.1,3.3,4.8,-273.0,-1.0,-1.0,RS41,403.500,7.1,250,9,2.6,,
2026-08-28T00:39:27.998Z,W4131482,7476,47.29165,7.67669,33128.9,6.5,3.5,356.7,-273.0,-1.0,-1.0,RS41,403.500,7.5,250,9,2.5,,
2026-08-28T00:39:34.998Z,W4131482,7483,47.29184,7.67691,33181.2,7.8,2.8,43.3,-273.0,-1.0,-1.0,RS41,403.500,7.7,250,9,2.5,,
2026-08-28T00:39:41.998Z,W4131482,7490,47.29184,7.67679,33234.5,7.6,3.0,85.4,-273.0,-1.0,-1.0,RS41,403.500,7.3,250,9,2.5,,
2026-08-28T00:39:42.998Z,W4131482,7491,47.29184,7.67684,33241.4,6.2,5.0,77.8,-273.0,-1.0,-1.0,RS41,403.500,7.5,250,9,2.6,,
2026-08-28T00:39:43.998Z,W4131482,7492,47.29186,7.67691,33248.1,7.3,6.2,70.5,-273.0,-1.0,-1.0,RS41,403.500,7.5,250,9,2.6,,
2026-08-28T00:39:44.998Z,W4131482,7493,47.29188,7.67698,33256.2,8.8,5.9,63.0,-273.0,-1.0,-1.0,RS41,403.500,7.5,250,9,2.6,,
2026-08-28T00:39:45.998Z,W4131482,7494,47.29190,7.67704,33265.1,9.1,4.4,51.3,-273.0,-1.0,-1.0,RS41,403.500,7.5,250,9,2.5,,
2026-08-28T00:40:03.998Z,W4131482,7512,47.29208,7.67690,33401.5,8.9,0.9,251.5,-273.0,-1.0,-1.0,RS41,403.500,7.0,250,9,2.6,,
2026-08-28T00:40:19.998Z,W4131482,7528,47.29199,7.67623,33522.3,7.4,0.4,157.3,-273.0,-1.0,-1.0,RS41,403.500,7.2,250,9,2.5,,
2026-08-28T00:40:20.998Z,W4131482,7529,47.29198,7.67623,33529.5,7.2,0.3,225.3,-273.0,-1.0,-1.0,RS41,403.500,7.2,250,9,2.6,,
2026-08-28T00:40:21.998Z,W4131482,7530,47.29198,7.67622,33537.0,7.8,1.3,251.2,-273.0,-1.0,-1.0,RS41,403.500,7.6,250,9,2.6,,
2026-08-28T00:40:23.998Z,W4131482,7532,47.29196,7.67614,33552.8,7.4,4.5,251.8,-273.0,-1.0,-1.0,RS41,403.500,6.7,250,9,2.5,,
2026-08-28T00:40:27.998Z,W4131482,7536,47.29193,7.67593,33583.0,8.2,1.9,295.1,-273.0,-1.0,-1.0,RS41,403.500,6.6,250,9,2.6,,
2026-08-28T00:40:28.998Z,W4131482,7537,47.29194,7.67591,33590.4,6.8,1.6,359.8,-273.0,-1.0,-1.0,RS41,403.500,7.3,250,9,2.6,,
2026-08-28T00:40:31.998Z,W4131482,7540,47.29197,7.67597,33612.4,8.5,1.6,119.2,-273.0,-1.0,-1.0,RS41,403.500,7.4,250,9,2.5,,
2026-08-28T00:40:33.998Z,W4131482,7542,47.29193,7.67597,33627.7,6.3,3.4,195.7,-273.0,-1.0,-1.0,RS41,403.500,7.2,250,9,2.6,,
2026-08-28T00:40:35.998Z,W4131482,7544,47.29187,7.67592,33641.0,7.2,4.5,216.4,-273.0,-1.0,-1.0,RS41,403.500,7.8,250,9,2.5,,
2026-08-28T00:40:36.998Z,W4131482,7545,47.29184,7.67589,33648.5,7.8,3.7,223.2,-273.0,-1.0,-1.0,RS41,403.500,7.8,250,9,2.5,,
2026-08-28T00:40:37.998Z,W4131482,7546,47.29182,7.67586,33656.0,7.0,2.5,227.5,-273.0,-1.0,-1.0,RS41,403.500,7.6,250,9,2.5,,
2026-08-28T00:40:38.998Z,W4131482,7547,47.29181,7.67584,33662.6,6.3,1.5,230.0,-273.0,-1.0,-1.0,RS41,403.500,8.1,250,9,2.5,,
2026-08-28T00:40:39.998Z,W4131482,7548,47.29180,7.67583,33669.1,6.6,0.9,213.3,-273.0,-1.0,-1.0,RS41,403.500,8.1,625,9,2.6,,
2026-08-28T00:40:40.998Z,W4131482,7549,47.29179,7.67582,33676.1,7.4,1.4,189.5,-273.0,-1.0,-1.0,RS41,403.500,7.9,625,9,2.6,,
2026-08-28T00:40:41.998Z,W4131482,7550,47.29177,7.67582,33683.6,7.5,2.4,189.0,-273.0,-1.0,-1.0,RS41,403.500,8.5,250,9,2.6,,
2026-08-28T00:40:42.998Z,W4131482,7551,47.29175,7.67581,33690.9,7.0,3.4,193.1,-273.0,-1.0,-1.0,RS41,403.500,8.5,250,9,2.5,,
2026-08-28T00:40:43.998Z,W4131482,7552,47.29172,7.67580,33697.7,6.7,3.9,199.2,-273.0,-1.0,-1.0,RS41,403.500,8.0,250,9,2.5,,
2026-08-28T00:40:46.998Z,W4131482,7555,47.29165,7.67572,33718.0,6.9,2.4,254.7,-42.5,-1.0,-1.0,RS41,403.500,7.3,250,9,2.6,,
2026-08-28T00:40:47.998Z,W4131482,7556,47.29165,7.67569,33725.0,7.1,1.8,286.5,-42.5,-1.0,-1.0,RS41,403.500,7.9,250,9,2.6,,
2026-08-28T00:40:48.998Z,W4131482,7557,47.29166,7.67568,33731.9,6.7,1.4,315.8,-42.5,-1.0,-1.0,RS41,403.500,8.1,250,9,2.5,,
2026-08-28T00:40:49.998Z,W4131482,7558,47.29166,7.67567,33738.4,6.5,0.4,318.4,-42.5,-1.0,-1.0,RS41,403.500,8.1,250,9,2.5,,
2026-08-28T00:40:50.998Z,W4131482,7559,47.29166,7.67567,33745.2,6.9,1.5,176.5,-42.5,-1.0,-1.0,RS41,403.500,7.9,250,9,2.5,,
2026-08-28T00:40:51.998Z,W4131482,7560,47.29163,7.67567,33752.2,7.2,3.8,182.7,-42.6,-1.0,-1.0,RS41,403.500,8.4,625,9,2.6,,
2026-08-28T00:40:52.998Z,W4131482,7561,47.29159,7.67566,33759.1,6.6,6.1,191.4,-42.6,-1.0,-1.0,RS41,403.500,8.4,625,9,2.6,,
2026-08-28T00:40:53.998Z,W4131482,7562,47.29153,7.67563,33765.3,5.8,7.8,199.6,-42.6,-1.0,-1.0,RS41,403.500,7.8,625,9,2.6,,
2026-08-28T00:40:59.998Z,W4131482,7568,47.29139,7.67518,33804.8,4.8,7.3,306.4,-42.8,-1.0,-1.0,RS41,403.500,7.1,250,9,2.6,,
2026-08-28T00:41:00.998Z,W4131482,7569,47.29143,7.67511,33810.0,5.5,6.7,314.3,-42.8,-1.0,-1.0,RS41,403.500,8.0,250,9,2.5,,
2026-08-28T00:41:01.998Z,W4131482,7570,47.29146,7.67506,33816.3,7.2,4.8,313.4,-42.8,-1.0,-1.0,RS41,403.500,8.0,250,9,2.5,,
2026-08-28T00:41:03.998Z,W4131482,7572,47.29147,7.67499,33830.7,6.0,2.6,224.7,-42.9,-1.0,-1.0,RS41,403.500,7.1,250,9,2.6,,
2026-08-28T00:41:04.998Z,W4131482,7573,47.29145,7.67497,33836.1,4.8,4.3,202.2,-42.9,-1.0,-1.0,RS41,403.500,7.8,250,9,2.6,,
2026-08-28T00:41:05.998Z,W4131482,7574,47.29141,7.67495,33841.3,5.5,5.5,198.6,-42.9,-1.0,-1.0,RS41,403.500,7.8,250,9,2.6,,
2026-08-28T00:41:06.998Z,W4131482,7575,47.29136,7.67492,33847.5,6.9,5.6,202.2,-42.9,-1.0,-1.0,RS41,403.500,7.4,250,9,2.5,,
2026-08-28T00:41:07.998Z,W4131482,7576,47.29132,7.67489,33854.7,7.5,4.5,213.4,-42.9,-1.0,-1.0,RS41,403.500,7.3,250,9,2.5,,
2026-08-28T00:41:08.998Z,W4131482,7577,47.29129,7.67486,33861.7,6.5,3.3,235.6,-43.0,-1.0,-1.0,RS41,403.500,7.4,250,9,2.5,,
2026-08-28T00:41:09.998Z,W4131482,7578,47.29129,7.67482,33867.7,5.4,2.8,269.4,-43.0,-1.0,-1.0,RS41,403.500,7.4,250,9,2.5,,
2026-08-28T00:41:11.998Z,W4131482,7580,47.29131,7.67475,33878.3,5.8,3.5,314.4,-42.9,-1.0,-1.0,RS41,403.500,7.6,250,9,2.6,,
2026-08-28T00:41:12.998Z,W4131482,7581,47.29133,7.67472,33884.6,7.0,3.4,316.6,-42.9,-1.0,-1.0,RS41,403.500,7.0,250,9,2.6,,
2026-08-28T00:41:13.998Z,W4131482,7582,47.29135,7.67469,33891.3,6.4,3.1,309.8,-43.0,-1.0,-1.0,RS41,403.500,7.0,250,9,2.5,,
2026-08-28T00:41:14.998Z,W4131482,7583,47.29137,7.67466,33897.2,5.4,3.0,299.9,-43.0,-1.0,-1.0,RS41-SG,403.500,6.8,250,9,2.5,,
2026-08-28T00:41:15.998Z,W4131482,7584,47.29138,7.67462,33902.6,5.5,3.3,295.2,-42.9,-1.0,-1.0,RS41-SG,403.500,7.9,250,9,2.5,,
2026-08-28T00:41:16.998Z,W4131482,7585,47.29140,7.67458,33908.3,5.9,4.0,299.2,-42.9,-1.0,-1.0,RS41-SG,403.500,8.3,250,9,2.5,,
2026-08-28T00:41:17.998Z,W4131482,7586,47.29142,7.67453,33914.2,6.1,4.9,306.0,-42.9,-1.0,-1.0,RS41-SG,403.500,8.3,250,9,2.6,,
2026-08-28T00:41:18.998Z,W4131482,7587,47.29145,7.67447,33920.5,6.5,5.8,311.2,-43.0,-1.0,-1.0,RS41-SG,403.500,8.2,250,9,2.6,,
2026-08-28T00:41:19.998Z,W4131482,7588,47.29149,7.67441,33926.7,5.9,6.3,313.2,-43.0,-1.0,-1.0,RS41-SG,403.500,8.2,250,9,2.6,,
2026-08-28T00:41:20.998Z,W4131482,7589,47.29152,7.67435,33932.4,5.4,6.4,310.2,-43.0,-1.0,-1.0,RS41-SG,403.500,8.0,250,9,2.5,,
2026-08-28T00:41:22.998Z,W4131482,7591,47.29158,7.67422,33944.1,6.3,4.9,285.0,-43.0,-1.0,-1.0,RS41-SG,403.500,6.8,250,9,2.5,,
2026-08-28T00:41:23.998Z,W4131482,7592,47.29158,7.67416,33950.2,5.8,4.5,264.6,-43.0,-1.0,-1.0,RS41-SG,403.500,8.0,625,9,2.5,,
2026-08-28T00:41:25.998Z,W4131482,7594,47.29156,7.67406,33960.8,5.7,3.9,244.8,-43.0,-1.0,-1.0,RS41-SG,403.500,8.0,250,9,2.6,,
2026-08-28T00:41:27.998Z,W4131482,7596,47.29156,7.67397,33974.1,7.0,3.5,306.7,-42.9,-1.0,-1.0,RS41-SG,403.500,6.5,250,9,2.5,,
2026-08-28T00:41:29.998Z,W4131482,7598,47.29164,7.67390,33985.5,4.3,7.3,335.9,-42.9,-1.0,-1.0,RS41-SG,403.500,7.0,250,9,2.6,,
2026-08-28T00:41:30.998Z,W4131482,7599,47.29170,7.67386,33990.0,4.8,8.6,337.2,-42.9,-1.0,-1.0,RS41-SG,403.500,6.8,250,9,2.6,,
2026-08-28T00:41:32.998Z,W4131482,7601,47.29184,7.67375,34001.8,6.4,8.1,324.1,-42.8,-1.0,-1.0,RS41-SG,403.500,6.9,250,9,2.5,,
2026-08-28T00:41:33.998Z,W4131482,7602,47.29189,7.67368,34007.5,5.1,7.3,314.4,-42.8,-1.0,-1.0,RS41-SG,403.500,7.6,250,9,2.5,,
2026-08-28T00:41:38.998Z,W4131482,7607,47.29206,7.67336,34034.5,5.7,5.9,318.8,-42.7,-1.0,-1.0,RS41-SG,403.500,7.1,250,9,2.6,,
2026-08-28T00:41:39.998Z,W4131482,7608,47.29210,7.67331,34039.7,4.8,5.8,324.2,-42.7,-1.0,-1.0,RS41-SG,403.500,7.7,250,9,2.5,,
2026-08-28T00:41:42.998Z,W4131482,7611,47.29220,7.67319,34054.4,5.5,3.4,308.8,-42.7,-1.0,-1.0,RS41-SG,403.500,7.3,250,9,2.5,,
2026-08-28T00:41:43.998Z,W4131482,7612,47.29221,7.67316,34059.9,5.4,2.9,288.4,-42.6,-1.0,-1.0,RS41-SG,403.500,7.9,250,9,2.6,,
2026-08-28T00:41:46.998Z,W4131482,7615,47.29224,7.67305,34074.7,5.4,3.5,315.1,-42.4,-1.0,-1.0,RS41-SG,403.500,7.6,250,9,2.5,,
2026-08-28T00:41:47.998Z,W4131482,7616,47.29227,7.67302,34080.2,5.5,5.3,335.4,-42.4,-1.0,-1.0,RS41-SG,403.500,8.0,250,9,2.5,,
2026-08-28T00:41:48.998Z,W4131482,7617,47.29232,7.67299,34085.2,4.7,6.9,346.0,-42.4,-1.0,-1.0,RS41-SG,403.500,8.0,250,9,2.5,,
2026-08-28T00:41:55.998Z,W4131482,7624,47.29258,7.67293,34119.3,3.6,2.5,203.7,-41.9,-1.0,-1.0,RS41-SG,403.500,7.0,250,9,2.6,,
2026-08-28T00:41:56.998Z,W4131482,7625,47.29256,7.67291,34123.4,4.5,2.7,205.0,-41.9,-1.0,-1.0,RS41-SG,403.500,7.6,250,9,2.5,,
2026-08-28T00:41:59.998Z,W4131482,7628,47.29256,7.67288,34140.0,4.2,3.0,350.1,-41.7,-1.0,-1.0,RS41-SG,403.500,7.1,250,9,2.6,,
2026-08-28T00:42:11.998Z,W4131482,7640,47.29279,7.67314,34195.6,4.6,3.4,23.4,-41.1,-1.0,-1.0,RS41-SG,403.500,7.4,250,9,2.6,,
2026-08-28T00:42:18.998Z,W4131482,7647,47.29273,7.67305,34226.9,4.4,5.3,165.4,-40.9,-1.0,-1.0,RS41-SG,403.500,6.9,250,9,2.5,,
2026-08-28T00:42:21.998Z,W4131482,7650,47.29267,7.67322,34239.8,4.0,6.8,77.8,-40.7,-1.0,-1.0,RS41-SG,403.500,7.2,250,9,2.6,,
2026-08-28T00:42:22.998Z,W4131482,7651,47.29270,7.67331,34243.8,4.0,7.5,55.9,-40.7,-1.0,-1.0,RS41-SG,403.500,8.2,250,9,2.6,,
2026-08-28T00:42:23.998Z,W4131482,7652,47.29274,7.67338,34248.1,4.5,7.4,35.9,-40.6,-1.0,-1.0,RS41-SG,403.500,8.4,250,9,2.6,,
2026-08-28T00:42:24.998Z,W4131482,7653,47.29280,7.67341,34252.9,4.9,6.4,11.9,-40.6,-1.0,-1.0,RS41-SG,403.500,8.4,250,9,2.5,,
2026-08-28T00:42:25.998Z,W4131482,7654,47.29284,7.67341,34257.9,4.9,4.9,337.0,-40.6,-1.0,-1.0,RS41-SG,403.500,7.8,250,9,2.5,,
2026-08-28T00:42:27.998Z,W4131482,7656,47.29287,7.67329,34266.9,3.9,6.7,250.5,-40.5,-1.0,-1.0,RS41-SG,403.500,7.5,250,9,2.5,,
2026-08-28T00:42:31.998Z,W4131482,7660,47.29261,7.67305,34281.4,4.6,8.3,180.4,-40.4,-1.0,-1.0,RS41-SG,403.500,7.0,250,9,2.5,,
2026-08-28T00:42:32.998Z,W4131482,7661,47.29255,7.67307,34286.1,4.9,6.1,154.4,-40.4,-1.0,-1.0,RS41-SG,403.500,7.3,250,9,2.5,,
2026-08-28T00:42:34.998Z,W4131482,7663,47.29252,7.67317,34294.7,3.2,4.8,69.1,-40.3,-1.0,-1.0,RS41-SG,403.500,7.7,250,9,2.5,,
2026-08-28T00:42:35.998Z,W4131482,7664,47.29254,7.67322,34297.7,3.0,5.7,34.1,-40.2,-1.0,-1.0,RS41-SG,403.500,8.5,250,9,2.6,,
2026-08-28T00:42:36.998Z,W4131482,7665,47.29259,7.67325,34301.1,3.9,6.2,6.7,-40.2,-1.0,-1.0,RS41-SG,403.500,8.5,250,9,2.6,,
2026-08-28T00:42:37.998Z,W4131482,7666,47.29264,7.67324,34305.7,5.3,6.0,335.4,-40.2,-1.0,-1.0,RS41-SG,403.500,8.5,250,9,2.6,,
2026-08-28T00:42:38.998Z,W4131482,7667,47.29268,7.67319,34311.3,5.8,6.1,300.4,-40.1,-1.0,-1.0,RS41-SG,403.500,8.5,250,9,2.5,,
2026-08-28T00:42:39.998Z,W4131482,7668,47.29270,7.67311,34316.2,4.1,7.0,272.8,-40.0,-1.0,-1.0,RS41-SG,403.500,8.5,250,9,2.5,,
2026-08-28T00:42:40.998Z,W4131482,7669,47.29269,7.67301,34319.6,2.6,8.3,253.0,-39.9,0.2,-1.0,RS41-SG,403.500,7.1,625,9,2.5,,
2026-08-28T00:42:41.998Z,W4131482,7670,47.29266,7.67290,34322.2,2.5,9.4,240.3,-39.9,0.2,-1.0,RS41-SG,403.500,7.0,625,9,2.5,,
2026-08-28T00:42:46.998Z,W4131482,7675,47.29248,7.67261,34343.3,3.1,0.8,226.7,-39.6,0.2,-1.0,RS41-SG,403.500,6.9,250,9,2.5,,
2026-08-28T00:42:47.998Z,W4131482,7676,47.29248,7.67261,34346.9,4.1,0.6,10.4,-39.5,0.2,-1.0,RS41-SG,403.500,7.5,250,9,2.5,,
2026-08-28T00:42:48.998Z,W4131482,7677,47.29249,7.67261,34351.4,5.1,1.0,359.6,-39.5,0.2,-1.0,RS41-SG,403.500,7.8,250,9,2.5,,
2026-08-28T00:42:49.998Z,W4131482,7678,47.29250,7.67260,34356.2,4.5,1.3,327.6,-39.4,0.2,-1.0,RS41-SG,403.500,7.8,250,9,2.6,,
2026-08-28T00:42:50.998Z,W4131482,7679,47.29251,7.67259,34360.6,4.2,2.3,304.5,-39.3,0.2,-1.0,RS41-SG,403.500,7.8,250,9,2.6,,
2026-08-28T00:42:51.998Z,W4131482,7680,47.29252,7.67255,34364.8,4.3,3.9,294.9,-39.3,0.2,-1.0,RS41-SG,403.500,7.8,250,9,2.5,,
2026-08-28T00:42:52.998Z,W4131482,7681,47.29254,7.67249,34369.3,4.6,5.7,292.3,-39.2,0.2,-1.0,RS41-SG,403.500,7.8,250,9,2.5,,
2026-08-28T00:42:53.998Z,W4131482,7682,47.29256,7.67241,34373.7,4.3,7.0,291.1,-39.1,0.2,-1.0,RS41-SG,403.500,7.6,250,9,2.5,,
2026-08-28T00:42:56.998Z,W4131482,7685,47.29259,7.67214,34387.3,5.7,6.5,261.5,-38.9,0.2,-1.0,RS41,403.500,6.7,250,9,2.6,,
2026-08-28T00:42:57.998Z,W4131482,7686,47.29258,7.67206,34392.9,5.3,5.8,240.0,-38.8,0.2,-1.0,RS41,403.500,7.8,250,9,2.5,,
2026-08-28T00:43:02.998Z,W4131482,7691,47.29245,7.67207,34415.1,4.4,4.3,70.7,-38.5,0.2,-1.0,RS41,403.500,6.6,250,9,2.6,,
2026-08-28T00:43:03.998Z,W4131482,7692,47.29247,7.67212,34419.1,3.7,5.0,48.2,-38.5,0.2,-1.0,RS41,403.500,7.2,250,9,2.6,,
2026-08-28T00:43:04.998Z,W4131482,7693,47.29251,7.67216,34423.1,4.3,5.1,29.2,-38.4,0.2,-1.0,RS41,403.500,7.4,250,9,2.5,,
2026-08-28T00:43:05.998Z,W4131482,7694,47.29255,7.67218,34427.9,5.2,4.3,3.9,-38.4,0.2,-1.0,RS41,403.500,7.4,250,9,2.5,,
2026-08-28T00:43:06.998Z,W4131482,7695,47.29258,7.67217,34433.3,5.5,3.9,326.2,-38.3,0.2,-1.0,RS41,403.500,7.8,250,9,2.5,,
2026-08-28T00:43:07.998Z,W4131482,7696,47.29260,7.67213,34438.0,4.0,4.4,295.5,-38.2,0.2,-1.0,RS41,403.500,8.2,250,9,2.5,,
2026-08-28T00:43:08.998Z,W4131482,7697,47.29261,7.67206,34441.7,3.4,5.7,276.4,-38.2,0.2,-1.0,RS41,403.500,8.3,250,9,2.6,,
2026-08-28T00:43:09.998Z,W4131482,7698,47.29262,7.67198,34445.3,3.8,6.6,269.4,-38.1,0.2,-1.0,RS41,403.500,8.3,250,9,2.6,,
2026-08-28T00:43:10.998Z,W4131482,7699,47.29262,7.67189,34449.7,5.2,6.8,271.5,-38.0,0.2,-1.0,RS41,403.500,7.7,250,9,2.6,,
2026-08-28T00:43:11.998Z,W4131482,7700,47.29262,7.67181,34455.2,5.8,6.1,280.9,-38.0,0.2,-1.0,RS41,403.500,7.1,250,9,2.5,,
2026-08-28T00:43:16.998Z,W4131482,7705,47.29275,7.67161,34478.3,4.9,2.7,342.6,-37.7,0.2,-1.0,RS41,403.500,6.9,250,9,2.6,,
2026-08-28T00:43:17.998Z,W4131482,7706,47.29277,7.67160,34483.1,4.7,2.3,329.6,-37.7,0.2,-1.0,RS41,403.500,6.9,250,9,2.6,,
2026-08-28T00:43:18.998Z,W4131482,7707,47.29279,7.67158,34487.7,4.5,2.7,311.0,-37.7,0.2,-1.0,RS41,403.500,6.8,250,9,2.5,,
2026-08-28T00:43:19.998Z,W4131482,7708,47.29281,7.67154,34492.2,4.4,4.1,304.9,-37.7,0.2,-1.0,RS41,403.500,7.3,250,9,2.5,,
2026-08-28T00:43:20.998Z,W4131482,7709,47.29283,7.67149,34496.6,4.4,5.9,307.2,-37.7,0.2,-1.0,RS41,403.500,7.7,250,9,2.5,,
2026-08-28T00:43:21.998Z,W4131482,7710,47.29287,7.67142,34501.0,4.5,7.5,311.9,-37.7,0.2,-1.0,RS41,403.500,7.7,250,9,2.5,,
2026-08-28T00:43:23.998Z,W4131482,7712,47.29298,7.67128,34510.3,5.0,8.6,325.4,-37.7,0.2,-1.0,RS41,403.500,7.0,250,9,2.6,,
2026-08-28T00:43:28.998Z,W4131482,7717,47.29317,7.67123,34536.1,4.5,2.3,106.9,-37.6,0.2,-1.0,RS41,403.500,7.3,250,9,2.5,,
2026-08-28T00:43:29.998Z,W4131482,7718,47.29316,7.67125,34541.0,5.3,2.6,146.1,-37.5,0.2,-1.0,RS41,403.500,8.0,250,9,2.6,,
2026-08-28T00:43:30.998Z,W4131482,7719,47.29314,7.67126,34546.5,5.8,2.3,184.1,-37.5,0.2,-1.0,RS41,403.500,8.5,250,9,2.6,,
2026-08-28T00:43:31.998Z,W4131482,7720,47.29312,7.67125,34552.4,5.9,2.4,247.4,-37.5,0.2,-1.0,RS41,403.500,8.5,250,9,2.6,,
2026-08-28T00:43:32.998Z,W4131482,7721,47.29313,7.67121,34558.0,5.3,4.2,292.1,-37.4,0.2,-1.0,RS41,403.500,8.1,250,9,2.5,,
2026-08-28T00:43:37.998Z,W4131482,7726,47.29351,7.67100,34582.3,5.7,11.8,4.6,-37.2,0.2,-1.0,RS41,403.500,7.3,250,9,2.6,,
2026-08-28T00:43:38.998Z,W4131482,7727,47.29361,7.67102,34588.1,5.9,9.9,16.3,-37.2,0.2,-1.0,RS41,403.500,8.0,250,9,2.6,,
2026-08-28T00:43:39.998Z,W4131482,7728,47.29368,7.67107,34593.8,5.6,7.1,30.9,-37.1,0.2,-1.0,RS41,403.500,8.0,250,9,2.5,,
2026-08-28T00:43:40.998Z,W4131482,7729,47.29372,7.67111,34598.8,4.6,4.3,53.6,-37.0,0.2,-1.0,RS41,403.500,8.5,250,9,2.5,,
2026-08-28T00:43:41.998Z,W4131482,7730,47.29373,7.67115,34603.1,4.1,2.3,106.1,-37.0,0.2,-1.0,RS41,403.500,8.5,250,9,2.5,,
2026-08-28T00:43:42.998Z,W4131482,7731,47.29371,7.67117,34607.2,4.3,2.5,176.1,-36.9,0.2,-1.0,RS41,403.500,8.4,250,9,2.5,,
2026-08-28T00:43:50.998Z,W4131482,7739,47.29402,7.67112,34649.5,6.6,10.5,41.9,-36.4,0.2,-1.0,RS41,403.500,7.6,250,9,2.6,,
2026-08-28T00:43:51.998Z,W4131482,7740,47.29408,7.67122,34656.2,6.7,9.2,58.8,-36.4,0.2,-1.0,RS41,403.500,7.6,250,9,2.6,,
2026-08-28T00:43:52.998Z,W4131482,7741,47.29411,7.67132,34662.2,5.4,7.7,76.6,-36.3,0.2,-1.0,RS41,403.500,8.7,250,9,2.6,,
2026-08-28T00:43:53.998Z,W4131482,7742,47.29411,7.67141,34667.0,4.2,6.1,97.1,-36.2,0.2,-1.0,RS41,403.500,8.7,250,9,2.5,,
2026-08-28T00:43:54.998Z,W4131482,7743,47.29410,7.67148,34671.1,3.9,4.6,122.0,-36.1,0.2,-1.0,RS41,403.500,8.6,250,9,2.5,,
2026-08-28T00:43:55.998Z,W4131482,7744,47.29408,7.67151,34675.3,4.6,3.2,149.8,-36.0,0.2,-1.0,RS41,403.500,8.6,250,9,2.5,,
2026-08-28T00:43:56.998Z,W4131482,7745,47.29406,7.67152,34680.4,5.4,1.8,184.4,-35.9,0.2,-1.0,RS41,403.500,7.5,250,9,2.5,,
2026-08-28T00:43:58.998Z,W4131482,7747,47.29406,7.67151,34691.5,5.7,1.8,354.6,-35.8,0.2,-1.0,RS41,403.500,6.4,250,9,2.6,,
2026-08-28T00:43:59.998Z,W4131482,7748,47.29408,7.67152,34697.2,5.7,3.3,24.9,-35.7,0.2,-1.0,RS41,403.500,7.4,250,9,2.6,,
2026-08-28T00:44:00.998Z,W4131482,7749,47.29411,7.67155,34702.9,5.8,5.0,47.3,-35.6,0.2,-1.0,RS41,403.500,7.9,250,9,2.5,,
2026-08-28T00:44:01.998Z,W4131482,7750,47.29413,7.67162,34708.9,6.1,6.8,65.9,-35.5,0.2,-1.0,RS41,403.500,7.9,250,9,2.5,,
2026-08-28T00:44:02.998Z,W4131482,7751,47.29415,7.67171,34714.8,5.8,8.5,79.7,-35.4,0.1,-1.0,RS41,403.500,8.5,250,9,2.5,,
2026-08-28T00:44:03.998Z,W4131482,7752,47.29416,7.67183,34720.1,4.8,9.6,89.8,-35.3,0.2,-1.0,RS41,403.500,8.7,250,9,2.5,,
2026-08-28T00:44:04.998Z,W4131482,7753,47.29415,7.67196,34725.0,4.9,10.1,96.1,-35.3,0.2,-1.0,RS41,403.500,8.9,250,9,2.6,,
2026-08-28T00:44:05.998Z,W4131482,7754,47.29414,7.67209,34730.4,6.0,9.7,99.7,-35.2,0.1,-1.0,RS41,403.500,8.9,250,9,2.6,,
2026-08-28T00:44:06.998Z,W4131482,7755,47.29413,7.67220,34736.9,7.0,8.2,97.8,-35.1,0.2,-1.0,RS41,403.500,8.6,250,9,2.6,,
2026-08-28T00:44:07.998Z,W4131482,7756,47.29412,7.67230,34743.6,6.4,6.5,91.6,-35.0,0.2,-1.0,RS41,403.500,8.6,250,9,2.5,,
2026-08-28T00:44:08.998Z,W4131482,7757,47.29413,7.67238,34749.2,4.8,5.0,82.5,-34.9,0.1,-1.0,RS41,403.500,8.0,250,9,2.5,,
2026-08-28T00:44:09.998Z,W4131482,7758,47.29413,7.67243,34754.0,4.8,3.4,72.3,-34.9,0.1,-1.0,RS41,403.500,7.9,250,9,2.5,,
2026-08-28T00:44:18.998Z,W4131482,7767,47.29410,7.67299,34807.2,5.4,9.8,78.1,-35.0,0.2,-1.0,RS41,403.500,7.3,250,9,2.6,,
2026-08-28T00:44:19.998Z,W4131482,7768,47.29411,7.67311,34813.0,6.1,9.2,79.8,-34.9,0.2,-1.0,RS41,403.500,7.7,250,9,2.6,,
2026-08-28T00:44:20.998Z,W4131482,7769,47.29412,7.67323,34819.4,6.7,7.8,86.5,-34.9,0.1,-1.0,RS41,403.500,8.7,250,9,2.6,,
2026-08-28T00:44:21.998Z,W4131482,7770,47.29412,7.67331,34826.2,6.9,5.9,102.5,-34.9,0.1,-1.0,RS41,403.500,8.7,250,9,2.5,,
2026-08-28T00:44:22.998Z,W4131482,7771,47.29410,7.67338,34832.6,5.9,4.7,128.5,-34.8,0.2,-1.0,RS41,403.500,7.8,625,9,2.5,,
2026-08-28T00:44:23.998Z,W4131482,7772,47.29407,7.67341,34838.1,5.1,4.3,158.1,-34.8,0.2,-1.0,RS41,403.500,7.2,625,9,2.5,,
2026-08-28T00:44:30.998Z,W4131482,7779,47.29409,7.67341,34879.9,6.4,5.6,45.8,-34.9,0.2,-1.0,RS41,403.500,6.9,250,9,2.5,,
2026-08-28T00:44:31.998Z,W4131482,7780,47.29411,7.67347,34886.5,6.8,6.1,72.0,-35.0,0.2,-1.0,RS41,403.500,7.6,250,9,2.5,,
2026-08-28T00:44:32.998Z,W4131482,7781,47.29412,7.67356,34893.3,6.7,6.9,97.8,-35.0,0.1,-1.0,RS41,403.500,7.6,250,9,2.6,,
2026-08-28T00:44:33.998Z,W4131482,7782,47.29410,7.67365,34899.9,6.3,8.0,118.8,-35.0,0.2,-1.0,RS41,403.500,7.4,250,9,2.6,,
2026-08-28T00:44:34.998Z,W4131482,7783,47.29405,7.67373,34905.9,5.8,8.8,134.7,-35.0,0.2,-1.0,RS41,403.500,8.1,250,9,2.6,,
2026-08-28T00:44:35.998Z,W4131482,7784,47.29399,7.67380,34911.8,6.0,8.8,150.0,-35.1,0.1,-1.0,RS41,403.500,8.2,625,9,2.5,,
2026-08-28T00:44:36.998Z,W4131482,7785,47.29392,7.67384,34918.1,6.4,7.6,167.2,-35.1,0.2,-1.0,RS41,403.500,8.2,250,9,2.5,,
2026-08-28T00:44:37.998Z,W4131482,7786,47.29386,7.67385,34924.7,6.7,6.0,191.5,-35.1,0.1,-1.0,RS41,403.500,7.6,250,9,2.5,,
2026-08-28T00:44:40.998Z,W4131482,7789,47.29382,7.67371,34943.9,6.2,5.2,307.8,-35.0,0.1,-1.0,RS41,403.500,7.0,250,9,2.6,,
2026-08-28T00:44:46.998Z,W4131482,7795,47.29396,7.67400,34981.8,5.2,10.5,119.8,-35.1,0.2,-1.0,RS41,403.500,8.3,625,9,2.6,,
2026-08-28T00:44:47.998Z,W4131482,7796,47.29390,7.67411,34987.3,5.7,10.9,136.9,-35.1,0.2,-1.0,RS41,403.500,8.5,625,9,2.6,,
2026-08-28T00:44:48.998Z,W4131482,7797,47.29382,7.67419,34993.4,6.5,10.1,153.6,-35.2,0.2,-1.0,RS41,403.500,8.5,250,9,2.6,,
2026-08-28T00:44:49.998Z,W4131482,7798,47.29375,7.67423,35000.2,6.9,8.1,171.8,-35.2,0.1,-1.0,RS41,403.500,8.5,250,9,2.5,,
2026-08-28T00:44:50.998Z,W4131482,7799,47.29369,7.67423,35007.2,6.9,5.5,196.6,-35.2,0.2,-1.0,RS41,403.500,8.5,250,9,2.5,,
2026-08-28T00:44:54.998Z,W4131482,7803,47.29375,7.67413,35030.6,5.9,7.4,9.9,-35.3,0.1,-1.0,RS41,403.500,7.3,250,9,2.6,,
2026-08-28T00:44:55.998Z,W4131482,7804,47.29382,7.67416,35036.8,6.6,8.3,31.6,-35.4,0.1,-1.0,RS41,403.500,7.3,250,9,2.6,,
2026-08-28T00:44:58.998Z,W4131482,7807,47.29390,7.67446,35055.9,5.3,9.2,102.1,-35.4,0.1,-1.0,RS41,403.500,7.8,250,9,2.5,,
2026-08-28T00:44:59.998Z,W4131482,7808,47.29387,7.67457,35061.1,4.9,9.4,124.0,-35.4,0.2,-1.0,RS41,403.500,8.7,625,9,2.5,,
2026-08-28T00:45:00.998Z,W4131482,7809,47.29381,7.67466,35066.4,5.5,9.1,144.4,-35.5,0.2,-1.0,RS41,403.500,8.7,250,9,2.6,,
2026-08-28T00:45:01.998Z,W4131482,7810,47.29374,7.67471,35072.3,6.4,7.9,163.7,-35.5,0.2,-1.0,RS41,403.500,8.2,625,9,2.6,,
2026-08-28T00:45:02.998Z,W4131482,7811,47.29368,7.67472,35079.0,7.0,5.8,183.4,-35.5,0.1,-1.0,RS41,403.500,7.6,250,9,2.6,,
2026-08-28T00:45:03.998Z,W4131482,7812,47.29364,7.67471,35086.0,6.9,3.3,210.4,-35.6,0.2,-1.0,RS41,403.500,7.6,625,9,2.5,,
2026-08-28T00:45:07.998Z,W4131482,7816,47.29375,7.67473,35110.6,5.9,8.2,36.5,-35.7,0.2,-1.0,RS41,403.500,7.6,250,9,2.6,,
2026-08-28T00:45:08.998Z,W4131482,7817,47.29380,7.67481,35116.5,5.9,9.5,51.0,-35.7,0.2,-1.0,RS41,403.500,7.6,250,9,2.6,,
2026-08-28T00:45:09.998Z,W4131482,7818,47.29385,7.67492,35122.7,6.3,9.6,65.7,-35.7,0.2,-1.0,RS41,403.500,7.5,250,9,2.6,,
2026-08-28T00:45:10.998Z,W4131482,7819,47.29387,7.67503,35129.0,6.4,8.8,81.4,-35.7,0.2,-1.0,RS41,403.500,8.7,250,9,2.5,,
2026-08-28T00:45:11.998Z,W4131482,7820,47.29387,7.67514,35135.4,6.2,7.4,100.0,-35.8,0.2,-1.0,RS41,403.500,9.1,250,9,2.5,,
2026-08-28T00:45:12.998Z,W4131482,7821,47.29385,7.67522,35141.5,5.9,6.0,123.1,-35.8,0.2,-1.0,RS41,403.500,9.1,625,9,2.5,,
2026-08-28T00:45:13.998Z,W4131482,7822,47.29382,7.67527,35147.3,5.6,4.6,151.0,-35.8,0.2,-1.0,RS41,403.500,9.0,250,9,2.5,,
2026-08-28T00:45:14.998Z,W4131482,7823,47.29379,7.67528,35153.0,5.8,3.5,179.0,-35.8,0.2,-1.0,RS41,403.500,9.0,250,9,2.6,,
2026-08-28T00:45:17.999Z,W4131482,7826,47.29377,7.67526,35172.5,6.9,2.7,12.0,-35.9,0.2,-1.0,RS41,403.500,8.7,250,9,2.5,,
2026-08-28T00:45:18.999Z,W4131482,7827,47.29380,7.67528,35179.1,6.2,5.2,32.7,-35.9,0.2,-1.0,RS41,403.500,8.7,250,9,2.5,,
2026-08-28T00:45:20.999Z,W4131482,7829,47.29389,7.67541,35190.1,5.0,8.8,55.3,-36.0,0.2,-1.0,RS41,403.500,9.1,250,9,2.5,,
2026-08-28T00:45:21.999Z,W4131482,7830,47.29392,7.67552,35195.6,5.9,9.2,65.7,-36.0,0.2,-1.0,RS41,403.500,9.1,250,9,2.6,,
2026-08-28T00:45:22.999Z,W4131482,7831,47.29395,7.67563,35202.0,6.9,8.4,76.8,-36.1,0.2,-1.0,RS41,403.500,8.9,250,9,2.6,,
2026-08-28T00:45:23.999Z,W4131482,7832,47.29396,7.67572,35209.1,7.1,6.6,90.8,-36.1,0.2,-1.0,RS41,403.500,9.4,250,9,2.6,,
2026-08-28T00:45:24.999Z,W4131482,7833,47.29395,7.67579,35216.0,6.7,4.6,107.5,-36.1,0.2,-1.0,RS41,403.500,9.4,250,9,2.5,,
2026-08-28T00:45:25.999Z,W4131482,7834,47.29394,7.67584,35222.4,5.8,3.1,133.6,-36.1,0.2,-1.0,RS41,403.500,9.0,625,9,2.5,,
2026-08-28T00:45:26.999Z,W4131482,7835,47.29392,7.67586,35228.0,5.3,2.2,161.9,-36.2,0.1,-1.0,RS41,403.500,8.8,250,9,2.5,,
2026-08-28T00:45:27.999Z,W4131482,7836,47.29390,7.67586,35233.8,6.0,1.2,172.5,-36.2,0.2,-1.0,RS41,403.500,8.8,250,9,2.5,,
2026-08-28T00:45:29.999Z,W4131482,7838,47.29391,7.67590,35247.6,7.4,3.3,64.1,-36.2,0.2,-1.0,RS41-SG,403.500,8.3,250,9,2.6,,
2026-08-28T00:45:30.999Z,W4131482,7839,47.29392,7.67595,35254.8,6.9,5.9,64.3,-36.2,0.2,-1.0,RS41-SG,403.500,8.3,250,9,2.6,,
2026-08-28T00:45:31.999Z,W4131482,7840,47.29395,7.67603,35261.2,5.8,7.9,68.4,-36.2,0.2,-1.0,RS41-SG,403.500,7.2,250,9,2.5,,
2026-08-28T00:45:32.999Z,W4131482,7841,47.29397,7.67614,35266.9,5.6,9.2,73.0,-36.2,0.2,-1.0,RS41-SG,403.500,8.9,625,9,2.5,,
2026-08-28T00:45:33.999Z,W4131482,7842,47.29399,7.67626,35272.8,6.2,9.2,79.9,-36.2,0.1,-1.0,RS41-SG,403.500,8.9,625,9,2.5,,
2026-08-28T00:45:34.999Z,W4131482,7843,47.29400,7.67637,35279.4,7.0,8.2,92.1,-36.2,0.2,-1.0,RS41-SG,403.500,8.1,625,9,2.5,,
2026-08-28T00:45:35.999Z,W4131482,7844,47.29399,7.67646,35286.3,6.9,6.6,111.0,-36.2,0.2,-1.0,RS41-SG,403.500,9.1,625,9,2.6,,
2026-08-28T00:45:36.999Z,W4131482,7845,47.29396,7.67653,35292.9,6.2,6.0,136.7,-36.2,0.2,-1.0,RS41-SG,403.500,9.1,625,9,2.6,,
2026-08-28T00:45:37.999Z,W4131482,7846,47.29391,7.67657,35298.6,5.1,6.3,158.3,-36.2,0.1,-1.0,RS41-SG,403.500,8.6,625,9,2.6,,
2026-08-28T00:45:38.999Z,W4131482,7847,47.29385,7.67660,35303.7,5.1,7.0,168.7,-36.1,0.2,-1.0,RS41-SG,403.500,8.6,625,9,2.5,,
2026-08-28T00:45:40.999Z,W4131482,7849,47.29373,7.67665,35315.9,7.3,6.8,154.7,-36.1,0.2,-1.0,RS41-SG,403.500,7.7,250,9,2.5,,
2026-08-28T00:45:43.999Z,W4131482,7852,47.29364,7.67688,35336.6,5.1,8.4,96.9,-36.1,0.2,-1.0,RS41-SG,403.500,8.4,250,9,2.6,,
2026-08-28T00:45:44.999Z,W4131482,7853,47.29363,7.67699,35341.6,4.8,9.2,86.1,-36.1,0.2,-1.0,RS41-SG,403.500,8.4,250,9,2.6,,
2026-08-28T00:45:45.999Z,W4131482,7854,47.29365,7.67711,35347.0,5.9,8.8,77.8,-36.0,0.1,-1.0,RS41-SG,403.500,8.7,250,9,2.5,,
2026-08-28T00:45:46.999Z,W4131482,7855,47.29366,7.67721,35353.5,7.0,7.2,71.9,-35.9,0.2,-1.0,RS41-SG,403.500,8.7,250,9,2.5,,
2026-08-28T00:45:47.999Z,W4131482,7856,47.29368,7.67729,35360.5,7.2,4.7,71.2,-35.9,0.2,-1.0,RS41-SG,403.500,8.3,250,9,2.5,,
2026-08-28T00:45:48.999Z,W4131482,7857,47.29369,7.67733,35367.4,6.5,2.3,81.6,-35.8,0.1,-1.0,RS41-SG,403.500,9.5,250,9,2.5,,
2026-08-28T00:45:49.999Z,W4131482,7858,47.29369,7.67735,35373.4,5.5,1.3,140.5,-35.8,0.2,-1.0,RS41-SG,403.500,9.5,625,9,2.6,,
2026-08-28T00:45:50.999Z,W4131482,7859,47.29367,7.67736,35379.0,5.8,2.6,167.7,-35.7,0.2,-1.0,RS41-SG,403.500,7.8,250,9,2.6,,
2026-08-28T00:45:51.999Z,W4131482,7860,47.29364,7.67737,35385.2,6.4,4.5,160.4,-35.7,0.1,-1.0,RS41-SG,403.500,7.8,625,9,2.6,,
2026-08-28T00:45:53.999Z,W4131482,7862,47.29354,7.67747,35398.8,6.7,8.8,136.3,-35.6,0.2,-1.0,RS41-SG,403.500,7.8,250,9,2.5,,
2026-08-28T00:45:55.999Z,W4131482,7864,47.29342,7.67769,35410.2,4.7,12.0,123.8,-35.5,0.2,-1.0,RS41-SG,403.500,7.0,250,9,2.6,,
2026-08-28T00:45:56.999Z,W4131482,7865,47.29337,7.67782,35415.1,5.1,12.2,121.5,-35.4,0.2,-1.0,RS41-SG,403.500,9.2,250,9,2.6,,
2026-08-28T00:45:57.999Z,W4131482,7866,47.29331,7.67795,35420.7,6.2,11.2,123.1,-35.3,0.1,-1.0,RS41-SG,403.500,9.2,250,9,2.5,,
2026-08-28T00:45:58.999Z,W4131482,7867,47.29326,7.67806,35427.2,6.8,9.4,130.3,-35.3,0.2,-1.0,RS41-SG,403.500,9.3,625,9,2.5,,
2026-08-28T00:45:59.999Z,W4131482,7868,47.29320,7.67814,35433.7,6.2,7.6,141.0,-35.2,0.1,-1.0,RS41-SG,403.500,9.3,250,9,2.5,,
2026-08-28T00:46:00.999Z,W4131482,7869,47.29315,7.67819,35439.7,5.6,6.4,157.4,-35.2,0.1,-1.0,RS41-SG,403.500,8.3,625,9,2.6,,
2026-08-28T00:46:01.999Z,W4131482,7870,47.29310,7.67821,35445.2,5.5,5.8,170.5,-35.2,0.2,-1.0,RS41-SG,403.500,8.4,625,9,2.6,,
2026-08-28T00:46:03.999Z,W4131482,7872,47.29300,7.67823,35457.2,6.7,5.0,167.8,-35.1,0.1,-1.0,RS41-SG,403.500,7.6,250,9,2.5,,
2026-08-28T00:46:05.999Z,W4131482,7874,47.29292,7.67829,35470.9,6.4,5.5,133.8,-35.0,0.2,-1.0,RS41-SG,403.500,7.0,250,9,2.6,,
2026-08-28T00:46:06.999Z,W4131482,7875,47.29289,7.67835,35476.7,5.2,6.0,120.8,-35.0,0.1,-1.0,RS41-SG,403.500,8.7,625,9,2.6,,
2026-08-28T00:46:07.999Z,W4131482,7876,47.29287,7.67842,35481.8,4.7,6.2,113.1,-35.0,0.1,-1.0,RS41-SG,403.500,8.7,625,9,2.6,,
2026-08-28T00:46:08.999Z,W4131482,7877,47.29285,7.67850,35486.9,5.5,5.9,111.0,-34.9,0.1,-1.0,RS41-SG,403.500,8.8,250,9,2.5,,
2026-08-28T00:46:09.999Z,W4131482,7878,47.29283,7.67856,35492.8,6.3,4.5,117.0,-34.9,0.1,-1.0,RS41-SG,403.500,8.8,250,9,2.5,,
2026-08-28T00:46:10.999Z,W4131482,7879,47.29281,7.67860,35499.3,6.6,3.4,140.4,-34.9,0.1,-1.0,RS41-SG,403.500,8.0,250,9,2.5,,
2026-08-28T00:46:11.999Z,W4131482,7880,47.29278,7.67862,35505.8,6.1,3.4,171.9,-34.8,0.1,-1.0,RS41-SG,403.500,8.9,250,9,2.5,,
2026-08-28T00:46:12.999Z,W4131482,7881,47.29275,7.67862,35511.6,5.5,4.2,186.0,-34.8,0.2,-1.0,RS41-SG,403.500,8.9,625,9,2.6,,
2026-08-28T00:46:14.999Z,W4131482,7883,47.29265,7.67862,35523.6,6.4,6.3,172.2,-34.7,0.1,-1.0,RS41-SG,403.500,6.7,625,9,2.6,,
2026-08-28T00:46:16.999Z,W4131482,7885,47.29253,7.67869,35536.6,6.1,8.8,148.8,-34.7,0.1,-1.0,RS41-SG,403.500,8.0,625,9,2.5,,
2026-08-28T00:46:18.999Z,W4131482,7887,47.29240,7.67884,35547.7,5.5,9.7,137.6,-34.6,0.2,-1.0,RS41-SG,403.500,8.8,625,9,2.5,,
2026-08-28T00:46:19.999Z,W4131482,7888,47.29234,7.67892,35553.6,6.3,8.6,137.1,-34.5,0.1,-1.0,RS41-SG,403.500,8.8,625,9,2.6,,
2026-08-28T00:46:20.999Z,W4131482,7889,47.29229,7.67899,35560.3,7.0,6.6,142.5,-34.5,0.1,-1.0,RS41-SG,403.500,8.6,250,9,2.6,,
2026-08-28T00:46:21.999Z,W4131482,7890,47.29224,7.67903,35566.9,6.1,4.7,157.2,-34.5,0.1,-1.0,RS41-SG,403.500,8.7,250,9,2.6,,
2026-08-28T00:46:22.999Z,W4131482,7891,47.29221,7.67904,35572.4,4.8,3.8,182.2,-34.4,0.1,-1.0,RS41-SG,403.500,8.7,625,9,2.5,,
2026-08-28T00:46:23.999Z,W4131482,7892,47.29217,7.67903,35577.4,4.9,3.9,201.8,-34.4,0.1,-1.0,RS41-SG,403.500,7.5,625,9,2.5,,
2026-08-28T00:46:24.999Z,W4131482,7893,47.29214,7.67901,35582.6,5.6,4.2,204.6,-34.4,0.1,-1.0,RS41-SG,403.500,7.0,625,9,2.5,,
2026-08-28T00:46:26.999Z,W4131482,7895,47.29206,7.67899,35594.5,6.2,5.2,173.8,-34.3,0.1,-1.0,RS41-SG,403.500,7.5,250,9,2.6,,
2026-08-28T00:46:28.999Z,W4131482,7897,47.29195,7.67905,35606.6,5.6,7.6,151.3,-34.2,0.1,-1.0,RS41-SG,403.500,7.3,250,9,2.6,,
2026-08-28T00:46:29.999Z,W4131482,7898,47.29189,7.67910,35612.0,5.3,8.1,148.4,-34.2,0.1,-1.0,RS41-SG,403.500,7.9,625,9,2.5,,
2026-08-28T00:46:30.999Z,W4131482,7899,47.29183,7.67915,35617.4,5.3,7.7,149.4,-34.2,0.1,-1.0,RS41-SG,403.500,7.9,625,9,2.5,,
2026-08-28T00:46:31.999Z,W4131482,7900,47.29178,7.67919,35623.1,6.0,6.2,157.0,-34.1,0.1,-1.0,RS41-SG,403.500,7.9,625,9,2.5,,
2026-08-28T00:46:32.999Z,W4131482,7901,47.29173,7.67921,35629.2,6.2,4.2,176.4,-34.1,0.1,-1.0,RS41-SG,403.500,7.9,250,9,2.6,,
2026-08-28T00:46:33.999Z,W4131482,7902,47.29170,7.67920,35635.2,5.6,3.5,217.0,-34.1,0.1,-1.0,RS41-SG,403.500,6.9,250,9,2.6,,
2026-08-28T00:46:34.999Z,W4131482,7903,47.29168,7.67916,35640.2,4.5,4.4,247.8,-34.1,0.1,-1.0,RS41-SG,403.500,7.6,625,9,2.5,,
2026-08-28T00:46:39.999Z,W4131482,7908,47.29157,7.67895,35669.9,5.1,5.4,174.5,-34.0,0.1,-1.0,RS41-SG,403.500,6.9,625,9,2.5,,
2026-08-28T00:46:41.999Z,W4131482,7910,47.29145,7.67900,35679.0,4.6,7.8,156.1,-33.9,0.1,-1.0,RS41-SG,403.500,7.2,250,9,2.6,,
2026-08-28T00:46:42.999Z,W4131482,7911,47.29139,7.67904,35684.4,6.0,7.5,157.0,-33.9,0.1,-1.0,RS41-SG,403.500,8.0,250,9,2.6,,
2026-08-28T00:46:43.999Z,W4131482,7912,47.29133,7.67907,35690.9,6.8,6.2,164.0,-33.9,0.1,-1.0,RS41-SG,403.500,8.0,250,9,2.5,,
2026-08-28T00:46:44.999Z,W4131482,7913,47.29128,7.67908,35697.4,6.0,4.8,179.1,-33.9,0.1,-1.0,RS41-SG,403.500,7.7,250,9,2.5,,
2026-08-28T00:46:45.999Z,W4131482,7914,47.29124,7.67907,35702.8,4.7,3.9,200.6,-33.9,0.1,-1.0,RS41-SG,403.500,7.7,250,9,2.5,,
2026-08-28T00:46:47.999Z,W4131482,7916,47.29119,7.67901,35712.2,5.1,4.3,226.9,-33.9,0.1,-1.0,RS41-SG,403.500,8.0,625,9,2.6,,
2026-08-28T00:46:49.999Z,W4131482,7918,47.29112,7.67893,35723.5,5.9,5.3,208.7,-33.9,0.1,-1.0,RS41-SG,403.500,6.8,625,9,2.5,,
2026-08-28T00:46:50.999Z,W4131482,7919,47.29108,7.67890,35729.1,5.3,6.1,199.2,-34.0,0.1,-1.0,RS41-SG,403.500,7.8,625,9,2.5,,
2026-08-28T00:46:52.999Z,W4131482,7921,47.29095,7.67886,35738.8,4.6,8.0,193.8,-34.0,0.1,-1.0,RS41-SG,403.500,8.3,625,9,2.6,,
2026-08-28T00:46:53.999Z,W4131482,7922,47.29088,7.67883,35743.7,5.1,8.4,197.3,-34.0,0.1,-1.0,RS41-SG,403.500,8.3,625,9,2.6,,
2026-08-28T00:46:54.999Z,W4131482,7923,47.29081,7.67879,35749.3,5.9,8.2,204.3,-34.0,0.1,-1.0,RS41-SG,403.500,7.5,625,9,2.5,,
2026-08-28T00:46:55.999Z,W4131482,7924,47.29075,7.67874,35755.2,6.1,7.7,213.5,-34.0,0.1,-1.0,RS41-SG,403.500,7.5,625,9,2.5,,
2026-08-28T00:47:00.999Z,W4131482,7929,47.29064,7.67856,35782.1,5.3,1.4,64.4,-34.0,0.1,-1.0,RS41-SG,403.500,7.5,250,9,2.6,,
2026-08-28T00:47:01.999Z,W4131482,7930,47.29065,7.67858,35787.4,5.1,2.8,82.5,-34.0,0.1,-1.0,RS41-SG,403.500,7.5,250,9,2.5,,
2026-08-28T00:47:02.999Z,W4131482,7931,47.29065,7.67862,35792.5,5.1,3.4,103.5,-34.0,0.1,-1.0,RS41-SG,403.500,7.1,625,9,2.5,,
2026-08-28T00:47:03.999Z,W4131482,7932,47.29063,7.67866,35798.0,5.9,3.6,135.9,-34.0,0.1,-1.0,RS41-SG,403.500,8.5,625,9,2.5,,
2026-08-28T00:47:04.999Z,W4131482,7933,47.29060,7.67868,35804.1,6.2,4.7,172.3,-33.9,0.1,-1.0,RS41-SG,403.500,8.5,250,9,2.5,,
2026-08-28T00:47:05.999Z,W4131482,7934,47.29055,7.67867,35810.0,5.5,6.7,195.4,-33.9,0.1,-1.0,RS41-SG,403.500,8.2,250,9,2.6,,
2026-08-28T00:47:06.999Z,W4131482,7935,47.29049,7.67864,35814.8,4.1,8.5,207.4,-33.9,0.1,-1.0,RS41-SG,403.500,7.8,625,9,2.6,,
2026-08-28T00:47:12.999Z,W4131482,7941,47.29021,7.67837,35846.0,3.7,1.7,106.6,-33.7,0.1,-1.0,RS41-SG,403.500,7.5,250,9,2.6,,
2026-08-28T00:47:15.999Z,W4131482,7944,47.29023,7.67847,35859.7,5.8,2.4,58.1,-33.7,0.1,-1.0,RS41-SG,403.500,8.2,250,9,2.5,,
2026-08-28T00:47:16.999Z,W4131482,7945,47.29024,7.67849,35865.4,5.7,0.7,25.6,-33.6,0.1,-1.0,RS41-SG,403.500,8.2,250,9,2.6,,
2026-08-28T00:47:24.999Z,W4131482,7953,47.29022,7.67827,35904.2,4.9,2.1,13.3,-33.4,0.1,-1.0,RS41-SG,403.500,7.6,250,9,2.6,,
2026-08-28T00:47:25.999Z,W4131482,7954,47.29024,7.67828,35909.1,4.9,2.5,19.2,-33.4,0.1,-1.0,RS41-SG,403.500,7.6,625,9,2.6,,
2026-08-28T00:47:27.999Z,W4131482,7956,47.29027,7.67829,35919.5,5.3,0.6,15.7,-33.4,0.1,-1.0,RS41-SG,403.500,7.3,250,9,2.5,,
2026-08-28T00:47:28.999Z,W4131482,7957,47.29027,7.67829,35924.7,5.1,1.3,198.8,-33.3,0.1,-1.0,RS41-SG,403.500,7.3,625,9,2.5,,
2026-08-28T00:47:30.999Z,W4131482,7959,47.29021,7.67827,35934.4,4.5,5.4,186.4,-33.3,0.1,-1.0,RS41-SG,403.500,7.1,250,9,2.6,,
2026-08-28T00:47:34.999Z,W4131482,7963,47.28999,7.67835,35955.3,5.8,5.3,132.3,-33.2,0.1,-1.0,RS41-SG,403.500,6.9,625,9,2.5,,
2026-08-28T00:47:38.999Z,W4131482,7967,47.29004,7.67857,35975.6,4.9,5.4,27.1,-33.0,0.1,-1.0,RS41-SG,403.500,7.5,250,9,2.6,,
2026-08-28T00:47:48.999Z,W4131482,7977,47.28973,7.67879,36028.8,5.4,10.1,101.4,-32.8,0.1,-1.0,RS41-SG,403.500,7.5,250,9,2.6,,
2026-08-28T00:47:49.999Z,W4131482,7978,47.28973,7.67892,36033.9,4.7,9.9,79.0,-32.8,0.1,-1.0,RS41-SG,403.500,7.5,250,9,2.6,,
2026-08-28T00:47:50.999Z,W4131482,7979,47.28976,7.67903,36038.5,4.5,9.7,57.6,-32.7,0.1,-1.0,RS41-SG,403.500,7.5,250,9,2.6,,
2026-08-28T00:47:52.999Z,W4131482,7981,47.28988,7.67917,36048.6,5.6,7.6,14.8,-32.7,0.1,-1.0,RS41-SG,403.500,7.2,250,9,2.5,,
2026-08-28T00:47:53.999Z,W4131482,7982,47.28994,7.67917,36054.4,5.9,5.3,347.2,-32.7,0.1,-1.0,RS41-SG,403.500,7.2,625,9,2.5,,
2026-08-28T00:48:02.999Z,W4131482,7991,47.28943,7.67957,36103.2,5.4,11.5,86.6,-32.7,0.1,-1.0,RS41,403.500,7.9,250,9,2.6,,
2026-08-28T00:48:03.999Z,W4131482,7992,47.28946,7.67971,36108.1,4.4,10.5,61.3,-32.7,0.1,-1.0,RS41,403.500,8.8,250,9,2.6,,
2026-08-28T00:48:04.999Z,W4131482,7993,47.28952,7.67981,36112.3,4.0,9.8,35.9,-32.7,0.1,-1.0,RS41,403.500,8.8,250,9,2.6,,
2026-08-28T00:48:05.999Z,W4131482,7994,47.28959,7.67986,36116.6,4.5,8.9,9.0,-32.7,0.1,-1.0,RS41,403.500,8.7,250,9,2.5,,
2026-08-28T00:48:13.999Z,W4131482,8002,47.28921,7.67983,36159.2,6.2,15.3,134.0,-32.4,0.1,-1.0,RS41,403.500,7.4,250,9,2.6,,
2026-08-28T00:48:14.999Z,W4131482,8003,47.28914,7.67998,36165.7,6.7,13.7,113.7,-32.4,0.1,-1.0,RS41,403.500,7.4,625,9,2.6,,
2026-08-28T00:48:15.999Z,W4131482,8004,47.28911,7.68015,36171.9,5.7,12.0,92.1,-32.4,0.1,-1.0,RS41,403.500,7.5,250,9,2.6,,
2026-08-28T00:48:16.999Z,W4131482,8005,47.28913,7.68029,36177.0,4.5,10.6,69.1,-32.4,0.1,-1.0,RS41,403.500,8.4,250,9,2.5,,
2026-08-28T00:48:17.999Z,W4131482,8006,47.28917,7.68040,36181.6,4.5,9.1,43.3,-32.4,0.1,-1.0,RS41,403.500,8.4,250,9,2.5,,
2026-08-28T00:48:18.999Z,W4131482,8007,47.28923,7.68045,36186.6,5.5,7.2,12.1,-32.3,0.1,-1.0,RS41,403.500,8.0,250,9,2.5,,
2026-08-28T00:48:19.999Z,W4131482,8008,47.28929,7.68044,36192.4,6.3,5.5,330.1,-32.3,0.1,-1.0,RS41,403.500,8.0,250,9,2.5,,
2026-08-28T00:48:22.999Z,W4131482,8011,47.28924,7.68021,36209.3,4.2,10.7,216.8,-32.2,0.1,-1.0,RS41,403.500,6.9,625,9,2.6,,
2026-08-28T00:48:29.999Z,W4131482,8018,47.28876,7.68041,36245.6,3.8,7.9,64.3,-32.1,0.1,-1.0,RS41,403.500,7.3,250,9,2.6,,
2026-08-28T00:48:30.999Z,W4131482,8019,47.28880,7.68050,36249.6,4.2,8.3,44.3,-32.0,0.1,-1.0,RS41,403.500,8.6,250,9,2.5,,
2026-08-28T00:48:32.999Z,W4131482,8021,47.28890,7.68059,36261.6,7.6,4.1,15.3,-32.0,0.1,-1.0,RS41,403.500,7.2,625,9,2.5,,
2026-08-28T00:48:33.999Z,W4131482,8022,47.28892,7.68059,36269.4,7.7,0.8,276.2,-32.0,0.1,-1.0,RS41,403.500,7.3,625,9,2.6,,
2026-08-28T00:48:34.999Z,W4131482,8023,47.28890,7.68058,36276.2,5.9,4.2,204.7,-32.0,0.1,-1.0,RS41,403.500,7.7,625,9,2.6,,
2026-08-28T00:48:35.999Z,W4131482,8024,47.28885,7.68055,36280.8,3.4,7.5,195.9,-32.0,0.1,-1.0,RS41,403.500,7.7,625,9,2.5,,
2026-08-28T00:48:37.999Z,W4131482,8026,47.28867,7.68050,36287.9,4.8,12.1,187.6,-32.0,0.1,-1.0,RS41,403.500,7.1,625,9,2.5,,
2026-08-28T00:48:38.999Z,W4131482,8027,47.28857,7.68048,36293.7,6.8,11.2,185.8,-32.0,0.1,-1.0,RS41,403.500,7.4,625,9,2.6,,
2026-08-28T00:48:41.999Z,W4131482,8030,47.28839,7.68047,36314.7,5.5,1.5,162.3,-31.9,0.1,-1.0,RS41,403.500,6.9,250,9,2.5,,
2026-08-28T00:48:42.999Z,W4131482,8031,47.28839,7.68048,36319.6,4.2,2.0,22.2,-31.9,0.1,-1.0,RS41,403.500,7.5,250,9,2.5,,
2026-08-28T00:48:45.999Z,W4131482,8034,47.28850,7.68050,36335.4,7.0,3.5,0.2,-31.9,0.1,-1.0,RS41,403.500,6.9,250,9,2.6,,
2026-08-28T00:48:46.999Z,W4131482,8035,47.28852,7.68050,36342.5,7.2,0.7,337.8,-31.9,0.1,-1.0,RS41,403.500,7.0,625,9,2.6,,
2026-08-28T00:48:51.999Z,W4131482,8040,47.28822,7.68053,36371.3,6.8,10.9,168.4,-31.8,0.1,-1.0,RS41,403.500,7.6,625,9,2.6,,
2026-08-28T00:48:55.999Z,W4131482,8044,47.28805,7.68072,36398.8,4.8,5.0,55.8,-31.8,0.1,-1.0,RS41,403.500,6.8,250,8,2.5,,
2026-08-28T00:48:56.999Z,W4131482,8045,47.28809,7.68077,36403.4,4.5,6.9,30.8,-31.8,0.1,-1.0,RS41,403.500,7.3,250,9,2.6,,
2026-08-28T00:48:57.999Z,W4131482,8046,47.28815,7.68081,36408.4,5.4,7.9,18.3,-31.8,0.1,-1.0,RS41,403.500,7.8,250,9,2.6,,
2026-08-28T00:48:58.999Z,W4131482,8047,47.28821,7.68083,36414.9,7.6,6.6,10.8,-31.8,0.1,-1.0,RS41,403.500,7.8,625,9,2.6,,
2026-08-28T00:49:07.999Z,W4131482,8056,47.28764,7.68109,36472.7,7.3,8.0,125.2,-31.8,0.1,-1.0,RS41,403.500,7.7,250,9,2.5,,
2026-08-28T00:49:08.999Z,W4131482,8057,47.28762,7.68117,36478.9,5.0,6.3,90.9,-31.8,0.1,-1.0,RS41,403.500,7.7,250,9,2.5,,
2026-08-28T00:49:09.999Z,W4131482,8058,47.28764,7.68125,36483.3,3.4,7.0,54.0,-31.8,0.1,-1.0,RS41,403.500,7.5,250,9,2.6,,
2026-08-28T00:49:10.999Z,W4131482,8059,47.28769,7.68132,36486.8,3.6,8.5,32.9,-31.9,0.1,-1.0,RS41,403.500,7.5,250,8,2.6,,
2026-08-28T00:49:14.999Z,W4131482,8063,47.28783,7.68148,36517.5,7.8,4.7,149.9,-32.0,0.1,-1.0,RS41,403.500,7.1,625,9,2.6,,
2026-08-28T00:49:15.999Z,W4131482,8064,47.28778,7.68151,36523.8,4.7,8.7,162.7,-32.0,0.1,-1.0,RS41,403.500,7.2,625,9,2.6,,
2026-08-28T00:49:16.999Z,W4131482,8065,47.28768,7.68155,36527.4,2.6,12.6,165.5,-32.0,0.1,-1.0,RS41,403.500,7.2,625,9,2.6,,
2026-08-28T00:49:23.999Z,W4131482,8072,47.28709,7.68206,36568.6,3.6,6.2,76.7,-32.2,0.1,-1.0,RS41,403.500,6.6,250,9,2.6,,
2026-08-28T00:49:34.999Z,W4131482,8083,47.28641,7.68304,36638.6,7.2,11.6,132.0,-32.3,0.1,-1.0,RS41,403.500,6.9,250,9,2.6,,
2026-08-28T00:49:35.999Z,W4131482,8084,47.28635,7.68315,36645.0,5.7,8.7,117.5,-32.3,0.1,-1.0,RS41,403.500,7.4,625,9,2.5,,
2026-08-28T00:49:36.999Z,W4131482,8085,47.28633,7.68324,36650.2,4.4,6.5,96.9,-32.3,0.1,-1.0,RS41,403.500,7.4,250,9,2.5,,
2026-08-28T00:49:37.999Z,W4131482,8086,47.28633,7.68332,36654.6,4.4,5.3,73.6,-32.3,0.1,-1.0,RS41,403.500,7.3,250,9,2.5,,
2026-08-28T00:49:42.999Z,W4131482,8091,47.28619,7.68359,36688.1,5.3,13.3,151.0,-32.1,0.1,-1.0,RS41,403.500,7.0,625,10,2.5,,
2026-08-28T00:49:47.999Z,W4131482,8096,47.28556,7.68431,36717.5,7.9,16.0,126.5,-32.0,0.1,-1.0,RS41,403.500,7.3,625,10,2.5,,
2026-08-28T00:49:48.999Z,W4131482,8097,47.28549,7.68447,36724.7,6.4,12.9,114.2,-32.0,0.1,-1.0,RS41,403.500,7.9,625,10,2.5,,
2026-08-28T00:49:49.999Z,W4131482,8098,47.28546,7.68461,36730.2,4.7,10.4,97.7,-32.0,0.1,-1.0,RS41,403.500,7.9,250,10,2.5,,
2026-08-28T00:49:50.999Z,W4131482,8099,47.28546,7.68474,36734.5,3.8,8.6,77.4,-32.0,0.1,-1.0,RS41,403.500,7.0,250,10,2.6,,
2026-08-28T00:49:57.999Z,W4131482,8106,47.28519,7.68538,36776.1,3.4,20.1,146.1,-32.0,0.1,-1.0,RS41,403.500,7.4,625,10,2.6,,
2026-08-28T00:49:58.999Z,W4131482,8107,47.28503,7.68554,36780.1,4.6,22.7,143.8,-32.0,0.1,-1.0,RS41,403.500,7.8,625,10,2.6,,
2026-08-28T00:50:02.999Z,W4131482,8111,47.28457,7.68629,36807.7,5.6,13.4,109.6,-32.0,0.1,-1.0,RS41,403.500,7.9,250,10,2.5,,
2026-08-28T00:50:03.999Z,W4131482,8112,47.28455,7.68645,36812.3,3.4,10.6,92.5,-32.0,0.1,-1.0,RS41,403.500,7.9,250,10,2.6,,
2026-08-28T00:50:04.999Z,W4131482,8113,47.28456,7.68657,36815.2,2.5,8.7,71.3,-32.0,0.1,-1.0,RS41,403.500,7.7,250,10,2.6,,
2026-08-28T00:50:05.999Z,W4131482,8114,47.28459,7.68666,36818.7,4.5,7.4,55.5,-32.1,0.1,-1.0,RS41,403.500,7.2,250,10,2.5,,
2026-08-28T00:50:09.999Z,W4131482,8118,47.28452,7.68698,36848.3,5.6,13.5,140.0,-32.1,0.1,-1.0,RS41,403.500,7.0,625,10,2.6,,
2026-08-28T00:50:11.999Z,W4131482,8120,47.28428,7.68727,36855.3,2.3,21.1,141.9,-32.1,0.1,-1.0,RS41,403.500,7.0,625,10,2.5,,
2026-08-28T00:50:12.999Z,W4131482,8121,47.28412,7.68745,36858.6,4.3,23.4,139.0,-32.2,0.1,-1.0,RS41,403.500,8.0,625,10,2.5,,
2026-08-28T00:50:13.999Z,W4131482,8122,47.28397,7.68766,36864.2,6.9,22.8,134.2,-32.2,0.1,-1.0,RS41,403.500,8.0,625,10,2.5,,
2026-08-28T00:50:16.999Z,W4131482,8125,47.28371,7.68825,36885.7,5.0,12.8,104.9,-32.2,0.1,-1.0,RS41,403.500,7.7,250,10,2.6,,
2026-08-28T00:50:17.999Z,W4131482,8126,47.28370,7.68840,36889.6,2.7,10.0,88.7,-32.2,0.1,-1.0,RS41,403.500,7.7,625,9,2.6,,
2026-08-28T00:50:18.999Z,W4131482,8127,47.28371,7.68851,36892.3,2.6,8.1,70.0,-32.1,0.1,-1.0,RS41,403.500,7.1,250,10,2.5,,
2026-08-28T00:50:20.999Z,W4131482,8129,47.28376,7.68867,36902.7,7.6,4.6,83.5,-32.1,0.1,-1.0,RS41,403.500,6.4,625,10,2.5,,
2026-08-28T00:50:24.999Z,W4131482,8133,47.28348,7.68903,36926.6,2.6,18.2,144.3,-32.1,0.1,-1.0,RS41,403.500,7.8,625,10,2.5,,
2026-08-28T00:50:26.999Z,W4131482,8135,47.28319,7.68937,36933.9,5.3,22.1,138.3,-32.0,0.1,-1.0,RS41,403.500,7.8,625,10,2.6,,
2026-08-28T00:50:27.999Z,W4131482,8136,47.28306,7.68956,36940.2,7.1,20.4,133.1,-32.0,0.1,-1.0,RS41,403.500,8.3,625,10,2.6,,
2026-08-28T00:50:28.999Z,W4131482,8137,47.28295,7.68975,36947.3,7.2,17.3,126.4,-32.0,0.1,-1.0,RS41,403.500,8.3,625,10,2.6,,
2026-08-28T00:50:29.999Z,W4131482,8138,47.28287,7.68992,36953.8,5.7,13.8,118.3,-32.1,0.1,-1.0,RS41,403.500,7.4,625,10,2.5,,
2026-08-28T00:50:30.999Z,W4131482,8139,47.28283,7.69007,36958.8,4.2,10.2,106.8,-32.1,0.1,-1.0,RS41,403.500,8.6,625,10,2.5,,
2026-08-28T00:50:31.999Z,W4131482,8140,47.28282,7.69018,36962.5,3.3,7.0,91.8,-32.1,0.1,-1.0,RS41,403.500,8.6,250,10,2.5,,
2026-08-28T00:50:32.999Z,W4131482,8141,47.28282,7.69025,36966.3,4.3,4.3,79.5,-32.1,0.1,-1.0,RS41,403.500,8.3,625,10,2.6,,
2026-08-28T00:50:38.999Z,W4131482,8147,47.28241,7.69064,36999.4,2.8,20.8,145.1,-32.0,0.1,-1.0,RS41,403.500,7.2,625,10,2.6,,
2026-08-28T00:50:39.999Z,W4131482,8148,47.28226,7.69082,37002.4,3.2,23.1,140.2,-32.0,0.1,-1.0,RS41,403.500,7.2,625,10,2.6,,
2026-08-28T00:50:40.999Z,W4131482,8149,47.28210,7.69103,37006.8,5.4,23.1,134.8,-32.0,0.1,-1.0,RS41,403.500,8.3,625,10,2.5,,
2026-08-28T00:50:41.999Z,W4131482,8150,47.28197,7.69124,37013.1,7.2,20.4,129.2,-31.9,0.1,-1.0,RS41,403.500,8.3,625,10,2.5,,
2026-08-28T00:50:43.999Z,W4131482,8152,47.28181,7.69159,37026.5,5.4,11.6,116.8,-31.8,0.1,-1.0,RS41,403.500,7.8,625,10,2.5,,
2026-08-28T00:50:44.999Z,W4131482,8153,47.28178,7.69170,37030.9,3.3,7.0,107.9,-31.8,0.1,-1.0,RS41,403.500,7.8,625,10,2.6,,
2026-08-28T00:50:45.999Z,W4131482,8154,47.28177,7.69176,37033.9,2.6,2.6,91.8,-31.7,0.1,-1.0,RS41,403.500,7.6,250,10,2.6,,
2026-08-28T00:50:51.999Z,W4131482,8160,47.28142,7.69178,37066.7,3.1,17.5,158.6,-31.6,0.1,-1.0,RS41,403.500,7.0,625,10,2.6,,
2026-08-28T00:50:53.999Z,W4131482,8162,47.28111,7.69203,37072.3,3.9,21.9,144.9,-31.5,0.1,-1.0,RS41,403.500,6.8,625,10,2.5,,
2026-08-28T00:50:54.999Z,W4131482,8163,47.28096,7.69221,37077.7,6.8,20.5,138.4,-31.5,0.1,-1.0,RS41,403.500,7.3,625,10,2.5,,
2026-08-28T00:50:57.999Z,W4131482,8166,47.28072,7.69262,37098.7,4.7,6.9,118.1,-31.4,0.1,-1.0,RS41,403.500,7.2,625,10,2.6,,
2026-08-28T00:50:58.999Z,W4131482,8167,47.28070,7.69268,37102.4,2.7,2.2,97.5,-31.4,0.1,-1.0,RS41,403.500,8.3,625,10,2.5,,
2026-08-28T00:50:59.999Z,W4131482,8168,47.28071,7.69268,37105.0,2.3,2.5,305.5,-31.4,0.0,-1.0,RS41,403.500,8.4,625,10,2.5,,
2026-08-28T00:51:00.999Z,W4131482,8169,47.28072,7.69263,37108.2,4.0,5.7,281.2,-31.4,0.1,-1.0,RS41,403.500,8.4,625,10,2.5,,
2026-08-28T00:51:03.999Z,W4131482,8172,47.28062,7.69237,37126.7,6.2,10.6,207.4,-31.4,0.1,-1.0,RS41,403.500,6.1,625,10,2.5,,
2026-08-28T00:51:06.999Z,W4131482,8175,47.28024,7.69237,37139.1,3.3,18.0,163.6,-31.4,0.1,-1.0,RS41,403.500,6.6,625,10,2.6,,
2026-08-28T00:51:07.999Z,W4131482,8176,47.28009,7.69245,37143.3,5.0,18.4,154.1,-31.3,0.1,-1.0,RS41,403.500,7.4,625,10,2.6,,
2026-08-28T00:51:09.999Z,W4131482,8178,47.27986,7.69268,37156.7,7.6,12.5,138.1,-31.3,0.1,-1.0,RS41,403.500,6.8,625,10,2.5,,
2026-08-28T00:51:10.999Z,W4131482,8179,47.27979,7.69278,37163.8,6.3,7.7,128.6,-31.2,0.1,-1.0,RS41,403.500,8.6,625,10,2.5,,
2026-08-28T00:51:11.999Z,W4131482,8180,47.27977,7.69284,37169.0,4.0,3.1,104.2,-31.2,0.1,-1.0,RS41,403.500,8.6,625,9,2.5,,
2026-08-28T00:51:12.999Z,W4131482,8181,47.27978,7.69285,37172.1,2.1,2.7,348.7,-31.1,0.1,-1.0,RS41,403.500,8.3,625,10,2.6,,
2026-08-28T00:51:13.999Z,W4131482,8182,47.27981,7.69282,37174.2,2.2,6.5,319.4,-31.1,0.1,-1.0,RS41,403.500,8.3,625,10,2.6,,
2026-08-28T00:51:14.999Z,W4131482,8183,47.27986,7.69275,37177.6,4.4,8.7,304.2,-31.1,0.1,-1.0,RS41,403.500,6.8,625,10,2.5,,
2026-08-28T00:51:15.999Z,W4131482,8184,47.27989,7.69265,37183.4,7.1,8.6,283.9,-31.1,0.1,-1.0,RS41,403.500,6.9,625,10,2.5,,
2026-08-28T00:51:19.999Z,W4131482,8188,47.27965,7.69240,37207.2,2.1,14.2,175.7,-31.1,0.1,-1.0,RS41,403.500,7.3,625,10,2.6,,
2026-08-28T00:51:20.999Z,W4131482,8189,47.27951,7.69244,37209.2,1.9,16.6,164.3,-31.1,0.1,-1.0,RS41,403.500,7.8,625,10,2.5,,
2026-08-28T00:51:21.999Z,W4131482,8190,47.27937,7.69252,37212.3,4.1,17.4,155.3,-31.0,0.1,-1.0,RS41,403.500,7.8,625,10,2.5,,
2026-08-28T00:51:22.999Z,W4131482,8191,47.27924,7.69262,37218.0,7.2,15.3,147.2,-31.0,0.1,-1.0,RS41,403.500,7.4,625,10,2.5,,
2026-08-28T00:51:23.999Z,W4131482,8192,47.27915,7.69272,37225.7,8.1,10.7,138.6,-31.0,0.1,-1.0,RS41,403.500,7.9,625,10,2.5,,
2026-08-28T00:51:24.999Z,W4131482,8193,47.27910,7.69280,37233.0,6.4,5.8,126.1,-31.0,0.1,-1.0,RS41,403.500,8.4,625,10,2.6,,
2026-08-28T00:51:25.999Z,W4131482,8194,47.27909,7.69284,37238.1,3.6,2.0,71.5,-31.0,0.1,-1.0,RS41,403.500,8.4,625,10,2.6,,
2026-08-28T00:51:26.999Z,W4131482,8195,47.27911,7.69285,37240.7,1.5,4.5,340.7,-31.0,0.0,-1.0,RS41-SG,403.500,8.3,625,10,2.6,,
2026-08-28T00:51:27.999Z,W4131482,8196,47.27916,7.69280,37242.3,1.7,8.4,322.9,-30.9,0.0,-1.0,RS41-SG,403.500,8.1,625,10,2.5,,
2026-08-28T00:51:28.999Z,W4131482,8197,47.27922,7.69272,37245.3,4.2,10.1,311.5,-30.9,0.1,-1.0,RS41-SG,403.500,7.1,625,10,2.5,,
2026-08-28T00:51:34.999Z,W4131482,8203,47.27901,7.69253,37275.7,1.5,14.8,150.1,-30.8,0.1,-1.0,RS41-SG,403.500,8.4,625,10,2.6,,
2026-08-28T00:51:35.999Z,W4131482,8204,47.27890,7.69265,37278.4,3.9,16.1,141.3,-30.8,0.1,-1.0,RS41-SG,403.500,8.4,625,10,2.6,,
2026-08-28T00:51:36.999Z,W4131482,8205,47.27880,7.69278,37283.9,7.0,14.3,132.9,-30.7,0.0,-1.0,RS41-SG,403.500,8.3,625,10,2.5,,
2026-08-28T00:51:38.999Z,W4131482,8207,47.27870,7.69300,37299.0,6.7,5.4,104.0,-30.7,0.1,-1.0,RS41-SG,403.500,6.7,625,10,2.5,,
2026-08-28T00:51:39.999Z,W4131482,8208,47.27870,7.69304,37304.3,3.8,2.8,40.8,-30.6,0.1,-1.0,RS41-SG,403.500,8.2,250,10,2.6,,
2026-08-28T00:51:40.999Z,W4131482,8209,47.27873,7.69304,37306.9,1.4,5.2,339.9,-30.6,0.1,-1.0,RS41-SG,403.500,9.4,625,10,2.6,,
2026-08-28T00:51:41.999Z,W4131482,8210,47.27879,7.69300,37308.2,1.2,8.5,322.9,-30.6,0.0,-1.0,RS41-SG,403.500,9.4,625,10,2.6,,
2026-08-28T00:51:44.999Z,W4131482,8213,47.27892,7.69275,37323.7,7.8,4.4,286.7,-30.6,0.1,-1.0,RS41-SG,403.500,7.2,625,10,2.5,,
2026-08-28T00:51:48.999Z,W4131482,8217,47.27876,7.69288,37340.5,1.7,12.6,135.9,-30.5,0.1,-1.0,RS41-SG,403.500,7.2,625,10,2.6,,
2026-08-28T00:51:49.999Z,W4131482,8218,47.27868,7.69301,37343.4,4.0,13.9,130.7,-30.5,0.1,-1.0,RS41-SG,403.500,8.3,625,10,2.5,,
2026-08-28T00:51:50.999Z,W4131482,8219,47.27861,7.69314,37348.7,6.6,12.1,125.1,-30.5,0.0,-1.0,RS41-SG,403.500,8.3,625,10,2.5,,
2026-08-28T00:51:51.999Z,W4131482,8220,47.27856,7.69326,37355.8,7.6,8.4,117.4,-30.5,0.1,-1.0,RS41-SG,403.500,8.0,625,10,2.5,,
2026-08-28T00:51:52.999Z,W4131482,8221,47.27854,7.69333,37362.7,6.2,4.1,98.4,-30.5,0.0,-1.0,RS41-SG,403.500,7.2,625,10,2.6,,
2026-08-28T00:51:53.999Z,W4131482,8222,47.27854,7.69336,37367.5,3.4,2.3,19.5,-30.5,0.1,-1.0,RS41-SG,403.500,8.0,625,10,2.6,,
2026-08-28T00:51:54.999Z,W4131482,8223,47.27857,7.69335,37370.0,1.5,5.1,331.1,-30.5,0.1,-1.0,RS41-SG,403.500,8.1,250,10,2.5,,
2026-08-28T00:51:55.999Z,W4131482,8224,47.27862,7.69330,37371.8,2.1,8.0,319.8,-30.5,0.1,-1.0,RS41-SG,403.500,8.1,250,10,2.5,,
2026-08-28T00:51:56.999Z,W4131482,8225,47.27867,7.69323,37375.4,5.0,8.7,313.5,-30.5,0.1,-1.0,RS41-SG,403.500,7.2,625,10,2.5,,
2026-08-28T00:52:02.999Z,W4131482,8231,47.27858,7.69332,37406.0,2.6,13.4,135.0,-30.3,0.1,-1.0,RS41-SG,403.500,6.9,625,10,2.5,,
2026-08-28T00:52:03.999Z,W4131482,8232,47.27849,7.69345,37409.5,4.4,14.4,135.3,-30.3,0.0,-1.0,RS41-SG,403.500,7.2,625,10,2.6,,
2026-08-28T00:52:04.999Z,W4131482,8233,47.27840,7.69357,37414.9,6.4,13.0,136.8,-30.3,0.0,-1.0,RS41-SG,403.500,8.2,625,10,2.6,,
2026-08-28T00:52:05.999Z,W4131482,8234,47.27832,7.69367,37421.6,6.9,9.6,140.9,-30.3,0.0,-1.0,RS41-SG,403.500,8.2,625,10,2.5,,
2026-08-28T00:52:06.999Z,W4131482,8235,47.27827,7.69373,37427.9,5.6,5.7,150.9,-30.2,0.1,-1.0,RS41-SG,403.500,8.1,625,10,2.5,,
2026-08-28T00:52:07.999Z,W4131482,8236,47.27824,7.69374,37432.5,3.5,2.5,194.7,-30.2,0.1,-1.0,RS41-SG,403.500,7.7,625,10,2.5,,
2026-08-28T00:52:08.999Z,W4131482,8237,47.27823,7.69371,37435.3,2.1,3.8,273.0,-30.2,0.0,-1.0,RS41-SG,403.500,7.8,625,10,2.6,,
2026-08-28T00:52:09.999Z,W4131482,8238,47.27824,7.69365,37437.6,2.6,6.9,291.9,-30.2,0.1,-1.0,RS41-SG,403.500,8.0,625,10,2.6,,
2026-08-28T00:52:10.999Z,W4131482,8239,47.27827,7.69356,37441.4,5.0,8.1,296.4,-30.1,0.0,-1.0,RS41-SG,403.500,8.0,625,10,2.6,,
2026-08-28T00:52:14.999Z,W4131482,8243,47.27828,7.69344,37469.4,4.6,6.6,135.4,-29.9,0.0,-1.0,RS41-SG,403.500,7.0,625,10,2.6,,
2026-08-28T00:52:15.999Z,W4131482,8244,47.27822,7.69352,37472.8,2.2,11.2,132.8,-29.9,0.0,-1.0,RS41-SG,403.500,7.2,625,10,2.6,,
2026-08-28T00:52:16.999Z,W4131482,8245,47.27814,7.69365,37474.5,1.2,15.5,132.4,-29.8,0.1,-1.0,RS41-SG,403.500,8.2,625,10,2.5,,
2026-08-28T00:52:17.999Z,W4131482,8246,47.27804,7.69381,37476.5,2.7,18.6,133.4,-29.7,0.0,-1.0,RS41-SG,403.500,8.2,625,10,2.5,,
2026-08-28T00:52:18.999Z,W4131482,8247,47.27792,7.69399,37480.8,5.8,19.1,135.9,-29.7,0.1,-1.0,RS41-SG,403.500,8.2,625,10,2.5,,
2026-08-28T00:52:19.999Z,W4131482,8248,47.27780,7.69415,37487.6,8.0,16.6,140.4,-29.7,0.0,-1.0,RS41-SG,403.500,7.8,625,10,2.6,,
2026-08-28T00:52:20.999Z,W4131482,8249,47.27770,7.69426,37495.6,8.0,12.5,147.4,-29.7,0.0,-1.0,RS41-SG,403.500,6.8,625,10,2.6,,
2026-08-28T00:52:21.999Z,W4131482,8250,47.27761,7.69432,37502.5,5.9,8.3,161.4,-29.6,0.0,-1.0,RS41-SG,403.500,7.3,625,10,2.6,,
2026-08-28T00:52:22.999Z,W4131482,8251,47.27756,7.69433,37507.1,3.5,5.4,191.9,-29.6,0.0,-1.0,RS41-SG,403.500,7.6,625,10,2.5,,
2026-08-28T00:52:23.999Z,W4131482,8252,47.27752,7.69429,37509.9,2.1,5.4,240.4,-29.6,0.0,-1.0,RS41-SG,403.500,8.2,625,10,2.5,,
2026-08-28T00:52:24.999Z,W4131482,8253,47.27751,7.69422,37512.3,2.8,7.3,267.0,-29.6,0.0,-1.0,RS41-SG,403.500,8.2,625,10,2.5,,
2026-08-28T00:52:31.999Z,W4131482,8260,47.27725,7.69430,37549.3,1.4,18.3,131.9,-29.2,0.0,-1.0,RS41-SG,403.500,7.0,625,10,2.6,,
2026-08-28T00:52:32.999Z,W4131482,8261,47.27713,7.69449,37551.7,3.7,21.0,132.4,-29.2,0.0,-1.0,RS41-SG,403.500,8.2,625,10,2.6,,
2026-08-28T00:52:33.999Z,W4131482,8262,47.27701,7.69468,37557.0,6.9,20.5,134.7,-29.1,0.0,-1.0,RS41-SG,403.500,8.2,625,10,2.5,,
2026-08-28T00:52:34.999Z,W4131482,8263,47.27688,7.69485,37564.9,8.8,17.4,139.4,-29.1,0.0,-1.0,RS41-SG,403.500,8.1,625,10,2.5,,
2026-08-28T00:52:35.999Z,W4131482,8264,47.27677,7.69497,37573.4,8.0,13.1,148.7,-29.1,0.0,-1.0,RS41-SG,403.500,7.9,625,10,2.5,,
2026-08-28T00:52:36.999Z,W4131482,8265,47.27668,7.69503,37580.0,5.3,9.3,165.1,-29.0,0.0,-1.0,RS41-SG,403.500,7.6,625,10,2.6,,
2026-08-28T00:52:37.999Z,W4131482,8266,47.27661,7.69504,37583.8,2.3,7.2,195.6,-29.0,0.0,-1.0,RS41-SG,403.500,8.3,625,10,2.6,,
2026-08-28T00:52:38.999Z,W4131482,8267,47.27656,7.69498,37585.1,0.4,7.6,233.6,-29.0,0.0,-1.0,RS41-SG,403.500,8.3,625,10,2.5,,
2026-08-28T00:52:39.999Z,W4131482,8268,47.27653,7.69488,37586.2,1.9,9.8,253.3,-29.0,0.0,-1.0,RS41-SG,403.500,7.9,625,10,2.5,,
2026-08-28T00:52:45.999Z,W4131482,8274,47.27620,7.69476,37620.1,0.6,16.6,137.6,-28.6,0.0,-1.0,RS41-SG,403.500,5.8,625,10,2.5,,
2026-08-28T00:52:46.999Z,W4131482,8275,47.27608,7.69493,37621.0,1.0,20.7,133.1,-28.6,0.0,-1.0,RS41-SG,403.500,7.0,625,10,2.5,,
2026-08-28T00:52:47.999Z,W4131482,8276,47.27595,7.69514,37623.6,4.2,22.5,131.1,-28.5,0.0,-1.0,RS41-SG,403.500,8.4,625,10,2.6,,
2026-08-28T00:52:48.999Z,W4131482,8277,47.27582,7.69536,37629.5,7.7,20.8,131.6,-28.5,0.0,-1.0,RS41-SG,403.500,8.4,625,10,2.6,,
2026-08-28T00:52:49.999Z,W4131482,8278,47.27571,7.69553,37638.0,9.1,16.3,135.3,-28.5,0.0,-1.0,RS41-SG,403.500,6.5,625,10,2.5,,
2026-08-28T00:52:50.999Z,W4131482,8279,47.27562,7.69565,37646.4,7.4,11.1,144.0,-28.5,0.0,-1.0,RS41-SG,403.500,6.5,625,10,2.5,,
2026-08-28T00:52:51.999Z,W4131482,8280,47.27555,7.69571,37652.0,3.7,6.9,163.6,-28.5,0.0,-1.0,RS41-SG,403.500,6.5,625,10,2.5,,
2026-08-28T00:52:52.999Z,W4131482,8281,47.27550,7.69570,37654.2,0.7,5.4,209.2,-28.5,0.0,-1.0,RS41-SG,403.500,8.2,625,10,2.6,,
2026-08-28T00:52:53.999Z,W4131482,8282,47.27546,7.69564,37654.6,0.3,7.7,248.7,-28.5,0.0,-1.0,RS41-SG,403.500,8.3,625,10,2.6,,
2026-08-28T00:52:54.999Z,W4131482,8283,47.27544,7.69552,37656.5,3.3,10.4,258.4,-28.5,0.0,-1.0,RS41-SG,403.500,8.3,625,9,2.6,,
2026-08-28T00:53:00.999Z,W4131482,8289,47.27500,7.69551,37690.6,0.2,19.8,137.8,-28.4,0.0,-1.0,RS41-SG,403.500,8.2,625,10,2.5,,
2026-08-28T00:53:01.999Z,W4131482,8290,47.27487,7.69571,37691.6,1.9,22.7,132.8,-28.4,0.0,-1.0,RS41-SG,403.500,8.2,625,10,2.5,,
2026-08-28T00:53:02.999Z,W4131482,8291,47.27473,7.69593,37695.5,5.9,22.7,130.3,-28.4,0.0,-1.0,RS41-SG,403.500,8.0,625,10,2.5,,
2026-08-28T00:53:03.999Z,W4131482,8292,47.27461,7.69614,37702.9,9.0,18.7,130.5,-28.4,0.1,-1.0,RS41-SG,403.500,8.0,625,10,2.6,,
2026-08-28T00:53:04.999Z,W4131482,8293,47.27452,7.69629,37711.7,8.5,13.3,134.1,-28.4,0.0,-1.0,RS41-SG,403.500,7.8,625,10,2.6,,
2026-08-28T00:53:05.999Z,W4131482,8294,47.27444,7.69639,37718.8,5.6,8.5,144.7,-28.4,0.0,-1.0,RS41-SG,403.500,7.6,625,10,2.6,,
2026-08-28T00:53:06.999Z,W4131482,8295,47.27439,7.69642,37722.6,2.0,4.9,177.1,-28.5,0.0,-1.0,RS41-SG,403.500,8.6,625,10,2.5,,
2026-08-28T00:53:07.999Z,W4131482,8296,47.27436,7.69639,37723.7,0.2,5.5,235.4,-28.5,0.0,-1.0,RS41-SG,403.500,8.6,625,10,2.5,,
2026-08-28T00:53:08.999Z,W4131482,8297,47.27433,7.69631,37724.7,1.8,8.7,254.1,-28.5,0.0,-1.0,RS41-SG,403.500,8.0,625,10,2.5,,
2026-08-28T00:53:15.999Z,W4131482,8304,47.27375,7.69638,37761.1,1.5,21.5,134.3,-28.6,0.0,-1.0,RS41-SG,403.500,6.6,625,10,2.6,,
2026-08-28T00:53:16.999Z,W4131482,8305,47.27362,7.69659,37764.3,4.9,22.1,128.8,-28.7,0.0,-1.0,RS41-SG,403.500,7.3,625,10,2.6,,
2026-08-28T00:53:17.999Z,W4131482,8306,47.27350,7.69681,37770.9,8.1,19.3,126.0,-28.7,0.0,-1.0,RS41-SG,403.500,7.3,625,10,2.5,,
2026-08-28T00:53:18.999Z,W4131482,8307,47.27341,7.69699,37779.4,8.8,14.4,126.0,-28.7,0.0,-1.0,RS41-SG,403.500,6.7,625,10,2.5,,
2026-08-28T00:53:19.999Z,W4131482,8308,47.27335,7.69711,37787.1,6.7,9.2,130.7,-28.8,0.0,-1.0,RS41-SG,403.500,6.9,625,10,2.5,,
2026-08-28T00:53:20.999Z,W4131482,8309,47.27330,7.69717,37792.2,3.3,4.9,148.7,-28.8,0.0,-1.0,RS41-SG,403.500,7.0,625,10,2.6,,
2026-08-28T00:53:31.999Z,W4131482,8320,47.27241,7.69762,37844.9,7.6,18.7,124.2,-29.2,0.0,-1.0,RS41-SG,403.500,7.1,625,10,2.6,,
2026-08-28T00:53:32.999Z,W4131482,8321,47.27233,7.69780,37853.0,8.4,14.1,123.3,-29.2,0.0,-1.0,RS41-SG,403.500,7.2,625,10,2.6,,
2026-08-28T00:53:33.999Z,W4131482,8322,47.27227,7.69792,37860.5,6.6,9.0,126.5,-29.2,0.0,-1.0,RS41-SG,403.500,7.2,625,10,2.5,,
2026-08-28T00:53:34.999Z,W4131482,8323,47.27223,7.69799,37865.7,3.8,4.5,144.5,-29.2,0.0,-1.0,RS41-SG,403.500,7.3,625,10,2.5,,
2026-08-28T00:53:35.999Z,W4131482,8324,47.27220,7.69799,37868.5,1.8,3.4,216.8,-29.2,0.0,-1.0,RS41-SG,403.500,7.3,625,10,2.6,,
2026-08-28T00:53:36.999Z,W4131482,8325,47.27218,7.69794,37870.5,2.2,6.7,247.5,-29.3,0.0,-1.0,RS41-SG,403.500,7.1,625,10,2.6,,
2026-08-28T00:53:44.999Z,W4131482,8333,47.27146,7.69821,37914.3,4.4,21.8,128.9,-29.4,0.0,-1.0,RS41-SG,403.500,6.3,625,10,2.5,,
2026-08-28T00:53:45.999Z,W4131482,8334,47.27134,7.69843,37920.2,7.3,20.1,126.6,-29.4,0.0,-1.0,RS41-SG,403.500,6.3,625,10,2.5,,
2026-08-28T00:54:04.999Z,W4131482,8353,47.26976,7.69972,38027.4,1.8,9.1,217.2,-29.8,0.0,-1.0,RS41-SG,403.500,6.5,625,10,2.6,,
2026-08-28T00:54:12.999Z,W4131482,8361,47.26903,7.69985,38069.5,2.8,20.5,124.3,-29.9,0.0,-1.0,RS41-SG,403.500,6.8,625,10,2.6,,
2026-08-28T00:54:13.999Z,W4131482,8362,47.26893,7.70007,38073.8,5.8,20.7,121.7,-29.9,0.0,-1.0,RS41-SG,403.500,7.1,625,10,2.6,,
2026-08-28T00:54:14.999Z,W4131482,8363,47.26884,7.70029,38081.1,8.7,18.0,124.3,-30.0,0.0,-1.0,RS41-SG,403.500,7.1,625,10,2.5,,
2026-08-28T00:54:15.999Z,W4131482,8364,47.26875,7.70045,38089.9,9.0,13.8,133.1,-30.0,0.0,-1.0,RS41-SG,403.500,7.2,625,10,2.5,,
2026-08-28T00:54:16.999Z,W4131482,8365,47.26867,7.70055,38097.9,6.8,10.3,151.8,-30.0,0.0,-1.0,RS41-SG,403.500,7.2,625,10,2.5,,
2026-08-28T00:54:17.999Z,W4131482,8366,47.26859,7.70058,38103.2,3.6,8.9,179.7,-29.9,0.0,-1.0,RS41-SG,403.500,7.0,625,10,2.6,,
2026-08-28T00:54:27.999Z,W4131482,8376,47.26772,7.70072,38150.3,4.9,19.1,121.8,-30.1,0.0,-1.0,RS41-SG,403.500,7.0,625,9,2.5,,
2026-08-28T00:54:31.999Z,W4131482,8380,47.26737,7.70121,38179.4,4.1,9.7,178.8,-30.3,0.0,-1.0,RS41-SG,403.500,6.9,625,9,2.5,,
2026-08-28T00:54:41.999Z,W4131482,8390,47.26654,7.70113,38224.8,3.4,17.9,119.1,-30.4,0.0,-1.0,RS41-SG,403.500,6.4,625,9,2.5,,
2026-08-28T00:55:50.999Z,W4131482,8459,47.26300,7.70112,37545.1,-98.3,5.7,176.7,-26.1,0.0,-1.0,RS41-SG,403.500,6.1,625,9,2.6,,
2026-08-28T00:55:52.999Z,W4131482,8461,47.26291,7.70114,37342.3,-104.3,5.3,171.5,-26.3,0.0,-1.0,RS41-SG,403.500,6.6,625,8,2.6,,
2026-08-28T00:55:55.999Z,W4131482,8464,47.26277,7.70118,37016.5,-112.7,4.8,160.9,-26.3,0.0,-1.0,RS41-SG,403.500,6.9,625,9,2.5,,
2026-08-28T00:55:57.999Z,W4131482,8466,47.26269,7.70123,36787.0,-117.2,5.4,151.1,-26.2,0.0,-1.0,RS41-SG,403.500,6.7,625,7,2.6,,
2026-08-28T00:55:59.999Z,W4131482,8468,47.26260,7.70130,36549.1,-120.8,6.4,150.2,-26.4,0.0,-1.0,RS41-SG,403.500,7.5,625,9,2.5,,
2026-08-28T00:56:00.999Z,W4131482,8469,47.26255,7.70134,36427.4,-123.0,5.6,153.1,-26.3,0.0,-1.0,RS41-SG,403.500,7.6,625,7,2.5,,
2026-08-28T00:56:02.999Z,W4131482,8471,47.26246,7.70142,36178.0,-127.0,4.7,144.0,-26.3,0.0,-1.0,RS41-SG,403.500,8.0,625,8,2.5,,
2026-08-28T00:56:03.999Z,W4131482,8472,47.26243,7.70146,36051.1,-128.1,5.4,139.7,-26.3,0.0,-1.0,RS41-SG,403.500,8.0,625,8,2.6,,
2026-08-28T00:56:05.999Z,W4131482,8474,47.26235,7.70154,35793.5,-129.7,4.7,145.3,-26.2,0.0,-1.0,RS41-SG,403.500,8.1,625,9,2.6,,
2026-08-28T00:56:06.999Z,W4131482,8475,47.26232,7.70158,35664.0,-130.1,4.8,139.9,-26.2,0.0,-1.0,RS41-SG,403.500,8.0,625,8,2.5,,
2026-08-28T00:56:07.999Z,W4131482,8476,47.26228,7.70161,35533.5,-130.7,4.3,148.6,-26.1,0.0,-1.0,RS41-SG,403.500,8.0,625,9,2.5,,
2026-08-28T00:56:08.999Z,W4131482,8477,47.26224,7.70164,35403.1,-130.9,4.8,143.4,-26.0,0.0,-1.0,RS41-SG,403.500,8.0,625,9,2.5,,
2026-08-28T00:56:09.999Z,W4131482,8478,47.26221,7.70168,35272.1,-131.3,4.4,138.2,-26.1,0.0,-1.0,RS41-SG,403.500,7.3,625,9,2.6,,
2026-08-28T00:56:11.999Z,W4131482,8480,47.26214,7.70176,35010.5,-131.2,4.8,135.0,-27.2,0.0,-1.0,RS41-SG,403.500,8.3,625,9,2.6,,
2026-08-28T00:56:12.999Z,W4131482,8481,47.26211,7.70180,34879.0,-131.4,4.7,130.7,-27.3,0.0,-1.0,RS41-SG,403.500,8.3,625,7,2.5,,
2026-08-28T00:56:13.999Z,W4131482,8482,47.26208,7.70184,34748.2,-130.9,4.1,124.7,-27.3,0.0,-1.0,RS41-SG,403.500,7.7,625,8,2.5,,
2026-08-28T00:56:16.999Z,W4131482,8485,47.26204,7.70197,34357.2,-128.9,2.9,121.9,-28.9,0.0,-1.0,RS41-SG,403.500,6.6,625,8,2.6,,
