timestamp,serial,frame,lat,lon,alt,vel_v,vel_h,heading,temp,humidity,pressure,type,freq_mhz,snr,f_error_hz,sats,batt_v,burst_timer,aux_data
2026-10-10T00:29:28.003Z,Y1153022,6928,45.49971,8.86076,27261.6,6.7,6.7,28.7,-273.0,-1.0,-1.0,RS41,404.901,8.2,-500,11,2.5,,
2026-10-10T00:29:29.003Z,Y1153022,6929,45.49976,8.86080,27267.7,5.5,6.4,27.6,-273.0,-1.0,-1.0,RS41,404.901,8.8,-500,11,2.5,,
2026-10-10T00:29:31.003Z,Y1153022,6931,45.49986,8.86089,27279.0,5.8,7.2,35.5,-273.0,-1.0,-1.0,RS41,404.901,7.6,-500,11,2.5,,
2026-10-10T00:29:32.003Z,Y1153022,6932,45.49992,8.86095,27284.7,5.6,8.1,38.3,-273.0,-1.0,-1.0,RS41,404.901,7.4,-500,11,2.6,,
2026-10-10T00:29:33.003Z,Y1153022,6933,45.49998,8.86102,27290.0,5.3,8.9,37.2,-273.0,-1.0,-1.0,RS41,404.901,8.6,-500,11,2.6,,
2026-10-10T00:29:35.003Z,Y1153022,6935,45.50012,8.86114,27301.0,5.8,8.9,23.8,-273.0,-1.0,-1.0,RS41,404.901,7.8,-500,11,2.5,,
2026-10-10T00:29:43.003Z,Y1153022,6943,45.50064,8.86135,27344.2,4.8,9.4,38.8,-273.0,-1.0,-1.0,RS41,404.901,7.4,-500,11,2.5,,
2026-10-10T00:29:48.003Z,Y1153022,6948,45.50091,8.86166,27374.2,6.9,6.7,43.0,-273.0,-1.0,-1.0,RS41,404.901,7.4,-500,11,2.5,,
2026-10-10T00:30:06.003Z,Y1153022,6966,45.50165,8.86274,27479.6,5.1,8.1,46.7,-273.0,-1.0,-1.0,RS41,404.901,7.9,-500,11,2.5,,
2026-10-10T00:30:08.003Z,Y1153022,6968,45.50173,8.86289,27491.1,6.7,6.5,59.1,-273.0,-1.0,-1.0,RS41,404.901,7.0,-500,11,2.5,,
2026-10-10T00:30:09.003Z,Y1153022,6969,45.50175,8.86296,27497.3,5.7,5.7,67.1,-273.0,-1.0,-1.0,RS41,404.901,7.7,-500,11,2.6,,
2026-10-10T00:30:14.003Z,Y1153022,6974,45.50187,8.86343,27527.4,4.7,11.3,64.6,-273.0,-1.0,-1.0,RS41,404.901,7.1,-500,11,2.6,,
2026-10-10T00:30:16.003Z,Y1153022,6976,45.50197,8.86369,27538.4,6.6,11.3,59.3,-273.0,-1.0,-1.0,RS41,404.901,7.4,-500,10,2.5,,
2026-10-10T00:30:17.003Z,Y1153022,6977,45.50202,8.86380,27545.1,6.6,10.2,58.0,-273.0,-1.0,-1.0,RS41,404.901,7.4,-500,11,2.5,,
2026-10-10T00:30:18.003Z,Y1153022,6978,45.50206,8.86391,27550.9,4.9,9.3,58.6,-273.0,-1.0,-1.0,RS41,404.901,7.5,-500,11,2.5,,
2026-10-10T00:30:19.003Z,Y1153022,6979,45.50211,8.86401,27556.1,5.3,8.9,60.1,-273.0,-1.0,-1.0,RS41,404.901,7.5,-500,11,2.5,,
2026-10-10T00:30:21.003Z,Y1153022,6981,45.50218,8.86423,27568.5,6.9,10.2,67.0,-273.0,-1.0,-1.0,RS41,404.901,7.7,-500,11,2.5,,
2026-10-10T00:30:23.003Z,Y1153022,6983,45.50225,8.86449,27580.0,5.6,11.1,71.9,-273.0,-1.0,-1.0,RS41,404.901,7.5,-500,11,2.6,,
2026-10-10T00:30:25.003Z,Y1153022,6985,45.50229,8.86474,27592.8,7.1,9.5,79.8,-273.0,-1.0,-1.0,RS41,404.901,7.7,-500,11,2.5,,
2026-10-10T00:30:27.003Z,Y1153022,6987,45.50232,8.86497,27604.8,5.7,8.6,83.7,-273.0,-1.0,-1.0,RS41,404.901,8.6,-500,11,2.5,,
2026-10-10T00:30:28.003Z,Y1153022,6988,45.50233,8.86508,27610.7,6.1,9.2,79.7,-273.0,-1.0,-1.0,RS41,404.901,8.6,-500,11,2.5,,
2026-10-10T00:30:29.003Z,Y1153022,6989,45.50235,8.86520,27617.0,6.6,10.5,75.8,-273.0,-1.0,-1.0,RS41,404.901,8.1,-500,11,2.5,,
2026-10-10T00:30:30.003Z,Y1153022,6990,45.50237,8.86534,27623.1,5.7,11.7,73.2,-273.0,-1.0,-1.0,RS41,404.901,7.9,-500,11,2.6,,
2026-10-10T00:30:31.003Z,Y1153022,6991,45.50240,8.86548,27628.4,5.1,12.4,72.8,-273.0,-1.0,-1.0,RS41,404.901,8.1,-500,11,2.6,,
2026-10-10T00:30:32.003Z,Y1153022,6992,45.50244,8.86563,27634.1,6.3,12.2,73.5,-273.0,-1.0,-1.0,RS41,404.901,8.1,-500,11,2.5,,
2026-10-10T00:30:33.003Z,Y1153022,6993,45.50246,8.86578,27640.9,7.1,11.1,75.9,-55.0,-1.0,-1.0,RS41,404.901,8.4,-500,11,2.5,,
2026-10-10T00:30:34.003Z,Y1153022,6994,45.50249,8.86591,27647.2,5.3,10.0,77.9,-55.0,-1.0,-1.0,RS41,404.901,8.4,-500,11,2.5,,
2026-10-10T00:30:35.003Z,Y1153022,6995,45.50250,8.86603,27652.5,5.2,9.0,79.2,-55.1,-1.0,-1.0,RS41,404.901,8.2,-500,11,2.5,,
2026-10-10T00:30:36.003Z,Y1153022,6996,45.50252,8.86614,27658.3,6.4,8.6,78.4,-55.1,-1.0,-1.0,RS41,404.901,8.1,-500,10,2.5,,
2026-10-10T00:30:37.003Z,Y1153022,6997,45.50254,8.86625,27665.0,7.0,8.9,74.9,-55.1,-1.0,-1.0,RS41,404.901,8.9,-500,9,2.5,,
2026-10-10T00:30:38.003Z,Y1153022,6998,45.50256,8.86636,27671.1,5.2,9.1,71.5,-55.1,-1.0,-1.0,RS41,404.901,8.9,-500,11,2.6,,
2026-10-10T00:30:39.003Z,Y1153022,6999,45.50259,8.86646,27676.4,5.5,9.0,68.1,-55.1,-1.0,-1.0,RS41,404.901,8.2,-500,11,2.5,,
2026-10-10T00:30:40.003Z,Y1153022,7000,45.50262,8.86657,27682.4,6.5,8.2,67.8,-55.1,-1.0,-1.0,RS41,404.901,8.2,-500,10,2.5,,
2026-10-10T00:30:45.003Z,Y1153022,7005,45.50271,8.86706,27713.1,6.4,10.7,81.6,-55.2,-1.0,-1.0,RS41,404.901,7.8,-500,11,2.5,,
2026-10-10T00:30:46.003Z,Y1153022,7006,45.50272,8.86720,27719.0,5.2,11.9,80.3,-55.2,-1.0,-1.0,RS41,404.901,7.8,-500,11,2.5,,
2026-10-10T00:30:47.003Z,Y1153022,7007,45.50274,8.86735,27724.4,5.7,12.3,79.8,-55.2,-1.0,-1.0,RS41,404.901,7.7,-500,11,2.6,,
2026-10-10T00:30:48.003Z,Y1153022,7008,45.50276,8.86750,27730.9,7.3,11.4,77.1,-55.3,-1.0,-1.0,RS41,404.901,8.0,-500,11,2.6,,
2026-10-10T00:30:49.003Z,Y1153022,7009,45.50279,8.86763,27737.7,6.1,10.1,72.3,-55.3,-1.0,-1.0,RS41,404.901,8.0,-500,11,2.5,,
2026-10-10T00:30:51.003Z,Y1153022,7011,45.50286,8.86785,27749.3,6.3,8.9,57.0,-55.4,-1.0,-1.0,RS41,404.901,9.1,-500,11,2.5,,
2026-10-10T00:30:52.003Z,Y1153022,7012,45.50290,8.86794,27755.9,6.8,9.3,52.7,-55.4,-1.0,-1.0,RS41,404.901,9.1,-500,11,2.5,,
2026-10-10T00:30:53.003Z,Y1153022,7013,45.50296,8.86804,27762.0,5.6,9.6,50.6,-55.4,-1.0,-1.0,RS41,404.901,8.3,-500,11,2.5,,
2026-10-10T00:30:54.003Z,Y1153022,7014,45.50301,8.86813,27768.0,6.2,9.3,49.3,-55.4,-1.0,-1.0,RS41,404.901,8.3,-500,11,2.5,,
2026-10-10T00:30:55.003Z,Y1153022,7015,45.50306,8.86821,27774.6,7.0,8.4,49.0,-55.4,-1.0,-1.0,RS41,404.901,8.0,-500,11,2.6,,
2026-10-10T00:30:56.003Z,Y1153022,7016,45.50311,8.86829,27780.7,5.4,7.7,49.5,-55.4,-1.0,-1.0,RS41,404.901,7.5,-500,11,2.6,,
2026-10-10T00:30:57.003Z,Y1153022,7017,45.50315,8.86837,27786.0,5.2,7.5,53.6,-55.4,-1.0,-1.0,RS41,404.901,9.1,-500,11,2.5,,
2026-10-10T00:30:58.003Z,Y1153022,7018,45.50319,8.86845,27791.7,6.3,8.2,59.9,-55.4,-1.0,-1.0,RS41,404.901,9.1,-500,11,2.5,,
2026-10-10T00:30:59.003Z,Y1153022,7019,45.50323,8.86855,27798.1,6.5,9.8,64.0,-55.4,-1.0,-1.0,RS41,404.901,9.1,-500,11,2.5,,
2026-10-10T00:31:00.003Z,Y1153022,7020,45.50327,8.86867,27804.1,5.3,10.9,65.2,-55.5,-1.0,-1.0,RS41,404.901,9.1,-500,11,2.5,,
2026-10-10T00:31:01.003Z,Y1153022,7021,45.50331,8.86880,27809.5,5.6,11.4,65.0,-55.4,-1.0,-1.0,RS41,404.901,9.1,-500,11,2.5,,
2026-10-10T00:31:02.003Z,Y1153022,7022,45.50335,8.86893,27815.7,6.9,10.8,62.9,-55.4,-1.0,-1.0,RS41-SG,404.901,9.1,-500,10,2.5,,
2026-10-10T00:31:03.003Z,Y1153022,7023,45.50340,8.86904,27822.5,6.7,9.4,59.4,-55.4,-1.0,-1.0,RS41-SG,404.901,8.7,-500,11,2.6,,
2026-10-10T00:31:04.003Z,Y1153022,7024,45.50344,8.86913,27828.3,4.9,8.3,54.9,-55.4,-1.0,-1.0,RS41-SG,404.901,9.0,-500,11,2.5,,
2026-10-10T00:31:05.003Z,Y1153022,7025,45.50348,8.86921,27833.2,4.9,7.4,49.1,-55.4,-1.0,-1.0,RS41-SG,404.901,9.0,-500,11,2.5,,
2026-10-10T00:31:06.003Z,Y1153022,7026,45.50353,8.86928,27839.0,6.7,7.2,45.1,-55.4,-1.0,-1.0,RS41-SG,404.901,8.5,-500,11,2.5,,
2026-10-10T00:31:07.003Z,Y1153022,7027,45.50357,8.86935,27845.3,5.9,7.4,44.5,-55.4,-1.0,-1.0,RS41-SG,404.901,8.5,-500,11,2.6,,
2026-10-10T00:31:08.003Z,Y1153022,7028,45.50362,8.86941,27850.9,5.3,7.3,44.0,-55.4,-1.0,-1.0,RS41-SG,404.901,8.2,-500,11,2.5,,
2026-10-10T00:31:09.003Z,Y1153022,7029,45.50367,8.86948,27856.6,6.0,6.9,42.7,-55.4,-1.0,-1.0,RS41-SG,404.901,8.0,-500,10,2.5,,
2026-10-10T00:31:11.003Z,Y1153022,7031,45.50375,8.86957,27868.9,5.4,5.3,38.8,-55.3,-1.0,-1.0,RS41-SG,404.901,8.0,-500,11,2.5,,
2026-10-10T00:31:13.003Z,Y1153022,7033,45.50381,8.86967,27880.6,6.4,5.9,58.2,-55.1,-1.0,-1.0,RS41-SG,404.901,7.9,-500,11,2.6,,
2026-10-10T00:31:14.003Z,Y1153022,7034,45.50384,8.86975,27887.0,6.5,7.6,66.3,-55.0,-1.0,-1.0,RS41-SG,404.901,9.1,-500,11,2.5,,
2026-10-10T00:31:15.003Z,Y1153022,7035,45.50387,8.86985,27892.4,4.5,8.8,69.5,-55.0,-1.0,-1.0,RS41-SG,404.901,9.1,-500,11,2.5,,
2026-10-10T00:31:16.003Z,Y1153022,7036,45.50390,8.86996,27897.0,4.6,9.6,69.8,-55.0,-1.0,-1.0,RS41-SG,404.901,7.6,-500,11,2.5,,
2026-10-10T00:31:17.003Z,Y1153022,7037,45.50393,8.87007,27902.3,6.0,9.3,67.1,-55.0,-1.0,-1.0,RS41-SG,404.901,9.3,-500,11,2.5,,
2026-10-10T00:31:18.003Z,Y1153022,7038,45.50396,8.87017,27908.7,6.7,8.0,61.1,-55.0,-1.0,-1.0,RS41-SG,404.901,9.3,-500,11,2.5,,
2026-10-10T00:31:19.003Z,Y1153022,7039,45.50400,8.87025,27914.8,5.5,6.7,55.0,-55.0,-1.0,-1.0,RS41-SG,404.901,9.2,-500,11,2.5,,
2026-10-10T00:31:20.003Z,Y1153022,7040,45.50403,8.87031,27919.9,4.8,5.7,49.9,-55.0,-1.0,-1.0,RS41-SG,404.901,8.3,-500,11,2.6,,
2026-10-10T00:31:21.003Z,Y1153022,7041,45.50406,8.87036,27925.2,5.7,5.2,49.0,-55.0,-1.0,-1.0,RS41-SG,404.901,8.8,-500,11,2.6,,
2026-10-10T00:31:22.003Z,Y1153022,7042,45.50409,8.87042,27931.3,6.7,5.3,55.1,-55.1,-1.0,-1.0,RS41-SG,404.901,8.8,-500,11,2.5,,
2026-10-10T00:31:23.003Z,Y1153022,7043,45.50412,8.87048,27937.4,5.3,5.7,61.1,-55.1,-1.0,-1.0,RS41-SG,404.901,9.1,-500,11,2.5,,
2026-10-10T00:31:24.003Z,Y1153022,7044,45.50414,8.87054,27942.6,5.2,5.9,66.1,-55.1,-1.0,-1.0,RS41-SG,404.901,9.1,-500,11,2.5,,
2026-10-10T00:31:25.003Z,Y1153022,7045,45.50416,8.87061,27948.3,6.1,5.7,68.9,-55.1,-1.0,-1.0,RS41-SG,404.901,8.6,-500,11,2.5,,
2026-10-10T00:31:27.003Z,Y1153022,7047,45.50420,8.87074,27960.7,5.4,5.0,65.5,-55.1,-1.0,-1.0,RS41-SG,404.901,8.4,-500,11,2.5,,
2026-10-10T00:31:28.003Z,Y1153022,7048,45.50422,8.87080,27965.9,5.2,5.4,63.6,-55.1,-1.0,-1.0,RS41-SG,404.901,8.4,-500,11,2.6,,
2026-10-10T00:31:29.003Z,Y1153022,7049,45.50424,8.87087,27971.5,5.9,6.7,65.5,-55.2,-1.0,-1.0,RS41-SG,404.901,9.3,-500,11,2.6,,
2026-10-10T00:31:31.003Z,Y1153022,7051,45.50429,8.87106,27983.4,4.9,9.1,70.4,-55.2,-1.0,-1.0,RS41-SG,404.901,7.6,-500,11,2.5,,
2026-10-10T00:31:32.003Z,Y1153022,7052,45.50432,8.87116,27988.7,5.6,9.0,72.3,-55.2,-1.0,-1.0,RS41-SG,404.901,7.7,-500,10,2.5,,
2026-10-10T00:31:33.003Z,Y1153022,7053,45.50434,8.87127,27994.9,6.5,7.8,74.0,-55.3,-1.0,-1.0,RS41-SG,404.901,7.7,-500,11,2.5,,
2026-10-10T00:31:34.003Z,Y1153022,7054,45.50436,8.87135,28001.2,6.4,6.0,74.9,-55.3,-1.0,-1.0,RS41-SG,404.901,9.3,-500,11,2.5,,
2026-10-10T00:31:35.003Z,Y1153022,7055,45.50437,8.87142,28006.9,5.0,4.4,76.4,-55.4,1.0,-1.0,RS41-SG,404.901,9.3,-500,11,2.5,,
2026-10-10T00:31:36.003Z,Y1153022,7056,45.50438,8.87147,28011.2,3.8,3.6,76.1,-55.4,1.0,-1.0,RS41-SG,404.901,7.9,-500,11,2.6,,
2026-10-10T00:31:37.003Z,Y1153022,7057,45.50438,8.87151,28015.7,5.1,3.5,74.5,-55.4,1.0,-1.0,RS41-SG,404.901,7.9,-500,11,2.5,,
2026-10-10T00:31:38.003Z,Y1153022,7058,45.50439,8.87156,28021.5,6.6,4.7,72.1,-55.4,1.0,-1.0,RS41-SG,404.901,8.1,-500,11,2.5,,
2026-10-10T00:31:39.003Z,Y1153022,7059,45.50441,8.87162,28027.9,6.2,6.2,71.1,-55.4,1.0,-1.0,RS41-SG,404.901,8.7,-500,11,2.5,,
2026-10-10T00:31:40.003Z,Y1153022,7060,45.50443,8.87171,28033.4,4.8,7.4,68.6,-55.5,1.0,-1.0,RS41-SG,404.901,9.2,-500,11,2.6,,
2026-10-10T00:31:41.003Z,Y1153022,7061,45.50446,8.87180,28038.3,5.0,8.3,65.6,-55.5,1.0,-1.0,RS41-SG,404.901,9.2,-500,11,2.5,,
2026-10-10T00:31:42.003Z,Y1153022,7062,45.50449,8.87189,28044.1,6.5,8.4,62.9,-55.5,1.0,-1.0,RS41-SG,404.901,8.5,-500,11,2.5,,
2026-10-10T00:31:43.003Z,Y1153022,7063,45.50452,8.87199,28050.3,5.8,7.8,61.3,-55.6,1.0,-1.0,RS41-SG,404.901,8.2,-500,11,2.5,,
2026-10-10T00:31:44.003Z,Y1153022,7064,45.50456,8.87207,28055.8,5.1,7.1,63.7,-55.6,1.0,-1.0,RS41-SG,404.901,8.2,-500,10,2.5,,
2026-10-10T00:31:45.003Z,Y1153022,7065,45.50458,8.87215,28061.6,6.4,6.7,72.7,-55.6,1.0,-1.0,RS41-SG,404.901,8.3,-500,10,2.6,,
2026-10-10T00:31:46.003Z,Y1153022,7066,45.50459,8.87224,28068.1,6.6,7.1,82.8,-55.7,1.0,-1.0,RS41-SG,404.901,9.0,-500,11,2.6,,
2026-10-10T00:31:47.003Z,Y1153022,7067,45.50459,8.87233,28073.9,5.0,7.5,91.9,-55.7,1.0,-1.0,RS41-SG,404.901,9.0,-500,11,2.5,,
2026-10-10T00:31:48.003Z,Y1153022,7068,45.50459,8.87242,28079.3,5.6,7.4,101.7,-55.7,1.0,-1.0,RS41-SG,404.901,8.6,-500,11,2.5,,
2026-10-10T00:31:49.003Z,Y1153022,7069,45.50457,8.87251,28085.2,6.2,6.7,111.7,-55.7,1.1,-1.0,RS41-SG,404.901,8.6,-500,11,2.5,,
2026-10-10T00:31:50.003Z,Y1153022,7070,45.50454,8.87258,28091.3,5.9,5.8,121.2,-55.8,1.0,-1.0,RS41-SG,404.901,8.5,-500,11,2.5,,
2026-10-10T00:31:51.003Z,Y1153022,7071,45.50452,8.87264,28096.5,4.7,5.1,123.6,-55.8,1.0,-1.0,RS41-SG,404.901,8.2,-500,11,2.5,,
2026-10-10T00:31:52.003Z,Y1153022,7072,45.50449,8.87269,28101.5,5.4,4.9,116.2,-55.8,1.0,-1.0,RS41-SG,404.901,7.7,-500,11,2.5,,
2026-10-10T00:31:53.003Z,Y1153022,7073,45.50448,8.87275,28107.5,6.6,5.4,100.6,-55.9,1.0,-1.0,RS41-SG,404.901,8.0,-500,11,2.6,,
2026-10-10T00:31:54.003Z,Y1153022,7074,45.50448,8.87283,28113.7,5.9,6.6,87.9,-55.8,1.0,-1.0,RS41-SG,404.901,8.0,-500,11,2.6,,
2026-10-10T00:31:55.003Z,Y1153022,7075,45.50448,8.87292,28119.0,4.6,7.8,80.6,-55.8,1.0,-1.0,RS41-SG,404.901,9.3,-500,11,2.5,,
2026-10-10T00:31:56.003Z,Y1153022,7076,45.50450,8.87302,28123.6,4.6,8.4,75.9,-55.8,1.0,-1.0,RS41-SG,404.901,9.3,-500,11,2.5,,
2026-10-10T00:31:57.003Z,Y1153022,7077,45.50452,8.87312,28128.9,6.1,8.1,72.2,-55.9,1.0,-1.0,RS41-SG,404.901,9.1,-500,11,2.5,,
2026-10-10T00:31:58.003Z,Y1153022,7078,45.50454,8.87321,28135.1,6.4,7.2,69.6,-55.9,1.0,-1.0,RS41-SG,404.901,7.9,-500,11,2.5,,
2026-10-10T00:31:59.003Z,Y1153022,7079,45.50456,8.87330,28141.0,5.5,6.4,69.2,-55.9,1.1,-1.0,RS41-SG,404.901,8.6,-500,11,2.5,,
2026-10-10T00:32:01.003Z,Y1153022,7081,45.50460,8.87345,28152.3,6.3,6.7,74.0,-55.9,1.0,-1.0,RS41-SG,404.901,7.8,-500,11,2.6,,
2026-10-10T00:32:02.003Z,Y1153022,7082,45.50462,8.87353,28158.2,5.6,7.3,75.8,-55.9,1.0,-1.0,RS41-SG,404.901,7.8,-500,11,2.6,,
2026-10-10T00:32:03.003Z,Y1153022,7083,45.50463,8.87363,28163.4,5.1,7.6,75.9,-55.9,1.0,-1.0,RS41-SG,404.901,8.4,-500,10,2.5,,
2026-10-10T00:32:04.003Z,Y1153022,7084,45.50465,8.87372,28169.0,5.9,7.0,74.1,-55.9,1.0,-1.0,RS41-SG,404.901,9.3,-500,11,2.5,,
2026-10-10T00:32:05.003Z,Y1153022,7085,45.50467,8.87379,28175.0,6.2,5.8,68.0,-55.8,1.0,-1.0,RS41-SG,404.901,9.3,-500,11,2.5,,
2026-10-10T00:32:06.003Z,Y1153022,7086,45.50469,8.87385,28181.0,5.8,4.7,57.8,-55.7,1.0,-1.0,RS41-SG,404.901,8.5,-500,11,2.5,,
2026-10-10T00:32:07.003Z,Y1153022,7087,45.50471,8.87390,28186.1,4.6,4.3,44.7,-55.6,1.0,-1.0,RS41-SG,404.901,8.5,-500,11,2.5,,
2026-10-10T00:32:08.003Z,Y1153022,7088,45.50474,8.87393,28190.7,4.6,4.6,35.0,-55.5,1.0,-1.0,RS41-SG,404.901,8.0,-500,11,2.5,,
2026-10-10T00:32:09.003Z,Y1153022,7089,45.50478,8.87397,28195.7,5.4,5.8,35.8,-55.5,1.0,-1.0,RS41-SG,404.901,7.8,-500,11,2.6,,
2026-10-10T00:32:10.003Z,Y1153022,7090,45.50483,8.87402,28201.5,6.5,7.2,42.8,-55.5,1.0,-1.0,RS41-SG,404.901,7.8,-500,11,2.6,,
2026-10-10T00:32:11.003Z,Y1153022,7091,45.50488,8.87409,28207.4,5.2,8.3,48.3,-55.4,0.9,-1.0,RS41-SG,404.901,9.0,-500,11,2.5,,
2026-10-10T00:32:12.003Z,Y1153022,7092,45.50493,8.87418,28212.1,4.1,9.0,51.1,-55.4,1.0,-1.0,RS41-SG,404.901,9.0,-500,11,2.5,,
2026-10-10T00:32:13.003Z,Y1153022,7093,45.50498,8.87427,28216.6,4.9,8.9,51.3,-55.3,1.0,-1.0,RS41-SG,404.901,9.6,-500,11,2.5,,
2026-10-10T00:32:14.003Z,Y1153022,7094,45.50502,8.87435,28222.2,6.3,7.8,47.4,-55.3,1.0,-1.0,RS41-SG,404.901,9.6,-500,11,2.5,,
2026-10-10T00:32:15.003Z,Y1153022,7095,45.50507,8.87441,28228.2,5.8,6.6,42.2,-55.3,1.0,-1.0,RS41-SG,404.901,8.9,-500,11,2.5,,
2026-10-10T00:32:16.003Z,Y1153022,7096,45.50511,8.87446,28233.4,4.6,5.9,36.5,-55.3,1.0,-1.0,RS41-SG,404.901,8.7,-500,11,2.5,,
2026-10-10T00:32:17.003Z,Y1153022,7097,45.50516,8.87451,28238.3,5.2,5.7,35.8,-55.2,1.0,-1.0,RS41-SG,404.901,8.7,-500,11,2.6,,
2026-10-10T00:32:18.003Z,Y1153022,7098,45.50520,8.87456,28243.9,6.2,6.3,40.3,-55.2,1.0,-1.0,RS41-SG,404.901,7.3,-500,11,2.5,,
2026-10-10T00:32:20.003Z,Y1153022,7100,45.50528,8.87469,28255.9,4.6,7.8,52.0,-55.2,1.0,-1.0,RS41-SG,404.901,9.7,-500,11,2.5,,
2026-10-10T00:32:21.003Z,Y1153022,7101,45.50533,8.87477,28260.6,4.8,8.2,55.8,-55.2,1.0,-1.0,RS41-SG,404.901,9.7,-500,11,2.6,,
2026-10-10T00:32:22.003Z,Y1153022,7102,45.50537,8.87486,28266.1,6.1,8.1,57.7,-55.2,0.9,-1.0,RS41-SG,404.901,9.6,-500,11,2.5,,
2026-10-10T00:32:23.003Z,Y1153022,7103,45.50540,8.87494,28272.1,5.9,7.7,56.3,-55.2,1.0,-1.0,RS41-SG,404.901,8.6,-500,9,2.5,,
2026-10-10T00:32:24.003Z,Y1153022,7104,45.50544,8.87502,28277.6,4.9,7.5,55.9,-55.2,1.0,-1.0,RS41-SG,404.901,8.7,-500,9,2.5,,
2026-10-10T00:32:25.003Z,Y1153022,7105,45.50548,8.87510,28283.2,6.1,8.1,55.7,-55.2,1.0,-1.0,RS41-SG,404.901,8.7,-500,9,2.5,,
2026-10-10T00:32:26.003Z,Y1153022,7106,45.50553,8.87520,28289.4,6.5,9.5,56.6,-55.1,1.0,-1.0,RS41-SG,404.901,8.6,-500,8,2.6,,
2026-10-10T00:32:27.003Z,Y1153022,7107,45.50558,8.87530,28295.2,4.9,10.8,56.6,-55.1,1.0,-1.0,RS41-SG,404.901,9.7,-500,9,2.6,,
2026-10-10T00:32:28.003Z,Y1153022,7108,45.50563,8.87542,28300.2,5.1,11.7,54.3,-55.1,0.9,-1.0,RS41-SG,404.901,9.7,-500,9,2.5,,
2026-10-10T00:32:29.003Z,Y1153022,7109,45.50570,8.87554,28305.9,6.2,11.7,49.7,-55.1,1.0,-1.0,RS41-SG,404.901,9.4,-500,9,2.5,,
2026-10-10T00:32:30.003Z,Y1153022,7110,45.50577,8.87564,28312.0,6.0,11.2,42.7,-55.1,1.0,-1.0,RS41-SG,404.901,9.7,-500,9,2.5,,
2026-10-10T00:32:31.003Z,Y1153022,7111,45.50584,8.87573,28317.6,5.0,10.8,36.5,-55.0,1.0,-1.0,RS41-SG,404.901,9.7,-500,9,2.5,,
2026-10-10T00:32:32.003Z,Y1153022,7112,45.50592,8.87581,28322.5,4.7,11.1,32.5,-55.0,1.0,-1.0,RS41-SG,404.901,8.8,-500,9,2.5,,
2026-10-10T00:32:33.003Z,Y1153022,7113,45.50601,8.87589,28327.5,5.2,11.7,32.5,-55.0,0.9,-1.0,RS41-SG,404.901,8.8,-500,9,2.5,,
2026-10-10T00:32:34.003Z,Y1153022,7114,45.50610,8.87598,28333.1,6.1,12.2,38.2,-55.0,1.0,-1.0,RS41-SG,404.901,8.5,-500,9,2.6,,
2026-10-10T00:32:35.003Z,Y1153022,7115,45.50618,8.87609,28339.2,6.0,12.9,45.0,-54.9,0.9,-1.0,RS41-SG,404.901,8.6,-500,9,2.6,,
2026-10-10T00:32:36.003Z,Y1153022,7116,45.50626,8.87621,28344.6,4.9,13.2,51.6,-54.9,0.9,-1.0,RS41-SG,404.901,10.1,-500,9,2.5,,
2026-10-10T00:32:37.003Z,Y1153022,7117,45.50633,8.87635,28349.2,4.3,13.0,58.0,-54.8,0.9,-1.0,RS41-SG,404.901,10.1,-500,9,2.5,,
2026-10-10T00:32:38.003Z,Y1153022,7118,45.50638,8.87648,28354.1,5.5,11.9,63.8,-54.8,0.9,-1.0,RS41-SG,404.901,9.4,-500,9,2.5,,
2026-10-10T00:32:39.003Z,Y1153022,7119,45.50642,8.87661,28359.9,6.1,10.2,68.3,-54.8,0.9,-1.0,RS41-SG,404.901,9.7,-500,9,2.5,,
2026-10-10T00:32:40.003Z,Y1153022,7120,45.50645,8.87672,28365.4,5.0,8.7,70.4,-54.7,1.0,-1.0,RS41-SG,404.901,9.7,-500,9,2.5,,
2026-10-10T00:32:41.003Z,Y1153022,7121,45.50648,8.87682,28370.2,4.6,7.8,69.8,-54.7,0.9,-1.0,RS41-SG,404.901,8.8,-500,9,2.5,,
2026-10-10T00:32:42.003Z,Y1153022,7122,45.50650,8.87691,28375.1,5.2,7.8,64.5,-54.7,0.9,-1.0,RS41-SG,404.901,8.2,-500,9,2.6,,
2026-10-10T00:32:43.003Z,Y1153022,7123,45.50654,8.87701,28381.1,6.7,9.0,57.4,-54.6,0.9,-1.0,RS41-SG,404.901,8.2,-500,9,2.6,,
2026-10-10T00:32:44.003Z,Y1153022,7124,45.50659,8.87711,28387.6,6.4,10.9,51.1,-54.5,0.9,-1.0,RS41-SG,404.901,7.6,-500,9,2.5,,
2026-10-10T00:32:46.003Z,Y1153022,7126,45.50674,8.87734,28397.6,4.5,13.7,42.9,-54.4,0.9,-1.0,RS41-SG,404.901,6.8,-500,9,2.5,,
2026-10-10T00:32:47.003Z,Y1153022,7127,45.50684,8.87746,28402.8,5.8,14.0,39.8,-54.3,0.9,-1.0,RS41-SG,404.901,8.8,-500,9,2.5,,
2026-10-10T00:32:48.003Z,Y1153022,7128,45.50693,8.87756,28409.1,6.7,13.1,38.1,-54.2,0.9,-1.0,RS41-SG,404.901,8.8,-500,9,2.5,,
2026-10-10T00:32:49.003Z,Y1153022,7129,45.50702,8.87766,28415.4,5.9,12.0,38.3,-54.2,0.9,-1.0,RS41-SG,404.901,9.0,-500,9,2.5,,
2026-10-10T00:32:50.003Z,Y1153022,7130,45.50710,8.87776,28420.6,4.7,11.2,41.3,-54.2,0.9,-1.0,RS41-SG,404.901,9.0,-500,9,2.6,,
2026-10-10T00:32:51.003Z,Y1153022,7131,45.50717,8.87786,28425.7,5.5,10.9,48.8,-54.1,0.9,-1.0,RS41-SG,404.901,9.0,-500,9,2.6,,
2026-10-10T00:32:52.003Z,Y1153022,7132,45.50723,8.87797,28431.4,6.1,11.7,57.6,-54.1,0.9,-1.0,RS41-SG,404.901,9.0,-500,9,2.5,,
2026-10-10T00:32:53.003Z,Y1153022,7133,45.50728,8.87811,28437.3,5.8,12.8,64.4,-54.0,0.9,-1.0,RS41-SG,404.901,8.9,-500,9,2.5,,
2026-10-10T00:32:54.003Z,Y1153022,7134,45.50733,8.87826,28442.6,4.8,13.6,69.0,-53.9,0.9,-1.0,RS41-SG,404.901,9.8,-500,9,2.5,,
2026-10-10T00:32:55.003Z,Y1153022,7135,45.50737,8.87843,28447.4,4.9,13.7,72.9,-53.9,0.9,-1.0,RS41-SG,404.901,10.0,-500,9,2.5,,
2026-10-10T00:32:56.003Z,Y1153022,7136,45.50740,8.87859,28452.9,6.0,13.0,75.4,-53.8,0.9,-1.0,RS41-SG,404.901,10.0,-500,9,2.5,,
2026-10-10T00:32:57.003Z,Y1153022,7137,45.50743,8.87874,28459.1,6.2,11.6,75.0,-53.8,0.9,-1.0,RS41-SG,404.901,9.6,-500,9,2.5,,
2026-10-10T00:32:58.003Z,Y1153022,7138,45.50746,8.87887,28464.9,5.3,10.3,69.4,-53.8,0.9,-1.0,RS41-SG,404.901,9.0,-500,9,2.6,,
2026-10-10T00:32:59.003Z,Y1153022,7139,45.50750,8.87899,28470.1,5.0,9.9,56.9,-53.8,0.9,-1.0,RS41-SG,404.901,9.2,-500,9,2.5,,
2026-10-10T00:33:00.003Z,Y1153022,7140,45.50756,8.87909,28475.4,5.8,10.9,43.9,-53.8,0.9,-1.0,RS41-SG,404.901,9.2,-500,9,2.5,,
2026-10-10T00:33:01.003Z,Y1153022,7141,45.50764,8.87919,28481.3,6.0,12.8,37.1,-53.7,0.9,-1.0,RS41-SG,404.901,9.5,-500,9,2.5,,
2026-10-10T00:33:02.003Z,Y1153022,7142,45.50774,8.87929,28486.7,4.8,14.2,35.6,-53.7,0.9,-1.0,RS41-SG,404.901,9.5,-500,9,2.6,,
2026-10-10T00:33:03.003Z,Y1153022,7143,45.50784,8.87940,28491.7,5.3,14.7,37.8,-53.6,0.9,-1.0,RS41-SG,404.901,9.5,-500,9,2.5,,
2026-10-10T00:33:04.003Z,Y1153022,7144,45.50794,8.87952,28497.6,6.6,14.0,42.0,-53.6,0.9,-1.0,RS41-SG,404.901,8.8,-500,9,2.5,,
2026-10-10T00:33:05.003Z,Y1153022,7145,45.50802,8.87964,28504.5,7.1,12.6,48.7,-53.6,0.9,-1.0,RS41-SG,404.901,8.5,-500,9,2.5,,
2026-10-10T00:33:06.003Z,Y1153022,7146,45.50809,8.87976,28510.7,5.3,11.8,56.2,-53.6,0.9,-1.0,RS41-SG,404.901,9.0,-500,9,2.5,,
2026-10-10T00:33:07.003Z,Y1153022,7147,45.50814,8.87989,28516.0,5.3,11.5,65.6,-53.6,0.9,-1.0,RS41-SG,404.901,9.0,-500,9,2.6,,
2026-10-10T00:33:08.003Z,Y1153022,7148,45.50818,8.88003,28521.6,6.1,12.4,72.3,-53.7,0.9,-1.0,RS41-SG,404.901,9.1,-500,9,2.6,,
2026-10-10T00:33:09.003Z,Y1153022,7149,45.50821,8.88019,28527.6,5.9,13.5,73.9,-53.7,0.9,-1.0,RS41-SG,404.901,9.8,-500,9,2.5,,
2026-10-10T00:33:10.003Z,Y1153022,7150,45.50825,8.88036,28532.9,4.7,14.0,72.2,-53.7,0.9,-1.0,RS41-SG,404.901,9.8,-500,9,2.5,,
2026-10-10T00:33:11.003Z,Y1153022,7151,45.50829,8.88052,28538.1,5.6,13.8,68.7,-53.7,0.9,-1.0,RS41-SG,404.901,9.5,-500,9,2.5,,
2026-10-10T00:33:12.003Z,Y1153022,7152,45.50834,8.88068,28544.1,6.4,12.8,63.9,-53.8,0.9,-1.0,RS41-SG,404.901,9.5,-500,9,2.5,,
2026-10-10T00:33:13.003Z,Y1153022,7153,45.50839,8.88081,28550.5,6.1,11.6,58.9,-53.8,0.9,-1.0,RS41-SG,404.901,8.2,-500,9,2.5,,
2026-10-10T00:33:15.003Z,Y1153022,7155,45.50851,8.88105,28561.4,5.5,11.3,48.6,-53.8,0.9,-1.0,RS41-SG,404.901,7.5,-500,9,2.6,,
2026-10-10T00:33:16.003Z,Y1153022,7156,45.50858,8.88116,28567.3,6.3,12.5,47.2,-53.8,0.9,-1.0,RS41-SG,404.901,8.5,-500,9,2.6,,
2026-10-10T00:33:17.003Z,Y1153022,7157,45.50866,8.88128,28573.4,5.8,13.5,49.3,-53.7,0.9,-1.0,RS41-SG,404.901,8.9,-500,9,2.5,,
2026-10-10T00:33:18.003Z,Y1153022,7158,45.50874,8.88142,28578.9,5.2,14.3,53.5,-53.7,0.9,-1.0,RS41-SG,404.901,9.4,-500,9,2.5,,
2026-10-10T00:33:19.003Z,Y1153022,7159,45.50881,8.88157,28584.3,5.5,14.2,60.5,-53.7,0.9,-1.0,RS41-SG,404.901,9.4,-500,9,2.5,,
2026-10-10T00:33:20.003Z,Y1153022,7160,45.50886,8.88173,28590.2,6.1,13.5,69.5,-53.5,0.9,-1.0,RS41-SG,404.901,9.6,-500,9,2.5,,
2026-10-10T00:33:21.003Z,Y1153022,7161,45.50889,8.88189,28596.1,5.9,12.6,78.3,-53.4,0.9,-1.0,RS41-SG,404.901,9.6,-500,9,2.5,,
2026-10-10T00:33:22.003Z,Y1153022,7162,45.50891,8.88204,28601.3,4.5,11.7,83.8,-53.3,0.9,-1.0,RS41-SG,404.901,9.0,-500,9,2.5,,
2026-10-10T00:33:23.003Z,Y1153022,7163,45.50892,8.88219,28605.9,4.9,11.1,85.7,-53.2,0.9,-1.0,RS41-SG,404.901,8.2,-500,9,2.6,,
2026-10-10T00:33:24.003Z,Y1153022,7164,45.50893,8.88233,28611.5,6.4,10.8,80.8,-53.2,0.9,-1.0,RS41-SG,404.901,7.8,-500,9,2.6,,
2026-10-10T00:33:26.003Z,Y1153022,7166,45.50899,8.88260,28623.9,5.0,11.9,65.2,-53.3,0.9,-1.0,RS41-SG,404.901,7.1,-500,9,2.5,,
2026-10-10T00:33:27.003Z,Y1153022,7167,45.50904,8.88274,28629.0,5.3,12.3,60.0,-53.3,0.9,-1.0,RS41-SG,404.901,8.7,-500,9,2.5,,
2026-10-10T00:33:28.003Z,Y1153022,7168,45.50910,8.88287,28635.0,6.7,12.2,58.4,-53.3,0.9,-1.0,RS41-SG,404.901,8.7,-500,9,2.5,,
2026-10-10T00:33:29.003Z,Y1153022,7169,45.50915,8.88300,28641.4,6.1,11.6,60.2,-53.3,0.9,-1.0,RS41-SG,404.901,8.4,-500,9,2.5,,
2026-10-10T00:33:30.003Z,Y1153022,7170,45.50920,8.88313,28646.9,4.8,11.4,64.1,-53.3,0.9,-1.0,RS41-SG,404.901,8.4,-500,9,2.5,,
2026-10-10T00:33:31.003Z,Y1153022,7171,45.50924,8.88327,28651.8,5.2,11.9,69.9,-53.4,0.9,-1.0,RS41-SG,404.901,8.1,-500,9,2.6,,
2026-10-10T00:33:32.003Z,Y1153022,7172,45.50928,8.88342,28657.2,5.8,12.9,73.4,-53.4,0.9,-1.0,RS41-SG,404.901,9.0,-500,9,2.5,,
2026-10-10T00:33:33.003Z,Y1153022,7173,45.50931,8.88358,28663.3,6.3,14.1,76.2,-53.4,0.9,-1.0,RS41-SG,404.901,9.0,-500,9,2.5,,
2026-10-10T00:33:34.003Z,Y1153022,7174,45.50934,8.88376,28669.2,5.4,14.6,78.8,-53.4,0.9,-1.0,RS41-SG,404.901,8.8,-500,9,2.5,,
2026-10-10T00:33:35.003Z,Y1153022,7175,45.50936,8.88394,28674.9,5.9,14.5,83.4,-53.4,0.9,-1.0,RS41-SG,404.901,8.4,-500,9,2.6,,
2026-10-10T00:33:36.003Z,Y1153022,7176,45.50936,8.88412,28681.3,6.7,13.6,89.4,-53.4,0.9,-1.0,RS41-SG,404.901,8.4,-500,9,2.5,,
2026-10-10T00:33:37.003Z,Y1153022,7177,45.50936,8.88429,28687.5,5.6,12.4,93.7,-53.4,0.9,-1.0,RS41-SG,404.901,7.8,-500,9,2.5,,
2026-10-10T00:33:38.003Z,Y1153022,7178,45.50935,8.88444,28692.8,4.9,11.1,96.1,-53.5,0.9,-1.0,RS41-SG,404.901,8.8,-500,9,2.5,,
2026-10-10T00:33:39.003Z,Y1153022,7179,45.50935,8.88457,28698.1,5.5,9.8,92.7,-53.5,0.9,-1.0,RS41-SG,404.901,9.2,-500,9,2.5,,
2026-10-10T00:33:40.003Z,Y1153022,7180,45.50935,8.88469,28704.2,6.6,9.1,81.3,-53.5,0.9,-1.0,RS41-SG,404.901,9.2,-500,9,2.6,,
2026-10-10T00:33:41.003Z,Y1153022,7181,45.50937,8.88480,28710.3,5.7,9.4,70.2,-53.5,0.9,-1.0,RS41-SG,404.901,9.2,-500,9,2.6,,
2026-10-10T00:33:42.003Z,Y1153022,7182,45.50940,8.88492,28715.5,4.8,10.0,62.8,-53.5,0.9,-1.0,RS41-SG,404.901,8.9,-500,9,2.5,,
2026-10-10T00:33:43.003Z,Y1153022,7183,45.50945,8.88503,28720.7,5.7,10.3,60.7,-53.6,0.9,-1.0,RS41-SG,404.901,8.5,-500,9,2.5,,
2026-10-10T00:33:44.003Z,Y1153022,7184,45.50949,8.88514,28727.0,6.8,10.0,65.2,-53.6,0.9,-1.0,RS41-SG,404.901,8.1,-500,9,2.5,,
2026-10-10T00:33:46.003Z,Y1153022,7186,45.50953,8.88539,28739.7,4.9,10.0,85.0,-53.6,0.9,-1.0,RS41-SG,404.901,7.5,-500,9,2.5,,
2026-10-10T00:33:47.003Z,Y1153022,7187,45.50953,8.88552,28744.6,4.8,11.2,93.4,-53.7,0.9,-1.0,RS41-SG,404.901,7.5,-500,9,2.5,,
2026-10-10T00:33:48.003Z,Y1153022,7188,45.50952,8.88567,28749.9,5.8,12.9,97.8,-53.7,0.9,-1.0,RS41-SG,404.901,8.4,-500,9,2.6,,
2026-10-10T00:33:49.003Z,Y1153022,7189,45.50951,8.88585,28755.9,6.1,14.4,98.5,-53.7,0.9,-1.0,RS41-SG,404.901,8.4,-500,9,2.6,,
2026-10-10T00:33:50.003Z,Y1153022,7190,45.50949,8.88603,28761.4,4.9,14.9,97.1,-53.7,0.9,-1.0,RS41-SG,404.901,8.3,-500,9,2.5,,
2026-10-10T00:33:51.003Z,Y1153022,7191,45.50947,8.88622,28766.6,5.4,14.5,96.5,-53.7,0.9,-1.0,RS41-SG,404.901,8.3,-500,9,2.5,,
2026-10-10T00:33:52.003Z,Y1153022,7192,45.50946,8.88639,28772.6,6.7,12.9,97.2,-53.7,0.9,-1.0,RS41-SG,404.901,8.1,-500,9,2.5,,
2026-10-10T00:33:53.003Z,Y1153022,7193,45.50944,8.88654,28779.2,6.8,11.0,98.9,-53.7,0.9,-1.0,RS41-SG,404.901,7.9,-500,8,2.5,,
2026-10-10T00:33:54.003Z,Y1153022,7194,45.50943,8.88667,28785.4,5.6,9.2,98.6,-53.7,0.9,-1.0,RS41-SG,404.901,8.0,-500,8,2.5,,
2026-10-10T00:33:55.003Z,Y1153022,7195,45.50942,8.88677,28790.8,5.4,7.7,93.0,-53.7,0.9,-1.0,RS41-SG,404.901,8.0,-500,9,2.5,,
2026-10-10T00:33:56.003Z,Y1153022,7196,45.50942,8.88687,28796.5,6.0,7.3,81.3,-53.7,0.9,-1.0,RS41-SG,404.901,8.0,-500,9,2.6,,
2026-10-10T00:33:57.003Z,Y1153022,7197,45.50944,8.88696,28802.5,6.0,8.2,70.6,-53.7,0.9,-1.0,RS41-SG,404.901,8.3,-500,9,2.6,,
2026-10-10T00:33:58.003Z,Y1153022,7198,45.50947,8.88707,28808.2,5.4,9.4,67.6,-53.7,0.9,-1.0,RS41-SG,404.901,8.5,-500,9,2.5,,
2026-10-10T00:33:59.003Z,Y1153022,7199,45.50950,8.88719,28813.2,4.7,10.5,70.7,-53.7,0.9,-1.0,RS41-SG,404.901,8.6,-500,9,2.5,,
2026-10-10T00:34:00.003Z,Y1153022,7200,45.50953,8.88732,28818.2,5.2,11.3,78.4,-53.7,0.9,-1.0,RS41-SG,404.901,8.6,-500,9,2.5,,
2026-10-10T00:34:01.003Z,Y1153022,7201,45.50954,8.88746,28823.7,5.8,11.9,88.0,-53.7,0.9,-1.0,RS41-SG,404.901,8.7,-500,9,2.5,,
2026-10-10T00:34:02.003Z,Y1153022,7202,45.50954,8.88762,28829.5,5.8,12.2,96.7,-53.7,0.9,-1.0,RS41-SG,404.901,9.4,-500,9,2.5,,
2026-10-10T00:34:03.003Z,Y1153022,7203,45.50952,8.88777,28834.7,4.7,12.0,101.3,-53.7,0.9,-1.0,RS41-SG,404.901,9.8,-500,9,2.5,,
2026-10-10T00:34:04.003Z,Y1153022,7204,45.50950,8.88792,28839.6,5.2,11.5,101.2,-53.7,0.9,-1.0,RS41-SG,404.901,9.8,-500,9,2.6,,
2026-10-10T00:34:05.003Z,Y1153022,7205,45.50948,8.88806,28845.4,6.5,10.8,94.7,-53.7,0.9,-1.0,RS41-SG,404.901,9.8,-500,9,2.6,,
2026-10-10T00:34:06.003Z,Y1153022,7206,45.50949,8.88819,28852.2,7.0,10.6,82.8,-53.7,0.9,-1.0,RS41-SG,404.901,9.8,-500,9,2.5,,
2026-10-10T00:34:07.003Z,Y1153022,7207,45.50951,8.88833,28858.3,5.3,10.9,73.4,-53.7,0.9,-1.0,RS41-SG,404.901,9.6,-500,9,2.5,,
2026-10-10T00:34:08.003Z,Y1153022,7208,45.50954,8.88846,28863.4,4.8,10.9,64.9,-53.7,0.9,-1.0,RS41-SG,404.901,9.6,-500,9,2.5,,
2026-10-10T00:34:09.003Z,Y1153022,7209,45.50958,8.88857,28868.7,6.0,10.4,58.6,-53.7,0.9,-1.0,RS41-SG,404.901,8.5,-500,9,2.5,,
2026-10-10T00:34:10.003Z,Y1153022,7210,45.50963,8.88868,28875.1,6.8,9.1,56.8,-53.6,0.9,-1.0,RS41-SG,404.901,8.5,-500,9,2.5,,
2026-10-10T00:34:11.003Z,Y1153022,7211,45.50967,8.88877,28881.2,5.6,8.2,59.1,-53.6,0.9,-1.0,RS41-SG,404.901,8.5,-500,9,2.5,,
2026-10-10T00:34:12.003Z,Y1153022,7212,45.50971,8.88886,28886.8,5.7,7.9,63.1,-53.7,0.9,-1.0,RS41-SG,404.901,8.0,-500,9,2.6,,
2026-10-10T00:34:13.003Z,Y1153022,7213,45.50974,8.88896,28892.9,6.4,8.5,67.0,-53.6,0.9,-1.0,RS41-SG,404.901,8.4,-500,9,2.5,,
2026-10-10T00:34:14.003Z,Y1153022,7214,45.50977,8.88907,28899.5,6.8,9.7,67.5,-53.6,0.9,-1.0,RS41-SG,404.901,8.6,-500,9,2.5,,
2026-10-10T00:34:15.003Z,Y1153022,7215,45.50981,8.88919,28905.5,5.1,10.7,67.4,-53.6,0.9,-1.0,RS41-SG,404.901,9.0,-500,9,2.5,,
2026-10-10T00:34:16.003Z,Y1153022,7216,45.50984,8.88931,28910.4,4.8,11.2,66.8,-53.6,0.9,-1.0,RS41-SG,404.901,9.0,-500,9,2.6,,
2026-10-10T00:34:17.003Z,Y1153022,7217,45.50988,8.88944,28915.6,5.7,10.9,66.9,-53.5,0.9,-1.0,RS41-SG,404.901,9.1,-500,9,2.5,,
2026-10-10T00:34:18.003Z,Y1153022,7218,45.50992,8.88956,28922.0,6.9,9.8,68.0,-53.5,0.9,-1.0,RS41-SG,404.901,9.1,-500,9,2.5,,
2026-10-10T00:34:19.003Z,Y1153022,7219,45.50995,8.88967,28928.6,6.4,8.5,70.7,-53.4,0.9,-1.0,RS41-SG,404.901,9.1,-500,9,2.5,,
2026-10-10T00:34:20.003Z,Y1153022,7220,45.50997,8.88977,28934.5,5.2,7.6,74.5,-53.3,0.9,-1.0,RS41-SG,404.901,8.7,-500,9,2.5,,
2026-10-10T00:34:21.003Z,Y1153022,7221,45.50998,8.88986,28939.6,4.9,7.3,80.1,-53.2,0.9,-1.0,RS41-SG,404.901,8.3,-500,9,2.6,,
2026-10-10T00:34:22.003Z,Y1153022,7222,45.50999,8.88996,28944.9,5.7,7.9,85.6,-53.1,0.8,-1.0,RS41-SG,404.901,7.8,-500,9,2.6,,
2026-10-10T00:34:23.003Z,Y1153022,7223,45.51000,8.89007,28950.8,5.9,9.2,89.2,-53.0,0.9,-1.0,RS41-SG,404.901,8.4,-500,9,2.5,,
2026-10-10T00:34:24.003Z,Y1153022,7224,45.50999,8.89019,28956.5,5.6,10.4,93.0,-52.9,0.8,-1.0,RS41-SG,404.901,8.6,-500,9,2.5,,
2026-10-10T00:34:25.003Z,Y1153022,7225,45.50999,8.89033,28962.1,5.6,11.0,97.2,-52.8,0.8,-1.0,RS41-SG,404.901,8.6,-500,9,2.5,,
2026-10-10T00:34:26.003Z,Y1153022,7226,45.50997,8.89046,28968.2,6.4,10.6,101.6,-52.6,0.8,-1.0,RS41-SG,404.901,8.2,-500,9,2.5,,
2026-10-10T00:34:27.003Z,Y1153022,7227,45.50995,8.89059,28974.9,6.8,9.3,105.2,-52.5,0.8,-1.0,RS41-SG,404.901,9.2,-500,9,2.5,,
2026-10-10T00:34:28.003Z,Y1153022,7228,45.50993,8.89069,28981.5,6.3,7.9,108.9,-52.4,0.8,-1.0,RS41-SG,404.901,9.2,-500,9,2.5,,
2026-10-10T00:34:29.003Z,Y1153022,7229,45.50990,8.89078,28987.2,4.9,6.8,109.7,-52.3,0.8,-1.0,RS41-SG,404.901,8.2,-500,9,2.6,,
2026-10-10T00:34:30.003Z,Y1153022,7230,45.50989,8.89086,28992.3,5.2,6.4,108.9,-52.3,0.8,-1.0,RS41-SG,404.901,7.8,-500,9,2.6,,
2026-10-10T00:34:32.003Z,Y1153022,7232,45.50985,8.89103,29004.7,6.8,7.7,102.4,-52.2,0.8,-1.0,RS41-SG,404.901,8.0,-500,9,2.5,,
2026-10-10T00:34:33.003Z,Y1153022,7233,45.50984,8.89113,29010.5,4.8,8.5,99.7,-52.2,0.8,-1.0,RS41-SG,404.901,8.6,-500,9,2.5,,
2026-10-10T00:34:34.003Z,Y1153022,7234,45.50983,8.89124,29015.2,4.5,8.9,98.7,-52.2,0.8,-1.0,RS41-SG,404.901,8.6,-500,9,2.5,,
2026-10-10T00:34:35.003Z,Y1153022,7235,45.50982,8.89135,29020.4,5.9,8.4,96.6,-52.2,0.8,-1.0,RS41-SG,404.901,8.9,-500,9,2.5,,
2026-10-10T00:34:36.003Z,Y1153022,7236,45.50981,8.89145,29026.9,7.0,7.3,96.0,-52.2,0.8,-1.0,RS41-SG,404.901,8.9,-500,9,2.5,,
2026-10-10T00:34:37.003Z,Y1153022,7237,45.50980,8.89153,29033.1,5.4,6.5,95.5,-52.2,0.8,-1.0,RS41-SG,404.901,8.6,-500,9,2.6,,
2026-10-10T00:34:38.003Z,Y1153022,7238,45.50980,8.89161,29038.6,5.6,6.1,94.1,-52.2,0.8,-1.0,RS41-SG,404.901,8.4,-500,9,2.6,,
2026-10-10T00:34:39.003Z,Y1153022,7239,45.50979,8.89169,29044.8,6.7,6.6,93.4,-52.2,0.8,-1.0,RS41-SG,404.901,9.0,-500,9,2.5,,
2026-10-10T00:34:40.003Z,Y1153022,7240,45.50979,8.89178,29051.2,6.0,7.4,93.4,-52.3,0.8,-1.0,RS41-SG,404.901,9.3,-500,9,2.5,,
2026-10-10T00:34:41.003Z,Y1153022,7241,45.50979,8.89188,29056.7,4.8,8.0,93.6,-52.3,0.9,-1.0,RS41-SG,404.901,9.3,-500,9,2.5,,
2026-10-10T00:34:42.003Z,Y1153022,7242,45.50978,8.89198,29062.0,5.8,7.9,93.3,-52.3,0.8,-1.0,RS41-SG,404.901,9.9,-500,9,2.5,,
2026-10-10T00:34:43.003Z,Y1153022,7243,45.50978,8.89208,29068.3,6.9,7.2,93.9,-52.4,0.9,-1.0,RS41-SG,404.901,9.9,-500,9,2.5,,
2026-10-10T00:34:44.003Z,Y1153022,7244,45.50977,8.89216,29074.7,5.7,6.3,94.4,-52.4,0.9,-1.0,RS41-SG,404.901,9.1,-500,9,2.5,,
2026-10-10T00:34:45.003Z,Y1153022,7245,45.50977,8.89224,29080.3,5.5,5.8,96.8,-52.5,0.9,-1.0,RS41-SG,404.901,8.5,-500,9,2.6,,
2026-10-10T00:34:46.003Z,Y1153022,7246,45.50976,8.89232,29086.1,6.1,6.3,98.4,-52.5,0.9,-1.0,RS41-SG,404.901,8.1,-500,9,2.6,,
2026-10-10T00:34:47.003Z,Y1153022,7247,45.50975,8.89240,29092.6,6.6,7.4,100.1,-52.5,0.9,-1.0,RS41-SG,404.901,8.0,-500,9,2.5,,
2026-10-10T00:34:48.003Z,Y1153022,7248,45.50974,8.89250,29098.4,5.1,8.2,100.0,-52.6,0.9,-1.0,RS41-SG,404.901,8.6,-500,9,2.5,,
2026-10-10T00:34:49.003Z,Y1153022,7249,45.50973,8.89260,29103.8,5.5,8.5,100.8,-52.6,0.9,-1.0,RS41-SG,404.901,9.0,-500,8,2.5,,
2026-10-10T00:34:50.003Z,Y1153022,7250,45.50971,8.89271,29109.8,6.6,7.8,100.7,-52.7,0.9,-1.0,RS41-SG,404.901,9.2,-500,8,2.5,,
2026-10-10T00:34:51.003Z,Y1153022,7251,45.50970,8.89280,29116.2,6.1,6.6,101.3,-52.7,0.9,-1.0,RS41-SG,404.901,9.2,-500,9,2.5,,
2026-10-10T00:34:52.003Z,Y1153022,7252,45.50969,8.89287,29121.6,4.7,5.6,100.8,-52.8,0.9,-1.0,RS41-SG,404.901,9.2,-500,9,2.5,,
2026-10-10T00:34:53.003Z,Y1153022,7253,45.50968,8.89294,29126.3,4.7,5.1,99.6,-52.8,0.9,-1.0,RS41-SG,404.901,7.9,-500,9,2.6,,
2026-10-10T00:34:55.003Z,Y1153022,7255,45.50967,8.89308,29137.9,6.5,6.3,97.5,-52.9,0.9,-1.0,RS41-SG,404.901,6.6,-500,9,2.5,,
2026-10-10T00:34:56.003Z,Y1153022,7256,45.50966,8.89316,29143.9,5.5,7.0,96.3,-52.9,0.9,-1.0,RS41-SG,404.901,8.0,-500,9,2.5,,
2026-10-10T00:34:57.003Z,Y1153022,7257,45.50965,8.89325,29149.3,5.4,7.0,96.3,-53.0,0.9,-1.0,RS41-SG,404.901,8.7,-500,9,2.6,,
2026-10-10T00:34:58.003Z,Y1153022,7258,45.50964,8.89333,29155.2,6.4,6.2,98.7,-53.0,0.9,-1.0,RS41-SG,404.901,8.7,-500,9,2.5,,
2026-10-10T00:34:59.003Z,Y1153022,7259,45.50964,8.89340,29161.7,6.4,5.0,102.5,-53.1,0.9,-1.0,RS41-SG,404.901,8.8,-500,9,2.5,,
2026-10-10T00:35:02.003Z,Y1153022,7262,45.50959,8.89355,29177.7,6.3,4.7,121.3,-53.2,0.9,-1.0,RS41-SG,404.901,7.7,-500,9,2.6,,
2026-10-10T00:35:03.003Z,Y1153022,7263,45.50957,8.89361,29183.9,6.1,5.8,122.5,-53.2,0.9,-1.0,RS41-SG,404.901,8.0,-500,9,2.6,,
2026-10-10T00:35:04.003Z,Y1153022,7264,45.50954,8.89368,29189.4,4.8,6.7,121.5,-53.2,0.9,-1.0,RS41-SG,404.901,8.9,-500,9,2.5,,
2026-10-10T00:35:05.003Z,Y1153022,7265,45.50951,8.89375,29194.7,5.8,6.9,122.9,-53.3,0.9,-1.0,RS41-SG,404.901,8.9,-500,9,2.5,,
2026-10-10T00:35:06.003Z,Y1153022,7266,45.50947,8.89382,29201.1,6.9,6.1,125.0,-53.3,0.9,-1.0,RS41-SG,404.901,8.8,-500,9,2.5,,
2026-10-10T00:35:07.003Z,Y1153022,7267,45.50945,8.89388,29207.3,5.4,5.0,125.2,-53.3,0.9,-1.0,RS41-SG,404.901,8.5,-500,9,2.5,,
2026-10-10T00:35:08.003Z,Y1153022,7268,45.50942,8.89393,29212.7,5.1,4.2,125.2,-53.4,0.9,-1.0,RS41-SG,404.901,8.2,-500,9,2.5,,
2026-10-10T00:35:09.003Z,Y1153022,7269,45.50940,8.89397,29218.4,6.3,4.0,119.2,-53.4,0.9,-1.0,RS41-SG,404.901,7.8,-500,9,2.5,,
2026-10-10T00:35:10.003Z,Y1153022,7270,45.50939,8.89402,29224.9,6.7,4.5,111.3,-53.4,0.9,-1.0,RS41-SG,404.901,7.7,-500,9,2.6,,
2026-10-10T00:35:11.003Z,Y1153022,7271,45.50937,8.89407,29230.7,5.1,4.9,106.4,-53.5,0.9,-1.0,RS41-SG,404.901,8.2,-500,9,2.6,,
2026-10-10T00:35:12.003Z,Y1153022,7272,45.50936,8.89413,29235.8,5.2,4.8,102.9,-53.5,0.9,-1.0,RS41-SG,404.901,8.6,-500,9,2.5,,
2026-10-10T00:35:13.003Z,Y1153022,7273,45.50935,8.89419,29241.6,6.3,3.9,98.4,-53.5,0.9,-1.0,RS41-SG,404.901,8.6,-500,9,2.5,,
2026-10-10T00:35:14.003Z,Y1153022,7274,45.50935,8.89423,29248.0,6.3,2.7,95.5,-53.6,0.9,-1.0,RS41-SG,404.901,8.4,-500,9,2.5,,
2026-10-10T00:35:15.003Z,Y1153022,7275,45.50935,8.89426,29253.6,4.9,1.9,93.8,-53.6,0.9,-1.0,RS41-SG,404.901,7.8,-500,9,2.5,,
2026-10-10T00:35:16.003Z,Y1153022,7276,45.50935,8.89428,29258.8,5.6,1.7,104.7,-53.7,0.9,-1.0,RS41-SG,404.901,7.3,-500,9,2.5,,
2026-10-10T00:35:18.003Z,Y1153022,7278,45.50933,8.89435,29271.1,6.5,4.2,117.4,-53.7,0.9,-1.0,RS41-SG,404.901,8.5,-500,9,2.6,,
2026-10-10T00:35:19.003Z,Y1153022,7279,45.50931,8.89440,29276.8,4.9,5.4,119.1,-53.8,0.9,-1.0,RS41-SG,404.901,8.5,-500,9,2.6,,
2026-10-10T00:35:20.003Z,Y1153022,7280,45.50928,8.89446,29281.5,4.4,6.0,123.6,-53.8,0.9,-1.0,RS41-SG,404.901,7.7,-500,9,2.5,,
2026-10-10T00:35:21.003Z,Y1153022,7281,45.50925,8.89452,29286.4,5.3,5.5,129.4,-53.9,1.0,-1.0,RS41-SG,404.901,8.0,-500,9,2.5,,
2026-10-10T00:35:22.003Z,Y1153022,7282,45.50922,8.89457,29292.4,6.7,4.3,139.8,-53.9,1.0,-1.0,RS41-SG,404.901,8.0,-500,9,2.5,,
2026-10-10T00:35:23.003Z,Y1153022,7283,45.50919,8.89459,29298.7,6.0,3.1,152.5,-53.9,1.0,-1.0,RS41-SG,404.901,7.6,-500,9,2.5,,
2026-10-10T00:35:24.003Z,Y1153022,7284,45.50917,8.89461,29304.3,5.1,2.0,162.6,-54.0,0.9,-1.0,RS41-SG,404.901,7.5,-500,9,2.5,,
2026-10-10T00:35:27.003Z,Y1153022,7287,45.50916,8.89466,29321.4,5.5,3.0,72.4,-54.1,1.0,-1.0,RS41-SG,404.901,7.5,-500,9,2.6,,
2026-10-10T00:35:28.003Z,Y1153022,7288,45.50917,8.89470,29326.3,4.5,3.9,71.5,-54.2,1.0,-1.0,RS41-SG,404.901,8.5,-500,9,2.5,,
2026-10-10T00:35:29.003Z,Y1153022,7289,45.50918,8.89475,29331.3,5.5,4.0,72.5,-54.2,1.0,-1.0,RS41-SG,404.901,8.9,-500,9,2.5,,
2026-10-10T00:35:30.003Z,Y1153022,7290,45.50919,8.89479,29337.5,6.8,2.9,79.3,-54.2,1.0,-1.0,RS41-SG,404.901,8.9,-500,9,2.5,,
2026-10-10T00:35:31.003Z,Y1153022,7291,45.50919,8.89482,29343.9,6.0,1.7,95.9,-54.3,1.0,-1.0,RS41-SG,404.901,8.3,-500,9,2.5,,
2026-10-10T00:35:32.003Z,Y1153022,7292,45.50918,8.89483,29349.4,5.1,1.4,145.5,-54.3,1.0,-1.0,RS41-SG,404.901,8.2,-500,9,2.5,,
2026-10-10T00:35:33.003Z,Y1153022,7293,45.50917,8.89484,29354.7,5.3,2.1,167.5,-54.3,1.0,-1.0,RS41-SG,404.901,7.9,-500,9,2.5,,
2026-10-10T00:35:34.003Z,Y1153022,7294,45.50915,8.89485,29360.6,6.4,2.9,161.4,-54.4,1.0,-1.0,RS41-SG,404.901,7.5,-500,9,2.6,,
2026-10-10T00:35:35.003Z,Y1153022,7295,45.50912,8.89487,29366.9,6.2,3.5,152.1,-54.4,1.0,-1.0,RS41-SG,404.901,7.5,-500,8,2.6,,
2026-10-10T00:35:36.003Z,Y1153022,7296,45.50909,8.89489,29372.6,5.2,3.5,147.7,-54.5,1.0,-1.0,RS41-SG,404.901,7.9,-500,8,2.5,,
2026-10-10T00:35:37.003Z,Y1153022,7297,45.50907,8.89491,29377.9,5.3,3.2,150.5,-54.5,1.0,-1.0,RS41-SG,404.901,8.3,-500,8,2.5,,
2026-10-10T00:35:46.003Z,Y1153022,7306,45.50888,8.89485,29427.9,5.6,2.9,141.7,-54.8,1.0,-1.0,RS41-SG,404.901,7.4,-500,9,2.5,,
2026-10-10T00:35:47.003Z,Y1153022,7307,45.50886,8.89487,29434.1,6.9,2.2,157.1,-54.8,1.0,-1.0,RS41-SG,404.901,7.8,-500,9,2.5,,
2026-10-10T00:35:49.003Z,Y1153022,7309,45.50883,8.89486,29445.1,4.6,2.2,224.2,-54.8,0.9,-1.0,RS41-SG,404.901,6.8,-500,9,2.5,,
2026-10-10T00:35:53.003Z,Y1153022,7313,45.50877,8.89479,29467.6,5.1,1.7,192.3,-54.8,1.0,-1.0,RS41-SG,404.901,8.2,-500,9,2.5,,
2026-10-10T00:35:54.003Z,Y1153022,7314,45.50876,8.89479,29472.8,5.6,1.3,203.9,-54.8,1.0,-1.0,RS41-SG,404.901,8.3,-500,9,2.5,,
2026-10-10T00:35:55.003Z,Y1153022,7315,45.50875,8.89478,29478.7,6.1,1.3,247.7,-54.7,1.0,-1.0,RS41-SG,404.901,8.3,-500,9,2.5,,
2026-10-10T00:35:56.003Z,Y1153022,7316,45.50875,8.89476,29484.2,5.0,1.6,283.3,-54.7,0.9,-1.0,RS41-SG,404.901,8.1,-500,9,2.5,,
2026-10-10T00:36:03.003Z,Y1153022,7323,45.50883,8.89485,29522.7,6.6,1.8,148.8,-54.6,0.9,-1.0,RS41-SG,404.901,7.9,-500,9,2.5,,
2026-10-10T00:36:07.003Z,Y1153022,7327,45.50872,8.89479,29543.8,7.0,3.7,200.1,-54.5,1.0,-1.0,RS41-SG,404.901,8.1,-500,9,2.6,,
2026-10-10T00:36:09.003Z,Y1153022,7329,45.50868,8.89479,29555.2,5.2,0.9,123.9,-54.4,0.9,-1.0,RS41-SG,404.901,6.8,-500,9,2.5,,
2026-10-10T00:36:10.003Z,Y1153022,7330,45.50868,8.89480,29560.9,6.2,2.0,30.0,-54.4,0.9,-1.0,RS41-SG,404.901,7.6,-500,9,2.5,,
2026-10-10T00:36:11.003Z,Y1153022,7331,45.50871,8.89481,29566.9,5.9,3.7,11.1,-54.4,1.0,-1.0,RS41-SG,404.901,8.3,-500,9,2.5,,
2026-10-10T00:36:16.003Z,Y1153022,7336,45.50898,8.89492,29594.2,5.3,7.1,27.9,-54.1,0.9,-1.0,RS41-SG,404.901,8.0,-500,9,2.6,,
2026-10-10T00:36:17.003Z,Y1153022,7337,45.50903,8.89496,29599.7,5.8,5.6,31.1,-54.1,0.9,-1.0,RS41-SG,404.901,8.0,-500,9,2.5,,
2026-10-10T00:36:23.003Z,Y1153022,7343,45.50911,8.89499,29633.1,6.0,2.1,49.0,-54.0,0.9,-1.0,RS41-SG,404.901,7.6,-500,9,2.6,,
2026-10-10T00:36:24.003Z,Y1153022,7344,45.50913,8.89502,29638.3,4.4,3.6,47.4,-54.0,0.9,-1.0,RS41-SG,404.901,8.0,-500,9,2.6,,
2026-10-10T00:36:26.003Z,Y1153022,7346,45.50919,8.89510,29648.3,6.1,5.6,35.5,-53.9,0.9,-1.0,RS41-SG,404.901,7.0,-500,9,2.5,,
2026-10-10T00:36:27.003Z,Y1153022,7347,45.50924,8.89514,29654.1,5.4,5.8,29.0,-53.9,0.9,-1.0,RS41-SG,404.901,7.5,-500,9,2.5,,
2026-10-10T00:36:28.003Z,Y1153022,7348,45.50928,8.89517,29659.4,5.1,5.9,26.0,-53.9,0.9,-1.0,RS41-SG,404.901,7.5,-500,9,2.5,,
2026-10-10T00:36:31.003Z,Y1153022,7351,45.50943,8.89531,29676.3,5.9,7.7,40.2,-53.9,0.9,-1.0,RS41-SG,404.901,7.9,-500,9,2.6,,
2026-10-10T00:36:32.003Z,Y1153022,7352,45.50948,8.89538,29681.5,4.8,7.8,43.8,-54.0,0.9,-1.0,RS41-SG,404.901,7.9,-500,9,2.6,,
2026-10-10T00:36:35.003Z,Y1153022,7355,45.50961,8.89554,29697.3,5.5,4.1,30.7,-54.0,0.9,-1.0,RS41-SG,404.901,7.5,-500,9,2.5,,
2026-10-10T00:36:42.003Z,Y1153022,7362,45.50993,8.89573,29732.6,4.8,9.0,49.0,-53.9,0.9,-1.0,RS41-SG,404.901,7.6,-500,9,2.5,,
2026-10-10T00:36:43.003Z,Y1153022,7363,45.50998,8.89582,29737.7,5.3,8.8,59.7,-53.9,0.9,-1.0,RS41-SG,404.901,7.6,-500,9,2.5,,
2026-10-10T00:36:45.003Z,Y1153022,7365,45.51003,8.89601,29749.3,6.0,6.8,73.6,-53.9,0.9,-1.0,RS41-SG,404.901,7.9,-500,9,2.5,,
2026-10-10T00:37:03.003Z,Y1153022,7383,45.51084,8.89736,29846.8,4.7,7.7,40.7,-53.5,0.9,-1.0,RS41-SG,404.901,7.4,-500,9,2.6,,
2026-10-10T00:37:13.003Z,Y1153022,7393,45.51147,8.89810,29902.9,6.6,8.4,60.0,-53.4,0.9,-1.0,RS41-SG,404.901,6.7,-500,9,2.5,,
2026-10-10T00:37:32.003Z,Y1153022,7412,45.51277,8.89937,30010.4,5.1,11.3,37.7,-53.5,0.9,-1.0,RS41-SG,404.901,6.8,-500,9,2.5,,
2026-10-10T00:45:02.003Z,Y1153022,7862,45.52101,8.97500,32698.9,7.2,19.4,115.4,-49.1,0.7,-1.0,RS41-SG,404.901,7.1,-500,8,2.5,,
2026-10-10T00:45:03.003Z,Y1153022,7863,45.52093,8.97523,32706.0,7.0,20.3,116.4,-49.1,0.7,-1.0,RS41-SG,404.901,7.1,-500,8,2.6,,
2026-10-10T00:45:20.003Z,Y1153022,7880,45.51990,8.97876,32814.7,5.1,12.7,116.2,-49.4,0.7,-1.0,RS41-SG,404.901,7.5,-500,8,2.6,,
2026-10-10T00:45:23.003Z,Y1153022,7883,45.51972,8.97916,32832.2,7.3,14.0,122.8,-49.3,0.7,-1.0,RS41-SG,404.901,7.3,-500,8,2.5,,
2026-10-10T00:45:24.003Z,Y1153022,7884,45.51966,8.97932,32839.6,7.6,16.5,118.2,-49.3,0.7,-1.0,RS41-SG,404.901,7.3,-500,8,2.5,,
2026-10-10T00:45:27.003Z,Y1153022,7887,45.51946,8.98001,32857.2,5.5,21.1,105.3,-49.4,0.7,-1.0,RS41-SG,404.901,7.4,-500,8,2.6,,
2026-10-10T00:45:28.003Z,Y1153022,7888,45.51942,8.98026,32863.2,6.6,20.6,100.4,-49.4,0.7,-1.0,RS41-SG,404.901,8.0,-500,8,2.6,,
2026-10-10T00:45:29.003Z,Y1153022,7889,45.51940,8.98051,32869.9,6.8,19.0,96.1,-49.4,0.7,-1.0,RS41-SG,404.901,8.0,-500,8,2.5,,
2026-10-10T00:45:30.003Z,Y1153022,7890,45.51938,8.98074,32875.9,5.4,17.2,92.9,-49.5,0.7,-1.0,RS41-SG,404.901,7.9,-500,8,2.5,,
2026-10-10T00:45:31.003Z,Y1153022,7891,45.51938,8.98095,32881.0,4.9,15.6,90.0,-49.5,0.7,-1.0,RS41-SG,404.901,7.0,-500,8,2.5,,
2026-10-10T00:45:33.003Z,Y1153022,7893,45.51938,8.98132,32892.3,6.5,13.9,90.8,-49.5,0.7,-1.0,RS41-SG,404.901,7.4,-500,8,2.5,,
2026-10-10T00:45:34.003Z,Y1153022,7894,45.51938,8.98150,32899.1,7.1,14.1,95.1,-49.5,0.7,-1.0,RS41-SG,404.901,7.1,-500,8,2.5,,
2026-10-10T00:45:35.003Z,Y1153022,7895,45.51936,8.98168,32905.8,6.3,14.5,100.1,-49.5,0.7,-1.0,RS41-SG,404.901,7.8,-500,8,2.6,,
2026-10-10T00:45:36.003Z,Y1153022,7896,45.51933,8.98186,32911.8,5.5,14.9,106.2,-49.5,0.7,-1.0,RS41-SG,404.901,8.1,-500,8,2.6,,
2026-10-10T00:45:37.003Z,Y1153022,7897,45.51928,8.98204,32917.0,4.9,15.1,112.4,-49.5,0.7,-1.0,RS41-SG,404.901,8.1,-500,8,2.5,,
2026-10-10T00:45:38.003Z,Y1153022,7898,45.51923,8.98221,32922.1,5.3,14.8,118.1,-49.6,0.7,-1.0,RS41-SG,404.901,7.6,-500,8,2.5,,
2026-10-10T00:45:39.003Z,Y1153022,7899,45.51916,8.98237,32928.2,6.6,14.3,121.8,-49.6,0.7,-1.0,RS41-SG,404.901,7.4,-500,8,2.5,,
2026-10-10T00:45:44.003Z,Y1153022,7904,45.51895,8.98317,32960.4,5.7,15.6,89.3,-49.6,0.7,-1.0,RS41-SG,404.901,7.2,-500,8,2.6,,
2026-10-10T00:45:45.003Z,Y1153022,7905,45.51896,8.98338,32965.6,4.8,17.6,82.5,-49.6,0.7,-1.0,RS41-SG,404.901,7.7,-500,8,2.5,,
2026-10-10T00:45:46.003Z,Y1153022,7906,45.51899,8.98361,32970.5,4.9,18.9,78.1,-49.6,0.7,-1.0,RS41-SG,404.901,8.2,-500,8,2.5,,
2026-10-10T00:45:48.003Z,Y1153022,7908,45.51907,8.98407,32981.9,6.8,17.5,73.7,-49.6,0.7,-1.0,RS41-SG,404.901,7.9,-500,8,2.5,,
2026-10-10T00:45:49.003Z,Y1153022,7909,45.51911,8.98426,32989.0,7.3,15.0,75.4,-49.6,0.7,-1.0,RS41-SG,404.901,7.8,-500,8,2.5,,
2026-10-10T00:45:51.003Z,Y1153022,7911,45.51914,8.98458,33001.7,5.1,10.3,92.2,-49.5,0.7,-1.0,RS41-SG,404.901,8.4,-500,8,2.6,,
2026-10-10T00:45:52.003Z,Y1153022,7912,45.51913,8.98470,33006.3,4.2,9.9,108.5,-49.5,0.7,-1.0,RS41-SG,404.901,8.4,-500,8,2.6,,
2026-10-10T00:45:59.003Z,Y1153022,7919,45.51885,8.98617,33045.2,4.7,22.4,80.3,-49.0,0.7,-1.0,RS41-SG,404.901,6.7,-500,8,2.6,,
2026-10-10T00:46:01.003Z,Y1153022,7921,45.51897,8.98668,33055.5,5.4,19.2,63.2,-48.7,0.7,-1.0,RS41-SG,404.901,7.7,-500,8,2.5,,
2026-10-10T00:46:02.003Z,Y1153022,7922,45.51904,8.98687,33060.9,5.5,16.2,59.0,-48.6,0.7,-1.0,RS41-SG,404.901,8.1,-500,8,2.5,,
2026-10-10T00:46:13.003Z,Y1153022,7933,45.51884,8.98892,33120.5,3.6,16.7,79.5,-48.0,0.6,-1.0,RS41-SG,404.901,7.0,-500,8,2.5,,
2026-10-10T00:46:16.003Z,Y1153022,7936,45.51894,8.98949,33136.0,7.1,14.0,79.1,-47.9,0.6,-1.0,RS41-SG,404.901,7.6,-500,8,2.6,,
2026-10-10T00:46:17.003Z,Y1153022,7937,45.51895,8.98966,33142.5,6.0,13.7,87.5,-47.9,0.6,-1.0,RS41-SG,404.901,8.0,-500,8,2.5,,
2026-10-10T00:46:18.003Z,Y1153022,7938,45.51895,8.98984,33147.7,4.4,13.8,95.7,-47.8,0.6,-1.0,RS41-SG,404.901,8.3,-500,8,2.5,,
2026-10-10T00:46:19.003Z,Y1153022,7939,45.51893,8.99001,33152.2,4.3,14.0,104.1,-47.8,0.6,-1.0,RS41-SG,404.901,8.3,-500,8,2.5,,
2026-10-10T00:46:20.003Z,Y1153022,7940,45.51889,8.99018,33156.9,5.1,14.1,110.2,-47.7,0.6,-1.0,RS41-SG,404.901,8.3,-500,8,2.5,,
2026-10-10T00:46:21.003Z,Y1153022,7941,45.51885,8.99035,33162.6,6.2,13.8,112.3,-47.6,0.6,-1.0,RS41-SG,404.901,7.6,-500,8,2.5,,
2026-10-10T00:46:23.003Z,Y1153022,7943,45.51876,8.99067,33174.1,5.3,13.6,107.8,-47.6,0.6,-1.0,RS41-SG,404.901,7.8,-500,8,2.6,,
2026-10-10T00:46:24.003Z,Y1153022,7944,45.51873,8.99084,33179.5,5.5,14.2,103.2,-47.5,0.6,-1.0,RS41-SG,404.901,8.0,-500,8,2.6,,
2026-10-10T00:46:25.003Z,Y1153022,7945,45.51870,8.99102,33185.2,5.9,15.5,100.2,-47.5,0.6,-1.0,RS41-SG,404.901,8.1,-500,8,2.5,,
2026-10-10T00:46:26.003Z,Y1153022,7946,45.51868,8.99123,33191.2,5.9,16.8,97.7,-47.4,0.6,-1.0,RS41-SG,404.901,8.1,-500,8,2.5,,
2026-10-10T00:46:29.003Z,Y1153022,7949,45.51863,8.99188,33207.0,5.6,16.3,92.0,-47.3,0.6,-1.0,RS41-SG,404.901,8.0,-500,8,2.5,,
2026-10-10T00:46:30.003Z,Y1153022,7950,45.51863,8.99208,33212.8,5.8,14.6,89.5,-47.3,0.6,-1.0,RS41-SG,404.901,8.0,-500,8,2.5,,
2026-10-10T00:46:31.003Z,Y1153022,7951,45.51864,8.99225,33218.7,5.9,12.7,87.4,-47.4,0.6,-1.0,RS41-SG,404.901,8.1,-500,8,2.6,,
2026-10-10T00:46:37.003Z,Y1153022,7957,45.51852,8.99323,33251.9,4.2,18.2,110.6,-47.1,0.6,-1.0,RS41-SG,404.901,7.0,-500,8,2.5,,
2026-10-10T00:46:40.003Z,Y1153022,7960,45.51835,8.99393,33266.9,6.4,18.7,105.0,-46.9,0.6,-1.0,RS41-SG,404.901,7.1,-500,8,2.6,,
2026-10-10T00:46:41.003Z,Y1153022,7961,45.51831,8.99415,33273.4,6.4,16.8,100.6,-46.9,0.6,-1.0,RS41-SG,404.901,8.2,-500,8,2.5,,
2026-10-10T00:46:49.003Z,Y1153022,7969,45.51821,8.99563,33316.2,5.5,16.0,103.7,-46.8,0.6,-1.0,RS41-SG,404.901,7.2,-500,8,2.5,,
2026-10-10T00:46:50.003Z,Y1153022,7970,45.51817,8.99583,33322.0,6.1,15.5,104.5,-46.8,0.6,-1.0,RS41-SG,404.901,7.2,-500,8,2.6,,
2026-10-10T00:46:56.003Z,Y1153022,7976,45.51807,8.99703,33354.5,5.0,18.0,87.1,-46.7,0.6,-1.0,RS41-SG,404.901,7.4,-500,8,2.5,,
2026-10-10T00:46:57.003Z,Y1153022,7977,45.51808,8.99726,33359.4,4.9,18.0,83.2,-46.7,0.6,-1.0,RS41-SG,404.901,7.7,-500,8,2.5,,
2026-10-10T00:46:58.003Z,Y1153022,7978,45.51810,8.99748,33364.4,5.2,17.4,78.9,-46.7,0.6,-1.0,RS41-SG,404.901,7.7,-500,8,2.6,,
2026-10-10T00:46:59.003Z,Y1153022,7979,45.51814,8.99769,33369.7,5.5,16.2,74.6,-46.6,0.6,-1.0,RS41-SG,404.901,7.7,-500,8,2.5,,
2026-10-10T00:47:01.003Z,Y1153022,7981,45.51822,8.99804,33381.2,5.8,12.8,70.1,-46.6,0.6,-1.0,RS41-SG,404.901,7.4,-500,8,2.5,,
2026-10-10T00:47:06.003Z,Y1153022,7986,45.51821,8.99879,33408.8,5.2,16.2,109.4,-46.5,0.6,-1.0,RS41-SG,404.901,7.5,-500,8,2.5,,
2026-10-10T00:47:09.003Z,Y1153022,7989,45.51809,8.99950,33423.9,5.4,20.8,94.8,-46.3,0.6,-1.0,RS41-SG,404.901,7.7,-500,8,2.5,,
2026-10-10T00:47:10.003Z,Y1153022,7990,45.51809,8.99976,33429.3,5.5,20.3,84.9,-46.2,0.6,-1.0,RS41-SG,404.901,7.7,-500,8,2.5,,
2026-10-10T00:47:11.003Z,Y1153022,7991,45.51812,9.00001,33434.4,5.1,19.3,75.0,-46.1,0.6,-1.0,RS41-SG,404.901,6.9,-500,8,2.6,,
2026-10-10T00:48:46.003Z,Y1153022,8086,45.51784,9.01883,30744.7,-44.1,12.8,90.8,-52.7,0.9,-1.0,RS41-SG,404.901,7.2,-500,8,2.5,,
2026-10-10T00:48:57.003Z,Y1153022,8097,45.51810,9.02090,30256.7,-44.1,15.0,56.9,-53.2,0.9,-1.0,RS41-SG,404.901,7.5,-500,8,2.5,,
2026-10-10T00:48:58.003Z,Y1153022,8098,45.51818,9.02105,30213.4,-41.6,14.0,51.3,-53.2,0.9,-1.0,RS41-SG,404.901,7.9,-500,8,2.5,,
2026-10-10T00:49:03.003Z,Y1153022,8103,45.51851,9.02161,29997.8,-40.8,9.7,50.6,-53.8,0.9,-1.0,RS41-SG,404.901,7.8,-500,8,2.6,,
2026-10-10T00:49:09.003Z,Y1153022,8109,45.51886,9.02219,29757.1,-40.6,8.9,53.3,-54.4,1.0,-1.0,RS41-SG,404.901,7.7,-500,8,2.5,08:28:45,
2026-10-10T00:49:11.003Z,Y1153022,8111,45.51895,9.02234,29675.7,-41.4,6.5,51.9,-54.5,1.0,-1.0,RS41-SG,404.901,7.8,-500,8,2.6,08:28:45,
2026-10-10T00:49:13.003Z,Y1153022,8113,45.51902,9.02243,29592.4,-43.3,3.9,37.0,-54.3,1.0,-1.0,RS41-SG,404.901,7.5,-500,8,2.5,08:28:45,
2026-10-10T00:49:15.003Z,Y1153022,8115,45.51907,9.02246,29503.3,-46.1,1.9,346.4,-54.2,1.0,-1.0,RS41-SG,404.901,7.8,-500,7,2.5,08:28:45,
2026-10-10T00:49:19.003Z,Y1153022,8119,45.51911,9.02238,29327.1,-40.3,2.0,293.6,-53.7,0.9,-1.0,RS41-SG,404.901,7.8,-500,8,2.6,08:28:45,
2026-10-10T00:49:20.003Z,Y1153022,8120,45.51912,9.02236,29285.9,-42.5,2.1,278.8,-53.5,0.9,-1.0,RS41-SG,404.901,7.8,-500,8,2.5,08:28:45,
2026-10-10T00:49:21.003Z,Y1153022,8121,45.51912,9.02234,29243.1,-43.7,1.1,271.2,-53.1,0.8,-1.0,RS41-SG,404.901,8.0,-500,7,2.5,08:28:45,
2026-10-10T00:49:24.003Z,Y1153022,8124,45.51912,9.02233,29105.3,-49.0,1.1,93.6,-52.1,0.8,-1.0,RS41-SG,404.901,7.7,-500,7,2.5,08:28:45,
2026-10-10T00:49:25.003Z,Y1153022,8125,45.51912,9.02234,29056.2,-49.3,1.3,104.3,-51.7,0.7,-1.0,RS41-SG,404.901,7.7,-500,7,2.5,08:28:45,
2026-10-10T00:49:26.003Z,Y1153022,8126,45.51912,9.02237,29008.9,-45.1,3.1,104.3,-51.4,0.7,-1.0,RS41-SG,404.901,8.7,-500,8,2.6,08:28:45,
2026-10-10T00:49:27.003Z,Y1153022,8127,45.51911,9.02242,28965.6,-41.9,4.4,108.1,-51.3,0.7,-1.0,RS41-SG,404.901,8.7,-500,8,2.6,08:28:45,
2026-10-10T00:49:28.003Z,Y1153022,8128,45.51909,9.02248,28924.0,-41.9,4.6,108.0,-51.2,0.7,-1.0,RS41-SG,404.901,7.9,-500,7,2.5,08:28:45,
2026-10-10T00:49:29.003Z,Y1153022,8129,45.51908,9.02254,28882.2,-42.8,5.7,108.4,-51.4,0.7,-1.0,RS41-SG,404.901,8.2,-500,7,2.5,08:28:45,
2026-10-10T00:49:30.003Z,Y1153022,8130,45.51907,9.02260,28838.4,-44.8,5.0,100.9,-51.7,0.7,-1.0,RS41-SG,404.901,8.2,-500,8,2.5,08:28:45,
2026-10-10T00:49:32.003Z,Y1153022,8132,45.51905,9.02275,28751.5,-43.6,6.8,96.4,-52.2,0.8,-1.0,RS41-SG,404.901,7.6,-500,7,2.5,08:28:45,
2026-10-10T00:49:33.003Z,Y1153022,8133,45.51905,9.02284,28708.3,-43.8,7.0,89.1,-52.3,0.8,-1.0,RS41-SG,404.901,7.7,-500,8,2.5,08:28:45,
2026-10-10T00:49:34.003Z,Y1153022,8134,45.51905,9.02294,28664.1,-44.6,8.4,88.6,-52.3,0.8,-1.0,RS41-SG,404.901,7.7,-500,7,2.6,08:28:45,
2026-10-10T00:49:37.003Z,Y1153022,8137,45.51909,9.02326,28533.0,-42.7,8.8,74.5,-52.4,0.8,-1.0,RS41-SG,404.901,8.0,-500,8,2.5,08:28:45,
2026-10-10T00:49:38.003Z,Y1153022,8138,45.51911,9.02338,28491.2,-42.7,9.7,78.4,-52.6,0.8,-1.0,RS41-SG,404.901,8.3,-500,7,2.5,08:28:45,
2026-10-10T00:49:44.003Z,Y1153022,8144,45.51930,9.02410,28242.6,-40.9,10.8,59.3,-54.5,1.0,-1.0,RS41,404.901,7.7,-500,8,2.5,08:28:45,
2026-10-10T00:49:45.003Z,Y1153022,8145,45.51935,9.02422,28200.9,-41.7,10.7,54.3,-54.8,1.0,-1.0,RS41,404.901,7.8,-500,8,2.5,08:28:45,
2026-10-10T00:49:46.003Z,Y1153022,8146,45.51941,9.02432,28160.1,-40.4,9.7,51.7,-55.2,1.1,-1.0,RS41,404.901,7.8,-500,8,2.5,08:28:45,
2026-10-10T00:49:52.003Z,Y1153022,8152,45.51955,9.02485,27924.3,-41.7,6.5,87.6,-54.8,1.0,-1.0,RS41,404.901,7.1,-500,8,2.5,08:28:45,
