timestamp,serial,frame,lat,lon,alt,vel_v,vel_h,heading,temp,humidity,pressure,type,freq_mhz,snr,f_error_hz,sats,batt_v,burst_timer,aux_data
2026-10-08T00:34:32.988Z,W4120186,7206,47.10988,7.53338,28969.6,5.5,5.8,81.8,-273.0,-1.0,-1.0,RS41,403.500,6.9,250,12,2.5,,
2026-10-08T00:34:42.988Z,W4120186,7216,47.11017,7.53430,29027.6,6.0,11.3,62.4,-273.0,-1.0,-1.0,RS41,403.500,7.3,250,12,2.6,,
2026-10-08T00:34:43.988Z,W4120186,7217,47.11022,7.53443,29034.1,6.9,10.4,57.5,-273.0,-1.0,-1.0,RS41,403.500,7.3,250,12,2.6,,
2026-10-08T00:34:57.988Z,W4120186,7231,47.11087,7.53597,29119.0,5.2,11.0,68.2,-273.0,-1.0,-1.0,RS41,403.500,7.0,250,12,2.5,,
2026-10-08T00:35:07.988Z,W4120186,7241,47.11123,7.53727,29179.9,6.4,11.1,79.1,-273.0,-1.0,-1.0,RS41,403.500,7.5,250,11,2.5,,
2026-10-08T00:35:08.988Z,W4120186,7242,47.11125,7.53740,29186.6,7.1,9.3,74.4,-273.0,-1.0,-1.0,RS41,403.500,7.5,250,12,2.5,,
2026-10-08T00:35:18.988Z,W4120186,7252,47.11150,7.53832,29248.4,5.7,11.2,63.0,-273.0,-1.0,-1.0,RS41,403.500,7.3,250,12,2.5,,
2026-10-08T00:39:46.988Z,W4120186,7520,47.11463,7.57067,30910.7,6.0,12.4,66.7,-273.0,-1.0,-1.0,RS41,403.500,6.5,250,12,2.5,,
2026-10-08T00:39:54.988Z,W4120186,7528,47.11499,7.57194,30960.8,6.2,12.5,59.6,-273.0,-1.0,-1.0,RS41,403.500,7.3,250,11,2.6,,
2026-10-08T00:39:55.988Z,W4120186,7529,47.11505,7.57207,30966.6,5.2,12.2,53.6,-273.0,-1.0,-1.0,RS41,403.500,7.3,250,11,2.6,,
2026-10-08T00:40:16.988Z,W4120186,7550,47.11616,7.57533,31093.8,4.8,17.7,60.5,-273.0,-1.0,-1.0,RS41,403.500,7.3,250,11,2.5,,
2026-10-08T00:40:33.988Z,W4120186,7567,47.11707,7.57849,31202.8,6.0,19.6,63.6,-273.0,-1.0,-1.0,RS41,403.500,6.9,250,11,2.5,,
2026-10-08T00:40:36.988Z,W4120186,7570,47.11726,7.57914,31222.9,7.7,16.3,74.6,-273.0,-1.0,-1.0,RS41,403.500,6.9,250,10,2.5,,
2026-10-08T00:42:35.988Z,W4120186,7689,47.11539,7.60047,32000.7,6.9,15.4,92.1,-273.0,-1.0,-1.0,RS41,403.500,6.6,250,9,2.6,,
2026-10-08T00:43:10.988Z,W4120186,7724,47.11458,7.60671,32204.6,5.8,13.9,101.7,-273.0,-1.0,-1.0,RS41,403.500,7.4,250,9,2.6,,
2026-10-08T00:43:20.988Z,W4120186,7734,47.11424,7.60842,32260.0,6.4,16.0,105.4,-273.0,-1.0,-1.0,RS41,403.500,6.9,250,9,2.5,,
2026-10-08T00:43:31.988Z,W4120186,7745,47.11371,7.60998,32322.7,5.6,14.2,90.6,-273.0,-1.0,-1.0,RS41,403.500,7.2,250,9,2.5,,
2026-10-08T00:43:32.988Z,W4120186,7746,47.11371,7.61016,32328.3,5.6,13.3,84.6,-273.0,-1.0,-1.0,RS41,403.500,7.3,250,9,2.5,,
2026-10-08T00:43:41.988Z,W4120186,7755,47.11340,7.61138,32379.1,5.9,14.1,109.1,-273.0,-1.0,-1.0,RS41,403.500,7.9,250,9,2.5,,
2026-10-08T00:43:42.988Z,W4120186,7756,47.11337,7.61155,32384.8,5.4,13.5,101.0,-273.0,-1.0,-1.0,RS41,403.500,7.9,250,9,2.5,,
2026-10-08T00:43:43.988Z,W4120186,7757,47.11335,7.61172,32389.8,4.9,12.5,94.1,-273.0,-1.0,-1.0,RS41,403.500,7.8,250,9,2.5,,
2026-10-08T00:43:46.988Z,W4120186,7760,47.11333,7.61216,32405.4,5.6,10.3,98.3,-273.0,-1.0,-1.0,RS41,403.500,6.9,250,9,2.5,,
2026-10-08T00:43:49.988Z,W4120186,7763,47.11323,7.61261,32422.5,5.7,14.6,111.5,-273.0,-1.0,-1.0,RS41,403.500,6.8,250,9,2.5,,
2026-10-08T00:43:50.988Z,W4120186,7764,47.11319,7.61280,32428.2,5.8,16.1,109.0,-273.0,-1.0,-1.0,RS41,403.500,7.4,250,9,2.6,,
2026-10-08T00:43:51.988Z,W4120186,7765,47.11315,7.61300,32433.9,5.9,16.9,104.7,-273.0,-1.0,-1.0,RS41,403.500,7.7,250,9,2.6,,
2026-10-08T00:43:52.988Z,W4120186,7766,47.11311,7.61322,32439.8,6.1,16.8,99.5,-273.0,-1.0,-1.0,RS41,403.500,7.7,250,9,2.5,,
2026-10-08T00:43:53.988Z,W4120186,7767,47.11309,7.61343,32445.6,5.5,16.0,95.1,-273.0,-1.0,-1.0,RS41,403.500,8.0,250,9,2.5,,
2026-10-08T00:43:54.988Z,W4120186,7768,47.11309,7.61363,32451.1,5.3,14.6,92.0,-273.0,-1.0,-1.0,RS41,403.500,8.4,250,9,2.5,,
2026-10-08T00:43:55.988Z,W4120186,7769,47.11308,7.61381,32456.4,5.3,13.1,91.1,-273.0,-1.0,-1.0,RS41,403.500,8.4,250,9,2.5,,
2026-10-08T00:43:57.988Z,W4120186,7771,47.11307,7.61413,32466.9,4.9,11.7,98.1,-273.0,-1.0,-1.0,RS41,403.500,6.9,250,9,2.6,,
2026-10-08T00:44:01.988Z,W4120186,7775,47.11298,7.61484,32490.4,5.7,16.3,94.8,-273.0,-1.0,-1.0,RS41,403.500,8.5,250,9,2.5,,
2026-10-08T00:44:02.988Z,W4120186,7776,47.11298,7.61506,32495.9,5.3,17.1,90.0,-273.0,-1.0,-1.0,RS41,403.500,8.5,250,9,2.6,,
2026-10-08T00:44:03.988Z,W4120186,7777,47.11298,7.61528,32501.2,5.4,17.0,85.9,-273.0,-1.0,-1.0,RS41,403.500,7.9,250,9,2.6,,
2026-10-08T00:44:04.988Z,W4120186,7778,47.11300,7.61550,32506.9,5.9,16.0,83.5,-273.0,-1.0,-1.0,RS41,403.500,8.2,250,9,2.5,,
2026-10-08T00:44:05.988Z,W4120186,7779,47.11301,7.61570,32512.8,5.8,14.5,83.0,-273.0,-1.0,-1.0,RS41,403.500,8.2,250,9,2.5,,
2026-10-08T00:44:10.988Z,W4120186,7784,47.11295,7.61656,32541.3,5.7,15.5,105.2,-273.0,-1.0,-1.0,RS41,403.500,6.7,250,9,2.5,,
2026-10-08T00:44:14.988Z,W4120186,7788,47.11289,7.61744,32563.7,5.0,16.5,85.3,-273.0,-1.0,-1.0,RS41,403.500,6.8,250,9,2.6,,
2026-10-08T00:44:16.988Z,W4120186,7790,47.11292,7.61783,32574.4,5.9,13.5,81.7,-273.0,-1.0,-1.0,RS41,403.500,6.9,250,9,2.5,,
2026-10-08T00:44:22.988Z,W4120186,7796,47.11284,7.61888,32608.7,5.6,16.9,99.8,-273.0,-1.0,-1.0,RS41,403.500,7.0,250,9,2.5,,
2026-10-08T00:44:24.988Z,W4120186,7798,47.11281,7.61932,32619.9,5.8,16.5,93.6,-273.0,-1.0,-1.0,RS41,403.500,6.4,250,9,2.5,,
2026-10-08T00:44:36.988Z,W4120186,7810,47.11262,7.62160,32689.2,6.6,14.8,85.4,-273.0,-1.0,-1.0,RS41,403.500,6.8,250,9,2.6,,
2026-10-08T00:44:45.988Z,W4120186,7819,47.11243,7.62314,32741.6,5.8,16.6,92.1,-273.0,-1.0,-1.0,RS41,403.500,7.5,250,9,2.5,,
2026-10-08T00:44:55.988Z,W4120186,7829,47.11219,7.62498,32800.8,6.3,17.0,103.9,-273.0,-1.0,-1.0,RS41,403.500,6.8,250,9,2.5,,
2026-10-08T00:44:56.988Z,W4120186,7830,47.11217,7.62520,32806.9,6.0,16.2,96.1,-273.0,-1.0,-1.0,RS41,403.500,7.4,250,9,2.5,,
2026-10-08T00:44:58.988Z,W4120186,7832,47.11217,7.62558,32818.2,5.4,13.2,83.9,-273.0,-1.0,-1.0,RS41,403.500,7.1,250,9,2.5,,
2026-10-08T00:45:07.988Z,W4120186,7841,47.11189,7.62701,32873.6,5.8,18.1,100.6,-273.0,-1.0,-1.0,RS41,403.500,6.9,250,9,2.5,,
2026-10-08T00:45:08.988Z,W4120186,7842,47.11187,7.62724,32879.3,5.7,17.5,94.0,-273.0,-1.0,-1.0,RS41,403.500,7.0,250,9,2.5,,
2026-10-08T00:45:09.988Z,W4120186,7843,47.11187,7.62746,32885.4,6.4,15.5,89.1,-273.0,-1.0,-1.0,RS41,403.500,7.0,250,9,2.5,,
2026-10-08T00:45:18.988Z,W4120186,7852,47.11162,7.62865,32941.0,5.1,15.3,103.8,-273.0,-1.0,-1.0,RS41,403.500,6.6,250,9,2.5,,
2026-10-08T00:45:19.988Z,W4120186,7853,47.11159,7.62885,32946.1,5.1,15.9,98.8,-273.0,-1.0,-1.0,RS41,403.500,7.9,250,9,2.5,,
2026-10-08T00:45:20.988Z,W4120186,7854,47.11157,7.62906,32951.8,6.4,15.3,95.6,-273.0,-1.0,-1.0,RS41,403.500,8.8,250,9,2.5,,
2026-10-08T00:45:21.988Z,W4120186,7855,47.11156,7.62924,32958.8,7.5,13.5,95.1,-273.0,-1.0,-1.0,RS41,403.500,8.8,250,9,2.5,,
2026-10-08T00:45:22.988Z,W4120186,7856,47.11155,7.62941,32966.1,7.3,11.4,96.0,-273.0,-1.0,-1.0,RS41,403.500,8.8,250,9,2.6,,
2026-10-08T00:45:23.988Z,W4120186,7857,47.11154,7.62954,32972.5,5.4,9.5,96.3,-273.0,-1.0,-1.0,RS41,403.500,9.0,250,9,2.6,,
2026-10-08T00:45:24.988Z,W4120186,7858,47.11153,7.62965,32977.7,5.0,7.9,95.9,-273.0,-1.0,-1.0,RS41,403.500,9.0,250,9,2.5,,
2026-10-08T00:45:25.988Z,W4120186,7859,47.11153,7.62975,32983.1,5.7,7.3,93.2,-273.0,-1.0,-1.0,RS41,403.500,8.5,250,9,2.5,,
2026-10-08T00:45:26.988Z,W4120186,7860,47.11152,7.62985,32989.7,7.4,7.9,89.9,-49.8,-1.0,-1.0,RS41,403.500,7.9,250,9,2.5,,
2026-10-08T00:45:29.988Z,W4120186,7863,47.11152,7.63026,33010.2,5.6,13.1,96.0,-49.7,-1.0,-1.0,RS41,403.500,7.5,250,9,2.6,,
2026-10-08T00:45:30.988Z,W4120186,7864,47.11150,7.63044,33015.8,5.8,14.6,101.8,-49.6,-1.0,-1.0,RS41,403.500,7.5,250,9,2.5,,
2026-10-08T00:45:31.988Z,W4120186,7865,47.11146,7.63063,33022.1,6.6,15.5,107.8,-49.6,-1.0,-1.0,RS41,403.500,7.1,250,9,2.5,,
2026-10-08T00:45:32.988Z,W4120186,7866,47.11141,7.63083,33028.7,6.5,15.7,112.6,-49.5,-1.0,-1.0,RS41,403.500,7.8,250,9,2.5,,
2026-10-08T00:45:33.988Z,W4120186,7867,47.11136,7.63101,33035.2,6.4,15.2,114.3,-49.4,-1.0,-1.0,RS41,403.500,7.8,250,8,2.5,,
2026-10-08T00:45:37.988Z,W4120186,7871,47.11126,7.63169,33062.7,6.1,12.3,79.1,-49.0,-1.0,-1.0,RS41,403.500,7.1,250,8,2.5,,
2026-10-08T00:45:38.988Z,W4120186,7872,47.11129,7.63184,33068.1,4.7,12.2,69.5,-48.9,-1.0,-1.0,RS41,403.500,7.1,250,8,2.5,,
2026-10-08T00:45:45.988Z,W4120186,7879,47.11146,7.63266,33111.4,7.0,11.3,94.5,-48.8,-1.0,-1.0,RS41,403.500,7.7,250,8,2.6,,
2026-10-08T00:45:46.988Z,W4120186,7880,47.11146,7.63283,33118.5,7.2,13.9,92.5,-48.8,-1.0,-1.0,RS41,403.500,8.4,250,8,2.6,,
2026-10-08T00:45:47.988Z,W4120186,7881,47.11145,7.63303,33125.0,5.8,15.9,89.7,-48.8,-1.0,-1.0,RS41,403.500,8.4,250,8,2.5,,
2026-10-08T00:45:48.988Z,W4120186,7882,47.11146,7.63324,33130.5,5.4,17.1,86.9,-48.8,-1.0,-1.0,RS41,403.500,8.2,250,8,2.5,,
2026-10-08T00:45:49.988Z,W4120186,7883,47.11147,7.63347,33136.3,6.1,17.3,85.0,-48.7,-1.0,-1.0,RS41,403.500,8.2,250,8,2.5,,
2026-10-08T00:45:50.988Z,W4120186,7884,47.11149,7.63368,33143.0,7.4,16.1,83.1,-48.7,-1.0,-1.0,RS41,403.500,8.1,250,8,2.5,,
2026-10-08T00:45:51.988Z,W4120186,7885,47.11150,7.63388,33150.6,7.8,14.1,82.7,-48.7,-1.0,-1.0,RS41,403.500,7.9,250,8,2.6,,
2026-10-08T00:45:52.988Z,W4120186,7886,47.11152,7.63405,33157.7,6.2,12.4,82.2,-48.6,-1.0,-1.0,RS41,403.500,8.1,250,8,2.6,,
2026-10-08T00:45:53.988Z,W4120186,7887,47.11153,7.63420,33163.6,5.6,10.9,79.4,-48.5,-1.0,-1.0,RS41,403.500,8.1,250,8,2.5,,
2026-10-08T00:45:54.988Z,W4120186,7888,47.11155,7.63434,33169.3,6.0,10.2,74.8,-48.5,-1.0,-1.0,RS41,403.500,7.9,250,8,2.5,,
2026-10-08T00:45:55.988Z,W4120186,7889,47.11158,7.63447,33176.0,7.0,10.4,69.3,-48.5,-1.0,-1.0,RS41-SG,403.500,7.9,250,8,2.5,,
2026-10-08T00:45:56.988Z,W4120186,7890,47.11162,7.63460,33183.2,7.2,11.4,65.3,-48.4,-1.0,-1.0,RS41-SG,403.500,7.9,250,8,2.5,,
2026-10-08T00:45:58.988Z,W4120186,7892,47.11171,7.63490,33196.3,6.3,13.3,69.3,-48.4,-1.0,-1.0,RS41-SG,403.500,7.2,250,8,2.6,,
2026-10-08T00:45:59.988Z,W4120186,7893,47.11174,7.63507,33202.8,6.6,13.8,76.3,-48.3,-1.0,-1.0,RS41-SG,403.500,7.0,250,8,2.5,,
2026-10-08T00:46:00.988Z,W4120186,7894,47.11176,7.63524,33209.7,7.1,13.9,84.9,-48.3,-1.0,-1.0,RS41-SG,403.500,7.1,250,8,2.5,,
2026-10-08T00:46:01.988Z,W4120186,7895,47.11177,7.63543,33216.5,6.5,13.9,92.7,-48.3,-1.0,-1.0,RS41-SG,403.500,7.7,250,8,2.5,,
2026-10-08T00:46:02.988Z,W4120186,7896,47.11175,7.63561,33222.5,5.3,14.0,97.7,-48.2,-1.0,-1.0,RS41-SG,403.500,8.5,250,8,2.6,,
2026-10-08T00:46:03.988Z,W4120186,7897,47.11173,7.63579,33228.2,6.1,14.2,99.7,-48.2,-1.0,-1.0,RS41-SG,403.500,8.5,250,8,2.6,,
2026-10-08T00:46:05.988Z,W4120186,7899,47.11171,7.63616,33241.6,7.3,14.4,89.2,-48.2,-1.0,-1.0,RS41-SG,403.500,7.9,250,8,2.5,,
2026-10-08T00:46:06.988Z,W4120186,7900,47.11172,7.63635,33248.8,6.9,14.7,80.5,-48.1,-1.0,-1.0,RS41-SG,403.500,8.3,250,8,2.5,,
2026-10-08T00:46:07.988Z,W4120186,7901,47.11175,7.63654,33255.1,5.9,15.1,74.3,-48.0,-1.0,-1.0,RS41-SG,403.500,8.4,250,8,2.5,,
2026-10-08T00:46:08.988Z,W4120186,7902,47.11179,7.63673,33260.8,5.5,15.1,70.4,-48.0,-1.0,-1.0,RS41-SG,403.500,8.4,250,8,2.6,,
2026-10-08T00:46:11.988Z,W4120186,7905,47.11190,7.63725,33279.4,6.8,12.4,82.8,-47.8,-1.0,-1.0,RS41-SG,403.500,8.1,250,8,2.5,,
2026-10-08T00:46:12.988Z,W4120186,7906,47.11190,7.63741,33286.1,6.5,12.1,93.0,-47.7,-1.0,-1.0,RS41-SG,403.500,8.1,250,8,2.5,,
2026-10-08T00:46:13.988Z,W4120186,7907,47.11189,7.63757,33292.3,5.7,12.7,100.7,-47.6,-1.0,-1.0,RS41-SG,403.500,7.6,250,8,2.5,,
2026-10-08T00:46:14.988Z,W4120186,7908,47.11186,7.63774,33297.9,5.7,14.1,104.1,-47.6,-1.0,-1.0,RS41-SG,403.500,6.9,250,8,2.6,,
2026-10-08T00:46:15.988Z,W4120186,7909,47.11183,7.63793,33304.0,6.3,15.8,101.1,-47.5,-1.0,-1.0,RS41-SG,403.500,7.2,250,8,2.6,,
2026-10-08T00:46:16.988Z,W4120186,7910,47.11181,7.63815,33310.7,7.1,17.5,95.0,-47.5,-1.0,-1.0,RS41-SG,403.500,8.0,250,8,2.5,,
2026-10-08T00:46:17.988Z,W4120186,7911,47.11181,7.63839,33317.6,6.8,18.9,87.6,-47.5,-1.0,-1.0,RS41-SG,403.500,8.0,250,8,2.5,,
2026-10-08T00:46:18.988Z,W4120186,7912,47.11182,7.63864,33323.8,5.5,19.6,81.8,-47.5,-1.0,-1.0,RS41-SG,403.500,8.0,250,8,2.5,,
2026-10-08T00:46:19.988Z,W4120186,7913,47.11186,7.63889,33329.4,5.4,19.4,76.8,-47.5,-1.0,-1.0,RS41-SG,403.500,8.0,250,8,2.6,,
2026-10-08T00:46:20.988Z,W4120186,7914,47.11190,7.63912,33335.3,6.3,18.1,72.8,-47.5,-1.0,-1.0,RS41-SG,403.500,8.0,250,8,2.6,,
2026-10-08T00:46:21.988Z,W4120186,7915,47.11194,7.63934,33342.1,7.4,15.7,72.6,-47.6,-1.0,-1.0,RS41-SG,403.500,8.4,250,8,2.5,,
2026-10-08T00:46:25.988Z,W4120186,7919,47.11200,7.63997,33366.5,6.5,12.2,98.0,-47.7,-1.0,-1.0,RS41-SG,403.500,7.1,250,8,2.6,,
2026-10-08T00:46:37.988Z,W4120186,7931,47.11182,7.64288,33441.1,6.8,18.2,90.4,-47.5,-1.0,-1.0,RS41-SG,403.500,7.5,250,8,2.6,,
2026-10-08T00:46:38.988Z,W4120186,7932,47.11181,7.64312,33447.5,6.0,18.4,90.8,-47.5,-1.0,-1.0,RS41-SG,403.500,7.5,250,8,2.6,,
2026-10-08T00:47:34.988Z,W4120186,7988,47.10952,7.65661,33780.7,6.0,17.4,87.2,-46.8,-1.0,-1.0,RS41-SG,403.500,6.8,250,8,2.6,,
2026-10-08T00:47:35.988Z,W4120186,7989,47.10952,7.65683,33786.6,5.8,16.5,92.1,-46.8,-1.0,-1.0,RS41-SG,403.500,7.4,250,8,2.6,,
2026-10-08T00:48:11.988Z,W4120186,8025,47.10886,7.66417,33998.1,5.5,18.9,120.2,-45.6,-1.0,-1.0,RS41-SG,403.500,7.1,250,8,2.5,,
2026-10-08T00:48:14.988Z,W4120186,8028,47.10860,7.66473,34016.2,6.7,14.4,123.4,-45.7,-1.0,-1.0,RS41-SG,403.500,7.1,250,8,2.6,,
2026-10-08T00:48:19.988Z,W4120186,8033,47.10850,7.66555,34044.8,6.2,16.3,88.9,-45.7,-1.0,-1.0,RS41-SG,403.500,7.3,250,8,2.6,,
2026-10-08T00:48:20.988Z,W4120186,8034,47.10850,7.66578,34051.1,6.5,18.3,96.1,-45.7,-1.0,-1.0,RS41-SG,403.500,7.6,250,8,2.6,,
2026-10-08T00:48:21.988Z,W4120186,8035,47.10847,7.66602,34057.4,6.1,19.7,104.5,-45.7,-1.0,-1.0,RS41-SG,403.500,7.6,250,8,2.5,,
2026-10-08T00:48:24.988Z,W4120186,8038,47.10822,7.66672,34074.7,6.0,19.2,130.2,-45.7,-1.0,-1.0,RS41-SG,403.500,7.2,250,8,2.5,,
2026-10-08T00:48:36.988Z,W4120186,8050,47.10740,7.66861,34148.1,6.1,23.4,112.3,-45.8,-1.0,-1.0,RS41-SG,403.500,8.4,250,8,2.6,,
2026-10-08T00:48:37.988Z,W4120186,8051,47.10733,7.66889,34155.2,8.1,22.4,108.9,-45.8,-1.0,-1.0,RS41-SG,403.500,8.4,250,8,2.6,,
2026-10-08T00:48:38.988Z,W4120186,8052,47.10727,7.66916,34163.1,7.8,20.4,106.2,-45.8,-1.0,-1.0,RS41-SG,403.500,8.1,250,8,2.5,,
2026-10-08T00:48:39.988Z,W4120186,8053,47.10722,7.66940,34170.3,6.5,17.6,104.1,-45.8,-1.0,-1.0,RS41-SG,403.500,7.9,250,8,2.5,,
2026-10-08T00:48:40.988Z,W4120186,8054,47.10719,7.66960,34176.6,5.8,14.3,104.3,-45.7,-1.0,-1.0,RS41-SG,403.500,7.3,250,8,2.5,,
2026-10-08T00:48:41.988Z,W4120186,8055,47.10716,7.66976,34182.3,5.5,11.2,108.6,-45.7,-1.0,-1.0,RS41-SG,403.500,7.9,250,8,2.6,,
2026-10-08T00:48:43.988Z,W4120186,8057,47.10708,7.66998,34194.2,6.0,8.5,130.2,-45.6,-1.0,-1.0,RS41-SG,403.500,7.9,250,8,2.5,,
2026-10-08T00:48:49.988Z,W4120186,8063,47.10682,7.67093,34234.7,4.3,20.4,95.7,-45.2,-1.0,-1.0,RS41-SG,403.500,7.9,250,8,2.5,,
2026-10-08T00:48:50.988Z,W4120186,8064,47.10680,7.67121,34239.5,5.0,22.0,95.1,-45.2,-1.0,-1.0,RS41-SG,403.500,8.1,250,8,2.5,,
2026-10-08T00:48:51.988Z,W4120186,8065,47.10678,7.67149,34245.3,6.6,22.0,97.3,-45.2,-1.0,-1.0,RS41-SG,403.500,8.6,250,8,2.5,,
2026-10-08T00:48:52.988Z,W4120186,8066,47.10674,7.67177,34252.4,7.8,20.8,102.6,-45.2,-1.0,-1.0,RS41-SG,403.500,8.7,250,8,2.5,,
2026-10-08T00:48:53.988Z,W4120186,8067,47.10670,7.67202,34260.2,7.6,19.1,109.7,-45.2,-1.0,-1.0,RS41-SG,403.500,8.7,250,8,2.6,,
2026-10-08T00:48:54.988Z,W4120186,8068,47.10663,7.67224,34267.1,6.2,17.6,117.0,-45.2,-1.0,-1.0,RS41-SG,403.500,8.4,250,8,2.6,,
2026-10-08T00:48:55.988Z,W4120186,8069,47.10656,7.67243,34272.8,5.1,16.2,122.7,-45.2,-1.0,-1.0,RS41-SG,403.500,7.8,250,8,2.5,,
2026-10-08T00:48:56.988Z,W4120186,8070,47.10648,7.67260,34278.1,5.5,14.8,126.1,-45.2,-1.0,-1.0,RS41-SG,403.500,7.8,250,8,2.5,,
2026-10-08T00:48:59.988Z,W4120186,8073,47.10632,7.67306,34299.3,7.3,13.0,102.6,-45.3,-1.0,-1.0,RS41-SG,403.500,6.7,250,8,2.6,,
2026-10-08T00:49:01.988Z,W4120186,8075,47.10629,7.67343,34312.0,6.1,15.9,91.5,-45.4,-1.0,-1.0,RS41-SG,403.500,6.9,250,8,2.5,,
2026-10-08T00:49:03.988Z,W4120186,8077,47.10627,7.67389,34326.2,8.2,18.3,98.2,-45.5,-1.0,-1.0,RS41-SG,403.500,6.6,250,8,2.5,,
2026-10-08T00:49:04.988Z,W4120186,8078,47.10624,7.67413,34333.8,7.0,18.7,103.8,-45.5,0.6,-1.0,RS41-SG,403.500,7.5,250,8,2.6,,
2026-10-08T00:49:05.988Z,W4120186,8079,47.10619,7.67436,34340.2,5.8,18.8,109.1,-45.5,0.6,-1.0,RS41-SG,403.500,7.7,250,8,2.6,,
2026-10-08T00:49:07.988Z,W4120186,8081,47.10606,7.67481,34352.7,6.8,18.3,115.8,-45.6,0.6,-1.0,RS41-SG,403.500,7.5,250,8,2.5,,
2026-10-08T00:49:08.988Z,W4120186,8082,47.10599,7.67502,34359.7,7.2,17.4,115.2,-45.6,0.6,-1.0,RS41-SG,403.500,7.5,250,8,2.5,,
2026-10-08T00:49:09.988Z,W4120186,8083,47.10593,7.67522,34366.9,7.2,16.5,113.7,-45.6,0.6,-1.0,RS41-SG,403.500,7.8,250,8,2.6,,
2026-10-08T00:49:10.988Z,W4120186,8084,47.10587,7.67541,34373.7,6.3,15.5,112.7,-45.6,0.6,-1.0,RS41-SG,403.500,8.6,250,8,2.6,,
2026-10-08T00:49:11.988Z,W4120186,8085,47.10582,7.67560,34379.7,6.0,14.6,112.6,-45.6,0.6,-1.0,RS41-SG,403.500,9.2,250,8,2.5,,
2026-10-08T00:49:12.988Z,W4120186,8086,47.10577,7.67577,34386.2,6.7,13.7,114.7,-45.5,0.6,-1.0,RS41-SG,403.500,9.2,250,8,2.5,,
2026-10-08T00:49:13.988Z,W4120186,8087,47.10572,7.67592,34393.2,7.1,13.3,118.1,-45.6,0.6,-1.0,RS41-SG,403.500,7.7,250,8,2.5,,
2026-10-08T00:49:14.988Z,W4120186,8088,47.10566,7.67607,34400.4,7.3,13.1,122.1,-45.6,0.6,-1.0,RS41-SG,403.500,8.4,250,8,2.5,,
2026-10-08T00:49:15.988Z,W4120186,8089,47.10559,7.67622,34407.2,6.6,13.2,123.4,-45.6,0.6,-1.0,RS41-SG,403.500,9.3,250,8,2.6,,
2026-10-08T00:49:16.988Z,W4120186,8090,47.10553,7.67637,34413.9,6.5,13.6,121.8,-45.6,0.6,-1.0,RS41-SG,403.500,9.3,250,8,2.6,,
2026-10-08T00:49:17.988Z,W4120186,8091,47.10547,7.67653,34420.7,7.1,14.2,116.6,-45.7,0.6,-1.0,RS41-SG,403.500,9.0,250,8,2.5,,
2026-10-08T00:49:18.988Z,W4120186,8092,47.10542,7.67670,34427.9,7.5,14.9,109.2,-45.7,0.6,-1.0,RS41-SG,403.500,7.8,250,8,2.5,,
2026-10-08T00:49:19.988Z,W4120186,8093,47.10538,7.67690,34435.3,7.4,15.9,102.7,-45.7,0.6,-1.0,RS41-SG,403.500,8.4,250,8,2.5,,
2026-10-08T00:49:20.988Z,W4120186,8094,47.10535,7.67710,34442.0,6.4,16.4,98.4,-45.7,0.6,-1.0,RS41-SG,403.500,9.0,250,8,2.5,,
2026-10-08T00:49:21.988Z,W4120186,8095,47.10533,7.67732,34448.7,6.9,16.3,97.8,-45.8,0.6,-1.0,RS41-SG,403.500,9.2,250,8,2.6,,
2026-10-08T00:49:22.988Z,W4120186,8096,47.10531,7.67752,34455.9,7.7,15.6,101.9,-45.8,0.6,-1.0,RS41-SG,403.500,9.2,250,8,2.6,,
2026-10-08T00:49:23.988Z,W4120186,8097,47.10527,7.67771,34463.8,7.9,14.3,110.0,-45.8,0.6,-1.0,RS41-SG,403.500,9.1,250,8,2.5,,
2026-10-08T00:49:24.988Z,W4120186,8098,47.10522,7.67787,34471.6,7.6,13.2,120.9,-45.9,0.6,-1.0,RS41-SG,403.500,8.3,250,8,2.5,,
2026-10-08T00:49:25.988Z,W4120186,8099,47.10515,7.67801,34478.3,6.1,12.8,130.9,-45.9,0.6,-1.0,RS41-SG,403.500,8.5,250,8,2.5,,
2026-10-08T00:49:26.988Z,W4120186,8100,47.10508,7.67813,34484.1,5.6,12.2,137.6,-45.9,0.6,-1.0,RS41-SG,403.500,8.5,250,8,2.6,,
2026-10-08T00:49:31.988Z,W4120186,8105,47.10482,7.67873,34519.4,5.7,12.5,95.9,-46.0,0.6,-1.0,RS41-SG,403.500,8.5,250,8,2.5,,
2026-10-08T00:49:34.988Z,W4120186,8108,47.10479,7.67928,34539.3,8.2,14.6,98.9,-46.0,0.6,-1.0,RS41-SG,403.500,7.5,250,8,2.5,,
2026-10-08T00:49:35.988Z,W4120186,8109,47.10476,7.67946,34547.4,7.8,14.0,107.3,-46.0,0.6,-1.0,RS41-SG,403.500,7.5,250,8,2.5,,
2026-10-08T00:49:36.988Z,W4120186,8110,47.10472,7.67963,34554.6,6.5,13.5,115.9,-46.0,0.6,-1.0,RS41-SG,403.500,8.3,250,8,2.5,,
2026-10-08T00:49:37.988Z,W4120186,8111,47.10466,7.67978,34560.8,5.8,12.9,123.3,-46.0,0.6,-1.0,RS41-SG,403.500,8.3,250,8,2.6,,
2026-10-08T00:49:38.988Z,W4120186,8112,47.10460,7.67991,34566.8,6.3,12.0,127.1,-46.0,0.6,-1.0,RS41-SG,403.500,7.7,250,8,2.6,,
2026-10-08T00:49:39.988Z,W4120186,8113,47.10454,7.68003,34573.7,7.2,10.7,126.2,-46.1,0.6,-1.0,RS41-SG,403.500,7.6,250,8,2.5,,
2026-10-08T00:49:44.988Z,W4120186,8118,47.10443,7.68059,34609.4,7.1,9.6,89.4,-46.0,0.6,-1.0,RS41-SG,403.500,6.9,250,8,2.6,,
2026-10-08T00:49:45.988Z,W4120186,8119,47.10443,7.68072,34616.7,7.5,10.0,92.3,-46.0,0.6,-1.0,RS41-SG,403.500,8.0,250,8,2.5,,
2026-10-08T00:49:46.988Z,W4120186,8120,47.10442,7.68085,34624.4,7.6,10.5,98.8,-46.0,0.6,-1.0,RS41-SG,403.500,8.0,250,8,2.5,,
2026-10-08T00:49:48.988Z,W4120186,8122,47.10438,7.68113,34638.1,6.0,11.4,105.7,-45.9,0.6,-1.0,RS41-SG,403.500,7.0,250,8,2.6,,
2026-10-08T00:49:49.988Z,W4120186,8123,47.10435,7.68128,34644.4,6.3,11.8,103.6,-45.8,0.6,-1.0,RS41-SG,403.500,8.2,250,8,2.6,,
2026-10-08T00:49:51.988Z,W4120186,8125,47.10432,7.68159,34657.9,7.3,12.9,91.5,-45.7,0.6,-1.0,RS41-SG,403.500,7.2,250,8,2.5,,
2026-10-08T00:49:52.988Z,W4120186,8126,47.10432,7.68177,34665.3,7.4,13.3,86.6,-45.7,0.6,-1.0,RS41-SG,403.500,7.5,250,8,2.5,,
2026-10-08T00:49:53.988Z,W4120186,8127,47.10433,7.68194,34672.5,6.6,13.5,83.9,-45.6,0.6,-1.0,RS41-SG,403.500,7.5,250,8,2.5,,
2026-10-08T00:49:57.988Z,W4120186,8131,47.10434,7.68256,34700.5,7.5,10.1,103.2,-45.3,0.5,-1.0,RS41-SG,403.500,7.7,250,8,2.5,,
2026-10-08T00:49:59.988Z,W4120186,8133,47.10428,7.68281,34713.9,6.5,10.2,112.3,-45.2,0.5,-1.0,RS41-SG,403.500,6.9,250,8,2.6,,
2026-10-08T00:50:00.988Z,W4120186,8134,47.10425,7.68294,34720.8,7.4,10.8,105.7,-45.2,0.6,-1.0,RS41-SG,403.500,6.9,250,8,2.6,,
2026-10-08T00:50:01.988Z,W4120186,8135,47.10423,7.68309,34728.6,8.3,11.9,94.7,-45.1,0.6,-1.0,RS41-SG,403.500,7.6,250,8,2.5,,
2026-10-08T00:50:04.988Z,W4120186,8138,47.10429,7.68363,34748.6,5.7,16.3,72.6,-45.1,0.6,-1.0,RS41-SG,403.500,6.9,250,8,2.5,,
2026-10-08T00:50:05.988Z,W4120186,8139,47.10434,7.68384,34754.9,6.9,16.7,72.3,-45.1,0.6,-1.0,RS41-SG,403.500,7.1,250,8,2.6,,
2026-10-08T00:50:06.988Z,W4120186,8140,47.10438,7.68404,34762.3,7.9,16.1,74.9,-45.0,0.5,-1.0,RS41-SG,403.500,7.1,250,8,2.6,,
2026-10-08T00:50:07.988Z,W4120186,8141,47.10441,7.68424,34769.8,7.2,15.0,79.6,-45.0,0.5,-1.0,RS41-SG,403.500,7.8,250,8,2.5,,
2026-10-08T00:50:10.988Z,W4120186,8144,47.10444,7.68478,34789.2,6.8,13.2,89.5,-44.9,0.6,-1.0,RS41,403.500,7.5,250,8,2.6,,
2026-10-08T00:50:11.988Z,W4120186,8145,47.10444,7.68496,34796.2,7.3,13.5,87.3,-44.8,0.6,-1.0,RS41,403.500,8.2,250,8,2.6,,
2026-10-08T00:50:13.988Z,W4120186,8147,47.10447,7.68534,34811.1,7.5,15.5,79.5,-44.8,0.6,-1.0,RS41,403.500,8.1,250,8,2.5,,
2026-10-08T00:50:17.988Z,W4120186,8151,47.10460,7.68622,34836.8,6.6,18.3,81.0,-44.7,0.5,-1.0,RS41,403.500,8.2,250,8,2.6,,
2026-10-08T00:50:18.988Z,W4120186,8152,47.10462,7.68646,34843.5,6.9,17.9,85.5,-44.7,0.5,-1.0,RS41,403.500,8.3,250,8,2.5,,
2026-10-08T00:50:19.988Z,W4120186,8153,47.10463,7.68669,34850.6,7.3,17.3,90.7,-44.6,0.6,-1.0,RS41,403.500,8.3,250,8,2.5,,
2026-10-08T00:50:20.988Z,W4120186,8154,47.10462,7.68691,34857.8,7.0,16.7,94.8,-44.6,0.5,-1.0,RS41,403.500,8.3,250,8,2.5,,
2026-10-08T00:50:21.988Z,W4120186,8155,47.10461,7.68713,34864.5,6.5,16.2,95.0,-44.5,0.6,-1.0,RS41,403.500,7.7,250,8,2.6,,
2026-10-08T00:50:22.988Z,W4120186,8156,47.10460,7.68734,34871.1,6.8,15.8,90.6,-44.5,0.6,-1.0,RS41,403.500,8.9,250,8,2.6,,
2026-10-08T00:50:23.988Z,W4120186,8157,47.10461,7.68755,34878.2,7.0,16.0,82.5,-44.5,0.5,-1.0,RS41,403.500,8.9,250,8,2.5,,
2026-10-08T00:50:24.988Z,W4120186,8158,47.10464,7.68775,34884.9,6.8,16.8,72.5,-44.5,0.6,-1.0,RS41,403.500,7.9,250,8,2.5,,
2026-10-08T00:50:25.988Z,W4120186,8159,47.10470,7.68797,34891.5,6.2,18.3,64.4,-44.5,0.5,-1.0,RS41,403.500,8.5,250,8,2.5,,
2026-10-08T00:50:26.988Z,W4120186,8160,47.10478,7.68819,34897.5,5.5,19.6,60.0,-44.5,0.6,-1.0,RS41,403.500,8.5,250,8,2.5,,
2026-10-08T00:50:27.988Z,W4120186,8161,47.10487,7.68841,34903.3,5.9,20.5,58.9,-44.4,0.6,-1.0,RS41,403.500,7.5,250,8,2.6,,
2026-10-08T00:50:28.988Z,W4120186,8162,47.10496,7.68865,34909.8,7.1,20.5,62.0,-44.4,0.6,-1.0,RS41,403.500,7.5,250,8,2.6,,
2026-10-08T00:50:29.988Z,W4120186,8163,47.10503,7.68888,34917.2,7.6,19.7,68.8,-44.5,0.5,-1.0,RS41,403.500,8.9,250,8,2.5,,
2026-10-08T00:50:31.988Z,W4120186,8165,47.10511,7.68936,34931.2,6.0,18.1,87.2,-44.4,0.5,-1.0,RS41,403.500,8.1,250,8,2.5,,
2026-10-08T00:50:32.988Z,W4120186,8166,47.10510,7.68960,34937.0,5.5,17.7,95.4,-44.5,0.5,-1.0,RS41,403.500,9.6,250,8,2.6,,
2026-10-08T00:50:33.988Z,W4120186,8167,47.10508,7.68983,34942.6,5.7,17.4,99.5,-44.5,0.5,-1.0,RS41,403.500,9.6,250,8,2.6,,
2026-10-08T00:50:37.988Z,W4120186,8171,47.10511,7.69072,34970.1,5.9,18.9,68.8,-44.6,0.6,-1.0,RS41,403.500,9.0,250,8,2.5,,
2026-10-08T00:50:38.988Z,W4120186,8172,47.10518,7.69096,34975.2,4.4,20.8,62.5,-44.6,0.5,-1.0,RS41,403.500,9.0,250,8,2.6,,
2026-10-08T00:50:39.988Z,W4120186,8173,47.10528,7.69120,34979.8,4.8,22.5,59.8,-44.6,0.6,-1.0,RS41,403.500,7.6,250,8,2.6,,
2026-10-08T00:50:40.988Z,W4120186,8174,47.10538,7.69146,34985.7,6.9,23.1,61.5,-44.6,0.5,-1.0,RS41,403.500,7.3,250,8,2.5,,
2026-10-08T00:50:41.988Z,W4120186,8175,47.10547,7.69173,34993.4,8.6,22.4,67.3,-44.6,0.5,-1.0,RS41,403.500,7.5,250,8,2.5,,
2026-10-08T00:50:44.988Z,W4120186,8178,47.10557,7.69253,35014.4,4.3,19.4,91.8,-44.5,0.6,-1.0,RS41,403.500,8.4,250,8,2.6,,
2026-10-08T00:50:48.988Z,W4120186,8182,47.10548,7.69346,35037.8,8.1,16.6,90.2,-44.5,0.5,-1.0,RS41,403.500,8.0,250,8,2.5,,
2026-10-08T00:50:49.988Z,W4120186,8183,47.10550,7.69368,35045.4,7.3,16.6,81.3,-44.5,0.5,-1.0,RS41,403.500,8.5,250,8,2.6,,
2026-10-08T00:50:50.988Z,W4120186,8184,47.10553,7.69389,35051.7,5.2,17.1,73.6,-44.6,0.5,-1.0,RS41,403.500,8.5,250,8,2.6,,
2026-10-08T00:50:51.988Z,W4120186,8185,47.10558,7.69410,35056.8,4.8,17.5,67.3,-44.6,0.5,-1.0,RS41,403.500,8.1,250,8,2.5,,
2026-10-08T00:50:52.988Z,W4120186,8186,47.10565,7.69431,35061.8,5.3,17.9,64.2,-44.6,0.6,-1.0,RS41,403.500,7.8,250,8,2.5,,
2026-10-08T00:50:55.988Z,W4120186,8189,47.10582,7.69495,35082.0,7.2,17.1,76.8,-44.5,0.5,-1.0,RS41,403.500,7.5,250,8,2.6,,
2026-10-08T00:50:59.988Z,W4120186,8193,47.10586,7.69591,35105.2,6.1,20.4,88.7,-44.2,0.5,-1.0,RS41,403.500,7.2,250,8,2.5,,
2026-10-08T00:51:00.988Z,W4120186,8194,47.10587,7.69618,35111.5,6.6,21.6,84.5,-44.1,0.5,-1.0,RS41,403.500,7.2,250,8,2.6,,
2026-10-08T00:51:02.988Z,W4120186,8196,47.10594,7.69676,35124.2,5.6,22.9,75.9,-44.0,0.5,-1.0,RS41,403.500,7.3,250,8,2.5,,
2026-10-08T00:51:04.988Z,W4120186,8198,47.10605,7.69731,35135.7,6.0,21.1,71.6,-43.9,0.5,-1.0,RS41,403.500,7.2,250,8,2.5,,
2026-10-08T00:51:05.988Z,W4120186,8199,47.10611,7.69756,35142.0,6.5,19.1,72.1,-43.9,0.5,-1.0,RS41,403.500,7.2,250,8,2.6,,
2026-10-08T00:51:14.988Z,W4120186,8208,47.10639,7.69979,35194.8,4.8,25.2,73.9,-43.8,0.5,-1.0,RS41,403.500,7.1,250,8,2.5,,
2026-10-08T00:51:16.988Z,W4120186,8210,47.10651,7.70040,35206.0,6.3,23.1,73.4,-43.8,0.5,-1.0,RS41,403.500,7.3,250,8,2.6,,
2026-10-08T00:51:17.988Z,W4120186,8211,47.10657,7.70067,35212.5,6.7,20.8,75.3,-43.8,0.5,-1.0,RS41,403.500,7.3,250,8,2.6,,
2026-10-08T00:51:27.988Z,W4120186,8221,47.10683,7.70346,35268.2,6.1,26.0,73.7,-44.0,0.5,-1.0,RS41,403.500,7.5,250,8,2.6,,
2026-10-08T00:51:28.988Z,W4120186,8222,47.10690,7.70377,35274.7,6.8,24.0,71.5,-44.0,0.5,-1.0,RS41,403.500,7.5,250,8,2.6,,
2026-10-08T00:51:40.988Z,W4120186,8234,47.10743,7.70719,35339.3,6.5,23.3,79.7,-44.1,0.5,-1.0,RS41,403.500,7.3,250,8,2.5,,
2026-10-08T00:51:46.988Z,W4120186,8240,47.10761,7.70867,35372.6,6.5,21.0,79.9,-44.0,0.5,-1.0,RS41,403.500,7.3,250,8,2.5,,
2026-10-08T00:51:47.988Z,W4120186,8241,47.10765,7.70896,35378.6,5.2,23.4,80.7,-44.0,0.5,-1.0,RS41,403.500,7.3,250,8,2.5,,
2026-10-08T00:51:48.988Z,W4120186,8242,47.10768,7.70927,35383.3,4.1,25.7,82.0,-44.0,0.6,-1.0,RS41,403.500,7.4,250,8,2.5,,
2026-10-08T00:51:49.988Z,W4120186,8243,47.10771,7.70962,35387.8,4.6,27.2,84.6,-44.0,0.5,-1.0,RS41,403.500,8.5,250,8,2.6,,
2026-10-08T00:51:50.988Z,W4120186,8244,47.10772,7.70998,35392.8,5.3,27.6,87.5,-44.0,0.5,-1.0,RS41,403.500,8.5,250,8,2.6,,
2026-10-08T00:51:51.988Z,W4120186,8245,47.10773,7.71033,35398.6,6.3,26.6,90.4,-44.0,0.5,-1.0,RS41,403.500,9.0,250,8,2.5,,
2026-10-08T00:51:52.988Z,W4120186,8246,47.10772,7.71067,35405.0,6.4,24.9,92.9,-44.0,0.5,-1.0,RS41-SG,403.500,9.0,250,8,2.5,,
2026-10-08T00:51:53.988Z,W4120186,8247,47.10771,7.71098,35410.8,5.2,23.0,94.2,-44.0,0.5,-1.0,RS41-SG,403.500,8.8,250,8,2.5,,
2026-10-08T00:51:54.988Z,W4120186,8248,47.10769,7.71127,35415.7,4.6,21.2,93.9,-44.0,0.5,-1.0,RS41-SG,403.500,7.6,250,8,2.5,,
2026-10-08T00:51:59.988Z,W4120186,8253,47.10779,7.71260,35440.3,5.2,23.0,74.3,-44.0,0.5,-1.0,RS41-SG,403.500,7.3,250,8,2.5,,
2026-10-08T00:52:00.988Z,W4120186,8254,47.10785,7.71290,35445.5,5.2,24.4,74.3,-44.0,0.5,-1.0,RS41-SG,403.500,8.1,250,8,2.6,,
2026-10-08T00:52:03.988Z,W4120186,8257,47.10797,7.71385,35461.8,5.4,24.1,88.2,-44.0,0.5,-1.0,RS41-SG,403.500,8.0,250,8,2.5,,
2026-10-08T00:52:04.988Z,W4120186,8258,47.10796,7.71416,35467.0,5.0,23.6,96.3,-44.0,0.5,-1.0,RS41-SG,403.500,8.0,250,8,2.5,,
2026-10-08T00:52:05.988Z,W4120186,8259,47.10792,7.71447,35471.6,4.3,23.4,104.0,-43.9,0.5,-1.0,RS41-SG,403.500,8.0,250,8,2.5,,
2026-10-08T00:52:10.988Z,W4120186,8264,47.10764,7.71593,35497.8,5.9,23.4,91.6,-43.8,0.5,-1.0,RS41-SG,403.500,8.1,250,8,2.5,,
2026-10-08T00:52:11.988Z,W4120186,8265,47.10765,7.71624,35502.9,4.1,24.1,83.4,-43.8,0.5,-1.0,RS41-SG,403.500,8.5,250,8,2.6,,
2026-10-08T00:52:12.988Z,W4120186,8266,47.10769,7.71656,35506.4,2.9,25.2,77.2,-43.8,0.5,-1.0,RS41-SG,403.500,8.5,250,8,2.6,,
2026-10-08T00:52:13.988Z,W4120186,8267,47.10774,7.71688,35509.6,3.8,25.9,74.1,-43.7,0.5,-1.0,RS41-SG,403.500,8.4,250,8,2.5,,
2026-10-08T00:52:14.988Z,W4120186,8268,47.10781,7.71721,35514.4,5.6,25.7,74.9,-43.7,0.5,-1.0,RS41-SG,403.500,8.5,250,8,2.5,,
2026-10-08T00:52:15.988Z,W4120186,8269,47.10785,7.71753,35520.9,7.2,24.4,80.1,-43.7,0.5,-1.0,RS41-SG,403.500,9.4,250,8,2.5,,
2026-10-08T00:52:16.988Z,W4120186,8270,47.10788,7.71784,35528.0,6.9,23.2,88.2,-43.7,0.5,-1.0,RS41-SG,403.500,9.4,250,8,2.5,,
2026-10-08T00:52:17.988Z,W4120186,8271,47.10787,7.71814,35533.7,4.6,22.7,96.1,-43.7,0.5,-1.0,RS41-SG,403.500,9.3,250,8,2.6,,
2026-10-08T00:52:18.988Z,W4120186,8272,47.10783,7.71843,35537.4,3.0,22.8,103.9,-43.7,0.5,-1.0,RS41-SG,403.500,9.3,250,8,2.6,,
2026-10-08T00:52:19.988Z,W4120186,8273,47.10777,7.71872,35540.4,2.9,23.4,109.8,-43.7,0.5,-1.0,RS41-SG,403.500,8.6,250,8,2.5,,
2026-10-08T00:52:20.988Z,W4120186,8274,47.10770,7.71901,35544.0,4.4,24.0,111.4,-43.8,0.5,-1.0,RS41-SG,403.500,8.6,250,8,2.5,,
2026-10-08T00:52:21.988Z,W4120186,8275,47.10763,7.71931,35549.2,6.2,24.0,108.2,-43.8,0.5,-1.0,RS41-SG,403.500,7.4,250,8,2.5,,
2026-10-08T00:52:22.988Z,W4120186,8276,47.10757,7.71961,35555.6,6.6,23.9,101.8,-43.8,0.5,-1.0,RS41-SG,403.500,6.8,250,8,2.6,,
2026-10-08T00:52:23.988Z,W4120186,8277,47.10754,7.71992,35561.5,5.2,24.1,95.4,-43.8,0.5,-1.0,RS41-SG,403.500,7.1,250,8,2.6,,
2026-10-08T00:52:25.988Z,W4120186,8279,47.10754,7.72056,35569.4,3.4,24.7,85.2,-43.8,0.5,-1.0,RS41-SG,403.500,8.6,250,8,2.5,,
2026-10-08T00:52:26.988Z,W4120186,8280,47.10756,7.72088,35573.5,4.7,24.7,83.2,-43.9,0.5,-1.0,RS41-SG,403.500,9.5,250,8,2.5,,
2026-10-08T00:52:27.988Z,W4120186,8281,47.10759,7.72120,35578.9,6.0,24.1,84.4,-43.9,0.5,-1.0,RS41-SG,403.500,9.5,250,8,2.5,,
2026-10-08T00:52:28.988Z,W4120186,8282,47.10760,7.72151,35585.0,6.2,23.3,88.5,-43.9,0.5,-1.0,RS41-SG,403.500,9.2,250,8,2.6,,
2026-10-08T00:52:29.988Z,W4120186,8283,47.10760,7.72181,35590.6,5.0,22.8,93.4,-44.0,0.5,-1.0,RS41-SG,403.500,9.3,250,8,2.6,,
2026-10-08T00:52:30.988Z,W4120186,8284,47.10757,7.72211,35595.1,3.9,22.7,98.5,-44.0,0.5,-1.0,RS41-SG,403.500,9.3,250,8,2.5,,
2026-10-08T00:52:36.988Z,W4120186,8290,47.10732,7.72400,35622.9,4.6,26.3,97.7,-44.2,0.5,-1.0,RS41-SG,403.500,6.7,250,8,2.5,,
2026-10-08T00:52:37.988Z,W4120186,8291,47.10729,7.72434,35627.6,4.8,26.6,97.8,-44.2,0.5,-1.0,RS41-SG,403.500,6.7,250,8,2.5,,
2026-10-08T00:52:38.988Z,W4120186,8292,47.10726,7.72469,35632.8,5.4,26.7,98.8,-44.3,0.6,-1.0,RS41-SG,403.500,6.9,250,8,2.6,,
2026-10-08T00:52:40.988Z,W4120186,8294,47.10717,7.72537,35643.2,4.7,26.7,102.1,-44.3,0.5,-1.0,RS41-SG,403.500,6.8,250,8,2.5,,
2026-10-08T00:52:45.988Z,W4120186,8299,47.10695,7.72713,35667.0,5.4,27.8,95.4,-44.2,0.5,-1.0,RS41-SG,403.500,8.9,250,8,2.6,,
2026-10-08T00:52:46.988Z,W4120186,8300,47.10693,7.72749,35672.3,5.3,27.3,93.5,-44.2,0.5,-1.0,RS41-SG,403.500,9.5,250,8,2.5,,
2026-10-08T00:52:47.988Z,W4120186,8301,47.10692,7.72784,35677.5,5.0,26.2,92.9,-44.1,0.5,-1.0,RS41-SG,403.500,9.5,250,8,2.5,,
2026-10-08T00:52:48.988Z,W4120186,8302,47.10691,7.72817,35682.5,4.9,24.5,93.8,-44.1,0.5,-1.0,RS41-SG,403.500,8.5,250,8,2.5,,
2026-10-08T00:52:49.988Z,W4120186,8303,47.10689,7.72848,35687.3,4.8,22.4,96.7,-44.1,0.5,-1.0,RS41-SG,403.500,9.3,250,8,2.6,,
2026-10-08T00:52:50.988Z,W4120186,8304,47.10686,7.72875,35692.1,4.7,20.3,101.3,-44.1,0.5,-1.0,RS41-SG,403.500,9.3,250,8,2.6,,
2026-10-08T00:52:51.988Z,W4120186,8305,47.10682,7.72900,35696.7,4.6,18.9,106.3,-44.1,0.5,-1.0,RS41-SG,403.500,8.7,250,8,2.5,,
2026-10-08T00:52:52.988Z,W4120186,8306,47.10677,7.72923,35701.3,4.5,18.4,110.3,-44.1,0.5,-1.0,RS41-SG,403.500,8.4,250,8,2.5,,
2026-10-08T00:52:54.988Z,W4120186,8308,47.10665,7.72971,35711.3,5.6,20.6,108.5,-44.2,0.5,-1.0,RS41-SG,403.500,7.4,250,8,2.5,,
2026-10-08T00:52:55.988Z,W4120186,8309,47.10659,7.72998,35716.8,5.5,22.7,103.7,-44.2,0.5,-1.0,RS41-SG,403.500,7.5,250,8,2.6,,
2026-10-08T00:52:57.988Z,W4120186,8311,47.10653,7.73063,35726.3,3.8,27.2,94.1,-44.2,0.5,-1.0,RS41-SG,403.500,7.7,250,8,2.5,,
2026-10-08T00:52:58.988Z,W4120186,8312,47.10652,7.73099,35730.1,3.9,28.5,90.2,-44.1,0.5,-1.0,RS41-SG,403.500,7.7,250,8,2.5,,
2026-10-08T00:52:59.988Z,W4120186,8313,47.10652,7.73137,35734.5,4.9,28.5,87.2,-44.1,0.5,-1.0,RS41-SG,403.500,9.2,250,8,2.5,,
2026-10-08T00:53:00.988Z,W4120186,8314,47.10654,7.73173,35739.9,6.0,26.8,85.7,-44.1,0.5,-1.0,RS41-SG,403.500,9.5,250,7,2.6,,
2026-10-08T00:53:01.988Z,W4120186,8315,47.10655,7.73206,35746.1,6.3,23.7,86.3,-44.2,0.5,-1.0,RS41-SG,403.500,9.5,250,7,2.6,,
2026-10-08T00:53:02.988Z,W4120186,8316,47.10656,7.73234,35752.0,5.5,20.1,89.5,-44.2,0.5,-1.0,RS41-SG,403.500,8.8,250,7,2.5,,
2026-10-08T00:53:03.988Z,W4120186,8317,47.10655,7.73259,35757.1,4.5,16.7,96.1,-44.2,0.5,-1.0,RS41-SG,403.500,8.8,250,7,2.5,,
2026-10-08T00:53:04.988Z,W4120186,8318,47.10653,7.73278,35761.2,3.7,14.3,107.2,-44.2,0.5,-1.0,RS41-SG,403.500,8.8,250,7,2.5,,
2026-10-08T00:53:05.988Z,W4120186,8319,47.10648,7.73295,35765.2,4.1,13.7,120.3,-44.3,0.5,-1.0,RS41-SG,403.500,8.7,250,8,2.6,,
2026-10-08T00:53:06.988Z,W4120186,8320,47.10641,7.73310,35769.7,5.0,14.7,128.0,-44.3,0.5,-1.0,RS41-SG,403.500,8.5,250,8,2.6,,
2026-10-08T00:53:10.988Z,W4120186,8324,47.10607,7.73402,35793.3,4.6,26.4,105.2,-44.4,0.5,-1.0,RS41-SG,403.500,7.6,250,8,2.5,,
2026-10-08T00:53:11.988Z,W4120186,8325,47.10602,7.73438,35797.1,3.1,29.5,98.1,-44.4,0.5,-1.0,RS41-SG,403.500,7.9,250,8,2.6,,
2026-10-08T00:53:12.988Z,W4120186,8326,47.10600,7.73478,35800.0,2.8,31.7,91.6,-44.4,0.5,-1.0,RS41-SG,403.500,9.3,250,8,2.6,,
2026-10-08T00:53:13.988Z,W4120186,8327,47.10600,7.73519,35803.8,4.7,31.7,85.8,-44.4,0.5,-1.0,RS41-SG,403.500,9.6,250,8,2.5,,
2026-10-08T00:53:14.988Z,W4120186,8328,47.10603,7.73559,35809.6,7.1,29.1,80.9,-44.4,0.5,-1.0,RS41-SG,403.500,9.6,250,8,2.5,,
2026-10-08T00:53:15.988Z,W4120186,8329,47.10608,7.73593,35817.1,7.7,24.4,78.0,-44.4,0.5,-1.0,RS41-SG,403.500,10.2,250,8,2.5,,
2026-10-08T00:53:16.988Z,W4120186,8330,47.10612,7.73621,35824.1,6.3,19.3,77.9,-44.4,0.5,-1.0,RS41-SG,403.500,10.2,250,7,2.6,,
2026-10-08T00:53:17.988Z,W4120186,8331,47.10615,7.73643,35829.0,3.6,15.1,81.2,-44.4,0.5,-1.0,RS41-SG,403.500,9.3,250,8,2.6,,
2026-10-08T00:53:18.988Z,W4120186,8332,47.10616,7.73661,35832.1,2.3,11.5,91.4,-44.4,0.5,-1.0,RS41-SG,403.500,8.8,250,7,2.5,,
2026-10-08T00:53:19.988Z,W4120186,8333,47.10614,7.73674,35835.0,3.5,10.5,111.9,-44.4,0.5,-1.0,RS41-SG,403.500,8.6,250,8,2.5,,
2026-10-08T00:53:20.988Z,W4120186,8334,47.10609,7.73688,35839.8,6.1,13.1,124.3,-44.3,0.5,-1.0,RS41-SG,403.500,7.7,250,8,2.5,,
2026-10-08T00:53:21.988Z,W4120186,8335,47.10601,7.73705,35846.7,7.7,17.5,123.3,-44.3,0.5,-1.0,RS41-SG,403.500,7.2,250,8,2.5,,
2026-10-08T00:53:22.988Z,W4120186,8336,47.10592,7.73727,35854.1,7.1,21.8,117.3,-44.3,0.5,-1.0,RS41-SG,403.500,7.2,250,8,2.6,,
2026-10-08T00:53:23.988Z,W4120186,8337,47.10584,7.73755,35860.2,4.9,25.3,111.1,-44.3,0.5,-1.0,RS41-SG,403.500,7.1,250,8,2.6,,
2026-10-08T00:53:24.988Z,W4120186,8338,47.10577,7.73788,35864.2,3.1,28.2,104.5,-44.3,0.5,-1.0,RS41-SG,403.500,7.3,250,8,2.5,,
2026-10-08T00:53:25.988Z,W4120186,8339,47.10572,7.73826,35867.3,3.0,30.3,97.4,-44.2,0.5,-1.0,RS41-SG,403.500,9.0,250,8,2.5,,
2026-10-08T00:53:26.988Z,W4120186,8340,47.10570,7.73866,35870.9,4.2,30.7,90.2,-44.2,0.5,-1.0,RS41-SG,403.500,9.4,250,8,2.5,,
2026-10-08T00:53:27.988Z,W4120186,8341,47.10571,7.73905,35875.9,5.7,29.2,83.8,-44.2,0.5,-1.0,RS41-SG,403.500,9.6,250,8,2.6,,
2026-10-08T00:53:28.988Z,W4120186,8342,47.10575,7.73941,35881.7,6.0,26.4,79.0,-44.1,0.5,-1.0,RS41-SG,403.500,9.6,250,8,2.6,,
2026-10-08T00:53:29.988Z,W4120186,8343,47.10580,7.73973,35887.5,5.4,23.0,75.7,-44.1,0.5,-1.0,RS41-SG,403.500,9.7,250,8,2.5,,
2026-10-08T00:53:30.988Z,W4120186,8344,47.10585,7.74000,35892.4,4.1,19.9,74.3,-44.0,0.5,-1.0,RS41-SG,403.500,9.7,250,8,2.5,,
2026-10-08T00:53:31.988Z,W4120186,8345,47.10589,7.74023,35896.4,3.7,17.2,75.7,-43.9,0.5,-1.0,RS41-SG,403.500,8.9,250,8,2.5,,
2026-10-08T00:53:32.988Z,W4120186,8346,47.10592,7.74044,35900.4,4.4,15.8,81.0,-43.9,0.5,-1.0,RS41-SG,403.500,8.3,250,8,2.6,,
2026-10-08T00:53:33.988Z,W4120186,8347,47.10593,7.74065,35905.5,5.7,16.3,89.4,-43.8,0.5,-1.0,RS41-SG,403.500,7.9,250,8,2.6,,
2026-10-08T00:53:34.988Z,W4120186,8348,47.10592,7.74088,35911.7,6.5,18.8,95.6,-43.7,0.5,-1.0,RS41-SG,403.500,8.1,250,8,2.5,,
2026-10-08T00:53:35.988Z,W4120186,8349,47.10590,7.74115,35918.1,6.2,22.4,98.3,-43.7,0.5,-1.0,RS41-SG,403.500,8.7,250,8,2.5,,
2026-10-08T00:53:36.988Z,W4120186,8350,47.10587,7.74146,35923.8,5.0,26.0,98.5,-43.6,0.5,-1.0,RS41-SG,403.500,8.8,250,8,2.5,,
2026-10-08T00:53:37.988Z,W4120186,8351,47.10583,7.74182,35928.1,3.6,28.9,97.7,-43.5,0.5,-1.0,RS41-SG,403.500,9.4,250,8,2.5,,
2026-10-08T00:53:38.988Z,W4120186,8352,47.10580,7.74221,35931.7,3.6,30.9,96.1,-43.4,0.5,-1.0,RS41-SG,403.500,10.0,250,8,2.6,,
2026-10-08T00:53:39.988Z,W4120186,8353,47.10578,7.74261,35936.0,5.0,31.4,94.2,-43.4,0.5,-1.0,RS41-SG,403.500,10.0,250,8,2.6,,
2026-10-08T00:53:40.988Z,W4120186,8354,47.10576,7.74302,35941.8,6.5,30.0,92.2,-43.3,0.5,-1.0,RS41-SG,403.500,9.8,250,8,2.5,,
2026-10-08T00:53:41.988Z,W4120186,8355,47.10575,7.74340,35947.5,4.8,28.5,90.6,-43.0,0.4,-1.0,RS41-SG,403.500,9.1,250,8,2.5,,
2026-10-08T00:53:42.988Z,W4120186,8356,47.10575,7.74377,35947.5,-5.0,28.5,90.5,-42.9,0.5,-1.0,RS41-SG,403.500,10.1,250,8,2.5,,
2026-10-08T00:53:43.988Z,W4120186,8357,47.10575,7.74414,35938.0,-14.5,28.5,90.5,-42.7,0.5,-1.0,RS41-SG,403.500,10.1,250,8,2.6,,
2026-10-08T00:53:44.988Z,W4120186,8358,47.10575,7.74451,35918.9,-23.7,28.0,90.6,-42.8,0.5,-1.0,RS41-SG,403.500,9.7,250,8,2.6,,
2026-10-08T00:53:45.988Z,W4120186,8359,47.10574,7.74487,35891.7,-31.3,27.2,91.8,-43.0,0.4,-1.0,RS41-SG,403.500,9.7,250,8,2.5,,
2026-10-08T00:53:46.988Z,W4120186,8360,47.10573,7.74522,35857.0,-38.5,26.0,93.1,-43.2,0.5,-1.0,RS41-SG,403.500,9.7,250,8,2.5,,
2026-10-08T00:53:47.988Z,W4120186,8361,47.10571,7.74555,35815.7,-44.1,24.6,95.3,-43.4,0.5,-1.0,RS41-SG,403.500,10.4,250,8,2.5,,
2026-10-08T00:53:48.988Z,W4120186,8362,47.10567,7.74581,35773.0,-41.6,16.3,117.2,-43.5,0.5,-1.0,RS41-SG,403.500,10.4,250,8,2.5,,
2026-10-08T00:53:49.988Z,W4120186,8363,47.10559,7.74594,35735.8,-32.9,13.3,152.5,-43.6,0.5,-1.0,RS41-SG,403.500,10.2,250,8,2.6,,
2026-10-08T00:53:55.988Z,W4120186,8369,47.10506,7.74689,35574.5,-37.3,23.4,101.5,-43.6,0.4,-1.0,RS41-SG,403.500,8.2,250,8,2.6,,
2026-10-08T00:53:56.988Z,W4120186,8370,47.10502,7.74721,35534.1,-43.5,25.3,98.9,-43.4,0.5,-1.0,RS41-SG,403.500,8.2,250,8,2.5,,
2026-10-08T00:53:57.988Z,W4120186,8371,47.10499,7.74754,35488.2,-49.0,26.6,98.1,-43.0,0.5,-1.0,RS41-SG,403.500,9.1,250,8,2.5,,
2026-10-08T00:53:58.988Z,W4120186,8372,47.10496,7.74789,35436.6,-54.5,27.4,95.4,-42.6,0.5,-1.0,RS41-SG,403.500,9.5,250,8,2.5,,
2026-10-08T00:53:59.988Z,W4120186,8373,47.10493,7.74825,35379.6,-59.2,27.6,95.3,-42.4,0.4,-1.0,RS41-SG,403.500,9.5,250,8,2.6,,
2026-10-08T00:54:00.988Z,W4120186,8374,47.10491,7.74862,35317.1,-65.0,28.4,93.4,-42.2,0.4,-1.0,RS41-SG,403.500,9.5,250,8,2.6,,
2026-10-08T00:54:01.988Z,W4120186,8375,47.10491,7.74901,35256.9,-55.2,31.5,87.4,-42.3,0.4,-1.0,RS41-SG,403.500,10.1,250,8,2.5,,
2026-10-08T00:54:02.988Z,W4120186,8376,47.10493,7.74942,35203.1,-52.9,31.6,85.1,-42.4,0.4,-1.0,RS41-SG,403.500,10.2,250,8,2.5,,
2026-10-08T00:54:03.988Z,W4120186,8377,47.10495,7.74982,35152.3,-49.1,30.5,84.0,-42.6,0.5,-1.0,RS41-SG,403.500,10.2,250,8,2.5,,
2026-10-08T00:54:04.988Z,W4120186,8378,47.10497,7.75020,35105.5,-45.6,28.0,86.7,-42.7,0.5,-1.0,RS41-SG,403.500,9.8,250,8,2.5,,
2026-10-08T00:54:05.988Z,W4120186,8379,47.10499,7.75055,35060.0,-46.0,25.2,86.0,-42.9,0.5,-1.0,RS41-SG,403.500,9.8,250,8,2.6,,
2026-10-08T00:54:06.988Z,W4120186,8380,47.10500,7.75085,35013.9,-46.3,21.1,87.1,-43.3,0.5,-1.0,RS41-SG,403.500,9.6,250,8,2.6,,
2026-10-08T00:54:07.988Z,W4120186,8381,47.10500,7.75111,34966.5,-49.0,19.2,93.0,-43.5,0.5,-1.0,RS41-SG,403.500,9.6,250,8,2.5,,
2026-10-08T00:54:08.988Z,W4120186,8382,47.10499,7.75135,34917.2,-50.3,17.8,94.7,-43.6,0.5,-1.0,RS41-SG,403.500,9.2,250,8,2.5,,
2026-10-08T00:54:09.988Z,W4120186,8383,47.10498,7.75157,34866.8,-51.3,15.1,93.2,-43.7,0.5,-1.0,RS41-SG,403.500,9.0,250,8,2.5,,
2026-10-08T00:54:10.988Z,W4120186,8384,47.10496,7.75175,34816.0,-51.7,14.1,101.6,-44.0,0.5,-1.0,RS41-SG,403.500,8.4,250,8,2.6,,
2026-10-08T00:54:11.988Z,W4120186,8385,47.10494,7.75193,34764.6,-51.4,13.9,98.7,-44.2,0.5,-1.0,RS41-SG,403.500,8.0,250,8,2.6,,
2026-10-08T00:54:12.988Z,W4120186,8386,47.10492,7.75211,34714.5,-49.7,12.9,97.2,-44.7,0.6,-1.0,RS41-SG,403.500,8.2,250,7,2.5,,
2026-10-08T00:54:13.988Z,W4120186,8387,47.10491,7.75229,34666.5,-47.2,14.7,97.2,-45.3,0.6,-1.0,RS41-SG,403.500,8.2,250,7,2.5,,
2026-10-08T00:54:16.988Z,W4120186,8390,47.10488,7.75292,34523.3,-47.9,17.6,94.7,-46.0,0.6,-1.0,RS41-SG,403.500,7.9,250,8,2.6,,
2026-10-08T00:54:17.988Z,W4120186,8391,47.10487,7.75315,34474.2,-50.6,18.1,92.7,-46.0,0.6,-1.0,RS41-SG,403.500,8.4,250,7,2.5,,
2026-10-08T00:54:18.988Z,W4120186,8392,47.10486,7.75339,34425.1,-49.2,18.8,98.6,-46.0,0.6,-1.0,RS41-SG,403.500,8.4,250,7,2.5,,
2026-10-08T00:54:20.988Z,W4120186,8394,47.10480,7.75386,34326.4,-50.7,17.0,101.7,-45.8,0.6,-1.0,RS41-SG,403.500,6.8,250,7,2.5,,
2026-10-08T00:54:22.988Z,W4120186,8396,47.10470,7.75427,34227.3,-50.2,16.1,113.2,-46.1,0.6,-1.0,RS41-SG,403.500,8.3,250,8,2.6,,
2026-10-08T00:54:23.988Z,W4120186,8397,47.10464,7.75445,34180.2,-44.4,14.6,119.4,-46.2,0.6,-1.0,RS41-SG,403.500,8.7,250,8,2.5,,
2026-10-08T00:54:24.988Z,W4120186,8398,47.10458,7.75460,34137.3,-42.6,12.9,121.3,-46.3,0.6,-1.0,RS41-SG,403.500,8.7,250,8,2.5,,
2026-10-08T00:54:25.988Z,W4120186,8399,47.10452,7.75474,34097.5,-38.1,12.0,121.2,-46.3,0.6,-1.0,RS41-SG,403.500,8.4,250,8,2.5,,
2026-10-08T00:54:26.988Z,W4120186,8400,47.10447,7.75488,34060.7,-36.6,12.3,116.4,-46.4,0.6,-1.0,RS41-SG,403.500,8.3,250,8,2.6,,
2026-10-08T00:54:27.988Z,W4120186,8401,47.10442,7.75503,34024.0,-37.0,13.4,107.9,-46.4,0.6,-1.0,RS41-SG,403.500,7.4,250,8,2.6,,
2026-10-08T00:54:28.988Z,W4120186,8402,47.10439,7.75520,33987.4,-37.5,14.0,102.4,-46.4,0.6,-1.0,RS41-SG,403.500,8.5,250,8,2.5,,
2026-10-08T00:54:29.988Z,W4120186,8403,47.10437,7.75539,33948.3,-39.9,16.2,95.6,-46.6,0.6,-1.0,RS41-SG,403.500,8.9,250,8,2.5,,
2026-10-08T00:54:30.988Z,W4120186,8404,47.10437,7.75561,33909.4,-38.8,16.7,84.0,-46.7,0.7,-1.0,RS41-SG,403.500,9.2,250,8,2.5,,
2026-10-08T00:54:31.988Z,W4120186,8405,47.10439,7.75581,33872.0,-36.2,15.4,80.1,-47.0,0.7,-1.0,RS41-SG,403.500,9.2,250,8,2.6,,
2026-10-08T00:54:32.988Z,W4120186,8406,47.10440,7.75600,33837.6,-32.5,13.3,86.9,-47.1,0.6,-1.0,RS41-SG,403.500,7.8,250,8,2.6,,
2026-10-08T00:54:33.988Z,W4120186,8407,47.10438,7.75616,33806.9,-29.9,12.6,111.5,-47.3,0.7,-1.0,RS41-SG,403.500,8.1,250,7,2.5,,
2026-10-08T00:54:34.988Z,W4120186,8408,47.10431,7.75630,33777.8,-29.9,15.0,134.7,-47.5,0.7,-1.0,RS41-SG,403.500,8.1,250,7,2.5,,
2026-10-08T00:54:35.988Z,W4120186,8409,47.10420,7.75645,33746.7,-32.4,17.7,141.8,-47.7,0.7,-1.0,RS41-SG,403.500,7.9,250,8,2.5,,
2026-10-08T00:54:36.988Z,W4120186,8410,47.10407,7.75659,33713.0,-35.3,19.5,146.4,-47.8,0.7,-1.0,RS41-SG,403.500,8.9,250,8,2.5,,
2026-10-08T00:54:37.988Z,W4120186,8411,47.10390,7.75672,33677.4,-36.6,23.1,154.9,-47.8,0.7,-1.0,RS41-SG,403.500,8.9,250,8,2.6,,
2026-10-08T00:54:38.988Z,W4120186,8412,47.10370,7.75686,33640.4,-37.7,25.9,156.1,-47.7,0.7,-1.0,RS41-SG,403.500,9.0,250,8,2.6,,
2026-10-08T00:54:40.988Z,W4120186,8414,47.10325,7.75716,33567.6,-35.3,29.2,155.8,-47.4,0.7,-1.0,RS41-SG,403.500,8.1,250,7,2.5,,
2026-10-08T00:54:41.988Z,W4120186,8415,47.10302,7.75732,33532.6,-33.8,28.6,154.3,-47.5,0.6,-1.0,RS41-SG,403.500,8.1,250,8,2.5,08:29:31,
2026-10-08T00:54:42.988Z,W4120186,8416,47.10281,7.75749,33499.3,-32.7,27.1,150.6,-47.6,0.7,-1.0,RS41-SG,403.500,8.1,250,8,2.6,08:29:31,
2026-10-08T00:54:51.988Z,W4120186,8425,47.10188,7.76032,33209.3,-36.4,33.5,85.7,-48.6,0.7,-1.0,RS41-SG,403.500,7.2,250,8,2.5,08:29:31,
2026-10-08T00:54:52.988Z,W4120186,8426,47.10192,7.76076,33174.0,-35.8,33.8,80.4,-48.7,0.7,-1.0,RS41-SG,403.500,7.6,250,8,2.5,08:29:31,
2026-10-08T00:54:53.988Z,W4120186,8427,47.10199,7.76118,33139.8,-34.8,33.1,76.7,-48.8,0.7,-1.0,RS41-SG,403.500,7.6,250,7,2.6,08:29:31,
2026-10-08T00:54:58.988Z,W4120186,8432,47.10262,7.76273,32974.8,-33.6,21.9,39.5,-49.7,0.8,-1.0,RS41-SG,403.500,7.3,250,8,2.6,08:29:31,
2026-10-08T00:54:59.988Z,W4120186,8433,47.10277,7.76288,32941.6,-33.8,18.6,29.9,-49.7,0.7,-1.0,RS41-SG,403.500,7.3,250,8,2.6,08:29:31,
