timestamp,serial,frame,lat,lon,alt,vel_v,vel_h,heading,temp,humidity,pressure,type,freq_mhz,snr,f_error_hz,sats,batt_v,burst_timer,aux_data
2026-10-07T00:50:35.994Z,Y1152115,8190,45.47262,9.30620,29322.3,4.8,15.7,108.0,-273.0,-1.0,-1.0,RS41,404.900,7.5,625,9,2.5,,
2026-10-07T00:51:00.994Z,Y1152115,8215,45.47130,9.31037,29431.4,3.4,16.7,121.9,-273.0,-1.0,-1.0,RS41,404.900,7.3,625,8,2.6,,
2026-10-07T00:51:40.994Z,Y1152115,8255,45.46841,9.31564,29600.8,4.9,11.2,120.6,-273.0,-1.0,-1.0,RS41,404.900,6.6,250,8,2.5,,
2026-10-07T00:51:57.994Z,Y1152115,8272,45.46762,9.31746,29675.0,4.1,13.2,123.1,-273.0,-1.0,-1.0,RS41,404.900,8.1,250,8,2.5,,
2026-10-07T00:51:58.994Z,Y1152115,8273,45.46756,9.31759,29679.3,4.6,11.9,129.0,-273.0,-1.0,-1.0,RS41,404.900,8.1,625,8,2.5,,
2026-10-07T00:51:59.994Z,Y1152115,8274,45.46749,9.31770,29684.2,5.1,9.7,135.7,-273.0,-1.0,-1.0,RS41,404.900,7.9,250,8,2.5,,
2026-10-07T00:52:08.994Z,Y1152115,8283,45.46711,9.31815,29724.6,4.3,9.7,123.4,-273.0,-1.0,-1.0,RS41,404.900,7.2,250,8,2.5,,
2026-10-07T00:52:09.994Z,Y1152115,8284,45.46707,9.31825,29729.5,5.4,9.8,118.6,-273.0,-1.0,-1.0,RS41,404.900,7.4,250,8,2.5,,
2026-10-07T00:52:15.994Z,Y1152115,8290,45.46685,9.31878,29759.0,4.6,6.9,134.9,-273.0,-1.0,-1.0,RS41,404.900,7.4,250,8,2.5,,
2026-10-07T00:52:18.994Z,Y1152115,8293,45.46672,9.31897,29772.9,5.2,6.3,122.4,-273.0,-1.0,-1.0,RS41,404.900,7.1,250,8,2.6,,
2026-10-07T00:53:23.994Z,Y1152115,8358,45.46740,9.32529,30112.0,4.8,10.0,70.1,-273.0,-1.0,-1.0,RS41,404.900,7.3,250,8,2.5,,
2026-10-07T00:53:24.994Z,Y1152115,8359,45.46742,9.32541,30116.9,4.8,10.6,74.7,-273.0,-1.0,-1.0,RS41,404.900,7.3,250,8,2.5,,
2026-10-07T00:53:25.994Z,Y1152115,8360,45.46745,9.32555,30122.1,5.6,10.7,75.1,-273.0,-1.0,-1.0,RS41,404.900,7.5,250,8,2.5,,
2026-10-07T00:53:26.994Z,Y1152115,8361,45.46747,9.32568,30128.0,6.4,10.4,71.6,-273.0,-1.0,-1.0,RS41,404.900,7.5,250,8,2.5,,
2026-10-07T00:53:27.994Z,Y1152115,8362,45.46751,9.32580,30134.0,5.5,9.9,67.0,-273.0,-1.0,-1.0,RS41,404.900,7.7,250,8,2.5,,
2026-10-07T00:53:29.994Z,Y1152115,8364,45.46758,9.32600,30144.1,4.7,8.2,58.9,-273.0,-1.0,-1.0,RS41,404.900,7.5,250,8,2.5,,
2026-10-07T00:53:36.994Z,Y1152115,8371,45.46771,9.32663,30182.6,5.9,10.2,70.6,-273.0,-1.0,-1.0,RS41,404.900,7.0,250,8,2.5,,
2026-10-07T00:53:39.994Z,Y1152115,8374,45.46785,9.32705,30197.5,4.4,13.3,62.1,-273.0,-1.0,-1.0,RS41,404.900,6.9,250,8,2.6,,
2026-10-07T00:53:42.994Z,Y1152115,8377,45.46797,9.32749,30214.1,5.7,11.2,80.7,-273.0,-1.0,-1.0,RS41,404.900,8.0,250,8,2.5,,
2026-10-07T00:53:43.994Z,Y1152115,8378,45.46798,9.32763,30219.3,4.6,10.3,87.8,-273.0,-1.0,-1.0,RS41,404.900,8.4,250,8,2.5,,
2026-10-07T00:53:52.994Z,Y1152115,8387,45.46811,9.32861,30268.7,5.1,10.2,76.2,-273.0,-1.0,-1.0,RS41,404.900,7.3,250,8,2.5,,
2026-10-07T00:53:55.994Z,Y1152115,8390,45.46817,9.32902,30284.4,6.1,11.7,80.3,-273.0,-1.0,-1.0,RS41,404.900,8.0,250,8,2.5,,
2026-10-07T00:53:59.994Z,Y1152115,8394,45.46823,9.32955,30306.4,5.5,8.0,87.9,-273.0,-1.0,-1.0,RS41,404.900,7.3,250,8,2.5,,
2026-10-07T00:54:01.994Z,Y1152115,8396,45.46821,9.32972,30317.3,4.8,6.2,112.6,-273.0,-1.0,-1.0,RS41,404.900,7.0,250,8,2.5,,
2026-10-07T00:54:04.994Z,Y1152115,8399,45.46814,9.32995,30333.0,6.4,7.2,104.7,-273.0,-1.0,-1.0,RS41,404.900,8.1,250,8,2.5,,
2026-10-07T00:54:05.994Z,Y1152115,8400,45.46813,9.33004,30339.3,6.2,8.3,91.1,-273.0,-1.0,-1.0,RS41,404.900,8.1,250,8,2.5,,
2026-10-07T00:54:07.994Z,Y1152115,8402,45.46815,9.33028,30349.3,4.5,10.7,78.4,-273.0,-1.0,-1.0,RS41,404.900,7.2,250,8,2.6,,
2026-10-07T00:54:08.994Z,Y1152115,8403,45.46817,9.33042,30354.3,5.5,11.4,78.7,-273.0,-1.0,-1.0,RS41,404.900,7.2,250,8,2.5,,
2026-10-07T00:54:10.994Z,Y1152115,8405,45.46819,9.33070,30366.3,5.8,10.9,90.0,-273.0,-1.0,-1.0,RS41,404.900,7.2,250,8,2.5,,
2026-10-07T00:54:14.994Z,Y1152115,8409,45.46813,9.33118,30386.2,5.8,8.1,106.8,-273.0,-1.0,-1.0,RS41,404.900,7.7,250,8,2.5,,
2026-10-07T00:54:17.994Z,Y1152115,8412,45.46810,9.33145,30402.8,4.7,6.7,92.4,-273.0,-1.0,-1.0,RS41,404.900,7.2,250,8,2.5,,
2026-10-07T00:54:19.994Z,Y1152115,8414,45.46808,9.33162,30412.7,5.3,6.3,104.9,-273.0,-1.0,-1.0,RS41,404.900,7.6,250,8,2.6,,
2026-10-07T00:54:20.994Z,Y1152115,8415,45.46806,9.33169,30418.3,5.8,6.6,115.7,-273.0,-1.0,-1.0,RS41,404.900,7.9,250,8,2.6,,
2026-10-07T00:54:22.994Z,Y1152115,8417,45.46799,9.33184,30429.1,4.9,7.6,128.3,-273.0,-1.0,-1.0,RS41,404.900,8.1,250,8,2.5,,
2026-10-07T00:54:23.994Z,Y1152115,8418,45.46795,9.33192,30433.9,4.6,7.9,126.0,-273.0,-1.0,-1.0,RS41,404.900,8.8,250,8,2.5,,
2026-10-07T00:54:26.994Z,Y1152115,8421,45.46788,9.33220,30449.3,5.4,8.4,93.9,-273.0,-1.0,-1.0,RS41,404.900,8.4,250,8,2.5,,
2026-10-07T00:54:28.994Z,Y1152115,8423,45.46788,9.33243,30459.0,5.0,9.0,88.6,-273.0,-1.0,-1.0,RS41,404.900,8.8,250,8,2.5,,
2026-10-07T00:54:29.994Z,Y1152115,8424,45.46787,9.33254,30464.3,5.6,9.0,95.6,-273.0,-1.0,-1.0,RS41,404.900,8.8,250,8,2.5,,
2026-10-07T00:54:30.994Z,Y1152115,8425,45.46786,9.33265,30470.2,6.3,8.9,109.7,-273.0,-1.0,-1.0,RS41,404.900,8.4,250,8,2.5,,
2026-10-07T00:54:34.994Z,Y1152115,8429,45.46762,9.33301,30488.9,4.6,10.1,147.8,-273.0,-1.0,-1.0,RS41,404.900,8.3,250,8,2.5,,
2026-10-07T00:54:35.994Z,Y1152115,8430,45.46755,9.33307,30493.9,5.5,9.1,149.6,-273.0,-1.0,-1.0,RS41,404.900,8.3,250,8,2.5,,
2026-10-07T00:54:36.994Z,Y1152115,8431,45.46748,9.33313,30499.7,6.0,7.5,146.1,-273.0,-1.0,-1.0,RS41,404.900,8.2,625,8,2.5,,
2026-10-07T00:54:41.994Z,Y1152115,8436,45.46732,9.33342,30523.1,6.1,7.0,121.9,-273.0,-1.0,-1.0,RS41,404.900,7.5,250,8,2.5,,
2026-10-07T00:54:44.994Z,Y1152115,8439,45.46718,9.33368,30537.7,4.8,10.3,132.8,-273.0,-1.0,-1.0,RS41,404.900,9.2,625,8,2.6,,
2026-10-07T00:54:45.994Z,Y1152115,8440,45.46711,9.33378,30542.8,5.4,10.6,131.8,-273.0,-1.0,-1.0,RS41,404.900,9.2,250,8,2.5,,
2026-10-07T00:54:51.994Z,Y1152115,8446,45.46675,9.33440,30571.8,5.0,11.2,136.0,-273.0,-1.0,-1.0,RS41,404.900,7.5,250,8,2.5,,
2026-10-07T00:54:52.994Z,Y1152115,8447,45.46667,9.33450,30576.4,4.3,11.0,138.4,-273.0,-1.0,-1.0,RS41,404.900,7.9,250,8,2.5,,
2026-10-07T00:54:54.994Z,Y1152115,8449,45.46653,9.33466,30585.2,4.7,9.2,142.5,-273.0,-1.0,-1.0,RS41,404.900,8.8,250,8,2.5,,
2026-10-07T00:54:55.994Z,Y1152115,8450,45.46647,9.33473,30590.0,5.0,7.8,143.7,-273.0,-1.0,-1.0,RS41-SG,404.900,9.0,625,8,2.6,,
2026-10-07T00:54:56.994Z,Y1152115,8451,45.46642,9.33478,30594.7,4.5,6.5,144.5,-273.0,-1.0,-1.0,RS41-SG,404.900,9.0,250,8,2.5,,
2026-10-07T00:54:57.994Z,Y1152115,8452,45.46637,9.33483,30599.0,4.2,5.9,147.0,-273.0,-1.0,-1.0,RS41-SG,404.900,8.4,625,8,2.5,,
2026-10-07T00:54:58.994Z,Y1152115,8453,45.46633,9.33487,30603.2,4.2,6.0,148.8,-273.0,-1.0,-1.0,RS41-SG,404.900,8.6,250,8,2.5,,
2026-10-07T00:55:07.994Z,Y1152115,8462,45.46564,9.33564,30644.5,3.7,8.7,128.4,-273.0,-1.0,-1.0,RS41-SG,404.900,8.7,625,8,2.4,,
2026-10-07T00:55:12.994Z,Y1152115,8467,45.46542,9.33594,30666.0,3.8,7.6,152.0,-273.0,-1.0,-1.0,RS41-SG,404.900,7.7,250,8,2.5,,
2026-10-07T00:55:13.994Z,Y1152115,8468,45.46536,9.33599,30669.8,3.8,8.1,156.0,-273.0,-1.0,-1.0,RS41-SG,404.900,9.0,625,8,2.5,,
2026-10-07T00:55:14.994Z,Y1152115,8469,45.46529,9.33603,30674.0,4.5,8.3,157.3,-273.0,-1.0,-1.0,RS41-SG,404.900,9.0,250,8,2.6,,
2026-10-07T00:55:15.994Z,Y1152115,8470,45.46522,9.33607,30678.7,5.0,8.1,157.0,-273.0,-1.0,-1.0,RS41-SG,404.900,8.7,250,8,2.5,,
2026-10-07T00:55:16.994Z,Y1152115,8471,45.46516,9.33611,30683.5,4.6,7.7,155.0,-55.7,-1.0,-1.0,RS41-SG,404.900,8.3,250,8,2.5,,
2026-10-07T00:55:18.994Z,Y1152115,8473,45.46504,9.33620,30691.7,3.8,7.6,144.1,-55.6,-1.0,-1.0,RS41-SG,404.900,8.0,250,8,2.5,,
2026-10-07T00:55:19.994Z,Y1152115,8474,45.46499,9.33627,30695.5,3.9,8.3,138.4,-55.6,-1.0,-1.0,RS41-SG,404.900,8.2,250,8,2.5,,
2026-10-07T00:55:20.994Z,Y1152115,8475,45.46493,9.33635,30699.7,4.5,9.3,133.6,-55.6,-1.0,-1.0,RS41-SG,404.900,8.5,250,8,2.6,,
2026-10-07T00:55:21.994Z,Y1152115,8476,45.46487,9.33644,30704.5,5.1,10.3,131.4,-55.6,-1.0,-1.0,RS41-SG,404.900,8.7,250,8,2.5,,
2026-10-07T00:55:22.994Z,Y1152115,8477,45.46481,9.33654,30709.0,4.0,10.7,129.5,-55.6,-1.0,-1.0,RS41-SG,404.900,8.7,250,8,2.5,,
2026-10-07T00:55:27.994Z,Y1152115,8482,45.46463,9.33689,30730.2,3.2,2.1,108.1,-55.5,-1.0,-1.0,RS41-SG,404.900,8.6,250,8,2.5,,
2026-10-07T00:55:31.994Z,Y1152115,8486,45.46459,9.33700,30748.0,3.7,4.8,131.2,-55.4,-1.0,-1.0,RS41-SG,404.900,8.2,250,8,2.5,,
2026-10-07T00:55:34.994Z,Y1152115,8489,45.46447,9.33718,30759.4,4.7,6.9,131.9,-55.3,-1.0,-1.0,RS41-SG,404.900,8.4,250,8,2.5,,
2026-10-07T00:55:35.994Z,Y1152115,8490,45.46443,9.33724,30764.4,5.3,6.0,131.4,-55.2,-1.0,-1.0,RS41-SG,404.900,9.3,250,8,2.5,,
2026-10-07T00:55:36.994Z,Y1152115,8491,45.46440,9.33730,30769.0,4.0,5.0,128.1,-55.2,-1.0,-1.0,RS41-SG,404.900,9.3,250,8,2.5,,
2026-10-07T00:55:37.994Z,Y1152115,8492,45.46438,9.33734,30772.9,3.7,4.1,124.1,-55.2,-1.0,-1.0,RS41-SG,404.900,8.1,250,8,2.6,,
2026-10-07T00:55:38.994Z,Y1152115,8493,45.46436,9.33738,30776.9,4.1,3.6,121.0,-55.2,-1.0,-1.0,RS41-SG,404.900,8.9,250,8,2.5,,
2026-10-07T00:55:39.994Z,Y1152115,8494,45.46434,9.33742,30781.3,4.8,3.6,117.8,-55.2,-1.0,-1.0,RS41-SG,404.900,8.9,250,8,2.5,,
2026-10-07T00:55:40.994Z,Y1152115,8495,45.46433,9.33747,30786.3,5.2,4.1,117.8,-55.2,-1.0,-1.0,RS41-SG,404.900,8.9,250,8,2.5,,
2026-10-07T00:55:41.994Z,Y1152115,8496,45.46431,9.33752,30791.0,4.2,4.7,119.4,-55.2,-1.0,-1.0,RS41-SG,404.900,8.4,625,8,2.4,,
2026-10-07T00:55:42.994Z,Y1152115,8497,45.46429,9.33757,30795.0,3.7,5.0,118.5,-55.2,-1.0,-1.0,RS41-SG,404.900,8.7,250,8,2.5,,
2026-10-07T00:55:43.994Z,Y1152115,8498,45.46427,9.33763,30798.8,4.0,5.0,114.7,-55.3,-1.0,-1.0,RS41-SG,404.900,8.7,250,8,2.6,,
2026-10-07T00:55:44.994Z,Y1152115,8499,45.46425,9.33768,30803.1,4.7,4.5,107.8,-55.3,-1.0,-1.0,RS41-SG,404.900,7.8,250,8,2.6,,
2026-10-07T00:55:45.994Z,Y1152115,8500,45.46424,9.33774,30807.9,4.7,3.9,95.2,-55.2,-1.0,-1.0,RS41-SG,404.900,8.5,250,8,2.5,,
2026-10-07T00:55:49.994Z,Y1152115,8504,45.46426,9.33793,30824.2,4.5,4.6,91.9,-54.7,-1.0,-1.0,RS41-SG,404.900,8.2,250,8,2.5,,
2026-10-07T00:55:52.994Z,Y1152115,8507,45.46421,9.33815,30838.0,4.1,6.7,112.5,-54.6,-1.0,-1.0,RS41-SG,404.900,8.6,250,8,2.5,,
2026-10-07T00:55:54.994Z,Y1152115,8509,45.46418,9.33829,30846.7,4.6,4.9,105.3,-54.6,-1.0,-1.0,RS41-SG,404.900,7.8,250,8,2.5,,
2026-10-07T00:55:55.994Z,Y1152115,8510,45.46417,9.33835,30851.5,4.9,3.6,88.0,-54.6,-1.0,-1.0,RS41-SG,404.900,8.5,250,8,2.5,,
2026-10-07T00:56:00.994Z,Y1152115,8515,45.46426,9.33857,30872.7,5.0,6.3,80.3,-54.4,-1.0,-1.0,RS41-SG,404.900,8.2,250,8,2.4,,
2026-10-07T00:56:01.994Z,Y1152115,8516,45.46426,9.33866,30877.3,4.3,8.1,91.9,-54.4,-1.0,-1.0,RS41-SG,404.900,8.2,250,8,2.5,,
2026-10-07T00:56:02.994Z,Y1152115,8517,45.46425,9.33877,30881.1,3.4,9.7,98.6,-54.4,-1.0,-1.0,RS41-SG,404.900,9.0,250,8,2.6,,
2026-10-07T00:56:03.994Z,Y1152115,8518,45.46423,9.33890,30884.5,3.5,10.5,101.6,-54.4,-1.0,-1.0,RS41-SG,404.900,9.5,250,8,2.5,,
2026-10-07T00:56:04.994Z,Y1152115,8519,45.46422,9.33903,30888.4,4.2,10.4,102.5,-54.3,-1.0,-1.0,RS41-SG,404.900,9.5,250,8,2.5,,
2026-10-07T00:56:05.994Z,Y1152115,8520,45.46420,9.33915,30893.0,4.9,9.1,101.0,-54.2,-1.0,-1.0,RS41-SG,404.900,9.9,250,8,2.4,,
2026-10-07T00:56:06.994Z,Y1152115,8521,45.46419,9.33925,30897.9,5.1,7.0,97.3,-54.1,-1.0,-1.0,RS41-SG,404.900,9.9,250,8,2.4,,
2026-10-07T00:56:07.994Z,Y1152115,8522,45.46418,9.33933,30902.9,4.7,4.7,88.1,-54.1,-1.0,-1.0,RS41-SG,404.900,9.8,250,8,2.5,,
2026-10-07T00:56:08.994Z,Y1152115,8523,45.46419,9.33937,30907.2,4.0,2.9,69.1,-54.0,-1.0,-1.0,RS41-SG,404.900,9.2,250,8,2.5,,
2026-10-07T00:56:09.994Z,Y1152115,8524,45.46420,9.33940,30911.1,3.8,1.7,39.4,-53.9,-1.0,-1.0,RS41-SG,404.900,8.9,625,8,2.5,,
2026-10-07T00:56:10.994Z,Y1152115,8525,45.46421,9.33941,30915.2,4.3,1.2,21.8,-53.8,-1.0,-1.0,RS41-SG,404.900,8.0,250,8,2.5,,
2026-10-07T00:56:12.994Z,Y1152115,8527,45.46421,9.33944,30924.6,4.9,2.9,100.0,-53.7,-1.0,-1.0,RS41-SG,404.900,6.8,250,8,2.5,,
2026-10-07T00:56:13.994Z,Y1152115,8528,45.46421,9.33949,30929.5,4.8,5.5,102.0,-53.7,-1.0,-1.0,RS41-SG,404.900,6.9,250,8,2.5,,
2026-10-07T00:56:14.994Z,Y1152115,8529,45.46420,9.33958,30934.0,4.3,8.4,97.5,-53.7,-1.0,-1.0,RS41-SG,404.900,7.8,250,8,2.5,,
2026-10-07T00:56:15.994Z,Y1152115,8530,45.46419,9.33971,30938.2,4.0,11.1,91.6,-53.7,-1.0,-1.0,RS41-SG,404.900,8.4,250,8,2.5,,
2026-10-07T00:56:16.994Z,Y1152115,8531,45.46419,9.33986,30942.2,3.9,13.1,85.8,-53.7,-1.0,-1.0,RS41-SG,404.900,8.4,250,8,2.5,,
2026-10-07T00:56:17.994Z,Y1152115,8532,45.46421,9.34003,30946.1,3.9,13.9,79.7,-53.7,-1.0,-1.0,RS41-SG,404.900,8.1,250,8,2.4,,
2026-10-07T00:56:19.994Z,Y1152115,8534,45.46427,9.34034,30954.8,4.8,11.1,69.6,-53.7,-1.0,-1.0,RS41-SG,404.900,8.4,250,8,2.5,,
2026-10-07T00:56:20.994Z,Y1152115,8535,45.46430,9.34046,30959.8,5.1,7.9,66.3,-53.6,-1.0,-1.0,RS41-SG,404.900,8.5,250,8,2.5,,
2026-10-07T00:56:21.994Z,Y1152115,8536,45.46432,9.34053,30964.8,4.9,4.5,66.4,-53.6,1.0,-1.0,RS41-SG,404.900,8.7,250,8,2.5,,
2026-10-07T00:56:22.994Z,Y1152115,8537,45.46433,9.34057,30969.0,3.5,1.8,88.0,-53.5,0.9,-1.0,RS41-SG,404.900,8.7,250,8,2.5,,
2026-10-07T00:56:23.994Z,Y1152115,8538,45.46432,9.34058,30972.2,3.1,1.6,158.6,-53.5,0.9,-1.0,RS41-SG,404.900,8.5,625,8,2.4,,
2026-10-07T00:56:29.994Z,Y1152115,8544,45.46418,9.34103,30997.2,2.5,12.9,97.9,-53.0,0.8,-1.0,RS41-SG,404.900,8.5,250,8,2.5,,
2026-10-07T00:56:34.994Z,Y1152115,8549,45.46409,9.34172,31020.4,3.7,6.4,113.8,-52.9,1.0,-1.0,RS41-SG,404.900,9.3,250,8,2.5,,
2026-10-07T00:56:35.994Z,Y1152115,8550,45.46407,9.34178,31023.8,3.2,4.3,122.2,-52.9,1.0,-1.0,RS41-SG,404.900,9.3,625,8,2.5,,
2026-10-07T00:56:36.994Z,Y1152115,8551,45.46405,9.34182,31027.3,3.8,2.5,123.8,-52.9,1.0,-1.0,RS41-SG,404.900,9.1,250,8,2.4,,
2026-10-07T00:56:39.994Z,Y1152115,8554,45.46405,9.34190,31041.8,4.6,3.6,80.1,-52.9,0.9,-1.0,RS41-SG,404.900,7.5,250,8,2.5,,
2026-10-07T00:56:40.994Z,Y1152115,8555,45.46405,9.34196,31046.1,4.1,5.2,86.0,-52.9,0.9,-1.0,RS41-SG,404.900,8.1,250,8,2.5,,
2026-10-07T00:56:44.994Z,Y1152115,8559,45.46400,9.34236,31064.7,4.2,10.2,107.0,-52.9,0.8,-1.0,RS41-SG,404.900,8.7,250,8,2.5,,
2026-10-07T00:56:45.994Z,Y1152115,8560,45.46397,9.34249,31068.9,4.3,10.6,104.6,-52.9,0.8,-1.0,RS41-SG,404.900,8.7,250,8,2.5,,
2026-10-07T00:56:49.994Z,Y1152115,8564,45.46397,9.34303,31087.6,3.9,11.0,76.4,-52.6,0.8,-1.0,RS41-SG,404.900,8.9,250,8,2.5,,
2026-10-07T00:56:53.994Z,Y1152115,8568,45.46404,9.34350,31106.3,4.9,8.0,95.4,-52.2,0.8,-1.0,RS41-SG,404.900,8.1,625,8,2.4,,
2026-10-07T00:56:54.994Z,Y1152115,8569,45.46403,9.34361,31110.8,4.0,8.5,106.3,-52.2,0.7,-1.0,RS41-SG,404.900,8.1,250,8,2.5,,
2026-10-07T00:56:55.994Z,Y1152115,8570,45.46400,9.34372,31115.1,4.7,9.5,110.7,-52.2,0.7,-1.0,RS41-SG,404.900,7.7,250,8,2.6,,
2026-10-07T00:56:57.994Z,Y1152115,8572,45.46395,9.34398,31125.8,5.6,11.8,101.3,-52.1,0.7,-1.0,RS41-SG,404.900,7.8,250,8,2.5,,
2026-10-07T00:56:58.994Z,Y1152115,8573,45.46393,9.34413,31130.8,4.5,12.8,93.9,-52.1,0.7,-1.0,RS41-SG,404.900,7.8,250,8,2.4,,
2026-10-07T00:56:59.994Z,Y1152115,8574,45.46393,9.34430,31134.6,3.1,13.6,87.5,-52.1,0.8,-1.0,RS41-SG,404.900,7.8,250,8,2.4,,
2026-10-07T00:57:00.994Z,Y1152115,8575,45.46394,9.34447,31138.0,3.6,13.9,81.8,-52.1,0.7,-1.0,RS41-SG,404.900,8.8,250,8,2.5,,
2026-10-07T00:57:02.994Z,Y1152115,8577,45.46399,9.34480,31147.5,5.8,12.0,75.4,-52.1,0.8,-1.0,RS41-SG,404.900,8.3,250,8,2.5,,
2026-10-07T00:57:03.994Z,Y1152115,8578,45.46402,9.34494,31152.8,4.8,10.5,75.3,-52.0,0.7,-1.0,RS41-SG,404.900,8.5,250,8,2.5,,
2026-10-07T00:57:04.994Z,Y1152115,8579,45.46404,9.34506,31157.2,4.0,9.1,75.7,-51.9,0.8,-1.0,RS41-SG,404.900,8.9,250,8,2.5,,
2026-10-07T00:57:05.994Z,Y1152115,8580,45.46406,9.34516,31161.4,4.3,8.0,76.3,-51.8,0.8,-1.0,RS41-SG,404.900,8.9,250,8,2.4,,
2026-10-07T00:57:07.994Z,Y1152115,8582,45.46409,9.34535,31171.4,5.6,7.8,73.5,-51.4,0.7,-1.0,RS41-SG,404.900,7.6,250,8,2.5,,
2026-10-07T00:57:08.994Z,Y1152115,8583,45.46411,9.34545,31176.6,4.8,8.4,71.7,-51.3,0.7,-1.0,RS41-SG,404.900,7.6,250,8,2.6,,
2026-10-07T00:57:09.994Z,Y1152115,8584,45.46414,9.34556,31181.1,4.1,9.1,71.8,-51.2,0.7,-1.0,RS41-SG,404.900,8.6,250,8,2.5,,
2026-10-07T00:57:10.994Z,Y1152115,8585,45.46416,9.34567,31185.3,4.2,9.7,73.2,-51.2,0.8,-1.0,RS41-SG,404.900,8.6,250,8,2.5,,
2026-10-07T00:57:11.994Z,Y1152115,8586,45.46419,9.34579,31189.6,4.4,10.0,76.7,-51.2,0.8,-1.0,RS41-SG,404.900,8.8,250,8,2.4,,
2026-10-07T00:57:12.994Z,Y1152115,8587,45.46420,9.34592,31194.4,5.1,10.1,81.6,-51.2,0.8,-1.0,RS41-SG,404.900,8.8,250,8,2.5,,
2026-10-07T00:57:13.994Z,Y1152115,8588,45.46421,9.34604,31199.8,5.7,9.9,87.7,-51.1,0.8,-1.0,RS41-SG,404.900,8.7,250,8,2.4,,
2026-10-07T00:57:14.994Z,Y1152115,8589,45.46421,9.34617,31205.3,5.3,9.9,92.5,-51.0,0.8,-1.0,RS41-SG,404.900,8.5,250,8,2.5,,
2026-10-07T00:57:15.994Z,Y1152115,8590,45.46421,9.34630,31210.0,4.2,10.1,95.1,-50.9,0.8,-1.0,RS41-SG,404.900,8.4,250,8,2.5,,
2026-10-07T00:57:16.994Z,Y1152115,8591,45.46420,9.34643,31214.4,4.6,10.5,94.3,-50.8,0.8,-1.0,RS41-SG,404.900,7.8,250,8,2.5,,
2026-10-07T00:57:17.994Z,Y1152115,8592,45.46420,9.34657,31219.3,5.2,11.1,89.6,-50.8,0.7,-1.0,RS41-SG,404.900,7.8,250,8,2.5,,
2026-10-07T00:57:18.994Z,Y1152115,8593,45.46420,9.34671,31224.6,5.5,12.0,84.6,-50.7,0.7,-1.0,RS41-SG,404.900,9.2,250,8,2.4,,
2026-10-07T00:57:19.994Z,Y1152115,8594,45.46422,9.34687,31229.5,4.5,12.6,80.6,-50.7,0.7,-1.0,RS41-SG,404.900,9.2,250,8,2.5,,
2026-10-07T00:57:20.994Z,Y1152115,8595,45.46424,9.34702,31234.1,4.6,12.7,78.3,-50.6,0.7,-1.0,RS41-SG,404.900,9.1,250,8,2.5,,
2026-10-07T00:57:21.994Z,Y1152115,8596,45.46426,9.34718,31238.9,5.1,12.0,77.9,-50.4,0.7,-1.0,RS41-SG,404.900,9.1,250,8,2.5,,
2026-10-07T00:57:22.994Z,Y1152115,8597,45.46428,9.34732,31244.2,5.5,10.6,80.4,-50.3,0.8,-1.0,RS41-SG,404.900,9.1,250,8,2.5,,
2026-10-07T00:57:23.994Z,Y1152115,8598,45.46429,9.34744,31249.8,5.7,8.8,86.1,-50.2,0.7,-1.0,RS41-SG,404.900,9.2,250,8,2.4,,
2026-10-07T00:57:24.994Z,Y1152115,8599,45.46429,9.34754,31255.3,5.5,7.3,96.1,-50.1,0.7,-1.0,RS41-SG,404.900,9.2,250,8,2.4,,
2026-10-07T00:57:25.994Z,Y1152115,8600,45.46428,9.34763,31260.5,5.1,6.4,109.6,-50.0,0.7,-1.0,RS41-SG,404.900,8.6,625,8,2.5,,
2026-10-07T00:57:26.994Z,Y1152115,8601,45.46425,9.34770,31265.2,4.2,6.1,117.3,-50.0,0.7,-1.0,RS41-SG,404.900,8.7,250,8,2.5,,
2026-10-07T00:57:27.994Z,Y1152115,8602,45.46423,9.34777,31269.4,4.3,6.5,116.0,-50.0,0.7,-1.0,RS41-SG,404.900,8.7,250,8,2.5,,
2026-10-07T00:57:29.994Z,Y1152115,8604,45.46420,9.34795,31279.5,5.7,8.9,94.7,-50.1,0.6,-1.0,RS41-SG,404.900,8.2,250,8,2.4,,
2026-10-07T00:57:30.994Z,Y1152115,8605,45.46420,9.34808,31284.9,5.2,10.6,86.4,-50.1,0.7,-1.0,RS41-SG,404.900,9.0,250,8,2.4,,
2026-10-07T00:57:31.994Z,Y1152115,8606,45.46421,9.34822,31289.6,4.2,12.2,82.5,-50.2,0.6,-1.0,RS41-SG,404.900,9.2,250,8,2.5,,
2026-10-07T00:57:32.994Z,Y1152115,8607,45.46422,9.34838,31294.0,4.5,13.1,81.7,-50.2,0.6,-1.0,RS41-SG,404.900,9.8,250,8,2.5,,
2026-10-07T00:57:33.994Z,Y1152115,8608,45.46424,9.34855,31299.1,5.6,13.1,84.1,-50.2,0.7,-1.0,RS41-SG,404.900,9.8,250,8,2.5,,
2026-10-07T00:57:34.994Z,Y1152115,8609,45.46424,9.34871,31305.1,6.4,11.9,89.4,-50.2,0.7,-1.0,RS41-SG,404.900,9.5,250,8,2.5,,
2026-10-07T00:57:35.994Z,Y1152115,8610,45.46424,9.34885,31311.4,6.1,10.5,97.6,-50.2,0.7,-1.0,RS41-SG,404.900,9.2,250,8,2.4,,
2026-10-07T00:57:36.994Z,Y1152115,8611,45.46422,9.34897,31316.6,4.4,9.4,106.7,-50.2,0.6,-1.0,RS41-SG,404.900,9.2,250,8,2.5,,
2026-10-07T00:57:37.994Z,Y1152115,8612,45.46419,9.34908,31321.0,4.3,8.7,116.3,-50.2,0.7,-1.0,RS41-SG,404.900,8.8,250,8,2.5,,
2026-10-07T00:57:38.994Z,Y1152115,8613,45.46415,9.34917,31325.6,4.9,8.4,121.5,-50.2,0.7,-1.0,RS41-SG,404.900,8.4,250,8,2.5,,
2026-10-07T00:57:40.994Z,Y1152115,8615,45.46408,9.34937,31336.8,6.4,9.2,109.3,-50.1,0.8,-1.0,RS41-SG,404.900,7.2,250,8,2.5,,
2026-10-07T00:57:41.994Z,Y1152115,8616,45.46406,9.34949,31343.3,6.6,10.5,98.6,-50.1,0.8,-1.0,RS41-SG,404.900,7.3,250,8,2.4,,
2026-10-07T00:57:43.994Z,Y1152115,8618,45.46406,9.34979,31354.2,4.4,13.1,86.2,-50.1,0.7,-1.0,RS41-SG,404.900,9.1,250,8,2.5,,
2026-10-07T00:57:44.994Z,Y1152115,8619,45.46407,9.34996,31358.8,4.8,13.5,82.9,-50.1,0.7,-1.0,RS41-SG,404.900,9.3,250,8,2.5,,
2026-10-07T00:57:45.994Z,Y1152115,8620,45.46409,9.35013,31364.1,5.8,13.1,81.5,-50.0,0.7,-1.0,RS41-SG,404.900,9.7,250,8,2.4,,
2026-10-07T00:57:46.994Z,Y1152115,8621,45.46410,9.35029,31370.2,6.4,11.8,82.1,-50.0,0.7,-1.0,RS41-SG,404.900,9.7,250,8,2.4,,
2026-10-07T00:57:47.994Z,Y1152115,8622,45.46411,9.35043,31376.2,5.6,10.6,84.0,-49.9,0.7,-1.0,RS41-SG,404.900,9.1,250,8,2.4,,
2026-10-07T00:57:48.994Z,Y1152115,8623,45.46412,9.35056,31381.7,5.3,9.7,88.4,-49.9,0.7,-1.0,RS41-SG,404.900,9.5,250,8,2.5,,
2026-10-07T00:57:49.994Z,Y1152115,8624,45.46412,9.35068,31387.0,5.4,9.6,93.3,-49.9,0.7,-1.0,RS41-SG,404.900,9.5,250,8,2.5,,
2026-10-07T00:57:50.994Z,Y1152115,8625,45.46411,9.35080,31392.7,5.9,10.4,96.9,-49.9,0.7,-1.0,RS41-SG,404.900,8.8,250,8,2.5,,
2026-10-07T00:57:51.994Z,Y1152115,8626,45.46410,9.35094,31398.8,6.4,11.9,98.1,-49.8,0.7,-1.0,RS41-SG,404.900,7.6,250,8,2.5,,
2026-10-07T00:57:52.994Z,Y1152115,8627,45.46408,9.35110,31404.9,5.9,13.5,97.1,-49.8,0.7,-1.0,RS41-SG,404.900,8.5,250,8,2.4,,
2026-10-07T00:57:53.994Z,Y1152115,8628,45.46407,9.35128,31410.3,4.7,14.8,95.5,-49.9,0.6,-1.0,RS41-SG,404.900,9.6,250,8,2.5,,
2026-10-07T00:57:54.994Z,Y1152115,8629,45.46406,9.35148,31414.9,4.4,15.7,93.7,-49.8,0.6,-1.0,RS41-SG,404.900,9.8,250,8,2.5,,
2026-10-07T00:57:55.994Z,Y1152115,8630,45.46405,9.35168,31419.7,5.1,15.7,91.7,-49.8,0.6,-1.0,RS41-SG,404.900,9.8,250,8,2.5,,
2026-10-07T00:57:56.994Z,Y1152115,8631,45.46405,9.35187,31425.3,6.2,14.8,90.4,-49.7,0.6,-1.0,RS41-SG,404.900,9.5,250,8,2.5,,
2026-10-07T00:57:57.994Z,Y1152115,8632,45.46405,9.35205,31431.7,6.4,13.5,89.1,-49.5,0.6,-1.0,RS41-SG,404.900,9.0,250,8,2.4,,
2026-10-07T00:57:58.994Z,Y1152115,8633,45.46405,9.35221,31437.5,5.2,12.3,87.8,-49.5,0.6,-1.0,RS41-SG,404.900,9.1,250,8,2.4,,
2026-10-07T00:57:59.994Z,Y1152115,8634,45.46406,9.35236,31442.8,5.3,11.4,86.2,-49.4,0.6,-1.0,RS41-SG,404.900,9.3,250,8,2.5,,
2026-10-07T00:58:00.994Z,Y1152115,8635,45.46407,9.35251,31448.4,5.8,11.3,84.4,-49.4,0.7,-1.0,RS41-SG,404.900,9.3,250,8,2.5,,
2026-10-07T00:58:01.994Z,Y1152115,8636,45.46408,9.35265,31454.5,6.4,11.9,83.7,-49.5,0.6,-1.0,RS41-SG,404.900,8.4,250,8,2.5,,
2026-10-07T00:58:02.994Z,Y1152115,8637,45.46409,9.35281,31460.6,5.9,12.8,83.3,-49.5,0.6,-1.0,RS41-SG,404.900,8.2,250,8,2.5,,
2026-10-07T00:58:03.994Z,Y1152115,8638,45.46410,9.35298,31466.3,5.4,13.6,84.6,-49.5,0.7,-1.0,RS41-SG,404.900,9.2,250,8,2.4,,
2026-10-07T00:58:04.994Z,Y1152115,8639,45.46411,9.35315,31471.5,5.3,14.1,86.4,-49.5,0.6,-1.0,RS41-SG,404.900,9.2,250,8,2.5,,
2026-10-07T00:58:05.994Z,Y1152115,8640,45.46412,9.35333,31476.9,5.6,14.2,88.9,-49.4,0.6,-1.0,RS41-SG,404.900,9.4,250,8,2.6,,
2026-10-07T00:58:06.994Z,Y1152115,8641,45.46411,9.35351,31482.6,6.0,13.8,92.4,-49.4,0.6,-1.0,RS41-SG,404.900,9.5,250,8,2.5,,
2026-10-07T00:58:07.994Z,Y1152115,8642,45.46411,9.35368,31488.7,6.2,13.1,95.4,-49.4,0.6,-1.0,RS41-SG,404.900,9.5,250,8,2.5,,
2026-10-07T00:58:08.994Z,Y1152115,8643,45.46409,9.35384,31494.9,6.1,12.5,97.5,-49.4,0.6,-1.0,RS41-SG,404.900,8.6,250,8,2.5,,
2026-10-07T00:58:09.994Z,Y1152115,8644,45.46408,9.35400,31500.7,5.6,12.0,97.1,-49.4,0.6,-1.0,RS41-SG,404.900,8.5,250,8,2.4,,
2026-10-07T00:58:10.994Z,Y1152115,8645,45.46407,9.35415,31506.2,5.5,12.2,93.2,-49.5,0.6,-1.0,RS41-SG,404.900,8.5,250,8,2.5,,
2026-10-07T00:58:12.994Z,Y1152115,8647,45.46409,9.35449,31517.4,5.8,14.8,79.9,-49.6,0.6,-1.0,RS41-SG,404.900,8.8,250,8,2.5,,
2026-10-07T00:58:13.994Z,Y1152115,8648,45.46412,9.35469,31523.3,5.9,16.8,75.1,-49.6,0.6,-1.0,RS41-SG,404.900,8.8,250,8,2.5,,
2026-10-07T00:58:14.994Z,Y1152115,8649,45.46416,9.35490,31529.0,5.4,18.4,72.9,-49.6,0.5,-1.0,RS41-SG,404.900,9.2,250,8,2.4,,
2026-10-07T00:58:15.994Z,Y1152115,8650,45.46421,9.35513,31534.3,5.2,19.3,72.5,-49.6,0.5,-1.0,RS41-SG,404.900,9.5,250,8,2.4,,
2026-10-07T00:58:16.994Z,Y1152115,8651,45.46426,9.35536,31539.9,6.0,18.8,74.2,-49.6,0.5,-1.0,RS41-SG,404.900,9.5,250,8,2.5,,
2026-10-07T00:58:17.994Z,Y1152115,8652,45.46430,9.35559,31546.2,6.5,17.5,78.3,-49.5,0.6,-1.0,RS41-SG,404.900,9.1,250,8,2.5,,
2026-10-07T00:58:18.994Z,Y1152115,8653,45.46432,9.35580,31552.7,6.6,15.7,84.2,-49.5,0.6,-1.0,RS41-SG,404.900,8.9,250,8,2.5,,
2026-10-07T00:58:19.994Z,Y1152115,8654,45.46433,9.35598,31558.9,5.9,13.8,91.3,-49.6,0.6,-1.0,RS41-SG,404.900,9.5,250,8,2.5,,
2026-10-07T00:58:20.994Z,Y1152115,8655,45.46432,9.35615,31564.5,5.2,12.5,99.9,-49.6,0.6,-1.0,RS41-SG,404.900,9.5,250,8,2.4,,
2026-10-07T00:58:21.994Z,Y1152115,8656,45.46429,9.35630,31569.5,4.9,12.0,105.3,-49.6,0.7,-1.0,RS41-SG,404.900,9.0,250,8,2.5,,
2026-10-07T00:58:22.994Z,Y1152115,8657,45.46426,9.35645,31574.9,5.7,12.5,106.2,-49.6,0.7,-1.0,RS41-SG,404.900,8.6,250,8,2.5,,
2026-10-07T00:58:25.994Z,Y1152115,8660,45.46422,9.35702,31594.3,6.3,18.6,86.9,-49.7,0.8,-1.0,RS41-SG,404.900,8.3,250,8,2.4,,
2026-10-07T00:58:26.994Z,Y1152115,8661,45.46424,9.35727,31599.8,4.7,20.7,82.3,-49.7,0.7,-1.0,RS41-SG,404.900,8.3,250,8,2.4,,
2026-10-07T00:58:27.994Z,Y1152115,8662,45.46427,9.35754,31604.3,4.5,22.4,78.7,-49.7,0.7,-1.0,RS41-SG,404.900,7.7,250,8,2.5,,
2026-10-07T00:58:28.994Z,Y1152115,8663,45.46431,9.35782,31609.5,5.8,22.9,76.2,-49.7,0.7,-1.0,RS41-SG,404.900,8.8,250,8,2.5,,
2026-10-07T00:58:29.994Z,Y1152115,8664,45.46436,9.35810,31616.1,7.4,21.8,75.3,-49.7,0.7,-1.0,RS41-SG,404.900,8.8,250,8,2.5,,
2026-10-07T00:58:30.994Z,Y1152115,8665,45.46441,9.35836,31623.3,7.1,19.9,76.0,-49.8,0.8,-1.0,RS41-SG,404.900,8.5,250,8,2.4,,
2026-10-07T00:58:31.994Z,Y1152115,8666,45.46444,9.35859,31629.7,5.8,18.0,79.0,-49.8,0.8,-1.0,RS41-SG,404.900,8.1,250,8,2.4,,
2026-10-07T00:58:32.994Z,Y1152115,8667,45.46447,9.35881,31635.1,5.1,16.3,84.5,-49.7,0.7,-1.0,RS41-SG,404.900,8.1,250,8,2.5,,
2026-10-07T00:58:33.994Z,Y1152115,8668,45.46447,9.35901,31640.0,4.9,15.6,91.8,-49.8,0.8,-1.0,RS41-SG,404.900,8.2,250,8,2.5,,
2026-10-07T00:58:34.994Z,Y1152115,8669,45.46446,9.35921,31645.2,5.5,15.9,98.5,-49.8,0.7,-1.0,RS41-SG,404.900,8.2,250,8,2.5,,
2026-10-07T00:58:35.994Z,Y1152115,8670,45.46443,9.35942,31651.2,6.4,17.4,102.2,-49.8,0.7,-1.0,RS41-SG,404.900,8.0,250,8,2.4,,
2026-10-07T00:58:36.994Z,Y1152115,8671,45.46440,9.35964,31657.6,6.5,19.1,102.7,-49.7,0.6,-1.0,RS41-SG,404.900,8.5,250,8,2.5,,
2026-10-07T00:58:39.994Z,Y1152115,8674,45.46430,9.36042,31674.2,5.8,21.7,96.1,-49.6,0.7,-1.0,RS41-SG,404.900,8.0,250,8,2.5,,
2026-10-07T00:58:40.994Z,Y1152115,8675,45.46428,9.36070,31680.5,6.6,21.2,93.4,-49.6,0.7,-1.0,RS41-SG,404.900,8.0,250,8,2.5,,
2026-10-07T00:58:41.994Z,Y1152115,8676,45.46428,9.36096,31686.9,6.3,20.3,91.1,-49.6,0.6,-1.0,RS41-SG,404.900,8.1,250,8,2.5,,
2026-10-07T00:58:42.994Z,Y1152115,8677,45.46428,9.36121,31692.8,5.5,19.6,89.4,-49.6,0.6,-1.0,RS41-SG,404.900,8.1,250,8,2.4,,
2026-10-07T00:58:43.994Z,Y1152115,8678,45.46428,9.36146,31698.1,5.3,19.4,88.0,-49.6,0.6,-1.0,RS41-SG,404.900,9.2,250,8,2.4,,
2026-10-07T00:58:44.994Z,Y1152115,8679,45.46429,9.36171,31703.6,5.6,19.7,87.5,-49.6,0.6,-1.0,RS41-SG,404.900,9.2,250,8,2.5,,
2026-10-07T00:58:45.994Z,Y1152115,8680,45.46429,9.36197,31709.5,6.3,20.6,88.4,-49.6,0.6,-1.0,RS41-SG,404.900,9.1,250,8,2.5,,
2026-10-07T00:58:46.994Z,Y1152115,8681,45.46430,9.36224,31716.0,6.7,21.8,90.2,-49.6,0.6,-1.0,RS41-SG,404.900,9.0,250,7,2.5,,
2026-10-07T00:58:47.994Z,Y1152115,8682,45.46429,9.36252,31722.3,6.0,22.7,92.5,-49.6,0.6,-1.0,RS41-SG,404.900,9.0,250,7,2.5,,
2026-10-07T00:58:48.994Z,Y1152115,8683,45.46428,9.36281,31728.0,5.5,23.2,95.2,-49.6,0.6,-1.0,RS41-SG,404.900,8.9,250,8,2.4,,
2026-10-07T00:58:49.994Z,Y1152115,8684,45.46425,9.36311,31733.5,5.5,23.2,98.2,-49.6,0.6,-1.0,RS41-SG,404.900,8.9,250,8,2.5,,
2026-10-07T00:58:50.994Z,Y1152115,8685,45.46422,9.36339,31739.0,5.7,22.6,101.2,-49.6,0.6,-1.0,RS41-SG,404.900,8.8,250,8,2.5,,
2026-10-07T00:58:51.994Z,Y1152115,8686,45.46417,9.36367,31745.0,6.2,21.4,103.7,-49.6,0.6,-1.0,RS41-SG,404.900,8.8,250,8,2.5,,
2026-10-07T00:58:52.994Z,Y1152115,8687,45.46413,9.36392,31751.2,6.4,20.0,104.8,-49.6,0.6,-1.0,RS41-SG,404.900,8.5,250,8,2.5,,
2026-10-07T00:58:53.994Z,Y1152115,8688,45.46409,9.36416,31757.3,5.8,19.0,104.2,-49.6,0.7,-1.0,RS41-SG,404.900,7.9,250,8,2.4,,
2026-10-07T00:58:54.994Z,Y1152115,8689,45.46405,9.36439,31763.1,5.8,18.5,101.0,-49.6,0.6,-1.0,RS41-SG,404.900,8.9,250,8,2.4,,
2026-10-07T00:58:55.994Z,Y1152115,8690,45.46403,9.36463,31768.9,5.9,18.8,95.5,-49.5,0.6,-1.0,RS41-SG,404.900,8.9,250,8,2.5,,
2026-10-07T00:58:56.994Z,Y1152115,8691,45.46402,9.36487,31774.7,5.8,20.1,90.0,-49.5,0.6,-1.0,RS41-SG,404.900,8.1,250,8,2.5,,
2026-10-07T00:58:58.994Z,Y1152115,8693,45.46404,9.36543,31786.0,5.6,24.0,83.9,-49.5,0.6,-1.0,RS41-SG,404.900,8.6,250,8,2.5,,
2026-10-07T00:58:59.994Z,Y1152115,8694,45.46407,9.36574,31791.6,5.6,25.6,84.0,-49.6,0.7,-1.0,RS41-SG,404.900,8.8,250,8,2.4,,
2026-10-07T00:59:00.994Z,Y1152115,8695,45.46409,9.36607,31797.4,6.0,26.2,86.5,-49.5,0.6,-1.0,RS41-SG,404.900,8.8,250,8,2.5,,
2026-10-07T00:59:01.994Z,Y1152115,8696,45.46409,9.36640,31803.6,6.4,25.7,90.8,-49.5,0.6,-1.0,RS41-SG,404.900,7.7,250,8,2.5,,
2026-10-07T00:59:02.994Z,Y1152115,8697,45.46408,9.36672,31810.0,6.4,24.3,96.8,-49.6,0.6,-1.0,RS41-SG,404.900,7.7,250,8,2.5,,
2026-10-07T00:59:23.994Z,Y1152115,8718,45.46324,9.37181,31929.1,5.6,13.5,95.6,-50.2,0.8,-1.0,RS41-SG,404.900,7.7,250,8,2.5,,
2026-10-07T00:59:24.994Z,Y1152115,8719,45.46323,9.37199,31935.4,6.9,14.8,93.7,-50.2,0.8,-1.0,RS41-SG,404.900,7.7,250,8,2.4,,
2026-10-07T00:59:28.994Z,Y1152115,8723,45.46312,9.37292,31959.1,4.9,22.8,105.3,-50.3,0.6,-1.0,RS41-SG,404.900,7.4,250,8,2.5,,
2026-10-07T00:59:29.994Z,Y1152115,8724,45.46306,9.37321,31964.4,5.7,24.5,107.1,-50.3,0.6,-1.0,RS41-SG,404.900,7.4,250,8,2.5,,
2026-10-07T00:59:30.994Z,Y1152115,8725,45.46299,9.37351,31970.6,6.7,25.1,108.7,-50.3,0.6,-1.0,RS41-SG,404.900,7.6,250,8,2.4,,
2026-10-07T00:59:32.994Z,Y1152115,8727,45.46284,9.37410,31983.0,5.9,23.7,112.3,-50.3,0.7,-1.0,RS41-SG,404.900,6.9,250,8,2.5,,
2026-10-07T00:59:33.994Z,Y1152115,8728,45.46276,9.37436,31988.9,6.0,22.0,116.0,-50.3,0.7,-1.0,RS41-SG,404.900,7.0,250,8,2.5,,
2026-10-07T00:59:34.994Z,Y1152115,8729,45.46267,9.37460,31994.8,5.8,20.2,120.7,-50.3,0.7,-1.0,RS41-SG,404.900,7.0,250,8,2.5,,
2026-10-07T00:59:35.994Z,Y1152115,8730,45.46257,9.37480,32000.6,5.8,18.5,126.3,-50.2,0.7,-1.0,RS41-SG,404.900,8.0,250,8,2.4,,
2026-10-07T00:59:44.994Z,Y1152115,8739,45.46198,9.37645,32051.1,5.9,20.4,108.8,-50.1,0.5,-1.0,RS41-SG,404.900,8.1,250,8,2.5,,
2026-10-07T00:59:45.994Z,Y1152115,8740,45.46191,9.37669,32057.0,5.8,21.7,114.9,-50.0,0.5,-1.0,RS41-SG,404.900,8.1,250,8,2.5,,
2026-10-07T00:59:48.994Z,Y1152115,8743,45.46157,9.37740,32073.1,4.9,22.4,132.8,-49.9,0.5,-1.0,RS41-SG,404.900,8.1,250,8,2.5,,
2026-10-07T00:59:49.994Z,Y1152115,8744,45.46143,9.37760,32078.3,5.4,20.7,137.1,-49.9,0.5,-1.0,RS41-SG,404.900,8.1,250,8,2.5,,
2026-10-07T00:59:50.994Z,Y1152115,8745,45.46130,9.37776,32083.9,5.8,18.1,138.6,-49.9,0.5,-1.0,RS41-SG,404.900,7.6,250,8,2.6,,
2026-10-07T00:59:51.994Z,Y1152115,8746,45.46119,9.37790,32089.7,5.8,15.1,136.7,-49.8,0.5,-1.0,RS41-SG,404.900,7.3,250,8,2.5,,
2026-10-07T00:59:54.994Z,Y1152115,8749,45.46101,9.37829,32105.6,4.9,11.8,105.2,-49.8,0.6,-1.0,RS41-SG,404.900,7.9,250,8,2.4,,
2026-10-07T00:59:55.994Z,Y1152115,8750,45.46099,9.37845,32110.7,5.3,14.0,101.0,-49.8,0.6,-1.0,RS41-SG,404.900,7.9,250,8,2.4,,
2026-10-07T00:59:57.994Z,Y1152115,8752,45.46091,9.37887,32121.8,5.7,20.1,107.7,-49.8,0.6,-1.0,RS41-SG,404.900,7.6,250,8,2.5,,
2026-10-07T00:59:58.994Z,Y1152115,8753,45.46084,9.37913,32127.3,5.2,22.8,114.3,-49.8,0.6,-1.0,RS41-SG,404.900,7.6,250,8,2.5,,
2026-10-07T01:00:00.994Z,Y1152115,8755,45.46062,9.37965,32137.0,4.6,25.4,128.5,-49.9,0.7,-1.0,RS41-SG,404.900,8.4,250,8,2.5,,
2026-10-07T01:00:01.994Z,Y1152115,8756,45.46047,9.37989,32141.8,5.1,24.5,135.5,-49.9,0.6,-1.0,RS41-SG,404.900,8.4,250,8,2.5,,
2026-10-07T01:00:04.994Z,Y1152115,8759,45.46003,9.38035,32159.0,5.6,15.1,149.3,-50.0,0.7,-1.0,RS41-SG,404.900,7.8,250,8,2.5,,
2026-10-07T01:00:05.994Z,Y1152115,8760,45.45993,9.38044,32164.2,4.9,11.5,147.1,-50.0,0.7,-1.0,RS41-SG,404.900,7.8,250,8,2.4,,
2026-10-07T01:00:06.994Z,Y1152115,8761,45.45986,9.38052,32168.7,4.2,8.8,135.9,-50.1,0.7,-1.0,RS41-SG,404.900,7.6,250,8,2.4,,
2026-10-07T01:00:07.994Z,Y1152115,8762,45.45981,9.38061,32172.9,4.3,8.6,118.8,-50.1,0.6,-1.0,RS41-SG,404.900,6.8,250,8,2.5,,
2026-10-07T01:00:11.994Z,Y1152115,8766,45.45963,9.38127,32193.2,4.8,20.2,117.5,-50.1,0.8,-1.0,RS41-SG,404.900,7.6,250,8,2.4,,
2026-10-07T01:00:13.994Z,Y1152115,8768,45.45941,9.38173,32201.8,4.3,23.1,131.9,-50.2,0.8,-1.0,RS41-SG,404.900,7.4,250,8,2.5,,
2026-10-07T01:00:15.994Z,Y1152115,8770,45.45911,9.38209,32211.8,5.8,20.3,148.4,-50.2,0.7,-1.0,RS41-SG,404.900,7.2,250,8,2.5,,
2026-10-07T01:00:24.994Z,Y1152115,8779,45.45842,9.38299,32253.6,3.9,18.5,111.4,-49.9,0.7,-1.0,RS41-SG,404.900,7.6,250,8,2.5,,
2026-10-07T01:00:25.994Z,Y1152115,8780,45.45835,9.38322,32257.5,4.0,20.5,113.9,-49.9,0.6,-1.0,RS41-SG,404.900,7.6,250,8,2.5,,
2026-10-07T01:00:37.994Z,Y1152115,8792,45.45746,9.38476,32316.4,3.7,16.0,111.3,-49.7,0.6,-1.0,RS41-SG,404.900,7.7,250,8,2.5,,
2026-10-07T01:00:38.994Z,Y1152115,8793,45.45741,9.38497,32319.4,2.3,19.2,107.6,-49.6,0.6,-1.0,RS41-SG,404.900,7.7,250,8,2.5,,
2026-10-07T01:00:40.994Z,Y1152115,8795,45.45731,9.38548,32325.6,4.6,21.4,104.5,-49.6,0.6,-1.0,RS41-SG,404.900,7.8,250,8,2.5,,
2026-10-07T01:00:41.994Z,Y1152115,8796,45.45726,9.38573,32331.1,6.3,19.2,105.9,-49.6,0.6,-1.0,RS41-SG,404.900,7.8,250,8,2.5,,
2026-10-07T01:00:42.994Z,Y1152115,8797,45.45721,9.38594,32337.4,6.4,15.7,109.3,-49.6,0.6,-1.0,RS41-SG,404.900,8.1,250,8,2.5,,
2026-10-07T01:00:45.994Z,Y1152115,8800,45.45707,9.38628,32350.8,2.7,6.4,150.1,-49.6,0.6,-1.0,RS41-SG,404.900,7.8,250,8,2.5,,
2026-10-07T01:00:52.994Z,Y1152115,8807,45.45672,9.38696,32382.0,1.5,20.1,105.2,-49.7,0.5,-1.0,RS41,404.900,8.0,250,8,2.5,,
2026-10-07T01:00:53.994Z,Y1152115,8808,45.45667,9.38722,32384.2,2.9,21.8,103.6,-49.7,0.6,-1.0,RS41,404.900,8.0,250,8,2.5,,
2026-10-07T01:00:54.994Z,Y1152115,8809,45.45663,9.38749,32388.3,5.3,21.3,103.7,-49.7,0.6,-1.0,RS41,404.900,7.4,250,8,2.5,,
2026-10-07T01:00:57.994Z,Y1152115,8812,45.45650,9.38808,32406.7,4.5,11.0,115.7,-49.8,0.5,-1.0,RS41,404.900,7.9,250,8,2.5,,
2026-10-07T01:01:05.994Z,Y1152115,8820,45.45623,9.38882,32439.8,2.6,15.7,100.0,-49.9,0.5,-1.0,RS41,404.900,7.7,250,8,2.5,,
2026-10-07T01:01:06.994Z,Y1152115,8821,45.45621,9.38903,32442.6,3.1,17.5,98.4,-50.0,0.6,-1.0,RS41,404.900,7.7,250,8,2.5,,
2026-10-07T01:01:08.994Z,Y1152115,8823,45.45616,9.38947,32451.6,5.9,16.2,98.8,-50.0,0.5,-1.0,RS41,404.900,7.7,250,8,2.6,,
2026-10-07T01:01:09.994Z,Y1152115,8824,45.45614,9.38966,32457.6,5.9,13.9,100.2,-50.0,0.5,-1.0,RS41,404.900,7.7,250,8,2.5,,
2026-10-07T01:01:10.994Z,Y1152115,8825,45.45612,9.38982,32462.6,4.2,11.6,101.3,-50.1,0.6,-1.0,RS41,404.900,7.7,250,8,2.5,,
2026-10-07T01:01:11.994Z,Y1152115,8826,45.45610,9.38995,32466.4,3.3,9.2,101.9,-50.1,0.6,-1.0,RS41,404.900,7.7,250,8,2.5,,
2026-10-07T01:01:12.994Z,Y1152115,8827,45.45608,9.39005,32469.7,3.3,7.5,102.7,-50.1,0.5,-1.0,RS41,404.900,7.7,250,8,2.5,,
2026-10-07T01:01:13.994Z,Y1152115,8828,45.45607,9.39014,32473.4,4.2,6.8,99.7,-50.2,0.5,-1.0,RS41,404.900,7.6,250,8,2.5,,
2026-10-07T01:01:14.994Z,Y1152115,8829,45.45606,9.39023,32478.0,5.1,7.3,97.8,-50.2,0.6,-1.0,RS41,404.900,7.6,250,8,2.5,,
2026-10-07T01:01:18.994Z,Y1152115,8833,45.45602,9.39078,32498.2,3.9,14.4,98.5,-50.2,0.5,-1.0,RS41,404.900,6.9,250,8,2.5,,
2026-10-07T01:01:19.994Z,Y1152115,8834,45.45600,9.39096,32502.2,4.1,15.3,101.6,-50.2,0.5,-1.0,RS41,404.900,7.5,250,8,2.6,,
2026-10-07T01:01:20.994Z,Y1152115,8835,45.45596,9.39115,32506.5,4.5,15.4,105.9,-50.2,0.5,-1.0,RS41,404.900,7.8,250,8,2.5,,
2026-10-07T01:01:21.994Z,Y1152115,8836,45.45592,9.39134,32511.2,5.0,14.7,111.5,-50.1,0.5,-1.0,RS41,404.900,7.8,250,8,2.5,,
2026-10-07T01:01:22.994Z,Y1152115,8837,45.45587,9.39150,32516.4,5.2,13.5,115.8,-50.1,0.5,-1.0,RS41,404.900,7.6,250,8,2.5,,
2026-10-07T01:01:29.994Z,Y1152115,8844,45.45566,9.39250,32547.4,4.4,14.8,85.9,-50.1,0.5,-1.0,RS41,404.900,7.5,250,8,2.5,,
2026-10-07T01:01:30.994Z,Y1152115,8845,45.45567,9.39269,32551.7,4.2,16.1,85.2,-50.0,0.5,-1.0,RS41,404.900,7.5,250,8,2.5,,
2026-10-07T01:01:33.994Z,Y1152115,8848,45.45567,9.39328,32565.7,5.1,13.8,100.0,-50.0,0.5,-1.0,RS41,404.900,7.5,250,8,2.5,,
2026-10-07T01:01:34.994Z,Y1152115,8849,45.45564,9.39344,32570.7,4.8,12.2,111.0,-50.0,0.5,-1.0,RS41,404.900,7.5,250,8,2.5,,
2026-10-07T01:01:35.994Z,Y1152115,8850,45.45559,9.39358,32575.1,3.7,11.2,122.5,-50.0,0.5,-1.0,RS41,404.900,7.8,625,8,2.5,,
2026-10-07T01:01:42.994Z,Y1152115,8857,45.45524,9.39452,32605.9,3.2,16.6,97.1,-49.9,0.5,-1.0,RS41,404.900,7.4,250,8,2.5,,
2026-10-07T01:01:43.994Z,Y1152115,8858,45.45522,9.39473,32609.5,3.9,17.4,94.8,-49.9,0.5,-1.0,RS41-SG,404.900,7.7,250,8,2.5,,
2026-10-07T01:01:44.994Z,Y1152115,8859,45.45521,9.39495,32613.8,4.8,16.9,95.3,-49.9,0.5,-1.0,RS41-SG,404.900,7.8,250,8,2.5,,
2026-10-07T01:01:45.994Z,Y1152115,8860,45.45519,9.39515,32619.0,5.5,15.4,98.9,-49.9,0.5,-1.0,RS41-SG,404.900,7.9,250,8,2.5,,
2026-10-07T01:01:46.994Z,Y1152115,8861,45.45516,9.39533,32624.5,5.6,13.3,105.9,-49.9,0.5,-1.0,RS41-SG,404.900,7.9,250,8,2.5,,
2026-10-07T01:01:49.994Z,Y1152115,8864,45.45500,9.39571,32636.6,3.0,11.6,135.3,-50.0,0.5,-1.0,RS41-SG,404.900,7.7,250,8,2.5,,
2026-10-07T01:01:54.994Z,Y1152115,8869,45.45457,9.39645,32659.2,4.0,18.0,116.6,-49.9,0.5,-1.0,RS41-SG,404.900,7.5,250,8,2.5,,
2026-10-07T01:01:55.994Z,Y1152115,8870,45.45450,9.39666,32663.1,4.0,18.1,110.5,-49.9,0.5,-1.0,RS41-SG,404.900,7.6,250,8,2.5,,
2026-10-07T01:01:56.994Z,Y1152115,8871,45.45445,9.39688,32667.3,4.4,17.4,105.4,-49.9,0.5,-1.0,RS41-SG,404.900,7.6,250,8,2.4,,
2026-10-07T01:02:05.994Z,Y1152115,8880,45.45403,9.39845,32708.5,4.5,21.1,118.7,-49.4,0.5,-1.0,RS41-SG,404.900,7.5,250,8,2.5,,
2026-10-07T01:02:08.994Z,Y1152115,8883,45.45378,9.39921,32721.9,5.3,21.6,111.8,-49.3,0.5,-1.0,RS41-SG,404.900,7.7,250,8,2.5,,
2026-10-07T01:02:09.994Z,Y1152115,8884,45.45371,9.39946,32727.3,5.8,19.3,109.2,-49.2,0.5,-1.0,RS41-SG,404.900,7.7,250,8,2.5,,
2026-10-07T01:02:19.994Z,Y1152115,8894,45.45332,9.40130,32773.1,3.8,20.9,111.2,-48.8,0.5,-1.0,RS41-SG,404.900,7.8,250,8,2.5,,
2026-10-07T01:02:20.994Z,Y1152115,8895,45.45325,9.40155,32777.4,4.8,21.1,112.9,-48.8,0.6,-1.0,RS41-SG,404.900,7.8,250,8,2.6,,
2026-10-07T01:02:23.994Z,Y1152115,8898,45.45304,9.40221,32794.3,4.8,16.3,115.3,-48.8,0.5,-1.0,RS41-SG,404.900,8.2,250,8,2.5,,
2026-10-07T01:02:24.994Z,Y1152115,8899,45.45298,9.40238,32798.8,4.2,14.6,113.7,-48.8,0.5,-1.0,RS41-SG,404.900,8.2,250,8,2.5,,
2026-10-07T01:02:26.994Z,Y1152115,8901,45.45290,9.40271,32807.5,4.8,13.2,103.7,-48.8,0.5,-1.0,RS41-SG,404.900,8.0,250,8,2.5,,
2026-10-07T01:02:27.994Z,Y1152115,8902,45.45287,9.40288,32812.7,5.5,14.0,98.1,-48.8,0.5,-1.0,RS41-SG,404.900,8.2,250,8,2.5,,
2026-10-07T01:02:28.994Z,Y1152115,8903,45.45286,9.40307,32818.0,5.0,15.1,95.1,-48.9,0.5,-1.0,RS41-SG,404.900,8.4,250,8,2.5,,
2026-10-07T01:02:29.994Z,Y1152115,8904,45.45285,9.40326,32822.8,4.6,16.2,94.7,-48.9,0.4,-1.0,RS41-SG,404.900,8.4,250,8,2.5,,
2026-10-07T01:02:30.994Z,Y1152115,8905,45.45283,9.40347,32827.6,4.9,16.9,95.8,-48.9,0.5,-1.0,RS41-SG,404.900,8.3,250,8,2.5,,
2026-10-07T01:02:31.994Z,Y1152115,8906,45.45282,9.40369,32832.6,5.3,17.0,98.2,-48.9,0.5,-1.0,RS41-SG,404.900,8.3,250,8,2.5,,
2026-10-07T01:02:32.994Z,Y1152115,8907,45.45279,9.40390,32838.0,5.6,16.7,102.3,-48.9,0.5,-1.0,RS41-SG,404.900,8.3,250,8,2.5,,
2026-10-07T01:02:33.994Z,Y1152115,8908,45.45275,9.40410,32843.4,5.1,16.0,106.6,-48.9,0.5,-1.0,RS41-SG,404.900,7.9,250,8,2.5,,
2026-10-07T01:02:34.994Z,Y1152115,8909,45.45271,9.40429,32848.2,4.4,15.6,111.1,-49.0,0.5,-1.0,RS41-SG,404.900,7.8,250,8,2.5,,
2026-10-07T01:02:35.994Z,Y1152115,8910,45.45265,9.40447,32852.7,4.5,15.5,114.0,-49.0,0.5,-1.0,RS41-SG,404.900,7.8,250,8,2.5,,
2026-10-07T01:02:36.994Z,Y1152115,8911,45.45260,9.40465,32857.4,4.9,15.7,115.3,-48.9,0.5,-1.0,RS41-SG,404.900,7.7,250,8,2.5,,
2026-10-07T01:02:39.994Z,Y1152115,8914,45.45243,9.40523,32874.1,5.2,17.3,107.6,-49.0,0.5,-1.0,RS41-SG,404.900,7.2,250,8,2.5,,
2026-10-07T01:02:41.994Z,Y1152115,8916,45.45235,9.40566,32883.7,4.6,17.1,101.5,-49.0,0.5,-1.0,RS41-SG,404.900,7.1,625,8,2.5,,
2026-10-07T01:02:42.994Z,Y1152115,8917,45.45232,9.40587,32888.4,4.8,16.1,99.7,-49.0,0.4,-1.0,RS41-SG,404.900,7.4,250,8,2.6,,
2026-10-07T01:02:43.994Z,Y1152115,8918,45.45230,9.40606,32893.3,5.1,14.8,99.1,-49.0,0.5,-1.0,RS41-SG,404.900,7.4,250,8,2.5,,
2026-10-07T01:02:44.994Z,Y1152115,8919,45.45228,9.40624,32898.6,5.5,13.5,100.5,-49.0,0.5,-1.0,RS41-SG,404.900,7.2,250,8,2.5,,
2026-10-07T01:02:59.994Z,Y1152115,8934,45.45164,9.40918,32973.1,5.2,10.9,107.4,-49.3,0.5,-1.0,RS41-SG,404.900,6.9,250,8,2.5,,
2026-10-07T01:03:05.994Z,Y1152115,8940,45.45133,9.41044,33002.6,4.7,22.2,110.4,-49.4,0.5,-1.0,RS41-SG,404.900,8.4,250,8,2.6,,
2026-10-07T01:03:06.994Z,Y1152115,8941,45.45126,9.41070,33007.8,5.7,21.2,111.8,-49.4,0.6,-1.0,RS41-SG,404.900,8.4,250,8,2.5,,
2026-10-07T01:03:07.994Z,Y1152115,8942,45.45119,9.41094,33013.8,6.1,19.1,113.7,-49.5,0.5,-1.0,RS41-SG,404.900,8.5,250,8,2.5,,
2026-10-07T01:03:08.994Z,Y1152115,8943,45.45112,9.41114,33019.6,5.7,16.6,116.0,-49.5,0.5,-1.0,RS41-SG,404.900,8.5,250,8,2.5,,
2026-10-07T01:03:14.994Z,Y1152115,8949,45.45080,9.41210,33048.8,5.5,16.7,107.5,-49.4,0.4,-1.0,RS41-SG,404.900,8.1,250,8,2.5,,
2026-10-07T01:03:15.994Z,Y1152115,8950,45.45076,9.41231,33054.1,5.1,19.1,106.3,-49.4,0.4,-1.0,RS41-SG,404.900,8.1,250,8,2.5,,
2026-10-07T01:03:16.994Z,Y1152115,8951,45.45071,9.41256,33059.1,4.6,20.9,106.5,-49.4,0.4,-1.0,RS41-SG,404.900,8.2,250,8,2.5,,
2026-10-07T01:03:17.994Z,Y1152115,8952,45.45065,9.41282,33063.8,4.7,21.9,108.0,-49.4,0.4,-1.0,RS41-SG,404.900,8.2,250,8,2.5,,
2026-10-07T01:03:21.994Z,Y1152115,8956,45.45037,9.41372,33085.3,5.2,14.9,120.9,-49.3,0.5,-1.0,RS41-SG,404.900,7.2,250,8,2.5,,
2026-10-07T01:03:29.994Z,Y1152115,8964,45.45006,9.41502,33124.0,4.1,20.4,101.1,-49.1,0.4,-1.0,RS41-SG,404.900,8.0,250,8,2.5,,
2026-10-07T01:03:31.994Z,Y1152115,8966,45.44997,9.41554,33133.8,5.8,21.0,108.7,-49.1,0.5,-1.0,RS41-SG,404.900,8.6,250,8,2.5,,
2026-10-07T01:03:32.994Z,Y1152115,8967,45.44990,9.41577,33139.9,6.4,19.4,114.0,-49.1,0.4,-1.0,RS41-SG,404.900,8.6,250,8,2.5,,
2026-10-07T01:03:33.994Z,Y1152115,8968,45.44983,9.41598,33145.9,5.7,17.5,119.4,-49.1,0.5,-1.0,RS41-SG,404.900,8.5,250,8,2.5,,
2026-10-07T01:03:37.994Z,Y1152115,8972,45.44954,9.41659,33164.1,5.5,12.7,121.2,-49.1,0.4,-1.0,RS41-SG,404.900,7.0,250,8,2.5,,
2026-10-07T01:03:39.994Z,Y1152115,8974,45.44944,9.41691,33175.9,5.9,15.6,109.4,-49.1,0.4,-1.0,RS41-SG,404.900,8.0,250,8,2.5,,
2026-10-07T01:03:40.994Z,Y1152115,8975,45.44939,9.41711,33181.2,4.8,17.5,106.4,-49.1,0.4,-1.0,RS41-SG,404.900,8.5,250,8,2.5,,
2026-10-07T01:03:41.994Z,Y1152115,8976,45.44935,9.41733,33185.6,4.0,19.0,105.2,-49.0,0.4,-1.0,RS41-SG,404.900,8.5,250,8,2.5,,
2026-10-07T01:03:42.994Z,Y1152115,8977,45.44930,9.41757,33189.8,4.4,19.9,105.6,-49.0,0.4,-1.0,RS41-SG,404.900,8.7,250,8,2.5,,
2026-10-07T01:03:43.994Z,Y1152115,8978,45.44925,9.41781,33194.4,4.9,19.8,107.2,-49.0,0.4,-1.0,RS41-SG,404.900,8.7,250,8,2.6,,
2026-10-07T01:03:44.994Z,Y1152115,8979,45.44920,9.41805,33199.7,5.6,19.0,110.6,-49.0,0.4,-1.0,RS41-SG,404.900,8.7,250,8,2.5,,
2026-10-07T01:03:45.994Z,Y1152115,8980,45.44913,9.41826,33205.3,5.6,17.6,114.5,-48.9,0.4,-1.0,RS41-SG,404.900,8.6,250,8,2.5,,
2026-10-07T01:03:46.994Z,Y1152115,8981,45.44907,9.41845,33210.8,5.5,16.1,119.2,-48.9,0.4,-1.0,RS41-SG,404.900,8.9,250,8,2.5,,
2026-10-07T01:03:47.994Z,Y1152115,8982,45.44899,9.41862,33216.0,4.8,14.9,123.0,-48.9,0.4,-1.0,RS41-SG,404.900,8.9,250,8,2.5,,
2026-10-07T01:03:50.994Z,Y1152115,8985,45.44877,9.41909,33230.8,5.3,15.8,121.6,-48.9,0.4,-1.0,RS41-SG,404.900,7.5,250,8,2.5,,
2026-10-07T01:03:51.994Z,Y1152115,8986,45.44870,9.41928,33236.1,5.4,17.5,117.4,-48.9,0.4,-1.0,RS41-SG,404.900,8.2,250,8,2.5,,
2026-10-07T01:03:53.994Z,Y1152115,8988,45.44855,9.41973,33246.5,4.9,21.4,111.9,-49.0,0.4,-1.0,RS41-SG,404.900,8.6,250,8,2.5,,
2026-10-07T01:03:54.994Z,Y1152115,8989,45.44848,9.41999,33251.2,4.7,22.6,111.1,-49.0,0.5,-1.0,RS41-SG,404.900,8.6,250,8,2.5,,
2026-10-07T01:03:55.994Z,Y1152115,8990,45.44841,9.42026,33256.1,4.9,22.7,111.6,-49.0,0.6,-1.0,RS41-SG,404.900,8.6,250,8,2.6,,
2026-10-07T01:03:56.994Z,Y1152115,8991,45.44833,9.42052,33261.3,5.5,21.6,113.6,-48.9,0.7,-1.0,RS41-SG,404.900,8.6,250,8,2.5,,
2026-10-07T01:03:59.994Z,Y1152115,8994,45.44809,9.42112,33277.5,4.8,14.7,129.3,-48.8,0.6,-1.0,RS41-SG,404.900,8.1,250,8,2.5,,
2026-10-07T01:04:00.994Z,Y1152115,8995,45.44800,9.42125,33282.1,4.3,12.9,135.8,-48.8,0.6,-1.0,RS41-SG,404.900,8.2,250,8,2.5,,
2026-10-07T01:04:01.994Z,Y1152115,8996,45.44792,9.42135,33286.5,4.4,11.7,139.2,-48.7,0.6,-1.0,RS41-SG,404.900,8.2,250,8,2.5,,
2026-10-07T01:04:07.994Z,Y1152115,9002,45.44758,9.42237,33316.5,3.5,22.1,103.3,-48.8,0.5,-1.0,RS41-SG,404.900,7.9,250,8,2.5,,
2026-10-07T01:04:18.994Z,Y1152115,9013,45.44656,9.42434,33251.4,-40.3,15.2,138.5,-48.5,0.5,-1.0,RS41-SG,404.900,7.2,625,8,2.6,,
2026-10-07T01:04:20.994Z,Y1152115,9015,45.44636,9.42460,33156.4,-54.4,14.8,136.6,-48.2,0.5,-1.0,RS41-SG,404.900,8.0,250,8,2.5,,
2026-10-07T01:04:32.994Z,Y1152115,9027,45.44545,9.42718,32759.3,-29.1,36.1,110.8,-48.8,0.4,-1.0,RS41-SG,404.900,6.8,250,8,2.5,,
2026-10-07T01:04:40.994Z,Y1152115,9035,45.44513,9.42914,32536.6,-29.5,7.0,179.8,-49.9,0.4,-1.0,RS41-SG,404.900,8.5,625,8,2.5,,
2026-10-07T01:04:41.994Z,Y1152115,9036,45.44505,9.42913,32506.5,-30.7,10.2,191.4,-49.9,0.4,-1.0,RS41-SG,404.900,8.5,250,8,2.5,,
2026-10-07T01:05:10.994Z,Y1152115,9065,45.44314,9.43512,31717.2,-28.6,23.6,46.7,-49.6,0.4,-1.0,RS41-SG,404.900,6.8,250,8,2.4,,
