timestamp,serial,frame,lat,lon,alt,vel_v,vel_h,heading,temp,humidity,pressure,type,freq_mhz,snr,f_error_hz,sats,batt_v,burst_timer,aux_data
2026-08-05T12:34:06.988Z,X1422008,7109,45.60019,8.66683,26941.0,5.0,10.0,238.4,-273.0,-1.0,-1.0,RS41,404.900,7.2,250,10,2.6,,
2026-08-05T12:34:11.988Z,X1422008,7114,45.60000,8.66631,26968.2,5.2,8.6,250.1,-273.0,-1.0,-1.0,RS41,404.900,7.3,250,10,2.6,,
2026-08-05T12:34:13.988Z,X1422008,7116,45.59998,8.66609,26979.5,6.2,9.3,268.8,-273.0,-1.0,-1.0,RS41,404.900,7.6,250,10,2.7,,
2026-08-05T12:34:14.988Z,X1422008,7117,45.59998,8.66597,26985.1,5.0,9.9,273.1,-273.0,-1.0,-1.0,RS41,404.900,7.6,250,10,2.7,,
2026-08-05T12:34:18.988Z,X1422008,7121,45.59992,8.66547,27007.9,4.4,10.0,241.4,-273.0,-1.0,-1.0,RS41,404.900,7.1,250,10,2.6,,
2026-08-05T12:34:19.988Z,X1422008,7122,45.59987,8.66536,27012.6,5.0,10.5,234.9,-273.0,-1.0,-1.0,RS41,404.900,7.1,250,10,2.7,,
2026-08-05T12:34:20.988Z,X1422008,7123,45.59982,8.66525,27018.2,6.2,10.7,235.9,-273.0,-1.0,-1.0,RS41,404.900,7.3,250,10,2.7,,
2026-08-05T12:34:21.988Z,X1422008,7124,45.59977,8.66514,27024.3,5.9,10.5,241.1,-273.0,-1.0,-1.0,RS41-SG,404.900,7.3,250,10,2.6,,
2026-08-05T12:34:22.988Z,X1422008,7125,45.59973,8.66502,27029.5,4.4,10.2,247.8,-273.0,-1.0,-1.0,RS41-SG,404.900,7.3,250,10,2.6,,
2026-08-05T12:34:25.988Z,X1422008,7128,45.59966,8.66468,27045.0,6.4,8.5,258.9,-273.0,-1.0,-1.0,RS41-SG,404.900,7.3,250,10,2.6,,
2026-08-05T12:34:26.988Z,X1422008,7129,45.59965,8.66457,27050.8,5.1,8.6,258.8,-273.0,-1.0,-1.0,RS41-SG,404.900,7.7,250,10,2.6,,
2026-08-05T12:34:30.988Z,X1422008,7133,45.59960,8.66404,27072.4,5.4,12.9,267.4,-273.0,-1.0,-1.0,RS41-SG,404.900,7.3,250,10,2.7,,
2026-08-05T12:34:31.988Z,X1422008,7134,45.59960,8.66387,27077.8,5.4,13.3,265.7,-273.0,-1.0,-1.0,RS41-SG,404.900,7.2,250,10,2.6,,
2026-08-05T12:34:33.988Z,X1422008,7136,45.59955,8.66355,27090.3,6.5,11.7,251.8,-273.0,-1.0,-1.0,RS41-SG,404.900,7.5,250,10,2.6,,
2026-08-05T12:34:34.988Z,X1422008,7137,45.59952,8.66342,27095.8,4.6,10.9,244.3,-273.0,-1.0,-1.0,RS41-SG,404.900,7.5,250,10,2.7,,
2026-08-05T12:34:35.988Z,X1422008,7138,45.59947,8.66330,27100.5,4.9,10.3,238.7,-273.0,-1.0,-1.0,RS41-SG,404.900,7.4,250,10,2.7,,
2026-08-05T12:34:36.988Z,X1422008,7139,45.59943,8.66319,27106.2,6.4,9.9,239.9,-273.0,-1.0,-1.0,RS41-SG,404.900,8.2,250,10,2.6,,
2026-08-05T12:34:37.988Z,X1422008,7140,45.59938,8.66308,27112.3,5.5,9.8,245.5,-273.0,-1.0,-1.0,RS41-SG,404.900,8.2,250,10,2.6,,
2026-08-05T12:34:38.988Z,X1422008,7141,45.59935,8.66296,27117.5,5.0,10.0,250.8,-273.0,-1.0,-1.0,RS41-SG,404.900,7.6,250,10,2.7,,
2026-08-05T12:34:39.988Z,X1422008,7142,45.59933,8.66283,27122.9,5.8,10.4,254.9,-273.0,-1.0,-1.0,RS41-SG,404.900,7.7,250,10,2.7,,
2026-08-05T12:34:40.988Z,X1422008,7143,45.59930,8.66270,27129.1,6.6,10.8,255.7,-273.0,-1.0,-1.0,RS41-SG,404.900,8.0,250,10,2.6,,
2026-08-05T12:34:41.988Z,X1422008,7144,45.59928,8.66257,27135.2,5.5,11.2,256.6,-273.0,-1.0,-1.0,RS41-SG,404.900,8.0,250,10,2.6,,
2026-08-05T12:34:42.988Z,X1422008,7145,45.59926,8.66242,27140.9,5.8,11.8,259.5,-273.0,-1.0,-1.0,RS41-SG,404.900,7.8,250,10,2.6,,
2026-08-05T12:34:43.988Z,X1422008,7146,45.59924,8.66227,27146.8,6.0,12.6,263.9,-273.0,-1.0,-1.0,RS41-SG,404.900,7.8,250,10,2.7,,
2026-08-05T12:34:44.988Z,X1422008,7147,45.59923,8.66211,27152.6,5.5,13.2,267.3,-46.7,-1.0,-1.0,RS41-SG,404.900,7.2,250,9,2.7,,
2026-08-05T12:34:48.988Z,X1422008,7151,45.59917,8.66144,27176.4,5.2,12.5,250.5,-46.7,-1.0,-1.0,RS41-SG,404.900,7.1,250,10,2.6,,
2026-08-05T12:34:51.988Z,X1422008,7154,45.59905,8.66103,27193.3,6.6,10.6,251.9,-46.7,-1.0,-1.0,RS41-SG,404.900,7.6,250,10,2.6,,
2026-08-05T12:34:52.988Z,X1422008,7155,45.59903,8.66090,27199.2,5.1,10.5,257.8,-46.8,-1.0,-1.0,RS41-SG,404.900,8.0,250,10,2.6,,
2026-08-05T12:34:54.988Z,X1422008,7157,45.59899,8.66063,27209.7,5.7,11.6,262.0,-46.7,-1.0,-1.0,RS41-SG,404.900,7.6,250,10,2.7,,
2026-08-05T12:34:55.988Z,X1422008,7158,45.59898,8.66048,27215.6,6.0,12.6,260.5,-46.7,-1.0,-1.0,RS41-SG,404.900,7.6,250,10,2.6,,
2026-08-05T12:34:56.988Z,X1422008,7159,45.59896,8.66031,27221.2,5.2,13.3,259.6,-46.7,-1.0,-1.0,RS41-SG,404.900,7.4,250,10,2.6,,
2026-08-05T12:34:57.988Z,X1422008,7160,45.59894,8.66014,27226.3,4.9,13.9,261.2,-46.7,-1.0,-1.0,RS41-SG,404.900,7.5,250,10,2.6,,
2026-08-05T12:34:58.988Z,X1422008,7161,45.59892,8.65996,27231.6,5.7,14.2,265.1,-46.7,-1.0,-1.0,RS41-SG,404.900,8.0,250,10,2.7,,
2026-08-05T12:34:59.988Z,X1422008,7162,45.59892,8.65978,27237.7,6.6,13.9,269.9,-46.8,-1.0,-1.0,RS41-SG,404.900,8.0,250,10,2.7,,
2026-08-05T12:35:07.988Z,X1422008,7170,45.59878,8.65867,27282.6,6.5,9.9,252.2,-46.8,-1.0,-1.0,RS41-SG,404.900,6.7,250,10,2.6,,
2026-08-05T12:35:10.988Z,X1422008,7173,45.59873,8.65826,27298.7,4.6,12.6,263.9,-46.8,-1.0,-1.0,RS41-SG,404.900,7.2,250,10,2.6,,
2026-08-05T12:35:11.988Z,X1422008,7174,45.59872,8.65809,27303.8,5.6,13.9,261.8,-46.8,-1.0,-1.0,RS41-SG,404.900,7.2,250,10,2.6,,
2026-08-05T12:35:13.988Z,X1422008,7176,45.59866,8.65773,27314.7,5.1,14.7,254.1,-46.8,-1.0,-1.0,RS41-SG,404.900,7.2,250,10,2.7,,
2026-08-05T12:35:14.988Z,X1422008,7177,45.59863,8.65756,27319.9,5.3,13.6,251.2,-46.8,-1.0,-1.0,RS41-SG,404.900,7.2,250,10,2.7,,
2026-08-05T12:35:16.988Z,X1422008,7179,45.59856,8.65727,27331.8,5.7,10.2,252.7,-46.9,-1.0,-1.0,RS41-SG,404.900,7.7,250,10,2.6,,
2026-08-05T12:35:17.988Z,X1422008,7180,45.59853,8.65715,27336.8,4.3,9.2,256.7,-46.8,-1.0,-1.0,RS41-SG,404.900,7.8,250,10,2.6,,
2026-08-05T12:35:18.988Z,X1422008,7181,45.59852,8.65704,27341.8,5.6,9.0,259.4,-46.9,-1.0,-1.0,RS41-SG,404.900,7.8,250,10,2.6,,
2026-08-05T12:35:19.988Z,X1422008,7182,45.59850,8.65692,27348.0,6.9,10.0,258.8,-46.9,-1.0,-1.0,RS41-SG,404.900,7.6,250,10,2.7,,
2026-08-05T12:35:20.988Z,X1422008,7183,45.59848,8.65679,27354.2,5.5,11.3,258.6,-46.8,-1.0,-1.0,RS41-SG,404.900,7.6,250,10,2.7,,
2026-08-05T12:35:21.988Z,X1422008,7184,45.59846,8.65664,27359.3,4.7,12.7,259.6,-46.9,-1.0,-1.0,RS41-SG,404.900,7.2,250,10,2.6,,
2026-08-05T12:35:23.988Z,X1422008,7186,45.59843,8.65629,27370.0,6.1,14.5,266.2,-46.8,-1.0,-1.0,RS41-SG,404.900,7.0,250,10,2.7,,
2026-08-05T12:35:24.988Z,X1422008,7187,45.59843,8.65610,27375.6,5.1,14.4,268.6,-46.9,-1.0,-1.0,RS41-SG,404.900,7.4,250,10,2.7,,
2026-08-05T12:35:25.988Z,X1422008,7188,45.59842,8.65592,27380.8,5.2,14.2,268.4,-46.9,-1.0,-1.0,RS41-SG,404.900,7.4,250,10,2.6,,
2026-08-05T12:35:31.988Z,X1422008,7194,45.59829,8.65499,27415.5,5.7,9.5,261.7,-46.6,-1.0,-1.0,RS41-SG,404.900,7.5,250,10,2.6,,
2026-08-05T12:35:32.988Z,X1422008,7195,45.59829,8.65488,27420.7,4.5,9.1,268.0,-46.7,-1.0,-1.0,RS41-SG,404.900,7.5,250,10,2.6,,
2026-08-05T12:35:33.988Z,X1422008,7196,45.59829,8.65476,27425.5,5.2,9.4,271.4,-46.6,-1.0,-1.0,RS41-SG,404.900,7.5,250,10,2.6,,
2026-08-05T12:35:34.988Z,X1422008,7197,45.59829,8.65463,27431.1,6.0,10.2,270.0,-46.6,-1.0,-1.0,RS41-SG,404.900,7.1,250,10,2.7,,
2026-08-05T12:35:36.988Z,X1422008,7199,45.59828,8.65436,27442.1,4.9,11.6,266.5,-46.7,-1.0,-1.0,RS41-SG,404.900,7.4,250,10,2.6,,
2026-08-05T12:35:37.988Z,X1422008,7200,45.59828,8.65421,27447.2,5.2,12.1,268.2,-46.7,-1.0,-1.0,RS41-SG,404.900,7.4,250,10,2.6,,
2026-08-05T12:35:38.988Z,X1422008,7201,45.59828,8.65405,27452.8,5.9,12.2,272.6,-46.7,-1.0,-1.0,RS41-SG,404.900,7.7,250,10,2.7,,
2026-08-05T12:35:39.988Z,X1422008,7202,45.59829,8.65390,27458.7,5.8,12.1,277.0,-46.8,-1.0,-1.0,RS41-SG,404.900,7.7,250,10,2.7,,
2026-08-05T12:35:42.988Z,X1422008,7205,45.59832,8.65348,27473.8,6.0,9.4,269.8,-46.7,-1.0,-1.0,RS41-SG,404.900,7.5,250,10,2.6,,
2026-08-05T12:35:43.988Z,X1422008,7206,45.59831,8.65336,27479.4,5.1,8.8,260.5,-46.8,-1.0,-1.0,RS41-SG,404.900,7.5,250,10,2.7,,
2026-08-05T12:35:45.988Z,X1422008,7208,45.59828,8.65314,27490.3,6.6,9.1,256.6,-46.8,-1.0,-1.0,RS41-SG,404.900,7.7,250,10,2.7,,
2026-08-05T12:35:46.988Z,X1422008,7209,45.59826,8.65302,27496.9,6.7,9.5,264.6,-46.9,-1.0,-1.0,RS41-SG,404.900,7.8,250,10,2.6,,
2026-08-05T12:35:48.988Z,X1422008,7211,45.59827,8.65276,27507.6,4.8,11.0,277.5,-46.9,-1.0,-1.0,RS41-SG,404.900,7.4,250,10,2.6,,
2026-08-05T12:35:49.988Z,X1422008,7212,45.59828,8.65262,27512.9,5.8,11.7,279.2,-46.9,-1.0,-1.0,RS41-SG,404.900,7.9,250,10,2.7,,
2026-08-05T12:35:50.988Z,X1422008,7213,45.59830,8.65247,27518.8,6.0,11.7,278.8,-47.0,-1.0,-1.0,RS41-SG,404.900,7.9,250,10,2.7,,
2026-08-05T12:35:51.988Z,X1422008,7214,45.59832,8.65233,27524.3,4.9,11.5,278.5,-47.0,-1.0,-1.0,RS41-SG,404.900,7.6,250,10,2.7,,
2026-08-05T12:35:52.988Z,X1422008,7215,45.59833,8.65218,27529.2,4.9,11.2,280.7,-46.9,-1.0,-1.0,RS41-SG,404.900,7.4,250,10,2.6,,
2026-08-05T12:35:53.988Z,X1422008,7216,45.59835,8.65205,27534.6,5.7,11.0,285.5,-46.9,-1.0,-1.0,RS41-SG,404.900,8.1,250,10,2.6,,
2026-08-05T12:35:54.988Z,X1422008,7217,45.59838,8.65192,27540.6,6.3,10.6,290.2,-46.9,-1.0,-1.0,RS41-SG,404.900,8.1,250,10,2.6,,
2026-08-05T12:35:56.988Z,X1422008,7219,45.59845,8.65168,27552.4,6.2,9.1,287.2,-46.6,-1.0,-1.0,RS41-SG,404.900,6.9,250,10,2.7,,
2026-08-05T12:35:57.988Z,X1422008,7220,45.59846,8.65157,27558.7,6.3,8.4,276.6,-46.5,-1.0,-1.0,RS41-SG,404.900,7.3,250,10,2.7,,
2026-08-05T12:35:58.988Z,X1422008,7221,45.59846,8.65146,27564.2,4.6,8.3,266.0,-46.4,-1.0,-1.0,RS41-SG,404.900,7.8,250,10,2.7,,
2026-08-05T12:35:59.988Z,X1422008,7222,45.59845,8.65136,27568.9,4.7,8.8,258.1,-46.4,-1.0,-1.0,RS41-SG,404.900,7.8,250,10,2.6,,
2026-08-05T12:36:00.988Z,X1422008,7223,45.59844,8.65124,27574.1,5.7,9.6,258.7,-46.4,-1.0,-1.0,RS41-SG,404.900,7.7,250,9,2.6,,
2026-08-05T12:36:01.988Z,X1422008,7224,45.59842,8.65111,27580.1,6.3,10.6,265.2,-46.3,-1.0,-1.0,RS41-SG,404.900,7.9,250,10,2.6,,
2026-08-05T12:36:02.988Z,X1422008,7225,45.59842,8.65097,27585.9,5.2,11.6,270.6,-46.3,-1.0,-1.0,RS41-SG,404.900,7.9,250,10,2.7,,
2026-08-05T12:36:03.988Z,X1422008,7226,45.59843,8.65082,27590.9,4.7,12.8,273.9,-46.3,-1.0,-1.0,RS41-SG,404.900,7.1,250,10,2.7,,
2026-08-05T12:36:04.988Z,X1422008,7227,45.59843,8.65065,27595.7,4.9,13.5,274.4,-46.2,-1.0,-1.0,RS41-SG,404.900,7.8,250,10,2.7,,
2026-08-05T12:36:07.988Z,X1422008,7230,45.59846,8.65013,27612.6,4.5,13.0,273.8,-46.1,-1.0,-1.0,RS41-SG,404.900,7.5,250,10,2.6,,
2026-08-05T12:36:08.988Z,X1422008,7231,45.59847,8.64997,27617.4,5.0,12.2,278.7,-46.1,-1.0,-1.0,RS41-SG,404.900,8.1,250,10,2.7,,
2026-08-05T12:36:10.988Z,X1422008,7233,45.59853,8.64969,27628.4,5.3,11.2,297.5,-46.1,-1.0,-1.0,RS41-SG,404.900,8.0,250,10,2.6,,
2026-08-05T12:36:13.988Z,X1422008,7236,45.59868,8.64936,27643.4,5.8,8.5,303.1,-46.1,-1.0,-1.0,RS41-SG,404.900,7.8,250,10,2.7,,
2026-08-05T12:36:14.988Z,X1422008,7237,45.59872,8.64927,27649.7,6.7,7.6,290.2,-46.0,-1.0,-1.0,RS41-SG,404.900,8.1,250,10,2.7,,
2026-08-05T12:36:15.988Z,X1422008,7238,45.59873,8.64918,27655.7,5.3,7.9,277.9,-45.9,-1.0,-1.0,RS41-SG,404.900,9.0,250,10,2.7,,
2026-08-05T12:36:16.988Z,X1422008,7239,45.59874,8.64907,27660.7,4.6,9.4,270.8,-45.8,-1.0,-1.0,RS41-SG,404.900,9.0,250,10,2.6,,
2026-08-05T12:36:17.988Z,X1422008,7240,45.59874,8.64893,27665.6,5.1,11.6,270.7,-45.8,-1.0,-1.0,RS41-SG,404.900,8.9,250,10,2.6,,
2026-08-05T12:36:18.988Z,X1422008,7241,45.59874,8.64877,27671.3,6.2,13.8,274.8,-45.8,-1.0,-1.0,RS41-SG,404.900,8.9,250,10,2.6,,
2026-08-05T12:36:19.988Z,X1422008,7242,45.59876,8.64859,27676.6,4.4,15.0,279.2,-45.8,-1.0,-1.0,RS41-SG,404.900,8.9,250,10,2.7,,
2026-08-05T12:36:20.988Z,X1422008,7243,45.59879,8.64840,27681.2,4.7,15.7,283.2,-45.8,-1.0,-1.0,RS41-SG,404.900,8.6,250,10,2.7,,
2026-08-05T12:36:21.988Z,X1422008,7244,45.59882,8.64820,27686.8,6.5,15.3,285.5,-45.9,-1.0,-1.0,RS41-SG,404.900,8.4,250,10,2.7,,
2026-08-05T12:36:22.988Z,X1422008,7245,45.59886,8.64802,27693.0,6.0,14.2,285.6,-46.0,-1.0,-1.0,RS41-SG,404.900,8.2,250,10,2.6,,
2026-08-05T12:36:23.988Z,X1422008,7246,45.59889,8.64786,27698.3,4.6,12.8,286.3,-45.9,-1.0,-1.0,RS41-SG,404.900,8.3,250,10,2.6,,
2026-08-05T12:36:24.988Z,X1422008,7247,45.59892,8.64771,27703.4,5.4,11.3,289.8,-45.9,-1.0,-1.0,RS41-SG,404.900,8.3,250,10,2.6,,
2026-08-05T12:36:25.988Z,X1422008,7248,45.59896,8.64758,27709.0,5.8,10.5,295.8,-45.9,-1.0,-1.0,RS41-SG,404.900,8.5,250,10,2.7,,
2026-08-05T12:36:26.988Z,X1422008,7249,45.59900,8.64746,27714.2,4.6,10.2,299.0,-46.0,-1.0,-1.0,RS41-SG,404.900,8.5,250,10,2.7,,
2026-08-05T12:36:27.988Z,X1422008,7250,45.59905,8.64735,27719.1,5.1,9.9,297.8,-46.0,-1.0,-1.0,RS41-SG,404.900,8.4,250,10,2.6,,
2026-08-05T12:36:28.988Z,X1422008,7251,45.59908,8.64724,27724.6,5.8,9.8,291.5,-45.9,-1.0,-1.0,RS41-SG,404.900,8.7,250,10,2.6,,
2026-08-05T12:36:29.988Z,X1422008,7252,45.59911,8.64712,27730.5,6.0,10.0,282.7,-45.9,-1.0,-1.0,RS41-SG,404.900,8.7,250,10,2.6,,
2026-08-05T12:36:30.988Z,X1422008,7253,45.59913,8.64699,27736.0,4.9,10.5,277.6,-45.8,-1.0,-1.0,RS41-SG,404.900,8.6,250,9,2.7,,
2026-08-05T12:36:31.988Z,X1422008,7254,45.59914,8.64685,27741.0,5.1,11.3,276.8,-45.8,-1.0,-1.0,RS41-SG,404.900,9.1,250,10,2.7,,
2026-08-05T12:36:32.988Z,X1422008,7255,45.59915,8.64670,27746.6,6.1,12.3,280.9,-45.8,-1.0,-1.0,RS41-SG,404.900,9.1,250,10,2.7,,
2026-08-05T12:36:33.988Z,X1422008,7256,45.59918,8.64654,27752.6,5.8,13.2,286.7,-45.9,-1.0,-1.0,RS41-SG,404.900,8.7,250,10,2.6,,
2026-08-05T12:36:34.988Z,X1422008,7257,45.59922,8.64638,27757.7,4.5,13.8,291.2,-45.9,-1.0,-1.0,RS41-SG,404.900,8.6,250,10,2.6,,
2026-08-05T12:36:35.988Z,X1422008,7258,45.59927,8.64622,27762.7,5.3,13.9,293.8,-45.9,1.0,-1.0,RS41-SG,404.900,8.2,250,10,2.6,,
2026-08-05T12:36:36.988Z,X1422008,7259,45.59932,8.64606,27768.7,6.8,13.0,292.9,-45.9,0.9,-1.0,RS41-SG,404.900,8.2,250,10,2.7,,
2026-08-05T12:36:37.988Z,X1422008,7260,45.59936,8.64591,27774.6,5.1,12.0,290.1,-45.8,0.9,-1.0,RS41-SG,404.900,8.7,250,10,2.7,,
2026-08-05T12:36:38.988Z,X1422008,7261,45.59939,8.64577,27779.4,4.4,11.1,286.7,-45.8,0.9,-1.0,RS41-SG,404.900,8.7,250,10,2.7,,
2026-08-05T12:36:39.988Z,X1422008,7262,45.59942,8.64564,27784.1,5.1,10.3,284.8,-45.7,0.9,-1.0,RS41-SG,404.900,9.1,250,10,2.6,,
2026-08-05T12:36:40.988Z,X1422008,7263,45.59944,8.64552,27789.7,5.9,10.0,286.0,-45.7,1.0,-1.0,RS41-SG,404.900,9.1,250,10,2.6,,
2026-08-05T12:36:41.988Z,X1422008,7264,45.59947,8.64539,27795.4,5.4,10.0,286.9,-45.8,1.0,-1.0,RS41-SG,404.900,9.1,250,10,2.6,,
2026-08-05T12:36:42.988Z,X1422008,7265,45.59949,8.64527,27800.3,4.5,10.0,285.1,-45.8,1.0,-1.0,RS41-SG,404.900,9.1,250,10,2.7,,
2026-08-05T12:36:43.988Z,X1422008,7266,45.59951,8.64515,27805.2,5.3,10.0,278.8,-45.8,0.9,-1.0,RS41-SG,404.900,9.1,250,10,2.7,,
2026-08-05T12:36:44.988Z,X1422008,7267,45.59952,8.64502,27810.9,6.1,10.0,270.9,-45.8,0.9,-1.0,RS41-SG,404.900,9.1,250,10,2.6,,
2026-08-05T12:36:45.988Z,X1422008,7268,45.59951,8.64489,27816.4,5.0,10.2,265.7,-45.7,0.9,-1.0,RS41-SG,404.900,8.3,250,10,2.6,,
2026-08-05T12:36:46.988Z,X1422008,7269,45.59951,8.64476,27821.3,4.6,10.5,263.9,-45.7,1.0,-1.0,RS41-SG,404.900,8.2,250,10,2.6,,
2026-08-05T12:36:47.988Z,X1422008,7270,45.59950,8.64462,27826.5,5.8,10.8,267.7,-45.7,1.0,-1.0,RS41-SG,404.900,8.6,250,10,2.7,,
2026-08-05T12:36:48.988Z,X1422008,7271,45.59950,8.64448,27832.4,6.0,11.2,274.9,-45.7,0.9,-1.0,RS41-SG,404.900,8.6,250,10,2.7,,
2026-08-05T12:36:49.988Z,X1422008,7272,45.59951,8.64434,27837.6,4.5,11.4,280.5,-45.6,0.9,-1.0,RS41-SG,404.900,8.8,250,10,2.7,,
2026-08-05T12:36:50.988Z,X1422008,7273,45.59954,8.64420,27842.5,5.3,11.2,284.1,-45.6,1.0,-1.0,RS41-SG,404.900,8.8,250,10,2.6,,
2026-08-05T12:36:51.988Z,X1422008,7274,45.59956,8.64406,27848.4,6.5,10.6,282.6,-45.6,1.0,-1.0,RS41-SG,404.900,8.2,250,10,2.6,,
2026-08-05T12:36:52.988Z,X1422008,7275,45.59958,8.64394,27854.4,5.3,9.9,277.9,-45.6,1.0,-1.0,RS41-SG,404.900,7.8,250,10,2.6,,
2026-08-05T12:36:54.988Z,X1422008,7277,45.59959,8.64370,27864.5,5.2,9.1,273.7,-45.5,0.9,-1.0,RS41,404.900,8.0,250,10,2.7,,
2026-08-05T12:36:56.988Z,X1422008,7279,45.59961,8.64346,27875.5,6.0,9.4,278.6,-45.3,0.9,-1.0,RS41,404.900,6.9,250,10,2.6,,
2026-08-05T12:36:57.988Z,X1422008,7280,45.59962,8.64334,27880.9,4.9,9.7,278.4,-45.2,0.9,-1.0,RS41,404.900,8.3,250,10,2.6,,
2026-08-05T12:36:58.988Z,X1422008,7281,45.59963,8.64322,27885.7,4.6,9.8,275.4,-45.1,0.9,-1.0,RS41,404.900,8.7,250,10,2.6,,
2026-08-05T12:36:59.988Z,X1422008,7282,45.59963,8.64309,27890.8,5.7,9.8,268.7,-45.0,0.9,-1.0,RS41,404.900,8.9,250,10,2.7,,
2026-08-05T12:37:00.988Z,X1422008,7283,45.59963,8.64297,27896.5,5.7,9.8,261.3,-45.0,0.9,-1.0,RS41,404.900,8.9,250,10,2.7,,
2026-08-05T12:37:01.988Z,X1422008,7284,45.59961,8.64284,27901.7,4.7,10.1,256.7,-45.0,0.9,-1.0,RS41,404.900,8.7,250,10,2.6,,
2026-08-05T12:37:02.988Z,X1422008,7285,45.59959,8.64272,27906.5,4.9,10.3,256.6,-44.9,0.9,-1.0,RS41,404.900,8.5,250,10,2.6,,
2026-08-05T12:37:03.988Z,X1422008,7286,45.59957,8.64259,27912.0,6.1,10.6,263.2,-44.9,0.9,-1.0,RS41,404.900,8.0,250,10,2.6,,
2026-08-05T12:37:04.988Z,X1422008,7287,45.59957,8.64245,27918.0,5.7,10.9,272.7,-44.8,0.9,-1.0,RS41,404.900,8.1,250,10,2.7,,
2026-08-05T12:37:05.988Z,X1422008,7288,45.59958,8.64231,27922.9,4.2,11.2,279.9,-44.8,0.9,-1.0,RS41,404.900,8.4,250,10,2.7,,
2026-08-05T12:37:06.988Z,X1422008,7289,45.59960,8.64217,27927.7,5.3,11.3,283.9,-44.8,0.9,-1.0,RS41,404.900,8.4,250,10,2.7,,
2026-08-05T12:37:07.988Z,X1422008,7290,45.59962,8.64203,27933.6,6.5,11.0,282.5,-44.9,0.9,-1.0,RS41,404.900,8.3,250,10,2.6,,
2026-08-05T12:37:08.988Z,X1422008,7291,45.59964,8.64189,27939.2,4.9,10.5,278.5,-44.9,0.9,-1.0,RS41,404.900,8.6,250,10,2.6,,
2026-08-05T12:37:09.988Z,X1422008,7292,45.59965,8.64176,27944.0,4.6,10.1,275.5,-44.9,0.9,-1.0,RS41,404.900,8.6,250,10,2.6,,
2026-08-05T12:37:10.988Z,X1422008,7293,45.59966,8.64164,27949.0,5.6,9.7,273.9,-44.9,0.9,-1.0,RS41,404.900,8.6,250,10,2.7,,
2026-08-05T12:37:11.988Z,X1422008,7294,45.59967,8.64151,27954.9,6.1,9.7,275.0,-44.9,0.9,-1.0,RS41,404.900,8.6,250,10,2.7,,
2026-08-05T12:37:12.988Z,X1422008,7295,45.59967,8.64139,27960.4,5.0,9.8,275.4,-44.9,0.9,-1.0,RS41,404.900,8.4,250,10,2.7,,
2026-08-05T12:37:13.988Z,X1422008,7296,45.59968,8.64126,27965.6,5.3,9.9,272.9,-44.9,0.9,-1.0,RS41,404.900,8.4,250,10,2.6,,
2026-08-05T12:37:14.988Z,X1422008,7297,45.59968,8.64114,27971.3,6.1,9.9,267.7,-44.8,0.9,-1.0,RS41,404.900,8.1,250,10,2.6,,
2026-08-05T12:37:15.988Z,X1422008,7298,45.59967,8.64101,27976.8,4.8,10.1,263.8,-44.8,0.9,-1.0,RS41,404.900,7.9,250,10,2.6,,
2026-08-05T12:37:16.988Z,X1422008,7299,45.59967,8.64088,27981.7,5.1,10.4,264.5,-44.7,0.9,-1.0,RS41,404.900,8.1,250,10,2.7,,
2026-08-05T12:37:17.988Z,X1422008,7300,45.59966,8.64075,27987.3,6.1,11.0,271.2,-44.6,0.9,-1.0,RS41,404.900,8.1,250,10,2.7,,
2026-08-05T12:37:18.988Z,X1422008,7301,45.59967,8.64060,27993.5,6.2,11.8,280.5,-44.6,0.9,-1.0,RS41,404.900,8.4,250,10,2.6,,
2026-08-05T12:37:19.988Z,X1422008,7302,45.59970,8.64045,27998.8,4.3,12.5,287.0,-44.5,0.9,-1.0,RS41,404.900,8.4,250,10,2.6,,
2026-08-05T12:37:20.988Z,X1422008,7303,45.59974,8.64030,28003.0,4.0,12.8,291.8,-44.4,0.9,-1.0,RS41,404.900,8.0,250,10,2.6,,
2026-08-05T12:37:21.988Z,X1422008,7304,45.59978,8.64015,28007.7,5.2,12.4,293.5,-44.4,0.9,-1.0,RS41,404.900,8.0,250,10,2.7,,
2026-08-05T12:37:22.988Z,X1422008,7305,45.59982,8.64001,28013.6,6.7,11.4,291.3,-44.5,0.9,-1.0,RS41,404.900,8.3,250,10,2.7,,
2026-08-05T12:37:23.988Z,X1422008,7306,45.59985,8.63988,28019.6,5.5,10.7,288.5,-44.4,0.9,-1.0,RS41,404.900,8.3,250,10,2.7,,
2026-08-05T12:37:24.988Z,X1422008,7307,45.59988,8.63975,28024.7,4.7,10.3,287.1,-44.4,0.9,-1.0,RS41,404.900,8.3,250,10,2.6,,
2026-08-05T12:37:25.988Z,X1422008,7308,45.59991,8.63963,28029.7,5.3,10.4,288.3,-44.3,0.9,-1.0,RS41,404.900,8.3,250,10,2.6,,
2026-08-05T12:37:26.988Z,X1422008,7309,45.59994,8.63950,28035.4,6.2,11.0,291.2,-44.3,0.9,-1.0,RS41,404.900,8.3,250,10,2.6,,
2026-08-05T12:37:27.988Z,X1422008,7310,45.59998,8.63936,28040.8,4.6,11.7,293.9,-44.2,0.9,-1.0,RS41,404.900,8.3,250,10,2.7,,
2026-08-05T12:37:28.988Z,X1422008,7311,45.60003,8.63922,28045.3,4.5,12.1,294.4,-44.2,0.9,-1.0,RS41,404.900,8.0,250,10,2.7,,
2026-08-05T12:37:29.988Z,X1422008,7312,45.60007,8.63908,28050.4,5.7,12.0,291.6,-44.3,0.9,-1.0,RS41,404.900,8.9,250,10,2.7,,
2026-08-05T12:37:30.988Z,X1422008,7313,45.60010,8.63894,28056.2,5.9,11.6,286.8,-44.4,0.9,-1.0,RS41,404.900,8.9,250,10,2.6,,
2026-08-05T12:37:31.988Z,X1422008,7314,45.60013,8.63880,28061.4,4.6,11.3,283.0,-44.3,0.9,-1.0,RS41,404.900,8.1,250,10,2.6,,
2026-08-05T12:37:32.988Z,X1422008,7315,45.60015,8.63866,28066.3,5.2,11.2,282.2,-44.3,0.9,-1.0,RS41,404.900,7.9,250,10,2.6,,
2026-08-05T12:37:33.988Z,X1422008,7316,45.60018,8.63852,28071.8,5.6,11.3,285.6,-44.3,0.9,-1.0,RS41,404.900,7.9,250,10,2.7,,
2026-08-05T12:37:34.988Z,X1422008,7317,45.60021,8.63838,28077.4,5.7,11.6,290.9,-44.3,0.9,-1.0,RS41,404.900,7.8,250,10,2.7,,
2026-08-05T12:37:35.988Z,X1422008,7318,45.60025,8.63824,28082.3,4.1,11.8,294.4,-44.3,0.9,-1.0,RS41,404.900,8.4,250,10,2.6,,
2026-08-05T12:37:36.988Z,X1422008,7319,45.60029,8.63811,28086.6,4.6,11.6,295.8,-44.4,0.9,-1.0,RS41,404.900,8.6,250,10,2.6,,
2026-08-05T12:37:37.988Z,X1422008,7320,45.60033,8.63798,28091.7,5.8,11.0,293.3,-44.3,0.9,-1.0,RS41,404.900,8.6,250,10,2.7,,
2026-08-05T12:37:38.988Z,X1422008,7321,45.60037,8.63785,28097.6,5.8,10.6,288.3,-44.3,0.9,-1.0,RS41,404.900,8.5,250,10,2.7,,
2026-08-05T12:37:39.988Z,X1422008,7322,45.60039,8.63772,28102.7,4.6,10.4,284.4,-44.2,0.9,-1.0,RS41,404.900,7.4,250,10,2.6,,
2026-08-05T12:37:40.988Z,X1422008,7323,45.60042,8.63759,28107.3,4.5,10.7,282.7,-44.2,0.9,-1.0,RS41,404.900,7.3,250,10,2.6,,
2026-08-05T12:37:41.988Z,X1422008,7324,45.60044,8.63745,28112.2,5.4,11.5,284.7,-44.2,0.9,-1.0,RS41,404.900,7.6,250,10,2.6,,
2026-08-05T12:37:43.988Z,X1422008,7326,45.60051,8.63715,28123.6,5.5,13.3,292.6,-44.1,0.9,-1.0,RS41,404.900,7.5,250,10,2.7,,
2026-08-05T12:37:46.988Z,X1422008,7329,45.60065,8.63668,28138.4,5.9,12.8,285.5,-44.2,0.9,-1.0,RS41,404.900,7.9,250,10,2.6,,
2026-08-05T12:37:47.988Z,X1422008,7330,45.60067,8.63652,28144.3,5.8,12.2,278.2,-44.2,0.9,-1.0,RS41,404.900,8.1,250,10,2.6,,
2026-08-05T12:37:48.988Z,X1422008,7331,45.60068,8.63637,28149.2,4.1,11.7,272.5,-44.3,0.9,-1.0,RS41,404.900,8.1,250,10,2.7,,
2026-08-05T12:37:49.988Z,X1422008,7332,45.60068,8.63622,28153.5,4.5,11.3,270.0,-44.2,0.9,-1.0,RS41,404.900,8.1,250,10,2.7,,
2026-08-05T12:37:50.988Z,X1422008,7333,45.60068,8.63608,28158.6,5.8,10.8,273.9,-44.2,0.9,-1.0,RS41,404.900,7.7,250,10,2.6,,
2026-08-05T12:37:51.988Z,X1422008,7334,45.60070,8.63595,28164.5,6.0,10.8,281.4,-44.2,0.9,-1.0,RS41,404.900,8.4,250,10,2.6,,
2026-08-05T12:37:52.988Z,X1422008,7335,45.60072,8.63581,28169.8,4.4,11.2,287.3,-44.1,0.9,-1.0,RS41,404.900,8.4,250,10,2.7,,
2026-08-05T12:37:53.988Z,X1422008,7336,45.60076,8.63567,28174.7,5.4,11.9,290.2,-44.2,0.9,-1.0,RS41,404.900,8.4,250,10,2.7,,
2026-08-05T12:37:54.988Z,X1422008,7337,45.60079,8.63553,28180.5,6.4,12.4,288.4,-44.2,0.9,-1.0,RS41,404.900,8.4,250,10,2.6,,
2026-08-05T12:37:55.988Z,X1422008,7338,45.60082,8.63537,28186.2,4.9,12.8,284.3,-44.2,0.9,-1.0,RS41,404.900,8.2,250,10,2.6,,
2026-08-05T12:37:56.988Z,X1422008,7339,45.60085,8.63521,28191.0,4.6,13.2,281.1,-44.1,0.9,-1.0,RS41,404.900,8.2,250,10,2.6,,
2026-08-05T12:37:58.988Z,X1422008,7341,45.60089,8.63488,28201.9,6.4,13.3,280.4,-44.1,0.9,-1.0,RS41,404.900,8.8,250,10,2.7,,
2026-08-05T12:37:59.988Z,X1422008,7342,45.60091,8.63471,28207.6,5.1,13.1,280.4,-44.1,0.9,-1.0,RS41,404.900,9.3,250,10,2.7,,
2026-08-05T12:38:00.988Z,X1422008,7343,45.60093,8.63455,28212.7,5.4,12.8,278.0,-44.1,0.9,-1.0,RS41,404.900,9.3,250,10,2.6,,
2026-08-05T12:38:01.988Z,X1422008,7344,45.60094,8.63439,28218.4,5.9,12.8,272.7,-44.0,0.9,-1.0,RS41,404.900,9.2,250,10,2.6,,
2026-08-05T12:38:02.988Z,X1422008,7345,45.60094,8.63422,28224.0,5.6,12.9,267.0,-44.0,0.9,-1.0,RS41,404.900,8.3,250,10,2.6,,
2026-08-05T12:38:03.988Z,X1422008,7346,45.60093,8.63406,28229.1,4.6,12.9,264.5,-44.0,0.9,-1.0,RS41,404.900,8.8,250,10,2.7,,
2026-08-05T12:38:04.988Z,X1422008,7347,45.60092,8.63390,28234.1,5.3,12.5,265.6,-43.9,0.9,-1.0,RS41,404.900,8.8,250,10,2.7,,
2026-08-05T12:38:05.988Z,X1422008,7348,45.60092,8.63374,28239.8,6.1,11.9,271.9,-43.9,0.9,-1.0,RS41,404.900,9.2,250,10,2.7,,
2026-08-05T12:38:06.988Z,X1422008,7349,45.60093,8.63359,28245.6,5.6,11.6,280.0,-43.9,0.9,-1.0,RS41,404.900,9.2,250,10,2.6,,
2026-08-05T12:38:07.988Z,X1422008,7350,45.60095,8.63345,28250.5,4.2,12.0,286.4,-44.0,0.9,-1.0,RS41,404.900,9.0,250,10,2.6,,
2026-08-05T12:38:08.988Z,X1422008,7351,45.60099,8.63329,28255.2,5.0,13.1,289.0,-44.0,0.9,-1.0,RS41,404.900,9.5,250,10,2.6,,
2026-08-05T12:38:09.988Z,X1422008,7352,45.60103,8.63313,28260.7,6.2,14.5,287.4,-44.0,0.9,-1.0,RS41,404.900,9.5,250,10,2.7,,
2026-08-05T12:38:10.988Z,X1422008,7353,45.60106,8.63294,28266.4,5.2,15.6,284.3,-44.0,0.9,-1.0,RS41,404.900,8.6,250,10,2.7,,
2026-08-05T12:38:11.988Z,X1422008,7354,45.60110,8.63274,28271.6,5.0,16.3,281.9,-43.9,0.9,-1.0,RS41,404.900,8.2,250,10,2.6,,
2026-08-05T12:38:12.988Z,X1422008,7355,45.60113,8.63254,28277.1,6.1,16.5,281.2,-43.9,0.9,-1.0,RS41,404.900,8.4,250,10,2.6,,
2026-08-05T12:38:13.988Z,X1422008,7356,45.60116,8.63234,28283.3,6.4,15.9,282.2,-43.8,0.9,-1.0,RS41,404.900,8.4,250,10,2.6,,
2026-08-05T12:38:14.988Z,X1422008,7357,45.60119,8.63214,28289.0,4.9,15.1,283.1,-43.8,0.9,-1.0,RS41,404.900,8.0,250,10,2.7,,
2026-08-05T12:38:15.988Z,X1422008,7358,45.60121,8.63196,28293.7,4.6,14.3,281.9,-43.8,0.9,-1.0,RS41,404.900,8.6,250,10,2.7,,
2026-08-05T12:38:16.988Z,X1422008,7359,45.60124,8.63178,28298.8,5.5,13.8,278.7,-43.8,0.9,-1.0,RS41,404.900,9.2,250,10,2.7,,
2026-08-05T12:38:17.988Z,X1422008,7360,45.60125,8.63161,28304.6,6.1,13.5,274.9,-43.9,0.9,-1.0,RS41,404.900,9.2,250,10,2.6,,
2026-08-05T12:38:18.988Z,X1422008,7361,45.60126,8.63144,28310.3,5.2,13.3,273.0,-43.9,0.9,-1.0,RS41,404.900,8.6,250,10,2.6,,
2026-08-05T12:38:19.988Z,X1422008,7362,45.60127,8.63127,28315.5,5.3,12.9,275.0,-43.8,0.9,-1.0,RS41,404.900,7.9,250,10,2.6,,
2026-08-05T12:38:20.988Z,X1422008,7363,45.60128,8.63111,28321.3,6.2,12.5,281.4,-43.8,0.9,-1.0,RS41,404.900,9.2,250,10,2.7,,
2026-08-05T12:38:21.988Z,X1422008,7364,45.60131,8.63096,28327.2,5.5,12.7,288.7,-43.8,0.9,-1.0,RS41,404.900,9.4,250,10,2.7,,
2026-08-05T12:38:22.988Z,X1422008,7365,45.60136,8.63081,28332.2,4.5,13.3,293.4,-43.9,0.9,-1.0,RS41,404.900,9.4,250,10,2.7,,
2026-08-05T12:38:23.988Z,X1422008,7366,45.60141,8.63064,28337.1,5.1,14.4,294.2,-43.9,0.9,-1.0,RS41,404.900,8.4,250,10,2.6,,
2026-08-05T12:38:24.988Z,X1422008,7367,45.60146,8.63047,28342.7,6.2,15.8,290.6,-43.9,0.9,-1.0,RS41,404.900,8.5,250,10,2.6,,
2026-08-05T12:38:25.988Z,X1422008,7368,45.60150,8.63027,28348.7,5.7,16.9,286.2,-43.9,0.9,-1.0,RS41,404.900,8.9,250,10,2.6,,
2026-08-05T12:38:26.988Z,X1422008,7369,45.60154,8.63005,28353.8,4.4,17.8,283.3,-43.9,0.9,-1.0,RS41,404.900,9.1,250,10,2.7,,
2026-08-05T12:38:27.988Z,X1422008,7370,45.60158,8.62983,28358.5,5.0,17.9,281.7,-44.0,0.9,-1.0,RS41,404.900,9.1,250,10,2.7,,
2026-08-05T12:38:28.988Z,X1422008,7371,45.60161,8.62961,28363.8,5.8,17.5,283.2,-44.0,0.9,-1.0,RS41,404.900,8.2,250,10,2.6,,
2026-08-05T12:38:29.988Z,X1422008,7372,45.60165,8.62940,28369.3,5.1,16.8,285.2,-44.0,0.8,-1.0,RS41,404.900,8.3,250,10,2.6,,
2026-08-05T12:38:30.988Z,X1422008,7373,45.60169,8.62919,28374.0,4.3,16.3,287.6,-44.0,0.9,-1.0,RS41,404.900,8.9,250,10,2.7,,
2026-08-05T12:38:31.988Z,X1422008,7374,45.60174,8.62900,28378.6,4.7,15.9,288.2,-44.1,0.9,-1.0,RS41,404.900,9.0,250,10,2.7,,
2026-08-05T12:38:32.988Z,X1422008,7375,45.60178,8.62881,28384.0,6.1,15.6,286.6,-44.1,0.9,-1.0,RS41,404.900,9.0,250,10,2.6,,
2026-08-05T12:38:33.988Z,X1422008,7376,45.60181,8.62862,28390.0,6.0,15.5,284.1,-44.1,0.9,-1.0,RS41,404.900,8.6,250,10,2.6,,
2026-08-05T12:38:34.988Z,X1422008,7377,45.60185,8.62843,28395.5,5.0,15.2,282.4,-44.0,0.9,-1.0,RS41,404.900,9.0,250,10,2.6,,
2026-08-05T12:38:35.988Z,X1422008,7378,45.60188,8.62824,28400.5,5.0,14.8,283.0,-44.0,0.9,-1.0,RS41,404.900,9.0,250,10,2.7,,
2026-08-05T12:38:36.988Z,X1422008,7379,45.60191,8.62806,28405.9,5.9,14.2,286.5,-44.1,0.9,-1.0,RS41-SG,404.900,9.0,250,10,2.7,,
2026-08-05T12:38:37.988Z,X1422008,7380,45.60195,8.62789,28411.8,5.9,13.8,291.2,-44.0,0.9,-1.0,RS41-SG,404.900,8.9,250,10,2.7,,
2026-08-05T12:38:38.988Z,X1422008,7381,45.60200,8.62773,28417.3,4.9,13.8,294.5,-44.0,0.9,-1.0,RS41-SG,404.900,8.9,250,10,2.6,,
2026-08-05T12:38:39.988Z,X1422008,7382,45.60205,8.62757,28422.0,4.4,14.2,294.8,-44.0,0.9,-1.0,RS41-SG,404.900,9.2,250,10,2.6,,
2026-08-05T12:38:40.988Z,X1422008,7383,45.60210,8.62740,28427.2,5.7,15.2,291.6,-44.0,0.9,-1.0,RS41-SG,404.900,9.2,250,10,2.6,,
2026-08-05T12:38:41.988Z,X1422008,7384,45.60215,8.62720,28433.1,6.1,16.7,287.1,-44.0,0.9,-1.0,RS41-SG,404.900,8.1,250,10,2.7,,
2026-08-05T12:38:42.988Z,X1422008,7385,45.60219,8.62699,28438.4,4.6,18.0,284.1,-44.0,0.9,-1.0,RS41-SG,404.900,9.1,250,10,2.7,,
2026-08-05T12:38:43.988Z,X1422008,7386,45.60223,8.62676,28443.1,4.7,18.9,283.3,-44.0,0.9,-1.0,RS41-SG,404.900,9.1,250,10,2.7,,
2026-08-05T12:38:44.988Z,X1422008,7387,45.60227,8.62653,28448.4,6.0,19.1,284.9,-43.9,0.9,-1.0,RS41-SG,404.900,7.9,250,10,2.6,,
2026-08-05T12:38:45.988Z,X1422008,7388,45.60232,8.62630,28454.8,6.7,18.5,288.4,-43.9,0.9,-1.0,RS41-SG,404.900,9.1,250,10,2.6,,
2026-08-05T12:38:46.988Z,X1422008,7389,45.60237,8.62608,28460.7,5.0,17.7,291.7,-43.9,0.9,-1.0,RS41-SG,404.900,9.1,250,10,2.6,,
2026-08-05T12:38:47.988Z,X1422008,7390,45.60243,8.62588,28465.8,5.1,16.5,293.8,-43.9,0.9,-1.0,RS41-SG,404.900,8.4,250,10,2.7,,
2026-08-05T12:38:48.988Z,X1422008,7391,45.60249,8.62569,28471.4,6.1,15.8,292.6,-43.9,0.8,-1.0,RS41-SG,404.900,8.7,250,10,2.7,,
2026-08-05T12:38:49.988Z,X1422008,7392,45.60254,8.62550,28477.3,5.8,15.4,289.8,-43.9,0.9,-1.0,RS41-SG,404.900,9.3,250,10,2.6,,
2026-08-05T12:38:50.988Z,X1422008,7393,45.60258,8.62532,28482.5,4.6,15.2,287.2,-43.9,0.9,-1.0,RS41-SG,404.900,9.3,250,10,2.6,,
2026-08-05T12:38:51.988Z,X1422008,7394,45.60262,8.62514,28487.4,5.2,15.0,285.5,-43.9,0.9,-1.0,RS41-SG,404.900,8.5,250,10,2.6,,
2026-08-05T12:38:52.988Z,X1422008,7395,45.60266,8.62495,28493.2,6.2,14.7,286.7,-43.9,0.9,-1.0,RS41-SG,404.900,9.5,250,10,2.7,,
2026-08-05T12:38:53.988Z,X1422008,7396,45.60270,8.62478,28499.1,5.4,14.6,287.9,-43.9,0.9,-1.0,RS41-SG,404.900,9.5,250,10,2.7,,
2026-08-05T12:38:54.988Z,X1422008,7397,45.60274,8.62460,28504.6,5.6,14.8,287.1,-43.9,0.9,-1.0,RS41-SG,404.900,9.0,250,10,2.7,,
2026-08-05T12:38:55.988Z,X1422008,7398,45.60277,8.62441,28510.4,6.0,15.9,284.5,-43.8,0.8,-1.0,RS41-SG,404.900,9.0,250,10,2.6,,
2026-08-05T12:38:56.988Z,X1422008,7399,45.60281,8.62420,28516.2,5.6,17.1,281.7,-43.7,0.9,-1.0,RS41-SG,404.900,9.0,250,10,2.6,,
2026-08-05T12:38:57.988Z,X1422008,7400,45.60284,8.62398,28521.2,4.4,17.8,279.4,-43.7,0.9,-1.0,RS41-SG,404.900,8.9,250,10,2.6,,
2026-08-05T12:38:58.988Z,X1422008,7401,45.60286,8.62376,28526.0,5.0,18.0,279.0,-43.6,0.9,-1.0,RS41-SG,404.900,8.9,250,10,2.7,,
2026-08-05T12:38:59.988Z,X1422008,7402,45.60289,8.62354,28531.5,6.0,17.1,280.7,-43.6,0.9,-1.0,RS41-SG,404.900,8.5,250,10,2.7,,
2026-08-05T12:39:00.988Z,X1422008,7403,45.60292,8.62333,28537.6,6.4,15.8,283.3,-43.6,0.9,-1.0,RS41-SG,404.900,7.7,250,10,2.7,,
2026-08-05T12:39:01.988Z,X1422008,7404,45.60295,8.62314,28543.3,4.8,14.8,285.2,-43.5,0.8,-1.0,RS41-SG,404.900,8.6,250,10,2.6,,
2026-08-05T12:39:02.988Z,X1422008,7405,45.60299,8.62297,28548.2,4.9,13.9,286.0,-43.6,0.9,-1.0,RS41-SG,404.900,8.6,250,10,2.6,,
2026-08-05T12:39:03.988Z,X1422008,7406,45.60302,8.62280,28553.6,5.9,13.6,283.2,-43.6,0.9,-1.0,RS41-SG,404.900,8.3,250,10,2.6,,
2026-08-05T12:39:04.988Z,X1422008,7407,45.60304,8.62262,28559.7,6.1,13.9,279.6,-43.5,0.8,-1.0,RS41-SG,404.900,8.2,250,10,2.7,,
2026-08-05T12:39:05.988Z,X1422008,7408,45.60306,8.62245,28565.0,4.4,14.2,277.0,-43.5,0.9,-1.0,RS41-SG,404.900,8.2,250,10,2.7,,
2026-08-05T12:39:06.988Z,X1422008,7409,45.60307,8.62227,28569.5,4.7,14.1,275.3,-43.5,0.8,-1.0,RS41-SG,404.900,7.8,250,10,2.6,,
2026-08-05T12:39:07.988Z,X1422008,7410,45.60309,8.62209,28574.7,5.7,13.6,275.2,-43.5,0.9,-1.0,RS41-SG,404.900,8.8,250,10,2.6,,
2026-08-05T12:39:08.988Z,X1422008,7411,45.60310,8.62192,28580.8,6.3,12.7,277.4,-43.6,0.9,-1.0,RS41-SG,404.900,8.8,250,10,2.7,,
2026-08-05T12:39:09.988Z,X1422008,7412,45.60312,8.62176,28586.7,5.4,12.3,279.8,-43.6,0.9,-1.0,RS41-SG,404.900,8.5,250,10,2.7,,
2026-08-05T12:39:10.988Z,X1422008,7413,45.60314,8.62161,28592.1,5.3,12.7,281.0,-43.5,0.9,-1.0,RS41-SG,404.900,8.8,250,10,2.6,,
2026-08-05T12:39:11.988Z,X1422008,7414,45.60316,8.62144,28597.7,6.0,13.6,280.7,-43.6,0.9,-1.0,RS41-SG,404.900,9.0,250,10,2.6,,
2026-08-05T12:39:12.988Z,X1422008,7415,45.60318,8.62126,28603.8,6.3,15.0,279.1,-43.6,0.9,-1.0,RS41-SG,404.900,9.0,250,10,2.6,,
2026-08-05T12:39:13.988Z,X1422008,7416,45.60320,8.62107,28609.5,5.0,15.9,279.0,-43.5,0.9,-1.0,RS41-SG,404.900,8.9,250,10,2.7,,
2026-08-05T12:39:14.988Z,X1422008,7417,45.60323,8.62087,28614.6,5.3,16.3,280.2,-43.5,0.9,-1.0,RS41-SG,404.900,8.9,250,10,2.7,,
2026-08-05T12:39:16.988Z,X1422008,7419,45.60329,8.62048,28626.7,6.4,14.9,288.5,-43.4,0.9,-1.0,RS41-SG,404.900,8.7,250,10,2.6,,
2026-08-05T12:39:17.988Z,X1422008,7420,45.60334,8.62031,28632.3,4.7,14.0,292.4,-43.5,0.9,-1.0,RS41-SG,404.900,8.7,250,10,2.6,,
2026-08-05T12:39:18.988Z,X1422008,7421,45.60339,8.62015,28636.9,4.7,13.5,294.5,-43.4,0.9,-1.0,RS41-SG,404.900,8.4,250,10,2.6,,
2026-08-05T12:39:19.988Z,X1422008,7422,45.60344,8.61999,28642.3,6.0,13.5,293.5,-43.3,0.8,-1.0,RS41-SG,404.900,8.7,250,10,2.7,,
2026-08-05T12:39:20.988Z,X1422008,7423,45.60348,8.61983,28648.4,6.1,13.9,290.5,-43.4,0.9,-1.0,RS41-SG,404.900,8.7,250,10,2.7,,
2026-08-05T12:39:21.988Z,X1422008,7424,45.60352,8.61966,28654.0,5.0,14.1,286.9,-43.3,0.8,-1.0,RS41-SG,404.900,8.5,250,10,2.7,,
2026-08-05T12:39:22.988Z,X1422008,7425,45.60356,8.61948,28659.2,5.5,14.2,285.3,-43.3,0.8,-1.0,RS41-SG,404.900,8.0,250,10,2.6,,
2026-08-05T12:39:24.988Z,X1422008,7427,45.60362,8.61915,28671.6,5.9,12.9,286.8,-43.4,0.8,-1.0,RS41-SG,404.900,6.9,250,10,2.6,,
2026-08-05T12:39:25.988Z,X1422008,7428,45.60366,8.61900,28677.1,5.0,12.5,288.6,-43.3,0.8,-1.0,RS41-SG,404.900,8.2,250,10,2.7,,
2026-08-05T12:39:26.988Z,X1422008,7429,45.60369,8.61884,28682.5,5.9,12.8,288.4,-43.4,0.9,-1.0,RS41-SG,404.900,8.2,250,10,2.7,,
2026-08-05T12:39:27.988Z,X1422008,7430,45.60373,8.61868,28688.7,6.5,13.6,286.8,-43.3,0.9,-1.0,RS41-SG,404.900,8.2,250,10,2.6,,
2026-08-05T12:39:29.988Z,X1422008,7432,45.60380,8.61833,28700.1,5.1,15.0,287.6,-43.3,0.8,-1.0,RS41-SG,404.900,7.7,250,10,2.7,,
2026-08-05T12:39:30.988Z,X1422008,7433,45.60385,8.61815,28705.4,5.3,14.8,290.7,-43.3,0.9,-1.0,RS41-SG,404.900,7.7,250,10,2.7,,
2026-08-05T12:39:31.988Z,X1422008,7434,45.60390,8.61798,28710.9,5.8,13.9,296.1,-43.4,0.9,-1.0,RS41-SG,404.900,7.4,250,10,2.6,,
2026-08-05T12:39:32.988Z,X1422008,7435,45.60396,8.61783,28716.7,5.9,13.1,302.5,-43.3,0.9,-1.0,RS41-SG,404.900,7.5,250,10,2.6,,
2026-08-05T12:39:33.988Z,X1422008,7436,45.60402,8.61770,28722.1,4.7,12.7,307.1,-43.3,0.8,-1.0,RS41-SG,404.900,7.5,250,10,2.6,,
2026-08-05T12:39:34.988Z,X1422008,7437,45.60409,8.61757,28727.0,4.7,12.6,308.6,-43.3,0.9,-1.0,RS41-SG,404.900,7.9,250,10,2.7,,
2026-08-05T12:39:35.988Z,X1422008,7438,45.60416,8.61744,28732.1,5.6,13.1,304.7,-43.3,0.8,-1.0,RS41-SG,404.900,8.0,250,10,2.7,,
2026-08-05T12:39:36.988Z,X1422008,7439,45.60423,8.61729,28738.2,6.7,14.2,297.4,-43.3,0.9,-1.0,RS41-SG,404.900,8.0,250,10,2.7,,
2026-08-05T12:39:37.988Z,X1422008,7440,45.60428,8.61712,28744.4,5.7,15.3,290.8,-43.3,0.9,-1.0,RS41-SG,404.900,7.9,250,10,2.6,,
2026-08-05T12:39:38.988Z,X1422008,7441,45.60432,8.61693,28749.4,4.2,15.9,285.5,-43.3,0.9,-1.0,RS41-SG,404.900,7.9,250,10,2.6,,
2026-08-05T12:39:41.988Z,X1422008,7444,45.60441,8.61636,28766.7,6.1,13.5,281.3,-43.3,0.9,-1.0,RS41-SG,404.900,6.4,250,10,2.7,,
2026-08-05T12:39:43.988Z,X1422008,7446,45.60446,8.61605,28776.8,5.3,11.4,286.0,-43.2,0.8,-1.0,RS41-SG,404.900,7.2,250,10,2.6,,
2026-08-05T12:39:44.988Z,X1422008,7447,45.60449,8.61591,28782.8,6.4,11.4,287.5,-43.2,0.8,-1.0,RS41-SG,404.900,7.5,250,10,2.6,,
2026-08-05T12:39:45.988Z,X1422008,7448,45.60452,8.61577,28788.9,5.8,11.9,287.6,-43.2,0.8,-1.0,RS41-SG,404.900,7.7,250,10,2.6,,
2026-08-05T12:39:46.988Z,X1422008,7449,45.60455,8.61563,28794.5,5.5,12.3,289.2,-43.1,0.9,-1.0,RS41-SG,404.900,8.4,250,10,2.7,,
2026-08-05T12:39:47.988Z,X1422008,7450,45.60459,8.61548,28800.3,6.0,12.3,291.7,-43.1,0.9,-1.0,RS41-SG,404.900,8.4,250,10,2.7,,
2026-08-05T12:39:48.988Z,X1422008,7451,45.60463,8.61534,28806.4,6.4,12.0,294.1,-43.1,0.8,-1.0,RS41-SG,404.900,8.3,250,10,2.6,,
2026-08-05T12:39:49.988Z,X1422008,7452,45.60468,8.61520,28812.5,5.6,11.7,295.2,-43.0,0.8,-1.0,RS41-SG,404.900,8.3,250,10,2.6,,
2026-08-05T12:39:50.988Z,X1422008,7453,45.60472,8.61506,28817.9,5.1,11.6,292.8,-43.0,0.8,-1.0,RS41-SG,404.900,7.9,250,10,2.7,,
2026-08-05T12:39:51.988Z,X1422008,7454,45.60476,8.61492,28823.3,5.8,12.2,286.7,-43.0,0.8,-1.0,RS41-SG,404.900,8.0,250,10,2.7,,
2026-08-05T12:39:52.988Z,X1422008,7455,45.60478,8.61476,28829.5,6.4,13.4,280.7,-43.0,0.8,-1.0,RS41-SG,404.900,8.0,250,10,2.6,,
2026-08-05T12:39:53.988Z,X1422008,7456,45.60480,8.61459,28835.5,5.3,14.3,277.1,-43.0,0.9,-1.0,RS41-SG,404.900,7.5,250,10,2.6,,
2026-08-05T12:39:54.988Z,X1422008,7457,45.60482,8.61440,28841.0,5.6,14.6,276.2,-42.9,0.8,-1.0,RS41-SG,404.900,8.6,250,10,2.6,,
2026-08-05T12:39:55.988Z,X1422008,7458,45.60483,8.61422,28846.9,6.2,13.9,278.3,-43.0,0.8,-1.0,RS41-SG,404.900,8.6,250,10,2.7,,
2026-08-05T12:39:56.988Z,X1422008,7459,45.60486,8.61406,28853.3,6.8,12.5,283.8,-43.0,0.8,-1.0,RS41-SG,404.900,8.4,250,10,2.7,,
2026-08-05T12:39:57.988Z,X1422008,7460,45.60489,8.61391,28859.8,5.9,11.3,291.9,-42.9,0.8,-1.0,RS41-SG,404.900,8.4,250,10,2.7,,
2026-08-05T12:39:58.988Z,X1422008,7461,45.60493,8.61379,28865.0,4.5,10.8,300.2,-43.0,0.8,-1.0,RS41-SG,404.900,8.1,250,10,2.6,,
2026-08-05T12:39:59.988Z,X1422008,7462,45.60498,8.61367,28869.8,5.1,11.2,306.1,-42.9,0.8,-1.0,RS41-SG,404.900,7.9,250,10,2.6,,
2026-08-05T12:40:00.988Z,X1422008,7463,45.60505,8.61355,28875.6,6.5,12.5,306.8,-42.9,0.8,-1.0,RS41-SG,404.900,8.5,250,10,2.6,,
2026-08-05T12:40:01.988Z,X1422008,7464,45.60512,8.61341,28881.9,6.0,13.6,304.8,-42.9,0.8,-1.0,RS41-SG,404.900,8.5,250,10,2.7,,
2026-08-05T12:40:02.988Z,X1422008,7465,45.60519,8.61326,28887.7,5.4,14.5,301.8,-42.8,0.8,-1.0,RS41-SG,404.900,8.5,250,10,2.7,,
2026-08-05T12:40:03.988Z,X1422008,7466,45.60525,8.61310,28893.6,6.3,15.0,300.0,-42.9,0.8,-1.0,RS41-SG,404.900,8.8,250,10,2.7,,
2026-08-05T12:40:04.988Z,X1422008,7467,45.60532,8.61294,28900.3,7.1,14.6,299.0,-42.9,0.8,-1.0,RS41-SG,404.900,8.8,250,10,2.6,,
2026-08-05T12:40:05.988Z,X1422008,7468,45.60538,8.61278,28906.7,5.5,14.1,297.6,-42.7,0.8,-1.0,RS41-SG,404.900,8.3,250,10,2.6,,
2026-08-05T12:40:06.988Z,X1422008,7469,45.60543,8.61262,28912.1,5.4,13.6,295.5,-42.7,0.9,-1.0,RS41-SG,404.900,9.0,250,10,2.6,,
2026-08-05T12:40:07.988Z,X1422008,7470,45.60548,8.61246,28918.0,6.4,13.5,292.2,-42.8,0.8,-1.0,RS41-SG,404.900,9.0,250,10,2.7,,
2026-08-05T12:40:08.988Z,X1422008,7471,45.60553,8.61230,28924.4,6.4,13.8,289.0,-42.8,0.8,-1.0,RS41-SG,404.900,9.0,250,10,2.7,,
2026-08-05T12:40:09.988Z,X1422008,7472,45.60557,8.61213,28930.7,5.9,13.7,288.3,-42.8,0.8,-1.0,RS41-SG,404.900,9.3,250,10,2.6,,
2026-08-05T12:40:10.988Z,X1422008,7473,45.60561,8.61197,28936.9,6.5,12.8,291.2,-42.8,0.8,-1.0,RS41-SG,404.900,9.3,250,10,2.6,,
2026-08-05T12:40:11.988Z,X1422008,7474,45.60565,8.61183,28943.7,7.2,11.5,297.1,-42.9,0.8,-1.0,RS41-SG,404.900,9.5,250,10,2.7,,
2026-08-05T12:40:12.988Z,X1422008,7475,45.60570,8.61171,28950.3,5.9,10.6,304.9,-42.9,0.9,-1.0,RS41-SG,404.900,9.5,250,10,2.7,,
2026-08-05T12:40:13.988Z,X1422008,7476,45.60576,8.61160,28955.8,5.2,10.3,312.6,-43.0,0.9,-1.0,RS41-SG,404.900,8.4,250,10,2.6,,
2026-08-05T12:40:14.988Z,X1422008,7477,45.60583,8.61151,28961.2,5.6,11.0,316.4,-42.9,0.8,-1.0,RS41-SG,404.900,8.6,250,10,2.6,,
2026-08-05T12:40:15.988Z,X1422008,7478,45.60590,8.61140,28967.4,6.6,12.4,315.8,-42.9,0.8,-1.0,RS41-SG,404.900,8.6,250,9,2.6,,
2026-08-05T12:40:16.988Z,X1422008,7479,45.60598,8.61128,28974.2,6.7,13.7,312.4,-43.0,0.9,-1.0,RS41-SG,404.900,8.3,250,9,2.7,,
2026-08-05T12:40:17.988Z,X1422008,7480,45.60607,8.61115,28980.0,4.8,14.5,309.5,-42.9,0.9,-1.0,RS41-SG,404.900,8.2,250,10,2.7,,
2026-08-05T12:40:18.988Z,X1422008,7481,45.60615,8.61100,28985.1,5.4,14.6,306.5,-42.8,0.8,-1.0,RS41-SG,404.900,8.5,250,9,2.7,,
2026-08-05T12:40:19.988Z,X1422008,7482,45.60622,8.61085,28991.2,6.8,13.6,304.4,-42.9,0.8,-1.0,RS41-SG,404.900,8.5,250,10,2.6,,
2026-08-05T12:40:21.988Z,X1422008,7484,45.60634,8.61059,29003.5,4.9,10.9,299.3,-42.7,0.8,-1.0,RS41-SG,404.900,8.5,250,10,2.6,,
2026-08-05T12:40:22.988Z,X1422008,7485,45.60638,8.61047,29008.7,5.5,10.2,295.6,-42.8,0.8,-1.0,RS41-SG,404.900,8.6,250,10,2.7,,
2026-08-05T12:40:23.988Z,X1422008,7486,45.60642,8.61035,29014.7,6.6,10.3,291.1,-42.8,0.8,-1.0,RS41-SG,404.900,8.6,250,10,2.7,,
2026-08-05T12:40:24.988Z,X1422008,7487,45.60645,8.61022,29021.2,6.2,10.9,288.2,-42.8,0.8,-1.0,RS41-SG,404.900,8.5,250,10,2.7,,
2026-08-05T12:40:25.988Z,X1422008,7488,45.60648,8.61009,29027.1,5.3,11.2,288.2,-42.8,0.8,-1.0,RS41-SG,404.900,8.5,250,10,2.6,,
2026-08-05T12:40:26.988Z,X1422008,7489,45.60651,8.60996,29032.8,5.8,11.0,290.8,-42.8,0.8,-1.0,RS41-SG,404.900,7.7,250,10,2.6,,
2026-08-05T12:40:27.988Z,X1422008,7490,45.60655,8.60983,29039.2,6.9,10.1,295.6,-42.8,0.8,-1.0,RS41-SG,404.900,8.0,250,10,2.6,,
2026-08-05T12:40:28.988Z,X1422008,7491,45.60659,8.60972,29045.7,6.2,9.3,301.8,-42.7,0.8,-1.0,RS41-SG,404.900,8.0,250,10,2.7,,
2026-08-05T12:40:29.988Z,X1422008,7492,45.60664,8.60963,29051.6,5.4,9.1,307.3,-42.8,0.8,-1.0,RS41-SG,404.900,7.9,250,10,2.7,,
2026-08-05T12:40:30.988Z,X1422008,7493,45.60669,8.60953,29057.3,6.0,9.5,307.9,-42.7,0.8,-1.0,RS41-SG,404.900,7.8,250,10,2.6,,
2026-08-05T12:40:31.988Z,X1422008,7494,45.60674,8.60943,29063.8,6.9,10.7,304.5,-42.6,0.8,-1.0,RS41-SG,404.900,7.8,250,10,2.6,,
2026-08-05T12:40:32.988Z,X1422008,7495,45.60679,8.60931,29070.4,6.1,12.0,300.4,-42.6,0.8,-1.0,RS41-SG,404.900,8.3,250,10,2.7,,
2026-08-05T12:40:34.988Z,X1422008,7497,45.60690,8.60902,29081.5,5.7,13.0,293.7,-42.5,0.8,-1.0,RS41-SG,404.900,7.6,250,10,2.6,,
2026-08-05T12:40:35.988Z,X1422008,7498,45.60694,8.60887,29087.8,6.8,12.2,291.3,-42.5,0.8,-1.0,RS41-SG,404.900,8.3,250,10,2.6,,
2026-08-05T12:40:36.988Z,X1422008,7499,45.60698,8.60873,29094.1,5.8,11.0,290.1,-42.6,0.8,-1.0,RS41-SG,404.900,8.3,250,10,2.6,,
2026-08-05T12:40:37.988Z,X1422008,7500,45.60701,8.60860,29099.7,5.4,10.0,287.7,-42.6,0.8,-1.0,RS41-SG,404.900,7.5,250,10,2.7,,
2026-08-05T12:40:38.988Z,X1422008,7501,45.60703,8.60848,29105.4,6.0,9.8,285.5,-42.5,0.8,-1.0,RS41-SG,404.900,7.5,250,10,2.7,,
2026-08-05T12:40:39.988Z,X1422008,7502,45.60706,8.60836,29111.8,6.8,10.3,282.4,-42.6,0.8,-1.0,RS41-SG,404.900,7.7,250,10,2.7,,
2026-08-05T12:40:40.988Z,X1422008,7503,45.60707,8.60823,29118.1,5.7,10.8,280.1,-42.6,0.8,-1.0,RS41-SG,404.900,7.7,250,10,2.6,,
2026-08-05T12:40:41.988Z,X1422008,7504,45.60709,8.60809,29123.8,5.5,11.1,278.9,-42.5,0.8,-1.0,RS41-SG,404.900,7.3,250,10,2.6,,
2026-08-05T12:40:42.988Z,X1422008,7505,45.60710,8.60795,29129.5,5.8,10.7,278.8,-42.5,0.8,-1.0,RS41-SG,404.900,8.0,250,10,2.6,,
2026-08-05T12:40:44.988Z,X1422008,7507,45.60713,8.60771,29141.9,6.1,8.8,279.6,-42.5,0.8,-1.0,RS41-SG,404.900,7.6,250,10,2.7,,
2026-08-05T12:40:45.988Z,X1422008,7508,45.60715,8.60760,29147.7,5.4,8.5,279.4,-42.4,0.8,-1.0,RS41-SG,404.900,7.9,250,10,2.7,,
2026-08-05T12:40:46.988Z,X1422008,7509,45.60716,8.60749,29153.3,5.6,8.9,278.8,-42.4,0.8,-1.0,RS41-SG,404.900,8.3,250,10,2.6,,
2026-08-05T12:40:47.988Z,X1422008,7510,45.60717,8.60737,29159.5,6.8,10.4,276.8,-42.4,0.8,-1.0,RS41-SG,404.900,8.3,250,10,2.6,,
2026-08-05T12:40:48.988Z,X1422008,7511,45.60718,8.60723,29165.8,5.8,11.8,275.8,-42.4,0.8,-1.0,RS41-SG,404.900,8.3,250,10,2.6,,
2026-08-05T12:40:49.988Z,X1422008,7512,45.60719,8.60707,29171.3,5.0,12.8,275.3,-42.4,0.8,-1.0,RS41-SG,404.900,8.3,250,10,2.7,,
2026-08-05T12:40:50.988Z,X1422008,7513,45.60720,8.60691,29176.8,5.9,13.0,274.2,-42.4,0.8,-1.0,RS41-SG,404.900,8.3,250,10,2.7,,
2026-08-05T12:40:51.988Z,X1422008,7514,45.60721,8.60675,29183.1,6.7,12.0,272.6,-42.4,0.8,-1.0,RS41-SG,404.900,7.3,250,10,2.6,,
2026-08-05T12:40:52.988Z,X1422008,7515,45.60721,8.60660,29189.4,5.8,10.6,270.6,-42.4,0.8,-1.0,RS41-SG,404.900,8.4,250,10,2.6,,
2026-08-05T12:40:53.988Z,X1422008,7516,45.60721,8.60647,29194.6,4.5,9.5,268.1,-42.4,0.8,-1.0,RS41-SG,404.900,8.4,250,10,2.7,,
2026-08-05T12:40:54.988Z,X1422008,7517,45.60720,8.60636,29199.4,5.0,9.0,263.8,-42.4,0.8,-1.0,RS41-SG,404.900,8.2,250,10,2.7,,
2026-08-05T12:40:55.988Z,X1422008,7518,45.60719,8.60624,29205.0,6.1,9.4,261.2,-42.4,0.8,-1.0,RS41-SG,404.900,8.1,250,10,2.6,,
2026-08-05T12:40:57.988Z,X1422008,7520,45.60717,8.60598,29217.3,5.5,10.8,262.9,-42.4,0.8,-1.0,RS41-SG,404.900,7.5,250,10,2.7,,
2026-08-05T12:40:58.988Z,X1422008,7521,45.60716,8.60584,29222.7,5.3,11.0,266.9,-42.4,0.8,-1.0,RS41-SG,404.900,7.5,250,10,2.7,,
2026-08-05T12:40:59.988Z,X1422008,7522,45.60716,8.60571,29228.4,5.9,10.6,272.2,-42.4,0.8,-1.0,RS41-SG,404.900,7.6,250,10,2.6,,
2026-08-05T12:41:00.988Z,X1422008,7523,45.60716,8.60558,29234.7,6.6,9.8,277.7,-42.4,0.8,-1.0,RS41-SG,404.900,7.6,250,10,2.6,,
2026-08-05T12:41:01.988Z,X1422008,7524,45.60718,8.60546,29240.6,5.2,9.1,281.1,-42.4,0.8,-1.0,RS41-SG,404.900,7.6,250,10,2.6,,
2026-08-05T12:41:02.988Z,X1422008,7525,45.60719,8.60534,29245.7,4.9,8.9,281.2,-42.3,0.8,-1.0,RS41-SG,404.900,7.6,250,10,2.7,,
2026-08-05T12:41:03.988Z,X1422008,7526,45.60721,8.60523,29251.1,5.8,9.6,278.4,-42.3,0.8,-1.0,RS41-SG,404.900,8.6,250,10,2.7,,
2026-08-05T12:41:04.988Z,X1422008,7527,45.60722,8.60510,29257.4,6.8,11.0,272.4,-42.4,0.8,-1.0,RS41-SG,404.900,8.6,250,10,2.7,,
2026-08-05T12:41:05.988Z,X1422008,7528,45.60721,8.60495,29263.8,6.0,12.4,266.6,-42.4,0.8,-1.0,RS41-SG,404.900,8.0,250,10,2.6,,
2026-08-05T12:41:06.988Z,X1422008,7529,45.60720,8.60479,29269.5,5.3,13.2,261.5,-42.3,0.8,-1.0,RS41-SG,404.900,8.0,250,10,2.6,,
2026-08-05T12:41:07.988Z,X1422008,7530,45.60718,8.60462,29275.0,5.6,13.3,256.8,-42.4,0.8,-1.0,RS41-SG,404.900,8.3,250,10,2.6,,
2026-08-05T12:41:08.988Z,X1422008,7531,45.60715,8.60446,29281.1,6.6,12.3,251.6,-42.4,0.8,-1.0,RS41-SG,404.900,8.3,250,10,2.7,,
2026-08-05T12:41:09.988Z,X1422008,7532,45.60711,8.60432,29287.2,5.6,11.3,247.5,-42.4,0.8,-1.0,RS41-SG,404.900,7.3,250,10,2.7,,
2026-08-05T12:41:10.988Z,X1422008,7533,45.60707,8.60420,29292.3,4.6,10.4,244.9,-42.4,0.8,-1.0,RS41-SG,404.900,7.5,250,10,2.7,,
2026-08-05T12:41:11.988Z,X1422008,7534,45.60703,8.60408,29297.4,5.6,10.2,244.9,-42.3,0.8,-1.0,RS41-SG,404.900,8.2,250,10,2.6,,
2026-08-05T12:41:12.988Z,X1422008,7535,45.60700,8.60396,29303.7,6.9,10.6,248.4,-42.4,0.8,-1.0,RS41-SG,404.900,8.2,250,10,2.6,,
2026-08-05T12:41:13.988Z,X1422008,7536,45.60696,8.60382,29310.0,5.7,11.2,252.8,-42.4,0.8,-1.0,RS41-SG,404.900,7.9,250,10,2.6,,
2026-08-05T12:41:14.988Z,X1422008,7537,45.60694,8.60368,29315.8,5.9,11.6,258.5,-42.4,0.8,-1.0,RS41-SG,404.900,7.1,250,10,2.7,,
2026-08-05T12:41:15.988Z,X1422008,7538,45.60692,8.60354,29321.9,6.1,11.3,265.5,-42.4,0.8,-1.0,RS41-SG,404.900,7.5,250,10,2.7,,
2026-08-05T12:41:16.988Z,X1422008,7539,45.60692,8.60340,29328.0,6.2,10.7,273.4,-42.4,0.8,-1.0,RS41-SG,404.900,7.5,250,10,2.6,,
2026-08-05T12:41:20.988Z,X1422008,7543,45.60700,8.60286,29349.6,6.2,12.2,281.0,-42.2,0.8,-1.0,RS41-SG,404.900,6.9,250,9,2.6,,
2026-08-05T12:41:24.988Z,X1422008,7547,45.60701,8.60219,29373.0,6.0,12.5,264.0,-42.0,0.8,-1.0,RS41-SG,404.900,7.7,250,10,2.6,,
2026-08-05T12:41:25.988Z,X1422008,7548,45.60700,8.60204,29379.4,6.7,10.5,264.4,-42.0,0.8,-1.0,RS41-SG,404.900,7.7,250,10,2.6,,
2026-08-05T12:41:29.988Z,X1422008,7552,45.60702,8.60162,29401.3,6.6,8.9,284.1,-41.9,0.8,-1.0,RS41-SG,404.900,7.0,250,10,2.7,,
2026-08-05T12:41:30.988Z,X1422008,7553,45.60704,8.60150,29407.7,6.2,10.4,284.6,-42.0,0.8,-1.0,RS41-SG,404.900,7.6,250,10,2.6,,
2026-08-05T12:41:34.988Z,X1422008,7557,45.60717,8.60091,29430.7,6.3,12.3,292.1,-42.0,0.8,-1.0,RS41-SG,404.900,8.1,250,10,2.7,,
2026-08-05T12:41:35.988Z,X1422008,7558,45.60721,8.60077,29436.6,5.5,11.5,291.4,-42.1,0.8,-1.0,RS41-SG,404.900,8.1,250,10,2.7,,
2026-08-05T12:41:37.988Z,X1422008,7560,45.60727,8.60050,29448.3,6.3,10.3,276.8,-41.9,0.8,-1.0,RS41-SG,404.900,6.7,250,10,2.6,,
2026-08-05T12:41:40.988Z,X1422008,7563,45.60723,8.60011,29465.0,5.1,10.2,249.6,-41.9,0.8,-1.0,RS41-SG,404.900,7.2,250,10,2.7,,
2026-08-05T12:41:42.988Z,X1422008,7565,45.60716,8.59990,29476.1,6.1,7.7,241.6,-42.0,0.8,-1.0,RS41-SG,404.900,6.9,250,10,2.6,,
2026-08-05T12:41:43.988Z,X1422008,7566,45.60713,8.59982,29482.3,6.2,6.6,245.2,-41.9,0.8,-1.0,RS41-SG,404.900,7.6,250,10,2.6,,
2026-08-05T12:41:44.988Z,X1422008,7567,45.60711,8.59974,29488.2,5.6,6.3,255.3,-41.8,0.8,-1.0,RS41-SG,404.900,7.6,250,10,2.6,,
2026-08-05T12:41:45.988Z,X1422008,7568,45.60710,8.59966,29493.8,5.6,7.4,268.0,-41.9,0.8,-1.0,RS41-SG,404.900,7.5,250,10,2.7,,
2026-08-05T12:41:46.988Z,X1422008,7569,45.60711,8.59955,29499.7,6.0,9.7,276.5,-41.9,0.8,-1.0,RS41-SG,404.900,7.4,250,10,2.7,,
2026-08-05T12:41:47.988Z,X1422008,7570,45.60712,8.59941,29505.7,6.1,12.5,279.5,-41.9,0.8,-1.0,RS41-SG,404.900,7.8,250,10,2.6,,
2026-08-05T12:41:51.988Z,X1422008,7574,45.60719,8.59868,29527.6,7.4,12.6,270.8,-41.7,0.8,-1.0,RS41-SG,404.900,7.5,250,9,2.6,,
2026-08-05T12:41:53.988Z,X1422008,7576,45.60717,8.59841,29539.8,5.1,9.0,254.5,-41.7,0.8,-1.0,RS41-SG,404.900,6.6,250,10,2.6,,
2026-08-05T12:41:55.988Z,X1422008,7578,45.60710,8.59822,29551.1,6.4,9.1,234.2,-41.6,0.8,-1.0,RS41-SG,404.900,7.3,250,10,2.7,,
2026-08-05T12:41:56.988Z,X1422008,7579,45.60705,8.59812,29556.9,5.3,9.8,233.9,-41.6,0.8,-1.0,RS41-SG,404.900,7.3,250,10,2.7,,
2026-08-05T12:42:25.988Z,X1422008,7608,45.60664,8.59355,29726.7,5.9,8.0,258.9,-41.0,0.8,-1.0,RS41-SG,404.900,6.8,250,10,2.7,,
2026-08-05T12:42:29.988Z,X1422008,7612,45.60658,8.59319,29750.1,7.3,9.7,258.9,-40.8,0.8,-1.0,RS41-SG,404.900,6.8,250,10,2.6,,
2026-08-05T12:43:43.988Z,X1422008,7686,45.60630,8.57917,30193.8,4.8,11.6,269.7,-40.3,0.7,-1.0,RS41-SG,404.900,7.2,250,10,2.6,,
2026-08-05T12:43:46.988Z,X1422008,7689,45.60633,8.57867,30211.9,5.9,15.3,279.4,-40.2,0.8,-1.0,RS41-SG,404.900,7.1,250,9,2.7,,
2026-08-05T12:43:55.988Z,X1422008,7698,45.60656,8.57705,30265.7,5.3,13.4,278.1,-40.1,0.7,-1.0,RS41-SG,404.900,7.4,250,10,2.6,,
2026-08-05T12:43:58.988Z,X1422008,7701,45.60661,8.57659,30284.1,6.2,10.5,279.7,-40.2,0.7,-1.0,RS41-SG,404.900,7.6,250,10,2.7,,
2026-08-05T12:43:59.988Z,X1422008,7702,45.60663,8.57647,30289.9,5.4,9.9,282.5,-40.2,0.7,-1.0,RS41-SG,404.900,8.1,250,10,2.7,,
2026-08-05T12:44:00.988Z,X1422008,7703,45.60665,8.57634,30295.6,5.9,10.3,285.2,-40.3,0.7,-1.0,RS41-SG,404.900,8.1,250,10,2.6,,
2026-08-05T12:44:01.988Z,X1422008,7704,45.60667,8.57621,30302.0,7.0,11.5,287.8,-40.2,0.7,-1.0,RS41-SG,404.900,8.2,250,10,2.6,,
2026-08-05T12:44:02.988Z,X1422008,7705,45.60671,8.57606,30308.5,6.1,12.8,288.6,-40.2,0.7,-1.0,RS41-SG,404.900,8.2,250,10,2.6,,
2026-08-05T12:44:03.988Z,X1422008,7706,45.60675,8.57590,30314.2,5.4,13.6,289.1,-40.2,0.7,-1.0,RS41-SG,404.900,8.0,250,10,2.7,,
2026-08-05T12:44:05.988Z,X1422008,7708,45.60682,8.57558,30326.4,6.9,12.6,289.3,-40.1,0.7,-1.0,RS41-SG,404.900,7.9,250,10,2.7,,
2026-08-05T12:44:06.988Z,X1422008,7709,45.60686,8.57544,30332.9,6.1,11.1,289.3,-40.2,0.7,-1.0,RS41-SG,404.900,7.9,250,10,2.6,,
2026-08-05T12:44:07.988Z,X1422008,7710,45.60689,8.57531,30338.5,5.2,10.2,289.2,-40.1,0.7,-1.0,RS41-SG,404.900,7.7,250,10,2.6,,
2026-08-05T12:44:08.988Z,X1422008,7711,45.60692,8.57519,30344.0,5.7,9.9,289.4,-40.0,0.7,-1.0,RS41-SG,404.900,8.1,250,10,2.6,,
2026-08-05T12:44:09.988Z,X1422008,7712,45.60695,8.57507,30349.9,6.2,10.5,289.9,-40.0,0.7,-1.0,RS41-SG,404.900,8.1,250,10,2.7,,
2026-08-05T12:44:10.988Z,X1422008,7713,45.60699,8.57493,30356.3,6.7,11.7,289.7,-40.0,0.7,-1.0,RS41-SG,404.900,7.2,250,10,2.7,,
2026-08-05T12:44:11.988Z,X1422008,7714,45.60702,8.57479,30362.3,5.4,12.7,289.7,-40.0,0.7,-1.0,RS41-SG,404.900,7.2,250,10,2.6,,
2026-08-05T12:44:14.988Z,X1422008,7717,45.60714,8.57434,30378.5,6.4,11.3,292.1,-39.9,0.7,-1.0,RS41-SG,404.900,8.2,250,10,2.7,,
2026-08-05T12:44:15.988Z,X1422008,7718,45.60718,8.57421,30384.8,6.1,9.8,294.1,-39.9,0.7,-1.0,RS41-SG,404.900,8.2,250,10,2.6,,
2026-08-05T12:44:16.988Z,X1422008,7719,45.60721,8.57411,30390.2,4.9,8.6,295.5,-39.9,0.7,-1.0,RS41-SG,404.900,8.1,250,10,2.6,,
2026-08-05T12:44:17.988Z,X1422008,7720,45.60725,8.57401,30395.4,5.4,8.4,295.6,-39.8,0.7,-1.0,RS41-SG,404.900,9.1,250,10,2.7,,
2026-08-05T12:44:18.988Z,X1422008,7721,45.60728,8.57391,30401.5,6.7,9.2,295.1,-39.9,0.7,-1.0,RS41-SG,404.900,9.1,250,10,2.7,,
2026-08-05T12:44:19.988Z,X1422008,7722,45.60732,8.57379,30408.0,6.4,10.4,293.8,-39.9,0.7,-1.0,RS41-SG,404.900,8.2,250,10,2.6,,
2026-08-05T12:44:20.988Z,X1422008,7723,45.60736,8.57366,30413.6,4.8,11.6,293.7,-39.8,0.7,-1.0,RS41-SG,404.900,7.9,250,10,2.6,,
2026-08-05T12:44:21.988Z,X1422008,7724,45.60740,8.57353,30418.7,5.4,12.1,294.4,-39.8,0.7,-1.0,RS41-SG,404.900,7.9,250,10,2.7,,
2026-08-05T12:44:22.988Z,X1422008,7725,45.60744,8.57339,30424.4,6.1,11.7,295.1,-39.7,0.7,-1.0,RS41-SG,404.900,7.0,250,10,2.7,,
2026-08-05T12:44:23.988Z,X1422008,7726,45.60749,8.57326,30430.8,6.5,10.5,296.9,-39.6,0.7,-1.0,RS41-SG,404.900,8.4,250,10,2.6,,
2026-08-05T12:44:24.988Z,X1422008,7727,45.60753,8.57315,30437.0,5.7,9.5,299.8,-39.6,0.7,-1.0,RS41-SG,404.900,8.4,250,10,2.6,,
2026-08-05T12:44:25.988Z,X1422008,7728,45.60757,8.57305,30442.3,5.0,8.8,301.6,-39.6,0.7,-1.0,RS41-SG,404.900,8.2,250,10,2.6,,
2026-08-05T12:44:26.988Z,X1422008,7729,45.60761,8.57295,30447.4,5.2,8.8,303.4,-39.5,0.7,-1.0,RS41-SG,404.900,8.2,250,10,2.7,,
2026-08-05T12:44:27.988Z,X1422008,7730,45.60766,8.57286,30453.3,6.7,9.4,303.5,-39.6,0.7,-1.0,RS41-SG,404.900,7.9,250,10,2.7,,
2026-08-05T12:44:28.988Z,X1422008,7731,45.60771,8.57275,30459.7,6.0,10.2,301.6,-39.6,0.7,-1.0,RS41-SG,404.900,8.3,250,10,2.7,,
2026-08-05T12:44:29.988Z,X1422008,7732,45.60775,8.57264,30465.4,5.4,10.7,300.9,-39.5,0.7,-1.0,RS41-SG,404.900,8.3,250,10,2.6,,
2026-08-05T12:44:30.988Z,X1422008,7733,45.60780,8.57252,30471.1,6.0,10.4,301.0,-39.6,0.7,-1.0,RS41-SG,404.900,8.2,250,10,2.6,,
2026-08-05T12:44:32.988Z,X1422008,7735,45.60789,8.57232,30484.1,6.1,7.9,302.7,-39.5,0.7,-1.0,RS41-SG,404.900,8.2,250,10,2.7,,
2026-08-05T12:44:33.988Z,X1422008,7736,45.60793,8.57224,30489.4,4.4,6.8,304.1,-39.5,0.7,-1.0,RS41-SG,404.900,8.2,250,10,2.7,,
2026-08-05T12:44:34.988Z,X1422008,7737,45.60796,8.57217,30494.4,5.5,6.5,300.9,-39.5,0.7,-1.0,RS41-SG,404.900,7.8,250,10,2.7,,
2026-08-05T12:44:35.988Z,X1422008,7738,45.60799,8.57210,30500.4,6.5,7.1,299.7,-39.5,0.7,-1.0,RS41-SG,404.900,8.8,250,10,2.6,,
2026-08-05T12:44:36.988Z,X1422008,7739,45.60802,8.57201,30506.6,5.7,8.0,298.0,-39.6,0.7,-1.0,RS41-SG,404.900,8.8,250,9,2.6,,
2026-08-05T12:44:37.988Z,X1422008,7740,45.60805,8.57192,30512.2,5.3,8.7,295.0,-39.5,0.7,-1.0,RS41-SG,404.900,8.3,250,9,2.6,,
2026-08-05T12:44:38.988Z,X1422008,7741,45.60809,8.57181,30517.8,5.8,8.8,293.8,-39.5,0.7,-1.0,RS41-SG,404.900,8.3,250,9,2.7,,
2026-08-05T12:44:39.988Z,X1422008,7742,45.60812,8.57171,30524.1,6.7,8.2,291.5,-39.6,0.7,-1.0,RS41-SG,404.900,8.2,250,9,2.7,,
2026-08-05T12:44:40.988Z,X1422008,7743,45.60814,8.57162,30530.2,5.6,7.7,289.7,-39.5,0.7,-1.0,RS41-SG,404.900,7.7,250,9,2.7,,
2026-08-05T12:44:42.988Z,X1422008,7745,45.60819,8.57143,30542.0,6.7,8.6,289.7,-39.4,0.7,-1.0,RS41-SG,404.900,7.2,250,9,2.6,,
2026-08-05T12:44:43.988Z,X1422008,7746,45.60822,8.57132,30548.7,6.5,9.8,292.0,-39.4,0.7,-1.0,RS41-SG,404.900,8.2,250,9,2.6,,
2026-08-05T12:44:44.988Z,X1422008,7747,45.60825,8.57120,30554.5,4.8,10.8,292.4,-39.3,0.7,-1.0,RS41-SG,404.900,8.2,250,9,2.7,,
2026-08-05T12:44:45.988Z,X1422008,7748,45.60829,8.57107,30559.5,5.3,11.0,294.0,-39.2,0.7,-1.0,RS41-SG,404.900,7.5,250,10,2.7,,
2026-08-05T12:44:46.988Z,X1422008,7749,45.60833,8.57094,30565.4,6.3,10.3,295.7,-39.2,0.7,-1.0,RS41-SG,404.900,7.7,250,10,2.7,,
2026-08-05T12:44:47.988Z,X1422008,7750,45.60837,8.57084,30571.9,6.6,8.9,297.5,-39.2,0.7,-1.0,RS41-SG,404.900,7.7,250,10,2.6,,
2026-08-05T12:44:48.988Z,X1422008,7751,45.60841,8.57074,30577.9,5.5,7.8,300.4,-39.2,0.7,-1.0,RS41-SG,404.900,7.9,250,10,2.6,,
2026-08-05T12:44:49.988Z,X1422008,7752,45.60844,8.57066,30583.3,5.2,7.3,303.6,-39.1,0.7,-1.0,RS41-SG,404.900,8.6,250,10,2.6,,
2026-08-05T12:44:50.988Z,X1422008,7753,45.60848,8.57058,30588.5,5.4,7.4,306.0,-39.1,0.7,-1.0,RS41-SG,404.900,8.6,250,10,2.7,,
2026-08-05T12:44:51.988Z,X1422008,7754,45.60852,8.57050,30594.3,6.3,8.1,305.9,-39.1,0.7,-1.0,RS41-SG,404.900,7.9,250,10,2.7,,
2026-08-05T12:44:52.988Z,X1422008,7755,45.60857,8.57041,30600.7,6.5,8.9,305.0,-39.0,0.7,-1.0,RS41-SG,404.900,8.1,250,10,2.7,,
2026-08-05T12:44:53.988Z,X1422008,7756,45.60861,8.57032,30606.8,5.5,9.3,303.7,-39.1,0.7,-1.0,RS41-SG,404.900,8.1,250,10,2.6,,
2026-08-05T12:44:54.988Z,X1422008,7757,45.60866,8.57022,30612.1,5.1,9.1,301.4,-39.0,0.7,-1.0,RS41-SG,404.900,6.9,250,10,2.6,,
2026-08-05T12:44:55.988Z,X1422008,7758,45.60869,8.57013,30617.4,5.5,7.8,297.2,-38.9,0.7,-1.0,RS41-SG,404.900,7.3,250,10,2.6,,
2026-08-05T12:44:57.988Z,X1422008,7760,45.60873,8.56999,30629.0,5.5,3.9,284.2,-38.8,0.7,-1.0,RS41-SG,404.900,7.5,250,10,2.7,,
2026-08-05T12:44:58.988Z,X1422008,7761,45.60874,8.56995,30634.2,4.8,2.9,280.1,-38.7,0.7,-1.0,RS41-SG,404.900,7.6,250,10,2.7,,
2026-08-05T12:44:59.988Z,X1422008,7762,45.60874,8.56991,30639.4,5.6,2.8,287.8,-38.6,0.7,-1.0,RS41-SG,404.900,7.7,250,10,2.6,,
2026-08-05T12:45:00.988Z,X1422008,7763,45.60876,8.56987,30645.6,6.8,4.1,297.6,-38.6,0.7,-1.0,RS41-SG,404.900,7.7,250,10,2.6,,
2026-08-05T12:45:01.988Z,X1422008,7764,45.60878,8.56982,30651.9,5.8,5.9,300.5,-38.6,0.7,-1.0,RS41-SG,404.900,7.5,250,10,2.6,,
2026-08-05T12:45:04.988Z,X1422008,7767,45.60888,8.56957,30668.5,6.8,8.1,300.8,-38.5,0.7,-1.0,RS41-SG,404.900,7.1,250,10,2.7,,
2026-08-05T12:45:05.988Z,X1422008,7768,45.60892,8.56948,30675.1,6.2,7.4,299.1,-38.6,0.7,-1.0,RS41-SG,404.900,7.3,250,10,2.6,,
2026-08-05T12:45:07.988Z,X1422008,7770,45.60897,8.56933,30686.7,6.0,6.4,288.1,-38.5,0.7,-1.0,RS41-SG,404.900,6.9,250,10,2.6,,
2026-08-05T12:45:08.988Z,X1422008,7771,45.60898,8.56925,30693.0,6.6,6.8,281.4,-38.6,0.7,-1.0,RS41-SG,404.900,6.9,250,10,2.7,,
2026-08-05T12:45:18.988Z,X1422008,7781,45.60898,8.56847,30750.2,5.5,9.6,277.3,-38.5,0.7,-1.0,RS41-SG,404.900,6.5,250,10,2.6,,
2026-08-05T12:45:31.988Z,X1422008,7794,45.60898,8.56725,30821.8,7.0,10.4,258.6,-38.3,0.7,-1.0,RS41-SG,404.900,6.2,250,10,2.7,,
2026-08-05T12:45:33.988Z,X1422008,7796,45.60898,8.56701,30833.0,4.6,9.1,279.7,-38.3,0.7,-1.0,RS41-SG,404.900,6.6,250,10,2.6,,
2026-08-05T12:45:41.988Z,X1422008,7804,45.60903,8.56619,30877.7,5.8,5.9,236.0,-38.3,0.7,-1.0,RS41-SG,404.900,7.1,250,10,2.7,,
2026-08-05T12:46:52.988Z,X1422008,7875,45.60957,8.55862,31262.5,4.9,4.2,323.0,-38.7,0.7,-1.0,RS41-SG,404.900,7.0,250,10,2.6,,
2026-08-05T12:47:04.988Z,X1422008,7887,45.61003,8.55760,31324.0,5.2,2.8,298.2,-38.8,0.7,-1.0,RS41-SG,404.900,6.9,250,10,2.6,,
2026-08-05T12:47:06.988Z,X1422008,7889,45.61005,8.55748,31336.6,6.6,7.7,283.5,-38.8,0.7,-1.0,RS41,404.900,7.1,250,10,2.7,,
2026-08-05T12:47:07.988Z,X1422008,7890,45.61007,8.55737,31342.0,4.4,10.2,284.5,-38.8,0.7,-1.0,RS41,404.900,6.9,250,10,2.7,,
2026-08-05T12:47:10.988Z,X1422008,7893,45.61018,8.55690,31355.5,6.4,14.1,294.1,-38.8,0.7,-1.0,RS41,404.900,7.0,250,10,2.6,,
2026-08-05T12:47:11.988Z,X1422008,7894,45.61024,8.55674,31361.6,5.8,13.2,297.7,-38.8,0.7,-1.0,RS41,404.900,7.0,250,10,2.7,,
2026-08-05T12:47:13.988Z,X1422008,7896,45.61035,8.55648,31372.1,5.2,11.0,304.5,-38.8,0.7,-1.0,RS41,404.900,7.6,250,10,2.7,,
2026-08-05T12:47:14.988Z,X1422008,7897,45.61040,8.55637,31377.8,6.1,10.2,305.1,-38.8,0.7,-1.0,RS41,404.900,7.4,250,10,2.6,,
2026-08-05T12:47:17.988Z,X1422008,7900,45.61053,8.55608,31394.2,5.5,7.0,299.7,-38.8,0.7,-1.0,RS41,404.900,6.9,250,10,2.7,,
2026-08-05T12:47:23.988Z,X1422008,7906,45.61066,8.55561,31428.0,4.9,11.0,288.6,-38.6,0.7,-1.0,RS41,404.900,7.6,250,10,2.7,,
2026-08-05T12:47:30.988Z,X1422008,7913,45.61088,8.55489,31464.4,4.1,2.6,294.7,-38.7,0.7,-1.0,RS41,404.900,6.8,250,10,2.7,,
2026-08-05T12:47:49.988Z,X1422008,7932,45.61115,8.55294,31564.1,4.8,4.8,257.0,-38.0,0.6,-1.0,RS41,404.900,7.0,250,10,2.7,,
2026-08-05T12:47:50.988Z,X1422008,7933,45.61114,8.55287,31569.4,6.0,5.8,261.8,-38.0,0.7,-1.0,RS41,404.900,7.0,250,10,2.6,,
2026-08-05T12:47:51.988Z,X1422008,7934,45.61114,8.55278,31575.6,6.3,7.7,267.7,-38.0,0.7,-1.0,RS41,404.900,7.1,250,10,2.6,,
2026-08-05T12:47:52.988Z,X1422008,7935,45.61114,8.55267,31581.0,4.6,9.6,271.3,-38.0,0.6,-1.0,RS41,404.900,7.1,250,10,2.6,,
2026-08-05T12:47:53.988Z,X1422008,7936,45.61114,8.55254,31585.2,4.0,11.1,272.4,-38.0,0.6,-1.0,RS41,404.900,7.1,250,10,2.7,,
2026-08-05T12:47:54.988Z,X1422008,7937,45.61115,8.55240,31589.7,4.9,11.6,272.8,-38.0,0.6,-1.0,RS41,404.900,7.2,250,10,2.7,,
2026-08-05T12:47:55.988Z,X1422008,7938,45.61115,8.55225,31595.2,6.1,10.9,271.7,-38.0,0.6,-1.0,RS41,404.900,7.2,250,10,2.7,,
2026-08-05T12:47:59.988Z,X1422008,7942,45.61114,8.55181,31616.1,4.7,7.1,269.2,-37.9,0.6,-1.0,RS41,404.900,7.2,250,10,2.7,,
2026-08-05T12:48:00.988Z,X1422008,7943,45.61115,8.55172,31621.2,5.4,7.4,273.4,-37.9,0.6,-1.0,RS41,404.900,7.6,250,10,2.7,,
2026-08-05T12:48:01.988Z,X1422008,7944,45.61115,8.55162,31626.9,6.0,8.5,275.1,-38.0,0.7,-1.0,RS41,404.900,7.8,250,10,2.7,,
2026-08-05T12:48:02.988Z,X1422008,7945,45.61116,8.55150,31633.1,6.2,9.5,275.6,-38.0,0.7,-1.0,RS41,404.900,7.8,250,10,2.6,,
2026-08-05T12:48:06.988Z,X1422008,7949,45.61117,8.55098,31653.5,5.7,9.2,262.7,-37.9,0.6,-1.0,RS41,404.900,6.7,250,10,2.7,,
2026-08-05T12:48:08.988Z,X1422008,7951,45.61114,8.55078,31665.0,5.2,7.3,249.8,-37.9,0.6,-1.0,RS41,404.900,6.7,250,10,2.6,,
2026-08-05T12:48:09.988Z,X1422008,7952,45.61111,8.55070,31670.1,4.8,7.0,249.5,-37.8,0.6,-1.0,RS41,404.900,7.0,250,10,2.6,,
2026-08-05T12:48:10.988Z,X1422008,7953,45.61109,8.55061,31675.2,5.3,7.7,255.0,-37.7,0.6,-1.0,RS41,404.900,7.2,250,10,2.6,,
2026-08-05T12:48:11.988Z,X1422008,7954,45.61108,8.55050,31680.9,5.9,9.2,262.9,-37.7,0.6,-1.0,RS41,404.900,7.6,250,10,2.7,,
2026-08-05T12:48:12.988Z,X1422008,7955,45.61107,8.55038,31686.6,5.6,11.0,268.7,-37.7,0.6,-1.0,RS41,404.900,7.6,250,10,2.7,,
2026-08-05T12:48:17.988Z,X1422008,7960,45.61104,8.54963,31713.6,4.8,9.8,255.0,-37.5,0.6,-1.0,RS41,404.900,7.4,250,10,2.7,,
2026-08-05T12:48:23.988Z,X1422008,7966,45.61088,8.54897,31744.5,4.8,9.7,255.6,-37.5,0.6,-1.0,RS41,404.900,7.4,250,10,2.7,,
2026-08-05T12:48:25.988Z,X1422008,7968,45.61083,8.54875,31755.9,6.4,8.8,251.9,-37.5,0.6,-1.0,RS41,404.900,6.7,250,10,2.7,,
2026-08-05T12:48:28.988Z,X1422008,7971,45.61075,8.54843,31772.3,5.1,9.4,252.5,-37.4,0.6,-1.0,RS41,404.900,7.0,250,10,2.6,,
2026-08-05T12:48:29.988Z,X1422008,7972,45.61073,8.54831,31777.8,5.9,10.4,257.2,-37.5,0.6,-1.0,RS41,404.900,7.0,250,10,2.7,,
2026-08-05T12:48:33.988Z,X1422008,7976,45.61066,8.54771,31800.1,6.2,11.2,255.6,-37.5,0.6,-1.0,RS41,404.900,6.8,250,10,2.6,,
2026-08-05T12:48:37.988Z,X1422008,7980,45.61051,8.54734,31821.1,4.5,7.2,229.2,-37.6,0.6,-1.0,RS41,404.900,6.6,250,9,2.7,,
2026-08-05T12:48:38.988Z,X1422008,7981,45.61047,8.54726,31826.4,5.7,7.4,239.8,-37.5,0.7,-1.0,RS41,404.900,7.7,250,8,2.6,,
2026-08-05T12:48:39.988Z,X1422008,7982,45.61044,8.54717,31832.5,6.5,8.6,255.1,-37.5,0.6,-1.0,RS41,404.900,7.7,250,9,2.6,,
2026-08-05T12:48:40.988Z,X1422008,7983,45.61043,8.54705,31838.7,5.7,10.3,265.6,-37.6,0.6,-1.0,RS41,404.900,7.3,250,9,2.6,,
2026-08-05T12:48:41.988Z,X1422008,7984,45.61043,8.54691,31843.8,4.3,11.7,272.0,-37.7,0.6,-1.0,RS41,404.900,7.3,250,9,2.7,,
2026-08-05T12:48:45.988Z,X1422008,7988,45.61046,8.54630,31866.4,5.1,10.4,270.1,-37.7,0.7,-1.0,RS41,404.900,6.9,250,9,2.6,,
2026-08-05T12:48:46.988Z,X1422008,7989,45.61045,8.54617,31871.2,4.6,9.5,267.2,-37.6,0.6,-1.0,RS41,404.900,7.1,250,9,2.6,,
2026-08-05T12:48:47.988Z,X1422008,7990,45.61045,8.54605,31876.2,5.1,9.3,264.9,-37.5,0.6,-1.0,RS41,404.900,7.2,250,9,2.7,,
2026-08-05T12:48:48.988Z,X1422008,7991,45.61044,8.54593,31881.8,6.0,9.8,265.4,-37.5,0.6,-1.0,RS41-SG,404.900,7.2,250,9,2.7,,
2026-08-05T12:48:49.988Z,X1422008,7992,45.61044,8.54580,31887.6,5.7,10.5,268.5,-37.5,0.7,-1.0,RS41-SG,404.900,7.1,250,9,2.7,,
2026-08-05T12:48:51.988Z,X1422008,7994,45.61045,8.54552,31898.2,5.0,11.0,279.4,-37.4,0.6,-1.0,RS41-SG,404.900,7.0,250,9,2.6,,
2026-08-05T12:48:52.988Z,X1422008,7995,45.61047,8.54539,31903.5,5.6,10.7,286.7,-37.4,0.6,-1.0,RS41-SG,404.900,7.6,250,9,2.6,,
2026-08-05T12:48:53.988Z,X1422008,7996,45.61050,8.54526,31909.4,6.3,10.0,291.8,-37.4,0.6,-1.0,RS41-SG,404.900,8.1,250,9,2.7,,
2026-08-05T12:48:54.988Z,X1422008,7997,45.61054,8.54515,31915.3,5.2,9.4,293.9,-37.5,0.6,-1.0,RS41-SG,404.900,8.1,250,9,2.7,,
2026-08-05T12:48:55.988Z,X1422008,7998,45.61057,8.54504,31920.4,5.0,9.2,292.3,-37.6,0.6,-1.0,RS41-SG,404.900,7.6,250,9,2.7,,
2026-08-05T12:48:56.988Z,X1422008,7999,45.61060,8.54493,31925.7,5.4,9.7,287.2,-37.6,0.7,-1.0,RS41-SG,404.900,7.0,250,9,2.6,,
2026-08-05T12:48:57.988Z,X1422008,8000,45.61062,8.54480,31931.5,6.2,10.9,280.6,-37.7,0.6,-1.0,RS41-SG,404.900,6.7,250,9,2.6,,
2026-08-05T12:48:58.988Z,X1422008,8001,45.61063,8.54465,31937.6,5.9,12.3,276.0,-37.6,0.6,-1.0,RS41-SG,404.900,6.7,250,9,2.6,,
2026-08-05T12:49:05.988Z,X1422008,8008,45.61079,8.54371,31975.7,6.1,9.3,303.9,-37.6,0.7,-1.0,RS41-SG,404.900,6.7,250,9,2.7,,
2026-08-05T12:49:06.988Z,X1422008,8009,45.61084,8.54360,31982.2,6.7,10.1,301.0,-37.7,0.6,-1.0,RS41-SG,404.900,7.4,250,9,2.7,,
2026-08-05T12:49:07.988Z,X1422008,8010,45.61089,8.54348,31988.1,5.1,11.1,297.0,-37.7,0.7,-1.0,RS41-SG,404.900,7.4,250,9,2.7,,
2026-08-05T12:49:10.988Z,X1422008,8013,45.61101,8.54306,32003.9,6.2,12.2,291.6,-37.6,0.7,-1.0,RS41-SG,404.900,7.2,250,9,2.6,,
2026-08-05T12:49:11.988Z,X1422008,8014,45.61105,8.54292,32009.8,5.5,11.9,292.5,-37.6,0.7,-1.0,RS41-SG,404.900,7.2,250,9,2.7,,
2026-08-05T12:49:12.988Z,X1422008,8015,45.61109,8.54278,32015.0,5.1,11.8,293.3,-37.7,0.6,-1.0,RS41-SG,404.900,7.3,250,9,2.7,,
2026-08-05T12:49:13.988Z,X1422008,8016,45.61113,8.54264,32020.3,5.5,12.1,292.2,-37.7,0.6,-1.0,RS41-SG,404.900,7.4,250,9,2.7,,
2026-08-05T12:49:15.988Z,X1422008,8018,45.61121,8.54234,32031.6,6.0,13.1,287.7,-37.7,0.7,-1.0,RS41-SG,404.900,6.7,250,9,2.6,,
2026-08-05T12:49:17.988Z,X1422008,8020,45.61128,8.54203,32043.5,5.4,12.4,285.7,-37.8,0.7,-1.0,RS41-SG,404.900,7.0,250,9,2.7,,
2026-08-05T12:49:22.988Z,X1422008,8025,45.61146,8.54156,32070.1,4.9,6.0,327.4,-37.7,0.7,-1.0,RS41-SG,404.900,6.8,250,9,2.6,,
2026-08-05T12:49:23.988Z,X1422008,8026,45.61150,8.54151,32075.4,5.4,6.2,321.0,-37.9,0.7,-1.0,RS41-SG,404.900,7.3,250,9,2.7,,
2026-08-05T12:49:25.988Z,X1422008,8028,45.61157,8.54135,32086.9,5.7,9.4,285.9,-37.8,0.7,-1.0,RS41-SG,404.900,6.9,250,9,2.7,,
2026-08-05T12:49:26.988Z,X1422008,8029,45.61159,8.54122,32092.4,5.0,12.4,277.2,-37.7,0.7,-1.0,RS41-SG,404.900,6.8,250,9,2.6,,
2026-08-05T12:49:27.988Z,X1422008,8030,45.61160,8.54105,32097.0,4.1,14.8,274.2,-37.7,0.7,-1.0,RS41-SG,404.900,6.5,250,9,2.6,,
2026-08-05T12:49:28.988Z,X1422008,8031,45.61161,8.54085,32101.1,4.2,16.2,275.0,-37.7,0.7,-1.0,RS41-SG,404.900,7.0,250,9,2.6,,
2026-08-05T12:49:32.988Z,X1422008,8035,45.61173,8.54019,32125.7,4.3,9.4,303.0,-37.6,0.7,-1.0,RS41-SG,404.900,6.2,250,9,2.6,,
2026-08-05T12:49:33.988Z,X1422008,8036,45.61178,8.54010,32130.0,4.0,7.1,313.2,-37.6,0.6,-1.0,RS41-SG,404.900,7.1,250,9,2.6,,
2026-08-05T12:49:34.988Z,X1422008,8037,45.61182,8.54005,32134.5,5.1,5.0,318.7,-37.6,0.6,-1.0,RS41-SG,404.900,7.1,250,9,2.6,,
2026-08-05T12:49:35.988Z,X1422008,8038,45.61184,8.54001,32140.1,6.1,3.8,303.2,-37.6,0.6,-1.0,RS41-SG,404.900,7.0,250,9,2.7,,
2026-08-05T12:49:37.988Z,X1422008,8040,45.61185,8.53990,32151.6,5.0,5.2,259.1,-37.5,0.6,-1.0,RS41-SG,404.900,7.1,250,9,2.7,,
2026-08-05T12:49:38.988Z,X1422008,8041,45.61184,8.53983,32156.3,4.4,6.5,255.0,-37.5,0.6,-1.0,RS41-SG,404.900,7.2,250,9,2.6,,
2026-08-05T12:49:40.988Z,X1422008,8043,45.61181,8.53964,32166.5,6.0,8.1,264.0,-37.5,0.7,-1.0,RS41-SG,404.900,7.2,250,9,2.6,,
2026-08-05T12:49:41.988Z,X1422008,8044,45.61181,8.53954,32173.0,6.8,8.5,275.9,-37.5,0.7,-1.0,RS41-SG,404.900,7.3,250,9,2.7,,
2026-08-05T12:49:42.988Z,X1422008,8045,45.61183,8.53943,32179.5,6.1,9.0,287.9,-37.6,0.6,-1.0,RS41-SG,404.900,7.3,250,9,2.7,,
2026-08-05T12:49:43.988Z,X1422008,8046,45.61186,8.53932,32184.8,4.6,9.8,297.3,-37.6,0.6,-1.0,RS41-SG,404.900,7.5,250,9,2.7,,
2026-08-05T12:49:44.988Z,X1422008,8047,45.61191,8.53921,32189.2,4.2,11.0,302.4,-37.6,0.7,-1.0,RS41-SG,404.900,7.5,250,9,2.6,,
2026-08-05T12:49:49.988Z,X1422008,8052,45.61212,8.53856,32217.9,5.7,8.4,277.9,-37.7,0.6,-1.0,RS41-SG,404.900,6.6,250,9,2.7,,
2026-08-05T12:49:54.988Z,X1422008,8057,45.61207,8.53836,32245.1,6.1,2.0,257.0,-37.9,0.6,-1.0,RS41-SG,404.900,6.9,250,9,2.7,,
2026-08-05T12:51:25.988Z,X1422008,8148,45.61329,8.52745,32754.2,5.8,17.0,286.3,-36.4,0.6,-1.0,RS41-SG,404.900,6.9,250,9,2.7,,
2026-08-05T12:52:47.988Z,X1422008,8230,45.61455,8.51511,33192.4,5.8,10.8,270.9,-35.2,0.5,-1.0,RS41-SG,404.900,7.0,250,9,2.7,,
2026-08-05T12:52:49.988Z,X1422008,8232,45.61452,8.51479,33202.7,4.5,14.9,258.4,-35.1,0.6,-1.0,RS41-SG,404.900,7.0,250,9,2.6,,
2026-08-05T12:53:01.988Z,X1422008,8244,45.61479,8.51289,33261.8,3.5,12.4,256.8,-34.7,0.5,-1.0,RS41-SG,404.900,7.2,250,9,2.7,,
2026-08-05T12:53:12.988Z,X1422008,8255,45.61518,8.51110,33317.3,4.5,12.6,296.1,-34.3,0.5,-1.0,RS41-SG,404.900,6.3,250,9,2.7,,
2026-08-05T12:53:13.988Z,X1422008,8256,45.61522,8.51096,33322.1,5.2,11.6,295.1,-34.3,0.5,-1.0,RS41-SG,404.900,7.2,250,9,2.6,,
2026-08-05T12:53:14.988Z,X1422008,8257,45.61527,8.51083,33327.5,5.6,11.1,296.9,-34.4,0.5,-1.0,RS41-SG,404.900,7.2,250,9,2.6,,
2026-08-05T12:53:15.988Z,X1422008,8258,45.61531,8.51071,33332.9,5.1,11.2,298.4,-34.3,0.5,-1.0,RS41-SG,404.900,7.1,250,9,2.6,,
2026-08-05T12:53:16.988Z,X1422008,8259,45.61536,8.51058,33337.8,4.8,12.0,297.4,-34.3,0.5,-1.0,RS41-SG,404.900,6.9,250,9,2.7,,
2026-08-05T12:53:17.988Z,X1422008,8260,45.61541,8.51043,33342.5,4.5,13.3,295.1,-34.2,0.5,-1.0,RS41-SG,404.900,7.1,250,9,2.7,,
2026-08-05T12:53:18.988Z,X1422008,8261,45.61546,8.51027,33347.2,4.7,14.9,291.7,-34.3,0.5,-1.0,RS41-SG,404.900,7.1,250,9,2.7,,
2026-08-05T12:53:19.988Z,X1422008,8262,45.61551,8.51008,33352.2,5.2,16.6,289.7,-34.4,0.6,-1.0,RS41-SG,404.900,6.8,250,9,2.6,,
2026-08-05T12:53:26.988Z,X1422008,8269,45.61601,8.50880,33386.5,5.2,12.8,320.4,-34.4,0.5,-1.0,RS41-SG,404.900,6.9,250,9,2.6,,
2026-08-05T12:53:32.988Z,X1422008,8275,45.61621,8.50789,33417.3,3.5,19.7,267.0,-33.8,0.5,-1.0,RS41-SG,404.900,6.6,250,9,2.7,,
2026-08-05T12:54:09.988Z,X1422008,8312,45.61733,8.50158,32212.8,-45.1,10.5,250.8,-37.3,0.7,-1.0,RS41-SG,404.900,6.4,250,9,2.5,,
2026-08-05T12:54:13.988Z,X1422008,8316,45.61726,8.50108,32023.0,-48.1,8.3,267.1,-37.4,0.7,-1.0,RS41-SG,404.900,6.8,250,7,2.5,,
2026-08-05T12:54:14.988Z,X1422008,8317,45.61727,8.50099,31976.0,-47.1,7.2,278.5,-37.4,0.7,-1.0,RS41-SG,404.900,6.8,250,8,2.5,,
2026-08-05T12:54:15.988Z,X1422008,8318,45.61728,8.50090,31928.9,-47.5,6.9,292.4,-37.3,0.6,-1.0,RS41-SG,404.900,7.8,250,8,2.7,,
2026-08-05T12:54:16.988Z,X1422008,8319,45.61731,8.50081,31879.2,-50.7,8.0,301.6,-37.3,0.6,-1.0,RS41-SG,404.900,7.8,250,9,2.7,,
2026-08-05T12:54:17.988Z,X1422008,8320,45.61735,8.50073,31830.3,-48.2,7.7,301.3,-37.3,0.6,-1.0,RS41-SG,404.900,7.6,250,8,2.5,,
2026-08-05T12:54:18.988Z,X1422008,8321,45.61739,8.50064,31782.9,-47.0,9.0,306.0,-37.3,0.6,-1.0,RS41-SG,404.900,7.7,250,8,2.5,,
2026-08-05T12:54:19.988Z,X1422008,8322,45.61743,8.50053,31735.1,-49.0,9.8,297.8,-37.3,0.6,-1.0,RS41-SG,404.900,8.0,250,8,2.7,,
2026-08-05T12:54:20.988Z,X1422008,8323,45.61748,8.50042,31684.9,-52.1,10.2,301.8,-37.4,0.6,-1.0,RS41-SG,404.900,8.0,250,7,2.7,,
2026-08-05T12:54:21.988Z,X1422008,8324,45.61752,8.50030,31633.3,-51.4,10.9,291.8,-37.5,0.6,-1.0,RS41-SG,404.900,7.7,250,8,2.7,,
2026-08-05T12:54:22.988Z,X1422008,8325,45.61755,8.50017,31581.5,-53.5,10.3,291.8,-37.6,0.6,-1.0,RS41-SG,404.900,7.2,250,8,2.5,,
2026-08-05T12:54:25.988Z,X1422008,8328,45.61762,8.49978,31420.1,-58.3,10.2,280.5,-37.8,0.7,-1.0,RS41-SG,404.900,6.8,250,7,2.7,,
2026-08-05T12:54:27.988Z,X1422008,8330,45.61765,8.49952,31303.5,-58.9,9.8,275.0,-37.8,0.6,-1.0,RS41-SG,404.900,6.7,250,8,2.7,,
2026-08-05T12:54:31.988Z,X1422008,8334,45.61766,8.49915,31097.9,-38.1,4.7,295.8,-38.2,0.7,-1.0,RS41-SG,404.900,7.0,250,8,2.7,,
2026-08-05T12:54:32.988Z,X1422008,8335,45.61770,8.49908,31064.9,-28.9,9.5,319.0,-38.3,0.7,-1.0,RS41-SG,404.900,7.0,250,8,2.7,,
2026-08-05T12:54:33.988Z,X1422008,8336,45.61779,8.49898,31036.9,-27.4,15.7,322.8,-38.2,0.7,-1.0,RS41-SG,404.900,7.4,250,7,2.7,,
2026-08-05T12:54:35.988Z,X1422008,8338,45.61805,8.49868,30978.3,-32.7,22.0,318.3,-38.1,0.7,-1.0,RS41-SG,404.900,6.9,250,7,2.5,,
2026-08-05T12:54:36.988Z,X1422008,8339,45.61821,8.49848,30946.5,-32.9,25.1,319.6,-38.0,0.7,-1.0,RS41-SG,404.900,6.9,250,7,2.7,,
2026-08-05T12:54:37.988Z,X1422008,8340,45.61838,8.49827,30914.3,-32.4,26.4,321.5,-37.9,0.6,-1.0,RS41-SG,404.900,7.4,250,9,2.7,,
2026-08-05T12:54:38.988Z,X1422008,8341,45.61857,8.49806,30883.2,-31.3,26.9,323.0,-37.8,0.6,-1.0,RS41-SG,404.900,7.4,250,8,2.5,,
2026-08-05T12:54:39.988Z,X1422008,8342,45.61876,8.49786,30853.9,-29.0,26.3,322.7,-37.8,0.6,-1.0,RS41-SG,404.900,7.2,250,8,2.5,,
2026-08-05T12:54:57.988Z,X1422008,8360,45.61976,8.49776,30363.9,-26.1,5.1,210.5,-39.4,0.7,-1.0,RS41-SG,404.900,6.5,250,7,2.7,,
2026-08-05T12:56:02.988Z,X1422008,8425,45.61904,8.48912,28600.5,-28.5,17.4,339.9,-44.8,0.9,-1.0,RS41-SG,404.900,6.7,250,8,2.5,,
2026-08-05T12:56:20.988Z,X1422008,8443,45.61974,8.48625,28106.9,-29.7,13.8,1.2,-45.2,0.9,-1.0,RS41-SG,404.900,7.1,250,8,2.7,,
2026-08-05T12:56:24.988Z,X1422008,8447,45.62033,8.48590,27990.6,-27.9,21.5,320.2,-45.6,0.9,-1.0,RS41-SG,404.900,7.3,250,9,2.5,,
2026-08-05T12:56:25.988Z,X1422008,8448,45.62047,8.48571,27962.7,-28.5,21.8,311.3,-45.8,0.9,-1.0,RS41-SG,404.900,7.1,250,9,2.7,,
2026-08-05T12:56:47.988Z,X1422008,8470,45.62148,8.48182,27356.8,-30.2,7.7,274.0,-47.0,1.0,-1.0,RS41-SG,404.900,7.0,250,8,2.7,,
2026-08-05T12:56:49.988Z,X1422008,8472,45.62146,8.48158,27295.8,-30.9,11.1,253.0,-46.8,1.0,-1.0,RS41-SG,404.900,6.9,250,8,2.5,,
2026-08-05T12:56:51.988Z,X1422008,8474,45.62141,8.48126,27236.0,-30.3,14.3,261.7,-46.7,1.0,-1.0,RS41-SG,404.900,6.3,250,8,2.7,,
2026-08-05T12:56:52.988Z,X1422008,8475,45.62138,8.48108,27206.4,-30.2,15.2,260.9,-46.6,1.0,-1.0,RS41-SG,404.900,6.8,250,8,2.7,,
2026-08-05T12:56:53.988Z,X1422008,8476,45.62137,8.48089,27177.0,-30.3,14.2,263.5,-46.6,0.9,-1.0,RS41-SG,404.900,6.9,250,7,2.6,,
2026-08-05T12:56:56.988Z,X1422008,8479,45.62135,8.48035,27087.6,-31.3,13.4,271.3,-46.2,0.9,-1.0,RS41-SG,404.900,6.8,250,8,2.7,,
2026-08-05T12:56:57.988Z,X1422008,8480,45.62135,8.48019,27057.7,-30.4,11.5,269.4,-46.2,0.9,-1.0,RS41-SG,404.900,7.0,250,7,2.7,,
2026-08-05T12:56:58.988Z,X1422008,8481,45.62135,8.48005,27027.6,-31.0,10.2,273.0,-46.2,0.9,-1.0,RS41-SG,404.900,7.0,250,8,2.7,,
2026-08-05T12:57:04.988Z,X1422008,8487,45.62128,8.47932,26845.3,-30.9,10.3,260.1,-47.2,1.0,-1.0,RS41-SG,404.900,7.1,250,8,2.7,,
2026-08-05T12:57:14.988Z,X1422008,8497,45.62126,8.47805,26551.9,-29.5,8.6,268.4,-47.5,1.0,-1.0,RS41-SG,404.900,7.0,250,8,2.5,,
2026-08-05T12:57:26.988Z,X1422008,8509,45.62103,8.47663,26201.1,-29.0,8.6,240.4,-48.5,1.1,-1.0,RS41-SG,404.900,6.6,250,7,2.5,,
2026-08-05T12:57:27.988Z,X1422008,8510,45.62099,8.47654,26172.4,-28.5,8.4,238.1,-48.6,1.1,-1.0,RS41-SG,404.900,6.3,250,7,2.7,,
2026-08-05T12:57:28.988Z,X1422008,8511,45.62095,8.47645,26144.0,-28.8,8.0,239.3,-48.6,1.1,-1.0,RS41-SG,404.900,6.8,250,7,2.7,,
2026-08-05T12:58:08.988Z,X1422008,8551,45.62048,8.47347,25043.7,-26.6,6.6,256.5,-48.2,1.0,-1.0,RS41-SG,404.900,6.2,250,7,2.5,,
