timestamp,serial,frame,lat,lon,alt,vel_v,vel_h,heading,temp,humidity,pressure,type,freq_mhz,snr,f_error_hz,sats,batt_v,burst_timer,aux_data
2026-08-06T00:58:11.006Z,X1432662,8620,45.60686,8.71124,32211.2,4.4,9.6,287.9,-273.0,-1.0,-1.0,RS41,404.900,7.0,250,10,2.5,,
2026-08-06T00:58:12.006Z,X1432662,8621,45.60688,8.71112,32215.5,4.2,9.6,279.9,-273.0,-1.0,-1.0,RS41,404.900,7.0,250,10,2.5,,
2026-08-06T00:58:21.006Z,X1432662,8630,45.60729,8.70986,32252.5,5.2,11.6,297.4,-273.0,-1.0,-1.0,RS41,404.900,6.5,250,10,2.6,,
2026-08-06T00:58:24.006Z,X1432662,8633,45.60735,8.70950,32264.4,3.2,8.4,269.5,-273.0,-1.0,-1.0,RS41,404.900,6.8,250,10,2.5,,
2026-08-06T00:58:25.006Z,X1432662,8634,45.60735,8.70940,32268.1,4.1,8.1,268.1,-273.0,-1.0,-1.0,RS41,404.900,6.8,250,10,2.5,,
2026-08-06T00:58:28.006Z,X1432662,8637,45.60739,8.70909,32281.1,3.3,9.4,292.8,-273.0,-1.0,-1.0,RS41,404.900,6.5,250,10,2.5,,
2026-08-06T00:58:33.006Z,X1432662,8642,45.60755,8.70846,32301.2,4.2,10.6,274.6,-273.0,-1.0,-1.0,RS41,404.900,6.8,250,10,2.5,,
2026-08-06T00:58:35.006Z,X1432662,8644,45.60755,8.70819,32308.4,3.4,11.0,267.6,-273.0,-1.0,-1.0,RS41,404.900,6.6,250,10,2.5,,
2026-08-06T00:58:42.006Z,X1432662,8651,45.60763,8.70719,32336.3,4.3,11.6,272.0,-273.0,-1.0,-1.0,RS41,404.900,6.5,250,10,2.5,,
2026-08-06T00:58:45.006Z,X1432662,8654,45.60758,8.70676,32348.9,3.7,11.4,252.5,-273.0,-1.0,-1.0,RS41,404.900,6.7,250,10,2.5,,
2026-08-06T00:58:48.006Z,X1432662,8657,45.60752,8.70635,32362.4,4.3,10.7,268.3,-273.0,-1.0,-1.0,RS41,404.900,6.7,250,10,2.6,,
2026-08-06T00:58:49.006Z,X1432662,8658,45.60753,8.70621,32366.2,3.2,11.0,275.0,-273.0,-1.0,-1.0,RS41,404.900,7.1,250,10,2.6,,
2026-08-06T00:58:55.006Z,X1432662,8664,45.60750,8.70526,32390.7,3.8,13.4,254.6,-273.0,-1.0,-1.0,RS41,404.900,6.7,250,10,2.6,,
2026-08-06T00:58:58.006Z,X1432662,8667,45.60741,8.70481,32404.2,3.9,11.2,256.6,-273.0,-1.0,-1.0,RS41,404.900,6.8,250,10,2.5,,
2026-08-06T00:58:59.006Z,X1432662,8668,45.60739,8.70467,32407.9,3.6,10.7,258.1,-273.0,-1.0,-1.0,RS41,404.900,6.9,250,10,2.5,,
2026-08-06T00:59:02.006Z,X1432662,8671,45.60731,8.70427,32421.3,4.6,11.7,251.3,-273.0,-1.0,-1.0,RS41,404.900,6.7,250,10,2.6,,
2026-08-06T00:59:04.006Z,X1432662,8673,45.60724,8.70397,32429.6,4.0,13.4,254.2,-273.0,-1.0,-1.0,RS41,404.900,6.8,250,10,2.5,,
2026-08-06T00:59:05.006Z,X1432662,8674,45.60721,8.70380,32433.8,4.3,14.3,259.3,-273.0,-1.0,-1.0,RS41,404.900,7.0,250,10,2.5,,
2026-08-06T00:59:07.006Z,X1432662,8676,45.60719,8.70341,32442.6,4.0,15.8,270.1,-273.0,-1.0,-1.0,RS41,404.900,7.1,250,10,2.6,,
2026-08-06T00:59:08.006Z,X1432662,8677,45.60719,8.70321,32446.4,3.5,16.5,272.4,-273.0,-1.0,-1.0,RS41,404.900,7.1,250,10,2.6,,
2026-08-06T00:59:09.006Z,X1432662,8678,45.60720,8.70300,32450.0,3.7,16.9,271.8,-273.0,-1.0,-1.0,RS41,404.900,7.1,250,10,2.5,,
2026-08-06T00:59:10.006Z,X1432662,8679,45.60720,8.70278,32454.1,4.4,16.9,268.0,-273.0,-1.0,-1.0,RS41,404.900,6.7,250,10,2.5,,
2026-08-06T00:59:11.006Z,X1432662,8680,45.60719,8.70257,32458.6,4.8,16.8,262.1,-273.0,-1.0,-1.0,RS41,404.900,7.0,250,10,2.5,,
2026-08-06T00:59:12.006Z,X1432662,8681,45.60716,8.70236,32463.4,4.6,16.4,256.5,-273.0,-1.0,-1.0,RS41,404.900,7.0,250,10,2.6,,
2026-08-06T00:59:14.006Z,X1432662,8683,45.60707,8.70197,32471.2,4.1,15.5,249.9,-273.0,-1.0,-1.0,RS41,404.900,7.2,250,10,2.6,,
2026-08-06T00:59:15.006Z,X1432662,8684,45.60703,8.70179,32475.7,4.8,14.6,252.8,-273.0,-1.0,-1.0,RS41,404.900,7.2,250,10,2.5,,
2026-08-06T00:59:17.006Z,X1432662,8686,45.60699,8.70144,32485.3,4.7,13.5,268.5,-273.0,-1.0,-1.0,RS41,404.900,7.2,250,10,2.5,,
2026-08-06T00:59:18.006Z,X1432662,8687,45.60699,8.70127,32489.6,3.9,13.8,276.1,-273.0,-1.0,-1.0,RS41,404.900,7.5,250,10,2.5,,
2026-08-06T00:59:21.006Z,X1432662,8690,45.60705,8.70071,32500.7,4.2,15.3,275.9,-273.0,-1.0,-1.0,RS41,404.900,7.1,250,10,2.5,,
2026-08-06T00:59:22.006Z,X1432662,8691,45.60706,8.70052,32505.2,4.6,15.8,268.7,-273.0,-1.0,-1.0,RS41,404.900,7.1,250,10,2.5,,
2026-08-06T00:59:23.006Z,X1432662,8692,45.60704,8.70031,32509.6,4.2,16.4,261.1,-273.0,-1.0,-1.0,RS41,404.900,6.6,250,10,2.5,,
2026-08-06T00:59:24.006Z,X1432662,8693,45.60701,8.70011,32513.6,3.5,17.1,255.7,-273.0,-1.0,-1.0,RS41,404.900,7.0,250,10,2.6,,
2026-08-06T00:59:30.006Z,X1432662,8699,45.60691,8.69880,32538.9,3.2,17.1,281.3,-273.0,-1.0,-1.0,RS41,404.900,6.8,250,10,2.5,,
2026-08-06T00:59:31.006Z,X1432662,8700,45.60694,8.69859,32542.3,3.5,17.0,283.8,-273.0,-1.0,-1.0,RS41,404.900,6.8,250,10,2.6,,
2026-08-06T00:59:34.006Z,X1432662,8703,45.60701,8.69797,32555.5,4.7,16.4,269.1,-273.0,-1.0,-1.0,RS41,404.900,6.8,250,10,2.5,,
2026-08-06T00:59:36.006Z,X1432662,8705,45.60697,8.69754,32563.6,3.3,17.5,258.0,-273.0,-1.0,-1.0,RS41,404.900,6.7,250,10,2.6,,
2026-08-06T00:59:37.006Z,X1432662,8706,45.60694,8.69732,32567.0,3.6,18.0,257.4,-273.0,-1.0,-1.0,RS41,404.900,6.8,250,10,2.6,,
2026-08-06T00:59:40.006Z,X1432662,8709,45.60689,8.69664,32580.8,4.7,17.6,274.4,-273.0,-1.0,-1.0,RS41,404.900,6.9,250,10,2.5,,
2026-08-06T00:59:49.006Z,X1432662,8718,45.60697,8.69487,32619.2,5.1,15.2,261.2,-273.0,-1.0,-1.0,RS41,404.900,6.7,250,10,2.6,,
2026-08-06T00:59:53.006Z,X1432662,8722,45.60703,8.69405,32637.6,3.4,17.4,287.3,-273.0,-1.0,-1.0,RS41,404.900,7.2,250,10,2.5,,
2026-08-06T00:59:56.006Z,X1432662,8725,45.60715,8.69343,32650.8,5.5,15.7,279.3,-273.0,-1.0,-1.0,RS41,404.900,6.4,250,10,2.6,,
2026-08-06T00:59:57.006Z,X1432662,8726,45.60717,8.69324,32655.8,4.5,14.9,272.9,-37.2,-1.0,-1.0,RS41,404.900,6.4,250,10,2.5,,
2026-08-06T00:59:59.006Z,X1432662,8728,45.60716,8.69288,32663.9,4.0,13.9,263.7,-37.2,-1.0,-1.0,RS41,404.900,7.2,250,10,2.5,,
2026-08-06T01:00:03.006Z,X1432662,8732,45.60718,8.69217,32683.7,4.3,14.8,285.2,-37.1,-1.0,-1.0,RS41,404.900,6.9,250,10,2.5,,
2026-08-06T01:00:06.006Z,X1432662,8735,45.60732,8.69162,32696.0,5.1,14.9,287.6,-37.0,-1.0,-1.0,RS41,404.900,6.6,250,10,2.5,,
2026-08-06T01:00:07.006Z,X1432662,8736,45.60735,8.69144,32701.4,5.6,14.1,281.7,-37.0,-1.0,-1.0,RS41,404.900,6.6,250,10,2.6,,
2026-08-06T01:00:12.006Z,X1432662,8741,45.60735,8.69062,32724.6,5.4,12.5,270.5,-37.0,-1.0,-1.0,RS41,404.900,6.9,250,10,2.6,,
2026-08-06T01:00:20.006Z,X1432662,8749,45.60745,8.68929,32765.3,4.5,13.4,258.1,-36.9,-1.0,-1.0,RS41,404.900,6.8,250,10,2.6,,
2026-08-06T01:00:37.006Z,X1432662,8766,45.60742,8.68637,32856.6,5.8,13.8,274.3,-36.9,-1.0,-1.0,RS41,404.900,6.4,250,10,2.5,,
2026-08-06T01:00:40.006Z,X1432662,8769,45.60742,8.68585,32873.8,5.4,13.2,267.7,-36.9,-1.0,-1.0,RS41,404.900,6.2,250,10,2.5,,
2026-08-06T01:04:09.006Z,X1432662,8978,45.60805,8.65175,33986.6,2.0,15.7,284.1,-35.0,-1.0,-1.0,RS41,404.900,6.9,250,9,2.5,,
2026-08-06T01:04:10.006Z,X1432662,8979,45.60810,8.65154,33988.5,1.7,18.8,291.2,-34.9,-1.0,-1.0,RS41,404.900,6.9,250,9,2.6,,
2026-08-06T01:04:50.006Z,X1432662,9019,45.60763,8.64325,34133.3,3.8,16.9,288.4,-34.4,-1.0,-1.0,RS41,404.900,6.9,250,9,2.5,,
2026-08-06T01:04:54.006Z,X1432662,9023,45.60769,8.64234,34150.1,3.0,18.8,261.0,-34.4,-1.0,-1.0,RS41,404.900,6.5,250,9,2.6,,
2026-08-06T01:05:02.006Z,X1432662,9031,45.60757,8.64066,34181.3,3.6,15.2,284.7,-34.4,-1.0,-1.0,RS41,404.900,6.6,250,9,2.5,,
2026-08-06T01:05:03.006Z,X1432662,9032,45.60760,8.64047,34185.2,4.1,14.9,283.8,-34.4,-1.0,-1.0,RS41,404.900,7.1,250,9,2.5,,
2026-08-06T01:05:04.006Z,X1432662,9033,45.60763,8.64029,34189.5,4.4,14.9,279.4,-34.4,-1.0,-1.0,RS41,404.900,7.1,250,9,2.5,,
2026-08-06T01:05:07.006Z,X1432662,9036,45.60763,8.63969,34203.1,4.0,16.9,263.0,-34.4,-1.0,-1.0,RS41,404.900,6.5,250,9,2.6,,
2026-08-06T01:05:08.006Z,X1432662,9037,45.60760,8.63947,34207.0,3.6,17.9,261.3,-34.4,-1.0,-1.0,RS41,404.900,7.2,250,9,2.6,,
2026-08-06T01:05:09.006Z,X1432662,9038,45.60758,8.63924,34210.7,3.7,19.0,262.5,-34.4,-1.0,-1.0,RS41,404.900,7.2,250,9,2.5,,
2026-08-06T01:05:10.006Z,X1432662,9039,45.60756,8.63899,34214.7,4.0,20.0,266.8,-34.4,-1.0,-1.0,RS41,404.900,6.7,250,9,2.5,,
2026-08-06T01:05:13.006Z,X1432662,9042,45.60761,8.63820,34227.4,4.0,20.9,281.4,-34.3,-1.0,-1.0,RS41,404.900,6.5,250,9,2.6,,
2026-08-06T01:05:19.006Z,X1432662,9048,45.60773,8.63696,34253.8,3.6,13.7,262.5,-34.2,-1.0,-1.0,RS41,404.900,7.0,250,9,2.5,,
2026-08-06T01:05:20.006Z,X1432662,9049,45.60772,8.63678,34257.6,4.3,14.8,260.4,-34.2,-1.0,-1.0,RS41,404.900,7.0,250,9,2.6,,
2026-08-06T01:05:21.006Z,X1432662,9050,45.60770,8.63658,34262.1,4.6,16.5,263.1,-34.2,-1.0,-1.0,RS41,404.900,7.1,250,9,2.6,,
2026-08-06T01:05:23.006Z,X1432662,9052,45.60769,8.63611,34270.8,4.0,20.6,273.3,-34.2,-1.0,-1.0,RS41,404.900,6.8,250,9,2.5,,
2026-08-06T01:05:24.006Z,X1432662,9053,45.60771,8.63584,34274.9,4.1,22.1,278.4,-34.2,-1.0,-1.0,RS41,404.900,7.0,250,9,2.5,,
2026-08-06T01:05:30.006Z,X1432662,9059,45.60793,8.63436,34303.4,3.8,13.2,271.3,-34.0,-1.0,-1.0,RS41,404.900,6.9,250,9,2.5,,
2026-08-06T01:05:31.006Z,X1432662,9060,45.60792,8.63420,34306.8,3.3,11.7,260.1,-33.9,-1.0,-1.0,RS41,404.900,6.9,250,9,2.5,,
2026-08-06T01:05:32.006Z,X1432662,9061,45.60790,8.63406,34310.7,4.3,11.6,250.2,-33.9,-1.0,-1.0,RS41,404.900,6.9,250,9,2.5,,
2026-08-06T01:05:33.006Z,X1432662,9062,45.60786,8.63392,34315.7,5.5,12.4,247.8,-33.9,-1.0,-1.0,RS41-SG,404.900,6.9,250,9,2.5,,
2026-08-06T01:05:34.006Z,X1432662,9063,45.60782,8.63376,34321.6,6.4,13.9,252.6,-33.9,-1.0,-1.0,RS41-SG,404.900,6.7,250,9,2.6,,
2026-08-06T01:05:35.006Z,X1432662,9064,45.60779,8.63357,34327.9,6.3,15.8,261.1,-33.9,-1.0,-1.0,RS41-SG,404.900,7.2,250,9,2.6,,
2026-08-06T01:05:36.006Z,X1432662,9065,45.60778,8.63336,34333.6,5.3,18.0,269.4,-33.9,-1.0,-1.0,RS41-SG,404.900,7.3,250,9,2.6,,
2026-08-06T01:05:37.006Z,X1432662,9066,45.60779,8.63312,34338.1,4.0,20.3,277.2,-33.9,-1.0,-1.0,RS41-SG,404.900,7.3,250,9,2.5,,
2026-08-06T01:05:43.006Z,X1432662,9072,45.60813,8.63160,34369.2,5.9,14.9,280.0,-33.9,-1.0,-1.0,RS41-SG,404.900,6.9,250,9,2.6,,
2026-08-06T01:05:44.006Z,X1432662,9073,45.60814,8.63142,34374.4,4.4,13.0,265.2,-33.8,-1.0,-1.0,RS41-SG,404.900,7.4,250,9,2.5,,
2026-08-06T01:05:45.006Z,X1432662,9074,45.60811,8.63126,34378.1,3.0,12.8,247.0,-33.8,-1.0,-1.0,RS41-SG,404.900,7.5,250,9,2.5,,
2026-08-06T01:05:46.006Z,X1432662,9075,45.60805,8.63111,34381.2,3.1,14.3,234.3,-33.8,-1.0,-1.0,RS41-SG,404.900,7.5,250,9,2.5,,
2026-08-06T01:05:47.006Z,X1432662,9076,45.60797,8.63096,34385.0,4.6,16.2,230.6,-33.8,-1.0,-1.0,RS41-SG,404.900,7.2,250,9,2.5,,
2026-08-06T01:05:53.006Z,X1432662,9082,45.60785,8.62960,34414.5,2.1,22.6,296.3,-33.6,-1.0,-1.0,RS41-SG,404.900,6.4,250,9,2.5,,
2026-08-06T01:05:59.006Z,X1432662,9088,45.60824,8.62844,34445.2,2.7,12.8,250.4,-33.4,-1.0,-1.0,RS41-SG,404.900,7.1,250,9,2.5,,
2026-08-06T01:06:00.006Z,X1432662,9089,45.60818,8.62828,34447.4,2.0,15.7,237.6,-33.4,-1.0,-1.0,RS41-SG,404.900,7.9,250,9,2.5,,
2026-08-06T01:06:01.006Z,X1432662,9090,45.60809,8.62810,34450.2,3.5,19.1,235.1,-33.3,-1.0,-1.0,RS41-SG,404.900,7.9,250,9,2.5,,
2026-08-06T01:06:02.006Z,X1432662,9091,45.60800,8.62788,34455.0,5.9,21.4,240.9,-33.3,-1.0,-1.0,RS41-SG,404.900,6.9,250,9,2.6,,
2026-08-06T01:06:03.006Z,X1432662,9092,45.60792,8.62763,34461.7,7.3,22.2,251.7,-33.3,-1.0,-1.0,RS41-SG,404.900,6.9,250,9,2.6,,
2026-08-06T01:06:04.006Z,X1432662,9093,45.60788,8.62735,34468.7,6.7,22.4,264.2,-33.2,-1.0,-1.0,RS41-SG,404.900,6.9,250,9,2.6,,
2026-08-06T01:06:08.006Z,X1432662,9097,45.60812,8.62630,34483.4,3.3,21.1,311.0,-32.9,0.6,-1.0,RS41-SG,404.900,7.0,250,9,2.5,,
2026-08-06T01:06:09.006Z,X1432662,9098,45.60824,8.62612,34487.7,5.5,18.2,316.7,-32.8,0.6,-1.0,RS41-SG,404.900,7.1,250,9,2.6,,
2026-08-06T01:06:10.006Z,X1432662,9099,45.60835,8.62598,34493.8,6.9,14.1,313.8,-32.8,0.6,-1.0,RS41-SG,404.900,7.1,250,9,2.6,,
2026-08-06T01:06:13.006Z,X1432662,9102,45.60841,8.62558,34511.0,3.4,13.6,250.7,-32.8,0.6,-1.0,RS41-SG,404.900,7.0,250,9,2.5,,
2026-08-06T01:06:14.006Z,X1432662,9103,45.60836,8.62539,34513.8,2.4,18.1,244.2,-32.8,0.6,-1.0,RS41-SG,404.900,8.3,250,9,2.5,,
2026-08-06T01:06:15.006Z,X1432662,9104,45.60828,8.62516,34516.6,3.1,22.6,245.3,-32.8,0.6,-1.0,RS41-SG,404.900,8.3,250,9,2.5,,
2026-08-06T01:06:16.006Z,X1432662,9105,45.60820,8.62487,34520.5,4.8,25.6,251.6,-32.8,0.6,-1.0,RS41-SG,404.900,7.5,250,9,2.6,,
2026-08-06T01:06:21.006Z,X1432662,9110,45.60832,8.62338,34547.1,2.9,19.8,307.6,-32.7,0.6,-1.0,RS41-SG,404.900,6.8,250,9,2.5,,
2026-08-06T01:06:24.006Z,X1432662,9113,45.60860,8.62303,34559.2,5.9,7.7,320.7,-32.7,0.6,-1.0,RS41,404.900,7.0,250,9,2.6,,
2026-08-06T01:06:25.006Z,X1432662,9114,45.60864,8.62296,34565.4,6.2,5.8,280.0,-32.7,0.6,-1.0,RS41,404.900,7.3,250,9,2.6,,
2026-08-06T01:06:26.006Z,X1432662,9115,45.60862,8.62287,34571.3,5.5,9.4,248.4,-32.7,0.6,-1.0,RS41,404.900,7.7,250,9,2.5,,
2026-08-06T01:06:27.006Z,X1432662,9116,45.60858,8.62273,34576.1,4.2,14.8,243.7,-32.7,0.6,-1.0,RS41,404.900,7.9,250,9,2.5,,
2026-08-06T01:06:28.006Z,X1432662,9117,45.60852,8.62253,34580.0,3.5,19.9,246.8,-32.7,0.6,-1.0,RS41,404.900,7.9,250,9,2.5,,
2026-08-06T01:06:36.006Z,X1432662,9125,45.60879,8.62043,34615.9,3.2,11.3,327.7,-32.7,0.6,-1.0,RS41,404.900,7.9,250,9,2.5,,
2026-08-06T01:06:37.006Z,X1432662,9126,45.60886,8.62037,34619.5,3.9,6.3,329.3,-32.7,0.6,-1.0,RS41,404.900,7.9,250,9,2.5,,
2026-08-06T01:06:38.006Z,X1432662,9127,45.60888,8.62033,34624.1,5.2,3.3,276.1,-32.7,0.6,-1.0,RS41,404.900,7.9,250,9,2.5,,
2026-08-06T01:06:39.006Z,X1432662,9128,45.60887,8.62027,34629.7,5.8,7.5,237.7,-32.7,0.6,-1.0,RS41,404.900,7.2,250,9,2.6,,
2026-08-06T01:06:40.006Z,X1432662,9129,45.60882,8.62016,34635.2,5.1,12.8,238.0,-32.7,0.6,-1.0,RS41,404.900,7.6,250,9,2.6,,
2026-08-06T01:06:41.006Z,X1432662,9130,45.60875,8.61999,34639.9,4.1,18.0,244.1,-32.7,0.6,-1.0,RS41,404.900,8.2,250,9,2.6,,
2026-08-06T01:06:42.006Z,X1432662,9131,45.60869,8.61975,34643.6,3.4,22.4,252.1,-32.7,0.6,-1.0,RS41,404.900,8.2,250,9,2.5,,
2026-08-06T01:06:49.006Z,X1432662,9138,45.60897,8.61791,34678.9,2.8,11.0,326.9,-32.6,0.6,-1.0,RS41,404.900,7.8,250,9,2.5,,
2026-08-06T01:06:50.006Z,X1432662,9139,45.60904,8.61787,34681.7,2.8,6.1,343.9,-32.6,0.6,-1.0,RS41,404.900,7.8,250,9,2.5,,
2026-08-06T01:06:51.006Z,X1432662,9140,45.60907,8.61785,34685.1,4.0,1.4,357.9,-32.5,0.6,-1.0,RS41,404.900,7.8,250,9,2.5,,
2026-08-06T01:06:52.006Z,X1432662,9141,45.60907,8.61784,34690.0,5.7,3.5,206.2,-32.5,0.6,-1.0,RS41,404.900,7.7,250,9,2.5,,
2026-08-06T01:06:53.006Z,X1432662,9142,45.60903,8.61780,34696.2,6.6,8.5,222.7,-32.5,0.6,-1.0,RS41,404.900,7.8,250,9,2.6,,
2026-08-06T01:06:54.006Z,X1432662,9143,45.60896,8.61769,34702.7,6.2,13.6,237.6,-32.5,0.6,-1.0,RS41,404.900,7.8,250,9,2.6,,
2026-08-06T01:06:56.006Z,X1432662,9145,45.60886,8.61726,34711.8,2.8,22.6,259.7,-32.5,0.6,-1.0,RS41,404.900,7.3,250,9,2.5,,
2026-08-06T01:06:57.006Z,X1432662,9146,45.60884,8.61695,34714.5,2.4,26.0,270.2,-32.5,0.6,-1.0,RS41,404.900,7.3,250,9,2.5,,
2026-08-06T01:07:02.006Z,X1432662,9151,45.60926,8.61563,34739.7,4.3,14.7,324.7,-32.5,0.6,-1.0,RS41,404.900,6.7,250,9,2.6,,
2026-08-06T01:07:03.006Z,X1432662,9152,45.60935,8.61555,34743.4,3.2,9.7,338.2,-32.5,0.6,-1.0,RS41,404.900,7.8,250,9,2.5,,
2026-08-06T01:07:04.006Z,X1432662,9153,45.60942,8.61553,34746.6,3.0,4.8,354.9,-32.5,0.6,-1.0,RS41,404.900,8.4,250,9,2.5,,
2026-08-06T01:07:05.006Z,X1432662,9154,45.60944,8.61552,34750.4,4.4,0.3,132.6,-32.5,0.6,-1.0,RS41,404.900,8.4,250,9,2.5,,
2026-08-06T01:07:06.006Z,X1432662,9155,45.60942,8.61551,34755.6,6.0,4.7,208.3,-32.5,0.6,-1.0,RS41,404.900,8.0,250,9,2.6,,
2026-08-06T01:07:07.006Z,X1432662,9156,45.60937,8.61545,34761.7,6.2,9.3,228.6,-32.5,0.6,-1.0,RS41,404.900,7.5,250,9,2.6,,
2026-08-06T01:07:08.006Z,X1432662,9157,45.60932,8.61533,34767.5,5.2,14.1,242.9,-32.6,0.6,-1.0,RS41,404.900,8.0,250,9,2.5,,
2026-08-06T01:07:09.006Z,X1432662,9158,45.60927,8.61513,34771.8,3.6,18.4,254.7,-32.5,0.6,-1.0,RS41,404.900,8.0,250,9,2.5,,
2026-08-06T01:07:10.006Z,X1432662,9159,45.60923,8.61488,34774.5,2.2,22.3,264.2,-32.5,0.6,-1.0,RS41,404.900,7.7,250,9,2.5,,
2026-08-06T01:07:11.006Z,X1432662,9160,45.60923,8.61458,34776.9,2.6,25.2,273.9,-32.5,0.6,-1.0,RS41,404.900,7.4,250,9,2.6,,
2026-08-06T01:07:15.006Z,X1432662,9164,45.60949,8.61351,34799.8,5.9,14.7,305.9,-32.4,0.6,-1.0,RS41,404.900,6.4,250,9,2.6,,
2026-08-06T01:07:16.006Z,X1432662,9165,45.60956,8.61339,34804.6,3.5,9.5,314.3,-32.4,0.6,-1.0,RS41,404.900,6.9,250,9,2.6,,
2026-08-06T01:07:17.006Z,X1432662,9166,45.60961,8.61333,34806.9,1.4,4.3,325.1,-32.4,0.6,-1.0,RS41,404.900,8.0,250,9,2.5,,
2026-08-06T01:07:18.006Z,X1432662,9167,45.60962,8.61332,34808.3,1.4,0.9,116.8,-32.3,0.6,-1.0,RS41,404.900,8.2,250,9,2.5,,
2026-08-06T01:07:19.006Z,X1432662,9168,45.60960,8.61333,34810.8,3.6,4.7,162.4,-32.3,0.6,-1.0,RS41,404.900,8.2,250,8,2.5,,
2026-08-06T01:07:20.006Z,X1432662,9169,45.60955,8.61334,34815.6,6.1,7.0,190.1,-32.3,0.6,-1.0,RS41,404.900,8.1,250,9,2.6,,
2026-08-06T01:07:21.006Z,X1432662,9170,45.60949,8.61329,34822.5,7.5,9.2,220.6,-32.3,0.6,-1.0,RS41,404.900,7.2,250,9,2.6,,
2026-08-06T01:07:22.006Z,X1432662,9171,45.60943,8.61318,34829.6,6.6,12.4,244.1,-32.4,0.6,-1.0,RS41,404.900,7.5,250,9,2.5,,
2026-08-06T01:07:23.006Z,X1432662,9172,45.60939,8.61301,34835.0,4.1,16.1,260.1,-32.3,0.6,-1.0,RS41,404.900,7.9,250,9,2.5,,
2026-08-06T01:07:24.006Z,X1432662,9173,45.60939,8.61278,34837.9,1.7,19.9,272.2,-32.3,0.6,-1.0,RS41,404.900,7.9,250,9,2.5,,
2026-08-06T01:07:25.006Z,X1432662,9174,45.60941,8.61251,34839.4,1.0,23.2,281.8,-32.4,0.6,-1.0,RS41,404.900,7.5,250,9,2.6,,
2026-08-06T01:07:30.006Z,X1432662,9179,45.60976,8.61137,34865.8,4.5,8.9,294.5,-32.6,0.6,-1.0,RS41,404.900,7.1,250,9,2.5,,
2026-08-06T01:07:31.006Z,X1432662,9180,45.60978,8.61128,34868.8,1.6,4.8,270.7,-32.5,0.6,-1.0,RS41,404.900,7.5,250,9,2.5,,
2026-08-06T01:07:32.006Z,X1432662,9181,45.60976,8.61124,34869.9,0.4,4.6,211.0,-32.5,0.6,-1.0,RS41,404.900,7.6,250,9,2.6,,
2026-08-06T01:07:33.006Z,X1432662,9182,45.60971,8.61121,34871.2,2.1,7.6,193.8,-32.4,0.6,-1.0,RS41,404.900,7.7,250,9,2.6,,
2026-08-06T01:07:34.006Z,X1432662,9183,45.60964,8.61117,34875.1,5.6,9.8,204.6,-32.4,0.6,-1.0,RS41,404.900,7.7,250,9,2.6,,
2026-08-06T01:07:35.006Z,X1432662,9184,45.60957,8.61109,34881.7,7.4,11.2,227.5,-32.4,0.6,-1.0,RS41,404.900,7.2,250,9,2.5,,
2026-08-06T01:07:36.006Z,X1432662,9185,45.60951,8.61096,34888.8,6.5,13.5,249.8,-32.4,0.6,-1.0,RS41,404.900,7.5,250,9,2.5,,
2026-08-06T01:07:37.006Z,X1432662,9186,45.60949,8.61078,34894.2,4.1,16.5,266.2,-32.3,0.6,-1.0,RS41,404.900,7.5,250,9,2.5,,
2026-08-06T01:07:38.006Z,X1432662,9187,45.60949,8.61055,34897.1,1.6,19.6,278.2,-32.3,0.6,-1.0,RS41,404.900,7.2,250,9,2.5,,
2026-08-06T01:07:39.006Z,X1432662,9188,45.60954,8.61028,34898.5,0.7,22.5,287.1,-32.2,0.6,-1.0,RS41,404.900,7.2,250,9,2.6,,
2026-08-06T01:07:40.006Z,X1432662,9189,45.60961,8.61001,34900.0,2.2,23.9,293.6,-32.2,0.6,-1.0,RS41,404.900,6.8,250,9,2.6,,
2026-08-06T01:07:44.006Z,X1432662,9193,45.60987,8.60917,34921.5,3.7,10.0,279.0,-32.1,0.6,-1.0,RS41,404.900,7.6,250,9,2.5,,
2026-08-06T01:07:45.006Z,X1432662,9194,45.60987,8.60906,34924.2,1.6,7.9,253.2,-32.0,0.6,-1.0,RS41,404.900,7.6,250,9,2.6,,
2026-08-06T01:07:46.006Z,X1432662,9195,45.60983,8.60898,34925.7,1.2,8.6,226.6,-32.0,0.6,-1.0,RS41,404.900,7.5,250,9,2.6,,
2026-08-06T01:07:47.006Z,X1432662,9196,45.60977,8.60890,34927.7,3.0,10.6,217.7,-31.9,0.6,-1.0,RS41,404.900,7.7,250,9,2.5,,
2026-08-06T01:07:48.006Z,X1432662,9197,45.60969,8.60880,34932.1,5.6,12.3,226.0,-31.9,0.6,-1.0,RS41,404.900,7.7,250,9,2.5,,
2026-08-06T01:07:50.006Z,X1432662,9199,45.60959,8.60849,34944.7,5.7,15.7,259.7,-31.8,0.6,-1.0,RS41,404.900,7.1,250,9,2.6,,
2026-08-06T01:07:51.006Z,X1432662,9200,45.60958,8.60827,34949.1,3.3,18.1,272.7,-31.7,0.6,-1.0,RS41,404.900,7.1,250,9,2.6,,
2026-08-06T01:07:52.006Z,X1432662,9201,45.60960,8.60803,34951.5,1.3,20.8,282.4,-31.6,0.6,-1.0,RS41,404.900,7.1,250,9,2.6,,
2026-08-06T01:07:53.006Z,X1432662,9202,45.60966,8.60776,34952.7,1.2,23.0,289.5,-31.6,0.6,-1.0,RS41,404.900,7.0,250,9,2.5,,
2026-08-06T01:07:59.006Z,X1432662,9208,45.60988,8.60650,34978.5,1.2,10.7,239.8,-31.2,0.6,-1.0,RS41,404.900,6.6,250,9,2.6,,
2026-08-06T01:08:00.006Z,X1432662,9209,45.60982,8.60639,34979.8,1.1,11.3,223.2,-31.1,0.6,-1.0,RS41,404.900,7.2,250,9,2.5,,
2026-08-06T01:08:05.006Z,X1432662,9214,45.60956,8.60571,35001.9,2.8,16.1,275.4,-30.8,0.6,-1.0,RS41,404.900,7.4,250,9,2.6,,
2026-08-06T01:08:06.006Z,X1432662,9215,45.60958,8.60549,35003.8,1.3,18.6,284.6,-30.7,0.6,-1.0,RS41-SG,404.900,7.4,250,9,2.6,,
2026-08-06T01:08:07.006Z,X1432662,9216,45.60964,8.60526,35005.4,1.8,20.4,289.9,-30.7,0.5,-1.0,RS41-SG,404.900,7.4,250,9,2.5,,
2026-08-06T01:08:11.006Z,X1432662,9220,45.60980,8.60439,35023.8,4.0,13.1,265.4,-30.6,0.6,-1.0,RS41-SG,404.900,6.9,250,9,2.6,,
2026-08-06T01:08:12.006Z,X1432662,9221,45.60978,8.60424,35026.9,2.2,11.7,247.2,-30.6,0.5,-1.0,RS41-SG,404.900,7.4,250,9,2.5,,
2026-08-06T01:08:13.006Z,X1432662,9222,45.60972,8.60411,35028.9,1.6,11.7,229.7,-30.6,0.5,-1.0,RS41-SG,404.900,7.6,250,9,2.5,,
2026-08-06T01:08:14.006Z,X1432662,9223,45.60965,8.60400,35030.9,2.4,12.0,219.7,-30.5,0.6,-1.0,RS41-SG,404.900,7.6,250,9,2.5,,
2026-08-06T01:08:18.006Z,X1432662,9227,45.60946,8.60352,35050.7,3.7,13.3,277.5,-30.4,0.5,-1.0,RS41-SG,404.900,7.1,250,9,2.5,,
2026-08-06T01:08:19.006Z,X1432662,9228,45.60949,8.60334,35053.5,1.6,16.1,290.2,-30.4,0.6,-1.0,RS41-SG,404.900,8.1,250,9,2.5,,
2026-08-06T01:08:27.006Z,X1432662,9236,45.60981,8.60186,35078.5,1.0,9.7,233.0,-30.1,0.6,-1.0,RS41-SG,404.900,6.6,250,9,2.5,,
2026-08-06T01:08:31.006Z,X1432662,9240,45.60965,8.60151,35094.4,4.7,8.4,275.9,-30.1,0.5,-1.0,RS41-SG,404.900,6.8,250,9,2.6,,
2026-08-06T01:08:32.006Z,X1432662,9241,45.60968,8.60139,35098.2,2.9,11.1,291.7,-30.1,0.5,-1.0,RS41-SG,404.900,7.1,250,9,2.5,,
2026-08-06T01:08:33.006Z,X1432662,9242,45.60973,8.60125,35100.5,1.7,14.2,299.7,-30.1,0.6,-1.0,RS41-SG,404.900,7.1,250,9,2.5,,
2026-08-06T01:08:45.006Z,X1432662,9254,45.60974,8.59940,35141.9,3.5,9.4,282.9,-29.8,0.5,-1.0,RS41-SG,404.900,6.7,250,9,2.5,,
2026-08-06T01:08:46.006Z,X1432662,9255,45.60977,8.59927,35145.0,2.7,11.8,296.1,-29.7,0.6,-1.0,RS41-SG,404.900,6.7,250,9,2.5,,
2026-08-06T01:08:55.006Z,X1432662,9264,45.60975,8.59784,35173.9,3.4,12.7,223.5,-29.2,0.5,-1.0,RS41-SG,404.900,6.5,250,9,2.6,,
2026-08-06T01:08:57.006Z,X1432662,9266,45.60963,8.59763,35182.6,4.6,9.1,244.4,-29.1,0.5,-1.0,RS41,404.900,6.5,250,9,2.5,,
2026-08-06T01:08:59.006Z,X1432662,9268,45.60962,8.59739,35189.6,2.3,10.6,285.4,-29.0,0.5,-1.0,RS41,404.900,6.5,250,9,2.5,,
2026-08-06T01:09:13.006Z,X1432662,9282,45.60935,8.59548,35239.7,1.9,10.8,296.3,-28.8,0.5,-1.0,RS41,404.900,6.9,250,9,2.6,,
2026-08-06T01:09:19.006Z,X1432662,9288,45.60951,8.59462,35261.3,2.7,11.6,242.0,-28.6,0.5,-1.0,RS41,404.900,6.9,250,9,2.6,,
2026-08-06T01:09:21.006Z,X1432662,9290,45.60937,8.59438,35266.6,3.0,13.0,221.3,-28.6,0.5,-1.0,RS41,404.900,6.9,250,9,2.5,,
2026-08-06T01:09:29.006Z,X1432662,9298,45.60936,8.59327,35295.7,4.9,15.6,297.7,-28.5,0.5,-1.0,RS41,404.900,6.7,250,9,2.5,,
2026-08-06T01:09:33.006Z,X1432662,9302,45.60938,8.59270,35314.1,2.0,10.9,229.8,-28.3,0.5,-1.0,RS41,404.900,7.0,250,9,2.5,,
2026-08-06T01:09:35.006Z,X1432662,9304,45.60921,8.59251,35318.4,2.9,13.3,209.7,-28.3,0.5,-1.0,RS41,404.900,7.0,250,9,2.5,,
2026-08-06T01:09:36.006Z,X1432662,9305,45.60911,8.59242,35322.2,4.6,13.3,213.6,-28.3,0.5,-1.0,RS41,404.900,7.0,250,9,2.6,,
2026-08-06T01:09:37.006Z,X1432662,9306,45.60902,8.59232,35327.4,5.6,12.5,225.6,-28.2,0.5,-1.0,RS41,404.900,6.8,250,9,2.6,,
2026-08-06T01:09:38.006Z,X1432662,9307,45.60895,8.59219,35332.8,5.0,12.2,243.2,-28.2,0.5,-1.0,RS41,404.900,6.9,250,9,2.5,,
2026-08-06T01:09:40.006Z,X1432662,9309,45.60892,8.59186,35339.3,1.9,14.7,275.2,-28.1,0.5,-1.0,RS41,404.900,7.4,250,9,2.5,,
2026-08-06T01:09:47.006Z,X1432662,9316,45.60895,8.59069,35367.1,1.5,11.3,214.6,-27.8,0.5,-1.0,RS41,404.900,6.7,250,9,2.5,,
2026-08-06T01:09:48.006Z,X1432662,9317,45.60885,8.59062,35368.6,1.6,13.4,201.0,-27.7,0.5,-1.0,RS41-SG,404.900,6.8,250,9,2.6,,
2026-08-06T01:09:49.006Z,X1432662,9318,45.60873,8.59056,35370.8,3.2,14.8,196.3,-27.7,0.5,-1.0,RS41-SG,404.900,7.4,250,9,2.6,,
2026-08-06T01:09:50.006Z,X1432662,9319,45.60861,8.59050,35375.1,5.4,14.8,201.5,-27.7,0.5,-1.0,RS41-SG,404.900,7.4,250,9,2.6,,
2026-08-06T01:09:52.006Z,X1432662,9321,45.60841,8.59030,35386.9,5.5,13.2,231.8,-27.6,0.5,-1.0,RS41-SG,404.900,7.0,250,9,2.5,,
2026-08-06T01:09:54.006Z,X1432662,9323,45.60832,8.58997,35394.1,1.8,15.7,264.7,-27.6,0.5,-1.0,RS41-SG,404.900,7.2,250,9,2.6,,
2026-08-06T01:10:02.006Z,X1432662,9331,45.60812,8.58864,35424.1,2.0,14.0,197.4,-27.5,0.5,-1.0,RS41-SG,404.900,6.8,250,9,2.5,,
2026-08-06T01:10:03.006Z,X1432662,9332,45.60799,8.58859,35426.9,3.5,15.4,193.8,-27.5,0.5,-1.0,RS41-SG,404.900,7.1,250,9,2.5,,
2026-08-06T01:10:06.006Z,X1432662,9335,45.60764,8.58833,35443.8,5.6,14.8,229.5,-27.5,0.5,-1.0,RS41-SG,404.900,7.1,250,9,2.6,,
2026-08-06T01:10:08.006Z,X1432662,9337,45.60752,8.58797,35450.8,1.8,17.8,258.4,-27.6,0.5,-1.0,RS41-SG,404.900,7.1,250,9,2.6,,
2026-08-06T01:10:09.006Z,X1432662,9338,45.60750,8.58773,35452.6,1.8,19.6,267.4,-27.6,0.5,-1.0,RS41-SG,404.900,7.1,250,9,2.5,,
2026-08-06T01:10:16.006Z,X1432662,9345,45.60721,8.58653,35482.3,1.9,14.9,196.4,-27.7,0.5,-1.0,RS41-SG,404.900,7.1,250,9,2.5,,
2026-08-06T01:10:25.006Z,X1432662,9354,45.60628,8.58546,35303.7,-52.0,17.5,261.4,-27.2,0.5,-1.0,RS41-SG,404.900,7.1,250,9,2.6,,
2026-08-06T01:10:26.006Z,X1432662,9355,45.60626,8.58523,35248.5,-58.6,17.5,262.7,-27.2,0.5,-1.0,RS41-SG,404.900,7.1,250,9,2.6,,
2026-08-06T01:10:32.006Z,X1432662,9361,45.60643,8.58406,34973.3,-33.0,9.0,251.4,-29.1,0.6,-1.0,RS41-SG,404.900,7.2,250,9,2.5,,
2026-08-06T01:10:33.006Z,X1432662,9362,45.60640,8.58396,34938.9,-35.1,9.5,242.9,-29.4,0.6,-1.0,RS41-SG,404.900,7.2,250,9,2.5,,
2026-08-06T01:10:34.006Z,X1432662,9363,45.60635,8.58385,34903.3,-37.2,9.9,239.7,-29.9,0.6,-1.0,RS41-SG,404.900,7.4,250,9,2.5,,
2026-08-06T01:10:35.006Z,X1432662,9364,45.60630,8.58373,34866.2,-37.3,11.0,241.0,-30.4,0.6,-1.0,RS41-SG,404.900,7.4,250,9,2.6,,
2026-08-06T01:10:38.006Z,X1432662,9367,45.60622,8.58328,34751.5,-39.7,13.8,269.9,-31.3,0.6,-1.0,RS41-SG,404.900,7.3,250,9,2.5,,
2026-08-06T01:10:39.006Z,X1432662,9368,45.60623,8.58310,34711.8,-40.0,14.6,278.9,-31.4,0.7,-1.0,RS41-SG,404.900,7.3,250,9,2.5,,
2026-08-06T01:10:40.006Z,X1432662,9369,45.60625,8.58292,34671.1,-41.7,14.8,284.1,-31.5,0.7,-1.0,RS41-SG,404.900,7.3,250,9,2.5,,
2026-08-06T01:10:41.006Z,X1432662,9370,45.60629,8.58274,34629.8,-40.7,14.2,289.4,-31.6,0.7,-1.0,RS41-SG,404.900,7.5,250,9,2.5,,
2026-08-06T01:10:42.006Z,X1432662,9371,45.60633,8.58258,34589.0,-41.1,13.0,292.0,-31.8,0.7,-1.0,RS41-SG,404.900,8.0,250,9,2.6,,
2026-08-06T01:10:43.006Z,X1432662,9372,45.60638,8.58243,34545.6,-45.6,12.3,290.9,-31.9,0.7,-1.0,RS41-SG,404.900,8.0,250,9,2.6,,
2026-08-06T01:10:44.006Z,X1432662,9373,45.60641,8.58228,34499.2,-47.3,11.9,289.7,-32.0,0.7,-1.0,RS41-SG,404.900,8.4,250,9,2.6,,
2026-08-06T01:10:45.006Z,X1432662,9374,45.60644,8.58215,34451.7,-47.5,10.3,284.0,-32.2,0.7,-1.0,RS41-SG,404.900,8.4,250,9,2.5,,
2026-08-06T01:10:46.006Z,X1432662,9375,45.60646,8.58202,34404.0,-48.1,10.2,275.7,-32.6,0.7,-1.0,RS41-SG,404.900,8.8,250,9,2.5,,
2026-08-06T01:10:47.006Z,X1432662,9376,45.60647,8.58189,34355.5,-48.8,10.8,274.1,-32.9,0.7,-1.0,RS41-SG,404.900,9.0,250,9,2.5,,
2026-08-06T01:10:48.006Z,X1432662,9377,45.60646,8.58174,34306.7,-49.3,11.7,265.9,-33.1,0.7,-1.0,RS41-SG,404.900,9.0,250,9,2.6,,
2026-08-06T01:10:49.006Z,X1432662,9378,45.60646,8.58158,34257.8,-48.8,13.4,267.2,-33.3,0.7,-1.0,RS41-SG,404.900,8.9,250,9,2.6,,
2026-08-06T01:10:50.006Z,X1432662,9379,45.60645,8.58140,34209.1,-48.5,15.1,266.7,-33.4,0.7,-1.0,RS41-SG,404.900,8.9,250,9,2.5,,
2026-08-06T01:10:51.006Z,X1432662,9380,45.60644,8.58119,34160.1,-48.9,17.4,264.6,-33.5,0.7,-1.0,RS41-SG,404.900,8.9,250,9,2.5,,
2026-08-06T01:10:52.006Z,X1432662,9381,45.60644,8.58096,34110.9,-49.1,18.6,271.6,-33.5,0.7,-1.0,RS41-SG,404.900,8.5,250,9,2.5,,
2026-08-06T01:10:53.006Z,X1432662,9382,45.60644,8.58072,34061.5,-50.1,19.4,268.7,-33.4,0.7,-1.0,RS41-SG,404.900,7.9,250,9,2.6,,
2026-08-06T01:10:54.006Z,X1432662,9383,45.60644,8.58048,34010.5,-52.0,18.5,272.8,-33.2,0.7,-1.0,RS41-SG,404.900,7.4,250,9,2.6,,
2026-08-06T01:10:55.006Z,X1432662,9384,45.60645,8.58024,33958.4,-51.7,18.5,274.4,-33.1,0.7,-1.0,RS41-SG,404.900,7.5,250,9,2.6,08:29:53,
2026-08-06T01:10:56.006Z,X1432662,9385,45.60646,8.58001,33905.9,-53.4,18.1,271.6,-33.2,0.7,-1.0,RS41-SG,404.900,7.5,250,8,2.5,08:29:53,
2026-08-06T01:10:57.006Z,X1432662,9386,45.60646,8.57979,33852.4,-54.0,16.2,270.8,-33.4,0.7,-1.0,RS41-SG,404.900,7.6,250,9,2.5,08:29:53,
2026-08-06T01:10:58.006Z,X1432662,9387,45.60647,8.57959,33798.0,-53.4,15.7,273.1,-33.8,0.7,-1.0,RS41-SG,404.900,7.6,250,8,2.5,08:29:53,
2026-08-06T01:10:59.006Z,X1432662,9388,45.60647,8.57939,33743.2,-55.9,14.6,268.3,-34.1,0.7,-1.0,RS41-SG,404.900,7.0,250,9,2.6,08:29:53,
2026-08-06T01:11:01.006Z,X1432662,9390,45.60648,8.57903,33626.6,-59.7,14.0,271.3,-34.6,0.7,-1.0,RS41-SG,404.900,7.3,250,9,2.5,08:29:53,
2026-08-06T01:11:02.006Z,X1432662,9391,45.60648,8.57885,33566.1,-61.5,14.0,269.9,-35.1,0.8,-1.0,RS41-SG,404.900,7.3,250,9,2.5,08:29:53,
2026-08-06T01:11:03.006Z,X1432662,9392,45.60648,8.57867,33503.5,-63.6,13.7,268.6,-35.6,0.8,-1.0,RS41-SG,404.900,7.6,250,9,2.5,08:29:53,
2026-08-06T01:11:06.006Z,X1432662,9395,45.60649,8.57815,33314.3,-62.8,14.1,275.3,-36.2,0.8,-1.0,RS41-SG,404.900,7.2,250,8,2.6,08:29:53,
2026-08-06T01:11:07.006Z,X1432662,9396,45.60650,8.57796,33252.0,-62.3,15.1,275.0,-36.4,0.8,-1.0,RS41-SG,404.900,7.1,250,8,2.5,08:29:53,
2026-08-06T01:11:27.006Z,X1432662,9416,45.60663,8.57462,32129.9,-50.7,10.0,271.1,-38.2,0.8,-1.0,RS41-SG,404.900,6.5,250,8,2.5,08:29:53,
2026-08-06T01:11:28.006Z,X1432662,9417,45.60663,8.57449,32080.6,-47.7,9.1,277.1,-38.4,0.8,-1.0,RS41-SG,404.900,6.9,250,9,2.6,08:29:53,
2026-08-06T01:11:29.006Z,X1432662,9418,45.60664,8.57437,32032.6,-49.0,9.4,277.6,-38.6,0.9,-1.0,RS41-SG,404.900,7.0,250,9,2.6,08:29:53,
2026-08-06T01:11:30.006Z,X1432662,9419,45.60666,8.57425,31983.3,-50.0,9.2,284.4,-38.7,0.9,-1.0,RS41-SG,404.900,7.0,250,9,2.5,08:29:53,
2026-08-06T01:11:31.006Z,X1432662,9420,45.60669,8.57413,31932.2,-52.0,10.4,293.3,-38.7,0.9,-1.0,RS41-SG,404.900,7.6,250,9,2.5,08:29:53,
2026-08-06T01:11:32.006Z,X1432662,9421,45.60673,8.57401,31880.8,-50.6,11.9,297.4,-38.9,0.9,-1.0,RS41-SG,404.900,8.0,250,9,2.5,08:29:53,
2026-08-06T01:11:33.006Z,X1432662,9422,45.60678,8.57387,31830.0,-50.7,12.4,301.1,-39.0,0.9,-1.0,RS41-SG,404.900,8.0,250,9,2.6,08:29:53,
2026-08-06T01:11:34.006Z,X1432662,9423,45.60683,8.57372,31778.9,-50.8,14.0,295.7,-39.1,0.9,-1.0,RS41-SG,404.900,7.4,250,9,2.6,08:29:53,
2026-08-06T01:11:35.006Z,X1432662,9424,45.60689,8.57356,31726.1,-54.2,14.3,299.7,-39.1,0.9,-1.0,RS41-SG,404.900,7.8,250,9,2.6,08:29:53,
2026-08-06T01:11:36.006Z,X1432662,9425,45.60695,8.57339,31671.4,-55.1,15.3,296.2,-39.0,0.9,-1.0,RS41-SG,404.900,7.8,250,8,2.5,08:29:53,
2026-08-06T01:11:37.006Z,X1432662,9426,45.60700,8.57322,31617.4,-53.2,15.2,290.5,-39.1,0.8,-1.0,RS41-SG,404.900,7.3,250,9,2.5,08:29:53,
2026-08-06T01:11:39.006Z,X1432662,9428,45.60709,8.57285,31512.9,-51.3,14.7,287.4,-39.5,0.9,-1.0,RS41-SG,404.900,7.2,250,9,2.5,08:29:53,
2026-08-06T01:11:40.006Z,X1432662,9429,45.60712,8.57267,31460.9,-52.7,14.9,284.7,-39.7,0.9,-1.0,RS41-SG,404.900,7.2,250,9,2.6,08:29:53,
2026-08-06T01:11:44.006Z,X1432662,9433,45.60721,8.57202,31256.1,-46.8,10.9,280.5,-39.9,0.9,-1.0,RS41-SG,404.900,7.6,250,9,2.5,08:29:53,
2026-08-06T01:11:45.006Z,X1432662,9434,45.60723,8.57188,31210.4,-44.7,10.5,279.4,-40.0,0.9,-1.0,RS41-SG,404.900,7.6,250,9,2.5,08:29:53,
2026-08-06T01:11:46.006Z,X1432662,9435,45.60724,8.57174,31166.7,-42.7,11.5,276.2,-40.1,0.9,-1.0,RS41-SG,404.900,7.3,250,8,2.6,08:29:02,
2026-08-06T01:11:47.006Z,X1432662,9436,45.60726,8.57159,31125.4,-41.1,11.2,278.1,-40.2,0.9,-1.0,RS41-SG,404.900,7.3,250,9,2.6,08:29:02,
2026-08-06T01:11:48.006Z,X1432662,9437,45.60727,8.57144,31084.2,-41.8,12.6,272.2,-40.4,0.9,-1.0,RS41-SG,404.900,7.3,250,9,2.5,08:29:02,
2026-08-06T01:11:50.006Z,X1432662,9439,45.60728,8.57110,31000.1,-42.7,14.0,270.4,-40.4,0.9,-1.0,RS41-SG,404.900,7.2,250,8,2.5,08:29:02,
2026-08-06T01:11:54.006Z,X1432662,9443,45.60728,8.57042,30827.9,-43.4,12.6,269.1,-39.9,0.9,-1.0,RS41-SG,404.900,6.4,250,9,2.5,08:29:02,
2026-08-06T01:11:59.006Z,X1432662,9448,45.60724,8.56962,30600.8,-47.2,11.3,268.0,-39.5,0.8,-1.0,RS41-SG,404.900,6.2,250,9,2.5,08:29:02,
2026-08-06T01:12:08.006Z,X1432662,9457,45.60738,8.56848,30162.7,-52.5,12.3,289.0,-40.4,0.9,-1.0,RS41-SG,404.900,6.9,250,9,2.6,08:29:02,
2026-08-06T01:12:09.006Z,X1432662,9458,45.60742,8.56833,30110.5,-52.9,13.2,290.9,-40.3,0.9,-1.0,RS41-SG,404.900,6.8,250,9,2.6,08:29:02,
2026-08-06T01:12:10.006Z,X1432662,9459,45.60746,8.56817,30058.6,-50.1,13.4,288.3,-40.4,0.9,-1.0,RS41-SG,404.900,6.6,250,8,2.5,08:29:02,
2026-08-06T01:12:13.006Z,X1432662,9462,45.60756,8.56768,29912.0,-48.2,14.1,280.1,-40.1,0.9,-1.0,RS41-SG,404.900,6.7,250,8,2.6,08:29:02,
2026-08-06T01:12:16.006Z,X1432662,9465,45.60761,8.56719,29769.6,-46.8,12.9,275.4,-40.2,0.9,-1.0,RS41-SG,404.900,7.1,250,8,2.5,08:29:02,
2026-08-06T01:12:18.006Z,X1432662,9467,45.60763,8.56688,29676.8,-46.3,12.1,271.3,-40.1,0.8,-1.0,RS41-SG,404.900,7.3,250,9,2.5,08:29:02,
2026-08-06T01:12:19.006Z,X1432662,9468,45.60764,8.56672,29629.2,-48.3,12.6,274.0,-40.0,0.8,-1.0,RS41-SG,404.900,7.3,250,9,2.5,08:29:02,
2026-08-06T01:12:20.006Z,X1432662,9469,45.60765,8.56656,29580.4,-48.6,13.1,273.9,-40.0,0.9,-1.0,RS41-SG,404.900,7.2,250,8,2.6,08:29:02,
2026-08-06T01:12:21.006Z,X1432662,9470,45.60766,8.56640,29532.1,-48.4,12.9,276.8,-40.2,0.9,-1.0,RS41-SG,404.900,7.6,250,8,2.6,08:29:02,
2026-08-06T01:12:22.006Z,X1432662,9471,45.60768,8.56624,29483.7,-49.0,12.3,278.9,-40.4,0.9,-1.0,RS41-SG,404.900,7.6,250,9,2.6,08:29:02,
2026-08-06T01:12:23.006Z,X1432662,9472,45.60770,8.56608,29435.3,-48.8,13.0,279.1,-40.5,0.9,-1.0,RS41-SG,404.900,7.9,250,9,2.5,08:29:02,
2026-08-06T01:12:24.006Z,X1432662,9473,45.60772,8.56592,29386.6,-49.4,12.4,281.9,-40.5,0.9,-1.0,RS41-SG,404.900,7.9,250,9,2.5,08:29:02,
2026-08-06T01:12:25.006Z,X1432662,9474,45.60774,8.56577,29338.5,-47.3,11.8,281.3,-40.5,0.9,-1.0,RS41-SG,404.900,8.3,250,9,2.5,08:29:02,
2026-08-06T01:12:26.006Z,X1432662,9475,45.60776,8.56563,29292.2,-47.0,11.6,279.5,-40.4,0.9,-1.0,RS41-SG,404.900,8.3,250,9,2.6,08:29:02,
2026-08-06T01:12:27.006Z,X1432662,9476,45.60777,8.56549,29246.7,-45.6,10.2,274.5,-40.6,0.9,-1.0,RS41-SG,404.900,8.3,250,9,2.6,08:29:02,
2026-08-06T01:12:28.006Z,X1432662,9477,45.60777,8.56536,29202.2,-44.9,9.9,271.1,-40.7,0.9,-1.0,RS41-SG,404.900,8.3,250,8,2.5,08:29:02,
2026-08-06T01:12:29.006Z,X1432662,9478,45.60777,8.56524,29157.7,-46.1,9.5,265.5,-40.6,0.9,-1.0,RS41-SG,404.900,7.9,250,9,2.5,08:29:02,
2026-08-06T01:12:30.006Z,X1432662,9479,45.60777,8.56512,29112.1,-45.9,9.4,266.3,-40.6,0.9,-1.0,RS41-SG,404.900,8.1,250,9,2.5,08:29:02,
2026-08-06T01:12:31.006Z,X1432662,9480,45.60776,8.56501,29066.4,-46.6,9.1,263.9,-40.7,0.9,-1.0,RS41-SG,404.900,8.1,250,9,2.6,08:29:02,
2026-08-06T01:12:32.006Z,X1432662,9481,45.60775,8.56489,29019.8,-47.6,9.5,259.3,-40.8,0.9,-1.0,RS41-SG,404.900,8.3,250,9,2.6,08:29:02,
2026-08-06T01:12:33.006Z,X1432662,9482,45.60774,8.56477,28972.6,-47.8,9.3,263.9,-40.9,0.9,-1.0,RS41-SG,404.900,8.3,250,8,2.6,08:29:02,
2026-08-06T01:12:34.006Z,X1432662,9483,45.60773,8.56465,28926.3,-46.8,9.2,263.7,-41.1,0.9,-1.0,RS41-SG,404.900,8.7,250,9,2.5,08:29:02,
2026-08-06T01:12:35.006Z,X1432662,9484,45.60772,8.56453,28879.7,-47.1,10.8,270.1,-41.3,0.9,-1.0,RS41-SG,404.900,8.7,250,9,2.5,08:29:02,
2026-08-06T01:12:36.006Z,X1432662,9485,45.60773,8.56440,28833.3,-47.5,10.6,275.4,-41.4,0.9,-1.0,RS41-SG,404.900,8.7,250,9,2.5,08:29:02,
2026-08-06T01:12:37.006Z,X1432662,9486,45.60774,8.56426,28786.1,-47.2,11.2,281.4,-41.4,1.0,-1.0,RS41-SG,404.900,8.7,250,9,2.6,08:28:11,
2026-08-06T01:12:38.006Z,X1432662,9487,45.60776,8.56412,28739.8,-46.1,11.7,282.3,-41.5,0.9,-1.0,RS41-SG,404.900,8.7,250,9,2.6,08:28:11,
2026-08-06T01:12:39.006Z,X1432662,9488,45.60779,8.56398,28693.0,-47.2,12.5,284.5,-41.5,0.9,-1.0,RS41-SG,404.900,8.7,250,9,2.5,08:28:11,
2026-08-06T01:12:40.006Z,X1432662,9489,45.60782,8.56382,28646.4,-46.4,12.8,284.2,-41.3,0.9,-1.0,RS41-SG,404.900,8.2,250,8,2.5,08:28:11,
2026-08-06T01:12:41.006Z,X1432662,9490,45.60785,8.56366,28599.7,-46.0,13.3,286.6,-41.3,0.9,-1.0,RS41-SG,404.900,8.4,250,8,2.5,08:28:11,
2026-08-06T01:12:42.006Z,X1432662,9491,45.60788,8.56350,28554.7,-45.1,12.9,286.0,-41.7,0.9,-1.0,RS41-SG,404.900,8.6,250,9,2.6,08:28:11,
2026-08-06T01:12:43.006Z,X1432662,9492,45.60790,8.56334,28510.3,-44.2,13.4,274.9,-42.0,0.9,-1.0,RS41-SG,404.900,8.6,250,9,2.6,08:28:11,
2026-08-06T01:12:44.006Z,X1432662,9493,45.60791,8.56317,28467.1,-42.2,13.2,271.7,-42.5,1.0,-1.0,RS41-SG,404.900,7.8,250,8,2.6,08:28:11,
2026-08-06T01:12:45.006Z,X1432662,9494,45.60790,8.56301,28425.3,-42.4,11.9,264.7,-43.0,1.1,-1.0,RS41-SG,404.900,8.3,250,8,2.5,08:28:11,
2026-08-06T01:12:46.006Z,X1432662,9495,45.60789,8.56287,28382.9,-43.0,11.5,260.6,-43.3,1.1,-1.0,RS41-SG,404.900,8.3,250,9,2.5,08:28:11,
2026-08-06T01:12:47.006Z,X1432662,9496,45.60787,8.56272,28339.5,-42.9,11.4,255.0,-43.4,1.1,-1.0,RS41-SG,404.900,8.0,250,9,2.5,08:28:11,
2026-08-06T01:12:48.006Z,X1432662,9497,45.60784,8.56258,28295.7,-43.3,11.2,255.4,-43.6,1.1,-1.0,RS41-SG,404.900,8.0,250,9,2.6,08:28:11,
2026-08-06T01:12:49.006Z,X1432662,9498,45.60782,8.56243,28252.6,-41.9,11.9,253.4,-43.8,1.1,-1.0,RS41-SG,404.900,7.7,250,9,2.6,08:28:11,
2026-08-06T01:12:50.006Z,X1432662,9499,45.60779,8.56228,28210.6,-40.7,11.8,257.2,-44.2,1.1,-1.0,RS41-SG,404.900,8.0,250,8,2.5,08:28:11,
2026-08-06T01:12:51.006Z,X1432662,9500,45.60777,8.56213,28171.3,-38.2,11.6,260.8,-44.6,1.2,-1.0,RS41-SG,404.900,8.1,250,9,2.5,08:28:11,
2026-08-06T01:12:52.006Z,X1432662,9501,45.60776,8.56198,28134.0,-36.6,12.0,260.1,-44.9,1.2,-1.0,RS41-SG,404.900,8.1,250,9,2.5,08:28:11,
2026-08-06T01:12:53.006Z,X1432662,9502,45.60774,8.56182,28097.8,-36.1,13.1,261.0,-45.1,1.2,-1.0,RS41-SG,404.900,7.8,250,9,2.6,08:28:11,
2026-08-06T01:12:54.006Z,X1432662,9503,45.60772,8.56165,28062.0,-35.7,13.3,264.4,-45.1,1.2,-1.0,RS41-SG,404.900,7.6,250,7,2.6,08:28:11,
2026-08-06T01:12:55.006Z,X1432662,9504,45.60771,8.56148,28027.1,-34.7,13.6,260.0,-45.2,1.2,-1.0,RS41-SG,404.900,7.5,250,8,2.6,08:28:11,
2026-08-06T01:12:56.006Z,X1432662,9505,45.60769,8.56130,27993.1,-33.6,14.2,260.9,-45.3,1.2,-1.0,RS41-SG,404.900,7.5,250,8,2.5,08:28:11,
2026-08-06T01:12:57.006Z,X1432662,9506,45.60767,8.56113,27959.8,-33.9,13.8,259.6,-45.4,1.2,-1.0,RS41-SG,404.900,7.4,250,8,2.5,08:28:11,
2026-08-06T01:12:58.006Z,X1432662,9507,45.60764,8.56095,27926.0,-33.3,13.9,257.0,-45.4,1.2,-1.0,RS41-SG,404.900,7.3,250,9,2.5,08:28:11,
2026-08-06T01:12:59.006Z,X1432662,9508,45.60761,8.56078,27893.0,-33.4,13.9,258.5,-45.4,1.2,-1.0,RS41-SG,404.900,7.5,250,8,2.6,08:28:11,
2026-08-06T01:13:00.006Z,X1432662,9509,45.60759,8.56061,27859.5,-34.0,13.2,256.7,-45.4,1.2,-1.0,RS41-SG,404.900,7.6,250,9,2.6,08:28:11,
2026-08-06T01:13:01.006Z,X1432662,9510,45.60756,8.56045,27826.6,-34.0,13.0,254.4,-45.3,1.1,-1.0,RS41-SG,404.900,7.7,250,8,2.5,08:28:11,
2026-08-06T01:13:02.006Z,X1432662,9511,45.60752,8.56029,27793.1,-33.4,12.9,251.2,-45.4,1.2,-1.0,RS41-SG,404.900,7.9,250,8,2.5,08:28:11,
2026-08-06T01:13:03.006Z,X1432662,9512,45.60749,8.56013,27759.8,-34.1,13.2,249.5,-45.4,1.1,-1.0,RS41-SG,404.900,7.9,250,9,2.5,08:28:11,
2026-08-06T01:13:04.006Z,X1432662,9513,45.60745,8.55997,27725.4,-35.3,12.8,249.6,-45.6,1.2,-1.0,RS41-SG,404.900,7.6,250,8,2.6,08:28:11,
2026-08-06T01:13:05.006Z,X1432662,9514,45.60741,8.55982,27689.6,-36.7,12.4,251.0,-45.8,1.2,-1.0,RS41-SG,404.900,7.6,250,8,2.6,08:28:11,
2026-08-06T01:13:06.006Z,X1432662,9515,45.60737,8.55966,27652.1,-38.7,12.8,251.7,-46.0,1.2,-1.0,RS41-SG,404.900,8.0,250,9,2.6,08:28:11,
2026-08-06T01:13:07.006Z,X1432662,9516,45.60733,8.55950,27613.5,-38.4,13.4,249.4,-46.1,1.2,-1.0,RS41-SG,404.900,8.0,250,8,2.5,08:28:11,
2026-08-06T01:13:08.006Z,X1432662,9517,45.60729,8.55934,27575.8,-37.4,13.1,250.1,-46.2,1.2,-1.0,RS41-SG,404.900,7.9,250,8,2.5,08:28:11,
2026-08-06T01:13:09.006Z,X1432662,9518,45.60725,8.55918,27538.4,-37.5,13.2,248.9,-46.2,1.2,-1.0,RS41-SG,404.900,7.8,250,9,2.5,08:28:11,
2026-08-06T01:13:10.006Z,X1432662,9519,45.60720,8.55903,27502.3,-35.1,12.9,246.6,-46.2,1.2,-1.0,RS41-SG,404.900,8.0,250,9,2.5,08:28:11,
2026-08-06T01:13:11.006Z,X1432662,9520,45.60715,8.55887,27466.9,-36.2,13.1,243.9,-46.1,1.2,-1.0,RS41-SG,404.900,8.0,250,9,2.6,08:28:11,
2026-08-06T01:13:12.006Z,X1432662,9521,45.60710,8.55873,27431.1,-36.2,12.6,243.3,-46.2,1.2,-1.0,RS41-SG,404.900,7.3,250,8,2.6,08:28:11,
2026-08-06T01:13:13.006Z,X1432662,9522,45.60705,8.55859,27395.4,-35.5,11.3,246.0,-46.1,1.1,-1.0,RS41-SG,404.900,7.4,250,8,2.6,08:28:11,
2026-08-06T01:13:14.006Z,X1432662,9523,45.60701,8.55847,27360.8,-34.5,10.4,244.4,-46.1,1.1,-1.0,RS41-SG,404.900,7.7,250,9,2.5,08:28:11,
2026-08-06T01:13:15.006Z,X1432662,9524,45.60697,8.55835,27326.8,-34.2,10.3,247.4,-46.1,1.2,-1.0,RS41-SG,404.900,7.7,250,8,2.5,08:28:11,
2026-08-06T01:13:16.006Z,X1432662,9525,45.60694,8.55823,27293.1,-34.1,9.9,252.0,-46.2,1.2,-1.0,RS41-SG,404.900,7.6,250,9,2.5,08:28:11,
2026-08-06T01:13:17.006Z,X1432662,9526,45.60691,8.55811,27260.0,-33.3,9.6,251.0,-46.2,1.2,-1.0,RS41-SG,404.900,7.9,250,9,2.6,08:28:11,
2026-08-06T01:13:18.006Z,X1432662,9527,45.60688,8.55799,27227.0,-33.7,10.2,252.6,-46.2,1.2,-1.0,RS41-SG,404.900,7.9,250,9,2.6,08:28:11,
2026-08-06T01:13:19.006Z,X1432662,9528,45.60686,8.55786,27193.4,-34.0,10.4,253.5,-46.2,1.2,-1.0,RS41-SG,404.900,7.5,250,8,2.5,08:28:11,
2026-08-06T01:13:20.006Z,X1432662,9529,45.60683,8.55774,27159.6,-34.7,10.5,251.7,-46.3,1.2,-1.0,RS41-SG,404.900,7.5,250,7,2.5,08:28:11,
2026-08-06T01:13:21.006Z,X1432662,9530,45.60679,8.55761,27125.3,-35.7,10.6,249.3,-46.2,1.2,-1.0,RS41-SG,404.900,7.3,250,8,2.5,08:28:11,
2026-08-06T01:13:22.006Z,X1432662,9531,45.60676,8.55749,27090.2,-35.7,10.9,245.5,-46.2,1.1,-1.0,RS41-SG,404.900,7.7,250,9,2.6,08:28:11,
2026-08-06T01:13:23.006Z,X1432662,9532,45.60671,8.55736,27054.6,-35.3,11.5,240.3,-46.2,1.1,-1.0,RS41-SG,404.900,7.7,250,9,2.6,08:28:11,
2026-08-06T01:13:24.006Z,X1432662,9533,45.60665,8.55724,27019.4,-35.6,12.2,236.9,-46.2,1.1,-1.0,RS41-SG,404.900,7.3,250,8,2.6,08:28:11,
2026-08-06T01:13:25.006Z,X1432662,9534,45.60659,8.55710,26984.4,-35.7,12.4,235.1,-46.2,1.1,-1.0,RS41-SG,404.900,7.1,250,7,2.5,08:28:11,
2026-08-06T01:13:30.006Z,X1432662,9539,45.60631,8.55664,26801.8,-36.2,7.8,215.2,-46.5,1.1,-1.0,RS41-SG,404.900,7.3,250,9,2.5,08:28:11,
2026-08-06T01:13:31.006Z,X1432662,9540,45.60625,8.55658,26765.6,-35.0,7.1,219.0,-46.6,1.2,-1.0,RS41-SG,404.900,7.4,250,9,2.5,08:28:11,
2026-08-06T01:13:32.006Z,X1432662,9541,45.60621,8.55653,26730.8,-33.9,5.2,219.4,-46.6,1.2,-1.0,RS41-SG,404.900,7.4,250,8,2.5,08:28:11,
2026-08-06T01:13:33.006Z,X1432662,9542,45.60618,8.55649,26697.7,-32.2,5.2,226.2,-46.6,1.1,-1.0,RS41-SG,404.900,7.2,250,9,2.6,08:28:11,
2026-08-06T01:13:34.006Z,X1432662,9543,45.60615,8.55644,26665.1,-32.0,4.9,240.9,-46.6,1.1,-1.0,RS41-SG,404.900,7.6,250,8,2.6,08:28:11,
2026-08-06T01:13:35.006Z,X1432662,9544,45.60614,8.55638,26633.7,-31.4,4.7,248.9,-46.8,1.1,-1.0,RS41-SG,404.900,7.6,250,9,2.6,08:28:11,
2026-08-06T01:13:36.006Z,X1432662,9545,45.60612,8.55631,26602.6,-30.3,6.3,262.9,-47.0,1.2,-1.0,RS41-SG,404.900,7.2,250,9,2.5,08:28:11,
2026-08-06T01:13:39.006Z,X1432662,9548,45.60612,8.55605,26516.8,-27.6,7.7,278.6,-47.5,1.2,-1.0,RS41-SG,404.900,6.7,250,8,2.6,08:28:11,
2026-08-06T01:13:40.006Z,X1432662,9549,45.60613,8.55596,26489.7,-26.9,7.4,276.8,-47.6,1.2,-1.0,RS41-SG,404.900,6.7,250,9,2.6,08:28:11,
2026-08-06T01:13:41.006Z,X1432662,9550,45.60614,8.55586,26463.1,-26.4,7.6,278.3,-47.6,1.2,-1.0,RS41-SG,404.900,7.1,250,9,2.5,08:28:11,
2026-08-06T01:13:43.006Z,X1432662,9552,45.60617,8.55569,26411.4,-26.0,6.1,292.4,-47.6,1.2,-1.0,RS41-SG,404.900,6.7,250,8,2.5,08:28:11,
