timestamp,serial,frame,lat,lon,alt,vel_v,vel_h,heading,temp,humidity,pressure,type,freq_mhz,snr,f_error_hz,sats,batt_v,burst_timer,aux_data
2026-08-27T12:49:44.002Z,W4150473,9944,47.18276,7.77663,34861.3,6.0,4.1,101.6,-273.0,-1.0,-1.0,RS41,403.500,6.3,625,9,2.7,,
2026-08-27T12:49:50.002Z,W4150473,9950,47.18280,7.77679,34895.8,6.0,5.3,77.4,-273.0,-1.0,-1.0,RS41,403.500,6.8,625,9,2.7,,
2026-08-27T12:49:53.002Z,W4150473,9953,47.18281,7.77707,34910.1,5.2,7.8,90.8,-273.0,-1.0,-1.0,RS41,403.500,6.5,625,9,2.6,,
2026-08-27T12:49:54.002Z,W4150473,9954,47.18281,7.77716,34915.7,6.0,6.4,93.0,-273.0,-1.0,-1.0,RS41,403.500,7.9,625,9,2.7,,
2026-08-27T12:49:55.002Z,W4150473,9955,47.18280,7.77723,34921.9,6.2,4.4,96.4,-273.0,-1.0,-1.0,RS41,403.500,7.9,625,9,2.7,,
2026-08-27T12:49:58.002Z,W4150473,9958,47.18278,7.77731,34937.1,4.7,1.6,154.4,-273.0,-1.0,-1.0,RS41,403.500,7.1,625,9,2.6,,
2026-08-27T12:50:02.002Z,W4150473,9962,47.18270,7.77749,34959.1,4.1,7.2,109.2,-273.0,-1.0,-1.0,RS41,403.500,7.2,625,9,2.6,,
2026-08-27T12:50:03.002Z,W4150473,9963,47.18268,7.77759,34963.5,4.7,7.9,105.7,-273.0,-1.0,-1.0,RS41,403.500,7.9,625,9,2.6,,
2026-08-27T12:50:04.002Z,W4150473,9964,47.18267,7.77768,34968.8,5.9,7.3,103.6,-273.0,-1.0,-1.0,RS41,403.500,7.9,625,9,2.7,,
2026-08-27T12:50:05.002Z,W4150473,9965,47.18265,7.77777,34975.0,6.4,5.7,102.1,-273.0,-1.0,-1.0,RS41,403.500,7.1,625,9,2.7,,
2026-08-27T12:50:06.002Z,W4150473,9966,47.18265,7.77783,34980.9,5.5,3.8,100.7,-273.0,-1.0,-1.0,RS41,403.500,7.1,625,9,2.6,,
2026-08-27T12:50:07.002Z,W4150473,9967,47.18264,7.77787,34985.9,4.4,2.3,98.9,-273.0,-1.0,-1.0,RS41,403.500,7.0,625,9,2.6,,
2026-08-27T12:50:11.002Z,W4150473,9971,47.18262,7.77796,35007.3,5.3,3.2,108.9,-273.0,-1.0,-1.0,RS41,403.500,7.0,625,9,2.6,,
2026-08-27T12:50:12.002Z,W4150473,9972,47.18261,7.77801,35012.4,5.0,4.0,106.5,-273.0,-1.0,-1.0,RS41,403.500,7.3,625,9,2.6,,
2026-08-27T12:50:14.002Z,W4150473,9974,47.18259,7.77811,35022.7,5.5,3.7,102.7,-273.0,-1.0,-1.0,RS41,403.500,6.7,625,9,2.7,,
2026-08-27T12:50:15.002Z,W4150473,9975,47.18259,7.77815,35028.4,5.9,2.6,101.0,-273.0,-1.0,-1.0,RS41,403.500,7.7,625,9,2.7,,
2026-08-27T12:50:16.002Z,W4150473,9976,47.18258,7.77817,35034.3,5.9,1.5,100.9,-273.0,-1.0,-1.0,RS41,403.500,7.7,625,9,2.6,,
2026-08-27T12:50:20.002Z,W4150473,9980,47.18257,7.77826,35055.2,5.5,4.0,111.1,-273.0,-1.0,-1.0,RS41,403.500,6.6,625,9,2.7,,
2026-08-27T12:50:21.002Z,W4150473,9981,47.18255,7.77832,35060.8,5.7,6.1,110.4,-273.0,-1.0,-1.0,RS41,403.500,7.1,625,9,2.7,,
2026-08-27T12:50:23.002Z,W4150473,9983,47.18251,7.77850,35071.2,5.2,8.0,107.9,-273.0,-1.0,-1.0,RS41,403.500,7.7,625,9,2.6,,
2026-08-27T12:50:24.002Z,W4150473,9984,47.18249,7.77859,35077.1,6.4,6.9,105.2,-273.0,-1.0,-1.0,RS41,403.500,7.7,625,9,2.6,,
2026-08-27T12:50:25.002Z,W4150473,9985,47.18248,7.77867,35083.7,6.9,4.6,100.3,-273.0,-1.0,-1.0,RS41,403.500,8.1,625,9,2.7,,
2026-08-27T12:50:26.002Z,W4150473,9986,47.18247,7.77871,35090.3,6.2,2.0,83.8,-273.0,-1.0,-1.0,RS41,403.500,8.2,625,9,2.7,,
2026-08-27T12:50:27.002Z,W4150473,9987,47.18248,7.77872,35095.5,4.2,1.0,350.2,-273.0,-1.0,-1.0,RS41,403.500,8.2,625,9,2.6,,
2026-08-27T12:50:31.002Z,W4150473,9991,47.18253,7.77866,35115.0,6.4,1.3,43.5,-273.0,-1.0,-1.0,RS41,403.500,6.7,625,9,2.6,,
2026-08-27T12:50:34.002Z,W4150473,9994,47.18252,7.77881,35130.8,4.3,5.9,103.0,-273.0,-1.0,-1.0,RS41,403.500,6.9,625,9,2.7,,
2026-08-27T12:50:35.002Z,W4150473,9995,47.18251,7.77888,35135.7,5.4,5.9,106.2,-273.0,-1.0,-1.0,RS41,403.500,7.5,625,9,2.6,,
2026-08-27T12:50:36.002Z,W4150473,9996,47.18250,7.77895,35141.7,6.7,4.5,109.1,-273.0,-1.0,-1.0,RS41,403.500,7.8,625,9,2.6,,
2026-08-27T12:50:37.002Z,W4150473,9997,47.18249,7.77899,35148.3,6.5,2.4,115.7,-273.0,-1.0,-1.0,RS41,403.500,7.8,625,9,2.6,,
2026-08-27T12:50:38.002Z,W4150473,9998,47.18248,7.77900,35154.0,4.9,0.6,135.1,-273.0,-1.0,-1.0,RS41,403.500,7.8,625,9,2.7,,
2026-08-27T12:50:43.002Z,W4150473,10003,47.18253,7.77902,35180.5,5.8,4.2,56.0,-273.0,-1.0,-1.0,RS41,403.500,8.0,625,9,2.6,,
2026-08-27T12:50:44.002Z,W4150473,10004,47.18255,7.77908,35185.8,4.8,5.4,61.4,-273.0,-1.0,-1.0,RS41,403.500,8.0,625,9,2.7,,
2026-08-27T12:50:45.002Z,W4150473,10005,47.18258,7.77914,35190.5,4.5,6.1,61.8,-273.0,-1.0,-1.0,RS41,403.500,7.3,625,9,2.7,,
2026-08-27T12:50:46.002Z,W4150473,10006,47.18261,7.77921,35195.3,5.2,6.0,53.9,-273.0,-1.0,-1.0,RS41,403.500,7.4,625,9,2.7,,
2026-08-27T12:50:47.002Z,W4150473,10007,47.18264,7.77927,35201.0,6.1,5.3,40.6,-273.0,-1.0,-1.0,RS41,403.500,7.9,625,9,2.6,,
2026-08-27T12:50:48.002Z,W4150473,10008,47.18268,7.77930,35207.4,6.6,4.5,17.8,-273.0,-1.0,-1.0,RS41,403.500,7.9,625,9,2.6,,
2026-08-27T12:50:49.002Z,W4150473,10009,47.18272,7.77930,35213.5,5.6,4.2,352.4,-273.0,-1.0,-1.0,RS41,403.500,8.6,625,9,2.6,,
2026-08-27T12:50:50.002Z,W4150473,10010,47.18275,7.77929,35218.6,4.6,4.2,332.4,-273.0,-1.0,-1.0,RS41,403.500,8.6,625,9,2.7,,
2026-08-27T12:50:51.002Z,W4150473,10011,47.18278,7.77926,35223.4,5.0,3.8,320.2,-273.0,-1.0,-1.0,RS41,403.500,7.4,625,9,2.7,,
2026-08-27T12:50:54.002Z,W4150473,10014,47.18282,7.77925,35241.7,5.5,2.8,74.2,-273.0,-1.0,-1.0,RS41,403.500,6.9,625,9,2.6,,
2026-08-27T12:50:55.002Z,W4150473,10015,47.18283,7.77929,35246.9,4.9,4.5,75.8,-273.0,-1.0,-1.0,RS41,403.500,7.8,625,9,2.6,,
2026-08-27T12:50:56.002Z,W4150473,10016,47.18285,7.77936,35252.2,5.7,5.8,67.7,-273.0,-1.0,-1.0,RS41,403.500,8.0,625,9,2.7,,
2026-08-27T12:50:57.002Z,W4150473,10017,47.18287,7.77943,35258.4,6.6,6.5,53.9,-273.0,-1.0,-1.0,RS41,403.500,8.6,625,9,2.7,,
2026-08-27T12:50:58.002Z,W4150473,10018,47.18292,7.77949,35264.9,6.6,7.1,37.4,-273.0,-1.0,-1.0,RS41,403.500,9.6,625,9,2.6,,
2026-08-27T12:50:59.002Z,W4150473,10019,47.18297,7.77954,35270.8,5.1,7.5,24.0,-273.0,-1.0,-1.0,RS41,403.500,9.6,625,9,2.6,,
2026-08-27T12:51:00.002Z,W4150473,10020,47.18304,7.77957,35275.7,4.8,8.0,14.4,-273.0,-1.0,-1.0,RS41,403.500,8.7,625,9,2.7,,
2026-08-27T12:51:01.002Z,W4150473,10021,47.18311,7.77959,35280.6,5.1,8.0,10.3,-273.0,-1.0,-1.0,RS41,403.500,8.1,625,9,2.7,,
2026-08-27T12:51:02.002Z,W4150473,10022,47.18318,7.77961,35286.2,6.1,7.4,11.8,-273.0,-1.0,-1.0,RS41,403.500,8.2,625,9,2.6,,
2026-08-27T12:51:03.002Z,W4150473,10023,47.18324,7.77964,35292.6,6.8,6.4,20.3,-273.0,-1.0,-1.0,RS41,403.500,8.6,625,9,2.6,,
2026-08-27T12:51:04.002Z,W4150473,10024,47.18328,7.77967,35298.9,5.7,5.6,32.5,-273.0,-1.0,-1.0,RS41,403.500,8.6,625,9,2.7,,
2026-08-27T12:51:05.002Z,W4150473,10025,47.18332,7.77971,35304.3,5.0,4.8,46.3,-273.0,-1.0,-1.0,RS41,403.500,8.3,625,9,2.7,,
2026-08-27T12:51:06.002Z,W4150473,10026,47.18334,7.77976,35309.4,5.2,4.0,56.0,-273.0,-1.0,-1.0,RS41,403.500,9.3,625,9,2.6,,
2026-08-27T12:51:07.002Z,W4150473,10027,47.18336,7.77979,35314.8,5.6,3.0,57.4,-273.0,-1.0,-1.0,RS41,403.500,9.3,625,9,2.6,,
2026-08-27T12:51:08.002Z,W4150473,10028,47.18338,7.77982,35320.8,6.3,2.1,33.3,-273.0,-1.0,-1.0,RS41,403.500,9.1,625,9,2.6,,
2026-08-27T12:51:09.002Z,W4150473,10029,47.18340,7.77983,35327.2,6.4,2.4,359.8,-273.0,-1.0,-1.0,RS41,403.500,7.6,625,9,2.7,,
2026-08-27T12:51:10.002Z,W4150473,10030,47.18342,7.77982,35333.1,5.4,3.4,350.6,-273.0,-1.0,-1.0,RS41,403.500,7.6,625,9,2.7,,
2026-08-27T12:51:11.002Z,W4150473,10031,47.18346,7.77982,35338.6,5.5,4.5,358.1,-273.0,-1.0,-1.0,RS41-SG,403.500,7.7,625,9,2.7,,
2026-08-27T12:51:12.002Z,W4150473,10032,47.18350,7.77982,35344.2,5.7,5.5,11.1,-273.0,-1.0,-1.0,RS41-SG,403.500,8.2,625,9,2.6,,
2026-08-27T12:51:13.002Z,W4150473,10033,47.18355,7.77985,35350.1,6.1,6.4,27.2,-273.0,-1.0,-1.0,RS41-SG,403.500,8.2,625,9,2.6,,
2026-08-27T12:51:14.002Z,W4150473,10034,47.18360,7.77990,35356.0,5.9,7.6,41.9,-273.0,-1.0,-1.0,RS41-SG,403.500,9.3,625,9,2.6,,
2026-08-27T12:51:15.002Z,W4150473,10035,47.18365,7.77998,35361.8,5.7,8.3,53.1,-273.0,-1.0,-1.0,RS41-SG,403.500,9.3,625,9,2.7,,
2026-08-27T12:51:16.002Z,W4150473,10036,47.18369,7.78007,35367.5,5.7,8.1,61.6,-273.0,-1.0,-1.0,RS41-SG,403.500,9.3,625,9,2.7,,
2026-08-27T12:51:17.002Z,W4150473,10037,47.18372,7.78016,35373.4,5.9,6.7,68.0,-273.0,-1.0,-1.0,RS41-SG,403.500,9.3,625,9,2.7,,
2026-08-27T12:51:18.002Z,W4150473,10038,47.18373,7.78022,35379.5,6.3,4.0,75.3,-273.0,-1.0,-1.0,RS41-SG,403.500,9.3,625,9,2.6,,
2026-08-27T12:51:19.002Z,W4150473,10039,47.18374,7.78025,35385.7,6.0,0.8,104.5,-273.0,-1.0,-1.0,RS41-SG,403.500,9.0,625,9,2.6,,
2026-08-27T12:51:20.002Z,W4150473,10040,47.18373,7.78024,35391.4,5.4,2.6,251.3,-273.0,-1.0,-1.0,RS41-SG,403.500,9.0,625,9,2.6,,
2026-08-27T12:51:26.002Z,W4150473,10046,47.18378,7.78002,35427.1,5.4,5.3,48.9,-273.0,-1.0,-1.0,RS41-SG,403.500,7.7,625,9,2.6,,
2026-08-27T12:51:28.002Z,W4150473,10048,47.18385,7.78018,35436.2,4.7,8.8,65.9,-273.0,-1.0,-1.0,RS41-SG,403.500,7.7,625,9,2.7,,
2026-08-27T12:51:29.002Z,W4150473,10049,47.18388,7.78029,35441.9,6.6,8.0,68.9,-273.0,-1.0,-1.0,RS41-SG,403.500,8.1,625,9,2.6,,
2026-08-27T12:51:30.002Z,W4150473,10050,47.18390,7.78037,35449.2,8.0,5.4,67.6,-273.0,-1.0,-1.0,RS41-SG,403.500,8.6,625,9,2.6,,
2026-08-27T12:51:31.002Z,W4150473,10051,47.18391,7.78041,35457.0,7.6,2.0,52.6,-273.0,-1.0,-1.0,RS41-SG,403.500,8.7,625,9,2.7,,
2026-08-27T12:51:32.002Z,W4150473,10052,47.18392,7.78041,35463.4,5.2,1.6,293.9,-273.0,-1.0,-1.0,RS41-SG,403.500,8.7,625,9,2.7,,
2026-08-27T12:51:35.002Z,W4150473,10055,47.18393,7.78023,35477.2,6.6,6.2,276.6,-273.0,-1.0,-1.0,RS41-SG,403.500,7.3,625,9,2.7,,
2026-08-27T12:51:36.002Z,W4150473,10056,47.18394,7.78016,35484.5,7.9,4.8,290.0,-273.0,-1.0,-1.0,RS41-SG,403.500,7.3,625,9,2.7,,
2026-08-27T12:51:37.002Z,W4150473,10057,47.18396,7.78011,35491.7,6.5,3.7,317.7,-273.0,-1.0,-1.0,RS41-SG,403.500,7.2,625,9,2.6,,
2026-08-27T12:51:38.002Z,W4150473,10058,47.18399,7.78009,35497.6,5.4,3.9,354.4,-273.0,-1.0,-1.0,RS41-SG,403.500,7.4,625,9,2.6,,
2026-08-27T12:51:39.002Z,W4150473,10059,47.18404,7.78010,35502.7,5.0,5.5,14.1,-273.0,-1.0,-1.0,RS41-SG,403.500,7.4,625,9,2.7,,
2026-08-27T12:51:40.002Z,W4150473,10060,47.18409,7.78012,35508.1,5.8,6.8,18.1,-273.0,-1.0,-1.0,RS41-SG,403.500,7.8,625,9,2.7,,
2026-08-27T12:51:41.002Z,W4150473,10061,47.18415,7.78015,35514.4,6.7,7.5,15.9,-273.0,-1.0,-1.0,RS41-SG,403.500,7.8,625,9,2.6,,
2026-08-27T12:51:42.002Z,W4150473,10062,47.18421,7.78017,35521.2,7.0,7.4,10.2,-273.0,-1.0,-1.0,RS41-SG,403.500,7.6,625,9,2.6,,
2026-08-27T12:51:43.002Z,W4150473,10063,47.18428,7.78018,35527.7,6.0,7.0,3.7,-273.0,-1.0,-1.0,RS41-SG,403.500,7.6,625,9,2.6,,
2026-08-27T12:51:44.002Z,W4150473,10064,47.18434,7.78019,35533.5,5.5,6.1,357.2,-273.0,-1.0,-1.0,RS41-SG,403.500,7.6,625,9,2.7,,
2026-08-27T12:51:50.002Z,W4150473,10070,47.18455,7.78012,35515.1,-28.8,4.1,356.7,-273.0,-1.0,-1.0,RS41-SG,403.500,8.3,625,9,2.7,,
2026-08-27T12:51:51.002Z,W4150473,10071,47.18459,7.78011,35481.5,-37.7,4.0,355.3,-273.0,-1.0,-1.0,RS41-SG,403.500,8.3,625,9,2.7,,
2026-08-27T12:51:53.002Z,W4150473,10073,47.18467,7.78011,35392.5,-48.4,4.8,358.6,-273.0,-1.0,-1.0,RS41-SG,403.500,7.7,625,9,2.6,,
2026-08-27T12:51:54.002Z,W4150473,10074,47.18474,7.78014,35353.5,-29.9,11.3,23.5,-273.0,-1.0,-1.0,RS41-SG,403.500,8.7,625,8,2.6,,
2026-08-27T12:51:55.002Z,W4150473,10075,47.18483,7.78020,35323.9,-30.1,11.9,25.0,-273.0,-1.0,-1.0,RS41-SG,403.500,8.7,625,9,2.6,,
2026-08-27T12:51:56.002Z,W4150473,10076,47.18493,7.78027,35293.8,-30.0,10.8,26.5,-273.0,-1.0,-1.0,RS41-SG,403.500,8.8,625,9,2.7,,
2026-08-27T12:51:57.002Z,W4150473,10077,47.18501,7.78033,35261.5,-35.5,10.1,26.1,-273.0,-1.0,-1.0,RS41-SG,403.500,8.8,625,9,2.7,,
2026-08-27T12:51:58.002Z,W4150473,10078,47.18507,7.78037,35227.5,-32.0,4.1,15.1,-273.0,-1.0,-1.0,RS41-SG,403.500,8.0,625,9,2.7,,
2026-08-27T12:51:59.002Z,W4150473,10079,47.18510,7.78038,35193.2,-36.8,2.3,10.7,-273.0,-1.0,-1.0,RS41-SG,403.500,8.2,625,9,2.6,,
2026-08-27T12:52:01.002Z,W4150473,10081,47.18510,7.78036,35118.4,-32.8,4.5,209.8,-273.0,-1.0,-1.0,RS41-SG,403.500,8.2,625,9,2.6,,
2026-08-27T12:52:02.002Z,W4150473,10082,47.18506,7.78032,35085.1,-32.6,5.4,216.2,-273.0,-1.0,-1.0,RS41-SG,403.500,8.2,625,9,2.6,,
